Executed '[C740] Help: Access and sections' on 02-07-2019
---------------------------------------------------------------------------------
07-02 17:04:04.957 22289 22315 W System.err: remove failed: ENOENT (No such file or directory) : /data/user/0/com.wallapop/files/AppEventsLogger.persistedevents

07-02 17:04:05.567 22289 22676 W ResourcesManager: getTopLevelResources: /data/app/com.google.android.gms-1/base.apk / 1.0 running in com.wallapop rsrc of package null

07-02 17:04:05.767 22289 22676 W ResourcesManager: getTopLevelResources: /data/app/com.google.android.gms-1/base.apk / 1.0 running in com.wallapop rsrc of package null

07-02 17:04:06.537   874  1661 I ActivityManager: Force stopping com.wallapop appid=10267 user=0: from pid 22666

07-02 17:04:06.537   874  1661 I ActivityManager: Killing 22289:com.wallapop/u0a267 (adj 0): stop com.wallapop cause from pid 22666

07-02 17:04:06.547   874  1661 D ActivityManager: isAutoRunBlockedApp:: com.wallapop, Auto Run ON

07-02 17:04:06.547   874  1661 I ActivityManager: isWidgetUsingPkg : com.wallapop no widget is using.

07-02 17:04:06.547   874  1661 W ActivityManager: Force removing ActivityRecord{c6f0c98 u0 com.wallapop/com.rewallapop.ui.wall.WallActivity t859}: app died, no saved state

07-02 17:04:06.547   874   874 D MARsPolicyManager: NotificationListenerService OngoingNotificationRemoved : com.wallapop

07-02 17:04:06.607   874   874 V AlarmManager: Remove alarm for next reason : android.intent.action.PACKAGE_RESTARTED : package: com.wallapop

07-02 17:04:06.617   874  2020 I AppOps  : sendInfoToFLP, code=41 , uid=10267 , packageName=com.wallapop , type=finishOp

07-02 17:04:06.627 10821 10821 I ClearDataReceiver: [#DCM#] Intent Data: package:com.wallapop

07-02 17:05:23.617 22193 22868 I appium  : AppiumResponse: {"sessionId":"None","status":0,"value":[{"id":"fa49a14a-0e4e-4c70-9afe-1bf56f71afeb","capabilities":{"androidInstallTimeout":150000,"appActivity":"com.rewallapop.ui.main.MainActivity","webStorageEnabled":false,"appPackage":"com.wallapop","skipDeviceInitialization":true,"ignoreUnimportantViews":true,"systemPort":8223,"takesScreenshot":true,"databaseEnabled":false,"deviceUDID":"0ea85270","udid":"0ea85270","avd":"","deviceName":"0ea85270","javascriptEnabled":true,"fullReset":false,"platformName":"android","desired":{"platformName":"android","normalizeTagNames":true,"androidInstallTimeout":150000,"app":"","appActivity":"com.rewallapop.ui.main.MainActivity","appPackage":"com.wallapop","isHeadless":false,"skipDeviceInitialization":true,"automationName":"UiAutomator2","avd":"","deviceName":"0ea85270","deviceReadyTimeout":1,"fullReset":false,"ignoreUnimportantViews":true,"newCommandTimeout":60,"noReset":true,"systemPort":8223,"udid":"0ea85270"},"normalizeTagNames":true,"networkConnectionEnabled":true,"isHeadless":false,"warnings":{},"app":"","platform":"LINUX","newCommandTimeout":60,"noReset":true,"automationName":"UiAutomator2","deviceReadyTimeout":1,"locationContextEnabled":false}}]}

07-02 17:05:32.007   874  4874 I ActivityManager: Force stopping com.wallapop appid=10267 user=0: from pid 23037

07-02 17:05:32.007   874   874 V AlarmManager: Remove alarm for next reason : android.intent.action.PACKAGE_RESTARTED : package: com.wallapop

07-02 17:05:32.037 10821 10821 I ClearDataReceiver: [#DCM#] Intent Data: package:com.wallapop

07-02 17:05:32.277   874  1714 V WindowManager: addAppToken: AppWindowToken{1efdc3f token=Token{ace605e ActivityRecord{a47f599 u0 com.wallapop/com.rewallapop.ui.main.MainActivity t860}}} to stack=1 task=860 at 0

07-02 17:05:32.287   874  1132 D ISSUE_DEBUG: InputChannelName : ff8d6c2 Starting com.wallapop

07-02 17:05:32.307   874  2020 I ActivityManager: Start proc 23054:com.wallapop/u0a267 for activity com.wallapop/com.rewallapop.ui.main.MainActivity

07-02 17:05:32.317 23054 23054 W SELinux : SELinux: seapp_context_lookup: seinfo=default, level=s0:c512,c768, pkgname=com.wallapop

07-02 17:05:32.337   874  1132 V WindowStateAnimator: Finishing drawing window Window{ff8d6c2 u0 d0 Starting com.wallapop}: mDrawState=DRAW_PENDING

07-02 17:05:32.357   874  1422 D ActivityManager:  Launching com.wallapop, updated priority

07-02 17:05:32.387   874  1027 V MARsPolicyManager: updatePackagesScore PackageInfo name -- com.wallapop

07-02 17:05:32.387   874  1028 D StatusBarManagerService: manageDisableList userId=0 what=0x0 pkg=Window{ff8d6c2 u0 d0 Starting com.wallapop}

07-02 17:05:32.397 23054 23054 W ResourcesManager: getTopLevelResources: /data/app/com.wallapop-1/base.apk / 1.0 running in com.wallapop rsrc of package null

07-02 17:05:32.517 23054 23069 W ResourcesManager: getTopLevelResources: /data/app/com.wallapop-1/base.apk / 1.0 running in com.wallapop rsrc of package null

07-02 17:05:32.527 23054 23069 I FA      :   adb shell setprop debug.firebase.analytics.app com.wallapop

07-02 17:05:32.537 23054 23054 W ResourcesManager: getTopLevelResources: /data/app/com.wallapop-1/base.apk / 1.0 running in com.wallapop rsrc of package null

07-02 17:05:32.547   874  1661 V AlarmManager:  remove PendingIntent] PendingIntent{8547ac5: PendingIntentRecord{2be7c1a com.wallapop broadcastIntent}}

07-02 17:05:32.547 23054 23071 W ResourcesManager: getTopLevelResources: /data/app/com.google.android.gms-1/base.apk / 1.0 running in com.wallapop rsrc of package null

07-02 17:05:32.547 23054 23054 W ResourcesManager: getTopLevelResources: /data/app/com.wallapop-1/base.apk / 1.0 running in com.wallapop rsrc of package null

07-02 17:05:32.547 23054 23077 W ResourcesManager: getTopLevelResources: /data/app/com.google.android.gms-1/base.apk / 1.0 running in com.wallapop rsrc of package null

07-02 17:05:32.557 23054 23054 W ResourcesManager: getTopLevelResources: /data/app/com.wallapop-1/base.apk / 1.0 running in com.wallapop rsrc of package null

07-02 17:05:32.947 23054 23054 W System.err: mkdir failed: EEXIST (File exists) : /data/user/0/com.wallapop/cache/okhttp

07-02 17:05:33.957 23054 23106 I stetho  : Listening on @stetho_com.wallapop_devtools_remote

07-02 17:05:33.977 23054 23054 I art     : Rejecting re-init on previously-failed class java.lang.Class<com.wallapop.clickstream.JobIntentService$f>

07-02 17:05:33.977 23054 23054 I art     : Rejecting re-init on previously-failed class java.lang.Class<com.wallapop.clickstream.JobIntentService$f>

07-02 17:05:34.067 23054 23054 W ResourcesManager: getTopLevelResources: /data/app/com.google.android.gms-1/base.apk / 1.0 running in com.wallapop rsrc of package null

07-02 17:05:34.137 23054 23054 W ResourcesManager: getTopLevelResources: /data/app/com.google.android.gms-1/base.apk / 1.0 running in com.wallapop rsrc of package null

07-02 17:05:34.157 23054 23054 W ResourcesManager: getTopLevelResources: /data/data/com.google.android.gms/app_chimera/m/0000003f/dl-AdsFdrDynamite.integ_20300000008.apk / 1.0 running in com.wallapop rsrc of package null

07-02 17:05:34.167 23054 23054 W ResourcesManager: getTopLevelResources: /data/data/com.google.android.gms/app_chimera/m/0000003f/dl-AdsFdrDynamite.integ_20300000008.apk / 1.0 running in com.wallapop rsrc of package null

07-02 17:05:34.207 23054 23108 W System.err: remove failed: ENOENT (No such file or directory) : /data/user/0/com.wallapop/files/tfidf.db

07-02 17:05:34.227 23054 23108 W System.err: remove failed: ENOENT (No such file or directory) : /data/user/0/com.wallapop/databases/__hs__db_error_reports

07-02 17:05:34.227 23054 23108 W System.err: remove failed: ENOENT (No such file or directory) : /data/user/0/com.wallapop/databases/__hs__db_error_reports-journal

07-02 17:05:34.227 23054 23108 W System.err: remove failed: ENOENT (No such file or directory) : /data/user/0/com.wallapop/databases/__hs__db_error_reports-shm

07-02 17:05:34.227 23054 23108 W System.err: remove failed: ENOENT (No such file or directory) : /data/user/0/com.wallapop/databases/__hs__db_error_reports-wal

07-02 17:05:34.247 23054 23054 W ResourcesManager: getTopLevelResources: /data/app/com.google.android.gms-1/base.apk / 1.0 running in com.wallapop rsrc of package null

07-02 17:05:34.317 23054 23054 W ResourcesManager: getTopLevelResources: /data/app/com.google.android.webview-2/base.apk / 1.0 running in com.wallapop rsrc of package null

07-02 17:05:36.917 23054 23198 W ResourcesManager: getTopLevelResources: /data/app/com.google.android.gms-1/base.apk / 1.0 running in com.wallapop rsrc of package null

07-02 17:05:36.967 23054 23054 W ResourcesManager: getTopLevelResources: /data/app/com.wallapop-1/base.apk / 1.0 running in com.wallapop rsrc of package null

07-02 17:05:36.977 23054 23054 W ResourcesManager: getTopLevelResources: /data/app/com.wallapop-1/base.apk / 1.0 running in com.wallapop rsrc of package null

07-02 17:05:36.997   874  1721 V AlarmManager:  remove PendingIntent] PendingIntent{b97a156: PendingIntentRecord{13c15d7 com.wallapop broadcastIntent}}

07-02 17:05:37.207   874  1220 V AlarmManager:  remove PendingIntent] PendingIntent{f423873: PendingIntentRecord{8574330 com.wallapop broadcastIntent}}

07-02 17:05:37.327 23054 23054 W System.err: remove failed: ENOENT (No such file or directory) : /data/user/0/com.wallapop/cache/okhttp/journal.tmp

07-02 17:05:37.357 23054 23054 I Timeline: Timeline: Activity_launch_request id:com.wallapop time:45570430

07-02 17:05:37.367   874  1220 V WindowManager: addAppToken: AppWindowToken{c1a42eb token=Token{414c63a ActivityRecord{68b1965 u0 com.wallapop/com.rewallapop.ui.wall.WallActivity t860}}} to stack=1 task=860 at 1

07-02 17:05:37.367   874  1028 D StatusBarManagerService: manageDisableList userId=0 what=0x0 pkg=Window{ff8d6c2 u0 d0 Starting com.wallapop}

07-02 17:05:37.457   874  1027 D ApplicationPolicy: isStatusBarNotificationAllowedAsUser: packageName = com.wallapop,userId = 0

07-02 17:05:37.457   874   874 D MARsPolicyManager: NotificationListenerService OngoingNotificationPosted : com.wallapop

07-02 17:05:37.467  1391  1391 W ResourcesManager: getTopLevelResources: /data/app/com.wallapop-1/base.apk / 1.0 running in com.android.systemui rsrc of package null

07-02 17:05:37.467   874  1027 V MARsPolicyManager: updatePackagesScore PackageInfo name -- com.wallapop

07-02 17:05:37.487  1391  1391 W ResourcesManager: getTopLevelResources: /data/app/com.wallapop-1/base.apk / 1.0 running in com.android.systemui rsrc of package null

07-02 17:05:37.497  1391  1391 W ResourcesManager: getTopLevelResources: /data/app/com.wallapop-1/base.apk / 1.0 running in com.android.systemui rsrc of package null

07-02 17:05:37.507  1391  1391 W ResourcesManager: getTopLevelResources: /data/app/com.wallapop-1/base.apk / 1.0 running in com.android.systemui rsrc of package null

07-02 17:05:37.517 23054 23054 W ResourcesManager: getTopLevelResources: /data/app/com.wallapop-1/base.apk / 1.0 running in com.wallapop rsrc of package null

07-02 17:05:37.527 23054 23054 W ResourcesManager: getTopLevelResources: /data/app/com.wallapop-1/base.apk / 1.0 running in com.wallapop rsrc of package null

07-02 17:05:37.567 23054 23158 W System.err: mkdir failed: EEXIST (File exists) : /data/user/0/com.wallapop/cache/WebView/Crash Reports

07-02 17:05:37.587   874   894 V AlarmManager:  remove PendingIntent] PendingIntent{189a0f4: PendingIntentRecord{8574330 com.wallapop broadcastIntent}}

07-02 17:05:38.077 23054 23079 W System.err: remove failed: ENOENT (No such file or directory) : /data/user/0/com.wallapop/files/AppEventsLogger.persistedevents

07-02 17:05:38.147   874  1721 D ISSUE_DEBUG: InputChannelName : c5906c0 com.wallapop/com.rewallapop.ui.wall.WallActivity

07-02 17:05:38.247 16056 16226 I Finsky  : [4986] eth.b(2): com.wallapop: Account determined from installer data - [E7ZhE6RtwBr6ZrivWaTWep8klQM]

07-02 17:05:38.247 16056 16226 I Finsky  : [4986] eth.b(9): com.wallapop: Account from preferred account - [E7ZhE6RtwBr6ZrivWaTWep8klQM]

07-02 17:05:38.247 16056 16225 I Finsky  : [4985] eth.b(2): com.wallapop: Account determined from installer data - [E7ZhE6RtwBr6ZrivWaTWep8klQM]

07-02 17:05:38.247 16056 16225 I Finsky  : [4985] eth.b(9): com.wallapop: Account from preferred account - [E7ZhE6RtwBr6ZrivWaTWep8klQM]

07-02 17:05:38.367 23054 23308 W ResourcesManager: getTopLevelResources: /data/app/com.google.android.gms-1/base.apk / 1.0 running in com.wallapop rsrc of package null

07-02 17:05:38.467   874  1028 D StatusBarManagerService: manageDisableList userId=0 what=0x0 pkg=Window{c5906c0 u0 d0 com.wallapop/com.rewallapop.ui.wall.WallActivity}

07-02 17:05:38.647 16056 16067 I Finsky  : [4929] eth.b(2): com.wallapop: Account determined from installer data - [E7ZhE6RtwBr6ZrivWaTWep8klQM]

07-02 17:05:38.647 16056 16067 I Finsky  : [4929] eth.b(9): com.wallapop: Account from preferred account - [E7ZhE6RtwBr6ZrivWaTWep8klQM]

07-02 17:05:38.687 23054 23308 D Amazon DTB Ads API: with json params:[{"adsdk":"aps-android-7.4.3","gdpr":{"e":"1","c":"BAAAAAAOa0ob7AcABBENBtAAAAAh6AAA"},"oo":"false","mraid":["1.0","2.0","3.0"],"ua":"Dalvik\/2.1.0 (Linux; U; Android 6.0.1; SM-G900F Build\/MMB29M)","geoloc":"41.4058712,2.1864581,17.862","idfa":"1e214c05-ac1e-4c82-ae75-fb207f9c9c8a","appId":"d2ba46e2d5ef4c9883051d9c8d0125d5","ad-id":"A-6j1GeULkCtsqbiEmqTO1M","slots":[{"sz":"320x50","slot":"f414d83c-ab9f-4e02-9c59-5137663ee6c7","slotId":1,"supportedMediaTypes":["DISPLAY"]}],"dinfo":{"os":"Android","model":"SM-G900F","make":"samsung","osVersion":"6.0.1","connectionType":"13","country":"ES","scalingFactor":"3.0","carrier":"JAZZTEL","language":"es","screenSize":"1080x1920","orientation":"portrait"},"pkg":{"lbl":"_Wallapop_","pn":"com.wallapop","v":"1770000","vn":"1.77.0-d1907021319"},"isDTBMobile":"true"}]

07-02 17:05:38.697 16056  9767 I Finsky  : [5096] eth.b(2): com.wallapop: Account determined from installer data - [E7ZhE6RtwBr6ZrivWaTWep8klQM]

07-02 17:05:38.697 16056  9767 I Finsky  : [5096] eth.b(9): com.wallapop: Account from preferred account - [E7ZhE6RtwBr6ZrivWaTWep8klQM]

07-02 17:05:38.707 16056 16226 I Finsky  : [4986] eth.b(2): com.wallapop: Account determined from installer data - [E7ZhE6RtwBr6ZrivWaTWep8klQM]

07-02 17:05:38.707 16056 16226 I Finsky  : [4986] eth.b(9): com.wallapop: Account from preferred account - [E7ZhE6RtwBr6ZrivWaTWep8klQM]

07-02 17:05:38.727 16056 16066 I Finsky  : [4928] eth.b(2): com.wallapop: Account determined from installer data - [E7ZhE6RtwBr6ZrivWaTWep8klQM]

07-02 17:05:38.727 16056 16066 I Finsky  : [4928] eth.b(9): com.wallapop: Account from preferred account - [E7ZhE6RtwBr6ZrivWaTWep8klQM]

07-02 17:05:38.767   874   892 V WindowStateAnimator: Finishing drawing window Window{c5906c0 u0 d0 com.wallapop/com.rewallapop.ui.wall.WallActivity}: mDrawState=DRAW_PENDING

07-02 17:05:38.767   874  1132 I ActivityManager: Displayed com.wallapop/com.rewallapop.ui.wall.WallActivity: +1s305ms (total +6s473ms)

07-02 17:05:38.777   874  1132 I Timeline: Timeline: Activity_windows_visible id: ActivityRecord{68b1965 u0 com.wallapop/com.rewallapop.ui.wall.WallActivity t860} time:45571852

07-02 17:05:38.847   874  1722 V WindowStateAnimator: Finishing drawing window Window{c5906c0 u0 d0 com.wallapop/com.rewallapop.ui.wall.WallActivity}: mDrawState=HAS_DRAWN

07-02 17:05:38.847 16056 16225 I Finsky  : [4985] eth.b(2): com.wallapop: Account determined from installer data - [E7ZhE6RtwBr6ZrivWaTWep8klQM]

07-02 17:05:38.847 16056 16225 I Finsky  : [4985] eth.b(9): com.wallapop: Account from preferred account - [E7ZhE6RtwBr6ZrivWaTWep8klQM]

07-02 17:05:38.867   874  2020 I AppOps  : sendInfoToFLP, code=41 , uid=10267 , packageName=com.wallapop , type=startOp

07-02 17:05:38.897 16056 16067 I Finsky  : [4929] eth.b(2): com.wallapop: Account determined from installer data - [E7ZhE6RtwBr6ZrivWaTWep8klQM]

07-02 17:05:38.897 16056 16067 I Finsky  : [4929] eth.b(9): com.wallapop: Account from preferred account - [E7ZhE6RtwBr6ZrivWaTWep8klQM]

07-02 17:05:38.907 16056  9767 I Finsky  : [5096] eth.b(2): com.wallapop: Account determined from installer data - [E7ZhE6RtwBr6ZrivWaTWep8klQM]

07-02 17:05:38.907 16056  9767 I Finsky  : [5096] eth.b(9): com.wallapop: Account from preferred account - [E7ZhE6RtwBr6ZrivWaTWep8klQM]

07-02 17:05:39.087 23054 23054 W ResourcesManager: getTopLevelResources: /data/app/com.google.android.gms-1/base.apk / 1.0 running in com.wallapop rsrc of package null

07-02 17:05:39.907 23054 23054 W ResourcesManager: getTopLevelResources: /data/app/com.google.android.gms-1/base.apk / 1.0 running in com.wallapop rsrc of package null

07-02 17:05:40.057 23054 23358 W ResourcesManager: getTopLevelResources: /data/data/com.google.android.gms/app_chimera/m/0000003f/dl-AdsFdrDynamite.integ_20300000008.apk / 1.0 running in com.wallapop rsrc of package null

07-02 17:05:39.817 23054 23054 W View    : requestLayout() improperly called by com.wallapop.design.view.WallapopTextView{558943e V.ED..... ......ID 54,30-54,92 #7f0a08d2 app:id/wp__home__tv_bubble} during layout: running second layout pass

07-02 17:05:40.487 23054 23308 D Amazon DTB Ads API: with json params:[{"adsdk":"aps-android-7.4.3","gdpr":{"e":"1","c":"BAAAAAAOa0ob7AcABBENBtAAAAAh6AAA"},"oo":"false","mraid":["1.0","2.0","3.0"],"ua":"Dalvik\/2.1.0 (Linux; U; Android 6.0.1; SM-G900F Build\/MMB29M)","geoloc":"41.4058712,2.1864581,17.862","idfa":"1e214c05-ac1e-4c82-ae75-fb207f9c9c8a","appId":"d2ba46e2d5ef4c9883051d9c8d0125d5","ad-id":"A-6j1GeULkCtsqbiEmqTO1M","slots":[{"sz":"320x50","slot":"f414d83c-ab9f-4e02-9c59-5137663ee6c7","slotId":1,"supportedMediaTypes":["DISPLAY"]}],"dinfo":{"os":"Android","model":"SM-G900F","make":"samsung","osVersion":"6.0.1","connectionType":"13","country":"ES","scalingFactor":"3.0","carrier":"JAZZTEL","language":"es","screenSize":"1080x1920","orientation":"portrait"},"pkg":{"lbl":"_Wallapop_","pn":"com.wallapop","v":"1770000","vn":"1.77.0-d1907021319"},"isDTBMobile":"true"}]

07-02 17:05:40.817 23054 23079 W System.err: remove failed: ENOENT (No such file or directory) : /data/user/0/com.wallapop/files/AppEventsLogger.persistedevents

07-02 17:05:41.827 23054 23481 W ResourcesManager: getTopLevelResources: /data/app/com.google.android.gms-1/base.apk / 1.0 running in com.wallapop rsrc of package null

07-02 17:05:44.447 23054 23481 W ResourcesManager: getTopLevelResources: /data/app/com.google.android.gms-1/base.apk / 1.0 running in com.wallapop rsrc of package null

07-02 17:05:47.477   874  1027 V BroadcastQueue: [background] Process cur broadcast BroadcastRecord{51a3ba3 u0 com.appboy.action.receiver.DATA_SYNC qIdx=4}, state= (APP_RECEIVE) DELIVERED for app ProcessRecord{b06f34b 23054:com.wallapop/u0a267}

07-02 17:05:49.297 23054 23054 I Timeline: Timeline: Activity_launch_request id:com.wallapop time:45582377

07-02 17:05:49.307   874  1722 V WindowManager: addAppToken: AppWindowToken{8aeeff token=Token{4f3061e ActivityRecord{6a49a59 u0 com.wallapop/.activities.PreferencesActivity t860}}} to stack=1 task=860 at 1

07-02 17:05:49.357   874  1027 V MARsPolicyManager: updatePackagesScore PackageInfo name -- com.wallapop

07-02 17:05:49.367 23054 23054 W ResourcesManager: getTopLevelResources: /data/app/com.wallapop-1/base.apk / 1.0 running in com.wallapop rsrc of package null

07-02 17:05:49.367 23054 23054 W ResourcesManager: getTopLevelResources: /data/app/com.wallapop-1/base.apk / 1.0 running in com.wallapop rsrc of package null

07-02 17:05:49.367 23054 23054 W ResourcesManager: getTopLevelResources: /data/app/com.wallapop-1/base.apk / 1.0 running in com.wallapop rsrc of package null

07-02 17:05:49.417   874  1913 V AlarmManager:  remove PendingIntent] PendingIntent{55c41b8: PendingIntentRecord{8574330 com.wallapop broadcastIntent}}

07-02 17:05:49.487   874   894 D ISSUE_DEBUG: InputChannelName : f198fd0 com.wallapop/com.wallapop.activities.PreferencesActivity

07-02 17:05:49.507   874  1028 D StatusBarManagerService: manageDisableList userId=0 what=0x0 pkg=Window{f198fd0 u0 d0 com.wallapop/com.wallapop.activities.PreferencesActivity}

07-02 17:05:49.597   874   894 V WindowStateAnimator: Finishing drawing window Window{f198fd0 u0 d0 com.wallapop/com.wallapop.activities.PreferencesActivity}: mDrawState=DRAW_PENDING

07-02 17:05:49.617   874  1132 I ActivityManager: Displayed com.wallapop/.activities.PreferencesActivity: +271ms

07-02 17:05:49.627   874  5340 V WindowStateAnimator: Finishing drawing window Window{f198fd0 u0 d0 com.wallapop/com.wallapop.activities.PreferencesActivity}: mDrawState=HAS_DRAWN

07-02 17:05:49.857   874  1132 I Timeline: Timeline: Activity_windows_visible id: ActivityRecord{6a49a59 u0 com.wallapop/.activities.PreferencesActivity t860} time:45582935

07-02 17:05:49.897   874  4874 I AppOps  : sendInfoToFLP, code=41 , uid=10267 , packageName=com.wallapop , type=finishOp

07-02 17:05:49.907 23054 23054 V ActivityThread: updateVisibility : ActivityRecord{ace89d8 token=android.os.BinderProxy@dea9a06 {com.wallapop/com.rewallapop.ui.wall.WallActivity}} show : false

07-02 17:05:50.457 22967 23331 W ByMatcher: Node returned null child: android.view.accessibility.AccessibilityNodeInfo@800075e9; boundsInParent: Rect(0, 0 - 1080, 1920); boundsInScreen: Rect(0, 0 - 1080, 1920); packageName: com.wallapop; className: android.widget.FrameLayout; text: null; error: null; maxTextLength: -1; contentDescription: null; viewIdResName: null; checkable: false; checked: false; focusable: false; focused: false; selected: false; clickable: false; longClickable: false; contextClickable: false; enabled: true; password: false; scrollable: false; actions: [AccessibilityAction: ACTION_SELECT - null, AccessibilityAction: ACTION_CLEAR_SELECTION - null, AccessibilityAction: ACTION_ACCESSIBILITY_FOCUS - null, AccessibilityAction: ACTION_UNKNOWN - null]

07-02 17:05:50.467 22967 23331 W ByMatcher: Node returned null child: android.view.accessibility.AccessibilityNodeInfo@800075e9; boundsInParent: Rect(0, 0 - 1080, 1920); boundsInScreen: Rect(0, 0 - 1080, 1920); packageName: com.wallapop; className: android.widget.FrameLayout; text: null; error: null; maxTextLength: -1; contentDescription: null; viewIdResName: null; checkable: false; checked: false; focusable: false; focused: false; selected: false; clickable: false; longClickable: false; contextClickable: false; enabled: true; password: false; scrollable: false; actions: [AccessibilityAction: ACTION_SELECT - null, AccessibilityAction: ACTION_CLEAR_SELECTION - null, AccessibilityAction: ACTION_ACCESSIBILITY_FOCUS - null, AccessibilityAction: ACTION_UNKNOWN - null]


