11-10 10:24:42.857  4211  5500 I WindowManager: Reparenting to leash, surface=Surface(name=AppWindowToken{614426f token=Token{fa8c14e ActivityRecord{8dc8449 u0 com.wallapop/com.rewallapop.ui.main.MainActivity t2121}}})/@0xe83a44f

11-10 10:24:42.858  3727  3727 I SurfaceFlinger: id=23646 createSurf (4440x4440),2 flag=4, Surface(name=AppWindowToken{614426f token=Token{fa8c14e ActivityRecord{8dc8449 u0 com.wallapop/com.rewallapop.ui.main.MainActivity t2121}}})/@0xe83a44f - animation-leash#0

11-10 10:24:42.863  4211  5500 D WindowManager: makeSurface duration=6 leash=Surface(name=Surface(name=AppWindowToken{614426f token=Token{fa8c14e ActivityRecord{8dc8449 u0 com.wallapop/com.rewallapop.ui.main.MainActivity t2121}}})/@0xe83a44f - animation-leash)/@0xdaf30ea

11-10 10:24:42.863  4211  5500 D SurfaceControl: reparent is called, sc=Surface(name=AppWindowToken{614426f token=Token{fa8c14e ActivityRecord{8dc8449 u0 com.wallapop/com.rewallapop.ui.main.MainActivity t2121}}})/@0xe83a44f, newParentHandle=android.os.BinderProxy@37b4fdb, transaction=android.view.SurfaceControl$Transaction@780366b

11-10 10:24:42.870  3727  3964 D Layer   : [AppWindowToken{614426f token=Token{fa8c14e ActivityRecord{8dc8449 u0 com.wallapop/com.rewallapop.ui.main.MainActivity t2121}}}#0]::reparent oldParent:[Task=2121#0], newParent:[Surface(name=AppWindowToken{614426f token=Token{fa8c14e ActivityRecord{8dc8449 u0 com.wallapop/com.rewallapop.ui.main.MainActivity t2121}}})/@0xe83a44f - animation-leash#0]

11-10 10:24:42.914  9709  9780 W com.wallapop: Accessing hidden method Ldalvik/system/VMRuntime;->getRuntime()Ldalvik/system/VMRuntime; (light greylist, reflection)

11-10 10:24:42.914  9709  9780 W com.wallapop: Accessing hidden method Ldalvik/system/VMRuntime;->vmInstructionSet()Ljava/lang/String; (light greylist, reflection)

11-10 10:24:42.933  3562  5667 I Finsky  : [8330] fxs.d(3): com.wallapop: Account determined from installer data - [rJj4Md76H4LxoN-B4dnoZM7XaXDDBcXGlC-caOCi6Uc]

11-10 10:24:42.933  3562  5667 I Finsky  : [8330] fxs.d(14): com.wallapop: Account from preferred account - [rJj4Md76H4LxoN-B4dnoZM7XaXDDBcXGlC-caOCi6Uc]

11-10 10:24:42.940  3562  5667 I Finsky  : [8330] fxs.d(3): com.wallapop: Account determined from installer data - [rJj4Md76H4LxoN-B4dnoZM7XaXDDBcXGlC-caOCi6Uc]

11-10 10:24:42.940  3562  5667 I Finsky  : [8330] fxs.d(14): com.wallapop: Account from preferred account - [rJj4Md76H4LxoN-B4dnoZM7XaXDDBcXGlC-caOCi6Uc]

11-10 10:24:42.945  3562  5667 I Finsky  : [8330] fxs.d(3): com.wallapop: Account determined from installer data - [rJj4Md76H4LxoN-B4dnoZM7XaXDDBcXGlC-caOCi6Uc]

11-10 10:24:42.945  3562  5667 I Finsky  : [8330] fxs.d(14): com.wallapop: Account from preferred account - [rJj4Md76H4LxoN-B4dnoZM7XaXDDBcXGlC-caOCi6Uc]

11-10 10:24:42.948  3562  5667 I Finsky  : [8330] fxs.d(3): com.wallapop: Account determined from installer data - [rJj4Md76H4LxoN-B4dnoZM7XaXDDBcXGlC-caOCi6Uc]

11-10 10:24:42.949  3562  5667 I Finsky  : [8330] fxs.d(14): com.wallapop: Account from preferred account - [rJj4Md76H4LxoN-B4dnoZM7XaXDDBcXGlC-caOCi6Uc]

11-10 10:24:43.161  4211  4310 I WindowManager: reset, Reparenting to original parent, shouldDeferScheduleAnimation=false, destroyLeash=true, surface=Surface(name=AppWindowToken{614426f token=Token{fa8c14e ActivityRecord{8dc8449 u0 com.wallapop/com.rewallapop.ui.main.MainActivity t2121}}})/@0xe83a44f, parent=Surface(name=Task=2121)/@0xe3737dc, parentNativeHandle=android.os.BinderProxy@169ce47, caller=com.android.server.wm.SurfaceAnimator.lambda$getFinishedCallback$0:97 com.android.server.wm.-$$Lambda$SurfaceAnimator$SIBia0mND666K8lMCPsoid8pUTI.run:4 com.android.server.wm.SurfaceAnimator.lambda$getFinishedCallback$1:104 com.android.server.wm.-$$Lambda$SurfaceAnimator$vdRZk66hQVbQCvVXEaQCT1kVmFc.onAnimationFinished:4 com.android.server.wm.LocalAnimationAdapter.lambda$startAnimation$0:74

11-10 10:24:43.161  4211  4310 D SurfaceControl: reparent is called, sc=Surface(name=AppWindowToken{614426f token=Token{fa8c14e ActivityRecord{8dc8449 u0 com.wallapop/com.rewallapop.ui.main.MainActivity t2121}}})/@0xe83a44f, newParentHandle=android.os.BinderProxy@169ce47, transaction=android.view.SurfaceControl$Transaction@780366b

11-10 10:24:43.162  4211  4310 D SurfaceControl: destroy(transaction), animation-leash is destroyed, sc=Surface(name=Surface(name=AppWindowToken{614426f token=Token{fa8c14e ActivityRecord{8dc8449 u0 com.wallapop/com.rewallapop.ui.main.MainActivity t2121}}})/@0xe83a44f - animation-leash)/@0xdaf30ea, transaction=android.view.SurfaceControl$Transaction@780366b, caller=com.android.server.wm.SurfaceAnimator.reset:338 com.android.server.wm.SurfaceAnimator.lambda$getFinishedCallback$0:97 com.android.server.wm.-$$Lambda$SurfaceAnimator$SIBia0mND666K8lMCPsoid8pUTI.run:4 com.android.server.wm.SurfaceAnimator.lambda$getFinishedCallback$1:104 com.android.server.wm.-$$Lambda$SurfaceAnimator$vdRZk66hQVbQCvVXEaQCT1kVmFc.onAnimationFinished:4 com.android.server.wm.LocalAnimationAdapter.lambda$startAnimation$0:74 com.android.server.wm.-$$Lambda$LocalAnimationAdapter$X--EomqUvw4qy89IeeTFTH7aCMo.run:4

11-10 10:24:43.178  3727  3964 D Layer   : [AppWindowToken{614426f token=Token{fa8c14e ActivityRecord{8dc8449 u0 com.wallapop/com.rewallapop.ui.main.MainActivity t2121}}}#0]::reparent oldParent:[Surface(name=AppWindowToken{614426f token=Token{fa8c14e ActivityRecord{8dc8449 u0 com.wallapop/com.rewallapop.ui.main.MainActivity t2121}}})/@0xe83a44f - animation-leash#0], newParent:[Task=2121#0]

11-10 10:24:43.178  3727  3964 I SurfaceFlinger: id=23646 Removed Surface(name=AppWindowToken{614426f token=Token{fa8c14e ActivityRecord{8dc8449 u0 com.wallapop/com.rewallapop.ui.main.MainActivity t2121}}})/@0xe83a44f - animation-leash#0 (0/53)

11-10 10:24:43.193  3727  3727 I Layer   : id=23646 onRemoved Surface(name=AppWindowToken{614426f token=Token{fa8c14e ActivityRecord{8dc8449 u0 com.wallapop/com.rewallapop.ui.main.MainActivity t2121}}})/@0xe83a44f - animation-leash#0

11-10 10:24:43.211  4211  4680 D SamsungAlarmManager: Cancel Alarm calling from uid:10311 pid :9709 / op:PendingIntent{c50f342: PendingIntentRecord{b6a58d7 com.wallapop broadcastIntent}}

11-10 10:24:43.376  9709 10008 I com.wallapop: The ClassLoaderContext is a special shared library.

11-10 10:24:43.440  9709  9709 W com.wallapop: Accessing hidden method Landroid/widget/TextView;->getTextDirectionHeuristic()Landroid/text/TextDirectionHeuristic; (light greylist, linking)

11-10 10:24:43.446  9709  9709 W com.wallapop: Accessing hidden method Landroid/graphics/FontFamily;-><init>()V (light greylist, reflection)

11-10 10:24:43.446  9709  9709 W com.wallapop: Accessing hidden method Landroid/graphics/FontFamily;->addFontFromAssetManager(Landroid/content/res/AssetManager;Ljava/lang/String;IZIII[Landroid/graphics/fonts/FontVariationAxis;)Z (light greylist, reflection)

11-10 10:24:43.446  9709  9709 W com.wallapop: Accessing hidden method Landroid/graphics/FontFamily;->addFontFromBuffer(Ljava/nio/ByteBuffer;I[Landroid/graphics/fonts/FontVariationAxis;II)Z (light greylist, reflection)

11-10 10:24:43.446  9709  9709 W com.wallapop: Accessing hidden method Landroid/graphics/FontFamily;->freeze()Z (light greylist, reflection)

11-10 10:24:43.446  9709  9709 W com.wallapop: Accessing hidden method Landroid/graphics/FontFamily;->abortCreation()V (light greylist, reflection)

11-10 10:24:43.446  9709  9709 W com.wallapop: Accessing hidden method Landroid/graphics/Typeface;->createFromFamiliesWithDefault([Landroid/graphics/FontFamily;Ljava/lang/String;II)Landroid/graphics/Typeface; (light greylist, reflection)

11-10 10:24:43.948  4211  4390 D WifiTrafficPoller: TrafficStats TxPkts=765419 RxPkts=1360500 TxBytes=174526360 RxBytes=1288828545 , Foreground uid=10311 pkgName=com.wallapop TxPackets=62769 RxPackets=71241 TxBytes=9586847 RxBytes=70700795

11-10 10:24:44.326  9709  9714 I com.wallapop: Compiler allocated 4MB to compile void android.widget.TextView.<init>(android.content.Context, android.util.AttributeSet, int, int)

11-10 10:24:44.343  4211  5239 D ActivityManagerPerformance: Received MSG_DISABLE_ACT_START, r: ActivityRecord{191ab73 u0 com.wallapop/com.rewallapop.ui.wall.WallActivity t2121}

11-10 10:24:44.512  3727  3727 I SurfaceFlinger: id=23647 createSurf (4440x4440),2 flag=4, 14e5eee com.wallapop/com.rewallapop.ui.wall.WallActivity#0

11-10 10:24:44.559  3562  5667 I Finsky  : [8330] fxs.d(3): com.wallapop: Account determined from installer data - [rJj4Md76H4LxoN-B4dnoZM7XaXDDBcXGlC-caOCi6Uc]

11-10 10:24:44.560  3562  5667 I Finsky  : [8330] fxs.d(14): com.wallapop: Account from preferred account - [rJj4Md76H4LxoN-B4dnoZM7XaXDDBcXGlC-caOCi6Uc]

11-10 10:24:44.658  3562  5667 I Finsky  : [8330] fxs.d(3): com.wallapop: Account determined from installer data - [rJj4Md76H4LxoN-B4dnoZM7XaXDDBcXGlC-caOCi6Uc]

11-10 10:24:44.658  3562  5667 I Finsky  : [8330] fxs.d(14): com.wallapop: Account from preferred account - [rJj4Md76H4LxoN-B4dnoZM7XaXDDBcXGlC-caOCi6Uc]

11-10 10:24:44.738  3562  5667 I Finsky  : [8330] fxs.d(3): com.wallapop: Account determined from installer data - [rJj4Md76H4LxoN-B4dnoZM7XaXDDBcXGlC-caOCi6Uc]

11-10 10:24:44.739  3562  5667 I Finsky  : [8330] fxs.d(14): com.wallapop: Account from preferred account - [rJj4Md76H4LxoN-B4dnoZM7XaXDDBcXGlC-caOCi6Uc]

11-10 10:24:44.826  3562  5667 I Finsky  : [8330] fxs.d(3): com.wallapop: Account determined from installer data - [rJj4Md76H4LxoN-B4dnoZM7XaXDDBcXGlC-caOCi6Uc]

11-10 10:24:44.826  3562  5667 I Finsky  : [8330] fxs.d(14): com.wallapop: Account from preferred account - [rJj4Md76H4LxoN-B4dnoZM7XaXDDBcXGlC-caOCi6Uc]

11-10 10:24:45.189  4211  5500 V WindowManager: Relayout Window{14e5eee u0 com.wallapop/com.rewallapop.ui.wall.WallActivity}: viewVisibility=0 req=1080x2220 {(0,0)(fillxfill) sim={adjust=resize forwardNavigation} ty=BASE_APPLICATION wanim=0x10302fe

11-10 10:24:45.195  3727  3727 I SurfaceFlinger: id=23648 createSurf (1080x2220),1 flag=404, com.wallapop/com.rewallapop.ui.wall.WallActivity[9709]#0

11-10 10:24:45.197  4211  5500 D WindowManager: makeSurface duration=3 name=com.wallapop/com.rewallapop.ui.wall.WallActivity[9709]

11-10 10:24:45.198  4211  5500 V WindowManager: Changing focus from null to Window{14e5eee u0 com.wallapop/com.rewallapop.ui.wall.WallActivity} Callers=com.android.server.wm.WindowManagerService.relayoutWindow:2526 com.android.server.wm.Session.relayoutForTranslate:302 android.view.IWindowSession$Stub.onTransact:518 com.android.server.wm.Session.onTransact:186

11-10 10:24:45.198  4211  4228 D WindowManager: setSystemUiVisibility: vis= 0xa518, fullscreenVis= 0x2000, dockedVis= 0x0, win=Window{14e5eee u0 com.wallapop/com.rewallapop.ui.wall.WallActivity}

11-10 10:24:45.201  4211  4242 D WindowManager: reportFocusChangedSerialized, focused=true, inTouchMode=true, win=Window{14e5eee u0 com.wallapop/com.rewallapop.ui.wall.WallActivity}

11-10 10:24:45.353  3562  5667 I Finsky  : [8330] fxs.d(3): com.wallapop: Account determined from installer data - [rJj4Md76H4LxoN-B4dnoZM7XaXDDBcXGlC-caOCi6Uc]

11-10 10:24:45.354  3562  5667 I Finsky  : [8330] fxs.d(14): com.wallapop: Account from preferred account - [rJj4Md76H4LxoN-B4dnoZM7XaXDDBcXGlC-caOCi6Uc]

11-10 10:24:45.521  4211  9311 D WindowManager: finishDrawingWindow: Window{14e5eee u0 com.wallapop/com.rewallapop.ui.wall.WallActivity} mDrawState=DRAW_PENDING

11-10 10:24:45.524  4211  4310 I WindowManager: commitFinishDrawingLocked: mDrawState=READY_TO_SHOW Surface(name=com.wallapop/com.rewallapop.ui.wall.WallActivity[9709])/@0x1837b11

11-10 10:24:45.525  4211  4310 V WindowManager: Resize reasons for w=Window{14e5eee u0 com.wallapop/com.rewallapop.ui.wall.WallActivity}:  contentInsetsChanged=false [0,63][0,126] visibleInsetsChanged=false [0,63][0,126] stableInsetsChanged=false [0,63][0,126] outsetsChanged=false [0,0][0,0] surfaceResized=false configChanged=false dragResizingChanged=false reportOrientationChanged=false displayCutoutChanged=false nextForceRelayoutToClient=false

11-10 10:24:45.539  4211  4310 I WindowManager: commitFinishDrawingLocked: mDrawState=READY_TO_SHOW Surface(name=com.wallapop/com.rewallapop.ui.wall.WallActivity[9709])/@0x1837b11

11-10 10:24:45.539  4211  4310 I WindowManager: Cancelling animation restarting=false, leash=null, surface=Surface(name=14e5eee com.wallapop/com.rewallapop.ui.wall.WallActivity)/@0x4a0c476, parent=Surface(name=AppWindowToken{e8496a9 token=Token{b353a30 ActivityRecord{191ab73 u0 com.wallapop/com.rewallapop.ui.wall.WallActivity t2121}}})/@0xd93ca77

11-10 10:24:45.539  4211  4310 V WindowManager: performShowLocked: mDrawState=HAS_DRAWN in Window{14e5eee u0 com.wallapop/com.rewallapop.ui.wall.WallActivity}

11-10 10:24:45.557  4211  4242 I ActivityManager: Displayed com.wallapop/com.rewallapop.ui.wall.WallActivity: +2s693ms (total +11s761ms)

11-10 10:24:45.557  4211  4310 V WindowManager: Remove Window{7ce7780 u0 Splash Screen com.wallapop}: mSurfaceController=Surface(name=Splash Screen com.wallapop)/@0x68dd80a mAnimatingExit=false mRemoveOnExit=false mHasSurface=true surfaceShowing=true isAnimationSet=false app-animation=false mWillReplaceWindow=false inPendingTransaction=false mDisplayFrozen=false callers=com.android.server.wm.WindowState.removeIfPossible:2764 com.android.server.wm.WindowManagerService.removeWindow:1943 com.android.server.wm.Session.remove:268 android.view.ViewRootImpl.dispatchDetachedFromWindow:4565 android.view.ViewRootImpl.doDie:7996 android.view.ViewRootImpl$ViewRootHandler.handleMessage:4987

11-10 10:24:45.558  4211  4310 I WindowManager: Cancelling animation restarting=true, leash=null, surface=Surface(name=7ce7780 Splash Screen com.wallapop)/@0x411d42e, parent=Surface(name=AppWindowToken{e8496a9 token=Token{b353a30 ActivityRecord{191ab73 u0 com.wallapop/com.rewallapop.ui.wall.WallActivity t2121}}})/@0xd93ca77

11-10 10:24:45.558  4211  4310 I WindowManager: Reparenting to leash, surface=Surface(name=7ce7780 Splash Screen com.wallapop)/@0x411d42e

11-10 10:24:45.569  3727  3727 I SurfaceFlinger:      Device | 0x70dda21700 | 0002 | RGBA_8888 |   0.0    0.0 1080.0 2220.0 |    0    0 1080 2220 | com.wallapop/com.rewallapop.ui.wall.WallActivity[9709]#0

11-10 10:24:45.569  3727  3727 I SurfaceFlinger:      Device | 0x70d6734e40 | 0000 | RGBA_8888 |   0.0    0.0 1080.0 2220.0 |    0    0 1080 2220 | Splash Screen com.wallapop#0

11-10 10:24:45.570  3727  3727 I SurfaceFlinger: id=23649 createSurf (4440x4440),2 flag=4, Surface(name=7ce7780 Splash Screen com.wallapop)/@0x411d42e - animation-leash#0

11-10 10:24:45.576  4211  4310 D WindowManager: makeSurface duration=18 leash=Surface(name=Surface(name=7ce7780 Splash Screen com.wallapop)/@0x411d42e - animation-leash)/@0xf709713

11-10 10:24:45.576  4211  4310 D SurfaceControl: reparent is called, sc=Surface(name=7ce7780 Splash Screen com.wallapop)/@0x411d42e, newParentHandle=android.os.BinderProxy@caa4d50, transaction=android.view.SurfaceControl$Transaction@9ebc95c

11-10 10:24:45.581  3727  3964 D Layer   : [7ce7780 Splash Screen com.wallapop#0]::reparent oldParent:[AppWindowToken{e8496a9 token=Token{b353a30 ActivityRecord{191ab73 u0 com.wallapop/com.rewallapop.ui.wall.WallActivity t2121}}}#0], newParent:[Surface(name=7ce7780 Splash Screen com.wallapop)/@0x411d42e - animation-leash#0]

11-10 10:24:45.706  9709  9709 V InputMethodManager: Starting input: tba=com.wallapop ic=null mNaviBarColor -1 mIsGetNaviBarColorSuccess true , NavVisible : true , NavTrans : false

11-10 10:24:45.708  4211  5500 V InputMethodManagerService: windowGainedFocus : reason=WINDOW_FOCUS_GAIN client=android.os.BinderProxy@94896f0 inputContext=null missingMethods= attribute=android.view.inputmethod.EditorInfo@5213726 nm = com.wallapop controlFlags=#104 softInputMode=#110 windowFlags=#81810100

11-10 10:24:45.729  4211  4310 I WindowManager: reset, Reparenting to original parent, shouldDeferScheduleAnimation=false, destroyLeash=true, surface=Surface(name=7ce7780 Splash Screen com.wallapop)/@0x411d42e, parent=Surface(name=AppWindowToken{e8496a9 token=Token{b353a30 ActivityRecord{191ab73 u0 com.wallapop/com.rewallapop.ui.wall.WallActivity t2121}}})/@0xd93ca77, parentNativeHandle=android.os.BinderProxy@3d18bcf, caller=com.android.server.wm.SurfaceAnimator.lambda$getFinishedCallback$0:97 com.android.server.wm.-$$Lambda$SurfaceAnimator$SIBia0mND666K8lMCPsoid8pUTI.run:4 com.android.server.wm.SurfaceAnimator.lambda$getFinishedCallback$1:104 com.android.server.wm.-$$Lambda$SurfaceAnimator$vdRZk66hQVbQCvVXEaQCT1kVmFc.onAnimationFinished:4 com.android.server.wm.LocalAnimationAdapter.lambda$startAnimation$0:74

11-10 10:24:45.730  4211  4310 D SurfaceControl: reparent is called, sc=Surface(name=7ce7780 Splash Screen com.wallapop)/@0x411d42e, newParentHandle=android.os.BinderProxy@3d18bcf, transaction=android.view.SurfaceControl$Transaction@9ebc95c

11-10 10:24:45.731  4211  4310 D SurfaceControl: destroy(transaction), animation-leash is destroyed, sc=Surface(name=Surface(name=7ce7780 Splash Screen com.wallapop)/@0x411d42e - animation-leash)/@0xf709713, transaction=android.view.SurfaceControl$Transaction@9ebc95c, caller=com.android.server.wm.SurfaceAnimator.reset:338 com.android.server.wm.SurfaceAnimator.lambda$getFinishedCallback$0:97 com.android.server.wm.-$$Lambda$SurfaceAnimator$SIBia0mND666K8lMCPsoid8pUTI.run:4 com.android.server.wm.SurfaceAnimator.lambda$getFinishedCallback$1:104 com.android.server.wm.-$$Lambda$SurfaceAnimator$vdRZk66hQVbQCvVXEaQCT1kVmFc.onAnimationFinished:4 com.android.server.wm.LocalAnimationAdapter.lambda$startAnimation$0:74 com.android.server.wm.-$$Lambda$LocalAnimationAdapter$X--EomqUvw4qy89IeeTFTH7aCMo.run:4

11-10 10:24:45.732  4211  4310 E WindowManager: win=Window{7ce7780 u0 Splash Screen com.wallapop EXITING} destroySurfaces: appStopped=false win.mWindowRemovalAllowed=true win.mRemoveOnExit=true win.mViewVisibility=0 caller=com.android.server.wm.AppWindowToken.destroySurfaces:870 com.android.server.wm.AppWindowToken.destroySurfaces:851 com.android.server.wm.WindowState.onExitAnimationDone:5436 com.android.server.wm.WindowStateAnimator.onAnimationFinished:319 com.android.server.wm.WindowState.onAnimationFinished:5858 com.android.server.wm.-$$Lambda$yVRF8YoeNdTa8GR1wDStVsHu8xM.run:2 com.android.server.wm.SurfaceAnimator.lambda$getFinishedCallback$0:100

11-10 10:24:45.733  4211  4310 I WindowManager: Destroying surface Surface(name=Splash Screen com.wallapop)/@0x68dd80a called by com.android.server.wm.WindowStateAnimator.destroySurface:1901 com.android.server.wm.WindowStateAnimator.destroySurfaceLocked:838 com.android.server.wm.WindowState.destroySurfaceUnchecked:3839 com.android.server.wm.WindowState.destroySurface:3820 com.android.server.wm.AppWindowToken.destroySurfaces:870 com.android.server.wm.AppWindowToken.destroySurfaces:851 com.android.server.wm.WindowState.onExitAnimationDone:5436 com.android.server.wm.WindowStateAnimator.onAnimationFinished:319

11-10 10:24:45.733  3727  3964 I SurfaceFlinger: id=23642 Removed Splash Screen com.wallapop#0 (0/55)

11-10 10:24:45.740  3727  5001 W SurfaceFlinger: Attempting to set client state on removed layer: Splash Screen com.wallapop#0 [s.what : 40]

11-10 10:24:45.740  3727  5001 D Layer   : [7ce7780 Splash Screen com.wallapop#0]::reparent oldParent:[Surface(name=7ce7780 Splash Screen com.wallapop)/@0x411d42e - animation-leash#0], newParent:[AppWindowToken{e8496a9 token=Token{b353a30 ActivityRecord{191ab73 u0 com.wallapop/com.rewallapop.ui.wall.WallActivity t2121}}}#0]

11-10 10:24:45.740  3727  5001 W SurfaceFlinger: Attempting to destroy on removed layer: Splash Screen com.wallapop#0

11-10 10:24:45.740  3727  5001 I SurfaceFlinger: id=23649 Removed Surface(name=7ce7780 Splash Screen com.wallapop)/@0x411d42e - animation-leash#0 (2/54)

11-10 10:24:45.740  3727  5001 I SurfaceFlinger: id=23641 Removed 7ce7780 Splash Screen com.wallapop#0 (1/53)

11-10 10:24:45.747  3727  3727 I Layer   : id=23649 onRemoved Surface(name=7ce7780 Splash Screen com.wallapop)/@0x411d42e - animation-leash#0

11-10 10:24:45.747  3727  3727 I Layer   : id=23641 onRemoved 7ce7780 Splash Screen com.wallapop#0

11-10 10:24:45.747  3727  3727 I Layer   : id=23642 onRemoved Splash Screen com.wallapop#0

11-10 10:24:45.758  3727  3727 I SurfaceFlinger:      Device | 0x70dda21700 | 0002 | RGBA_8888 |   0.0    0.0 1080.0 2220.0 |    0    0 1080 2220 | com.wallapop/com.rewallapop.ui.wall.WallActivity[9709]#0

11-10 10:24:45.820  9709  9709 V InputMethodManager: Starting input: tba=com.wallapop ic=null mNaviBarColor -1 mIsGetNaviBarColorSuccess true , NavVisible : true , NavTrans : false

11-10 10:24:45.894  4622  4682 E RequestManager_FLP: [FusedLocationApi] Location request b47d4f2(Listener) PRIORITY_BALANCED_POWER_ACCURACY interval=300000 from com.wallapop

11-10 10:24:45.934  4211  5500 I WindowManager: Cancelling animation restarting=false, leash=null, surface=Surface(name=AppWindowToken{614426f token=Token{fa8c14e ActivityRecord{8dc8449 u0 com.wallapop/com.rewallapop.ui.main.MainActivity t2121}}})/@0xe83a44f, parent=Surface(name=Task=2121)/@0xe3737dc

11-10 10:24:45.947  3727  3964 I SurfaceFlinger: id=23640 Removed AppWindowToken{614426f token=Token{fa8c14e ActivityRecord{8dc8449 u0 com.wallapop/com.rewallapop.ui.main.MainActivity t2121}}}#0 (0/52)

11-10 10:24:45.951  3562  5667 I Finsky  : [8330] fxs.d(3): com.wallapop: Account determined from installer data - [rJj4Md76H4LxoN-B4dnoZM7XaXDDBcXGlC-caOCi6Uc]

11-10 10:24:45.952  3562  5667 I Finsky  : [8330] fxs.d(14): com.wallapop: Account from preferred account - [rJj4Md76H4LxoN-B4dnoZM7XaXDDBcXGlC-caOCi6Uc]

11-10 10:24:45.953  4211  4228 D CodecSolution: isMaxAspectPackageEx: com.wallapop : true(2)

11-10 10:24:45.962  3727  3727 I Layer   : id=23640 onRemoved AppWindowToken{614426f token=Token{fa8c14e ActivityRecord{8dc8449 u0 com.wallapop/com.rewallapop.ui.main.MainActivity t2121}}}#0

11-10 10:24:45.983  3562  5667 I Finsky  : [8330] fxs.d(3): com.wallapop: Account determined from installer data - [rJj4Md76H4LxoN-B4dnoZM7XaXDDBcXGlC-caOCi6Uc]

11-10 10:24:45.987  3562  5667 I Finsky  : [8330] fxs.d(14): com.wallapop: Account from preferred account - [rJj4Md76H4LxoN-B4dnoZM7XaXDDBcXGlC-caOCi6Uc]

11-10 10:24:46.082  4211  4669 D MdnieScenarioControlService:  packageName : com.wallapop    className : com.rewallapop.ui.wall.WallActivity

11-10 10:24:46.364  9709  9709 W com.wallapop: Accessing hidden field Landroid/view/View;->mAccessibilityDelegate:Landroid/view/View$AccessibilityDelegate; (light greylist, reflection)

11-10 10:24:47.130  9709  9720 I com.wallapop: Background concurrent copying GC freed 229013(15MB) AllocSpace objects, 105(12MB) LOS objects, 49% free, 19MB/38MB, paused 411us total 221.889ms

11-10 10:24:47.324  9709  9709 W View    : requestLayout() improperly called by com.wallapop.design.view.WallapopTextView{fa4552b V.ED..... ......ID 47,26-47,86 #7f0a0904 app:id/wp__home__tv_bubble} during layout: running second layout pass

11-10 10:24:48.037  4211  4390 D WifiTrafficPoller: TrafficStats TxPkts=765599 RxPkts=1360720 TxBytes=174578158 RxBytes=1288935100 , Foreground uid=10311 pkgName=com.wallapop TxPackets=62890 RxPackets=71353 TxBytes=9613387 RxBytes=70745971

11-10 10:24:48.883  4211  7552 D WifiPermissionsUtil: canAccessScanResults: pkgName = com.wallapop, uid = 10311

11-10 10:24:49.383  9709 10016 D Amazon DTB Ads API: with query params:[?dt=android&app=app&dinfo=%7B%22os%22%3A%22Android%22%2C%22model%22%3A%22SM-A750FN%22%2C%22make%22%3A%22samsung%22%2C%22osVersion%22%3A%229%22%2C%22connectionType%22%3A%22Wifi%22%2C%22country%22%3A%22ES%22%2C%22scalingFactor%22%3A%222.625%22%2C%22carrier%22%3A%22JAZZTEL%22%2C%22language%22%3A%22es%22%2C%22screenSize%22%3A%221080x2094%22%2C%22orientation%22%3A%22portrait%22%7D&oo=0&aud=3p&idfa=bf505ce3-e614-4d9a-a4d7-9c324edc6560&appId=d2ba46e2d5ef4c9883051d9c8d0125d5&sdkVer=aps-android-7.4.3&ua=Dalvik%2F2.1.0%20%28Linux%3B%20U%3B%20Android%209%3B%20SM-A750FN%20Build%2FPPR1.180610.011%29&pkg=%7B%22lbl%22%3A%22_Wallapop_%22%2C%22pn%22%3A%22com.wallapop%22%2C%22v%22%3A%221850000%22%2C%22vn%22%3A%221.85.0-d1910251130%22%7D]

11-10 10:24:49.847  9709 10016 D Amazon DTB Ads API: Error while connecting to remote server: https://s.amazon-adsystem.com/api3/generate_did?dt=android&app=app&dinfo=%7B%22os%22%3A%22Android%22%2C%22model%22%3A%22SM-A750FN%22%2C%22make%22%3A%22samsung%22%2C%22osVersion%22%3A%229%22%2C%22connectionType%22%3A%22Wifi%22%2C%22country%22%3A%22ES%22%2C%22scalingFactor%22%3A%222.625%22%2C%22carrier%22%3A%22JAZZTEL%22%2C%22language%22%3A%22es%22%2C%22screenSize%22%3A%221080x2094%22%2C%22orientation%22%3A%22portrait%22%7D&oo=0&aud=3p&idfa=bf505ce3-e614-4d9a-a4d7-9c324edc6560&appId=d2ba46e2d5ef4c9883051d9c8d0125d5&sdkVer=aps-android-7.4.3&ua=Dalvik%2F2.1.0%20%28Linux%3B%20U%3B%20Android%209%3B%20SM-A750FN%20Build%2FPPR1.180610.011%29&pkg=%7B%22lbl%22%3A%22_Wallapop_%22%2C%22pn%22%3A%22com.wallapop%22%2C%22v%22%3A%221850000%22%2C%22vn%22%3A%221.85.0-d1910251130%22%7D with error:Chain validation failed

11-10 10:24:49.849  9709 10016 E Amazon DTB Ads API: 	at com.wallapop.thirdparty.ads.b.a.a(SourceFile:43)

11-10 10:24:49.849  9709 10016 E Amazon DTB Ads API: 	at com.wallapop.thirdparty.ads.b.a$b$1.invokeSuspend(SourceFile:34)

11-10 10:24:49.849  9709 10016 E Amazon DTB Ads API: 	at com.wallapop.thirdparty.ads.b.a$b$1.invoke(Unknown Source:10)

11-10 10:24:49.849  9709 10016 E Amazon DTB Ads API: 	at com.wallapop.thirdparty.ads.b.a$b.invokeSuspend(SourceFile:33)

11-10 10:24:49.936  9709 10253 D Amazon DTB Ads API: with query params:[?dt=android&app=app&dinfo=%7B%22os%22%3A%22Android%22%2C%22model%22%3A%22SM-A750FN%22%2C%22make%22%3A%22samsung%22%2C%22osVersion%22%3A%229%22%2C%22connectionType%22%3A%22Wifi%22%2C%22country%22%3A%22ES%22%2C%22scalingFactor%22%3A%222.625%22%2C%22carrier%22%3A%22JAZZTEL%22%2C%22language%22%3A%22es%22%2C%22screenSize%22%3A%221080x2094%22%2C%22orientation%22%3A%22portrait%22%7D&oo=0&aud=3p&idfa=bf505ce3-e614-4d9a-a4d7-9c324edc6560&appId=d2ba46e2d5ef4c9883051d9c8d0125d5&sdkVer=aps-android-7.4.3&ua=Dalvik%2F2.1.0%20%28Linux%3B%20U%3B%20Android%209%3B%20SM-A750FN%20Build%2FPPR1.180610.011%29&pkg=%7B%22lbl%22%3A%22_Wallapop_%22%2C%22pn%22%3A%22com.wallapop%22%2C%22v%22%3A%221850000%22%2C%22vn%22%3A%221.85.0-d1910251130%22%7D]

11-10 10:24:50.262  9709  9720 I com.wallapop: Background concurrent copying GC freed 270473(14MB) AllocSpace objects, 92(4MB) LOS objects, 49% free, 21MB/43MB, paused 614us total 209.571ms

11-10 10:24:50.384  9709 10253 D Amazon DTB Ads API: Error while connecting to remote server: https://s.amazon-adsystem.com/api3/generate_did?dt=android&app=app&dinfo=%7B%22os%22%3A%22Android%22%2C%22model%22%3A%22SM-A750FN%22%2C%22make%22%3A%22samsung%22%2C%22osVersion%22%3A%229%22%2C%22connectionType%22%3A%22Wifi%22%2C%22country%22%3A%22ES%22%2C%22scalingFactor%22%3A%222.625%22%2C%22carrier%22%3A%22JAZZTEL%22%2C%22language%22%3A%22es%22%2C%22screenSize%22%3A%221080x2094%22%2C%22orientation%22%3A%22portrait%22%7D&oo=0&aud=3p&idfa=bf505ce3-e614-4d9a-a4d7-9c324edc6560&appId=d2ba46e2d5ef4c9883051d9c8d0125d5&sdkVer=aps-android-7.4.3&ua=Dalvik%2F2.1.0%20%28Linux%3B%20U%3B%20Android%209%3B%20SM-A750FN%20Build%2FPPR1.180610.011%29&pkg=%7B%22lbl%22%3A%22_Wallapop_%22%2C%22pn%22%3A%22com.wallapop%22%2C%22v%22%3A%221850000%22%2C%22vn%22%3A%221.85.0-d1910251130%22%7D with error:Chain validation failed

11-10 10:24:50.419  9709 10253 D Amazon DTB Ads API: with json params:[{"oo":"false","dinfo":{"os":"Android","model":"SM-A750FN","make":"samsung","osVersion":"9","connectionType":"Wifi","country":"ES","scalingFactor":"2.625","carrier":"JAZZTEL","language":"es","screenSize":"1080x2094","orientation":"portrait"},"adsdk":"aps-android-7.4.3","slots":[{"sz":"320x50","slot":"f414d83c-ab9f-4e02-9c59-5137663ee6c7","slotId":1,"supportedMediaTypes":["DISPLAY"]}],"mraid":["1.0","2.0","3.0"],"appId":"d2ba46e2d5ef4c9883051d9c8d0125d5","idfa":"bf505ce3-e614-4d9a-a4d7-9c324edc6560","geoloc":"41.4058221,2.1864421,18.994","isDTBMobile":"true","ua":"Dalvik\/2.1.0 (Linux; U; Android 9; SM-A750FN Build\/PPR1.180610.011)","pkg":{"lbl":"_Wallapop_","pn":"com.wallapop","v":"1850000","vn":"1.85.0-d1910251130"},"gdpr":{"e":"1","c":"BOR0xKKOR0xKKABABAENBZ-AAAAfZ7_______9______9uz_Gv_v_f__33e8__9v_l_7_-___u_-33d4-_1vX99yfm1-7ftr3tp_86ues2vHqK9ZoA"}}]

11-10 10:24:51.615  9709  9709 W com.wallapop: Accessing hidden method Landroid/media/AudioTrack;->getLatency()I (light greylist, reflection)

11-10 10:24:52.040  4211  4475 I CodecSolution: pid(9709) pkg(com.wallapop)

11-10 10:24:52.084  4211  4222 D CodecSolution: topName : com.wallapop

11-10 10:24:52.084  4211  4222 I CodecSolution: Top : com.wallapop

11-10 10:24:52.084  4211  4222 D SCPMHelper: getPackageInfo(com.wallapop)

11-10 10:24:52.137  4211  4390 D WifiTrafficPoller: TrafficStats TxPkts=765986 RxPkts=1361137 TxBytes=174676189 RxBytes=1289196646 , Foreground uid=10311 pkgName=com.wallapop TxPackets=63218 RxPackets=71671 TxBytes=9681865 RxBytes=70953209

11-10 10:24:52.137  4211  4475 I CodecSolution: pid(9709) pkg(com.wallapop)

11-10 10:24:52.152  4211  7552 D CodecSolution: topName : com.wallapop

11-10 10:24:52.152  4211  7552 I CodecSolution: Top : com.wallapop

11-10 10:24:52.152  4211  7552 D SCPMHelper: getPackageInfo(com.wallapop)

11-10 10:24:52.922  9709 10292 I chatty  : uid=10311(com.wallapop) CodecLooper identical 1 line

11-10 10:24:53.017  9709 10300 I chatty  : uid=10311(com.wallapop) CodecLooper identical 1 line

11-10 10:24:53.449  9709  9720 I com.wallapop: Background concurrent copying GC freed 249901(12MB) AllocSpace objects, 154(7MB) LOS objects, 46% free, 27MB/51MB, paused 1.484ms total 194.821ms

11-10 10:24:56.196  4211  4390 D WifiTrafficPoller: TrafficStats TxPkts=766098 RxPkts=1361300 TxBytes=174717272 RxBytes=1289294724 , Foreground uid=10311 pkgName=com.wallapop TxPackets=63318 RxPackets=71782 TxBytes=9717270 RxBytes=71024918

11-10 10:24:57.300  4211  4475 I CodecSolution: pid(9709) pkg(com.wallapop)

11-10 10:24:57.310  4211  5500 D CodecSolution: topName : com.wallapop

11-10 10:24:57.310  4211  5500 I CodecSolution: Top : com.wallapop

11-10 10:24:57.311  4211  5500 D SCPMHelper: getPackageInfo(com.wallapop)

11-10 10:24:57.356  9709 10330 I chatty  : uid=10311(com.wallapop) CodecLooper identical 1 line


