Executed '[C754] Contact us: Open a Helpshift ticket from the FAQs' on 23-06-2019
---------------------------------------------------------------------------------
06-23 11:31:57.207  3140  3476 E HwCHRWebMonitor: HwCHRWifiUIDWebSpeed [appName=com.wallapop UID=10181  WEBSENDSEGS=49  WEBRESENDSEGS=0  WEBRECVSEGS=43  WEBERRSEGS=0  WEBOUTRSTS=0  WEBESTABLISRST=2  WEBRTTDURATION=114  WEBRTTSEGS=20  WEBSNDDUPACKS=0  suckTimes=0 recovage_times=0]

06-23 11:32:07.345  3140  3476 E HwCHRWebMonitor: HwCHRWifiUIDWebSpeed [appName=com.wallapop UID=10181  WEBSENDSEGS=3  WEBRESENDSEGS=0  WEBRECVSEGS=3  WEBERRSEGS=0  WEBOUTRSTS=0  WEBESTABLISRST=0  WEBRTTDURATION=4  WEBRTTSEGS=2  WEBSNDDUPACKS=0  suckTimes=0 recovage_times=1]

06-23 11:33:07.784  3140  3476 E HwCHRWebMonitor: HwCHRWifiUIDWebSpeed [appName=com.wallapop UID=10181  WEBSENDSEGS=16  WEBRESENDSEGS=0  WEBRECVSEGS=15  WEBERRSEGS=0  WEBOUTRSTS=0  WEBESTABLISRST=0  WEBRTTDURATION=37  WEBRTTSEGS=6  WEBSNDDUPACKS=0  suckTimes=0 recovage_times=0]

06-23 11:34:22.549 10588 10588 I appproc : Command=app_process /system/bin com.android.commands.am.Am start -W -n com.wallapop/com.rewallapop.ui.main.MainActivity -S

06-23 11:34:23.101  4080  4630 W PGApi_client: recv actoionId = 10000, action = com.huawei.pgmng.PGAction@11d6fd6 actionId =10000 pkg =com.wallapop extend1 =27145 extend2 = flag =3 type =1

06-23 11:34:23.101  4080  4630 W PGMiddleWare: in handleAction, invoke client = com.huawei.pgmng.middleware.AudioEffectLowPowerImpl@98189ad, action = com.huawei.pgmng.PGAction@11d6fd6 actionId =10000 pkg =com.wallapop extend1 =27145 extend2 = flag =3 type =1

06-23 11:34:23.558 10605 10659 I FA      :   adb shell setprop debug.firebase.analytics.app com.wallapop

06-23 11:34:25.503 10605 10605 I art     : Rejecting re-init on previously-failed class java.lang.Class<com.wallapop.clickstream.JobIntentService$f>

06-23 11:34:25.503 10605 10605 I art     : Rejecting re-init on previously-failed class java.lang.Class<com.wallapop.clickstream.JobIntentService$f>

06-23 11:34:31.758  5519  5530 I Finsky  : [2899] eth.b(2): com.wallapop: Account determined from installer data - [E7ZhE6RtwBr6ZrivWaTWep8klQM]

06-23 11:34:31.759  5519  5530 I Finsky  : [2899] eth.b(9): com.wallapop: Account from preferred account - [E7ZhE6RtwBr6ZrivWaTWep8klQM]

06-23 11:34:31.789  5519  5644 I Finsky  : [2982] eth.b(2): com.wallapop: Account determined from installer data - [E7ZhE6RtwBr6ZrivWaTWep8klQM]

06-23 11:34:31.790  5519  5644 I Finsky  : [2982] eth.b(9): com.wallapop: Account from preferred account - [E7ZhE6RtwBr6ZrivWaTWep8klQM]

06-23 11:34:32.280  5519  5644 I Finsky  : [2982] eth.b(2): com.wallapop: Account determined from installer data - [E7ZhE6RtwBr6ZrivWaTWep8klQM]

06-23 11:34:32.280  5519  5644 I Finsky  : [2982] eth.b(9): com.wallapop: Account from preferred account - [E7ZhE6RtwBr6ZrivWaTWep8klQM]

06-23 11:34:32.337  5519  9261 I Finsky  : [2997] eth.b(2): com.wallapop: Account determined from installer data - [E7ZhE6RtwBr6ZrivWaTWep8klQM]

06-23 11:34:32.338  5519  9261 I Finsky  : [2997] eth.b(9): com.wallapop: Account from preferred account - [E7ZhE6RtwBr6ZrivWaTWep8klQM]

06-23 11:34:32.372  5519  5530 I Finsky  : [2899] eth.b(2): com.wallapop: Account determined from installer data - [E7ZhE6RtwBr6ZrivWaTWep8klQM]

06-23 11:34:32.373  5519  5530 I Finsky  : [2899] eth.b(9): com.wallapop: Account from preferred account - [E7ZhE6RtwBr6ZrivWaTWep8klQM]

06-23 11:34:32.386  5519  5529 I Finsky  : [2898] eth.b(2): com.wallapop: Account determined from installer data - [E7ZhE6RtwBr6ZrivWaTWep8klQM]

06-23 11:34:32.386  5519  5529 I Finsky  : [2898] eth.b(9): com.wallapop: Account from preferred account - [E7ZhE6RtwBr6ZrivWaTWep8klQM]

06-23 11:34:32.596 10605 10722 E linker  : warning: unable to get realpath for the library "/data/data/com.wallapop/cache/1548865591327.dex". Will use given name.

06-23 11:34:32.723  3140  3159 I ActivityManager: Displayed com.wallapop/com.rewallapop.ui.wall.WallActivity: +2s725ms (total +9s683ms)

06-23 11:34:33.331  3140  3476 E HwCHRWebMonitor: running processNamecom.wallapop

06-23 11:34:33.332  3140  3476 E HwCHRWebMonitor: HwCHRWifiUIDWebSpeed [appName=com.wallapop UID=10181  WEBSENDSEGS=201  WEBRESENDSEGS=0  WEBRECVSEGS=179  WEBERRSEGS=0  WEBOUTRSTS=0  WEBESTABLISRST=0  WEBRTTDURATION=560  WEBRTTSEGS=67  WEBSNDDUPACKS=0  suckTimes=0 recovage_times=0]

06-23 11:34:33.344  5519  5644 I Finsky  : [2982] eth.b(2): com.wallapop: Account determined from installer data - [E7ZhE6RtwBr6ZrivWaTWep8klQM]

06-23 11:34:33.345  5519  5644 I Finsky  : [2982] eth.b(9): com.wallapop: Account from preferred account - [E7ZhE6RtwBr6ZrivWaTWep8klQM]

06-23 11:34:33.667  5519  9261 I Finsky  : [2997] eth.b(2): com.wallapop: Account determined from installer data - [E7ZhE6RtwBr6ZrivWaTWep8klQM]

06-23 11:34:33.667  5519  9261 I Finsky  : [2997] eth.b(9): com.wallapop: Account from preferred account - [E7ZhE6RtwBr6ZrivWaTWep8klQM]

06-23 11:34:33.692  5519  5530 I Finsky  : [2899] eth.b(2): com.wallapop: Account determined from installer data - [E7ZhE6RtwBr6ZrivWaTWep8klQM]

06-23 11:34:33.693  5519  5530 I Finsky  : [2899] eth.b(9): com.wallapop: Account from preferred account - [E7ZhE6RtwBr6ZrivWaTWep8klQM]

06-23 11:34:36.802 10605 10605 W View    : requestLayout() improperly called by com.wallapop.design.view.WallapopTextView{a754202 V.ED..... ......ID 36,20-36,61 #7f0a08d2 app:id/wp__home__tv_bubble} during layout: running second layout pass

06-23 11:34:38.369  3140  3476 E HwCHRWebMonitor: HwCHRWifiUIDWebSpeed [appName=com.wallapop UID=10181  WEBSENDSEGS=288  WEBRESENDSEGS=1  WEBRECVSEGS=283  WEBERRSEGS=0  WEBOUTRSTS=0  WEBESTABLISRST=0  WEBRTTDURATION=171  WEBRTTSEGS=28  WEBSNDDUPACKS=0  suckTimes=0 recovage_times=1]

06-23 11:34:43.398  3140  3476 E HwCHRWebMonitor: HwCHRWifiUIDWebSpeed [appName=com.wallapop UID=10181  WEBSENDSEGS=47  WEBRESENDSEGS=0  WEBRECVSEGS=47  WEBERRSEGS=0  WEBOUTRSTS=0  WEBESTABLISRST=0  WEBRTTDURATION=112  WEBRTTSEGS=20  WEBSNDDUPACKS=0  suckTimes=0 recovage_times=2]

06-23 11:34:50.150 11283 11283 I appproc : Command=app_process /system/bin com.android.commands.am.Am force-stop com.wallapop

06-23 11:34:51.268 11304 11359 I FA      :   adb shell setprop debug.firebase.analytics.app com.wallapop

06-23 11:34:53.453  3140  3476 E HwCHRWebMonitor: HwCHRWifiUIDWebSpeed [appName=com.wallapop UID=10181  WEBSENDSEGS=17  WEBRESENDSEGS=0  WEBRECVSEGS=14  WEBERRSEGS=0  WEBOUTRSTS=0  WEBESTABLISRST=2  WEBRTTDURATION=78  WEBRTTSEGS=5  WEBSNDDUPACKS=0  suckTimes=0 recovage_times=3]

06-23 11:34:53.646 11304 11304 I art     : Rejecting re-init on previously-failed class java.lang.Class<com.wallapop.clickstream.JobIntentService$f>

06-23 11:34:53.646 11304 11304 I art     : Rejecting re-init on previously-failed class java.lang.Class<com.wallapop.clickstream.JobIntentService$f>

06-23 11:34:58.495  3140  3476 E HwCHRWebMonitor: HwCHRWifiUIDWebSpeed [appName=com.wallapop UID=10181  WEBSENDSEGS=12  WEBRESENDSEGS=0  WEBRECVSEGS=11  WEBERRSEGS=0  WEBOUTRSTS=0  WEBESTABLISRST=0  WEBRTTDURATION=61  WEBRTTSEGS=4  WEBSNDDUPACKS=0  suckTimes=0 recovage_times=4]

06-23 11:35:03.531  3140  3476 E HwCHRWebMonitor: HwCHRWifiUIDWebSpeed [appName=com.wallapop UID=10181  WEBSENDSEGS=46  WEBRESENDSEGS=0  WEBRECVSEGS=41  WEBERRSEGS=0  WEBOUTRSTS=0  WEBESTABLISRST=0  WEBRTTDURATION=78  WEBRTTSEGS=21  WEBSNDDUPACKS=0  suckTimes=0 recovage_times=5]

06-23 11:35:36.924 11708 11708 I appproc : Command=app_process /system/bin com.android.commands.am.Am start -W -n com.wallapop/com.rewallapop.ui.main.MainActivity -S

06-23 11:35:37.494  4080  4630 W PGApi_client: recv actoionId = 10000, action = com.huawei.pgmng.PGAction@6d8b362 actionId =10000 pkg =com.wallapop extend1 =27145 extend2 = flag =3 type =1

06-23 11:35:37.494  4080  4630 W PGMiddleWare: in handleAction, invoke client = com.huawei.pgmng.middleware.AudioEffectLowPowerImpl@98189ad, action = com.huawei.pgmng.PGAction@6d8b362 actionId =10000 pkg =com.wallapop extend1 =27145 extend2 = flag =3 type =1

06-23 11:35:37.747 11722 11787 I FA      :   adb shell setprop debug.firebase.analytics.app com.wallapop

06-23 11:35:38.749  3140  3476 E HwCHRWebMonitor: running processNamecom.wallapop

06-23 11:35:39.141 11722 11722 I art     : Rejecting re-init on previously-failed class java.lang.Class<com.wallapop.clickstream.JobIntentService$f>

06-23 11:35:39.141 11722 11722 I art     : Rejecting re-init on previously-failed class java.lang.Class<com.wallapop.clickstream.JobIntentService$f>

06-23 11:35:43.777  3140  3476 E HwCHRWebMonitor: running processNamecom.wallapop

06-23 11:35:43.779  3140  3476 E HwCHRWebMonitor: HwCHRWifiUIDWebSpeed [appName=com.wallapop UID=10181  WEBSENDSEGS=121  WEBRESENDSEGS=0  WEBRECVSEGS=97  WEBERRSEGS=0  WEBOUTRSTS=0  WEBESTABLISRST=0  WEBRTTDURATION=378  WEBRTTSEGS=40  WEBSNDDUPACKS=0  suckTimes=0 recovage_times=0]

06-23 11:35:45.071  5519  5529 I Finsky  : [2898] eth.b(2): com.wallapop: Account determined from installer data - [E7ZhE6RtwBr6ZrivWaTWep8klQM]

06-23 11:35:45.072  5519  5529 I Finsky  : [2898] eth.b(9): com.wallapop: Account from preferred account - [E7ZhE6RtwBr6ZrivWaTWep8klQM]

06-23 11:35:45.095  5519  5644 I Finsky  : [2982] eth.b(2): com.wallapop: Account determined from installer data - [E7ZhE6RtwBr6ZrivWaTWep8klQM]

06-23 11:35:45.095  5519  5644 I Finsky  : [2982] eth.b(9): com.wallapop: Account from preferred account - [E7ZhE6RtwBr6ZrivWaTWep8klQM]

06-23 11:35:45.849 11722 11826 E linker  : warning: unable to get realpath for the library "/data/data/com.wallapop/cache/1548865591327.dex". Will use given name.

06-23 11:35:45.865  5519  9261 I Finsky  : [2997] eth.b(2): com.wallapop: Account determined from installer data - [E7ZhE6RtwBr6ZrivWaTWep8klQM]

06-23 11:35:45.865  5519  9261 I Finsky  : [2997] eth.b(9): com.wallapop: Account from preferred account - [E7ZhE6RtwBr6ZrivWaTWep8klQM]

06-23 11:35:45.974  5519  5530 I Finsky  : [2899] eth.b(2): com.wallapop: Account determined from installer data - [E7ZhE6RtwBr6ZrivWaTWep8klQM]

06-23 11:35:45.975  5519  5530 I Finsky  : [2899] eth.b(9): com.wallapop: Account from preferred account - [E7ZhE6RtwBr6ZrivWaTWep8klQM]

06-23 11:35:45.999  3140  3159 I ActivityManager: Displayed com.wallapop/com.rewallapop.ui.wall.WallActivity: +2s757ms (total +55s574ms)

06-23 11:35:46.121  5519  5529 I Finsky  : [2898] eth.b(2): com.wallapop: Account determined from installer data - [E7ZhE6RtwBr6ZrivWaTWep8klQM]

06-23 11:35:46.122  5519  5529 I Finsky  : [2898] eth.b(9): com.wallapop: Account from preferred account - [E7ZhE6RtwBr6ZrivWaTWep8klQM]

06-23 11:35:46.136  5519  5644 I Finsky  : [2982] eth.b(2): com.wallapop: Account determined from installer data - [E7ZhE6RtwBr6ZrivWaTWep8klQM]

06-23 11:35:46.137  5519  5644 I Finsky  : [2982] eth.b(9): com.wallapop: Account from preferred account - [E7ZhE6RtwBr6ZrivWaTWep8klQM]

06-23 11:35:46.550  5519  9261 I Finsky  : [2997] eth.b(2): com.wallapop: Account determined from installer data - [E7ZhE6RtwBr6ZrivWaTWep8klQM]

06-23 11:35:46.551  5519  9261 I Finsky  : [2997] eth.b(9): com.wallapop: Account from preferred account - [E7ZhE6RtwBr6ZrivWaTWep8klQM]

06-23 11:35:48.450 11722 11722 W View    : requestLayout() improperly called by com.wallapop.design.view.WallapopTextView{916bb03 V.ED..... ......ID 36,20-36,61 #7f0a08d2 app:id/wp__home__tv_bubble} during layout: running second layout pass

06-23 11:35:48.702  5519  5530 I Finsky  : [2899] eth.b(2): com.wallapop: Account determined from installer data - [E7ZhE6RtwBr6ZrivWaTWep8klQM]

06-23 11:35:48.704  5519  5530 I Finsky  : [2899] eth.b(9): com.wallapop: Account from preferred account - [E7ZhE6RtwBr6ZrivWaTWep8klQM]

06-23 11:35:48.756  5519  5529 I Finsky  : [2898] eth.b(2): com.wallapop: Account determined from installer data - [E7ZhE6RtwBr6ZrivWaTWep8klQM]

06-23 11:35:48.756  5519  5529 I Finsky  : [2898] eth.b(9): com.wallapop: Account from preferred account - [E7ZhE6RtwBr6ZrivWaTWep8klQM]

06-23 11:35:48.812  3140  3476 E HwCHRWebMonitor: HwCHRWifiUIDWebSpeed [appName=com.wallapop UID=10181  WEBSENDSEGS=112  WEBRESENDSEGS=0  WEBRECVSEGS=107  WEBERRSEGS=0  WEBOUTRSTS=0  WEBESTABLISRST=0  WEBRTTDURATION=247  WEBRTTSEGS=34  WEBSNDDUPACKS=0  suckTimes=0 recovage_times=1]

06-23 11:35:53.841  3140  3476 E HwCHRWebMonitor: HwCHRWifiUIDWebSpeed [appName=com.wallapop UID=10181  WEBSENDSEGS=224  WEBRESENDSEGS=0  WEBRECVSEGS=237  WEBERRSEGS=0  WEBOUTRSTS=0  WEBESTABLISRST=0  WEBRTTDURATION=290  WEBRTTSEGS=53  WEBSNDDUPACKS=0  suckTimes=0 recovage_times=2]

06-23 11:35:57.707  3140  3159 I ActivityManager: Displayed com.wallapop/.activities.PreferencesActivity: +901ms

06-23 11:35:58.218 11624 12062 W ByMatcher: Node returned null child: android.view.accessibility.AccessibilityNodeInfo@80007a0c; boundsInParent: Rect(0, 0 - 720, 1280); boundsInScreen: Rect(0, 0 - 720, 1280); packageName: com.wallapop; className: android.widget.FrameLayout; text: null; error: null; maxTextLength: -1; contentDescription: null; viewIdResName: null; checkable: false; checked: false; focusable: false; focused: false; selected: false; clickable: false; longClickable: false; contextClickable: false; enabled: true; password: false; scrollable: false; actions: [AccessibilityAction: ACTION_SELECT - null, AccessibilityAction: ACTION_CLEAR_SELECTION - null, AccessibilityAction: ACTION_ACCESSIBILITY_FOCUS - null, AccessibilityAction: ACTION_UNKNOWN - null]

06-23 11:35:58.227 11624 12062 W ByMatcher: Node returned null child: android.view.accessibility.AccessibilityNodeInfo@80007a0c; boundsInParent: Rect(0, 0 - 720, 1280); boundsInScreen: Rect(0, 0 - 720, 1280); packageName: com.wallapop; className: android.widget.FrameLayout; text: null; error: null; maxTextLength: -1; contentDescription: null; viewIdResName: null; checkable: false; checked: false; focusable: false; focused: false; selected: false; clickable: false; longClickable: false; contextClickable: false; enabled: true; password: false; scrollable: false; actions: [AccessibilityAction: ACTION_SELECT - null, AccessibilityAction: ACTION_CLEAR_SELECTION - null, AccessibilityAction: ACTION_ACCESSIBILITY_FOCUS - null, AccessibilityAction: ACTION_UNKNOWN - null]

06-23 11:35:58.867  3140  3476 E HwCHRWebMonitor: running processNamecom.wallapop

06-23 11:35:58.868  3140  3476 E HwCHRWebMonitor: HwCHRWifiUIDWebSpeed [appName=com.wallapop UID=10181  WEBSENDSEGS=21  WEBRESENDSEGS=0  WEBRECVSEGS=17  WEBERRSEGS=0  WEBOUTRSTS=0  WEBESTABLISRST=0  WEBRTTDURATION=84  WEBRTTSEGS=9  WEBSNDDUPACKS=0  suckTimes=0 recovage_times=3]

06-23 11:36:00.420  3140  3159 I ActivityManager: Displayed com.wallapop/com.helpshift.support.activities.ParentActivity: +636ms

06-23 11:36:00.892 11722 11729 W REALM_JAVA: Remember to call close() on all Realm instances. Realm /data/data/com.wallapop/files/feature_flags is being finalized without being closed, this can lead to running out of native memory.

06-23 11:36:00.893 11722 11729 W REALM_JAVA: Remember to call close() on all Realm instances. Realm /data/data/com.wallapop/files/feature_flags is being finalized without being closed, this can lead to running out of native memory.

06-23 11:36:00.893 11722 11729 W REALM_JAVA: Remember to call close() on all Realm instances. Realm /data/data/com.wallapop/files/feature_flags is being finalized without being closed, this can lead to running out of native memory.

06-23 11:36:03.901  3140  3476 E HwCHRWebMonitor: running processNamecom.wallapop

06-23 11:36:03.902  3140  3476 E HwCHRWebMonitor: HwCHRWifiUIDWebSpeed [appName=com.wallapop UID=10181  WEBSENDSEGS=14  WEBRESENDSEGS=0  WEBRECVSEGS=22  WEBERRSEGS=0  WEBOUTRSTS=0  WEBESTABLISRST=0  WEBRTTDURATION=43  WEBRTTSEGS=3  WEBSNDDUPACKS=0  suckTimes=0 recovage_times=4]

06-23 11:36:08.928  3140  3476 E HwCHRWebMonitor: running processNamecom.wallapop

06-23 11:36:08.930  3140  3476 E HwCHRWebMonitor: HwCHRWifiUIDWebSpeed [appName=com.wallapop UID=10181  WEBSENDSEGS=4  WEBRESENDSEGS=0  WEBRECVSEGS=2  WEBERRSEGS=0  WEBOUTRSTS=0  WEBESTABLISRST=0  WEBRTTDURATION=18  WEBRTTSEGS=1  WEBSNDDUPACKS=0  suckTimes=0 recovage_times=5]


