Executed '[C754] Contact us: Open a Helpshift ticket from the FAQs' on 26-06-2019
---------------------------------------------------------------------------------
06-26 16:14:12.038   874  1721 I ActivityManager: Force stopping com.wallapop appid=10265 user=0: from pid 12217

06-26 16:14:12.038   874  1721 I ActivityManager: Killing 10967:com.wallapop/u0a265 (adj 15): stop com.wallapop cause from pid 12217

06-26 16:14:12.038   874  1721 D ActivityManager: isAutoRunBlockedApp:: com.wallapop, Auto Run ON

06-26 16:14:12.048   874   874 V AlarmManager: Remove alarm for next reason : android.intent.action.PACKAGE_RESTARTED : package: com.wallapop

06-26 16:14:12.068 25967 25967 I ClearDataReceiver: [#DCM#] Intent Data: package:com.wallapop

06-26 16:14:12.308   874  1220 V WindowManager: addAppToken: AppWindowToken{bad7b08 token=Token{a188ab ActivityRecord{23a8afa u0 com.wallapop/com.rewallapop.ui.main.MainActivity t805}}} to stack=1 task=805 at 0

06-26 16:14:12.328   874  1132 D ISSUE_DEBUG: InputChannelName : 448fd7f Starting com.wallapop

06-26 16:14:12.348   874  4874 I ActivityManager: Start proc 12262:com.wallapop/u0a265 for activity com.wallapop/com.rewallapop.ui.main.MainActivity

06-26 16:14:12.348 12262 12262 W SELinux : SELinux: seapp_context_lookup: seinfo=default, level=s0:c512,c768, pkgname=com.wallapop

06-26 16:14:12.388   874  1132 V WindowStateAnimator: Finishing drawing window Window{448fd7f u0 d0 Starting com.wallapop}: mDrawState=DRAW_PENDING

06-26 16:14:12.398   874   894 D ActivityManager:  Launching com.wallapop, updated priority

06-26 16:14:12.418   874  1027 V MARsPolicyManager: updatePackagesScore PackageInfo name -- com.wallapop

06-26 16:14:12.418   874  1028 D StatusBarManagerService: manageDisableList userId=0 what=0x0 pkg=Window{448fd7f u0 d0 Starting com.wallapop}

06-26 16:14:12.418 12262 12262 W ResourcesManager: getTopLevelResources: /data/app/com.wallapop-1/base.apk / 1.0 running in com.wallapop rsrc of package null

06-26 16:14:12.578 12262 12278 W ResourcesManager: getTopLevelResources: /data/app/com.wallapop-1/base.apk / 1.0 running in com.wallapop rsrc of package null

06-26 16:14:12.588 12262 12262 W ResourcesManager: getTopLevelResources: /data/app/com.wallapop-1/base.apk / 1.0 running in com.wallapop rsrc of package null

06-26 16:14:12.598 12262 12278 I FA      :   adb shell setprop debug.firebase.analytics.app com.wallapop

06-26 16:14:12.598 12262 12280 W ResourcesManager: getTopLevelResources: /data/app/com.google.android.gms-1/base.apk / 1.0 running in com.wallapop rsrc of package null

06-26 16:14:12.598 12262 12286 W ResourcesManager: getTopLevelResources: /data/app/com.google.android.gms-1/base.apk / 1.0 running in com.wallapop rsrc of package null

06-26 16:14:12.598 12262 12262 W ResourcesManager: getTopLevelResources: /data/app/com.wallapop-1/base.apk / 1.0 running in com.wallapop rsrc of package null

06-26 16:14:12.598 12262 12289 W System.err: remove failed: ENOENT (No such file or directory) : /data/user/0/com.wallapop/files/AppEventsLogger.persistedevents

06-26 16:14:12.618 12262 12262 W ResourcesManager: getTopLevelResources: /data/app/com.wallapop-1/base.apk / 1.0 running in com.wallapop rsrc of package null

06-26 16:14:12.618   874  5340 V AlarmManager:  remove PendingIntent] PendingIntent{ceffde4: PendingIntentRecord{3e2c24d com.wallapop broadcastIntent}}

06-26 16:14:12.978 12262 12262 W System.err: mkdir failed: EEXIST (File exists) : /data/user/0/com.wallapop/cache/okhttp

06-26 16:14:14.008 12262 12315 I stetho  : Listening on @stetho_com.wallapop_devtools_remote

06-26 16:14:14.028 12262 12262 I art     : Rejecting re-init on previously-failed class java.lang.Class<com.wallapop.clickstream.JobIntentService$f>

06-26 16:14:14.028 12262 12262 I art     : Rejecting re-init on previously-failed class java.lang.Class<com.wallapop.clickstream.JobIntentService$f>

06-26 16:14:14.128 12262 12262 W ResourcesManager: getTopLevelResources: /data/app/com.google.android.gms-1/base.apk / 1.0 running in com.wallapop rsrc of package null

06-26 16:14:14.208 12262 12262 W ResourcesManager: getTopLevelResources: /data/app/com.google.android.gms-1/base.apk / 1.0 running in com.wallapop rsrc of package null

06-26 16:14:14.228 12262 12262 W ResourcesManager: getTopLevelResources: /data/data/com.google.android.gms/app_chimera/m/00000034/dl-AdsFdrDynamite.integ_20290000008.apk / 1.0 running in com.wallapop rsrc of package null

06-26 16:14:14.228 12262 12262 W ResourcesManager: getTopLevelResources: /data/data/com.google.android.gms/app_chimera/m/00000034/dl-AdsFdrDynamite.integ_20290000008.apk / 1.0 running in com.wallapop rsrc of package null

06-26 16:14:14.268 12262 12317 W System.err: remove failed: ENOENT (No such file or directory) : /data/user/0/com.wallapop/files/tfidf.db

06-26 16:14:14.288 12262 12317 W System.err: remove failed: ENOENT (No such file or directory) : /data/user/0/com.wallapop/databases/__hs__db_error_reports

06-26 16:14:14.288 12262 12317 W System.err: remove failed: ENOENT (No such file or directory) : /data/user/0/com.wallapop/databases/__hs__db_error_reports-journal

06-26 16:14:14.288 12262 12317 W System.err: remove failed: ENOENT (No such file or directory) : /data/user/0/com.wallapop/databases/__hs__db_error_reports-shm

06-26 16:14:14.288 12262 12317 W System.err: remove failed: ENOENT (No such file or directory) : /data/user/0/com.wallapop/databases/__hs__db_error_reports-wal

06-26 16:14:14.298 12262 12262 W ResourcesManager: getTopLevelResources: /data/app/com.google.android.gms-1/base.apk / 1.0 running in com.wallapop rsrc of package null

06-26 16:14:14.378 12262 12262 W ResourcesManager: getTopLevelResources: /data/app/com.google.android.webview-2/base.apk / 1.0 running in com.wallapop rsrc of package null

06-26 16:14:16.988 12262 12262 W ResourcesManager: getTopLevelResources: /data/app/com.wallapop-1/base.apk / 1.0 running in com.wallapop rsrc of package null

06-26 16:14:16.998 12262 12262 W ResourcesManager: getTopLevelResources: /data/app/com.wallapop-1/base.apk / 1.0 running in com.wallapop rsrc of package null

06-26 16:14:17.028   874  1422 V AlarmManager:  remove PendingIntent] PendingIntent{461bd72: PendingIntentRecord{43521b0 com.wallapop broadcastIntent}}

06-26 16:14:17.268   874  1723 V AlarmManager:  remove PendingIntent] PendingIntent{a8a3ebe: PendingIntentRecord{eecb1f com.wallapop broadcastIntent}}

06-26 16:14:17.278   874  1914 D LocationManagerService: request fc1f5fc passive Request[POWER_NONE passive fastest=0 num=1] from com.wallapop(10265)

06-26 16:14:17.378 12262 12262 W System.err: remove failed: ENOENT (No such file or directory) : /data/user/0/com.wallapop/cache/okhttp/journal.tmp

06-26 16:14:17.398 12262 12262 I Timeline: Timeline: Activity_launch_request id:com.wallapop time:13055422

06-26 16:14:17.408   874  2020 V WindowManager: addAppToken: AppWindowToken{19d6796 token=Token{d0e36b1 ActivityRecord{330b558 u0 com.wallapop/com.rewallapop.ui.wall.WallActivity t805}}} to stack=1 task=805 at 1

06-26 16:14:17.418   874  1028 D StatusBarManagerService: manageDisableList userId=0 what=0x0 pkg=Window{448fd7f u0 d0 Starting com.wallapop}

06-26 16:14:17.528 12262 12302 W ResourcesManager: getTopLevelResources: /data/app/com.google.android.gms-1/base.apk / 1.0 running in com.wallapop rsrc of package null

06-26 16:14:17.598   874  1027 D ApplicationPolicy: isStatusBarNotificationAllowedAsUser: packageName = com.wallapop,userId = 0

06-26 16:14:17.598   874  1027 V MARsPolicyManager: updatePackagesScore PackageInfo name -- com.wallapop

06-26 16:14:17.618   874   874 D MARsPolicyManager: NotificationListenerService OngoingNotificationPosted : com.wallapop

06-26 16:14:17.638  1391  1391 W ResourcesManager: getTopLevelResources: /data/app/com.wallapop-1/base.apk / 1.0 running in com.android.systemui rsrc of package null

06-26 16:14:17.658  1391  1391 W ResourcesManager: getTopLevelResources: /data/app/com.wallapop-1/base.apk / 1.0 running in com.android.systemui rsrc of package null

06-26 16:14:17.668  1391  1391 W ResourcesManager: getTopLevelResources: /data/app/com.wallapop-1/base.apk / 1.0 running in com.android.systemui rsrc of package null

06-26 16:14:17.668 12262 12364 W System.err: mkdir failed: EEXIST (File exists) : /data/user/0/com.wallapop/cache/WebView/Crash Reports

06-26 16:14:17.698  1391  1391 W ResourcesManager: getTopLevelResources: /data/app/com.wallapop-1/base.apk / 1.0 running in com.android.systemui rsrc of package null

06-26 16:14:17.788 12262 12262 W ResourcesManager: getTopLevelResources: /data/app/com.wallapop-1/base.apk / 1.0 running in com.wallapop rsrc of package null

06-26 16:14:17.798 12262 12262 W ResourcesManager: getTopLevelResources: /data/app/com.wallapop-1/base.apk / 1.0 running in com.wallapop rsrc of package null

06-26 16:14:17.848   874  1913 V AlarmManager:  remove PendingIntent] PendingIntent{ca475b3: PendingIntentRecord{eecb1f com.wallapop broadcastIntent}}

06-26 16:14:18.358 12262 12289 W System.err: remove failed: ENOENT (No such file or directory) : /data/user/0/com.wallapop/files/AppEventsLogger.persistedevents

06-26 16:14:18.398   874  1714 D ISSUE_DEBUG: InputChannelName : 153d4f7 com.wallapop/com.rewallapop.ui.wall.WallActivity

06-26 16:14:18.418 21819 21829 I Finsky  : [2684] eth.b(2): com.wallapop: Account determined from installer data - [E7ZhE6RtwBr6ZrivWaTWep8klQM]

06-26 16:14:18.418 21819 21829 I Finsky  : [2684] eth.b(9): com.wallapop: Account from preferred account - [E7ZhE6RtwBr6ZrivWaTWep8klQM]

06-26 16:14:18.418 21819 21830 I Finsky  : [2685] eth.b(2): com.wallapop: Account determined from installer data - [E7ZhE6RtwBr6ZrivWaTWep8klQM]

06-26 16:14:18.418 21819 21830 I Finsky  : [2685] eth.b(9): com.wallapop: Account from preferred account - [E7ZhE6RtwBr6ZrivWaTWep8klQM]

06-26 16:14:18.458 12262 12497 D Amazon DTB Ads API: with json params:[{"adsdk":"aps-android-7.4.3","gdpr":{"e":"1","c":"BAAAAAAOa0ob7AcABBENBtAAAAAh6AAA"},"oo":"false","mraid":["1.0","2.0","3.0"],"ua":"Dalvik\/2.1.0 (Linux; U; Android 6.0.1; SM-G900F Build\/MMB29M)","geoloc":"41.4058945,2.1864856,20.0","idfa":"1e214c05-ac1e-4c82-ae75-fb207f9c9c8a","appId":"d2ba46e2d5ef4c9883051d9c8d0125d5","ad-id":"A-6j1GeULkCtsqbiEmqTO1M","slots":[{"sz":"320x50","slot":"f414d83c-ab9f-4e02-9c59-5137663ee6c7","slotId":1,"supportedMediaTypes":["DISPLAY"]}],"dinfo":{"os":"Android","model":"SM-G900F","make":"samsung","osVersion":"6.0.1","connectionType":"Wifi","country":"ES","scalingFactor":"3.0","carrier":"JAZZTEL","language":"es","screenSize":"1080x1920","orientation":"portrait"},"pkg":{"lbl":"_Wallapop_","pn":"com.wallapop","v":"1760000","vn":"1.76.0-d1906251551"},"isDTBMobile":"true"}]

06-26 16:14:18.568   874  1028 D StatusBarManagerService: manageDisableList userId=0 what=0x0 pkg=Window{153d4f7 u0 d0 com.wallapop/com.rewallapop.ui.wall.WallActivity}

06-26 16:14:18.788 21819 21829 I Finsky  : [2684] eth.b(2): com.wallapop: Account determined from installer data - [E7ZhE6RtwBr6ZrivWaTWep8klQM]

06-26 16:14:18.788 21819 21829 I Finsky  : [2684] eth.b(9): com.wallapop: Account from preferred account - [E7ZhE6RtwBr6ZrivWaTWep8klQM]

06-26 16:14:18.808 21819 21830 I Finsky  : [2685] eth.b(2): com.wallapop: Account determined from installer data - [E7ZhE6RtwBr6ZrivWaTWep8klQM]

06-26 16:14:18.808 21819 21830 I Finsky  : [2685] eth.b(9): com.wallapop: Account from preferred account - [E7ZhE6RtwBr6ZrivWaTWep8klQM]

06-26 16:14:18.818 21819 24783 I Finsky  : [2763] eth.b(2): com.wallapop: Account determined from installer data - [E7ZhE6RtwBr6ZrivWaTWep8klQM]

06-26 16:14:18.818 21819 24783 I Finsky  : [2763] eth.b(9): com.wallapop: Account from preferred account - [E7ZhE6RtwBr6ZrivWaTWep8klQM]

06-26 16:14:18.848 21819 24782 I Finsky  : [2762] eth.b(2): com.wallapop: Account determined from installer data - [E7ZhE6RtwBr6ZrivWaTWep8klQM]

06-26 16:14:18.848 21819 24782 I Finsky  : [2762] eth.b(9): com.wallapop: Account from preferred account - [E7ZhE6RtwBr6ZrivWaTWep8klQM]

06-26 16:14:18.888   874  2732 V WindowStateAnimator: Finishing drawing window Window{153d4f7 u0 d0 com.wallapop/com.rewallapop.ui.wall.WallActivity}: mDrawState=DRAW_PENDING

06-26 16:14:18.888   874  1132 I ActivityManager: Displayed com.wallapop/com.rewallapop.ui.wall.WallActivity: +1s305ms (total +7m14s669ms)

06-26 16:14:18.898   874  1132 I Timeline: Timeline: Activity_windows_visible id: ActivityRecord{330b558 u0 com.wallapop/com.rewallapop.ui.wall.WallActivity t805} time:13056921

06-26 16:14:18.958   874  1913 V WindowStateAnimator: Finishing drawing window Window{153d4f7 u0 d0 com.wallapop/com.rewallapop.ui.wall.WallActivity}: mDrawState=HAS_DRAWN

06-26 16:14:18.978 21819 21829 I Finsky  : [2684] eth.b(2): com.wallapop: Account determined from installer data - [E7ZhE6RtwBr6ZrivWaTWep8klQM]

06-26 16:14:18.978 21819 21829 I Finsky  : [2684] eth.b(9): com.wallapop: Account from preferred account - [E7ZhE6RtwBr6ZrivWaTWep8klQM]

06-26 16:14:18.998   874  1723 I AppOps  : sendInfoToFLP, code=41 , uid=10265 , packageName=com.wallapop , type=startOp

06-26 16:14:19.028 12262 12262 W ResourcesManager: getTopLevelResources: /data/app/com.google.android.gms-1/base.apk / 1.0 running in com.wallapop rsrc of package null

06-26 16:14:19.148 12262 12325 W ResourcesManager: getTopLevelResources: /data/data/com.google.android.gms/app_chimera/m/00000034/dl-AdsFdrDynamite.integ_20290000008.apk / 1.0 running in com.wallapop rsrc of package null

06-26 16:14:19.218 21819 21830 I Finsky  : [2685] eth.b(2): com.wallapop: Account determined from installer data - [E7ZhE6RtwBr6ZrivWaTWep8klQM]

06-26 16:14:19.218 21819 21830 I Finsky  : [2685] eth.b(9): com.wallapop: Account from preferred account - [E7ZhE6RtwBr6ZrivWaTWep8klQM]

06-26 16:14:19.228 21819 24783 I Finsky  : [2763] eth.b(2): com.wallapop: Account determined from installer data - [E7ZhE6RtwBr6ZrivWaTWep8klQM]

06-26 16:14:19.228 21819 24783 I Finsky  : [2763] eth.b(9): com.wallapop: Account from preferred account - [E7ZhE6RtwBr6ZrivWaTWep8klQM]

06-26 16:14:19.428 12262 12466 W ResourcesManager: getTopLevelResources: /data/app/com.google.android.gms-1/base.apk / 1.0 running in com.wallapop rsrc of package null

06-26 16:14:20.118 12262 12262 W View    : requestLayout() improperly called by com.wallapop.design.view.WallapopTextView{9f088ee V.ED..... ......ID 54,30-54,92 #7f0a08d7 app:id/wp__home__tv_bubble} during layout: running second layout pass

06-26 16:14:21.048 12262 12289 W System.err: remove failed: ENOENT (No such file or directory) : /data/user/0/com.wallapop/files/AppEventsLogger.persistedevents

06-26 16:14:27.588   874  1027 V BroadcastQueue: [background] Process cur broadcast BroadcastRecord{c55c2b4 u0 com.appboy.action.receiver.DATA_SYNC qIdx=4}, state= (APP_RECEIVE) DELIVERED for app ProcessRecord{34e6102 12262:com.wallapop/u0a265}

06-26 16:14:29.308 12262 12262 I Timeline: Timeline: Activity_launch_request id:com.wallapop time:13067331

06-26 16:14:29.318   874  5340 V WindowManager: addAppToken: AppWindowToken{be65620 token=Token{c870123 ActivityRecord{8113a52 u0 com.wallapop/.activities.PreferencesActivity t805}}} to stack=1 task=805 at 1

06-26 16:14:29.358   874  1027 V MARsPolicyManager: updatePackagesScore PackageInfo name -- com.wallapop

06-26 16:14:29.358 12262 12262 W ResourcesManager: getTopLevelResources: /data/app/com.wallapop-1/base.apk / 1.0 running in com.wallapop rsrc of package null

06-26 16:14:29.368 12262 12262 W ResourcesManager: getTopLevelResources: /data/app/com.wallapop-1/base.apk / 1.0 running in com.wallapop rsrc of package null

06-26 16:14:29.368 12262 12262 W ResourcesManager: getTopLevelResources: /data/app/com.wallapop-1/base.apk / 1.0 running in com.wallapop rsrc of package null

06-26 16:14:29.418   874  1721 V AlarmManager:  remove PendingIntent] PendingIntent{c109bd9: PendingIntentRecord{eecb1f com.wallapop broadcastIntent}}

06-26 16:14:29.498   874  1721 D ISSUE_DEBUG: InputChannelName : 5be8c7f com.wallapop/com.wallapop.activities.PreferencesActivity

06-26 16:14:29.528   874  1028 D StatusBarManagerService: manageDisableList userId=0 what=0x0 pkg=Window{5be8c7f u0 d0 com.wallapop/com.wallapop.activities.PreferencesActivity}

06-26 16:14:29.598   874  3012 V WindowStateAnimator: Finishing drawing window Window{5be8c7f u0 d0 com.wallapop/com.wallapop.activities.PreferencesActivity}: mDrawState=DRAW_PENDING

06-26 16:14:29.628   874  1132 I ActivityManager: Displayed com.wallapop/.activities.PreferencesActivity: +286ms

06-26 16:14:29.628   874  1422 V WindowStateAnimator: Finishing drawing window Window{5be8c7f u0 d0 com.wallapop/com.wallapop.activities.PreferencesActivity}: mDrawState=HAS_DRAWN

06-26 16:14:29.878   874  1132 I Timeline: Timeline: Activity_windows_visible id: ActivityRecord{8113a52 u0 com.wallapop/.activities.PreferencesActivity t805} time:13067900

06-26 16:14:29.908   874  1722 I AppOps  : sendInfoToFLP, code=41 , uid=10265 , packageName=com.wallapop , type=finishOp

06-26 16:14:29.908 12262 12262 V ActivityThread: updateVisibility : ActivityRecord{1228910 token=android.os.BinderProxy@f524c0 {com.wallapop/com.rewallapop.ui.wall.WallActivity}} show : false

06-26 16:14:30.478 12147 12561 W ByMatcher: Node returned null child: android.view.accessibility.AccessibilityNodeInfo@80007501; boundsInParent: Rect(0, 0 - 1080, 1920); boundsInScreen: Rect(0, 0 - 1080, 1920); packageName: com.wallapop; className: android.widget.FrameLayout; text: null; error: null; maxTextLength: -1; contentDescription: null; viewIdResName: null; checkable: false; checked: false; focusable: false; focused: false; selected: false; clickable: false; longClickable: false; contextClickable: false; enabled: true; password: false; scrollable: false; actions: [AccessibilityAction: ACTION_SELECT - null, AccessibilityAction: ACTION_CLEAR_SELECTION - null, AccessibilityAction: ACTION_ACCESSIBILITY_FOCUS - null, AccessibilityAction: ACTION_UNKNOWN - null]

06-26 16:14:30.478 12147 12561 W ByMatcher: Node returned null child: android.view.accessibility.AccessibilityNodeInfo@80007501; boundsInParent: Rect(0, 0 - 1080, 1920); boundsInScreen: Rect(0, 0 - 1080, 1920); packageName: com.wallapop; className: android.widget.FrameLayout; text: null; error: null; maxTextLength: -1; contentDescription: null; viewIdResName: null; checkable: false; checked: false; focusable: false; focused: false; selected: false; clickable: false; longClickable: false; contextClickable: false; enabled: true; password: false; scrollable: false; actions: [AccessibilityAction: ACTION_SELECT - null, AccessibilityAction: ACTION_CLEAR_SELECTION - null, AccessibilityAction: ACTION_ACCESSIBILITY_FOCUS - null, AccessibilityAction: ACTION_UNKNOWN - null]

06-26 16:14:31.538 12262 12262 I Timeline: Timeline: Activity_launch_request id:com.wallapop time:13069565

06-26 16:14:31.548   874  1914 V WindowManager: addAppToken: AppWindowToken{6f0ab14 token=Token{fea8167 ActivityRecord{e354126 u0 com.wallapop/com.helpshift.support.activities.ParentActivity t805}}} to stack=1 task=805 at 2

06-26 16:14:31.578   874  1027 V MARsPolicyManager: updatePackagesScore PackageInfo name -- com.wallapop

06-26 16:14:31.578 12262 12262 W ResourcesManager: getTopLevelResources: /data/app/com.wallapop-1/base.apk / 1.0 running in com.wallapop rsrc of package null

06-26 16:14:31.588 12262 12262 W ResourcesManager: getTopLevelResources: /data/app/com.wallapop-1/base.apk / 1.0 running in com.wallapop rsrc of package null

06-26 16:14:31.638   874  4874 V AlarmManager:  remove PendingIntent] PendingIntent{8b4fab9: PendingIntentRecord{eecb1f com.wallapop broadcastIntent}}

06-26 16:14:31.718   874  1721 D ISSUE_DEBUG: InputChannelName : ffc365f com.wallapop/com.helpshift.support.activities.ParentActivity

06-26 16:14:31.728   874  1028 D StatusBarManagerService: manageDisableList userId=0 what=0x0 pkg=Window{ffc365f u0 d0 com.wallapop/com.helpshift.support.activities.ParentActivity}

06-26 16:14:31.868   874   892 V WindowStateAnimator: Finishing drawing window Window{ffc365f u0 d0 com.wallapop/com.helpshift.support.activities.ParentActivity}: mDrawState=DRAW_PENDING

06-26 16:14:31.878   874  1132 I ActivityManager: Displayed com.wallapop/com.helpshift.support.activities.ParentActivity: +312ms

06-26 16:14:32.128   874  1132 I Timeline: Timeline: Activity_windows_visible id: ActivityRecord{e354126 u0 com.wallapop/com.helpshift.support.activities.ParentActivity t805} time:13070156

06-26 16:14:32.158 12262 12262 V ActivityThread: updateVisibility : ActivityRecord{420c8d3 token=android.os.BinderProxy@231125 {com.wallapop/com.wallapop.activities.PreferencesActivity}} show : false

06-26 16:14:32.458 12262 12739 W System.err: remove failed: ENOENT (No such file or directory) : /data/user/0/com.wallapop/files/fullIndex.db

06-26 16:14:40.488   874  1422 V WindowManager: addAppToken: AppWindowToken{e2e722d token=Token{1f0144 ActivityRecord{1009257 u0 com.wallapop/com.rewallapop.ui.main.MainActivity t805}}} to stack=1 task=805 at 3

06-26 16:14:40.538   874  1027 V MARsPolicyManager: updatePackagesScore PackageInfo name -- com.wallapop

06-26 16:14:40.538 12262 12262 W ResourcesManager: getTopLevelResources: /data/app/com.wallapop-1/base.apk / 1.0 running in com.wallapop rsrc of package null

06-26 16:14:40.548 12262 12262 W ResourcesManager: getTopLevelResources: /data/app/com.wallapop-1/base.apk / 1.0 running in com.wallapop rsrc of package null

06-26 16:14:40.588   874  5340 V AlarmManager:  remove PendingIntent] PendingIntent{c5e8362: PendingIntentRecord{eecb1f com.wallapop broadcastIntent}}

06-26 16:14:40.628 12262 12262 I Timeline: Timeline: Activity_launch_request id:com.wallapop time:13078652

06-26 16:14:40.628   874  1220 W ActivityManager: startActivity called from finishing ActivityRecord{1009257 u0 com.wallapop/com.rewallapop.ui.main.MainActivity t805 f}; forcing Intent.FLAG_ACTIVITY_NEW_TASK for: Intent { cmp=com.wallapop/com.helpshift.support.activities.ParentActivity (has extras) }

06-26 16:14:40.638   874  1027 V MARsPolicyManager: updatePackagesScore PackageInfo name -- com.wallapop

06-26 16:14:41.098 12262 12289 W System.err: remove failed: ENOENT (No such file or directory) : /data/user/0/com.wallapop/files/AppEventsLogger.persistedevents

06-26 16:14:41.108   874  1422 V AlarmManager:  remove PendingIntent] PendingIntent{64c2c8: PendingIntentRecord{43521b0 com.wallapop broadcastIntent}}


