Executed '[C58894] Chat: Active conversations - Conversations information' on 31-10-2019
---------------------------------------------------------------------------------
11-10 09:55:50.740  4748  4795 I appium  : AppiumResponse: {"sessionId":"fb8301ec-76d1-4fa1-8804-eeb8cbf65e0a","value":{"sessionId":"fb8301ec-76d1-4fa1-8804-eeb8cbf65e0a","capabilities":{"firstMatch":[{"platform":"LINUX","webStorageEnabled":false,"takesScreenshot":true,"javascriptEnabled":true,"databaseEnabled":false,"networkConnectionEnabled":true,"locationContextEnabled":false,"warnings":{},"desired":{"platformName":"android","normalizeTagNames":true,"androidInstallTimeout":150000,"app":"","appActivity":"com.rewallapop.ui.main.MainActivity","appPackage":"com.wallapop","isHeadless":false,"skipDeviceInitialization":true,"autoAcceptAlerts":true,"autoGrantPermissions":true,"automationName":"UiAutomator2","avd":"","deviceName":"3200f02dc0aab5db","deviceReadyTimeout":1,"fullReset":false,"ignoreUnimportantViews":true,"newCommandTimeout":60,"noReset":true,"systemPort":8223,"udid":"3200f02dc0aab5db"},"platformName":"android","normalizeTagNames":true,"androidInstallTimeout":150000,"app":"","appActivity":"com.rewallapop.ui.main.MainActivity","appPackage":"com.wallapop","isHeadless":false,"skipDeviceInitialization":true,"autoAcceptAlerts":true,"autoGrantPermissions":true,"automationName":"UiAutomator2","avd":"","deviceName":"3200f02dc0aab5db","deviceReadyTimeout":1,"fullReset":false,"ignoreUnimportantViews":true,"newCommandTimeout":60,"noReset":true,"systemPort":8223,"udid":"3200f02dc0aab5db","deviceUDID":"3200f02dc0aab5db"}],"alwaysMatch":{}}}}

11-10 09:55:51.277  4211  5504 I ActivityManager: Force stopping com.wallapop appid=10311 user=0: from pid 4802 caller com.android.server.am.ActivityManagerShellCommand.runStartActivity:412

11-10 09:55:51.282  4211  4211 D SamsungAlarmManager: Remove alarm for next reason : android.intent.action.PACKAGE_RESTARTED : package: com.wallapop

11-10 09:55:51.291  4211  4227 W BroadcastQueue: Background execution not allowed: receiving Intent { act=android.intent.action.PACKAGE_RESTARTED dat=package:com.wallapop flg=0x10 (has extras) } to android/com.kddi.android.CpaNotiReceiver

11-10 09:55:51.541  4211  5504 I ActivityManager: START u0 {act=null typ=null flg=0x10000000 cmp=ComponentInfo{com.wallapop/com.rewallapop.ui.main.MainActivity}} from uid 2000

11-10 09:55:51.554  4211  5504 I ActivityManager: [IOP] sourceDir : /data/app/com.wallapop-YuY1orTsl_VIwwe6m0TquQ== in ActivityStacksupervisor

11-10 09:55:51.570  3727  3727 I SurfaceFlinger: id=23589 createSurf (4440x4440),2 flag=4, AppWindowToken{888d28e token=Token{591289 ActivityRecord{6a0b990 u0 com.wallapop/com.rewallapop.ui.main.MainActivity t2118}}}#0

11-10 09:55:51.582  3727  3727 I SurfaceFlinger: id=23590 createSurf (4440x4440),2 flag=4, d3cb043 Splash Screen com.wallapop#0

11-10 09:55:51.587  4211  6757 D StorageManagerService: getExternalStorageMountMode : final mountMode=1, uid : 10311, packageName : com.wallapop

11-10 09:55:51.587  4211  6757 I ApplicationPolicy: isApplicationExternalStorageWhitelisted:com.wallapop user:0

11-10 09:55:51.587  4211  6757 D ActivityManager: package  com.wallapop, user - 0 is SDcard whitelisted

11-10 09:55:51.587  4211  6757 I ApplicationPolicy: isApplicationExternalStorageBlacklisted:com.wallapop user:0

11-10 09:55:51.587  4211  6757 I ApplicationPolicy: isApplicationExternalStorageBlacklisted:com.wallapop user:0

11-10 09:55:51.588  4211  4211 D Telecom:SamsungPrebindingServiceImpl: onTopActivityChanged : ComponentInfo{com.wallapop/com.rewallapop.ui.main.MainActivity}

11-10 09:55:51.602  4211  4310 V WindowManager: Relayout Window{d3cb043 u0 Splash Screen com.wallapop}: viewVisibility=0 req=1080x2220 {(0,0)(fillxfill) sim={adjust=pan} ty=APPLICATION_STARTING fmt=TRANSLUCENT wanim=0x10302fe

11-10 09:55:51.603  4211  4229 I ActivityManager: Start proc 4811:com.wallapop/u0a311 for activity com.wallapop/com.rewallapop.ui.main.MainActivity

11-10 09:55:51.605  3727  3727 I SurfaceFlinger: id=23591 createSurf (1080x2220),1 flag=4, Splash Screen com.wallapop#0

11-10 09:55:51.607  4211  4310 D WindowManager: makeSurface duration=3 name=Splash Screen com.wallapop

11-10 09:55:51.610  4811  4811 I com.wallapop: Late-enabling -Xcheck:jni

11-10 09:55:51.644  4811  4811 I com.wallapop: report jit thread pid = 4833

11-10 09:55:51.644  4211  4310 D WindowManager: finishDrawingWindow: Window{d3cb043 u0 Splash Screen com.wallapop} mDrawState=DRAW_PENDING

11-10 09:55:51.646  4211  4310 I WindowManager: commitFinishDrawingLocked: mDrawState=READY_TO_SHOW Surface(name=Splash Screen com.wallapop)/@0x4a152b5

11-10 09:55:51.646  4211  4310 V WindowManager: Resize reasons for w=Window{d3cb043 u0 Splash Screen com.wallapop}:  contentInsetsChanged=false [0,63][0,126] visibleInsetsChanged=false [0,63][0,126] stableInsetsChanged=false [0,63][0,126] outsetsChanged=false [0,0][0,0] surfaceResized=false configChanged=false dragResizingChanged=false reportOrientationChanged=false displayCutoutChanged=false nextForceRelayoutToClient=false

11-10 09:55:51.668  4211  5514 I ActivityManager: DSS on for com.wallapop and scale is 1.0

11-10 09:55:51.672  4211  5514 I WindowManager: commitFinishDrawingLocked: mDrawState=READY_TO_SHOW Surface(name=Splash Screen com.wallapop)/@0x4a152b5

11-10 09:55:51.676  4211  4310 I WindowManager: commitFinishDrawingLocked: mDrawState=READY_TO_SHOW Surface(name=Splash Screen com.wallapop)/@0x4a152b5

11-10 09:55:51.677  4211  5514 D GamePkgDataHelper: notifyAppCreate(), pkgName: com.wallapop, sendRet: true

11-10 09:55:51.678  4211  4473 D GamePkgDataHelper: getGamePkgData(). com.wallapop

11-10 09:55:51.678  4211  4473 D GameManagerService: handleMessage(), MSG_APP_CREATE. ignore. pkgName: com.wallapop

11-10 09:55:51.683  4211  5514 D GameManagerService: noteResumeComponent(), resumeComponent: com.wallapop

11-10 09:55:51.683  4211  4473 D GameManagerService: handleForegroundChange(). pkgName: com.wallapop, clsName: com.rewallapop.ui.main.MainActivity,FgActivityName:com.wallapop/com.rewallapop.ui.main.MainActivity

11-10 09:55:51.683  4211  4473 D GameManagerService:   handleForegroundChange(). set mFgApp: com.wallapop

11-10 09:55:51.683  4211  5514 D GamePkgDataHelper: getSosPolicy(). com.wallapop

11-10 09:55:51.683  4211  8761 D GamePkgDataHelper: getGamePkgDataIncServer(). com.wallapop

11-10 09:55:51.683  4211  4473 D GameManagerService: notifyResumePause(). pkg: com.wallapop, type: 4, isMinimized: false, isTunableApp: false

11-10 09:55:51.684  4211  5514 D GameManagerService: identifyGamePackage. com.wallapop

11-10 09:55:51.684  4211  5514 D GamePkgDataHelper: getGamePkgData(). com.wallapop

11-10 09:55:51.684  4211  5514 D MARsPolicyManager: onPackageResumedFG pkgName = com.wallapop, userId = 0

11-10 09:55:51.686  4211  4310 I WindowManager: commitFinishDrawingLocked: mDrawState=READY_TO_SHOW Surface(name=Splash Screen com.wallapop)/@0x4a152b5

11-10 09:55:51.695  4211  4310 I WindowManager: Cancelling animation restarting=true, leash=null, surface=Surface(name=AppWindowToken{888d28e token=Token{591289 ActivityRecord{6a0b990 u0 com.wallapop/com.rewallapop.ui.main.MainActivity t2118}}})/@0x114afee, parent=Surface(name=Task=2118)/@0x37d9c8f

11-10 09:55:51.695  4211  4310 I WindowManager: Reparenting to leash, surface=Surface(name=AppWindowToken{888d28e token=Token{591289 ActivityRecord{6a0b990 u0 com.wallapop/com.rewallapop.ui.main.MainActivity t2118}}})/@0x114afee

11-10 09:55:51.696  3727  3727 I SurfaceFlinger: id=23593 createSurf (4440x4440),2 flag=4, Surface(name=AppWindowToken{888d28e token=Token{591289 ActivityRecord{6a0b990 u0 com.wallapop/com.rewallapop.ui.main.MainActivity t2118}}})/@0x114afee - animation-leash#0

11-10 09:55:51.698  4211  4310 D WindowManager: makeSurface duration=3 leash=Surface(name=Surface(name=AppWindowToken{888d28e token=Token{591289 ActivityRecord{6a0b990 u0 com.wallapop/com.rewallapop.ui.main.MainActivity t2118}}})/@0x114afee - animation-leash)/@0x7c96b1c

11-10 09:55:51.698  4211  4310 D SurfaceControl: reparent is called, sc=Surface(name=AppWindowToken{888d28e token=Token{591289 ActivityRecord{6a0b990 u0 com.wallapop/com.rewallapop.ui.main.MainActivity t2118}}})/@0x114afee, newParentHandle=android.os.BinderProxy@30d5325, transaction=android.view.SurfaceControl$Transaction@f9fdcfa

11-10 09:55:51.699  4211  4310 V WindowManager: performShowLocked: mDrawState=HAS_DRAWN in Window{d3cb043 u0 Splash Screen com.wallapop}

11-10 09:55:51.702  3727  3771 D Layer   : [AppWindowToken{888d28e token=Token{591289 ActivityRecord{6a0b990 u0 com.wallapop/com.rewallapop.ui.main.MainActivity t2118}}}#0]::reparent oldParent:[Task=2118#0], newParent:[Surface(name=AppWindowToken{888d28e token=Token{591289 ActivityRecord{6a0b990 u0 com.wallapop/com.rewallapop.ui.main.MainActivity t2118}}})/@0x114afee - animation-leash#0]

11-10 09:55:51.706  4211  8761 D GamePkgDataHelper: getSosPolicy(). com.wallapop

11-10 09:55:51.706  4811  4811 I com.wallapop: The ClassLoaderContext is a special shared library.

11-10 09:55:51.706  4211  4228 D CodecSolution: isMaxAspectPackageEx: com.wallapop : true(2)

11-10 09:55:51.707  4211  4228 D WindowManager: setSystemUiVisibility: vis= 0xa018, fullscreenVis= 0x2000, dockedVis= 0x0, win=Window{d3cb043 u0 Splash Screen com.wallapop}

11-10 09:55:51.712  4211  6758 D GameManagerService: identifyGamePackage. com.wallapop

11-10 09:55:51.712  4211  6758 D GamePkgDataHelper: getGamePkgData(). com.wallapop

11-10 09:55:51.717  4211  5514 D GameManagerService: identifyGamePackage. com.wallapop

11-10 09:55:51.718  4211  5514 D GamePkgDataHelper: getGamePkgData(). com.wallapop

11-10 09:55:51.802  3727  3727 I SurfaceFlinger:      Client | 0x70de034580 | 0000 | RGBA_8888 |   0.0    1.0 1080.0 2219.0 |   89  184  991 2036 | Splash Screen com.wallapop#0

11-10 09:55:51.830  3727  3727 I SurfaceFlinger:      Device | 0x70de034580 | 0000 | RGBA_8888 |   0.0    0.0 1080.0 2220.0 |   67  137 1013 2083 | Splash Screen com.wallapop#0

11-10 09:55:51.836  4211  4669 D MdnieScenarioControlService:  packageName : com.wallapop    className : com.rewallapop.ui.main.MainActivity

11-10 09:55:51.943  4211  4310 I WindowManager: reset, Reparenting to original parent, shouldDeferScheduleAnimation=false, destroyLeash=true, surface=Surface(name=AppWindowToken{888d28e token=Token{591289 ActivityRecord{6a0b990 u0 com.wallapop/com.rewallapop.ui.main.MainActivity t2118}}})/@0x114afee, parent=Surface(name=Task=2118)/@0x37d9c8f, parentNativeHandle=android.os.BinderProxy@87ecec6, caller=com.android.server.wm.SurfaceAnimator.lambda$getFinishedCallback$0:97 com.android.server.wm.-$$Lambda$SurfaceAnimator$SIBia0mND666K8lMCPsoid8pUTI.run:4 com.android.server.wm.SurfaceAnimator.lambda$getFinishedCallback$1:104 com.android.server.wm.-$$Lambda$SurfaceAnimator$vdRZk66hQVbQCvVXEaQCT1kVmFc.onAnimationFinished:4 com.android.server.wm.LocalAnimationAdapter.lambda$startAnimation$0:74

11-10 09:55:51.943  4211  4310 D SurfaceControl: reparent is called, sc=Surface(name=AppWindowToken{888d28e token=Token{591289 ActivityRecord{6a0b990 u0 com.wallapop/com.rewallapop.ui.main.MainActivity t2118}}})/@0x114afee, newParentHandle=android.os.BinderProxy@87ecec6, transaction=android.view.SurfaceControl$Transaction@f9fdcfa

11-10 09:55:51.944  4211  4310 D SurfaceControl: destroy(transaction), animation-leash is destroyed, sc=Surface(name=Surface(name=AppWindowToken{888d28e token=Token{591289 ActivityRecord{6a0b990 u0 com.wallapop/com.rewallapop.ui.main.MainActivity t2118}}})/@0x114afee - animation-leash)/@0x7c96b1c, transaction=android.view.SurfaceControl$Transaction@f9fdcfa, caller=com.android.server.wm.SurfaceAnimator.reset:338 com.android.server.wm.SurfaceAnimator.lambda$getFinishedCallback$0:97 com.android.server.wm.-$$Lambda$SurfaceAnimator$SIBia0mND666K8lMCPsoid8pUTI.run:4 com.android.server.wm.SurfaceAnimator.lambda$getFinishedCallback$1:104 com.android.server.wm.-$$Lambda$SurfaceAnimator$vdRZk66hQVbQCvVXEaQCT1kVmFc.onAnimationFinished:4 com.android.server.wm.LocalAnimationAdapter.lambda$startAnimation$0:74 com.android.server.wm.-$$Lambda$LocalAnimationAdapter$X--EomqUvw4qy89IeeTFTH7aCMo.run:4

11-10 09:55:51.948  3727  3770 D Layer   : [AppWindowToken{888d28e token=Token{591289 ActivityRecord{6a0b990 u0 com.wallapop/com.rewallapop.ui.main.MainActivity t2118}}}#0]::reparent oldParent:[Surface(name=AppWindowToken{888d28e token=Token{591289 ActivityRecord{6a0b990 u0 com.wallapop/com.rewallapop.ui.main.MainActivity t2118}}})/@0x114afee - animation-leash#0], newParent:[Task=2118#0]

11-10 09:55:51.948  3727  3770 I SurfaceFlinger: id=23593 Removed Surface(name=AppWindowToken{888d28e token=Token{591289 ActivityRecord{6a0b990 u0 com.wallapop/com.rewallapop.ui.main.MainActivity t2118}}})/@0x114afee - animation-leash#0 (0/54)

11-10 09:55:51.959  3727  3727 I Layer   : id=23593 onRemoved Surface(name=AppWindowToken{888d28e token=Token{591289 ActivityRecord{6a0b990 u0 com.wallapop/com.rewallapop.ui.main.MainActivity t2118}}})/@0x114afee - animation-leash#0

11-10 09:55:51.999  3727  3727 I SurfaceFlinger:      Device | 0x70de034580 | 0000 | RGBA_8888 |   0.0    0.0 1080.0 2220.0 |    0    0 1080 2220 | Splash Screen com.wallapop#0

11-10 09:55:53.706  4211  4390 D WifiTrafficPoller: TrafficStats TxPkts=760312 RxPkts=1353945 TxBytes=173285396 RxBytes=1285255942 , Foreground uid=10311 pkgName=com.wallapop TxPackets=58865 RxPackets=67375 TxBytes=8789229 RxBytes=67965687

11-10 09:55:53.901  4811  4867 I FA      :   adb shell setprop debug.firebase.analytics.app com.wallapop

11-10 09:55:53.923  4811  4901 W com.wallapop: Unsupported class loader

11-10 09:55:53.930  4811  4901 W com.wallapop: Skipping duplicate class check due to unsupported classloader

11-10 09:55:53.994  4811  4901 W com.wallapop: Unsupported class loader

11-10 09:55:54.125  4811  4901 I com.wallapop: Waiting for a blocking GC ClassLinker

11-10 09:55:54.132  4811  4901 I com.wallapop: WaitForGcToComplete blocked ClassLinker on ClassLinker for 6.910ms

11-10 09:55:55.563  4811  4840 I com.wallapop: Background concurrent copying GC freed 40638(2MB) AllocSpace objects, 6(1008KB) LOS objects, 50% free, 17MB/35MB, paused 862us total 106.579ms

11-10 09:55:55.681  4811  4966 I stetho  : Listening on @stetho_com.wallapop_devtools_remote

11-10 09:55:55.840  4811  4998 W com.wallapop: Accessing hidden field Lsun/misc/Unsafe;->theUnsafe:Lsun/misc/Unsafe; (light greylist, reflection)

11-10 09:55:55.972  4811  5005 W com.wallapop: Accessing hidden field Ljava/nio/Buffer;->address:J (light greylist, reflection)

11-10 09:55:56.087  4811  4811 I com.wallapop: The ClassLoaderContext is a special shared library.

11-10 09:55:56.091  4811  4811 I chatty  : uid=10311(com.wallapop) identical 1 line

11-10 09:55:56.096  4811  4811 I com.wallapop: The ClassLoaderContext is a special shared library.

11-10 09:55:56.438  4811  5037 W com.wallapop: Accessing hidden method Landroid/content/Context;->bindServiceAsUser(Landroid/content/Intent;Landroid/content/ServiceConnection;ILandroid/os/Handler;Landroid/os/UserHandle;)Z (light greylist, reflection)

11-10 09:55:56.443  4211  5514 I ApplicationPolicy: isApplicationExternalStorageWhitelisted:com.wallapop user:0

11-10 09:55:56.443  4211  5514 D ActivityManager: package  com.wallapop, user - 0 is SDcard whitelisted

11-10 09:55:56.443  4211  5514 I ApplicationPolicy: isApplicationExternalStorageBlacklisted:com.wallapop user:0

11-10 09:55:56.443  4211  5514 I ApplicationPolicy: isApplicationExternalStorageBlacklisted:com.wallapop user:0

11-10 09:55:56.473  4211  4229 I ActivityManager: Start proc 5050:com.android.chrome:sandboxed_process0/u0i771 for webview_service com.wallapop/org.chromium.content.app.SandboxedProcessService0

11-10 09:55:56.508  4211  5514 I ActivityManager: DSS on for com.wallapop and scale is 1.0

11-10 09:55:56.510  4211  5514 D MultiDisplayManager: init process display: set packageProcessId, displayId=0, same_package_proc=ProcessRecord{a8f8c23d0 4811:com.wallapop/u0a311}, app=ProcessRecord{d768274d0 5050:com.android.chrome:sandboxed_process0/u0a311i771}

11-10 09:55:56.515  4211  4222 D WifiPermissionsUtil: canAccessScanResults: pkgName = com.wallapop, uid = 10311

11-10 09:55:56.602  4811  4811 W com.wallapop: Accessing hidden method Landroid/view/textclassifier/logging/SmartSelectionEventTracker;-><init>(Landroid/content/Context;I)V (light greylist, reflection)

11-10 09:55:56.602  4811  4811 W com.wallapop: Accessing hidden method Landroid/view/textclassifier/logging/SmartSelectionEventTracker;->logEvent(Landroid/view/textclassifier/logging/SmartSelectionEventTracker$SelectionEvent;)V (light greylist, reflection)

11-10 09:55:56.603  4811  4811 W com.wallapop: Accessing hidden method Landroid/view/textclassifier/logging/SmartSelectionEventTracker$SelectionEvent;->selectionStarted(I)Landroid/view/textclassifier/logging/SmartSelectionEventTracker$SelectionEvent; (light greylist, reflection)

11-10 09:55:56.603  4811  4811 W com.wallapop: Accessing hidden method Landroid/view/textclassifier/logging/SmartSelectionEventTracker$SelectionEvent;->selectionModified(II)Landroid/view/textclassifier/logging/SmartSelectionEventTracker$SelectionEvent; (light greylist, reflection)

11-10 09:55:56.603  4811  4811 W com.wallapop: Accessing hidden method Landroid/view/textclassifier/logging/SmartSelectionEventTracker$SelectionEvent;->selectionModified(IILandroid/view/textclassifier/TextClassification;)Landroid/view/textclassifier/logging/SmartSelectionEventTracker$SelectionEvent; (light greylist, reflection)

11-10 09:55:56.603  4811  4811 W com.wallapop: Accessing hidden method Landroid/view/textclassifier/logging/SmartSelectionEventTracker$SelectionEvent;->selectionModified(IILandroid/view/textclassifier/TextSelection;)Landroid/view/textclassifier/logging/SmartSelectionEventTracker$SelectionEvent; (light greylist, reflection)

11-10 09:55:56.603  4811  4811 W com.wallapop: Accessing hidden method Landroid/view/textclassifier/logging/SmartSelectionEventTracker$SelectionEvent;->selectionAction(III)Landroid/view/textclassifier/logging/SmartSelectionEventTracker$SelectionEvent; (light greylist, reflection)

11-10 09:55:56.603  4811  4811 W com.wallapop: Accessing hidden method Landroid/view/textclassifier/logging/SmartSelectionEventTracker$SelectionEvent;->selectionAction(IIILandroid/view/textclassifier/TextClassification;)Landroid/view/textclassifier/logging/SmartSelectionEventTracker$SelectionEvent; (light greylist, reflection)

11-10 09:55:56.661  4811  5063 W com.wallapop: Accessing hidden method Landroid/media/AudioManager;->getOutputLatency(I)I (light greylist, reflection)

11-10 09:55:56.735  4811  4811 W com.wallapop: Accessing hidden method Landroid/app/ActivityThread;->currentPackageName()Ljava/lang/String; (light greylist, reflection)

11-10 09:55:57.102  4811  5138 W com.wallapop: Accessing hidden method Lcom/android/org/conscrypt/OpenSSLSocketImpl;->setAlpnProtocols([B)V (light greylist, reflection)

11-10 09:55:57.425  4811  5138 W com.wallapop: Accessing hidden method Lcom/android/org/conscrypt/OpenSSLSocketImpl;->getAlpnSelectedProtocol()[B (light greylist, reflection)

11-10 09:55:57.718  4211  7608 D GameManagerService: identifyGamePackage. com.wallapop

11-10 09:55:57.718  4211  7608 D GamePkgDataHelper: getGamePkgData(). com.wallapop

11-10 09:55:57.790  4211  4390 D WifiTrafficPoller: TrafficStats TxPkts=760342 RxPkts=1353994 TxBytes=173304069 RxBytes=1285274754 , Foreground uid=10311 pkgName=com.wallapop TxPackets=58891 RxPackets=67394 TxBytes=8807562 RxBytes=67977347

11-10 09:55:59.133  4211  4222 D SamsungAlarmManager: Cancel Alarm calling from uid:10311 pid :4811 / op:PendingIntent{5361428: PendingIntentRecord{11af541 com.wallapop broadcastIntent}}

11-10 09:55:59.215  4811  4811 W com.wallapop: Accessing hidden method Landroid/graphics/drawable/Drawable;->getOpticalInsets()Landroid/graphics/Insets; (light greylist, linking)

11-10 09:55:59.215  4811  4811 W com.wallapop: Accessing hidden field Landroid/graphics/Insets;->left:I (light greylist, linking)

11-10 09:55:59.215  4811  4811 W com.wallapop: Accessing hidden field Landroid/graphics/Insets;->right:I (light greylist, linking)

11-10 09:55:59.215  4811  4811 W com.wallapop: Accessing hidden field Landroid/graphics/Insets;->top:I (light greylist, linking)

11-10 09:55:59.215  4811  4811 W com.wallapop: Accessing hidden field Landroid/graphics/Insets;->bottom:I (light greylist, linking)

11-10 09:55:59.398  4811  4840 I com.wallapop: Background concurrent copying GC freed 266679(18MB) AllocSpace objects, 75(6MB) LOS objects, 49% free, 11MB/22MB, paused 400us total 146.464ms

11-10 09:55:59.828  4811  4811 W com.wallapop: Accessing hidden method Landroid/view/View;->computeFitSystemWindows(Landroid/graphics/Rect;Landroid/graphics/Rect;)Z (light greylist, reflection)

11-10 09:55:59.829  4811  4811 W com.wallapop: Accessing hidden method Landroid/view/ViewGroup;->makeOptionalFitsSystemWindows()V (light greylist, reflection)

11-10 09:55:59.862  4811  4811 W com.wallapop: Accessing hidden field Landroid/view/ViewGroup;->mOnHierarchyChangeListener:Landroid/view/ViewGroup$OnHierarchyChangeListener; (light greylist, reflection)

11-10 09:55:59.870  4211  4222 D SamsungAlarmManager: Cancel Alarm calling from uid:10311 pid :4811 / op:PendingIntent{5580b79: PendingIntentRecord{291f0be com.wallapop broadcastIntent}}

11-10 09:55:59.904  4211  8761 D LocationManagerService: request c6206c passive Request[POWER_NONE passive fastest=0 num=1 lowPowerMode=false] from com.wallapop(10311 foreground)

11-10 09:55:59.905  4622  4682 V ListenerMonitor_FLP: addListener, type : 0 packageName : com.wallapop , listener count : 1

11-10 09:55:59.906  4622  4682 E RequestManager_FLP: [LocationManagerService] Location request c6206c(PendingIntent) passive interval=0 from com.wallapop(10311)

11-10 09:55:59.946  4811  4811 I chatty  : uid=10311(com.wallapop) identical 4 lines

11-10 09:55:59.951  4811  4811 I chatty  : uid=10311(com.wallapop) identical 2 lines

11-10 09:55:59.954  4811  4811 I chatty  : uid=10311(com.wallapop) identical 3 lines

11-10 09:55:59.954  4811  4811 I chatty  : uid=10311(com.wallapop) identical 1 line

11-10 09:55:59.955  4811  4811 I chatty  : uid=10311(com.wallapop) identical 8 lines

11-10 09:56:00.164  4211  8761 I ActivityManager: START u0 {act=null typ=null flg=0x0 cmp=ComponentInfo{com.wallapop/com.rewallapop.ui.wall.WallActivity}} from uid 10311

11-10 09:56:00.174  3727  3727 I SurfaceFlinger: id=23594 createSurf (4440x4440),2 flag=4, AppWindowToken{e221104 token=Token{96b0917 ActivityRecord{8a95996 u0 com.wallapop/com.rewallapop.ui.wall.WallActivity t2118}}}#0

11-10 09:56:00.177  4211  8761 D SurfaceControl: reparent is called, sc=Surface(name=d3cb043 Splash Screen com.wallapop)/@0x2c8a6ed, newParentHandle=android.os.BinderProxy@a997922, transaction=android.view.SurfaceControl$Transaction@88d1fb3

11-10 09:56:00.182  3727  3770 D Layer   : [d3cb043 Splash Screen com.wallapop#0]::reparent oldParent:[AppWindowToken{888d28e token=Token{591289 ActivityRecord{6a0b990 u0 com.wallapop/com.rewallapop.ui.main.MainActivity t2118}}}#0], newParent:[AppWindowToken{e221104 token=Token{96b0917 ActivityRecord{8a95996 u0 com.wallapop/com.rewallapop.ui.wall.WallActivity t2118}}}#0]

11-10 09:56:00.184  4211  4228 D WindowManager: setSystemUiVisibility: vis= 0xa018, fullscreenVis= 0x2000, dockedVis= 0x0, win=Window{d3cb043 u0 Splash Screen com.wallapop}

11-10 09:56:00.188  4211  4211 D Telecom:SamsungPrebindingServiceImpl: onTopActivityChanged : ComponentInfo{com.wallapop/com.rewallapop.ui.wall.WallActivity}

11-10 09:56:00.418  4811  5275 I com.wallapop: The ClassLoaderContext is a special shared library.

11-10 09:56:00.455  4211  4227 D ApplicationPolicy: isStatusBarNotificationAllowedAsUser: packageName = com.wallapop,userId = 0

11-10 09:56:00.456  4211  4227 D ApplicationPolicy: isStatusBarNotificationAllowedAsUser: packageName = com.wallapop,userId = 0

11-10 09:56:00.464  4211  5514 D GamePkgDataHelper: notifyAppCreate(), pkgName: com.wallapop, sendRet: true

11-10 09:56:00.464  4211  4473 D GamePkgDataHelper: getGamePkgData(). com.wallapop

11-10 09:56:00.464  4211  4473 D GameManagerService: handleMessage(), MSG_APP_CREATE. ignore. pkgName: com.wallapop

11-10 09:56:00.468  4211  5514 D GameManagerService: noteResumeComponent(), resumeComponent: com.wallapop

11-10 09:56:00.468  4211  5514 D MARsPolicyManager: onPackageResumedFG pkgName = com.wallapop, userId = 0

11-10 09:56:00.468  4211  4473 D GameManagerService: handleForegroundChange(). pkgName: com.wallapop, clsName: com.rewallapop.ui.wall.WallActivity,FgActivityName:com.wallapop/com.rewallapop.ui.wall.WallActivity

11-10 09:56:00.469  4211  4211 D Telecom:SamsungPrebindingServiceImpl: onTopActivityChanged : ComponentInfo{com.wallapop/com.rewallapop.ui.wall.WallActivity}

11-10 09:56:00.473  4211  5514 I WindowManager: Cancelling animation restarting=true, leash=null, surface=Surface(name=AppWindowToken{888d28e token=Token{591289 ActivityRecord{6a0b990 u0 com.wallapop/com.rewallapop.ui.main.MainActivity t2118}}})/@0x114afee, parent=Surface(name=Task=2118)/@0x37d9c8f

11-10 09:56:00.473  4211  5514 I WindowManager: Reparenting to leash, surface=Surface(name=AppWindowToken{888d28e token=Token{591289 ActivityRecord{6a0b990 u0 com.wallapop/com.rewallapop.ui.main.MainActivity t2118}}})/@0x114afee

11-10 09:56:00.474  3727  3727 I SurfaceFlinger: id=23595 createSurf (4440x4440),2 flag=4, Surface(name=AppWindowToken{888d28e token=Token{591289 ActivityRecord{6a0b990 u0 com.wallapop/com.rewallapop.ui.main.MainActivity t2118}}})/@0x114afee - animation-leash#0

11-10 09:56:00.476  4211  5514 D WindowManager: makeSurface duration=3 leash=Surface(name=Surface(name=AppWindowToken{888d28e token=Token{591289 ActivityRecord{6a0b990 u0 com.wallapop/com.rewallapop.ui.main.MainActivity t2118}}})/@0x114afee - animation-leash)/@0x92cba59

11-10 09:56:00.476  4211  5514 D SurfaceControl: reparent is called, sc=Surface(name=AppWindowToken{888d28e token=Token{591289 ActivityRecord{6a0b990 u0 com.wallapop/com.rewallapop.ui.main.MainActivity t2118}}})/@0x114afee, newParentHandle=android.os.BinderProxy@2a8a61e, transaction=android.view.SurfaceControl$Transaction@f9fdcfa

11-10 09:56:00.484  3727  3770 D Layer   : [AppWindowToken{888d28e token=Token{591289 ActivityRecord{6a0b990 u0 com.wallapop/com.rewallapop.ui.main.MainActivity t2118}}}#0]::reparent oldParent:[Task=2118#0], newParent:[Surface(name=AppWindowToken{888d28e token=Token{591289 ActivityRecord{6a0b990 u0 com.wallapop/com.rewallapop.ui.main.MainActivity t2118}}})/@0x114afee - animation-leash#0]

11-10 09:56:00.511  4811  4964 W com.wallapop: Accessing hidden method Ldalvik/system/VMRuntime;->getRuntime()Ldalvik/system/VMRuntime; (light greylist, reflection)

11-10 09:56:00.511  4811  4964 W com.wallapop: Accessing hidden method Ldalvik/system/VMRuntime;->vmInstructionSet()Ljava/lang/String; (light greylist, reflection)

11-10 09:56:00.562 23911 23911 D Notification.Badge: [valid] onNotificationPosted : StatusBarNotification(pkg=com.wallapop user=UserHandle{0} id=999 tag=null key=0|com.wallapop|999|null|10311: Notification(channel=wallapop_channel pri=-2 contentView=null vibrate=null sound=null defaults=0x0 flags=0x62 color=0x00000000 vis=PRIVATE semFlags=0x0 semPriority=0 semMissedCount=0))

11-10 09:56:00.563 23911 23911 D Notification.Badge: notificationKey : 0|com.wallapop|999|null|10311, count : 0, this.count : 1

11-10 09:56:00.564 23911 23978 D Notification.Badge: LauncherModel:onNotificationPosted() : com.wallapop, count : [0], shouldBeFilteredOut : [false]

11-10 09:56:00.564 23911 23978 D Notification.Badge: notificationKey : 0|com.wallapop|999|null|10311, count : 1, mTotalCount : 1

11-10 09:56:00.570 23911 23978 D Notification.Badge: updateLauncherIconBadges() item : [IconInfo(title=_Wallapop_ intent=Intent { act=android.intent.action.MAIN cat=[android.intent.category.LAUNCHER] flg=0x10200000 cmp=com.wallapop/.activities.HomeActivity (has extras) } id=160 type=0 container=-102 screen=1 cellX=3 cellY=0 spanX=1 spanY=1 rank=3 hidden=0 dropPos=null user=UserHandle{0} screenType=0)], mShowBadge : [true], item.mBadgeCount : [1]

11-10 09:56:00.585 23911 23911 D RecommendedView: updateBadgeItems: [IconInfo(title=_Wallapop_ intent=Intent { act=android.intent.action.MAIN cat=[android.intent.category.LAUNCHER] flg=0x10200000 cmp=com.wallapop/.activities.HomeActivity (has extras) } id=160 type=0 container=-102 screen=1 cellX=3 cellY=0 spanX=1 spanY=1 rank=3 hidden=0 dropPos=null user=UserHandle{0} screenType=0)]

11-10 09:56:00.589  3562  4040 I Finsky  : [8313] fxs.d(3): com.wallapop: Account determined from installer data - [rJj4Md76H4LxoN-B4dnoZM7XaXDDBcXGlC-caOCi6Uc]

11-10 09:56:00.589  3562  4040 I Finsky  : [8313] fxs.d(14): com.wallapop: Account from preferred account - [rJj4Md76H4LxoN-B4dnoZM7XaXDDBcXGlC-caOCi6Uc]

11-10 09:56:00.599  3562  4040 I Finsky  : [8313] fxs.d(3): com.wallapop: Account determined from installer data - [rJj4Md76H4LxoN-B4dnoZM7XaXDDBcXGlC-caOCi6Uc]

11-10 09:56:00.600  3562  4040 I Finsky  : [8313] fxs.d(14): com.wallapop: Account from preferred account - [rJj4Md76H4LxoN-B4dnoZM7XaXDDBcXGlC-caOCi6Uc]

11-10 09:56:00.604  3562  4040 I Finsky  : [8313] fxs.d(3): com.wallapop: Account determined from installer data - [rJj4Md76H4LxoN-B4dnoZM7XaXDDBcXGlC-caOCi6Uc]

11-10 09:56:00.604  3562  4040 I Finsky  : [8313] fxs.d(14): com.wallapop: Account from preferred account - [rJj4Md76H4LxoN-B4dnoZM7XaXDDBcXGlC-caOCi6Uc]

11-10 09:56:00.618  3562  4040 I Finsky  : [8313] fxs.d(3): com.wallapop: Account determined from installer data - [rJj4Md76H4LxoN-B4dnoZM7XaXDDBcXGlC-caOCi6Uc]

11-10 09:56:00.619  3562  4040 I Finsky  : [8313] fxs.d(14): com.wallapop: Account from preferred account - [rJj4Md76H4LxoN-B4dnoZM7XaXDDBcXGlC-caOCi6Uc]

11-10 09:56:00.767  4211  4310 I WindowManager: reset, Reparenting to original parent, shouldDeferScheduleAnimation=false, destroyLeash=true, surface=Surface(name=AppWindowToken{888d28e token=Token{591289 ActivityRecord{6a0b990 u0 com.wallapop/com.rewallapop.ui.main.MainActivity t2118}}})/@0x114afee, parent=Surface(name=Task=2118)/@0x37d9c8f, parentNativeHandle=android.os.BinderProxy@87ecec6, caller=com.android.server.wm.SurfaceAnimator.lambda$getFinishedCallback$0:97 com.android.server.wm.-$$Lambda$SurfaceAnimator$SIBia0mND666K8lMCPsoid8pUTI.run:4 com.android.server.wm.SurfaceAnimator.lambda$getFinishedCallback$1:104 com.android.server.wm.-$$Lambda$SurfaceAnimator$vdRZk66hQVbQCvVXEaQCT1kVmFc.onAnimationFinished:4 com.android.server.wm.LocalAnimationAdapter.lambda$startAnimation$0:74

11-10 09:56:00.767  4211  4310 D SurfaceControl: reparent is called, sc=Surface(name=AppWindowToken{888d28e token=Token{591289 ActivityRecord{6a0b990 u0 com.wallapop/com.rewallapop.ui.main.MainActivity t2118}}})/@0x114afee, newParentHandle=android.os.BinderProxy@87ecec6, transaction=android.view.SurfaceControl$Transaction@f9fdcfa

11-10 09:56:00.768  4211  4310 D SurfaceControl: destroy(transaction), animation-leash is destroyed, sc=Surface(name=Surface(name=AppWindowToken{888d28e token=Token{591289 ActivityRecord{6a0b990 u0 com.wallapop/com.rewallapop.ui.main.MainActivity t2118}}})/@0x114afee - animation-leash)/@0x92cba59, transaction=android.view.SurfaceControl$Transaction@f9fdcfa, caller=com.android.server.wm.SurfaceAnimator.reset:338 com.android.server.wm.SurfaceAnimator.lambda$getFinishedCallback$0:97 com.android.server.wm.-$$Lambda$SurfaceAnimator$SIBia0mND666K8lMCPsoid8pUTI.run:4 com.android.server.wm.SurfaceAnimator.lambda$getFinishedCallback$1:104 com.android.server.wm.-$$Lambda$SurfaceAnimator$vdRZk66hQVbQCvVXEaQCT1kVmFc.onAnimationFinished:4 com.android.server.wm.LocalAnimationAdapter.lambda$startAnimation$0:74 com.android.server.wm.-$$Lambda$LocalAnimationAdapter$X--EomqUvw4qy89IeeTFTH7aCMo.run:4

11-10 09:56:00.783  3727  5386 D Layer   : [AppWindowToken{888d28e token=Token{591289 ActivityRecord{6a0b990 u0 com.wallapop/com.rewallapop.ui.main.MainActivity t2118}}}#0]::reparent oldParent:[Surface(name=AppWindowToken{888d28e token=Token{591289 ActivityRecord{6a0b990 u0 com.wallapop/com.rewallapop.ui.main.MainActivity t2118}}})/@0x114afee - animation-leash#0], newParent:[Task=2118#0]

11-10 09:56:00.783  3727  5386 I SurfaceFlinger: id=23595 Removed Surface(name=AppWindowToken{888d28e token=Token{591289 ActivityRecord{6a0b990 u0 com.wallapop/com.rewallapop.ui.main.MainActivity t2118}}})/@0x114afee - animation-leash#0 (0/53)

11-10 09:56:00.798  3727  3727 I Layer   : id=23595 onRemoved Surface(name=AppWindowToken{888d28e token=Token{591289 ActivityRecord{6a0b990 u0 com.wallapop/com.rewallapop.ui.main.MainActivity t2118}}})/@0x114afee - animation-leash#0

11-10 09:56:00.973  4211  6757 D SamsungAlarmManager: Cancel Alarm calling from uid:10311 pid :4811 / op:PendingIntent{7626164: PendingIntentRecord{291f0be com.wallapop broadcastIntent}}

11-10 09:56:01.157  4811  4840 I com.wallapop: Background concurrent copying GC freed 132237(8MB) AllocSpace objects, 40(1592KB) LOS objects, 49% free, 19MB/38MB, paused 11.638ms total 547.928ms

11-10 09:56:01.380  4811  4811 W com.wallapop: Accessing hidden method Landroid/widget/TextView;->getTextDirectionHeuristic()Landroid/text/TextDirectionHeuristic; (light greylist, linking)

11-10 09:56:01.398  4811  4811 W com.wallapop: Accessing hidden method Landroid/graphics/FontFamily;-><init>()V (light greylist, reflection)

11-10 09:56:01.398  4811  4811 W com.wallapop: Accessing hidden method Landroid/graphics/FontFamily;->addFontFromAssetManager(Landroid/content/res/AssetManager;Ljava/lang/String;IZIII[Landroid/graphics/fonts/FontVariationAxis;)Z (light greylist, reflection)

11-10 09:56:01.398  4811  4811 W com.wallapop: Accessing hidden method Landroid/graphics/FontFamily;->addFontFromBuffer(Ljava/nio/ByteBuffer;I[Landroid/graphics/fonts/FontVariationAxis;II)Z (light greylist, reflection)

11-10 09:56:01.398  4811  4811 W com.wallapop: Accessing hidden method Landroid/graphics/FontFamily;->freeze()Z (light greylist, reflection)

11-10 09:56:01.399  4811  4811 W com.wallapop: Accessing hidden method Landroid/graphics/FontFamily;->abortCreation()V (light greylist, reflection)

11-10 09:56:01.399  4811  4811 W com.wallapop: Accessing hidden method Landroid/graphics/Typeface;->createFromFamiliesWithDefault([Landroid/graphics/FontFamily;Ljava/lang/String;II)Landroid/graphics/Typeface; (light greylist, reflection)

11-10 09:56:01.552  4811  5330 I com.wallapop: The ClassLoaderContext is a special shared library.

11-10 09:56:01.681  4811  5005 D FirebasePerformance: Logging NetworkRequestMetric - https://settings.crashlytics.com/spi/v2/platforms/android/apps/com.wallapop/settings 1531b 746ms,

11-10 09:56:01.684  4811  5005 I FirebasePerformance: Rate Limited NetworkRequestMetric - https://settings.crashlytics.com/spi/v2/platforms/android/apps/com.wallapop/settings

11-10 09:56:01.839  4211  4390 D WifiTrafficPoller: TrafficStats TxPkts=760592 RxPkts=1354319 TxBytes=173336871 RxBytes=1285508805 , Foreground uid=10311 pkgName=com.wallapop TxPackets=59108 RxPackets=67617 TxBytes=8837543 RxBytes=68182462

11-10 09:56:02.171  4211  5239 D ActivityManagerPerformance: Received MSG_DISABLE_ACT_START, r: ActivityRecord{8a95996 u0 com.wallapop/com.rewallapop.ui.wall.WallActivity t2118}

11-10 09:56:02.373  4811  4833 I com.wallapop: Compiler allocated 4MB to compile void android.widget.TextView.<init>(android.content.Context, android.util.AttributeSet, int, int)

11-10 09:56:02.547  3727  3727 I SurfaceFlinger: id=23596 createSurf (4440x4440),2 flag=4, 258f1c7 com.wallapop/com.rewallapop.ui.wall.WallActivity#0

11-10 09:56:02.580  3562  3587 I Finsky  : [8252] fxs.d(3): com.wallapop: Account determined from installer data - [rJj4Md76H4LxoN-B4dnoZM7XaXDDBcXGlC-caOCi6Uc]

11-10 09:56:02.582  3562  3587 I Finsky  : [8252] fxs.d(14): com.wallapop: Account from preferred account - [rJj4Md76H4LxoN-B4dnoZM7XaXDDBcXGlC-caOCi6Uc]

11-10 09:56:03.289  4811  4840 I com.wallapop: Background concurrent copying GC freed 238138(17MB) AllocSpace objects, 73(4MB) LOS objects, 49% free, 18MB/37MB, paused 1.913ms total 506.294ms

11-10 09:56:03.470  4211  6758 V WindowManager: Relayout Window{258f1c7 u0 com.wallapop/com.rewallapop.ui.wall.WallActivity}: viewVisibility=0 req=1080x2220 {(0,0)(fillxfill) sim={adjust=resize forwardNavigation} ty=BASE_APPLICATION wanim=0x10302fe

11-10 09:56:03.476  3727  3727 I SurfaceFlinger: id=23597 createSurf (1080x2220),1 flag=404, com.wallapop/com.rewallapop.ui.wall.WallActivity[4811]#0

11-10 09:56:03.477  4211  6758 D WindowManager: makeSurface duration=2 name=com.wallapop/com.rewallapop.ui.wall.WallActivity[4811]

11-10 09:56:03.477  4211  6758 V WindowManager: Changing focus from null to Window{258f1c7 u0 com.wallapop/com.rewallapop.ui.wall.WallActivity} Callers=com.android.server.wm.WindowManagerService.relayoutWindow:2526 com.android.server.wm.Session.relayoutForTranslate:302 android.view.IWindowSession$Stub.onTransact:518 com.android.server.wm.Session.onTransact:186

11-10 09:56:03.478  4211  4228 D WindowManager: setSystemUiVisibility: vis= 0xa518, fullscreenVis= 0x2000, dockedVis= 0x0, win=Window{258f1c7 u0 com.wallapop/com.rewallapop.ui.wall.WallActivity}

11-10 09:56:03.481  4211  4242 D WindowManager: reportFocusChangedSerialized, focused=true, inTouchMode=true, win=Window{258f1c7 u0 com.wallapop/com.rewallapop.ui.wall.WallActivity}

11-10 09:56:03.752  4211  6757 D WindowManager: finishDrawingWindow: Window{258f1c7 u0 com.wallapop/com.rewallapop.ui.wall.WallActivity} mDrawState=DRAW_PENDING

11-10 09:56:03.769  4211  4310 I WindowManager: commitFinishDrawingLocked: mDrawState=READY_TO_SHOW Surface(name=com.wallapop/com.rewallapop.ui.wall.WallActivity[4811])/@0x233b64c

11-10 09:56:03.769  4211  4310 V WindowManager: Resize reasons for w=Window{258f1c7 u0 com.wallapop/com.rewallapop.ui.wall.WallActivity}:  contentInsetsChanged=false [0,63][0,126] visibleInsetsChanged=false [0,63][0,126] stableInsetsChanged=false [0,63][0,126] outsetsChanged=false [0,0][0,0] surfaceResized=false configChanged=false dragResizingChanged=false reportOrientationChanged=false displayCutoutChanged=false nextForceRelayoutToClient=false

11-10 09:56:03.777  4211  4310 I WindowManager: commitFinishDrawingLocked: mDrawState=READY_TO_SHOW Surface(name=com.wallapop/com.rewallapop.ui.wall.WallActivity[4811])/@0x233b64c

11-10 09:56:03.777  4211  4310 I WindowManager: Cancelling animation restarting=false, leash=null, surface=Surface(name=258f1c7 com.wallapop/com.rewallapop.ui.wall.WallActivity)/@0xc57f695, parent=Surface(name=AppWindowToken{e221104 token=Token{96b0917 ActivityRecord{8a95996 u0 com.wallapop/com.rewallapop.ui.wall.WallActivity t2118}}})/@0xad393aa

11-10 09:56:03.777  4211  4310 V WindowManager: performShowLocked: mDrawState=HAS_DRAWN in Window{258f1c7 u0 com.wallapop/com.rewallapop.ui.wall.WallActivity}

11-10 09:56:03.797  4211  4310 V WindowManager: Remove Window{d3cb043 u0 Splash Screen com.wallapop}: mSurfaceController=Surface(name=Splash Screen com.wallapop)/@0x4a152b5 mAnimatingExit=false mRemoveOnExit=false mHasSurface=true surfaceShowing=true isAnimationSet=false app-animation=false mWillReplaceWindow=false inPendingTransaction=false mDisplayFrozen=false callers=com.android.server.wm.WindowState.removeIfPossible:2764 com.android.server.wm.WindowManagerService.removeWindow:1943 com.android.server.wm.Session.remove:268 android.view.ViewRootImpl.dispatchDetachedFromWindow:4565 android.view.ViewRootImpl.doDie:7996 android.view.ViewRootImpl$ViewRootHandler.handleMessage:4987

11-10 09:56:03.798  4211  4310 I WindowManager: Cancelling animation restarting=true, leash=null, surface=Surface(name=d3cb043 Splash Screen com.wallapop)/@0x2c8a6ed, parent=Surface(name=AppWindowToken{e221104 token=Token{96b0917 ActivityRecord{8a95996 u0 com.wallapop/com.rewallapop.ui.wall.WallActivity t2118}}})/@0xad393aa

11-10 09:56:03.799  4211  4310 I WindowManager: Reparenting to leash, surface=Surface(name=d3cb043 Splash Screen com.wallapop)/@0x2c8a6ed

11-10 09:56:03.802  3727  3727 I SurfaceFlinger:      Device | 0x70dda1f240 | 0002 | RGBA_8888 |   0.0    0.0 1080.0 2220.0 |    0    0 1080 2220 | com.wallapop/com.rewallapop.ui.wall.WallActivity[4811]#0

11-10 09:56:03.802  3727  3727 I SurfaceFlinger:      Device | 0x70de034580 | 0000 | RGBA_8888 |   0.0    0.0 1080.0 2220.0 |    0    0 1080 2220 | Splash Screen com.wallapop#0

11-10 09:56:03.803  3727  3727 I SurfaceFlinger: id=23598 createSurf (4440x4440),2 flag=4, Surface(name=d3cb043 Splash Screen com.wallapop)/@0x2c8a6ed - animation-leash#0

11-10 09:56:03.804  4211  4310 D WindowManager: makeSurface duration=5 leash=Surface(name=Surface(name=d3cb043 Splash Screen com.wallapop)/@0x2c8a6ed - animation-leash)/@0x6af4076

11-10 09:56:03.805  4211  4310 D SurfaceControl: reparent is called, sc=Surface(name=d3cb043 Splash Screen com.wallapop)/@0x2c8a6ed, newParentHandle=android.os.BinderProxy@f869677, transaction=android.view.SurfaceControl$Transaction@88d1fb3

11-10 09:56:03.808  3727  5386 D Layer   : [d3cb043 Splash Screen com.wallapop#0]::reparent oldParent:[AppWindowToken{e221104 token=Token{96b0917 ActivityRecord{8a95996 u0 com.wallapop/com.rewallapop.ui.wall.WallActivity t2118}}}#0], newParent:[Surface(name=d3cb043 Splash Screen com.wallapop)/@0x2c8a6ed - animation-leash#0]

11-10 09:56:03.811  4211  4242 I ActivityManager: Displayed com.wallapop/com.rewallapop.ui.wall.WallActivity: +3s318ms (total +12s192ms)

11-10 09:56:03.974  4211  4310 I WindowManager: reset, Reparenting to original parent, shouldDeferScheduleAnimation=false, destroyLeash=true, surface=Surface(name=d3cb043 Splash Screen com.wallapop)/@0x2c8a6ed, parent=Surface(name=AppWindowToken{e221104 token=Token{96b0917 ActivityRecord{8a95996 u0 com.wallapop/com.rewallapop.ui.wall.WallActivity t2118}}})/@0xad393aa, parentNativeHandle=android.os.BinderProxy@843dd6f, caller=com.android.server.wm.SurfaceAnimator.lambda$getFinishedCallback$0:97 com.android.server.wm.-$$Lambda$SurfaceAnimator$SIBia0mND666K8lMCPsoid8pUTI.run:4 com.android.server.wm.SurfaceAnimator.lambda$getFinishedCallback$1:104 com.android.server.wm.-$$Lambda$SurfaceAnimator$vdRZk66hQVbQCvVXEaQCT1kVmFc.onAnimationFinished:4 com.android.server.wm.LocalAnimationAdapter.lambda$startAnimation$0:74

11-10 09:56:03.975  4211  4310 D SurfaceControl: reparent is called, sc=Surface(name=d3cb043 Splash Screen com.wallapop)/@0x2c8a6ed, newParentHandle=android.os.BinderProxy@843dd6f, transaction=android.view.SurfaceControl$Transaction@88d1fb3

11-10 09:56:03.975  4211  4310 D SurfaceControl: destroy(transaction), animation-leash is destroyed, sc=Surface(name=Surface(name=d3cb043 Splash Screen com.wallapop)/@0x2c8a6ed - animation-leash)/@0x6af4076, transaction=android.view.SurfaceControl$Transaction@88d1fb3, caller=com.android.server.wm.SurfaceAnimator.reset:338 com.android.server.wm.SurfaceAnimator.lambda$getFinishedCallback$0:97 com.android.server.wm.-$$Lambda$SurfaceAnimator$SIBia0mND666K8lMCPsoid8pUTI.run:4 com.android.server.wm.SurfaceAnimator.lambda$getFinishedCallback$1:104 com.android.server.wm.-$$Lambda$SurfaceAnimator$vdRZk66hQVbQCvVXEaQCT1kVmFc.onAnimationFinished:4 com.android.server.wm.LocalAnimationAdapter.lambda$startAnimation$0:74 com.android.server.wm.-$$Lambda$LocalAnimationAdapter$X--EomqUvw4qy89IeeTFTH7aCMo.run:4

11-10 09:56:03.976  4211  4310 E WindowManager: win=Window{d3cb043 u0 Splash Screen com.wallapop EXITING} destroySurfaces: appStopped=false win.mWindowRemovalAllowed=true win.mRemoveOnExit=true win.mViewVisibility=0 caller=com.android.server.wm.AppWindowToken.destroySurfaces:870 com.android.server.wm.AppWindowToken.destroySurfaces:851 com.android.server.wm.WindowState.onExitAnimationDone:5436 com.android.server.wm.WindowStateAnimator.onAnimationFinished:319 com.android.server.wm.WindowState.onAnimationFinished:5858 com.android.server.wm.-$$Lambda$yVRF8YoeNdTa8GR1wDStVsHu8xM.run:2 com.android.server.wm.SurfaceAnimator.lambda$getFinishedCallback$0:100

11-10 09:56:03.977  4211  4310 I WindowManager: Destroying surface Surface(name=Splash Screen com.wallapop)/@0x4a152b5 called by com.android.server.wm.WindowStateAnimator.destroySurface:1901 com.android.server.wm.WindowStateAnimator.destroySurfaceLocked:838 com.android.server.wm.WindowState.destroySurfaceUnchecked:3839 com.android.server.wm.WindowState.destroySurface:3820 com.android.server.wm.AppWindowToken.destroySurfaces:870 com.android.server.wm.AppWindowToken.destroySurfaces:851 com.android.server.wm.WindowState.onExitAnimationDone:5436 com.android.server.wm.WindowStateAnimator.onAnimationFinished:319

11-10 09:56:03.977  3727  3770 I SurfaceFlinger: id=23591 Removed Splash Screen com.wallapop#0 (0/55)

11-10 09:56:03.988  3727  5386 W SurfaceFlinger: Attempting to set client state on removed layer: Splash Screen com.wallapop#0 [s.what : 40]

11-10 09:56:03.988  3727  5386 D Layer   : [d3cb043 Splash Screen com.wallapop#0]::reparent oldParent:[Surface(name=d3cb043 Splash Screen com.wallapop)/@0x2c8a6ed - animation-leash#0], newParent:[AppWindowToken{e221104 token=Token{96b0917 ActivityRecord{8a95996 u0 com.wallapop/com.rewallapop.ui.wall.WallActivity t2118}}}#0]

11-10 09:56:03.988  3727  5386 W SurfaceFlinger: Attempting to destroy on removed layer: Splash Screen com.wallapop#0

11-10 09:56:03.989  3727  5386 I SurfaceFlinger: id=23598 Removed Surface(name=d3cb043 Splash Screen com.wallapop)/@0x2c8a6ed - animation-leash#0 (2/54)

11-10 09:56:03.989  3727  5386 I SurfaceFlinger: id=23590 Removed d3cb043 Splash Screen com.wallapop#0 (1/53)

11-10 09:56:03.990  3727  3727 I Layer   : id=23598 onRemoved Surface(name=d3cb043 Splash Screen com.wallapop)/@0x2c8a6ed - animation-leash#0

11-10 09:56:03.990  3727  3727 I Layer   : id=23590 onRemoved d3cb043 Splash Screen com.wallapop#0

11-10 09:56:03.990  3727  3727 I Layer   : id=23591 onRemoved Splash Screen com.wallapop#0

11-10 09:56:04.000  3727  3727 I SurfaceFlinger:      Device | 0x70dda1f240 | 0002 | RGBA_8888 |   0.0    0.0 1080.0 2220.0 |    0    0 1080 2220 | com.wallapop/com.rewallapop.ui.wall.WallActivity[4811]#0

11-10 09:56:04.113  4811  4811 V InputMethodManager: Starting input: tba=com.wallapop ic=null mNaviBarColor -1 mIsGetNaviBarColorSuccess true , NavVisible : true , NavTrans : false

11-10 09:56:04.116  4211  6759 V InputMethodManagerService: windowGainedFocus : reason=WINDOW_FOCUS_GAIN client=android.os.BinderProxy@3dc21eb inputContext=null missingMethods= attribute=android.view.inputmethod.EditorInfo@5ae18b nm = com.wallapop controlFlags=#104 softInputMode=#110 windowFlags=#81810100

11-10 09:56:04.247  4811  4811 V InputMethodManager: Starting input: tba=com.wallapop ic=null mNaviBarColor -1 mIsGetNaviBarColorSuccess true , NavVisible : true , NavTrans : false

11-10 09:56:04.485  4622  4682 E RequestManager_FLP: [FusedLocationApi] Location request 577b9cb(Listener) PRIORITY_BALANCED_POWER_ACCURACY interval=300000 from com.wallapop

11-10 09:56:04.536  3562  3587 I Finsky  : [8252] fxs.d(3): com.wallapop: Account determined from installer data - [rJj4Md76H4LxoN-B4dnoZM7XaXDDBcXGlC-caOCi6Uc]

11-10 09:56:04.536  3562  3587 I Finsky  : [8252] fxs.d(14): com.wallapop: Account from preferred account - [rJj4Md76H4LxoN-B4dnoZM7XaXDDBcXGlC-caOCi6Uc]

11-10 09:56:04.599  4211  5514 I WindowManager: Cancelling animation restarting=false, leash=null, surface=Surface(name=AppWindowToken{888d28e token=Token{591289 ActivityRecord{6a0b990 u0 com.wallapop/com.rewallapop.ui.main.MainActivity t2118}}})/@0x114afee, parent=Surface(name=Task=2118)/@0x37d9c8f

11-10 09:56:04.609  3727  3770 I SurfaceFlinger: id=23589 Removed AppWindowToken{888d28e token=Token{591289 ActivityRecord{6a0b990 u0 com.wallapop/com.rewallapop.ui.main.MainActivity t2118}}}#0 (0/52)

11-10 09:56:04.613  4211  4228 D CodecSolution: isMaxAspectPackageEx: com.wallapop : true(2)

11-10 09:56:04.624  3727  3727 I Layer   : id=23589 onRemoved AppWindowToken{888d28e token=Token{591289 ActivityRecord{6a0b990 u0 com.wallapop/com.rewallapop.ui.main.MainActivity t2118}}}#0

11-10 09:56:04.743  4211  4669 D MdnieScenarioControlService:  packageName : com.wallapop    className : com.rewallapop.ui.wall.WallActivity

11-10 09:56:04.916  4811  4811 W com.wallapop: Accessing hidden field Landroid/view/View;->mAccessibilityDelegate:Landroid/view/View$AccessibilityDelegate; (light greylist, reflection)

11-10 09:56:05.247  3562  3587 I Finsky  : [8252] fxs.d(3): com.wallapop: Account determined from installer data - [rJj4Md76H4LxoN-B4dnoZM7XaXDDBcXGlC-caOCi6Uc]

11-10 09:56:05.248  3562  3587 I Finsky  : [8252] fxs.d(14): com.wallapop: Account from preferred account - [rJj4Md76H4LxoN-B4dnoZM7XaXDDBcXGlC-caOCi6Uc]

11-10 09:56:05.249  4811  4840 I com.wallapop: Background concurrent copying GC freed 156241(12MB) AllocSpace objects, 96(10MB) LOS objects, 40% free, 34MB/58MB, paused 5.095ms total 411.146ms

11-10 09:56:05.895  4211  4390 D WifiTrafficPoller: TrafficStats TxPkts=760901 RxPkts=1354672 TxBytes=173423113 RxBytes=1285719489 , Foreground uid=10311 pkgName=com.wallapop TxPackets=59298 RxPackets=67825 TxBytes=8869977 RxBytes=68342475

11-10 09:56:06.036  4811  4811 W View    : requestLayout() improperly called by com.wallapop.design.view.WallapopTextView{1c8a4eb V.ED..... ......ID 47,26-47,86 #7f0a0904 app:id/wp__home__tv_bubble} during layout: running second layout pass

11-10 09:56:06.211  3562  3587 I Finsky  : [8252] fxs.d(3): com.wallapop: Account determined from installer data - [rJj4Md76H4LxoN-B4dnoZM7XaXDDBcXGlC-caOCi6Uc]

11-10 09:56:06.212  3562  3587 I Finsky  : [8252] fxs.d(14): com.wallapop: Account from preferred account - [rJj4Md76H4LxoN-B4dnoZM7XaXDDBcXGlC-caOCi6Uc]

