Executed '[C58894] Chat: Active conversations - Conversations information' on 30-10-2019
---------------------------------------------------------------------------------
11-09 23:06:58.200  4211  4390 D WifiTrafficPoller: TrafficStats TxPkts=722972 RxPkts=1306426 TxBytes=166515935 RxBytes=1242018738 , Foreground uid=10311 pkgName=com.wallapop TxPackets=40950 RxPackets=50355 TxBytes=5304057 RxBytes=55404547

11-09 23:06:58.327  4211  7552 D WifiPermissionsUtil: canAccessScanResults: pkgName = com.wallapop, uid = 10311

11-09 23:06:58.865  8385  8639 D Amazon DTB Ads API: with query params:[?dt=android&app=app&dinfo=%7B%22os%22%3A%22Android%22%2C%22model%22%3A%22SM-A750FN%22%2C%22make%22%3A%22samsung%22%2C%22osVersion%22%3A%229%22%2C%22connectionType%22%3A%22Wifi%22%2C%22country%22%3A%22ES%22%2C%22scalingFactor%22%3A%222.625%22%2C%22carrier%22%3A%22JAZZTEL%22%2C%22language%22%3A%22es%22%2C%22screenSize%22%3A%221080x2094%22%2C%22orientation%22%3A%22portrait%22%7D&oo=0&aud=3p&idfa=bf505ce3-e614-4d9a-a4d7-9c324edc6560&appId=d2ba46e2d5ef4c9883051d9c8d0125d5&sdkVer=aps-android-7.4.3&ua=Dalvik%2F2.1.0%20%28Linux%3B%20U%3B%20Android%209%3B%20SM-A750FN%20Build%2FPPR1.180610.011%29&pkg=%7B%22lbl%22%3A%22_Wallapop_%22%2C%22pn%22%3A%22com.wallapop%22%2C%22v%22%3A%221850000%22%2C%22vn%22%3A%221.85.0-d1910251130%22%7D]

11-09 23:06:59.313  8385  8639 D Amazon DTB Ads API: Error while connecting to remote server: https://s.amazon-adsystem.com/api3/generate_did?dt=android&app=app&dinfo=%7B%22os%22%3A%22Android%22%2C%22model%22%3A%22SM-A750FN%22%2C%22make%22%3A%22samsung%22%2C%22osVersion%22%3A%229%22%2C%22connectionType%22%3A%22Wifi%22%2C%22country%22%3A%22ES%22%2C%22scalingFactor%22%3A%222.625%22%2C%22carrier%22%3A%22JAZZTEL%22%2C%22language%22%3A%22es%22%2C%22screenSize%22%3A%221080x2094%22%2C%22orientation%22%3A%22portrait%22%7D&oo=0&aud=3p&idfa=bf505ce3-e614-4d9a-a4d7-9c324edc6560&appId=d2ba46e2d5ef4c9883051d9c8d0125d5&sdkVer=aps-android-7.4.3&ua=Dalvik%2F2.1.0%20%28Linux%3B%20U%3B%20Android%209%3B%20SM-A750FN%20Build%2FPPR1.180610.011%29&pkg=%7B%22lbl%22%3A%22_Wallapop_%22%2C%22pn%22%3A%22com.wallapop%22%2C%22v%22%3A%221850000%22%2C%22vn%22%3A%221.85.0-d1910251130%22%7D with error:Chain validation failed

11-09 23:06:59.315  8385  8639 E Amazon DTB Ads API: 	at com.wallapop.thirdparty.ads.b.a.a(SourceFile:43)

11-09 23:06:59.315  8385  8639 E Amazon DTB Ads API: 	at com.wallapop.thirdparty.ads.b.a$b$1.invokeSuspend(SourceFile:34)

11-09 23:06:59.315  8385  8639 E Amazon DTB Ads API: 	at com.wallapop.thirdparty.ads.b.a$b$1.invoke(Unknown Source:10)

11-09 23:06:59.315  8385  8639 E Amazon DTB Ads API: 	at com.wallapop.thirdparty.ads.b.a$b.invokeSuspend(SourceFile:33)

11-09 23:06:59.411  8385  9057 D Amazon DTB Ads API: with query params:[?dt=android&app=app&dinfo=%7B%22os%22%3A%22Android%22%2C%22model%22%3A%22SM-A750FN%22%2C%22make%22%3A%22samsung%22%2C%22osVersion%22%3A%229%22%2C%22connectionType%22%3A%22Wifi%22%2C%22country%22%3A%22ES%22%2C%22scalingFactor%22%3A%222.625%22%2C%22carrier%22%3A%22JAZZTEL%22%2C%22language%22%3A%22es%22%2C%22screenSize%22%3A%221080x2094%22%2C%22orientation%22%3A%22portrait%22%7D&oo=0&aud=3p&idfa=bf505ce3-e614-4d9a-a4d7-9c324edc6560&appId=d2ba46e2d5ef4c9883051d9c8d0125d5&sdkVer=aps-android-7.4.3&ua=Dalvik%2F2.1.0%20%28Linux%3B%20U%3B%20Android%209%3B%20SM-A750FN%20Build%2FPPR1.180610.011%29&pkg=%7B%22lbl%22%3A%22_Wallapop_%22%2C%22pn%22%3A%22com.wallapop%22%2C%22v%22%3A%221850000%22%2C%22vn%22%3A%221.85.0-d1910251130%22%7D]

11-09 23:06:59.665  8385  8396 I com.wallapop: Background concurrent copying GC freed 348146(18MB) AllocSpace objects, 161(13MB) LOS objects, 50% free, 21MB/43MB, paused 336us total 194.429ms

11-09 23:06:59.928  8385  9057 D Amazon DTB Ads API: Error while connecting to remote server: https://s.amazon-adsystem.com/api3/generate_did?dt=android&app=app&dinfo=%7B%22os%22%3A%22Android%22%2C%22model%22%3A%22SM-A750FN%22%2C%22make%22%3A%22samsung%22%2C%22osVersion%22%3A%229%22%2C%22connectionType%22%3A%22Wifi%22%2C%22country%22%3A%22ES%22%2C%22scalingFactor%22%3A%222.625%22%2C%22carrier%22%3A%22JAZZTEL%22%2C%22language%22%3A%22es%22%2C%22screenSize%22%3A%221080x2094%22%2C%22orientation%22%3A%22portrait%22%7D&oo=0&aud=3p&idfa=bf505ce3-e614-4d9a-a4d7-9c324edc6560&appId=d2ba46e2d5ef4c9883051d9c8d0125d5&sdkVer=aps-android-7.4.3&ua=Dalvik%2F2.1.0%20%28Linux%3B%20U%3B%20Android%209%3B%20SM-A750FN%20Build%2FPPR1.180610.011%29&pkg=%7B%22lbl%22%3A%22_Wallapop_%22%2C%22pn%22%3A%22com.wallapop%22%2C%22v%22%3A%221850000%22%2C%22vn%22%3A%221.85.0-d1910251130%22%7D with error:Chain validation failed

11-09 23:06:59.989  8385  9057 D Amazon DTB Ads API: with json params:[{"oo":"false","dinfo":{"os":"Android","model":"SM-A750FN","make":"samsung","osVersion":"9","connectionType":"Wifi","country":"ES","scalingFactor":"2.625","carrier":"JAZZTEL","language":"es","screenSize":"1080x2094","orientation":"portrait"},"adsdk":"aps-android-7.4.3","slots":[{"sz":"320x50","slot":"f414d83c-ab9f-4e02-9c59-5137663ee6c7","slotId":1,"supportedMediaTypes":["DISPLAY"]}],"mraid":["1.0","2.0","3.0"],"appId":"d2ba46e2d5ef4c9883051d9c8d0125d5","idfa":"bf505ce3-e614-4d9a-a4d7-9c324edc6560","geoloc":"41.4479223,2.2381893,19.744","isDTBMobile":"true","ua":"Dalvik\/2.1.0 (Linux; U; Android 9; SM-A750FN Build\/PPR1.180610.011)","pkg":{"lbl":"_Wallapop_","pn":"com.wallapop","v":"1850000","vn":"1.85.0-d1910251130"},"gdpr":{"e":"1","c":"BOR0xKKOR0xKKABABAENBZ-AAAAfZ7_______9______9uz_Gv_v_f__33e8__9v_l_7_-___u_-33d4-_1vX99yfm1-7ftr3tp_86ues2vHqK9ZoA"}}]

11-09 23:07:00.838  8385  8385 W com.wallapop: Accessing hidden method Landroid/media/AudioTrack;->getLatency()I (light greylist, reflection)

11-09 23:07:01.324  4211  4475 I CodecSolution: pid(8385) pkg(com.wallapop)

11-09 23:07:01.329  4211  4475 I CodecSolution: pid(8385) pkg(com.wallapop)

11-09 23:07:01.329  4211  5593 D CodecSolution: topName : com.wallapop

11-09 23:07:01.329  4211  5593 I CodecSolution: Top : com.wallapop

11-09 23:07:01.329  4211  5593 D SCPMHelper: getPackageInfo(com.wallapop)

11-09 23:07:01.349  4211  4554 D CodecSolution: topName : com.wallapop

11-09 23:07:01.349  4211  4554 I CodecSolution: Top : com.wallapop

11-09 23:07:01.349  4211  4554 D SCPMHelper: getPackageInfo(com.wallapop)

11-09 23:07:02.172  8385  9088 I chatty  : uid=10311(com.wallapop) identical 1 line

11-09 23:07:02.182  8385  9087 I chatty  : uid=10311(com.wallapop) identical 1 line

11-09 23:07:02.270  4211  4390 D WifiTrafficPoller: TrafficStats TxPkts=723289 RxPkts=1306711 TxBytes=166588160 RxBytes=1242155969 , Foreground uid=10311 pkgName=com.wallapop TxPackets=41242 RxPackets=50615 TxBytes=5365972 RxBytes=55532918

11-09 23:07:03.882  8385  8396 I com.wallapop: Background concurrent copying GC freed 251618(12MB) AllocSpace objects, 143(6MB) LOS objects, 49% free, 24MB/48MB, paused 307us total 177.179ms

11-09 23:07:06.326  4211  4390 D WifiTrafficPoller: TrafficStats TxPkts=723417 RxPkts=1306861 TxBytes=166638434 RxBytes=1242244555 , Foreground uid=10311 pkgName=com.wallapop TxPackets=41350 RxPackets=50730 TxBytes=5405560 RxBytes=55582001

11-09 23:07:07.036  4211  4475 I CodecSolution: pid(8385) pkg(com.wallapop)

11-09 23:07:07.046  4211  5500 D CodecSolution: topName : com.wallapop

11-09 23:07:07.046  4211  5500 I CodecSolution: Top : com.wallapop

11-09 23:07:07.046  4211  5500 D SCPMHelper: getPackageInfo(com.wallapop)

11-09 23:07:07.103  8385  9164 I chatty  : uid=10311(com.wallapop) identical 1 line

11-09 23:07:07.440  4211  4475 I CodecSolution: pid(8385) pkg(com.wallapop)

11-09 23:07:07.452  4211  5504 D CodecSolution: topName : com.wallapop

11-09 23:07:07.452  4211  5504 I CodecSolution: Top : com.wallapop

11-09 23:07:07.452  4211  5504 D SCPMHelper: getPackageInfo(com.wallapop)

11-09 23:07:07.500  8385  9180 I chatty  : uid=10311(com.wallapop) identical 1 line

11-09 23:07:08.004  8385  9164 I chatty  : uid=10311(com.wallapop) identical 1 line

11-09 23:07:08.430  8385  9180 I chatty  : uid=10311(com.wallapop) identical 1 line

11-09 23:07:10.409  4211  4390 D WifiTrafficPoller: TrafficStats TxPkts=723511 RxPkts=1306985 TxBytes=166655492 RxBytes=1242270469 , Foreground uid=10311 pkgName=com.wallapop TxPackets=41441 RxPackets=50845 TxBytes=5422292 RxBytes=55605664

11-09 23:07:19.488  4211  4390 D WifiTrafficPoller: TrafficStats TxPkts=723513 RxPkts=1306987 TxBytes=166655608 RxBytes=1242270581 , Foreground uid=10311 pkgName=com.wallapop TxPackets=41443 RxPackets=50847 TxBytes=5422408 RxBytes=55605776

11-09 23:07:24.579  4211  4390 D WifiTrafficPoller: TrafficStats TxPkts=723521 RxPkts=1306993 TxBytes=166656652 RxBytes=1242271672 , Foreground uid=10311 pkgName=com.wallapop TxPackets=41445 RxPackets=50849 TxBytes=5422512 RxBytes=55605880

11-09 23:07:28.668  4211  4390 D WifiTrafficPoller: TrafficStats TxPkts=723523 RxPkts=1306996 TxBytes=166656756 RxBytes=1242272078 , Foreground uid=10311 pkgName=com.wallapop TxPackets=41447 RxPackets=50851 TxBytes=5422616 RxBytes=55605984

11-09 23:07:33.445  8385  8396 I com.wallapop: Background concurrent copying GC freed 176912(9MB) AllocSpace objects, 150(11MB) LOS objects, 45% free, 28MB/52MB, paused 648us total 174.405ms

11-09 23:07:33.760  4211  4390 D WifiTrafficPoller: TrafficStats TxPkts=723609 RxPkts=1307083 TxBytes=166660196 RxBytes=1242394311 , Foreground uid=10311 pkgName=com.wallapop TxPackets=41533 RxPackets=50937 TxBytes=5426056 RxBytes=55727915

11-09 23:07:40.862  4211  4390 D WifiTrafficPoller: TrafficStats TxPkts=723609 RxPkts=1307085 TxBytes=166660196 RxBytes=1242394915 , Foreground uid=10311 pkgName=com.wallapop TxPackets=41533 RxPackets=50937 TxBytes=5426056 RxBytes=55727915

11-09 23:07:44.945  4211  4390 D WifiTrafficPoller: TrafficStats TxPkts=723615 RxPkts=1307094 TxBytes=166660642 RxBytes=1242396088 , Foreground uid=10311 pkgName=com.wallapop TxPackets=41535 RxPackets=50939 TxBytes=5426172 RxBytes=55728027

11-09 23:07:50.032  4211  4390 D WifiTrafficPoller: TrafficStats TxPkts=723616 RxPkts=1307097 TxBytes=166660707 RxBytes=1242396841 , Foreground uid=10311 pkgName=com.wallapop TxPackets=41535 RxPackets=50939 TxBytes=5426172 RxBytes=55728027

11-09 23:07:54.093  4211  4390 D WifiTrafficPoller: TrafficStats TxPkts=723619 RxPkts=1307101 TxBytes=166660903 RxBytes=1242397111 , Foreground uid=10311 pkgName=com.wallapop TxPackets=41537 RxPackets=50943 TxBytes=5426288 RxBytes=55728297

11-09 23:07:54.559  4211  8761 I ActivityManager: Force stopping com.wallapop appid=10311 user=0: from pid 9284 caller com.android.server.am.ActivityManagerShellCommand.runForceStop:967

11-09 23:07:54.560  4211  8761 I ActivityManager: Killing 8385:com.wallapop/u0a311 (adj 0): stop com.wallapop,from pid 9284 caller com.android.server.am.ActivityManagerShellCommand.runForceStop:967

11-09 23:07:54.574  4211  8761 W ActivityManager: Scheduling restart of crashed service com.wallapop/com.rewallapop.ui.debug.view.DebugActivity$Service in 1000ms

11-09 23:07:54.575  4211  8761 W ActivityManager: Force removing ActivityRecord{ae1f835 u0 com.wallapop/com.rewallapop.ui.wall.WallActivity t2100}: app died, no saved state

11-09 23:07:54.579 23911 23911 D Notification.Badge: [invalid] onNotificationRemoved : StatusBarNotification(pkg=com.wallapop user=UserHandle{0} id=999 tag=null key=0|com.wallapop|999|null|10311: Notification(channel=wallapop_channel pri=-2 contentView=null vibrate=null sound=null defaults=0x0 flags=0x62 color=0x00000000 vis=PRIVATE semFlags=0x0 semPriority=0 semMissedCount=0))

11-09 23:07:54.581  4211  8761 V WindowManager: Changing focus from Window{760d3cb u0 com.wallapop/com.rewallapop.ui.wall.WallActivity} to null Callers=com.android.server.wm.AppWindowToken.setVisibility:536 com.android.server.wm.AppWindowToken.onRemovedFromDisplay:766 com.android.server.wm.DisplayContent.removeAppToken:1079 com.android.server.wm.AppWindowContainerController.removeContainer:305

11-09 23:07:54.588  4211  8761 V WindowManager: Setting visibility of Window{760d3cb u0 com.wallapop/com.rewallapop.ui.wall.WallActivity}: false, caller=com.android.server.wm.WindowContainer.sendAppVisibilityToClients:615 com.android.server.wm.AppWindowToken.setClientHidden:460 com.android.server.wm.AppWindowToken.onAnimationFinished:2383 com.android.server.wm.AppWindowToken.setVisibility:551 com.android.server.wm.AppWindowToken.onRemovedFromDisplay:766

11-09 23:07:54.589  4211  8761 I WindowManager: Cancelling animation restarting=false, leash=null, surface=Surface(name=AppWindowToken{564c63b token=Token{9d504ca ActivityRecord{ae1f835 u0 com.wallapop/com.rewallapop.ui.wall.WallActivity t2100}}})/@0x2c13daa, parent=Surface(name=Task=2100)/@0xeadaea1

11-09 23:07:54.590  4211  8761 V WindowManager: Remove Window{760d3cb u0 com.wallapop/com.rewallapop.ui.wall.WallActivity}: mSurfaceController=Surface(name=com.wallapop/com.rewallapop.ui.wall.WallActivity[8385])/@0x69ad04c mAnimatingExit=false mRemoveOnExit=false mHasSurface=true surfaceShowing=false isAnimationSet=false app-animation=false mWillReplaceWindow=false inPendingTransaction=false mDisplayFrozen=false callers=com.android.server.wm.WindowState.removeIfPossible:2764 com.android.server.wm.WindowToken.removeAllWindowsIfPossible:150 com.android.server.wm.AppWindowToken.removeIfPossible:743 com.android.server.wm.AppWindowToken.onRemovedFromDisplay:819 com.android.server.wm.DisplayContent.removeAppToken:1079 com.android.server.wm.AppWindowContainerController.removeContainer:305

11-09 23:07:54.591  4211  8761 I WindowManager: Destroying surface Surface(name=com.wallapop/com.rewallapop.ui.wall.WallActivity[8385])/@0x69ad04c called by com.android.server.wm.WindowStateAnimator.destroySurface:1901 com.android.server.wm.WindowStateAnimator.destroySurfaceLocked:838 com.android.server.wm.WindowState.removeImmediately:2743 com.android.server.wm.WindowState.removeIfPossible:2893 com.android.server.wm.WindowState.removeIfPossible:2764 com.android.server.wm.WindowToken.removeAllWindowsIfPossible:150 com.android.server.wm.AppWindowToken.removeIfPossible:743 com.android.server.wm.AppWindowToken.onRemovedFromDisplay:819

11-09 23:07:54.591  3727  3964 I SurfaceFlinger: id=23302 Removed com.wallapop/com.rewallapop.ui.wall.WallActivity[8385]#0 (0/51)

11-09 23:07:54.592  3727  3727 I Layer   : id=23302 onRemoved com.wallapop/com.rewallapop.ui.wall.WallActivity[8385]#0

11-09 23:07:54.596  3727  5001 I SurfaceFlinger: id=23301 Removed 760d3cb com.wallapop/com.rewallapop.ui.wall.WallActivity#0 (0/50)

11-09 23:07:54.608  4211  4242 D WindowManager: reportFocusChangedSerialized, focused=false, inTouchMode=true, win=Window{760d3cb u0 com.wallapop/com.rewallapop.ui.wall.WallActivity}

11-09 23:07:54.609  3727  3727 I Layer   : id=23301 onRemoved 760d3cb com.wallapop/com.rewallapop.ui.wall.WallActivity#0

11-09 23:07:54.613  3727  3964 W SurfaceFlinger: Attempting to destroy on removed layer: AppWindowToken{564c63b token=Token{9d504ca ActivityRecord{ae1f835 u0 com.wallapop/com.rewallapop.ui.wall.WallActivity t2100}}}#0

11-09 23:07:54.625  3727  3727 I Layer   : id=23299 onRemoved AppWindowToken{564c63b token=Token{9d504ca ActivityRecord{ae1f835 u0 com.wallapop/com.rewallapop.ui.wall.WallActivity t2100}}}#0

11-09 23:07:54.684  4211  4227 W BroadcastQueue: Background execution not allowed: receiving Intent { act=android.intent.action.PACKAGE_RESTARTED dat=package:com.wallapop flg=0x10 (has extras) } to android/com.kddi.android.CpaNotiReceiver

11-09 23:07:54.687  4211  4211 D SamsungAlarmManager: Remove alarm for next reason : android.intent.action.PACKAGE_RESTARTED : package: com.wallapop

11-09 23:07:54.696 23911 27641 I AppIconSolution: load=com.wallapop, bg=144-144, dr=126-126, forDefault=true, density=0

11-09 23:07:54.699 23911 27641 I AppIconSolution: load=com.wallapop-contain, bg=166-166, dr=126-126

11-09 23:07:54.706 23911 23978 D Notification.Badge: updateLauncherIconBadges() item : [IconInfo(title=_Wallapop_ intent=Intent { act=android.intent.action.MAIN cat=[android.intent.category.LAUNCHER] flg=0x10200000 cmp=com.wallapop/.activities.HomeActivity (has extras) } id=160 type=0 container=-102 screen=1 cellX=3 cellY=0 spanX=1 spanY=1 rank=3 hidden=0 dropPos=null user=UserHandle{0} screenType=0)], mShowBadge : [false], item.mBadgeCount : [0]

11-09 23:07:54.748 23911 23911 D RecommendedView: updateBadgeItems: [IconInfo(title=_Wallapop_ intent=Intent { act=android.intent.action.MAIN cat=[android.intent.category.LAUNCHER] flg=0x10200000 cmp=com.wallapop/.activities.HomeActivity (has extras) } id=160 type=0 container=-102 screen=1 cellX=3 cellY=0 spanX=1 spanY=1 rank=3 hidden=0 dropPos=null user=UserHandle{0} screenType=0)]

11-09 23:07:54.753  4622  8652 E RequestManager_FLP: [FusedLocationApi] Location remove de9c98a from com.wallapop

11-09 23:08:06.796  9370  9397 I appium  : AppiumResponse: {"sessionId":"ead818e9-6f71-49cd-87bb-e9cce496e701","value":{"sessionId":"ead818e9-6f71-49cd-87bb-e9cce496e701","capabilities":{"firstMatch":[{"platform":"LINUX","webStorageEnabled":false,"takesScreenshot":true,"javascriptEnabled":true,"databaseEnabled":false,"networkConnectionEnabled":true,"locationContextEnabled":false,"warnings":{},"desired":{"platformName":"android","normalizeTagNames":true,"androidInstallTimeout":150000,"app":"","appActivity":"com.rewallapop.ui.main.MainActivity","appPackage":"com.wallapop","isHeadless":false,"skipDeviceInitialization":true,"autoAcceptAlerts":true,"autoGrantPermissions":true,"automationName":"UiAutomator2","avd":"","deviceName":"3200f02dc0aab5db","deviceReadyTimeout":1,"fullReset":false,"ignoreUnimportantViews":true,"newCommandTimeout":60,"noReset":true,"systemPort":8223,"udid":"3200f02dc0aab5db"},"platformName":"android","normalizeTagNames":true,"androidInstallTimeout":150000,"app":"","appActivity":"com.rewallapop.ui.main.MainActivity","appPackage":"com.wallapop","isHeadless":false,"skipDeviceInitialization":true,"autoAcceptAlerts":true,"autoGrantPermissions":true,"automationName":"UiAutomator2","avd":"","deviceName":"3200f02dc0aab5db","deviceReadyTimeout":1,"fullReset":false,"ignoreUnimportantViews":true,"newCommandTimeout":60,"noReset":true,"systemPort":8223,"udid":"3200f02dc0aab5db","deviceUDID":"3200f02dc0aab5db"}],"alwaysMatch":{}}}}

11-09 23:08:07.301  4211  6755 I ActivityManager: Force stopping com.wallapop appid=10311 user=0: from pid 9405 caller com.android.server.am.ActivityManagerShellCommand.runStartActivity:412

11-09 23:08:07.305  4211  4211 D SamsungAlarmManager: Remove alarm for next reason : android.intent.action.PACKAGE_RESTARTED : package: com.wallapop

11-09 23:08:07.313  4211  4227 W BroadcastQueue: Background execution not allowed: receiving Intent { act=android.intent.action.PACKAGE_RESTARTED dat=package:com.wallapop flg=0x10 (has extras) } to android/com.kddi.android.CpaNotiReceiver

11-09 23:08:07.563  4211  6755 I ActivityManager: START u0 {act=null typ=null flg=0x10000000 cmp=ComponentInfo{com.wallapop/com.rewallapop.ui.main.MainActivity}} from uid 2000

11-09 23:08:07.575  4211  6755 I ActivityManager: [IOP] sourceDir : /data/app/com.wallapop-YuY1orTsl_VIwwe6m0TquQ== in ActivityStacksupervisor

11-09 23:08:07.589  3727  3727 I SurfaceFlinger: id=23310 createSurf (4440x4440),2 flag=4, AppWindowToken{397405a token=Token{c40a805 ActivityRecord{dd3877c u0 com.wallapop/com.rewallapop.ui.main.MainActivity t2101}}}#0

11-09 23:08:07.601  3727  3727 I SurfaceFlinger: id=23311 createSurf (4440x4440),2 flag=4, e16515f Splash Screen com.wallapop#0

11-09 23:08:07.606  4211  5519 D StorageManagerService: getExternalStorageMountMode : final mountMode=1, uid : 10311, packageName : com.wallapop

11-09 23:08:07.606  4211  5519 I ApplicationPolicy: isApplicationExternalStorageWhitelisted:com.wallapop user:0

11-09 23:08:07.606  4211  5519 D ActivityManager: package  com.wallapop, user - 0 is SDcard whitelisted

11-09 23:08:07.606  4211  5519 I ApplicationPolicy: isApplicationExternalStorageBlacklisted:com.wallapop user:0

11-09 23:08:07.606  4211  5519 I ApplicationPolicy: isApplicationExternalStorageBlacklisted:com.wallapop user:0

11-09 23:08:07.608  4211  4211 D Telecom:SamsungPrebindingServiceImpl: onTopActivityChanged : ComponentInfo{com.wallapop/com.rewallapop.ui.main.MainActivity}

11-09 23:08:07.610  4211  4310 V WindowManager: Relayout Window{e16515f u0 Splash Screen com.wallapop}: viewVisibility=0 req=1080x2220 {(0,0)(fillxfill) sim={adjust=pan} ty=APPLICATION_STARTING fmt=TRANSLUCENT wanim=0x10302fe

11-09 23:08:07.612  3727  3727 I SurfaceFlinger: id=23312 createSurf (1080x2220),1 flag=4, Splash Screen com.wallapop#0

11-09 23:08:07.613  4211  4310 D WindowManager: makeSurface duration=2 name=Splash Screen com.wallapop

11-09 23:08:07.616  4211  5519 V WindowManager: Resize reasons for w=Window{e16515f u0 Splash Screen com.wallapop}:  contentInsetsChanged=false [0,63][0,126] visibleInsetsChanged=false [0,63][0,126] stableInsetsChanged=false [0,63][0,126] outsetsChanged=false [0,0][0,0] surfaceResized=false configChanged=false dragResizingChanged=false reportOrientationChanged=false displayCutoutChanged=false nextForceRelayoutToClient=false

11-09 23:08:07.631  4211  4229 I ActivityManager: Start proc 9408:com.wallapop/u0a311 for activity com.wallapop/com.rewallapop.ui.main.MainActivity

11-09 23:08:07.636  9408  9408 I com.wallapop: Late-enabling -Xcheck:jni

11-09 23:08:07.643  4211  4310 D WindowManager: finishDrawingWindow: Window{e16515f u0 Splash Screen com.wallapop} mDrawState=DRAW_PENDING

11-09 23:08:07.644  4211  4310 I WindowManager: commitFinishDrawingLocked: mDrawState=READY_TO_SHOW Surface(name=Splash Screen com.wallapop)/@0x61f8af1

11-09 23:08:07.666  9408  9408 I com.wallapop: report jit thread pid = 9413

11-09 23:08:07.681  4211  5519 I ActivityManager: DSS on for com.wallapop and scale is 1.0

11-09 23:08:07.684  4211  5519 I WindowManager: commitFinishDrawingLocked: mDrawState=READY_TO_SHOW Surface(name=Splash Screen com.wallapop)/@0x61f8af1

11-09 23:08:07.687  4211  5519 D GamePkgDataHelper: notifyAppCreate(), pkgName: com.wallapop, sendRet: true

11-09 23:08:07.687  4211  4473 D GamePkgDataHelper: getGamePkgData(). com.wallapop

11-09 23:08:07.688  4211  4473 D GameManagerService: handleMessage(), MSG_APP_CREATE. ignore. pkgName: com.wallapop

11-09 23:08:07.690  4211  5519 D GameManagerService: noteResumeComponent(), resumeComponent: com.wallapop

11-09 23:08:07.690  4211  5519 D GamePkgDataHelper: getSosPolicy(). com.wallapop

11-09 23:08:07.690  4211  4473 D GameManagerService: handleForegroundChange(). pkgName: com.wallapop, clsName: com.rewallapop.ui.main.MainActivity,FgActivityName:com.wallapop/com.rewallapop.ui.main.MainActivity

11-09 23:08:07.691  4211  4473 D GameManagerService:   handleForegroundChange(). set mFgApp: com.wallapop

11-09 23:08:07.691  4211  6759 D GamePkgDataHelper: getGamePkgDataIncServer(). com.wallapop

11-09 23:08:07.691  4211  4473 D GameManagerService: notifyResumePause(). pkg: com.wallapop, type: 4, isMinimized: false, isTunableApp: false

11-09 23:08:07.691  4211  5519 D GameManagerService: identifyGamePackage. com.wallapop

11-09 23:08:07.691  4211  5519 D GamePkgDataHelper: getGamePkgData(). com.wallapop

11-09 23:08:07.691  4211  5519 D MARsPolicyManager: onPackageResumedFG pkgName = com.wallapop, userId = 0

11-09 23:08:07.693  4211  4310 I WindowManager: commitFinishDrawingLocked: mDrawState=READY_TO_SHOW Surface(name=Splash Screen com.wallapop)/@0x61f8af1

11-09 23:08:07.694  4211  6759 D GamePkgDataHelper: getSosPolicy(). com.wallapop

11-09 23:08:07.694  4211  4228 D CodecSolution: isMaxAspectPackageEx: com.wallapop : true(2)

11-09 23:08:07.699  4211  6759 D GameManagerService: identifyGamePackage. com.wallapop

11-09 23:08:07.699  4211  6759 D GamePkgDataHelper: getGamePkgData(). com.wallapop

11-09 23:08:07.703  4211  4310 I WindowManager: Cancelling animation restarting=true, leash=null, surface=Surface(name=AppWindowToken{397405a token=Token{c40a805 ActivityRecord{dd3877c u0 com.wallapop/com.rewallapop.ui.main.MainActivity t2101}}})/@0x295f3ba, parent=Surface(name=Task=2101)/@0x5f7a26b

11-09 23:08:07.703  4211  4310 I WindowManager: Reparenting to leash, surface=Surface(name=AppWindowToken{397405a token=Token{c40a805 ActivityRecord{dd3877c u0 com.wallapop/com.rewallapop.ui.main.MainActivity t2101}}})/@0x295f3ba

11-09 23:08:07.704  3727  3727 I SurfaceFlinger: id=23314 createSurf (4440x4440),2 flag=4, Surface(name=AppWindowToken{397405a token=Token{c40a805 ActivityRecord{dd3877c u0 com.wallapop/com.rewallapop.ui.main.MainActivity t2101}}})/@0x295f3ba - animation-leash#0

11-09 23:08:07.705  4211  5519 D GameManagerService: identifyGamePackage. com.wallapop

11-09 23:08:07.705  4211  4310 D WindowManager: makeSurface duration=2 leash=Surface(name=Surface(name=AppWindowToken{397405a token=Token{c40a805 ActivityRecord{dd3877c u0 com.wallapop/com.rewallapop.ui.main.MainActivity t2101}}})/@0x295f3ba - animation-leash)/@0x7aef1c8

11-09 23:08:07.705  4211  5519 D GamePkgDataHelper: getGamePkgData(). com.wallapop

11-09 23:08:07.705  4211  4310 D SurfaceControl: reparent is called, sc=Surface(name=AppWindowToken{397405a token=Token{c40a805 ActivityRecord{dd3877c u0 com.wallapop/com.rewallapop.ui.main.MainActivity t2101}}})/@0x295f3ba, newParentHandle=android.os.BinderProxy@bd81261, transaction=android.view.SurfaceControl$Transaction@89f9186

11-09 23:08:07.706  4211  4310 V WindowManager: performShowLocked: mDrawState=HAS_DRAWN in Window{e16515f u0 Splash Screen com.wallapop}

11-09 23:08:07.708  4211  4228 D WindowManager: setSystemUiVisibility: vis= 0xa018, fullscreenVis= 0x2000, dockedVis= 0x0, win=Window{e16515f u0 Splash Screen com.wallapop}

11-09 23:08:07.708  3727  3771 D Layer   : [AppWindowToken{397405a token=Token{c40a805 ActivityRecord{dd3877c u0 com.wallapop/com.rewallapop.ui.main.MainActivity t2101}}}#0]::reparent oldParent:[Task=2101#0], newParent:[Surface(name=AppWindowToken{397405a token=Token{c40a805 ActivityRecord{dd3877c u0 com.wallapop/com.rewallapop.ui.main.MainActivity t2101}}})/@0x295f3ba - animation-leash#0]

11-09 23:08:07.722  9408  9408 I com.wallapop: The ClassLoaderContext is a special shared library.

11-09 23:08:07.815  3727  3727 I SurfaceFlinger:      Client | 0x70d6734fc0 | 0000 | RGBA_8888 |   0.0    1.0 1080.0 2219.0 |   89  184  991 2036 | Splash Screen com.wallapop#0

11-09 23:08:07.823  4211  4669 D MdnieScenarioControlService:  packageName : com.wallapop    className : com.rewallapop.ui.main.MainActivity

11-09 23:08:07.841  3727  3727 I SurfaceFlinger:      Device | 0x70d6734fc0 | 0000 | RGBA_8888 |   0.0    0.0 1080.0 2220.0 |   67  137 1013 2083 | Splash Screen com.wallapop#0

11-09 23:08:07.958  4211  4310 I WindowManager: reset, Reparenting to original parent, shouldDeferScheduleAnimation=false, destroyLeash=true, surface=Surface(name=AppWindowToken{397405a token=Token{c40a805 ActivityRecord{dd3877c u0 com.wallapop/com.rewallapop.ui.main.MainActivity t2101}}})/@0x295f3ba, parent=Surface(name=Task=2101)/@0x5f7a26b, parentNativeHandle=android.os.BinderProxy@3e3f3e3, caller=com.android.server.wm.SurfaceAnimator.lambda$getFinishedCallback$0:97 com.android.server.wm.-$$Lambda$SurfaceAnimator$SIBia0mND666K8lMCPsoid8pUTI.run:4 com.android.server.wm.SurfaceAnimator.lambda$getFinishedCallback$1:104 com.android.server.wm.-$$Lambda$SurfaceAnimator$vdRZk66hQVbQCvVXEaQCT1kVmFc.onAnimationFinished:4 com.android.server.wm.LocalAnimationAdapter.lambda$startAnimation$0:74

11-09 23:08:07.958  4211  4310 D SurfaceControl: reparent is called, sc=Surface(name=AppWindowToken{397405a token=Token{c40a805 ActivityRecord{dd3877c u0 com.wallapop/com.rewallapop.ui.main.MainActivity t2101}}})/@0x295f3ba, newParentHandle=android.os.BinderProxy@3e3f3e3, transaction=android.view.SurfaceControl$Transaction@89f9186

11-09 23:08:07.958  4211  4310 D SurfaceControl: destroy(transaction), animation-leash is destroyed, sc=Surface(name=Surface(name=AppWindowToken{397405a token=Token{c40a805 ActivityRecord{dd3877c u0 com.wallapop/com.rewallapop.ui.main.MainActivity t2101}}})/@0x295f3ba - animation-leash)/@0x7aef1c8, transaction=android.view.SurfaceControl$Transaction@89f9186, caller=com.android.server.wm.SurfaceAnimator.reset:338 com.android.server.wm.SurfaceAnimator.lambda$getFinishedCallback$0:97 com.android.server.wm.-$$Lambda$SurfaceAnimator$SIBia0mND666K8lMCPsoid8pUTI.run:4 com.android.server.wm.SurfaceAnimator.lambda$getFinishedCallback$1:104 com.android.server.wm.-$$Lambda$SurfaceAnimator$vdRZk66hQVbQCvVXEaQCT1kVmFc.onAnimationFinished:4 com.android.server.wm.LocalAnimationAdapter.lambda$startAnimation$0:74 com.android.server.wm.-$$Lambda$LocalAnimationAdapter$X--EomqUvw4qy89IeeTFTH7aCMo.run:4

11-09 23:08:07.960  3727  3771 D Layer   : [AppWindowToken{397405a token=Token{c40a805 ActivityRecord{dd3877c u0 com.wallapop/com.rewallapop.ui.main.MainActivity t2101}}}#0]::reparent oldParent:[Surface(name=AppWindowToken{397405a token=Token{c40a805 ActivityRecord{dd3877c u0 com.wallapop/com.rewallapop.ui.main.MainActivity t2101}}})/@0x295f3ba - animation-leash#0], newParent:[Task=2101#0]

11-09 23:08:07.960  3727  3771 I SurfaceFlinger: id=23314 Removed Surface(name=AppWindowToken{397405a token=Token{c40a805 ActivityRecord{dd3877c u0 com.wallapop/com.rewallapop.ui.main.MainActivity t2101}}})/@0x295f3ba - animation-leash#0 (0/54)

11-09 23:08:07.974  3727  3727 I Layer   : id=23314 onRemoved Surface(name=AppWindowToken{397405a token=Token{c40a805 ActivityRecord{dd3877c u0 com.wallapop/com.rewallapop.ui.main.MainActivity t2101}}})/@0x295f3ba - animation-leash#0

11-09 23:08:08.017  3727  3727 I SurfaceFlinger:      Device | 0x70d6734fc0 | 0000 | RGBA_8888 |   0.0    0.0 1080.0 2220.0 |    0    0 1080 2220 | Splash Screen com.wallapop#0

11-09 23:08:08.283  4211  4390 D WifiTrafficPoller: TrafficStats TxPkts=723723 RxPkts=1307161 TxBytes=166666740 RxBytes=1242405988 , Foreground uid=10311 pkgName=com.wallapop TxPackets=41591 RxPackets=50957 TxBytes=5429024 RxBytes=55729144

11-09 23:08:09.883  9408  9429 I FA      :   adb shell setprop debug.firebase.analytics.app com.wallapop

11-09 23:08:09.937  9408  9442 W com.wallapop: Unsupported class loader

11-09 23:08:09.947  9408  9442 W com.wallapop: Skipping duplicate class check due to unsupported classloader

11-09 23:08:09.951  9408  9442 I com.wallapop: Waiting for a blocking GC ClassLinker

11-09 23:08:10.001  9408  9442 I com.wallapop: WaitForGcToComplete blocked ClassLinker on ClassLinker for 50.030ms

11-09 23:08:10.070  9408  9442 W com.wallapop: Unsupported class loader

11-09 23:08:10.565  9408  9408 W com.wallapop: Verification of java.util.Map com.rewallapop.app.di.module.TrackingModule.a() took 165.572ms

11-09 23:08:11.753  9408  9476 I stetho  : Listening on @stetho_com.wallapop_devtools_remote

11-09 23:08:11.912  9408  9482 W com.wallapop: Accessing hidden field Lsun/misc/Unsafe;->theUnsafe:Lsun/misc/Unsafe; (light greylist, reflection)

11-09 23:08:12.029  9408  9484 W com.wallapop: Accessing hidden field Ljava/nio/Buffer;->address:J (light greylist, reflection)

11-09 23:08:12.130  9408  9408 I com.wallapop: The ClassLoaderContext is a special shared library.

11-09 23:08:12.134  9408  9408 I chatty  : uid=10311(com.wallapop) identical 1 line

11-09 23:08:12.138  9408  9408 I com.wallapop: The ClassLoaderContext is a special shared library.

11-09 23:08:12.337  4211  4390 D WifiTrafficPoller: TrafficStats TxPkts=723735 RxPkts=1307169 TxBytes=166667574 RxBytes=1242412075 , Foreground uid=10311 pkgName=com.wallapop TxPackets=41602 RxPackets=50963 TxBytes=5429791 RxBytes=55734798

11-09 23:08:12.490  9408  9509 W com.wallapop: Accessing hidden method Landroid/content/Context;->bindServiceAsUser(Landroid/content/Intent;Landroid/content/ServiceConnection;ILandroid/os/Handler;Landroid/os/UserHandle;)Z (light greylist, reflection)

11-09 23:08:12.495  4211  5504 I ApplicationPolicy: isApplicationExternalStorageWhitelisted:com.wallapop user:0

11-09 23:08:12.495  4211  5504 D ActivityManager: package  com.wallapop, user - 0 is SDcard whitelisted

11-09 23:08:12.495  4211  5504 I ApplicationPolicy: isApplicationExternalStorageBlacklisted:com.wallapop user:0

11-09 23:08:12.495  4211  5504 I ApplicationPolicy: isApplicationExternalStorageBlacklisted:com.wallapop user:0

11-09 23:08:12.517  4211  4229 I ActivityManager: Start proc 9512:com.android.chrome:sandboxed_process0/u0i744 for webview_service com.wallapop/org.chromium.content.app.SandboxedProcessService0

11-09 23:08:12.551  4211  5504 D WifiPermissionsUtil: canAccessScanResults: pkgName = com.wallapop, uid = 10311

11-09 23:08:12.561  4211  6759 I ActivityManager: DSS on for com.wallapop and scale is 1.0

11-09 23:08:12.562  4211  6759 D MultiDisplayManager: init process display: set packageProcessId, displayId=0, same_package_proc=ProcessRecord{4214b5ed0 9408:com.wallapop/u0a311}, app=ProcessRecord{940861ed0 9512:com.android.chrome:sandboxed_process0/u0a311i744}

11-09 23:08:12.610  9408  9408 W com.wallapop: Accessing hidden method Landroid/view/textclassifier/logging/SmartSelectionEventTracker;-><init>(Landroid/content/Context;I)V (light greylist, reflection)

11-09 23:08:12.611  9408  9408 W com.wallapop: Accessing hidden method Landroid/view/textclassifier/logging/SmartSelectionEventTracker;->logEvent(Landroid/view/textclassifier/logging/SmartSelectionEventTracker$SelectionEvent;)V (light greylist, reflection)

11-09 23:08:12.611  9408  9408 W com.wallapop: Accessing hidden method Landroid/view/textclassifier/logging/SmartSelectionEventTracker$SelectionEvent;->selectionStarted(I)Landroid/view/textclassifier/logging/SmartSelectionEventTracker$SelectionEvent; (light greylist, reflection)

11-09 23:08:12.611  9408  9408 W com.wallapop: Accessing hidden method Landroid/view/textclassifier/logging/SmartSelectionEventTracker$SelectionEvent;->selectionModified(II)Landroid/view/textclassifier/logging/SmartSelectionEventTracker$SelectionEvent; (light greylist, reflection)

11-09 23:08:12.611  9408  9408 W com.wallapop: Accessing hidden method Landroid/view/textclassifier/logging/SmartSelectionEventTracker$SelectionEvent;->selectionModified(IILandroid/view/textclassifier/TextClassification;)Landroid/view/textclassifier/logging/SmartSelectionEventTracker$SelectionEvent; (light greylist, reflection)

11-09 23:08:12.611  9408  9408 W com.wallapop: Accessing hidden method Landroid/view/textclassifier/logging/SmartSelectionEventTracker$SelectionEvent;->selectionModified(IILandroid/view/textclassifier/TextSelection;)Landroid/view/textclassifier/logging/SmartSelectionEventTracker$SelectionEvent; (light greylist, reflection)

11-09 23:08:12.611  9408  9408 W com.wallapop: Accessing hidden method Landroid/view/textclassifier/logging/SmartSelectionEventTracker$SelectionEvent;->selectionAction(III)Landroid/view/textclassifier/logging/SmartSelectionEventTracker$SelectionEvent; (light greylist, reflection)

11-09 23:08:12.611  9408  9408 W com.wallapop: Accessing hidden method Landroid/view/textclassifier/logging/SmartSelectionEventTracker$SelectionEvent;->selectionAction(IIILandroid/view/textclassifier/TextClassification;)Landroid/view/textclassifier/logging/SmartSelectionEventTracker$SelectionEvent; (light greylist, reflection)

11-09 23:08:12.657  9408  9522 W com.wallapop: Accessing hidden method Landroid/media/AudioManager;->getOutputLatency(I)I (light greylist, reflection)

11-09 23:08:12.723  9408  9408 W com.wallapop: Accessing hidden method Landroid/app/ActivityThread;->currentPackageName()Ljava/lang/String; (light greylist, reflection)

11-09 23:08:12.891  9408  9419 I com.wallapop: Background concurrent copying GC freed 245728(16MB) AllocSpace objects, 43(5MB) LOS objects, 49% free, 11MB/22MB, paused 163us total 145.353ms

11-09 23:08:13.183  9408  9583 W com.wallapop: Accessing hidden method Lcom/android/org/conscrypt/OpenSSLSocketImpl;->setAlpnProtocols([B)V (light greylist, reflection)

11-09 23:08:13.542  9408  9583 W com.wallapop: Accessing hidden method Lcom/android/org/conscrypt/OpenSSLSocketImpl;->getAlpnSelectedProtocol()[B (light greylist, reflection)

11-09 23:08:13.716  4211  7608 D GameManagerService: identifyGamePackage. com.wallapop

11-09 23:08:13.716  4211  7608 D GamePkgDataHelper: getGamePkgData(). com.wallapop

11-09 23:08:15.141  4211  5504 D SamsungAlarmManager: Cancel Alarm calling from uid:10311 pid :9408 / op:PendingIntent{df44da6: PendingIntentRecord{511d3e7 com.wallapop broadcastIntent}}

11-09 23:08:15.191  9408  9408 W com.wallapop: Accessing hidden method Landroid/graphics/drawable/Drawable;->getOpticalInsets()Landroid/graphics/Insets; (light greylist, linking)

11-09 23:08:15.191  9408  9408 W com.wallapop: Accessing hidden field Landroid/graphics/Insets;->left:I (light greylist, linking)

11-09 23:08:15.192  9408  9408 W com.wallapop: Accessing hidden field Landroid/graphics/Insets;->right:I (light greylist, linking)

11-09 23:08:15.192  9408  9408 W com.wallapop: Accessing hidden field Landroid/graphics/Insets;->top:I (light greylist, linking)

11-09 23:08:15.192  9408  9408 W com.wallapop: Accessing hidden field Landroid/graphics/Insets;->bottom:I (light greylist, linking)

11-09 23:08:15.747  9408  9408 W com.wallapop: Accessing hidden method Landroid/view/View;->computeFitSystemWindows(Landroid/graphics/Rect;Landroid/graphics/Rect;)Z (light greylist, reflection)

11-09 23:08:15.749  9408  9408 W com.wallapop: Accessing hidden method Landroid/view/ViewGroup;->makeOptionalFitsSystemWindows()V (light greylist, reflection)

11-09 23:08:15.780  9408  9408 W com.wallapop: Accessing hidden field Landroid/view/ViewGroup;->mOnHierarchyChangeListener:Landroid/view/ViewGroup$OnHierarchyChangeListener; (light greylist, reflection)

11-09 23:08:15.793  4211  6759 D SamsungAlarmManager: Cancel Alarm calling from uid:10311 pid :9408 / op:PendingIntent{b8d6b7e: PendingIntentRecord{36b58df com.wallapop broadcastIntent}}

11-09 23:08:15.850  9408  9408 I chatty  : uid=10311(com.wallapop) identical 3 lines

11-09 23:08:15.855  9408  9408 I chatty  : uid=10311(com.wallapop) identical 4 lines

11-09 23:08:15.859  9408  9408 I chatty  : uid=10311(com.wallapop) identical 3 lines

11-09 23:08:15.859  9408  9408 I chatty  : uid=10311(com.wallapop) identical 1 line

11-09 23:08:15.861  9408  9408 I chatty  : uid=10311(com.wallapop) identical 8 lines

11-09 23:08:15.958  4211  6759 I ActivityManager: START u0 {act=null typ=null flg=0x0 cmp=ComponentInfo{com.wallapop/com.rewallapop.ui.wall.WallActivity}} from uid 10311

11-09 23:08:15.970  3727  3727 I SurfaceFlinger: id=23315 createSurf (4440x4440),2 flag=4, AppWindowToken{8d6a3fb token=Token{c10c18a ActivityRecord{977aff5 u0 com.wallapop/com.rewallapop.ui.wall.WallActivity t2101}}}#0

11-09 23:08:15.974  4211  6759 D SurfaceControl: reparent is called, sc=Surface(name=e16515f Splash Screen com.wallapop)/@0x87c7c18, newParentHandle=android.os.BinderProxy@d605671, transaction=android.view.SurfaceControl$Transaction@8c16c56

11-09 23:08:15.979  4211  4228 D WindowManager: setSystemUiVisibility: vis= 0xa018, fullscreenVis= 0x2000, dockedVis= 0x0, win=Window{e16515f u0 Splash Screen com.wallapop}

11-09 23:08:15.979  3727  3771 D Layer   : [e16515f Splash Screen com.wallapop#0]::reparent oldParent:[AppWindowToken{397405a token=Token{c40a805 ActivityRecord{dd3877c u0 com.wallapop/com.rewallapop.ui.main.MainActivity t2101}}}#0], newParent:[AppWindowToken{8d6a3fb token=Token{c10c18a ActivityRecord{977aff5 u0 com.wallapop/com.rewallapop.ui.wall.WallActivity t2101}}}#0]

11-09 23:08:15.981  4211  4211 D Telecom:SamsungPrebindingServiceImpl: onTopActivityChanged : ComponentInfo{com.wallapop/com.rewallapop.ui.wall.WallActivity}

11-09 23:08:16.120  9408  9419 I com.wallapop: Background concurrent copying GC freed 102175(7MB) AllocSpace objects, 59(2MB) LOS objects, 49% free, 12MB/25MB, paused 300us total 114.654ms

11-09 23:08:16.168  9408  9661 I com.wallapop: The ClassLoaderContext is a special shared library.

11-09 23:08:16.208  4211  4227 D ApplicationPolicy: isStatusBarNotificationAllowedAsUser: packageName = com.wallapop,userId = 0

11-09 23:08:16.209  4211  4227 D ApplicationPolicy: isStatusBarNotificationAllowedAsUser: packageName = com.wallapop,userId = 0

11-09 23:08:16.218  4211  5500 D GamePkgDataHelper: notifyAppCreate(), pkgName: com.wallapop, sendRet: true

11-09 23:08:16.218  4211  4473 D GamePkgDataHelper: getGamePkgData(). com.wallapop

11-09 23:08:16.218  4211  4473 D GameManagerService: handleMessage(), MSG_APP_CREATE. ignore. pkgName: com.wallapop

11-09 23:08:16.222  4211  5500 D GameManagerService: noteResumeComponent(), resumeComponent: com.wallapop

11-09 23:08:16.222  4211  5500 D MARsPolicyManager: onPackageResumedFG pkgName = com.wallapop, userId = 0

11-09 23:08:16.224  4211  4473 D GameManagerService: handleForegroundChange(). pkgName: com.wallapop, clsName: com.rewallapop.ui.wall.WallActivity,FgActivityName:com.wallapop/com.rewallapop.ui.wall.WallActivity

11-09 23:08:16.225  4211  4211 D Telecom:SamsungPrebindingServiceImpl: onTopActivityChanged : ComponentInfo{com.wallapop/com.rewallapop.ui.wall.WallActivity}

11-09 23:08:16.228  4211  5500 I WindowManager: Cancelling animation restarting=true, leash=null, surface=Surface(name=AppWindowToken{397405a token=Token{c40a805 ActivityRecord{dd3877c u0 com.wallapop/com.rewallapop.ui.main.MainActivity t2101}}})/@0x295f3ba, parent=Surface(name=Task=2101)/@0x5f7a26b

11-09 23:08:16.228  4211  5500 I WindowManager: Reparenting to leash, surface=Surface(name=AppWindowToken{397405a token=Token{c40a805 ActivityRecord{dd3877c u0 com.wallapop/com.rewallapop.ui.main.MainActivity t2101}}})/@0x295f3ba

11-09 23:08:16.229  3727  3727 I SurfaceFlinger: id=23316 createSurf (4440x4440),2 flag=4, Surface(name=AppWindowToken{397405a token=Token{c40a805 ActivityRecord{dd3877c u0 com.wallapop/com.rewallapop.ui.main.MainActivity t2101}}})/@0x295f3ba - animation-leash#0

11-09 23:08:16.231  4211  5500 D WindowManager: makeSurface duration=3 leash=Surface(name=Surface(name=AppWindowToken{397405a token=Token{c40a805 ActivityRecord{dd3877c u0 com.wallapop/com.rewallapop.ui.main.MainActivity t2101}}})/@0x295f3ba - animation-leash)/@0x462a3f4

11-09 23:08:16.231  4211  5500 D SurfaceControl: reparent is called, sc=Surface(name=AppWindowToken{397405a token=Token{c40a805 ActivityRecord{dd3877c u0 com.wallapop/com.rewallapop.ui.main.MainActivity t2101}}})/@0x295f3ba, newParentHandle=android.os.BinderProxy@eac571d, transaction=android.view.SurfaceControl$Transaction@89f9186

11-09 23:08:16.235  3727  3771 D Layer   : [AppWindowToken{397405a token=Token{c40a805 ActivityRecord{dd3877c u0 com.wallapop/com.rewallapop.ui.main.MainActivity t2101}}}#0]::reparent oldParent:[Task=2101#0], newParent:[Surface(name=AppWindowToken{397405a token=Token{c40a805 ActivityRecord{dd3877c u0 com.wallapop/com.rewallapop.ui.main.MainActivity t2101}}})/@0x295f3ba - animation-leash#0]

11-09 23:08:16.264  9408  9474 W com.wallapop: Accessing hidden method Ldalvik/system/VMRuntime;->getRuntime()Ldalvik/system/VMRuntime; (light greylist, reflection)

11-09 23:08:16.264  9408  9474 W com.wallapop: Accessing hidden method Ldalvik/system/VMRuntime;->vmInstructionSet()Ljava/lang/String; (light greylist, reflection)

11-09 23:08:16.301  8649  8663 I Finsky  : [8043] fxs.d(3): com.wallapop: Account determined from installer data - [rJj4Md76H4LxoN-B4dnoZM7XaXDDBcXGlC-caOCi6Uc]

11-09 23:08:16.301  8649  8663 I Finsky  : [8043] fxs.d(14): com.wallapop: Account from preferred account - [rJj4Md76H4LxoN-B4dnoZM7XaXDDBcXGlC-caOCi6Uc]

11-09 23:08:16.305  8649  8663 I Finsky  : [8043] fxs.d(3): com.wallapop: Account determined from installer data - [rJj4Md76H4LxoN-B4dnoZM7XaXDDBcXGlC-caOCi6Uc]

11-09 23:08:16.306  8649  8663 I Finsky  : [8043] fxs.d(14): com.wallapop: Account from preferred account - [rJj4Md76H4LxoN-B4dnoZM7XaXDDBcXGlC-caOCi6Uc]

11-09 23:08:16.308  8649  8663 I Finsky  : [8043] fxs.d(3): com.wallapop: Account determined from installer data - [rJj4Md76H4LxoN-B4dnoZM7XaXDDBcXGlC-caOCi6Uc]

11-09 23:08:16.308  8649  8663 I Finsky  : [8043] fxs.d(14): com.wallapop: Account from preferred account - [rJj4Md76H4LxoN-B4dnoZM7XaXDDBcXGlC-caOCi6Uc]

11-09 23:08:16.313  8649  8663 I Finsky  : [8043] fxs.d(3): com.wallapop: Account determined from installer data - [rJj4Md76H4LxoN-B4dnoZM7XaXDDBcXGlC-caOCi6Uc]

11-09 23:08:16.313  8649  8663 I Finsky  : [8043] fxs.d(14): com.wallapop: Account from preferred account - [rJj4Md76H4LxoN-B4dnoZM7XaXDDBcXGlC-caOCi6Uc]

11-09 23:08:16.323 23911 23911 D Notification.Badge: [valid] onNotificationPosted : StatusBarNotification(pkg=com.wallapop user=UserHandle{0} id=999 tag=null key=0|com.wallapop|999|null|10311: Notification(channel=wallapop_channel pri=-2 contentView=null vibrate=null sound=null defaults=0x0 flags=0x62 color=0x00000000 vis=PRIVATE semFlags=0x0 semPriority=0 semMissedCount=0))

11-09 23:08:16.323 23911 23911 D Notification.Badge: notificationKey : 0|com.wallapop|999|null|10311, count : 0, this.count : 1

11-09 23:08:16.329 23911 23978 D Notification.Badge: LauncherModel:onNotificationPosted() : com.wallapop, count : [0], shouldBeFilteredOut : [false]

11-09 23:08:16.329 23911 23978 D Notification.Badge: notificationKey : 0|com.wallapop|999|null|10311, count : 1, mTotalCount : 1

11-09 23:08:16.333 23911 23978 D Notification.Badge: updateLauncherIconBadges() item : [IconInfo(title=_Wallapop_ intent=Intent { act=android.intent.action.MAIN cat=[android.intent.category.LAUNCHER] flg=0x10200000 cmp=com.wallapop/.activities.HomeActivity (has extras) } id=160 type=0 container=-102 screen=1 cellX=3 cellY=0 spanX=1 spanY=1 rank=3 hidden=0 dropPos=null user=UserHandle{0} screenType=0)], mShowBadge : [true], item.mBadgeCount : [1]

11-09 23:08:16.337 23911 23911 D RecommendedView: updateBadgeItems: [IconInfo(title=_Wallapop_ intent=Intent { act=android.intent.action.MAIN cat=[android.intent.category.LAUNCHER] flg=0x10200000 cmp=com.wallapop/.activities.HomeActivity (has extras) } id=160 type=0 container=-102 screen=1 cellX=3 cellY=0 spanX=1 spanY=1 rank=3 hidden=0 dropPos=null user=UserHandle{0} screenType=0)]

11-09 23:08:16.367  4211  4390 D WifiTrafficPoller: TrafficStats TxPkts=723873 RxPkts=1307287 TxBytes=166702702 RxBytes=1242472698 , Foreground uid=10311 pkgName=com.wallapop TxPackets=41722 RxPackets=51062 TxBytes=5463965 RxBytes=55793346

11-09 23:08:16.519  4211  5519 D SamsungAlarmManager: Cancel Alarm calling from uid:10311 pid :9408 / op:PendingIntent{4a7d8c: PendingIntentRecord{36b58df com.wallapop broadcastIntent}}

11-09 23:08:16.527  4211  4310 I WindowManager: reset, Reparenting to original parent, shouldDeferScheduleAnimation=false, destroyLeash=true, surface=Surface(name=AppWindowToken{397405a token=Token{c40a805 ActivityRecord{dd3877c u0 com.wallapop/com.rewallapop.ui.main.MainActivity t2101}}})/@0x295f3ba, parent=Surface(name=Task=2101)/@0x5f7a26b, parentNativeHandle=android.os.BinderProxy@3e3f3e3, caller=com.android.server.wm.SurfaceAnimator.lambda$getFinishedCallback$0:97 com.android.server.wm.-$$Lambda$SurfaceAnimator$SIBia0mND666K8lMCPsoid8pUTI.run:4 com.android.server.wm.SurfaceAnimator.lambda$getFinishedCallback$1:104 com.android.server.wm.-$$Lambda$SurfaceAnimator$vdRZk66hQVbQCvVXEaQCT1kVmFc.onAnimationFinished:4 com.android.server.wm.LocalAnimationAdapter.lambda$startAnimation$0:74

11-09 23:08:16.527  4211  4310 D SurfaceControl: reparent is called, sc=Surface(name=AppWindowToken{397405a token=Token{c40a805 ActivityRecord{dd3877c u0 com.wallapop/com.rewallapop.ui.main.MainActivity t2101}}})/@0x295f3ba, newParentHandle=android.os.BinderProxy@3e3f3e3, transaction=android.view.SurfaceControl$Transaction@89f9186

11-09 23:08:16.528  4211  4310 D SurfaceControl: destroy(transaction), animation-leash is destroyed, sc=Surface(name=Surface(name=AppWindowToken{397405a token=Token{c40a805 ActivityRecord{dd3877c u0 com.wallapop/com.rewallapop.ui.main.MainActivity t2101}}})/@0x295f3ba - animation-leash)/@0x462a3f4, transaction=android.view.SurfaceControl$Transaction@89f9186, caller=com.android.server.wm.SurfaceAnimator.reset:338 com.android.server.wm.SurfaceAnimator.lambda$getFinishedCallback$0:97 com.android.server.wm.-$$Lambda$SurfaceAnimator$SIBia0mND666K8lMCPsoid8pUTI.run:4 com.android.server.wm.SurfaceAnimator.lambda$getFinishedCallback$1:104 com.android.server.wm.-$$Lambda$SurfaceAnimator$vdRZk66hQVbQCvVXEaQCT1kVmFc.onAnimationFinished:4 com.android.server.wm.LocalAnimationAdapter.lambda$startAnimation$0:74 com.android.server.wm.-$$Lambda$LocalAnimationAdapter$X--EomqUvw4qy89IeeTFTH7aCMo.run:4

11-09 23:08:16.545  3727  3964 D Layer   : [AppWindowToken{397405a token=Token{c40a805 ActivityRecord{dd3877c u0 com.wallapop/com.rewallapop.ui.main.MainActivity t2101}}}#0]::reparent oldParent:[Surface(name=AppWindowToken{397405a token=Token{c40a805 ActivityRecord{dd3877c u0 com.wallapop/com.rewallapop.ui.main.MainActivity t2101}}})/@0x295f3ba - animation-leash#0], newParent:[Task=2101#0]

11-09 23:08:16.545  3727  3964 I SurfaceFlinger: id=23316 Removed Surface(name=AppWindowToken{397405a token=Token{c40a805 ActivityRecord{dd3877c u0 com.wallapop/com.rewallapop.ui.main.MainActivity t2101}}})/@0x295f3ba - animation-leash#0 (0/53)

11-09 23:08:16.560  3727  3727 I Layer   : id=23316 onRemoved Surface(name=AppWindowToken{397405a token=Token{c40a805 ActivityRecord{dd3877c u0 com.wallapop/com.rewallapop.ui.main.MainActivity t2101}}})/@0x295f3ba - animation-leash#0

11-09 23:08:16.759  9408  9408 W com.wallapop: Accessing hidden method Landroid/widget/TextView;->getTextDirectionHeuristic()Landroid/text/TextDirectionHeuristic; (light greylist, linking)

11-09 23:08:16.765  9408  9408 W com.wallapop: Accessing hidden method Landroid/graphics/FontFamily;-><init>()V (light greylist, reflection)

