11-09 23:08:16.765  9408  9408 W com.wallapop: Accessing hidden method Landroid/graphics/FontFamily;->addFontFromAssetManager(Landroid/content/res/AssetManager;Ljava/lang/String;IZIII[Landroid/graphics/fonts/FontVariationAxis;)Z (light greylist, reflection)

11-09 23:08:16.765  9408  9408 W com.wallapop: Accessing hidden method Landroid/graphics/FontFamily;->addFontFromBuffer(Ljava/nio/ByteBuffer;I[Landroid/graphics/fonts/FontVariationAxis;II)Z (light greylist, reflection)

11-09 23:08:16.765  9408  9408 W com.wallapop: Accessing hidden method Landroid/graphics/FontFamily;->freeze()Z (light greylist, reflection)

11-09 23:08:16.765  9408  9408 W com.wallapop: Accessing hidden method Landroid/graphics/FontFamily;->abortCreation()V (light greylist, reflection)

11-09 23:08:16.766  9408  9408 W com.wallapop: Accessing hidden method Landroid/graphics/Typeface;->createFromFamiliesWithDefault([Landroid/graphics/FontFamily;Ljava/lang/String;II)Landroid/graphics/Typeface; (light greylist, reflection)

11-09 23:08:17.005  9408  9699 I com.wallapop: The ClassLoaderContext is a special shared library.

11-09 23:08:17.780  9408  9413 I com.wallapop: Compiler allocated 4MB to compile void android.widget.TextView.<init>(android.content.Context, android.util.AttributeSet, int, int)

11-09 23:08:17.962  4211  5239 D ActivityManagerPerformance: Received MSG_DISABLE_ACT_START, r: ActivityRecord{977aff5 u0 com.wallapop/com.rewallapop.ui.wall.WallActivity t2101}

11-09 23:08:17.969  3727  3727 I SurfaceFlinger: id=23317 createSurf (4440x4440),2 flag=4, ab0ac52 com.wallapop/com.rewallapop.ui.wall.WallActivity#0

11-09 23:08:18.004  8649  9190 I Finsky  : [8114] fxs.d(3): com.wallapop: Account determined from installer data - [rJj4Md76H4LxoN-B4dnoZM7XaXDDBcXGlC-caOCi6Uc]

11-09 23:08:18.005  8649  9190 I Finsky  : [8114] fxs.d(14): com.wallapop: Account from preferred account - [rJj4Md76H4LxoN-B4dnoZM7XaXDDBcXGlC-caOCi6Uc]

11-09 23:08:18.127  8649  9190 I Finsky  : [8114] fxs.d(3): com.wallapop: Account determined from installer data - [rJj4Md76H4LxoN-B4dnoZM7XaXDDBcXGlC-caOCi6Uc]

11-09 23:08:18.128  8649  9190 I Finsky  : [8114] fxs.d(14): com.wallapop: Account from preferred account - [rJj4Md76H4LxoN-B4dnoZM7XaXDDBcXGlC-caOCi6Uc]

11-09 23:08:18.269  8649  9190 I Finsky  : [8114] fxs.d(3): com.wallapop: Account determined from installer data - [rJj4Md76H4LxoN-B4dnoZM7XaXDDBcXGlC-caOCi6Uc]

11-09 23:08:18.269  8649  9190 I Finsky  : [8114] fxs.d(14): com.wallapop: Account from preferred account - [rJj4Md76H4LxoN-B4dnoZM7XaXDDBcXGlC-caOCi6Uc]

11-09 23:08:18.382  8649  9190 I Finsky  : [8114] fxs.d(3): com.wallapop: Account determined from installer data - [rJj4Md76H4LxoN-B4dnoZM7XaXDDBcXGlC-caOCi6Uc]

11-09 23:08:18.383  8649  9190 I Finsky  : [8114] fxs.d(14): com.wallapop: Account from preferred account - [rJj4Md76H4LxoN-B4dnoZM7XaXDDBcXGlC-caOCi6Uc]

11-09 23:08:18.494  9408  9419 I com.wallapop: Background concurrent copying GC freed 137335(9MB) AllocSpace objects, 27(2MB) LOS objects, 49% free, 16MB/33MB, paused 270us total 122.539ms

11-09 23:08:18.806  4211  5500 V WindowManager: Relayout Window{ab0ac52 u0 com.wallapop/com.rewallapop.ui.wall.WallActivity}: viewVisibility=0 req=1080x2220 {(0,0)(fillxfill) sim={adjust=resize forwardNavigation} ty=BASE_APPLICATION wanim=0x10302fe

11-09 23:08:18.811  3727  3727 I SurfaceFlinger: id=23318 createSurf (1080x2220),1 flag=404, com.wallapop/com.rewallapop.ui.wall.WallActivity[9408]#0

11-09 23:08:18.812  4211  5500 D WindowManager: makeSurface duration=3 name=com.wallapop/com.rewallapop.ui.wall.WallActivity[9408]

11-09 23:08:18.813  4211  5500 V WindowManager: Changing focus from null to Window{ab0ac52 u0 com.wallapop/com.rewallapop.ui.wall.WallActivity} Callers=com.android.server.wm.WindowManagerService.relayoutWindow:2526 com.android.server.wm.Session.relayoutForTranslate:302 android.view.IWindowSession$Stub.onTransact:518 com.android.server.wm.Session.onTransact:186

11-09 23:08:18.814  4211  4228 D WindowManager: setSystemUiVisibility: vis= 0xa518, fullscreenVis= 0x2000, dockedVis= 0x0, win=Window{ab0ac52 u0 com.wallapop/com.rewallapop.ui.wall.WallActivity}

11-09 23:08:18.819  4211  4242 D WindowManager: reportFocusChangedSerialized, focused=true, inTouchMode=true, win=Window{ab0ac52 u0 com.wallapop/com.rewallapop.ui.wall.WallActivity}

11-09 23:08:18.986  8649  8663 I Finsky  : [8043] fxs.d(3): com.wallapop: Account determined from installer data - [rJj4Md76H4LxoN-B4dnoZM7XaXDDBcXGlC-caOCi6Uc]

11-09 23:08:18.987  8649  8663 I Finsky  : [8043] fxs.d(14): com.wallapop: Account from preferred account - [rJj4Md76H4LxoN-B4dnoZM7XaXDDBcXGlC-caOCi6Uc]

11-09 23:08:19.283  4211  5504 D WindowManager: finishDrawingWindow: Window{ab0ac52 u0 com.wallapop/com.rewallapop.ui.wall.WallActivity} mDrawState=DRAW_PENDING

11-09 23:08:19.287  4211  4310 I WindowManager: commitFinishDrawingLocked: mDrawState=READY_TO_SHOW Surface(name=com.wallapop/com.rewallapop.ui.wall.WallActivity[9408])/@0x9ba2680

11-09 23:08:19.287  4211  4310 V WindowManager: Resize reasons for w=Window{ab0ac52 u0 com.wallapop/com.rewallapop.ui.wall.WallActivity}:  contentInsetsChanged=false [0,63][0,126] visibleInsetsChanged=false [0,63][0,126] stableInsetsChanged=false [0,63][0,126] outsetsChanged=false [0,0][0,0] surfaceResized=false configChanged=false dragResizingChanged=false reportOrientationChanged=false displayCutoutChanged=false nextForceRelayoutToClient=false

11-09 23:08:19.294  4211  4310 I WindowManager: commitFinishDrawingLocked: mDrawState=READY_TO_SHOW Surface(name=com.wallapop/com.rewallapop.ui.wall.WallActivity[9408])/@0x9ba2680

11-09 23:08:19.294  4211  4310 I WindowManager: Cancelling animation restarting=false, leash=null, surface=Surface(name=ab0ac52 com.wallapop/com.rewallapop.ui.wall.WallActivity)/@0x2fd94b9, parent=Surface(name=AppWindowToken{8d6a3fb token=Token{c10c18a ActivityRecord{977aff5 u0 com.wallapop/com.rewallapop.ui.wall.WallActivity t2101}}})/@0x95ee0fe

11-09 23:08:19.301  4211  4310 V WindowManager: performShowLocked: mDrawState=HAS_DRAWN in Window{ab0ac52 u0 com.wallapop/com.rewallapop.ui.wall.WallActivity}

11-09 23:08:19.332  4211  4242 I ActivityManager: Displayed com.wallapop/com.rewallapop.ui.wall.WallActivity: +3s82ms (total +11s691ms)

11-09 23:08:19.332  4211  4310 V WindowManager: Remove Window{e16515f u0 Splash Screen com.wallapop}: mSurfaceController=Surface(name=Splash Screen com.wallapop)/@0x61f8af1 mAnimatingExit=false mRemoveOnExit=false mHasSurface=true surfaceShowing=true isAnimationSet=false app-animation=false mWillReplaceWindow=false inPendingTransaction=false mDisplayFrozen=false callers=com.android.server.wm.WindowState.removeIfPossible:2764 com.android.server.wm.WindowManagerService.removeWindow:1943 com.android.server.wm.Session.remove:268 android.view.ViewRootImpl.dispatchDetachedFromWindow:4565 android.view.ViewRootImpl.doDie:7996 android.view.ViewRootImpl$ViewRootHandler.handleMessage:4987

11-09 23:08:19.333  4211  4310 I WindowManager: Cancelling animation restarting=true, leash=null, surface=Surface(name=e16515f Splash Screen com.wallapop)/@0x87c7c18, parent=Surface(name=AppWindowToken{8d6a3fb token=Token{c10c18a ActivityRecord{977aff5 u0 com.wallapop/com.rewallapop.ui.wall.WallActivity t2101}}})/@0x95ee0fe

11-09 23:08:19.333  4211  4310 I WindowManager: Reparenting to leash, surface=Surface(name=e16515f Splash Screen com.wallapop)/@0x87c7c18

11-09 23:08:19.346  3727  3727 I SurfaceFlinger:      Device | 0x70de034940 | 0002 | RGBA_8888 |   0.0    0.0 1080.0 2220.0 |    0    0 1080 2220 | com.wallapop/com.rewallapop.ui.wall.WallActivity[9408]#0

11-09 23:08:19.346  3727  3727 I SurfaceFlinger:      Device | 0x70d6734fc0 | 0000 | RGBA_8888 |   0.0    0.0 1080.0 2220.0 |    0    0 1080 2220 | Splash Screen com.wallapop#0

11-09 23:08:19.352  3727  3727 I SurfaceFlinger: id=23319 createSurf (4440x4440),2 flag=4, Surface(name=e16515f Splash Screen com.wallapop)/@0x87c7c18 - animation-leash#0

11-09 23:08:19.355  4211  4310 D WindowManager: makeSurface duration=22 leash=Surface(name=Surface(name=e16515f Splash Screen com.wallapop)/@0x87c7c18 - animation-leash)/@0xf1021f1

11-09 23:08:19.355  4211  4310 D SurfaceControl: reparent is called, sc=Surface(name=e16515f Splash Screen com.wallapop)/@0x87c7c18, newParentHandle=android.os.BinderProxy@59c11d6, transaction=android.view.SurfaceControl$Transaction@8c16c56

11-09 23:08:19.358  3727  3964 D Layer   : [e16515f Splash Screen com.wallapop#0]::reparent oldParent:[AppWindowToken{8d6a3fb token=Token{c10c18a ActivityRecord{977aff5 u0 com.wallapop/com.rewallapop.ui.wall.WallActivity t2101}}}#0], newParent:[Surface(name=e16515f Splash Screen com.wallapop)/@0x87c7c18 - animation-leash#0]

11-09 23:08:19.534  4211  4310 I WindowManager: reset, Reparenting to original parent, shouldDeferScheduleAnimation=false, destroyLeash=true, surface=Surface(name=e16515f Splash Screen com.wallapop)/@0x87c7c18, parent=Surface(name=AppWindowToken{8d6a3fb token=Token{c10c18a ActivityRecord{977aff5 u0 com.wallapop/com.rewallapop.ui.wall.WallActivity t2101}}})/@0x95ee0fe, parentNativeHandle=android.os.BinderProxy@d605671, caller=com.android.server.wm.SurfaceAnimator.lambda$getFinishedCallback$0:97 com.android.server.wm.-$$Lambda$SurfaceAnimator$SIBia0mND666K8lMCPsoid8pUTI.run:4 com.android.server.wm.SurfaceAnimator.lambda$getFinishedCallback$1:104 com.android.server.wm.-$$Lambda$SurfaceAnimator$vdRZk66hQVbQCvVXEaQCT1kVmFc.onAnimationFinished:4 com.android.server.wm.LocalAnimationAdapter.lambda$startAnimation$0:74

11-09 23:08:19.534  4211  4310 D SurfaceControl: reparent is called, sc=Surface(name=e16515f Splash Screen com.wallapop)/@0x87c7c18, newParentHandle=android.os.BinderProxy@d605671, transaction=android.view.SurfaceControl$Transaction@8c16c56

11-09 23:08:19.535  4211  4310 D SurfaceControl: destroy(transaction), animation-leash is destroyed, sc=Surface(name=Surface(name=e16515f Splash Screen com.wallapop)/@0x87c7c18 - animation-leash)/@0xf1021f1, transaction=android.view.SurfaceControl$Transaction@8c16c56, caller=com.android.server.wm.SurfaceAnimator.reset:338 com.android.server.wm.SurfaceAnimator.lambda$getFinishedCallback$0:97 com.android.server.wm.-$$Lambda$SurfaceAnimator$SIBia0mND666K8lMCPsoid8pUTI.run:4 com.android.server.wm.SurfaceAnimator.lambda$getFinishedCallback$1:104 com.android.server.wm.-$$Lambda$SurfaceAnimator$vdRZk66hQVbQCvVXEaQCT1kVmFc.onAnimationFinished:4 com.android.server.wm.LocalAnimationAdapter.lambda$startAnimation$0:74 com.android.server.wm.-$$Lambda$LocalAnimationAdapter$X--EomqUvw4qy89IeeTFTH7aCMo.run:4

11-09 23:08:19.536  4211  4310 E WindowManager: win=Window{e16515f u0 Splash Screen com.wallapop EXITING} destroySurfaces: appStopped=false win.mWindowRemovalAllowed=true win.mRemoveOnExit=true win.mViewVisibility=0 caller=com.android.server.wm.AppWindowToken.destroySurfaces:870 com.android.server.wm.AppWindowToken.destroySurfaces:851 com.android.server.wm.WindowState.onExitAnimationDone:5436 com.android.server.wm.WindowStateAnimator.onAnimationFinished:319 com.android.server.wm.WindowState.onAnimationFinished:5858 com.android.server.wm.-$$Lambda$yVRF8YoeNdTa8GR1wDStVsHu8xM.run:2 com.android.server.wm.SurfaceAnimator.lambda$getFinishedCallback$0:100

11-09 23:08:19.536  4211  4310 I WindowManager: Destroying surface Surface(name=Splash Screen com.wallapop)/@0x61f8af1 called by com.android.server.wm.WindowStateAnimator.destroySurface:1901 com.android.server.wm.WindowStateAnimator.destroySurfaceLocked:838 com.android.server.wm.WindowState.destroySurfaceUnchecked:3839 com.android.server.wm.WindowState.destroySurface:3820 com.android.server.wm.AppWindowToken.destroySurfaces:870 com.android.server.wm.AppWindowToken.destroySurfaces:851 com.android.server.wm.WindowState.onExitAnimationDone:5436 com.android.server.wm.WindowStateAnimator.onAnimationFinished:319

11-09 23:08:19.536  3727  3964 I SurfaceFlinger: id=23312 Removed Splash Screen com.wallapop#0 (0/55)

11-09 23:08:19.549  3727  3771 W SurfaceFlinger: Attempting to set client state on removed layer: Splash Screen com.wallapop#0 [s.what : 40]

11-09 23:08:19.549  3727  3771 D Layer   : [e16515f Splash Screen com.wallapop#0]::reparent oldParent:[Surface(name=e16515f Splash Screen com.wallapop)/@0x87c7c18 - animation-leash#0], newParent:[AppWindowToken{8d6a3fb token=Token{c10c18a ActivityRecord{977aff5 u0 com.wallapop/com.rewallapop.ui.wall.WallActivity t2101}}}#0]

11-09 23:08:19.550  3727  3771 W SurfaceFlinger: Attempting to destroy on removed layer: Splash Screen com.wallapop#0

11-09 23:08:19.550  3727  3771 I SurfaceFlinger: id=23319 Removed Surface(name=e16515f Splash Screen com.wallapop)/@0x87c7c18 - animation-leash#0 (2/54)

11-09 23:08:19.550  3727  3771 I SurfaceFlinger: id=23311 Removed e16515f Splash Screen com.wallapop#0 (1/53)

11-09 23:08:19.550  3727  3727 I Layer   : id=23311 onRemoved e16515f Splash Screen com.wallapop#0

11-09 23:08:19.550  3727  3727 I Layer   : id=23312 onRemoved Splash Screen com.wallapop#0

11-09 23:08:19.551  3727  3727 I Layer   : id=23319 onRemoved Surface(name=e16515f Splash Screen com.wallapop)/@0x87c7c18 - animation-leash#0

11-09 23:08:19.565  3727  3727 I SurfaceFlinger:      Device | 0x70de034940 | 0002 | RGBA_8888 |   0.0    0.0 1080.0 2220.0 |    0    0 1080 2220 | com.wallapop/com.rewallapop.ui.wall.WallActivity[9408]#0

11-09 23:08:19.577  9408  9408 V InputMethodManager: Starting input: tba=com.wallapop ic=null mNaviBarColor -1 mIsGetNaviBarColorSuccess true , NavVisible : true , NavTrans : false

11-09 23:08:19.579  4211  6755 V InputMethodManagerService: windowGainedFocus : reason=WINDOW_FOCUS_GAIN client=android.os.BinderProxy@ad764b4 inputContext=null missingMethods= attribute=android.view.inputmethod.EditorInfo@10244c8 nm = com.wallapop controlFlags=#104 softInputMode=#110 windowFlags=#81810100

11-09 23:08:19.793  9408  9408 V InputMethodManager: Starting input: tba=com.wallapop ic=null mNaviBarColor -1 mIsGetNaviBarColorSuccess true , NavVisible : true , NavTrans : false

11-09 23:08:19.859  8649  9190 I Finsky  : [8114] fxs.d(3): com.wallapop: Account determined from installer data - [rJj4Md76H4LxoN-B4dnoZM7XaXDDBcXGlC-caOCi6Uc]

11-09 23:08:19.860  8649  9190 I Finsky  : [8114] fxs.d(14): com.wallapop: Account from preferred account - [rJj4Md76H4LxoN-B4dnoZM7XaXDDBcXGlC-caOCi6Uc]

11-09 23:08:19.891  4622  4682 E RequestManager_FLP: [FusedLocationApi] Location request 950c418(Listener) PRIORITY_BALANCED_POWER_ACCURACY interval=300000 from com.wallapop

11-09 23:08:19.892  8649  9190 I Finsky  : [8114] fxs.d(3): com.wallapop: Account determined from installer data - [rJj4Md76H4LxoN-B4dnoZM7XaXDDBcXGlC-caOCi6Uc]

11-09 23:08:19.895  8649  9190 I Finsky  : [8114] fxs.d(14): com.wallapop: Account from preferred account - [rJj4Md76H4LxoN-B4dnoZM7XaXDDBcXGlC-caOCi6Uc]

11-09 23:08:19.942  4211  4228 D CodecSolution: isMaxAspectPackageEx: com.wallapop : true(2)

11-09 23:08:20.005  4211  6755 I WindowManager: Cancelling animation restarting=false, leash=null, surface=Surface(name=AppWindowToken{397405a token=Token{c40a805 ActivityRecord{dd3877c u0 com.wallapop/com.rewallapop.ui.main.MainActivity t2101}}})/@0x295f3ba, parent=Surface(name=Task=2101)/@0x5f7a26b

11-09 23:08:20.021  3727  5386 I SurfaceFlinger: id=23310 Removed AppWindowToken{397405a token=Token{c40a805 ActivityRecord{dd3877c u0 com.wallapop/com.rewallapop.ui.main.MainActivity t2101}}}#0 (0/52)

11-09 23:08:20.035  3727  3727 I Layer   : id=23310 onRemoved AppWindowToken{397405a token=Token{c40a805 ActivityRecord{dd3877c u0 com.wallapop/com.rewallapop.ui.main.MainActivity t2101}}}#0

11-09 23:08:20.070  4211  4669 D MdnieScenarioControlService:  packageName : com.wallapop    className : com.rewallapop.ui.wall.WallActivity

11-09 23:08:20.451  4211  4390 D WifiTrafficPoller: TrafficStats TxPkts=724095 RxPkts=1307519 TxBytes=166758595 RxBytes=1242613875 , Foreground uid=10311 pkgName=com.wallapop TxPackets=41899 RxPackets=51242 TxBytes=5496562 RxBytes=55923902

11-09 23:08:20.782  9408  9419 I com.wallapop: Background concurrent copying GC freed 132620(10MB) AllocSpace objects, 69(5MB) LOS objects, 49% free, 21MB/43MB, paused 416us total 185.097ms

11-09 23:08:21.006  9408  9408 W com.wallapop: Accessing hidden field Landroid/view/View;->mAccessibilityDelegate:Landroid/view/View$AccessibilityDelegate; (light greylist, reflection)

11-09 23:08:21.866  9408  9408 W View    : requestLayout() improperly called by com.wallapop.design.view.WallapopTextView{7ee434f V.ED..... ......ID 47,26-47,86 #7f0a0904 app:id/wp__home__tv_bubble} during layout: running second layout pass

11-09 23:08:23.475  4211  6755 D WifiPermissionsUtil: canAccessScanResults: pkgName = com.wallapop, uid = 10311

11-09 23:08:24.000  9408  9419 I com.wallapop: Background concurrent copying GC freed 233333(11MB) AllocSpace objects, 122(11MB) LOS objects, 49% free, 22MB/44MB, paused 659us total 174.224ms

11-09 23:08:24.058  9408  9578 D Amazon DTB Ads API: with query params:[?dt=android&app=app&dinfo=%7B%22os%22%3A%22Android%22%2C%22model%22%3A%22SM-A750FN%22%2C%22make%22%3A%22samsung%22%2C%22osVersion%22%3A%229%22%2C%22connectionType%22%3A%22Wifi%22%2C%22country%22%3A%22ES%22%2C%22scalingFactor%22%3A%222.625%22%2C%22carrier%22%3A%22JAZZTEL%22%2C%22language%22%3A%22es%22%2C%22screenSize%22%3A%221080x2094%22%2C%22orientation%22%3A%22portrait%22%7D&oo=0&aud=3p&idfa=bf505ce3-e614-4d9a-a4d7-9c324edc6560&appId=d2ba46e2d5ef4c9883051d9c8d0125d5&sdkVer=aps-android-7.4.3&ua=Dalvik%2F2.1.0%20%28Linux%3B%20U%3B%20Android%209%3B%20SM-A750FN%20Build%2FPPR1.180610.011%29&pkg=%7B%22lbl%22%3A%22_Wallapop_%22%2C%22pn%22%3A%22com.wallapop%22%2C%22v%22%3A%221850000%22%2C%22vn%22%3A%221.85.0-d1910251130%22%7D]

11-09 23:08:24.516  4211  4390 D WifiTrafficPoller: TrafficStats TxPkts=724414 RxPkts=1307864 TxBytes=166825121 RxBytes=1242930747 , Foreground uid=10311 pkgName=com.wallapop TxPackets=42175 RxPackets=51522 TxBytes=5540552 RxBytes=56196306

11-09 23:08:24.656  9408  9578 D Amazon DTB Ads API: Error while connecting to remote server: https://s.amazon-adsystem.com/api3/generate_did?dt=android&app=app&dinfo=%7B%22os%22%3A%22Android%22%2C%22model%22%3A%22SM-A750FN%22%2C%22make%22%3A%22samsung%22%2C%22osVersion%22%3A%229%22%2C%22connectionType%22%3A%22Wifi%22%2C%22country%22%3A%22ES%22%2C%22scalingFactor%22%3A%222.625%22%2C%22carrier%22%3A%22JAZZTEL%22%2C%22language%22%3A%22es%22%2C%22screenSize%22%3A%221080x2094%22%2C%22orientation%22%3A%22portrait%22%7D&oo=0&aud=3p&idfa=bf505ce3-e614-4d9a-a4d7-9c324edc6560&appId=d2ba46e2d5ef4c9883051d9c8d0125d5&sdkVer=aps-android-7.4.3&ua=Dalvik%2F2.1.0%20%28Linux%3B%20U%3B%20Android%209%3B%20SM-A750FN%20Build%2FPPR1.180610.011%29&pkg=%7B%22lbl%22%3A%22_Wallapop_%22%2C%22pn%22%3A%22com.wallapop%22%2C%22v%22%3A%221850000%22%2C%22vn%22%3A%221.85.0-d1910251130%22%7D with error:Chain validation failed

11-09 23:08:24.660  9408  9578 E Amazon DTB Ads API: 	at com.wallapop.thirdparty.ads.b.a.a(SourceFile:43)

11-09 23:08:24.660  9408  9578 E Amazon DTB Ads API: 	at com.wallapop.thirdparty.ads.b.a$b$1.invokeSuspend(SourceFile:34)

11-09 23:08:24.660  9408  9578 E Amazon DTB Ads API: 	at com.wallapop.thirdparty.ads.b.a$b$1.invoke(Unknown Source:10)

11-09 23:08:24.660  9408  9578 E Amazon DTB Ads API: 	at com.wallapop.thirdparty.ads.b.a$b.invokeSuspend(SourceFile:33)

11-09 23:08:24.787  9408 10008 D Amazon DTB Ads API: with query params:[?dt=android&app=app&dinfo=%7B%22os%22%3A%22Android%22%2C%22model%22%3A%22SM-A750FN%22%2C%22make%22%3A%22samsung%22%2C%22osVersion%22%3A%229%22%2C%22connectionType%22%3A%22Wifi%22%2C%22country%22%3A%22ES%22%2C%22scalingFactor%22%3A%222.625%22%2C%22carrier%22%3A%22JAZZTEL%22%2C%22language%22%3A%22es%22%2C%22screenSize%22%3A%221080x2094%22%2C%22orientation%22%3A%22portrait%22%7D&oo=0&aud=3p&idfa=bf505ce3-e614-4d9a-a4d7-9c324edc6560&appId=d2ba46e2d5ef4c9883051d9c8d0125d5&sdkVer=aps-android-7.4.3&ua=Dalvik%2F2.1.0%20%28Linux%3B%20U%3B%20Android%209%3B%20SM-A750FN%20Build%2FPPR1.180610.011%29&pkg=%7B%22lbl%22%3A%22_Wallapop_%22%2C%22pn%22%3A%22com.wallapop%22%2C%22v%22%3A%221850000%22%2C%22vn%22%3A%221.85.0-d1910251130%22%7D]

11-09 23:08:25.152  9408  9408 W com.wallapop: Accessing hidden method Landroid/media/AudioTrack;->getLatency()I (light greylist, reflection)

11-09 23:08:25.253  9408 10008 D Amazon DTB Ads API: Error while connecting to remote server: https://s.amazon-adsystem.com/api3/generate_did?dt=android&app=app&dinfo=%7B%22os%22%3A%22Android%22%2C%22model%22%3A%22SM-A750FN%22%2C%22make%22%3A%22samsung%22%2C%22osVersion%22%3A%229%22%2C%22connectionType%22%3A%22Wifi%22%2C%22country%22%3A%22ES%22%2C%22scalingFactor%22%3A%222.625%22%2C%22carrier%22%3A%22JAZZTEL%22%2C%22language%22%3A%22es%22%2C%22screenSize%22%3A%221080x2094%22%2C%22orientation%22%3A%22portrait%22%7D&oo=0&aud=3p&idfa=bf505ce3-e614-4d9a-a4d7-9c324edc6560&appId=d2ba46e2d5ef4c9883051d9c8d0125d5&sdkVer=aps-android-7.4.3&ua=Dalvik%2F2.1.0%20%28Linux%3B%20U%3B%20Android%209%3B%20SM-A750FN%20Build%2FPPR1.180610.011%29&pkg=%7B%22lbl%22%3A%22_Wallapop_%22%2C%22pn%22%3A%22com.wallapop%22%2C%22v%22%3A%221850000%22%2C%22vn%22%3A%221.85.0-d1910251130%22%7D with error:Chain validation failed

11-09 23:08:25.396  9408 10008 D Amazon DTB Ads API: with json params:[{"oo":"false","dinfo":{"os":"Android","model":"SM-A750FN","make":"samsung","osVersion":"9","connectionType":"Wifi","country":"ES","scalingFactor":"2.625","carrier":"JAZZTEL","language":"es","screenSize":"1080x2094","orientation":"portrait"},"adsdk":"aps-android-7.4.3","slots":[{"sz":"320x50","slot":"f414d83c-ab9f-4e02-9c59-5137663ee6c7","slotId":1,"supportedMediaTypes":["DISPLAY"]}],"mraid":["1.0","2.0","3.0"],"appId":"d2ba46e2d5ef4c9883051d9c8d0125d5","idfa":"bf505ce3-e614-4d9a-a4d7-9c324edc6560","geoloc":"41.4479223,2.2381893,19.744","isDTBMobile":"true","ua":"Dalvik\/2.1.0 (Linux; U; Android 9; SM-A750FN Build\/PPR1.180610.011)","pkg":{"lbl":"_Wallapop_","pn":"com.wallapop","v":"1850000","vn":"1.85.0-d1910251130"},"gdpr":{"e":"1","c":"BOR0xKKOR0xKKABABAENBZ-AAAAfZ7_______9______9uz_Gv_v_f__33e8__9v_l_7_-___u_-33d4-_1vX99yfm1-7ftr3tp_86ues2vHqK9ZoA"}}]

11-09 23:08:25.614  4211  4475 I CodecSolution: pid(9408) pkg(com.wallapop)

11-09 23:08:25.625  4211  6755 D CodecSolution: topName : com.wallapop

11-09 23:08:25.625  4211  6755 I CodecSolution: Top : com.wallapop

11-09 23:08:25.625  4211  6755 D SCPMHelper: getPackageInfo(com.wallapop)

11-09 23:08:25.914  4211  4475 I CodecSolution: pid(9408) pkg(com.wallapop)

11-09 23:08:25.923  4211  9311 D CodecSolution: topName : com.wallapop

11-09 23:08:25.923  4211  9311 I CodecSolution: Top : com.wallapop

11-09 23:08:25.923  4211  9311 D SCPMHelper: getPackageInfo(com.wallapop)

11-09 23:08:25.967  9408 10035 I chatty  : uid=10311(com.wallapop) CodecLooper identical 1 line

11-09 23:08:26.288  9408  9419 I com.wallapop: Background concurrent copying GC freed 312429(13MB) AllocSpace objects, 125(5MB) LOS objects, 48% free, 25MB/49MB, paused 284us total 183.854ms

11-09 23:08:26.487  9408 10019 I chatty  : uid=10311(com.wallapop) CodecLooper identical 2 lines

11-09 23:08:26.834  9408 10035 I chatty  : uid=10311(com.wallapop) CodecLooper identical 1 line

11-09 23:08:28.577  4211  4390 D WifiTrafficPoller: TrafficStats TxPkts=724659 RxPkts=1308121 TxBytes=166894800 RxBytes=1243034085 , Foreground uid=10311 pkgName=com.wallapop TxPackets=42401 RxPackets=51753 TxBytes=5603296 RxBytes=56295589


