Executed '[C69] Conversation messages: Send chat messages' on 03-07-2019
---------------------------------------------------------------------------------
07-03 17:45:38.133   874   892 I ActivityManager: Force stopping com.wallapop appid=10267 user=0: from pid 27063

07-03 17:45:38.133   874   892 I ActivityManager: Killing 25577:com.wallapop/u0a267 (adj 0): stop com.wallapop cause from pid 27063

07-03 17:45:38.143   874   892 D ActivityManager: isAutoRunBlockedApp:: com.wallapop, Auto Run ON

07-03 17:45:38.143   874   892 I ActivityManager: isWidgetUsingPkg : com.wallapop no widget is using.

07-03 17:45:38.143   874   874 D MARsPolicyManager: NotificationListenerService OngoingNotificationRemoved : com.wallapop

07-03 17:45:38.153   874   892 W ActivityManager: Force removing ActivityRecord{73aeb64 u0 com.wallapop/com.rewallapop.ui.wall.WallActivity t875}: app died, no saved state

07-03 17:45:38.213   874   874 V AlarmManager: Remove alarm for next reason : android.intent.action.PACKAGE_RESTARTED : package: com.wallapop

07-03 17:45:38.233 10221 10221 I ClearDataReceiver: [#DCM#] Intent Data: package:com.wallapop

07-03 17:45:38.463   874  5340 V WindowManager: addAppToken: AppWindowToken{3bee33c token=Token{fbb612f ActivityRecord{92230e u0 com.wallapop/com.rewallapop.ui.main.MainActivity t880}}} to stack=1 task=880 at 0

07-03 17:45:38.483   874  1132 D ISSUE_DEBUG: InputChannelName : c58340 Starting com.wallapop

07-03 17:45:38.493   874  1714 I ActivityManager: Start proc 27090:com.wallapop/u0a267 for activity com.wallapop/com.rewallapop.ui.main.MainActivity

07-03 17:45:38.493 27090 27090 W SELinux : SELinux: seapp_context_lookup: seinfo=default, level=s0:c512,c768, pkgname=com.wallapop

07-03 17:45:38.523   874  1132 V WindowStateAnimator: Finishing drawing window Window{c58340 u0 d0 Starting com.wallapop}: mDrawState=DRAW_PENDING

07-03 17:45:38.533   874  2020 D ActivityManager:  Launching com.wallapop, updated priority

07-03 17:45:38.553   874  1027 V MARsPolicyManager: updatePackagesScore PackageInfo name -- com.wallapop

07-03 17:45:38.553   874  1028 D StatusBarManagerService: manageDisableList userId=0 what=0x0 pkg=Window{c58340 u0 d0 Starting com.wallapop}

07-03 17:45:38.563 27090 27090 W ResourcesManager: getTopLevelResources: /data/app/com.wallapop-1/base.apk / 1.0 running in com.wallapop rsrc of package null

07-03 17:45:38.693 27090 27105 W ResourcesManager: getTopLevelResources: /data/app/com.wallapop-1/base.apk / 1.0 running in com.wallapop rsrc of package null

07-03 17:45:38.703 27090 27105 I FA      :   adb shell setprop debug.firebase.analytics.app com.wallapop

07-03 17:45:38.713 27090 27090 W ResourcesManager: getTopLevelResources: /data/app/com.wallapop-1/base.apk / 1.0 running in com.wallapop rsrc of package null

07-03 17:45:38.713   874  2732 V AlarmManager:  remove PendingIntent] PendingIntent{856b33b: PendingIntentRecord{2287a58 com.wallapop broadcastIntent}}

07-03 17:45:38.713 27090 27090 W ResourcesManager: getTopLevelResources: /data/app/com.wallapop-1/base.apk / 1.0 running in com.wallapop rsrc of package null

07-03 17:45:38.713 27090 27107 W ResourcesManager: getTopLevelResources: /data/app/com.google.android.gms-1/base.apk / 1.0 running in com.wallapop rsrc of package null

07-03 17:45:38.723 27090 27113 W ResourcesManager: getTopLevelResources: /data/app/com.google.android.gms-1/base.apk / 1.0 running in com.wallapop rsrc of package null

07-03 17:45:38.723 27090 27090 W ResourcesManager: getTopLevelResources: /data/app/com.wallapop-1/base.apk / 1.0 running in com.wallapop rsrc of package null

07-03 17:45:39.103 27090 27090 W System.err: mkdir failed: EEXIST (File exists) : /data/user/0/com.wallapop/cache/okhttp

07-03 17:45:40.133 27090 27136 I stetho  : Listening on @stetho_com.wallapop_devtools_remote

07-03 17:45:40.153 27090 27090 I art     : Rejecting re-init on previously-failed class java.lang.Class<com.wallapop.clickstream.JobIntentService$f>

07-03 17:45:40.153 27090 27090 I art     : Rejecting re-init on previously-failed class java.lang.Class<com.wallapop.clickstream.JobIntentService$f>

07-03 17:45:40.243 27090 27090 W ResourcesManager: getTopLevelResources: /data/app/com.google.android.gms-1/base.apk / 1.0 running in com.wallapop rsrc of package null

07-03 17:45:40.323 27090 27090 W ResourcesManager: getTopLevelResources: /data/app/com.google.android.gms-1/base.apk / 1.0 running in com.wallapop rsrc of package null

07-03 17:45:40.353 27090 27090 W ResourcesManager: getTopLevelResources: /data/app/com.google.android.gms-1/base.apk / 1.0 running in com.wallapop rsrc of package null

07-03 17:45:40.373 27090 27090 W ResourcesManager: getTopLevelResources: /data/data/com.google.android.gms/app_chimera/m/0000003f/dl-AdsFdrDynamite.integ_20300000008.apk / 1.0 running in com.wallapop rsrc of package null

07-03 17:45:40.383 27090 27090 W ResourcesManager: getTopLevelResources: /data/data/com.google.android.gms/app_chimera/m/0000003f/dl-AdsFdrDynamite.integ_20300000008.apk / 1.0 running in com.wallapop rsrc of package null

07-03 17:45:40.403 27090 27138 W System.err: remove failed: ENOENT (No such file or directory) : /data/user/0/com.wallapop/files/tfidf.db

07-03 17:45:40.413 27090 27138 W System.err: remove failed: ENOENT (No such file or directory) : /data/user/0/com.wallapop/databases/__hs__db_error_reports

07-03 17:45:40.413 27090 27138 W System.err: remove failed: ENOENT (No such file or directory) : /data/user/0/com.wallapop/databases/__hs__db_error_reports-journal

07-03 17:45:40.413 27090 27138 W System.err: remove failed: ENOENT (No such file or directory) : /data/user/0/com.wallapop/databases/__hs__db_error_reports-shm

07-03 17:45:40.413 27090 27138 W System.err: remove failed: ENOENT (No such file or directory) : /data/user/0/com.wallapop/databases/__hs__db_error_reports-wal

07-03 17:45:40.523 27090 27090 W ResourcesManager: getTopLevelResources: /data/app/com.google.android.webview-2/base.apk / 1.0 running in com.wallapop rsrc of package null

07-03 17:45:43.133 27090 27228 W ResourcesManager: getTopLevelResources: /data/app/com.google.android.gms-1/base.apk / 1.0 running in com.wallapop rsrc of package null

07-03 17:45:43.203 27090 27090 W ResourcesManager: getTopLevelResources: /data/app/com.wallapop-1/base.apk / 1.0 running in com.wallapop rsrc of package null

07-03 17:45:43.203   874  1721 V AlarmManager:  remove PendingIntent] PendingIntent{36730eb: PendingIntentRecord{3c08709 com.wallapop broadcastIntent}}

07-03 17:45:43.213 27090 27090 W ResourcesManager: getTopLevelResources: /data/app/com.wallapop-1/base.apk / 1.0 running in com.wallapop rsrc of package null

07-03 17:45:43.523   874   894 V AlarmManager:  remove PendingIntent] PendingIntent{e118e1d: PendingIntentRecord{de40689 com.wallapop broadcastIntent}}

07-03 17:45:43.643 27090 27090 W System.err: remove failed: ENOENT (No such file or directory) : /data/user/0/com.wallapop/cache/okhttp/journal.tmp

07-03 17:45:43.673 27090 27090 I Timeline: Timeline: Activity_launch_request id:com.wallapop time:55746374

07-03 17:45:43.693   874  1714 V WindowManager: addAppToken: AppWindowToken{119908c token=Token{6a31bf ActivityRecord{70e9bde u0 com.wallapop/com.rewallapop.ui.wall.WallActivity t880}}} to stack=1 task=880 at 1

07-03 17:45:43.693   874  1028 D StatusBarManagerService: manageDisableList userId=0 what=0x0 pkg=Window{c58340 u0 d0 Starting com.wallapop}

07-03 17:45:43.823   874  1027 D ApplicationPolicy: isStatusBarNotificationAllowedAsUser: packageName = com.wallapop,userId = 0

07-03 17:45:43.833   874  1027 V MARsPolicyManager: updatePackagesScore PackageInfo name -- com.wallapop

07-03 17:45:43.843   874   874 D MARsPolicyManager: NotificationListenerService OngoingNotificationPosted : com.wallapop

07-03 17:45:43.843  1391  1391 W ResourcesManager: getTopLevelResources: /data/app/com.wallapop-1/base.apk / 1.0 running in com.android.systemui rsrc of package null

07-03 17:45:43.863 27090 27090 W ResourcesManager: getTopLevelResources: /data/app/com.wallapop-1/base.apk / 1.0 running in com.wallapop rsrc of package null

07-03 17:45:43.873  1391  1391 W ResourcesManager: getTopLevelResources: /data/app/com.wallapop-1/base.apk / 1.0 running in com.android.systemui rsrc of package null

07-03 17:45:43.873  1391  1391 W ResourcesManager: getTopLevelResources: /data/app/com.wallapop-1/base.apk / 1.0 running in com.android.systemui rsrc of package null

07-03 17:45:43.883 27090 27090 W ResourcesManager: getTopLevelResources: /data/app/com.wallapop-1/base.apk / 1.0 running in com.wallapop rsrc of package null

07-03 17:45:43.883  1391  1391 W ResourcesManager: getTopLevelResources: /data/app/com.wallapop-1/base.apk / 1.0 running in com.android.systemui rsrc of package null

07-03 17:45:43.893 27090 27185 W System.err: mkdir failed: EEXIST (File exists) : /data/user/0/com.wallapop/cache/WebView/Crash Reports

07-03 17:45:43.943   874  2732 V AlarmManager:  remove PendingIntent] PendingIntent{d756851: PendingIntentRecord{de40689 com.wallapop broadcastIntent}}

07-03 17:45:44.483   874  1661 D ISSUE_DEBUG: InputChannelName : c2570b5 com.wallapop/com.rewallapop.ui.wall.WallActivity

07-03 17:45:44.493 10410  2284 I Finsky  : [7959] eth.b(2): com.wallapop: Account determined from installer data - [E7ZhE6RtwBr6ZrivWaTWep8klQM]

07-03 17:45:44.493 10410  2284 I Finsky  : [7959] eth.b(9): com.wallapop: Account from preferred account - [E7ZhE6RtwBr6ZrivWaTWep8klQM]

07-03 17:45:44.503 10410 10420 I Finsky  : [7760] eth.b(2): com.wallapop: Account determined from installer data - [E7ZhE6RtwBr6ZrivWaTWep8klQM]

07-03 17:45:44.503 10410 10420 I Finsky  : [7760] eth.b(9): com.wallapop: Account from preferred account - [E7ZhE6RtwBr6ZrivWaTWep8klQM]

07-03 17:45:44.543 27090 27303 D Amazon DTB Ads API: with json params:[{"adsdk":"aps-android-7.4.3","gdpr":{"e":"1","c":"BAAAAAAOa0ob7AcABBENBtAAAAAh6AAA"},"oo":"false","mraid":["1.0","2.0","3.0"],"ua":"Dalvik\/2.1.0 (Linux; U; Android 6.0.1; SM-G900F Build\/MMB29M)","geoloc":"41.4037792,2.1881685,500.0","idfa":"1e214c05-ac1e-4c82-ae75-fb207f9c9c8a","appId":"d2ba46e2d5ef4c9883051d9c8d0125d5","ad-id":"A-6j1GeULkCtsqbiEmqTO1M","slots":[{"sz":"320x50","slot":"f414d83c-ab9f-4e02-9c59-5137663ee6c7","slotId":1,"supportedMediaTypes":["DISPLAY"]}],"dinfo":{"os":"Android","model":"SM-G900F","make":"samsung","osVersion":"6.0.1","connectionType":"Wifi","country":"ES","scalingFactor":"3.0","carrier":"JAZZTEL","language":"es","screenSize":"1080x1920","orientation":"portrait"},"pkg":{"lbl":"_Wallapop_","pn":"com.wallapop","v":"1770000","vn":"1.77.0-d1907021319"},"isDTBMobile":"true"}]

07-03 17:45:44.743   874  1028 D StatusBarManagerService: manageDisableList userId=0 what=0x0 pkg=Window{c2570b5 u0 d0 com.wallapop/com.rewallapop.ui.wall.WallActivity}

07-03 17:45:44.883 10410 10421 I Finsky  : [7761] eth.b(2): com.wallapop: Account determined from installer data - [E7ZhE6RtwBr6ZrivWaTWep8klQM]

07-03 17:45:44.883 10410 10421 I Finsky  : [7761] eth.b(9): com.wallapop: Account from preferred account - [E7ZhE6RtwBr6ZrivWaTWep8klQM]

07-03 17:45:44.903 10410 10848 I Finsky  : [7833] eth.b(2): com.wallapop: Account determined from installer data - [E7ZhE6RtwBr6ZrivWaTWep8klQM]

07-03 17:45:44.903 10410 10848 I Finsky  : [7833] eth.b(9): com.wallapop: Account from preferred account - [E7ZhE6RtwBr6ZrivWaTWep8klQM]

07-03 17:45:44.923 10410 10487 I Finsky  : [7806] eth.b(2): com.wallapop: Account determined from installer data - [E7ZhE6RtwBr6ZrivWaTWep8klQM]

07-03 17:45:44.923 10410 10487 I Finsky  : [7806] eth.b(9): com.wallapop: Account from preferred account - [E7ZhE6RtwBr6ZrivWaTWep8klQM]

07-03 17:45:44.943 10410 10420 I Finsky  : [7760] eth.b(2): com.wallapop: Account determined from installer data - [E7ZhE6RtwBr6ZrivWaTWep8klQM]

07-03 17:45:44.943 10410 10420 I Finsky  : [7760] eth.b(9): com.wallapop: Account from preferred account - [E7ZhE6RtwBr6ZrivWaTWep8klQM]

07-03 17:45:45.073   874  1914 V WindowStateAnimator: Finishing drawing window Window{c2570b5 u0 d0 com.wallapop/com.rewallapop.ui.wall.WallActivity}: mDrawState=DRAW_PENDING

07-03 17:45:45.083   874  1132 I ActivityManager: Displayed com.wallapop/com.rewallapop.ui.wall.WallActivity: +1s256ms (total +6s609ms)

07-03 17:45:45.093   874  1132 I Timeline: Timeline: Activity_windows_visible id: ActivityRecord{70e9bde u0 com.wallapop/com.rewallapop.ui.wall.WallActivity t880} time:55747791

07-03 17:45:45.143   874  1661 V WindowStateAnimator: Finishing drawing window Window{c2570b5 u0 d0 com.wallapop/com.rewallapop.ui.wall.WallActivity}: mDrawState=HAS_DRAWN

07-03 17:45:45.143 10410  2284 I Finsky  : [7959] eth.b(2): com.wallapop: Account determined from installer data - [E7ZhE6RtwBr6ZrivWaTWep8klQM]

07-03 17:45:45.143 10410  2284 I Finsky  : [7959] eth.b(9): com.wallapop: Account from preferred account - [E7ZhE6RtwBr6ZrivWaTWep8klQM]

07-03 17:45:45.163 27090 27090 W ResourcesManager: getTopLevelResources: /data/app/com.google.android.gms-1/base.apk / 1.0 running in com.wallapop rsrc of package null

07-03 17:45:45.313 27090 27369 W ResourcesManager: getTopLevelResources: /data/data/com.google.android.gms/app_chimera/m/0000003f/dl-AdsFdrDynamite.integ_20300000008.apk / 1.0 running in com.wallapop rsrc of package null

07-03 17:45:45.373   874  1422 I AppOps  : sendInfoToFLP, code=41 , uid=10267 , packageName=com.wallapop , type=startOp

07-03 17:45:45.483 10410 10421 I Finsky  : [7761] eth.b(2): com.wallapop: Account determined from installer data - [E7ZhE6RtwBr6ZrivWaTWep8klQM]

07-03 17:45:45.483 10410 10421 I Finsky  : [7761] eth.b(9): com.wallapop: Account from preferred account - [E7ZhE6RtwBr6ZrivWaTWep8klQM]

07-03 17:45:45.513 10410 10848 I Finsky  : [7833] eth.b(2): com.wallapop: Account determined from installer data - [E7ZhE6RtwBr6ZrivWaTWep8klQM]

07-03 17:45:45.513 10410 10848 I Finsky  : [7833] eth.b(9): com.wallapop: Account from preferred account - [E7ZhE6RtwBr6ZrivWaTWep8klQM]

07-03 17:45:46.493 27090 27090 W View    : requestLayout() improperly called by com.wallapop.design.view.WallapopTextView{eca1d83 V.ED..... ......ID 54,30-54,92 #7f0a08d2 app:id/wp__home__tv_bubble} during layout: running second layout pass

07-03 17:45:47.143 27090 27115 W System.err: remove failed: ENOENT (No such file or directory) : /data/user/0/com.wallapop/files/AppEventsLogger.persistedevents

07-03 17:45:47.883 27090 27485 W ResourcesManager: getTopLevelResources: /data/app/com.google.android.gms-1/base.apk / 1.0 running in com.wallapop rsrc of package null

07-03 17:45:48.683 27090 27485 W ResourcesManager: getTopLevelResources: /data/app/com.google.android.gms-1/base.apk / 1.0 running in com.wallapop rsrc of package null

07-03 17:45:49.113 27090 27485 W ResourcesManager: getTopLevelResources: /data/app/com.google.android.gms-1/base.apk / 1.0 running in com.wallapop rsrc of package null

07-03 17:45:49.383 27090 27485 W ResourcesManager: getTopLevelResources: /data/app/com.google.android.gms-1/base.apk / 1.0 running in com.wallapop rsrc of package null

07-03 17:45:55.633 27090 27090 I Timeline: Timeline: Activity_launch_request id:com.wallapop time:55758338

07-03 17:45:55.653   874  4874 V WindowManager: addAppToken: AppWindowToken{1c256be token=Token{7124979 ActivityRecord{691b640 u0 com.wallapop/com.rewallapop.ui.user.profile.MyProfileActivity t880}}} to stack=1 task=880 at 1

07-03 17:45:55.703   874  1027 V MARsPolicyManager: updatePackagesScore PackageInfo name -- com.wallapop

07-03 17:45:55.733 27090 27090 W ResourcesManager: getTopLevelResources: /data/app/com.wallapop-1/base.apk / 1.0 running in com.wallapop rsrc of package null

07-03 17:45:55.733 27090 27090 W ResourcesManager: getTopLevelResources: /data/app/com.wallapop-1/base.apk / 1.0 running in com.wallapop rsrc of package null

07-03 17:45:55.763   874   894 V AlarmManager:  remove PendingIntent] PendingIntent{b21031f: PendingIntentRecord{de40689 com.wallapop broadcastIntent}}

07-03 17:45:55.783   874  2020 D ISSUE_DEBUG: InputChannelName : 7e50435 com.wallapop/com.rewallapop.ui.user.profile.MyProfileActivity

07-03 17:45:55.803   874  1028 D StatusBarManagerService: manageDisableList userId=0 what=0x0 pkg=Window{7e50435 u0 d0 com.wallapop/com.rewallapop.ui.user.profile.MyProfileActivity}

07-03 17:45:55.843   874  4874 V WindowStateAnimator: Finishing drawing window Window{7e50435 u0 d0 com.wallapop/com.rewallapop.ui.user.profile.MyProfileActivity}: mDrawState=DRAW_PENDING

07-03 17:45:55.853 27090 27090 I Timeline: Timeline: Activity_launch_request id:com.wallapop time:55758552

07-03 17:45:55.853   874  1132 I ActivityManager: Displayed com.wallapop/com.rewallapop.ui.user.profile.MyProfileActivity: +151ms

07-03 17:45:55.863   874   892 V WindowManager: addAppToken: AppWindowToken{39f2f70 token=Token{2c12db3 ActivityRecord{7fcff22 u0 com.wallapop/com.rewallapop.ui.user.profile.ProfileActivity t880}}} to stack=1 task=880 at 2

07-03 17:45:55.873   874  1028 D StatusBarManagerService: manageDisableList userId=0 what=0x0 pkg=Window{c2570b5 u0 d0 com.wallapop/com.rewallapop.ui.wall.WallActivity}

07-03 17:45:55.893   874  5340 V WindowStateAnimator: Finishing drawing window Window{7e50435 u0 d0 com.wallapop/com.rewallapop.ui.user.profile.MyProfileActivity}: mDrawState=HAS_DRAWN

07-03 17:45:55.913 27090 27090 W ResourcesManager: getTopLevelResources: /data/app/com.wallapop-1/base.apk / 1.0 running in com.wallapop rsrc of package null

07-03 17:45:55.923   874  1027 V MARsPolicyManager: updatePackagesScore PackageInfo name -- com.wallapop

07-03 17:45:55.923 27090 27090 W ResourcesManager: getTopLevelResources: /data/app/com.wallapop-1/base.apk / 1.0 running in com.wallapop rsrc of package null

07-03 17:45:55.973   874  2732 V AlarmManager:  remove PendingIntent] PendingIntent{553507a: PendingIntentRecord{de40689 com.wallapop broadcastIntent}}

07-03 17:45:55.993   874  5340 D ISSUE_DEBUG: InputChannelName : 597a621 com.wallapop/com.rewallapop.ui.user.profile.ProfileActivity

07-03 17:45:56.013   874  1028 D StatusBarManagerService: manageDisableList userId=0 what=0x0 pkg=Window{597a621 u0 d0 com.wallapop/com.rewallapop.ui.user.profile.ProfileActivity}

07-03 17:45:56.123   874  1913 V WindowStateAnimator: Finishing drawing window Window{597a621 u0 d0 com.wallapop/com.rewallapop.ui.user.profile.ProfileActivity}: mDrawState=DRAW_PENDING

07-03 17:45:56.133   874  1132 I ActivityManager: Displayed com.wallapop/com.rewallapop.ui.user.profile.ProfileActivity: +231ms

07-03 17:45:56.133   874  1132 I Timeline: Timeline: Activity_windows_visible id: ActivityRecord{691b640 u0 com.wallapop/com.rewallapop.ui.user.profile.MyProfileActivity t880 f} time:55758835

07-03 17:45:56.153   874  2020 V WindowStateAnimator: Finishing drawing window Window{597a621 u0 d0 com.wallapop/com.rewallapop.ui.user.profile.ProfileActivity}: mDrawState=HAS_DRAWN

07-03 17:45:56.383   874  1132 I Timeline: Timeline: Activity_windows_visible id: ActivityRecord{7fcff22 u0 com.wallapop/com.rewallapop.ui.user.profile.ProfileActivity t880} time:55759086

07-03 17:45:56.503   874   892 I AppOps  : sendInfoToFLP, code=41 , uid=10267 , packageName=com.wallapop , type=finishOp

07-03 17:45:56.503 27090 27090 V ActivityThread: updateVisibility : ActivityRecord{5457f2b token=android.os.BinderProxy@adc0cb8 {com.wallapop/com.rewallapop.ui.wall.WallActivity}} show : false

07-03 17:45:56.553 27090 27193 E WallapopError: 	at com.wallapop.kernel.l.a$a.a(SourceFile:5)

07-03 17:45:56.553 27090 27193 E WallapopError: 	at com.wallapop.kernel.l.g$a.a(SourceFile:8)

07-03 17:45:56.553 27090 27193 E WallapopError: 	at com.wallapop.kernel.l.a$a.b(SourceFile)

07-03 17:45:56.553 27090 27193 E WallapopError: 	at com.wallapop.kernel.extension.a.b(SourceFile:21)

07-03 17:45:56.873 27090 27090 W View    : requestLayout() improperly called by com.wallapop.design.view.WallapopTextView{572081b V.ED..... ..S..AID 0,23-285,105 #7f0a0255 app:id/counterView} during layout: running second layout pass

07-03 17:46:01.783 27007 27383 W ByMatcher: Node returned null child: android.view.accessibility.AccessibilityNodeInfo@8003f40c; boundsInParent: Rect(0, 0 - 1080, 1920); boundsInScreen: Rect(0, 0 - 1080, 1920); packageName: com.wallapop; className: android.widget.FrameLayout; text: null; error: null; maxTextLength: -1; contentDescription: null; viewIdResName: null; checkable: false; checked: false; focusable: false; focused: false; selected: false; clickable: false; longClickable: false; contextClickable: false; enabled: true; password: false; scrollable: false; actions: [AccessibilityAction: ACTION_SELECT - null, AccessibilityAction: ACTION_CLEAR_SELECTION - null, AccessibilityAction: ACTION_ACCESSIBILITY_FOCUS - null, AccessibilityAction: ACTION_UNKNOWN - null]

07-03 17:46:01.793 27007 27383 W ByMatcher: Node returned null child: android.view.accessibility.AccessibilityNodeInfo@8003f40c; boundsInParent: Rect(0, 0 - 1080, 1920); boundsInScreen: Rect(0, 0 - 1080, 1920); packageName: com.wallapop; className: android.widget.FrameLayout; text: null; error: null; maxTextLength: -1; contentDescription: null; viewIdResName: null; checkable: false; checked: false; focusable: false; focused: false; selected: false; clickable: false; longClickable: false; contextClickable: false; enabled: true; password: false; scrollable: false; actions: [AccessibilityAction: ACTION_SELECT - null, AccessibilityAction: ACTION_CLEAR_SELECTION - null, AccessibilityAction: ACTION_ACCESSIBILITY_FOCUS - null, AccessibilityAction: ACTION_UNKNOWN - null]

07-03 17:46:02.833   874  1028 D StatusBarManagerService: manageDisableList userId=0 what=0x0 pkg=Window{597a621 u0 d0 com.wallapop/com.rewallapop.ui.user.profile.ProfileActivity}

07-03 17:46:02.873 27090 27090 I Timeline: Timeline: Activity_launch_request id:com.wallapop time:55765570

07-03 17:46:02.913   874  1027 V MARsPolicyManager: updatePackagesScore PackageInfo name -- com.wallapop

07-03 17:46:03.003   874   894 V AlarmManager:  remove PendingIntent] PendingIntent{613900b: PendingIntentRecord{de40689 com.wallapop broadcastIntent}}

07-03 17:46:03.083   874  1028 D StatusBarManagerService: manageDisableList userId=0 what=0x0 pkg=Window{c2570b5 u0 d0 com.wallapop/com.rewallapop.ui.wall.WallActivity}

07-03 17:46:03.193   874  5340 V AlarmManager:  remove PendingIntent] PendingIntent{387a300: PendingIntentRecord{ee3055f com.wallapop broadcastIntent}}

07-03 17:46:03.343   874   894 V WindowStateAnimator: Finishing drawing window Window{c2570b5 u0 d0 com.wallapop/com.rewallapop.ui.wall.WallActivity}: mDrawState=DRAW_PENDING

07-03 17:46:03.353   874  1132 I ActivityManager: Displayed com.wallapop/com.rewallapop.ui.wall.WallActivity: +445ms

07-03 17:46:03.563 27090 27090 W View    : requestLayout() improperly called by com.wallapop.design.view.WallapopTextView{eca1d83 V.ED..... ......ID 54,30-634,92 #7f0a08d2 app:id/wp__home__tv_bubble} during layout: running second layout pass

07-03 17:46:03.603   874  1132 I Timeline: Timeline: Activity_windows_visible id: ActivityRecord{70e9bde u0 com.wallapop/com.rewallapop.ui.wall.WallActivity t880} time:55766306

07-03 17:46:05.633 27090 27115 W System.err: remove failed: ENOENT (No such file or directory) : /data/user/0/com.wallapop/files/AppEventsLogger.persistedevents

07-03 17:46:11.553 27090 27090 I Timeline: Timeline: Activity_launch_request id:com.wallapop time:55774255

07-03 17:46:11.583   874  4874 V WindowManager: addAppToken: AppWindowToken{31808b7 token=Token{33213b6 ActivityRecord{9d77f51 u0 com.wallapop/com.rewallapop.ui.login.OnboardingActivity t880}}} to stack=1 task=880 at 1

07-03 17:46:11.623   874  1027 V MARsPolicyManager: updatePackagesScore PackageInfo name -- com.wallapop

07-03 17:46:11.633 27090 27090 W ResourcesManager: getTopLevelResources: /data/app/com.wallapop-1/base.apk / 1.0 running in com.wallapop rsrc of package null

07-03 17:46:11.643 27090 27090 W ResourcesManager: getTopLevelResources: /data/app/com.wallapop-1/base.apk / 1.0 running in com.wallapop rsrc of package null

07-03 17:46:11.713   874  3012 V AlarmManager:  remove PendingIntent] PendingIntent{86da824: PendingIntentRecord{de40689 com.wallapop broadcastIntent}}

07-03 17:46:11.853   874  1661 D ISSUE_DEBUG: InputChannelName : d9a7953 com.wallapop/com.rewallapop.ui.login.OnboardingActivity

07-03 17:46:11.873   874  1028 D StatusBarManagerService: manageDisableList userId=0 what=0x0 pkg=Window{d9a7953 u0 d0 com.wallapop/com.rewallapop.ui.login.OnboardingActivity}

07-03 17:46:12.003   874  4874 V WindowStateAnimator: Finishing drawing window Window{d9a7953 u0 d0 com.wallapop/com.rewallapop.ui.login.OnboardingActivity}: mDrawState=DRAW_PENDING

07-03 17:46:12.023   874  1132 I ActivityManager: Displayed com.wallapop/com.rewallapop.ui.login.OnboardingActivity: +410ms

07-03 17:46:12.053   874  1422 V WindowStateAnimator: Finishing drawing window Window{d9a7953 u0 d0 com.wallapop/com.rewallapop.ui.login.OnboardingActivity}: mDrawState=HAS_DRAWN

07-03 17:46:12.273   874  1132 I Timeline: Timeline: Activity_windows_visible id: ActivityRecord{9d77f51 u0 com.wallapop/com.rewallapop.ui.login.OnboardingActivity t880} time:55774977

07-03 17:46:12.323 27090 27090 W GmsClientEvents: unregisterConnectionFailedListener(): listener GooglePlayServicesHeadlessFragment{a2fde34 (b2deff5d-f37c-4d0b-95b0-4a26d940845a) com.wallapop.fragments.headless.GooglePlayServicesHeadlessFragment} not found

07-03 17:46:12.323 27090 27090 W GmsClientEvents: unregisterConnectionCallbacks(): listener GooglePlayServicesHeadlessFragment{a2fde34 (b2deff5d-f37c-4d0b-95b0-4a26d940845a) com.wallapop.fragments.headless.GooglePlayServicesHeadlessFragment} not found

07-03 17:46:12.333 27090 27090 V ActivityThread: updateVisibility : ActivityRecord{5457f2b token=android.os.BinderProxy@adc0cb8 {com.wallapop/com.rewallapop.ui.wall.WallActivity}} show : false

07-03 17:46:12.863 27007 27382 W ByMatcher: Node returned null child: android.view.accessibility.AccessibilityNodeInfo@8000769c; boundsInParent: Rect(0, 0 - 1080, 1920); boundsInScreen: Rect(0, 0 - 1080, 1920); packageName: com.wallapop; className: android.widget.FrameLayout; text: null; error: null; maxTextLength: -1; contentDescription: null; viewIdResName: null; checkable: false; checked: false; focusable: false; focused: false; selected: false; clickable: false; longClickable: false; contextClickable: false; enabled: true; password: false; scrollable: false; actions: [AccessibilityAction: ACTION_SELECT - null, AccessibilityAction: ACTION_CLEAR_SELECTION - null, AccessibilityAction: ACTION_ACCESSIBILITY_FOCUS - null, AccessibilityAction: ACTION_UNKNOWN - null]

07-03 17:46:12.873 27007 27382 W ByMatcher: Node returned null child: android.view.accessibility.AccessibilityNodeInfo@8000769c; boundsInParent: Rect(0, 0 - 1080, 1920); boundsInScreen: Rect(0, 0 - 1080, 1920); packageName: com.wallapop; className: android.widget.FrameLayout; text: null; error: null; maxTextLength: -1; contentDescription: null; viewIdResName: null; checkable: false; checked: false; focusable: false; focused: false; selected: false; clickable: false; longClickable: false; contextClickable: false; enabled: true; password: false; scrollable: false; actions: [AccessibilityAction: ACTION_SELECT - null, AccessibilityAction: ACTION_CLEAR_SELECTION - null, AccessibilityAction: ACTION_ACCESSIBILITY_FOCUS - null, AccessibilityAction: ACTION_UNKNOWN - null]

07-03 17:46:13.793 27090 27090 I Timeline: Timeline: Activity_launch_request id:com.wallapop time:55776499

07-03 17:46:13.813   874  5340 V WindowManager: addAppToken: AppWindowToken{b42fa31 token=Token{4f856d8 ActivityRecord{c4231bb u0 com.wallapop/com.rewallapop.ui.login.LoginActivity t880}}} to stack=1 task=880 at 2

07-03 17:46:13.853   874  1027 V MARsPolicyManager: updatePackagesScore PackageInfo name -- com.wallapop

07-03 17:46:13.853 27090 27090 W ResourcesManager: getTopLevelResources: /data/app/com.wallapop-1/base.apk / 1.0 running in com.wallapop rsrc of package null

07-03 17:46:13.863 27090 27090 W ResourcesManager: getTopLevelResources: /data/app/com.wallapop-1/base.apk / 1.0 running in com.wallapop rsrc of package null

07-03 17:46:13.893   874  1220 V AlarmManager:  remove PendingIntent] PendingIntent{6a5a516: PendingIntentRecord{de40689 com.wallapop broadcastIntent}}

07-03 17:46:14.043   874  1913 D ISSUE_DEBUG: InputChannelName : 3fdbe69 com.wallapop/com.rewallapop.ui.login.LoginActivity

07-03 17:46:14.073   874  1028 D StatusBarManagerService: manageDisableList userId=0 what=0x0 pkg=Window{3fdbe69 u0 d0 com.wallapop/com.rewallapop.ui.login.LoginActivity}

07-03 17:46:14.173   874  1661 V WindowStateAnimator: Finishing drawing window Window{3fdbe69 u0 d0 com.wallapop/com.rewallapop.ui.login.LoginActivity}: mDrawState=DRAW_PENDING

07-03 17:46:14.183   874  1132 I ActivityManager: Displayed com.wallapop/com.rewallapop.ui.login.LoginActivity: +351ms

07-03 17:46:14.213   874   894 V WindowStateAnimator: Finishing drawing window Window{3fdbe69 u0 d0 com.wallapop/com.rewallapop.ui.login.LoginActivity}: mDrawState=HAS_DRAWN

07-03 17:46:14.443   874  1132 I Timeline: Timeline: Activity_windows_visible id: ActivityRecord{c4231bb u0 com.wallapop/com.rewallapop.ui.login.LoginActivity t880} time:55777140

07-03 17:46:14.473 27090 27090 V ActivityThread: updateVisibility : ActivityRecord{fc52ff2 token=android.os.BinderProxy@2769dfe {com.wallapop/com.rewallapop.ui.login.OnboardingActivity}} show : false

07-03 17:46:19.303   874  3012 V BroadcastQueue: [background] Process cur broadcast BroadcastRecord{353d252 u0 com.appboy.action.receiver.DATA_SYNC qIdx=4}, state= (APP_RECEIVE) DELIVERED for app ProcessRecord{89317b1 27090:com.wallapop/u0a267}

07-03 17:46:21.843 27090 27090 I Timeline: Timeline: Activity_launch_request id:com.wallapop time:55784540

07-03 17:46:21.853   874  1714 V WindowManager: addAppToken: AppWindowToken{603299b token=Token{deb59aa ActivityRecord{d7b1495 u0 com.wallapop/com.rewallapop.ui.location.LocationPermissionActivity t880}}} to stack=1 task=880 at 3

07-03 17:46:21.883   874  1027 V MARsPolicyManager: updatePackagesScore PackageInfo name -- com.wallapop

07-03 17:46:21.913 27090 27090 W ResourcesManager: getTopLevelResources: /data/app/com.wallapop-1/base.apk / 1.0 running in com.wallapop rsrc of package null

07-03 17:46:21.913 27090 27090 W ResourcesManager: getTopLevelResources: /data/app/com.wallapop-1/base.apk / 1.0 running in com.wallapop rsrc of package null

07-03 17:46:21.933   874  5340 V AlarmManager:  remove PendingIntent] PendingIntent{1e0c477: PendingIntentRecord{de40689 com.wallapop broadcastIntent}}

07-03 17:46:22.023   874  1027 V MARsPolicyManager: updatePackagesScore PackageInfo name -- com.wallapop

07-03 17:46:22.093   874  1027 V MARsPolicyManager: updatePackagesScore PackageInfo name -- com.wallapop

07-03 17:46:22.143   874  1220 V AlarmManager:  remove PendingIntent] PendingIntent{87da07c: PendingIntentRecord{de40689 com.wallapop broadcastIntent}}

07-03 17:46:22.193   874  1028 D StatusBarManagerService: manageDisableList userId=0 what=0x0 pkg=Window{c2570b5 u0 d0 com.wallapop/com.rewallapop.ui.wall.WallActivity}

07-03 17:46:22.623   874  1714 V WindowStateAnimator: Finishing drawing window Window{c2570b5 u0 d0 com.wallapop/com.rewallapop.ui.wall.WallActivity}: mDrawState=DRAW_PENDING

07-03 17:46:22.643   874  1132 I ActivityManager: Displayed com.wallapop/com.rewallapop.ui.wall.WallActivity: +550ms (total +755ms)

07-03 17:46:22.873 27090 27098 W REALM_JAVA: Remember to call close() on all Realm instances. Realm /data/data/com.wallapop/files/feature_flags is being finalized without being closed, this can lead to running out of native memory.

07-03 17:46:22.873 27090 27098 W REALM_JAVA: Remember to call close() on all Realm instances. Realm /data/data/com.wallapop/files/feature_flags is being finalized without being closed, this can lead to running out of native memory.

07-03 17:46:22.883   874  1132 I Timeline: Timeline: Activity_windows_visible id: ActivityRecord{70e9bde u0 com.wallapop/com.rewallapop.ui.wall.WallActivity t880} time:55785586

07-03 17:46:23.093 27090 27090 W View    : requestLayout() improperly called by com.wallapop.design.view.WallapopTextView{eca1d83 V.ED..... ......ID 54,30-630,92 #7f0a08d2 app:id/wp__home__tv_bubble} during layout: running second layout pass

07-03 17:46:26.313   874  1220 D ApplicationPolicy: isStatusBarNotificationAllowedAsUser: packageName = com.wallapop,userId = 0

07-03 17:46:26.313   874   874 D EdgeLight: Turning on edge light for notification (NotificationRecord(0x038d6286: pkg=com.wallapop user=UserHandle{0} id=0 tag=default score=20 key=0|com.wallapop|0|default|10267: Notification(pri=2 contentView=null vibrate=default sound=default tick defaults=0xffffffff flags=0x9 color=0xff13c1ac category=msg vis=PRIVATE secFlags=0x0 secPriority=0))) with color=ffffffff

07-03 17:46:26.323  1391  1391 W ResourcesManager: getTopLevelResources: /data/app/com.wallapop-1/base.apk / 1.0 running in com.android.systemui rsrc of package null

07-03 17:46:26.343  1391  1391 W ResourcesManager: getTopLevelResources: /data/app/com.wallapop-1/base.apk / 1.0 running in com.android.systemui rsrc of package null

07-03 17:46:26.363  1391  1391 W ResourcesManager: getTopLevelResources: /data/app/com.wallapop-1/base.apk / 1.0 running in com.android.systemui rsrc of package null

07-03 17:46:26.373  1391  1391 W ResourcesManager: getTopLevelResources: /data/app/com.wallapop-1/base.apk / 1.0 running in com.android.systemui rsrc of package null

07-03 17:46:26.753   874   874 D MARsPolicyManager: NotificationListenerService OngoingNotificationRemoved : com.wallapop

07-03 17:46:26.763   874  4874 D ApplicationPolicy: isStatusBarNotificationAllowedAsUser: packageName = com.wallapop,userId = 0

07-03 17:46:26.763   874   874 D EdgeLight: Turning on edge light for notification (NotificationRecord(0x00dbf747: pkg=com.wallapop user=UserHandle{0} id=0 tag=default score=20 key=0|com.wallapop|0|default|10267: Notification(pri=2 contentView=null vibrate=default sound=default tick defaults=0xffffffff flags=0x9 color=0xff13c1ac category=msg vis=PRIVATE secFlags=0x0 secPriority=0))) with color=ffffffff

07-03 17:46:26.783  1391  1391 W ResourcesManager: getTopLevelResources: /data/app/com.wallapop-1/base.apk / 1.0 running in com.android.systemui rsrc of package null

07-03 17:46:26.803  1391  1391 W ResourcesManager: getTopLevelResources: /data/app/com.wallapop-1/base.apk / 1.0 running in com.android.systemui rsrc of package null

07-03 17:46:26.823  1391  1391 W ResourcesManager: getTopLevelResources: /data/app/com.wallapop-1/base.apk / 1.0 running in com.android.systemui rsrc of package null

07-03 17:46:26.833  1391  1391 W ResourcesManager: getTopLevelResources: /data/app/com.wallapop-1/base.apk / 1.0 running in com.android.systemui rsrc of package null

07-03 17:46:27.053   874  5340 D ApplicationPolicy: isStatusBarNotificationAllowedAsUser: packageName = com.wallapop,userId = 0

07-03 17:46:27.053   874   874 D EdgeLight: Turning on edge light for notification (NotificationRecord(0x0aea1b74: pkg=com.wallapop user=UserHandle{0} id=0 tag=default score=20 key=0|com.wallapop|0|default|10267: Notification(pri=2 contentView=null vibrate=default sound=default tick defaults=0xffffffff flags=0x9 color=0xff13c1ac category=msg vis=PRIVATE secFlags=0x0 secPriority=0))) with color=ffffffff

07-03 17:46:27.063  1391  1391 W ResourcesManager: getTopLevelResources: /data/app/com.wallapop-1/base.apk / 1.0 running in com.android.systemui rsrc of package null

07-03 17:46:27.083  1391  1391 W ResourcesManager: getTopLevelResources: /data/app/com.wallapop-1/base.apk / 1.0 running in com.android.systemui rsrc of package null

07-03 17:46:27.113  1391  1391 W ResourcesManager: getTopLevelResources: /data/app/com.wallapop-1/base.apk / 1.0 running in com.android.systemui rsrc of package null

07-03 17:46:27.113  1391  1391 W ResourcesManager: getTopLevelResources: /data/app/com.wallapop-1/base.apk / 1.0 running in com.android.systemui rsrc of package null

07-03 17:46:27.393   874  4874 D ApplicationPolicy: isStatusBarNotificationAllowedAsUser: packageName = com.wallapop,userId = 0

07-03 17:46:27.393   874   874 D EdgeLight: Turning on edge light for notification (NotificationRecord(0x09c3389d: pkg=com.wallapop user=UserHandle{0} id=0 tag=default score=20 key=0|com.wallapop|0|default|10267: Notification(pri=2 contentView=null vibrate=default sound=default tick defaults=0xffffffff flags=0x9 color=0xff13c1ac category=msg vis=PRIVATE secFlags=0x0 secPriority=0))) with color=ffffffff

07-03 17:46:27.413  1391  1391 W ResourcesManager: getTopLevelResources: /data/app/com.wallapop-1/base.apk / 1.0 running in com.android.systemui rsrc of package null

07-03 17:46:27.453  1391  1391 W ResourcesManager: getTopLevelResources: /data/app/com.wallapop-1/base.apk / 1.0 running in com.android.systemui rsrc of package null

07-03 17:46:27.483  1391  1391 W ResourcesManager: getTopLevelResources: /data/app/com.wallapop-1/base.apk / 1.0 running in com.android.systemui rsrc of package null

07-03 17:46:27.513  1391  1391 W ResourcesManager: getTopLevelResources: /data/app/com.wallapop-1/base.apk / 1.0 running in com.android.systemui rsrc of package null

07-03 17:46:27.983   874  4874 D ApplicationPolicy: isStatusBarNotificationAllowedAsUser: packageName = com.wallapop,userId = 0

07-03 17:46:27.983   874   874 D EdgeLight: Turning on edge light for notification (NotificationRecord(0x09cd2112: pkg=com.wallapop user=UserHandle{0} id=0 tag=default score=20 key=0|com.wallapop|0|default|10267: Notification(pri=2 contentView=null vibrate=default sound=default tick defaults=0xffffffff flags=0x9 color=0xff13c1ac category=msg vis=PRIVATE secFlags=0x0 secPriority=0))) with color=ffffffff

07-03 17:46:28.003  1391  1391 W ResourcesManager: getTopLevelResources: /data/app/com.wallapop-1/base.apk / 1.0 running in com.android.systemui rsrc of package null

07-03 17:46:28.033  1391  1391 W ResourcesManager: getTopLevelResources: /data/app/com.wallapop-1/base.apk / 1.0 running in com.android.systemui rsrc of package null

07-03 17:46:28.053  1391  1391 W ResourcesManager: getTopLevelResources: /data/app/com.wallapop-1/base.apk / 1.0 running in com.android.systemui rsrc of package null

07-03 17:46:28.053  1391  1391 W ResourcesManager: getTopLevelResources: /data/app/com.wallapop-1/base.apk / 1.0 running in com.android.systemui rsrc of package null

07-03 17:46:28.633   874  2020 D ApplicationPolicy: isStatusBarNotificationAllowedAsUser: packageName = com.wallapop,userId = 0

07-03 17:46:28.643   874   874 D EdgeLight: Turning on edge light for notification (NotificationRecord(0x0256c0e3: pkg=com.wallapop user=UserHandle{0} id=0 tag=default score=20 key=0|com.wallapop|0|default|10267: Notification(pri=2 contentView=null vibrate=default sound=default tick defaults=0xffffffff flags=0x9 color=0xff13c1ac category=msg vis=PRIVATE secFlags=0x0 secPriority=0))) with color=ffffffff

07-03 17:46:28.653  1391  1391 W ResourcesManager: getTopLevelResources: /data/app/com.wallapop-1/base.apk / 1.0 running in com.android.systemui rsrc of package null

07-03 17:46:28.673  1391  1391 W ResourcesManager: getTopLevelResources: /data/app/com.wallapop-1/base.apk / 1.0 running in com.android.systemui rsrc of package null

07-03 17:46:28.713  1391  1391 W ResourcesManager: getTopLevelResources: /data/app/com.wallapop-1/base.apk / 1.0 running in com.android.systemui rsrc of package null

07-03 17:46:28.723  1391  1391 W ResourcesManager: getTopLevelResources: /data/app/com.wallapop-1/base.apk / 1.0 running in com.android.systemui rsrc of package null

07-03 17:46:28.943   874  1723 D ApplicationPolicy: isStatusBarNotificationAllowedAsUser: packageName = com.wallapop,userId = 0

07-03 17:46:28.953   874   874 D EdgeLight: Turning on edge light for notification (NotificationRecord(0x00477ae0: pkg=com.wallapop user=UserHandle{0} id=0 tag=default score=20 key=0|com.wallapop|0|default|10267: Notification(pri=2 contentView=null vibrate=default sound=default tick defaults=0xffffffff flags=0x9 color=0xff13c1ac category=msg vis=PRIVATE secFlags=0x0 secPriority=0))) with color=ffffffff

07-03 17:46:28.963  1391  1391 W ResourcesManager: getTopLevelResources: /data/app/com.wallapop-1/base.apk / 1.0 running in com.android.systemui rsrc of package null

07-03 17:46:28.983  1391  1391 W ResourcesManager: getTopLevelResources: /data/app/com.wallapop-1/base.apk / 1.0 running in com.android.systemui rsrc of package null

07-03 17:46:29.003  1391  1391 W ResourcesManager: getTopLevelResources: /data/app/com.wallapop-1/base.apk / 1.0 running in com.android.systemui rsrc of package null

07-03 17:46:29.003  1391  1391 W ResourcesManager: getTopLevelResources: /data/app/com.wallapop-1/base.apk / 1.0 running in com.android.systemui rsrc of package null

07-03 17:46:29.303   874  2732 D ApplicationPolicy: isStatusBarNotificationAllowedAsUser: packageName = com.wallapop,userId = 0

07-03 17:46:29.303   874   874 D EdgeLight: Turning on edge light for notification (NotificationRecord(0x0f1fc199: pkg=com.wallapop user=UserHandle{0} id=0 tag=default score=20 key=0|com.wallapop|0|default|10267: Notification(pri=2 contentView=null vibrate=default sound=default tick defaults=0xffffffff flags=0x9 color=0xff13c1ac category=msg vis=PRIVATE secFlags=0x0 secPriority=0))) with color=ffffffff

07-03 17:46:29.313  1391  1391 W ResourcesManager: getTopLevelResources: /data/app/com.wallapop-1/base.apk / 1.0 running in com.android.systemui rsrc of package null

07-03 17:46:29.333  1391  1391 W ResourcesManager: getTopLevelResources: /data/app/com.wallapop-1/base.apk / 1.0 running in com.android.systemui rsrc of package null

07-03 17:46:29.343  1391  1391 W ResourcesManager: getTopLevelResources: /data/app/com.wallapop-1/base.apk / 1.0 running in com.android.systemui rsrc of package null

07-03 17:46:29.353  1391  1391 W ResourcesManager: getTopLevelResources: /data/app/com.wallapop-1/base.apk / 1.0 running in com.android.systemui rsrc of package null

07-03 17:46:31.833 27090 27090 I Timeline: Timeline: Activity_launch_request id:com.wallapop time:55794535

07-03 17:46:31.843   874  4874 V WindowManager: addAppToken: AppWindowToken{21de55 token=Token{259650c ActivityRecord{72a883f u0 com.wallapop/.chatui.inbox.InboxActivity t880}}} to stack=1 task=880 at 1

07-03 17:46:31.883   874  1027 V MARsPolicyManager: updatePackagesScore PackageInfo name -- com.wallapop

07-03 17:46:31.893 27090 27090 W ResourcesManager: getTopLevelResources: /data/app/com.wallapop-1/base.apk / 1.0 running in com.wallapop rsrc of package null

07-03 17:46:31.903 27090 27090 W ResourcesManager: getTopLevelResources: /data/app/com.wallapop-1/base.apk / 1.0 running in com.wallapop rsrc of package null

07-03 17:46:31.943   874  5340 V AlarmManager:  remove PendingIntent] PendingIntent{1ef0ad1: PendingIntentRecord{de40689 com.wallapop broadcastIntent}}

07-03 17:46:32.033   874  2020 D ISSUE_DEBUG: InputChannelName : 5ab4037 com.wallapop/com.wallapop.chatui.inbox.InboxActivity

07-03 17:46:32.053   874  1028 D StatusBarManagerService: manageDisableList userId=0 what=0x0 pkg=Window{5ab4037 u0 d0 com.wallapop/com.wallapop.chatui.inbox.InboxActivity}

07-03 17:46:32.193   874  1721 V WindowStateAnimator: Finishing drawing window Window{5ab4037 u0 d0 com.wallapop/com.wallapop.chatui.inbox.InboxActivity}: mDrawState=DRAW_PENDING

07-03 17:46:32.193   874  1132 I ActivityManager: Displayed com.wallapop/.chatui.inbox.InboxActivity: +327ms

07-03 17:46:32.323   874  1914 V WindowStateAnimator: Finishing drawing window Window{5ab4037 u0 d0 com.wallapop/com.wallapop.chatui.inbox.InboxActivity}: mDrawState=HAS_DRAWN

07-03 17:46:32.453   874  1132 I Timeline: Timeline: Activity_windows_visible id: ActivityRecord{72a883f u0 com.wallapop/.chatui.inbox.InboxActivity t880} time:55795156

07-03 17:46:32.493 27090 27090 W GmsClientEvents: unregisterConnectionFailedListener(): listener GooglePlayServicesHeadlessFragment{a2fde34 (b2deff5d-f37c-4d0b-95b0-4a26d940845a) com.wallapop.fragments.headless.GooglePlayServicesHeadlessFragment} not found

07-03 17:46:32.493 27090 27090 W GmsClientEvents: unregisterConnectionCallbacks(): listener GooglePlayServicesHeadlessFragment{a2fde34 (b2deff5d-f37c-4d0b-95b0-4a26d940845a) com.wallapop.fragments.headless.GooglePlayServicesHeadlessFragment} not found

07-03 17:46:32.493 27090 27090 V ActivityThread: updateVisibility : ActivityRecord{5457f2b token=android.os.BinderProxy@adc0cb8 {com.wallapop/com.rewallapop.ui.wall.WallActivity}} show : false

07-03 17:46:34.713 27090 27090 I Timeline: Timeline: Activity_launch_request id:com.wallapop time:55797419

07-03 17:46:34.733   874  1422 V WindowManager: addAppToken: AppWindowToken{aca0079 token=Token{209e940 ActivityRecord{2be6cc3 u0 com.wallapop/.activities.ChatActivity t880}}} to stack=1 task=880 at 2

07-03 17:46:34.763   874  1027 V MARsPolicyManager: updatePackagesScore PackageInfo name -- com.wallapop

07-03 17:46:34.773 27090 27090 W ResourcesManager: getTopLevelResources: /data/app/com.wallapop-1/base.apk / 1.0 running in com.wallapop rsrc of package null

07-03 17:46:34.773 27090 27090 W ResourcesManager: getTopLevelResources: /data/app/com.wallapop-1/base.apk / 1.0 running in com.wallapop rsrc of package null

07-03 17:46:34.773 27090 27090 W ResourcesManager: getTopLevelResources: /data/app/com.wallapop-1/base.apk / 1.0 running in com.wallapop rsrc of package null

07-03 17:46:34.883   874  1220 V AlarmManager:  remove PendingIntent] PendingIntent{f07bbca: PendingIntentRecord{de40689 com.wallapop broadcastIntent}}

07-03 17:46:34.993   874  1661 D ISSUE_DEBUG: InputChannelName : ed3a058 com.wallapop/com.wallapop.activities.ChatActivity

07-03 17:46:35.013   874  1028 D StatusBarManagerService: manageDisableList userId=0 what=0x0 pkg=Window{ed3a058 u0 d0 com.wallapop/com.wallapop.activities.ChatActivity}

07-03 17:46:35.163   874   892 V WindowStateAnimator: Finishing drawing window Window{ed3a058 u0 d0 com.wallapop/com.wallapop.activities.ChatActivity}: mDrawState=DRAW_PENDING

07-03 17:46:35.173   874  1132 I ActivityManager: Displayed com.wallapop/.activities.ChatActivity: +422ms

07-03 17:46:35.353   874  2020 V WindowStateAnimator: Finishing drawing window Window{ed3a058 u0 d0 com.wallapop/com.wallapop.activities.ChatActivity}: mDrawState=HAS_DRAWN

07-03 17:46:35.433   874  1132 I Timeline: Timeline: Activity_windows_visible id: ActivityRecord{2be6cc3 u0 com.wallapop/.activities.ChatActivity t880} time:55798137

07-03 17:46:35.483 27090 27090 V ActivityThread: updateVisibility : ActivityRecord{ae864a8 token=android.os.BinderProxy@113592e {com.wallapop/com.wallapop.chatui.inbox.InboxActivity}} show : false

07-03 17:46:43.183 27090 27098 W REALM_JAVA: Remember to call close() on all Realm instances. Realm /data/data/com.wallapop/files/feature_flags is being finalized without being closed, this can lead to running out of native memory.

07-03 17:46:43.183 27090 27098 W REALM_JAVA: Remember to call close() on all Realm instances. Realm /data/data/com.wallapop/files/feature_flags is being finalized without being closed, this can lead to running out of native memory.

07-03 17:46:43.183 27090 27098 W REALM_JAVA: Remember to call close() on all Realm instances. Realm /data/data/com.wallapop/files/feature_flags is being finalized without being closed, this can lead to running out of native memory.

07-03 17:46:43.183 27090 27098 W REALM_JAVA: Remember to call close() on all Realm instances. Realm /data/data/com.wallapop/files/chat_inbox_vxpzpymr4z30 is being finalized without being closed, this can lead to running out of native memory.

07-03 17:46:43.183 27090 27098 W REALM_JAVA: Remember to call close() on all Realm instances. Realm /data/data/com.wallapop/files/pending_events_queue_vxpzpymr4z30 is being finalized without being closed, this can lead to running out of native memory.

07-03 17:46:43.183 27090 27098 W REALM_JAVA: Remember to call close() on all Realm instances. Realm /data/data/com.wallapop/files/chat_inbox_vxpzpymr4z30 is being finalized without being closed, this can lead to running out of native memory.

07-03 17:46:43.183 27090 27098 W REALM_JAVA: Remember to call close() on all Realm instances. Realm /data/data/com.wallapop/files/chat_inbox_vxpzpymr4z30 is being finalized without being closed, this can lead to running out of native memory.


