Executed '[C739] Help: Legal agreements' on 02-07-2019
---------------------------------------------------------------------------------
07-02 16:51:51.564 18508 18516 W REALM_JAVA: Remember to call close() on all Realm instances. Realm /data/data/com.wallapop/files/feature_flags is being finalized without being closed, this can lead to running out of native memory.

07-02 16:51:51.644 18508 18516 W REALM_JAVA: Remember to call close() on all Realm instances. Realm /data/data/com.wallapop/files/feature_flags is being finalized without being closed, this can lead to running out of native memory.

07-02 16:51:51.734 18508 18508 I Timeline: Timeline: Activity_launch_request id:com.wallapop time:44996551

07-02 16:51:51.744   874  1714 V WindowManager: addAppToken: AppWindowToken{1abfb25 token=Token{899b31c ActivityRecord{fc2048f u0 com.wallapop/.activities.WebViewActivity t857}}} to stack=1 task=857 at 2

07-02 16:51:51.774   874  1027 V MARsPolicyManager: updatePackagesScore PackageInfo name -- com.wallapop

07-02 16:51:51.784 18508 18508 W ResourcesManager: getTopLevelResources: /data/app/com.wallapop-1/base.apk / 1.0 running in com.wallapop rsrc of package null

07-02 16:51:51.784 18508 18508 W ResourcesManager: getTopLevelResources: /data/app/com.wallapop-1/base.apk / 1.0 running in com.wallapop rsrc of package null

07-02 16:51:51.784 18508 18508 W ResourcesManager: getTopLevelResources: /data/app/com.wallapop-1/base.apk / 1.0 running in com.wallapop rsrc of package null

07-02 16:51:51.824   874  2732 V AlarmManager:  remove PendingIntent] PendingIntent{5d64fa: PendingIntentRecord{e26fee9 com.wallapop broadcastIntent}}

07-02 16:51:51.894   874  1913 D ISSUE_DEBUG: InputChannelName : 31ce508 com.wallapop/com.wallapop.activities.WebViewActivity

07-02 16:51:51.904   874  1028 D StatusBarManagerService: manageDisableList userId=0 what=0x0 pkg=Window{31ce508 u0 d0 com.wallapop/com.wallapop.activities.WebViewActivity}

07-02 16:51:51.974   874   894 V WindowStateAnimator: Finishing drawing window Window{31ce508 u0 d0 com.wallapop/com.wallapop.activities.WebViewActivity}: mDrawState=DRAW_PENDING

07-02 16:51:51.994   874  1132 I ActivityManager: Displayed com.wallapop/.activities.WebViewActivity: +235ms

07-02 16:51:52.004   874  1914 V WindowStateAnimator: Finishing drawing window Window{31ce508 u0 d0 com.wallapop/com.wallapop.activities.WebViewActivity}: mDrawState=HAS_DRAWN

07-02 16:51:52.234   874  1132 I Timeline: Timeline: Activity_windows_visible id: ActivityRecord{fc2048f u0 com.wallapop/.activities.WebViewActivity t857} time:44997058

07-02 16:51:52.274 18508 18508 V ActivityThread: updateVisibility : ActivityRecord{4b9f9ad token=android.os.BinderProxy@2cdc943 {com.wallapop/com.wallapop.activities.PreferencesActivity}} show : false

07-02 16:51:56.124   874  1027 V MARsPolicyManager: updatePackagesScore PackageInfo name -- com.wallapop

07-02 16:51:56.144   874   894 V AlarmManager:  remove PendingIntent] PendingIntent{c9e28b2: PendingIntentRecord{e26fee9 com.wallapop broadcastIntent}}

07-02 16:51:56.174   874  1028 D StatusBarManagerService: manageDisableList userId=0 what=0x0 pkg=Window{9d119a u0 d0 com.wallapop/com.wallapop.activities.PreferencesActivity}

07-02 16:51:56.224   874  1714 V WindowStateAnimator: Finishing drawing window Window{9d119a u0 d0 com.wallapop/com.wallapop.activities.PreferencesActivity}: mDrawState=DRAW_PENDING

07-02 16:51:56.234   874  1132 I ActivityManager: Displayed com.wallapop/.activities.PreferencesActivity: +116ms

07-02 16:51:56.484   874  1132 I Timeline: Timeline: Activity_windows_visible id: ActivityRecord{ba93a89 u0 com.wallapop/.activities.PreferencesActivity t857} time:45001300

07-02 16:51:57.544 18508 18508 I Timeline: Timeline: Activity_launch_request id:com.wallapop time:45002360

07-02 16:51:57.554   874  1714 V WindowManager: addAppToken: AppWindowToken{88e2262 token=Token{aed2d2d ActivityRecord{7c844 u0 com.wallapop/.activities.WebViewActivity t857}}} to stack=1 task=857 at 2

07-02 16:51:57.594   874  1027 V MARsPolicyManager: updatePackagesScore PackageInfo name -- com.wallapop

07-02 16:51:57.594 18508 18508 W ResourcesManager: getTopLevelResources: /data/app/com.wallapop-1/base.apk / 1.0 running in com.wallapop rsrc of package null

07-02 16:51:57.594 18508 18508 W ResourcesManager: getTopLevelResources: /data/app/com.wallapop-1/base.apk / 1.0 running in com.wallapop rsrc of package null

07-02 16:51:57.624   874  1723 V AlarmManager:  remove PendingIntent] PendingIntent{ccaaff3: PendingIntentRecord{e26fee9 com.wallapop broadcastIntent}}

07-02 16:51:57.664   874  1914 D ISSUE_DEBUG: InputChannelName : 53002ae com.wallapop/com.wallapop.activities.WebViewActivity

07-02 16:51:57.684   874  1028 D StatusBarManagerService: manageDisableList userId=0 what=0x0 pkg=Window{53002ae u0 d0 com.wallapop/com.wallapop.activities.WebViewActivity}

07-02 16:51:57.744   874  4874 V WindowStateAnimator: Finishing drawing window Window{53002ae u0 d0 com.wallapop/com.wallapop.activities.WebViewActivity}: mDrawState=DRAW_PENDING

07-02 16:51:57.754   874  1132 I ActivityManager: Displayed com.wallapop/.activities.WebViewActivity: +180ms

07-02 16:51:57.774   874  1721 V WindowStateAnimator: Finishing drawing window Window{53002ae u0 d0 com.wallapop/com.wallapop.activities.WebViewActivity}: mDrawState=HAS_DRAWN

07-02 16:51:58.014   874  1132 I Timeline: Timeline: Activity_windows_visible id: ActivityRecord{7c844 u0 com.wallapop/.activities.WebViewActivity t857} time:45002832

07-02 16:51:58.044 18508 18508 V ActivityThread: updateVisibility : ActivityRecord{4b9f9ad token=android.os.BinderProxy@2cdc943 {com.wallapop/com.wallapop.activities.PreferencesActivity}} show : false

07-02 16:52:01.454   874  3012 V AlarmManager:  remove PendingIntent] PendingIntent{825f40c: PendingIntentRecord{df75da0 com.wallapop broadcastIntent}}

07-02 16:52:01.454   874  5340 V AlarmManager:  remove PendingIntent] PendingIntent{5ccc155: PendingIntentRecord{df75da0 com.wallapop broadcastIntent}}

07-02 16:52:01.474   874  1027 V MARsPolicyManager: updatePackagesScore PackageInfo name -- com.wallapop

07-02 16:52:01.514   874  1723 V AlarmManager:  remove PendingIntent] PendingIntent{2ee845b: PendingIntentRecord{e26fee9 com.wallapop broadcastIntent}}

07-02 16:52:01.534   874  1028 D StatusBarManagerService: manageDisableList userId=0 what=0x0 pkg=Window{9d119a u0 d0 com.wallapop/com.wallapop.activities.PreferencesActivity}

07-02 16:52:01.704   874  1722 V WindowStateAnimator: Finishing drawing window Window{9d119a u0 d0 com.wallapop/com.wallapop.activities.PreferencesActivity}: mDrawState=DRAW_PENDING

07-02 16:52:01.724   874  1132 I ActivityManager: Displayed com.wallapop/.activities.PreferencesActivity: +255ms

07-02 16:52:01.964   874  1132 I Timeline: Timeline: Activity_windows_visible id: ActivityRecord{ba93a89 u0 com.wallapop/.activities.PreferencesActivity t857} time:45006789

07-02 16:52:03.554 18508 18508 I Timeline: Timeline: Activity_launch_request id:com.wallapop time:45008370

07-02 16:52:03.564   874  1913 V WindowManager: addAppToken: AppWindowToken{dc1a9c5 token=Token{614783c ActivityRecord{8462a2f u0 com.wallapop/.activities.WebViewActivity t857}}} to stack=1 task=857 at 2

07-02 16:52:03.614 18508 18508 W ResourcesManager: getTopLevelResources: /data/app/com.wallapop-1/base.apk / 1.0 running in com.wallapop rsrc of package null

07-02 16:52:03.614   874  1027 V MARsPolicyManager: updatePackagesScore PackageInfo name -- com.wallapop

07-02 16:52:03.614 18508 18508 W ResourcesManager: getTopLevelResources: /data/app/com.wallapop-1/base.apk / 1.0 running in com.wallapop rsrc of package null

07-02 16:52:03.634   874  1027 V BroadcastQueue: [background] Process cur broadcast BroadcastRecord{ecedc28 u0 com.appboy.action.receiver.DATA_SYNC qIdx=4}, state= (APP_RECEIVE) DELIVERED for app ProcessRecord{9be668f 18508:com.wallapop/u0a267}

07-02 16:52:03.654   874  1721 V AlarmManager:  remove PendingIntent] PendingIntent{87472e6: PendingIntentRecord{e26fee9 com.wallapop broadcastIntent}}

07-02 16:52:03.694   874  1721 D ISSUE_DEBUG: InputChannelName : a4992d4 com.wallapop/com.wallapop.activities.WebViewActivity

07-02 16:52:03.704   874  1028 D StatusBarManagerService: manageDisableList userId=0 what=0x0 pkg=Window{a4992d4 u0 d0 com.wallapop/com.wallapop.activities.WebViewActivity}

07-02 16:52:03.794   874  2732 V WindowStateAnimator: Finishing drawing window Window{a4992d4 u0 d0 com.wallapop/com.wallapop.activities.WebViewActivity}: mDrawState=DRAW_PENDING

07-02 16:52:03.814   874  1132 I ActivityManager: Displayed com.wallapop/.activities.WebViewActivity: +223ms

07-02 16:52:03.824   874  1714 V WindowStateAnimator: Finishing drawing window Window{a4992d4 u0 d0 com.wallapop/com.wallapop.activities.WebViewActivity}: mDrawState=HAS_DRAWN

07-02 16:52:04.074   874  1132 I Timeline: Timeline: Activity_windows_visible id: ActivityRecord{8462a2f u0 com.wallapop/.activities.WebViewActivity t857} time:45008893

07-02 16:52:04.104 18508 18508 V ActivityThread: updateVisibility : ActivityRecord{4b9f9ad token=android.os.BinderProxy@2cdc943 {com.wallapop/com.wallapop.activities.PreferencesActivity}} show : false

07-02 16:52:06.344   874  1027 V MARsPolicyManager: updatePackagesScore PackageInfo name -- com.wallapop

07-02 16:52:06.374   874  5340 V AlarmManager:  remove PendingIntent] PendingIntent{e12927a: PendingIntentRecord{e26fee9 com.wallapop broadcastIntent}}

07-02 16:52:06.394   874  1028 D StatusBarManagerService: manageDisableList userId=0 what=0x0 pkg=Window{9d119a u0 d0 com.wallapop/com.wallapop.activities.PreferencesActivity}

07-02 16:52:06.444   874  4874 V WindowStateAnimator: Finishing drawing window Window{9d119a u0 d0 com.wallapop/com.wallapop.activities.PreferencesActivity}: mDrawState=DRAW_PENDING

07-02 16:52:06.454   874  1132 I ActivityManager: Displayed com.wallapop/.activities.PreferencesActivity: +117ms

07-02 16:52:06.714   874  1132 I Timeline: Timeline: Activity_windows_visible id: ActivityRecord{ba93a89 u0 com.wallapop/.activities.PreferencesActivity t857} time:45011535

07-02 16:52:08.864 18508 18508 I Timeline: Timeline: Activity_launch_request id:com.wallapop time:45013681

07-02 16:52:08.874   874  5340 V WindowManager: addAppToken: AppWindowToken{a748ccc token=Token{11e76ff ActivityRecord{4ffae1e u0 com.wallapop/.activities.WebViewActivity t857}}} to stack=1 task=857 at 2

07-02 16:52:08.914   874  1027 V MARsPolicyManager: updatePackagesScore PackageInfo name -- com.wallapop

07-02 16:52:08.914 18508 18508 W ResourcesManager: getTopLevelResources: /data/app/com.wallapop-1/base.apk / 1.0 running in com.wallapop rsrc of package null

07-02 16:52:08.914 18508 18508 W ResourcesManager: getTopLevelResources: /data/app/com.wallapop-1/base.apk / 1.0 running in com.wallapop rsrc of package null

07-02 16:52:08.954   874   894 V AlarmManager:  remove PendingIntent] PendingIntent{26d841b: PendingIntentRecord{e26fee9 com.wallapop broadcastIntent}}

07-02 16:52:08.994   874  1914 D ISSUE_DEBUG: InputChannelName : 6d646f7 com.wallapop/com.wallapop.activities.WebViewActivity

07-02 16:52:09.004   874  1028 D StatusBarManagerService: manageDisableList userId=0 what=0x0 pkg=Window{6d646f7 u0 d0 com.wallapop/com.wallapop.activities.WebViewActivity}

07-02 16:52:09.064   874  1722 V WindowStateAnimator: Finishing drawing window Window{6d646f7 u0 d0 com.wallapop/com.wallapop.activities.WebViewActivity}: mDrawState=DRAW_PENDING

07-02 16:52:09.084   874  1132 I ActivityManager: Displayed com.wallapop/.activities.WebViewActivity: +188ms

07-02 16:52:09.094   874   892 V WindowStateAnimator: Finishing drawing window Window{6d646f7 u0 d0 com.wallapop/com.wallapop.activities.WebViewActivity}: mDrawState=HAS_DRAWN

07-02 16:52:09.324   874  1132 I Timeline: Timeline: Activity_windows_visible id: ActivityRecord{4ffae1e u0 com.wallapop/.activities.WebViewActivity t857} time:45014145

07-02 16:52:09.354 18508 18508 V ActivityThread: updateVisibility : ActivityRecord{4b9f9ad token=android.os.BinderProxy@2cdc943 {com.wallapop/com.wallapop.activities.PreferencesActivity}} show : false

07-02 16:52:14.134   874  1027 V MARsPolicyManager: updatePackagesScore PackageInfo name -- com.wallapop

07-02 16:52:14.154   874  3012 V AlarmManager:  remove PendingIntent] PendingIntent{74d7301: PendingIntentRecord{e26fee9 com.wallapop broadcastIntent}}

07-02 16:52:14.184   874  1028 D StatusBarManagerService: manageDisableList userId=0 what=0x0 pkg=Window{9d119a u0 d0 com.wallapop/com.wallapop.activities.PreferencesActivity}

07-02 16:52:14.264   874  1913 V WindowStateAnimator: Finishing drawing window Window{9d119a u0 d0 com.wallapop/com.wallapop.activities.PreferencesActivity}: mDrawState=DRAW_PENDING

07-02 16:52:14.274   874  1132 I ActivityManager: Displayed com.wallapop/.activities.PreferencesActivity: +150ms

07-02 16:52:14.524   874  1132 I Timeline: Timeline: Activity_windows_visible id: ActivityRecord{ba93a89 u0 com.wallapop/.activities.PreferencesActivity t857} time:45019345


