Executed '[C740] Help: Access and sections' on 08-07-2020
---------------------------------------------------------------------------------
07-08 00:43:21.021  4948  5098 D CodecSolution: isMaxAspectPackageEx: com.wallapop : true(2)

07-08 00:43:21.046  4948  5098 D CodecSolution: isMaxAspectPackageEx: com.wallapop : true(2)

07-08 00:43:21.049  4948  5098 I PerfSDKService: Current foregroundpackage name : com.wallapop

07-08 00:43:21.143  4948  5098 D CodecSolution: isMaxAspectPackageEx: com.wallapop : true(2)

07-08 00:43:21.144  4948  5098 D CodecSolution: isMaxAspectPackageEx: com.wallapop : true(2)

07-08 00:43:21.144  4948  5098 I PerfSDKService: Current foregroundpackage name : com.wallapop

07-08 00:43:21.275  4948 12848 D MdnieScenarioControlService:  packageName : com.wallapop    className : com.wallapop.activities.PreferencesActivity

07-08 00:44:08.620 26005 26018 I com.wallapop: Background young concurrent copying GC freed 260833(12MB) AllocSpace objects, 166(7928KB) LOS objects, 46% free, 24MB/45MB, paused 509us total 134.053ms

07-08 00:44:21.192  4948  5098 D CodecSolution: isMaxAspectPackageEx: com.wallapop : true(2)

07-08 00:44:21.279  4948  5098 D CodecSolution: isMaxAspectPackageEx: com.wallapop : true(2)

07-08 00:44:21.281  4948  5098 I PerfSDKService: Current foregroundpackage name : com.wallapop

07-08 00:44:21.373  4948  5098 D CodecSolution: isMaxAspectPackageEx: com.wallapop : true(2)

07-08 00:44:21.383  4948  5098 D CodecSolution: isMaxAspectPackageEx: com.wallapop : true(2)

07-08 00:44:21.384  4948  5098 I PerfSDKService: Current foregroundpackage name : com.wallapop

07-08 00:44:21.508  4948 12848 D MdnieScenarioControlService:  packageName : com.wallapop    className : com.wallapop.activities.PreferencesActivity

07-08 00:45:21.433  4948  5098 D CodecSolution: isMaxAspectPackageEx: com.wallapop : true(2)

07-08 00:45:21.447  4948  5098 D CodecSolution: isMaxAspectPackageEx: com.wallapop : true(2)

07-08 00:45:21.448  4948  5098 I PerfSDKService: Current foregroundpackage name : com.wallapop

07-08 00:45:21.532  4948  5098 D CodecSolution: isMaxAspectPackageEx: com.wallapop : true(2)

07-08 00:45:21.539  4948  5098 D CodecSolution: isMaxAspectPackageEx: com.wallapop : true(2)

07-08 00:45:21.541  4948  5098 I PerfSDKService: Current foregroundpackage name : com.wallapop

07-08 00:45:21.664  4948 12848 D MdnieScenarioControlService:  packageName : com.wallapop    className : com.wallapop.activities.PreferencesActivity

07-08 00:46:08.645 25443 25460 I SmProvider: makeValuesForFasUpdate contentValues=package_name=com.wallapop extras=0 uid=10385 level=1 resetTime=1594161698649

07-08 00:46:21.580  4948  5098 D CodecSolution: isMaxAspectPackageEx: com.wallapop : true(2)

07-08 00:46:21.600  4948  5098 D CodecSolution: isMaxAspectPackageEx: com.wallapop : true(2)

07-08 00:46:21.603  4948  5098 I PerfSDKService: Current foregroundpackage name : com.wallapop

07-08 00:46:21.697  4948  5098 D CodecSolution: isMaxAspectPackageEx: com.wallapop : true(2)

07-08 00:46:21.708  4948  5098 D CodecSolution: isMaxAspectPackageEx: com.wallapop : true(2)

07-08 00:46:21.709  4948  5098 I PerfSDKService: Current foregroundpackage name : com.wallapop

07-08 00:46:21.832  4948 12848 D MdnieScenarioControlService:  packageName : com.wallapop    className : com.wallapop.activities.PreferencesActivity

07-08 00:53:05.168  4948  5727 V SamsungAlarmManager: Sending to uid : 10385 action=com.wallapop.intent.APPBOY_SESSION_SHOULD_SEAL alarm=Alarm{3decb3e type 1 when 1594161998793 com.wallapop}

07-08 00:53:05.194  4948  5098 D CodecSolution: isMaxAspectPackageEx: com.wallapop : true(2)

07-08 00:53:05.219  4948  5098 D CodecSolution: isMaxAspectPackageEx: com.wallapop : true(2)

07-08 00:53:05.219  4948  5098 I PerfSDKService: Current foregroundpackage name : com.wallapop

07-08 00:53:05.347  4948 12848 D MdnieScenarioControlService:  packageName : com.wallapop    className : com.wallapop.activities.PreferencesActivity

07-08 00:53:05.628 26005 26153 W com.wallapop: Accessing hidden method Lsun/misc/Unsafe;->putInt(Ljava/lang/Object;JI)V (greylist, linking, allowed)

07-08 00:53:05.631 26005 26845 W com.wallapop: Accessing hidden method Lsun/misc/Unsafe;->putInt(Ljava/lang/Object;JI)V (greylist, linking, allowed)

07-08 00:55:30.001  4948 12936 I ActivityManager: Force stopping com.wallapop appid=10385 user=0: from pid 26966

07-08 00:55:30.002  4948 12936 I ActivityManager: Killing 26005:com.wallapop/u0a385 (adj 200): stop com.wallapop

07-08 00:55:30.009  4948 12936 W ActivityManager: Scheduling restart of crashed service com.wallapop/com.rewallapop.ui.debug.view.DebugActivity$Service in 1000ms

07-08 00:55:30.010  4948  4948 D EdgeLightingManager: hideForNotification : packageName = com.wallapop

07-08 00:55:30.010  4948  4948 D EdgeLightingPolicyManager:NotificationGroup: remove : sbn : StatusBarNotification(pkg=com.wallapop user=UserHandle{0} id=999 tag=null key=0|com.wallapop|999|null|10385: Notification(channel=wallapop_channel pri=-2 contentView=null vibrate=null sound=null defaults=0x0 flags=0x62 color=0x00000000 vis=PRIVATE semFlags=0x0 semPriority=0 semMissedCount=0))

07-08 00:55:30.011  4948  4948 D EdgeLightingPolicyManager: isAcceptableApplication:  pkg=com.wallapop , range=1 , includeAllApp=false , userId=0 , infoRange=0 , infoCategory=0

07-08 00:55:30.011  4948 12936 W ActivityTaskManager: Force removing ActivityRecord{95794af u0 com.wallapop/.activities.PreferencesActivity t1303 f}: app died, no saved state

07-08 00:55:30.015  4382  5775 I Layer   : id=1425 removeFromCurrentState 35099f9 com.wallapop/com.wallapop.activities.PreferencesActivity#0 (56)

07-08 00:55:30.016  4382  5775 I SurfaceFlinger: id=1425 Removed 35099f9 com.wallapop/com.wallapop.activities.PreferencesActivity#0 (56)

07-08 00:55:30.016  4948 12936 W ActivityTaskManager: Force removing ActivityRecord{7a3bdf2 u0 com.wallapop/com.rewallapop.ui.wall.WallActivity t1303 f}: app died, no saved state

07-08 00:55:30.016 12945 12986 V NotificationManager_FLP: Notification for foreground service is removed, 0|com.wallapop|999|null|10385

07-08 00:55:30.017  4382  5775 I Layer   : id=1424 removeFromCurrentState AppWindowToken{cf75845 token=Token{7f1d0bc ActivityRecord{95794af u0 com.wallapop/.activities.PreferencesActivity t1303}}}#0 (56)

07-08 00:55:30.017  4382  5775 I Layer   : id=1421 removeFromCurrentState 46548b0 com.wallapop/com.rewallapop.ui.wall.WallActivity#0 (56)

07-08 00:55:30.018  4382  4633 I SurfaceFlinger: id=1424 Removed AppWindowToken{cf75845 token=Token{7f1d0bc ActivityRecord{95794af u0 com.wallapop/.activities.PreferencesActivity t1303}}}#0 (56)

07-08 00:55:30.018  4382  4633 I SurfaceFlinger: id=1421 Removed 46548b0 com.wallapop/com.rewallapop.ui.wall.WallActivity#0 (56)

07-08 00:55:30.018 13050 13050 D Launcher.NotificationListener: onNotificationRemoved : StatusBarNotification(pkg=com.wallapop user=UserHandle{0} id=999 tag=null key=0|com.wallapop|999|null|10385: Notification(channel=wallapop_channel pri=-2 contentView=null vibrate=null sound=null defaults=0x0 flags=0x62 color=0x00000000 vis=PRIVATE semFlags=0x0 semPriority=0 semMissedCount=0)) listener : null

07-08 00:55:30.019  4382  4633 I Layer   : id=1416 removeFromCurrentState AppWindowToken{d6c92c0 token=Token{fc3cc43 ActivityRecord{7a3bdf2 u0 com.wallapop/com.rewallapop.ui.wall.WallActivity t1303}}}#0 (56)

07-08 00:55:30.020  4382  4633 I SurfaceFlinger: id=1416 Removed AppWindowToken{d6c92c0 token=Token{fc3cc43 ActivityRecord{7a3bdf2 u0 com.wallapop/com.rewallapop.ui.wall.WallActivity t1303}}}#0 (56)

07-08 00:55:30.031  4382  4382 I Layer   : id=1416[1] Destroyed AppWindowToken{d6c92c0 token=Token{fc3cc43 ActivityRecord{7a3bdf2 u0 com.wallapop/com.rewallapop.ui.wall.WallActivity t1303}}}#0

07-08 00:55:30.031  4382  4382 I Layer   : id=1421[1] Destroyed 46548b0 com.wallapop/com.rewallapop.ui.wall.WallActivity#0

07-08 00:55:30.031  4382  4382 I Layer   : id=1424[1] Destroyed AppWindowToken{cf75845 token=Token{7f1d0bc ActivityRecord{95794af u0 com.wallapop/.activities.PreferencesActivity t1303}}}#0

07-08 00:55:30.031  4382  4382 I Layer   : id=1425[1] Destroyed 35099f9 com.wallapop/com.wallapop.activities.PreferencesActivity#0

07-08 00:55:30.060  4948  5106 W BroadcastQueue: Background execution not allowed: receiving Intent { act=android.intent.action.PACKAGE_RESTARTED dat=package:com.wallapop flg=0x10 (has extras) } to android/com.kddi.android.CpaNotiReceiver

07-08 00:55:30.076  4948  4948 D SamsungAlarmManager: Remove alarm for next reason : android.intent.action.PACKAGE_RESTARTED : package: com.wallapop

07-08 00:55:35.708  4948 14527 I ActivityManager: Force stopping com.wallapop appid=10385 user=0: from pid 27141

07-08 00:55:35.713  4948  4948 D SamsungAlarmManager: Remove alarm for next reason : android.intent.action.PACKAGE_RESTARTED : package: com.wallapop

07-08 00:55:35.717  4948  5106 W BroadcastQueue: Background execution not allowed: receiving Intent { act=android.intent.action.PACKAGE_RESTARTED dat=package:com.wallapop flg=0x10 (has extras) } to android/com.kddi.android.CpaNotiReceiver

07-08 00:55:35.964  4948 14527 I ActivityTaskManager: START u0 {flg=0x10000000 cmp=com.wallapop/com.rewallapop.ui.main.MainActivity} from uid 2000

07-08 00:55:35.974  4382  4633 I SurfaceFlinger: id=1445 createSurf (0x0),-1 flag=80004, AppWindowToken{eff88b6 token=Token{94da851 ActivityRecord{2266978 u0 com.wallapop/com.rewallapop.ui.main.MainActivity t1304}}}#0

07-08 00:55:35.976  4948  5100 D GameSDKService: MultiWindowEventListener.onFocusStackChanged(), state=0, top=ComponentInfo{com.wallapop/com.rewallapop.ui.main.MainActivity}

07-08 00:55:35.977  4948  5100 D GameSDKService: MultiWindowEventListener.onFocusStackChanged(): com.wallapop

07-08 00:55:35.978  4948  5100 D GameManagerService: MultiWindowEventListener.onFocusedStackChanged(), state=0, top=ComponentInfo{com.wallapop/com.rewallapop.ui.main.MainActivity}

07-08 00:55:35.978  4948  5100 D GameManagerService: MultiWindowEventListener.onFocusedStackChanged(), pkgName: com.wallapop, clsName: com.rewallapop.ui.main.MainActivity, FgActivityName:com.wallapop/com.rewallapop.ui.main.MainActivity, userID:0

07-08 00:55:35.981  4948  5100 I ApplicationPolicy: isApplicationExternalStorageWhitelisted:com.wallapop user:0

07-08 00:55:35.981  4948  5100 D ActivityManager: package  com.wallapop, user - 0 is SDcard whitelisted

07-08 00:55:35.981  4948  5100 I ApplicationPolicy: isApplicationExternalStorageBlacklisted:com.wallapop user:0

07-08 00:55:35.981  4948  5100 I ApplicationPolicy: isApplicationExternalStorageBlacklisted:com.wallapop user:0

07-08 00:55:35.984  4948  5101 D PhoneWindow: forceLight changed to true [Splash Screen com.wallapop] from com.android.internal.policy.PhoneWindow.updateForceLightNavigationBar:4268 com.android.internal.policy.DecorView.updateColorViews:1513 com.android.internal.policy.PhoneWindow.dispatchWindowAttributesChanged:3246 android.view.Window.setFlags:1148 com.android.internal.policy.PhoneWindow.generateLayout:2474

07-08 00:55:35.984  4948  5101 D PhoneWindow: forceLight changed to false [Splash Screen com.wallapop] from com.android.internal.policy.PhoneWindow.updateForceLightNavigationBar:4274 com.android.internal.policy.DecorView.updateColorViews:1513 com.android.internal.policy.PhoneWindow.dispatchWindowAttributesChanged:3246 android.view.Window.setFlags:1148 com.android.internal.policy.PhoneWindow.generateLayout:2620

07-08 00:55:35.986  4382  4633 I SurfaceFlinger: id=1446 createSurf (0x0),-1 flag=80004, 382011c Splash Screen com.wallapop#0

07-08 00:55:35.987  4948  5101 D WindowManager: w is invisible : 382011c Splash Screen com.wallapop

07-08 00:55:35.987  4948  5101 D WindowManager: w is invisible : 382011c Splash Screen com.wallapop

07-08 00:55:35.996  4948  5101 V WindowManager: Relayout Window{382011c u0 Splash Screen com.wallapop}: viewVisibility=0 req=1080x2220

07-08 00:55:35.998  4382  4633 I SurfaceFlinger: id=1447 createSurf (1080x2220),1 flag=4, Splash Screen com.wallapop#0

07-08 00:55:35.998  4948  5101 D WindowManager: makeSurface duration=0 name=Splash Screen com.wallapop

07-08 00:55:35.998  4948  5107 I ActivityManager: Start proc 27145:com.wallapop/u0a385 for activity {com.wallapop/com.rewallapop.ui.main.MainActivity}

07-08 00:55:36.007  4948  5101 D WindowManager: finishDrawingWindow: Window{382011c u0 Splash Screen com.wallapop} mDrawState=DRAW_PENDING

07-08 00:55:36.008 27145 27145 I com.wallapop: Late-enabling -Xcheck:jni

07-08 00:55:36.008  4948  5101 V WindowManager: performShow on Window{382011c u0 Splash Screen com.wallapop}: mDrawState=READY_TO_SHOW readyForDisplay=false starting=true during animation: policyVis=true parentHidden=false tok.hiddenRequested=false tok.hidden=true animating=true tok animating=true Callers=com.android.server.wm.WindowState.performShowLocked:4731 com.android.server.wm.WindowStateAnimator.commitFinishDrawingLocked:401 com.android.server.wm.DisplayContent.lambda$new$8$DisplayContent:990 com.android.server.wm.-$$Lambda$DisplayContent$qxt4izS31fb0LF2uo_OF9DMa7gc.accept:4

07-08 00:55:36.028 27145 27145 E com.wallapop: Unknown bits set in runtime_flags: 0x8000

07-08 00:55:36.043  4948 14603 I ActivityManager: DSS OFF for com.wallapop

07-08 00:55:36.047  4948 14603 V WindowManager: performShow on Window{382011c u0 Splash Screen com.wallapop}: mDrawState=READY_TO_SHOW readyForDisplay=false starting=true during animation: policyVis=true parentHidden=false tok.hiddenRequested=false tok.hidden=true animating=true tok animating=true Callers=com.android.server.wm.WindowState.performShowLocked:4731 com.android.server.wm.WindowStateAnimator.commitFinishDrawingLocked:401 com.android.server.wm.DisplayContent.lambda$new$8$DisplayContent:990 com.android.server.wm.-$$Lambda$DisplayContent$qxt4izS31fb0LF2uo_OF9DMa7gc.accept:4

07-08 00:55:36.048  4948 14603 D GamePkgDataHelper: notifyAppCreate(), pkgName: com.wallapop, sendRet: true

07-08 00:55:36.048  4948 12772 D GameManagerService: onLooperPrepared(), msg: { when=0 what=10010 obj=com.wallapop target=com.samsung.android.game.GameManagerService$FgCheckThread$1 }

07-08 00:55:36.048  4948 12772 D GameManagerService: handleMessage(), MSG_APP_CREATE. pkgName: com.wallapop

07-08 00:55:36.049  4948 14603 D MARsPolicyManager: onPackageResumedFG pkgName = com.wallapop, userId = 0

07-08 00:55:36.052  4948  5101 V WindowManager: performShow on Window{382011c u0 Splash Screen com.wallapop}: mDrawState=READY_TO_SHOW readyForDisplay=false starting=true during animation: policyVis=true parentHidden=false tok.hiddenRequested=false tok.hidden=true animating=true tok animating=true Callers=com.android.server.wm.WindowState.performShowLocked:4731 com.android.server.wm.WindowStateAnimator.commitFinishDrawingLocked:401 com.android.server.wm.DisplayContent.lambda$new$8$DisplayContent:990 com.android.server.wm.-$$Lambda$DisplayContent$qxt4izS31fb0LF2uo_OF9DMa7gc.accept:4

07-08 00:55:36.056  4948  5101 I WindowManager: Reparenting to leash, surface=Surface(name=AppWindowToken{eff88b6 token=Token{94da851 ActivityRecord{2266978 u0 com.wallapop/com.rewallapop.ui.main.MainActivity t1304}}})/@0x65db568

07-08 00:55:36.056  4382  4633 I SurfaceFlinger: id=1450 createSurf (0x0),-1 flag=80004, Surface(name=AppWindowToken{eff88b6 token=Token{94da851 ActivityRecord{2266978 u0 com.wallapop/com.rewallapop.ui.main.MainActivity t1304}}})/@0x65db568 - animation-leash#0

07-08 00:55:36.056  4948  5101 D WindowManager: makeSurface duration=0 leash=Surface(name=Surface(name=AppWindowToken{eff88b6 token=Token{94da851 ActivityRecord{2266978 u0 com.wallapop/com.rewallapop.ui.main.MainActivity t1304}}})/@0x65db568 - animation-leash)/@0x99c1d81

07-08 00:55:36.056  4382  4633 I SurfaceFlinger: id=1451 createSurf (0x0),-1 flag=80004, Surface(name=AppWindowToken{eff88b6 token=Token{94da851 ActivityRecord{2266978 u0 com.wallapop/com.rewallapop.ui.main.MainActivity t1304}}})/@0x65db568 - animation-bounds#0

07-08 00:55:36.057  4948  5098 D WindowManager: setSystemUiVisibility: displayId=0, vis=0xa018, fullVis=0x2000, dockVis=0x0, win=Window{382011c u0 Splash Screen com.wallapop}

07-08 00:55:36.060  4948 12703 D PkgPredictorService: com.wallapop go to foreground!

07-08 00:55:36.060  4948 12703 D PkgPredictorService: previous pkgs: com.wallapop,com.wallapop,com.wallapop running pkg: com.wallapop, uid: 0 is system: false

07-08 00:55:36.060  4948 12703 D PkgPredictorService-Collector:  (hour:0 day:4 previous:[com.wallapop, com.wallapop, com.wallapop] activityName:unknown running:com.wallapop userId:0 screenOrientation:0 wifi:1 bt:0 predictTime:0 apkVersion:1.102.0-d2007061006 consumeTime:-1 preloaded:false>)

07-08 00:55:36.060  4948 12703 D PkgPredictorService-NapPreloadController: User using: com.wallapop

07-08 00:55:36.061  4948 12703 D PkgPredictorService-NapClassifier: Predict result: 17.0,2.0,29.0, - [0_&_com.wallapop, 0_&_com.android.vending, 0_&_com.Slack]

07-08 00:55:36.061  4948 12703 D PkgPredictorService-NapPreloadController: preloadWithUid pkg: [com.wallapop] Uid: [0]

07-08 00:55:36.062  4948  5098 D CodecSolution: isMaxAspectPackageEx: com.wallapop : true(2)

07-08 00:55:36.063  4948  5098 I PerfSDKService: Current foregroundpackage name : com.wallapop

07-08 00:55:36.064 12945 12986 V PermissionManager_FLP: onOpChanged, op=0 / packageName=com.wallapop

07-08 00:55:36.066  4948  5100 D GamePkgDataHelper: getSosPolicy(). com.wallapop

07-08 00:55:36.067  4948  5100 D GameManagerService: identifyGamePackage. com.wallapop, mCurrentUserId: 0, callerUserId: 0

07-08 00:55:36.067  4948  5100 D GamePkgDataHelper: getGamePkgData(). com.wallapop

07-08 00:55:36.068  4948 14603 D GamePkgDataHelper: getSosPolicy(). com.wallapop

07-08 00:55:36.069  4948  5100 D GameManagerService: noteResumeComponent(), resumeComponent: com.wallapop

07-08 00:55:36.069  4948 12772 D GameManagerService: onLooperPrepared(), msg: { when=0 what=10000 obj=ComponentInfo{com.wallapop/com.rewallapop.ui.main.MainActivity} target=com.samsung.android.game.GameManagerService$FgCheckThread$1 }

07-08 00:55:36.070  4948 12772 D GameManagerService: notifyResumePause(). pkg: com.wallapop, type: 4, isMinimized: false, isTunableApp: false

07-08 00:55:36.087 27145 27145 I com.wallapop: The ClassLoaderContext is a special shared library.

07-08 00:55:36.151  4382  4382 I SurfaceFlinger:      DEVICE | 0x7b1b8ad6c0 | 0000 | RGBA_8888 |   0.0    0.0 1080.0 2220.0 |   89  183  991 2037 | Splash Screen com.wallapop#0

07-08 00:55:36.183  4382  4382 I SurfaceFlinger:      DEVICE | 0x7b1b8ad6c0 | 0000 | RGBA_8888 |   0.0    0.0 1080.0 2220.0 |   49  102 1031 2118 | Splash Screen com.wallapop#0

07-08 00:55:36.190  4948 12848 D MdnieScenarioControlService:  packageName : com.wallapop    className : com.rewallapop.ui.main.MainActivity

07-08 00:55:36.204 27145 27166 W com.wallapop: Unsupported class loader

07-08 00:55:36.295  4948  5101 I WindowManager: Reparenting to original parent: Surface(name=Task=1304)/@0xc4007c8, destroyLeash=true, surface=Surface(name=AppWindowToken{eff88b6 token=Token{94da851 ActivityRecord{2266978 u0 com.wallapop/com.rewallapop.ui.main.MainActivity t1304}}})/@0x65db568

07-08 00:55:36.297  4382  5775 I Layer   : id=1450 removeFromCurrentState Surface(name=AppWindowToken{eff88b6 token=Token{94da851 ActivityRecord{2266978 u0 com.wallapop/com.rewallapop.ui.main.MainActivity t1304}}})/@0x65db568 - animation-leash#0 (59)

07-08 00:55:36.297  4382  5775 I Layer   : id=1451 removeFromCurrentState Surface(name=AppWindowToken{eff88b6 token=Token{94da851 ActivityRecord{2266978 u0 com.wallapop/com.rewallapop.ui.main.MainActivity t1304}}})/@0x65db568 - animation-bounds#0 (59)

07-08 00:55:36.297  4382  4633 I SurfaceFlinger: id=1450 Removed Surface(name=AppWindowToken{eff88b6 token=Token{94da851 ActivityRecord{2266978 u0 com.wallapop/com.rewallapop.ui.main.MainActivity t1304}}})/@0x65db568 - animation-leash#0 (59)

07-08 00:55:36.297  4382  4633 I SurfaceFlinger: id=1451 Removed Surface(name=AppWindowToken{eff88b6 token=Token{94da851 ActivityRecord{2266978 u0 com.wallapop/com.rewallapop.ui.main.MainActivity t1304}}})/@0x65db568 - animation-bounds#0 (59)

07-08 00:55:36.312  4382  4382 I Layer   : id=1451[1] Destroyed Surface(name=AppWindowToken{eff88b6 token=Token{94da851 ActivityRecord{2266978 u0 com.wallapop/com.rewallapop.ui.main.MainActivity t1304}}})/@0x65db568 - animation-bounds#0

07-08 00:55:36.312  4382  4382 I Layer   : id=1450[1] Destroyed Surface(name=AppWindowToken{eff88b6 token=Token{94da851 ActivityRecord{2266978 u0 com.wallapop/com.rewallapop.ui.main.MainActivity t1304}}})/@0x65db568 - animation-leash#0

07-08 00:55:36.335 27145 27172 I FA      :   adb shell setprop debug.firebase.analytics.app com.wallapop

07-08 00:55:36.350  4382  4382 I SurfaceFlinger:      DEVICE | 0x7b1b8ad6c0 | 0000 | RGBA_8888 |   0.0    0.0 1080.0 2220.0 |    0    0 1080 2220 | Splash Screen com.wallapop#0

07-08 00:55:36.375 27145 27145 W com.wallapop: Accessing hidden method Ldalvik/system/CloseGuard;->get()Ldalvik/system/CloseGuard; (greylist,core-platform-api, reflection, allowed)

07-08 00:55:36.375 27145 27145 W com.wallapop: Accessing hidden method Ldalvik/system/CloseGuard;->open(Ljava/lang/String;)V (greylist,core-platform-api, reflection, allowed)

07-08 00:55:36.375 27145 27145 W com.wallapop: Accessing hidden method Ldalvik/system/CloseGuard;->warnIfOpen()V (greylist,core-platform-api, reflection, allowed)

07-08 00:55:36.404 27145 27200 I stetho  : Listening on @stetho_com.wallapop_devtools_remote

07-08 00:55:36.432  4948 15049 D PackageManager: setEnabledSetting : userId = 0 packageName = com.wallapop cmp = androidx.work.impl.background.systemjob.SystemJobService newState = 1 callingPackage = 10385/com.wallapop

07-08 00:55:36.607 27145 27228 W com.wallapop: Accessing hidden field Lsun/misc/Unsafe;->theUnsafe:Lsun/misc/Unsafe; (greylist, reflection, allowed)

07-08 00:55:36.608 27145 27228 W com.wallapop: Accessing hidden method Lsun/misc/Unsafe;->arrayIndexScale(Ljava/lang/Class;)I (greylist, linking, allowed)

07-08 00:55:36.609 27145 27228 W com.wallapop: Accessing hidden method Lsun/misc/Unsafe;->arrayBaseOffset(Ljava/lang/Class;)I (greylist,core-platform-api, linking, allowed)

07-08 00:55:36.609 27145 27228 W com.wallapop: Accessing hidden method Lsun/misc/Unsafe;->objectFieldOffset(Ljava/lang/reflect/Field;)J (greylist,core-platform-api, linking, allowed)

07-08 00:55:36.629 27145 27236 W com.wallapop: Accessing hidden method Lsun/misc/Unsafe;->getObjectVolatile(Ljava/lang/Object;J)Ljava/lang/Object; (greylist, linking, allowed)

07-08 00:55:36.629 27145 27236 W com.wallapop: Accessing hidden method Lsun/misc/Unsafe;->putOrderedObject(Ljava/lang/Object;JLjava/lang/Object;)V (greylist, linking, allowed)

07-08 00:55:36.629 27145 27238 W com.wallapop: Accessing hidden method Lsun/misc/Unsafe;->putOrderedObject(Ljava/lang/Object;JLjava/lang/Object;)V (greylist, linking, allowed)

07-08 00:55:36.629 27145 27238 W com.wallapop: Accessing hidden method Lsun/misc/Unsafe;->putOrderedLong(Ljava/lang/Object;JJ)V (greylist, linking, allowed)

07-08 00:55:36.707  4948 14602 D PackageManager: setEnabledSetting : userId = 0 packageName = com.wallapop cmp = androidx.work.impl.background.systemalarm.RescheduleReceiver newState = 1 callingPackage = 10385/com.wallapop

07-08 00:55:36.729 27145 27258 W com.wallapop: Accessing hidden method Llibcore/io/Memory;->peekLong(JZ)J (greylist, reflection, allowed)

07-08 00:55:36.729 27145 27258 W com.wallapop: Accessing hidden method Llibcore/io/Memory;->pokeLong(JJZ)V (greylist, reflection, allowed)

07-08 00:55:36.729 27145 27258 W com.wallapop: Accessing hidden method Llibcore/io/Memory;->pokeInt(JIZ)V (greylist, reflection, allowed)

07-08 00:55:36.730 27145 27258 W com.wallapop: Accessing hidden method Llibcore/io/Memory;->peekInt(JZ)I (greylist, reflection, allowed)

07-08 00:55:36.730 27145 27258 W com.wallapop: Accessing hidden method Llibcore/io/Memory;->pokeByte(JB)V (greylist, reflection, allowed)

07-08 00:55:36.730 27145 27258 W com.wallapop: Accessing hidden method Llibcore/io/Memory;->peekByte(J)B (greylist, reflection, allowed)

07-08 00:55:36.730 27145 27258 W com.wallapop: Accessing hidden method Llibcore/io/Memory;->pokeByteArray(J[BII)V (greylist, reflection, allowed)

07-08 00:55:36.730 27145 27258 W com.wallapop: Accessing hidden method Llibcore/io/Memory;->peekByteArray(J[BII)V (greylist, reflection, allowed)

07-08 00:55:36.731 27145 27258 W com.wallapop: Accessing hidden method Lsun/misc/Unsafe;->getLong(Ljava/lang/Object;J)J (greylist,core-platform-api, reflection, allowed)

07-08 00:55:36.731 27145 27258 W com.wallapop: Accessing hidden field Ljava/nio/Buffer;->address:J (greylist, reflection, allowed)

07-08 00:55:36.731 27145 27258 W com.wallapop: Accessing hidden method Lsun/misc/Unsafe;->getInt(Ljava/lang/Object;J)I (greylist, reflection, allowed)

07-08 00:55:36.732 27145 27258 W com.wallapop: Accessing hidden method Lsun/misc/Unsafe;->putInt(Ljava/lang/Object;JI)V (greylist, reflection, allowed)

07-08 00:55:36.732 27145 27258 W com.wallapop: Accessing hidden method Lsun/misc/Unsafe;->getLong(Ljava/lang/Object;J)J (greylist,core-platform-api, reflection, allowed)

07-08 00:55:36.732 27145 27258 W com.wallapop: Accessing hidden method Lsun/misc/Unsafe;->putLong(Ljava/lang/Object;JJ)V (greylist, reflection, allowed)

07-08 00:55:36.732 27145 27258 W com.wallapop: Accessing hidden method Lsun/misc/Unsafe;->getObject(Ljava/lang/Object;J)Ljava/lang/Object; (greylist, reflection, allowed)

07-08 00:55:36.732 27145 27258 W com.wallapop: Accessing hidden method Lsun/misc/Unsafe;->putObject(Ljava/lang/Object;JLjava/lang/Object;)V (greylist, reflection, allowed)

07-08 00:55:36.757  4948 15049 D SamsungAlarmManager: Cancel Alarm calling from uid:10385 pid :27145 / op:PendingIntent{767dfc5: PendingIntentRecord{190df2e com.wallapop broadcastIntent}}

07-08 00:55:36.766 27145 27201 W com.wallapop: Accessing hidden method Lsun/misc/Unsafe;->allocateInstance(Ljava/lang/Class;)Ljava/lang/Object; (greylist, reflection, allowed)

07-08 00:55:36.802  4948 14601 D BaseRestrictionMgr: Package: com.android.vending, userid: 0, hostingType: bindService is allowed by freecess, caller is: com.wallapop

07-08 00:55:36.883  4948 15823 D SamsungAlarmManager: Cancel Alarm calling from uid:10385 pid :27145 / op:PendingIntent{dcac4ed: PendingIntentRecord{3a43f22 com.wallapop broadcastIntent}}

07-08 00:55:36.898 27145 27145 I chatty  : uid=10385(com.wallapop) identical 1 line

07-08 00:55:36.900 27145 27145 I chatty  : uid=10385(com.wallapop) identical 9 lines

07-08 00:55:36.900 27145 27145 I chatty  : uid=10385(com.wallapop) identical 1 line

07-08 00:55:36.900 27145 27145 I chatty  : uid=10385(com.wallapop) identical 6 lines

07-08 00:55:36.937  4948 15823 I ActivityTaskManager: START u0 {cmp=com.wallapop/com.rewallapop.ui.wall.WallActivity (has extras)} from uid 10385

07-08 00:55:36.940  4382  5775 I SurfaceFlinger: id=1452 createSurf (0x0),-1 flag=80004, AppWindowToken{59fe621 token=Token{8a6bc88 ActivityRecord{398e02b u0 com.wallapop/com.rewallapop.ui.wall.WallActivity t1304}}}#0

07-08 00:55:36.942  4948  5098 D WindowManager: setSystemUiVisibility: displayId=0, vis=0xa018, fullVis=0x2000, dockVis=0x0, win=Window{382011c u0 Splash Screen com.wallapop}

07-08 00:55:36.979 27145 27145 W com.wallapop: Accessing hidden method Landroid/view/View;->computeFitSystemWindows(Landroid/graphics/Rect;Landroid/graphics/Rect;)Z (greylist, reflection, allowed)

07-08 00:55:36.980 27145 27145 W com.wallapop: Accessing hidden method Landroid/view/ViewGroup;->makeOptionalFitsSystemWindows()V (greylist, reflection, allowed)

07-08 00:55:36.988 27145 27145 W com.wallapop: Accessing hidden method Lsun/misc/Unsafe;->getObjectVolatile(Ljava/lang/Object;J)Ljava/lang/Object; (greylist, linking, allowed)

07-08 00:55:36.988 27145 27145 W com.wallapop: Accessing hidden method Lsun/misc/Unsafe;->putOrderedObject(Ljava/lang/Object;JLjava/lang/Object;)V (greylist, linking, allowed)

07-08 00:55:36.988 27145 27145 W com.wallapop: Accessing hidden method Lsun/misc/Unsafe;->putOrderedLong(Ljava/lang/Object;JJ)V (greylist, linking, allowed)

07-08 00:55:37.121  4948  5106 D ApplicationPolicy: isStatusBarNotificationAllowedAsUser: packageName = com.wallapop,userId = 0

07-08 00:55:37.121  4948  5106 D ApplicationPolicy: isStatusBarNotificationAllowedAsUser: packageName = com.wallapop,userId = 0

07-08 00:55:37.127  4948 14601 D GamePkgDataHelper: notifyAppCreate(), pkgName: com.wallapop, sendRet: true

07-08 00:55:37.128  4948 12772 D GameManagerService: onLooperPrepared(), msg: { when=0 what=10010 obj=com.wallapop target=com.samsung.android.game.GameManagerService$FgCheckThread$1 }

07-08 00:55:37.128  4948 12772 D GameManagerService: handleMessage(), MSG_APP_CREATE. pkgName: com.wallapop

07-08 00:55:37.128  4948 14601 D MARsPolicyManager: onPackageResumedFG pkgName = com.wallapop, userId = 0

07-08 00:55:37.131  4948 14601 I WindowManager: Reparenting to leash, surface=Surface(name=AppWindowToken{eff88b6 token=Token{94da851 ActivityRecord{2266978 u0 com.wallapop/com.rewallapop.ui.main.MainActivity t1304}}})/@0x65db568

07-08 00:55:37.131  4382  5775 I SurfaceFlinger: id=1453 createSurf (0x0),-1 flag=80004, Surface(name=AppWindowToken{eff88b6 token=Token{94da851 ActivityRecord{2266978 u0 com.wallapop/com.rewallapop.ui.main.MainActivity t1304}}})/@0x65db568 - animation-leash#0

07-08 00:55:37.132  4948 14601 D WindowManager: makeSurface duration=1 leash=Surface(name=Surface(name=AppWindowToken{eff88b6 token=Token{94da851 ActivityRecord{2266978 u0 com.wallapop/com.rewallapop.ui.main.MainActivity t1304}}})/@0x65db568 - animation-leash)/@0x240e9c9

07-08 00:55:37.132  4382  5775 I SurfaceFlinger: id=1454 createSurf (0x0),-1 flag=80004, Surface(name=AppWindowToken{eff88b6 token=Token{94da851 ActivityRecord{2266978 u0 com.wallapop/com.rewallapop.ui.main.MainActivity t1304}}})/@0x65db568 - animation-bounds#0

07-08 00:55:37.135  4948  5100 D GameManagerService: notePauseComponent(), pauseComponent: com.wallapop

07-08 00:55:37.142  4948  5100 D GameManagerService: noteResumeComponent(), resumeComponent: com.wallapop

07-08 00:55:37.142  4948 12772 D GameManagerService: onLooperPrepared(), msg: { when=0 what=10000 obj=ComponentInfo{com.wallapop/com.rewallapop.ui.wall.WallActivity} target=com.samsung.android.game.GameManagerService$FgCheckThread$1 }

07-08 00:55:37.142  4948 12772 D GameManagerService: notifyResumePause(). pkg: com.wallapop, type: 4, isMinimized: false, isTunableApp: false

07-08 00:55:37.208  4948 14603 D SamsungAlarmManager: Cancel Alarm calling from uid:10385 pid :27145 / op:PendingIntent{46b61e7: PendingIntentRecord{3a43f22 com.wallapop broadcastIntent}}

07-08 00:55:37.210  4948 14602 D SamsungAlarmManager: Cancel Alarm calling from uid:10385 pid :27145 / op:PendingIntent{9374194: PendingIntentRecord{3a43f22 com.wallapop broadcastIntent}}

07-08 00:55:37.228  4948  4948 D EdgeLightingManager: showForNotification : isInteractive=true, isHeadUp=false, color=0, sbn = StatusBarNotification(pkg=com.wallapop user=UserHandle{0} id=999 tag=null key=0|com.wallapop|999|null|10385: Notification(channel=wallapop_channel pri=-2 contentView=null vibrate=null sound=null defaults=0x0 flags=0x62 color=0x00000000 vis=PRIVATE semFlags=0x0 semPriority=0 semMissedCount=0))

07-08 00:55:37.228  4948  4948 D EdgeLightingPolicyManager: isAcceptableApplication:  pkg=com.wallapop , range=256 , includeAllApp=false , userId=0 , infoRange=0 , infoCategory=0

07-08 00:55:37.228  4948  4948 D EdgeLightingPolicyManager.NotificationGroup: group key = 0|com.wallapop|999|null|10385 ,value= summary : null , child : 1key = 0|com.wallapop|999|null|10385 , value =  NotificationData { tag= null } , }

07-08 00:55:37.228  4948  4948 D EdgeLightingPolicyManager: isAcceptableApplication:  pkg=com.wallapop , range=1 , includeAllApp=false , userId=0 , infoRange=0 , infoCategory=0

07-08 00:55:37.229  4948  4948 D NotificationService: 0|com.wallapop|999|null|10385: granting content://settings/system/notification_sound

07-08 00:55:37.232 12945 12986 V NotificationManager_FLP: Notification for foreground service is posted, 0|com.wallapop|999|null|10385

07-08 00:55:37.234 13050 13050 D Launcher.NotificationListener: onNotificationPosted : StatusBarNotification(pkg=com.wallapop user=UserHandle{0} id=999 tag=null key=0|com.wallapop|999|null|10385: Notification(channel=wallapop_channel pri=-2 contentView=null vibrate=null sound=null defaults=0x0 flags=0x62 color=0x00000000 vis=PRIVATE semFlags=0x0 semPriority=0 semMissedCount=0)) number : 0 listener : null

07-08 00:55:37.234 13050 13050 D Launcher.NotificationListener: shouldBeFilteredOut : com.wallapop missingTitleAndText : false isGroupHeader : false

07-08 00:55:37.343 27145 27235 W com.wallapop: Accessing hidden method Lsun/misc/Unsafe;->getObject(Ljava/lang/Object;J)Ljava/lang/Object; (greylist, linking, allowed)

07-08 00:55:37.344 27145 27235 W com.wallapop: Accessing hidden method Lsun/misc/Unsafe;->putObject(Ljava/lang/Object;JLjava/lang/Object;)V (greylist, linking, allowed)

07-08 00:55:37.346 27145 27258 W com.wallapop: Accessing hidden method Lsun/misc/Unsafe;->putObject(Ljava/lang/Object;JLjava/lang/Object;)V (greylist, linking, allowed)

07-08 00:55:37.388 27145 27210 W com.wallapop: Accessing hidden method Lsun/misc/Unsafe;->putObject(Ljava/lang/Object;JLjava/lang/Object;)V (greylist, linking, allowed)

07-08 00:55:37.390 27145 27258 W com.wallapop: Accessing hidden method Lsun/misc/Unsafe;->getInt(Ljava/lang/Object;J)I (greylist, linking, allowed)

07-08 00:55:37.390 27145 27258 W com.wallapop: Accessing hidden method Lsun/misc/Unsafe;->putInt(Ljava/lang/Object;JI)V (greylist, linking, allowed)

07-08 00:55:37.392 27145 27210 W com.wallapop: Accessing hidden method Lsun/misc/Unsafe;->putInt(Ljava/lang/Object;JI)V (greylist, linking, allowed)

07-08 00:55:37.392 27145 27210 W com.wallapop: Accessing hidden method Lsun/misc/Unsafe;->getLong(Ljava/lang/Object;J)J (greylist,core-platform-api, linking, allowed)

07-08 00:55:37.392 27145 27210 W com.wallapop: Accessing hidden method Lsun/misc/Unsafe;->putLong(Ljava/lang/Object;JJ)V (greylist, linking, allowed)

07-08 00:55:37.426 27145 27210 W com.wallapop: Accessing hidden method Lsun/misc/Unsafe;->putLong(Ljava/lang/Object;JJ)V (greylist, linking, allowed)

07-08 00:55:37.230  4948  4948 D NotificationService: 0|com.wallapop|999|null|10385: granting content://settings/system/notification_sound

07-08 00:55:37.431  4948  5101 I WindowManager: Reparenting to original parent: Surface(name=Task=1304)/@0xc4007c8, destroyLeash=true, surface=Surface(name=AppWindowToken{eff88b6 token=Token{94da851 ActivityRecord{2266978 u0 com.wallapop/com.rewallapop.ui.main.MainActivity t1304}}})/@0x65db568

07-08 00:55:37.449  4382  4440 I Layer   : id=1453 removeFromCurrentState Surface(name=AppWindowToken{eff88b6 token=Token{94da851 ActivityRecord{2266978 u0 com.wallapop/com.rewallapop.ui.main.MainActivity t1304}}})/@0x65db568 - animation-leash#0 (59)

07-08 00:55:37.449  4382  4440 I Layer   : id=1454 removeFromCurrentState Surface(name=AppWindowToken{eff88b6 token=Token{94da851 ActivityRecord{2266978 u0 com.wallapop/com.rewallapop.ui.main.MainActivity t1304}}})/@0x65db568 - animation-bounds#0 (59)

07-08 00:55:37.449  4382  4633 I SurfaceFlinger: id=1453 Removed Surface(name=AppWindowToken{eff88b6 token=Token{94da851 ActivityRecord{2266978 u0 com.wallapop/com.rewallapop.ui.main.MainActivity t1304}}})/@0x65db568 - animation-leash#0 (59)

07-08 00:55:37.449  4382  4633 I SurfaceFlinger: id=1454 Removed Surface(name=AppWindowToken{eff88b6 token=Token{94da851 ActivityRecord{2266978 u0 com.wallapop/com.rewallapop.ui.main.MainActivity t1304}}})/@0x65db568 - animation-bounds#0 (59)

07-08 00:55:37.464 27145 27186 W com.wallapop: Accessing hidden method Lsun/misc/Unsafe;->putInt(Ljava/lang/Object;JI)V (greylist, linking, allowed)

07-08 00:55:37.464 27145 27186 W com.wallapop: Accessing hidden method Lsun/misc/Unsafe;->putLong(Ljava/lang/Object;JJ)V (greylist, linking, allowed)

07-08 00:55:37.464 27145 27258 W com.wallapop: Accessing hidden method Lsun/misc/Unsafe;->putInt(Ljava/lang/Object;JI)V (greylist, linking, allowed)

07-08 00:55:37.464  4382  4382 I Layer   : id=1454[1] Destroyed Surface(name=AppWindowToken{eff88b6 token=Token{94da851 ActivityRecord{2266978 u0 com.wallapop/com.rewallapop.ui.main.MainActivity t1304}}})/@0x65db568 - animation-bounds#0

07-08 00:55:37.464  4382  4382 I Layer   : id=1453[1] Destroyed Surface(name=AppWindowToken{eff88b6 token=Token{94da851 ActivityRecord{2266978 u0 com.wallapop/com.rewallapop.ui.main.MainActivity t1304}}})/@0x65db568 - animation-leash#0

07-08 00:55:37.470 27145 27187 W com.wallapop: Accessing hidden method Lsun/misc/Unsafe;->putInt(Ljava/lang/Object;JI)V (greylist, linking, allowed)

07-08 00:55:37.470 27145 27258 W com.wallapop: Accessing hidden method Lsun/misc/Unsafe;->putInt(Ljava/lang/Object;JI)V (greylist, linking, allowed)

07-08 00:55:37.502 27145 27145 W com.wallapop: Accessing hidden method Lsun/misc/Unsafe;->putObject(Ljava/lang/Object;JLjava/lang/Object;)V (greylist, linking, allowed)

07-08 00:55:37.506 27145 27258 W com.wallapop: Accessing hidden method Lsun/misc/Unsafe;->getInt(Ljava/lang/Object;J)I (greylist, linking, allowed)

07-08 00:55:37.506 27145 27258 W com.wallapop: Accessing hidden method Lsun/misc/Unsafe;->putObject(Ljava/lang/Object;JLjava/lang/Object;)V (greylist, linking, allowed)

07-08 00:55:37.506 27145 27258 W com.wallapop: Accessing hidden method Lsun/misc/Unsafe;->putInt(Ljava/lang/Object;JI)V (greylist, linking, allowed)

07-08 00:55:37.507 27145 27145 W com.wallapop: Accessing hidden method Lsun/misc/Unsafe;->getObjectVolatile(Ljava/lang/Object;J)Ljava/lang/Object; (greylist, linking, allowed)

07-08 00:55:37.509 27145 27258 W com.wallapop: Accessing hidden method Lsun/misc/Unsafe;->putInt(Ljava/lang/Object;JI)V (greylist, linking, allowed)

07-08 00:55:37.553  4382  4440 I SurfaceFlinger: id=1457 createSurf (0x0),-1 flag=80004, bf67c78 com.wallapop/com.rewallapop.ui.wall.WallActivity#0

07-08 00:55:37.557 27145 27145 W com.wallapop: Accessing hidden method Lsun/misc/Unsafe;->getObjectVolatile(Ljava/lang/Object;J)Ljava/lang/Object; (greylist, linking, allowed)

07-08 00:55:37.560 27145 27145 W com.wallapop: Accessing hidden method Lsun/misc/Unsafe;->getObjectVolatile(Ljava/lang/Object;J)Ljava/lang/Object; (greylist, linking, allowed)

07-08 00:55:37.602 27145 27298 W com.wallapop: Accessing hidden method Lsun/misc/Unsafe;->getObject(Ljava/lang/Object;J)Ljava/lang/Object; (greylist, linking, allowed)

07-08 00:55:37.603 27145 27298 W com.wallapop: Accessing hidden method Lsun/misc/Unsafe;->putObject(Ljava/lang/Object;JLjava/lang/Object;)V (greylist, linking, allowed)

07-08 00:55:37.604 13273 13893 I Finsky  : [351] bmc.a(53): com.wallapop: Account from first account - [rJj4Md76H4LxoN-B4dnoZM7XaXDDBcXGlC-caOCi6Uc]

07-08 00:55:37.605 13273 13893 I Finsky  : [351] bmc.a(53): com.wallapop: Account from first account - [rJj4Md76H4LxoN-B4dnoZM7XaXDDBcXGlC-caOCi6Uc]

07-08 00:55:37.605 27145 27298 W com.wallapop: Accessing hidden method Lsun/misc/Unsafe;->getInt(Ljava/lang/Object;J)I (greylist, linking, allowed)

07-08 00:55:37.605 27145 27258 W com.wallapop: Accessing hidden method Lsun/misc/Unsafe;->getInt(Ljava/lang/Object;J)I (greylist, linking, allowed)

07-08 00:55:37.606 27145 27298 W com.wallapop: Accessing hidden method Lsun/misc/Unsafe;->putObject(Ljava/lang/Object;JLjava/lang/Object;)V (greylist, linking, allowed)

07-08 00:55:37.606 27145 27258 W com.wallapop: Accessing hidden method Lsun/misc/Unsafe;->putObject(Ljava/lang/Object;JLjava/lang/Object;)V (greylist, linking, allowed)

07-08 00:55:37.606 27145 27298 W com.wallapop: Accessing hidden method Lsun/misc/Unsafe;->putInt(Ljava/lang/Object;JI)V (greylist, linking, allowed)

07-08 00:55:37.606 27145 27258 W com.wallapop: Accessing hidden method Lsun/misc/Unsafe;->putInt(Ljava/lang/Object;JI)V (greylist, linking, allowed)

07-08 00:55:37.606 27145 27298 W com.wallapop: Accessing hidden method Lsun/misc/Unsafe;->getLong(Ljava/lang/Object;J)J (greylist,core-platform-api, linking, allowed)

07-08 00:55:37.606 27145 27298 W com.wallapop: Accessing hidden method Lsun/misc/Unsafe;->putLong(Ljava/lang/Object;JJ)V (greylist, linking, allowed)

07-08 00:55:37.606 27145 27145 W com.wallapop: Accessing hidden method Lsun/misc/Unsafe;->getObjectVolatile(Ljava/lang/Object;J)Ljava/lang/Object; (greylist, linking, allowed)

07-08 00:55:37.607 27145 27145 W com.wallapop: Accessing hidden method Lsun/misc/Unsafe;->putOrderedLong(Ljava/lang/Object;JJ)V (greylist, linking, allowed)

07-08 00:55:37.616 27145 27145 W com.wallapop: Accessing hidden method Lsun/misc/Unsafe;->getObjectVolatile(Ljava/lang/Object;J)Ljava/lang/Object; (greylist, linking, allowed)

07-08 00:55:37.622 27145 27202 I com.wallapop: The ClassLoaderContext is a special shared library.

07-08 00:55:37.626 27145 27202 I com.wallapop: The ClassLoaderContext is a special shared library.

07-08 00:55:37.663  4948 15033 V WindowManager: Relayout Window{bf67c78 u0 com.wallapop/com.rewallapop.ui.wall.WallActivity}: viewVisibility=0 req=1080x2220

07-08 00:55:37.664 27145 27202 W com.wallapop: Accessing hidden method Lsun/misc/Unsafe;->getUnsafe()Lsun/misc/Unsafe; (greylist,core-platform-api, linking, allowed)

07-08 00:55:37.664 27145 27202 W com.wallapop: Accessing hidden method Lsun/misc/Unsafe;->putObject(Ljava/lang/Object;JLjava/lang/Object;)V (greylist, linking, allowed)

07-08 00:55:37.664 27145 27202 W com.wallapop: Accessing hidden method Lsun/misc/Unsafe;->compareAndSwapObject(Ljava/lang/Object;JLjava/lang/Object;Ljava/lang/Object;)Z (greylist, linking, allowed)

07-08 00:55:37.666  4382  4440 I SurfaceFlinger: id=1458 createSurf (1080x2220),1 flag=404, com.wallapop/com.rewallapop.ui.wall.WallActivity$_27145#0

07-08 00:55:37.667  4948 15033 D WindowManager: makeSurface duration=1 name=com.wallapop/com.rewallapop.ui.wall.WallActivity$_27145

07-08 00:55:37.667  4948 15033 V WindowManager: Changing focus from null to Window{bf67c78 u0 com.wallapop/com.rewallapop.ui.wall.WallActivity} displayId=0 Callers=com.android.server.wm.RootWindowContainer.updateFocusedWindowLocked:202 com.android.server.wm.WindowManagerService.updateFocusedWindowLocked:6282 com.android.server.wm.WindowManagerService.relayoutWindow:2574 com.android.server.wm.Session.relayout:202 android.view.IWindowSession$Stub.onTransact:708 com.android.server.wm.Session.onTransact:142

07-08 00:55:37.668  4948  5098 D WindowManager: setSystemUiVisibility: displayId=0, vis=0xa518, fullVis=0x2000, dockVis=0x0, win=Window{bf67c78 u0 com.wallapop/com.rewallapop.ui.wall.WallActivity}

07-08 00:55:37.669  4948  5100 I WindowManager: Focus moving from null to Window{bf67c78 u0 com.wallapop/com.rewallapop.ui.wall.WallActivity} displayId=0

07-08 00:55:37.670  4948  5100 D WindowManager: w is invisible : bf67c78 com.wallapop/com.rewallapop.ui.wall.WallActivity

07-08 00:55:37.670  4948  5100 D WindowManager: w is invisible : 382011c Splash Screen com.wallapop

07-08 00:55:37.670  4948  5100 D WindowManager: windowMattersToAccessibility, check : 382011c Splash Screen com.wallapop

07-08 00:55:37.670  4948  5100 D WindowManager: windowMattersToAccessibility : 382011c Splash Screen com.wallapop

07-08 00:55:37.670  4948  5100 D WindowManager: windowMattersToAccessibility, check : bf67c78 com.wallapop/com.rewallapop.ui.wall.WallActivity

07-08 00:55:37.671  4948  5100 I WindowManager: Gaining focus: Window{bf67c78 u0 com.wallapop/com.rewallapop.ui.wall.WallActivity}

07-08 00:55:37.680 27145 27361 W com.wallapop: Accessing hidden method Lsun/misc/Unsafe;->putObject(Ljava/lang/Object;JLjava/lang/Object;)V (greylist, linking, allowed)

07-08 00:55:37.685 27145 27258 W com.wallapop: Accessing hidden method Lsun/misc/Unsafe;->getInt(Ljava/lang/Object;J)I (greylist, linking, allowed)

07-08 00:55:37.686 27145 27258 W com.wallapop: Accessing hidden method Lsun/misc/Unsafe;->putObject(Ljava/lang/Object;JLjava/lang/Object;)V (greylist, linking, allowed)

07-08 00:55:37.686 27145 27258 W com.wallapop: Accessing hidden method Lsun/misc/Unsafe;->putInt(Ljava/lang/Object;JI)V (greylist, linking, allowed)

07-08 00:55:37.702 27145 27371 W com.wallapop: Accessing hidden method Lsun/misc/Unsafe;->compareAndSwapObject(Ljava/lang/Object;JLjava/lang/Object;Ljava/lang/Object;)Z (greylist, linking, allowed)

07-08 00:55:37.703 27145 27371 W com.wallapop: Accessing hidden method Lsun/misc/Unsafe;->compareAndSwapObject(Ljava/lang/Object;JLjava/lang/Object;Ljava/lang/Object;)Z (greylist, linking, allowed)

07-08 00:55:37.704  4948 15033 D WindowManager: w is invisible : bf67c78 com.wallapop/com.rewallapop.ui.wall.WallActivity

07-08 00:55:37.704  4948 15033 D WindowManager: w is invisible : 382011c Splash Screen com.wallapop

07-08 00:55:37.704  4948 15033 D WindowManager: windowMattersToAccessibility, check : 382011c Splash Screen com.wallapop

07-08 00:55:37.704  4948 15033 D WindowManager: windowMattersToAccessibility : 382011c Splash Screen com.wallapop

07-08 00:55:37.704  4948 15033 D WindowManager: windowMattersToAccessibility, check : bf67c78 com.wallapop/com.rewallapop.ui.wall.WallActivity

07-08 00:55:37.705 27145 27202 W com.wallapop: Accessing hidden method Lsun/misc/Unsafe;->compareAndSwapObject(Ljava/lang/Object;JLjava/lang/Object;Ljava/lang/Object;)Z (greylist, linking, allowed)

07-08 00:55:37.708 27145 27371 W com.wallapop: Accessing hidden method Lsun/misc/Unsafe;->compareAndSwapObject(Ljava/lang/Object;JLjava/lang/Object;Ljava/lang/Object;)Z (greylist, linking, allowed)

07-08 00:55:37.717 27145 27304 W com.wallapop: Accessing hidden method Lsun/misc/Unsafe;->putObject(Ljava/lang/Object;JLjava/lang/Object;)V (greylist, linking, allowed)

07-08 00:55:37.719 27145 27258 W com.wallapop: Accessing hidden method Lsun/misc/Unsafe;->putInt(Ljava/lang/Object;JI)V (greylist, linking, allowed)

07-08 00:55:37.746  4948 15033 D WindowManager: finishDrawingWindow: Window{bf67c78 u0 com.wallapop/com.rewallapop.ui.wall.WallActivity} mDrawState=DRAW_PENDING

07-08 00:55:37.749  4948  5101 D PkgPredictorService: pkg:com.wallapop activity:com.rewallapop.ui.wall.WallActivity thisTime:1786

07-08 00:55:37.759  4948  5101 I WindowManager: Reparenting to leash, surface=Surface(name=382011c Splash Screen com.wallapop)/@0x877f923

07-08 00:55:37.760  4382  4440 I SurfaceFlinger: id=1459 createSurf (0x0),-1 flag=80004, Surface(name=382011c Splash Screen com.wallapop)/@0x877f923 - animation-leash#0

07-08 00:55:37.760  4948  5101 D WindowManager: makeSurface duration=0 leash=Surface(name=Surface(name=382011c Splash Screen com.wallapop)/@0x877f923 - animation-leash)/@0x78f5495

07-08 00:55:37.764  4948  5105 I ActivityTaskManager: Displayed com.wallapop/com.rewallapop.ui.wall.WallActivity: +1s786ms

07-08 00:55:37.768  4382  4382 I SurfaceFlinger:      DEVICE | 0x7afdfc8fc0 | 0002 | RGBA_8888 |   0.0    0.0 1080.0 2220.0 |    0    0 1080 2220 | com.wallapop/com.rewallapop.ui.wall.WallActivity$_27145#0

07-08 00:55:37.768  4382  4382 I SurfaceFlinger:      DEVICE | 0x7b1b8ad6c0 | 0000 | RGBA_8888 |   0.0    0.0 1080.0 2220.0 |    0    0 1080 2220 | Splash Screen com.wallapop#0

07-08 00:55:37.827 27145 27186 W com.wallapop: Accessing hidden method Lsun/misc/Unsafe;->getInt(Ljava/lang/Object;J)I (greylist, linking, allowed)

07-08 00:55:37.827 27145 27186 W com.wallapop: Accessing hidden method Lsun/misc/Unsafe;->putInt(Ljava/lang/Object;JI)V (greylist, linking, allowed)

07-08 00:55:37.827 27145 27186 W com.wallapop: Accessing hidden method Lsun/misc/Unsafe;->putLong(Ljava/lang/Object;JJ)V (greylist, linking, allowed)

07-08 00:55:37.828 27145 27258 W com.wallapop: Accessing hidden method Lsun/misc/Unsafe;->putInt(Ljava/lang/Object;JI)V (greylist, linking, allowed)

07-08 00:55:37.832  4948  5101 I WindowManager: Reparenting to original parent: Surface(name=AppWindowToken{59fe621 token=Token{8a6bc88 ActivityRecord{398e02b u0 com.wallapop/com.rewallapop.ui.wall.WallActivity t1304}}})/@0x3a0ae5f, destroyLeash=true, surface=Surface(name=382011c Splash Screen com.wallapop)/@0x877f923

07-08 00:55:37.832  4948  5101 E WindowManager: win=Window{382011c u0 Splash Screen com.wallapop EXITING} destroySurfaces: appStopped=false win.mWindowRemovalAllowed=true win.mRemoveOnExit=true win.mViewVisibility=0 caller=com.android.server.wm.AppWindowToken.destroySurfaces:1234 com.android.server.wm.AppWindowToken.destroySurfaces:1215 com.android.server.wm.WindowState.onExitAnimationDone:5100 com.android.server.wm.WindowStateAnimator.onAnimationFinished:308 com.android.server.wm.WindowState.onAnimationFinished:5541 com.android.server.wm.-$$Lambda$yVRF8YoeNdTa8GR1wDStVsHu8xM.run:2 com.android.server.wm.SurfaceAnimator.lambda$getFinishedCallback$0$SurfaceAnimator:100

07-08 00:55:37.833  4948  5101 I WindowManager: Destroying surface Surface(name=Splash Screen com.wallapop)/@0xd0560ac called by com.android.server.wm.WindowStateAnimator.destroySurface:1790 com.android.server.wm.WindowStateAnimator.destroySurfaceLocked:720 com.android.server.wm.WindowState.destroySurfaceUnchecked:3540 com.android.server.wm.WindowState.destroySurface:3514 com.android.server.wm.AppWindowToken.destroySurfaces:1234 com.android.server.wm.AppWindowToken.destroySurfaces:1215 com.android.server.wm.WindowState.onExitAnimationDone:5100 com.android.server.wm.WindowStateAnimator.onAnimationFinished:308

07-08 00:55:37.833  4382  4633 I Layer   : id=1447 removeFromCurrentState Splash Screen com.wallapop#0 (59)

07-08 00:55:37.835  4382  4633 I Layer   : id=1446 removeFromCurrentState 382011c Splash Screen com.wallapop#0 (59)

