Executed '[C365] Purchases: Buy a City Bump for an item and check the counter' on 09-07-2019
---------------------------------------------------------------------------------
07-09 15:34:12.293   874  1027 V MARsPolicyManager: updatePackagesScore PackageInfo name -- com.wallapop

07-09 15:34:12.343   874   892 V AlarmManager:  remove PendingIntent] PendingIntent{d646dfe: PendingIntentRecord{7a2154e com.wallapop broadcastIntent}}

07-09 15:34:12.393   874  1028 D StatusBarManagerService: manageDisableList userId=0 what=0x0 pkg=Window{b26056 u0 d0 com.wallapop/com.rewallapop.ui.wall.WallActivity}

07-09 15:34:12.523   874  2732 V WindowStateAnimator: Finishing drawing window Window{b26056 u0 d0 com.wallapop/com.rewallapop.ui.wall.WallActivity}: mDrawState=DRAW_PENDING

07-09 15:34:12.533   874  1132 I ActivityManager: Displayed com.wallapop/com.rewallapop.ui.wall.WallActivity: +249ms

07-09 15:34:12.793   874  1132 I Timeline: Timeline: Activity_windows_visible id: ActivityRecord{f718855 u0 com.wallapop/com.rewallapop.ui.wall.WallActivity t984} time:128458044

07-09 15:34:12.833 14321 14321 W View    : requestLayout() improperly called by com.wallapop.design.view.WallapopTextView{877244f V.ED..... ......ID 54,30-630,92 #7f0a08d3 app:id/wp__home__tv_bubble} during layout: running second layout pass

07-09 15:34:17.843 14321 14321 I Timeline: Timeline: Activity_launch_request id:com.wallapop time:128463098

07-09 15:34:17.893   874   892 V WindowManager: addAppToken: AppWindowToken{368033f token=Token{a02c35e ActivityRecord{bd40499 u0 com.wallapop/com.rewallapop.ui.user.profile.MyProfileActivity t984}}} to stack=1 task=984 at 1

07-09 15:34:17.923   874  1027 V MARsPolicyManager: updatePackagesScore PackageInfo name -- com.wallapop

07-09 15:34:17.953 14321 14321 W ResourcesManager: getTopLevelResources: /data/app/com.wallapop-1/base.apk / 1.0 running in com.wallapop rsrc of package null

07-09 15:34:17.953 14321 14321 W ResourcesManager: getTopLevelResources: /data/app/com.wallapop-1/base.apk / 1.0 running in com.wallapop rsrc of package null

07-09 15:34:17.973   874  1721 V AlarmManager:  remove PendingIntent] PendingIntent{600c40c: PendingIntentRecord{7a2154e com.wallapop broadcastIntent}}

07-09 15:34:18.003   874  5340 D ISSUE_DEBUG: InputChannelName : 7b3b76a com.wallapop/com.rewallapop.ui.user.profile.MyProfileActivity

07-09 15:34:18.023   874  1028 D StatusBarManagerService: manageDisableList userId=0 what=0x0 pkg=Window{7b3b76a u0 d0 com.wallapop/com.rewallapop.ui.user.profile.MyProfileActivity}

07-09 15:34:18.053   874  1721 V WindowStateAnimator: Finishing drawing window Window{7b3b76a u0 d0 com.wallapop/com.rewallapop.ui.user.profile.MyProfileActivity}: mDrawState=DRAW_PENDING

07-09 15:34:18.063   874  1132 I ActivityManager: Displayed com.wallapop/com.rewallapop.ui.user.profile.MyProfileActivity: +145ms

07-09 15:34:18.073 14321 14321 I Timeline: Timeline: Activity_launch_request id:com.wallapop time:128463321

07-09 15:34:18.083   874  1661 V WindowManager: addAppToken: AppWindowToken{6bd1b37 token=Token{9cde036 ActivityRecord{288add1 u0 com.wallapop/com.rewallapop.ui.user.profile.ProfileActivity t984}}} to stack=1 task=984 at 2

07-09 15:34:18.093   874  1028 D StatusBarManagerService: manageDisableList userId=0 what=0x0 pkg=Window{b26056 u0 d0 com.wallapop/com.rewallapop.ui.wall.WallActivity}

07-09 15:34:18.103   874  5340 V WindowStateAnimator: Finishing drawing window Window{7b3b76a u0 d0 com.wallapop/com.rewallapop.ui.user.profile.MyProfileActivity}: mDrawState=HAS_DRAWN

07-09 15:34:18.123 14321 14321 W ResourcesManager: getTopLevelResources: /data/app/com.wallapop-1/base.apk / 1.0 running in com.wallapop rsrc of package null

07-09 15:34:18.123   874  1027 V MARsPolicyManager: updatePackagesScore PackageInfo name -- com.wallapop

07-09 15:34:18.123 14321 14321 W ResourcesManager: getTopLevelResources: /data/app/com.wallapop-1/base.apk / 1.0 running in com.wallapop rsrc of package null

07-09 15:34:18.163   874  1721 V AlarmManager:  remove PendingIntent] PendingIntent{ebe33d3: PendingIntentRecord{7a2154e com.wallapop broadcastIntent}}

07-09 15:34:18.183   874  1661 D ISSUE_DEBUG: InputChannelName : c924609 com.wallapop/com.rewallapop.ui.user.profile.ProfileActivity

07-09 15:34:18.223   874  1028 D StatusBarManagerService: manageDisableList userId=0 what=0x0 pkg=Window{c924609 u0 d0 com.wallapop/com.rewallapop.ui.user.profile.ProfileActivity}

07-09 15:34:18.293   874  1722 V WindowStateAnimator: Finishing drawing window Window{c924609 u0 d0 com.wallapop/com.rewallapop.ui.user.profile.ProfileActivity}: mDrawState=DRAW_PENDING

07-09 15:34:18.313   874  2732 V WindowStateAnimator: Finishing drawing window Window{c924609 u0 d0 com.wallapop/com.rewallapop.ui.user.profile.ProfileActivity}: mDrawState=HAS_DRAWN

07-09 15:34:18.323   874  1132 I ActivityManager: Displayed com.wallapop/com.rewallapop.ui.user.profile.ProfileActivity: +214ms

07-09 15:34:18.333   874  1132 I Timeline: Timeline: Activity_windows_visible id: ActivityRecord{bd40499 u0 com.wallapop/com.rewallapop.ui.user.profile.MyProfileActivity t984 f} time:128463583

07-09 15:34:18.543   874  1132 I Timeline: Timeline: Activity_windows_visible id: ActivityRecord{288add1 u0 com.wallapop/com.rewallapop.ui.user.profile.ProfileActivity t984} time:128463797

07-09 15:34:18.623 14321 14321 W GmsClientEvents: unregisterConnectionFailedListener(): listener GooglePlayServicesHeadlessFragment{a8593f6 (5edf61bb-780c-4589-b1c6-00761b3c41e3) com.wallapop.fragments.headless.GooglePlayServicesHeadlessFragment} not found

07-09 15:34:18.623 14321 14321 W GmsClientEvents: unregisterConnectionCallbacks(): listener GooglePlayServicesHeadlessFragment{a8593f6 (5edf61bb-780c-4589-b1c6-00761b3c41e3) com.wallapop.fragments.headless.GooglePlayServicesHeadlessFragment} not found

07-09 15:34:18.633 14321 14321 V ActivityThread: updateVisibility : ActivityRecord{33e7f5f token=android.os.BinderProxy@513b9e8 {com.wallapop/com.rewallapop.ui.wall.WallActivity}} show : false

07-09 15:34:18.733 14321 20017 E WallapopError: 	at com.wallapop.kernel.l.a$a.a(SourceFile:5)

07-09 15:34:18.733 14321 20017 E WallapopError: 	at com.wallapop.kernel.l.g$a.a(SourceFile:8)

07-09 15:34:18.733 14321 20017 E WallapopError: 	at com.wallapop.kernel.l.a$a.b(SourceFile)

07-09 15:34:18.733 14321 20017 E WallapopError: 	at com.wallapop.kernel.extension.a.b(SourceFile:21)

07-09 15:34:18.963 14321 14321 W View    : requestLayout() improperly called by com.wallapop.design.view.WallapopTextView{4c7267a V.ED..... ..S..AID 0,23-285,105 #7f0a0255 app:id/counterView} during layout: running second layout pass


