Executed '[C645] Item edition: Edit a Consumer Goods item' on 09-07-2019
---------------------------------------------------------------------------------
07-09 15:24:08.323   874  1027 V MARsPolicyManager: updatePackagesScore PackageInfo name -- com.wallapop

07-09 15:24:08.403   874  1914 V AlarmManager:  remove PendingIntent] PendingIntent{d253a82: PendingIntentRecord{99ab24d com.wallapop broadcastIntent}}

07-09 15:24:08.463   874  1028 D StatusBarManagerService: manageDisableList userId=0 what=0x0 pkg=Window{1a44ea1 u0 d0 com.wallapop/com.rewallapop.ui.user.profile.ProfileActivity}

07-09 15:24:08.763   874  1723 V WindowStateAnimator: Finishing drawing window Window{1a44ea1 u0 d0 com.wallapop/com.rewallapop.ui.user.profile.ProfileActivity}: mDrawState=DRAW_PENDING

07-09 15:24:08.773   874  1132 I ActivityManager: Displayed com.wallapop/com.rewallapop.ui.user.profile.ProfileActivity: +463ms

07-09 15:24:09.023   874  1132 I Timeline: Timeline: Activity_windows_visible id: ActivityRecord{83685a2 u0 com.wallapop/com.rewallapop.ui.user.profile.ProfileActivity t984} time:127854278

07-09 15:24:10.033   874  1027 V MARsPolicyManager: updatePackagesScore PackageInfo name -- com.wallapop

07-09 15:24:10.083   874  4874 V AlarmManager:  remove PendingIntent] PendingIntent{e0d15e7: PendingIntentRecord{99ab24d com.wallapop broadcastIntent}}

07-09 15:24:10.143   874  1028 D StatusBarManagerService: manageDisableList userId=0 what=0x0 pkg=Window{b26056 u0 d0 com.wallapop/com.rewallapop.ui.wall.WallActivity}

07-09 15:24:10.353   874  1721 V WindowStateAnimator: Finishing drawing window Window{b26056 u0 d0 com.wallapop/com.rewallapop.ui.wall.WallActivity}: mDrawState=DRAW_PENDING

07-09 15:24:10.363   874  1132 I ActivityManager: Displayed com.wallapop/com.rewallapop.ui.wall.WallActivity: +332ms

07-09 15:24:10.613 14321 14321 W View    : requestLayout() improperly called by com.wallapop.design.view.WallapopTextView{877244f V.ED..... ......ID 54,30-630,92 #7f0a08d3 app:id/wp__home__tv_bubble} during layout: running second layout pass

07-09 15:24:10.623   874  1132 I Timeline: Timeline: Activity_windows_visible id: ActivityRecord{f718855 u0 com.wallapop/com.rewallapop.ui.wall.WallActivity t984} time:127855874

07-09 15:24:10.943 14321 14329 W REALM_JAVA: Remember to call close() on all Realm instances. Realm /data/data/com.wallapop/files/feature_flags is being finalized without being closed, this can lead to running out of native memory.

07-09 15:24:11.063 14321 14329 W REALM_JAVA: Remember to call close() on all Realm instances. Realm /data/data/com.wallapop/files/feature_flags is being finalized without being closed, this can lead to running out of native memory.

07-09 15:24:11.063 14321 14329 W REALM_JAVA: Remember to call close() on all Realm instances. Realm /data/data/com.wallapop/files/feature_flags is being finalized without being closed, this can lead to running out of native memory.

07-09 15:24:15.713 14321 14321 I Timeline: Timeline: Activity_launch_request id:com.wallapop time:127860969

07-09 15:24:15.743   874  1422 V WindowManager: addAppToken: AppWindowToken{a53c560 token=Token{813a563 ActivityRecord{394c792 u0 com.wallapop/com.rewallapop.ui.user.profile.MyProfileActivity t984}}} to stack=1 task=984 at 1

07-09 15:24:15.793   874  1027 V MARsPolicyManager: updatePackagesScore PackageInfo name -- com.wallapop

07-09 15:24:15.813 14321 14321 W ResourcesManager: getTopLevelResources: /data/app/com.wallapop-1/base.apk / 1.0 running in com.wallapop rsrc of package null

07-09 15:24:15.813 14321 14321 W ResourcesManager: getTopLevelResources: /data/app/com.wallapop-1/base.apk / 1.0 running in com.wallapop rsrc of package null

07-09 15:24:15.833   874   892 V AlarmManager:  remove PendingIntent] PendingIntent{40e7a19: PendingIntentRecord{99ab24d com.wallapop broadcastIntent}}

07-09 15:24:15.853   874  3012 D ISSUE_DEBUG: InputChannelName : 91134bf com.wallapop/com.rewallapop.ui.user.profile.MyProfileActivity

07-09 15:24:15.873   874  1028 D StatusBarManagerService: manageDisableList userId=0 what=0x0 pkg=Window{91134bf u0 d0 com.wallapop/com.rewallapop.ui.user.profile.MyProfileActivity}

07-09 15:24:15.893   874  1914 V WindowStateAnimator: Finishing drawing window Window{91134bf u0 d0 com.wallapop/com.rewallapop.ui.user.profile.MyProfileActivity}: mDrawState=DRAW_PENDING

07-09 15:24:15.913 14321 14321 I Timeline: Timeline: Activity_launch_request id:com.wallapop time:127861160

07-09 15:24:15.923   874  5340 V WindowManager: addAppToken: AppWindowToken{eb8e078 token=Token{82e5ddb ActivityRecord{42db6ea u0 com.wallapop/com.rewallapop.ui.user.profile.ProfileActivity t984}}} to stack=1 task=984 at 2

07-09 15:24:15.923   874  1028 D StatusBarManagerService: manageDisableList userId=0 what=0x0 pkg=Window{b26056 u0 d0 com.wallapop/com.rewallapop.ui.wall.WallActivity}

07-09 15:24:15.933   874  1714 V WindowStateAnimator: Finishing drawing window Window{91134bf u0 d0 com.wallapop/com.rewallapop.ui.user.profile.MyProfileActivity}: mDrawState=HAS_DRAWN

07-09 15:24:15.973   874  1027 V MARsPolicyManager: updatePackagesScore PackageInfo name -- com.wallapop

07-09 15:24:15.983 14321 14321 W ResourcesManager: getTopLevelResources: /data/app/com.wallapop-1/base.apk / 1.0 running in com.wallapop rsrc of package null

07-09 15:24:15.993 14321 14321 W ResourcesManager: getTopLevelResources: /data/app/com.wallapop-1/base.apk / 1.0 running in com.wallapop rsrc of package null

07-09 15:24:16.023   874  2020 V AlarmManager:  remove PendingIntent] PendingIntent{75a3942: PendingIntentRecord{99ab24d com.wallapop broadcastIntent}}

07-09 15:24:16.053   874  5340 D ISSUE_DEBUG: InputChannelName : 1151b89 com.wallapop/com.rewallapop.ui.user.profile.ProfileActivity

07-09 15:24:16.073   874  1028 D StatusBarManagerService: manageDisableList userId=0 what=0x0 pkg=Window{1151b89 u0 d0 com.wallapop/com.rewallapop.ui.user.profile.ProfileActivity}

07-09 15:24:16.193   874  1422 V WindowStateAnimator: Finishing drawing window Window{1151b89 u0 d0 com.wallapop/com.rewallapop.ui.user.profile.ProfileActivity}: mDrawState=DRAW_PENDING

07-09 15:24:16.203   874  1132 I ActivityManager: Displayed com.wallapop/com.rewallapop.ui.user.profile.ProfileActivity: +242ms (total +415ms)

07-09 15:24:16.203   874  1132 I Timeline: Timeline: Activity_windows_visible id: ActivityRecord{394c792 u0 com.wallapop/com.rewallapop.ui.user.profile.MyProfileActivity t984 f} time:127861458

07-09 15:24:16.233   874  1914 V WindowStateAnimator: Finishing drawing window Window{1151b89 u0 d0 com.wallapop/com.rewallapop.ui.user.profile.ProfileActivity}: mDrawState=HAS_DRAWN

07-09 15:24:16.453   874  1132 I Timeline: Timeline: Activity_windows_visible id: ActivityRecord{42db6ea u0 com.wallapop/com.rewallapop.ui.user.profile.ProfileActivity t984} time:127861709

07-09 15:24:16.483 14321 14321 W GmsClientEvents: unregisterConnectionFailedListener(): listener GooglePlayServicesHeadlessFragment{a8593f6 (5edf61bb-780c-4589-b1c6-00761b3c41e3) com.wallapop.fragments.headless.GooglePlayServicesHeadlessFragment} not found

07-09 15:24:16.483 14321 14321 W GmsClientEvents: unregisterConnectionCallbacks(): listener GooglePlayServicesHeadlessFragment{a8593f6 (5edf61bb-780c-4589-b1c6-00761b3c41e3) com.wallapop.fragments.headless.GooglePlayServicesHeadlessFragment} not found

07-09 15:24:16.483 14321 14321 V ActivityThread: updateVisibility : ActivityRecord{33e7f5f token=android.os.BinderProxy@513b9e8 {com.wallapop/com.rewallapop.ui.wall.WallActivity}} show : false

07-09 15:24:17.233 14321 14329 W REALM_JAVA: Remember to call close() on all Realm instances. Realm /data/data/com.wallapop/files/feature_flags is being finalized without being closed, this can lead to running out of native memory.

07-09 15:24:17.233 14321 14329 W REALM_JAVA: Remember to call close() on all Realm instances. Realm /data/data/com.wallapop/files/feature_flags is being finalized without being closed, this can lead to running out of native memory.

07-09 15:24:17.773 14321 15269 E WallapopError: 	at com.wallapop.kernel.l.a$a.a(SourceFile:5)

07-09 15:24:17.773 14321 15269 E WallapopError: 	at com.wallapop.kernel.l.g$a.a(SourceFile:8)

07-09 15:24:17.773 14321 15269 E WallapopError: 	at com.wallapop.kernel.l.a$a.b(SourceFile)

07-09 15:24:17.773 14321 15269 E WallapopError: 	at com.wallapop.kernel.extension.a.b(SourceFile:21)

07-09 15:24:18.173 14321 14321 W View    : requestLayout() improperly called by com.wallapop.design.view.WallapopTextView{396ea03 V.ED..... ..S..AID 0,23-285,105 #7f0a0255 app:id/counterView} during layout: running second layout pass

07-09 15:24:23.773 14321 14321 I Timeline: Timeline: Activity_launch_request id:com.wallapop time:127869027

07-09 15:24:23.803   874  1721 V WindowManager: addAppToken: AppWindowToken{4f780a2 token=Token{6441c6d ActivityRecord{c33ec84 u0 com.wallapop/com.rewallapop.ui.item.ItemDetailActivity t984}}} to stack=1 task=984 at 2

07-09 15:24:23.853   874  1027 V MARsPolicyManager: updatePackagesScore PackageInfo name -- com.wallapop

07-09 15:24:23.863 14321 14321 W ResourcesManager: getTopLevelResources: /data/app/com.wallapop-1/base.apk / 1.0 running in com.wallapop rsrc of package null

07-09 15:24:23.863 14321 14321 W ResourcesManager: getTopLevelResources: /data/app/com.wallapop-1/base.apk / 1.0 running in com.wallapop rsrc of package null

07-09 15:24:23.883   874  1714 V AlarmManager:  remove PendingIntent] PendingIntent{5df5133: PendingIntentRecord{99ab24d com.wallapop broadcastIntent}}

07-09 15:24:23.923   874  1721 D ISSUE_DEBUG: InputChannelName : b931269 com.wallapop/com.rewallapop.ui.item.ItemDetailActivity

07-09 15:24:23.933   874  1028 D StatusBarManagerService: manageDisableList userId=0 what=0x0 pkg=Window{b931269 u0 d0 com.wallapop/com.rewallapop.ui.item.ItemDetailActivity}

07-09 15:24:23.983   874  1723 V WindowStateAnimator: Finishing drawing window Window{b931269 u0 d0 com.wallapop/com.rewallapop.ui.item.ItemDetailActivity}: mDrawState=DRAW_PENDING

07-09 15:24:23.993   874  1132 I ActivityManager: Displayed com.wallapop/com.rewallapop.ui.item.ItemDetailActivity: +156ms

07-09 15:24:24.003   874  1721 V WindowStateAnimator: Finishing drawing window Window{b931269 u0 d0 com.wallapop/com.rewallapop.ui.item.ItemDetailActivity}: mDrawState=HAS_DRAWN

07-09 15:24:24.133 14321 15363 W System.err: remove failed: ENOENT (No such file or directory) : /data/user/0/com.wallapop/cache/okhttp/39988638413893bf9962a641f8b8195e.0

07-09 15:24:24.133 14321 15363 W System.err: remove failed: ENOENT (No such file or directory) : /data/user/0/com.wallapop/cache/okhttp/39988638413893bf9962a641f8b8195e.1

07-09 15:24:24.183   874  1027 V BroadcastQueue: [background] Process cur broadcast BroadcastRecord{dcddf87 u0 com.appboy.action.receiver.DATA_SYNC qIdx=4}, state= (APP_RECEIVE) DELIVERED for app ProcessRecord{f314976 14321:com.wallapop/u0a276}

07-09 15:24:24.243   874  1132 I Timeline: Timeline: Activity_windows_visible id: ActivityRecord{c33ec84 u0 com.wallapop/com.rewallapop.ui.item.ItemDetailActivity t984} time:127869499

07-09 15:24:24.273 14321 15363 W System.err: remove failed: ENOENT (No such file or directory) : /data/user/0/com.wallapop/cache/okhttp/1c877cf786891c882ced5223c4576b71.0

07-09 15:24:24.273 14321 15363 W System.err: remove failed: ENOENT (No such file or directory) : /data/user/0/com.wallapop/cache/okhttp/1c877cf786891c882ced5223c4576b71.1

07-09 15:24:24.293 14321 14321 V ActivityThread: updateVisibility : ActivityRecord{6dd3b82 token=android.os.BinderProxy@4c492d9 {com.wallapop/com.rewallapop.ui.user.profile.ProfileActivity}} show : false

07-09 15:24:24.803 14321 14329 W REALM_JAVA: Remember to call close() on all Realm instances. Realm /data/data/com.wallapop/files/feature_flags is being finalized without being closed, this can lead to running out of native memory.

07-09 15:24:24.803 14321 14329 W REALM_JAVA: Remember to call close() on all Realm instances. Realm /data/data/com.wallapop/files/feature_flags is being finalized without being closed, this can lead to running out of native memory.

07-09 15:24:25.063 14321 14528 W System.err: remove failed: ENOENT (No such file or directory) : /data/user/0/com.wallapop/cache/okhttp/d347a262ced30c06ceb455ee8be6d762.0

07-09 15:24:25.063 14321 14528 W System.err: remove failed: ENOENT (No such file or directory) : /data/user/0/com.wallapop/cache/okhttp/d347a262ced30c06ceb455ee8be6d762.1

07-09 15:24:25.063 14321 15655 W System.err: remove failed: ENOENT (No such file or directory) : /data/user/0/com.wallapop/cache/okhttp/ba012c699caf2c8fd6bc04392f608d66.0

07-09 15:24:25.063 14321 15655 W System.err: remove failed: ENOENT (No such file or directory) : /data/user/0/com.wallapop/cache/okhttp/ba012c699caf2c8fd6bc04392f608d66.1

07-09 15:24:25.123 14321 15715 W System.err: remove failed: ENOENT (No such file or directory) : /data/user/0/com.wallapop/cache/okhttp/a3d1db0789d79dea0679e0a1ef2e2815.0

07-09 15:24:25.123 14321 15715 W System.err: remove failed: ENOENT (No such file or directory) : /data/user/0/com.wallapop/cache/okhttp/a3d1db0789d79dea0679e0a1ef2e2815.1

07-09 15:24:25.843 12842 13193 W ByMatcher: Node returned null child: android.view.accessibility.AccessibilityNodeInfo@8012c522; boundsInParent: Rect(0, 0 - 1080, 1920); boundsInScreen: Rect(0, 0 - 1080, 1920); packageName: com.wallapop; className: android.widget.FrameLayout; text: null; error: null; maxTextLength: -1; contentDescription: null; viewIdResName: null; checkable: false; checked: false; focusable: false; focused: false; selected: false; clickable: false; longClickable: false; contextClickable: false; enabled: true; password: false; scrollable: false; actions: [AccessibilityAction: ACTION_SELECT - null, AccessibilityAction: ACTION_CLEAR_SELECTION - null, AccessibilityAction: ACTION_ACCESSIBILITY_FOCUS - null, AccessibilityAction: ACTION_UNKNOWN - null]

07-09 15:24:25.853 12842 13193 W ByMatcher: Node returned null child: android.view.accessibility.AccessibilityNodeInfo@8012c522; boundsInParent: Rect(0, 0 - 1080, 1920); boundsInScreen: Rect(0, 0 - 1080, 1920); packageName: com.wallapop; className: android.widget.FrameLayout; text: null; error: null; maxTextLength: -1; contentDescription: null; viewIdResName: null; checkable: false; checked: false; focusable: false; focused: false; selected: false; clickable: false; longClickable: false; contextClickable: false; enabled: true; password: false; scrollable: false; actions: [AccessibilityAction: ACTION_SELECT - null, AccessibilityAction: ACTION_CLEAR_SELECTION - null, AccessibilityAction: ACTION_ACCESSIBILITY_FOCUS - null, AccessibilityAction: ACTION_UNKNOWN - null]


