Executed 'TestRailTest_01()' on 04-11-2019
---------------------------------------------------------------------------------
11-14 17:13:23.676 23249 23261 I com.wallapop: Background concurrent copying GC freed 262852(12MB) AllocSpace objects, 157(6MB) LOS objects, 50% free, 19MB/39MB, paused 640us total 216.809ms

11-14 17:13:25.022  4211  4390 D WifiTrafficPoller: TrafficStats TxPkts=970198 RxPkts=1703339 TxBytes=208847564 RxBytes=1625745012 , Foreground uid=10313 pkgName=com.wallapop TxPackets=56737 RxPackets=51284 TxBytes=11753750 RxBytes=36192353

11-14 17:13:25.982 23249 23249 V InputMethodManager: Starting input: tba=com.wallapop ic=null mNaviBarColor -1 mIsGetNaviBarColorSuccess true , NavVisible : true , NavTrans : false

11-14 17:13:26.179  4211  4475 I CodecSolution: pid(23249) pkg(com.wallapop)

11-14 17:13:26.191  4211  4312 D CodecSolution: topName : com.wallapop

11-14 17:13:26.191  4211  4312 I CodecSolution: Top : com.wallapop

11-14 17:13:26.191  4211  4312 D SCPMHelper: getPackageInfo(com.wallapop)

11-14 17:13:26.302 23249 23856 I chatty  : uid=10313(com.wallapop) identical 1 line

11-14 17:13:26.419  4211  4211 D Telecom:SamsungPrebindingServiceImpl: onTopActivityChanged : ComponentInfo{com.wallapop/com.rewallapop.ui.wall.WallActivity}

11-14 17:13:26.542  4211  7552 D SamsungAlarmManager: Cancel Alarm calling from uid:10313 pid :23249 / op:PendingIntent{7d0637: PendingIntentRecord{f654bac com.wallapop broadcastIntent}}

11-14 17:13:26.545  4622  4682 E RequestManager_FLP: [FusedLocationApi] Location remove 764cad0 from com.wallapop

11-14 17:13:26.680  4211  4475 I CodecSolution: pid(23249) pkg(com.wallapop)

11-14 17:13:26.681  4211  5500 D CodecSolution: topName : com.wallapop

11-14 17:13:26.681  4211  5500 I CodecSolution: Top : com.wallapop

11-14 17:13:26.681  4211  5500 D SCPMHelper: getPackageInfo(com.wallapop)

11-14 17:13:26.762 23249 23877 I chatty  : uid=10313(com.wallapop) identical 1 line

11-14 17:13:27.111 23249 23856 I chatty  : uid=10313(com.wallapop) identical 1 line

11-14 17:13:27.517 23249 23877 I chatty  : uid=10313(com.wallapop) identical 1 line

11-14 17:13:36.771  4211  4222 D SamsungAlarmManager: Cancel Alarm calling from uid:10313 pid :23249 / op:PendingIntent{22f1679: PendingIntentRecord{f654bac com.wallapop broadcastIntent}}

11-14 17:13:37.450 23249 23261 I com.wallapop: Background concurrent copying GC freed 177709(9MB) AllocSpace objects, 147(7MB) LOS objects, 49% free, 21MB/43MB, paused 726us total 200.699ms

11-14 17:13:37.471 23249 23259 W REALM_JAVA: Remember to call close() on all Realm instances. Realm /data/data/com.wallapop/files/feature_flags is being finalized without being closed, this can lead to running out of native memory.

11-14 17:13:37.472 23249 23259 W REALM_JAVA: Remember to call close() on all Realm instances. Realm /data/data/com.wallapop/files/feature_flags is being finalized without being closed, this can lead to running out of native memory.

11-14 17:13:37.473 23249 23259 W REALM_JAVA: Remember to call close() on all Realm instances. Realm /data/data/com.wallapop/files/pending_events_queue_vxpzpymr4z30 is being finalized without being closed, this can lead to running out of native memory.

11-14 17:13:41.541  4211  4222 D SamsungAlarmManager: Cancel Alarm calling from uid:10313 pid :23249 / op:PendingIntent{64df9ca: PendingIntentRecord{b3a6674 com.wallapop broadcastIntent}}

11-14 17:14:27.469  4211  6752 I ActivityManager: Force stopping com.wallapop appid=10313 user=0: from pid 24066 caller com.android.server.am.ActivityManagerShellCommand.runForceStop:967

11-14 17:14:27.471  4211  6752 I ActivityManager: Killing 23249:com.wallapop/u0a313 (adj 200): stop com.wallapop,from pid 24066 caller com.android.server.am.ActivityManagerShellCommand.runForceStop:967

11-14 17:14:27.484  4211  6752 W ActivityManager: Scheduling restart of crashed service com.wallapop/com.rewallapop.ui.debug.view.DebugActivity$Service in 1000ms

11-14 17:14:27.492  4211  6752 D StorageManagerService: getExternalStorageMountMode : final mountMode=1, uid : 10313, packageName : com.wallapop

11-14 17:14:27.492  4211  6752 I ApplicationPolicy: isApplicationExternalStorageWhitelisted:com.wallapop user:0

11-14 17:14:27.492  4211  6752 D ActivityManager: package  com.wallapop, user - 0 is SDcard whitelisted

11-14 17:14:27.492  4211  6752 I ApplicationPolicy: isApplicationExternalStorageBlacklisted:com.wallapop user:0

11-14 17:14:27.492  4211  6752 I ApplicationPolicy: isApplicationExternalStorageBlacklisted:com.wallapop user:0

11-14 17:14:27.494 23911 23911 D Notification.Badge: [invalid] onNotificationRemoved : StatusBarNotification(pkg=com.wallapop user=UserHandle{0} id=999 tag=null key=0|com.wallapop|999|null|10313: Notification(channel=wallapop_channel pri=-2 contentView=null vibrate=null sound=null defaults=0x0 flags=0x62 color=0x00000000 vis=PRIVATE semFlags=0x0 semPriority=0 semMissedCount=0))

11-14 17:14:27.515  4211  6752 I ActivityManager:   Force finishing activity ActivityRecord{8c09b29 u0 com.wallapop/com.rewallapop.ui.wall.WallActivity t2191}

11-14 17:14:27.521  4211  6752 I WindowManager: Cancelling animation restarting=false, leash=null, surface=Surface(name=d725aa5 com.wallapop/com.rewallapop.ui.wall.WallActivity)/@0xc815100, parent=Surface(name=AppWindowToken{a24644f token=Token{3febeae ActivityRecord{8c09b29 u0 com.wallapop/com.rewallapop.ui.wall.WallActivity t2191}}})/@0xfbdad39

11-14 17:14:27.522  4211  6752 V WindowManager: Changing focus from Window{d725aa5 u0 com.wallapop/com.rewallapop.ui.wall.WallActivity} to null Callers=com.android.server.wm.AppWindowToken.setVisibility:536 com.android.server.wm.AppWindowContainerController.setVisibility:495 com.android.server.am.ActivityRecord.setVisibility:1917 com.android.server.am.ActivityStack.prepareActivityHideTransitionAnimation:4429

11-14 17:14:27.523  4211  6752 V WindowManager: Setting visibility of Window{d725aa5 u0 com.wallapop/com.rewallapop.ui.wall.WallActivity}: false, caller=com.android.server.wm.WindowContainer.sendAppVisibilityToClients:615 com.android.server.wm.AppWindowToken.setClientHidden:460 com.android.server.wm.AppWindowToken.onAnimationFinished:2383 com.android.server.wm.AppWindowToken.setVisibility:551 com.android.server.wm.AppWindowContainerController.setVisibility:495

11-14 17:14:27.524  4211  4242 D WindowManager: reportFocusChangedSerialized, focused=false, inTouchMode=true, win=Window{d725aa5 u0 com.wallapop/com.rewallapop.ui.wall.WallActivity}

11-14 17:14:27.537  4211  6752 I ActivityManager:   Force finishing activity ActivityRecord{8c09b29 u0 com.wallapop/com.rewallapop.ui.wall.WallActivity t2191 f}

11-14 17:14:27.537  4211  6752 W ActivityManager: Duplicate finish request for ActivityRecord{8c09b29 u0 com.wallapop/com.rewallapop.ui.wall.WallActivity t2191 f}

11-14 17:14:27.609  4211  4227 I WindowManager: Cancelling animation restarting=false, leash=null, surface=Surface(name=AppWindowToken{a24644f token=Token{3febeae ActivityRecord{8c09b29 u0 com.wallapop/com.rewallapop.ui.wall.WallActivity t2191}}})/@0xfbdad39, parent=Surface(name=Task=2191)/@0x4671e8c

11-14 17:14:27.610  4211  4227 V WindowManager: Remove Window{d725aa5 u0 com.wallapop/com.rewallapop.ui.wall.WallActivity}: mSurfaceController=Surface(name=com.wallapop/com.rewallapop.ui.wall.WallActivity[23249])/@0x9d79b83 mAnimatingExit=false mRemoveOnExit=false mHasSurface=true surfaceShowing=false isAnimationSet=false app-animation=false mWillReplaceWindow=false inPendingTransaction=false mDisplayFrozen=false callers=com.android.server.wm.WindowState.removeIfPossible:2764 com.android.server.wm.WindowToken.removeAllWindowsIfPossible:150 com.android.server.wm.AppWindowToken.removeIfPossible:743 com.android.server.wm.AppWindowToken.onRemovedFromDisplay:819 com.android.server.wm.DisplayContent.removeAppToken:1079 com.android.server.wm.AppWindowContainerController.removeContainer:305

11-14 17:14:27.610  4211  4227 I WindowManager: Destroying surface Surface(name=com.wallapop/com.rewallapop.ui.wall.WallActivity[23249])/@0x9d79b83 called by com.android.server.wm.WindowStateAnimator.destroySurface:1901 com.android.server.wm.WindowStateAnimator.destroySurfaceLocked:838 com.android.server.wm.WindowState.removeImmediately:2743 com.android.server.wm.WindowState.removeIfPossible:2893 com.android.server.wm.WindowState.removeIfPossible:2764 com.android.server.wm.WindowToken.removeAllWindowsIfPossible:150 com.android.server.wm.AppWindowToken.removeIfPossible:743 com.android.server.wm.AppWindowToken.onRemovedFromDisplay:819

11-14 17:14:27.611  3727  5386 I SurfaceFlinger: id=28108 Removed com.wallapop/com.rewallapop.ui.wall.WallActivity[23249]#0 (0/63)

11-14 17:14:27.615  3727  5386 I SurfaceFlinger: id=28107 Removed d725aa5 com.wallapop/com.rewallapop.ui.wall.WallActivity#0 (0/62)

11-14 17:14:27.619  3727  5386 I SurfaceFlinger: id=28105 Removed AppWindowToken{a24644f token=Token{3febeae ActivityRecord{8c09b29 u0 com.wallapop/com.rewallapop.ui.wall.WallActivity t2191}}}#0 (0/61)

11-14 17:14:27.625 24073 24073 I com.wallapop: Late-enabling -Xcheck:jni

11-14 17:14:27.626  3727  3727 I Layer   : id=28107 onRemoved d725aa5 com.wallapop/com.rewallapop.ui.wall.WallActivity#0

11-14 17:14:27.626  3727  3727 I Layer   : id=28105 onRemoved AppWindowToken{a24644f token=Token{3febeae ActivityRecord{8c09b29 u0 com.wallapop/com.rewallapop.ui.wall.WallActivity t2191}}}#0

11-14 17:14:27.626  3727  3727 I Layer   : id=28108 onRemoved com.wallapop/com.rewallapop.ui.wall.WallActivity[23249]#0

11-14 17:14:27.634  4211  4229 I ActivityManager: Start proc 24073:com.wallapop/u0a313 for activity com.wallapop/com.rewallapop.ui.wall.WallActivity

11-14 17:14:27.647  4211  4227 W BroadcastQueue: Background execution not allowed: receiving Intent { act=android.intent.action.PACKAGE_RESTARTED dat=package:com.wallapop flg=0x10 (has extras) } to android/com.kddi.android.CpaNotiReceiver

11-14 17:14:27.675  4211  4211 D SamsungAlarmManager: Remove alarm for next reason : android.intent.action.PACKAGE_RESTARTED : package: com.wallapop

11-14 17:14:27.725 24073 24073 I com.wallapop: report jit thread pid = 24079

11-14 17:14:27.733 23911 23978 D Notification.Badge: updateLauncherIconBadges() item : [IconInfo(title=_Wallapop_ intent=Intent { act=android.intent.action.MAIN cat=[android.intent.category.LAUNCHER] flg=0x10200000 cmp=com.wallapop/.activities.HomeActivity (has extras) } id=162 type=0 container=-102 screen=1 cellX=3 cellY=0 spanX=1 spanY=1 rank=3 hidden=0 dropPos=null user=UserHandle{0} screenType=0)], mShowBadge : [false], item.mBadgeCount : [0]

11-14 17:14:27.749  4211  4809 I ActivityManager: DSS on for com.wallapop and scale is 1.0

11-14 17:14:27.762 23911 27641 I AppIconSolution: load=com.wallapop, bg=144-144, dr=126-126, forDefault=true, density=0

11-14 17:14:27.768 23911 27641 I AppIconSolution: load=com.wallapop-contain, bg=166-166, dr=126-126

11-14 17:14:27.831 23911 23911 D RecommendedView: updateBadgeItems: [IconInfo(title=_Wallapop_ intent=Intent { act=android.intent.action.MAIN cat=[android.intent.category.LAUNCHER] flg=0x10200000 cmp=com.wallapop/.activities.HomeActivity (has extras) } id=162 type=0 container=-102 screen=1 cellX=3 cellY=0 spanX=1 spanY=1 rank=3 hidden=0 dropPos=null user=UserHandle{0} screenType=0)]

11-14 17:14:27.860 24073 24073 I com.wallapop: The ClassLoaderContext is a special shared library.

11-14 17:14:29.095 24073 24114 W com.wallapop: Unsupported class loader

11-14 17:14:29.197 24073 24114 W com.wallapop: Skipping duplicate class check due to unsupported classloader

11-14 17:14:29.226 24073 24114 I com.wallapop: Waiting for a blocking GC ClassLinker

11-14 17:14:30.655 24073 24114 I com.wallapop: WaitForGcToComplete blocked ClassLinker on AddRemoveAppImageSpace for 1.429s

11-14 17:14:30.892 24073 24114 W com.wallapop: Unsupported class loader

11-14 17:14:31.363 24073 24114 I com.wallapop: Waiting for a blocking GC ClassLinker

11-14 17:14:31.559 24073 24114 I com.wallapop: WaitForGcToComplete blocked ClassLinker on ClassLinker for 196.413ms

11-14 17:14:31.870 24073 24103 I FA      :   adb shell setprop debug.firebase.analytics.app com.wallapop

11-14 17:14:33.026 24073 24094 I com.wallapop: Waiting for a blocking GC ProfileSaver

11-14 17:14:33.288 24073 24094 I com.wallapop: WaitForGcToComplete blocked ProfileSaver on ClassLinker for 261.890ms

11-14 17:14:33.915 24073 24160 I stetho  : Listening on @stetho_com.wallapop_devtools_remote

11-14 17:14:34.061 24073 24166 W com.wallapop: Accessing hidden field Lsun/misc/Unsafe;->theUnsafe:Lsun/misc/Unsafe; (light greylist, reflection)

11-14 17:14:34.111 24073 24168 W com.wallapop: Accessing hidden field Ljava/nio/Buffer;->address:J (light greylist, reflection)

11-14 17:14:34.195 24073 24073 I com.wallapop: The ClassLoaderContext is a special shared library.

11-14 17:14:34.200 24073 24073 I chatty  : uid=10313(com.wallapop) identical 1 line

11-14 17:14:34.206 24073 24073 I com.wallapop: The ClassLoaderContext is a special shared library.

11-14 17:14:34.253 24073 24073 I com.wallapop: Waiting for a blocking GC ClassLinker

11-14 17:14:34.371 24073 24073 I com.wallapop: WaitForGcToComplete blocked ClassLinker on ClassLinker for 117.944ms

11-14 17:14:34.682 24073 24192 W com.wallapop: Accessing hidden method Landroid/content/Context;->bindServiceAsUser(Landroid/content/Intent;Landroid/content/ServiceConnection;ILandroid/os/Handler;Landroid/os/UserHandle;)Z (light greylist, reflection)

11-14 17:14:34.687  4211  6751 I ApplicationPolicy: isApplicationExternalStorageWhitelisted:com.wallapop user:0

11-14 17:14:34.687  4211  6751 D ActivityManager: package  com.wallapop, user - 0 is SDcard whitelisted

11-14 17:14:34.687  4211  6751 I ApplicationPolicy: isApplicationExternalStorageBlacklisted:com.wallapop user:0

11-14 17:14:34.687  4211  6751 I ApplicationPolicy: isApplicationExternalStorageBlacklisted:com.wallapop user:0

11-14 17:14:34.705  4211  4229 I ActivityManager: Start proc 24195:com.android.chrome:sandboxed_process0/u0i909 for webview_service com.wallapop/org.chromium.content.app.SandboxedProcessService0

11-14 17:14:34.746  4211  6751 D WifiPermissionsUtil: canAccessScanResults: pkgName = com.wallapop, uid = 10313

11-14 17:14:34.748  4211  6751 I ActivityManager: DSS on for com.wallapop and scale is 1.0

11-14 17:14:34.831 24073 24073 W com.wallapop: Accessing hidden method Landroid/view/textclassifier/logging/SmartSelectionEventTracker;-><init>(Landroid/content/Context;I)V (light greylist, reflection)

11-14 17:14:34.831 24073 24073 W com.wallapop: Accessing hidden method Landroid/view/textclassifier/logging/SmartSelectionEventTracker;->logEvent(Landroid/view/textclassifier/logging/SmartSelectionEventTracker$SelectionEvent;)V (light greylist, reflection)

11-14 17:14:34.831 24073 24073 W com.wallapop: Accessing hidden method Landroid/view/textclassifier/logging/SmartSelectionEventTracker$SelectionEvent;->selectionStarted(I)Landroid/view/textclassifier/logging/SmartSelectionEventTracker$SelectionEvent; (light greylist, reflection)

11-14 17:14:34.831 24073 24073 W com.wallapop: Accessing hidden method Landroid/view/textclassifier/logging/SmartSelectionEventTracker$SelectionEvent;->selectionModified(II)Landroid/view/textclassifier/logging/SmartSelectionEventTracker$SelectionEvent; (light greylist, reflection)

11-14 17:14:34.831 24073 24073 W com.wallapop: Accessing hidden method Landroid/view/textclassifier/logging/SmartSelectionEventTracker$SelectionEvent;->selectionModified(IILandroid/view/textclassifier/TextClassification;)Landroid/view/textclassifier/logging/SmartSelectionEventTracker$SelectionEvent; (light greylist, reflection)

11-14 17:14:34.831 24073 24073 W com.wallapop: Accessing hidden method Landroid/view/textclassifier/logging/SmartSelectionEventTracker$SelectionEvent;->selectionModified(IILandroid/view/textclassifier/TextSelection;)Landroid/view/textclassifier/logging/SmartSelectionEventTracker$SelectionEvent; (light greylist, reflection)

11-14 17:14:34.832 24073 24073 W com.wallapop: Accessing hidden method Landroid/view/textclassifier/logging/SmartSelectionEventTracker$SelectionEvent;->selectionAction(III)Landroid/view/textclassifier/logging/SmartSelectionEventTracker$SelectionEvent; (light greylist, reflection)

11-14 17:14:34.832 24073 24073 W com.wallapop: Accessing hidden method Landroid/view/textclassifier/logging/SmartSelectionEventTracker$SelectionEvent;->selectionAction(IIILandroid/view/textclassifier/TextClassification;)Landroid/view/textclassifier/logging/SmartSelectionEventTracker$SelectionEvent; (light greylist, reflection)

11-14 17:14:34.892 24073 24207 W com.wallapop: Accessing hidden method Landroid/media/AudioManager;->getOutputLatency(I)I (light greylist, reflection)

11-14 17:14:34.958 24073 24073 W com.wallapop: Accessing hidden method Landroid/app/ActivityThread;->currentPackageName()Ljava/lang/String; (light greylist, reflection)

11-14 17:14:35.317 24073 24262 W com.wallapop: Accessing hidden method Lcom/android/org/conscrypt/OpenSSLSocketImpl;->setAlpnProtocols([B)V (light greylist, reflection)

11-14 17:14:35.664 24073 24262 W com.wallapop: Accessing hidden method Lcom/android/org/conscrypt/OpenSSLSocketImpl;->getAlpnSelectedProtocol()[B (light greylist, reflection)

11-14 17:14:37.279  4211  6751 D SamsungAlarmManager: Cancel Alarm calling from uid:10313 pid :24073 / op:PendingIntent{abc9ab2: PendingIntentRecord{f654bac com.wallapop broadcastIntent}}

11-14 17:14:38.215 24073 24158 W com.wallapop: Accessing hidden method Ldalvik/system/VMRuntime;->getRuntime()Ldalvik/system/VMRuntime; (light greylist, reflection)

11-14 17:14:38.227 24073 24158 W com.wallapop: Accessing hidden method Ldalvik/system/VMRuntime;->vmInstructionSet()Ljava/lang/String; (light greylist, reflection)

11-14 17:14:38.237 24073 24309 I com.wallapop: The ClassLoaderContext is a special shared library.

11-14 17:14:38.265 24073 24309 I com.wallapop: Waiting for a blocking GC ClassLinker

11-14 17:14:39.069 24073 24309 I com.wallapop: WaitForGcToComplete blocked ClassLinker on HeapTrim for 804.311ms

11-14 17:18:11.180 24630 24676 I appium  : AppiumResponse: {"sessionId":"db9b44c0-9ac1-407a-b96d-7de268025f34","value":{"sessionId":"db9b44c0-9ac1-407a-b96d-7de268025f34","capabilities":{"firstMatch":[{"platform":"LINUX","webStorageEnabled":false,"takesScreenshot":true,"javascriptEnabled":true,"databaseEnabled":false,"networkConnectionEnabled":true,"locationContextEnabled":false,"warnings":{},"desired":{"platformName":"android","normalizeTagNames":true,"androidInstallTimeout":150000,"app":"","appActivity":"com.rewallapop.ui.main.MainActivity","appPackage":"com.wallapop","isHeadless":false,"skipDeviceInitialization":true,"autoAcceptAlerts":true,"autoGrantPermissions":true,"automationName":"UiAutomator2","avd":"","deviceName":"3200f02dc0aab5db","deviceReadyTimeout":1,"fullReset":false,"ignoreUnimportantViews":true,"newCommandTimeout":60,"noReset":true,"systemPort":8223,"udid":"3200f02dc0aab5db"},"platformName":"android","normalizeTagNames":true,"androidInstallTimeout":150000,"app":"","appActivity":"com.rewallapop.ui.main.MainActivity","appPackage":"com.wallapop","isHeadless":false,"skipDeviceInitialization":true,"autoAcceptAlerts":true,"autoGrantPermissions":true,"automationName":"UiAutomator2","avd":"","deviceName":"3200f02dc0aab5db","deviceReadyTimeout":1,"fullReset":false,"ignoreUnimportantViews":true,"newCommandTimeout":60,"noReset":true,"systemPort":8223,"udid":"3200f02dc0aab5db","deviceUDID":"3200f02dc0aab5db"}],"alwaysMatch":{}}}}

11-14 17:18:11.954  4211  9311 I ActivityManager: Force stopping com.wallapop appid=10313 user=0: from pid 24683 caller com.android.server.am.ActivityManagerShellCommand.runStartActivity:412

11-14 17:18:11.956  4211  9311 I ActivityManager: Killing 24073:com.wallapop/u0a313 (adj 900): stop com.wallapop,from pid 24683 caller com.android.server.am.ActivityManagerShellCommand.runStartActivity:412

11-14 17:18:11.977  4211  4211 D SamsungAlarmManager: Remove alarm for next reason : android.intent.action.PACKAGE_RESTARTED : package: com.wallapop

11-14 17:18:11.985  4211  4227 W BroadcastQueue: Background execution not allowed: receiving Intent { act=android.intent.action.PACKAGE_RESTARTED dat=package:com.wallapop flg=0x10 (has extras) } to android/com.kddi.android.CpaNotiReceiver

11-14 17:18:12.230  4211  9311 I ActivityManager: START u0 {act=null typ=null flg=0x10000000 cmp=ComponentInfo{com.wallapop/com.rewallapop.ui.main.MainActivity}} from uid 2000

11-14 17:18:12.242  4211  9311 I ActivityManager: [IOP] sourceDir : /data/app/com.wallapop-N9ua0QKKrjIAApR3SfN52w== in ActivityStacksupervisor

11-14 17:18:12.260  3727  3727 I SurfaceFlinger: id=28117 createSurf (4440x4440),2 flag=4, AppWindowToken{f175d67 token=Token{4dc0d26 ActivityRecord{bd0b881 u0 com.wallapop/com.rewallapop.ui.main.MainActivity t2192}}}#0

11-14 17:18:12.274  3727  3727 I SurfaceFlinger: id=28118 createSurf (4440x4440),2 flag=4, 67f2f98 Splash Screen com.wallapop#0

11-14 17:18:12.279  4211  5514 D StorageManagerService: getExternalStorageMountMode : final mountMode=1, uid : 10313, packageName : com.wallapop

11-14 17:18:12.279  4211  5514 I ApplicationPolicy: isApplicationExternalStorageWhitelisted:com.wallapop user:0

11-14 17:18:12.279  4211  5514 D ActivityManager: package  com.wallapop, user - 0 is SDcard whitelisted

11-14 17:18:12.279  4211  5514 I ApplicationPolicy: isApplicationExternalStorageBlacklisted:com.wallapop user:0

11-14 17:18:12.279  4211  5514 I ApplicationPolicy: isApplicationExternalStorageBlacklisted:com.wallapop user:0

11-14 17:18:12.280  4211  4211 D Telecom:SamsungPrebindingServiceImpl: onTopActivityChanged : ComponentInfo{com.wallapop/com.rewallapop.ui.main.MainActivity}

11-14 17:18:12.286  4211  4310 V WindowManager: Relayout Window{67f2f98 u0 Splash Screen com.wallapop}: viewVisibility=0 req=1080x2220 {(0,0)(fillxfill) sim={adjust=pan} ty=APPLICATION_STARTING fmt=TRANSLUCENT wanim=0x10302fe

11-14 17:18:12.289  3727  3727 I SurfaceFlinger: id=28119 createSurf (1080x2220),1 flag=4, Splash Screen com.wallapop#0

11-14 17:18:12.290  4211  4310 D WindowManager: makeSurface duration=2 name=Splash Screen com.wallapop

11-14 17:18:12.294  4211  4229 I ActivityManager: Start proc 24687:com.wallapop/u0a313 for activity com.wallapop/com.rewallapop.ui.main.MainActivity

11-14 17:18:12.297  4211  5514 V WindowManager: Resize reasons for w=Window{67f2f98 u0 Splash Screen com.wallapop}:  contentInsetsChanged=false [0,63][0,126] visibleInsetsChanged=false [0,63][0,126] stableInsetsChanged=false [0,63][0,126] outsetsChanged=false [0,0][0,0] surfaceResized=false configChanged=false dragResizingChanged=false reportOrientationChanged=false displayCutoutChanged=false nextForceRelayoutToClient=false

11-14 17:18:12.302 24687 24687 I com.wallapop: Late-enabling -Xcheck:jni

11-14 17:18:12.327  4211  4310 D WindowManager: finishDrawingWindow: Window{67f2f98 u0 Splash Screen com.wallapop} mDrawState=DRAW_PENDING

11-14 17:18:12.329  4211  4310 I WindowManager: commitFinishDrawingLocked: mDrawState=READY_TO_SHOW Surface(name=Splash Screen com.wallapop)/@0xba10f62

11-14 17:18:12.333 24687 24687 I com.wallapop: report jit thread pid = 24692

11-14 17:18:12.348  4211  5514 I ActivityManager: DSS on for com.wallapop and scale is 1.0

11-14 17:18:12.352  4211  5514 I WindowManager: commitFinishDrawingLocked: mDrawState=READY_TO_SHOW Surface(name=Splash Screen com.wallapop)/@0xba10f62

11-14 17:18:12.357  4211  4310 I WindowManager: commitFinishDrawingLocked: mDrawState=READY_TO_SHOW Surface(name=Splash Screen com.wallapop)/@0xba10f62

11-14 17:18:12.360  4211  5514 D GamePkgDataHelper: notifyAppCreate(), pkgName: com.wallapop, sendRet: true

11-14 17:18:12.360  4211  4473 D GamePkgDataHelper: getGamePkgData(). com.wallapop

11-14 17:18:12.361  4211  4473 D GameManagerService: handleMessage(), MSG_APP_CREATE. ignore. pkgName: com.wallapop

11-14 17:18:12.363  4211  5514 D GameManagerService: noteResumeComponent(), resumeComponent: com.wallapop

11-14 17:18:12.363  4211  5514 D GamePkgDataHelper: getSosPolicy(). com.wallapop

11-14 17:18:12.363  4211  6751 D GamePkgDataHelper: getGamePkgDataIncServer(). com.wallapop

11-14 17:18:12.363  4211  4473 D GameManagerService: handleForegroundChange(). pkgName: com.wallapop, clsName: com.rewallapop.ui.main.MainActivity,FgActivityName:com.wallapop/com.rewallapop.ui.main.MainActivity

11-14 17:18:12.363  4211  4473 D GameManagerService:   handleForegroundChange(). set mFgApp: com.wallapop

11-14 17:18:12.364  4211  4473 D GameManagerService: notifyResumePause(). pkg: com.wallapop, type: 4, isMinimized: false, isTunableApp: false

11-14 17:18:12.364  4211  5514 D GameManagerService: identifyGamePackage. com.wallapop

11-14 17:18:12.364  4211  5514 D GamePkgDataHelper: getGamePkgData(). com.wallapop

11-14 17:18:12.364  4211  5514 D MARsPolicyManager: onPackageResumedFG pkgName = com.wallapop, userId = 0

11-14 17:18:12.366  4211  4310 I WindowManager: commitFinishDrawingLocked: mDrawState=READY_TO_SHOW Surface(name=Splash Screen com.wallapop)/@0xba10f62

11-14 17:18:12.373  4211  4310 I WindowManager: Cancelling animation restarting=true, leash=null, surface=Surface(name=AppWindowToken{f175d67 token=Token{4dc0d26 ActivityRecord{bd0b881 u0 com.wallapop/com.rewallapop.ui.main.MainActivity t2192}}})/@0x7bf9b47, parent=Surface(name=Task=2192)/@0xdceef74

11-14 17:18:12.373  4211  4310 I WindowManager: Reparenting to leash, surface=Surface(name=AppWindowToken{f175d67 token=Token{4dc0d26 ActivityRecord{bd0b881 u0 com.wallapop/com.rewallapop.ui.main.MainActivity t2192}}})/@0x7bf9b47

11-14 17:18:12.374  3727  3727 I SurfaceFlinger: id=28121 createSurf (4440x4440),2 flag=4, Surface(name=AppWindowToken{f175d67 token=Token{4dc0d26 ActivityRecord{bd0b881 u0 com.wallapop/com.rewallapop.ui.main.MainActivity t2192}}})/@0x7bf9b47 - animation-leash#0

11-14 17:18:12.376  4211  4310 D WindowManager: makeSurface duration=3 leash=Surface(name=Surface(name=AppWindowToken{f175d67 token=Token{4dc0d26 ActivityRecord{bd0b881 u0 com.wallapop/com.rewallapop.ui.main.MainActivity t2192}}})/@0x7bf9b47 - animation-leash)/@0x5c97c9d

11-14 17:18:12.376  4211  4310 D SurfaceControl: reparent is called, sc=Surface(name=AppWindowToken{f175d67 token=Token{4dc0d26 ActivityRecord{bd0b881 u0 com.wallapop/com.rewallapop.ui.main.MainActivity t2192}}})/@0x7bf9b47, newParentHandle=android.os.BinderProxy@9301512, transaction=android.view.SurfaceControl$Transaction@dd0a4e3

11-14 17:18:12.377  4211  4310 V WindowManager: performShowLocked: mDrawState=HAS_DRAWN in Window{67f2f98 u0 Splash Screen com.wallapop}

11-14 17:18:12.380  3727  5001 D Layer   : [AppWindowToken{f175d67 token=Token{4dc0d26 ActivityRecord{bd0b881 u0 com.wallapop/com.rewallapop.ui.main.MainActivity t2192}}}#0]::reparent oldParent:[Task=2192#0], newParent:[Surface(name=AppWindowToken{f175d67 token=Token{4dc0d26 ActivityRecord{bd0b881 u0 com.wallapop/com.rewallapop.ui.main.MainActivity t2192}}})/@0x7bf9b47 - animation-leash#0]

11-14 17:18:12.384  4211  6751 D GamePkgDataHelper: getSosPolicy(). com.wallapop

11-14 17:18:12.386  4211  5514 D GameManagerService: identifyGamePackage. com.wallapop

11-14 17:18:12.386  4211  5514 D GamePkgDataHelper: getGamePkgData(). com.wallapop

11-14 17:18:12.389  4211  4228 D CodecSolution: isMaxAspectPackageEx: com.wallapop : true(2)

11-14 17:18:12.391  4211  4228 D WindowManager: setSystemUiVisibility: vis= 0xa018, fullscreenVis= 0x2000, dockedVis= 0x0, win=Window{67f2f98 u0 Splash Screen com.wallapop}

11-14 17:18:12.395  4211  4311 D GameManagerService: identifyGamePackage. com.wallapop

11-14 17:18:12.395  4211  4311 D GamePkgDataHelper: getGamePkgData(). com.wallapop

11-14 17:18:12.405 24687 24687 I com.wallapop: The ClassLoaderContext is a special shared library.

11-14 17:18:12.479  3727  3727 I SurfaceFlinger:      Device | 0x70dda202c0 | 0000 | RGBA_8888 |   0.0    1.0 1080.0 2219.0 |   89  184  991 2036 | Splash Screen com.wallapop#0

11-14 17:18:12.496  3727  3727 I SurfaceFlinger:      Device | 0x70dda202c0 | 0000 | RGBA_8888 |   0.0    0.0 1080.0 2220.0 |   67  137 1013 2083 | Splash Screen com.wallapop#0

11-14 17:18:12.514  4211  4669 D MdnieScenarioControlService:  packageName : com.wallapop    className : com.rewallapop.ui.main.MainActivity

11-14 17:18:12.613  4211  4310 I WindowManager: reset, Reparenting to original parent, shouldDeferScheduleAnimation=false, destroyLeash=true, surface=Surface(name=AppWindowToken{f175d67 token=Token{4dc0d26 ActivityRecord{bd0b881 u0 com.wallapop/com.rewallapop.ui.main.MainActivity t2192}}})/@0x7bf9b47, parent=Surface(name=Task=2192)/@0xdceef74, parentNativeHandle=android.os.BinderProxy@a5eac3f, caller=com.android.server.wm.SurfaceAnimator.lambda$getFinishedCallback$0:97 com.android.server.wm.-$$Lambda$SurfaceAnimator$SIBia0mND666K8lMCPsoid8pUTI.run:4 com.android.server.wm.SurfaceAnimator.lambda$getFinishedCallback$1:104 com.android.server.wm.-$$Lambda$SurfaceAnimator$vdRZk66hQVbQCvVXEaQCT1kVmFc.onAnimationFinished:4 com.android.server.wm.LocalAnimationAdapter.lambda$startAnimation$0:74

11-14 17:18:12.613  4211  4310 D SurfaceControl: reparent is called, sc=Surface(name=AppWindowToken{f175d67 token=Token{4dc0d26 ActivityRecord{bd0b881 u0 com.wallapop/com.rewallapop.ui.main.MainActivity t2192}}})/@0x7bf9b47, newParentHandle=android.os.BinderProxy@a5eac3f, transaction=android.view.SurfaceControl$Transaction@dd0a4e3

11-14 17:18:12.614  4211  4310 D SurfaceControl: destroy(transaction), animation-leash is destroyed, sc=Surface(name=Surface(name=AppWindowToken{f175d67 token=Token{4dc0d26 ActivityRecord{bd0b881 u0 com.wallapop/com.rewallapop.ui.main.MainActivity t2192}}})/@0x7bf9b47 - animation-leash)/@0x5c97c9d, transaction=android.view.SurfaceControl$Transaction@dd0a4e3, caller=com.android.server.wm.SurfaceAnimator.reset:338 com.android.server.wm.SurfaceAnimator.lambda$getFinishedCallback$0:97 com.android.server.wm.-$$Lambda$SurfaceAnimator$SIBia0mND666K8lMCPsoid8pUTI.run:4 com.android.server.wm.SurfaceAnimator.lambda$getFinishedCallback$1:104 com.android.server.wm.-$$Lambda$SurfaceAnimator$vdRZk66hQVbQCvVXEaQCT1kVmFc.onAnimationFinished:4 com.android.server.wm.LocalAnimationAdapter.lambda$startAnimation$0:74 com.android.server.wm.-$$Lambda$LocalAnimationAdapter$X--EomqUvw4qy89IeeTFTH7aCMo.run:4

11-14 17:18:12.618  3727  5001 D Layer   : [AppWindowToken{f175d67 token=Token{4dc0d26 ActivityRecord{bd0b881 u0 com.wallapop/com.rewallapop.ui.main.MainActivity t2192}}}#0]::reparent oldParent:[Surface(name=AppWindowToken{f175d67 token=Token{4dc0d26 ActivityRecord{bd0b881 u0 com.wallapop/com.rewallapop.ui.main.MainActivity t2192}}})/@0x7bf9b47 - animation-leash#0], newParent:[Task=2192#0]

11-14 17:18:12.618  3727  5001 I SurfaceFlinger: id=28121 Removed Surface(name=AppWindowToken{f175d67 token=Token{4dc0d26 ActivityRecord{bd0b881 u0 com.wallapop/com.rewallapop.ui.main.MainActivity t2192}}})/@0x7bf9b47 - animation-leash#0 (0/65)

11-14 17:18:12.629  3727  3727 I Layer   : id=28121 onRemoved Surface(name=AppWindowToken{f175d67 token=Token{4dc0d26 ActivityRecord{bd0b881 u0 com.wallapop/com.rewallapop.ui.main.MainActivity t2192}}})/@0x7bf9b47 - animation-leash#0

11-14 17:18:12.670  3727  3727 I SurfaceFlinger:      Device | 0x70dda202c0 | 0000 | RGBA_8888 |   0.0    0.0 1080.0 2220.0 |    0    0 1080 2220 | Splash Screen com.wallapop#0

11-14 17:18:12.759 24687 24721 W com.wallapop: Unsupported class loader

11-14 17:18:12.762 24687 24721 W com.wallapop: Skipping duplicate class check due to unsupported classloader

11-14 17:18:12.807 24687 24721 W com.wallapop: Unsupported class loader

11-14 17:18:12.837 24687 24708 I FA      :   adb shell setprop debug.firebase.analytics.app com.wallapop

11-14 17:18:13.388 24687 24698 I com.wallapop: Background concurrent copying GC freed 53964(3MB) AllocSpace objects, 8(1112KB) LOS objects, 62% free, 3MB/9MB, paused 225us total 125.302ms

11-14 17:18:14.023 24687 24698 I com.wallapop: Background concurrent copying GC freed 45053(2MB) AllocSpace objects, 14(2MB) LOS objects, 50% free, 7MB/14MB, paused 205us total 160.758ms

11-14 17:18:14.155  4211  4390 D WifiTrafficPoller: TrafficStats TxPkts=970575 RxPkts=1703764 TxBytes=208920840 RxBytes=1625857261 , Foreground uid=10313 pkgName=com.wallapop TxPackets=57012 RxPackets=51549 TxBytes=11814608 RxBytes=36274070

11-14 17:18:14.932 24687 24757 I stetho  : Listening on @stetho_com.wallapop_devtools_remote

11-14 17:18:15.009 24687 24763 W com.wallapop: Accessing hidden field Lsun/misc/Unsafe;->theUnsafe:Lsun/misc/Unsafe; (light greylist, reflection)

11-14 17:18:15.034 24687 24764 W com.wallapop: Accessing hidden field Ljava/nio/Buffer;->address:J (light greylist, reflection)

11-14 17:18:15.130 24687 24687 I com.wallapop: The ClassLoaderContext is a special shared library.

11-14 17:18:15.134 24687 24687 I chatty  : uid=10313(com.wallapop) identical 1 line

11-14 17:18:15.138 24687 24687 I com.wallapop: The ClassLoaderContext is a special shared library.

11-14 17:18:15.561 24687 24789 W com.wallapop: Accessing hidden method Landroid/content/Context;->bindServiceAsUser(Landroid/content/Intent;Landroid/content/ServiceConnection;ILandroid/os/Handler;Landroid/os/UserHandle;)Z (light greylist, reflection)

11-14 17:18:15.565  4211  6751 I ApplicationPolicy: isApplicationExternalStorageWhitelisted:com.wallapop user:0

11-14 17:18:15.565  4211  6751 D ActivityManager: package  com.wallapop, user - 0 is SDcard whitelisted

11-14 17:18:15.565  4211  6751 I ApplicationPolicy: isApplicationExternalStorageBlacklisted:com.wallapop user:0

11-14 17:18:15.565  4211  6751 I ApplicationPolicy: isApplicationExternalStorageBlacklisted:com.wallapop user:0

11-14 17:18:15.586  4211  4229 I ActivityManager: Start proc 24792:com.android.chrome:sandboxed_process0/u0i911 for webview_service com.wallapop/org.chromium.content.app.SandboxedProcessService0

11-14 17:18:15.624  4211  6755 I ActivityManager: DSS on for com.wallapop and scale is 1.0

11-14 17:18:15.626  4211  6755 D MultiDisplayManager: init process display: set packageProcessId, displayId=0, same_package_proc=ProcessRecord{d35346ad0 24687:com.wallapop/u0a313}, app=ProcessRecord{70a23d2d0 24792:com.android.chrome:sandboxed_process0/u0a313i911}

11-14 17:18:15.629 24687 24698 I com.wallapop: Background concurrent copying GC freed 60228(5MB) AllocSpace objects, 12(240KB) LOS objects, 49% free, 7MB/14MB, paused 193us total 106.409ms

11-14 17:18:15.641  4211  6755 D WifiPermissionsUtil: canAccessScanResults: pkgName = com.wallapop, uid = 10313

11-14 17:18:15.708 24687 24687 W com.wallapop: Accessing hidden method Landroid/view/textclassifier/logging/SmartSelectionEventTracker;-><init>(Landroid/content/Context;I)V (light greylist, reflection)

11-14 17:18:15.708 24687 24687 W com.wallapop: Accessing hidden method Landroid/view/textclassifier/logging/SmartSelectionEventTracker;->logEvent(Landroid/view/textclassifier/logging/SmartSelectionEventTracker$SelectionEvent;)V (light greylist, reflection)

11-14 17:18:15.708 24687 24687 W com.wallapop: Accessing hidden method Landroid/view/textclassifier/logging/SmartSelectionEventTracker$SelectionEvent;->selectionStarted(I)Landroid/view/textclassifier/logging/SmartSelectionEventTracker$SelectionEvent; (light greylist, reflection)

11-14 17:18:15.708 24687 24687 W com.wallapop: Accessing hidden method Landroid/view/textclassifier/logging/SmartSelectionEventTracker$SelectionEvent;->selectionModified(II)Landroid/view/textclassifier/logging/SmartSelectionEventTracker$SelectionEvent; (light greylist, reflection)

11-14 17:18:15.708 24687 24687 W com.wallapop: Accessing hidden method Landroid/view/textclassifier/logging/SmartSelectionEventTracker$SelectionEvent;->selectionModified(IILandroid/view/textclassifier/TextClassification;)Landroid/view/textclassifier/logging/SmartSelectionEventTracker$SelectionEvent; (light greylist, reflection)

11-14 17:18:15.708 24687 24687 W com.wallapop: Accessing hidden method Landroid/view/textclassifier/logging/SmartSelectionEventTracker$SelectionEvent;->selectionModified(IILandroid/view/textclassifier/TextSelection;)Landroid/view/textclassifier/logging/SmartSelectionEventTracker$SelectionEvent; (light greylist, reflection)

11-14 17:18:15.708 24687 24687 W com.wallapop: Accessing hidden method Landroid/view/textclassifier/logging/SmartSelectionEventTracker$SelectionEvent;->selectionAction(III)Landroid/view/textclassifier/logging/SmartSelectionEventTracker$SelectionEvent; (light greylist, reflection)

11-14 17:18:15.708 24687 24687 W com.wallapop: Accessing hidden method Landroid/view/textclassifier/logging/SmartSelectionEventTracker$SelectionEvent;->selectionAction(IIILandroid/view/textclassifier/TextClassification;)Landroid/view/textclassifier/logging/SmartSelectionEventTracker$SelectionEvent; (light greylist, reflection)

11-14 17:18:15.754 24687 24810 W com.wallapop: Accessing hidden method Landroid/media/AudioManager;->getOutputLatency(I)I (light greylist, reflection)

11-14 17:18:15.807 24687 24687 W com.wallapop: Accessing hidden method Landroid/app/ActivityThread;->currentPackageName()Ljava/lang/String; (light greylist, reflection)

11-14 17:18:16.107 24687 24860 W com.wallapop: Accessing hidden method Lcom/android/org/conscrypt/OpenSSLSocketImpl;->setAlpnProtocols([B)V (light greylist, reflection)

11-14 17:18:16.460 24687 24860 W com.wallapop: Accessing hidden method Lcom/android/org/conscrypt/OpenSSLSocketImpl;->getAlpnSelectedProtocol()[B (light greylist, reflection)

11-14 17:18:18.074  4211  4311 D SamsungAlarmManager: Cancel Alarm calling from uid:10313 pid :24687 / op:PendingIntent{4d2f4e7: PendingIntentRecord{f654bac com.wallapop broadcastIntent}}

11-14 17:18:18.217  4211  4390 D WifiTrafficPoller: TrafficStats TxPkts=970613 RxPkts=1703797 TxBytes=208940419 RxBytes=1625870975 , Foreground uid=10313 pkgName=com.wallapop TxPackets=57042 RxPackets=51573 TxBytes=11833778 RxBytes=36289329

11-14 17:18:18.265 24687 24687 W com.wallapop: Accessing hidden method Landroid/view/View;->computeFitSystemWindows(Landroid/graphics/Rect;Landroid/graphics/Rect;)Z (light greylist, reflection)

11-14 17:18:18.268 24687 24687 W com.wallapop: Accessing hidden method Landroid/view/ViewGroup;->makeOptionalFitsSystemWindows()V (light greylist, reflection)

11-14 17:18:18.275 24687 24687 W com.wallapop: Accessing hidden field Landroid/view/ViewGroup;->mOnHierarchyChangeListener:Landroid/view/ViewGroup$OnHierarchyChangeListener; (light greylist, reflection)

11-14 17:18:18.286  4211  4311 D SamsungAlarmManager: Cancel Alarm calling from uid:10313 pid :24687 / op:PendingIntent{df058f5: PendingIntentRecord{ceeb68a com.wallapop broadcastIntent}}

11-14 17:18:18.394  4211  7608 D GameManagerService: identifyGamePackage. com.wallapop

11-14 17:18:18.395  4211  7608 D GamePkgDataHelper: getGamePkgData(). com.wallapop

11-14 17:18:18.430 24687 24687 I chatty  : uid=10313(com.wallapop) identical 14 lines

11-14 17:18:18.430 24687 24687 I chatty  : uid=10313(com.wallapop) identical 1 line

11-14 17:18:18.432 24687 24687 I chatty  : uid=10313(com.wallapop) identical 6 lines

11-14 17:18:18.588  4211  6751 I ActivityManager: START u0 {act=null typ=null flg=0x0 cmp=ComponentInfo{com.wallapop/com.rewallapop.ui.wall.WallActivity}} from uid 10313

11-14 17:18:18.605  3727  3727 I SurfaceFlinger: id=28122 createSurf (4440x4440),2 flag=4, AppWindowToken{209b156 token=Token{b3a8f71 ActivityRecord{2e7f918 u0 com.wallapop/com.rewallapop.ui.wall.WallActivity t2192}}}#0

11-14 17:18:18.609  4211  6751 D SurfaceControl: reparent is called, sc=Surface(name=67f2f98 Splash Screen com.wallapop)/@0xace5d7, newParentHandle=android.os.BinderProxy@2ef8ec4, transaction=android.view.SurfaceControl$Transaction@d17b1ad

11-14 17:18:18.616  4211  4228 D WindowManager: setSystemUiVisibility: vis= 0xa018, fullscreenVis= 0x2000, dockedVis= 0x0, win=Window{67f2f98 u0 Splash Screen com.wallapop}

11-14 17:18:18.617  3727  3770 D Layer   : [67f2f98 Splash Screen com.wallapop#0]::reparent oldParent:[AppWindowToken{f175d67 token=Token{4dc0d26 ActivityRecord{bd0b881 u0 com.wallapop/com.rewallapop.ui.main.MainActivity t2192}}}#0], newParent:[AppWindowToken{209b156 token=Token{b3a8f71 ActivityRecord{2e7f918 u0 com.wallapop/com.rewallapop.ui.wall.WallActivity t2192}}}#0]

11-14 17:18:18.619 24687 24698 I com.wallapop: Background concurrent copying GC freed 72044(5MB) AllocSpace objects, 40(1936KB) LOS objects, 50% free, 8MB/17MB, paused 544us total 308.222ms

11-14 17:18:18.619  4211  4211 D Telecom:SamsungPrebindingServiceImpl: onTopActivityChanged : ComponentInfo{com.wallapop/com.rewallapop.ui.wall.WallActivity}

11-14 17:18:18.802 24687 24953 I com.wallapop: The ClassLoaderContext is a special shared library.

11-14 17:18:18.835  4211  4227 D ApplicationPolicy: isStatusBarNotificationAllowedAsUser: packageName = com.wallapop,userId = 0

11-14 17:18:18.835  4211  4227 D ApplicationPolicy: isStatusBarNotificationAllowedAsUser: packageName = com.wallapop,userId = 0

11-14 17:18:18.842  4211  5514 D GamePkgDataHelper: notifyAppCreate(), pkgName: com.wallapop, sendRet: true

11-14 17:18:18.842  4211  4473 D GamePkgDataHelper: getGamePkgData(). com.wallapop

11-14 17:18:18.842  4211  4473 D GameManagerService: handleMessage(), MSG_APP_CREATE. ignore. pkgName: com.wallapop

11-14 17:18:18.844  4211  5514 D GameManagerService: noteResumeComponent(), resumeComponent: com.wallapop

11-14 17:18:18.844  4211  5514 D MARsPolicyManager: onPackageResumedFG pkgName = com.wallapop, userId = 0

11-14 17:18:18.845  4211  4473 D GameManagerService: handleForegroundChange(). pkgName: com.wallapop, clsName: com.rewallapop.ui.wall.WallActivity,FgActivityName:com.wallapop/com.rewallapop.ui.wall.WallActivity

11-14 17:18:18.847  4211  4211 D Telecom:SamsungPrebindingServiceImpl: onTopActivityChanged : ComponentInfo{com.wallapop/com.rewallapop.ui.wall.WallActivity}

11-14 17:18:18.850  4211  5514 I WindowManager: Cancelling animation restarting=true, leash=null, surface=Surface(name=AppWindowToken{f175d67 token=Token{4dc0d26 ActivityRecord{bd0b881 u0 com.wallapop/com.rewallapop.ui.main.MainActivity t2192}}})/@0x7bf9b47, parent=Surface(name=Task=2192)/@0xdceef74

11-14 17:18:18.850  4211  5514 I WindowManager: Reparenting to leash, surface=Surface(name=AppWindowToken{f175d67 token=Token{4dc0d26 ActivityRecord{bd0b881 u0 com.wallapop/com.rewallapop.ui.main.MainActivity t2192}}})/@0x7bf9b47

11-14 17:18:18.851  3727  3727 I SurfaceFlinger: id=28123 createSurf (4440x4440),2 flag=4, Surface(name=AppWindowToken{f175d67 token=Token{4dc0d26 ActivityRecord{bd0b881 u0 com.wallapop/com.rewallapop.ui.main.MainActivity t2192}}})/@0x7bf9b47 - animation-leash#0

11-14 17:18:18.853  4211  5514 D WindowManager: makeSurface duration=3 leash=Surface(name=Surface(name=AppWindowToken{f175d67 token=Token{4dc0d26 ActivityRecord{bd0b881 u0 com.wallapop/com.rewallapop.ui.main.MainActivity t2192}}})/@0x7bf9b47 - animation-leash)/@0x4f0f292

11-14 17:18:18.853  4211  5514 D SurfaceControl: reparent is called, sc=Surface(name=AppWindowToken{f175d67 token=Token{4dc0d26 ActivityRecord{bd0b881 u0 com.wallapop/com.rewallapop.ui.main.MainActivity t2192}}})/@0x7bf9b47, newParentHandle=android.os.BinderProxy@36bf463, transaction=android.view.SurfaceControl$Transaction@dd0a4e3

11-14 17:18:18.856  3727  5001 D Layer   : [AppWindowToken{f175d67 token=Token{4dc0d26 ActivityRecord{bd0b881 u0 com.wallapop/com.rewallapop.ui.main.MainActivity t2192}}}#0]::reparent oldParent:[Task=2192#0], newParent:[Surface(name=AppWindowToken{f175d67 token=Token{4dc0d26 ActivityRecord{bd0b881 u0 com.wallapop/com.rewallapop.ui.main.MainActivity t2192}}})/@0x7bf9b47 - animation-leash#0]

11-14 17:18:18.884 24687 24755 W com.wallapop: Accessing hidden method Ldalvik/system/VMRuntime;->getRuntime()Ldalvik/system/VMRuntime; (light greylist, reflection)

11-14 17:18:18.884 24687 24755 W com.wallapop: Accessing hidden method Ldalvik/system/VMRuntime;->vmInstructionSet()Ljava/lang/String; (light greylist, reflection)

11-14 17:18:18.921 19377 20028 I Finsky  : [9630] fxs.d(3): com.wallapop: Account determined from installer data - [rJj4Md76H4LxoN-B4dnoZM7XaXDDBcXGlC-caOCi6Uc]

11-14 17:18:18.921 19377 20028 I Finsky  : [9630] fxs.d(14): com.wallapop: Account from preferred account - [rJj4Md76H4LxoN-B4dnoZM7XaXDDBcXGlC-caOCi6Uc]

11-14 17:18:18.924 19377 20028 I Finsky  : [9630] fxs.d(3): com.wallapop: Account determined from installer data - [rJj4Md76H4LxoN-B4dnoZM7XaXDDBcXGlC-caOCi6Uc]

11-14 17:18:18.925 19377 20028 I Finsky  : [9630] fxs.d(14): com.wallapop: Account from preferred account - [rJj4Md76H4LxoN-B4dnoZM7XaXDDBcXGlC-caOCi6Uc]

11-14 17:18:18.928 19377 20028 I Finsky  : [9630] fxs.d(3): com.wallapop: Account determined from installer data - [rJj4Md76H4LxoN-B4dnoZM7XaXDDBcXGlC-caOCi6Uc]

11-14 17:18:18.928 19377 20028 I Finsky  : [9630] fxs.d(14): com.wallapop: Account from preferred account - [rJj4Md76H4LxoN-B4dnoZM7XaXDDBcXGlC-caOCi6Uc]

11-14 17:18:18.932 19377 20028 I Finsky  : [9630] fxs.d(3): com.wallapop: Account determined from installer data - [rJj4Md76H4LxoN-B4dnoZM7XaXDDBcXGlC-caOCi6Uc]

11-14 17:18:18.932 19377 20028 I Finsky  : [9630] fxs.d(14): com.wallapop: Account from preferred account - [rJj4Md76H4LxoN-B4dnoZM7XaXDDBcXGlC-caOCi6Uc]

11-14 17:18:18.943 23911 23911 D Notification.Badge: [valid] onNotificationPosted : StatusBarNotification(pkg=com.wallapop user=UserHandle{0} id=999 tag=null key=0|com.wallapop|999|null|10313: Notification(channel=wallapop_channel pri=-2 contentView=null vibrate=null sound=null defaults=0x0 flags=0x62 color=0x00000000 vis=PRIVATE semFlags=0x0 semPriority=0 semMissedCount=0))

11-14 17:18:18.943 23911 23911 D Notification.Badge: notificationKey : 0|com.wallapop|999|null|10313, count : 0, this.count : 1

11-14 17:18:18.944 23911 23978 D Notification.Badge: LauncherModel:onNotificationPosted() : com.wallapop, count : [0], shouldBeFilteredOut : [false]

11-14 17:18:18.944 23911 23978 D Notification.Badge: notificationKey : 0|com.wallapop|999|null|10313, count : 1, mTotalCount : 1

11-14 17:18:18.948 23911 23978 D Notification.Badge: updateLauncherIconBadges() item : [IconInfo(title=_Wallapop_ intent=Intent { act=android.intent.action.MAIN cat=[android.intent.category.LAUNCHER] flg=0x10200000 cmp=com.wallapop/.activities.HomeActivity (has extras) } id=162 type=0 container=-102 screen=1 cellX=3 cellY=0 spanX=1 spanY=1 rank=3 hidden=0 dropPos=null user=UserHandle{0} screenType=0)], mShowBadge : [true], item.mBadgeCount : [1]

11-14 17:18:18.952 23911 23911 D RecommendedView: updateBadgeItems: [IconInfo(title=_Wallapop_ intent=Intent { act=android.intent.action.MAIN cat=[android.intent.category.LAUNCHER] flg=0x10200000 cmp=com.wallapop/.activities.HomeActivity (has extras) } id=162 type=0 container=-102 screen=1 cellX=3 cellY=0 spanX=1 spanY=1 rank=3 hidden=0 dropPos=null user=UserHandle{0} screenType=0)]

11-14 17:18:19.117  4211  4311 D SamsungAlarmManager: Cancel Alarm calling from uid:10313 pid :24687 / op:PendingIntent{98441ea: PendingIntentRecord{ceeb68a com.wallapop broadcastIntent}}

11-14 17:18:19.144  4211  4310 I WindowManager: reset, Reparenting to original parent, shouldDeferScheduleAnimation=false, destroyLeash=true, surface=Surface(name=AppWindowToken{f175d67 token=Token{4dc0d26 ActivityRecord{bd0b881 u0 com.wallapop/com.rewallapop.ui.main.MainActivity t2192}}})/@0x7bf9b47, parent=Surface(name=Task=2192)/@0xdceef74, parentNativeHandle=android.os.BinderProxy@a5eac3f, caller=com.android.server.wm.SurfaceAnimator.lambda$getFinishedCallback$0:97 com.android.server.wm.-$$Lambda$SurfaceAnimator$SIBia0mND666K8lMCPsoid8pUTI.run:4 com.android.server.wm.SurfaceAnimator.lambda$getFinishedCallback$1:104 com.android.server.wm.-$$Lambda$SurfaceAnimator$vdRZk66hQVbQCvVXEaQCT1kVmFc.onAnimationFinished:4 com.android.server.wm.LocalAnimationAdapter.lambda$startAnimation$0:74

11-14 17:18:19.144  4211  4310 D SurfaceControl: reparent is called, sc=Surface(name=AppWindowToken{f175d67 token=Token{4dc0d26 ActivityRecord{bd0b881 u0 com.wallapop/com.rewallapop.ui.main.MainActivity t2192}}})/@0x7bf9b47, newParentHandle=android.os.BinderProxy@a5eac3f, transaction=android.view.SurfaceControl$Transaction@dd0a4e3

11-14 17:18:19.145  4211  4310 D SurfaceControl: destroy(transaction), animation-leash is destroyed, sc=Surface(name=Surface(name=AppWindowToken{f175d67 token=Token{4dc0d26 ActivityRecord{bd0b881 u0 com.wallapop/com.rewallapop.ui.main.MainActivity t2192}}})/@0x7bf9b47 - animation-leash)/@0x4f0f292, transaction=android.view.SurfaceControl$Transaction@dd0a4e3, caller=com.android.server.wm.SurfaceAnimator.reset:338 com.android.server.wm.SurfaceAnimator.lambda$getFinishedCallback$0:97 com.android.server.wm.-$$Lambda$SurfaceAnimator$SIBia0mND666K8lMCPsoid8pUTI.run:4 com.android.server.wm.SurfaceAnimator.lambda$getFinishedCallback$1:104 com.android.server.wm.-$$Lambda$SurfaceAnimator$vdRZk66hQVbQCvVXEaQCT1kVmFc.onAnimationFinished:4 com.android.server.wm.LocalAnimationAdapter.lambda$startAnimation$0:74 com.android.server.wm.-$$Lambda$LocalAnimationAdapter$X--EomqUvw4qy89IeeTFTH7aCMo.run:4

11-14 17:18:19.161  3727  3770 D Layer   : [AppWindowToken{f175d67 token=Token{4dc0d26 ActivityRecord{bd0b881 u0 com.wallapop/com.rewallapop.ui.main.MainActivity t2192}}}#0]::reparent oldParent:[Surface(name=AppWindowToken{f175d67 token=Token{4dc0d26 ActivityRecord{bd0b881 u0 com.wallapop/com.rewallapop.ui.main.MainActivity t2192}}})/@0x7bf9b47 - animation-leash#0], newParent:[Task=2192#0]

11-14 17:18:19.161  3727  3770 I SurfaceFlinger: id=28123 Removed Surface(name=AppWindowToken{f175d67 token=Token{4dc0d26 ActivityRecord{bd0b881 u0 com.wallapop/com.rewallapop.ui.main.MainActivity t2192}}})/@0x7bf9b47 - animation-leash#0 (0/64)

