11-14 17:18:19.177  3727  3727 I Layer   : id=28123 onRemoved Surface(name=AppWindowToken{f175d67 token=Token{4dc0d26 ActivityRecord{bd0b881 u0 com.wallapop/com.rewallapop.ui.main.MainActivity t2192}}})/@0x7bf9b47 - animation-leash#0

11-14 17:18:19.316 24687 24687 W com.wallapop: Accessing hidden method Landroid/widget/TextView;->getTextDirectionHeuristic()Landroid/text/TextDirectionHeuristic; (light greylist, linking)

11-14 17:18:19.323 24687 24687 W com.wallapop: Accessing hidden method Landroid/graphics/FontFamily;-><init>()V (light greylist, reflection)

11-14 17:18:19.324 24687 24687 W com.wallapop: Accessing hidden method Landroid/graphics/FontFamily;->addFontFromAssetManager(Landroid/content/res/AssetManager;Ljava/lang/String;IZIII[Landroid/graphics/fonts/FontVariationAxis;)Z (light greylist, reflection)

11-14 17:18:19.324 24687 24687 W com.wallapop: Accessing hidden method Landroid/graphics/FontFamily;->addFontFromBuffer(Ljava/nio/ByteBuffer;I[Landroid/graphics/fonts/FontVariationAxis;II)Z (light greylist, reflection)

11-14 17:18:19.324 24687 24687 W com.wallapop: Accessing hidden method Landroid/graphics/FontFamily;->freeze()Z (light greylist, reflection)

11-14 17:18:19.324 24687 24687 W com.wallapop: Accessing hidden method Landroid/graphics/FontFamily;->abortCreation()V (light greylist, reflection)

11-14 17:18:19.324 24687 24687 W com.wallapop: Accessing hidden method Landroid/graphics/Typeface;->createFromFamiliesWithDefault([Landroid/graphics/FontFamily;Ljava/lang/String;II)Landroid/graphics/Typeface; (light greylist, reflection)

11-14 17:18:19.503 24687 24698 I com.wallapop: Background concurrent copying GC freed 151005(8MB) AllocSpace objects, 36(1332KB) LOS objects, 49% free, 11MB/22MB, paused 685us total 224.673ms

11-14 17:18:19.594 24687 24858 I com.wallapop: The ClassLoaderContext is a special shared library.

11-14 17:18:20.207  3727  3727 I SurfaceFlinger: id=28124 createSurf (4440x4440),2 flag=4, e27c197 com.wallapop/com.rewallapop.ui.wall.WallActivity#0

11-14 17:18:20.233 19377 19389 I Finsky  : [9558] fxs.d(3): com.wallapop: Account determined from installer data - [rJj4Md76H4LxoN-B4dnoZM7XaXDDBcXGlC-caOCi6Uc]

11-14 17:18:20.234 19377 19389 I Finsky  : [9558] fxs.d(14): com.wallapop: Account from preferred account - [rJj4Md76H4LxoN-B4dnoZM7XaXDDBcXGlC-caOCi6Uc]

11-14 17:18:20.295 19377 19389 I Finsky  : [9558] fxs.d(3): com.wallapop: Account determined from installer data - [rJj4Md76H4LxoN-B4dnoZM7XaXDDBcXGlC-caOCi6Uc]

11-14 17:18:20.296 19377 19389 I Finsky  : [9558] fxs.d(14): com.wallapop: Account from preferred account - [rJj4Md76H4LxoN-B4dnoZM7XaXDDBcXGlC-caOCi6Uc]

11-14 17:18:20.377 19377 19389 I Finsky  : [9558] fxs.d(3): com.wallapop: Account determined from installer data - [rJj4Md76H4LxoN-B4dnoZM7XaXDDBcXGlC-caOCi6Uc]

11-14 17:18:20.378 19377 19389 I Finsky  : [9558] fxs.d(14): com.wallapop: Account from preferred account - [rJj4Md76H4LxoN-B4dnoZM7XaXDDBcXGlC-caOCi6Uc]

11-14 17:18:20.419 19377 19389 I Finsky  : [9558] fxs.d(3): com.wallapop: Account determined from installer data - [rJj4Md76H4LxoN-B4dnoZM7XaXDDBcXGlC-caOCi6Uc]

11-14 17:18:20.420 19377 19389 I Finsky  : [9558] fxs.d(14): com.wallapop: Account from preferred account - [rJj4Md76H4LxoN-B4dnoZM7XaXDDBcXGlC-caOCi6Uc]

11-14 17:18:20.531 24687 24698 I com.wallapop: Background concurrent copying GC freed 145910(11MB) AllocSpace objects, 28(1264KB) LOS objects, 49% free, 10MB/21MB, paused 2.830ms total 148.409ms

11-14 17:18:20.593  4211  5239 D ActivityManagerPerformance: Received MSG_DISABLE_ACT_START, r: ActivityRecord{2e7f918 u0 com.wallapop/com.rewallapop.ui.wall.WallActivity t2192}

11-14 17:18:20.852  4211  6751 V WindowManager: Relayout Window{e27c197 u0 com.wallapop/com.rewallapop.ui.wall.WallActivity}: viewVisibility=0 req=1080x2220 {(0,0)(fillxfill) sim={adjust=resize forwardNavigation} ty=BASE_APPLICATION wanim=0x10302fe

11-14 17:18:20.855  3727  3727 I SurfaceFlinger: id=28125 createSurf (1080x2220),1 flag=404, com.wallapop/com.rewallapop.ui.wall.WallActivity[24687]#0

11-14 17:18:20.857  4211  6751 D WindowManager: makeSurface duration=2 name=com.wallapop/com.rewallapop.ui.wall.WallActivity[24687]

11-14 17:18:20.857  4211  6751 V WindowManager: Changing focus from null to Window{e27c197 u0 com.wallapop/com.rewallapop.ui.wall.WallActivity} Callers=com.android.server.wm.WindowManagerService.relayoutWindow:2526 com.android.server.wm.Session.relayoutForTranslate:302 android.view.IWindowSession$Stub.onTransact:518 com.android.server.wm.Session.onTransact:186

11-14 17:18:20.858  4211  4228 D WindowManager: setSystemUiVisibility: vis= 0xa518, fullscreenVis= 0x2000, dockedVis= 0x0, win=Window{e27c197 u0 com.wallapop/com.rewallapop.ui.wall.WallActivity}

11-14 17:18:20.860  4211  4242 D WindowManager: reportFocusChangedSerialized, focused=true, inTouchMode=true, win=Window{e27c197 u0 com.wallapop/com.rewallapop.ui.wall.WallActivity}

11-14 17:18:20.969 19377 20028 I Finsky  : [9630] fxs.d(3): com.wallapop: Account determined from installer data - [rJj4Md76H4LxoN-B4dnoZM7XaXDDBcXGlC-caOCi6Uc]

11-14 17:18:20.970 19377 20028 I Finsky  : [9630] fxs.d(14): com.wallapop: Account from preferred account - [rJj4Md76H4LxoN-B4dnoZM7XaXDDBcXGlC-caOCi6Uc]

11-14 17:18:21.162  4211  6751 D WindowManager: finishDrawingWindow: Window{e27c197 u0 com.wallapop/com.rewallapop.ui.wall.WallActivity} mDrawState=DRAW_PENDING

11-14 17:18:21.167  4211  4310 I WindowManager: commitFinishDrawingLocked: mDrawState=READY_TO_SHOW Surface(name=com.wallapop/com.rewallapop.ui.wall.WallActivity[24687])/@0x1dd2fe4

11-14 17:18:21.167  4211  4310 V WindowManager: Resize reasons for w=Window{e27c197 u0 com.wallapop/com.rewallapop.ui.wall.WallActivity}:  contentInsetsChanged=false [0,63][0,126] visibleInsetsChanged=false [0,63][0,126] stableInsetsChanged=false [0,63][0,126] outsetsChanged=false [0,0][0,0] surfaceResized=false configChanged=false dragResizingChanged=false reportOrientationChanged=false displayCutoutChanged=false nextForceRelayoutToClient=false

11-14 17:18:21.175  4211  4310 I WindowManager: commitFinishDrawingLocked: mDrawState=READY_TO_SHOW Surface(name=com.wallapop/com.rewallapop.ui.wall.WallActivity[24687])/@0x1dd2fe4

11-14 17:18:21.176  4211  4310 I WindowManager: Cancelling animation restarting=false, leash=null, surface=Surface(name=e27c197 com.wallapop/com.rewallapop.ui.wall.WallActivity)/@0xe1d0c4d, parent=Surface(name=AppWindowToken{209b156 token=Token{b3a8f71 ActivityRecord{2e7f918 u0 com.wallapop/com.rewallapop.ui.wall.WallActivity t2192}}})/@0xcabe302

11-14 17:18:21.176  4211  4310 V WindowManager: performShowLocked: mDrawState=HAS_DRAWN in Window{e27c197 u0 com.wallapop/com.rewallapop.ui.wall.WallActivity}

11-14 17:18:21.185  4211  4242 I ActivityManager: Displayed com.wallapop/com.rewallapop.ui.wall.WallActivity: +2s336ms (total +8s898ms)

11-14 17:18:21.186  4211  4310 V WindowManager: Remove Window{67f2f98 u0 Splash Screen com.wallapop}: mSurfaceController=Surface(name=Splash Screen com.wallapop)/@0xba10f62 mAnimatingExit=false mRemoveOnExit=false mHasSurface=true surfaceShowing=true isAnimationSet=false app-animation=false mWillReplaceWindow=false inPendingTransaction=false mDisplayFrozen=false callers=com.android.server.wm.WindowState.removeIfPossible:2764 com.android.server.wm.WindowManagerService.removeWindow:1943 com.android.server.wm.Session.remove:268 android.view.ViewRootImpl.dispatchDetachedFromWindow:4565 android.view.ViewRootImpl.doDie:7996 android.view.ViewRootImpl$ViewRootHandler.handleMessage:4987

11-14 17:18:21.187  4211  4310 I WindowManager: Cancelling animation restarting=true, leash=null, surface=Surface(name=67f2f98 Splash Screen com.wallapop)/@0xace5d7, parent=Surface(name=AppWindowToken{209b156 token=Token{b3a8f71 ActivityRecord{2e7f918 u0 com.wallapop/com.rewallapop.ui.wall.WallActivity t2192}}})/@0xcabe302

11-14 17:18:21.187  4211  4310 I WindowManager: Reparenting to leash, surface=Surface(name=67f2f98 Splash Screen com.wallapop)/@0xace5d7

11-14 17:18:21.190  3727  3727 I SurfaceFlinger:      Device | 0x70de0335c0 | 0002 | RGBA_8888 |   0.0    0.0 1080.0 2220.0 |    0    0 1080 2220 | com.wallapop/com.rewallapop.ui.wall.WallActivity[24687]#0

11-14 17:18:21.190  3727  3727 I SurfaceFlinger:      Device | 0x70dda202c0 | 0000 | RGBA_8888 |   0.0    0.0 1080.0 2220.0 |    0    0 1080 2220 | Splash Screen com.wallapop#0

11-14 17:18:21.191  3727  3727 I SurfaceFlinger: id=28126 createSurf (4440x4440),2 flag=4, Surface(name=67f2f98 Splash Screen com.wallapop)/@0xace5d7 - animation-leash#0

11-14 17:18:21.193  4211  4310 D WindowManager: makeSurface duration=6 leash=Surface(name=Surface(name=67f2f98 Splash Screen com.wallapop)/@0xace5d7 - animation-leash)/@0xf3b2049

11-14 17:18:21.194  4211  4310 D SurfaceControl: reparent is called, sc=Surface(name=67f2f98 Splash Screen com.wallapop)/@0xace5d7, newParentHandle=android.os.BinderProxy@1792d4e, transaction=android.view.SurfaceControl$Transaction@d17b1ad

11-14 17:18:21.198  3727  3964 D Layer   : [67f2f98 Splash Screen com.wallapop#0]::reparent oldParent:[AppWindowToken{209b156 token=Token{b3a8f71 ActivityRecord{2e7f918 u0 com.wallapop/com.rewallapop.ui.wall.WallActivity t2192}}}#0], newParent:[Surface(name=67f2f98 Splash Screen com.wallapop)/@0xace5d7 - animation-leash#0]

11-14 17:18:21.280 24687 24687 V InputMethodManager: Starting input: tba=com.wallapop ic=null mNaviBarColor -1 mIsGetNaviBarColorSuccess true , NavVisible : true , NavTrans : false

11-14 17:18:21.284  4211  9311 V InputMethodManagerService: windowGainedFocus : reason=WINDOW_FOCUS_GAIN client=android.os.BinderProxy@f459531 inputContext=null missingMethods= attribute=android.view.inputmethod.EditorInfo@869af68 nm = com.wallapop controlFlags=#104 softInputMode=#110 windowFlags=#81810100

11-14 17:18:21.352  4211  4310 I WindowManager: reset, Reparenting to original parent, shouldDeferScheduleAnimation=false, destroyLeash=true, surface=Surface(name=67f2f98 Splash Screen com.wallapop)/@0xace5d7, parent=Surface(name=AppWindowToken{209b156 token=Token{b3a8f71 ActivityRecord{2e7f918 u0 com.wallapop/com.rewallapop.ui.wall.WallActivity t2192}}})/@0xcabe302, parentNativeHandle=android.os.BinderProxy@2ef8ec4, caller=com.android.server.wm.SurfaceAnimator.lambda$getFinishedCallback$0:97 com.android.server.wm.-$$Lambda$SurfaceAnimator$SIBia0mND666K8lMCPsoid8pUTI.run:4 com.android.server.wm.SurfaceAnimator.lambda$getFinishedCallback$1:104 com.android.server.wm.-$$Lambda$SurfaceAnimator$vdRZk66hQVbQCvVXEaQCT1kVmFc.onAnimationFinished:4 com.android.server.wm.LocalAnimationAdapter.lambda$startAnimation$0:74

11-14 17:18:21.352  4211  4310 D SurfaceControl: reparent is called, sc=Surface(name=67f2f98 Splash Screen com.wallapop)/@0xace5d7, newParentHandle=android.os.BinderProxy@2ef8ec4, transaction=android.view.SurfaceControl$Transaction@d17b1ad

11-14 17:18:21.352  4211  4310 D SurfaceControl: destroy(transaction), animation-leash is destroyed, sc=Surface(name=Surface(name=67f2f98 Splash Screen com.wallapop)/@0xace5d7 - animation-leash)/@0xf3b2049, transaction=android.view.SurfaceControl$Transaction@d17b1ad, caller=com.android.server.wm.SurfaceAnimator.reset:338 com.android.server.wm.SurfaceAnimator.lambda$getFinishedCallback$0:97 com.android.server.wm.-$$Lambda$SurfaceAnimator$SIBia0mND666K8lMCPsoid8pUTI.run:4 com.android.server.wm.SurfaceAnimator.lambda$getFinishedCallback$1:104 com.android.server.wm.-$$Lambda$SurfaceAnimator$vdRZk66hQVbQCvVXEaQCT1kVmFc.onAnimationFinished:4 com.android.server.wm.LocalAnimationAdapter.lambda$startAnimation$0:74 com.android.server.wm.-$$Lambda$LocalAnimationAdapter$X--EomqUvw4qy89IeeTFTH7aCMo.run:4

11-14 17:18:21.353  4211  4310 E WindowManager: win=Window{67f2f98 u0 Splash Screen com.wallapop EXITING} destroySurfaces: appStopped=false win.mWindowRemovalAllowed=true win.mRemoveOnExit=true win.mViewVisibility=0 caller=com.android.server.wm.AppWindowToken.destroySurfaces:870 com.android.server.wm.AppWindowToken.destroySurfaces:851 com.android.server.wm.WindowState.onExitAnimationDone:5436 com.android.server.wm.WindowStateAnimator.onAnimationFinished:319 com.android.server.wm.WindowState.onAnimationFinished:5858 com.android.server.wm.-$$Lambda$yVRF8YoeNdTa8GR1wDStVsHu8xM.run:2 com.android.server.wm.SurfaceAnimator.lambda$getFinishedCallback$0:100

11-14 17:18:21.354  4211  4310 I WindowManager: Destroying surface Surface(name=Splash Screen com.wallapop)/@0xba10f62 called by com.android.server.wm.WindowStateAnimator.destroySurface:1901 com.android.server.wm.WindowStateAnimator.destroySurfaceLocked:838 com.android.server.wm.WindowState.destroySurfaceUnchecked:3839 com.android.server.wm.WindowState.destroySurface:3820 com.android.server.wm.AppWindowToken.destroySurfaces:870 com.android.server.wm.AppWindowToken.destroySurfaces:851 com.android.server.wm.WindowState.onExitAnimationDone:5436 com.android.server.wm.WindowStateAnimator.onAnimationFinished:319

11-14 17:18:21.354  3727  5001 I SurfaceFlinger: id=28119 Removed Splash Screen com.wallapop#0 (0/66)

11-14 17:18:21.361  3727  3770 W SurfaceFlinger: Attempting to set client state on removed layer: Splash Screen com.wallapop#0 [s.what : 40]

11-14 17:18:21.361  3727  3770 D Layer   : [67f2f98 Splash Screen com.wallapop#0]::reparent oldParent:[Surface(name=67f2f98 Splash Screen com.wallapop)/@0xace5d7 - animation-leash#0], newParent:[AppWindowToken{209b156 token=Token{b3a8f71 ActivityRecord{2e7f918 u0 com.wallapop/com.rewallapop.ui.wall.WallActivity t2192}}}#0]

11-14 17:18:21.361  3727  3770 I SurfaceFlinger: id=28126 Removed Surface(name=67f2f98 Splash Screen com.wallapop)/@0xace5d7 - animation-leash#0 (2/65)

11-14 17:18:21.361  3727  3770 W SurfaceFlinger: Attempting to destroy on removed layer: Splash Screen com.wallapop#0

11-14 17:18:21.362  3727  3770 I SurfaceFlinger: id=28118 Removed 67f2f98 Splash Screen com.wallapop#0 (1/64)

11-14 17:18:21.366  3727  3727 I Layer   : id=28126 onRemoved Surface(name=67f2f98 Splash Screen com.wallapop)/@0xace5d7 - animation-leash#0

11-14 17:18:21.366  3727  3727 I Layer   : id=28118 onRemoved 67f2f98 Splash Screen com.wallapop#0

11-14 17:18:21.366  3727  3727 I Layer   : id=28119 onRemoved Splash Screen com.wallapop#0

11-14 17:18:21.376  3727  3727 I SurfaceFlinger:      Device | 0x70de0335c0 | 0002 | RGBA_8888 |   0.0    0.0 1080.0 2220.0 |    0    0 1080 2220 | com.wallapop/com.rewallapop.ui.wall.WallActivity[24687]#0

11-14 17:18:21.430 24687 24687 V InputMethodManager: Starting input: tba=com.wallapop ic=null mNaviBarColor -1 mIsGetNaviBarColorSuccess true , NavVisible : true , NavTrans : false

11-14 17:18:21.441 19377 19389 I Finsky  : [9558] fxs.d(3): com.wallapop: Account determined from installer data - [rJj4Md76H4LxoN-B4dnoZM7XaXDDBcXGlC-caOCi6Uc]

11-14 17:18:21.442 19377 19389 I Finsky  : [9558] fxs.d(14): com.wallapop: Account from preferred account - [rJj4Md76H4LxoN-B4dnoZM7XaXDDBcXGlC-caOCi6Uc]

11-14 17:18:21.455 19377 19389 I Finsky  : [9558] fxs.d(3): com.wallapop: Account determined from installer data - [rJj4Md76H4LxoN-B4dnoZM7XaXDDBcXGlC-caOCi6Uc]

11-14 17:18:21.456 19377 19389 I Finsky  : [9558] fxs.d(14): com.wallapop: Account from preferred account - [rJj4Md76H4LxoN-B4dnoZM7XaXDDBcXGlC-caOCi6Uc]

11-14 17:18:21.532  4622  4682 E RequestManager_FLP: [FusedLocationApi] Location request 5d465ce(Listener) PRIORITY_BALANCED_POWER_ACCURACY interval=300000 from com.wallapop

11-14 17:18:21.592  4211  4312 I WindowManager: Cancelling animation restarting=false, leash=null, surface=Surface(name=AppWindowToken{f175d67 token=Token{4dc0d26 ActivityRecord{bd0b881 u0 com.wallapop/com.rewallapop.ui.main.MainActivity t2192}}})/@0x7bf9b47, parent=Surface(name=Task=2192)/@0xdceef74

11-14 17:18:21.602  3727  5001 I SurfaceFlinger: id=28117 Removed AppWindowToken{f175d67 token=Token{4dc0d26 ActivityRecord{bd0b881 u0 com.wallapop/com.rewallapop.ui.main.MainActivity t2192}}}#0 (0/63)

11-14 17:18:21.613  4211  4228 D CodecSolution: isMaxAspectPackageEx: com.wallapop : true(2)

11-14 17:18:21.617  3727  3727 I Layer   : id=28117 onRemoved AppWindowToken{f175d67 token=Token{4dc0d26 ActivityRecord{bd0b881 u0 com.wallapop/com.rewallapop.ui.main.MainActivity t2192}}}#0

11-14 17:18:21.740  4211  4669 D MdnieScenarioControlService:  packageName : com.wallapop    className : com.rewallapop.ui.wall.WallActivity

11-14 17:18:21.872 24687 24687 W com.wallapop: Accessing hidden field Landroid/view/View;->mAccessibilityDelegate:Landroid/view/View$AccessibilityDelegate; (light greylist, reflection)

11-14 17:18:21.941 24687 24698 I com.wallapop: Background concurrent copying GC freed 135857(7MB) AllocSpace objects, 38(2MB) LOS objects, 49% free, 12MB/24MB, paused 209us total 201.231ms

11-14 17:18:22.273  4211  4390 D WifiTrafficPoller: TrafficStats TxPkts=970893 RxPkts=1704050 TxBytes=209008339 RxBytes=1625996444 , Foreground uid=10313 pkgName=com.wallapop TxPackets=57261 RxPackets=51755 TxBytes=11875056 RxBytes=36397314

11-14 17:18:22.680 24687 24692 I com.wallapop: Compiler allocated 4MB to compile void android.widget.TextView.<init>(android.content.Context, android.util.AttributeSet, int, int)

11-14 17:18:22.785 24687 24687 W View    : requestLayout() improperly called by com.wallapop.design.view.WallapopTextView{964f8e0 V.ED..... ......ID 47,26-47,86 #7f0a0904 app:id/wp__home__tv_bubble} during layout: running second layout pass

11-14 17:18:23.296 24687 24692 I com.wallapop: Compiler allocated 4MB to compile void android.widget.TextView.<init>(android.content.Context, android.util.AttributeSet, int, int)

11-14 17:18:24.730 24687 24698 I com.wallapop: Background concurrent copying GC freed 144103(8MB) AllocSpace objects, 39(1460KB) LOS objects, 49% free, 15MB/30MB, paused 518us total 186.030ms

11-14 17:18:24.772  4211  4312 D WifiPermissionsUtil: canAccessScanResults: pkgName = com.wallapop, uid = 10313

11-14 17:18:25.329 24687 24988 D Amazon DTB Ads API: with query params:[?dt=android&app=app&dinfo=%7B%22os%22%3A%22Android%22%2C%22model%22%3A%22SM-A750FN%22%2C%22make%22%3A%22samsung%22%2C%22osVersion%22%3A%229%22%2C%22connectionType%22%3A%22Wifi%22%2C%22country%22%3A%22ES%22%2C%22scalingFactor%22%3A%222.625%22%2C%22carrier%22%3A%22JAZZTEL%22%2C%22language%22%3A%22es%22%2C%22screenSize%22%3A%221080x2094%22%2C%22orientation%22%3A%22portrait%22%7D&oo=0&aud=3p&idfa=bf505ce3-e614-4d9a-a4d7-9c324edc6560&appId=d2ba46e2d5ef4c9883051d9c8d0125d5&sdkVer=aps-android-7.4.3&ua=Dalvik%2F2.1.0%20%28Linux%3B%20U%3B%20Android%209%3B%20SM-A750FN%20Build%2FPPR1.180610.011%29&pkg=%7B%22lbl%22%3A%22_Wallapop_%22%2C%22pn%22%3A%22com.wallapop%22%2C%22v%22%3A%221850000%22%2C%22vn%22%3A%221.85.0-d1910251130%22%7D]

11-14 17:18:25.790 24687 24988 D Amazon DTB Ads API: Error while connecting to remote server: https://s.amazon-adsystem.com/api3/generate_did?dt=android&app=app&dinfo=%7B%22os%22%3A%22Android%22%2C%22model%22%3A%22SM-A750FN%22%2C%22make%22%3A%22samsung%22%2C%22osVersion%22%3A%229%22%2C%22connectionType%22%3A%22Wifi%22%2C%22country%22%3A%22ES%22%2C%22scalingFactor%22%3A%222.625%22%2C%22carrier%22%3A%22JAZZTEL%22%2C%22language%22%3A%22es%22%2C%22screenSize%22%3A%221080x2094%22%2C%22orientation%22%3A%22portrait%22%7D&oo=0&aud=3p&idfa=bf505ce3-e614-4d9a-a4d7-9c324edc6560&appId=d2ba46e2d5ef4c9883051d9c8d0125d5&sdkVer=aps-android-7.4.3&ua=Dalvik%2F2.1.0%20%28Linux%3B%20U%3B%20Android%209%3B%20SM-A750FN%20Build%2FPPR1.180610.011%29&pkg=%7B%22lbl%22%3A%22_Wallapop_%22%2C%22pn%22%3A%22com.wallapop%22%2C%22v%22%3A%221850000%22%2C%22vn%22%3A%221.85.0-d1910251130%22%7D with error:Chain validation failed

11-14 17:18:25.793 24687 24988 E Amazon DTB Ads API: 	at com.wallapop.thirdparty.ads.b.a.a(SourceFile:43)

11-14 17:18:25.793 24687 24988 E Amazon DTB Ads API: 	at com.wallapop.thirdparty.ads.b.a$b$1.invokeSuspend(SourceFile:34)

11-14 17:18:25.793 24687 24988 E Amazon DTB Ads API: 	at com.wallapop.thirdparty.ads.b.a$b$1.invoke(Unknown Source:10)

11-14 17:18:25.793 24687 24988 E Amazon DTB Ads API: 	at com.wallapop.thirdparty.ads.b.a$b.invokeSuspend(SourceFile:33)

11-14 17:18:25.888 24687 25264 D Amazon DTB Ads API: with query params:[?dt=android&app=app&dinfo=%7B%22os%22%3A%22Android%22%2C%22model%22%3A%22SM-A750FN%22%2C%22make%22%3A%22samsung%22%2C%22osVersion%22%3A%229%22%2C%22connectionType%22%3A%22Wifi%22%2C%22country%22%3A%22ES%22%2C%22scalingFactor%22%3A%222.625%22%2C%22carrier%22%3A%22JAZZTEL%22%2C%22language%22%3A%22es%22%2C%22screenSize%22%3A%221080x2094%22%2C%22orientation%22%3A%22portrait%22%7D&oo=0&aud=3p&idfa=bf505ce3-e614-4d9a-a4d7-9c324edc6560&appId=d2ba46e2d5ef4c9883051d9c8d0125d5&sdkVer=aps-android-7.4.3&ua=Dalvik%2F2.1.0%20%28Linux%3B%20U%3B%20Android%209%3B%20SM-A750FN%20Build%2FPPR1.180610.011%29&pkg=%7B%22lbl%22%3A%22_Wallapop_%22%2C%22pn%22%3A%22com.wallapop%22%2C%22v%22%3A%221850000%22%2C%22vn%22%3A%221.85.0-d1910251130%22%7D]

11-14 17:18:26.329  4211  4390 D WifiTrafficPoller: TrafficStats TxPkts=971094 RxPkts=1704282 TxBytes=209077804 RxBytes=1626160678 , Foreground uid=10313 pkgName=com.wallapop TxPackets=57412 RxPackets=51909 TxBytes=11910587 RxBytes=36514312

11-14 17:18:26.332 24687 25264 D Amazon DTB Ads API: Error while connecting to remote server: https://s.amazon-adsystem.com/api3/generate_did?dt=android&app=app&dinfo=%7B%22os%22%3A%22Android%22%2C%22model%22%3A%22SM-A750FN%22%2C%22make%22%3A%22samsung%22%2C%22osVersion%22%3A%229%22%2C%22connectionType%22%3A%22Wifi%22%2C%22country%22%3A%22ES%22%2C%22scalingFactor%22%3A%222.625%22%2C%22carrier%22%3A%22JAZZTEL%22%2C%22language%22%3A%22es%22%2C%22screenSize%22%3A%221080x2094%22%2C%22orientation%22%3A%22portrait%22%7D&oo=0&aud=3p&idfa=bf505ce3-e614-4d9a-a4d7-9c324edc6560&appId=d2ba46e2d5ef4c9883051d9c8d0125d5&sdkVer=aps-android-7.4.3&ua=Dalvik%2F2.1.0%20%28Linux%3B%20U%3B%20Android%209%3B%20SM-A750FN%20Build%2FPPR1.180610.011%29&pkg=%7B%22lbl%22%3A%22_Wallapop_%22%2C%22pn%22%3A%22com.wallapop%22%2C%22v%22%3A%221850000%22%2C%22vn%22%3A%221.85.0-d1910251130%22%7D with error:Chain validation failed

11-14 17:18:26.367 24687 25264 D Amazon DTB Ads API: with json params:[{"oo":"false","dinfo":{"os":"Android","model":"SM-A750FN","make":"samsung","osVersion":"9","connectionType":"Wifi","country":"ES","scalingFactor":"2.625","carrier":"JAZZTEL","language":"es","screenSize":"1080x2094","orientation":"portrait"},"adsdk":"aps-android-7.4.3","slots":[{"sz":"320x50","slot":"f414d83c-ab9f-4e02-9c59-5137663ee6c7","slotId":1,"supportedMediaTypes":["DISPLAY"]}],"mraid":["1.0","2.0","3.0"],"appId":"d2ba46e2d5ef4c9883051d9c8d0125d5","idfa":"bf505ce3-e614-4d9a-a4d7-9c324edc6560","geoloc":"41.4058684,2.1865172,18.145","isDTBMobile":"true","ua":"Dalvik\/2.1.0 (Linux; U; Android 9; SM-A750FN Build\/PPR1.180610.011)","pkg":{"lbl":"_Wallapop_","pn":"com.wallapop","v":"1850000","vn":"1.85.0-d1910251130"},"gdpr":{"e":"1","c":"BOR0xKKOR0xKKABABAENBZ-AAAAfZ7_______9______9uz_Gv_v_f__33e8__9v_l_7_-___u_-33d4-_1vX99yfm1-7ftr3tp_86ues2vHqK9ZoA"}}]

11-14 17:18:26.618 24687 24698 I com.wallapop: Background concurrent copying GC freed 240400(10MB) AllocSpace objects, 96(4MB) LOS objects, 50% free, 16MB/32MB, paused 507us total 194.151ms

11-14 17:18:27.595 24687 24687 W com.wallapop: Accessing hidden method Landroid/media/AudioTrack;->getLatency()I (light greylist, reflection)

11-14 17:18:28.040  4211  4475 I CodecSolution: pid(24687) pkg(com.wallapop)

11-14 17:18:28.052  4211  4312 D CodecSolution: topName : com.wallapop

11-14 17:18:28.052  4211  4312 I CodecSolution: Top : com.wallapop

11-14 17:18:28.052  4211  4312 D SCPMHelper: getPackageInfo(com.wallapop)

11-14 17:18:28.136  4211  4475 I CodecSolution: pid(24687) pkg(com.wallapop)

11-14 17:18:28.154  4211  4222 D CodecSolution: topName : com.wallapop

11-14 17:18:28.154  4211  4222 I CodecSolution: Top : com.wallapop

11-14 17:18:28.154  4211  4222 D SCPMHelper: getPackageInfo(com.wallapop)

11-14 17:18:28.245 24687 25303 I chatty  : uid=10313(com.wallapop) CodecLooper identical 1 line

11-14 17:18:28.926 24687 25293 I chatty  : uid=10313(com.wallapop) CodecLooper identical 1 line

11-14 17:18:29.020 24687 25303 I chatty  : uid=10313(com.wallapop) CodecLooper identical 1 line


