Executed '[C740] Help: Access and sections' on 02-07-2019
---------------------------------------------------------------------------------
07-02 16:43:56.924 12643 13055 W ResourcesManager: getTopLevelResources: /data/app/com.google.android.gms-1/base.apk / 1.0 running in com.wallapop rsrc of package null

07-02 16:43:57.324 12643 13055 W ResourcesManager: getTopLevelResources: /data/app/com.google.android.gms-1/base.apk / 1.0 running in com.wallapop rsrc of package null

07-02 16:44:00.144   874  1027 V BroadcastQueue: [background] Process cur broadcast BroadcastRecord{13bde80 u0 com.appboy.action.receiver.DATA_SYNC qIdx=4}, state= (APP_RECEIVE) DELIVERED for app ProcessRecord{3d29f77 12643:com.wallapop/u0a267}

07-02 16:44:09.414 12643 13055 W ResourcesManager: getTopLevelResources: /data/app/com.google.android.gms-1/base.apk / 1.0 running in com.wallapop rsrc of package null

07-02 16:44:30.394 12643 12671 W System.err: remove failed: ENOENT (No such file or directory) : /data/user/0/com.wallapop/files/AppEventsLogger.persistedevents

07-02 16:44:30.394 12643 12643 V ActivityThread: updateVisibility : ActivityRecord{b085f30 token=android.os.BinderProxy@532e05c {com.wallapop/com.rewallapop.ui.wall.WallActivity}} show : true

07-02 16:44:30.404   874  3012 V AlarmManager:  remove PendingIntent] PendingIntent{65b6272: PendingIntentRecord{d9b16d3 com.wallapop broadcastIntent}}

07-02 16:44:30.444   874  1914 I AppOps  : sendInfoToFLP, code=41 , uid=10267 , packageName=com.wallapop , type=finishOp

07-02 16:44:41.714   874   892 I ActivityManager: Force stopping com.wallapop appid=10267 user=0: from pid 13371

07-02 16:44:41.724   874   892 I ActivityManager: Killing 12643:com.wallapop/u0a267 (adj 2): stop com.wallapop cause from pid 13371

07-02 16:44:41.754   874   892 D ActivityManager: isAutoRunBlockedApp:: com.wallapop, Auto Run ON

07-02 16:44:41.754   874   892 I ActivityManager: isWidgetUsingPkg : com.wallapop no widget is using.

07-02 16:44:41.764   874   874 D MARsPolicyManager: NotificationListenerService OngoingNotificationRemoved : com.wallapop

07-02 16:44:41.774   874   892 I ActivityManager: Start proc 13382:com.wallapop/u0a267 for activity com.wallapop/com.rewallapop.ui.wall.WallActivity

07-02 16:44:41.784 13382 13382 W SELinux : SELinux: seapp_context_lookup: seinfo=default, level=s0:c512,c768, pkgname=com.wallapop

07-02 16:44:41.784   874   892 I ActivityManager:   Force finishing activity ActivityRecord{a4d5c3b u0 com.wallapop/com.rewallapop.ui.wall.WallActivity t853}

07-02 16:44:41.844   874   874 V AlarmManager: Remove alarm for next reason : android.intent.action.PACKAGE_RESTARTED : package: com.wallapop

07-02 16:44:41.884 10821 10821 I ClearDataReceiver: [#DCM#] Intent Data: package:com.wallapop

07-02 16:44:41.894 13382 13382 W ResourcesManager: getTopLevelResources: /data/app/com.wallapop-1/base.apk / 1.0 running in com.wallapop rsrc of package null

07-02 16:44:42.044 13382 13412 W ResourcesManager: getTopLevelResources: /data/app/com.wallapop-1/base.apk / 1.0 running in com.wallapop rsrc of package null

07-02 16:44:42.064 13382 13412 I FA      :   adb shell setprop debug.firebase.analytics.app com.wallapop

07-02 16:44:42.064 13382 13382 W ResourcesManager: getTopLevelResources: /data/app/com.wallapop-1/base.apk / 1.0 running in com.wallapop rsrc of package null

07-02 16:44:42.064 13382 13420 W ResourcesManager: getTopLevelResources: /data/app/com.google.android.gms-1/base.apk / 1.0 running in com.wallapop rsrc of package null

07-02 16:44:42.074 13382 13414 W ResourcesManager: getTopLevelResources: /data/app/com.google.android.gms-1/base.apk / 1.0 running in com.wallapop rsrc of package null

07-02 16:44:42.074   874  1661 V AlarmManager:  remove PendingIntent] PendingIntent{b07c839: PendingIntentRecord{667ce7e com.wallapop broadcastIntent}}

07-02 16:44:42.074 13382 13382 W ResourcesManager: getTopLevelResources: /data/app/com.wallapop-1/base.apk / 1.0 running in com.wallapop rsrc of package null

07-02 16:44:42.084 13382 13382 W ResourcesManager: getTopLevelResources: /data/app/com.wallapop-1/base.apk / 1.0 running in com.wallapop rsrc of package null

07-02 16:44:42.444 13382 13382 W System.err: mkdir failed: EEXIST (File exists) : /data/user/0/com.wallapop/cache/okhttp

07-02 16:44:43.494 13382 13450 I stetho  : Listening on @stetho_com.wallapop_devtools_remote

07-02 16:44:43.514 13382 13382 I art     : Rejecting re-init on previously-failed class java.lang.Class<com.wallapop.clickstream.JobIntentService$f>

07-02 16:44:43.514 13382 13382 I art     : Rejecting re-init on previously-failed class java.lang.Class<com.wallapop.clickstream.JobIntentService$f>

07-02 16:44:43.634 13382 13382 W ResourcesManager: getTopLevelResources: /data/app/com.google.android.gms-1/base.apk / 1.0 running in com.wallapop rsrc of package null

07-02 16:44:43.724 13382 13382 W ResourcesManager: getTopLevelResources: /data/app/com.google.android.gms-1/base.apk / 1.0 running in com.wallapop rsrc of package null

07-02 16:44:43.744 13382 13382 W ResourcesManager: getTopLevelResources: /data/app/com.google.android.gms-1/base.apk / 1.0 running in com.wallapop rsrc of package null

07-02 16:44:43.764 13382 13382 W ResourcesManager: getTopLevelResources: /data/data/com.google.android.gms/app_chimera/m/0000003f/dl-AdsFdrDynamite.integ_20300000008.apk / 1.0 running in com.wallapop rsrc of package null

07-02 16:44:43.764 13382 13382 W ResourcesManager: getTopLevelResources: /data/data/com.google.android.gms/app_chimera/m/0000003f/dl-AdsFdrDynamite.integ_20300000008.apk / 1.0 running in com.wallapop rsrc of package null

07-02 16:44:43.794 13382 13452 W System.err: remove failed: ENOENT (No such file or directory) : /data/user/0/com.wallapop/files/tfidf.db

07-02 16:44:43.814 13382 13452 W System.err: remove failed: ENOENT (No such file or directory) : /data/user/0/com.wallapop/databases/__hs__db_error_reports

07-02 16:44:43.814 13382 13452 W System.err: remove failed: ENOENT (No such file or directory) : /data/user/0/com.wallapop/databases/__hs__db_error_reports-journal

07-02 16:44:43.814 13382 13452 W System.err: remove failed: ENOENT (No such file or directory) : /data/user/0/com.wallapop/databases/__hs__db_error_reports-shm

07-02 16:44:43.814 13382 13452 W System.err: remove failed: ENOENT (No such file or directory) : /data/user/0/com.wallapop/databases/__hs__db_error_reports-wal

07-02 16:44:43.914 13382 13382 W ResourcesManager: getTopLevelResources: /data/app/com.google.android.webview-2/base.apk / 1.0 running in com.wallapop rsrc of package null

07-02 16:44:46.614 13382 13418 W ResourcesManager: getTopLevelResources: /data/app/com.google.android.gms-1/base.apk / 1.0 running in com.wallapop rsrc of package null

07-02 16:44:46.674   874  1914 V AlarmManager:  remove PendingIntent] PendingIntent{cd8b28f: PendingIntentRecord{d9b16d3 com.wallapop broadcastIntent}}

07-02 16:44:46.744 13382 13506 W System.err: mkdir failed: EEXIST (File exists) : /data/user/0/com.wallapop/cache/WebView/Crash Reports

07-02 16:45:01.734 13382 13422 W System.err: remove failed: ENOENT (No such file or directory) : /data/user/0/com.wallapop/files/AppEventsLogger.persistedevents

07-02 16:45:38.224 12540 12925 I appium  : AppiumResponse: {"sessionId":"None","status":0,"value":[{"id":"974d6969-ea4f-4bdc-af8e-5333992df4de","capabilities":{"androidInstallTimeout":150000,"appActivity":"com.rewallapop.ui.main.MainActivity","webStorageEnabled":false,"appPackage":"com.wallapop","skipDeviceInitialization":true,"ignoreUnimportantViews":true,"systemPort":8223,"takesScreenshot":true,"databaseEnabled":false,"deviceUDID":"0ea85270","udid":"0ea85270","avd":"","deviceName":"0ea85270","javascriptEnabled":true,"fullReset":false,"platformName":"android","desired":{"platformName":"android","normalizeTagNames":true,"androidInstallTimeout":150000,"app":"","appActivity":"com.rewallapop.ui.main.MainActivity","appPackage":"com.wallapop","isHeadless":false,"skipDeviceInitialization":true,"automationName":"UiAutomator2","avd":"","deviceName":"0ea85270","deviceReadyTimeout":1,"fullReset":false,"ignoreUnimportantViews":true,"newCommandTimeout":60,"noReset":true,"systemPort":8223,"udid":"0ea85270"},"normalizeTagNames":true,"networkConnectionEnabled":true,"isHeadless":false,"warnings":{},"app":"","platform":"LINUX","newCommandTimeout":60,"noReset":true,"automationName":"UiAutomator2","deviceReadyTimeout":1,"locationContextEnabled":false}}]}

07-02 16:45:46.504   874  1913 I ActivityManager: Force stopping com.wallapop appid=10267 user=0: from pid 13873

07-02 16:45:46.504   874  1913 I ActivityManager: Killing 13382:com.wallapop/u0a267 (adj 15): stop com.wallapop cause from pid 13873

07-02 16:45:46.514   874  1913 D ActivityManager: isAutoRunBlockedApp:: com.wallapop, Auto Run ON

07-02 16:45:46.524   874   874 V AlarmManager: Remove alarm for next reason : android.intent.action.PACKAGE_RESTARTED : package: com.wallapop

07-02 16:45:46.534 10821 10821 I ClearDataReceiver: [#DCM#] Intent Data: package:com.wallapop

07-02 16:45:46.784   874  1714 V WindowManager: addAppToken: AppWindowToken{d446a7d token=Token{8b68d4 ActivityRecord{5e69e27 u0 com.wallapop/com.rewallapop.ui.main.MainActivity t854}}} to stack=1 task=854 at 0

07-02 16:45:46.794   874  1132 D ISSUE_DEBUG: InputChannelName : a3f9558 Starting com.wallapop

07-02 16:45:46.814   874  5340 I ActivityManager: Start proc 13924:com.wallapop/u0a267 for activity com.wallapop/com.rewallapop.ui.main.MainActivity

07-02 16:45:46.814 13924 13924 W SELinux : SELinux: seapp_context_lookup: seinfo=default, level=s0:c512,c768, pkgname=com.wallapop

07-02 16:45:46.834   874  1132 V WindowStateAnimator: Finishing drawing window Window{a3f9558 u0 d0 Starting com.wallapop}: mDrawState=DRAW_PENDING

07-02 16:45:46.864   874  4874 D ActivityManager:  Launching com.wallapop, updated priority

07-02 16:45:46.884   874  1027 V MARsPolicyManager: updatePackagesScore PackageInfo name -- com.wallapop

07-02 16:45:46.884   874  1028 D StatusBarManagerService: manageDisableList userId=0 what=0x0 pkg=Window{a3f9558 u0 d0 Starting com.wallapop}

07-02 16:45:46.894 13924 13924 W ResourcesManager: getTopLevelResources: /data/app/com.wallapop-1/base.apk / 1.0 running in com.wallapop rsrc of package null

07-02 16:45:47.034 13924 13924 W ResourcesManager: getTopLevelResources: /data/app/com.wallapop-1/base.apk / 1.0 running in com.wallapop rsrc of package null

07-02 16:45:47.044 13924 13939 W ResourcesManager: getTopLevelResources: /data/app/com.wallapop-1/base.apk / 1.0 running in com.wallapop rsrc of package null

07-02 16:45:47.044 13924 13924 W ResourcesManager: getTopLevelResources: /data/app/com.wallapop-1/base.apk / 1.0 running in com.wallapop rsrc of package null

07-02 16:45:47.054 13924 13941 W ResourcesManager: getTopLevelResources: /data/app/com.google.android.gms-1/base.apk / 1.0 running in com.wallapop rsrc of package null

07-02 16:45:47.054 13924 13947 W ResourcesManager: getTopLevelResources: /data/app/com.google.android.gms-1/base.apk / 1.0 running in com.wallapop rsrc of package null

07-02 16:45:47.054 13924 13949 W System.err: remove failed: ENOENT (No such file or directory) : /data/user/0/com.wallapop/files/AppEventsLogger.persistedevents

07-02 16:45:47.054 13924 13924 W ResourcesManager: getTopLevelResources: /data/app/com.wallapop-1/base.apk / 1.0 running in com.wallapop rsrc of package null

07-02 16:45:47.064 13924 13939 I FA      :   adb shell setprop debug.firebase.analytics.app com.wallapop

07-02 16:45:47.074   874  1422 V AlarmManager:  remove PendingIntent] PendingIntent{e456ae9: PendingIntentRecord{667ce7e com.wallapop broadcastIntent}}

07-02 16:45:47.444 13924 13924 W System.err: mkdir failed: EEXIST (File exists) : /data/user/0/com.wallapop/cache/okhttp

07-02 16:45:48.424 13924 13976 I stetho  : Listening on @stetho_com.wallapop_devtools_remote

07-02 16:45:48.444 13924 13924 I art     : Rejecting re-init on previously-failed class java.lang.Class<com.wallapop.clickstream.JobIntentService$f>

07-02 16:45:48.444 13924 13924 I art     : Rejecting re-init on previously-failed class java.lang.Class<com.wallapop.clickstream.JobIntentService$f>

07-02 16:45:48.544 13924 13924 W ResourcesManager: getTopLevelResources: /data/app/com.google.android.gms-1/base.apk / 1.0 running in com.wallapop rsrc of package null

07-02 16:45:48.624 13924 13924 W ResourcesManager: getTopLevelResources: /data/app/com.google.android.gms-1/base.apk / 1.0 running in com.wallapop rsrc of package null

07-02 16:45:48.634 13924 13924 W ResourcesManager: getTopLevelResources: /data/data/com.google.android.gms/app_chimera/m/0000003f/dl-AdsFdrDynamite.integ_20300000008.apk / 1.0 running in com.wallapop rsrc of package null

07-02 16:45:48.644 13924 13924 W ResourcesManager: getTopLevelResources: /data/data/com.google.android.gms/app_chimera/m/0000003f/dl-AdsFdrDynamite.integ_20300000008.apk / 1.0 running in com.wallapop rsrc of package null

07-02 16:45:48.674 13924 13978 W System.err: remove failed: ENOENT (No such file or directory) : /data/user/0/com.wallapop/files/tfidf.db

07-02 16:45:48.694 13924 13978 W System.err: remove failed: ENOENT (No such file or directory) : /data/user/0/com.wallapop/databases/__hs__db_error_reports

07-02 16:45:48.694 13924 13978 W System.err: remove failed: ENOENT (No such file or directory) : /data/user/0/com.wallapop/databases/__hs__db_error_reports-journal

07-02 16:45:48.694 13924 13978 W System.err: remove failed: ENOENT (No such file or directory) : /data/user/0/com.wallapop/databases/__hs__db_error_reports-shm

07-02 16:45:48.694 13924 13978 W System.err: remove failed: ENOENT (No such file or directory) : /data/user/0/com.wallapop/databases/__hs__db_error_reports-wal

07-02 16:45:48.774 13924 13924 W ResourcesManager: getTopLevelResources: /data/app/com.google.android.webview-2/base.apk / 1.0 running in com.wallapop rsrc of package null

07-02 16:45:51.414 13924 13924 W ResourcesManager: getTopLevelResources: /data/app/com.wallapop-1/base.apk / 1.0 running in com.wallapop rsrc of package null

07-02 16:45:51.434 13924 13924 W ResourcesManager: getTopLevelResources: /data/app/com.wallapop-1/base.apk / 1.0 running in com.wallapop rsrc of package null

07-02 16:45:51.454   874  1914 V AlarmManager:  remove PendingIntent] PendingIntent{8d97b8c: PendingIntentRecord{d9b16d3 com.wallapop broadcastIntent}}

07-02 16:45:51.684   874   892 V AlarmManager:  remove PendingIntent] PendingIntent{e68c478: PendingIntentRecord{246237d com.wallapop broadcastIntent}}

07-02 16:45:51.764 13924 13924 W System.err: remove failed: ENOENT (No such file or directory) : /data/user/0/com.wallapop/cache/okhttp/journal.tmp

07-02 16:45:51.784 13924 13924 I Timeline: Timeline: Activity_launch_request id:com.wallapop time:44636601

07-02 16:45:51.794   874   894 V WindowManager: addAppToken: AppWindowToken{3442153 token=Token{feafd42 ActivityRecord{b5b278d u0 com.wallapop/com.rewallapop.ui.wall.WallActivity t854}}} to stack=1 task=854 at 1

07-02 16:45:51.794   874  1028 D StatusBarManagerService: manageDisableList userId=0 what=0x0 pkg=Window{a3f9558 u0 d0 Starting com.wallapop}

07-02 16:45:51.914   874  1027 D ApplicationPolicy: isStatusBarNotificationAllowedAsUser: packageName = com.wallapop,userId = 0

07-02 16:45:51.924   874  1027 V MARsPolicyManager: updatePackagesScore PackageInfo name -- com.wallapop

07-02 16:45:51.934   874   874 D MARsPolicyManager: NotificationListenerService OngoingNotificationPosted : com.wallapop

07-02 16:45:51.934  1391  1391 W ResourcesManager: getTopLevelResources: /data/app/com.wallapop-1/base.apk / 1.0 running in com.android.systemui rsrc of package null

07-02 16:45:51.954 13924 13924 W ResourcesManager: getTopLevelResources: /data/app/com.wallapop-1/base.apk / 1.0 running in com.wallapop rsrc of package null

07-02 16:45:51.964  1391  1391 W ResourcesManager: getTopLevelResources: /data/app/com.wallapop-1/base.apk / 1.0 running in com.android.systemui rsrc of package null

07-02 16:45:51.974 13924 13924 W ResourcesManager: getTopLevelResources: /data/app/com.wallapop-1/base.apk / 1.0 running in com.wallapop rsrc of package null

07-02 16:45:51.984  1391  1391 W ResourcesManager: getTopLevelResources: /data/app/com.wallapop-1/base.apk / 1.0 running in com.android.systemui rsrc of package null

07-02 16:45:51.994  1391  1391 W ResourcesManager: getTopLevelResources: /data/app/com.wallapop-1/base.apk / 1.0 running in com.android.systemui rsrc of package null

07-02 16:45:52.004 13924 14028 W System.err: mkdir failed: EEXIST (File exists) : /data/user/0/com.wallapop/cache/WebView/Crash Reports

07-02 16:45:52.044   874  1723 V AlarmManager:  remove PendingIntent] PendingIntent{478dfbc: PendingIntentRecord{246237d com.wallapop broadcastIntent}}

07-02 16:45:52.444 13924 14157 W ResourcesManager: getTopLevelResources: /data/app/com.google.android.gms-1/base.apk / 1.0 running in com.wallapop rsrc of package null

07-02 16:45:52.534 13924 13949 W System.err: remove failed: ENOENT (No such file or directory) : /data/user/0/com.wallapop/files/AppEventsLogger.persistedevents

07-02 16:45:52.584   874  1220 D ISSUE_DEBUG: InputChannelName : 8fb0f0 com.wallapop/com.rewallapop.ui.wall.WallActivity

07-02 16:45:52.604 16056  9767 I Finsky  : [5096] eth.b(2): com.wallapop: Account determined from installer data - [E7ZhE6RtwBr6ZrivWaTWep8klQM]

07-02 16:45:52.604 16056  9767 I Finsky  : [5096] eth.b(9): com.wallapop: Account from preferred account - [E7ZhE6RtwBr6ZrivWaTWep8klQM]

07-02 16:45:52.604 16056 16226 I Finsky  : [4986] eth.b(2): com.wallapop: Account determined from installer data - [E7ZhE6RtwBr6ZrivWaTWep8klQM]

07-02 16:45:52.604 16056 16226 I Finsky  : [4986] eth.b(9): com.wallapop: Account from preferred account - [E7ZhE6RtwBr6ZrivWaTWep8klQM]

07-02 16:45:52.634 13924 14157 D Amazon DTB Ads API: with json params:[{"adsdk":"aps-android-7.4.3","gdpr":{"e":"1","c":"BAAAAAAOa0ob7AcABBENBtAAAAAh6AAA"},"oo":"false","mraid":["1.0","2.0","3.0"],"ua":"Dalvik\/2.1.0 (Linux; U; Android 6.0.1; SM-G900F Build\/MMB29M)","geoloc":"41.4058741,2.1864781,17.374","idfa":"1e214c05-ac1e-4c82-ae75-fb207f9c9c8a","appId":"d2ba46e2d5ef4c9883051d9c8d0125d5","ad-id":"A-6j1GeULkCtsqbiEmqTO1M","slots":[{"sz":"320x50","slot":"f414d83c-ab9f-4e02-9c59-5137663ee6c7","slotId":1,"supportedMediaTypes":["DISPLAY"]}],"dinfo":{"os":"Android","model":"SM-G900F","make":"samsung","osVersion":"6.0.1","connectionType":"13","country":"ES","scalingFactor":"3.0","carrier":"JAZZTEL","language":"es","screenSize":"1080x1920","orientation":"portrait"},"pkg":{"lbl":"_Wallapop_","pn":"com.wallapop","v":"1770000","vn":"1.77.0-d1907021319"},"isDTBMobile":"true"}]

07-02 16:45:52.914   874  1028 D StatusBarManagerService: manageDisableList userId=0 what=0x0 pkg=Window{8fb0f0 u0 d0 com.wallapop/com.rewallapop.ui.wall.WallActivity}

07-02 16:45:53.154 16056 16067 I Finsky  : [4929] eth.b(2): com.wallapop: Account determined from installer data - [E7ZhE6RtwBr6ZrivWaTWep8klQM]

07-02 16:45:53.154 16056 16067 I Finsky  : [4929] eth.b(9): com.wallapop: Account from preferred account - [E7ZhE6RtwBr6ZrivWaTWep8klQM]

07-02 16:45:53.194 16056 16225 I Finsky  : [4985] eth.b(2): com.wallapop: Account determined from installer data - [E7ZhE6RtwBr6ZrivWaTWep8klQM]

07-02 16:45:53.194 16056 16225 I Finsky  : [4985] eth.b(9): com.wallapop: Account from preferred account - [E7ZhE6RtwBr6ZrivWaTWep8klQM]

07-02 16:45:53.214 16056  9767 I Finsky  : [5096] eth.b(2): com.wallapop: Account determined from installer data - [E7ZhE6RtwBr6ZrivWaTWep8klQM]

07-02 16:45:53.214 16056  9767 I Finsky  : [5096] eth.b(9): com.wallapop: Account from preferred account - [E7ZhE6RtwBr6ZrivWaTWep8klQM]

07-02 16:45:53.234 16056 16066 I Finsky  : [4928] eth.b(2): com.wallapop: Account determined from installer data - [E7ZhE6RtwBr6ZrivWaTWep8klQM]

07-02 16:45:53.234 16056 16066 I Finsky  : [4928] eth.b(9): com.wallapop: Account from preferred account - [E7ZhE6RtwBr6ZrivWaTWep8klQM]

07-02 16:45:53.284   874  5340 V WindowStateAnimator: Finishing drawing window Window{8fb0f0 u0 d0 com.wallapop/com.rewallapop.ui.wall.WallActivity}: mDrawState=DRAW_PENDING

07-02 16:45:53.284   874  1132 I ActivityManager: Displayed com.wallapop/com.rewallapop.ui.wall.WallActivity: +1s368ms (total +1m11s521ms)

07-02 16:45:53.294   874  1132 I Timeline: Timeline: Activity_windows_visible id: ActivityRecord{b5b278d u0 com.wallapop/com.rewallapop.ui.wall.WallActivity t854} time:44638112

07-02 16:45:53.334   874  3012 V WindowStateAnimator: Finishing drawing window Window{8fb0f0 u0 d0 com.wallapop/com.rewallapop.ui.wall.WallActivity}: mDrawState=HAS_DRAWN

07-02 16:45:53.364 16056 16226 I Finsky  : [4986] eth.b(2): com.wallapop: Account determined from installer data - [E7ZhE6RtwBr6ZrivWaTWep8klQM]

07-02 16:45:53.364 16056 16226 I Finsky  : [4986] eth.b(9): com.wallapop: Account from preferred account - [E7ZhE6RtwBr6ZrivWaTWep8klQM]

07-02 16:45:53.364 13924 13924 W ResourcesManager: getTopLevelResources: /data/app/com.google.android.gms-1/base.apk / 1.0 running in com.wallapop rsrc of package null

07-02 16:45:53.444 13924 13986 W ResourcesManager: getTopLevelResources: /data/data/com.google.android.gms/app_chimera/m/0000003f/dl-AdsFdrDynamite.integ_20300000008.apk / 1.0 running in com.wallapop rsrc of package null

07-02 16:45:53.524   874  2732 I AppOps  : sendInfoToFLP, code=41 , uid=10267 , packageName=com.wallapop , type=startOp

07-02 16:45:53.604 16056 16067 I Finsky  : [4929] eth.b(2): com.wallapop: Account determined from installer data - [E7ZhE6RtwBr6ZrivWaTWep8klQM]

07-02 16:45:53.614 16056 16067 I Finsky  : [4929] eth.b(9): com.wallapop: Account from preferred account - [E7ZhE6RtwBr6ZrivWaTWep8klQM]

07-02 16:45:53.614 16056 16225 I Finsky  : [4985] eth.b(2): com.wallapop: Account determined from installer data - [E7ZhE6RtwBr6ZrivWaTWep8klQM]

07-02 16:45:53.614 16056 16225 I Finsky  : [4985] eth.b(9): com.wallapop: Account from preferred account - [E7ZhE6RtwBr6ZrivWaTWep8klQM]

07-02 16:45:54.654 13924 13924 W View    : requestLayout() improperly called by com.wallapop.design.view.WallapopTextView{f394478 V.ED..... ......ID 54,30-54,92 #7f0a08d2 app:id/wp__home__tv_bubble} during layout: running second layout pass

07-02 16:45:55.514 13924 13949 W System.err: remove failed: ENOENT (No such file or directory) : /data/user/0/com.wallapop/files/AppEventsLogger.persistedevents

07-02 16:45:55.934 13924 14323 W ResourcesManager: getTopLevelResources: /data/app/com.google.android.gms-1/base.apk / 1.0 running in com.wallapop rsrc of package null


