11-10 10:51:48.734  3727  3727 I SurfaceFlinger: id=23714 createSurf (4440x4440),2 flag=4, Surface(name=AppWindowToken{e30274f token=Token{3a3adae ActivityRecord{337e629 u0 com.wallapop/com.rewallapop.ui.main.MainActivity t2125}}})/@0x2b3792f - animation-leash#0

11-10 10:51:48.736  4211  6751 D WindowManager: makeSurface duration=2 leash=Surface(name=Surface(name=AppWindowToken{e30274f token=Token{3a3adae ActivityRecord{337e629 u0 com.wallapop/com.rewallapop.ui.main.MainActivity t2125}}})/@0x2b3792f - animation-leash)/@0x33e6790

11-10 10:51:48.736  4211  6751 D SurfaceControl: reparent is called, sc=Surface(name=AppWindowToken{e30274f token=Token{3a3adae ActivityRecord{337e629 u0 com.wallapop/com.rewallapop.ui.main.MainActivity t2125}}})/@0x2b3792f, newParentHandle=android.os.BinderProxy@e802889, transaction=android.view.SurfaceControl$Transaction@688794b

11-10 10:51:48.740  3727  3964 D Layer   : [AppWindowToken{e30274f token=Token{3a3adae ActivityRecord{337e629 u0 com.wallapop/com.rewallapop.ui.main.MainActivity t2125}}}#0]::reparent oldParent:[Task=2125#0], newParent:[Surface(name=AppWindowToken{e30274f token=Token{3a3adae ActivityRecord{337e629 u0 com.wallapop/com.rewallapop.ui.main.MainActivity t2125}}})/@0x2b3792f - animation-leash#0]

11-10 10:51:48.795 14740 14806 W com.wallapop: Accessing hidden method Ldalvik/system/VMRuntime;->getRuntime()Ldalvik/system/VMRuntime; (light greylist, reflection)

11-10 10:51:48.796 14740 14806 W com.wallapop: Accessing hidden method Ldalvik/system/VMRuntime;->vmInstructionSet()Ljava/lang/String; (light greylist, reflection)

11-10 10:51:48.822 23911 23911 D Notification.Badge: [valid] onNotificationPosted : StatusBarNotification(pkg=com.wallapop user=UserHandle{0} id=999 tag=null key=0|com.wallapop|999|null|10311: Notification(channel=wallapop_channel pri=-2 contentView=null vibrate=null sound=null defaults=0x0 flags=0x62 color=0x00000000 vis=PRIVATE semFlags=0x0 semPriority=0 semMissedCount=0))

11-10 10:51:48.822 23911 23911 D Notification.Badge: notificationKey : 0|com.wallapop|999|null|10311, count : 0, this.count : 1

11-10 10:51:48.823 23911 23978 D Notification.Badge: LauncherModel:onNotificationPosted() : com.wallapop, count : [0], shouldBeFilteredOut : [false]

11-10 10:51:48.823 23911 23978 D Notification.Badge: notificationKey : 0|com.wallapop|999|null|10311, count : 1, mTotalCount : 1

11-10 10:51:48.828 23911 23978 D Notification.Badge: updateLauncherIconBadges() item : [IconInfo(title=_Wallapop_ intent=Intent { act=android.intent.action.MAIN cat=[android.intent.category.LAUNCHER] flg=0x10200000 cmp=com.wallapop/.activities.HomeActivity (has extras) } id=160 type=0 container=-102 screen=1 cellX=3 cellY=0 spanX=1 spanY=1 rank=3 hidden=0 dropPos=null user=UserHandle{0} screenType=0)], mShowBadge : [true], item.mBadgeCount : [1]

11-10 10:51:48.832 23911 23911 D RecommendedView: updateBadgeItems: [IconInfo(title=_Wallapop_ intent=Intent { act=android.intent.action.MAIN cat=[android.intent.category.LAUNCHER] flg=0x10200000 cmp=com.wallapop/.activities.HomeActivity (has extras) } id=160 type=0 container=-102 screen=1 cellX=3 cellY=0 spanX=1 spanY=1 rank=3 hidden=0 dropPos=null user=UserHandle{0} screenType=0)]

11-10 10:51:48.841  3562  3582 I Finsky  : [8251] fxs.d(3): com.wallapop: Account determined from installer data - [rJj4Md76H4LxoN-B4dnoZM7XaXDDBcXGlC-caOCi6Uc]

11-10 10:51:48.842  3562  3582 I Finsky  : [8251] fxs.d(14): com.wallapop: Account from preferred account - [rJj4Md76H4LxoN-B4dnoZM7XaXDDBcXGlC-caOCi6Uc]

11-10 10:51:48.847  3562  3587 I Finsky  : [8252] fxs.d(3): com.wallapop: Account determined from installer data - [rJj4Md76H4LxoN-B4dnoZM7XaXDDBcXGlC-caOCi6Uc]

11-10 10:51:48.847  3562  3587 I Finsky  : [8252] fxs.d(14): com.wallapop: Account from preferred account - [rJj4Md76H4LxoN-B4dnoZM7XaXDDBcXGlC-caOCi6Uc]

11-10 10:51:48.849  3562  3587 I Finsky  : [8252] fxs.d(3): com.wallapop: Account determined from installer data - [rJj4Md76H4LxoN-B4dnoZM7XaXDDBcXGlC-caOCi6Uc]

11-10 10:51:48.849  3562  3587 I Finsky  : [8252] fxs.d(14): com.wallapop: Account from preferred account - [rJj4Md76H4LxoN-B4dnoZM7XaXDDBcXGlC-caOCi6Uc]

11-10 10:51:48.852  3562  3587 I Finsky  : [8252] fxs.d(3): com.wallapop: Account determined from installer data - [rJj4Md76H4LxoN-B4dnoZM7XaXDDBcXGlC-caOCi6Uc]

11-10 10:51:48.852  3562  3587 I Finsky  : [8252] fxs.d(14): com.wallapop: Account from preferred account - [rJj4Md76H4LxoN-B4dnoZM7XaXDDBcXGlC-caOCi6Uc]

11-10 10:51:49.044  4211  4310 I WindowManager: reset, Reparenting to original parent, shouldDeferScheduleAnimation=false, destroyLeash=true, surface=Surface(name=AppWindowToken{e30274f token=Token{3a3adae ActivityRecord{337e629 u0 com.wallapop/com.rewallapop.ui.main.MainActivity t2125}}})/@0x2b3792f, parent=Surface(name=Task=2125)/@0xeb11b3c, parentNativeHandle=android.os.BinderProxy@b635f27, caller=com.android.server.wm.SurfaceAnimator.lambda$getFinishedCallback$0:97 com.android.server.wm.-$$Lambda$SurfaceAnimator$SIBia0mND666K8lMCPsoid8pUTI.run:4 com.android.server.wm.SurfaceAnimator.lambda$getFinishedCallback$1:104 com.android.server.wm.-$$Lambda$SurfaceAnimator$vdRZk66hQVbQCvVXEaQCT1kVmFc.onAnimationFinished:4 com.android.server.wm.LocalAnimationAdapter.lambda$startAnimation$0:74

11-10 10:51:49.044  4211  4310 D SurfaceControl: reparent is called, sc=Surface(name=AppWindowToken{e30274f token=Token{3a3adae ActivityRecord{337e629 u0 com.wallapop/com.rewallapop.ui.main.MainActivity t2125}}})/@0x2b3792f, newParentHandle=android.os.BinderProxy@b635f27, transaction=android.view.SurfaceControl$Transaction@688794b

11-10 10:51:49.044  4211  4310 D SurfaceControl: destroy(transaction), animation-leash is destroyed, sc=Surface(name=Surface(name=AppWindowToken{e30274f token=Token{3a3adae ActivityRecord{337e629 u0 com.wallapop/com.rewallapop.ui.main.MainActivity t2125}}})/@0x2b3792f - animation-leash)/@0x33e6790, transaction=android.view.SurfaceControl$Transaction@688794b, caller=com.android.server.wm.SurfaceAnimator.reset:338 com.android.server.wm.SurfaceAnimator.lambda$getFinishedCallback$0:97 com.android.server.wm.-$$Lambda$SurfaceAnimator$SIBia0mND666K8lMCPsoid8pUTI.run:4 com.android.server.wm.SurfaceAnimator.lambda$getFinishedCallback$1:104 com.android.server.wm.-$$Lambda$SurfaceAnimator$vdRZk66hQVbQCvVXEaQCT1kVmFc.onAnimationFinished:4 com.android.server.wm.LocalAnimationAdapter.lambda$startAnimation$0:74 com.android.server.wm.-$$Lambda$LocalAnimationAdapter$X--EomqUvw4qy89IeeTFTH7aCMo.run:4

11-10 10:51:49.059  3727  5386 D Layer   : [AppWindowToken{e30274f token=Token{3a3adae ActivityRecord{337e629 u0 com.wallapop/com.rewallapop.ui.main.MainActivity t2125}}}#0]::reparent oldParent:[Surface(name=AppWindowToken{e30274f token=Token{3a3adae ActivityRecord{337e629 u0 com.wallapop/com.rewallapop.ui.main.MainActivity t2125}}})/@0x2b3792f - animation-leash#0], newParent:[Task=2125#0]

11-10 10:51:49.059  3727  5386 I SurfaceFlinger: id=23714 Removed Surface(name=AppWindowToken{e30274f token=Token{3a3adae ActivityRecord{337e629 u0 com.wallapop/com.rewallapop.ui.main.MainActivity t2125}}})/@0x2b3792f - animation-leash#0 (0/53)

11-10 10:51:49.075  3727  3727 I Layer   : id=23714 onRemoved Surface(name=AppWindowToken{e30274f token=Token{3a3adae ActivityRecord{337e629 u0 com.wallapop/com.rewallapop.ui.main.MainActivity t2125}}})/@0x2b3792f - animation-leash#0

11-10 10:51:49.205  4211  6759 D SamsungAlarmManager: Cancel Alarm calling from uid:10311 pid :14740 / op:PendingIntent{a61d643: PendingIntentRecord{62b5648 com.wallapop broadcastIntent}}

11-10 10:51:49.299 14740 14751 I com.wallapop: Background concurrent copying GC freed 148640(8MB) AllocSpace objects, 42(1544KB) LOS objects, 50% free, 16MB/33MB, paused 386us total 304.905ms

11-10 10:51:49.432 14740 14740 W com.wallapop: Accessing hidden method Landroid/widget/TextView;->getTextDirectionHeuristic()Landroid/text/TextDirectionHeuristic; (light greylist, linking)

11-10 10:51:49.439 14740 14740 W com.wallapop: Accessing hidden method Landroid/graphics/FontFamily;-><init>()V (light greylist, reflection)

11-10 10:51:49.439 14740 14740 W com.wallapop: Accessing hidden method Landroid/graphics/FontFamily;->addFontFromAssetManager(Landroid/content/res/AssetManager;Ljava/lang/String;IZIII[Landroid/graphics/fonts/FontVariationAxis;)Z (light greylist, reflection)

11-10 10:51:49.439 14740 14740 W com.wallapop: Accessing hidden method Landroid/graphics/FontFamily;->addFontFromBuffer(Ljava/nio/ByteBuffer;I[Landroid/graphics/fonts/FontVariationAxis;II)Z (light greylist, reflection)

11-10 10:51:49.440 14740 14740 W com.wallapop: Accessing hidden method Landroid/graphics/FontFamily;->freeze()Z (light greylist, reflection)

11-10 10:51:49.440 14740 14740 W com.wallapop: Accessing hidden method Landroid/graphics/FontFamily;->abortCreation()V (light greylist, reflection)

11-10 10:51:49.440 14740 14740 W com.wallapop: Accessing hidden method Landroid/graphics/Typeface;->createFromFamiliesWithDefault([Landroid/graphics/FontFamily;Ljava/lang/String;II)Landroid/graphics/Typeface; (light greylist, reflection)

11-10 10:51:49.943 14740 14906 I com.wallapop: The ClassLoaderContext is a special shared library.

11-10 10:51:50.107  4211  4390 D WifiTrafficPoller: TrafficStats TxPkts=770927 RxPkts=1367251 TxBytes=175840317 RxBytes=1292184041 , Foreground uid=10311 pkgName=com.wallapop TxPackets=67173 RxPackets=75489 TxBytes=10572004 RxBytes=73145897

11-10 10:51:50.452  3727  3727 I SurfaceFlinger: id=23715 createSurf (4440x4440),2 flag=4, fd14d7f com.wallapop/com.rewallapop.ui.wall.WallActivity#0

11-10 10:51:50.455  4211  5239 D ActivityManagerPerformance: Received MSG_DISABLE_ACT_START, r: ActivityRecord{719ca06 u0 com.wallapop/com.rewallapop.ui.wall.WallActivity t2125}

11-10 10:51:50.490  3562  3587 I Finsky  : [8252] fxs.d(3): com.wallapop: Account determined from installer data - [rJj4Md76H4LxoN-B4dnoZM7XaXDDBcXGlC-caOCi6Uc]

11-10 10:51:50.491  3562  3587 I Finsky  : [8252] fxs.d(14): com.wallapop: Account from preferred account - [rJj4Md76H4LxoN-B4dnoZM7XaXDDBcXGlC-caOCi6Uc]

11-10 10:51:50.571  3562  3587 I Finsky  : [8252] fxs.d(3): com.wallapop: Account determined from installer data - [rJj4Md76H4LxoN-B4dnoZM7XaXDDBcXGlC-caOCi6Uc]

11-10 10:51:50.572  3562  3587 I Finsky  : [8252] fxs.d(14): com.wallapop: Account from preferred account - [rJj4Md76H4LxoN-B4dnoZM7XaXDDBcXGlC-caOCi6Uc]

11-10 10:51:50.651  3562  3587 I Finsky  : [8252] fxs.d(3): com.wallapop: Account determined from installer data - [rJj4Md76H4LxoN-B4dnoZM7XaXDDBcXGlC-caOCi6Uc]

11-10 10:51:50.651  3562  3587 I Finsky  : [8252] fxs.d(14): com.wallapop: Account from preferred account - [rJj4Md76H4LxoN-B4dnoZM7XaXDDBcXGlC-caOCi6Uc]

11-10 10:51:50.732  3562  3587 I Finsky  : [8252] fxs.d(3): com.wallapop: Account determined from installer data - [rJj4Md76H4LxoN-B4dnoZM7XaXDDBcXGlC-caOCi6Uc]

11-10 10:51:50.732  3562  3587 I Finsky  : [8252] fxs.d(14): com.wallapop: Account from preferred account - [rJj4Md76H4LxoN-B4dnoZM7XaXDDBcXGlC-caOCi6Uc]

11-10 10:51:50.770 14740 14751 I com.wallapop: Background concurrent copying GC freed 184341(15MB) AllocSpace objects, 52(2MB) LOS objects, 50% free, 18MB/36MB, paused 402us total 194.386ms

11-10 10:51:51.237  4211  6751 V WindowManager: Relayout Window{fd14d7f u0 com.wallapop/com.rewallapop.ui.wall.WallActivity}: viewVisibility=0 req=1080x2220 {(0,0)(fillxfill) sim={adjust=resize forwardNavigation} ty=BASE_APPLICATION wanim=0x10302fe

11-10 10:51:51.243  3727  3727 I SurfaceFlinger: id=23716 createSurf (1080x2220),1 flag=404, com.wallapop/com.rewallapop.ui.wall.WallActivity[14740]#0

11-10 10:51:51.245  4211  6751 D WindowManager: makeSurface duration=4 name=com.wallapop/com.rewallapop.ui.wall.WallActivity[14740]

11-10 10:51:51.246  4211  6751 V WindowManager: Changing focus from null to Window{fd14d7f u0 com.wallapop/com.rewallapop.ui.wall.WallActivity} Callers=com.android.server.wm.WindowManagerService.relayoutWindow:2526 com.android.server.wm.Session.relayoutForTranslate:302 android.view.IWindowSession$Stub.onTransact:518 com.android.server.wm.Session.onTransact:186

11-10 10:51:51.247  4211  4228 D WindowManager: setSystemUiVisibility: vis= 0xa518, fullscreenVis= 0x2000, dockedVis= 0x0, win=Window{fd14d7f u0 com.wallapop/com.rewallapop.ui.wall.WallActivity}

11-10 10:51:51.251  4211  4242 D WindowManager: reportFocusChangedSerialized, focused=true, inTouchMode=true, win=Window{fd14d7f u0 com.wallapop/com.rewallapop.ui.wall.WallActivity}

11-10 10:51:51.398  3562  3582 I Finsky  : [8251] fxs.d(3): com.wallapop: Account determined from installer data - [rJj4Md76H4LxoN-B4dnoZM7XaXDDBcXGlC-caOCi6Uc]

11-10 10:51:51.399  3562  3582 I Finsky  : [8251] fxs.d(14): com.wallapop: Account from preferred account - [rJj4Md76H4LxoN-B4dnoZM7XaXDDBcXGlC-caOCi6Uc]

11-10 10:51:51.684  4211  6753 D WindowManager: finishDrawingWindow: Window{fd14d7f u0 com.wallapop/com.rewallapop.ui.wall.WallActivity} mDrawState=DRAW_PENDING

11-10 10:51:51.687  4211  4310 I WindowManager: commitFinishDrawingLocked: mDrawState=READY_TO_SHOW Surface(name=com.wallapop/com.rewallapop.ui.wall.WallActivity[14740])/@0xa3380f1

11-10 10:51:51.687  4211  4310 V WindowManager: Resize reasons for w=Window{fd14d7f u0 com.wallapop/com.rewallapop.ui.wall.WallActivity}:  contentInsetsChanged=false [0,63][0,126] visibleInsetsChanged=false [0,63][0,126] stableInsetsChanged=false [0,63][0,126] outsetsChanged=false [0,0][0,0] surfaceResized=false configChanged=false dragResizingChanged=false reportOrientationChanged=false displayCutoutChanged=false nextForceRelayoutToClient=false

11-10 10:51:51.696  4211  4310 I WindowManager: commitFinishDrawingLocked: mDrawState=READY_TO_SHOW Surface(name=com.wallapop/com.rewallapop.ui.wall.WallActivity[14740])/@0xa3380f1

11-10 10:51:51.697  4211  4310 I WindowManager: Cancelling animation restarting=false, leash=null, surface=Surface(name=fd14d7f com.wallapop/com.rewallapop.ui.wall.WallActivity)/@0x49d84d6, parent=Surface(name=AppWindowToken{4c38ef4 token=Token{82d08c7 ActivityRecord{719ca06 u0 com.wallapop/com.rewallapop.ui.wall.WallActivity t2125}}})/@0x90ef357

11-10 10:51:51.697  4211  4310 V WindowManager: performShowLocked: mDrawState=HAS_DRAWN in Window{fd14d7f u0 com.wallapop/com.rewallapop.ui.wall.WallActivity}

11-10 10:51:51.720  4211  4310 V WindowManager: Remove Window{7cecce0 u0 Splash Screen com.wallapop}: mSurfaceController=Surface(name=Splash Screen com.wallapop)/@0x264826a mAnimatingExit=false mRemoveOnExit=false mHasSurface=true surfaceShowing=true isAnimationSet=false app-animation=false mWillReplaceWindow=false inPendingTransaction=false mDisplayFrozen=false callers=com.android.server.wm.WindowState.removeIfPossible:2764 com.android.server.wm.WindowManagerService.removeWindow:1943 com.android.server.wm.Session.remove:268 android.view.ViewRootImpl.dispatchDetachedFromWindow:4565 android.view.ViewRootImpl.doDie:7996 android.view.ViewRootImpl$ViewRootHandler.handleMessage:4987

11-10 10:51:51.723  4211  4310 I WindowManager: Cancelling animation restarting=true, leash=null, surface=Surface(name=7cecce0 Splash Screen com.wallapop)/@0x18a661d, parent=Surface(name=AppWindowToken{4c38ef4 token=Token{82d08c7 ActivityRecord{719ca06 u0 com.wallapop/com.rewallapop.ui.wall.WallActivity t2125}}})/@0x90ef357

11-10 10:51:51.724  4211  4310 I WindowManager: Reparenting to leash, surface=Surface(name=7cecce0 Splash Screen com.wallapop)/@0x18a661d

11-10 10:51:51.725  3727  3727 I SurfaceFlinger:      Device | 0x70d6734cc0 | 0002 | RGBA_8888 |   0.0    0.0 1080.0 2220.0 |    0    0 1080 2220 | com.wallapop/com.rewallapop.ui.wall.WallActivity[14740]#0

11-10 10:51:51.725  3727  3727 I SurfaceFlinger:      Device | 0x70de0335c0 | 0000 | RGBA_8888 |   0.0    0.0 1080.0 2220.0 |    0    0 1080 2220 | Splash Screen com.wallapop#0

11-10 10:51:51.731  3727  3727 I SurfaceFlinger: id=23717 createSurf (4440x4440),2 flag=4, Surface(name=7cecce0 Splash Screen com.wallapop)/@0x18a661d - animation-leash#0

11-10 10:51:51.734  4211  4310 D WindowManager: makeSurface duration=10 leash=Surface(name=Surface(name=7cecce0 Splash Screen com.wallapop)/@0x18a661d - animation-leash)/@0x46e3b2d

11-10 10:51:51.734  4211  4310 D SurfaceControl: reparent is called, sc=Surface(name=7cecce0 Splash Screen com.wallapop)/@0x18a661d, newParentHandle=android.os.BinderProxy@ac51862, transaction=android.view.SurfaceControl$Transaction@f676a63

11-10 10:51:51.738  3727  3964 D Layer   : [7cecce0 Splash Screen com.wallapop#0]::reparent oldParent:[AppWindowToken{4c38ef4 token=Token{82d08c7 ActivityRecord{719ca06 u0 com.wallapop/com.rewallapop.ui.wall.WallActivity t2125}}}#0], newParent:[Surface(name=7cecce0 Splash Screen com.wallapop)/@0x18a661d - animation-leash#0]

11-10 10:51:51.743  4211  4242 I ActivityManager: Displayed com.wallapop/com.rewallapop.ui.wall.WallActivity: +2s977ms (total +11s757ms)

11-10 10:51:51.897  4211  4310 I WindowManager: reset, Reparenting to original parent, shouldDeferScheduleAnimation=false, destroyLeash=true, surface=Surface(name=7cecce0 Splash Screen com.wallapop)/@0x18a661d, parent=Surface(name=AppWindowToken{4c38ef4 token=Token{82d08c7 ActivityRecord{719ca06 u0 com.wallapop/com.rewallapop.ui.wall.WallActivity t2125}}})/@0x90ef357, parentNativeHandle=android.os.BinderProxy@a788092, caller=com.android.server.wm.SurfaceAnimator.lambda$getFinishedCallback$0:97 com.android.server.wm.-$$Lambda$SurfaceAnimator$SIBia0mND666K8lMCPsoid8pUTI.run:4 com.android.server.wm.SurfaceAnimator.lambda$getFinishedCallback$1:104 com.android.server.wm.-$$Lambda$SurfaceAnimator$vdRZk66hQVbQCvVXEaQCT1kVmFc.onAnimationFinished:4 com.android.server.wm.LocalAnimationAdapter.lambda$startAnimation$0:74

11-10 10:51:51.897  4211  4310 D SurfaceControl: reparent is called, sc=Surface(name=7cecce0 Splash Screen com.wallapop)/@0x18a661d, newParentHandle=android.os.BinderProxy@a788092, transaction=android.view.SurfaceControl$Transaction@f676a63

11-10 10:51:51.897  4211  4310 D SurfaceControl: destroy(transaction), animation-leash is destroyed, sc=Surface(name=Surface(name=7cecce0 Splash Screen com.wallapop)/@0x18a661d - animation-leash)/@0x46e3b2d, transaction=android.view.SurfaceControl$Transaction@f676a63, caller=com.android.server.wm.SurfaceAnimator.reset:338 com.android.server.wm.SurfaceAnimator.lambda$getFinishedCallback$0:97 com.android.server.wm.-$$Lambda$SurfaceAnimator$SIBia0mND666K8lMCPsoid8pUTI.run:4 com.android.server.wm.SurfaceAnimator.lambda$getFinishedCallback$1:104 com.android.server.wm.-$$Lambda$SurfaceAnimator$vdRZk66hQVbQCvVXEaQCT1kVmFc.onAnimationFinished:4 com.android.server.wm.LocalAnimationAdapter.lambda$startAnimation$0:74 com.android.server.wm.-$$Lambda$LocalAnimationAdapter$X--EomqUvw4qy89IeeTFTH7aCMo.run:4

11-10 10:51:51.898  4211  4310 E WindowManager: win=Window{7cecce0 u0 Splash Screen com.wallapop EXITING} destroySurfaces: appStopped=false win.mWindowRemovalAllowed=true win.mRemoveOnExit=true win.mViewVisibility=0 caller=com.android.server.wm.AppWindowToken.destroySurfaces:870 com.android.server.wm.AppWindowToken.destroySurfaces:851 com.android.server.wm.WindowState.onExitAnimationDone:5436 com.android.server.wm.WindowStateAnimator.onAnimationFinished:319 com.android.server.wm.WindowState.onAnimationFinished:5858 com.android.server.wm.-$$Lambda$yVRF8YoeNdTa8GR1wDStVsHu8xM.run:2 com.android.server.wm.SurfaceAnimator.lambda$getFinishedCallback$0:100

11-10 10:51:51.899  4211  4310 I WindowManager: Destroying surface Surface(name=Splash Screen com.wallapop)/@0x264826a called by com.android.server.wm.WindowStateAnimator.destroySurface:1901 com.android.server.wm.WindowStateAnimator.destroySurfaceLocked:838 com.android.server.wm.WindowState.destroySurfaceUnchecked:3839 com.android.server.wm.WindowState.destroySurface:3820 com.android.server.wm.AppWindowToken.destroySurfaces:870 com.android.server.wm.AppWindowToken.destroySurfaces:851 com.android.server.wm.WindowState.onExitAnimationDone:5436 com.android.server.wm.WindowStateAnimator.onAnimationFinished:319

11-10 10:51:51.900  3727  3964 I SurfaceFlinger: id=23710 Removed Splash Screen com.wallapop#0 (0/55)

11-10 10:51:51.908  3727  5386 W SurfaceFlinger: Attempting to set client state on removed layer: Splash Screen com.wallapop#0 [s.what : 40]

11-10 10:51:51.908  3727  5386 D Layer   : [7cecce0 Splash Screen com.wallapop#0]::reparent oldParent:[Surface(name=7cecce0 Splash Screen com.wallapop)/@0x18a661d - animation-leash#0], newParent:[AppWindowToken{4c38ef4 token=Token{82d08c7 ActivityRecord{719ca06 u0 com.wallapop/com.rewallapop.ui.wall.WallActivity t2125}}}#0]

11-10 10:51:51.908  3727  5386 W SurfaceFlinger: Attempting to destroy on removed layer: Splash Screen com.wallapop#0

11-10 10:51:51.908  3727  5386 I SurfaceFlinger: id=23717 Removed Surface(name=7cecce0 Splash Screen com.wallapop)/@0x18a661d - animation-leash#0 (2/54)

11-10 10:51:51.908  3727  5386 I SurfaceFlinger: id=23709 Removed 7cecce0 Splash Screen com.wallapop#0 (1/53)

11-10 10:51:51.912  3727  3727 I Layer   : id=23717 onRemoved Surface(name=7cecce0 Splash Screen com.wallapop)/@0x18a661d - animation-leash#0

11-10 10:51:51.913  3727  3727 I Layer   : id=23710 onRemoved Splash Screen com.wallapop#0

11-10 10:51:51.914  3727  3727 I Layer   : id=23709 onRemoved 7cecce0 Splash Screen com.wallapop#0

11-10 10:51:51.920  3727  3727 I SurfaceFlinger:      Device | 0x70d6734cc0 | 0002 | RGBA_8888 |   0.0    0.0 1080.0 2220.0 |    0    0 1080 2220 | com.wallapop/com.rewallapop.ui.wall.WallActivity[14740]#0

11-10 10:51:51.925 14740 14740 V InputMethodManager: Starting input: tba=com.wallapop ic=null mNaviBarColor -1 mIsGetNaviBarColorSuccess true , NavVisible : true , NavTrans : false

11-10 10:51:51.927  4211  6753 V InputMethodManagerService: windowGainedFocus : reason=WINDOW_FOCUS_GAIN client=android.os.BinderProxy@c4b34d9 inputContext=null missingMethods= attribute=android.view.inputmethod.EditorInfo@a205d29 nm = com.wallapop controlFlags=#104 softInputMode=#110 windowFlags=#81810100

11-10 10:51:52.073  3562  3587 I Finsky  : [8252] fxs.d(3): com.wallapop: Account determined from installer data - [rJj4Md76H4LxoN-B4dnoZM7XaXDDBcXGlC-caOCi6Uc]

11-10 10:51:52.073  3562  3587 I Finsky  : [8252] fxs.d(14): com.wallapop: Account from preferred account - [rJj4Md76H4LxoN-B4dnoZM7XaXDDBcXGlC-caOCi6Uc]

11-10 10:51:52.090  3562  3587 I Finsky  : [8252] fxs.d(3): com.wallapop: Account determined from installer data - [rJj4Md76H4LxoN-B4dnoZM7XaXDDBcXGlC-caOCi6Uc]

11-10 10:51:52.090  3562  3587 I Finsky  : [8252] fxs.d(14): com.wallapop: Account from preferred account - [rJj4Md76H4LxoN-B4dnoZM7XaXDDBcXGlC-caOCi6Uc]

11-10 10:51:52.119 14740 14740 V InputMethodManager: Starting input: tba=com.wallapop ic=null mNaviBarColor -1 mIsGetNaviBarColorSuccess true , NavVisible : true , NavTrans : false

11-10 10:51:52.164  4622  4682 E RequestManager_FLP: [FusedLocationApi] Location request 6c9104a(Listener) PRIORITY_BALANCED_POWER_ACCURACY interval=300000 from com.wallapop

11-10 10:51:52.235  4211  5505 I WindowManager: Cancelling animation restarting=false, leash=null, surface=Surface(name=AppWindowToken{e30274f token=Token{3a3adae ActivityRecord{337e629 u0 com.wallapop/com.rewallapop.ui.main.MainActivity t2125}}})/@0x2b3792f, parent=Surface(name=Task=2125)/@0xeb11b3c

11-10 10:51:52.242  4211  4228 D CodecSolution: isMaxAspectPackageEx: com.wallapop : true(2)

11-10 10:51:52.249  3727  5386 I SurfaceFlinger: id=23708 Removed AppWindowToken{e30274f token=Token{3a3adae ActivityRecord{337e629 u0 com.wallapop/com.rewallapop.ui.main.MainActivity t2125}}}#0 (0/52)

11-10 10:51:52.263  3727  3727 I Layer   : id=23708 onRemoved AppWindowToken{e30274f token=Token{3a3adae ActivityRecord{337e629 u0 com.wallapop/com.rewallapop.ui.main.MainActivity t2125}}}#0

11-10 10:51:52.370  4211  4669 D MdnieScenarioControlService:  packageName : com.wallapop    className : com.rewallapop.ui.wall.WallActivity

11-10 10:51:52.572 14740 14740 W com.wallapop: Accessing hidden field Landroid/view/View;->mAccessibilityDelegate:Landroid/view/View$AccessibilityDelegate; (light greylist, reflection)

11-10 10:51:52.707 14740 14745 I com.wallapop: Compiler allocated 4MB to compile void android.widget.TextView.<init>(android.content.Context, android.util.AttributeSet, int, int)

11-10 10:51:52.980 14740 14751 I com.wallapop: Background concurrent copying GC freed 181136(10MB) AllocSpace objects, 92(7MB) LOS objects, 40% free, 35MB/59MB, paused 373us total 205.040ms

11-10 10:51:53.548 14740 14740 W View    : requestLayout() improperly called by com.wallapop.design.view.WallapopTextView{7cc51f7 V.ED..... ......ID 47,26-47,86 #7f0a0904 app:id/wp__home__tv_bubble} during layout: running second layout pass

11-10 10:51:54.201  4211  4390 D WifiTrafficPoller: TrafficStats TxPkts=771173 RxPkts=1367535 TxBytes=175899663 RxBytes=1292352097 , Foreground uid=10311 pkgName=com.wallapop TxPackets=67358 RxPackets=75669 TxBytes=10605727 RxBytes=73249683

11-10 10:51:55.546  4211  5504 D WifiPermissionsUtil: canAccessScanResults: pkgName = com.wallapop, uid = 10311

11-10 10:51:56.090 14740 14990 D Amazon DTB Ads API: with query params:[?dt=android&app=app&dinfo=%7B%22os%22%3A%22Android%22%2C%22model%22%3A%22SM-A750FN%22%2C%22make%22%3A%22samsung%22%2C%22osVersion%22%3A%229%22%2C%22connectionType%22%3A%22Wifi%22%2C%22country%22%3A%22ES%22%2C%22scalingFactor%22%3A%222.625%22%2C%22carrier%22%3A%22JAZZTEL%22%2C%22language%22%3A%22es%22%2C%22screenSize%22%3A%221080x2094%22%2C%22orientation%22%3A%22portrait%22%7D&oo=0&aud=3p&idfa=bf505ce3-e614-4d9a-a4d7-9c324edc6560&appId=d2ba46e2d5ef4c9883051d9c8d0125d5&sdkVer=aps-android-7.4.3&ua=Dalvik%2F2.1.0%20%28Linux%3B%20U%3B%20Android%209%3B%20SM-A750FN%20Build%2FPPR1.180610.011%29&pkg=%7B%22lbl%22%3A%22_Wallapop_%22%2C%22pn%22%3A%22com.wallapop%22%2C%22v%22%3A%221850000%22%2C%22vn%22%3A%221.85.0-d1910251130%22%7D]

11-10 10:51:56.536 14740 14990 D Amazon DTB Ads API: Error while connecting to remote server: https://s.amazon-adsystem.com/api3/generate_did?dt=android&app=app&dinfo=%7B%22os%22%3A%22Android%22%2C%22model%22%3A%22SM-A750FN%22%2C%22make%22%3A%22samsung%22%2C%22osVersion%22%3A%229%22%2C%22connectionType%22%3A%22Wifi%22%2C%22country%22%3A%22ES%22%2C%22scalingFactor%22%3A%222.625%22%2C%22carrier%22%3A%22JAZZTEL%22%2C%22language%22%3A%22es%22%2C%22screenSize%22%3A%221080x2094%22%2C%22orientation%22%3A%22portrait%22%7D&oo=0&aud=3p&idfa=bf505ce3-e614-4d9a-a4d7-9c324edc6560&appId=d2ba46e2d5ef4c9883051d9c8d0125d5&sdkVer=aps-android-7.4.3&ua=Dalvik%2F2.1.0%20%28Linux%3B%20U%3B%20Android%209%3B%20SM-A750FN%20Build%2FPPR1.180610.011%29&pkg=%7B%22lbl%22%3A%22_Wallapop_%22%2C%22pn%22%3A%22com.wallapop%22%2C%22v%22%3A%221850000%22%2C%22vn%22%3A%221.85.0-d1910251130%22%7D with error:Chain validation failed

11-10 10:51:56.538 14740 14990 E Amazon DTB Ads API: 	at com.wallapop.thirdparty.ads.b.a.a(SourceFile:43)

11-10 10:51:56.538 14740 14990 E Amazon DTB Ads API: 	at com.wallapop.thirdparty.ads.b.a$b$1.invokeSuspend(SourceFile:34)

11-10 10:51:56.538 14740 14990 E Amazon DTB Ads API: 	at com.wallapop.thirdparty.ads.b.a$b$1.invoke(Unknown Source:10)

11-10 10:51:56.538 14740 14990 E Amazon DTB Ads API: 	at com.wallapop.thirdparty.ads.b.a$b.invokeSuspend(SourceFile:33)

11-10 10:51:56.621 14740 15301 D Amazon DTB Ads API: with query params:[?dt=android&app=app&dinfo=%7B%22os%22%3A%22Android%22%2C%22model%22%3A%22SM-A750FN%22%2C%22make%22%3A%22samsung%22%2C%22osVersion%22%3A%229%22%2C%22connectionType%22%3A%22Wifi%22%2C%22country%22%3A%22ES%22%2C%22scalingFactor%22%3A%222.625%22%2C%22carrier%22%3A%22JAZZTEL%22%2C%22language%22%3A%22es%22%2C%22screenSize%22%3A%221080x2094%22%2C%22orientation%22%3A%22portrait%22%7D&oo=0&aud=3p&idfa=bf505ce3-e614-4d9a-a4d7-9c324edc6560&appId=d2ba46e2d5ef4c9883051d9c8d0125d5&sdkVer=aps-android-7.4.3&ua=Dalvik%2F2.1.0%20%28Linux%3B%20U%3B%20Android%209%3B%20SM-A750FN%20Build%2FPPR1.180610.011%29&pkg=%7B%22lbl%22%3A%22_Wallapop_%22%2C%22pn%22%3A%22com.wallapop%22%2C%22v%22%3A%221850000%22%2C%22vn%22%3A%221.85.0-d1910251130%22%7D]

11-10 10:51:57.066 14740 15301 D Amazon DTB Ads API: Error while connecting to remote server: https://s.amazon-adsystem.com/api3/generate_did?dt=android&app=app&dinfo=%7B%22os%22%3A%22Android%22%2C%22model%22%3A%22SM-A750FN%22%2C%22make%22%3A%22samsung%22%2C%22osVersion%22%3A%229%22%2C%22connectionType%22%3A%22Wifi%22%2C%22country%22%3A%22ES%22%2C%22scalingFactor%22%3A%222.625%22%2C%22carrier%22%3A%22JAZZTEL%22%2C%22language%22%3A%22es%22%2C%22screenSize%22%3A%221080x2094%22%2C%22orientation%22%3A%22portrait%22%7D&oo=0&aud=3p&idfa=bf505ce3-e614-4d9a-a4d7-9c324edc6560&appId=d2ba46e2d5ef4c9883051d9c8d0125d5&sdkVer=aps-android-7.4.3&ua=Dalvik%2F2.1.0%20%28Linux%3B%20U%3B%20Android%209%3B%20SM-A750FN%20Build%2FPPR1.180610.011%29&pkg=%7B%22lbl%22%3A%22_Wallapop_%22%2C%22pn%22%3A%22com.wallapop%22%2C%22v%22%3A%221850000%22%2C%22vn%22%3A%221.85.0-d1910251130%22%7D with error:Chain validation failed

11-10 10:51:57.104 14740 15301 D Amazon DTB Ads API: with json params:[{"oo":"false","dinfo":{"os":"Android","model":"SM-A750FN","make":"samsung","osVersion":"9","connectionType":"Wifi","country":"ES","scalingFactor":"2.625","carrier":"JAZZTEL","language":"es","screenSize":"1080x2094","orientation":"portrait"},"adsdk":"aps-android-7.4.3","slots":[{"sz":"320x50","slot":"f414d83c-ab9f-4e02-9c59-5137663ee6c7","slotId":1,"supportedMediaTypes":["DISPLAY"]}],"mraid":["1.0","2.0","3.0"],"appId":"d2ba46e2d5ef4c9883051d9c8d0125d5","idfa":"bf505ce3-e614-4d9a-a4d7-9c324edc6560","geoloc":"41.4058221,2.1864421,18.994","isDTBMobile":"true","ua":"Dalvik\/2.1.0 (Linux; U; Android 9; SM-A750FN Build\/PPR1.180610.011)","pkg":{"lbl":"_Wallapop_","pn":"com.wallapop","v":"1850000","vn":"1.85.0-d1910251130"},"gdpr":{"e":"1","c":"BOR0xKKOR0xKKABABAENBZ-AAAAfZ7_______9______9uz_Gv_v_f__33e8__9v_l_7_-___u_-33d4-_1vX99yfm1-7ftr3tp_86ues2vHqK9ZoA"}}]

11-10 10:51:57.256 14740 14751 I com.wallapop: Background concurrent copying GC freed 391919(22MB) AllocSpace objects, 163(16MB) LOS objects, 49% free, 21MB/42MB, paused 388us total 199.755ms

11-10 10:51:58.255  4211  4390 D WifiTrafficPoller: TrafficStats TxPkts=771458 RxPkts=1367843 TxBytes=175976871 RxBytes=1292579966 , Foreground uid=10311 pkgName=com.wallapop TxPackets=67590 RxPackets=75882 TxBytes=10653485 RxBytes=73423925

11-10 10:51:58.454 14740 14740 W com.wallapop: Accessing hidden method Landroid/media/AudioTrack;->getLatency()I (light greylist, reflection)

11-10 10:51:58.907  4211  4475 I CodecSolution: pid(14740) pkg(com.wallapop)

11-10 10:51:58.917  4211  6257 D CodecSolution: topName : com.wallapop

11-10 10:51:58.917  4211  6257 I CodecSolution: Top : com.wallapop

11-10 10:51:58.917  4211  6257 D SCPMHelper: getPackageInfo(com.wallapop)

11-10 10:51:59.461  4211  4475 I CodecSolution: pid(14740) pkg(com.wallapop)

11-10 10:51:59.474  4211  6759 D CodecSolution: topName : com.wallapop

11-10 10:51:59.474  4211  6759 I CodecSolution: Top : com.wallapop

11-10 10:51:59.474  4211  6759 D SCPMHelper: getPackageInfo(com.wallapop)

11-10 10:51:59.531 14740 15341 I chatty  : uid=10311(com.wallapop) CodecLooper identical 1 line

11-10 10:51:59.775 14740 15320 I chatty  : uid=10311(com.wallapop) CodecLooper identical 3 lines

11-10 10:52:00.398 14740 15341 I chatty  : uid=10311(com.wallapop) CodecLooper identical 1 line

11-10 10:52:00.792 14740 14751 I com.wallapop: Background concurrent copying GC freed 190809(10MB) AllocSpace objects, 152(7MB) LOS objects, 47% free, 26MB/50MB, paused 316us total 183.738ms

11-10 10:52:02.333  4211  4390 D WifiTrafficPoller: TrafficStats TxPkts=771677 RxPkts=1368081 TxBytes=176036066 RxBytes=1292683516 , Foreground uid=10311 pkgName=com.wallapop TxPackets=67790 RxPackets=76090 TxBytes=10706791 RxBytes=73520054


