Executed '[C740] Help: Access and sections' on 28-07-2019
---------------------------------------------------------------------------------
07-28 21:24:04.499   804   832 I ActivityManager: Force stopping com.wallapop appid=10291 user=0: from pid 5193

07-28 21:24:04.499   804   832 I ActivityManager: Killing 2899:com.wallapop/u0a291 (adj 15): stop com.wallapop cause from pid 5193

07-28 21:24:04.499   804   832 D ActivityManager: isAutoRunBlockedApp:: com.wallapop, Auto Run ON

07-28 21:24:04.519   804   804 V AlarmManager: Remove alarm for next reason : android.intent.action.PACKAGE_RESTARTED : package: com.wallapop

07-28 21:24:04.679   804  1919 W BroadcastQueue: Skipping deliver [sec] BroadcastRecord{86943de u-1 android.intent.action.SCREEN_ON qIdx=1}, state= (IDLE) to ReceiverList{96f359b 2899 com.wallapop/10291/u0 remote:29015aa}: filter unregistered

07-28 21:24:04.779   804  1324 V WindowManager: addAppToken: AppWindowToken{27432db token=Token{941bfea ActivityRecord{aae2bd5 u0 com.wallapop/com.rewallapop.ui.main.MainActivity t1463}}} to stack=1 task=1463 at 0

07-28 21:24:04.809  5342  5342 W SELinux : SELinux: seapp_context_lookup: seinfo=default, level=s0:c512,c768, pkgname=com.wallapop

07-28 21:24:04.809   804  1502 I ActivityManager: Start proc 5342:com.wallapop/u0a291 for activity com.wallapop/com.rewallapop.ui.main.MainActivity

07-28 21:24:04.829   804   932 D ISSUE_DEBUG: InputChannelName : 512b445 Starting com.wallapop

07-28 21:24:04.889   804   932 V WindowStateAnimator: Finishing drawing window Window{512b445 u0 d0 Starting com.wallapop}: mDrawState=DRAW_PENDING

07-28 21:24:04.889   804  1920 D ActivityManager:  Launching com.wallapop, updated priority

07-28 21:24:04.919   804   890 V MARsPolicyManager: updatePackagesScore PackageInfo name -- com.wallapop

07-28 21:24:04.929   804   891 D StatusBarManagerService: manageDisableList userId=0 what=0x0 pkg=Window{512b445 u0 d0 Starting com.wallapop}

07-28 21:24:04.929  5342  5342 W ResourcesManager: getTopLevelResources: /data/app/com.wallapop-1/base.apk / 1.0 running in com.wallapop rsrc of package null

07-28 21:24:05.319  5342  5401 W ResourcesManager: getTopLevelResources: /data/app/com.google.android.gms-2/base.apk / 1.0 running in com.wallapop rsrc of package null

07-28 21:24:05.379  5342  5342 W ResourcesManager: getTopLevelResources: /data/app/com.wallapop-1/base.apk / 1.0 running in com.wallapop rsrc of package null

07-28 21:24:05.399  5342  5342 W ResourcesManager: getTopLevelResources: /data/app/com.wallapop-1/base.apk / 1.0 running in com.wallapop rsrc of package null

07-28 21:24:05.409  5342  5413 W System.err: remove failed: ENOENT (No such file or directory) : /data/user/0/com.wallapop/files/AppEventsLogger.persistedevents

07-28 21:24:05.419  5342  5401 W ResourcesManager: getTopLevelResources: /data/app/com.google.android.gms-2/base.apk / 1.0 running in com.wallapop rsrc of package null

07-28 21:24:05.419  5342  5342 W ResourcesManager: getTopLevelResources: /data/app/com.wallapop-1/base.apk / 1.0 running in com.wallapop rsrc of package null

07-28 21:24:05.459  5342  5401 W ResourcesManager: getTopLevelResources: /data/data/com.google.android.gms/app_chimera/m/0000003f/dl-AdsFdrDynamite.integ_20300000008.apk / 1.0 running in com.wallapop rsrc of package null

07-28 21:24:05.469  5342  5401 W ResourcesManager: getTopLevelResources: /data/data/com.google.android.gms/app_chimera/m/0000003f/dl-AdsFdrDynamite.integ_20300000008.apk / 1.0 running in com.wallapop rsrc of package null

07-28 21:24:05.599  5342  5342 W ResourcesManager: getTopLevelResources: /data/app/com.wallapop-1/base.apk / 1.0 running in com.wallapop rsrc of package null

07-28 21:24:05.649  5022  5022 I ClearDataReceiver: [#DCM#] Intent Data: package:com.wallapop

07-28 21:24:05.909  5342  5390 I FA      :   adb shell setprop debug.firebase.analytics.app com.wallapop

07-28 21:24:06.129  5342  5342 W System.err: mkdir failed: EEXIST (File exists) : /data/user/0/com.wallapop/cache/okhttp

07-28 21:24:07.199  5342  5464 I stetho  : Listening on @stetho_com.wallapop_devtools_remote

07-28 21:24:07.219  5342  5462 W ResourcesManager: getTopLevelResources: /data/app/com.google.android.gms-2/base.apk / 1.0 running in com.wallapop rsrc of package null

07-28 21:24:07.219  5342  5342 I art     : Rejecting re-init on previously-failed class java.lang.Class<com.wallapop.clickstream.JobIntentService$f>

07-28 21:24:07.219  5342  5342 I art     : Rejecting re-init on previously-failed class java.lang.Class<com.wallapop.clickstream.JobIntentService$f>

07-28 21:24:07.539  5342  5342 W ResourcesManager: getTopLevelResources: /data/data/com.google.android.gms/app_chimera/m/0000003f/dl-AdsFdrDynamite.integ_20300000008.apk / 1.0 running in com.wallapop rsrc of package null

07-28 21:24:07.569  5342  5342 W ResourcesManager: getTopLevelResources: /data/app/com.google.android.gms-2/base.apk / 1.0 running in com.wallapop rsrc of package null

07-28 21:24:07.569  5342  5472 W System.err: remove failed: ENOENT (No such file or directory) : /data/user/0/com.wallapop/files/tfidf.db

07-28 21:24:07.579  5342  5472 W System.err: remove failed: ENOENT (No such file or directory) : /data/user/0/com.wallapop/databases/__hs__db_error_reports

07-28 21:24:07.579  5342  5472 W System.err: remove failed: ENOENT (No such file or directory) : /data/user/0/com.wallapop/databases/__hs__db_error_reports-journal

07-28 21:24:07.579  5342  5472 W System.err: remove failed: ENOENT (No such file or directory) : /data/user/0/com.wallapop/databases/__hs__db_error_reports-shm

07-28 21:24:07.579  5342  5472 W System.err: remove failed: ENOENT (No such file or directory) : /data/user/0/com.wallapop/databases/__hs__db_error_reports-wal

07-28 21:24:07.679  5342  5342 W ResourcesManager: getTopLevelResources: /data/app/com.google.android.webview-1/base.apk / 1.0 running in com.wallapop rsrc of package null

07-28 21:24:10.359  5342  5342 W ResourcesManager: getTopLevelResources: /data/app/com.wallapop-1/base.apk / 1.0 running in com.wallapop rsrc of package null

07-28 21:24:10.369   804  1257 V AlarmManager:  remove PendingIntent] PendingIntent{edb2722: PendingIntentRecord{f8835b3 com.wallapop broadcastIntent}}

07-28 21:24:10.379  5342  5342 W ResourcesManager: getTopLevelResources: /data/app/com.wallapop-1/base.apk / 1.0 running in com.wallapop rsrc of package null

07-28 21:24:10.709   804  1920 V AlarmManager:  remove PendingIntent] PendingIntent{d467a0f: PendingIntentRecord{6ccba9c com.wallapop broadcastIntent}}

07-28 21:24:10.749   804  2436 D LocationManagerService: request 4ce787a passive Request[POWER_NONE passive fastest=0 num=1] from com.wallapop(10291)

07-28 21:24:10.749   804  2436 I AppOps  : sendInfoToFLP, code=41 , uid=10291 , packageName=com.wallapop , type=startOp

07-28 21:24:10.809  5342  5342 W System.err: remove failed: ENOENT (No such file or directory) : /data/user/0/com.wallapop/cache/okhttp/journal.tmp

07-28 21:24:10.859  5342  5342 I Timeline: Timeline: Activity_launch_request id:com.wallapop time:189641253

07-28 21:24:10.869   804  1257 V WindowManager: addAppToken: AppWindowToken{4bba246 token=Token{10aee21 ActivityRecord{238e488 u0 com.wallapop/com.rewallapop.ui.wall.WallActivity t1463}}} to stack=1 task=1463 at 1

07-28 21:24:10.869   804   891 D StatusBarManagerService: manageDisableList userId=0 what=0x0 pkg=Window{512b445 u0 d0 Starting com.wallapop}

07-28 21:24:11.019  5342  5452 W ResourcesManager: getTopLevelResources: /data/app/com.google.android.gms-2/base.apk / 1.0 running in com.wallapop rsrc of package null

07-28 21:24:11.079   804   890 D ApplicationPolicy: isStatusBarNotificationAllowedAsUser: packageName = com.wallapop,userId = 0

07-28 21:24:11.089   804   890 V MARsPolicyManager: updatePackagesScore PackageInfo name -- com.wallapop

07-28 21:24:11.099   804   804 D MARsPolicyManager: NotificationListenerService OngoingNotificationPosted : com.wallapop

07-28 21:24:11.109  1386  1386 W ResourcesManager: getTopLevelResources: /data/app/com.wallapop-1/base.apk / 1.0 running in com.android.systemui rsrc of package null

07-28 21:24:11.129  5342  5500 W System.err: mkdir failed: EEXIST (File exists) : /data/user/0/com.wallapop/cache/WebView/Crash Reports

07-28 21:24:11.159  1386  1386 W ResourcesManager: getTopLevelResources: /data/app/com.wallapop-1/base.apk / 1.0 running in com.android.systemui rsrc of package null

07-28 21:24:11.169  5342  5342 W ResourcesManager: getTopLevelResources: /data/app/com.wallapop-1/base.apk / 1.0 running in com.wallapop rsrc of package null

07-28 21:24:11.229  5342  5342 W ResourcesManager: getTopLevelResources: /data/app/com.wallapop-1/base.apk / 1.0 running in com.wallapop rsrc of package null

07-28 21:24:11.229  1386  1386 W ResourcesManager: getTopLevelResources: /data/app/com.wallapop-1/base.apk / 1.0 running in com.android.systemui rsrc of package null

07-28 21:24:11.269  1386  1386 W ResourcesManager: getTopLevelResources: /data/app/com.wallapop-1/base.apk / 1.0 running in com.android.systemui rsrc of package null

07-28 21:24:11.369   804  1502 V AlarmManager:  remove PendingIntent] PendingIntent{299f21b: PendingIntentRecord{6ccba9c com.wallapop broadcastIntent}}

07-28 21:24:12.049  5342  5705 W ResourcesManager: getTopLevelResources: /data/data/com.google.android.gms/app_chimera/m/0000003f/dl-AdsFdrDynamite.integ_20300000008.apk / 1.0 running in com.wallapop rsrc of package null

07-28 21:24:12.449  5342  5413 W System.err: remove failed: ENOENT (No such file or directory) : /data/user/0/com.wallapop/files/AppEventsLogger.persistedevents

07-28 21:24:12.549   804  1720 D ISSUE_DEBUG: InputChannelName : 729f7eb com.wallapop/com.rewallapop.ui.wall.WallActivity

07-28 21:24:12.559  5342  5342 I Timeline: Timeline: Activity_launch_request id:com.wallapop time:189642958

07-28 21:24:12.599   804  1724 W ActivityManager: startActivity called from finishing ActivityRecord{aae2bd5 u0 com.wallapop/com.rewallapop.ui.main.MainActivity t1463 f}; forcing Intent.FLAG_ACTIVITY_NEW_TASK for: Intent { cmp=com.wallapop/com.rewallapop.ui.privacy.PrivacyPolicyActivity (has extras) }

07-28 21:24:12.639   804  1724 V WindowManager: addAppToken: AppWindowToken{bae27c7 token=Token{7800506 ActivityRecord{bec23e1 u0 com.wallapop/com.rewallapop.ui.privacy.PrivacyPolicyActivity t1463}}} to stack=1 task=1463 at 2

07-28 21:24:12.639   804   891 D StatusBarManagerService: manageDisableList userId=0 what=0x0 pkg=Window{512b445 u0 d0 Starting com.wallapop}

07-28 21:24:12.949  5342  5462 W ResourcesManager: getTopLevelResources: /data/app/com.google.android.gms-2/base.apk / 1.0 running in com.wallapop rsrc of package null

07-28 21:24:13.149   804   890 W ActivityManager: Activity pause timeout for ActivityRecord{238e488 u0 com.wallapop/com.rewallapop.ui.wall.WallActivity t1463}

07-28 21:24:13.169   804   890 V MARsPolicyManager: updatePackagesScore PackageInfo name -- com.wallapop

07-28 21:24:13.419  5342  5342 W ResourcesManager: getTopLevelResources: /data/app/com.wallapop-1/base.apk / 1.0 running in com.wallapop rsrc of package null

07-28 21:24:13.429  5342  5342 W ResourcesManager: getTopLevelResources: /data/app/com.wallapop-1/base.apk / 1.0 running in com.wallapop rsrc of package null

07-28 21:24:13.529   804  1257 V AlarmManager:  remove PendingIntent] PendingIntent{90f07ab: PendingIntentRecord{6ccba9c com.wallapop broadcastIntent}}

07-28 21:24:13.719   804  2377 D ISSUE_DEBUG: InputChannelName : 245319b com.wallapop/com.rewallapop.ui.privacy.PrivacyPolicyActivity

07-28 21:24:13.739  5342  5413 W System.err: remove failed: ENOENT (No such file or directory) : /data/user/0/com.wallapop/files/AppEventsLogger.persistedevents

07-28 21:24:14.299  5642  5653 I Finsky  : [14941] fos.b(2): com.wallapop: Account determined from installer data - [iyuiBytbk-Sv2FWK0M6qH-HKJNU]

07-28 21:24:14.299  5642  5653 I Finsky  : [14941] fos.b(2): com.wallapop: Account from preferred account - [iyuiBytbk-Sv2FWK0M6qH-HKJNU]

07-28 21:24:14.329  5642  5812 I Finsky  : [14994] fos.b(2): com.wallapop: Account determined from installer data - [iyuiBytbk-Sv2FWK0M6qH-HKJNU]

07-28 21:24:14.329  5642  5812 I Finsky  : [14994] fos.b(2): com.wallapop: Account from preferred account - [iyuiBytbk-Sv2FWK0M6qH-HKJNU]

07-28 21:24:14.379  5342  5462 W ResourcesManager: getTopLevelResources: /data/app/com.google.android.gms-2/base.apk / 1.0 running in com.wallapop rsrc of package null

07-28 21:24:14.499   804  1737 V WindowStateAnimator: Finishing drawing window Window{245319b u0 d0 com.wallapop/com.rewallapop.ui.privacy.PrivacyPolicyActivity}: mDrawState=DRAW_PENDING

07-28 21:24:14.509   804   932 I ActivityManager: Displayed com.wallapop/com.rewallapop.ui.privacy.PrivacyPolicyActivity: +1s356ms (total +3h56m28s173ms)

07-28 21:24:14.509   804   932 I Timeline: Timeline: Activity_windows_visible id: ActivityRecord{bec23e1 u0 com.wallapop/com.rewallapop.ui.privacy.PrivacyPolicyActivity t1463} time:189644904

07-28 21:24:14.539   804  1257 I AppOps  : sendInfoToFLP, code=41 , uid=10291 , packageName=com.wallapop , type=startOp

07-28 21:24:14.579  5642  5814 I Finsky  : [14995] fos.b(2): com.wallapop: Account determined from installer data - [iyuiBytbk-Sv2FWK0M6qH-HKJNU]

07-28 21:24:14.579  5642  5814 I Finsky  : [14995] fos.b(2): com.wallapop: Account from preferred account - [iyuiBytbk-Sv2FWK0M6qH-HKJNU]

07-28 21:24:14.669   804  2436 V WindowStateAnimator: Finishing drawing window Window{245319b u0 d0 com.wallapop/com.rewallapop.ui.privacy.PrivacyPolicyActivity}: mDrawState=HAS_DRAWN

07-28 21:24:16.039  5642  5652 I Finsky  : [14940] fos.b(2): com.wallapop: Account determined from installer data - [iyuiBytbk-Sv2FWK0M6qH-HKJNU]

07-28 21:24:16.039  5642  5652 I Finsky  : [14940] fos.b(2): com.wallapop: Account from preferred account - [iyuiBytbk-Sv2FWK0M6qH-HKJNU]

07-28 21:24:16.469   804  1324 I AppOps  : sendInfoToFLP, code=41 , uid=10291 , packageName=com.wallapop , type=finishOp

07-28 21:24:16.479  5342  5342 V ActivityThread: updateVisibility : ActivityRecord{f861680 token=android.os.BinderProxy@11433e8 {com.wallapop/com.rewallapop.ui.wall.WallActivity}} show : false

07-28 21:24:16.589  5342  5925 W ResourcesManager: getTopLevelResources: /data/app/com.google.android.gms-2/base.apk / 1.0 running in com.wallapop rsrc of package null

07-28 21:24:16.649  5642  5653 I Finsky  : [14941] fos.b(2): com.wallapop: Account determined from installer data - [iyuiBytbk-Sv2FWK0M6qH-HKJNU]

07-28 21:24:16.649  5642  5653 I Finsky  : [14941] fos.b(2): com.wallapop: Account from preferred account - [iyuiBytbk-Sv2FWK0M6qH-HKJNU]

07-28 21:24:16.929  5642  5814 I Finsky  : [14995] fos.b(2): com.wallapop: Account determined from installer data - [iyuiBytbk-Sv2FWK0M6qH-HKJNU]

07-28 21:24:16.929  5642  5814 I Finsky  : [14995] fos.b(2): com.wallapop: Account from preferred account - [iyuiBytbk-Sv2FWK0M6qH-HKJNU]

07-28 21:24:17.349  5342  5939 W ResourcesManager: getTopLevelResources: /data/app/com.google.android.gms-2/base.apk / 1.0 running in com.wallapop rsrc of package null

07-28 21:24:17.459  5642  5812 I Finsky  : [14994] fos.b(2): com.wallapop: Account determined from installer data - [iyuiBytbk-Sv2FWK0M6qH-HKJNU]

07-28 21:24:17.459  5642  5812 I Finsky  : [14994] fos.b(2): com.wallapop: Account from preferred account - [iyuiBytbk-Sv2FWK0M6qH-HKJNU]

07-28 21:24:19.069  5642  5814 I Finsky  : [14995] fos.b(2): com.wallapop: Account determined from installer data - [iyuiBytbk-Sv2FWK0M6qH-HKJNU]

07-28 21:24:19.069  5642  5814 I Finsky  : [14995] fos.b(2): com.wallapop: Account from preferred account - [iyuiBytbk-Sv2FWK0M6qH-HKJNU]

07-28 21:24:19.079  5642  5812 I Finsky  : [14994] fos.b(2): com.wallapop: Account determined from installer data - [iyuiBytbk-Sv2FWK0M6qH-HKJNU]

07-28 21:24:19.079  5642  5812 I Finsky  : [14994] fos.b(2): com.wallapop: Account from preferred account - [iyuiBytbk-Sv2FWK0M6qH-HKJNU]

07-28 21:24:20.749   804   890 V MARsPolicyManager: updatePackagesScore PackageInfo name -- com.wallapop

07-28 21:24:20.879   804  1720 V AlarmManager:  remove PendingIntent] PendingIntent{810847e: PendingIntentRecord{edafddf com.wallapop broadcastIntent}}

07-28 21:24:20.929   804   891 D StatusBarManagerService: manageDisableList userId=0 what=0x0 pkg=Window{729f7eb u0 d0 com.wallapop/com.rewallapop.ui.wall.WallActivity}

07-28 21:24:21.099   804   890 V BroadcastQueue: [background] Process cur broadcast BroadcastRecord{21fa2c4 u0 com.appboy.action.receiver.DATA_SYNC qIdx=4}, state= (APP_RECEIVE) DELIVERED for app ProcessRecord{d98bd7f 5342:com.wallapop/u0a291}

07-28 21:24:21.299   804   833 V WindowStateAnimator: Finishing drawing window Window{729f7eb u0 d0 com.wallapop/com.rewallapop.ui.wall.WallActivity}: mDrawState=DRAW_PENDING

07-28 21:24:21.309   804   932 I ActivityManager: Displayed com.wallapop/com.rewallapop.ui.wall.WallActivity: +10s231ms (total +571ms)

07-28 21:24:21.559   804   932 I Timeline: Timeline: Activity_windows_visible id: ActivityRecord{238e488 u0 com.wallapop/com.rewallapop.ui.wall.WallActivity t1463} time:189651954

07-28 21:24:22.109  5342  5342 W ResourcesManager: getTopLevelResources: /data/app/com.google.android.gms-2/base.apk / 1.0 running in com.wallapop rsrc of package null

07-28 21:24:33.829  5342  5342 I Timeline: Timeline: Activity_launch_request id:com.wallapop time:189664220

07-28 21:24:33.839   804  2436 V WindowManager: addAppToken: AppWindowToken{c8c06cb token=Token{ca5ad9a ActivityRecord{7b8245 u0 com.wallapop/.activities.PreferencesActivity t1463}}} to stack=1 task=1463 at 1

07-28 21:24:33.869   804   890 V MARsPolicyManager: updatePackagesScore PackageInfo name -- com.wallapop

07-28 21:24:33.879  5342  5342 W ResourcesManager: getTopLevelResources: /data/app/com.wallapop-1/base.apk / 1.0 running in com.wallapop rsrc of package null

07-28 21:24:33.879  5342  5342 W ResourcesManager: getTopLevelResources: /data/app/com.wallapop-1/base.apk / 1.0 running in com.wallapop rsrc of package null

07-28 21:24:33.879  5342  5342 W ResourcesManager: getTopLevelResources: /data/app/com.wallapop-1/base.apk / 1.0 running in com.wallapop rsrc of package null

07-28 21:24:33.939   804   833 V AlarmManager:  remove PendingIntent] PendingIntent{db2eea8: PendingIntentRecord{edafddf com.wallapop broadcastIntent}}

07-28 21:24:33.999   804   832 D ISSUE_DEBUG: InputChannelName : c210966 com.wallapop/com.wallapop.activities.PreferencesActivity

07-28 21:24:34.029   804   891 D StatusBarManagerService: manageDisableList userId=0 what=0x0 pkg=Window{c210966 u0 d0 com.wallapop/com.wallapop.activities.PreferencesActivity}

07-28 21:24:34.099   804  2437 V WindowStateAnimator: Finishing drawing window Window{c210966 u0 d0 com.wallapop/com.wallapop.activities.PreferencesActivity}: mDrawState=DRAW_PENDING

07-28 21:24:34.109   804   932 I ActivityManager: Displayed com.wallapop/.activities.PreferencesActivity: +247ms

07-28 21:24:34.119   804  1721 V WindowStateAnimator: Finishing drawing window Window{c210966 u0 d0 com.wallapop/com.wallapop.activities.PreferencesActivity}: mDrawState=HAS_DRAWN

07-28 21:24:34.369   804   932 I Timeline: Timeline: Activity_windows_visible id: ActivityRecord{7b8245 u0 com.wallapop/.activities.PreferencesActivity t1463} time:189664762

07-28 21:24:34.389  5342  5413 W System.err: remove failed: ENOENT (No such file or directory) : /data/user/0/com.wallapop/files/AppEventsLogger.persistedevents

07-28 21:24:34.389  5342  5342 W GmsClientEvents: unregisterConnectionFailedListener(): listener GooglePlayServicesHeadlessFragment{a7d2382 (47546b3f-6c57-4836-87c6-bb69ea09d2c0) com.wallapop.fragments.headless.GooglePlayServicesHeadlessFragment} not found

07-28 21:24:34.389  5342  5342 W GmsClientEvents: unregisterConnectionCallbacks(): listener GooglePlayServicesHeadlessFragment{a7d2382 (47546b3f-6c57-4836-87c6-bb69ea09d2c0) com.wallapop.fragments.headless.GooglePlayServicesHeadlessFragment} not found

07-28 21:24:34.399  5342  5342 V ActivityThread: updateVisibility : ActivityRecord{f861680 token=android.os.BinderProxy@11433e8 {com.wallapop/com.rewallapop.ui.wall.WallActivity}} show : false

07-28 21:24:35.669  5342  5342 E WallapopError: 	at com.wallapop.kernel.l.e$a.a(SourceFile:4)

07-28 21:24:35.669  5342  5342 E WallapopError: 	at com.wallapop.kernel.l.g$a.a(SourceFile:6)

07-28 21:24:35.669  5342  5342 E WallapopError: 	at com.wallapop.kernel.l.e$a.a(SourceFile)


