Executed '[C740] Help: Access and sections' on 02-07-2019
---------------------------------------------------------------------------------
07-02 16:40:35.164   874  1661 V BroadcastQueue: [background] Process cur broadcast BroadcastRecord{51f9203 u0 com.appboy.action.receiver.DATA_SYNC qIdx=4}, state= (APP_RECEIVE) DELIVERED for app ProcessRecord{965b9e1 11140:com.wallapop/u0a267}

07-02 16:40:36.404   874  1015 I LocationManagerService: remove 5ca3e1a by com.wallapop

07-02 16:40:36.404   874  1015 I AppOps  : sendInfoToFLP, code=41 , uid=10267 , packageName=com.wallapop , type=finishOp

07-02 16:40:38.224 11140 11642 W ResourcesManager: getTopLevelResources: /data/app/com.google.android.gms-1/base.apk / 1.0 running in com.wallapop rsrc of package null

07-02 16:40:58.774 11140 11140 V ActivityThread: updateVisibility : ActivityRecord{198f427 token=android.os.BinderProxy@fd8953d {com.wallapop/com.rewallapop.ui.wall.WallActivity}} show : true

07-02 16:40:58.784 11140 11169 W System.err: remove failed: ENOENT (No such file or directory) : /data/user/0/com.wallapop/files/AppEventsLogger.persistedevents

07-02 16:40:58.794   874  3012 I AppOps  : sendInfoToFLP, code=41 , uid=10267 , packageName=com.wallapop , type=finishOp

07-02 16:40:58.794   874  5340 V AlarmManager:  remove PendingIntent] PendingIntent{f6e2032: PendingIntentRecord{d9b16d3 com.wallapop broadcastIntent}}

07-02 16:41:02.444   874  1714 I ActivityManager: Force stopping com.wallapop appid=10267 user=0: from pid 11964

07-02 16:41:02.444   874  1714 I ActivityManager: Killing 11140:com.wallapop/u0a267 (adj 2): stop com.wallapop cause from pid 11964

07-02 16:41:02.454   874  1714 D ActivityManager: isAutoRunBlockedApp:: com.wallapop, Auto Run ON

07-02 16:41:02.454   874  1714 I ActivityManager: isWidgetUsingPkg : com.wallapop no widget is using.

07-02 16:41:02.464   874   874 D MARsPolicyManager: NotificationListenerService OngoingNotificationRemoved : com.wallapop

07-02 16:41:02.474 12001 12001 W SELinux : SELinux: seapp_context_lookup: seinfo=default, level=s0:c512,c768, pkgname=com.wallapop

07-02 16:41:02.474   874  1714 I ActivityManager: Start proc 12001:com.wallapop/u0a267 for activity com.wallapop/com.rewallapop.ui.wall.WallActivity

07-02 16:41:02.484   874  1714 I ActivityManager:   Force finishing activity ActivityRecord{cacb327 u0 com.wallapop/com.rewallapop.ui.wall.WallActivity t852}

07-02 16:41:02.524   874   874 V AlarmManager: Remove alarm for next reason : android.intent.action.PACKAGE_RESTARTED : package: com.wallapop

07-02 16:41:02.554 10821 10821 I ClearDataReceiver: [#DCM#] Intent Data: package:com.wallapop

07-02 16:41:02.584 12001 12001 W ResourcesManager: getTopLevelResources: /data/app/com.wallapop-1/base.apk / 1.0 running in com.wallapop rsrc of package null

07-02 16:41:02.724 12001 12026 W ResourcesManager: getTopLevelResources: /data/app/com.wallapop-1/base.apk / 1.0 running in com.wallapop rsrc of package null

07-02 16:41:02.744 12001 12026 I FA      :   adb shell setprop debug.firebase.analytics.app com.wallapop

07-02 16:41:02.754 12001 12001 W ResourcesManager: getTopLevelResources: /data/app/com.wallapop-1/base.apk / 1.0 running in com.wallapop rsrc of package null

07-02 16:41:02.754 12001 12028 W ResourcesManager: getTopLevelResources: /data/app/com.google.android.gms-1/base.apk / 1.0 running in com.wallapop rsrc of package null

07-02 16:41:02.764   874  1721 V AlarmManager:  remove PendingIntent] PendingIntent{6be58a2: PendingIntentRecord{d594933 com.wallapop broadcastIntent}}

07-02 16:41:02.774 12001 12001 W ResourcesManager: getTopLevelResources: /data/app/com.wallapop-1/base.apk / 1.0 running in com.wallapop rsrc of package null

07-02 16:41:02.774 12001 12001 W ResourcesManager: getTopLevelResources: /data/app/com.wallapop-1/base.apk / 1.0 running in com.wallapop rsrc of package null

07-02 16:41:03.244 12001 12001 W System.err: mkdir failed: EEXIST (File exists) : /data/user/0/com.wallapop/cache/okhttp

07-02 16:41:04.354 12001 12071 I stetho  : Listening on @stetho_com.wallapop_devtools_remote

07-02 16:41:04.364 12001 12001 I art     : Rejecting re-init on previously-failed class java.lang.Class<com.wallapop.clickstream.JobIntentService$f>

07-02 16:41:04.364 12001 12001 I art     : Rejecting re-init on previously-failed class java.lang.Class<com.wallapop.clickstream.JobIntentService$f>

07-02 16:41:04.474 12001 12001 W ResourcesManager: getTopLevelResources: /data/app/com.google.android.gms-1/base.apk / 1.0 running in com.wallapop rsrc of package null

07-02 16:41:04.584 12001 12001 W ResourcesManager: getTopLevelResources: /data/app/com.google.android.gms-1/base.apk / 1.0 running in com.wallapop rsrc of package null

07-02 16:41:04.604 12001 12001 W ResourcesManager: getTopLevelResources: /data/app/com.google.android.gms-1/base.apk / 1.0 running in com.wallapop rsrc of package null

07-02 16:41:04.624 12001 12001 W ResourcesManager: getTopLevelResources: /data/data/com.google.android.gms/app_chimera/m/0000003f/dl-AdsFdrDynamite.integ_20300000008.apk / 1.0 running in com.wallapop rsrc of package null

07-02 16:41:04.634 12001 12001 W ResourcesManager: getTopLevelResources: /data/data/com.google.android.gms/app_chimera/m/0000003f/dl-AdsFdrDynamite.integ_20300000008.apk / 1.0 running in com.wallapop rsrc of package null

07-02 16:41:04.724 12001 12001 W ResourcesManager: getTopLevelResources: /data/app/com.google.android.gms-1/base.apk / 1.0 running in com.wallapop rsrc of package null

07-02 16:41:04.794 12001 12073 W System.err: remove failed: ENOENT (No such file or directory) : /data/user/0/com.wallapop/files/tfidf.db

07-02 16:41:04.824 12001 12073 W System.err: remove failed: ENOENT (No such file or directory) : /data/user/0/com.wallapop/databases/__hs__db_error_reports

07-02 16:41:04.824 12001 12073 W System.err: remove failed: ENOENT (No such file or directory) : /data/user/0/com.wallapop/databases/__hs__db_error_reports-journal

07-02 16:41:04.824 12001 12073 W System.err: remove failed: ENOENT (No such file or directory) : /data/user/0/com.wallapop/databases/__hs__db_error_reports-shm

07-02 16:41:04.824 12001 12073 W System.err: remove failed: ENOENT (No such file or directory) : /data/user/0/com.wallapop/databases/__hs__db_error_reports-wal

07-02 16:41:04.834 12001 12001 W ResourcesManager: getTopLevelResources: /data/app/com.google.android.webview-2/base.apk / 1.0 running in com.wallapop rsrc of package null

07-02 16:41:07.864 12001 12030 W ResourcesManager: getTopLevelResources: /data/app/com.google.android.gms-1/base.apk / 1.0 running in com.wallapop rsrc of package null

07-02 16:41:07.994 12001 12134 W System.err: mkdir failed: EEXIST (File exists) : /data/user/0/com.wallapop/cache/WebView/Crash Reports

07-02 16:41:07.994   874  5340 V AlarmManager:  remove PendingIntent] PendingIntent{7a598c3: PendingIntentRecord{d9b16d3 com.wallapop broadcastIntent}}

07-02 16:41:23.004 12001 12037 W System.err: remove failed: ENOENT (No such file or directory) : /data/user/0/com.wallapop/files/AppEventsLogger.persistedevents

07-02 16:43:36.104 10860 11511 I appium  : AppiumResponse: {"sessionId":"None","status":0,"value":[{"id":"542d3579-6b01-486b-b42f-4742060c4463","capabilities":{"androidInstallTimeout":150000,"appActivity":"com.rewallapop.ui.main.MainActivity","webStorageEnabled":false,"appPackage":"com.wallapop","skipDeviceInitialization":true,"ignoreUnimportantViews":true,"systemPort":8223,"takesScreenshot":true,"databaseEnabled":false,"deviceUDID":"0ea85270","udid":"0ea85270","avd":"","deviceName":"0ea85270","javascriptEnabled":true,"fullReset":false,"platformName":"android","desired":{"platformName":"android","normalizeTagNames":true,"androidInstallTimeout":150000,"app":"","appActivity":"com.rewallapop.ui.main.MainActivity","appPackage":"com.wallapop","isHeadless":false,"skipDeviceInitialization":true,"automationName":"UiAutomator2","avd":"","deviceName":"0ea85270","deviceReadyTimeout":1,"fullReset":false,"ignoreUnimportantViews":true,"newCommandTimeout":60,"noReset":true,"systemPort":8223,"udid":"0ea85270"},"normalizeTagNames":true,"networkConnectionEnabled":true,"isHeadless":false,"warnings":{},"app":"","platform":"LINUX","newCommandTimeout":60,"noReset":true,"automationName":"UiAutomator2","deviceReadyTimeout":1,"locationContextEnabled":false}}]}

07-02 16:43:44.664   874  3012 I ActivityManager: Force stopping com.wallapop appid=10267 user=0: from pid 12609

07-02 16:43:44.664   874  3012 I ActivityManager: Killing 12001:com.wallapop/u0a267 (adj 15): stop com.wallapop cause from pid 12609

07-02 16:43:44.664   874  3012 D ActivityManager: isAutoRunBlockedApp:: com.wallapop, Auto Run ON

07-02 16:43:44.674   874   874 V AlarmManager: Remove alarm for next reason : android.intent.action.PACKAGE_RESTARTED : package: com.wallapop

07-02 16:43:44.704 10821 10821 I ClearDataReceiver: [#DCM#] Intent Data: package:com.wallapop

07-02 16:43:44.934   874  2020 V WindowManager: addAppToken: AppWindowToken{bad8b25 token=Token{a67831c ActivityRecord{3e5148f u0 com.wallapop/com.rewallapop.ui.main.MainActivity t853}}} to stack=1 task=853 at 0

07-02 16:43:44.944   874  1132 D ISSUE_DEBUG: InputChannelName : ea61d20 Starting com.wallapop

07-02 16:43:44.964   874  1722 I ActivityManager: Start proc 12643:com.wallapop/u0a267 for activity com.wallapop/com.rewallapop.ui.main.MainActivity

07-02 16:43:44.964 12643 12643 W SELinux : SELinux: seapp_context_lookup: seinfo=default, level=s0:c512,c768, pkgname=com.wallapop

07-02 16:43:44.994   874  1132 V WindowStateAnimator: Finishing drawing window Window{ea61d20 u0 d0 Starting com.wallapop}: mDrawState=DRAW_PENDING

07-02 16:43:45.014   874  2732 D ActivityManager:  Launching com.wallapop, updated priority

07-02 16:43:45.034   874  1027 V MARsPolicyManager: updatePackagesScore PackageInfo name -- com.wallapop

07-02 16:43:45.034   874  1028 D StatusBarManagerService: manageDisableList userId=0 what=0x0 pkg=Window{ea61d20 u0 d0 Starting com.wallapop}

07-02 16:43:45.044 12643 12643 W ResourcesManager: getTopLevelResources: /data/app/com.wallapop-1/base.apk / 1.0 running in com.wallapop rsrc of package null

07-02 16:43:45.194 12643 12661 W ResourcesManager: getTopLevelResources: /data/app/com.wallapop-1/base.apk / 1.0 running in com.wallapop rsrc of package null

07-02 16:43:45.204 12643 12661 I FA      :   adb shell setprop debug.firebase.analytics.app com.wallapop

07-02 16:43:45.204   874  1721 V AlarmManager:  remove PendingIntent] PendingIntent{abf0811: PendingIntentRecord{5f1cd76 com.wallapop broadcastIntent}}

07-02 16:43:45.204 12643 12643 W ResourcesManager: getTopLevelResources: /data/app/com.wallapop-1/base.apk / 1.0 running in com.wallapop rsrc of package null

07-02 16:43:45.214 12643 12663 W ResourcesManager: getTopLevelResources: /data/app/com.google.android.gms-1/base.apk / 1.0 running in com.wallapop rsrc of package null

07-02 16:43:45.214 12643 12643 W ResourcesManager: getTopLevelResources: /data/app/com.wallapop-1/base.apk / 1.0 running in com.wallapop rsrc of package null

07-02 16:43:45.214 12643 12669 W ResourcesManager: getTopLevelResources: /data/app/com.google.android.gms-1/base.apk / 1.0 running in com.wallapop rsrc of package null

07-02 16:43:45.214 12643 12643 W ResourcesManager: getTopLevelResources: /data/app/com.wallapop-1/base.apk / 1.0 running in com.wallapop rsrc of package null

07-02 16:43:45.224 12643 12671 W System.err: remove failed: ENOENT (No such file or directory) : /data/user/0/com.wallapop/files/AppEventsLogger.persistedevents

07-02 16:43:45.604 12643 12643 W System.err: mkdir failed: EEXIST (File exists) : /data/user/0/com.wallapop/cache/okhttp

07-02 16:43:46.604 12643 12695 I stetho  : Listening on @stetho_com.wallapop_devtools_remote

07-02 16:43:46.614 12643 12643 I art     : Rejecting re-init on previously-failed class java.lang.Class<com.wallapop.clickstream.JobIntentService$f>

07-02 16:43:46.614 12643 12643 I art     : Rejecting re-init on previously-failed class java.lang.Class<com.wallapop.clickstream.JobIntentService$f>

07-02 16:43:46.724 12643 12643 W ResourcesManager: getTopLevelResources: /data/app/com.google.android.gms-1/base.apk / 1.0 running in com.wallapop rsrc of package null

07-02 16:43:46.784 12643 12643 W ResourcesManager: getTopLevelResources: /data/app/com.google.android.gms-1/base.apk / 1.0 running in com.wallapop rsrc of package null

07-02 16:43:46.814 12643 12643 W ResourcesManager: getTopLevelResources: /data/data/com.google.android.gms/app_chimera/m/0000003f/dl-AdsFdrDynamite.integ_20300000008.apk / 1.0 running in com.wallapop rsrc of package null

07-02 16:43:46.814 12643 12643 W ResourcesManager: getTopLevelResources: /data/data/com.google.android.gms/app_chimera/m/0000003f/dl-AdsFdrDynamite.integ_20300000008.apk / 1.0 running in com.wallapop rsrc of package null

07-02 16:43:46.844 12643 12697 W System.err: remove failed: ENOENT (No such file or directory) : /data/user/0/com.wallapop/files/tfidf.db

07-02 16:43:46.864 12643 12697 W System.err: remove failed: ENOENT (No such file or directory) : /data/user/0/com.wallapop/databases/__hs__db_error_reports

07-02 16:43:46.864 12643 12697 W System.err: remove failed: ENOENT (No such file or directory) : /data/user/0/com.wallapop/databases/__hs__db_error_reports-journal

07-02 16:43:46.864 12643 12697 W System.err: remove failed: ENOENT (No such file or directory) : /data/user/0/com.wallapop/databases/__hs__db_error_reports-shm

07-02 16:43:46.864 12643 12697 W System.err: remove failed: ENOENT (No such file or directory) : /data/user/0/com.wallapop/databases/__hs__db_error_reports-wal

07-02 16:43:46.934 12643 12643 W ResourcesManager: getTopLevelResources: /data/app/com.google.android.webview-2/base.apk / 1.0 running in com.wallapop rsrc of package null

07-02 16:43:49.554 12643 12643 W ResourcesManager: getTopLevelResources: /data/app/com.wallapop-1/base.apk / 1.0 running in com.wallapop rsrc of package null

07-02 16:43:49.564 12643 12643 W ResourcesManager: getTopLevelResources: /data/app/com.wallapop-1/base.apk / 1.0 running in com.wallapop rsrc of package null

07-02 16:43:49.614   874  4874 V AlarmManager:  remove PendingIntent] PendingIntent{dc3dc7d: PendingIntentRecord{d9b16d3 com.wallapop broadcastIntent}}

07-02 16:43:49.824   874   892 V AlarmManager:  remove PendingIntent] PendingIntent{bb6c379: PendingIntentRecord{4f648be com.wallapop broadcastIntent}}

07-02 16:43:49.964 12643 12643 W System.err: remove failed: ENOENT (No such file or directory) : /data/user/0/com.wallapop/cache/okhttp/journal.tmp

07-02 16:43:49.974 12643 12643 I Timeline: Timeline: Activity_launch_request id:com.wallapop time:44514799

07-02 16:43:49.994   874  1220 V WindowManager: addAppToken: AppWindowToken{a6868b1 token=Token{5ac6f58 ActivityRecord{a4d5c3b u0 com.wallapop/com.rewallapop.ui.wall.WallActivity t853}}} to stack=1 task=853 at 1

07-02 16:43:49.994   874  1028 D StatusBarManagerService: manageDisableList userId=0 what=0x0 pkg=Window{ea61d20 u0 d0 Starting com.wallapop}

07-02 16:43:50.084 12643 12685 W ResourcesManager: getTopLevelResources: /data/app/com.google.android.gms-1/base.apk / 1.0 running in com.wallapop rsrc of package null

07-02 16:43:50.154   874  1027 D ApplicationPolicy: isStatusBarNotificationAllowedAsUser: packageName = com.wallapop,userId = 0

07-02 16:43:50.164   874  1027 V MARsPolicyManager: updatePackagesScore PackageInfo name -- com.wallapop

07-02 16:43:50.174   874   874 D MARsPolicyManager: NotificationListenerService OngoingNotificationPosted : com.wallapop

07-02 16:43:50.174 12643 12643 W ResourcesManager: getTopLevelResources: /data/app/com.wallapop-1/base.apk / 1.0 running in com.wallapop rsrc of package null

07-02 16:43:50.184  1391  1391 W ResourcesManager: getTopLevelResources: /data/app/com.wallapop-1/base.apk / 1.0 running in com.android.systemui rsrc of package null

07-02 16:43:50.184 12643 12643 W ResourcesManager: getTopLevelResources: /data/app/com.wallapop-1/base.apk / 1.0 running in com.wallapop rsrc of package null

07-02 16:43:50.204  1391  1391 W ResourcesManager: getTopLevelResources: /data/app/com.wallapop-1/base.apk / 1.0 running in com.android.systemui rsrc of package null

07-02 16:43:50.214  1391  1391 W ResourcesManager: getTopLevelResources: /data/app/com.wallapop-1/base.apk / 1.0 running in com.android.systemui rsrc of package null

07-02 16:43:50.224 12643 12746 W System.err: mkdir failed: EEXIST (File exists) : /data/user/0/com.wallapop/cache/WebView/Crash Reports

07-02 16:43:50.234  1391  1391 W ResourcesManager: getTopLevelResources: /data/app/com.wallapop-1/base.apk / 1.0 running in com.android.systemui rsrc of package null

07-02 16:43:50.254   874   894 V AlarmManager:  remove PendingIntent] PendingIntent{84e5122: PendingIntentRecord{4f648be com.wallapop broadcastIntent}}

07-02 16:43:50.824 12643 12671 W System.err: remove failed: ENOENT (No such file or directory) : /data/user/0/com.wallapop/files/AppEventsLogger.persistedevents

07-02 16:43:50.844 12643 12877 W ResourcesManager: getTopLevelResources: /data/app/com.google.android.gms-1/base.apk / 1.0 running in com.wallapop rsrc of package null

07-02 16:43:50.894   874   894 D ISSUE_DEBUG: InputChannelName : 598b2f6 com.wallapop/com.rewallapop.ui.wall.WallActivity

07-02 16:43:51.014 16056 16225 I Finsky  : [4985] eth.b(2): com.wallapop: Account determined from installer data - [E7ZhE6RtwBr6ZrivWaTWep8klQM]

07-02 16:43:51.014 16056 16225 I Finsky  : [4985] eth.b(9): com.wallapop: Account from preferred account - [E7ZhE6RtwBr6ZrivWaTWep8klQM]

07-02 16:43:51.024 16056  9767 I Finsky  : [5096] eth.b(2): com.wallapop: Account determined from installer data - [E7ZhE6RtwBr6ZrivWaTWep8klQM]

07-02 16:43:51.024 16056  9767 I Finsky  : [5096] eth.b(9): com.wallapop: Account from preferred account - [E7ZhE6RtwBr6ZrivWaTWep8klQM]

07-02 16:43:51.174 12643 12877 D Amazon DTB Ads API: with json params:[{"adsdk":"aps-android-7.4.3","gdpr":{"e":"1","c":"BAAAAAAOa0ob7AcABBENBtAAAAAh6AAA"},"oo":"false","mraid":["1.0","2.0","3.0"],"ua":"Dalvik\/2.1.0 (Linux; U; Android 6.0.1; SM-G900F Build\/MMB29M)","geoloc":"41.4058741,2.1864781,17.374","idfa":"1e214c05-ac1e-4c82-ae75-fb207f9c9c8a","appId":"d2ba46e2d5ef4c9883051d9c8d0125d5","ad-id":"A-6j1GeULkCtsqbiEmqTO1M","slots":[{"sz":"320x50","slot":"f414d83c-ab9f-4e02-9c59-5137663ee6c7","slotId":1,"supportedMediaTypes":["DISPLAY"]}],"dinfo":{"os":"Android","model":"SM-G900F","make":"samsung","osVersion":"6.0.1","connectionType":"13","country":"ES","scalingFactor":"3.0","carrier":"JAZZTEL","language":"es","screenSize":"1080x1920","orientation":"portrait"},"pkg":{"lbl":"_Wallapop_","pn":"com.wallapop","v":"1770000","vn":"1.77.0-d1907021319"},"isDTBMobile":"true"}]

07-02 16:43:51.184   874  1028 D StatusBarManagerService: manageDisableList userId=0 what=0x0 pkg=Window{598b2f6 u0 d0 com.wallapop/com.rewallapop.ui.wall.WallActivity}

07-02 16:43:51.414 16056 16067 I Finsky  : [4929] eth.b(2): com.wallapop: Account determined from installer data - [E7ZhE6RtwBr6ZrivWaTWep8klQM]

07-02 16:43:51.414 16056 16067 I Finsky  : [4929] eth.b(9): com.wallapop: Account from preferred account - [E7ZhE6RtwBr6ZrivWaTWep8klQM]

07-02 16:43:51.464 16056 16226 I Finsky  : [4986] eth.b(2): com.wallapop: Account determined from installer data - [E7ZhE6RtwBr6ZrivWaTWep8klQM]

07-02 16:43:51.464 16056 16226 I Finsky  : [4986] eth.b(9): com.wallapop: Account from preferred account - [E7ZhE6RtwBr6ZrivWaTWep8klQM]

07-02 16:43:51.524 16056 16225 I Finsky  : [4985] eth.b(2): com.wallapop: Account determined from installer data - [E7ZhE6RtwBr6ZrivWaTWep8klQM]

07-02 16:43:51.524 16056 16225 I Finsky  : [4985] eth.b(9): com.wallapop: Account from preferred account - [E7ZhE6RtwBr6ZrivWaTWep8klQM]

07-02 16:43:51.544 16056 16066 I Finsky  : [4928] eth.b(2): com.wallapop: Account determined from installer data - [E7ZhE6RtwBr6ZrivWaTWep8klQM]

07-02 16:43:51.544 16056 16066 I Finsky  : [4928] eth.b(9): com.wallapop: Account from preferred account - [E7ZhE6RtwBr6ZrivWaTWep8klQM]

07-02 16:43:51.574   874  1914 V WindowStateAnimator: Finishing drawing window Window{598b2f6 u0 d0 com.wallapop/com.rewallapop.ui.wall.WallActivity}: mDrawState=DRAW_PENDING

07-02 16:43:51.584   874  1132 I ActivityManager: Displayed com.wallapop/com.rewallapop.ui.wall.WallActivity: +1s418ms (total +2m49s115ms)

07-02 16:43:51.584   874  1132 I Timeline: Timeline: Activity_windows_visible id: ActivityRecord{a4d5c3b u0 com.wallapop/com.rewallapop.ui.wall.WallActivity t853} time:44516403

07-02 16:43:51.644   874  3012 V WindowStateAnimator: Finishing drawing window Window{598b2f6 u0 d0 com.wallapop/com.rewallapop.ui.wall.WallActivity}: mDrawState=HAS_DRAWN

07-02 16:43:51.664 16056  9767 I Finsky  : [5096] eth.b(2): com.wallapop: Account determined from installer data - [E7ZhE6RtwBr6ZrivWaTWep8klQM]

07-02 16:43:51.664 16056  9767 I Finsky  : [5096] eth.b(9): com.wallapop: Account from preferred account - [E7ZhE6RtwBr6ZrivWaTWep8klQM]

07-02 16:43:51.674   874  2020 I AppOps  : sendInfoToFLP, code=41 , uid=10267 , packageName=com.wallapop , type=startOp

07-02 16:43:51.714 16056 16067 I Finsky  : [4929] eth.b(2): com.wallapop: Account determined from installer data - [E7ZhE6RtwBr6ZrivWaTWep8klQM]

07-02 16:43:51.714 16056 16067 I Finsky  : [4929] eth.b(9): com.wallapop: Account from preferred account - [E7ZhE6RtwBr6ZrivWaTWep8klQM]

07-02 16:43:51.724 16056 16226 I Finsky  : [4986] eth.b(2): com.wallapop: Account determined from installer data - [E7ZhE6RtwBr6ZrivWaTWep8klQM]

07-02 16:43:51.724 16056 16226 I Finsky  : [4986] eth.b(9): com.wallapop: Account from preferred account - [E7ZhE6RtwBr6ZrivWaTWep8klQM]

07-02 16:43:51.844 12643 12643 W ResourcesManager: getTopLevelResources: /data/app/com.google.android.gms-1/base.apk / 1.0 running in com.wallapop rsrc of package null

07-02 16:43:51.964 12643 12931 W ResourcesManager: getTopLevelResources: /data/data/com.google.android.gms/app_chimera/m/0000003f/dl-AdsFdrDynamite.integ_20300000008.apk / 1.0 running in com.wallapop rsrc of package null

07-02 16:43:53.114 12643 12643 W View    : requestLayout() improperly called by com.wallapop.design.view.WallapopTextView{4b757c0 V.ED..... ......ID 54,30-54,92 #7f0a08d2 app:id/wp__home__tv_bubble} during layout: running second layout pass

07-02 16:43:53.824 12643 12671 W System.err: remove failed: ENOENT (No such file or directory) : /data/user/0/com.wallapop/files/AppEventsLogger.persistedevents

07-02 16:43:54.434 12643 13051 W ResourcesManager: getTopLevelResources: /data/app/com.google.android.gms-1/base.apk / 1.0 running in com.wallapop rsrc of package null

07-02 16:43:54.494 12643 13055 W ResourcesManager: getTopLevelResources: /data/app/com.google.android.gms-1/base.apk / 1.0 running in com.wallapop rsrc of package null


