Executed '[C740] Help: Access and sections' on 28-07-2019
---------------------------------------------------------------------------------
07-28 21:55:40.209   804  2436 I ActivityManager: Force stopping com.wallapop appid=10291 user=0: from pid 11258

07-28 21:55:40.209   804  2436 I ActivityManager: Killing 9915:com.wallapop/u0a291 (adj 2): stop com.wallapop cause from pid 11258

07-28 21:55:40.219   804  2436 D ActivityManager: isAutoRunBlockedApp:: com.wallapop, Auto Run ON

07-28 21:55:40.219   804  2436 I ActivityManager: isWidgetUsingPkg : com.wallapop no widget is using.

07-28 21:55:40.229   804   804 D MARsPolicyManager: NotificationListenerService OngoingNotificationRemoved : com.wallapop

07-28 21:55:40.239   804  2436 I ActivityManager: Start proc 11285:com.wallapop/u0a291 for activity com.wallapop/.activities.PreferencesActivity

07-28 21:55:40.249 11285 11285 W SELinux : SELinux: seapp_context_lookup: seinfo=default, level=s0:c512,c768, pkgname=com.wallapop

07-28 21:55:40.249   804  2436 I ActivityManager:   Force finishing activity ActivityRecord{ea9b542 u0 com.wallapop/com.rewallapop.ui.wall.WallActivity t1465}

07-28 21:55:40.249   804  2436 I ActivityManager:   Force finishing activity ActivityRecord{f67a9b6 u0 com.wallapop/.activities.PreferencesActivity t1465}

07-28 21:55:40.319   804   804 V AlarmManager: Remove alarm for next reason : android.intent.action.PACKAGE_RESTARTED : package: com.wallapop

07-28 21:55:40.329 11285 11285 W ResourcesManager: getTopLevelResources: /data/app/com.wallapop-1/base.apk / 1.0 running in com.wallapop rsrc of package null

07-28 21:55:40.349  5022  5022 I ClearDataReceiver: [#DCM#] Intent Data: package:com.wallapop

07-28 21:55:40.579 11285 11318 W ResourcesManager: getTopLevelResources: /data/app/com.google.android.gms-2/base.apk / 1.0 running in com.wallapop rsrc of package null

07-28 21:55:40.609 11285 11285 W ResourcesManager: getTopLevelResources: /data/app/com.wallapop-1/base.apk / 1.0 running in com.wallapop rsrc of package null

07-28 21:55:40.619 11285 11285 W ResourcesManager: getTopLevelResources: /data/app/com.wallapop-1/base.apk / 1.0 running in com.wallapop rsrc of package null

07-28 21:55:40.639 11285 11285 W ResourcesManager: getTopLevelResources: /data/app/com.wallapop-1/base.apk / 1.0 running in com.wallapop rsrc of package null

07-28 21:55:40.659 11285 11318 W ResourcesManager: getTopLevelResources: /data/app/com.google.android.gms-2/base.apk / 1.0 running in com.wallapop rsrc of package null

07-28 21:55:40.689 11285 11318 W ResourcesManager: getTopLevelResources: /data/data/com.google.android.gms/app_chimera/m/0000003f/dl-AdsFdrDynamite.integ_20300000008.apk / 1.0 running in com.wallapop rsrc of package null

07-28 21:55:40.699 11285 11318 W ResourcesManager: getTopLevelResources: /data/data/com.google.android.gms/app_chimera/m/0000003f/dl-AdsFdrDynamite.integ_20300000008.apk / 1.0 running in com.wallapop rsrc of package null

07-28 21:55:40.709 11285 11305 I FA      :   adb shell setprop debug.firebase.analytics.app com.wallapop

07-28 21:55:40.709 11285 11305 W ResourcesManager: getTopLevelResources: /data/app/com.wallapop-1/base.apk / 1.0 running in com.wallapop rsrc of package null

07-28 21:55:40.769 11285 11340 W ResourcesManager: getTopLevelResources: /data/app/com.google.android.gms-2/base.apk / 1.0 running in com.wallapop rsrc of package null

07-28 21:55:41.079 11285 11285 W System.err: mkdir failed: EEXIST (File exists) : /data/user/0/com.wallapop/cache/okhttp

07-28 21:55:42.239 11285 11353 W ResourcesManager: getTopLevelResources: /data/app/com.google.android.gms-2/base.apk / 1.0 running in com.wallapop rsrc of package null

07-28 21:55:42.249 11285 11355 I stetho  : Listening on @stetho_com.wallapop_devtools_remote

07-28 21:55:42.269 11285 11285 I art     : Rejecting re-init on previously-failed class java.lang.Class<com.wallapop.clickstream.JobIntentService$f>

07-28 21:55:42.269 11285 11285 I art     : Rejecting re-init on previously-failed class java.lang.Class<com.wallapop.clickstream.JobIntentService$f>

07-28 21:55:42.609 11285 11285 W ResourcesManager: getTopLevelResources: /data/data/com.google.android.gms/app_chimera/m/0000003f/dl-AdsFdrDynamite.integ_20300000008.apk / 1.0 running in com.wallapop rsrc of package null

07-28 21:55:42.619 11285 11362 W System.err: remove failed: ENOENT (No such file or directory) : /data/user/0/com.wallapop/files/tfidf.db

07-28 21:55:42.639 11285 11362 W System.err: remove failed: ENOENT (No such file or directory) : /data/user/0/com.wallapop/databases/__hs__db_error_reports

07-28 21:55:42.639 11285 11362 W System.err: remove failed: ENOENT (No such file or directory) : /data/user/0/com.wallapop/databases/__hs__db_error_reports-journal

07-28 21:55:42.639 11285 11362 W System.err: remove failed: ENOENT (No such file or directory) : /data/user/0/com.wallapop/databases/__hs__db_error_reports-shm

07-28 21:55:42.639 11285 11362 W System.err: remove failed: ENOENT (No such file or directory) : /data/user/0/com.wallapop/databases/__hs__db_error_reports-wal

07-28 21:55:42.699 11285 11285 W ResourcesManager: getTopLevelResources: /data/app/com.google.android.gms-2/base.apk / 1.0 running in com.wallapop rsrc of package null

07-28 21:55:42.779 11285 11285 W ResourcesManager: getTopLevelResources: /data/app/com.google.android.webview-1/base.apk / 1.0 running in com.wallapop rsrc of package null

07-28 21:55:45.639 11285 11481 W ResourcesManager: getTopLevelResources: /data/app/com.google.android.gms-2/base.apk / 1.0 running in com.wallapop rsrc of package null

07-28 21:55:45.699   804  2377 V AlarmManager:  remove PendingIntent] PendingIntent{8d0a474: PendingIntentRecord{3d20ad5 com.wallapop broadcastIntent}}

07-28 21:55:45.779 11285 11424 W System.err: mkdir failed: EEXIST (File exists) : /data/user/0/com.wallapop/cache/WebView/Crash Reports

07-28 21:56:00.739 11285 11328 W System.err: remove failed: ENOENT (No such file or directory) : /data/user/0/com.wallapop/files/AppEventsLogger.persistedevents

07-28 21:58:25.979   804  1720 I ActivityManager: Force stopping com.wallapop appid=10291 user=0: from pid 11970

07-28 21:58:25.979   804  1720 I ActivityManager: Killing 11285:com.wallapop/u0a291 (adj 15): stop com.wallapop cause from pid 11970

07-28 21:58:25.979   804  1720 D ActivityManager: isAutoRunBlockedApp:: com.wallapop, Auto Run ON

07-28 21:58:25.999   804   804 V AlarmManager: Remove alarm for next reason : android.intent.action.PACKAGE_RESTARTED : package: com.wallapop

07-28 21:58:26.019  5022  5022 I ClearDataReceiver: [#DCM#] Intent Data: package:com.wallapop

07-28 21:58:26.249   804  2439 V WindowManager: addAppToken: AppWindowToken{4c6def2 token=Token{677c1fd ActivityRecord{e9f6e54 u0 com.wallapop/com.rewallapop.ui.main.MainActivity t1466}}} to stack=1 task=1466 at 0

07-28 21:58:26.259   804   932 D ISSUE_DEBUG: InputChannelName : 85f5631 Starting com.wallapop

07-28 21:58:26.279   804  1920 I ActivityManager: Start proc 11990:com.wallapop/u0a291 for activity com.wallapop/com.rewallapop.ui.main.MainActivity

07-28 21:58:26.279 11990 11990 W SELinux : SELinux: seapp_context_lookup: seinfo=default, level=s0:c512,c768, pkgname=com.wallapop

07-28 21:58:26.309   804   932 V WindowStateAnimator: Finishing drawing window Window{85f5631 u0 d0 Starting com.wallapop}: mDrawState=DRAW_PENDING

07-28 21:58:26.329   804  2436 D ActivityManager:  Launching com.wallapop, updated priority

07-28 21:58:26.359   804   890 V MARsPolicyManager: updatePackagesScore PackageInfo name -- com.wallapop

07-28 21:58:26.379 11990 11990 W ResourcesManager: getTopLevelResources: /data/app/com.wallapop-1/base.apk / 1.0 running in com.wallapop rsrc of package null

07-28 21:58:26.389   804   891 D StatusBarManagerService: manageDisableList userId=0 what=0x0 pkg=Window{85f5631 u0 d0 Starting com.wallapop}

07-28 21:58:26.559 11990 12019 W ResourcesManager: getTopLevelResources: /data/app/com.google.android.gms-2/base.apk / 1.0 running in com.wallapop rsrc of package null

07-28 21:58:26.569 11990 11990 W ResourcesManager: getTopLevelResources: /data/app/com.wallapop-1/base.apk / 1.0 running in com.wallapop rsrc of package null

07-28 21:58:26.589 11990 11990 W ResourcesManager: getTopLevelResources: /data/app/com.wallapop-1/base.apk / 1.0 running in com.wallapop rsrc of package null

07-28 21:58:26.589 11990 12029 W System.err: remove failed: ENOENT (No such file or directory) : /data/user/0/com.wallapop/files/AppEventsLogger.persistedevents

07-28 21:58:26.589 11990 11990 W ResourcesManager: getTopLevelResources: /data/app/com.wallapop-1/base.apk / 1.0 running in com.wallapop rsrc of package null

07-28 21:58:26.639 11990 12019 W ResourcesManager: getTopLevelResources: /data/app/com.google.android.gms-2/base.apk / 1.0 running in com.wallapop rsrc of package null

07-28 21:58:26.669 11990 12019 W ResourcesManager: getTopLevelResources: /data/data/com.google.android.gms/app_chimera/m/0000003f/dl-AdsFdrDynamite.integ_20300000008.apk / 1.0 running in com.wallapop rsrc of package null

07-28 21:58:26.669 11990 12019 W ResourcesManager: getTopLevelResources: /data/data/com.google.android.gms/app_chimera/m/0000003f/dl-AdsFdrDynamite.integ_20300000008.apk / 1.0 running in com.wallapop rsrc of package null

07-28 21:58:26.689 11990 11990 W ResourcesManager: getTopLevelResources: /data/app/com.wallapop-1/base.apk / 1.0 running in com.wallapop rsrc of package null

07-28 21:58:26.799 11990 12007 I FA      :   adb shell setprop debug.firebase.analytics.app com.wallapop

07-28 21:58:26.999 11990 11990 W System.err: mkdir failed: EEXIST (File exists) : /data/user/0/com.wallapop/cache/okhttp

07-28 21:58:28.039 11990 12049 W ResourcesManager: getTopLevelResources: /data/app/com.google.android.gms-2/base.apk / 1.0 running in com.wallapop rsrc of package null

07-28 21:58:28.039 11990 12051 I stetho  : Listening on @stetho_com.wallapop_devtools_remote

07-28 21:58:28.059 11990 11990 I art     : Rejecting re-init on previously-failed class java.lang.Class<com.wallapop.clickstream.JobIntentService$f>

07-28 21:58:28.059 11990 11990 I art     : Rejecting re-init on previously-failed class java.lang.Class<com.wallapop.clickstream.JobIntentService$f>

07-28 21:58:28.269 11990 11990 W ResourcesManager: getTopLevelResources: /data/data/com.google.android.gms/app_chimera/m/0000003f/dl-AdsFdrDynamite.integ_20300000008.apk / 1.0 running in com.wallapop rsrc of package null

07-28 21:58:28.379 11990 12059 W System.err: remove failed: ENOENT (No such file or directory) : /data/user/0/com.wallapop/files/tfidf.db

07-28 21:58:28.389 11990 12059 W System.err: remove failed: ENOENT (No such file or directory) : /data/user/0/com.wallapop/databases/__hs__db_error_reports

07-28 21:58:28.389 11990 12059 W System.err: remove failed: ENOENT (No such file or directory) : /data/user/0/com.wallapop/databases/__hs__db_error_reports-journal

07-28 21:58:28.389 11990 12059 W System.err: remove failed: ENOENT (No such file or directory) : /data/user/0/com.wallapop/databases/__hs__db_error_reports-shm

07-28 21:58:28.389 11990 12059 W System.err: remove failed: ENOENT (No such file or directory) : /data/user/0/com.wallapop/databases/__hs__db_error_reports-wal

07-28 21:58:28.419 11990 11990 W ResourcesManager: getTopLevelResources: /data/app/com.google.android.webview-1/base.apk / 1.0 running in com.wallapop rsrc of package null

07-28 21:58:28.599 11990 12056 W ResourcesManager: getTopLevelResources: /data/app/com.google.android.gms-2/base.apk / 1.0 running in com.wallapop rsrc of package null

07-28 21:58:31.069   804  1324 V AlarmManager:  remove PendingIntent] PendingIntent{f82c43f: PendingIntentRecord{3d20ad5 com.wallapop broadcastIntent}}

07-28 21:58:31.069 11990 11990 W ResourcesManager: getTopLevelResources: /data/app/com.wallapop-1/base.apk / 1.0 running in com.wallapop rsrc of package null

07-28 21:58:31.089 11990 11990 W ResourcesManager: getTopLevelResources: /data/app/com.wallapop-1/base.apk / 1.0 running in com.wallapop rsrc of package null

07-28 21:58:31.349   804  1324 V AlarmManager:  remove PendingIntent] PendingIntent{8e9655b: PendingIntentRecord{7a411f8 com.wallapop broadcastIntent}}

07-28 21:58:31.439 11990 11990 W System.err: remove failed: ENOENT (No such file or directory) : /data/user/0/com.wallapop/cache/okhttp/journal.tmp

07-28 21:58:31.459 11990 11990 I Timeline: Timeline: Activity_launch_request id:com.wallapop time:191701855

07-28 21:58:31.479   804  1324 V WindowManager: addAppToken: AppWindowToken{90455a4 token=Token{14efc37 ActivityRecord{7e6a536 u0 com.wallapop/com.rewallapop.ui.wall.WallActivity t1466}}} to stack=1 task=1466 at 1

07-28 21:58:31.479   804   891 D StatusBarManagerService: manageDisableList userId=0 what=0x0 pkg=Window{85f5631 u0 d0 Starting com.wallapop}

07-28 21:58:31.529 11990 12041 W ResourcesManager: getTopLevelResources: /data/app/com.google.android.gms-2/base.apk / 1.0 running in com.wallapop rsrc of package null

07-28 21:58:31.629   804   890 D ApplicationPolicy: isStatusBarNotificationAllowedAsUser: packageName = com.wallapop,userId = 0

07-28 21:58:31.639   804   890 V MARsPolicyManager: updatePackagesScore PackageInfo name -- com.wallapop

07-28 21:58:31.649   804   804 D MARsPolicyManager: NotificationListenerService OngoingNotificationPosted : com.wallapop

07-28 21:58:31.659  1386  1386 W ResourcesManager: getTopLevelResources: /data/app/com.wallapop-1/base.apk / 1.0 running in com.android.systemui rsrc of package null

07-28 21:58:31.689  1386  1386 W ResourcesManager: getTopLevelResources: /data/app/com.wallapop-1/base.apk / 1.0 running in com.android.systemui rsrc of package null

07-28 21:58:31.699  1386  1386 W ResourcesManager: getTopLevelResources: /data/app/com.wallapop-1/base.apk / 1.0 running in com.android.systemui rsrc of package null

07-28 21:58:31.709  1386  1386 W ResourcesManager: getTopLevelResources: /data/app/com.wallapop-1/base.apk / 1.0 running in com.android.systemui rsrc of package null

07-28 21:58:31.719 11990 11990 W ResourcesManager: getTopLevelResources: /data/app/com.wallapop-1/base.apk / 1.0 running in com.wallapop rsrc of package null

07-28 21:58:31.719 11990 11990 W ResourcesManager: getTopLevelResources: /data/app/com.wallapop-1/base.apk / 1.0 running in com.wallapop rsrc of package null

07-28 21:58:31.729 11990 12115 W System.err: mkdir failed: EEXIST (File exists) : /data/user/0/com.wallapop/cache/WebView/Crash Reports

07-28 21:58:31.899 11990 12049 W ResourcesManager: getTopLevelResources: /data/app/com.google.android.gms-2/base.apk / 1.0 running in com.wallapop rsrc of package null

07-28 21:58:31.899   804  1720 V AlarmManager:  remove PendingIntent] PendingIntent{a5b4b: PendingIntentRecord{7a411f8 com.wallapop broadcastIntent}}

07-28 21:58:32.279 11990 12260 W ResourcesManager: getTopLevelResources: /data/data/com.google.android.gms/app_chimera/m/0000003f/dl-AdsFdrDynamite.integ_20300000008.apk / 1.0 running in com.wallapop rsrc of package null

07-28 21:58:32.559 11990 12029 W System.err: remove failed: ENOENT (No such file or directory) : /data/user/0/com.wallapop/files/AppEventsLogger.persistedevents

07-28 21:58:32.669   804  1720 D ISSUE_DEBUG: InputChannelName : 8a65921 com.wallapop/com.rewallapop.ui.wall.WallActivity

07-28 21:58:32.719 11990 12055 W ResourcesManager: getTopLevelResources: /data/app/com.google.android.gms-2/base.apk / 1.0 running in com.wallapop rsrc of package null

07-28 21:58:32.719  5642  5653 I Finsky  : [14941] fos.b(2): com.wallapop: Account determined from installer data - [iyuiBytbk-Sv2FWK0M6qH-HKJNU]

07-28 21:58:32.719  5642  5653 I Finsky  : [14941] fos.b(2): com.wallapop: Account from preferred account - [iyuiBytbk-Sv2FWK0M6qH-HKJNU]

07-28 21:58:32.729  5642  5652 I Finsky  : [14940] fos.b(2): com.wallapop: Account determined from installer data - [iyuiBytbk-Sv2FWK0M6qH-HKJNU]

07-28 21:58:32.729  5642  5652 I Finsky  : [14940] fos.b(2): com.wallapop: Account from preferred account - [iyuiBytbk-Sv2FWK0M6qH-HKJNU]

07-28 21:58:33.109   804   891 D StatusBarManagerService: manageDisableList userId=0 what=0x0 pkg=Window{8a65921 u0 d0 com.wallapop/com.rewallapop.ui.wall.WallActivity}

07-28 21:58:33.279  5642  5814 I Finsky  : [14995] fos.b(2): com.wallapop: Account determined from installer data - [iyuiBytbk-Sv2FWK0M6qH-HKJNU]

07-28 21:58:33.279  5642  5814 I Finsky  : [14995] fos.b(2): com.wallapop: Account from preferred account - [iyuiBytbk-Sv2FWK0M6qH-HKJNU]

07-28 21:58:33.559   804  1919 V WindowStateAnimator: Finishing drawing window Window{8a65921 u0 d0 com.wallapop/com.rewallapop.ui.wall.WallActivity}: mDrawState=DRAW_PENDING

07-28 21:58:33.569   804   932 I ActivityManager: Displayed com.wallapop/com.rewallapop.ui.wall.WallActivity: +1s934ms (total +2m53s345ms)

07-28 21:58:33.579   804   932 I Timeline: Timeline: Activity_windows_visible id: ActivityRecord{7e6a536 u0 com.wallapop/com.rewallapop.ui.wall.WallActivity t1466} time:191703972

07-28 21:58:33.649  5642  5652 I Finsky  : [14940] fos.b(2): com.wallapop: Account determined from installer data - [iyuiBytbk-Sv2FWK0M6qH-HKJNU]

07-28 21:58:33.649  5642  5652 I Finsky  : [14940] fos.b(2): com.wallapop: Account from preferred account - [iyuiBytbk-Sv2FWK0M6qH-HKJNU]

07-28 21:58:33.659   804  1721 V WindowStateAnimator: Finishing drawing window Window{8a65921 u0 d0 com.wallapop/com.rewallapop.ui.wall.WallActivity}: mDrawState=HAS_DRAWN

07-28 21:58:33.759   804  2377 I AppOps  : sendInfoToFLP, code=41 , uid=10291 , packageName=com.wallapop , type=startOp

07-28 21:58:33.859 11990 11990 W ResourcesManager: getTopLevelResources: /data/app/com.google.android.gms-2/base.apk / 1.0 running in com.wallapop rsrc of package null

07-28 21:58:33.939  5642  5652 I Finsky  : [14940] fos.b(2): com.wallapop: Account determined from installer data - [iyuiBytbk-Sv2FWK0M6qH-HKJNU]

07-28 21:58:33.939  5642  5652 I Finsky  : [14940] fos.b(2): com.wallapop: Account from preferred account - [iyuiBytbk-Sv2FWK0M6qH-HKJNU]

07-28 21:58:34.159  5642  5814 I Finsky  : [14995] fos.b(2): com.wallapop: Account determined from installer data - [iyuiBytbk-Sv2FWK0M6qH-HKJNU]

07-28 21:58:34.159  5642  5814 I Finsky  : [14995] fos.b(2): com.wallapop: Account from preferred account - [iyuiBytbk-Sv2FWK0M6qH-HKJNU]

07-28 21:58:34.909  5642  5812 I Finsky  : [14994] fos.b(2): com.wallapop: Account determined from installer data - [iyuiBytbk-Sv2FWK0M6qH-HKJNU]

07-28 21:58:34.909  5642  5812 I Finsky  : [14994] fos.b(2): com.wallapop: Account from preferred account - [iyuiBytbk-Sv2FWK0M6qH-HKJNU]

07-28 21:58:35.209  5642  5653 I Finsky  : [14941] fos.b(2): com.wallapop: Account determined from installer data - [iyuiBytbk-Sv2FWK0M6qH-HKJNU]

07-28 21:58:35.209  5642  5653 I Finsky  : [14941] fos.b(2): com.wallapop: Account from preferred account - [iyuiBytbk-Sv2FWK0M6qH-HKJNU]

07-28 21:58:35.219  5642  5814 I Finsky  : [14995] fos.b(2): com.wallapop: Account determined from installer data - [iyuiBytbk-Sv2FWK0M6qH-HKJNU]

07-28 21:58:35.219  5642  5814 I Finsky  : [14995] fos.b(2): com.wallapop: Account from preferred account - [iyuiBytbk-Sv2FWK0M6qH-HKJNU]

07-28 21:58:35.509 11990 12029 W System.err: remove failed: ENOENT (No such file or directory) : /data/user/0/com.wallapop/files/AppEventsLogger.persistedevents

07-28 21:58:35.819 11990 12402 W ResourcesManager: getTopLevelResources: /data/app/com.google.android.gms-2/base.apk / 1.0 running in com.wallapop rsrc of package null

07-28 21:58:36.619 11990 12421 W ResourcesManager: getTopLevelResources: /data/app/com.google.android.gms-2/base.apk / 1.0 running in com.wallapop rsrc of package null

07-28 21:58:38.779 11990 12421 W ResourcesManager: getTopLevelResources: /data/app/com.google.android.gms-2/base.apk / 1.0 running in com.wallapop rsrc of package null

07-28 21:58:41.629   804   890 V BroadcastQueue: [background] Process cur broadcast BroadcastRecord{a6729b4 u0 com.appboy.action.receiver.DATA_SYNC qIdx=4}, state= (APP_RECEIVE) DELIVERED for app ProcessRecord{4c99a69 11990:com.wallapop/u0a291}

07-28 21:58:42.619 11990 12056 W ResourcesManager: getTopLevelResources: /data/app/com.google.android.gms-2/base.apk / 1.0 running in com.wallapop rsrc of package null

07-28 21:58:48.679 11990 11990 I Timeline: Timeline: Activity_launch_request id:com.wallapop time:191719072

07-28 21:58:48.699   804  2377 V WindowManager: addAppToken: AppWindowToken{e0267e4 token=Token{48cef77 ActivityRecord{6e35d76 u0 com.wallapop/.activities.PreferencesActivity t1466}}} to stack=1 task=1466 at 1

07-28 21:58:48.729   804   890 V MARsPolicyManager: updatePackagesScore PackageInfo name -- com.wallapop

07-28 21:58:48.739 11990 11990 W ResourcesManager: getTopLevelResources: /data/app/com.wallapop-1/base.apk / 1.0 running in com.wallapop rsrc of package null

07-28 21:58:48.749 11990 11990 W ResourcesManager: getTopLevelResources: /data/app/com.wallapop-1/base.apk / 1.0 running in com.wallapop rsrc of package null

07-28 21:58:48.749 11990 11990 W ResourcesManager: getTopLevelResources: /data/app/com.wallapop-1/base.apk / 1.0 running in com.wallapop rsrc of package null

07-28 21:58:48.779   804  1737 V AlarmManager:  remove PendingIntent] PendingIntent{105e44d: PendingIntentRecord{7a411f8 com.wallapop broadcastIntent}}

07-28 21:58:48.819   804  2377 D ISSUE_DEBUG: InputChannelName : d570c13 com.wallapop/com.wallapop.activities.PreferencesActivity

07-28 21:58:48.849   804   891 D StatusBarManagerService: manageDisableList userId=0 what=0x0 pkg=Window{d570c13 u0 d0 com.wallapop/com.wallapop.activities.PreferencesActivity}

07-28 21:58:48.919   804  1324 V WindowStateAnimator: Finishing drawing window Window{d570c13 u0 d0 com.wallapop/com.wallapop.activities.PreferencesActivity}: mDrawState=DRAW_PENDING

07-28 21:58:48.929   804   932 I ActivityManager: Displayed com.wallapop/.activities.PreferencesActivity: +217ms

07-28 21:58:48.959   804   833 V WindowStateAnimator: Finishing drawing window Window{d570c13 u0 d0 com.wallapop/com.wallapop.activities.PreferencesActivity}: mDrawState=HAS_DRAWN

07-28 21:58:49.179   804   932 I Timeline: Timeline: Activity_windows_visible id: ActivityRecord{6e35d76 u0 com.wallapop/.activities.PreferencesActivity t1466} time:191719579

07-28 21:58:49.219 11990 12029 W System.err: remove failed: ENOENT (No such file or directory) : /data/user/0/com.wallapop/files/AppEventsLogger.persistedevents

07-28 21:58:49.219   804  1721 I AppOps  : sendInfoToFLP, code=41 , uid=10291 , packageName=com.wallapop , type=finishOp

07-28 21:58:49.229 11990 11990 V ActivityThread: updateVisibility : ActivityRecord{c9514ef token=android.os.BinderProxy@271a86e {com.wallapop/com.rewallapop.ui.wall.WallActivity}} show : false

07-28 21:58:52.099 11990 11990 W ResourcesManager: getTopLevelResources: /data/app/com.google.android.gms-2/base.apk / 1.0 running in com.wallapop rsrc of package null


