11-14 17:07:32.040  4211  5239 D ActivityManagerPerformance: Received MSG_DISABLE_ACT_START, r: ActivityRecord{a834007 u0 com.wallapop/com.rewallapop.ui.wall.WallActivity t2189}

11-14 17:07:32.073 19377 19613 I Finsky  : [9616] fxs.d(3): com.wallapop: Account determined from installer data - [rJj4Md76H4LxoN-B4dnoZM7XaXDDBcXGlC-caOCi6Uc]

11-14 17:07:32.076 19377 19613 I Finsky  : [9616] fxs.d(14): com.wallapop: Account from preferred account - [rJj4Md76H4LxoN-B4dnoZM7XaXDDBcXGlC-caOCi6Uc]

11-14 17:07:32.157 19377 19613 I Finsky  : [9616] fxs.d(3): com.wallapop: Account determined from installer data - [rJj4Md76H4LxoN-B4dnoZM7XaXDDBcXGlC-caOCi6Uc]

11-14 17:07:32.157 19377 19613 I Finsky  : [9616] fxs.d(14): com.wallapop: Account from preferred account - [rJj4Md76H4LxoN-B4dnoZM7XaXDDBcXGlC-caOCi6Uc]

11-14 17:07:32.387 20875 20886 I com.wallapop: Background concurrent copying GC freed 137926(9MB) AllocSpace objects, 36(1764KB) LOS objects, 49% free, 12MB/25MB, paused 3.770ms total 242.878ms

11-14 17:07:32.590  4211  6752 V WindowManager: Relayout Window{bdf5d63 u0 com.wallapop/com.rewallapop.ui.wall.WallActivity}: viewVisibility=0 req=1080x2220 {(0,0)(fillxfill) sim={adjust=resize forwardNavigation} ty=BASE_APPLICATION wanim=0x10302fe

11-14 17:07:32.593  3727  3727 I SurfaceFlinger: id=28074 createSurf (1080x2220),1 flag=404, com.wallapop/com.rewallapop.ui.wall.WallActivity[20875]#0

11-14 17:07:32.595  4211  6752 D WindowManager: makeSurface duration=2 name=com.wallapop/com.rewallapop.ui.wall.WallActivity[20875]

11-14 17:07:32.595  4211  6752 V WindowManager: Changing focus from null to Window{bdf5d63 u0 com.wallapop/com.rewallapop.ui.wall.WallActivity} Callers=com.android.server.wm.WindowManagerService.relayoutWindow:2526 com.android.server.wm.Session.relayoutForTranslate:302 android.view.IWindowSession$Stub.onTransact:518 com.android.server.wm.Session.onTransact:186

11-14 17:07:32.595  4211  4228 D WindowManager: setSystemUiVisibility: vis= 0xa518, fullscreenVis= 0x2000, dockedVis= 0x0, win=Window{bdf5d63 u0 com.wallapop/com.rewallapop.ui.wall.WallActivity}

11-14 17:07:32.600  4211  4242 D WindowManager: reportFocusChangedSerialized, focused=true, inTouchMode=true, win=Window{bdf5d63 u0 com.wallapop/com.rewallapop.ui.wall.WallActivity}

11-14 17:07:32.709 19377 19613 I Finsky  : [9616] fxs.d(3): com.wallapop: Account determined from installer data - [rJj4Md76H4LxoN-B4dnoZM7XaXDDBcXGlC-caOCi6Uc]

11-14 17:07:32.710 19377 19613 I Finsky  : [9616] fxs.d(14): com.wallapop: Account from preferred account - [rJj4Md76H4LxoN-B4dnoZM7XaXDDBcXGlC-caOCi6Uc]

11-14 17:07:32.888  4211  5518 D WindowManager: finishDrawingWindow: Window{bdf5d63 u0 com.wallapop/com.rewallapop.ui.wall.WallActivity} mDrawState=DRAW_PENDING

11-14 17:07:32.890  4211  4310 I WindowManager: commitFinishDrawingLocked: mDrawState=READY_TO_SHOW Surface(name=com.wallapop/com.rewallapop.ui.wall.WallActivity[20875])/@0x34631

11-14 17:07:32.891  4211  4310 V WindowManager: Resize reasons for w=Window{bdf5d63 u0 com.wallapop/com.rewallapop.ui.wall.WallActivity}:  contentInsetsChanged=false [0,63][0,126] visibleInsetsChanged=false [0,63][0,126] stableInsetsChanged=false [0,63][0,126] outsetsChanged=false [0,0][0,0] surfaceResized=false configChanged=false dragResizingChanged=false reportOrientationChanged=false displayCutoutChanged=false nextForceRelayoutToClient=false

11-14 17:07:32.900  4211  4310 I WindowManager: commitFinishDrawingLocked: mDrawState=READY_TO_SHOW Surface(name=com.wallapop/com.rewallapop.ui.wall.WallActivity[20875])/@0x34631

11-14 17:07:32.900  4211  4310 I WindowManager: Cancelling animation restarting=false, leash=null, surface=Surface(name=bdf5d63 com.wallapop/com.rewallapop.ui.wall.WallActivity)/@0xbae0116, parent=Surface(name=AppWindowToken{aa38f5d token=Token{3ce9534 ActivityRecord{a834007 u0 com.wallapop/com.rewallapop.ui.wall.WallActivity t2189}}})/@0xa6f5a97

11-14 17:07:32.900  4211  4310 V WindowManager: performShowLocked: mDrawState=HAS_DRAWN in Window{bdf5d63 u0 com.wallapop/com.rewallapop.ui.wall.WallActivity}

11-14 17:07:32.922  3727  3727 I SurfaceFlinger:      Device | 0x70dda20080 | 0002 | RGBA_8888 |   0.0    0.0 1080.0 2220.0 |    0    0 1080 2220 | com.wallapop/com.rewallapop.ui.wall.WallActivity[20875]#0

11-14 17:07:32.922  3727  3727 I SurfaceFlinger:      Device | 0x70dda20d40 | 0000 | RGBA_8888 |   0.0    0.0 1080.0 2220.0 |    0    0 1080 2220 | Splash Screen com.wallapop#0

11-14 17:07:32.931  4211  4242 I ActivityManager: Displayed com.wallapop/com.rewallapop.ui.wall.WallActivity: +2s574ms (total +9s119ms)

11-14 17:07:32.936  4211  4310 V WindowManager: Remove Window{e876887 u0 Splash Screen com.wallapop}: mSurfaceController=Surface(name=Splash Screen com.wallapop)/@0x15da8d9 mAnimatingExit=false mRemoveOnExit=false mHasSurface=true surfaceShowing=true isAnimationSet=false app-animation=false mWillReplaceWindow=false inPendingTransaction=false mDisplayFrozen=false callers=com.android.server.wm.WindowState.removeIfPossible:2764 com.android.server.wm.WindowManagerService.removeWindow:1943 com.android.server.wm.Session.remove:268 android.view.ViewRootImpl.dispatchDetachedFromWindow:4565 android.view.ViewRootImpl.doDie:7996 android.view.ViewRootImpl$ViewRootHandler.handleMessage:4987

11-14 17:07:32.937  4211  4310 I WindowManager: Cancelling animation restarting=true, leash=null, surface=Surface(name=e876887 Splash Screen com.wallapop)/@0xc4090d2, parent=Surface(name=AppWindowToken{aa38f5d token=Token{3ce9534 ActivityRecord{a834007 u0 com.wallapop/com.rewallapop.ui.wall.WallActivity t2189}}})/@0xa6f5a97

11-14 17:07:32.937  4211  4310 I WindowManager: Reparenting to leash, surface=Surface(name=e876887 Splash Screen com.wallapop)/@0xc4090d2

11-14 17:07:32.938  3727  3727 I SurfaceFlinger: id=28075 createSurf (4440x4440),2 flag=4, Surface(name=e876887 Splash Screen com.wallapop)/@0xc4090d2 - animation-leash#0

11-14 17:07:32.940  4211  4310 D WindowManager: makeSurface duration=4 leash=Surface(name=Surface(name=e876887 Splash Screen com.wallapop)/@0xc4090d2 - animation-leash)/@0x995146d

11-14 17:07:32.941  4211  4310 D SurfaceControl: reparent is called, sc=Surface(name=e876887 Splash Screen com.wallapop)/@0xc4090d2, newParentHandle=android.os.BinderProxy@a0118a2, transaction=android.view.SurfaceControl$Transaction@a59d0a0

11-14 17:07:32.945  3727  3770 D Layer   : [e876887 Splash Screen com.wallapop#0]::reparent oldParent:[AppWindowToken{aa38f5d token=Token{3ce9534 ActivityRecord{a834007 u0 com.wallapop/com.rewallapop.ui.wall.WallActivity t2189}}}#0], newParent:[Surface(name=e876887 Splash Screen com.wallapop)/@0xc4090d2 - animation-leash#0]

11-14 17:07:32.998 20875 20875 V InputMethodManager: Starting input: tba=com.wallapop ic=null mNaviBarColor -1 mIsGetNaviBarColorSuccess true , NavVisible : true , NavTrans : false

11-14 17:07:33.001  4211  6257 V InputMethodManagerService: windowGainedFocus : reason=WINDOW_FOCUS_GAIN client=android.os.BinderProxy@7a6611d inputContext=null missingMethods= attribute=android.view.inputmethod.EditorInfo@1a4a4f0 nm = com.wallapop controlFlags=#104 softInputMode=#110 windowFlags=#81810100

11-14 17:07:33.019  4211  4390 D WifiTrafficPoller: TrafficStats TxPkts=967326 RxPkts=1700413 TxBytes=207994573 RxBytes=1624219495 , Foreground uid=10313 pkgName=com.wallapop TxPackets=54445 RxPackets=49114 TxBytes=11184821 RxBytes=35056035

11-14 17:07:33.096  4211  4310 I WindowManager: reset, Reparenting to original parent, shouldDeferScheduleAnimation=false, destroyLeash=true, surface=Surface(name=e876887 Splash Screen com.wallapop)/@0xc4090d2, parent=Surface(name=AppWindowToken{aa38f5d token=Token{3ce9534 ActivityRecord{a834007 u0 com.wallapop/com.rewallapop.ui.wall.WallActivity t2189}}})/@0xa6f5a97, parentNativeHandle=android.os.BinderProxy@809d5a3, caller=com.android.server.wm.SurfaceAnimator.lambda$getFinishedCallback$0:97 com.android.server.wm.-$$Lambda$SurfaceAnimator$SIBia0mND666K8lMCPsoid8pUTI.run:4 com.android.server.wm.SurfaceAnimator.lambda$getFinishedCallback$1:104 com.android.server.wm.-$$Lambda$SurfaceAnimator$vdRZk66hQVbQCvVXEaQCT1kVmFc.onAnimationFinished:4 com.android.server.wm.LocalAnimationAdapter.lambda$startAnimation$0:74

11-14 17:07:33.096  4211  4310 D SurfaceControl: reparent is called, sc=Surface(name=e876887 Splash Screen com.wallapop)/@0xc4090d2, newParentHandle=android.os.BinderProxy@809d5a3, transaction=android.view.SurfaceControl$Transaction@a59d0a0

11-14 17:07:33.097  4211  4310 D SurfaceControl: destroy(transaction), animation-leash is destroyed, sc=Surface(name=Surface(name=e876887 Splash Screen com.wallapop)/@0xc4090d2 - animation-leash)/@0x995146d, transaction=android.view.SurfaceControl$Transaction@a59d0a0, caller=com.android.server.wm.SurfaceAnimator.reset:338 com.android.server.wm.SurfaceAnimator.lambda$getFinishedCallback$0:97 com.android.server.wm.-$$Lambda$SurfaceAnimator$SIBia0mND666K8lMCPsoid8pUTI.run:4 com.android.server.wm.SurfaceAnimator.lambda$getFinishedCallback$1:104 com.android.server.wm.-$$Lambda$SurfaceAnimator$vdRZk66hQVbQCvVXEaQCT1kVmFc.onAnimationFinished:4 com.android.server.wm.LocalAnimationAdapter.lambda$startAnimation$0:74 com.android.server.wm.-$$Lambda$LocalAnimationAdapter$X--EomqUvw4qy89IeeTFTH7aCMo.run:4

11-14 17:07:33.098  4211  4310 E WindowManager: win=Window{e876887 u0 Splash Screen com.wallapop EXITING} destroySurfaces: appStopped=false win.mWindowRemovalAllowed=true win.mRemoveOnExit=true win.mViewVisibility=0 caller=com.android.server.wm.AppWindowToken.destroySurfaces:870 com.android.server.wm.AppWindowToken.destroySurfaces:851 com.android.server.wm.WindowState.onExitAnimationDone:5436 com.android.server.wm.WindowStateAnimator.onAnimationFinished:319 com.android.server.wm.WindowState.onAnimationFinished:5858 com.android.server.wm.-$$Lambda$yVRF8YoeNdTa8GR1wDStVsHu8xM.run:2 com.android.server.wm.SurfaceAnimator.lambda$getFinishedCallback$0:100

11-14 17:07:33.099  4211  4310 I WindowManager: Destroying surface Surface(name=Splash Screen com.wallapop)/@0x15da8d9 called by com.android.server.wm.WindowStateAnimator.destroySurface:1901 com.android.server.wm.WindowStateAnimator.destroySurfaceLocked:838 com.android.server.wm.WindowState.destroySurfaceUnchecked:3839 com.android.server.wm.WindowState.destroySurface:3820 com.android.server.wm.AppWindowToken.destroySurfaces:870 com.android.server.wm.AppWindowToken.destroySurfaces:851 com.android.server.wm.WindowState.onExitAnimationDone:5436 com.android.server.wm.WindowStateAnimator.onAnimationFinished:319

11-14 17:07:33.099  3727  3770 I SurfaceFlinger: id=28068 Removed Splash Screen com.wallapop#0 (0/66)

11-14 17:07:33.106  3727  3770 D Layer   : [e876887 Splash Screen com.wallapop#0]::reparent oldParent:[Surface(name=e876887 Splash Screen com.wallapop)/@0xc4090d2 - animation-leash#0], newParent:[AppWindowToken{aa38f5d token=Token{3ce9534 ActivityRecord{a834007 u0 com.wallapop/com.rewallapop.ui.wall.WallActivity t2189}}}#0]

11-14 17:07:33.106  3727  3770 W SurfaceFlinger: Attempting to set client state on removed layer: Splash Screen com.wallapop#0 [s.what : 40]

11-14 17:07:33.106  3727  3770 I SurfaceFlinger: id=28075 Removed Surface(name=e876887 Splash Screen com.wallapop)/@0xc4090d2 - animation-leash#0 (2/65)

11-14 17:07:33.106  3727  3770 I SurfaceFlinger: id=28067 Removed e876887 Splash Screen com.wallapop#0 (1/64)

11-14 17:07:33.106  3727  3770 W SurfaceFlinger: Attempting to destroy on removed layer: Splash Screen com.wallapop#0

11-14 17:07:33.113  3727  3727 I Layer   : id=28067 onRemoved e876887 Splash Screen com.wallapop#0

11-14 17:07:33.113  3727  3727 I Layer   : id=28075 onRemoved Surface(name=e876887 Splash Screen com.wallapop)/@0xc4090d2 - animation-leash#0

11-14 17:07:33.113  3727  3727 I Layer   : id=28068 onRemoved Splash Screen com.wallapop#0

11-14 17:07:33.124  3727  3727 I SurfaceFlinger:      Device | 0x70dda20080 | 0002 | RGBA_8888 |   0.0    0.0 1080.0 2220.0 |    0    0 1080 2220 | com.wallapop/com.rewallapop.ui.wall.WallActivity[20875]#0

11-14 17:07:33.156 19377 19389 I Finsky  : [9558] fxs.d(3): com.wallapop: Account determined from installer data - [rJj4Md76H4LxoN-B4dnoZM7XaXDDBcXGlC-caOCi6Uc]

11-14 17:07:33.157 19377 19389 I Finsky  : [9558] fxs.d(14): com.wallapop: Account from preferred account - [rJj4Md76H4LxoN-B4dnoZM7XaXDDBcXGlC-caOCi6Uc]

11-14 17:07:33.162 19377 19389 I Finsky  : [9558] fxs.d(3): com.wallapop: Account determined from installer data - [rJj4Md76H4LxoN-B4dnoZM7XaXDDBcXGlC-caOCi6Uc]

11-14 17:07:33.163 19377 19389 I Finsky  : [9558] fxs.d(14): com.wallapop: Account from preferred account - [rJj4Md76H4LxoN-B4dnoZM7XaXDDBcXGlC-caOCi6Uc]

11-14 17:07:33.172 20875 20875 V InputMethodManager: Starting input: tba=com.wallapop ic=null mNaviBarColor -1 mIsGetNaviBarColorSuccess true , NavVisible : true , NavTrans : false

11-14 17:07:33.283  4622  4682 E RequestManager_FLP: [FusedLocationApi] Location request 6ed4c64(Listener) PRIORITY_BALANCED_POWER_ACCURACY interval=300000 from com.wallapop

11-14 17:07:33.381  4211  6752 I WindowManager: Cancelling animation restarting=false, leash=null, surface=Surface(name=AppWindowToken{fe01da2 token=Token{1290d6d ActivityRecord{ac20184 u0 com.wallapop/com.rewallapop.ui.main.MainActivity t2189}}})/@0xf871502, parent=Surface(name=Task=2189)/@0x676be13

11-14 17:07:33.398  3727  3770 I SurfaceFlinger: id=28066 Removed AppWindowToken{fe01da2 token=Token{1290d6d ActivityRecord{ac20184 u0 com.wallapop/com.rewallapop.ui.main.MainActivity t2189}}}#0 (0/63)

11-14 17:07:33.414  3727  3727 I Layer   : id=28066 onRemoved AppWindowToken{fe01da2 token=Token{1290d6d ActivityRecord{ac20184 u0 com.wallapop/com.rewallapop.ui.main.MainActivity t2189}}}#0

11-14 17:07:33.414  4211  4228 D CodecSolution: isMaxAspectPackageEx: com.wallapop : true(2)

11-14 17:07:33.505  4211  4669 D MdnieScenarioControlService:  packageName : com.wallapop    className : com.rewallapop.ui.wall.WallActivity

11-14 17:07:33.568 20875 20880 I com.wallapop: Compiler allocated 4MB to compile void android.widget.TextView.<init>(android.content.Context, android.util.AttributeSet, int, int)

11-14 17:07:33.645 20875 20875 W com.wallapop: Accessing hidden field Landroid/view/View;->mAccessibilityDelegate:Landroid/view/View$AccessibilityDelegate; (light greylist, reflection)

11-14 17:07:34.481 20875 20875 W View    : requestLayout() improperly called by com.wallapop.design.view.WallapopTextView{1126799 V.ED..... ......ID 47,26-47,86 #7f0a0904 app:id/wp__home__tv_bubble} during layout: running second layout pass

11-14 17:07:34.697 20875 20886 I com.wallapop: Background concurrent copying GC freed 164972(9MB) AllocSpace objects, 50(2MB) LOS objects, 49% free, 14MB/29MB, paused 472us total 240.463ms

11-14 17:07:36.294  4211  6257 D WifiPermissionsUtil: canAccessScanResults: pkgName = com.wallapop, uid = 10313

11-14 17:07:36.848 20875 21157 D Amazon DTB Ads API: with query params:[?dt=android&app=app&dinfo=%7B%22os%22%3A%22Android%22%2C%22model%22%3A%22SM-A750FN%22%2C%22make%22%3A%22samsung%22%2C%22osVersion%22%3A%229%22%2C%22connectionType%22%3A%22Wifi%22%2C%22country%22%3A%22ES%22%2C%22scalingFactor%22%3A%222.625%22%2C%22carrier%22%3A%22JAZZTEL%22%2C%22language%22%3A%22es%22%2C%22screenSize%22%3A%221080x2094%22%2C%22orientation%22%3A%22portrait%22%7D&oo=0&aud=3p&idfa=bf505ce3-e614-4d9a-a4d7-9c324edc6560&appId=d2ba46e2d5ef4c9883051d9c8d0125d5&sdkVer=aps-android-7.4.3&ua=Dalvik%2F2.1.0%20%28Linux%3B%20U%3B%20Android%209%3B%20SM-A750FN%20Build%2FPPR1.180610.011%29&pkg=%7B%22lbl%22%3A%22_Wallapop_%22%2C%22pn%22%3A%22com.wallapop%22%2C%22v%22%3A%221850000%22%2C%22vn%22%3A%221.85.0-d1910251130%22%7D]

11-14 17:07:37.075  4211  4390 D WifiTrafficPoller: TrafficStats TxPkts=967605 RxPkts=1700724 TxBytes=208096622 RxBytes=1624435845 , Foreground uid=10313 pkgName=com.wallapop TxPackets=54610 RxPackets=49273 TxBytes=11226909 RxBytes=35166175

11-14 17:07:37.344 20875 21157 D Amazon DTB Ads API: Error while connecting to remote server: https://s.amazon-adsystem.com/api3/generate_did?dt=android&app=app&dinfo=%7B%22os%22%3A%22Android%22%2C%22model%22%3A%22SM-A750FN%22%2C%22make%22%3A%22samsung%22%2C%22osVersion%22%3A%229%22%2C%22connectionType%22%3A%22Wifi%22%2C%22country%22%3A%22ES%22%2C%22scalingFactor%22%3A%222.625%22%2C%22carrier%22%3A%22JAZZTEL%22%2C%22language%22%3A%22es%22%2C%22screenSize%22%3A%221080x2094%22%2C%22orientation%22%3A%22portrait%22%7D&oo=0&aud=3p&idfa=bf505ce3-e614-4d9a-a4d7-9c324edc6560&appId=d2ba46e2d5ef4c9883051d9c8d0125d5&sdkVer=aps-android-7.4.3&ua=Dalvik%2F2.1.0%20%28Linux%3B%20U%3B%20Android%209%3B%20SM-A750FN%20Build%2FPPR1.180610.011%29&pkg=%7B%22lbl%22%3A%22_Wallapop_%22%2C%22pn%22%3A%22com.wallapop%22%2C%22v%22%3A%221850000%22%2C%22vn%22%3A%221.85.0-d1910251130%22%7D with error:Chain validation failed

11-14 17:07:37.347 20875 21157 E Amazon DTB Ads API: 	at com.wallapop.thirdparty.ads.b.a.a(SourceFile:43)

11-14 17:07:37.347 20875 21157 E Amazon DTB Ads API: 	at com.wallapop.thirdparty.ads.b.a$b$1.invokeSuspend(SourceFile:34)

11-14 17:07:37.347 20875 21157 E Amazon DTB Ads API: 	at com.wallapop.thirdparty.ads.b.a$b$1.invoke(Unknown Source:10)

11-14 17:07:37.347 20875 21157 E Amazon DTB Ads API: 	at com.wallapop.thirdparty.ads.b.a$b.invokeSuspend(SourceFile:33)

11-14 17:07:37.399 20875 20886 I com.wallapop: Background concurrent copying GC freed 214518(11MB) AllocSpace objects, 77(2MB) LOS objects, 49% free, 17MB/34MB, paused 1.131ms total 176.102ms

11-14 17:07:37.492 20875 21404 D Amazon DTB Ads API: with query params:[?dt=android&app=app&dinfo=%7B%22os%22%3A%22Android%22%2C%22model%22%3A%22SM-A750FN%22%2C%22make%22%3A%22samsung%22%2C%22osVersion%22%3A%229%22%2C%22connectionType%22%3A%22Wifi%22%2C%22country%22%3A%22ES%22%2C%22scalingFactor%22%3A%222.625%22%2C%22carrier%22%3A%22JAZZTEL%22%2C%22language%22%3A%22es%22%2C%22screenSize%22%3A%221080x2094%22%2C%22orientation%22%3A%22portrait%22%7D&oo=0&aud=3p&idfa=bf505ce3-e614-4d9a-a4d7-9c324edc6560&appId=d2ba46e2d5ef4c9883051d9c8d0125d5&sdkVer=aps-android-7.4.3&ua=Dalvik%2F2.1.0%20%28Linux%3B%20U%3B%20Android%209%3B%20SM-A750FN%20Build%2FPPR1.180610.011%29&pkg=%7B%22lbl%22%3A%22_Wallapop_%22%2C%22pn%22%3A%22com.wallapop%22%2C%22v%22%3A%221850000%22%2C%22vn%22%3A%221.85.0-d1910251130%22%7D]

11-14 17:07:37.956 20875 21404 D Amazon DTB Ads API: Error while connecting to remote server: https://s.amazon-adsystem.com/api3/generate_did?dt=android&app=app&dinfo=%7B%22os%22%3A%22Android%22%2C%22model%22%3A%22SM-A750FN%22%2C%22make%22%3A%22samsung%22%2C%22osVersion%22%3A%229%22%2C%22connectionType%22%3A%22Wifi%22%2C%22country%22%3A%22ES%22%2C%22scalingFactor%22%3A%222.625%22%2C%22carrier%22%3A%22JAZZTEL%22%2C%22language%22%3A%22es%22%2C%22screenSize%22%3A%221080x2094%22%2C%22orientation%22%3A%22portrait%22%7D&oo=0&aud=3p&idfa=bf505ce3-e614-4d9a-a4d7-9c324edc6560&appId=d2ba46e2d5ef4c9883051d9c8d0125d5&sdkVer=aps-android-7.4.3&ua=Dalvik%2F2.1.0%20%28Linux%3B%20U%3B%20Android%209%3B%20SM-A750FN%20Build%2FPPR1.180610.011%29&pkg=%7B%22lbl%22%3A%22_Wallapop_%22%2C%22pn%22%3A%22com.wallapop%22%2C%22v%22%3A%221850000%22%2C%22vn%22%3A%221.85.0-d1910251130%22%7D with error:Chain validation failed

11-14 17:07:38.005 20875 21404 D Amazon DTB Ads API: with json params:[{"oo":"false","dinfo":{"os":"Android","model":"SM-A750FN","make":"samsung","osVersion":"9","connectionType":"Wifi","country":"ES","scalingFactor":"2.625","carrier":"JAZZTEL","language":"es","screenSize":"1080x2094","orientation":"portrait"},"adsdk":"aps-android-7.4.3","slots":[{"sz":"320x50","slot":"f414d83c-ab9f-4e02-9c59-5137663ee6c7","slotId":1,"supportedMediaTypes":["DISPLAY"]}],"mraid":["1.0","2.0","3.0"],"appId":"d2ba46e2d5ef4c9883051d9c8d0125d5","idfa":"bf505ce3-e614-4d9a-a4d7-9c324edc6560","geoloc":"41.4058684,2.1865172,18.145","isDTBMobile":"true","ua":"Dalvik\/2.1.0 (Linux; U; Android 9; SM-A750FN Build\/PPR1.180610.011)","pkg":{"lbl":"_Wallapop_","pn":"com.wallapop","v":"1850000","vn":"1.85.0-d1910251130"},"gdpr":{"e":"1","c":"BOR0xKKOR0xKKABABAENBZ-AAAAfZ7_______9______9uz_Gv_v_f__33e8__9v_l_7_-___u_-33d4-_1vX99yfm1-7ftr3tp_86ues2vHqK9ZoA"}}]

11-14 17:07:38.901 20875 20875 W com.wallapop: Accessing hidden method Landroid/media/AudioTrack;->getLatency()I (light greylist, reflection)

11-14 17:07:39.374  4211  4475 I CodecSolution: pid(20875) pkg(com.wallapop)

11-14 17:07:39.393  4211  6755 D CodecSolution: topName : com.wallapop

11-14 17:07:39.393  4211  6755 I CodecSolution: Top : com.wallapop

11-14 17:07:39.393  4211  6755 D SCPMHelper: getPackageInfo(com.wallapop)

11-14 17:07:39.467  4211  4475 I CodecSolution: pid(20875) pkg(com.wallapop)

11-14 17:07:39.476  4211  6257 D CodecSolution: topName : com.wallapop

11-14 17:07:39.476  4211  6257 I CodecSolution: Top : com.wallapop

11-14 17:07:39.476  4211  6257 D SCPMHelper: getPackageInfo(com.wallapop)

11-14 17:07:39.558 20875 21435 I chatty  : uid=10313(com.wallapop) CodecLooper identical 1 line

11-14 17:07:39.591 20875 20886 I com.wallapop: Background concurrent copying GC freed 255009(11MB) AllocSpace objects, 124(6MB) LOS objects, 50% free, 18MB/37MB, paused 1.841ms total 345.072ms

11-14 17:07:40.280 20875 21429 I chatty  : uid=10313(com.wallapop) CodecLooper identical 1 line

11-14 17:07:40.308 20875 21435 I chatty  : uid=10313(com.wallapop) CodecLooper identical 1 line


