Executed '[C740] Help: Access and sections' on 26-06-2019
---------------------------------------------------------------------------------
06-26 15:23:25.328  3167  3236 I stetho  : Listening on @stetho_com.wallapop_devtools_remote

06-26 15:23:25.338  3167  3167 I art     : Rejecting re-init on previously-failed class java.lang.Class<com.wallapop.clickstream.JobIntentService$f>

06-26 15:23:25.338  3167  3167 I art     : Rejecting re-init on previously-failed class java.lang.Class<com.wallapop.clickstream.JobIntentService$f>

06-26 15:23:25.438  3167  3167 W ResourcesManager: getTopLevelResources: /data/app/com.google.android.gms-1/base.apk / 1.0 running in com.wallapop rsrc of package null

06-26 15:23:25.528  3167  3167 W ResourcesManager: getTopLevelResources: /data/app/com.google.android.gms-1/base.apk / 1.0 running in com.wallapop rsrc of package null

06-26 15:23:25.548  3167  3167 W ResourcesManager: getTopLevelResources: /data/app/com.google.android.gms-1/base.apk / 1.0 running in com.wallapop rsrc of package null

06-26 15:23:25.568  3167  3167 W ResourcesManager: getTopLevelResources: /data/data/com.google.android.gms/app_chimera/m/00000034/dl-AdsFdrDynamite.integ_20290000008.apk / 1.0 running in com.wallapop rsrc of package null

06-26 15:23:25.568  3167  3167 W ResourcesManager: getTopLevelResources: /data/data/com.google.android.gms/app_chimera/m/00000034/dl-AdsFdrDynamite.integ_20290000008.apk / 1.0 running in com.wallapop rsrc of package null

06-26 15:23:25.578  3167  3238 W System.err: remove failed: ENOENT (No such file or directory) : /data/user/0/com.wallapop/files/tfidf.db

06-26 15:23:25.588  3167  3238 W System.err: remove failed: ENOENT (No such file or directory) : /data/user/0/com.wallapop/databases/__hs__db_error_reports

06-26 15:23:25.588  3167  3238 W System.err: remove failed: ENOENT (No such file or directory) : /data/user/0/com.wallapop/databases/__hs__db_error_reports-journal

06-26 15:23:25.588  3167  3238 W System.err: remove failed: ENOENT (No such file or directory) : /data/user/0/com.wallapop/databases/__hs__db_error_reports-shm

06-26 15:23:25.588  3167  3238 W System.err: remove failed: ENOENT (No such file or directory) : /data/user/0/com.wallapop/databases/__hs__db_error_reports-wal

06-26 15:23:25.708  3167  3167 W ResourcesManager: getTopLevelResources: /data/app/com.google.android.webview-2/base.apk / 1.0 running in com.wallapop rsrc of package null

06-26 15:23:28.488  3167  3202 W ResourcesManager: getTopLevelResources: /data/app/com.google.android.gms-1/base.apk / 1.0 running in com.wallapop rsrc of package null

06-26 15:23:28.578   874  5340 V AlarmManager:  remove PendingIntent] PendingIntent{7bed362: PendingIntentRecord{4c3f453 com.wallapop broadcastIntent}}

06-26 15:23:28.998  3167  3291 W System.err: mkdir failed: EEXIST (File exists) : /data/user/0/com.wallapop/cache/WebView/Crash Reports

06-26 15:23:43.618  3167  3207 W System.err: remove failed: ENOENT (No such file or directory) : /data/user/0/com.wallapop/files/AppEventsLogger.persistedevents

06-26 15:29:55.198   874  1914 I ActivityManager: Force stopping com.wallapop appid=10265 user=0: from pid 4063

06-26 15:29:55.198   874  1914 I ActivityManager: Killing 3167:com.wallapop/u0a265 (adj 15): stop com.wallapop cause from pid 4063

06-26 15:29:55.198   874  1914 D ActivityManager: isAutoRunBlockedApp:: com.wallapop, Auto Run ON

06-26 15:29:55.208   874   874 V AlarmManager: Remove alarm for next reason : android.intent.action.PACKAGE_RESTARTED : package: com.wallapop

06-26 15:29:55.218 25967 25967 I ClearDataReceiver: [#DCM#] Intent Data: package:com.wallapop

06-26 15:29:55.468   874   894 V WindowManager: addAppToken: AppWindowToken{5bf26c7 token=Token{149a006 ActivityRecord{cbf4ae1 u0 com.wallapop/com.rewallapop.ui.main.MainActivity t800}}} to stack=1 task=800 at 0

06-26 15:29:55.478   874  1132 D ISSUE_DEBUG: InputChannelName : c2d80db Starting com.wallapop

06-26 15:29:55.498   874  1721 I ActivityManager: Start proc 4115:com.wallapop/u0a265 for activity com.wallapop/com.rewallapop.ui.main.MainActivity

06-26 15:29:55.498  4115  4115 W SELinux : SELinux: seapp_context_lookup: seinfo=default, level=s0:c512,c768, pkgname=com.wallapop

06-26 15:29:55.518   874  1132 V WindowStateAnimator: Finishing drawing window Window{c2d80db u0 d0 Starting com.wallapop}: mDrawState=DRAW_PENDING

06-26 15:29:55.538   874  2020 D ActivityManager:  Launching com.wallapop, updated priority

06-26 15:29:55.568   874  1028 D StatusBarManagerService: manageDisableList userId=0 what=0x0 pkg=Window{c2d80db u0 d0 Starting com.wallapop}

06-26 15:29:55.568   874  1027 V MARsPolicyManager: updatePackagesScore PackageInfo name -- com.wallapop

06-26 15:29:55.578  4115  4115 W ResourcesManager: getTopLevelResources: /data/app/com.wallapop-1/base.apk / 1.0 running in com.wallapop rsrc of package null

06-26 15:29:55.738  4115  4136 W ResourcesManager: getTopLevelResources: /data/app/com.wallapop-1/base.apk / 1.0 running in com.wallapop rsrc of package null

06-26 15:29:55.748  4115  4115 W ResourcesManager: getTopLevelResources: /data/app/com.wallapop-1/base.apk / 1.0 running in com.wallapop rsrc of package null

06-26 15:29:55.758  4115  4115 W ResourcesManager: getTopLevelResources: /data/app/com.wallapop-1/base.apk / 1.0 running in com.wallapop rsrc of package null

06-26 15:29:55.758  4115  4146 W System.err: remove failed: ENOENT (No such file or directory) : /data/user/0/com.wallapop/files/AppEventsLogger.persistedevents

06-26 15:29:55.758  4115  4138 W ResourcesManager: getTopLevelResources: /data/app/com.google.android.gms-1/base.apk / 1.0 running in com.wallapop rsrc of package null

06-26 15:29:55.758  4115  4144 W ResourcesManager: getTopLevelResources: /data/app/com.google.android.gms-1/base.apk / 1.0 running in com.wallapop rsrc of package null

06-26 15:29:55.768  4115  4115 W ResourcesManager: getTopLevelResources: /data/app/com.wallapop-1/base.apk / 1.0 running in com.wallapop rsrc of package null

06-26 15:29:55.768  4115  4136 I FA      :   adb shell setprop debug.firebase.analytics.app com.wallapop

06-26 15:29:55.788   874  1723 V AlarmManager:  remove PendingIntent] PendingIntent{4493053: PendingIntentRecord{3150d90 com.wallapop broadcastIntent}}

06-26 15:29:56.138  4115  4115 W System.err: mkdir failed: EEXIST (File exists) : /data/user/0/com.wallapop/cache/okhttp

06-26 15:29:57.158  4115  4173 I stetho  : Listening on @stetho_com.wallapop_devtools_remote

06-26 15:29:57.178  4115  4115 I art     : Rejecting re-init on previously-failed class java.lang.Class<com.wallapop.clickstream.JobIntentService$f>

06-26 15:29:57.178  4115  4115 I art     : Rejecting re-init on previously-failed class java.lang.Class<com.wallapop.clickstream.JobIntentService$f>

06-26 15:29:57.288  4115  4115 W ResourcesManager: getTopLevelResources: /data/app/com.google.android.gms-1/base.apk / 1.0 running in com.wallapop rsrc of package null

06-26 15:29:57.358  4115  4115 W ResourcesManager: getTopLevelResources: /data/app/com.google.android.gms-1/base.apk / 1.0 running in com.wallapop rsrc of package null

06-26 15:29:57.388  4115  4115 W ResourcesManager: getTopLevelResources: /data/data/com.google.android.gms/app_chimera/m/00000034/dl-AdsFdrDynamite.integ_20290000008.apk / 1.0 running in com.wallapop rsrc of package null

06-26 15:29:57.388  4115  4115 W ResourcesManager: getTopLevelResources: /data/data/com.google.android.gms/app_chimera/m/00000034/dl-AdsFdrDynamite.integ_20290000008.apk / 1.0 running in com.wallapop rsrc of package null

06-26 15:29:57.408  4115  4175 W System.err: remove failed: ENOENT (No such file or directory) : /data/user/0/com.wallapop/files/tfidf.db

06-26 15:29:57.418  4115  4175 W System.err: remove failed: ENOENT (No such file or directory) : /data/user/0/com.wallapop/databases/__hs__db_error_reports

06-26 15:29:57.418  4115  4175 W System.err: remove failed: ENOENT (No such file or directory) : /data/user/0/com.wallapop/databases/__hs__db_error_reports-journal

06-26 15:29:57.418  4115  4175 W System.err: remove failed: ENOENT (No such file or directory) : /data/user/0/com.wallapop/databases/__hs__db_error_reports-shm

06-26 15:29:57.418  4115  4175 W System.err: remove failed: ENOENT (No such file or directory) : /data/user/0/com.wallapop/databases/__hs__db_error_reports-wal

06-26 15:29:57.518  4115  4115 W ResourcesManager: getTopLevelResources: /data/app/com.google.android.webview-2/base.apk / 1.0 running in com.wallapop rsrc of package null

06-26 15:30:00.118  4115  4275 W ResourcesManager: getTopLevelResources: /data/app/com.google.android.gms-1/base.apk / 1.0 running in com.wallapop rsrc of package null

06-26 15:30:00.178  4115  4115 W ResourcesManager: getTopLevelResources: /data/app/com.wallapop-1/base.apk / 1.0 running in com.wallapop rsrc of package null

06-26 15:30:00.198   874  4874 V AlarmManager:  remove PendingIntent] PendingIntent{cae89fe: PendingIntentRecord{4c3f453 com.wallapop broadcastIntent}}

06-26 15:30:00.198  4115  4115 W ResourcesManager: getTopLevelResources: /data/app/com.wallapop-1/base.apk / 1.0 running in com.wallapop rsrc of package null

06-26 15:30:00.498   874  1723 V AlarmManager:  remove PendingIntent] PendingIntent{465480a: PendingIntentRecord{f7871c1 com.wallapop broadcastIntent}}

06-26 15:30:00.508   874  1722 D LocationManagerService: request 5376d66 passive Request[POWER_NONE passive fastest=0 num=1] from com.wallapop(10265)

06-26 15:30:00.618  4115  4115 W System.err: remove failed: ENOENT (No such file or directory) : /data/user/0/com.wallapop/cache/okhttp/journal.tmp

06-26 15:30:00.638  4115  4115 I Timeline: Timeline: Activity_launch_request id:com.wallapop time:10398663

06-26 15:30:00.648   874  1913 V WindowManager: addAppToken: AppWindowToken{315092d token=Token{ab59444 ActivityRecord{2599157 u0 com.wallapop/com.rewallapop.ui.wall.WallActivity t800}}} to stack=1 task=800 at 1

06-26 15:30:00.658   874  1028 D StatusBarManagerService: manageDisableList userId=0 what=0x0 pkg=Window{c2d80db u0 d0 Starting com.wallapop}

06-26 15:30:00.738  4115  4163 W ResourcesManager: getTopLevelResources: /data/app/com.google.android.gms-1/base.apk / 1.0 running in com.wallapop rsrc of package null

06-26 15:30:00.778   874  1027 D ApplicationPolicy: isStatusBarNotificationAllowedAsUser: packageName = com.wallapop,userId = 0

06-26 15:30:00.778   874   874 D MARsPolicyManager: NotificationListenerService OngoingNotificationPosted : com.wallapop

06-26 15:30:00.788  1391  1391 W ResourcesManager: getTopLevelResources: /data/app/com.wallapop-1/base.apk / 1.0 running in com.android.systemui rsrc of package null

06-26 15:30:00.788   874  1027 V MARsPolicyManager: updatePackagesScore PackageInfo name -- com.wallapop

06-26 15:30:00.808  1391  1391 W ResourcesManager: getTopLevelResources: /data/app/com.wallapop-1/base.apk / 1.0 running in com.android.systemui rsrc of package null

06-26 15:30:00.818  1391  1391 W ResourcesManager: getTopLevelResources: /data/app/com.wallapop-1/base.apk / 1.0 running in com.android.systemui rsrc of package null

06-26 15:30:00.838  1391  1391 W ResourcesManager: getTopLevelResources: /data/app/com.wallapop-1/base.apk / 1.0 running in com.android.systemui rsrc of package null

06-26 15:30:01.078  4115  4115 W ResourcesManager: getTopLevelResources: /data/app/com.wallapop-1/base.apk / 1.0 running in com.wallapop rsrc of package null

06-26 15:30:01.088  4115  4115 W ResourcesManager: getTopLevelResources: /data/app/com.wallapop-1/base.apk / 1.0 running in com.wallapop rsrc of package null

06-26 15:30:01.088  4115  4218 W System.err: mkdir failed: EEXIST (File exists) : /data/user/0/com.wallapop/cache/WebView/Crash Reports

06-26 15:30:01.108   874  5340 V AlarmManager:  remove PendingIntent] PendingIntent{15f544f: PendingIntentRecord{f7871c1 com.wallapop broadcastIntent}}

06-26 15:30:01.438  4115  4359 W ResourcesManager: getTopLevelResources: /data/app/com.google.android.gms-1/base.apk / 1.0 running in com.wallapop rsrc of package null

06-26 15:30:01.518  4115  4146 W System.err: remove failed: ENOENT (No such file or directory) : /data/user/0/com.wallapop/files/AppEventsLogger.persistedevents

06-26 15:30:01.568   874  1661 D ISSUE_DEBUG: InputChannelName : ddd25c2 com.wallapop/com.rewallapop.ui.wall.WallActivity

06-26 15:30:01.598 21819 24782 I Finsky  : [2762] eth.b(2): com.wallapop: Account determined from installer data - [E7ZhE6RtwBr6ZrivWaTWep8klQM]

06-26 15:30:01.598 21819 24782 I Finsky  : [2762] eth.b(9): com.wallapop: Account from preferred account - [E7ZhE6RtwBr6ZrivWaTWep8klQM]

06-26 15:30:01.608 21819 24783 I Finsky  : [2763] eth.b(2): com.wallapop: Account determined from installer data - [E7ZhE6RtwBr6ZrivWaTWep8klQM]

06-26 15:30:01.608 21819 24783 I Finsky  : [2763] eth.b(9): com.wallapop: Account from preferred account - [E7ZhE6RtwBr6ZrivWaTWep8klQM]

06-26 15:30:01.678  4115  4359 D Amazon DTB Ads API: with json params:[{"adsdk":"aps-android-7.4.3","gdpr":{"e":"1","c":"BAAAAAAOa0ob7AcABBENBtAAAAAh6AAA"},"oo":"false","mraid":["1.0","2.0","3.0"],"ua":"Dalvik\/2.1.0 (Linux; U; Android 6.0.1; SM-G900F Build\/MMB29M)","geoloc":"41.4058676,2.1864555,16.832","idfa":"1e214c05-ac1e-4c82-ae75-fb207f9c9c8a","appId":"d2ba46e2d5ef4c9883051d9c8d0125d5","ad-id":"A-6j1GeULkCtsqbiEmqTO1M","slots":[{"sz":"320x50","slot":"f414d83c-ab9f-4e02-9c59-5137663ee6c7","slotId":1,"supportedMediaTypes":["DISPLAY"]}],"dinfo":{"os":"Android","model":"SM-G900F","make":"samsung","osVersion":"6.0.1","connectionType":"Wifi","country":"ES","scalingFactor":"3.0","carrier":"JAZZTEL","language":"es","screenSize":"1080x1920","orientation":"portrait"},"pkg":{"lbl":"_Wallapop_","pn":"com.wallapop","v":"1760000","vn":"1.76.0-d1906251551"},"isDTBMobile":"true"}]

06-26 15:30:01.808   874  1028 D StatusBarManagerService: manageDisableList userId=0 what=0x0 pkg=Window{ddd25c2 u0 d0 com.wallapop/com.rewallapop.ui.wall.WallActivity}

06-26 15:30:02.108 21819 21830 I Finsky  : [2685] eth.b(2): com.wallapop: Account determined from installer data - [E7ZhE6RtwBr6ZrivWaTWep8klQM]

06-26 15:30:02.108 21819 21830 I Finsky  : [2685] eth.b(9): com.wallapop: Account from preferred account - [E7ZhE6RtwBr6ZrivWaTWep8klQM]

06-26 15:30:02.128 21819 24782 I Finsky  : [2762] eth.b(2): com.wallapop: Account determined from installer data - [E7ZhE6RtwBr6ZrivWaTWep8klQM]

06-26 15:30:02.128 21819 24782 I Finsky  : [2762] eth.b(9): com.wallapop: Account from preferred account - [E7ZhE6RtwBr6ZrivWaTWep8klQM]

06-26 15:30:02.148 21819 24783 I Finsky  : [2763] eth.b(2): com.wallapop: Account determined from installer data - [E7ZhE6RtwBr6ZrivWaTWep8klQM]

06-26 15:30:02.148 21819 24783 I Finsky  : [2763] eth.b(9): com.wallapop: Account from preferred account - [E7ZhE6RtwBr6ZrivWaTWep8klQM]

06-26 15:30:02.158 21819 21829 I Finsky  : [2684] eth.b(2): com.wallapop: Account determined from installer data - [E7ZhE6RtwBr6ZrivWaTWep8klQM]

06-26 15:30:02.158 21819 21829 I Finsky  : [2684] eth.b(9): com.wallapop: Account from preferred account - [E7ZhE6RtwBr6ZrivWaTWep8klQM]

06-26 15:30:02.198   874  1913 V WindowStateAnimator: Finishing drawing window Window{ddd25c2 u0 d0 com.wallapop/com.rewallapop.ui.wall.WallActivity}: mDrawState=DRAW_PENDING

06-26 15:30:02.208   874  1132 I ActivityManager: Displayed com.wallapop/com.rewallapop.ui.wall.WallActivity: +1s421ms (total +6m38s706ms)

06-26 15:30:02.208   874  1132 I Timeline: Timeline: Activity_windows_visible id: ActivityRecord{2599157 u0 com.wallapop/com.rewallapop.ui.wall.WallActivity t800} time:10400236

06-26 15:30:02.288   874  2020 V WindowStateAnimator: Finishing drawing window Window{ddd25c2 u0 d0 com.wallapop/com.rewallapop.ui.wall.WallActivity}: mDrawState=HAS_DRAWN

06-26 15:30:02.298 21819 21830 I Finsky  : [2685] eth.b(2): com.wallapop: Account determined from installer data - [E7ZhE6RtwBr6ZrivWaTWep8klQM]

06-26 15:30:02.298 21819 21830 I Finsky  : [2685] eth.b(9): com.wallapop: Account from preferred account - [E7ZhE6RtwBr6ZrivWaTWep8klQM]

06-26 15:30:02.318  4115  4115 W ResourcesManager: getTopLevelResources: /data/app/com.google.android.gms-1/base.apk / 1.0 running in com.wallapop rsrc of package null

06-26 15:30:02.468  4115  4410 W ResourcesManager: getTopLevelResources: /data/data/com.google.android.gms/app_chimera/m/00000034/dl-AdsFdrDynamite.integ_20290000008.apk / 1.0 running in com.wallapop rsrc of package null

06-26 15:30:02.528   874   894 I AppOps  : sendInfoToFLP, code=41 , uid=10265 , packageName=com.wallapop , type=startOp

06-26 15:30:02.638 21819 24782 I Finsky  : [2762] eth.b(2): com.wallapop: Account determined from installer data - [E7ZhE6RtwBr6ZrivWaTWep8klQM]

06-26 15:30:02.638 21819 24782 I Finsky  : [2762] eth.b(9): com.wallapop: Account from preferred account - [E7ZhE6RtwBr6ZrivWaTWep8klQM]

06-26 15:30:02.638 21819 24783 I Finsky  : [2763] eth.b(2): com.wallapop: Account determined from installer data - [E7ZhE6RtwBr6ZrivWaTWep8klQM]

06-26 15:30:02.638 21819 24783 I Finsky  : [2763] eth.b(9): com.wallapop: Account from preferred account - [E7ZhE6RtwBr6ZrivWaTWep8klQM]

06-26 15:30:02.648  4115  4115 W ResourcesManager: getTopLevelResources: /data/app/com.google.android.gms-1/base.apk / 1.0 running in com.wallapop rsrc of package null

06-26 15:30:03.608  4115  4115 W View    : requestLayout() improperly called by com.wallapop.design.view.WallapopTextView{e0e2669 V.ED..... ......ID 54,30-54,92 #7f0a08d7 app:id/wp__home__tv_bubble} during layout: running second layout pass

06-26 15:30:04.578  4115  4146 W System.err: remove failed: ENOENT (No such file or directory) : /data/user/0/com.wallapop/files/AppEventsLogger.persistedevents

06-26 15:30:05.518  4115  4511 W ResourcesManager: getTopLevelResources: /data/app/com.google.android.gms-1/base.apk / 1.0 running in com.wallapop rsrc of package null

06-26 15:30:06.448  4115  4511 W ResourcesManager: getTopLevelResources: /data/app/com.google.android.gms-1/base.apk / 1.0 running in com.wallapop rsrc of package null


