Executed '[C734] Register: Sign up with a new Wallapop account' on 09-07-2019
---------------------------------------------------------------------------------
07-09 15:31:13.323   874  1028 D StatusBarManagerService: manageDisableList userId=0 what=0x0 pkg=Window{7387a41 u0 d0 com.wallapop/com.rewallapop.ui.listing.BumpPopupActivity}

07-09 15:31:13.423   874  1027 V MARsPolicyManager: updatePackagesScore PackageInfo name -- com.wallapop

07-09 15:31:13.433   874  1028 D StatusBarManagerService: manageDisableList userId=0 what=0x0 pkg=Window{6d3881a u0 d0 com.wallapop/com.rewallapop.ui.item.ItemDetailActivity}

07-09 15:31:13.433   874  1132 I ActivityManager: Displayed com.wallapop/com.rewallapop.ui.item.ItemDetailActivity: +19ms

07-09 15:31:13.433   874  1132 I Timeline: Timeline: Activity_windows_visible id: ActivityRecord{72862c2 u0 com.wallapop/com.rewallapop.ui.item.ItemDetailActivity t984} time:128278687

07-09 15:31:13.633   874  1422 V AlarmManager:  remove PendingIntent] PendingIntent{f94c7e: PendingIntentRecord{7da1d19 com.wallapop broadcastIntent}}

07-09 15:31:14.753   874  1027 V MARsPolicyManager: updatePackagesScore PackageInfo name -- com.wallapop

07-09 15:31:14.803   874  1723 V AlarmManager:  remove PendingIntent] PendingIntent{73867a9: PendingIntentRecord{8aff901 com.wallapop broadcastIntent}}

07-09 15:31:14.873   874  1028 D StatusBarManagerService: manageDisableList userId=0 what=0x0 pkg=Window{b26056 u0 d0 com.wallapop/com.rewallapop.ui.wall.WallActivity}

07-09 15:31:15.073   874   892 V WindowStateAnimator: Finishing drawing window Window{b26056 u0 d0 com.wallapop/com.rewallapop.ui.wall.WallActivity}: mDrawState=DRAW_PENDING

07-09 15:31:15.083   874  1132 I ActivityManager: Displayed com.wallapop/com.rewallapop.ui.wall.WallActivity: +335ms

07-09 15:31:15.343   874  1132 I Timeline: Timeline: Activity_windows_visible id: ActivityRecord{f718855 u0 com.wallapop/com.rewallapop.ui.wall.WallActivity t984} time:128280590

07-09 15:31:15.363 14321 14321 W View    : requestLayout() improperly called by com.wallapop.design.view.WallapopTextView{877244f V.ED..... ......ID 54,30-630,92 #7f0a08d3 app:id/wp__home__tv_bubble} during layout: running second layout pass

07-09 15:31:20.123 14321 14321 I Timeline: Timeline: Activity_launch_request id:com.wallapop time:128285379

07-09 15:31:20.153   874  1721 V WindowManager: addAppToken: AppWindowToken{718e5c1 token=Token{aab76a8 ActivityRecord{771aecb u0 com.wallapop/com.rewallapop.ui.user.profile.MyProfileActivity t984}}} to stack=1 task=984 at 1

07-09 15:31:20.193   874  1027 V MARsPolicyManager: updatePackagesScore PackageInfo name -- com.wallapop

07-09 15:31:20.213 14321 14321 W ResourcesManager: getTopLevelResources: /data/app/com.wallapop-1/base.apk / 1.0 running in com.wallapop rsrc of package null

07-09 15:31:20.223 14321 14321 W ResourcesManager: getTopLevelResources: /data/app/com.wallapop-1/base.apk / 1.0 running in com.wallapop rsrc of package null

07-09 15:31:20.243   874  4874 V AlarmManager:  remove PendingIntent] PendingIntent{fe0d166: PendingIntentRecord{8aff901 com.wallapop broadcastIntent}}

07-09 15:31:20.263   874   892 D ISSUE_DEBUG: InputChannelName : 3955554 com.wallapop/com.rewallapop.ui.user.profile.MyProfileActivity

07-09 15:31:20.273   874  1028 D StatusBarManagerService: manageDisableList userId=0 what=0x0 pkg=Window{3955554 u0 d0 com.wallapop/com.rewallapop.ui.user.profile.MyProfileActivity}

07-09 15:31:20.293   874  4874 V WindowStateAnimator: Finishing drawing window Window{3955554 u0 d0 com.wallapop/com.rewallapop.ui.user.profile.MyProfileActivity}: mDrawState=DRAW_PENDING

07-09 15:31:20.313   874  1132 I ActivityManager: Displayed com.wallapop/com.rewallapop.ui.user.profile.MyProfileActivity: +120ms

07-09 15:31:20.313 14321 14321 I Timeline: Timeline: Activity_launch_request id:com.wallapop time:128285562

07-09 15:31:20.323   874  1913 V WindowManager: addAppToken: AppWindowToken{e138bf9 token=Token{9c72c0 ActivityRecord{4472c43 u0 com.wallapop/com.rewallapop.ui.user.profile.ProfileActivity t984}}} to stack=1 task=984 at 2

07-09 15:31:20.323   874  1028 D StatusBarManagerService: manageDisableList userId=0 what=0x0 pkg=Window{b26056 u0 d0 com.wallapop/com.rewallapop.ui.wall.WallActivity}

07-09 15:31:20.343   874  3012 V WindowStateAnimator: Finishing drawing window Window{3955554 u0 d0 com.wallapop/com.rewallapop.ui.user.profile.MyProfileActivity}: mDrawState=HAS_DRAWN

07-09 15:31:20.393 14321 14321 W ResourcesManager: getTopLevelResources: /data/app/com.wallapop-1/base.apk / 1.0 running in com.wallapop rsrc of package null

07-09 15:31:20.403 14321 14321 W ResourcesManager: getTopLevelResources: /data/app/com.wallapop-1/base.apk / 1.0 running in com.wallapop rsrc of package null

07-09 15:31:20.403   874  1027 V MARsPolicyManager: updatePackagesScore PackageInfo name -- com.wallapop

07-09 15:31:20.443   874  1220 V AlarmManager:  remove PendingIntent] PendingIntent{185c131: PendingIntentRecord{8aff901 com.wallapop broadcastIntent}}

07-09 15:31:20.473   874  1914 D ISSUE_DEBUG: InputChannelName : cf1cd97 com.wallapop/com.rewallapop.ui.user.profile.ProfileActivity

07-09 15:31:20.513   874  1028 D StatusBarManagerService: manageDisableList userId=0 what=0x0 pkg=Window{cf1cd97 u0 d0 com.wallapop/com.rewallapop.ui.user.profile.ProfileActivity}

07-09 15:31:20.573 12842 12866 W ByMatcher: Node returned null child: android.view.accessibility.AccessibilityNodeInfo@8003f5a5; boundsInParent: Rect(0, 0 - 264, 199); boundsInScreen: Rect(12, 303 - 276, 502); packageName: com.wallapop; className: android.widget.LinearLayout; text: null; error: null; maxTextLength: -1; contentDescription: null; viewIdResName: null; checkable: false; checked: false; focusable: false; focused: false; selected: false; clickable: true; longClickable: false; contextClickable: false; enabled: true; password: false; scrollable: false; actions: [AccessibilityAction: ACTION_SELECT - null, AccessibilityAction: ACTION_CLEAR_SELECTION - null, AccessibilityAction: ACTION_CLICK - null, AccessibilityAction: ACTION_ACCESSIBILITY_FOCUS - null, AccessibilityAction: ACTION_UNKNOWN - null]

07-09 15:31:20.573 12842 12866 W ByMatcher: Node returned null child: android.view.accessibility.AccessibilityNodeInfo@8001ef9b; boundsInParent: Rect(0, 0 - 1080, 74); boundsInScreen: Rect(0, 971 - 1080, 1045); packageName: com.wallapop; className: android.widget.FrameLayout; text: null; error: null; maxTextLength: -1; contentDescription: null; viewIdResName: null; checkable: false; checked: false; focusable: false; focused: false; selected: false; clickable: false; longClickable: false; contextClickable: false; enabled: true; password: false; scrollable: false; actions: [AccessibilityAction: ACTION_SELECT - null, AccessibilityAction: ACTION_CLEAR_SELECTION - null, AccessibilityAction: ACTION_ACCESSIBILITY_FOCUS - null, AccessibilityAction: ACTION_UNKNOWN - null]

07-09 15:31:20.583 12842 12866 W ByMatcher: Node returned null child: android.view.accessibility.AccessibilityNodeInfo@800128a6; boundsInParent: Rect(0, 0 - 504, 636); boundsInScreen: Rect(552, 1842 - 1056, 1920); packageName: com.wallapop; className: android.view.ViewGroup; text: null; error: null; maxTextLength: -1; contentDescription: null; viewIdResName: com.wallapop:id/root; checkable: false; checked: false; focusable: true; focused: false; selected: false; clickable: true; longClickable: false; contextClickable: false; enabled: true; password: false; scrollable: false; actions: [AccessibilityAction: ACTION_FOCUS - null, AccessibilityAction: ACTION_SELECT - null, AccessibilityAction: ACTION_CLEAR_SELECTION - null, AccessibilityAction: ACTION_CLICK - null, AccessibilityAction: ACTION_ACCESSIBILITY_FOCUS - null, AccessibilityAction: ACTION_UNKNOWN - null]

07-09 15:31:20.583 12842 12866 W ByMatcher: Node returned null child: android.view.accessibility.AccessibilityNodeInfo@80010a9e; boundsInParent: Rect(0, 0 - 1080, 1848); boundsInScreen: Rect(0, 72 - 1080, 1920); packageName: com.wallapop; className: android.view.ViewGroup; text: null; error: null; maxTextLength: -1; contentDescription: null; viewIdResName: com.wallapop:id/wall_coordinator; checkable: false; checked: false; focusable: false; focused: false; selected: false; clickable: false; longClickable: false; contextClickable: false; enabled: true; password: false; scrollable: false; actions: [AccessibilityAction: ACTION_SELECT - null, AccessibilityAction: ACTION_CLEAR_SELECTION - null, AccessibilityAction: ACTION_ACCESSIBILITY_FOCUS - null, AccessibilityAction: ACTION_UNKNOWN - null]

07-09 15:31:20.583 12842 12866 W ByMatcher: Node returned null child: android.view.accessibility.AccessibilityNodeInfo@8000ff5b; boundsInParent: Rect(0, 0 - 1080, 1920); boundsInScreen: Rect(0, 0 - 1080, 1920); packageName: com.wallapop; className: android.widget.FrameLayout; text: null; error: null; maxTextLength: -1; contentDescription: null; viewIdResName: null; checkable: false; checked: false; focusable: false; focused: false; selected: false; clickable: false; longClickable: false; contextClickable: false; enabled: true; password: false; scrollable: false; actions: [AccessibilityAction: ACTION_SELECT - null, AccessibilityAction: ACTION_CLEAR_SELECTION - null, AccessibilityAction: ACTION_ACCESSIBILITY_FOCUS - null, AccessibilityAction: ACTION_UNKNOWN - null]

07-09 15:31:20.583 12842 12866 W ByMatcher: Node returned null child: android.view.accessibility.AccessibilityNodeInfo@8000ff5b; boundsInParent: Rect(0, 0 - 1080, 1920); boundsInScreen: Rect(0, 0 - 1080, 1920); packageName: com.wallapop; className: android.widget.FrameLayout; text: null; error: null; maxTextLength: -1; contentDescription: null; viewIdResName: null; checkable: false; checked: false; focusable: false; focused: false; selected: false; clickable: false; longClickable: false; contextClickable: false; enabled: true; password: false; scrollable: false; actions: [AccessibilityAction: ACTION_SELECT - null, AccessibilityAction: ACTION_CLEAR_SELECTION - null, AccessibilityAction: ACTION_ACCESSIBILITY_FOCUS - null, AccessibilityAction: ACTION_UNKNOWN - null]

07-09 15:31:20.623   874  1714 V WindowStateAnimator: Finishing drawing window Window{cf1cd97 u0 d0 com.wallapop/com.rewallapop.ui.user.profile.ProfileActivity}: mDrawState=DRAW_PENDING

07-09 15:31:20.633   874  1132 I ActivityManager: Displayed com.wallapop/com.rewallapop.ui.user.profile.ProfileActivity: +260ms

07-09 15:31:20.643   874  1132 I Timeline: Timeline: Activity_windows_visible id: ActivityRecord{771aecb u0 com.wallapop/com.rewallapop.ui.user.profile.MyProfileActivity t984 f} time:128285895

07-09 15:31:20.683   874  1220 V WindowStateAnimator: Finishing drawing window Window{cf1cd97 u0 d0 com.wallapop/com.rewallapop.ui.user.profile.ProfileActivity}: mDrawState=HAS_DRAWN

07-09 15:31:20.703 14321 14329 W REALM_JAVA: Remember to call close() on all Realm instances. Realm /data/data/com.wallapop/files/feature_flags is being finalized without being closed, this can lead to running out of native memory.

07-09 15:31:20.703 14321 14329 W REALM_JAVA: Remember to call close() on all Realm instances. Realm /data/data/com.wallapop/files/feature_flags is being finalized without being closed, this can lead to running out of native memory.

07-09 15:31:20.703 14321 14329 W REALM_JAVA: Remember to call close() on all Realm instances. Realm /data/data/com.wallapop/files/feature_flags is being finalized without being closed, this can lead to running out of native memory.

07-09 15:31:20.903   874  1132 I Timeline: Timeline: Activity_windows_visible id: ActivityRecord{4472c43 u0 com.wallapop/com.rewallapop.ui.user.profile.ProfileActivity t984} time:128286155

07-09 15:31:20.993 14321 14321 W GmsClientEvents: unregisterConnectionFailedListener(): listener GooglePlayServicesHeadlessFragment{a8593f6 (5edf61bb-780c-4589-b1c6-00761b3c41e3) com.wallapop.fragments.headless.GooglePlayServicesHeadlessFragment} not found

07-09 15:31:20.993 14321 14321 W GmsClientEvents: unregisterConnectionCallbacks(): listener GooglePlayServicesHeadlessFragment{a8593f6 (5edf61bb-780c-4589-b1c6-00761b3c41e3) com.wallapop.fragments.headless.GooglePlayServicesHeadlessFragment} not found

07-09 15:31:20.993 14321 14321 V ActivityThread: updateVisibility : ActivityRecord{33e7f5f token=android.os.BinderProxy@513b9e8 {com.wallapop/com.rewallapop.ui.wall.WallActivity}} show : false

07-09 15:31:21.093 14321 18127 E WallapopError: 	at com.wallapop.kernel.l.a$a.a(SourceFile:5)

07-09 15:31:21.093 14321 18127 E WallapopError: 	at com.wallapop.kernel.l.g$a.a(SourceFile:8)

07-09 15:31:21.093 14321 18127 E WallapopError: 	at com.wallapop.kernel.l.a$a.b(SourceFile)

07-09 15:31:21.093 14321 18127 E WallapopError: 	at com.wallapop.kernel.extension.a.b(SourceFile:21)

07-09 15:31:21.323 14321 14321 W View    : requestLayout() improperly called by com.wallapop.design.view.WallapopTextView{d0f0b2f V.ED..... ..S..AID 0,23-285,105 #7f0a0255 app:id/counterView} during layout: running second layout pass

07-09 15:31:27.033   874  1028 D StatusBarManagerService: manageDisableList userId=0 what=0x0 pkg=Window{cf1cd97 u0 d0 com.wallapop/com.rewallapop.ui.user.profile.ProfileActivity}

07-09 15:31:27.073 14321 14321 I Timeline: Timeline: Activity_launch_request id:com.wallapop time:128292328

07-09 15:31:27.123   874  1027 V MARsPolicyManager: updatePackagesScore PackageInfo name -- com.wallapop

07-09 15:31:27.233   874   874 D MARsPolicyManager: NotificationListenerService OngoingNotificationRemoved : com.wallapop

07-09 15:31:27.263   874  2732 D CoverManagerWhiteLists: isAllowedToUse : packageName = com.wallapop, uid = 10276, pid = 14321

07-09 15:31:27.293   874  1913 V AlarmManager:  remove PendingIntent] PendingIntent{d77ac11: PendingIntentRecord{8aff901 com.wallapop broadcastIntent}}

07-09 15:31:27.373   874  1028 D StatusBarManagerService: manageDisableList userId=0 what=0x0 pkg=Window{b26056 u0 d0 com.wallapop/com.rewallapop.ui.wall.WallActivity}

07-09 15:31:27.483   874  1721 V AlarmManager:  remove PendingIntent] PendingIntent{91d694e: PendingIntentRecord{c265275 com.wallapop broadcastIntent}}

07-09 15:31:27.643   874  1220 V WindowStateAnimator: Finishing drawing window Window{b26056 u0 d0 com.wallapop/com.rewallapop.ui.wall.WallActivity}: mDrawState=DRAW_PENDING

07-09 15:31:27.653   874  1132 I ActivityManager: Displayed com.wallapop/com.rewallapop.ui.wall.WallActivity: +538ms

07-09 15:31:27.823 14321 14321 W View    : requestLayout() improperly called by com.wallapop.design.view.WallapopTextView{877244f V.ED..... ......ID 54,30-630,92 #7f0a08d3 app:id/wp__home__tv_bubble} during layout: running second layout pass

07-09 15:31:27.903   874  1132 I Timeline: Timeline: Activity_windows_visible id: ActivityRecord{f718855 u0 com.wallapop/com.rewallapop.ui.wall.WallActivity t984} time:128293155

07-09 15:31:35.193 14321 14321 I Timeline: Timeline: Activity_launch_request id:com.wallapop time:128300442

07-09 15:31:35.213   874   894 V WindowManager: addAppToken: AppWindowToken{4b2899 token=Token{cf41de0 ActivityRecord{7140fe3 u0 com.wallapop/com.rewallapop.ui.login.OnboardingActivity t984}}} to stack=1 task=984 at 1

07-09 15:31:35.263   874  1027 V MARsPolicyManager: updatePackagesScore PackageInfo name -- com.wallapop

07-09 15:31:35.283 14321 14321 W ResourcesManager: getTopLevelResources: /data/app/com.wallapop-1/base.apk / 1.0 running in com.wallapop rsrc of package null

07-09 15:31:35.293 14321 14321 W ResourcesManager: getTopLevelResources: /data/app/com.wallapop-1/base.apk / 1.0 running in com.wallapop rsrc of package null

07-09 15:31:35.343   874   894 V AlarmManager:  remove PendingIntent] PendingIntent{5b5175e: PendingIntentRecord{8aff901 com.wallapop broadcastIntent}}

07-09 15:31:35.513   874  1661 D ISSUE_DEBUG: InputChannelName : 61cb555 com.wallapop/com.rewallapop.ui.login.OnboardingActivity

07-09 15:31:35.533   874  1028 D StatusBarManagerService: manageDisableList userId=0 what=0x0 pkg=Window{61cb555 u0 d0 com.wallapop/com.rewallapop.ui.login.OnboardingActivity}

07-09 15:31:35.563 14321 14329 W REALM_JAVA: Remember to call close() on all Realm instances. Realm /data/data/com.wallapop/files/feature_flags is being finalized without being closed, this can lead to running out of native memory.

07-09 15:31:35.563 14321 14329 W REALM_JAVA: Remember to call close() on all Realm instances. Realm /data/data/com.wallapop/files/feature_flags is being finalized without being closed, this can lead to running out of native memory.

07-09 15:31:35.563 14321 14329 W REALM_JAVA: Remember to call close() on all Realm instances. Realm /data/data/com.wallapop/files/feature_flags is being finalized without being closed, this can lead to running out of native memory.

07-09 15:31:35.563 14321 14329 W REALM_JAVA: Remember to call close() on all Realm instances. Realm /data/data/com.wallapop/files/feature_flags is being finalized without being closed, this can lead to running out of native memory.

07-09 15:31:35.573 12842 13201 W ByMatcher: Node returned null child: android.view.accessibility.AccessibilityNodeInfo@800151f1; boundsInParent: Rect(0, 0 - 1080, 171); boundsInScreen: Rect(0, 72 - 1080, 243); packageName: com.wallapop; className: android.widget.LinearLayout; text: null; error: null; maxTextLength: -1; contentDescription: null; viewIdResName: com.wallapop:id/appBarLayout; checkable: false; checked: false; focusable: false; focused: false; selected: false; clickable: false; longClickable: false; contextClickable: false; enabled: true; password: false; scrollable: false; actions: [AccessibilityAction: ACTION_SELECT - null, AccessibilityAction: ACTION_CLEAR_SELECTION - null, AccessibilityAction: ACTION_ACCESSIBILITY_FOCUS - null, AccessibilityAction: ACTION_UNKNOWN - null]

07-09 15:31:35.583 12842 13201 W ByMatcher: Node returned null child: android.view.accessibility.AccessibilityNodeInfo@80010a9e; boundsInParent: Rect(0, 0 - 1080, 1848); boundsInScreen: Rect(0, 72 - 1080, 1920); packageName: com.wallapop; className: android.view.ViewGroup; text: null; error: null; maxTextLength: -1; contentDescription: null; viewIdResName: com.wallapop:id/wall_coordinator; checkable: false; checked: false; focusable: false; focused: false; selected: false; clickable: false; longClickable: false; contextClickable: false; enabled: true; password: false; scrollable: false; actions: [AccessibilityAction: ACTION_SELECT - null, AccessibilityAction: ACTION_CLEAR_SELECTION - null, AccessibilityAction: ACTION_ACCESSIBILITY_FOCUS - null, AccessibilityAction: ACTION_UNKNOWN - null]

07-09 15:31:35.583 12842 13201 W ByMatcher: Node returned null child: android.view.accessibility.AccessibilityNodeInfo@8000ff5b; boundsInParent: Rect(0, 0 - 1080, 1920); boundsInScreen: Rect(0, 0 - 1080, 1920); packageName: com.wallapop; className: android.widget.FrameLayout; text: null; error: null; maxTextLength: -1; contentDescription: null; viewIdResName: null; checkable: false; checked: false; focusable: false; focused: false; selected: false; clickable: false; longClickable: false; contextClickable: false; enabled: true; password: false; scrollable: false; actions: [AccessibilityAction: ACTION_SELECT - null, AccessibilityAction: ACTION_CLEAR_SELECTION - null, AccessibilityAction: ACTION_ACCESSIBILITY_FOCUS - null, AccessibilityAction: ACTION_UNKNOWN - null]

07-09 15:31:35.583 12842 13201 W ByMatcher: Node returned null child: android.view.accessibility.AccessibilityNodeInfo@8000ff5b; boundsInParent: Rect(0, 0 - 1080, 1920); boundsInScreen: Rect(0, 0 - 1080, 1920); packageName: com.wallapop; className: android.widget.FrameLayout; text: null; error: null; maxTextLength: -1; contentDescription: null; viewIdResName: null; checkable: false; checked: false; focusable: false; focused: false; selected: false; clickable: false; longClickable: false; contextClickable: false; enabled: true; password: false; scrollable: false; actions: [AccessibilityAction: ACTION_SELECT - null, AccessibilityAction: ACTION_CLEAR_SELECTION - null, AccessibilityAction: ACTION_ACCESSIBILITY_FOCUS - null, AccessibilityAction: ACTION_UNKNOWN - null]

07-09 15:31:35.603 14321 14329 W REALM_JAVA: Remember to call close() on all Realm instances. Realm /data/data/com.wallapop/files/feature_flags is being finalized without being closed, this can lead to running out of native memory.

07-09 15:31:35.663   874   892 V WindowStateAnimator: Finishing drawing window Window{61cb555 u0 d0 com.wallapop/com.rewallapop.ui.login.OnboardingActivity}: mDrawState=DRAW_PENDING

07-09 15:31:35.683   874  1132 I ActivityManager: Displayed com.wallapop/com.rewallapop.ui.login.OnboardingActivity: +430ms

07-09 15:31:35.703   874  1914 V WindowStateAnimator: Finishing drawing window Window{61cb555 u0 d0 com.wallapop/com.rewallapop.ui.login.OnboardingActivity}: mDrawState=HAS_DRAWN

07-09 15:31:35.923   874  1132 I Timeline: Timeline: Activity_windows_visible id: ActivityRecord{7140fe3 u0 com.wallapop/com.rewallapop.ui.login.OnboardingActivity t984} time:128301178

07-09 15:31:35.993 14321 14321 W GmsClientEvents: unregisterConnectionFailedListener(): listener GooglePlayServicesHeadlessFragment{a8593f6 (5edf61bb-780c-4589-b1c6-00761b3c41e3) com.wallapop.fragments.headless.GooglePlayServicesHeadlessFragment} not found

07-09 15:31:35.993 14321 14321 W GmsClientEvents: unregisterConnectionCallbacks(): listener GooglePlayServicesHeadlessFragment{a8593f6 (5edf61bb-780c-4589-b1c6-00761b3c41e3) com.wallapop.fragments.headless.GooglePlayServicesHeadlessFragment} not found

07-09 15:31:36.003 14321 14321 V ActivityThread: updateVisibility : ActivityRecord{33e7f5f token=android.os.BinderProxy@513b9e8 {com.wallapop/com.rewallapop.ui.wall.WallActivity}} show : false

07-09 15:31:37.083 14321 14321 I Timeline: Timeline: Activity_launch_request id:com.wallapop time:128302332

07-09 15:31:37.093   874  1661 V WindowManager: addAppToken: AppWindowToken{6e56d4 token=Token{8e88427 ActivityRecord{3b296e6 u0 com.wallapop/com.rewallapop.ui.login.RegisterActivity t984}}} to stack=1 task=984 at 2

07-09 15:31:37.153   874  1027 V MARsPolicyManager: updatePackagesScore PackageInfo name -- com.wallapop

07-09 15:31:37.163 14321 14321 W ResourcesManager: getTopLevelResources: /data/app/com.wallapop-1/base.apk / 1.0 running in com.wallapop rsrc of package null

07-09 15:31:37.163 14321 14321 W ResourcesManager: getTopLevelResources: /data/app/com.wallapop-1/base.apk / 1.0 running in com.wallapop rsrc of package null

07-09 15:31:37.203   874  5340 V AlarmManager:  remove PendingIntent] PendingIntent{967c07d: PendingIntentRecord{8aff901 com.wallapop broadcastIntent}}

07-09 15:31:37.333   874  1422 D ISSUE_DEBUG: InputChannelName : 9fdac6c com.wallapop/com.rewallapop.ui.login.RegisterActivity

07-09 15:31:37.373   874  1028 D StatusBarManagerService: manageDisableList userId=0 what=0x0 pkg=Window{9fdac6c u0 d0 com.wallapop/com.rewallapop.ui.login.RegisterActivity}

07-09 15:31:37.463   874  5340 V WindowStateAnimator: Finishing drawing window Window{9fdac6c u0 d0 com.wallapop/com.rewallapop.ui.login.RegisterActivity}: mDrawState=DRAW_PENDING

07-09 15:31:37.483   874  1132 I ActivityManager: Displayed com.wallapop/com.rewallapop.ui.login.RegisterActivity: +353ms

07-09 15:31:37.503   874  1714 V WindowStateAnimator: Finishing drawing window Window{9fdac6c u0 d0 com.wallapop/com.rewallapop.ui.login.RegisterActivity}: mDrawState=HAS_DRAWN

07-09 15:31:37.723   874  1132 I Timeline: Timeline: Activity_windows_visible id: ActivityRecord{3b296e6 u0 com.wallapop/com.rewallapop.ui.login.RegisterActivity t984} time:128302978

07-09 15:31:37.763 14321 14321 V ActivityThread: updateVisibility : ActivityRecord{5f2e2a0 token=android.os.BinderProxy@93c580b {com.wallapop/com.rewallapop.ui.login.OnboardingActivity}} show : false

07-09 15:31:42.933 14321 14329 W REALM_JAVA: Remember to call close() on all Realm instances. Realm /data/data/com.wallapop/files/feature_flags is being finalized without being closed, this can lead to running out of native memory.

07-09 15:31:47.923   874   892 V AlarmManager:  remove PendingIntent] PendingIntent{affce2b: PendingIntentRecord{ffe1288 com.wallapop broadcastIntent}}

07-09 15:31:47.943   874  2732 V AlarmManager:  remove PendingIntent] PendingIntent{a5cf34: PendingIntentRecord{8aff901 com.wallapop broadcastIntent}}

07-09 15:31:47.953   874  3012 D LocationManagerService: request d6b5ad2 passive Request[POWER_NONE passive fastest=0 num=1] from com.wallapop(10276)

07-09 15:31:48.063   874  3012 I AppOps  : sendInfoToFLP, code=41 , uid=10276 , packageName=com.wallapop , type=startOp

07-09 15:31:48.123 14321 14366 W System.err: remove failed: ENOENT (No such file or directory) : /data/user/0/com.wallapop/shared_prefs/com.appboy.storage.feedstorageprovider.a9ba70a3f87b107165eb5923e89cde80.xml.bak

07-09 15:31:48.123   874  1422 V AlarmManager:  remove PendingIntent] PendingIntent{ccdd7a3: PendingIntentRecord{7da1d19 com.wallapop broadcastIntent}}

07-09 15:31:48.133 14321 14366 W System.err: remove failed: ENOENT (No such file or directory) : /data/user/0/com.wallapop/shared_prefs/com.appboy.storage.user_cache.push_token_store.a9ba70a3f87b107165eb5923e89cde80.26b662c0-8f4a-43ec-b28f-46e0d80dca67.xml.bak

07-09 15:31:48.133 14321 14366 W System.err: remove failed: ENOENT (No such file or directory) : /data/user/0/com.wallapop/shared_prefs/com.appboy.storage.session_storage.a9ba70a3f87b107165eb5923e89cde80.26b662c0-8f4a-43ec-b28f-46e0d80dca67.xml.bak

07-09 15:31:48.133 14321 14366 W System.err: remove failed: ENOENT (No such file or directory) : /data/user/0/com.wallapop/shared_prefs/com.appboy.storage.user_cache.v3.a9ba70a3f87b107165eb5923e89cde80.26b662c0-8f4a-43ec-b28f-46e0d80dca67.xml.bak

07-09 15:31:48.283 14321 14366 W System.err: remove failed: ENOENT (No such file or directory) : /data/user/0/com.wallapop/shared_prefs/com.appboy.storage.content_cards_storage_provider.metadata.a9ba70a3f87b107165eb5923e89cde80.26b662c0-8f4a-43ec-b28f-46e0d80dca67.xml.bak

07-09 15:31:48.393 14321 14366 W System.err: remove failed: ENOENT (No such file or directory) : /data/user/0/com.wallapop/shared_prefs/com.appboy.storage.device_cache.v3.a9ba70a3f87b107165eb5923e89cde80.26b662c0-8f4a-43ec-b28f-46e0d80dca67.xml.bak

07-09 15:31:48.683 14321 14366 W System.err: remove failed: ENOENT (No such file or directory) : /data/user/0/com.wallapop/shared_prefs/com.appboy.storage.triggers.actions.a9ba70a3f87b107165eb5923e89cde80.26b662c0-8f4a-43ec-b28f-46e0d80dca67.xml.bak

07-09 15:31:48.683 14321 14321 I Timeline: Timeline: Activity_launch_request id:com.wallapop time:128313937

07-09 15:31:48.683 14321 14366 W System.err: remove failed: ENOENT (No such file or directory) : /data/user/0/com.wallapop/shared_prefs/com.appboy.storage.triggers.re_eligibility.a9ba70a3f87b107165eb5923e89cde80.26b662c0-8f4a-43ec-b28f-46e0d80dca67.xml.bak

07-09 15:31:48.693   874  1661 V WindowManager: addAppToken: AppWindowToken{15b722a token=Token{3b23f15 ActivityRecord{ddfd0cc u0 com.wallapop/com.rewallapop.ui.location.LocationPermissionActivity t984}}} to stack=1 task=984 at 3

07-09 15:31:48.733   874  1027 V MARsPolicyManager: updatePackagesScore PackageInfo name -- com.wallapop

07-09 15:31:48.743 14321 14321 W ResourcesManager: getTopLevelResources: /data/app/com.wallapop-1/base.apk / 1.0 running in com.wallapop rsrc of package null

07-09 15:31:48.743 14321 14321 W ResourcesManager: getTopLevelResources: /data/app/com.wallapop-1/base.apk / 1.0 running in com.wallapop rsrc of package null

07-09 15:31:48.763   874  5340 V AlarmManager:  remove PendingIntent] PendingIntent{c2c3bcd: PendingIntentRecord{8aff901 com.wallapop broadcastIntent}}

07-09 15:31:48.813   874  1027 V MARsPolicyManager: updatePackagesScore PackageInfo name -- com.wallapop

07-09 15:31:48.863   874  1027 V MARsPolicyManager: updatePackagesScore PackageInfo name -- com.wallapop

07-09 15:31:48.903   874  1027 V MARsPolicyManager: updatePackagesScore PackageInfo name -- com.wallapop

07-09 15:31:48.933   874  1661 V AlarmManager:  remove PendingIntent] PendingIntent{fe7be0b: PendingIntentRecord{8aff901 com.wallapop broadcastIntent}}

07-09 15:31:49.053   874  1028 D StatusBarManagerService: manageDisableList userId=0 what=0x0 pkg=Window{b26056 u0 d0 com.wallapop/com.rewallapop.ui.wall.WallActivity}

07-09 15:31:49.303   874  3012 V WindowStateAnimator: Finishing drawing window Window{b26056 u0 d0 com.wallapop/com.rewallapop.ui.wall.WallActivity}: mDrawState=DRAW_PENDING

07-09 15:31:49.313   874  1132 I ActivityManager: Displayed com.wallapop/com.rewallapop.ui.wall.WallActivity: +422ms (total +599ms)

07-09 15:31:49.563   874  1132 I Timeline: Timeline: Activity_windows_visible id: ActivityRecord{f718855 u0 com.wallapop/com.rewallapop.ui.wall.WallActivity t984} time:128314817

07-09 15:31:49.763 14321 14321 W View    : requestLayout() improperly called by com.wallapop.design.view.WallapopTextView{877244f V.ED..... ......ID 54,30-630,92 #7f0a08d3 app:id/wp__home__tv_bubble} during layout: running second layout pass


