Executed '[C792] Item upload: Upload a Consumer Goods item' on 09-07-2019
---------------------------------------------------------------------------------
07-09 15:29:44.263   874  1028 D StatusBarManagerService: manageDisableList userId=0 what=0x0 pkg=Window{7e3b31f u0 d0 com.wallapop/com.rewallapop.ui.listing.BumpPopupActivity}

07-09 15:29:44.343   874  1027 V MARsPolicyManager: updatePackagesScore PackageInfo name -- com.wallapop

07-09 15:29:44.353   874  1028 D StatusBarManagerService: manageDisableList userId=0 what=0x0 pkg=Window{3a7a640 u0 d0 com.wallapop/com.rewallapop.ui.item.ItemDetailActivity}

07-09 15:29:44.353   874  1132 I ActivityManager: Displayed com.wallapop/com.rewallapop.ui.item.ItemDetailActivity: +14ms

07-09 15:29:44.353   874  1132 I Timeline: Timeline: Activity_windows_visible id: ActivityRecord{d10d04b u0 com.wallapop/com.rewallapop.ui.item.ItemDetailActivity t984} time:128189609

07-09 15:29:44.523   874  5340 V AlarmManager:  remove PendingIntent] PendingIntent{89183a6: PendingIntentRecord{7da1d19 com.wallapop broadcastIntent}}

07-09 15:29:45.603   874  1027 V MARsPolicyManager: updatePackagesScore PackageInfo name -- com.wallapop

07-09 15:29:45.663   874  1661 V AlarmManager:  remove PendingIntent] PendingIntent{92bbc30: PendingIntentRecord{8aff901 com.wallapop broadcastIntent}}

07-09 15:29:45.713   874  1028 D StatusBarManagerService: manageDisableList userId=0 what=0x0 pkg=Window{b26056 u0 d0 com.wallapop/com.rewallapop.ui.wall.WallActivity}

07-09 15:29:45.953   874  4874 V WindowStateAnimator: Finishing drawing window Window{b26056 u0 d0 com.wallapop/com.rewallapop.ui.wall.WallActivity}: mDrawState=DRAW_PENDING

07-09 15:29:45.963   874  1132 I ActivityManager: Displayed com.wallapop/com.rewallapop.ui.wall.WallActivity: +365ms

07-09 15:29:46.213   874  1132 I Timeline: Timeline: Activity_windows_visible id: ActivityRecord{f718855 u0 com.wallapop/com.rewallapop.ui.wall.WallActivity t984} time:128191467

07-09 15:29:46.223 14321 14321 W View    : requestLayout() improperly called by com.wallapop.design.view.WallapopTextView{877244f V.ED..... ......ID 54,30-630,92 #7f0a08d3 app:id/wp__home__tv_bubble} during layout: running second layout pass

07-09 15:29:48.523 14321 14321 I Timeline: Timeline: Activity_launch_request id:com.wallapop time:128193778

07-09 15:29:48.553   874  5340 V WindowManager: addAppToken: AppWindowToken{2f6fcb token=Token{e811a9a ActivityRecord{e1c8345 u0 com.wallapop/com.rewallapop.ui.magicbox.MagicBoxPreActivity t984}}} to stack=1 task=984 at 1

07-09 15:29:48.593   874  1027 V MARsPolicyManager: updatePackagesScore PackageInfo name -- com.wallapop

07-09 15:29:48.623 14321 14321 W ResourcesManager: getTopLevelResources: /data/app/com.wallapop-1/base.apk / 1.0 running in com.wallapop rsrc of package null

07-09 15:29:48.623 14321 14321 W ResourcesManager: getTopLevelResources: /data/app/com.wallapop-1/base.apk / 1.0 running in com.wallapop rsrc of package null

07-09 15:29:48.653   874  4874 V AlarmManager:  remove PendingIntent] PendingIntent{cdc0d43: PendingIntentRecord{8aff901 com.wallapop broadcastIntent}}

07-09 15:29:48.673   874  3012 D ISSUE_DEBUG: InputChannelName : 20dbc3e com.wallapop/com.rewallapop.ui.magicbox.MagicBoxPreActivity

07-09 15:29:48.683   874  1028 D StatusBarManagerService: manageDisableList userId=0 what=0x0 pkg=Window{20dbc3e u0 d0 com.wallapop/com.rewallapop.ui.magicbox.MagicBoxPreActivity}

07-09 15:29:48.743   874  2020 V WindowStateAnimator: Finishing drawing window Window{20dbc3e u0 d0 com.wallapop/com.rewallapop.ui.magicbox.MagicBoxPreActivity}: mDrawState=DRAW_PENDING

07-09 15:29:48.753   874  1132 I ActivityManager: Displayed com.wallapop/com.rewallapop.ui.magicbox.MagicBoxPreActivity: +164ms

07-09 15:29:48.873 14321 14321 I Timeline: Timeline: Activity_launch_request id:com.wallapop time:128194126

07-09 15:29:48.883   874  3012 W ActivityManager: startActivity called from finishing ActivityRecord{e1c8345 u0 com.wallapop/com.rewallapop.ui.magicbox.MagicBoxPreActivity t984 f}; forcing Intent.FLAG_ACTIVITY_NEW_TASK for: Intent { cmp=com.wallapop/com.rewallapop.ui.listing.v2.UnifiedListingActivity (has extras) }

07-09 15:29:48.883   874  3012 V WindowManager: addAppToken: AppWindowToken{700ee69 token=Token{29118f0 ActivityRecord{70acd33 u0 com.wallapop/com.rewallapop.ui.listing.v2.UnifiedListingActivity t984}}} to stack=1 task=984 at 2

07-09 15:29:48.893   874  1028 D StatusBarManagerService: manageDisableList userId=0 what=0x0 pkg=Window{b26056 u0 d0 com.wallapop/com.rewallapop.ui.wall.WallActivity}

07-09 15:29:48.913   874  1027 V MARsPolicyManager: updatePackagesScore PackageInfo name -- com.wallapop

07-09 15:29:48.913 14321 14321 W ResourcesManager: getTopLevelResources: /data/app/com.wallapop-1/base.apk / 1.0 running in com.wallapop rsrc of package null

07-09 15:29:48.923 14321 14321 W ResourcesManager: getTopLevelResources: /data/app/com.wallapop-1/base.apk / 1.0 running in com.wallapop rsrc of package null

07-09 15:29:48.953   874  1422 V AlarmManager:  remove PendingIntent] PendingIntent{8310825: PendingIntentRecord{8aff901 com.wallapop broadcastIntent}}

07-09 15:29:49.143   874  1722 D ISSUE_DEBUG: InputChannelName : 1e8efc6 com.wallapop/com.rewallapop.ui.listing.v2.UnifiedListingActivity

07-09 15:29:49.253   874  1028 D StatusBarManagerService: manageDisableList userId=0 what=0x0 pkg=Window{1e8efc6 u0 d0 com.wallapop/com.rewallapop.ui.listing.v2.UnifiedListingActivity}

07-09 15:29:49.253 14321 14329 W REALM_JAVA: Remember to call close() on all Realm instances. Realm /data/data/com.wallapop/files/feature_flags is being finalized without being closed, this can lead to running out of native memory.

07-09 15:29:49.263 14321 14329 W REALM_JAVA: Remember to call close() on all Realm instances. Realm /data/data/com.wallapop/files/feature_flags is being finalized without being closed, this can lead to running out of native memory.

07-09 15:29:49.263 14321 14329 W REALM_JAVA: Remember to call close() on all Realm instances. Realm /data/data/com.wallapop/files/feature_flags is being finalized without being closed, this can lead to running out of native memory.

07-09 15:29:49.273 14321 14329 W REALM_JAVA: Remember to call close() on all Realm instances. Realm /data/data/com.wallapop/files/feature_flags is being finalized without being closed, this can lead to running out of native memory.

07-09 15:29:49.293 14321 14329 W REALM_JAVA: Remember to call close() on all Realm instances. Realm /data/data/com.wallapop/files/feature_flags is being finalized without being closed, this can lead to running out of native memory.

07-09 15:29:49.333   874  1723 V WindowStateAnimator: Finishing drawing window Window{1e8efc6 u0 d0 com.wallapop/com.rewallapop.ui.listing.v2.UnifiedListingActivity}: mDrawState=DRAW_PENDING

07-09 15:29:49.343   874  1132 I ActivityManager: Displayed com.wallapop/com.rewallapop.ui.listing.v2.UnifiedListingActivity: +436ms

07-09 15:29:49.363   874  3012 D ISSUE_DEBUG: InputChannelName : 3f543d9 com.wallapop/com.rewallapop.ui.listing.v2.UnifiedListingActivity

07-09 15:29:49.363   874  1028 D StatusBarManagerService: manageDisableList userId=0 what=0x0 pkg=Window{3f543d9 u0 d0 com.wallapop/com.rewallapop.ui.listing.v2.UnifiedListingActivity}

07-09 15:29:49.423   874  4874 V WindowStateAnimator: Finishing drawing window Window{1e8efc6 u0 d0 com.wallapop/com.rewallapop.ui.listing.v2.UnifiedListingActivity}: mDrawState=HAS_DRAWN

07-09 15:29:49.603   874  1132 I Timeline: Timeline: Activity_windows_visible id: ActivityRecord{e1c8345 u0 com.wallapop/com.rewallapop.ui.magicbox.MagicBoxPreActivity t984 f} time:128194851

07-09 15:29:49.633   874  1028 D StatusBarManagerService: manageDisableList userId=0 what=0x0 pkg=Window{3f543d9 u0 d0 com.wallapop/com.rewallapop.ui.listing.v2.UnifiedListingActivity}

07-09 15:29:49.713   874  1723 V WindowStateAnimator: Finishing drawing window Window{3f543d9 u0 d0 com.wallapop/com.rewallapop.ui.listing.v2.UnifiedListingActivity}: mDrawState=DRAW_PENDING

07-09 15:29:49.753 14321 14321 V ActivityThread: updateVisibility : ActivityRecord{33e7f5f token=android.os.BinderProxy@513b9e8 {com.wallapop/com.rewallapop.ui.wall.WallActivity}} show : true

07-09 15:29:49.783   874  2732 V WindowStateAnimator: Finishing drawing window Window{3f543d9 u0 d0 com.wallapop/com.rewallapop.ui.listing.v2.UnifiedListingActivity}: mDrawState=HAS_DRAWN

07-09 15:29:49.903   874  1132 I Timeline: Timeline: Activity_windows_visible id: ActivityRecord{70acd33 u0 com.wallapop/com.rewallapop.ui.listing.v2.UnifiedListingActivity t984} time:128195151

07-09 15:29:53.773   874  1028 D StatusBarManagerService: manageDisableList userId=0 what=0x0 pkg=Window{1e8efc6 u0 d0 com.wallapop/com.rewallapop.ui.listing.v2.UnifiedListingActivity}

07-09 15:29:59.863 14321 17741 I Timeline: Timeline: Activity_launch_request id:com.wallapop time:128205111

07-09 15:29:59.873   874  1422 V WindowManager: addAppToken: AppWindowToken{e3c7b6f token=Token{4da3e4e ActivityRecord{821d549 u0 com.wallapop/.camera.view.customcamera.CameraActivity t984}}} to stack=1 task=984 at 2

07-09 15:29:59.913   874  1027 V MARsPolicyManager: updatePackagesScore PackageInfo name -- com.wallapop

07-09 15:29:59.943 14321 14321 W GmsClientEvents: unregisterConnectionFailedListener(): listener GooglePlayServicesHeadlessFragment{a8593f6 (5edf61bb-780c-4589-b1c6-00761b3c41e3) com.wallapop.fragments.headless.GooglePlayServicesHeadlessFragment} not found

07-09 15:29:59.943 14321 14321 W GmsClientEvents: unregisterConnectionCallbacks(): listener GooglePlayServicesHeadlessFragment{a8593f6 (5edf61bb-780c-4589-b1c6-00761b3c41e3) com.wallapop.fragments.headless.GooglePlayServicesHeadlessFragment} not found

07-09 15:29:59.943 14321 14321 V ActivityThread: updateVisibility : ActivityRecord{33e7f5f token=android.os.BinderProxy@513b9e8 {com.wallapop/com.rewallapop.ui.wall.WallActivity}} show : false

07-09 15:29:59.953 14321 14321 W ResourcesManager: getTopLevelResources: /data/app/com.wallapop-1/base.apk / 1.0 running in com.wallapop rsrc of package null

07-09 15:29:59.953 14321 14321 W ResourcesManager: getTopLevelResources: /data/app/com.wallapop-1/base.apk / 1.0 running in com.wallapop rsrc of package null

07-09 15:29:59.973   874  5340 V AlarmManager:  remove PendingIntent] PendingIntent{79ff15a: PendingIntentRecord{8aff901 com.wallapop broadcastIntent}}

07-09 15:30:00.023   874  5340 D ISSUE_DEBUG: InputChannelName : 949e481 com.wallapop/com.wallapop.camera.view.customcamera.CameraActivity

07-09 15:30:00.073   874  1028 D StatusBarManagerService: manageDisableList userId=0 what=0x0 pkg=Window{949e481 u0 d0 com.wallapop/com.wallapop.camera.view.customcamera.CameraActivity}

07-09 15:30:00.103   343   343 I CameraService: CameraService::connect call (PID 14321 "com.wallapop", camera ID 0) for HAL version default and Camera API version 1

07-09 15:30:00.903   874  1422 V WindowStateAnimator: Finishing drawing window Window{949e481 u0 d0 com.wallapop/com.wallapop.camera.view.customcamera.CameraActivity}: mDrawState=DRAW_PENDING

07-09 15:30:00.923   874  1132 I ActivityManager: Displayed com.wallapop/.camera.view.customcamera.CameraActivity: +1s18ms

07-09 15:30:00.943   874  1220 V WindowStateAnimator: Finishing drawing window Window{949e481 u0 d0 com.wallapop/com.wallapop.camera.view.customcamera.CameraActivity}: mDrawState=HAS_DRAWN

07-09 15:30:01.173   874  1132 I Timeline: Timeline: Activity_windows_visible id: ActivityRecord{821d549 u0 com.wallapop/.camera.view.customcamera.CameraActivity t984} time:128206424

07-09 15:30:01.203 14321 14321 V ActivityThread: updateVisibility : ActivityRecord{615a59d token=android.os.BinderProxy@59669a1 {com.wallapop/com.rewallapop.ui.listing.v2.UnifiedListingActivity}} show : false

07-09 15:30:03.623   874  1661 V BroadcastQueue: [background] Process cur broadcast BroadcastRecord{6a64f3 u0 com.appboy.action.receiver.DATA_SYNC qIdx=4}, state= (APP_RECEIVE) DELIVERED for app ProcessRecord{f314976 14321:com.wallapop/u0a276}

07-09 15:30:06.053   874  1027 V MARsPolicyManager: updatePackagesScore PackageInfo name -- com.wallapop

07-09 15:30:06.143   874   894 V AlarmManager:  remove PendingIntent] PendingIntent{6cb24ba: PendingIntentRecord{8aff901 com.wallapop broadcastIntent}}

07-09 15:30:06.163 14321 14321 V ActivityThread: updateVisibility : ActivityRecord{33e7f5f token=android.os.BinderProxy@513b9e8 {com.wallapop/com.rewallapop.ui.wall.WallActivity}} show : true

07-09 15:30:06.183   874   892 V AlarmManager:  remove PendingIntent] PendingIntent{5090b74: PendingIntentRecord{8aff901 com.wallapop broadcastIntent}}

07-09 15:30:06.203   874  1028 D StatusBarManagerService: manageDisableList userId=0 what=0x0 pkg=Window{1e8efc6 u0 d0 com.wallapop/com.rewallapop.ui.listing.v2.UnifiedListingActivity}

07-09 15:30:06.383   874  1714 V WindowStateAnimator: Finishing drawing window Window{1e8efc6 u0 d0 com.wallapop/com.rewallapop.ui.listing.v2.UnifiedListingActivity}: mDrawState=DRAW_PENDING

07-09 15:30:06.483   874  2732 V WindowStateAnimator: Finishing drawing window Window{b26056 u0 d0 com.wallapop/com.rewallapop.ui.wall.WallActivity}: mDrawState=DRAW_PENDING

07-09 15:30:06.503   874  1132 I ActivityManager: Displayed com.wallapop/com.rewallapop.ui.listing.v2.UnifiedListingActivity: +456ms

07-09 15:30:06.743   874  1132 I Timeline: Timeline: Activity_windows_visible id: ActivityRecord{70acd33 u0 com.wallapop/com.rewallapop.ui.listing.v2.UnifiedListingActivity t984} time:128211999

07-09 15:30:06.743   874  1132 I Timeline: Timeline: Activity_windows_visible id: ActivityRecord{f718855 u0 com.wallapop/com.rewallapop.ui.wall.WallActivity t984} time:128211999

07-09 15:30:16.093 14321 14329 W REALM_JAVA: Remember to call close() on all Realm instances. Realm /data/data/com.wallapop/files/feature_flags is being finalized without being closed, this can lead to running out of native memory.

07-09 15:30:16.093 14321 14329 W REALM_JAVA: Remember to call close() on all Realm instances. Realm /data/data/com.wallapop/files/feature_flags is being finalized without being closed, this can lead to running out of native memory.

07-09 15:30:37.533   874  1722 D ISSUE_DEBUG: InputChannelName : cbbf037 com.wallapop/com.rewallapop.ui.listing.v2.UnifiedListingActivity

07-09 15:30:37.533   874  1028 D StatusBarManagerService: manageDisableList userId=0 what=0x0 pkg=Window{cbbf037 u0 d0 com.wallapop/com.rewallapop.ui.listing.v2.UnifiedListingActivity}

07-09 15:30:37.573   874  1028 D StatusBarManagerService: manageDisableList userId=0 what=0x0 pkg=Window{cbbf037 u0 d0 com.wallapop/com.rewallapop.ui.listing.v2.UnifiedListingActivity}

07-09 15:30:37.663   874  1914 V WindowStateAnimator: Finishing drawing window Window{cbbf037 u0 d0 com.wallapop/com.rewallapop.ui.listing.v2.UnifiedListingActivity}: mDrawState=DRAW_PENDING

07-09 15:30:37.693   874  1721 V WindowStateAnimator: Finishing drawing window Window{cbbf037 u0 d0 com.wallapop/com.rewallapop.ui.listing.v2.UnifiedListingActivity}: mDrawState=HAS_DRAWN

07-09 15:30:40.293   874  1028 D StatusBarManagerService: manageDisableList userId=0 what=0x0 pkg=Window{1e8efc6 u0 d0 com.wallapop/com.rewallapop.ui.listing.v2.UnifiedListingActivity}

07-09 15:30:46.593 14321 18129 D Retrofit: {"category_id":"12900","currency_code":"EUR","description":"PS4 Slim 1TB","extra_info":{},"images":[],"sale_price":250.0,"title":"PS4 Slim","image":"/storage/emulated/0/Android/data/com.wallapop/files/Pictures/JPEG_20190709_153004_2042515267.jpg","listing_type":"CONSUMER_GOODS","mode":"UPLOAD","sale_conditions":{"fix_price":false,"exchange_allowed":false,"shipping_allowed":false}}

07-09 15:30:46.733 14321 14329 W REALM_JAVA: Remember to call close() on all Realm instances. Realm /data/data/com.wallapop/files/feature_flags is being finalized without being closed, this can lead to running out of native memory.

07-09 15:30:46.733 14321 14329 W REALM_JAVA: Remember to call close() on all Realm instances. Realm /data/data/com.wallapop/files/feature_flags is being finalized without being closed, this can lead to running out of native memory.

07-09 15:30:47.793 14321 14321 I Timeline: Timeline: Activity_launch_request id:com.wallapop time:128253040

07-09 15:30:47.803   874  3012 V WindowManager: addAppToken: AppWindowToken{1994c10 token=Token{e5558d3 ActivityRecord{72862c2 u0 com.wallapop/com.rewallapop.ui.item.ItemDetailActivity t984}}} to stack=1 task=984 at 2

07-09 15:30:47.813 14321 14321 I Timeline: Timeline: Activity_launch_request id:com.wallapop time:128253061

07-09 15:30:47.823   874  1913 V WindowManager: addAppToken: AppWindowToken{12af2f token=Token{59de90e ActivityRecord{7d27309 u0 com.wallapop/com.rewallapop.ui.listing.BumpPopupActivity t984}}} to stack=1 task=984 at 3

07-09 15:30:47.863   874  1027 V MARsPolicyManager: updatePackagesScore PackageInfo name -- com.wallapop

07-09 15:30:47.873 14321 14321 W ResourcesManager: getTopLevelResources: /data/app/com.wallapop-1/base.apk / 1.0 running in com.wallapop rsrc of package null

07-09 15:30:47.873 14321 14321 W ResourcesManager: getTopLevelResources: /data/app/com.wallapop-1/base.apk / 1.0 running in com.wallapop rsrc of package null

07-09 15:30:47.893   874  1661 V AlarmManager:  remove PendingIntent] PendingIntent{6af193c: PendingIntentRecord{8aff901 com.wallapop broadcastIntent}}

07-09 15:30:47.933   874   892 D ISSUE_DEBUG: InputChannelName : 6d3881a com.wallapop/com.rewallapop.ui.item.ItemDetailActivity

07-09 15:30:47.943 14321 14321 W GmsClientEvents: unregisterConnectionFailedListener(): listener GooglePlayServicesHeadlessFragment{a8593f6 (5edf61bb-780c-4589-b1c6-00761b3c41e3) com.wallapop.fragments.headless.GooglePlayServicesHeadlessFragment} not found

07-09 15:30:47.943 14321 14321 W GmsClientEvents: unregisterConnectionCallbacks(): listener GooglePlayServicesHeadlessFragment{a8593f6 (5edf61bb-780c-4589-b1c6-00761b3c41e3) com.wallapop.fragments.headless.GooglePlayServicesHeadlessFragment} not found

07-09 15:30:47.943 14321 14321 V ActivityThread: updateVisibility : ActivityRecord{33e7f5f token=android.os.BinderProxy@513b9e8 {com.wallapop/com.rewallapop.ui.wall.WallActivity}} show : false

07-09 15:30:47.943 14321 14321 W ResourcesManager: getTopLevelResources: /data/app/com.wallapop-1/base.apk / 1.0 running in com.wallapop rsrc of package null

07-09 15:30:47.943 14321 14321 W ResourcesManager: getTopLevelResources: /data/app/com.wallapop-1/base.apk / 1.0 running in com.wallapop rsrc of package null

07-09 15:30:47.963   874  1914 V AlarmManager:  remove PendingIntent] PendingIntent{9a50f4b: PendingIntentRecord{8aff901 com.wallapop broadcastIntent}}

07-09 15:30:47.983   874  1721 D ISSUE_DEBUG: InputChannelName : 7387a41 com.wallapop/com.rewallapop.ui.listing.BumpPopupActivity

07-09 15:30:48.073   874  1028 D StatusBarManagerService: manageDisableList userId=0 what=0x0 pkg=Window{7387a41 u0 d0 com.wallapop/com.rewallapop.ui.listing.BumpPopupActivity}

07-09 15:30:48.113   874  1661 V WindowStateAnimator: Finishing drawing window Window{6d3881a u0 d0 com.wallapop/com.rewallapop.ui.item.ItemDetailActivity}: mDrawState=DRAW_PENDING

07-09 15:30:48.123   874  1914 V WindowStateAnimator: Finishing drawing window Window{7387a41 u0 d0 com.wallapop/com.rewallapop.ui.listing.BumpPopupActivity}: mDrawState=DRAW_PENDING

07-09 15:30:48.133 14321 17873 W System.err: remove failed: ENOENT (No such file or directory) : /data/user/0/com.wallapop/cache/okhttp/672c785970ece29ce75afffb81930bb3.0

07-09 15:30:48.133 14321 17873 W System.err: remove failed: ENOENT (No such file or directory) : /data/user/0/com.wallapop/cache/okhttp/672c785970ece29ce75afffb81930bb3.1

07-09 15:30:48.153   874  1132 I ActivityManager: Displayed com.wallapop/com.rewallapop.ui.listing.BumpPopupActivity: +302ms

07-09 15:30:48.193   874  1422 D ISSUE_DEBUG: InputChannelName : 779058 com.wallapop/com.rewallapop.ui.listing.BumpPopupActivity

07-09 15:30:48.193   874  1028 D StatusBarManagerService: manageDisableList userId=0 what=0x0 pkg=Window{779058 u0 d0 com.wallapop/com.rewallapop.ui.listing.BumpPopupActivity}

07-09 15:30:48.203   874  1661 V WindowStateAnimator: Finishing drawing window Window{6d3881a u0 d0 com.wallapop/com.rewallapop.ui.item.ItemDetailActivity}: mDrawState=READY_TO_SHOW

07-09 15:30:48.213   874  2732 V WindowStateAnimator: Finishing drawing window Window{7387a41 u0 d0 com.wallapop/com.rewallapop.ui.listing.BumpPopupActivity}: mDrawState=HAS_DRAWN

07-09 15:30:48.263   874  4874 V WindowStateAnimator: Finishing drawing window Window{779058 u0 d0 com.wallapop/com.rewallapop.ui.listing.BumpPopupActivity}: mDrawState=DRAW_PENDING

07-09 15:30:48.293   874  1914 V WindowStateAnimator: Finishing drawing window Window{779058 u0 d0 com.wallapop/com.rewallapop.ui.listing.BumpPopupActivity}: mDrawState=HAS_DRAWN

07-09 15:30:48.293 14321 17873 W System.err: remove failed: ENOENT (No such file or directory) : /data/user/0/com.wallapop/cache/okhttp/d8191fc2a3a31b11c7898824a6373774.0

07-09 15:30:48.303 14321 17873 W System.err: remove failed: ENOENT (No such file or directory) : /data/user/0/com.wallapop/cache/okhttp/d8191fc2a3a31b11c7898824a6373774.1

07-09 15:30:48.563   874  1132 I Timeline: Timeline: Activity_windows_visible id: ActivityRecord{7d27309 u0 com.wallapop/com.rewallapop.ui.listing.BumpPopupActivity t984} time:128253813

07-09 15:30:48.843 12842 12869 W ByMatcher: Node returned null child: android.view.accessibility.AccessibilityNodeInfo@802d31c5; boundsInParent: Rect(0, 0 - 1080, 1920); boundsInScreen: Rect(0, 0 - 1080, 1920); packageName: com.wallapop; className: android.widget.FrameLayout; text: null; error: null; maxTextLength: -1; contentDescription: null; viewIdResName: null; checkable: false; checked: false; focusable: false; focused: false; selected: false; clickable: false; longClickable: false; contextClickable: false; enabled: true; password: false; scrollable: false; actions: [AccessibilityAction: ACTION_SELECT - null, AccessibilityAction: ACTION_CLEAR_SELECTION - null, AccessibilityAction: ACTION_ACCESSIBILITY_FOCUS - null, AccessibilityAction: ACTION_UNKNOWN - null]

07-09 15:30:48.843 12842 12869 W ByMatcher: Node returned null child: android.view.accessibility.AccessibilityNodeInfo@802d31c5; boundsInParent: Rect(0, 0 - 1080, 1920); boundsInScreen: Rect(0, 0 - 1080, 1920); packageName: com.wallapop; className: android.widget.FrameLayout; text: null; error: null; maxTextLength: -1; contentDescription: null; viewIdResName: null; checkable: false; checked: false; focusable: false; focused: false; selected: false; clickable: false; longClickable: false; contextClickable: false; enabled: true; password: false; scrollable: false; actions: [AccessibilityAction: ACTION_SELECT - null, AccessibilityAction: ACTION_CLEAR_SELECTION - null, AccessibilityAction: ACTION_ACCESSIBILITY_FOCUS - null, AccessibilityAction: ACTION_UNKNOWN - null]

07-09 15:30:49.053 14321 14559 W System.err: remove failed: ENOENT (No such file or directory) : /data/user/0/com.wallapop/cache/okhttp/2bf480538fab677caa318a6c9edaeb04.0

07-09 15:30:49.053 14321 14559 W System.err: remove failed: ENOENT (No such file or directory) : /data/user/0/com.wallapop/cache/okhttp/2bf480538fab677caa318a6c9edaeb04.1

07-09 15:30:49.063 14321 17873 W System.err: remove failed: ENOENT (No such file or directory) : /data/user/0/com.wallapop/cache/okhttp/7cb8c16917eae9f3145c486fcc9dc40f.0

07-09 15:30:49.063 14321 17873 W System.err: remove failed: ENOENT (No such file or directory) : /data/user/0/com.wallapop/cache/okhttp/7cb8c16917eae9f3145c486fcc9dc40f.1

07-09 15:30:49.153 14321 18127 W System.err: remove failed: ENOENT (No such file or directory) : /data/user/0/com.wallapop/cache/okhttp/23298931f16940d9d32dc20d5c4563b3.0

07-09 15:30:49.153 14321 18127 W System.err: remove failed: ENOENT (No such file or directory) : /data/user/0/com.wallapop/cache/okhttp/23298931f16940d9d32dc20d5c4563b3.1

07-09 15:31:03.823   874  1723 V BroadcastQueue: [background] Process cur broadcast BroadcastRecord{edbdeda u0 com.appboy.action.receiver.DATA_SYNC qIdx=4}, state= (APP_RECEIVE) DELIVERED for app ProcessRecord{f314976 14321:com.wallapop/u0a276}


