Executed 'TestRailTest_01()' on 04-11-2019
---------------------------------------------------------------------------------
11-14 14:45:19.009 25101 25234 I appium  : AppiumResponse: {"sessionId":"062b282d-ba8c-421b-bf75-d059b092d083","value":{"sessionId":"062b282d-ba8c-421b-bf75-d059b092d083","capabilities":{"firstMatch":[{"platform":"LINUX","webStorageEnabled":false,"takesScreenshot":true,"javascriptEnabled":true,"databaseEnabled":false,"networkConnectionEnabled":true,"locationContextEnabled":false,"warnings":{},"desired":{"platformName":"android","normalizeTagNames":true,"androidInstallTimeout":150000,"app":"","appActivity":"com.rewallapop.ui.main.MainActivity","appPackage":"com.wallapop","isHeadless":false,"skipDeviceInitialization":true,"autoAcceptAlerts":true,"autoGrantPermissions":true,"automationName":"UiAutomator2","avd":"","deviceName":"3200f02dc0aab5db","deviceReadyTimeout":1,"fullReset":false,"ignoreUnimportantViews":true,"newCommandTimeout":60,"noReset":true,"systemPort":8223,"udid":"3200f02dc0aab5db"},"platformName":"android","normalizeTagNames":true,"androidInstallTimeout":150000,"app":"","appActivity":"com.rewallapop.ui.main.MainActivity","appPackage":"com.wallapop","isHeadless":false,"skipDeviceInitialization":true,"autoAcceptAlerts":true,"autoGrantPermissions":true,"automationName":"UiAutomator2","avd":"","deviceName":"3200f02dc0aab5db","deviceReadyTimeout":1,"fullReset":false,"ignoreUnimportantViews":true,"newCommandTimeout":60,"noReset":true,"systemPort":8223,"udid":"3200f02dc0aab5db","deviceUDID":"3200f02dc0aab5db"}],"alwaysMatch":{}}}}

11-14 14:45:19.793  4211  6759 I ActivityManager: Force stopping com.wallapop appid=10313 user=0: from pid 25258 caller com.android.server.am.ActivityManagerShellCommand.runStartActivity:412

11-14 14:45:19.808  4211  4211 D SamsungAlarmManager: Remove alarm for next reason : android.intent.action.PACKAGE_RESTARTED : package: com.wallapop

11-14 14:45:19.817  4211  4227 W BroadcastQueue: Background execution not allowed: receiving Intent { act=android.intent.action.PACKAGE_RESTARTED dat=package:com.wallapop flg=0x10 (has extras) } to android/com.kddi.android.CpaNotiReceiver

11-14 14:45:20.062  4211  6759 I ActivityManager: START u0 {act=null typ=null flg=0x10000000 cmp=ComponentInfo{com.wallapop/com.rewallapop.ui.main.MainActivity}} from uid 2000

11-14 14:45:20.073  4211  6759 I ActivityManager: [IOP] sourceDir : /data/app/com.wallapop-N9ua0QKKrjIAApR3SfN52w== in ActivityStacksupervisor

11-14 14:45:20.085  3727  3727 I SurfaceFlinger: id=26961 createSurf (4440x4440),2 flag=4, AppWindowToken{f40749 token=Token{12f8950 ActivityRecord{2154313 u0 com.wallapop/com.rewallapop.ui.main.MainActivity t2171}}}#0

11-14 14:45:20.109  4211  5519 D StorageManagerService: getExternalStorageMountMode : final mountMode=1, uid : 10313, packageName : com.wallapop

11-14 14:45:20.110  4211  5519 I ApplicationPolicy: isApplicationExternalStorageWhitelisted:com.wallapop user:0

11-14 14:45:20.110  4211  5519 D ActivityManager: package  com.wallapop, user - 0 is SDcard whitelisted

11-14 14:45:20.110  4211  5519 I ApplicationPolicy: isApplicationExternalStorageBlacklisted:com.wallapop user:0

11-14 14:45:20.110  4211  5519 I ApplicationPolicy: isApplicationExternalStorageBlacklisted:com.wallapop user:0

11-14 14:45:20.111  3727  3727 I SurfaceFlinger: id=26962 createSurf (4440x4440),2 flag=4, 4647bb2 Splash Screen com.wallapop#0

11-14 14:45:20.116  4211  4211 D Telecom:SamsungPrebindingServiceImpl: onTopActivityChanged : ComponentInfo{com.wallapop/com.rewallapop.ui.main.MainActivity}

11-14 14:45:20.133  4211  4310 V WindowManager: Relayout Window{4647bb2 u0 Splash Screen com.wallapop}: viewVisibility=0 req=1080x2220 {(0,0)(fillxfill) sim={adjust=pan} ty=APPLICATION_STARTING fmt=TRANSLUCENT wanim=0x10302fe

11-14 14:45:20.136  4211  4229 I ActivityManager: Start proc 25263:com.wallapop/u0a313 for activity com.wallapop/com.rewallapop.ui.main.MainActivity

11-14 14:45:20.138  3727  3727 I SurfaceFlinger: id=26963 createSurf (1080x2220),1 flag=4, Splash Screen com.wallapop#0

11-14 14:45:20.139  4211  4310 D WindowManager: makeSurface duration=2 name=Splash Screen com.wallapop

11-14 14:45:20.140 25263 25263 I com.wallapop: Late-enabling -Xcheck:jni

11-14 14:45:20.171  4211  4310 D WindowManager: finishDrawingWindow: Window{4647bb2 u0 Splash Screen com.wallapop} mDrawState=DRAW_PENDING

11-14 14:45:20.172 25263 25263 I com.wallapop: report jit thread pid = 25268

11-14 14:45:20.172  4211  4310 I WindowManager: commitFinishDrawingLocked: mDrawState=READY_TO_SHOW Surface(name=Splash Screen com.wallapop)/@0xdceaac

11-14 14:45:20.172  4211  4310 V WindowManager: Resize reasons for w=Window{4647bb2 u0 Splash Screen com.wallapop}:  contentInsetsChanged=false [0,63][0,126] visibleInsetsChanged=false [0,63][0,126] stableInsetsChanged=false [0,63][0,126] outsetsChanged=false [0,0][0,0] surfaceResized=false configChanged=false dragResizingChanged=false reportOrientationChanged=false displayCutoutChanged=false nextForceRelayoutToClient=false

11-14 14:45:20.190  4211  5500 I ActivityManager: DSS on for com.wallapop and scale is 1.0

11-14 14:45:20.194  4211  5500 I WindowManager: commitFinishDrawingLocked: mDrawState=READY_TO_SHOW Surface(name=Splash Screen com.wallapop)/@0xdceaac

11-14 14:45:20.198  4211  5500 D GamePkgDataHelper: notifyAppCreate(), pkgName: com.wallapop, sendRet: true

11-14 14:45:20.198  4211  4473 D GamePkgDataHelper: getGamePkgData(). com.wallapop

11-14 14:45:20.198  4211  4473 D GameManagerService: handleMessage(), MSG_APP_CREATE. ignore. pkgName: com.wallapop

11-14 14:45:20.199  4211  4310 I WindowManager: commitFinishDrawingLocked: mDrawState=READY_TO_SHOW Surface(name=Splash Screen com.wallapop)/@0xdceaac

11-14 14:45:20.203  4211  5500 D GameManagerService: noteResumeComponent(), resumeComponent: com.wallapop

11-14 14:45:20.204  4211  4473 D GameManagerService: handleForegroundChange(). pkgName: com.wallapop, clsName: com.rewallapop.ui.main.MainActivity,FgActivityName:com.wallapop/com.rewallapop.ui.main.MainActivity

11-14 14:45:20.204  4211  5500 D GamePkgDataHelper: getSosPolicy(). com.wallapop

11-14 14:45:20.204  4211  4473 D GameManagerService:   handleForegroundChange(). set mFgApp: com.wallapop

11-14 14:45:20.204  4211  7552 D GamePkgDataHelper: getGamePkgDataIncServer(). com.wallapop

11-14 14:45:20.204  4211  4473 D GameManagerService: notifyResumePause(). pkg: com.wallapop, type: 4, isMinimized: false, isTunableApp: false

11-14 14:45:20.204  4211  5500 D GameManagerService: identifyGamePackage. com.wallapop

11-14 14:45:20.204  4211  5500 D GamePkgDataHelper: getGamePkgData(). com.wallapop

11-14 14:45:20.204  4211  5500 D MARsPolicyManager: onPackageResumedFG pkgName = com.wallapop, userId = 0

11-14 14:45:20.206  4211  4310 I WindowManager: commitFinishDrawingLocked: mDrawState=READY_TO_SHOW Surface(name=Splash Screen com.wallapop)/@0xdceaac

11-14 14:45:20.218  4211  4310 I WindowManager: Cancelling animation restarting=true, leash=null, surface=Surface(name=AppWindowToken{f40749 token=Token{12f8950 ActivityRecord{2154313 u0 com.wallapop/com.rewallapop.ui.main.MainActivity t2171}}})/@0x1d2de29, parent=Surface(name=Task=2171)/@0x32f45ae

11-14 14:45:20.218  4211  4310 I WindowManager: Reparenting to leash, surface=Surface(name=AppWindowToken{f40749 token=Token{12f8950 ActivityRecord{2154313 u0 com.wallapop/com.rewallapop.ui.main.MainActivity t2171}}})/@0x1d2de29

11-14 14:45:20.219  3727  3727 I SurfaceFlinger: id=26965 createSurf (4440x4440),2 flag=4, Surface(name=AppWindowToken{f40749 token=Token{12f8950 ActivityRecord{2154313 u0 com.wallapop/com.rewallapop.ui.main.MainActivity t2171}}})/@0x1d2de29 - animation-leash#0

11-14 14:45:20.220  4211  4310 D WindowManager: makeSurface duration=2 leash=Surface(name=Surface(name=AppWindowToken{f40749 token=Token{12f8950 ActivityRecord{2154313 u0 com.wallapop/com.rewallapop.ui.main.MainActivity t2171}}})/@0x1d2de29 - animation-leash)/@0x4efdf4f

11-14 14:45:20.220  4211  4310 D SurfaceControl: reparent is called, sc=Surface(name=AppWindowToken{f40749 token=Token{12f8950 ActivityRecord{2154313 u0 com.wallapop/com.rewallapop.ui.main.MainActivity t2171}}})/@0x1d2de29, newParentHandle=android.os.BinderProxy@64656dc, transaction=android.view.SurfaceControl$Transaction@49233e5

11-14 14:45:20.221  4211  4310 V WindowManager: performShowLocked: mDrawState=HAS_DRAWN in Window{4647bb2 u0 Splash Screen com.wallapop}

11-14 14:45:20.224  3727  3771 D Layer   : [AppWindowToken{f40749 token=Token{12f8950 ActivityRecord{2154313 u0 com.wallapop/com.rewallapop.ui.main.MainActivity t2171}}}#0]::reparent oldParent:[Task=2171#0], newParent:[Surface(name=AppWindowToken{f40749 token=Token{12f8950 ActivityRecord{2154313 u0 com.wallapop/com.rewallapop.ui.main.MainActivity t2171}}})/@0x1d2de29 - animation-leash#0]

11-14 14:45:20.227  4211  7552 D GamePkgDataHelper: getSosPolicy(). com.wallapop

11-14 14:45:20.230  4211  6751 D GameManagerService: identifyGamePackage. com.wallapop

11-14 14:45:20.230  4211  6751 D GamePkgDataHelper: getGamePkgData(). com.wallapop

11-14 14:45:20.231  4211  4228 D CodecSolution: isMaxAspectPackageEx: com.wallapop : true(2)

11-14 14:45:20.232  4211  4228 D WindowManager: setSystemUiVisibility: vis= 0xa018, fullscreenVis= 0x2000, dockedVis= 0x0, win=Window{4647bb2 u0 Splash Screen com.wallapop}

11-14 14:45:20.234  4211  7552 D GameManagerService: identifyGamePackage. com.wallapop

11-14 14:45:20.234  4211  7552 D GamePkgDataHelper: getGamePkgData(). com.wallapop

11-14 14:45:20.237 25263 25263 I com.wallapop: The ClassLoaderContext is a special shared library.

11-14 14:45:20.343  3727  3727 I SurfaceFlinger:      Device | 0x70de034940 | 0000 | RGBA_8888 |   0.0    1.0 1080.0 2219.0 |   89  184  991 2036 | Splash Screen com.wallapop#0

11-14 14:45:20.358  4211  4669 D MdnieScenarioControlService:  packageName : com.wallapop    className : com.rewallapop.ui.main.MainActivity

11-14 14:45:20.362  3727  3727 I SurfaceFlinger:      Device | 0x70de034940 | 0000 | RGBA_8888 |   0.0    0.0 1080.0 2220.0 |   67  137 1013 2083 | Splash Screen com.wallapop#0

11-14 14:45:20.473  4211  4310 I WindowManager: reset, Reparenting to original parent, shouldDeferScheduleAnimation=false, destroyLeash=true, surface=Surface(name=AppWindowToken{f40749 token=Token{12f8950 ActivityRecord{2154313 u0 com.wallapop/com.rewallapop.ui.main.MainActivity t2171}}})/@0x1d2de29, parent=Surface(name=Task=2171)/@0x32f45ae, parentNativeHandle=android.os.BinderProxy@202a399, caller=com.android.server.wm.SurfaceAnimator.lambda$getFinishedCallback$0:97 com.android.server.wm.-$$Lambda$SurfaceAnimator$SIBia0mND666K8lMCPsoid8pUTI.run:4 com.android.server.wm.SurfaceAnimator.lambda$getFinishedCallback$1:104 com.android.server.wm.-$$Lambda$SurfaceAnimator$vdRZk66hQVbQCvVXEaQCT1kVmFc.onAnimationFinished:4 com.android.server.wm.LocalAnimationAdapter.lambda$startAnimation$0:74

11-14 14:45:20.473  4211  4310 D SurfaceControl: reparent is called, sc=Surface(name=AppWindowToken{f40749 token=Token{12f8950 ActivityRecord{2154313 u0 com.wallapop/com.rewallapop.ui.main.MainActivity t2171}}})/@0x1d2de29, newParentHandle=android.os.BinderProxy@202a399, transaction=android.view.SurfaceControl$Transaction@49233e5

11-14 14:45:20.474  4211  4310 D SurfaceControl: destroy(transaction), animation-leash is destroyed, sc=Surface(name=Surface(name=AppWindowToken{f40749 token=Token{12f8950 ActivityRecord{2154313 u0 com.wallapop/com.rewallapop.ui.main.MainActivity t2171}}})/@0x1d2de29 - animation-leash)/@0x4efdf4f, transaction=android.view.SurfaceControl$Transaction@49233e5, caller=com.android.server.wm.SurfaceAnimator.reset:338 com.android.server.wm.SurfaceAnimator.lambda$getFinishedCallback$0:97 com.android.server.wm.-$$Lambda$SurfaceAnimator$SIBia0mND666K8lMCPsoid8pUTI.run:4 com.android.server.wm.SurfaceAnimator.lambda$getFinishedCallback$1:104 com.android.server.wm.-$$Lambda$SurfaceAnimator$vdRZk66hQVbQCvVXEaQCT1kVmFc.onAnimationFinished:4 com.android.server.wm.LocalAnimationAdapter.lambda$startAnimation$0:74 com.android.server.wm.-$$Lambda$LocalAnimationAdapter$X--EomqUvw4qy89IeeTFTH7aCMo.run:4

11-14 14:45:20.478  3727  3770 D Layer   : [AppWindowToken{f40749 token=Token{12f8950 ActivityRecord{2154313 u0 com.wallapop/com.rewallapop.ui.main.MainActivity t2171}}}#0]::reparent oldParent:[Surface(name=AppWindowToken{f40749 token=Token{12f8950 ActivityRecord{2154313 u0 com.wallapop/com.rewallapop.ui.main.MainActivity t2171}}})/@0x1d2de29 - animation-leash#0], newParent:[Task=2171#0]

11-14 14:45:20.478  3727  3770 I SurfaceFlinger: id=26965 Removed Surface(name=AppWindowToken{f40749 token=Token{12f8950 ActivityRecord{2154313 u0 com.wallapop/com.rewallapop.ui.main.MainActivity t2171}}})/@0x1d2de29 - animation-leash#0 (0/60)

11-14 14:45:20.489  3727  3727 I Layer   : id=26965 onRemoved Surface(name=AppWindowToken{f40749 token=Token{12f8950 ActivityRecord{2154313 u0 com.wallapop/com.rewallapop.ui.main.MainActivity t2171}}})/@0x1d2de29 - animation-leash#0

11-14 14:45:20.534  3727  3727 I SurfaceFlinger:      Device | 0x70de034940 | 0000 | RGBA_8888 |   0.0    0.0 1080.0 2220.0 |    0    0 1080 2220 | Splash Screen com.wallapop#0

11-14 14:45:20.700 25263 25297 W com.wallapop: Unsupported class loader

11-14 14:45:20.703 25263 25297 W com.wallapop: Skipping duplicate class check due to unsupported classloader

11-14 14:45:20.719 25263 25284 I FA      :   adb shell setprop debug.firebase.analytics.app com.wallapop

11-14 14:45:20.777 25263 25297 W com.wallapop: Unsupported class loader

11-14 14:45:20.797 25263 25329 W com.wallapop: Accessing hidden field Ljava/nio/Buffer;->address:J (light greylist, reflection)

11-14 14:45:21.793 25263 25329 D FirebasePerformance: Logging NetworkRequestMetric - https://settings.crashlytics.com/spi/v2/platforms/android/apps/com.wallapop/settings 1531b 984ms,

11-14 14:45:21.799 25263 25329 I FirebasePerformance: Rate Limited NetworkRequestMetric - https://settings.crashlytics.com/spi/v2/platforms/android/apps/com.wallapop/settings

11-14 14:45:22.044 25263 25274 I com.wallapop: Background concurrent copying GC freed 48421(2MB) AllocSpace objects, 14(1676KB) LOS objects, 49% free, 9MB/19MB, paused 188us total 180.467ms

11-14 14:45:22.955 25263 25340 I stetho  : Listening on @stetho_com.wallapop_devtools_remote

11-14 14:45:23.038 25263 25346 W com.wallapop: Accessing hidden field Lsun/misc/Unsafe;->theUnsafe:Lsun/misc/Unsafe; (light greylist, reflection)

11-14 14:45:23.141 25263 25263 I com.wallapop: The ClassLoaderContext is a special shared library.

11-14 14:45:23.144 25263 25263 I chatty  : uid=10313(com.wallapop) identical 1 line

11-14 14:45:23.148 25263 25263 I com.wallapop: The ClassLoaderContext is a special shared library.

11-14 14:45:23.418 25263 25263 I com.wallapop: Waiting for a blocking GC ClassLinker

11-14 14:45:23.492 25263 25263 I com.wallapop: WaitForGcToComplete blocked ClassLinker on ClassLinker for 74.348ms

11-14 14:45:23.701 25263 25370 W com.wallapop: Accessing hidden method Landroid/content/Context;->bindServiceAsUser(Landroid/content/Intent;Landroid/content/ServiceConnection;ILandroid/os/Handler;Landroid/os/UserHandle;)Z (light greylist, reflection)

11-14 14:45:23.708  4211  6751 I ApplicationPolicy: isApplicationExternalStorageWhitelisted:com.wallapop user:0

11-14 14:45:23.708  4211  6751 D ActivityManager: package  com.wallapop, user - 0 is SDcard whitelisted

11-14 14:45:23.708  4211  6751 I ApplicationPolicy: isApplicationExternalStorageBlacklisted:com.wallapop user:0

11-14 14:45:23.708  4211  6751 I ApplicationPolicy: isApplicationExternalStorageBlacklisted:com.wallapop user:0

11-14 14:45:23.737  4211  4229 I ActivityManager: Start proc 25373:com.android.chrome:sandboxed_process0/u0i876 for webview_service com.wallapop/org.chromium.content.app.SandboxedProcessService0

11-14 14:45:23.791  4211  5500 I ActivityManager: DSS on for com.wallapop and scale is 1.0

11-14 14:45:23.793  4211  5500 D MultiDisplayManager: init process display: set packageProcessId, displayId=0, same_package_proc=ProcessRecord{4bb2f0cd0 25263:com.wallapop/u0a313}, app=ProcessRecord{ad6e634d0 25373:com.android.chrome:sandboxed_process0/u0a313i876}

11-14 14:45:23.928 25263 25263 W com.wallapop: Accessing hidden method Landroid/view/textclassifier/logging/SmartSelectionEventTracker;-><init>(Landroid/content/Context;I)V (light greylist, reflection)

11-14 14:45:23.928 25263 25263 W com.wallapop: Accessing hidden method Landroid/view/textclassifier/logging/SmartSelectionEventTracker;->logEvent(Landroid/view/textclassifier/logging/SmartSelectionEventTracker$SelectionEvent;)V (light greylist, reflection)

11-14 14:45:23.929 25263 25263 W com.wallapop: Accessing hidden method Landroid/view/textclassifier/logging/SmartSelectionEventTracker$SelectionEvent;->selectionStarted(I)Landroid/view/textclassifier/logging/SmartSelectionEventTracker$SelectionEvent; (light greylist, reflection)

11-14 14:45:23.929 25263 25263 W com.wallapop: Accessing hidden method Landroid/view/textclassifier/logging/SmartSelectionEventTracker$SelectionEvent;->selectionModified(II)Landroid/view/textclassifier/logging/SmartSelectionEventTracker$SelectionEvent; (light greylist, reflection)

11-14 14:45:23.929 25263 25263 W com.wallapop: Accessing hidden method Landroid/view/textclassifier/logging/SmartSelectionEventTracker$SelectionEvent;->selectionModified(IILandroid/view/textclassifier/TextClassification;)Landroid/view/textclassifier/logging/SmartSelectionEventTracker$SelectionEvent; (light greylist, reflection)

11-14 14:45:23.929 25263 25263 W com.wallapop: Accessing hidden method Landroid/view/textclassifier/logging/SmartSelectionEventTracker$SelectionEvent;->selectionModified(IILandroid/view/textclassifier/TextSelection;)Landroid/view/textclassifier/logging/SmartSelectionEventTracker$SelectionEvent; (light greylist, reflection)

11-14 14:45:23.929 25263 25263 W com.wallapop: Accessing hidden method Landroid/view/textclassifier/logging/SmartSelectionEventTracker$SelectionEvent;->selectionAction(III)Landroid/view/textclassifier/logging/SmartSelectionEventTracker$SelectionEvent; (light greylist, reflection)

11-14 14:45:23.929 25263 25263 W com.wallapop: Accessing hidden method Landroid/view/textclassifier/logging/SmartSelectionEventTracker$SelectionEvent;->selectionAction(IIILandroid/view/textclassifier/TextClassification;)Landroid/view/textclassifier/logging/SmartSelectionEventTracker$SelectionEvent; (light greylist, reflection)

11-14 14:45:23.999 25263 25390 W com.wallapop: Accessing hidden method Landroid/media/AudioManager;->getOutputLatency(I)I (light greylist, reflection)

11-14 14:45:24.060 25263 25263 W com.wallapop: Accessing hidden method Landroid/app/ActivityThread;->currentPackageName()Ljava/lang/String; (light greylist, reflection)

11-14 14:45:24.376 25263 25274 I com.wallapop: Background concurrent copying GC freed 64116(6MB) AllocSpace objects, 20(1488KB) LOS objects, 49% free, 6MB/12MB, paused 278us total 150.186ms

11-14 14:45:24.458 25263 25439 W com.wallapop: Accessing hidden method Lcom/android/org/conscrypt/OpenSSLSocketImpl;->setAlpnProtocols([B)V (light greylist, reflection)

11-14 14:45:24.939 25263 25439 W com.wallapop: Accessing hidden method Lcom/android/org/conscrypt/OpenSSLSocketImpl;->getAlpnSelectedProtocol()[B (light greylist, reflection)

11-14 14:45:26.235  4211  7608 D GameManagerService: identifyGamePackage. com.wallapop

11-14 14:45:26.235  4211  7608 D GamePkgDataHelper: getGamePkgData(). com.wallapop

11-14 14:45:26.361  4211  4679 D SamsungAlarmManager: Cancel Alarm calling from uid:10313 pid :25263 / op:PendingIntent{2bd4201: PendingIntentRecord{27798a6 com.wallapop broadcastIntent}}

11-14 14:45:26.593 25263 25263 W com.wallapop: Accessing hidden method Landroid/view/View;->computeFitSystemWindows(Landroid/graphics/Rect;Landroid/graphics/Rect;)Z (light greylist, reflection)

11-14 14:45:26.594 25263 25263 W com.wallapop: Accessing hidden method Landroid/view/ViewGroup;->makeOptionalFitsSystemWindows()V (light greylist, reflection)

11-14 14:45:26.614 25263 25263 W com.wallapop: Accessing hidden field Landroid/view/ViewGroup;->mOnHierarchyChangeListener:Landroid/view/ViewGroup$OnHierarchyChangeListener; (light greylist, reflection)

11-14 14:45:26.642  4211  4679 D SamsungAlarmManager: Cancel Alarm calling from uid:10313 pid :25263 / op:PendingIntent{9101c2c: PendingIntentRecord{a7996f5 com.wallapop broadcastIntent}}

11-14 14:45:26.685  4211  5500 D LocationManagerService: request 59462fb passive Request[POWER_NONE passive fastest=0 num=1 lowPowerMode=false] from com.wallapop(10313 foreground)

11-14 14:45:26.686  4622  4682 V ListenerMonitor_FLP: addListener, type : 0 packageName : com.wallapop , listener count : 1

11-14 14:45:26.686  4622  4682 E RequestManager_FLP: [LocationManagerService] Location request 59462fb(PendingIntent) passive interval=0 from com.wallapop(10313)

11-14 14:45:26.752 25263 25263 I chatty  : uid=10313(com.wallapop) identical 9 lines

11-14 14:45:26.765 25263 25263 I chatty  : uid=10313(com.wallapop) identical 1 line

11-14 14:45:26.766 25263 25263 I chatty  : uid=10313(com.wallapop) identical 1 line

11-14 14:45:26.767 25263 25263 I chatty  : uid=10313(com.wallapop) identical 8 lines

11-14 14:45:26.920  4211  4679 I ActivityManager: START u0 {act=null typ=null flg=0x0 cmp=ComponentInfo{com.wallapop/com.rewallapop.ui.wall.WallActivity}} from uid 10313

11-14 14:45:26.934  3727  3727 I SurfaceFlinger: id=26966 createSurf (4440x4440),2 flag=4, AppWindowToken{e3c33d7 token=Token{62d7756 ActivityRecord{a19ad71 u0 com.wallapop/com.rewallapop.ui.wall.WallActivity t2171}}}#0

11-14 14:45:26.937  4211  4679 D SurfaceControl: reparent is called, sc=Surface(name=4647bb2 Splash Screen com.wallapop)/@0x6b7c4c4, newParentHandle=android.os.BinderProxy@dcaafad, transaction=android.view.SurfaceControl$Transaction@da1b2e2

11-14 14:45:26.940  4211  4228 D WindowManager: setSystemUiVisibility: vis= 0xa018, fullscreenVis= 0x2000, dockedVis= 0x0, win=Window{4647bb2 u0 Splash Screen com.wallapop}

11-14 14:45:26.941  3727  3964 D Layer   : [4647bb2 Splash Screen com.wallapop#0]::reparent oldParent:[AppWindowToken{f40749 token=Token{12f8950 ActivityRecord{2154313 u0 com.wallapop/com.rewallapop.ui.main.MainActivity t2171}}}#0], newParent:[AppWindowToken{e3c33d7 token=Token{62d7756 ActivityRecord{a19ad71 u0 com.wallapop/com.rewallapop.ui.wall.WallActivity t2171}}}#0]

11-14 14:45:26.944  4211  4211 D Telecom:SamsungPrebindingServiceImpl: onTopActivityChanged : ComponentInfo{com.wallapop/com.rewallapop.ui.wall.WallActivity}

11-14 14:45:27.116 25263 25274 I com.wallapop: Background concurrent copying GC freed 58306(4MB) AllocSpace objects, 42(1268KB) LOS objects, 49% free, 8MB/16MB, paused 1.656ms total 202.538ms

11-14 14:45:27.198 25263 25527 I com.wallapop: The ClassLoaderContext is a special shared library.

11-14 14:45:27.224  4211  4227 D ApplicationPolicy: isStatusBarNotificationAllowedAsUser: packageName = com.wallapop,userId = 0

11-14 14:45:27.224  4211  4227 D ApplicationPolicy: isStatusBarNotificationAllowedAsUser: packageName = com.wallapop,userId = 0

11-14 14:45:27.231  4211  4679 D GamePkgDataHelper: notifyAppCreate(), pkgName: com.wallapop, sendRet: true

11-14 14:45:27.231  4211  4473 D GamePkgDataHelper: getGamePkgData(). com.wallapop

11-14 14:45:27.231  4211  4473 D GameManagerService: handleMessage(), MSG_APP_CREATE. ignore. pkgName: com.wallapop

11-14 14:45:27.233  4211  4679 D GameManagerService: noteResumeComponent(), resumeComponent: com.wallapop

11-14 14:45:27.233  4211  4473 D GameManagerService: handleForegroundChange(). pkgName: com.wallapop, clsName: com.rewallapop.ui.wall.WallActivity,FgActivityName:com.wallapop/com.rewallapop.ui.wall.WallActivity

11-14 14:45:27.233  4211  4679 D MARsPolicyManager: onPackageResumedFG pkgName = com.wallapop, userId = 0

11-14 14:45:27.235  4211  4211 D Telecom:SamsungPrebindingServiceImpl: onTopActivityChanged : ComponentInfo{com.wallapop/com.rewallapop.ui.wall.WallActivity}

11-14 14:45:27.238  4211  4679 I WindowManager: Cancelling animation restarting=true, leash=null, surface=Surface(name=AppWindowToken{f40749 token=Token{12f8950 ActivityRecord{2154313 u0 com.wallapop/com.rewallapop.ui.main.MainActivity t2171}}})/@0x1d2de29, parent=Surface(name=Task=2171)/@0x32f45ae

11-14 14:45:27.238  4211  4679 I WindowManager: Reparenting to leash, surface=Surface(name=AppWindowToken{f40749 token=Token{12f8950 ActivityRecord{2154313 u0 com.wallapop/com.rewallapop.ui.main.MainActivity t2171}}})/@0x1d2de29

11-14 14:45:27.239  3727  3727 I SurfaceFlinger: id=26967 createSurf (4440x4440),2 flag=4, Surface(name=AppWindowToken{f40749 token=Token{12f8950 ActivityRecord{2154313 u0 com.wallapop/com.rewallapop.ui.main.MainActivity t2171}}})/@0x1d2de29 - animation-leash#0

11-14 14:45:27.241  4211  4679 D WindowManager: makeSurface duration=2 leash=Surface(name=Surface(name=AppWindowToken{f40749 token=Token{12f8950 ActivityRecord{2154313 u0 com.wallapop/com.rewallapop.ui.main.MainActivity t2171}}})/@0x1d2de29 - animation-leash)/@0x5dfd4e1

11-14 14:45:27.241  4211  4679 D SurfaceControl: reparent is called, sc=Surface(name=AppWindowToken{f40749 token=Token{12f8950 ActivityRecord{2154313 u0 com.wallapop/com.rewallapop.ui.main.MainActivity t2171}}})/@0x1d2de29, newParentHandle=android.os.BinderProxy@a306206, transaction=android.view.SurfaceControl$Transaction@49233e5

11-14 14:45:27.244  3727  3964 D Layer   : [AppWindowToken{f40749 token=Token{12f8950 ActivityRecord{2154313 u0 com.wallapop/com.rewallapop.ui.main.MainActivity t2171}}}#0]::reparent oldParent:[Task=2171#0], newParent:[Surface(name=AppWindowToken{f40749 token=Token{12f8950 ActivityRecord{2154313 u0 com.wallapop/com.rewallapop.ui.main.MainActivity t2171}}})/@0x1d2de29 - animation-leash#0]

11-14 14:45:27.279 25263 25338 W com.wallapop: Accessing hidden method Ldalvik/system/VMRuntime;->getRuntime()Ldalvik/system/VMRuntime; (light greylist, reflection)

11-14 14:45:27.279 25263 25338 W com.wallapop: Accessing hidden method Ldalvik/system/VMRuntime;->vmInstructionSet()Ljava/lang/String; (light greylist, reflection)

11-14 14:45:27.336 23911 23911 D Notification.Badge: [valid] onNotificationPosted : StatusBarNotification(pkg=com.wallapop user=UserHandle{0} id=999 tag=null key=0|com.wallapop|999|null|10313: Notification(channel=wallapop_channel pri=-2 contentView=null vibrate=null sound=null defaults=0x0 flags=0x62 color=0x00000000 vis=PRIVATE semFlags=0x0 semPriority=0 semMissedCount=0))

11-14 14:45:27.336 23911 23911 D Notification.Badge: notificationKey : 0|com.wallapop|999|null|10313, count : 0, this.count : 1

11-14 14:45:27.336 23911 23978 D Notification.Badge: LauncherModel:onNotificationPosted() : com.wallapop, count : [0], shouldBeFilteredOut : [false]

11-14 14:45:27.336 23911 23978 D Notification.Badge: notificationKey : 0|com.wallapop|999|null|10313, count : 1, mTotalCount : 1

11-14 14:45:27.340 23911 23978 D Notification.Badge: updateLauncherIconBadges() item : [IconInfo(title=_Wallapop_ intent=Intent { act=android.intent.action.MAIN cat=[android.intent.category.LAUNCHER] flg=0x10200000 cmp=com.wallapop/.activities.HomeActivity (has extras) } id=162 type=0 container=-102 screen=1 cellX=3 cellY=0 spanX=1 spanY=1 rank=3 hidden=0 dropPos=null user=UserHandle{0} screenType=0)], mShowBadge : [true], item.mBadgeCount : [1]

11-14 14:45:27.343 23911 23911 D RecommendedView: updateBadgeItems: [IconInfo(title=_Wallapop_ intent=Intent { act=android.intent.action.MAIN cat=[android.intent.category.LAUNCHER] flg=0x10200000 cmp=com.wallapop/.activities.HomeActivity (has extras) } id=162 type=0 container=-102 screen=1 cellX=3 cellY=0 spanX=1 spanY=1 rank=3 hidden=0 dropPos=null user=UserHandle{0} screenType=0)]

11-14 14:45:27.529  4211  4679 D SamsungAlarmManager: Cancel Alarm calling from uid:10313 pid :25263 / op:PendingIntent{bebabde: PendingIntentRecord{a7996f5 com.wallapop broadcastIntent}}

11-14 14:45:27.531  4211  4310 I WindowManager: reset, Reparenting to original parent, shouldDeferScheduleAnimation=false, destroyLeash=true, surface=Surface(name=AppWindowToken{f40749 token=Token{12f8950 ActivityRecord{2154313 u0 com.wallapop/com.rewallapop.ui.main.MainActivity t2171}}})/@0x1d2de29, parent=Surface(name=Task=2171)/@0x32f45ae, parentNativeHandle=android.os.BinderProxy@202a399, caller=com.android.server.wm.SurfaceAnimator.lambda$getFinishedCallback$0:97 com.android.server.wm.-$$Lambda$SurfaceAnimator$SIBia0mND666K8lMCPsoid8pUTI.run:4 com.android.server.wm.SurfaceAnimator.lambda$getFinishedCallback$1:104 com.android.server.wm.-$$Lambda$SurfaceAnimator$vdRZk66hQVbQCvVXEaQCT1kVmFc.onAnimationFinished:4 com.android.server.wm.LocalAnimationAdapter.lambda$startAnimation$0:74

11-14 14:45:27.531  4211  4310 D SurfaceControl: reparent is called, sc=Surface(name=AppWindowToken{f40749 token=Token{12f8950 ActivityRecord{2154313 u0 com.wallapop/com.rewallapop.ui.main.MainActivity t2171}}})/@0x1d2de29, newParentHandle=android.os.BinderProxy@202a399, transaction=android.view.SurfaceControl$Transaction@49233e5

11-14 14:45:27.532  4211  4310 D SurfaceControl: destroy(transaction), animation-leash is destroyed, sc=Surface(name=Surface(name=AppWindowToken{f40749 token=Token{12f8950 ActivityRecord{2154313 u0 com.wallapop/com.rewallapop.ui.main.MainActivity t2171}}})/@0x1d2de29 - animation-leash)/@0x5dfd4e1, transaction=android.view.SurfaceControl$Transaction@49233e5, caller=com.android.server.wm.SurfaceAnimator.reset:338 com.android.server.wm.SurfaceAnimator.lambda$getFinishedCallback$0:97 com.android.server.wm.-$$Lambda$SurfaceAnimator$SIBia0mND666K8lMCPsoid8pUTI.run:4 com.android.server.wm.SurfaceAnimator.lambda$getFinishedCallback$1:104 com.android.server.wm.-$$Lambda$SurfaceAnimator$vdRZk66hQVbQCvVXEaQCT1kVmFc.onAnimationFinished:4 com.android.server.wm.LocalAnimationAdapter.lambda$startAnimation$0:74 com.android.server.wm.-$$Lambda$LocalAnimationAdapter$X--EomqUvw4qy89IeeTFTH7aCMo.run:4

11-14 14:45:27.548  3727  3964 D Layer   : [AppWindowToken{f40749 token=Token{12f8950 ActivityRecord{2154313 u0 com.wallapop/com.rewallapop.ui.main.MainActivity t2171}}}#0]::reparent oldParent:[Surface(name=AppWindowToken{f40749 token=Token{12f8950 ActivityRecord{2154313 u0 com.wallapop/com.rewallapop.ui.main.MainActivity t2171}}})/@0x1d2de29 - animation-leash#0], newParent:[Task=2171#0]

11-14 14:45:27.548  3727  3964 I SurfaceFlinger: id=26967 Removed Surface(name=AppWindowToken{f40749 token=Token{12f8950 ActivityRecord{2154313 u0 com.wallapop/com.rewallapop.ui.main.MainActivity t2171}}})/@0x1d2de29 - animation-leash#0 (0/59)

11-14 14:45:27.563  3727  3727 I Layer   : id=26967 onRemoved Surface(name=AppWindowToken{f40749 token=Token{12f8950 ActivityRecord{2154313 u0 com.wallapop/com.rewallapop.ui.main.MainActivity t2171}}})/@0x1d2de29 - animation-leash#0

11-14 14:45:27.776 25263 25263 W com.wallapop: Accessing hidden method Landroid/widget/TextView;->getTextDirectionHeuristic()Landroid/text/TextDirectionHeuristic; (light greylist, linking)

11-14 14:45:27.787 25263 25263 W com.wallapop: Accessing hidden method Landroid/graphics/FontFamily;-><init>()V (light greylist, reflection)

11-14 14:45:27.791 25263 25263 W com.wallapop: Accessing hidden method Landroid/graphics/FontFamily;->addFontFromAssetManager(Landroid/content/res/AssetManager;Ljava/lang/String;IZIII[Landroid/graphics/fonts/FontVariationAxis;)Z (light greylist, reflection)

11-14 14:45:27.792 25263 25263 W com.wallapop: Accessing hidden method Landroid/graphics/FontFamily;->addFontFromBuffer(Ljava/nio/ByteBuffer;I[Landroid/graphics/fonts/FontVariationAxis;II)Z (light greylist, reflection)

11-14 14:45:27.792 25263 25263 W com.wallapop: Accessing hidden method Landroid/graphics/FontFamily;->freeze()Z (light greylist, reflection)

11-14 14:45:27.792 25263 25263 W com.wallapop: Accessing hidden method Landroid/graphics/FontFamily;->abortCreation()V (light greylist, reflection)

11-14 14:45:27.793 25263 25263 W com.wallapop: Accessing hidden method Landroid/graphics/Typeface;->createFromFamiliesWithDefault([Landroid/graphics/FontFamily;Ljava/lang/String;II)Landroid/graphics/Typeface; (light greylist, reflection)

11-14 14:45:28.022 25263 25274 I com.wallapop: Background concurrent copying GC freed 144447(7MB) AllocSpace objects, 23(892KB) LOS objects, 49% free, 14MB/28MB, paused 2.173ms total 389.460ms

11-14 14:45:28.502 25263 25434 I com.wallapop: The ClassLoaderContext is a special shared library.

11-14 14:45:28.927  4211  5239 D ActivityManagerPerformance: Received MSG_DISABLE_ACT_START, r: ActivityRecord{a19ad71 u0 com.wallapop/com.rewallapop.ui.wall.WallActivity t2171}

11-14 14:45:29.061  3727  3727 I SurfaceFlinger: id=26968 createSurf (4440x4440),2 flag=4, 34dfc50 com.wallapop/com.rewallapop.ui.wall.WallActivity#0

11-14 14:45:29.457 25561 25573 I Finsky  : [9439] fxs.d(3): com.wallapop: Account determined from installer data - [rJj4Md76H4LxoN-B4dnoZM7XaXDDBcXGlC-caOCi6Uc]

11-14 14:45:29.458 25561 25573 I Finsky  : [9439] fxs.d(14): com.wallapop: Account from preferred account - [rJj4Md76H4LxoN-B4dnoZM7XaXDDBcXGlC-caOCi6Uc]

11-14 14:45:29.469 25561 25573 I Finsky  : [9439] fxs.d(3): com.wallapop: Account determined from installer data - [rJj4Md76H4LxoN-B4dnoZM7XaXDDBcXGlC-caOCi6Uc]

11-14 14:45:29.470 25561 25573 I Finsky  : [9439] fxs.d(14): com.wallapop: Account from preferred account - [rJj4Md76H4LxoN-B4dnoZM7XaXDDBcXGlC-caOCi6Uc]

11-14 14:45:29.472 25561 25573 I Finsky  : [9439] fxs.d(3): com.wallapop: Account determined from installer data - [rJj4Md76H4LxoN-B4dnoZM7XaXDDBcXGlC-caOCi6Uc]

11-14 14:45:29.472 25561 25573 I Finsky  : [9439] fxs.d(14): com.wallapop: Account from preferred account - [rJj4Md76H4LxoN-B4dnoZM7XaXDDBcXGlC-caOCi6Uc]

11-14 14:45:29.475 25561 25573 I Finsky  : [9439] fxs.d(3): com.wallapop: Account determined from installer data - [rJj4Md76H4LxoN-B4dnoZM7XaXDDBcXGlC-caOCi6Uc]

11-14 14:45:29.476 25561 25573 I Finsky  : [9439] fxs.d(14): com.wallapop: Account from preferred account - [rJj4Md76H4LxoN-B4dnoZM7XaXDDBcXGlC-caOCi6Uc]

11-14 14:45:29.519 25263 25274 I com.wallapop: Background concurrent copying GC freed 206083(14MB) AllocSpace objects, 52(3MB) LOS objects, 50% free, 11MB/22MB, paused 544us total 136.628ms

11-14 14:45:29.691  4211  5500 V WindowManager: Relayout Window{34dfc50 u0 com.wallapop/com.rewallapop.ui.wall.WallActivity}: viewVisibility=0 req=1080x2220 {(0,0)(fillxfill) sim={adjust=resize forwardNavigation} ty=BASE_APPLICATION wanim=0x10302fe

11-14 14:45:29.696  3727  3727 I SurfaceFlinger: id=26969 createSurf (1080x2220),1 flag=404, com.wallapop/com.rewallapop.ui.wall.WallActivity[25263]#0

11-14 14:45:29.698  4211  5500 D WindowManager: makeSurface duration=3 name=com.wallapop/com.rewallapop.ui.wall.WallActivity[25263]

11-14 14:45:29.698  4211  5500 V WindowManager: Changing focus from null to Window{34dfc50 u0 com.wallapop/com.rewallapop.ui.wall.WallActivity} Callers=com.android.server.wm.WindowManagerService.relayoutWindow:2526 com.android.server.wm.Session.relayoutForTranslate:302 android.view.IWindowSession$Stub.onTransact:518 com.android.server.wm.Session.onTransact:186

11-14 14:45:29.699  4211  4228 D WindowManager: setSystemUiVisibility: vis= 0xa518, fullscreenVis= 0x2000, dockedVis= 0x0, win=Window{34dfc50 u0 com.wallapop/com.rewallapop.ui.wall.WallActivity}

11-14 14:45:29.705  4211  4242 D WindowManager: reportFocusChangedSerialized, focused=true, inTouchMode=true, win=Window{34dfc50 u0 com.wallapop/com.rewallapop.ui.wall.WallActivity}

11-14 14:45:29.870 25561 25573 I Finsky  : [9439] fxs.d(3): com.wallapop: Account determined from installer data - [rJj4Md76H4LxoN-B4dnoZM7XaXDDBcXGlC-caOCi6Uc]

11-14 14:45:29.871 25561 25573 I Finsky  : [9439] fxs.d(14): com.wallapop: Account from preferred account - [rJj4Md76H4LxoN-B4dnoZM7XaXDDBcXGlC-caOCi6Uc]

11-14 14:45:30.008  4211  7552 D WindowManager: finishDrawingWindow: Window{34dfc50 u0 com.wallapop/com.rewallapop.ui.wall.WallActivity} mDrawState=DRAW_PENDING

11-14 14:45:30.011  4211  4310 I WindowManager: commitFinishDrawingLocked: mDrawState=READY_TO_SHOW Surface(name=com.wallapop/com.rewallapop.ui.wall.WallActivity[25263])/@0x9beae4f

11-14 14:45:30.011  4211  4310 V WindowManager: Resize reasons for w=Window{34dfc50 u0 com.wallapop/com.rewallapop.ui.wall.WallActivity}:  contentInsetsChanged=false [0,63][0,126] visibleInsetsChanged=false [0,63][0,126] stableInsetsChanged=false [0,63][0,126] outsetsChanged=false [0,0][0,0] surfaceResized=false configChanged=false dragResizingChanged=false reportOrientationChanged=false displayCutoutChanged=false nextForceRelayoutToClient=false

11-14 14:45:30.019  4211  4310 I WindowManager: commitFinishDrawingLocked: mDrawState=READY_TO_SHOW Surface(name=com.wallapop/com.rewallapop.ui.wall.WallActivity[25263])/@0x9beae4f

11-14 14:45:30.019  4211  4310 I WindowManager: Cancelling animation restarting=false, leash=null, surface=Surface(name=34dfc50 com.wallapop/com.rewallapop.ui.wall.WallActivity)/@0x5cf57c8, parent=Surface(name=AppWindowToken{e3c33d7 token=Token{62d7756 ActivityRecord{a19ad71 u0 com.wallapop/com.rewallapop.ui.wall.WallActivity t2171}}})/@0x2b78061

11-14 14:45:30.019  4211  4310 V WindowManager: performShowLocked: mDrawState=HAS_DRAWN in Window{34dfc50 u0 com.wallapop/com.rewallapop.ui.wall.WallActivity}

11-14 14:45:30.034  4211  4242 I ActivityManager: Displayed com.wallapop/com.rewallapop.ui.wall.WallActivity: +2s793ms (total +9s913ms)

11-14 14:45:30.045  3727  3727 I SurfaceFlinger:      Device | 0x70de033500 | 0002 | RGBA_8888 |   0.0    0.0 1080.0 2220.0 |    0    0 1080 2220 | com.wallapop/com.rewallapop.ui.wall.WallActivity[25263]#0

11-14 14:45:30.045  3727  3727 I SurfaceFlinger:      Device | 0x70de034940 | 0000 | RGBA_8888 |   0.0    0.0 1080.0 2220.0 |    0    0 1080 2220 | Splash Screen com.wallapop#0

11-14 14:45:30.047  4211  4310 V WindowManager: Remove Window{4647bb2 u0 Splash Screen com.wallapop}: mSurfaceController=Surface(name=Splash Screen com.wallapop)/@0xdceaac mAnimatingExit=false mRemoveOnExit=false mHasSurface=true surfaceShowing=true isAnimationSet=false app-animation=false mWillReplaceWindow=false inPendingTransaction=false mDisplayFrozen=false callers=com.android.server.wm.WindowState.removeIfPossible:2764 com.android.server.wm.WindowManagerService.removeWindow:1943 com.android.server.wm.Session.remove:268 android.view.ViewRootImpl.dispatchDetachedFromWindow:4565 android.view.ViewRootImpl.doDie:7996 android.view.ViewRootImpl$ViewRootHandler.handleMessage:4987

11-14 14:45:30.048  4211  4310 I WindowManager: Cancelling animation restarting=true, leash=null, surface=Surface(name=4647bb2 Splash Screen com.wallapop)/@0x6b7c4c4, parent=Surface(name=AppWindowToken{e3c33d7 token=Token{62d7756 ActivityRecord{a19ad71 u0 com.wallapop/com.rewallapop.ui.wall.WallActivity t2171}}})/@0x2b78061

11-14 14:45:30.048  4211  4310 I WindowManager: Reparenting to leash, surface=Surface(name=4647bb2 Splash Screen com.wallapop)/@0x6b7c4c4

11-14 14:45:30.050  3727  3727 I SurfaceFlinger: id=26970 createSurf (4440x4440),2 flag=4, Surface(name=4647bb2 Splash Screen com.wallapop)/@0x6b7c4c4 - animation-leash#0

11-14 14:45:30.060  4211  4310 D WindowManager: makeSurface duration=11 leash=Surface(name=Surface(name=4647bb2 Splash Screen com.wallapop)/@0x6b7c4c4 - animation-leash)/@0xd8ac19d

11-14 14:45:30.060  4211  4310 D SurfaceControl: reparent is called, sc=Surface(name=4647bb2 Splash Screen com.wallapop)/@0x6b7c4c4, newParentHandle=android.os.BinderProxy@7807612, transaction=android.view.SurfaceControl$Transaction@da1b2e2

11-14 14:45:30.064  3727  3771 D Layer   : [4647bb2 Splash Screen com.wallapop#0]::reparent oldParent:[AppWindowToken{e3c33d7 token=Token{62d7756 ActivityRecord{a19ad71 u0 com.wallapop/com.rewallapop.ui.wall.WallActivity t2171}}}#0], newParent:[Surface(name=4647bb2 Splash Screen com.wallapop)/@0x6b7c4c4 - animation-leash#0]

11-14 14:45:30.118 25263 25263 V InputMethodManager: Starting input: tba=com.wallapop ic=null mNaviBarColor -1 mIsGetNaviBarColorSuccess true , NavVisible : true , NavTrans : false

11-14 14:45:30.122  4211  4679 V InputMethodManagerService: windowGainedFocus : reason=WINDOW_FOCUS_GAIN client=android.os.BinderProxy@2c59e11 inputContext=null missingMethods= attribute=android.view.inputmethod.EditorInfo@710b56a nm = com.wallapop controlFlags=#104 softInputMode=#110 windowFlags=#81810100

11-14 14:45:30.142  4211  4228 D CodecSolution: isMaxAspectPackageEx: com.wallapop : true(2)

11-14 14:45:30.219  4211  4310 I WindowManager: reset, Reparenting to original parent, shouldDeferScheduleAnimation=false, destroyLeash=true, surface=Surface(name=4647bb2 Splash Screen com.wallapop)/@0x6b7c4c4, parent=Surface(name=AppWindowToken{e3c33d7 token=Token{62d7756 ActivityRecord{a19ad71 u0 com.wallapop/com.rewallapop.ui.wall.WallActivity t2171}}})/@0x2b78061, parentNativeHandle=android.os.BinderProxy@dcaafad, caller=com.android.server.wm.SurfaceAnimator.lambda$getFinishedCallback$0:97 com.android.server.wm.-$$Lambda$SurfaceAnimator$SIBia0mND666K8lMCPsoid8pUTI.run:4 com.android.server.wm.SurfaceAnimator.lambda$getFinishedCallback$1:104 com.android.server.wm.-$$Lambda$SurfaceAnimator$vdRZk66hQVbQCvVXEaQCT1kVmFc.onAnimationFinished:4 com.android.server.wm.LocalAnimationAdapter.lambda$startAnimation$0:74

11-14 14:45:30.220  4211  4310 D SurfaceControl: reparent is called, sc=Surface(name=4647bb2 Splash Screen com.wallapop)/@0x6b7c4c4, newParentHandle=android.os.BinderProxy@dcaafad, transaction=android.view.SurfaceControl$Transaction@da1b2e2

11-14 14:45:30.220  4211  4310 D SurfaceControl: destroy(transaction), animation-leash is destroyed, sc=Surface(name=Surface(name=4647bb2 Splash Screen com.wallapop)/@0x6b7c4c4 - animation-leash)/@0xd8ac19d, transaction=android.view.SurfaceControl$Transaction@da1b2e2, caller=com.android.server.wm.SurfaceAnimator.reset:338 com.android.server.wm.SurfaceAnimator.lambda$getFinishedCallback$0:97 com.android.server.wm.-$$Lambda$SurfaceAnimator$SIBia0mND666K8lMCPsoid8pUTI.run:4 com.android.server.wm.SurfaceAnimator.lambda$getFinishedCallback$1:104 com.android.server.wm.-$$Lambda$SurfaceAnimator$vdRZk66hQVbQCvVXEaQCT1kVmFc.onAnimationFinished:4 com.android.server.wm.LocalAnimationAdapter.lambda$startAnimation$0:74 com.android.server.wm.-$$Lambda$LocalAnimationAdapter$X--EomqUvw4qy89IeeTFTH7aCMo.run:4

11-14 14:45:30.221  4211  4310 E WindowManager: win=Window{4647bb2 u0 Splash Screen com.wallapop EXITING} destroySurfaces: appStopped=false win.mWindowRemovalAllowed=true win.mRemoveOnExit=true win.mViewVisibility=0 caller=com.android.server.wm.AppWindowToken.destroySurfaces:870 com.android.server.wm.AppWindowToken.destroySurfaces:851 com.android.server.wm.WindowState.onExitAnimationDone:5436 com.android.server.wm.WindowStateAnimator.onAnimationFinished:319 com.android.server.wm.WindowState.onAnimationFinished:5858 com.android.server.wm.-$$Lambda$yVRF8YoeNdTa8GR1wDStVsHu8xM.run:2 com.android.server.wm.SurfaceAnimator.lambda$getFinishedCallback$0:100

11-14 14:45:30.222  4211  4310 I WindowManager: Destroying surface Surface(name=Splash Screen com.wallapop)/@0xdceaac called by com.android.server.wm.WindowStateAnimator.destroySurface:1901 com.android.server.wm.WindowStateAnimator.destroySurfaceLocked:838 com.android.server.wm.WindowState.destroySurfaceUnchecked:3839 com.android.server.wm.WindowState.destroySurface:3820 com.android.server.wm.AppWindowToken.destroySurfaces:870 com.android.server.wm.AppWindowToken.destroySurfaces:851 com.android.server.wm.WindowState.onExitAnimationDone:5436 com.android.server.wm.WindowStateAnimator.onAnimationFinished:319

11-14 14:45:30.223  3727  3770 I SurfaceFlinger: id=26963 Removed Splash Screen com.wallapop#0 (0/61)

11-14 14:45:30.231  3727  3770 W SurfaceFlinger: Attempting to set client state on removed layer: Splash Screen com.wallapop#0 [s.what : 40]

11-14 14:45:30.232  3727  3770 D Layer   : [4647bb2 Splash Screen com.wallapop#0]::reparent oldParent:[Surface(name=4647bb2 Splash Screen com.wallapop)/@0x6b7c4c4 - animation-leash#0], newParent:[AppWindowToken{e3c33d7 token=Token{62d7756 ActivityRecord{a19ad71 u0 com.wallapop/com.rewallapop.ui.wall.WallActivity t2171}}}#0]

11-14 14:45:30.232  3727  3770 W SurfaceFlinger: Attempting to destroy on removed layer: Splash Screen com.wallapop#0

11-14 14:45:30.232  3727  3770 I SurfaceFlinger: id=26970 Removed Surface(name=4647bb2 Splash Screen com.wallapop)/@0x6b7c4c4 - animation-leash#0 (2/60)

11-14 14:45:30.232  3727  3770 I SurfaceFlinger: id=26962 Removed 4647bb2 Splash Screen com.wallapop#0 (1/59)

11-14 14:45:30.233  3727  3727 I Layer   : id=26963 onRemoved Splash Screen com.wallapop#0

11-14 14:45:30.234  3727  3727 I Layer   : id=26962 onRemoved 4647bb2 Splash Screen com.wallapop#0

11-14 14:45:30.234  3727  3727 I Layer   : id=26970 onRemoved Surface(name=4647bb2 Splash Screen com.wallapop)/@0x6b7c4c4 - animation-leash#0

11-14 14:45:30.242  3727  3727 I SurfaceFlinger:      Device | 0x70de034ac0 | 0002 | RGBA_8888 |   0.0    0.0 1080.0 2220.0 |    0    0 1080 2220 | com.wallapop/com.rewallapop.ui.wall.WallActivity[25263]#0

11-14 14:45:30.271  4211  4669 D MdnieScenarioControlService:  packageName : com.wallapop    className : com.rewallapop.ui.wall.WallActivity

11-14 14:45:30.297  4211  4679 I WindowManager: Cancelling animation restarting=false, leash=null, surface=Surface(name=AppWindowToken{f40749 token=Token{12f8950 ActivityRecord{2154313 u0 com.wallapop/com.rewallapop.ui.main.MainActivity t2171}}})/@0x1d2de29, parent=Surface(name=Task=2171)/@0x32f45ae

11-14 14:45:30.297 25263 25263 V InputMethodManager: Starting input: tba=com.wallapop ic=null mNaviBarColor -1 mIsGetNaviBarColorSuccess true , NavVisible : true , NavTrans : false

11-14 14:45:30.319  3727  3964 I SurfaceFlinger: id=26961 Removed AppWindowToken{f40749 token=Token{12f8950 ActivityRecord{2154313 u0 com.wallapop/com.rewallapop.ui.main.MainActivity t2171}}}#0 (0/58)

11-14 14:45:30.333  3727  3727 I Layer   : id=26961 onRemoved AppWindowToken{f40749 token=Token{12f8950 ActivityRecord{2154313 u0 com.wallapop/com.rewallapop.ui.main.MainActivity t2171}}}#0

11-14 14:45:30.391  4622  4682 E RequestManager_FLP: [FusedLocationApi] Location request c30ca79(Listener) PRIORITY_BALANCED_POWER_ACCURACY interval=300000 from com.wallapop

11-14 14:45:30.787  4622  4682 D ListenerMonitor_FLP: removeListener, type : 0 , packageName : com.wallapop , listener count : 0

11-14 14:45:30.787  4622  4682 E RequestManager_FLP: [LocationManagerService] Location remove 59462fb from com.wallapop

11-14 14:45:30.793 25263 25263 W com.wallapop: Accessing hidden field Landroid/view/View;->mAccessibilityDelegate:Landroid/view/View$AccessibilityDelegate; (light greylist, reflection)

11-14 14:45:30.967 25263 25268 I com.wallapop: Compiler allocated 4MB to compile void android.widget.TextView.<init>(android.content.Context, android.util.AttributeSet, int, int)

11-14 14:45:31.672 25561 25573 I Finsky  : [9439] fxs.d(3): com.wallapop: Account determined from installer data - [rJj4Md76H4LxoN-B4dnoZM7XaXDDBcXGlC-caOCi6Uc]

11-14 14:45:31.673 25561 25573 I Finsky  : [9439] fxs.d(14): com.wallapop: Account from preferred account - [rJj4Md76H4LxoN-B4dnoZM7XaXDDBcXGlC-caOCi6Uc]

11-14 14:45:31.804 25263 25263 W View    : requestLayout() improperly called by com.wallapop.design.view.WallapopTextView{51588ef V.ED..... ......ID 47,26-47,86 #7f0a0904 app:id/wp__home__tv_bubble} during layout: running second layout pass

11-14 14:45:32.061 25263 25274 I com.wallapop: Background concurrent copying GC freed 136622(8MB) AllocSpace objects, 42(1540KB) LOS objects, 50% free, 19MB/38MB, paused 567us total 555.301ms

11-14 14:45:32.411 25561 25573 I Finsky  : [9439] fxs.d(3): com.wallapop: Account determined from installer data - [rJj4Md76H4LxoN-B4dnoZM7XaXDDBcXGlC-caOCi6Uc]

11-14 14:45:32.411 25561 25573 I Finsky  : [9439] fxs.d(14): com.wallapop: Account from preferred account - [rJj4Md76H4LxoN-B4dnoZM7XaXDDBcXGlC-caOCi6Uc]

11-14 14:45:33.837 25561 25573 I Finsky  : [9439] fxs.d(3): com.wallapop: Account determined from installer data - [rJj4Md76H4LxoN-B4dnoZM7XaXDDBcXGlC-caOCi6Uc]

11-14 14:45:33.838 25561 25573 I Finsky  : [9439] fxs.d(14): com.wallapop: Account from preferred account - [rJj4Md76H4LxoN-B4dnoZM7XaXDDBcXGlC-caOCi6Uc]

11-14 14:45:33.984 25263 25274 I com.wallapop: Background concurrent copying GC freed 244560(11MB) AllocSpace objects, 111(11MB) LOS objects, 49% free, 15MB/30MB, paused 857us total 222.396ms

11-14 14:45:34.213  4211  4679 D WifiPermissionsUtil: canAccessScanResults: pkgName = com.wallapop, uid = 10313

11-14 14:45:34.469 25561 25573 I Finsky  : [9439] fxs.d(3): com.wallapop: Account determined from installer data - [rJj4Md76H4LxoN-B4dnoZM7XaXDDBcXGlC-caOCi6Uc]

11-14 14:45:34.470 25561 25573 I Finsky  : [9439] fxs.d(14): com.wallapop: Account from preferred account - [rJj4Md76H4LxoN-B4dnoZM7XaXDDBcXGlC-caOCi6Uc]

11-14 14:45:34.813 25263 25435 D Amazon DTB Ads API: with query params:[?dt=android&app=app&dinfo=%7B%22os%22%3A%22Android%22%2C%22model%22%3A%22SM-A750FN%22%2C%22make%22%3A%22samsung%22%2C%22osVersion%22%3A%229%22%2C%22connectionType%22%3A%2213%22%2C%22country%22%3A%22ES%22%2C%22scalingFactor%22%3A%222.625%22%2C%22carrier%22%3A%22JAZZTEL%22%2C%22language%22%3A%22es%22%2C%22screenSize%22%3A%221080x2094%22%2C%22orientation%22%3A%22portrait%22%7D&oo=0&aud=3p&idfa=bf505ce3-e614-4d9a-a4d7-9c324edc6560&appId=d2ba46e2d5ef4c9883051d9c8d0125d5&sdkVer=aps-android-7.4.3&ua=Dalvik%2F2.1.0%20%28Linux%3B%20U%3B%20Android%209%3B%20SM-A750FN%20Build%2FPPR1.180610.011%29&pkg=%7B%22lbl%22%3A%22_Wallapop_%22%2C%22pn%22%3A%22com.wallapop%22%2C%22v%22%3A%221850000%22%2C%22vn%22%3A%221.85.0-d1910251130%22%7D]

