Executed '[C754] Contact us: Open a Helpshift ticket from the FAQs' on 03-07-2019
---------------------------------------------------------------------------------
07-03 17:46:47.373   874  1027 V MARsPolicyManager: updatePackagesScore PackageInfo name -- com.wallapop

07-03 17:46:47.393   874  3012 V AlarmManager:  remove PendingIntent] PendingIntent{216e3ce: PendingIntentRecord{de40689 com.wallapop broadcastIntent}}

07-03 17:46:47.423   874  1028 D StatusBarManagerService: manageDisableList userId=0 what=0x0 pkg=Window{5ab4037 u0 d0 com.wallapop/com.wallapop.chatui.inbox.InboxActivity}

07-03 17:46:47.463   874   892 V WindowStateAnimator: Finishing drawing window Window{5ab4037 u0 d0 com.wallapop/com.wallapop.chatui.inbox.InboxActivity}: mDrawState=DRAW_PENDING

07-03 17:46:47.483   874  1132 I ActivityManager: Displayed com.wallapop/.chatui.inbox.InboxActivity: +113ms

07-03 17:46:47.733   874  1132 I Timeline: Timeline: Activity_windows_visible id: ActivityRecord{72a883f u0 com.wallapop/.chatui.inbox.InboxActivity t880} time:55810434

07-03 17:46:48.533   874  1027 V MARsPolicyManager: updatePackagesScore PackageInfo name -- com.wallapop

07-03 17:46:48.593   874  2732 V AlarmManager:  remove PendingIntent] PendingIntent{98d94cf: PendingIntentRecord{de40689 com.wallapop broadcastIntent}}

07-03 17:46:48.643   874  1028 D StatusBarManagerService: manageDisableList userId=0 what=0x0 pkg=Window{c2570b5 u0 d0 com.wallapop/com.rewallapop.ui.wall.WallActivity}

07-03 17:46:48.873   874  4874 V WindowStateAnimator: Finishing drawing window Window{c2570b5 u0 d0 com.wallapop/com.rewallapop.ui.wall.WallActivity}: mDrawState=DRAW_PENDING

07-03 17:46:48.883   874  1132 I ActivityManager: Displayed com.wallapop/com.rewallapop.ui.wall.WallActivity: +355ms

07-03 17:46:49.113 27090 27090 W View    : requestLayout() improperly called by com.wallapop.design.view.WallapopTextView{eca1d83 V.ED..... ......ID 54,30-630,92 #7f0a08d2 app:id/wp__home__tv_bubble} during layout: running second layout pass

07-03 17:46:49.123   874  1132 I Timeline: Timeline: Activity_windows_visible id: ActivityRecord{70e9bde u0 com.wallapop/com.rewallapop.ui.wall.WallActivity t880} time:55811828

07-03 17:46:54.913 27090 27090 I Timeline: Timeline: Activity_launch_request id:com.wallapop time:55817618

07-03 17:46:54.943   874  1714 V WindowManager: addAppToken: AppWindowToken{386a8 token=Token{9dffecb ActivityRecord{b6e859a u0 com.wallapop/.activities.PreferencesActivity t880}}} to stack=1 task=880 at 1

07-03 17:46:54.983   874  1027 V MARsPolicyManager: updatePackagesScore PackageInfo name -- com.wallapop

07-03 17:46:54.983 27090 27090 W ResourcesManager: getTopLevelResources: /data/app/com.wallapop-1/base.apk / 1.0 running in com.wallapop rsrc of package null

07-03 17:46:54.983 27090 27090 W ResourcesManager: getTopLevelResources: /data/app/com.wallapop-1/base.apk / 1.0 running in com.wallapop rsrc of package null

07-03 17:46:54.993 27090 27090 W ResourcesManager: getTopLevelResources: /data/app/com.wallapop-1/base.apk / 1.0 running in com.wallapop rsrc of package null

07-03 17:46:55.033   874  2020 V AlarmManager:  remove PendingIntent] PendingIntent{277b5c1: PendingIntentRecord{de40689 com.wallapop broadcastIntent}}

07-03 17:46:55.083   874  1723 D ISSUE_DEBUG: InputChannelName : 6dbca7 com.wallapop/com.wallapop.activities.PreferencesActivity

07-03 17:46:55.103   874  1028 D StatusBarManagerService: manageDisableList userId=0 what=0x0 pkg=Window{6dbca7 u0 d0 com.wallapop/com.wallapop.activities.PreferencesActivity}

07-03 17:46:55.183   874  2732 V WindowStateAnimator: Finishing drawing window Window{6dbca7 u0 d0 com.wallapop/com.wallapop.activities.PreferencesActivity}: mDrawState=DRAW_PENDING

07-03 17:46:55.193   874  1132 I ActivityManager: Displayed com.wallapop/.activities.PreferencesActivity: +233ms

07-03 17:46:55.213   874  1661 V WindowStateAnimator: Finishing drawing window Window{6dbca7 u0 d0 com.wallapop/com.wallapop.activities.PreferencesActivity}: mDrawState=HAS_DRAWN

07-03 17:46:55.433   874  1132 I Timeline: Timeline: Activity_windows_visible id: ActivityRecord{b6e859a u0 com.wallapop/.activities.PreferencesActivity t880} time:55818137

07-03 17:46:55.473 27090 27090 W GmsClientEvents: unregisterConnectionFailedListener(): listener GooglePlayServicesHeadlessFragment{a2fde34 (b2deff5d-f37c-4d0b-95b0-4a26d940845a) com.wallapop.fragments.headless.GooglePlayServicesHeadlessFragment} not found

07-03 17:46:55.473 27090 27090 W GmsClientEvents: unregisterConnectionCallbacks(): listener GooglePlayServicesHeadlessFragment{a2fde34 (b2deff5d-f37c-4d0b-95b0-4a26d940845a) com.wallapop.fragments.headless.GooglePlayServicesHeadlessFragment} not found

07-03 17:46:55.473 27090 27090 V ActivityThread: updateVisibility : ActivityRecord{5457f2b token=android.os.BinderProxy@adc0cb8 {com.wallapop/com.rewallapop.ui.wall.WallActivity}} show : false

07-03 17:46:56.043 27007 27058 W ByMatcher: Node returned null child: android.view.accessibility.AccessibilityNodeInfo@8000769c; boundsInParent: Rect(0, 0 - 1080, 1920); boundsInScreen: Rect(0, 0 - 1080, 1920); packageName: com.wallapop; className: android.widget.FrameLayout; text: null; error: null; maxTextLength: -1; contentDescription: null; viewIdResName: null; checkable: false; checked: false; focusable: false; focused: false; selected: false; clickable: false; longClickable: false; contextClickable: false; enabled: true; password: false; scrollable: false; actions: [AccessibilityAction: ACTION_SELECT - null, AccessibilityAction: ACTION_CLEAR_SELECTION - null, AccessibilityAction: ACTION_ACCESSIBILITY_FOCUS - null, AccessibilityAction: ACTION_UNKNOWN - null]

07-03 17:46:56.043 27007 27058 W ByMatcher: Node returned null child: android.view.accessibility.AccessibilityNodeInfo@8000769c; boundsInParent: Rect(0, 0 - 1080, 1920); boundsInScreen: Rect(0, 0 - 1080, 1920); packageName: com.wallapop; className: android.widget.FrameLayout; text: null; error: null; maxTextLength: -1; contentDescription: null; viewIdResName: null; checkable: false; checked: false; focusable: false; focused: false; selected: false; clickable: false; longClickable: false; contextClickable: false; enabled: true; password: false; scrollable: false; actions: [AccessibilityAction: ACTION_SELECT - null, AccessibilityAction: ACTION_CLEAR_SELECTION - null, AccessibilityAction: ACTION_ACCESSIBILITY_FOCUS - null, AccessibilityAction: ACTION_UNKNOWN - null]

07-03 17:46:57.373 27090 27090 I Timeline: Timeline: Activity_launch_request id:com.wallapop time:55820073

07-03 17:46:57.383   874  2732 V WindowManager: addAppToken: AppWindowToken{b2f3569 token=Token{3001bf0 ActivityRecord{597fc33 u0 com.wallapop/com.helpshift.support.activities.ParentActivity t880}}} to stack=1 task=880 at 2

07-03 17:46:57.423 27090 27090 W ResourcesManager: getTopLevelResources: /data/app/com.wallapop-1/base.apk / 1.0 running in com.wallapop rsrc of package null

07-03 17:46:57.423   874  1027 V MARsPolicyManager: updatePackagesScore PackageInfo name -- com.wallapop

07-03 17:46:57.423 27090 27090 W ResourcesManager: getTopLevelResources: /data/app/com.wallapop-1/base.apk / 1.0 running in com.wallapop rsrc of package null

07-03 17:46:57.473   874  4874 V AlarmManager:  remove PendingIntent] PendingIntent{ee3071c: PendingIntentRecord{de40689 com.wallapop broadcastIntent}}

07-03 17:46:57.553   874   894 D ISSUE_DEBUG: InputChannelName : 6a77908 com.wallapop/com.helpshift.support.activities.ParentActivity

07-03 17:46:57.583   874  1028 D StatusBarManagerService: manageDisableList userId=0 what=0x0 pkg=Window{6a77908 u0 d0 com.wallapop/com.helpshift.support.activities.ParentActivity}

07-03 17:46:57.743   874  1721 V WindowStateAnimator: Finishing drawing window Window{6a77908 u0 d0 com.wallapop/com.helpshift.support.activities.ParentActivity}: mDrawState=DRAW_PENDING

07-03 17:46:57.753   874  1132 I ActivityManager: Displayed com.wallapop/com.helpshift.support.activities.ParentActivity: +356ms

07-03 17:46:58.013   874  1132 I Timeline: Timeline: Activity_windows_visible id: ActivityRecord{597fc33 u0 com.wallapop/com.helpshift.support.activities.ParentActivity t880} time:55820711

07-03 17:46:58.043 27090 27090 V ActivityThread: updateVisibility : ActivityRecord{713616b token=android.os.BinderProxy@be8699a {com.wallapop/com.wallapop.activities.PreferencesActivity}} show : false

07-03 17:47:06.463   874  1422 V WindowManager: addAppToken: AppWindowToken{af3438 token=Token{2fea89b ActivityRecord{1b974aa u0 com.wallapop/com.rewallapop.ui.main.MainActivity t880}}} to stack=1 task=880 at 3

07-03 17:47:06.523   874  1027 V MARsPolicyManager: updatePackagesScore PackageInfo name -- com.wallapop

07-03 17:47:06.533 27090 27090 W ResourcesManager: getTopLevelResources: /data/app/com.wallapop-1/base.apk / 1.0 running in com.wallapop rsrc of package null

07-03 17:47:06.533 27090 27090 W ResourcesManager: getTopLevelResources: /data/app/com.wallapop-1/base.apk / 1.0 running in com.wallapop rsrc of package null

07-03 17:47:06.553   874  1220 V AlarmManager:  remove PendingIntent] PendingIntent{7d27c11: PendingIntentRecord{de40689 com.wallapop broadcastIntent}}

07-03 17:47:06.603 27090 27090 I Timeline: Timeline: Activity_launch_request id:com.wallapop time:55829300

07-03 17:47:06.603   874  1661 W ActivityManager: startActivity called from finishing ActivityRecord{1b974aa u0 com.wallapop/com.rewallapop.ui.main.MainActivity t880 f}; forcing Intent.FLAG_ACTIVITY_NEW_TASK for: Intent { cmp=com.wallapop/com.helpshift.support.activities.ParentActivity (has extras) }

07-03 17:47:06.613   874  1027 V MARsPolicyManager: updatePackagesScore PackageInfo name -- com.wallapop

07-03 17:47:06.983   874  1220 V AlarmManager:  remove PendingIntent] PendingIntent{ae91a6f: PendingIntentRecord{3c08709 com.wallapop broadcastIntent}}


