Executed '[C754] Contact us: Open a Helpshift ticket from the FAQs' on 28-07-2019
---------------------------------------------------------------------------------
07-28 21:41:38.839  7650  7650 I Timeline: Timeline: Activity_launch_request id:com.wallapop time:190689238

07-28 21:41:38.859   804  2437 V WindowManager: addAppToken: AppWindowToken{5f7292c token=Token{29248df ActivityRecord{43a1b7e u0 com.wallapop/com.helpshift.support.activities.ParentActivity t1464}}} to stack=1 task=1464 at 2

07-28 21:41:38.909   804   890 V MARsPolicyManager: updatePackagesScore PackageInfo name -- com.wallapop

07-28 21:41:38.929  7650  7650 W ResourcesManager: getTopLevelResources: /data/app/com.wallapop-1/base.apk / 1.0 running in com.wallapop rsrc of package null

07-28 21:41:38.939  7650  7650 W ResourcesManager: getTopLevelResources: /data/app/com.wallapop-1/base.apk / 1.0 running in com.wallapop rsrc of package null

07-28 21:41:38.979   804   833 V AlarmManager:  remove PendingIntent] PendingIntent{ad8718a: PendingIntentRecord{c350877 com.wallapop broadcastIntent}}

07-28 21:41:39.069   804  1737 D ISSUE_DEBUG: InputChannelName : 843ac18 com.wallapop/com.helpshift.support.activities.ParentActivity

07-28 21:41:39.079   804   891 D StatusBarManagerService: manageDisableList userId=0 what=0x0 pkg=Window{843ac18 u0 d0 com.wallapop/com.helpshift.support.activities.ParentActivity}

07-28 21:41:39.299   804   832 V WindowStateAnimator: Finishing drawing window Window{843ac18 u0 d0 com.wallapop/com.helpshift.support.activities.ParentActivity}: mDrawState=DRAW_PENDING

07-28 21:41:39.319   804   932 I ActivityManager: Displayed com.wallapop/com.helpshift.support.activities.ParentActivity: +424ms

07-28 21:41:39.559   804   932 I Timeline: Timeline: Activity_windows_visible id: ActivityRecord{43a1b7e u0 com.wallapop/com.helpshift.support.activities.ParentActivity t1464} time:190689959

07-28 21:41:39.589  7650  7650 V ActivityThread: updateVisibility : ActivityRecord{7f39ef2 token=android.os.BinderProxy@3098ab3 {com.wallapop/com.wallapop.activities.PreferencesActivity}} show : false

07-28 21:41:52.679   804  2437 V BroadcastQueue: [background] Process cur broadcast BroadcastRecord{5ca4706 u0 com.appboy.action.receiver.DATA_SYNC qIdx=4}, state= (APP_RECEIVE) DELIVERED for app ProcessRecord{79cef5c 7650:com.wallapop/u0a291}

07-28 21:41:59.549   804  2439 V WindowManager: addAppToken: AppWindowToken{91ec71d token=Token{58d3f4 ActivityRecord{d6841c7 u0 com.wallapop/com.rewallapop.ui.main.MainActivity t1464}}} to stack=1 task=1464 at 3

07-28 21:41:59.599   804   890 V MARsPolicyManager: updatePackagesScore PackageInfo name -- com.wallapop

07-28 21:41:59.609  7650  7650 W ResourcesManager: getTopLevelResources: /data/app/com.wallapop-1/base.apk / 1.0 running in com.wallapop rsrc of package null

07-28 21:41:59.609  7650  7650 W ResourcesManager: getTopLevelResources: /data/app/com.wallapop-1/base.apk / 1.0 running in com.wallapop rsrc of package null

07-28 21:41:59.659   804  1720 V AlarmManager:  remove PendingIntent] PendingIntent{d293b60: PendingIntentRecord{c350877 com.wallapop broadcastIntent}}

07-28 21:41:59.969  7650  7658 W REALM_JAVA: Remember to call close() on all Realm instances. Realm /data/data/com.wallapop/files/feature_flags is being finalized without being closed, this can lead to running out of native memory.

07-28 21:41:59.979  7650  7658 W REALM_JAVA: Remember to call close() on all Realm instances. Realm /data/data/com.wallapop/files/feature_flags is being finalized without being closed, this can lead to running out of native memory.

07-28 21:41:59.979  7650  7658 W REALM_JAVA: Remember to call close() on all Realm instances. Realm /data/data/com.wallapop/files/feature_flags is being finalized without being closed, this can lead to running out of native memory.

07-28 21:41:59.979  7650  7658 W REALM_JAVA: Remember to call close() on all Realm instances. Realm /data/data/com.wallapop/files/pending_events_queue_m9nz04dnejok is being finalized without being closed, this can lead to running out of native memory.

07-28 21:42:00.019  7650  7650 I Timeline: Timeline: Activity_launch_request id:com.wallapop time:190710418

07-28 21:42:00.029   804  1637 W ActivityManager: startActivity called from finishing ActivityRecord{d6841c7 u0 com.wallapop/com.rewallapop.ui.main.MainActivity t1464 f}; forcing Intent.FLAG_ACTIVITY_NEW_TASK for: Intent { cmp=com.wallapop/com.helpshift.support.activities.ParentActivity (has extras) }

07-28 21:42:00.039   804   890 V MARsPolicyManager: updatePackagesScore PackageInfo name -- com.wallapop

07-28 21:42:00.339   804  2436 V AlarmManager:  remove PendingIntent] PendingIntent{dd32224: PendingIntentRecord{f8835b3 com.wallapop broadcastIntent}}

07-28 21:42:01.089  7650  7650 I Timeline: Timeline: Activity_launch_request id:com.wallapop time:190711489

07-28 21:42:01.099   804  2437 W ActivityManager: startActivity called from non-Activity context; forcing Intent.FLAG_ACTIVITY_NEW_TASK for: Intent { cmp=com.wallapop/com.helpshift.support.activities.ParentActivity (has extras) }

07-28 21:42:02.459  7650  7650 I Timeline: Timeline: Activity_launch_request id:com.wallapop time:190712855

07-28 21:42:02.469   804  1257 W ActivityManager: startActivity called from non-Activity context; forcing Intent.FLAG_ACTIVITY_NEW_TASK for: Intent { cmp=com.wallapop/com.helpshift.support.activities.ParentActivity (has extras) }


