Executed '[C828] Search Consumer Goods: Search with different filters getting results' on 09-07-2019
---------------------------------------------------------------------------------
07-09 15:33:25.003   874  1027 V MARsPolicyManager: updatePackagesScore PackageInfo name -- com.wallapop

07-09 15:33:25.063   874  1913 V AlarmManager:  remove PendingIntent] PendingIntent{98032dd: PendingIntentRecord{b50d625 com.wallapop broadcastIntent}}

07-09 15:33:25.093   874  1028 D StatusBarManagerService: manageDisableList userId=0 what=0x0 pkg=Window{e28869a u0 d0 com.wallapop/com.rewallapop.ui.search.SearchActivity}

07-09 15:33:25.153   874  1422 V WindowStateAnimator: Finishing drawing window Window{e28869a u0 d0 com.wallapop/com.rewallapop.ui.search.SearchActivity}: mDrawState=DRAW_PENDING

07-09 15:33:25.163   874  1132 I ActivityManager: Displayed com.wallapop/com.rewallapop.ui.search.SearchActivity: +170ms

07-09 15:33:25.413   874  1132 I Timeline: Timeline: Activity_windows_visible id: ActivityRecord{be255db u0 com.wallapop/com.rewallapop.ui.search.SearchActivity t984} time:128410664

07-09 15:33:26.303   874  1027 V MARsPolicyManager: updatePackagesScore PackageInfo name -- com.wallapop

07-09 15:33:26.333   874  1220 V AlarmManager:  remove PendingIntent] PendingIntent{c3d9b50: PendingIntentRecord{b50d625 com.wallapop broadcastIntent}}

07-09 15:33:26.373   874  1028 D StatusBarManagerService: manageDisableList userId=0 what=0x0 pkg=Window{7f08007 u0 d0 com.wallapop/com.rewallapop.ui.searchwall.SearchWallActivity}

07-09 15:33:26.453   874  4874 V WindowStateAnimator: Finishing drawing window Window{7f08007 u0 d0 com.wallapop/com.rewallapop.ui.searchwall.SearchWallActivity}: mDrawState=DRAW_PENDING

07-09 15:33:26.483   874  1132 I ActivityManager: Displayed com.wallapop/com.rewallapop.ui.searchwall.SearchWallActivity: +183ms

07-09 15:33:26.543 14321 14321 W View    : requestLayout() improperly called by com.wallapop.design.view.WallapopTextView{dd18ff6 V.ED..... ......ID 54,30-240,92 #7f0a08d3 app:id/wp__home__tv_bubble} during layout: running second layout pass

07-09 15:33:26.723   874  1132 I Timeline: Timeline: Activity_windows_visible id: ActivityRecord{3eb2c7a u0 com.wallapop/com.rewallapop.ui.searchwall.SearchWallActivity t984} time:128411974

07-09 15:33:26.923   874  4119 D SurveyLogging: app_id = com.android.server.ssrm, feature = SIOP, extra = {"SIOP":"0", "PST_TMP":"430", "BAT_TMP":"338", "CHG_TMP":"0", "PA_TMP":"0", "BAT_LV":"100", "BAT_CUR":"350", "RSSI":"-81", "RAD_DAT":"76191895", "WIFI_DAT":"10492206", "BRI":"86", "CHR_TYPE":"2", "KNOX":"false", "SCRN":"true", "RAD":"1", "CALL":"false", "CF":"-1", "GF":"-1", "CG":"70", "TOP_PROC":"com.wallapop", "TOP_USE":"24", "FOR_PKG":"com.wallapop"}

07-09 15:33:27.753   874  1027 V MARsPolicyManager: updatePackagesScore PackageInfo name -- com.wallapop

07-09 15:33:27.763   874  1220 W ActivityManager: Duplicate finish request for ActivityRecord{3eb2c7a u0 com.wallapop/com.rewallapop.ui.searchwall.SearchWallActivity t984 f}

07-09 15:33:27.843 14321 14321 W View    : requestLayout() improperly called by com.wallapop.design.view.WallapopTextView{dd18ff6 V.ED..... ......ID 54,30-240,92 #7f0a08d3 app:id/wp__home__tv_bubble} during layout: running second layout pass

07-09 15:33:27.913   874  1220 V AlarmManager:  remove PendingIntent] PendingIntent{592849d: PendingIntentRecord{b50d625 com.wallapop broadcastIntent}}

07-09 15:33:27.983   874  1028 D StatusBarManagerService: manageDisableList userId=0 what=0x0 pkg=Window{b26056 u0 d0 com.wallapop/com.rewallapop.ui.wall.WallActivity}

07-09 15:33:28.153   874   892 V WindowStateAnimator: Finishing drawing window Window{b26056 u0 d0 com.wallapop/com.rewallapop.ui.wall.WallActivity}: mDrawState=DRAW_PENDING

07-09 15:33:28.163   874  1132 I ActivityManager: Displayed com.wallapop/com.rewallapop.ui.wall.WallActivity: +423ms

07-09 15:33:28.413 14321 14329 W REALM_JAVA: Remember to call close() on all Realm instances. Realm /data/data/com.wallapop/files/feature_flags is being finalized without being closed, this can lead to running out of native memory.

07-09 15:33:28.423   874  1132 I Timeline: Timeline: Activity_windows_visible id: ActivityRecord{f718855 u0 com.wallapop/com.rewallapop.ui.wall.WallActivity t984} time:128413674

07-09 15:33:28.663 14321 14321 W View    : requestLayout() improperly called by com.wallapop.design.view.WallapopTextView{877244f V.ED..... ......ID 54,30-630,92 #7f0a08d3 app:id/wp__home__tv_bubble} during layout: running second layout pass

07-09 15:33:30.953 14321 14321 I Timeline: Timeline: Activity_launch_request id:com.wallapop time:128416202

07-09 15:33:30.993   874  4874 V WindowManager: addAppToken: AppWindowToken{892957d token=Token{adb5fd4 ActivityRecord{e301127 u0 com.wallapop/com.rewallapop.ui.search.SearchActivity t984}}} to stack=1 task=984 at 1

07-09 15:33:31.033   874  1027 V MARsPolicyManager: updatePackagesScore PackageInfo name -- com.wallapop

07-09 15:33:31.043 14321 14321 W ResourcesManager: getTopLevelResources: /data/app/com.wallapop-1/base.apk / 1.0 running in com.wallapop rsrc of package null

07-09 15:33:31.043 14321 14321 W ResourcesManager: getTopLevelResources: /data/app/com.wallapop-1/base.apk / 1.0 running in com.wallapop rsrc of package null

07-09 15:33:31.073   874  1220 V AlarmManager:  remove PendingIntent] PendingIntent{a78a540: PendingIntentRecord{7380c79 com.wallapop broadcastIntent}}

07-09 15:33:31.483   874  1714 D ISSUE_DEBUG: InputChannelName : 1d8d7ed com.wallapop/com.rewallapop.ui.search.SearchActivity

07-09 15:33:31.513   874  1028 D StatusBarManagerService: manageDisableList userId=0 what=0x0 pkg=Window{1d8d7ed u0 d0 com.wallapop/com.rewallapop.ui.search.SearchActivity}

07-09 15:33:31.613 12842 12866 W ByMatcher: Node returned null child: android.view.accessibility.AccessibilityNodeInfo@80017b3c; boundsInParent: Rect(0, 0 - 1080, 802); boundsInScreen: Rect(0, 243 - 1080, 1045); packageName: com.wallapop; className: android.widget.LinearLayout; text: null; error: null; maxTextLength: -1; contentDescription: null; viewIdResName: null; checkable: false; checked: false; focusable: false; focused: false; selected: false; clickable: false; longClickable: false; contextClickable: false; enabled: true; password: false; scrollable: false; actions: [AccessibilityAction: ACTION_SELECT - null, AccessibilityAction: ACTION_CLEAR_SELECTION - null, AccessibilityAction: ACTION_ACCESSIBILITY_FOCUS - null, AccessibilityAction: ACTION_UNKNOWN - null]

07-09 15:33:31.613 12842 12866 W ByMatcher: Node returned null child: android.view.accessibility.AccessibilityNodeInfo@80011220; boundsInParent: Rect(0, 0 - 1080, 1845); boundsInScreen: Rect(0, 243 - 1080, 1920); packageName: com.wallapop; className: androidx.recyclerview.widget.RecyclerView; text: null; error: null; maxTextLength: -1; contentDescription: null; viewIdResName: com.wallapop:id/wallList; checkable: false; checked: false; focusable: true; focused: true; selected: false; clickable: false; longClickable: false; contextClickable: false; enabled: true; password: false; scrollable: true; actions: [AccessibilityAction: ACTION_CLEAR_FOCUS - null, AccessibilityAction: ACTION_SELECT - null, AccessibilityAction: ACTION_CLEAR_SELECTION - null, AccessibilityAction: ACTION_ACCESSIBILITY_FOCUS - null, AccessibilityAction: ACTION_SCROLL_FORWARD - null, AccessibilityAction: ACTION_UNKNOWN - null]

07-09 15:33:31.623 12842 12866 W ByMatcher: Node returned null child: android.view.accessibility.AccessibilityNodeInfo@80010a9e; boundsInParent: Rect(0, 0 - 1080, 1848); boundsInScreen: Rect(0, 72 - 1080, 1920); packageName: com.wallapop; className: android.view.ViewGroup; text: null; error: null; maxTextLength: -1; contentDescription: null; viewIdResName: com.wallapop:id/wall_coordinator; checkable: false; checked: false; focusable: false; focused: false; selected: false; clickable: false; longClickable: false; contextClickable: false; enabled: true; password: false; scrollable: false; actions: [AccessibilityAction: ACTION_SELECT - null, AccessibilityAction: ACTION_CLEAR_SELECTION - null, AccessibilityAction: ACTION_ACCESSIBILITY_FOCUS - null, AccessibilityAction: ACTION_UNKNOWN - null]

07-09 15:33:31.623 12842 12866 W ByMatcher: Node returned null child: android.view.accessibility.AccessibilityNodeInfo@8000ff5b; boundsInParent: Rect(0, 0 - 1080, 1920); boundsInScreen: Rect(0, 0 - 1080, 1920); packageName: com.wallapop; className: android.widget.FrameLayout; text: null; error: null; maxTextLength: -1; contentDescription: null; viewIdResName: null; checkable: false; checked: false; focusable: false; focused: false; selected: false; clickable: false; longClickable: false; contextClickable: false; enabled: true; password: false; scrollable: false; actions: [AccessibilityAction: ACTION_SELECT - null, AccessibilityAction: ACTION_CLEAR_SELECTION - null, AccessibilityAction: ACTION_ACCESSIBILITY_FOCUS - null, AccessibilityAction: ACTION_UNKNOWN - null]

07-09 15:33:31.623 12842 12866 W ByMatcher: Node returned null child: android.view.accessibility.AccessibilityNodeInfo@8000ff5b; boundsInParent: Rect(0, 0 - 1080, 1920); boundsInScreen: Rect(0, 0 - 1080, 1920); packageName: com.wallapop; className: android.widget.FrameLayout; text: null; error: null; maxTextLength: -1; contentDescription: null; viewIdResName: null; checkable: false; checked: false; focusable: false; focused: false; selected: false; clickable: false; longClickable: false; contextClickable: false; enabled: true; password: false; scrollable: false; actions: [AccessibilityAction: ACTION_SELECT - null, AccessibilityAction: ACTION_CLEAR_SELECTION - null, AccessibilityAction: ACTION_ACCESSIBILITY_FOCUS - null, AccessibilityAction: ACTION_UNKNOWN - null]

07-09 15:33:31.663   874  1714 V WindowStateAnimator: Finishing drawing window Window{1d8d7ed u0 d0 com.wallapop/com.rewallapop.ui.search.SearchActivity}: mDrawState=DRAW_PENDING

07-09 15:33:31.673   874  1132 I ActivityManager: Displayed com.wallapop/com.rewallapop.ui.search.SearchActivity: +655ms

07-09 15:33:31.713   874  1722 V WindowStateAnimator: Finishing drawing window Window{1d8d7ed u0 d0 com.wallapop/com.rewallapop.ui.search.SearchActivity}: mDrawState=HAS_DRAWN

07-09 15:33:31.923   874  1132 I Timeline: Timeline: Activity_windows_visible id: ActivityRecord{e301127 u0 com.wallapop/com.rewallapop.ui.search.SearchActivity t984} time:128417171

07-09 15:33:31.963 14321 14321 W GmsClientEvents: unregisterConnectionFailedListener(): listener GooglePlayServicesHeadlessFragment{a8593f6 (5edf61bb-780c-4589-b1c6-00761b3c41e3) com.wallapop.fragments.headless.GooglePlayServicesHeadlessFragment} not found

07-09 15:33:31.963 14321 14321 W GmsClientEvents: unregisterConnectionCallbacks(): listener GooglePlayServicesHeadlessFragment{a8593f6 (5edf61bb-780c-4589-b1c6-00761b3c41e3) com.wallapop.fragments.headless.GooglePlayServicesHeadlessFragment} not found

07-09 15:33:31.963 14321 14321 V ActivityThread: updateVisibility : ActivityRecord{33e7f5f token=android.os.BinderProxy@513b9e8 {com.wallapop/com.rewallapop.ui.wall.WallActivity}} show : false

07-09 15:33:34.663 14321 14321 I Timeline: Timeline: Activity_launch_request id:com.wallapop time:128419917

07-09 15:33:34.703   874  2020 V WindowManager: addAppToken: AppWindowToken{d2d0b88 token=Token{e1b0b2b ActivityRecord{c76877a u0 com.wallapop/com.rewallapop.ui.search.SearchBoxSuggesterActivity t984}}} to stack=1 task=984 at 2

07-09 15:33:34.753   874  1027 V MARsPolicyManager: updatePackagesScore PackageInfo name -- com.wallapop

07-09 15:33:34.773 14321 14321 W ResourcesManager: getTopLevelResources: /data/app/com.wallapop-1/base.apk / 1.0 running in com.wallapop rsrc of package null

07-09 15:33:34.773 14321 14321 W ResourcesManager: getTopLevelResources: /data/app/com.wallapop-1/base.apk / 1.0 running in com.wallapop rsrc of package null

07-09 15:33:34.803   874  1714 V AlarmManager:  remove PendingIntent] PendingIntent{8e18921: PendingIntentRecord{7380c79 com.wallapop broadcastIntent}}

07-09 15:33:34.873   874  1220 D ISSUE_DEBUG: InputChannelName : 673b4a3 com.wallapop/com.rewallapop.ui.search.SearchBoxSuggesterActivity

07-09 15:33:34.883   874  1028 D StatusBarManagerService: manageDisableList userId=0 what=0x0 pkg=Window{673b4a3 u0 d0 com.wallapop/com.rewallapop.ui.search.SearchBoxSuggesterActivity}

07-09 15:33:34.943   874  1723 V WindowStateAnimator: Finishing drawing window Window{673b4a3 u0 d0 com.wallapop/com.rewallapop.ui.search.SearchBoxSuggesterActivity}: mDrawState=DRAW_PENDING

07-09 15:33:34.953   874  1132 I ActivityManager: Displayed com.wallapop/com.rewallapop.ui.search.SearchBoxSuggesterActivity: +222ms

07-09 15:33:35.383   874  1132 I Timeline: Timeline: Activity_windows_visible id: ActivityRecord{c76877a u0 com.wallapop/com.rewallapop.ui.search.SearchBoxSuggesterActivity t984} time:128420638

07-09 15:33:35.413 14321 14321 V ActivityThread: updateVisibility : ActivityRecord{e39feae token=android.os.BinderProxy@ba40dfd {com.wallapop/com.rewallapop.ui.search.SearchActivity}} show : false

07-09 15:33:35.963 12842 12869 W ByMatcher: Node returned null child: android.view.accessibility.AccessibilityNodeInfo@80494697; boundsInParent: Rect(0, 0 - 1080, 1920); boundsInScreen: Rect(0, 0 - 1080, 1920); packageName: com.wallapop; className: android.widget.FrameLayout; text: null; error: null; maxTextLength: -1; contentDescription: null; viewIdResName: null; checkable: false; checked: false; focusable: false; focused: false; selected: false; clickable: false; longClickable: false; contextClickable: false; enabled: true; password: false; scrollable: false; actions: [AccessibilityAction: ACTION_SELECT - null, AccessibilityAction: ACTION_CLEAR_SELECTION - null, AccessibilityAction: ACTION_ACCESSIBILITY_FOCUS - null, AccessibilityAction: ACTION_UNKNOWN - null]

07-09 15:33:35.973 12842 12869 W ByMatcher: Node returned null child: android.view.accessibility.AccessibilityNodeInfo@80494697; boundsInParent: Rect(0, 0 - 1080, 1920); boundsInScreen: Rect(0, 0 - 1080, 1920); packageName: com.wallapop; className: android.widget.FrameLayout; text: null; error: null; maxTextLength: -1; contentDescription: null; viewIdResName: null; checkable: false; checked: false; focusable: false; focused: false; selected: false; clickable: false; longClickable: false; contextClickable: false; enabled: true; password: false; scrollable: false; actions: [AccessibilityAction: ACTION_SELECT - null, AccessibilityAction: ACTION_CLEAR_SELECTION - null, AccessibilityAction: ACTION_ACCESSIBILITY_FOCUS - null, AccessibilityAction: ACTION_UNKNOWN - null]


