Executed '[C740] Help: Access and sections' on 08-07-2020
---------------------------------------------------------------------------------
07-08 00:58:50.838  4948 15047 D CodecSolution: topName : com.wallapop

07-08 00:58:50.838  4948 15047 I CodecSolution: Top : com.wallapop

07-08 00:58:50.838  4948 15047 D SCPMHelper: getPackageInfo(com.wallapop)

07-08 00:58:51.697  4948 15047 D WindowManager: w is invisible : 67006c4 com.wallapop/com.rewallapop.ui.wall.WallActivity

07-08 00:58:51.697  4948 15047 D WindowManager: windowMattersToAccessibility, check : 67006c4 com.wallapop/com.rewallapop.ui.wall.WallActivity

07-08 00:58:51.860 28136 28202 W com.wallapop: Accessing hidden method Lsun/misc/Unsafe;->putObject(Ljava/lang/Object;JLjava/lang/Object;)V (greylist, linking, allowed)

07-08 00:58:51.862 28136 28202 W com.wallapop: Accessing hidden method Lsun/misc/Unsafe;->getInt(Ljava/lang/Object;J)I (greylist, linking, allowed)

07-08 00:58:51.862 28136 28202 W com.wallapop: Accessing hidden method Lsun/misc/Unsafe;->putInt(Ljava/lang/Object;JI)V (greylist, linking, allowed)

07-08 00:58:51.862 28136 28202 W com.wallapop: Accessing hidden method Lsun/misc/Unsafe;->putLong(Ljava/lang/Object;JJ)V (greylist, linking, allowed)

07-08 00:58:51.868 28136 28260 W com.wallapop: Accessing hidden method Lsun/misc/Unsafe;->putInt(Ljava/lang/Object;JI)V (greylist, linking, allowed)

07-08 00:58:52.148 28136 28202 W com.wallapop: Accessing hidden method Lsun/misc/Unsafe;->putInt(Ljava/lang/Object;JI)V (greylist, linking, allowed)

07-08 00:58:52.152 28136 28260 W com.wallapop: Accessing hidden method Lsun/misc/Unsafe;->putInt(Ljava/lang/Object;JI)V (greylist, linking, allowed)

07-08 00:58:52.317 28136 28202 W com.wallapop: Accessing hidden method Lsun/misc/Unsafe;->putInt(Ljava/lang/Object;JI)V (greylist, linking, allowed)

07-08 00:58:52.321 28136 28260 W com.wallapop: Accessing hidden method Lsun/misc/Unsafe;->putInt(Ljava/lang/Object;JI)V (greylist, linking, allowed)

07-08 00:58:53.004  4948 12938 I ActivityTaskManager: START u0 {cmp=com.wallapop/.activities.PreferencesActivity (has extras)} from uid 10385

07-08 00:58:53.017  4382  4439 I SurfaceFlinger: id=1496 createSurf (0x0),-1 flag=80004, AppWindowToken{9c4eb3b token=Token{2ba9dca ActivityRecord{1ea5535 u0 com.wallapop/.activities.PreferencesActivity t1305}}}#0

07-08 00:58:53.023  4948 15697 D WindowManager: w is invisible : 67006c4 com.wallapop/com.rewallapop.ui.wall.WallActivity

07-08 00:58:53.023  4948 15697 D WindowManager: windowMattersToAccessibility, check : 67006c4 com.wallapop/com.rewallapop.ui.wall.WallActivity

07-08 00:58:53.026 28136 28136 W com.wallapop: Accessing hidden method Lsun/misc/Unsafe;->getObjectVolatile(Ljava/lang/Object;J)Ljava/lang/Object; (greylist, linking, allowed)

07-08 00:58:53.026 28136 28136 W com.wallapop: Accessing hidden method Lsun/misc/Unsafe;->putOrderedLong(Ljava/lang/Object;JJ)V (greylist, linking, allowed)

07-08 00:58:53.031  4948 15697 D GamePkgDataHelper: notifyAppCreate(), pkgName: com.wallapop, sendRet: true

07-08 00:58:53.031  4948 12772 D GameManagerService: onLooperPrepared(), msg: { when=-1ms what=10010 obj=com.wallapop target=com.samsung.android.game.GameManagerService$FgCheckThread$1 }

07-08 00:58:53.031  4948 12772 D GameManagerService: handleMessage(), MSG_APP_CREATE. pkgName: com.wallapop

07-08 00:58:53.032  4948 15697 V WindowManager: Changing focus from Window{67006c4 u0 com.wallapop/com.rewallapop.ui.wall.WallActivity} to null displayId=0 Callers=com.android.server.wm.RootWindowContainer.updateFocusedWindowLocked:202 com.android.server.wm.WindowManagerService.updateFocusedWindowLocked:6282 com.android.server.wm.ActivityDisplay.setFocusedApp:1583 com.android.server.wm.ActivityTaskManagerService.setResumedActivityUncheckLocked:6860 com.android.server.wm.ActivityStack.onActivityStateChanged:653 com.android.server.wm.TaskRecord.onActivityStateChanged:2248

07-08 00:58:53.032  4948 15697 D MARsPolicyManager: onPackageResumedFG pkgName = com.wallapop, userId = 0

07-08 00:58:53.034  4948  5100 D GameManagerService: notePauseComponent(), pauseComponent: com.wallapop

07-08 00:58:53.037  4948  5100 I WindowManager: Focus moving from Window{67006c4 u0 com.wallapop/com.rewallapop.ui.wall.WallActivity} to null displayId=0

07-08 00:58:53.037  4948  5100 I WindowManager: Losing focus: Window{67006c4 u0 com.wallapop/com.rewallapop.ui.wall.WallActivity}

07-08 00:58:53.039  4948  5100 D GameManagerService: noteResumeComponent(), resumeComponent: com.wallapop

07-08 00:58:53.039  4948 12772 D GameManagerService: onLooperPrepared(), msg: { when=0 what=10000 obj=ComponentInfo{com.wallapop/com.wallapop.activities.PreferencesActivity} target=com.samsung.android.game.GameManagerService$FgCheckThread$1 }

07-08 00:58:53.039  4948 12772 D GameManagerService: notifyResumePause(). pkg: com.wallapop, type: 4, isMinimized: false, isTunableApp: false

07-08 00:58:53.085  4948 12938 D SamsungAlarmManager: Cancel Alarm calling from uid:10385 pid :28136 / op:PendingIntent{7dbf5a5: PendingIntentRecord{73e536 com.wallapop broadcastIntent}}

07-08 00:58:53.087  4948 12938 D SamsungAlarmManager: Cancel Alarm calling from uid:10385 pid :28136 / op:PendingIntent{b43192b: PendingIntentRecord{73e536 com.wallapop broadcastIntent}}

07-08 00:58:53.129  4382  4440 I SurfaceFlinger: id=1497 createSurf (0x0),-1 flag=80004, def8746 com.wallapop/com.wallapop.activities.PreferencesActivity#0

07-08 00:58:53.149  4948 12938 V WindowManager: Relayout Window{def8746 u0 com.wallapop/com.wallapop.activities.PreferencesActivity}: viewVisibility=0 req=1080x2220

07-08 00:58:53.151  4382  4440 I SurfaceFlinger: id=1498 createSurf (1080x2220),1 flag=404, com.wallapop/com.wallapop.activities.PreferencesActivity$_28136#0

07-08 00:58:53.151  4948 12938 D WindowManager: makeSurface duration=0 name=com.wallapop/com.wallapop.activities.PreferencesActivity$_28136

07-08 00:58:53.151  4948 12938 V WindowManager: Changing focus from null to Window{def8746 u0 com.wallapop/com.wallapop.activities.PreferencesActivity} displayId=0 Callers=com.android.server.wm.RootWindowContainer.updateFocusedWindowLocked:202 com.android.server.wm.WindowManagerService.updateFocusedWindowLocked:6282 com.android.server.wm.WindowManagerService.relayoutWindow:2574 com.android.server.wm.Session.relayout:202 android.view.IWindowSession$Stub.onTransact:708 com.android.server.wm.Session.onTransact:142

07-08 00:58:53.152  4948  5098 D WindowManager: setSystemUiVisibility: displayId=0, vis=0xa018, fullVis=0x2000, dockVis=0x0, win=Window{def8746 u0 com.wallapop/com.wallapop.activities.PreferencesActivity}

07-08 00:58:53.153  4948  5100 I WindowManager: Focus moving from null to Window{def8746 u0 com.wallapop/com.wallapop.activities.PreferencesActivity} displayId=0

07-08 00:58:53.153  4948  5100 D WindowManager: w is invisible : 67006c4 com.wallapop/com.rewallapop.ui.wall.WallActivity

07-08 00:58:53.153  4948  5100 D WindowManager: w is invisible : def8746 com.wallapop/com.wallapop.activities.PreferencesActivity

07-08 00:58:53.154  4948  5100 D WindowManager: windowMattersToAccessibility, check : def8746 com.wallapop/com.wallapop.activities.PreferencesActivity

07-08 00:58:53.154  4948  5100 I WindowManager: Gaining focus: Window{def8746 u0 com.wallapop/com.wallapop.activities.PreferencesActivity}

07-08 00:58:53.160  4948 15697 D WindowManager: w is invisible : 67006c4 com.wallapop/com.rewallapop.ui.wall.WallActivity

07-08 00:58:53.160  4948 15697 D WindowManager: w is invisible : def8746 com.wallapop/com.wallapop.activities.PreferencesActivity

07-08 00:58:53.161  4948 15697 D WindowManager: windowMattersToAccessibility, check : def8746 com.wallapop/com.wallapop.activities.PreferencesActivity

07-08 00:58:53.175  4948 15697 D WindowManager: finishDrawingWindow: Window{def8746 u0 com.wallapop/com.wallapop.activities.PreferencesActivity} mDrawState=DRAW_PENDING

07-08 00:58:53.177  4948  5101 I WindowManager: Reparenting to leash, surface=Surface(name=AppWindowToken{35e07e6 token=Token{b06e641 ActivityRecord{e872928 u0 com.wallapop/com.rewallapop.ui.wall.WallActivity t1305}}})/@0xcf12f77

07-08 00:58:53.178  4382  4440 I SurfaceFlinger: id=1499 createSurf (0x0),-1 flag=80004, Surface(name=AppWindowToken{35e07e6 token=Token{b06e641 ActivityRecord{e872928 u0 com.wallapop/com.rewallapop.ui.wall.WallActivity t1305}}})/@0xcf12f77 - animation-leash#0

07-08 00:58:53.178  4948  5101 D WindowManager: makeSurface duration=0 leash=Surface(name=Surface(name=AppWindowToken{35e07e6 token=Token{b06e641 ActivityRecord{e872928 u0 com.wallapop/com.rewallapop.ui.wall.WallActivity t1305}}})/@0xcf12f77 - animation-leash)/@0x1cda5ff

07-08 00:58:53.178  4382  4440 I SurfaceFlinger: id=1500 createSurf (0x0),-1 flag=80004, Surface(name=AppWindowToken{35e07e6 token=Token{b06e641 ActivityRecord{e872928 u0 com.wallapop/com.rewallapop.ui.wall.WallActivity t1305}}})/@0xcf12f77 - animation-bounds#0

07-08 00:58:53.182  4948  5101 I WindowManager: Reparenting to leash, surface=Surface(name=AppWindowToken{9c4eb3b token=Token{2ba9dca ActivityRecord{1ea5535 u0 com.wallapop/.activities.PreferencesActivity t1305}}})/@0x3095382

07-08 00:58:53.183  4382  4633 I SurfaceFlinger: id=1503 createSurf (0x0),-1 flag=80004, Surface(name=AppWindowToken{9c4eb3b token=Token{2ba9dca ActivityRecord{1ea5535 u0 com.wallapop/.activities.PreferencesActivity t1305}}})/@0x3095382 - animation-leash#0

07-08 00:58:53.183 28136 28136 V InputMethodManager: Starting input: tba=com.wallapop ic=null mNaviBarColor -1 mIsGetNaviBarColorSuccess true , NavVisible : true , NavTrans : false

07-08 00:58:53.183  4948  5101 D WindowManager: makeSurface duration=1 leash=Surface(name=Surface(name=AppWindowToken{9c4eb3b token=Token{2ba9dca ActivityRecord{1ea5535 u0 com.wallapop/.activities.PreferencesActivity t1305}}})/@0x3095382 - animation-leash)/@0xaf65a93

07-08 00:58:53.184  4382  4633 I SurfaceFlinger: id=1504 createSurf (0x0),-1 flag=80004, Surface(name=AppWindowToken{9c4eb3b token=Token{2ba9dca ActivityRecord{1ea5535 u0 com.wallapop/.activities.PreferencesActivity t1305}}})/@0x3095382 - animation-bounds#0

07-08 00:58:53.184  4948  5101 D PkgPredictorService: pkg:com.wallapop activity:com.wallapop.activities.PreferencesActivity thisTime:-1

07-08 00:58:53.216  4382  4382 I SurfaceFlinger:      DEVICE | 0x7b1f6d5b40 | 0002 | RGBA_8888 |   0.0    1.0 1080.0 2220.0 |    0    0 1080 2220 | com.wallapop/com.rewallapop.ui.wall.WallActivity$_28136#0

07-08 00:58:53.216  4382  4382 I SurfaceFlinger:      DEVICE | 0x7afdfc7bc0 | 0002 | RGBA_8888 |   0.0    0.0 1080.0 1701.0 |    0  519 1080 2220 | com.wallapop/com.wallapop.activities.PreferencesActivity$_28136#0

07-08 00:58:53.232  4382  4382 I SurfaceFlinger:      DEVICE | 0x7b1f6d5b40 | 0002 | RGBA_8888 |   0.0    3.0 1080.0 2220.0 |    0    0 1080 2217 | com.wallapop/com.rewallapop.ui.wall.WallActivity$_28136#0

07-08 00:58:53.232  4382  4382 I SurfaceFlinger:      DEVICE | 0x7afdfc8e80 | 0002 | RGBA_8888 |   0.0    0.0 1080.0 1721.0 |    0  498 1080 2220 | com.wallapop/com.wallapop.activities.PreferencesActivity$_28136#0

07-08 00:58:53.285  4948  5100 D WindowManager: w is invisible : 67006c4 com.wallapop/com.rewallapop.ui.wall.WallActivity

07-08 00:58:53.285  4948  5100 D WindowManager: w is invisible : def8746 com.wallapop/com.wallapop.activities.PreferencesActivity

07-08 00:58:53.286  4948  5100 D WindowManager: windowMattersToAccessibility, check : def8746 com.wallapop/com.wallapop.activities.PreferencesActivity

07-08 00:58:53.429 28136 28181 W com.wallapop: Accessing hidden method Lsun/misc/Unsafe;->getObject(Ljava/lang/Object;J)Ljava/lang/Object; (greylist, linking, allowed)

07-08 00:58:53.429 28136 28181 W com.wallapop: Accessing hidden method Lsun/misc/Unsafe;->putObject(Ljava/lang/Object;JLjava/lang/Object;)V (greylist, linking, allowed)

07-08 00:58:53.430 28136 28181 W com.wallapop: Accessing hidden method Lsun/misc/Unsafe;->getInt(Ljava/lang/Object;J)I (greylist, linking, allowed)

07-08 00:58:53.430 28136 28181 W com.wallapop: Accessing hidden method Lsun/misc/Unsafe;->putInt(Ljava/lang/Object;JI)V (greylist, linking, allowed)

07-08 00:58:53.430 28136 28260 W com.wallapop: Accessing hidden method Lsun/misc/Unsafe;->putInt(Ljava/lang/Object;JI)V (greylist, linking, allowed)

07-08 00:58:53.430 28136 28181 W com.wallapop: Accessing hidden method Lsun/misc/Unsafe;->putLong(Ljava/lang/Object;JJ)V (greylist, linking, allowed)

07-08 00:58:53.496  4948  5101 I WindowManager: Reparenting to original parent: Surface(name=Task=1305)/@0x2e5476f, destroyLeash=true, surface=Surface(name=AppWindowToken{35e07e6 token=Token{b06e641 ActivityRecord{e872928 u0 com.wallapop/com.rewallapop.ui.wall.WallActivity t1305}}})/@0xcf12f77

07-08 00:58:53.496  4948  5101 V WindowManager: Setting visibility of Window{67006c4 u0 com.wallapop/com.rewallapop.ui.wall.WallActivity}: false, caller=com.android.server.wm.WindowContainer.sendAppVisibilityToClients:640 com.android.server.wm.AppWindowToken.setClientHidden:639 com.android.server.wm.AppWindowToken.onAnimationFinished:3839 com.android.server.wm.-$$Lambda$yVRF8YoeNdTa8GR1wDStVsHu8xM.run:2 com.android.server.wm.SurfaceAnimator.lambda$getFinishedCallback$0$SurfaceAnimator:100

07-08 00:58:53.497  4948  5101 I WindowManager: Reparenting to original parent: Surface(name=Task=1305)/@0x2e5476f, destroyLeash=true, surface=Surface(name=AppWindowToken{9c4eb3b token=Token{2ba9dca ActivityRecord{1ea5535 u0 com.wallapop/.activities.PreferencesActivity t1305}}})/@0x3095382

07-08 00:58:53.498  4382  4382 I SurfaceFlinger:      DEVICE | 0x7afdfc7080 | 0002 | RGBA_8888 |   0.0    0.0 1080.0 2220.0 |    0    0 1080 2220 | com.wallapop/com.wallapop.activities.PreferencesActivity$_28136#0

07-08 00:58:53.500  4382  5775 I Layer   : id=1499 removeFromCurrentState Surface(name=AppWindowToken{35e07e6 token=Token{b06e641 ActivityRecord{e872928 u0 com.wallapop/com.rewallapop.ui.wall.WallActivity t1305}}})/@0xcf12f77 - animation-leash#0 (64)

07-08 00:58:53.500  4382  5775 I Layer   : id=1500 removeFromCurrentState Surface(name=AppWindowToken{35e07e6 token=Token{b06e641 ActivityRecord{e872928 u0 com.wallapop/com.rewallapop.ui.wall.WallActivity t1305}}})/@0xcf12f77 - animation-bounds#0 (64)

07-08 00:58:53.500  4382  5775 I Layer   : id=1503 removeFromCurrentState Surface(name=AppWindowToken{9c4eb3b token=Token{2ba9dca ActivityRecord{1ea5535 u0 com.wallapop/.activities.PreferencesActivity t1305}}})/@0x3095382 - animation-leash#0 (64)

07-08 00:58:53.500  4382  5775 I Layer   : id=1504 removeFromCurrentState Surface(name=AppWindowToken{9c4eb3b token=Token{2ba9dca ActivityRecord{1ea5535 u0 com.wallapop/.activities.PreferencesActivity t1305}}})/@0x3095382 - animation-bounds#0 (64)

07-08 00:58:53.500  4382  4439 I SurfaceFlinger: id=1504 Removed Surface(name=AppWindowToken{9c4eb3b token=Token{2ba9dca ActivityRecord{1ea5535 u0 com.wallapop/.activities.PreferencesActivity t1305}}})/@0x3095382 - animation-bounds#0 (64)

07-08 00:58:53.500  4382  5775 I SurfaceFlinger: id=1499 Removed Surface(name=AppWindowToken{35e07e6 token=Token{b06e641 ActivityRecord{e872928 u0 com.wallapop/com.rewallapop.ui.wall.WallActivity t1305}}})/@0xcf12f77 - animation-leash#0 (64)

07-08 00:58:53.500  4382  5775 I SurfaceFlinger: id=1500 Removed Surface(name=AppWindowToken{35e07e6 token=Token{b06e641 ActivityRecord{e872928 u0 com.wallapop/com.rewallapop.ui.wall.WallActivity t1305}}})/@0xcf12f77 - animation-bounds#0 (64)

07-08 00:58:53.500  4382  5775 I SurfaceFlinger: id=1503 Removed Surface(name=AppWindowToken{9c4eb3b token=Token{2ba9dca ActivityRecord{1ea5535 u0 com.wallapop/.activities.PreferencesActivity t1305}}})/@0x3095382 - animation-leash#0 (64)

07-08 00:58:53.513  4382  4382 I Layer   : id=1500[1] Destroyed Surface(name=AppWindowToken{35e07e6 token=Token{b06e641 ActivityRecord{e872928 u0 com.wallapop/com.rewallapop.ui.wall.WallActivity t1305}}})/@0xcf12f77 - animation-bounds#0

07-08 00:58:53.513  4382  4382 I Layer   : id=1499[1] Destroyed Surface(name=AppWindowToken{35e07e6 token=Token{b06e641 ActivityRecord{e872928 u0 com.wallapop/com.rewallapop.ui.wall.WallActivity t1305}}})/@0xcf12f77 - animation-leash#0

07-08 00:58:53.513  4382  4382 I Layer   : id=1504[1] Destroyed Surface(name=AppWindowToken{9c4eb3b token=Token{2ba9dca ActivityRecord{1ea5535 u0 com.wallapop/.activities.PreferencesActivity t1305}}})/@0x3095382 - animation-bounds#0

07-08 00:58:53.513  4382  4382 I Layer   : id=1503[1] Destroyed Surface(name=AppWindowToken{9c4eb3b token=Token{2ba9dca ActivityRecord{1ea5535 u0 com.wallapop/.activities.PreferencesActivity t1305}}})/@0x3095382 - animation-leash#0

07-08 00:58:53.516  4382  5775 E BufferQueueProducer: [com.wallapop/com.rewallapop.ui.wall.WallActivity$_28136#0] disconnect: not connected (req=1)

07-08 00:58:53.517  4948 12966 V WindowManager: Relayout Window{67006c4 u0 com.wallapop/com.rewallapop.ui.wall.WallActivity}: viewVisibility=8 req=1080x2220

07-08 00:58:53.526 12945 12986 E RequestManager_FLP: [FusedLocationApi] Location remove a731e02 from com.wallapop

07-08 00:58:53.547  4948 12966 V WindowManager: Relayout Window{67006c4 u0 com.wallapop/com.rewallapop.ui.wall.WallActivity}: viewVisibility=8 req=1080x2220

07-08 00:58:53.553  4948 12966 E WindowManager: win=Window{67006c4 u0 com.wallapop/com.rewallapop.ui.wall.WallActivity} destroySurfaces: appStopped=true win.mWindowRemovalAllowed=false win.mRemoveOnExit=false win.mViewVisibility=8 caller=com.android.server.wm.AppWindowToken.destroySurfaces:1234 com.android.server.wm.AppWindowToken.destroySurfaces:1215 com.android.server.wm.AppWindowToken.notifyAppStopped:1270 com.android.server.wm.ActivityRecord.activityStoppedLocked:2653 com.android.server.wm.ActivityTaskManagerService.activityStopped:2483 android.app.IActivityTaskManager$Stub.onTransact:2224 android.os.Binder.execTransactInternal:1056

07-08 00:58:53.554  4948 12966 I WindowManager: Destroying surface Surface(name=com.wallapop/com.rewallapop.ui.wall.WallActivity$_28136)/@0xc34e42c called by com.android.server.wm.WindowStateAnimator.destroySurface:1790 com.android.server.wm.WindowStateAnimator.destroySurfaceLocked:720 com.android.server.wm.WindowState.destroySurfaceUnchecked:3540 com.android.server.wm.WindowState.destroySurface:3514 com.android.server.wm.AppWindowToken.destroySurfaces:1234 com.android.server.wm.AppWindowToken.destroySurfaces:1215 com.android.server.wm.AppWindowToken.notifyAppStopped:1270 com.android.server.wm.ActivityRecord.activityStoppedLocked:2653

07-08 00:58:53.554  4382  5775 I Layer   : id=1494 removeFromCurrentState com.wallapop/com.rewallapop.ui.wall.WallActivity$_28136#0 (58)

07-08 00:58:53.563  4382  5775 I SurfaceFlinger: id=1494 Removed com.wallapop/com.rewallapop.ui.wall.WallActivity$_28136#0 (58)

07-08 00:58:53.580  4382  4382 I Layer   : id=1494[1] Destroyed com.wallapop/com.rewallapop.ui.wall.WallActivity$_28136#0

07-08 00:58:53.597  4948  5100 D WindowManager: w is invisible : 67006c4 com.wallapop/com.rewallapop.ui.wall.WallActivity

07-08 00:58:53.597  4948  5100 D WindowManager: w is invisible : 67006c4 com.wallapop/com.rewallapop.ui.wall.WallActivity

07-08 00:58:53.597  4948  5100 D WindowManager: w is invisible : def8746 com.wallapop/com.wallapop.activities.PreferencesActivity

07-08 00:58:53.597  4948  5100 D WindowManager: windowMattersToAccessibility, check : def8746 com.wallapop/com.wallapop.activities.PreferencesActivity

07-08 00:58:54.122 28136 28323 W com.wallapop: Accessing hidden method Lsun/misc/Unsafe;->putInt(Ljava/lang/Object;JI)V (greylist, linking, allowed)

07-08 00:58:54.122 28136 28323 W com.wallapop: Accessing hidden method Lsun/misc/Unsafe;->putLong(Ljava/lang/Object;JJ)V (greylist, linking, allowed)

07-08 00:58:54.132 28136 28260 W com.wallapop: Accessing hidden method Lsun/misc/Unsafe;->putInt(Ljava/lang/Object;JI)V (greylist, linking, allowed)

07-08 00:58:54.850 28136 28587 W com.wallapop: Accessing hidden method Lsun/misc/Unsafe;->putInt(Ljava/lang/Object;JI)V (greylist, linking, allowed)

07-08 00:58:54.854 28136 28260 W com.wallapop: Accessing hidden method Lsun/misc/Unsafe;->putInt(Ljava/lang/Object;JI)V (greylist, linking, allowed)

07-08 00:58:54.912 28136 28142 I com.wallapop: Compiler allocated 4171KB to compile void android.view.ViewRootImpl.performTraversals()

07-08 00:58:55.150  4948  4948 D GameManagerService: identifyGamePackage. com.wallapop, mCurrentUserId: 0, callerUserId: 0

07-08 00:58:55.150  4948  4948 D GamePkgDataHelper: getGamePkgData(). com.wallapop

07-08 00:58:57.844  4948  5119 I PowerManagerService: [PWL]       PARTIAL_WAKE_LOCK              '*job*/com.wallapop/androidx.work.impl.background.systemjob.SystemJobService' ACQ=-16s6ms (uid=1000 pid=4948 pkg=android ws=WorkSource{10385})

07-08 00:58:57.850 28136 28136 V InputMethodManager: Starting input: tba=com.wallapop ic=null mNaviBarColor -1 mIsGetNaviBarColorSuccess true , NavVisible : true , NavTrans : false

07-08 00:58:58.242 28136 28136 W com.wallapop: Accessing hidden method Lsun/misc/Unsafe;->getObjectVolatile(Ljava/lang/Object;J)Ljava/lang/Object; (greylist, linking, allowed)

07-08 00:58:58.242 28136 28136 W com.wallapop: Accessing hidden method Lsun/misc/Unsafe;->putOrderedLong(Ljava/lang/Object;JJ)V (greylist, linking, allowed)

07-08 00:58:58.298  4948  5100 D GameManagerService: notePauseComponent(), pauseComponent: com.wallapop

07-08 00:58:58.361 28136 28136 W com.wallapop: Accessing hidden method Lsun/misc/Unsafe;->putObject(Ljava/lang/Object;JLjava/lang/Object;)V (greylist, linking, allowed)

07-08 00:58:58.366 28136 28260 W com.wallapop: Accessing hidden method Lsun/misc/Unsafe;->getInt(Ljava/lang/Object;J)I (greylist, linking, allowed)

07-08 00:58:58.367 28136 28260 W com.wallapop: Accessing hidden method Lsun/misc/Unsafe;->putObject(Ljava/lang/Object;JLjava/lang/Object;)V (greylist, linking, allowed)

07-08 00:58:58.367 28136 28260 W com.wallapop: Accessing hidden method Lsun/misc/Unsafe;->putInt(Ljava/lang/Object;JI)V (greylist, linking, allowed)

07-08 00:58:58.369  4948 15047 D SamsungAlarmManager: Cancel Alarm calling from uid:10385 pid :28136 / op:PendingIntent{18edbd5: PendingIntentRecord{83386e0 com.wallapop broadcastIntent}}

07-08 00:58:58.371 28136 28260 W com.wallapop: Accessing hidden method Lsun/misc/Unsafe;->putInt(Ljava/lang/Object;JI)V (greylist, linking, allowed)

07-08 00:58:58.519  4948 12966 V WindowManager: Changing focus from Window{def8746 u0 com.wallapop/com.wallapop.activities.PreferencesActivity} to null displayId=0 Callers=com.android.server.wm.RootWindowContainer.updateFocusedWindowLocked:202 com.android.server.wm.WindowManagerService.updateFocusedWindowLocked:6282 com.android.server.wm.AppWindowToken.commitVisibility:878 com.android.server.wm.AppWindowToken.setVisibility:801 com.android.server.wm.ActivityRecord.setVisibility:2169 com.android.server.wm.ActivityRecord.setVisible:2183

07-08 00:58:58.521  4948 12966 V WindowManager: Setting visibility of Window{def8746 u0 com.wallapop/com.wallapop.activities.PreferencesActivity}: false, caller=com.android.server.wm.WindowContainer.sendAppVisibilityToClients:640 com.android.server.wm.AppWindowToken.setClientHidden:639 com.android.server.wm.AppWindowToken.onAnimationFinished:3839 com.android.server.wm.AppWindowToken.commitVisibility:894 com.android.server.wm.AppWindowToken.setVisibility:801

07-08 00:58:58.524  4948  5100 I WindowManager: Focus moving from Window{def8746 u0 com.wallapop/com.wallapop.activities.PreferencesActivity} to null displayId=0

07-08 00:58:58.524  4948  5100 I WindowManager: Losing focus: Window{def8746 u0 com.wallapop/com.wallapop.activities.PreferencesActivity}

07-08 00:58:58.541  4382  5787 E BufferQueueProducer: [com.wallapop/com.wallapop.activities.PreferencesActivity$_28136#0] disconnect: not connected (req=1)

07-08 00:58:58.543  4948 12966 V WindowManager: Relayout Window{def8746 u0 com.wallapop/com.wallapop.activities.PreferencesActivity}: viewVisibility=8 req=1080x2220

07-08 00:58:58.544  4948 12966 E WindowManager: win=Window{def8746 u0 com.wallapop/com.wallapop.activities.PreferencesActivity} destroySurfaces: appStopped=true win.mWindowRemovalAllowed=false win.mRemoveOnExit=false win.mViewVisibility=8 caller=com.android.server.wm.WindowManagerService.tryStartExitingAnimation:2756 com.android.server.wm.WindowManagerService.relayoutWindow:2504 com.android.server.wm.Session.relayout:202 android.view.IWindowSession$Stub.onTransact:708 com.android.server.wm.Session.onTransact:142 android.os.Binder.execTransactInternal:1056 android.os.Binder.execTransact:1029

07-08 00:58:58.544  4948 12966 I WindowManager: Destroying surface Surface(name=com.wallapop/com.wallapop.activities.PreferencesActivity$_28136)/@0xe36ffc1 called by com.android.server.wm.WindowStateAnimator.destroySurface:1790 com.android.server.wm.WindowStateAnimator.destroySurfaceLocked:720 com.android.server.wm.WindowState.destroySurfaceUnchecked:3540 com.android.server.wm.WindowState.destroySurface:3514 com.android.server.wm.WindowManagerService.tryStartExitingAnimation:2756 com.android.server.wm.WindowManagerService.relayoutWindow:2504 com.android.server.wm.Session.relayout:202 android.view.IWindowSession$Stub.onTransact:708

07-08 00:58:58.544  4382  5787 I Layer   : id=1498 removeFromCurrentState com.wallapop/com.wallapop.activities.PreferencesActivity$_28136#0 (59)

07-08 00:58:58.545  4382  5787 I SurfaceFlinger: id=1498 Removed com.wallapop/com.wallapop.activities.PreferencesActivity$_28136#0 (59)

07-08 00:58:58.559  4382  4382 I Layer   : id=1498[1] Destroyed com.wallapop/com.wallapop.activities.PreferencesActivity$_28136#0

07-08 00:58:58.820  4948  5100 D WindowManager: w is invisible : 67006c4 com.wallapop/com.rewallapop.ui.wall.WallActivity

07-08 00:58:58.820  4948  5100 D WindowManager: w is invisible : def8746 com.wallapop/com.wallapop.activities.PreferencesActivity

07-08 00:58:58.820  4948  5100 D WindowManager: w is invisible : 67006c4 com.wallapop/com.rewallapop.ui.wall.WallActivity

07-08 00:58:58.820  4948  5100 D WindowManager: w is invisible : def8746 com.wallapop/com.wallapop.activities.PreferencesActivity

07-08 00:58:58.833 28136 28319 W com.wallapop: Accessing hidden method Lsun/misc/Unsafe;->getObject(Ljava/lang/Object;J)Ljava/lang/Object; (greylist, linking, allowed)

07-08 00:58:58.833 28136 28319 W com.wallapop: Accessing hidden method Lsun/misc/Unsafe;->putObject(Ljava/lang/Object;JLjava/lang/Object;)V (greylist, linking, allowed)

07-08 00:58:58.835 28136 28319 W com.wallapop: Accessing hidden method Lsun/misc/Unsafe;->getInt(Ljava/lang/Object;J)I (greylist, linking, allowed)

07-08 00:58:58.835 28136 28319 W com.wallapop: Accessing hidden method Lsun/misc/Unsafe;->putInt(Ljava/lang/Object;JI)V (greylist, linking, allowed)

07-08 00:58:58.835 28136 28319 W com.wallapop: Accessing hidden method Lsun/misc/Unsafe;->putLong(Ljava/lang/Object;JJ)V (greylist, linking, allowed)

07-08 00:58:58.839 28136 28260 W com.wallapop: Accessing hidden method Lsun/misc/Unsafe;->putInt(Ljava/lang/Object;JI)V (greylist, linking, allowed)

07-08 00:58:58.887  4948 15047 D WindowManager: w is invisible : 67006c4 com.wallapop/com.rewallapop.ui.wall.WallActivity

07-08 00:58:58.887  4948 15047 D WindowManager: w is invisible : def8746 com.wallapop/com.wallapop.activities.PreferencesActivity

07-08 00:58:58.888  4948 15047 D WindowManager: w is invisible : 67006c4 com.wallapop/com.rewallapop.ui.wall.WallActivity

07-08 00:58:58.888  4948 15047 D WindowManager: w is invisible : def8746 com.wallapop/com.wallapop.activities.PreferencesActivity

07-08 00:58:59.042  4948  5098 D CodecSolution: isMaxAspectPackageEx: com.wallapop : true(2)

07-08 00:58:59.049  4948  5098 D CodecSolution: isMaxAspectPackageEx: com.wallapop : true(2)

07-08 00:58:59.050  4948  5098 I PerfSDKService: Current foregroundpackage name : com.wallapop

07-08 00:58:59.181  4948 12848 D MdnieScenarioControlService:  packageName : com.wallapop    className : com.wallapop.activities.PreferencesActivity

07-08 00:59:02.380 28136 28367 W com.wallapop: Accessing hidden method Lsun/misc/Unsafe;->getObject(Ljava/lang/Object;J)Ljava/lang/Object; (greylist, linking, allowed)

07-08 00:59:02.380 28136 28367 W com.wallapop: Accessing hidden method Lsun/misc/Unsafe;->putObject(Ljava/lang/Object;JLjava/lang/Object;)V (greylist, linking, allowed)

07-08 00:59:02.387 28136 28260 W com.wallapop: Accessing hidden method Lsun/misc/Unsafe;->getInt(Ljava/lang/Object;J)I (greylist, linking, allowed)

07-08 00:59:02.387 28136 28260 W com.wallapop: Accessing hidden method Lsun/misc/Unsafe;->putInt(Ljava/lang/Object;JI)V (greylist, linking, allowed)

07-08 00:59:02.397 28136 28269 I WM-WorkerWrapper: Worker result FAILURE for Work [ id=9ee56276-20da-4e4b-a5d5-c927eaba8188, tags={ com.wallapop.thirdparty.tracker.metrics.MetricsRequestWorker, metrics_tracker_work } ]

07-08 00:59:02.457  4948  5098 D CodecSolution: isMaxAspectPackageEx: com.wallapop : true(2)

07-08 00:59:02.468  4948  5098 D CodecSolution: isMaxAspectPackageEx: com.wallapop : true(2)

07-08 00:59:02.470  4948  5098 I PerfSDKService: Current foregroundpackage name : com.wallapop

07-08 00:59:02.597  4948 12848 D MdnieScenarioControlService:  packageName : com.wallapop    className : com.wallapop.activities.PreferencesActivity

07-08 00:59:03.427 28136 28202 W com.wallapop: Accessing hidden method Lsun/misc/Unsafe;->getInt(Ljava/lang/Object;J)I (greylist, linking, allowed)

07-08 00:59:03.428 28136 28202 W com.wallapop: Accessing hidden method Lsun/misc/Unsafe;->putInt(Ljava/lang/Object;JI)V (greylist, linking, allowed)

07-08 00:59:03.428 28136 28202 W com.wallapop: Accessing hidden method Lsun/misc/Unsafe;->putLong(Ljava/lang/Object;JJ)V (greylist, linking, allowed)

07-08 00:59:03.428 28136 28260 W com.wallapop: Accessing hidden method Lsun/misc/Unsafe;->putInt(Ljava/lang/Object;JI)V (greylist, linking, allowed)

07-08 00:59:13.967  4948  5098 D CodecSolution: isMaxAspectPackageEx: com.wallapop : true(2)

07-08 00:59:13.979  4948 15047 D SamsungAlarmManager: Cancel Alarm calling from uid:10385 pid :28136 / op:PendingIntent{991557c: PendingIntentRecord{4d55e05 com.wallapop broadcastIntent}}

07-08 00:59:13.992  4948  5098 D CodecSolution: isMaxAspectPackageEx: com.wallapop : true(2)

07-08 00:59:13.994  4948  5098 I PerfSDKService: Current foregroundpackage name : com.wallapop

07-08 00:59:14.117  4948 12848 D MdnieScenarioControlService:  packageName : com.wallapop    className : com.wallapop.activities.PreferencesActivity

07-08 00:59:28.316 12945 12986 V PermissionManager_FLP: onOpChanged, op=0 / packageName=com.wallapop

07-08 00:59:41.207  4948  5098 D CodecSolution: isMaxAspectPackageEx: com.wallapop : true(2)

07-08 00:59:41.224  4948  5098 D CodecSolution: isMaxAspectPackageEx: com.wallapop : true(2)

07-08 00:59:41.226  4948  5098 I PerfSDKService: Current foregroundpackage name : com.wallapop

07-08 00:59:41.344  4948 12848 D MdnieScenarioControlService:  packageName : com.wallapop    className : com.wallapop.activities.PreferencesActivity

07-08 00:59:41.397  4948  5098 D CodecSolution: isMaxAspectPackageEx: com.wallapop : true(2)

07-08 00:59:41.407  4948  5098 D CodecSolution: isMaxAspectPackageEx: com.wallapop : true(2)

07-08 00:59:41.411  4948  5098 I PerfSDKService: Current foregroundpackage name : com.wallapop

07-08 00:59:41.533  4948 12848 D MdnieScenarioControlService:  packageName : com.wallapop    className : com.wallapop.activities.PreferencesActivity

07-08 00:59:59.888 28136 28202 W com.wallapop: Accessing hidden method Lsun/misc/Unsafe;->getInt(Ljava/lang/Object;J)I (greylist, linking, allowed)

07-08 00:59:59.888 28136 28202 W com.wallapop: Accessing hidden method Lsun/misc/Unsafe;->putInt(Ljava/lang/Object;JI)V (greylist, linking, allowed)

07-08 00:59:59.889 28136 28785 W com.wallapop: Accessing hidden method Lsun/misc/Unsafe;->putInt(Ljava/lang/Object;JI)V (greylist, linking, allowed)

07-08 01:00:13.688 28136 28186 W com.wallapop: Accessing hidden method Lsun/misc/Unsafe;->putObject(Ljava/lang/Object;JLjava/lang/Object;)V (greylist, linking, allowed)

07-08 01:00:13.690 28136 28186 W com.wallapop: Accessing hidden method Lsun/misc/Unsafe;->putInt(Ljava/lang/Object;JI)V (greylist, linking, allowed)

07-08 01:00:13.694 28136 28790 W com.wallapop: Accessing hidden method Lsun/misc/Unsafe;->putInt(Ljava/lang/Object;JI)V (greylist, linking, allowed)

07-08 01:00:41.467  4948  5098 D CodecSolution: isMaxAspectPackageEx: com.wallapop : true(2)

07-08 01:00:41.469  4948  5098 I PerfSDKService: Current foregroundpackage name : com.wallapop

07-08 01:00:41.593  4948 12848 D MdnieScenarioControlService:  packageName : com.wallapop    className : com.wallapop.activities.PreferencesActivity

07-08 01:00:41.619  4948  5098 D CodecSolution: isMaxAspectPackageEx: com.wallapop : true(2)

07-08 01:00:41.623  4948  5098 D CodecSolution: isMaxAspectPackageEx: com.wallapop : true(2)

07-08 01:00:41.623  4948  5098 I PerfSDKService: Current foregroundpackage name : com.wallapop

07-08 01:00:41.751  4948 12848 D MdnieScenarioControlService:  packageName : com.wallapop    className : com.wallapop.activities.PreferencesActivity

07-08 01:01:41.668  4948  5098 D CodecSolution: isMaxAspectPackageEx: com.wallapop : true(2)

07-08 01:01:41.685  4948  5098 D CodecSolution: isMaxAspectPackageEx: com.wallapop : true(2)

07-08 01:01:41.686  4948  5098 I PerfSDKService: Current foregroundpackage name : com.wallapop

07-08 01:01:41.810  4948  5098 D CodecSolution: isMaxAspectPackageEx: com.wallapop : true(2)

07-08 01:01:41.828  4948  5098 D CodecSolution: isMaxAspectPackageEx: com.wallapop : true(2)

07-08 01:01:41.832  4948  5098 I PerfSDKService: Current foregroundpackage name : com.wallapop

07-08 01:01:41.949  4948 12848 D MdnieScenarioControlService:  packageName : com.wallapop    className : com.wallapop.activities.PreferencesActivity

07-08 01:02:27.840  4382  4440 I SurfaceFlinger: id=1481 Removed AppWindowToken{c059071 token=Token{5ea5e18 ActivityRecord{5a6cdfb u0 com.wallapop/com.rewallapop.ui.main.MainActivity t1305}}}#0 (57)

07-08 01:02:27.841  4382  4382 I Layer   : id=1481[1] Destroyed AppWindowToken{c059071 token=Token{5ea5e18 ActivityRecord{5a6cdfb u0 com.wallapop/com.rewallapop.ui.main.MainActivity t1305}}}#0

07-08 01:02:34.653  4948 15039 I ActivityManager: Force stopping com.wallapop appid=10385 user=0: from pid 28900

07-08 01:02:34.654  4948 15039 I ActivityManager: Killing 28136:com.wallapop/u0a385 (adj 200): stop com.wallapop

07-08 01:02:34.659  4948 15039 W ActivityManager: Scheduling restart of crashed service com.wallapop/com.rewallapop.ui.debug.view.DebugActivity$Service in 1000ms

07-08 01:02:34.659  4948  4948 D EdgeLightingManager: hideForNotification : packageName = com.wallapop

07-08 01:02:34.660  4948  4948 D EdgeLightingPolicyManager:NotificationGroup: remove : sbn : StatusBarNotification(pkg=com.wallapop user=UserHandle{0} id=999 tag=null key=0|com.wallapop|999|null|10385: Notification(channel=wallapop_channel pri=-2 contentView=null vibrate=null sound=null defaults=0x0 flags=0x62 color=0x00000000 vis=PRIVATE semFlags=0x0 semPriority=0 semMissedCount=0))

07-08 01:02:34.660  4948  4948 D EdgeLightingPolicyManager: isAcceptableApplication:  pkg=com.wallapop , range=1 , includeAllApp=false , userId=0 , infoRange=0 , infoCategory=0

07-08 01:02:34.663  4948 15039 W ActivityTaskManager: Force removing ActivityRecord{1ea5535 u0 com.wallapop/.activities.PreferencesActivity t1305 f}: app died, no saved state

07-08 01:02:34.665 12945 12986 V NotificationManager_FLP: Notification for foreground service is removed, 0|com.wallapop|999|null|10385

07-08 01:02:34.666 13050 13050 D Launcher.NotificationListener: onNotificationRemoved : StatusBarNotification(pkg=com.wallapop user=UserHandle{0} id=999 tag=null key=0|com.wallapop|999|null|10385: Notification(channel=wallapop_channel pri=-2 contentView=null vibrate=null sound=null defaults=0x0 flags=0x62 color=0x00000000 vis=PRIVATE semFlags=0x0 semPriority=0 semMissedCount=0)) listener : null

07-08 01:02:34.673  4382  4440 I Layer   : id=1497 removeFromCurrentState def8746 com.wallapop/com.wallapop.activities.PreferencesActivity#0 (56)

07-08 01:02:34.674  4382  4440 I SurfaceFlinger: id=1497 Removed def8746 com.wallapop/com.wallapop.activities.PreferencesActivity#0 (56)

07-08 01:02:34.674  4948 15039 W ActivityTaskManager: Force removing ActivityRecord{e872928 u0 com.wallapop/com.rewallapop.ui.wall.WallActivity t1305 f}: app died, no saved state

07-08 01:02:34.674  4382  4382 I Layer   : id=1497[1] Destroyed def8746 com.wallapop/com.wallapop.activities.PreferencesActivity#0

07-08 01:02:34.679  4382  4440 I Layer   : id=1496 removeFromCurrentState AppWindowToken{9c4eb3b token=Token{2ba9dca ActivityRecord{1ea5535 u0 com.wallapop/.activities.PreferencesActivity t1305}}}#0 (55)

07-08 01:02:34.679  4382  4440 I Layer   : id=1493 removeFromCurrentState 67006c4 com.wallapop/com.rewallapop.ui.wall.WallActivity#0 (55)

07-08 01:02:34.679  4382  4440 I SurfaceFlinger: id=1496 Removed AppWindowToken{9c4eb3b token=Token{2ba9dca ActivityRecord{1ea5535 u0 com.wallapop/.activities.PreferencesActivity t1305}}}#0 (55)

07-08 01:02:34.679  4382  4440 I SurfaceFlinger: id=1493 Removed 67006c4 com.wallapop/com.rewallapop.ui.wall.WallActivity#0 (55)

07-08 01:02:34.681  4382  4440 I Layer   : id=1488 removeFromCurrentState AppWindowToken{35e07e6 token=Token{b06e641 ActivityRecord{e872928 u0 com.wallapop/com.rewallapop.ui.wall.WallActivity t1305}}}#0 (55)

07-08 01:02:34.682  4382  4440 I SurfaceFlinger: id=1488 Removed AppWindowToken{35e07e6 token=Token{b06e641 ActivityRecord{e872928 u0 com.wallapop/com.rewallapop.ui.wall.WallActivity t1305}}}#0 (55)

07-08 01:02:34.691  4382  4382 I Layer   : id=1493[1] Destroyed 67006c4 com.wallapop/com.rewallapop.ui.wall.WallActivity#0

07-08 01:02:34.691  4382  4382 I Layer   : id=1488[1] Destroyed AppWindowToken{35e07e6 token=Token{b06e641 ActivityRecord{e872928 u0 com.wallapop/com.rewallapop.ui.wall.WallActivity t1305}}}#0

07-08 01:02:34.691  4382  4382 I Layer   : id=1496[1] Destroyed AppWindowToken{9c4eb3b token=Token{2ba9dca ActivityRecord{1ea5535 u0 com.wallapop/.activities.PreferencesActivity t1305}}}#0

07-08 01:02:34.708  4948  5106 W BroadcastQueue: Background execution not allowed: receiving Intent { act=android.intent.action.PACKAGE_RESTARTED dat=package:com.wallapop flg=0x10 (has extras) } to android/com.kddi.android.CpaNotiReceiver

07-08 01:02:34.711  4948  4948 D SamsungAlarmManager: Remove alarm for next reason : android.intent.action.PACKAGE_RESTARTED : package: com.wallapop

07-08 01:02:40.290  4948 13107 I ActivityManager: Force stopping com.wallapop appid=10385 user=0: from pid 29070

07-08 01:02:40.294  4948  4948 D SamsungAlarmManager: Remove alarm for next reason : android.intent.action.PACKAGE_RESTARTED : package: com.wallapop

07-08 01:02:40.297  4948  5106 W BroadcastQueue: Background execution not allowed: receiving Intent { act=android.intent.action.PACKAGE_RESTARTED dat=package:com.wallapop flg=0x10 (has extras) } to android/com.kddi.android.CpaNotiReceiver

07-08 01:02:40.545  4948 13107 I ActivityTaskManager: START u0 {flg=0x10000000 cmp=com.wallapop/com.rewallapop.ui.main.MainActivity} from uid 2000

07-08 01:02:40.555  4382  5775 I SurfaceFlinger: id=1517 createSurf (0x0),-1 flag=80004, AppWindowToken{23da4c3 token=Token{ff3a872 ActivityRecord{99bc17d u0 com.wallapop/com.rewallapop.ui.main.MainActivity t1306}}}#0

07-08 01:02:40.557  4948  5100 D GameSDKService: MultiWindowEventListener.onFocusStackChanged(), state=0, top=ComponentInfo{com.wallapop/com.rewallapop.ui.main.MainActivity}

07-08 01:02:40.560  4948  5100 D GameSDKService: MultiWindowEventListener.onFocusStackChanged(): com.wallapop

07-08 01:02:40.560  4948  5100 D GameManagerService: MultiWindowEventListener.onFocusedStackChanged(), state=0, top=ComponentInfo{com.wallapop/com.rewallapop.ui.main.MainActivity}

07-08 01:02:40.560  4948  5100 D GameManagerService: MultiWindowEventListener.onFocusedStackChanged(), pkgName: com.wallapop, clsName: com.rewallapop.ui.main.MainActivity, FgActivityName:com.wallapop/com.rewallapop.ui.main.MainActivity, userID:0

07-08 01:02:40.561  4948  5101 D PhoneWindow: forceLight changed to true [Splash Screen com.wallapop] from com.android.internal.policy.PhoneWindow.updateForceLightNavigationBar:4268 com.android.internal.policy.DecorView.updateColorViews:1513 com.android.internal.policy.PhoneWindow.dispatchWindowAttributesChanged:3246 android.view.Window.setFlags:1148 com.android.internal.policy.PhoneWindow.generateLayout:2474

07-08 01:02:40.561  4948  5101 D PhoneWindow: forceLight changed to false [Splash Screen com.wallapop] from com.android.internal.policy.PhoneWindow.updateForceLightNavigationBar:4274 com.android.internal.policy.DecorView.updateColorViews:1513 com.android.internal.policy.PhoneWindow.dispatchWindowAttributesChanged:3246 android.view.Window.setFlags:1148 com.android.internal.policy.PhoneWindow.generateLayout:2620

07-08 01:02:40.563  4382  5775 I SurfaceFlinger: id=1518 createSurf (0x0),-1 flag=80004, a3bc25d Splash Screen com.wallapop#0

07-08 01:02:40.564  4948  5101 D WindowManager: w is invisible : a3bc25d Splash Screen com.wallapop

07-08 01:02:40.564  4948  5101 D WindowManager: w is invisible : a3bc25d Splash Screen com.wallapop

07-08 01:02:40.565  4948  5100 I ApplicationPolicy: isApplicationExternalStorageWhitelisted:com.wallapop user:0

07-08 01:02:40.565  4948  5100 D ActivityManager: package  com.wallapop, user - 0 is SDcard whitelisted

07-08 01:02:40.565  4948  5100 I ApplicationPolicy: isApplicationExternalStorageBlacklisted:com.wallapop user:0

07-08 01:02:40.565  4948  5100 I ApplicationPolicy: isApplicationExternalStorageBlacklisted:com.wallapop user:0

07-08 01:02:40.576  4948  5101 V WindowManager: Relayout Window{a3bc25d u0 Splash Screen com.wallapop}: viewVisibility=0 req=1080x2220

07-08 01:02:40.577  4948  5107 I ActivityManager: Start proc 29073:com.wallapop/u0a385 for activity {com.wallapop/com.rewallapop.ui.main.MainActivity}

07-08 01:02:40.578  4382  4633 I SurfaceFlinger: id=1519 createSurf (1080x2220),1 flag=4, Splash Screen com.wallapop#0

07-08 01:02:40.578  4948  5101 D WindowManager: makeSurface duration=0 name=Splash Screen com.wallapop

07-08 01:02:40.584 29073 29073 I com.wallapop: Late-enabling -Xcheck:jni

07-08 01:02:40.586  4948  5101 D WindowManager: finishDrawingWindow: Window{a3bc25d u0 Splash Screen com.wallapop} mDrawState=DRAW_PENDING

07-08 01:02:40.588  4948  5101 V WindowManager: performShow on Window{a3bc25d u0 Splash Screen com.wallapop}: mDrawState=READY_TO_SHOW readyForDisplay=false starting=true during animation: policyVis=true parentHidden=false tok.hiddenRequested=false tok.hidden=true animating=true tok animating=true Callers=com.android.server.wm.WindowState.performShowLocked:4731 com.android.server.wm.WindowStateAnimator.commitFinishDrawingLocked:401 com.android.server.wm.DisplayContent.lambda$new$8$DisplayContent:990 com.android.server.wm.-$$Lambda$DisplayContent$qxt4izS31fb0LF2uo_OF9DMa7gc.accept:4

07-08 01:02:40.608 29073 29073 E com.wallapop: Unknown bits set in runtime_flags: 0x8000

07-08 01:02:40.622  4948  5779 I ActivityManager: DSS OFF for com.wallapop

07-08 01:02:40.625  4948  5779 V WindowManager: performShow on Window{a3bc25d u0 Splash Screen com.wallapop}: mDrawState=READY_TO_SHOW readyForDisplay=false starting=true during animation: policyVis=true parentHidden=false tok.hiddenRequested=false tok.hidden=true animating=true tok animating=true Callers=com.android.server.wm.WindowState.performShowLocked:4731 com.android.server.wm.WindowStateAnimator.commitFinishDrawingLocked:401 com.android.server.wm.DisplayContent.lambda$new$8$DisplayContent:990 com.android.server.wm.-$$Lambda$DisplayContent$qxt4izS31fb0LF2uo_OF9DMa7gc.accept:4

07-08 01:02:40.626  4948  5779 D GamePkgDataHelper: notifyAppCreate(), pkgName: com.wallapop, sendRet: true

07-08 01:02:40.626  4948 12772 D GameManagerService: onLooperPrepared(), msg: { when=0 what=10010 obj=com.wallapop target=com.samsung.android.game.GameManagerService$FgCheckThread$1 }

07-08 01:02:40.626  4948 12772 D GameManagerService: handleMessage(), MSG_APP_CREATE. pkgName: com.wallapop

07-08 01:02:40.627  4948  5779 D MARsPolicyManager: onPackageResumedFG pkgName = com.wallapop, userId = 0

07-08 01:02:40.630  4948  5101 V WindowManager: performShow on Window{a3bc25d u0 Splash Screen com.wallapop}: mDrawState=READY_TO_SHOW readyForDisplay=false starting=true during animation: policyVis=true parentHidden=false tok.hiddenRequested=false tok.hidden=true animating=true tok animating=true Callers=com.android.server.wm.WindowState.performShowLocked:4731 com.android.server.wm.WindowStateAnimator.commitFinishDrawingLocked:401 com.android.server.wm.DisplayContent.lambda$new$8$DisplayContent:990 com.android.server.wm.-$$Lambda$DisplayContent$qxt4izS31fb0LF2uo_OF9DMa7gc.accept:4

07-08 01:02:40.633  4948  5101 I WindowManager: Reparenting to leash, surface=Surface(name=AppWindowToken{23da4c3 token=Token{ff3a872 ActivityRecord{99bc17d u0 com.wallapop/com.rewallapop.ui.main.MainActivity t1306}}})/@0x29b12c4

07-08 01:02:40.633  4382  4633 I SurfaceFlinger: id=1522 createSurf (0x0),-1 flag=80004, Surface(name=AppWindowToken{23da4c3 token=Token{ff3a872 ActivityRecord{99bc17d u0 com.wallapop/com.rewallapop.ui.main.MainActivity t1306}}})/@0x29b12c4 - animation-leash#0

07-08 01:02:40.633  4948  5101 D WindowManager: makeSurface duration=1 leash=Surface(name=Surface(name=AppWindowToken{23da4c3 token=Token{ff3a872 ActivityRecord{99bc17d u0 com.wallapop/com.rewallapop.ui.main.MainActivity t1306}}})/@0x29b12c4 - animation-leash)/@0x356e5ad

07-08 01:02:40.634  4382  4633 I SurfaceFlinger: id=1523 createSurf (0x0),-1 flag=80004, Surface(name=AppWindowToken{23da4c3 token=Token{ff3a872 ActivityRecord{99bc17d u0 com.wallapop/com.rewallapop.ui.main.MainActivity t1306}}})/@0x29b12c4 - animation-bounds#0

07-08 01:02:40.635  4948  5098 D WindowManager: setSystemUiVisibility: displayId=0, vis=0xa018, fullVis=0x2000, dockVis=0x0, win=Window{a3bc25d u0 Splash Screen com.wallapop}

07-08 01:02:40.638  4948 12703 D PkgPredictorService: com.wallapop go to foreground!

07-08 01:02:40.639  4948 12703 D PkgPredictorService: previous pkgs: com.wallapop,com.wallapop,com.wallapop running pkg: com.wallapop, uid: 0 is system: false

07-08 01:02:40.639  4948 12703 D PkgPredictorService-Collector:  (hour:1 day:4 previous:[com.wallapop, com.wallapop, com.wallapop] activityName:unknown running:com.wallapop userId:0 screenOrientation:0 wifi:1 bt:0 predictTime:1 apkVersion:1.102.0-d2007061006 consumeTime:-1 preloaded:false>)

07-08 01:02:40.639  4948 12703 D PkgPredictorService-NapPreloadController: User using: com.wallapop

07-08 01:02:40.639  4948  5100 D GamePkgDataHelper: getSosPolicy(). com.wallapop

07-08 01:02:40.639  4948 12703 D PkgPredictorService-NapClassifier: Predict result: 17.0,2.0,29.0, - [0_&_com.wallapop, 0_&_com.android.vending, 0_&_com.Slack]

07-08 01:02:40.639  4948 12703 D PkgPredictorService-NapPreloadController: preloadWithUid pkg: [com.wallapop] Uid: [0]

07-08 01:02:40.639  4948  5098 D CodecSolution: isMaxAspectPackageEx: com.wallapop : true(2)

07-08 01:02:40.640  4948  5100 D GameManagerService: identifyGamePackage. com.wallapop, mCurrentUserId: 0, callerUserId: 0

07-08 01:02:40.640  4948  5100 D GamePkgDataHelper: getGamePkgData(). com.wallapop

07-08 01:02:40.640  4948  5098 I PerfSDKService: Current foregroundpackage name : com.wallapop

07-08 01:02:40.640  4948  5779 D GamePkgDataHelper: getSosPolicy(). com.wallapop

07-08 01:02:40.642 12945 12986 V PermissionManager_FLP: onOpChanged, op=0 / packageName=com.wallapop

07-08 01:02:40.642  4948  5100 D GameManagerService: noteResumeComponent(), resumeComponent: com.wallapop

07-08 01:02:40.642  4948 12772 D GameManagerService: onLooperPrepared(), msg: { when=0 what=10000 obj=ComponentInfo{com.wallapop/com.rewallapop.ui.main.MainActivity} target=com.samsung.android.game.GameManagerService$FgCheckThread$1 }

07-08 01:02:40.642  4948 12772 D GameManagerService: notifyResumePause(). pkg: com.wallapop, type: 4, isMinimized: false, isTunableApp: false

07-08 01:02:40.665 29073 29073 I com.wallapop: The ClassLoaderContext is a special shared library.

07-08 01:02:40.733  4382  4382 I SurfaceFlinger:      DEVICE | 0x7b1b8ad6c0 | 0000 | RGBA_8888 |   0.0    0.0 1080.0 2220.0 |   89  183  991 2037 | Splash Screen com.wallapop#0

07-08 01:02:40.746  4382  4382 I SurfaceFlinger:      DEVICE | 0x7b1b8ad6c0 | 0000 | RGBA_8888 |   0.0    0.0 1080.0 2220.0 |   66  137 1014 2083 | Splash Screen com.wallapop#0

07-08 01:02:40.768  4948 12848 D MdnieScenarioControlService:  packageName : com.wallapop    className : com.rewallapop.ui.main.MainActivity

07-08 01:02:40.776 29073 29094 W com.wallapop: Unsupported class loader

07-08 01:02:40.876  4948  5101 I WindowManager: Reparenting to original parent: Surface(name=Task=1306)/@0xcd32fb7, destroyLeash=true, surface=Surface(name=AppWindowToken{23da4c3 token=Token{ff3a872 ActivityRecord{99bc17d u0 com.wallapop/com.rewallapop.ui.main.MainActivity t1306}}})/@0x29b12c4

07-08 01:02:40.879  4382  5775 I Layer   : id=1522 removeFromCurrentState Surface(name=AppWindowToken{23da4c3 token=Token{ff3a872 ActivityRecord{99bc17d u0 com.wallapop/com.rewallapop.ui.main.MainActivity t1306}}})/@0x29b12c4 - animation-leash#0 (60)

07-08 01:02:40.879  4382  5775 I Layer   : id=1523 removeFromCurrentState Surface(name=AppWindowToken{23da4c3 token=Token{ff3a872 ActivityRecord{99bc17d u0 com.wallapop/com.rewallapop.ui.main.MainActivity t1306}}})/@0x29b12c4 - animation-bounds#0 (60)

