07-08 01:02:40.880  4382  5775 I SurfaceFlinger: id=1522 Removed Surface(name=AppWindowToken{23da4c3 token=Token{ff3a872 ActivityRecord{99bc17d u0 com.wallapop/com.rewallapop.ui.main.MainActivity t1306}}})/@0x29b12c4 - animation-leash#0 (60)

07-08 01:02:40.880  4382  5775 I SurfaceFlinger: id=1523 Removed Surface(name=AppWindowToken{23da4c3 token=Token{ff3a872 ActivityRecord{99bc17d u0 com.wallapop/com.rewallapop.ui.main.MainActivity t1306}}})/@0x29b12c4 - animation-bounds#0 (60)

07-08 01:02:40.893  4382  4382 I Layer   : id=1523[1] Destroyed Surface(name=AppWindowToken{23da4c3 token=Token{ff3a872 ActivityRecord{99bc17d u0 com.wallapop/com.rewallapop.ui.main.MainActivity t1306}}})/@0x29b12c4 - animation-bounds#0

07-08 01:02:40.893  4382  4382 I Layer   : id=1522[1] Destroyed Surface(name=AppWindowToken{23da4c3 token=Token{ff3a872 ActivityRecord{99bc17d u0 com.wallapop/com.rewallapop.ui.main.MainActivity t1306}}})/@0x29b12c4 - animation-leash#0

07-08 01:02:40.911 29073 29100 I FA      :   adb shell setprop debug.firebase.analytics.app com.wallapop

07-08 01:02:40.930  4382  4382 I SurfaceFlinger:      DEVICE | 0x7b1b8ad6c0 | 0000 | RGBA_8888 |   0.0    0.0 1080.0 2220.0 |    0    0 1080 2220 | Splash Screen com.wallapop#0

07-08 01:02:40.960 29073 29073 W com.wallapop: Accessing hidden method Ldalvik/system/CloseGuard;->get()Ldalvik/system/CloseGuard; (greylist,core-platform-api, reflection, allowed)

07-08 01:02:40.960 29073 29073 W com.wallapop: Accessing hidden method Ldalvik/system/CloseGuard;->open(Ljava/lang/String;)V (greylist,core-platform-api, reflection, allowed)

07-08 01:02:40.960 29073 29073 W com.wallapop: Accessing hidden method Ldalvik/system/CloseGuard;->warnIfOpen()V (greylist,core-platform-api, reflection, allowed)

07-08 01:02:40.990 29073 29127 I stetho  : Listening on @stetho_com.wallapop_devtools_remote

07-08 01:02:41.016  4948  5779 D PackageManager: setEnabledSetting : userId = 0 packageName = com.wallapop cmp = androidx.work.impl.background.systemjob.SystemJobService newState = 1 callingPackage = 10385/com.wallapop

07-08 01:02:41.191 29073 29155 W com.wallapop: Accessing hidden field Lsun/misc/Unsafe;->theUnsafe:Lsun/misc/Unsafe; (greylist, reflection, allowed)

07-08 01:02:41.192 29073 29155 W com.wallapop: Accessing hidden method Lsun/misc/Unsafe;->arrayIndexScale(Ljava/lang/Class;)I (greylist, linking, allowed)

07-08 01:02:41.192 29073 29155 W com.wallapop: Accessing hidden method Lsun/misc/Unsafe;->arrayBaseOffset(Ljava/lang/Class;)I (greylist,core-platform-api, linking, allowed)

07-08 01:02:41.192 29073 29155 W com.wallapop: Accessing hidden method Lsun/misc/Unsafe;->objectFieldOffset(Ljava/lang/reflect/Field;)J (greylist,core-platform-api, linking, allowed)

07-08 01:02:41.220 29073 29163 W com.wallapop: Accessing hidden method Lsun/misc/Unsafe;->getObjectVolatile(Ljava/lang/Object;J)Ljava/lang/Object; (greylist, linking, allowed)

07-08 01:02:41.220 29073 29163 W com.wallapop: Accessing hidden method Lsun/misc/Unsafe;->putOrderedObject(Ljava/lang/Object;JLjava/lang/Object;)V (greylist, linking, allowed)

07-08 01:02:41.220 29073 29163 W com.wallapop: Accessing hidden method Lsun/misc/Unsafe;->putOrderedLong(Ljava/lang/Object;JJ)V (greylist, linking, allowed)

07-08 01:02:41.273  4948 14527 D PackageManager: setEnabledSetting : userId = 0 packageName = com.wallapop cmp = androidx.work.impl.background.systemalarm.RescheduleReceiver newState = 1 callingPackage = 10385/com.wallapop

07-08 01:02:41.282 29073 29180 W com.wallapop: Accessing hidden method Llibcore/io/Memory;->peekLong(JZ)J (greylist, reflection, allowed)

07-08 01:02:41.282 29073 29180 W com.wallapop: Accessing hidden method Llibcore/io/Memory;->pokeLong(JJZ)V (greylist, reflection, allowed)

07-08 01:02:41.282 29073 29180 W com.wallapop: Accessing hidden method Llibcore/io/Memory;->pokeInt(JIZ)V (greylist, reflection, allowed)

07-08 01:02:41.282 29073 29180 W com.wallapop: Accessing hidden method Llibcore/io/Memory;->peekInt(JZ)I (greylist, reflection, allowed)

07-08 01:02:41.282 29073 29180 W com.wallapop: Accessing hidden method Llibcore/io/Memory;->pokeByte(JB)V (greylist, reflection, allowed)

07-08 01:02:41.282 29073 29180 W com.wallapop: Accessing hidden method Llibcore/io/Memory;->peekByte(J)B (greylist, reflection, allowed)

07-08 01:02:41.282 29073 29180 W com.wallapop: Accessing hidden method Llibcore/io/Memory;->pokeByteArray(J[BII)V (greylist, reflection, allowed)

07-08 01:02:41.283 29073 29180 W com.wallapop: Accessing hidden method Llibcore/io/Memory;->peekByteArray(J[BII)V (greylist, reflection, allowed)

07-08 01:02:41.283 29073 29180 W com.wallapop: Accessing hidden method Lsun/misc/Unsafe;->getLong(Ljava/lang/Object;J)J (greylist,core-platform-api, reflection, allowed)

07-08 01:02:41.283 29073 29180 W com.wallapop: Accessing hidden field Ljava/nio/Buffer;->address:J (greylist, reflection, allowed)

07-08 01:02:41.283 29073 29180 W com.wallapop: Accessing hidden method Lsun/misc/Unsafe;->getInt(Ljava/lang/Object;J)I (greylist, reflection, allowed)

07-08 01:02:41.283 29073 29180 W com.wallapop: Accessing hidden method Lsun/misc/Unsafe;->putInt(Ljava/lang/Object;JI)V (greylist, reflection, allowed)

07-08 01:02:41.283 29073 29180 W com.wallapop: Accessing hidden method Lsun/misc/Unsafe;->getLong(Ljava/lang/Object;J)J (greylist,core-platform-api, reflection, allowed)

07-08 01:02:41.283 29073 29180 W com.wallapop: Accessing hidden method Lsun/misc/Unsafe;->putLong(Ljava/lang/Object;JJ)V (greylist, reflection, allowed)

07-08 01:02:41.283 29073 29180 W com.wallapop: Accessing hidden method Lsun/misc/Unsafe;->getObject(Ljava/lang/Object;J)Ljava/lang/Object; (greylist, reflection, allowed)

07-08 01:02:41.283 29073 29180 W com.wallapop: Accessing hidden method Lsun/misc/Unsafe;->putObject(Ljava/lang/Object;JLjava/lang/Object;)V (greylist, reflection, allowed)

07-08 01:02:41.329  4948 15049 D SamsungAlarmManager: Cancel Alarm calling from uid:10385 pid :29073 / op:PendingIntent{a32d597: PendingIntentRecord{83386e0 com.wallapop broadcastIntent}}

07-08 01:02:41.347 29073 29128 W com.wallapop: Accessing hidden method Lsun/misc/Unsafe;->allocateInstance(Ljava/lang/Class;)Ljava/lang/Object; (greylist, reflection, allowed)

07-08 01:02:41.374  4948 14527 D BaseRestrictionMgr: Package: com.android.vending, userid: 0, hostingType: bindService is allowed by freecess, caller is: com.wallapop

07-08 01:02:41.463  4948 14527 D SamsungAlarmManager: Cancel Alarm calling from uid:10385 pid :29073 / op:PendingIntent{dde5287: PendingIntentRecord{73e536 com.wallapop broadcastIntent}}

07-08 01:02:41.485 29073 29073 I chatty  : uid=10385(com.wallapop) identical 4 lines

07-08 01:02:41.486 29073 29073 I chatty  : uid=10385(com.wallapop) identical 2 lines

07-08 01:02:41.487 29073 29073 I chatty  : uid=10385(com.wallapop) identical 1 line

07-08 01:02:41.487 29073 29073 I chatty  : uid=10385(com.wallapop) identical 1 line

07-08 01:02:41.487 29073 29073 I chatty  : uid=10385(com.wallapop) identical 6 lines

07-08 01:02:41.515  4948 15049 I ActivityTaskManager: START u0 {cmp=com.wallapop/com.rewallapop.ui.wall.WallActivity (has extras)} from uid 10385

07-08 01:02:41.519  4382  5775 I SurfaceFlinger: id=1524 createSurf (0x0),-1 flag=80004, AppWindowToken{e9aeb77 token=Token{bbc976 ActivityRecord{2c37411 u0 com.wallapop/com.rewallapop.ui.wall.WallActivity t1306}}}#0

07-08 01:02:41.522  4948  5098 D WindowManager: setSystemUiVisibility: displayId=0, vis=0xa018, fullVis=0x2000, dockVis=0x0, win=Window{a3bc25d u0 Splash Screen com.wallapop}

07-08 01:02:41.526 29073 29129 W com.wallapop: Accessing hidden method Lsun/misc/Unsafe;->getObject(Ljava/lang/Object;J)Ljava/lang/Object; (greylist, linking, allowed)

07-08 01:02:41.527 29073 29129 W com.wallapop: Accessing hidden method Lsun/misc/Unsafe;->putObject(Ljava/lang/Object;JLjava/lang/Object;)V (greylist, linking, allowed)

07-08 01:02:41.528 29073 29180 W com.wallapop: Accessing hidden method Lsun/misc/Unsafe;->putObject(Ljava/lang/Object;JLjava/lang/Object;)V (greylist, linking, allowed)

07-08 01:02:41.552 29073 29073 W com.wallapop: Accessing hidden method Landroid/view/View;->computeFitSystemWindows(Landroid/graphics/Rect;Landroid/graphics/Rect;)Z (greylist, reflection, allowed)

07-08 01:02:41.553 29073 29073 W com.wallapop: Accessing hidden method Landroid/view/ViewGroup;->makeOptionalFitsSystemWindows()V (greylist, reflection, allowed)

07-08 01:02:41.557 29073 29073 W com.wallapop: Accessing hidden method Lsun/misc/Unsafe;->getObjectVolatile(Ljava/lang/Object;J)Ljava/lang/Object; (greylist, linking, allowed)

07-08 01:02:41.558 29073 29073 W com.wallapop: Accessing hidden method Lsun/misc/Unsafe;->putOrderedObject(Ljava/lang/Object;JLjava/lang/Object;)V (greylist, linking, allowed)

07-08 01:02:41.558 29073 29073 W com.wallapop: Accessing hidden method Lsun/misc/Unsafe;->putOrderedLong(Ljava/lang/Object;JJ)V (greylist, linking, allowed)

07-08 01:02:41.694  4948  5106 D ApplicationPolicy: isStatusBarNotificationAllowedAsUser: packageName = com.wallapop,userId = 0

07-08 01:02:41.695  4948  5106 D ApplicationPolicy: isStatusBarNotificationAllowedAsUser: packageName = com.wallapop,userId = 0

07-08 01:02:41.700  4948 15049 D GamePkgDataHelper: notifyAppCreate(), pkgName: com.wallapop, sendRet: true

07-08 01:02:41.700  4948 12772 D GameManagerService: onLooperPrepared(), msg: { when=0 what=10010 obj=com.wallapop target=com.samsung.android.game.GameManagerService$FgCheckThread$1 }

07-08 01:02:41.700  4948 12772 D GameManagerService: handleMessage(), MSG_APP_CREATE. pkgName: com.wallapop

07-08 01:02:41.701  4948 15049 D MARsPolicyManager: onPackageResumedFG pkgName = com.wallapop, userId = 0

07-08 01:02:41.704  4948 15049 I WindowManager: Reparenting to leash, surface=Surface(name=AppWindowToken{23da4c3 token=Token{ff3a872 ActivityRecord{99bc17d u0 com.wallapop/com.rewallapop.ui.main.MainActivity t1306}}})/@0x29b12c4

07-08 01:02:41.704  4382  5775 I SurfaceFlinger: id=1525 createSurf (0x0),-1 flag=80004, Surface(name=AppWindowToken{23da4c3 token=Token{ff3a872 ActivityRecord{99bc17d u0 com.wallapop/com.rewallapop.ui.main.MainActivity t1306}}})/@0x29b12c4 - animation-leash#0

07-08 01:02:41.704  4948 15049 D WindowManager: makeSurface duration=1 leash=Surface(name=Surface(name=AppWindowToken{23da4c3 token=Token{ff3a872 ActivityRecord{99bc17d u0 com.wallapop/com.rewallapop.ui.main.MainActivity t1306}}})/@0x29b12c4 - animation-leash)/@0xa74a80a

07-08 01:02:41.705  4382  5775 I SurfaceFlinger: id=1526 createSurf (0x0),-1 flag=80004, Surface(name=AppWindowToken{23da4c3 token=Token{ff3a872 ActivityRecord{99bc17d u0 com.wallapop/com.rewallapop.ui.main.MainActivity t1306}}})/@0x29b12c4 - animation-bounds#0

07-08 01:02:41.708  4948  5100 D GameManagerService: notePauseComponent(), pauseComponent: com.wallapop

07-08 01:02:41.715  4948  5100 D GameManagerService: noteResumeComponent(), resumeComponent: com.wallapop

07-08 01:02:41.716  4948 12772 D GameManagerService: onLooperPrepared(), msg: { when=0 what=10000 obj=ComponentInfo{com.wallapop/com.rewallapop.ui.wall.WallActivity} target=com.samsung.android.game.GameManagerService$FgCheckThread$1 }

07-08 01:02:41.716  4948 12772 D GameManagerService: notifyResumePause(). pkg: com.wallapop, type: 4, isMinimized: false, isTunableApp: false

07-08 01:02:41.723 13273 13295 I Finsky  : [286] bmc.a(53): com.wallapop: Account from first account - [rJj4Md76H4LxoN-B4dnoZM7XaXDDBcXGlC-caOCi6Uc]

07-08 01:02:41.725 13273 13295 I Finsky  : [286] bmc.a(53): com.wallapop: Account from first account - [rJj4Md76H4LxoN-B4dnoZM7XaXDDBcXGlC-caOCi6Uc]

07-08 01:02:41.766  4948 15049 D SamsungAlarmManager: Cancel Alarm calling from uid:10385 pid :29073 / op:PendingIntent{380ceae: PendingIntentRecord{73e536 com.wallapop broadcastIntent}}

07-08 01:02:41.768  4948 15049 D SamsungAlarmManager: Cancel Alarm calling from uid:10385 pid :29073 / op:PendingIntent{565344f: PendingIntentRecord{73e536 com.wallapop broadcastIntent}}

07-08 01:02:41.771 29073 29137 W com.wallapop: Accessing hidden method Lsun/misc/Unsafe;->putObject(Ljava/lang/Object;JLjava/lang/Object;)V (greylist, linking, allowed)

07-08 01:02:41.773 29073 29137 W com.wallapop: Accessing hidden method Lsun/misc/Unsafe;->getInt(Ljava/lang/Object;J)I (greylist, linking, allowed)

07-08 01:02:41.773 29073 29180 W com.wallapop: Accessing hidden method Lsun/misc/Unsafe;->getInt(Ljava/lang/Object;J)I (greylist, linking, allowed)

07-08 01:02:41.773 29073 29137 W com.wallapop: Accessing hidden method Lsun/misc/Unsafe;->putInt(Ljava/lang/Object;JI)V (greylist, linking, allowed)

07-08 01:02:41.773 29073 29180 W com.wallapop: Accessing hidden method Lsun/misc/Unsafe;->putInt(Ljava/lang/Object;JI)V (greylist, linking, allowed)

07-08 01:02:41.773 29073 29137 W com.wallapop: Accessing hidden method Lsun/misc/Unsafe;->getLong(Ljava/lang/Object;J)J (greylist,core-platform-api, linking, allowed)

07-08 01:02:41.773 29073 29137 W com.wallapop: Accessing hidden method Lsun/misc/Unsafe;->putLong(Ljava/lang/Object;JJ)V (greylist, linking, allowed)

07-08 01:02:41.801  4948  4948 D EdgeLightingManager: showForNotification : isInteractive=true, isHeadUp=false, color=0, sbn = StatusBarNotification(pkg=com.wallapop user=UserHandle{0} id=999 tag=null key=0|com.wallapop|999|null|10385: Notification(channel=wallapop_channel pri=-2 contentView=null vibrate=null sound=null defaults=0x0 flags=0x62 color=0x00000000 vis=PRIVATE semFlags=0x0 semPriority=0 semMissedCount=0))

07-08 01:02:41.801  4948  4948 D EdgeLightingPolicyManager: isAcceptableApplication:  pkg=com.wallapop , range=256 , includeAllApp=false , userId=0 , infoRange=0 , infoCategory=0

07-08 01:02:41.802  4948  4948 D EdgeLightingPolicyManager.NotificationGroup: group key = 0|com.wallapop|999|null|10385 ,value= summary : null , child : 1key = 0|com.wallapop|999|null|10385 , value =  NotificationData { tag= null } , }

07-08 01:02:41.802  4948  4948 D EdgeLightingPolicyManager: isAcceptableApplication:  pkg=com.wallapop , range=1 , includeAllApp=false , userId=0 , infoRange=0 , infoCategory=0

07-08 01:02:41.802  4948  4948 D NotificationService: 0|com.wallapop|999|null|10385: granting content://settings/system/notification_sound

07-08 01:02:41.805 13050 13050 D Launcher.NotificationListener: onNotificationPosted : StatusBarNotification(pkg=com.wallapop user=UserHandle{0} id=999 tag=null key=0|com.wallapop|999|null|10385: Notification(channel=wallapop_channel pri=-2 contentView=null vibrate=null sound=null defaults=0x0 flags=0x62 color=0x00000000 vis=PRIVATE semFlags=0x0 semPriority=0 semMissedCount=0)) number : 0 listener : null

07-08 01:02:41.805 13050 13050 D Launcher.NotificationListener: shouldBeFilteredOut : com.wallapop missingTitleAndText : false isGroupHeader : false

07-08 01:02:41.805 12945 12986 V NotificationManager_FLP: Notification for foreground service is posted, 0|com.wallapop|999|null|10385

07-08 01:02:41.821 29073 29180 W com.wallapop: Accessing hidden method Lsun/misc/Unsafe;->getInt(Ljava/lang/Object;J)I (greylist, linking, allowed)

07-08 01:02:41.821 29073 29180 W com.wallapop: Accessing hidden method Lsun/misc/Unsafe;->putInt(Ljava/lang/Object;JI)V (greylist, linking, allowed)

07-08 01:02:41.802  4948  4948 D NotificationService: 0|com.wallapop|999|null|10385: granting content://settings/system/notification_sound

07-08 01:02:41.996  4948  5101 I WindowManager: Reparenting to original parent: Surface(name=Task=1306)/@0xcd32fb7, destroyLeash=true, surface=Surface(name=AppWindowToken{23da4c3 token=Token{ff3a872 ActivityRecord{99bc17d u0 com.wallapop/com.rewallapop.ui.main.MainActivity t1306}}})/@0x29b12c4

07-08 01:02:42.012 29073 29114 W com.wallapop: Accessing hidden method Lsun/misc/Unsafe;->putInt(Ljava/lang/Object;JI)V (greylist, linking, allowed)

07-08 01:02:42.012 29073 29114 W com.wallapop: Accessing hidden method Lsun/misc/Unsafe;->putLong(Ljava/lang/Object;JJ)V (greylist, linking, allowed)

07-08 01:02:42.013 29073 29116 W com.wallapop: Accessing hidden method Lsun/misc/Unsafe;->putInt(Ljava/lang/Object;JI)V (greylist, linking, allowed)

07-08 01:02:42.013  4382  5787 I Layer   : id=1525 removeFromCurrentState Surface(name=AppWindowToken{23da4c3 token=Token{ff3a872 ActivityRecord{99bc17d u0 com.wallapop/com.rewallapop.ui.main.MainActivity t1306}}})/@0x29b12c4 - animation-leash#0 (60)

07-08 01:02:42.013  4382  5787 I Layer   : id=1526 removeFromCurrentState Surface(name=AppWindowToken{23da4c3 token=Token{ff3a872 ActivityRecord{99bc17d u0 com.wallapop/com.rewallapop.ui.main.MainActivity t1306}}})/@0x29b12c4 - animation-bounds#0 (60)

07-08 01:02:42.014 29073 29180 W com.wallapop: Accessing hidden method Lsun/misc/Unsafe;->putInt(Ljava/lang/Object;JI)V (greylist, linking, allowed)

07-08 01:02:42.014  4382  4633 I SurfaceFlinger: id=1525 Removed Surface(name=AppWindowToken{23da4c3 token=Token{ff3a872 ActivityRecord{99bc17d u0 com.wallapop/com.rewallapop.ui.main.MainActivity t1306}}})/@0x29b12c4 - animation-leash#0 (60)

07-08 01:02:42.014  4382  4633 I SurfaceFlinger: id=1526 Removed Surface(name=AppWindowToken{23da4c3 token=Token{ff3a872 ActivityRecord{99bc17d u0 com.wallapop/com.rewallapop.ui.main.MainActivity t1306}}})/@0x29b12c4 - animation-bounds#0 (60)

07-08 01:02:42.019 29073 29180 W com.wallapop: Accessing hidden method Lsun/misc/Unsafe;->putInt(Ljava/lang/Object;JI)V (greylist, linking, allowed)

07-08 01:02:42.028  4382  4382 I Layer   : id=1526[1] Destroyed Surface(name=AppWindowToken{23da4c3 token=Token{ff3a872 ActivityRecord{99bc17d u0 com.wallapop/com.rewallapop.ui.main.MainActivity t1306}}})/@0x29b12c4 - animation-bounds#0

07-08 01:02:42.029  4382  4382 I Layer   : id=1525[1] Destroyed Surface(name=AppWindowToken{23da4c3 token=Token{ff3a872 ActivityRecord{99bc17d u0 com.wallapop/com.rewallapop.ui.main.MainActivity t1306}}})/@0x29b12c4 - animation-leash#0

07-08 01:02:42.047 29073 29073 W com.wallapop: Accessing hidden method Lsun/misc/Unsafe;->putObject(Ljava/lang/Object;JLjava/lang/Object;)V (greylist, linking, allowed)

07-08 01:02:42.049 29073 29180 W com.wallapop: Accessing hidden method Lsun/misc/Unsafe;->getInt(Ljava/lang/Object;J)I (greylist, linking, allowed)

07-08 01:02:42.049 29073 29180 W com.wallapop: Accessing hidden method Lsun/misc/Unsafe;->putInt(Ljava/lang/Object;JI)V (greylist, linking, allowed)

07-08 01:02:42.050 29073 29180 W com.wallapop: Accessing hidden method Lsun/misc/Unsafe;->getLong(Ljava/lang/Object;J)J (greylist,core-platform-api, linking, allowed)

07-08 01:02:42.050 29073 29073 W com.wallapop: Accessing hidden method Lsun/misc/Unsafe;->getObjectVolatile(Ljava/lang/Object;J)Ljava/lang/Object; (greylist, linking, allowed)

07-08 01:02:42.050 29073 29180 W com.wallapop: Accessing hidden method Lsun/misc/Unsafe;->putInt(Ljava/lang/Object;JI)V (greylist, linking, allowed)

07-08 01:02:42.092  4382  5787 I SurfaceFlinger: id=1529 createSurf (0x0),-1 flag=80004, 74bed4 com.wallapop/com.rewallapop.ui.wall.WallActivity#0

07-08 01:02:42.098 29073 29073 W com.wallapop: Accessing hidden method Lsun/misc/Unsafe;->getObjectVolatile(Ljava/lang/Object;J)Ljava/lang/Object; (greylist, linking, allowed)

07-08 01:02:42.109 13273 13295 I Finsky  : [286] bmc.a(53): com.wallapop: Account from first account - [rJj4Md76H4LxoN-B4dnoZM7XaXDDBcXGlC-caOCi6Uc]

07-08 01:02:42.117 13273 13295 I Finsky  : [286] bmc.a(53): com.wallapop: Account from first account - [rJj4Md76H4LxoN-B4dnoZM7XaXDDBcXGlC-caOCi6Uc]

07-08 01:02:42.122 29073 29073 W com.wallapop: Accessing hidden method Lsun/misc/Unsafe;->getObjectVolatile(Ljava/lang/Object;J)Ljava/lang/Object; (greylist, linking, allowed)

07-08 01:02:42.129 29073 29073 W com.wallapop: Accessing hidden method Lsun/misc/Unsafe;->getObjectVolatile(Ljava/lang/Object;J)Ljava/lang/Object; (greylist, linking, allowed)

07-08 01:02:42.133 29073 29073 W com.wallapop: Accessing hidden method Lsun/misc/Unsafe;->putOrderedLong(Ljava/lang/Object;JJ)V (greylist, linking, allowed)

07-08 01:02:42.127 13273 13295 I Finsky  : [286] bmc.a(53): com.wallapop: Account from first account - [rJj4Md76H4LxoN-B4dnoZM7XaXDDBcXGlC-caOCi6Uc]

07-08 01:02:42.145 29073 29073 W com.wallapop: Accessing hidden method Lsun/misc/Unsafe;->getObjectVolatile(Ljava/lang/Object;J)Ljava/lang/Object; (greylist, linking, allowed)

07-08 01:02:42.148 13273 13293 I Finsky  : [285] bmc.a(53): com.wallapop: Account from first account - [rJj4Md76H4LxoN-B4dnoZM7XaXDDBcXGlC-caOCi6Uc]

07-08 01:02:42.164 29073 29159 I com.wallapop: The ClassLoaderContext is a special shared library.

07-08 01:02:42.172 29073 29159 I com.wallapop: The ClassLoaderContext is a special shared library.

07-08 01:02:42.196  4948 14527 V WindowManager: Relayout Window{74bed4 u0 com.wallapop/com.rewallapop.ui.wall.WallActivity}: viewVisibility=0 req=1080x2220

07-08 01:02:42.199  4382  5787 I SurfaceFlinger: id=1530 createSurf (1080x2220),1 flag=404, com.wallapop/com.rewallapop.ui.wall.WallActivity$_29073#0

07-08 01:02:42.200  4948 14527 D WindowManager: makeSurface duration=1 name=com.wallapop/com.rewallapop.ui.wall.WallActivity$_29073

07-08 01:02:42.200  4948 14527 V WindowManager: Changing focus from null to Window{74bed4 u0 com.wallapop/com.rewallapop.ui.wall.WallActivity} displayId=0 Callers=com.android.server.wm.RootWindowContainer.updateFocusedWindowLocked:202 com.android.server.wm.WindowManagerService.updateFocusedWindowLocked:6282 com.android.server.wm.WindowManagerService.relayoutWindow:2574 com.android.server.wm.Session.relayout:202 android.view.IWindowSession$Stub.onTransact:708 com.android.server.wm.Session.onTransact:142

07-08 01:02:42.200  4948  5098 D WindowManager: setSystemUiVisibility: displayId=0, vis=0xa518, fullVis=0x2000, dockVis=0x0, win=Window{74bed4 u0 com.wallapop/com.rewallapop.ui.wall.WallActivity}

07-08 01:02:42.201  4948  5100 I WindowManager: Focus moving from null to Window{74bed4 u0 com.wallapop/com.rewallapop.ui.wall.WallActivity} displayId=0

07-08 01:02:42.201  4948  5100 D WindowManager: w is invisible : 74bed4 com.wallapop/com.rewallapop.ui.wall.WallActivity

07-08 01:02:42.201  4948  5100 D WindowManager: w is invisible : a3bc25d Splash Screen com.wallapop

07-08 01:02:42.201  4948  5100 D WindowManager: windowMattersToAccessibility, check : a3bc25d Splash Screen com.wallapop

07-08 01:02:42.201  4948  5100 D WindowManager: windowMattersToAccessibility : a3bc25d Splash Screen com.wallapop

07-08 01:02:42.201  4948  5100 D WindowManager: windowMattersToAccessibility, check : 74bed4 com.wallapop/com.rewallapop.ui.wall.WallActivity

07-08 01:02:42.202  4948  5100 I WindowManager: Gaining focus: Window{74bed4 u0 com.wallapop/com.rewallapop.ui.wall.WallActivity}

07-08 01:02:42.218 29073 29297 W com.wallapop: Accessing hidden method Lsun/misc/Unsafe;->getObject(Ljava/lang/Object;J)Ljava/lang/Object; (greylist, linking, allowed)

07-08 01:02:42.218 29073 29297 W com.wallapop: Accessing hidden method Lsun/misc/Unsafe;->putObject(Ljava/lang/Object;JLjava/lang/Object;)V (greylist, linking, allowed)

07-08 01:02:42.219 29073 29180 W com.wallapop: Accessing hidden method Lsun/misc/Unsafe;->getInt(Ljava/lang/Object;J)I (greylist, linking, allowed)

07-08 01:02:42.219 29073 29180 W com.wallapop: Accessing hidden method Lsun/misc/Unsafe;->putInt(Ljava/lang/Object;JI)V (greylist, linking, allowed)

07-08 01:02:42.238  4948 12936 D WindowManager: w is invisible : 74bed4 com.wallapop/com.rewallapop.ui.wall.WallActivity

07-08 01:02:42.238  4948 12936 D WindowManager: w is invisible : a3bc25d Splash Screen com.wallapop

07-08 01:02:42.238  4948 12936 D WindowManager: windowMattersToAccessibility, check : a3bc25d Splash Screen com.wallapop

07-08 01:02:42.238  4948 12936 D WindowManager: windowMattersToAccessibility : a3bc25d Splash Screen com.wallapop

07-08 01:02:42.238  4948 12936 D WindowManager: windowMattersToAccessibility, check : 74bed4 com.wallapop/com.rewallapop.ui.wall.WallActivity

07-08 01:02:42.266 29073 29159 W com.wallapop: Accessing hidden method Lsun/misc/Unsafe;->getUnsafe()Lsun/misc/Unsafe; (greylist,core-platform-api, linking, allowed)

07-08 01:02:42.266 29073 29159 W com.wallapop: Accessing hidden method Lsun/misc/Unsafe;->putObject(Ljava/lang/Object;JLjava/lang/Object;)V (greylist, linking, allowed)

07-08 01:02:42.266 29073 29159 W com.wallapop: Accessing hidden method Lsun/misc/Unsafe;->compareAndSwapObject(Ljava/lang/Object;JLjava/lang/Object;Ljava/lang/Object;)Z (greylist, linking, allowed)

07-08 01:02:42.272 29073 29116 W com.wallapop: Accessing hidden method Lsun/misc/Unsafe;->putObject(Ljava/lang/Object;JLjava/lang/Object;)V (greylist, linking, allowed)

07-08 01:02:42.274 29073 29180 W com.wallapop: Accessing hidden method Lsun/misc/Unsafe;->putInt(Ljava/lang/Object;JI)V (greylist, linking, allowed)

07-08 01:02:42.275 29073 29116 W com.wallapop: Accessing hidden method Lsun/misc/Unsafe;->putInt(Ljava/lang/Object;JI)V (greylist, linking, allowed)

07-08 01:02:42.275 29073 29116 W com.wallapop: Accessing hidden method Lsun/misc/Unsafe;->putLong(Ljava/lang/Object;JJ)V (greylist, linking, allowed)

07-08 01:02:42.282  4948 12936 D WindowManager: finishDrawingWindow: Window{74bed4 u0 com.wallapop/com.rewallapop.ui.wall.WallActivity} mDrawState=DRAW_PENDING

07-08 01:02:42.285  4948  5101 D PkgPredictorService: pkg:com.wallapop activity:com.rewallapop.ui.wall.WallActivity thisTime:1740

07-08 01:02:42.293  4948  5101 I WindowManager: Reparenting to leash, surface=Surface(name=a3bc25d Splash Screen com.wallapop)/@0xb618715

07-08 01:02:42.293  4382  5787 I SurfaceFlinger: id=1531 createSurf (0x0),-1 flag=80004, Surface(name=a3bc25d Splash Screen com.wallapop)/@0xb618715 - animation-leash#0

07-08 01:02:42.295  4948  5101 D WindowManager: makeSurface duration=2 leash=Surface(name=Surface(name=a3bc25d Splash Screen com.wallapop)/@0xb618715 - animation-leash)/@0x76d15b8

07-08 01:02:42.297  4948  5105 I ActivityTaskManager: Displayed com.wallapop/com.rewallapop.ui.wall.WallActivity: +1s740ms

07-08 01:02:42.300  4382  4382 I SurfaceFlinger:      DEVICE | 0x7afc34ff40 | 0002 | RGBA_8888 |   0.0    0.0 1080.0 2220.0 |    0    0 1080 2220 | com.wallapop/com.rewallapop.ui.wall.WallActivity$_29073#0

07-08 01:02:42.300  4382  4382 I SurfaceFlinger:      DEVICE | 0x7b1b8ad6c0 | 0000 | RGBA_8888 |   0.0    0.0 1080.0 2220.0 |    0    0 1080 2220 | Splash Screen com.wallapop#0

07-08 01:02:42.300 29073 29159 W com.wallapop: Accessing hidden method Lsun/misc/Unsafe;->compareAndSwapObject(Ljava/lang/Object;JLjava/lang/Object;Ljava/lang/Object;)Z (greylist, linking, allowed)

07-08 01:02:42.301 29073 29159 W com.wallapop: Accessing hidden method Lsun/misc/Unsafe;->compareAndSwapObject(Ljava/lang/Object;JLjava/lang/Object;Ljava/lang/Object;)Z (greylist, linking, allowed)

07-08 01:02:42.301 29073 29328 W com.wallapop: Accessing hidden method Lsun/misc/Unsafe;->compareAndSwapObject(Ljava/lang/Object;JLjava/lang/Object;Ljava/lang/Object;)Z (greylist, linking, allowed)

07-08 01:02:42.305 29073 29328 W com.wallapop: Accessing hidden method Lsun/misc/Unsafe;->compareAndSwapObject(Ljava/lang/Object;JLjava/lang/Object;Ljava/lang/Object;)Z (greylist, linking, allowed)

07-08 01:02:42.331 13273 13293 I Finsky  : [285] bmc.a(53): com.wallapop: Account from first account - [rJj4Md76H4LxoN-B4dnoZM7XaXDDBcXGlC-caOCi6Uc]

07-08 01:02:42.334 29073 29180 W com.wallapop: Accessing hidden method Lsun/misc/Unsafe;->getInt(Ljava/lang/Object;J)I (greylist, linking, allowed)

07-08 01:02:42.334 29073 29180 W com.wallapop: Accessing hidden method Lsun/misc/Unsafe;->putInt(Ljava/lang/Object;JI)V (greylist, linking, allowed)

07-08 01:02:42.334 29073 29121 W com.wallapop: Accessing hidden method Lsun/misc/Unsafe;->putInt(Ljava/lang/Object;JI)V (greylist, linking, allowed)

07-08 01:02:42.335 29073 29121 W com.wallapop: Accessing hidden method Lsun/misc/Unsafe;->getObject(Ljava/lang/Object;J)Ljava/lang/Object; (greylist, linking, allowed)

07-08 01:02:42.341 29073 29255 W com.wallapop: Accessing hidden method Lsun/misc/Unsafe;->putInt(Ljava/lang/Object;JI)V (greylist, linking, allowed)

07-08 01:02:42.342 29073 29180 W com.wallapop: Accessing hidden method Lsun/misc/Unsafe;->putInt(Ljava/lang/Object;JI)V (greylist, linking, allowed)

07-08 01:02:42.346  4948  5101 I WindowManager: Reparenting to original parent: Surface(name=AppWindowToken{e9aeb77 token=Token{bbc976 ActivityRecord{2c37411 u0 com.wallapop/com.rewallapop.ui.wall.WallActivity t1306}}})/@0x22b0465, destroyLeash=true, surface=Surface(name=a3bc25d Splash Screen com.wallapop)/@0xb618715

07-08 01:02:42.347  4948  5101 E WindowManager: win=Window{a3bc25d u0 Splash Screen com.wallapop EXITING} destroySurfaces: appStopped=false win.mWindowRemovalAllowed=true win.mRemoveOnExit=true win.mViewVisibility=0 caller=com.android.server.wm.AppWindowToken.destroySurfaces:1234 com.android.server.wm.AppWindowToken.destroySurfaces:1215 com.android.server.wm.WindowState.onExitAnimationDone:5100 com.android.server.wm.WindowStateAnimator.onAnimationFinished:308 com.android.server.wm.WindowState.onAnimationFinished:5541 com.android.server.wm.-$$Lambda$yVRF8YoeNdTa8GR1wDStVsHu8xM.run:2 com.android.server.wm.SurfaceAnimator.lambda$getFinishedCallback$0$SurfaceAnimator:100

07-08 01:02:42.347  4948  5101 I WindowManager: Destroying surface Surface(name=Splash Screen com.wallapop)/@0x2c5d53a called by com.android.server.wm.WindowStateAnimator.destroySurface:1790 com.android.server.wm.WindowStateAnimator.destroySurfaceLocked:720 com.android.server.wm.WindowState.destroySurfaceUnchecked:3540 com.android.server.wm.WindowState.destroySurface:3514 com.android.server.wm.AppWindowToken.destroySurfaces:1234 com.android.server.wm.AppWindowToken.destroySurfaces:1215 com.android.server.wm.WindowState.onExitAnimationDone:5100 com.android.server.wm.WindowStateAnimator.onAnimationFinished:308

07-08 01:02:42.347  4382  5787 I Layer   : id=1519 removeFromCurrentState Splash Screen com.wallapop#0 (60)

07-08 01:02:42.347 29073 29073 D EmergencyMode: [EmergencyManager] android createPackageContext successful: com.wallapop

07-08 01:02:42.348 29073 29244 W com.wallapop: Accessing hidden method Lsun/misc/Unsafe;->putInt(Ljava/lang/Object;JI)V (greylist, linking, allowed)

07-08 01:02:42.348  4382  5787 I Layer   : id=1518 removeFromCurrentState a3bc25d Splash Screen com.wallapop#0 (60)

07-08 01:02:42.348  4382  5787 I Layer   : id=1531 removeFromCurrentState Surface(name=a3bc25d Splash Screen com.wallapop)/@0xb618715 - animation-leash#0 (60)

07-08 01:02:42.349 29073 29180 W com.wallapop: Accessing hidden method Lsun/misc/Unsafe;->putInt(Ljava/lang/Object;JI)V (greylist, linking, allowed)

07-08 01:02:42.350  4382  5787 I SurfaceFlinger: id=1518 Removed a3bc25d Splash Screen com.wallapop#0 (60)

07-08 01:02:42.350  4382  5787 I SurfaceFlinger: id=1531 Removed Surface(name=a3bc25d Splash Screen com.wallapop)/@0xb618715 - animation-leash#0 (60)

07-08 01:02:42.350  4382  5787 I SurfaceFlinger: id=1519 Removed Splash Screen com.wallapop#0 (60)

07-08 01:02:42.353 29073 29073 V InputMethodManager: Starting input: tba=com.wallapop ic=null mNaviBarColor -1 mIsGetNaviBarColorSuccess true , NavVisible : true , NavTrans : false

07-08 01:02:42.357 29073 29180 W com.wallapop: Accessing hidden method Lsun/misc/Unsafe;->putInt(Ljava/lang/Object;JI)V (greylist, linking, allowed)

07-08 01:02:42.362 13273 13293 I Finsky  : [285] bmc.a(53): com.wallapop: Account from first account - [rJj4Md76H4LxoN-B4dnoZM7XaXDDBcXGlC-caOCi6Uc]

07-08 01:02:42.362  4382  4382 I Layer   : id=1531[1] Destroyed Surface(name=a3bc25d Splash Screen com.wallapop)/@0xb618715 - animation-leash#0

07-08 01:02:42.362  4382  4382 I Layer   : id=1518[1] Destroyed a3bc25d Splash Screen com.wallapop#0

07-08 01:02:42.364  4382  4382 I Layer   : id=1519[1] Destroyed Splash Screen com.wallapop#0

07-08 01:02:42.365  4382  4382 I SurfaceFlinger:      DEVICE | 0x7afdfc9600 | 0002 | RGBA_8888 |   0.0    0.0 1080.0 2220.0 |    0    0 1080 2220 | com.wallapop/com.rewallapop.ui.wall.WallActivity$_29073#0

07-08 01:02:42.368 13273 13293 I Finsky  : [285] bmc.a(53): com.wallapop: Account from first account - [rJj4Md76H4LxoN-B4dnoZM7XaXDDBcXGlC-caOCi6Uc]

07-08 01:02:42.379 13273 13293 I Finsky  : [285] bmc.a(53): com.wallapop: Account from first account - [rJj4Md76H4LxoN-B4dnoZM7XaXDDBcXGlC-caOCi6Uc]

07-08 01:02:42.384  4948  5100 D WindowManager: w is invisible : 74bed4 com.wallapop/com.rewallapop.ui.wall.WallActivity

07-08 01:02:42.384  4948  5100 D WindowManager: windowMattersToAccessibility, check : 74bed4 com.wallapop/com.rewallapop.ui.wall.WallActivity

07-08 01:02:42.387 13273 13293 I Finsky  : [285] bmc.a(53): com.wallapop: Account from first account - [rJj4Md76H4LxoN-B4dnoZM7XaXDDBcXGlC-caOCi6Uc]

07-08 01:02:42.404 29073 29232 W com.wallapop: Accessing hidden method Lsun/misc/Unsafe;->putInt(Ljava/lang/Object;JI)V (greylist, linking, allowed)

07-08 01:02:42.406 29073 29180 W com.wallapop: Accessing hidden method Lsun/misc/Unsafe;->putInt(Ljava/lang/Object;JI)V (greylist, linking, allowed)

07-08 01:02:42.442 29073 29338 W com.wallapop: Accessing hidden method Llibcore/io/Memory;->pokeByte(JB)V (greylist, reflection, allowed)

07-08 01:02:42.442 29073 29338 W com.wallapop: Accessing hidden method Llibcore/io/Memory;->peekByte(J)B (greylist, reflection, allowed)

07-08 01:02:42.443 29073 29338 W com.wallapop: Accessing hidden method Lsun/misc/Unsafe;->getLong(Ljava/lang/Object;J)J (greylist,core-platform-api, reflection, allowed)

07-08 01:02:42.443 29073 29338 W com.wallapop: Accessing hidden method Lsun/misc/Unsafe;->getInt(Ljava/lang/Object;J)I (greylist, reflection, allowed)

07-08 01:02:42.443 29073 29338 W com.wallapop: Accessing hidden method Lsun/misc/Unsafe;->putInt(Ljava/lang/Object;JI)V (greylist, reflection, allowed)

07-08 01:02:42.443 29073 29338 W com.wallapop: Accessing hidden method Lsun/misc/Unsafe;->getLong(Ljava/lang/Object;J)J (greylist,core-platform-api, reflection, allowed)

07-08 01:02:42.443 29073 29338 W com.wallapop: Accessing hidden method Lsun/misc/Unsafe;->putLong(Ljava/lang/Object;JJ)V (greylist, reflection, allowed)

07-08 01:02:42.443 29073 29338 W com.wallapop: Accessing hidden method Lsun/misc/Unsafe;->getObject(Ljava/lang/Object;J)Ljava/lang/Object; (greylist, reflection, allowed)

07-08 01:02:42.443 29073 29338 W com.wallapop: Accessing hidden method Lsun/misc/Unsafe;->putObject(Ljava/lang/Object;JLjava/lang/Object;)V (greylist, reflection, allowed)

07-08 01:02:42.444 29073 29338 W com.wallapop: Accessing hidden method Lsun/misc/Unsafe;->putObject(Ljava/lang/Object;JLjava/lang/Object;)V (greylist, linking, allowed)

07-08 01:02:42.444 29073 29338 W com.wallapop: Accessing hidden method Lsun/misc/Unsafe;->getInt(Ljava/lang/Object;J)I (greylist, linking, allowed)

07-08 01:02:42.444 29073 29338 W com.wallapop: Accessing hidden method Lsun/misc/Unsafe;->putInt(Ljava/lang/Object;JI)V (greylist, linking, allowed)

07-08 01:02:42.444 29073 29338 W com.wallapop: Accessing hidden method Lsun/misc/Unsafe;->putLong(Ljava/lang/Object;JJ)V (greylist, linking, allowed)

07-08 01:02:42.469 29073 29137 W com.wallapop: Accessing hidden method Lsun/misc/Unsafe;->putInt(Ljava/lang/Object;JI)V (greylist, linking, allowed)

07-08 01:02:42.471 29073 29180 W com.wallapop: Accessing hidden method Lsun/misc/Unsafe;->putInt(Ljava/lang/Object;JI)V (greylist, linking, allowed)

07-08 01:02:42.487  4948 15049 I ApplicationPolicy: isApplicationExternalStorageWhitelisted:com.wallapop user:0

07-08 01:02:42.487  4948 15049 D ActivityManager: package  com.wallapop, user - 0 is SDcard whitelisted

07-08 01:02:42.487  4948 15049 I ApplicationPolicy: isApplicationExternalStorageBlacklisted:com.wallapop user:0

07-08 01:02:42.487  4948 15049 I ApplicationPolicy: isApplicationExternalStorageBlacklisted:com.wallapop user:0

07-08 01:02:42.507  4948  5107 I ActivityManager: Start proc 29343:com.google.android.webview:sandboxed_process0:org.chromium.content.app.SandboxedProcessService0:0/u0i26 for  {com.wallapop/org.chromium.content.app.SandboxedProcessService0:0}

07-08 01:02:42.507  4948  5107 I ActivityManager: check webview name : com.google.android.webview:sandboxed_process0:org.chromium.content.app.SandboxedProcessService0:0check hostingname webview : {com.wallapop/org.chromium.content.app.SandboxedProcessService0:0}

07-08 01:02:42.509 29073 29267 W com.wallapop: Accessing hidden method Lsun/misc/Unsafe;->putInt(Ljava/lang/Object;JI)V (greylist, linking, allowed)

07-08 01:02:42.510 29073 29180 W com.wallapop: Accessing hidden method Lsun/misc/Unsafe;->putInt(Ljava/lang/Object;JI)V (greylist, linking, allowed)

07-08 01:02:42.515 29073 29180 W com.wallapop: Accessing hidden method Lsun/misc/Unsafe;->putInt(Ljava/lang/Object;JI)V (greylist, linking, allowed)

07-08 01:02:42.524  4948  5779 I ActivityManager: DSS OFF for com.wallapop

07-08 01:02:42.589 29073 29364 W com.wallapop: Accessing hidden method Landroid/media/AudioManager;->getOutputLatency(I)I (greylist, reflection, allowed)

07-08 01:02:42.684 29073 29073 V InputMethodManager: Starting input: tba=com.wallapop ic=null mNaviBarColor -1 mIsGetNaviBarColorSuccess true , NavVisible : true , NavTrans : false

07-08 01:02:42.699 29073 29379 I chatty  : uid=10385(com.wallapop) Chrome_InProcGp identical 1 line

07-08 01:02:42.718 13273 13293 I Finsky  : [285] bmc.a(53): com.wallapop: Account from first account - [rJj4Md76H4LxoN-B4dnoZM7XaXDDBcXGlC-caOCi6Uc]

07-08 01:02:42.733 12945 12986 V PermissionManager_FLP: checkLocationAccess for com.wallapop[GMS_FUSED,300000,100], result is true

07-08 01:02:42.740 29073 29159 W com.wallapop: Accessing hidden method Lsun/misc/Unsafe;->getObject(Ljava/lang/Object;J)Ljava/lang/Object; (greylist, linking, allowed)

07-08 01:02:42.740 29073 29159 W com.wallapop: Accessing hidden method Lsun/misc/Unsafe;->putObject(Ljava/lang/Object;JLjava/lang/Object;)V (greylist, linking, allowed)

07-08 01:02:42.742 12945 12986 E RequestManager_FLP: [FusedLocationApi] Location request  e649950(Listener) PRIORITY_BALANCED_POWER_ACCURACY interval=300000 from com.wallapop (10385 foreground)

07-08 01:02:42.744 29073 29180 W com.wallapop: Accessing hidden method Lsun/misc/Unsafe;->putObject(Ljava/lang/Object;JLjava/lang/Object;)V (greylist, linking, allowed)

07-08 01:02:42.744 29073 29180 W com.wallapop: Accessing hidden method Lsun/misc/Unsafe;->putInt(Ljava/lang/Object;JI)V (greylist, linking, allowed)

07-08 01:02:42.763 29073 29383 I com.wallapop: Waiting for a blocking GC ClassLinker

07-08 01:02:42.774  4948  5098 D CodecSolution: isMaxAspectPackageEx: com.wallapop : true(2)

07-08 01:02:42.781  4382  5775 I Layer   : id=1517 removeFromCurrentState AppWindowToken{23da4c3 token=Token{ff3a872 ActivityRecord{99bc17d u0 com.wallapop/com.rewallapop.ui.main.MainActivity t1306}}}#0 (56)

07-08 01:02:42.904  4948 12848 D MdnieScenarioControlService:  packageName : com.wallapop    className : com.rewallapop.ui.wall.WallActivity

07-08 01:02:42.937 29073 29129 W com.wallapop: Accessing hidden method Lsun/misc/Unsafe;->getObject(Ljava/lang/Object;J)Ljava/lang/Object; (greylist, linking, allowed)

07-08 01:02:42.937 29073 29129 W com.wallapop: Accessing hidden method Lsun/misc/Unsafe;->putObject(Ljava/lang/Object;JLjava/lang/Object;)V (greylist, linking, allowed)

07-08 01:02:42.938 29073 29180 W com.wallapop: Accessing hidden method Lsun/misc/Unsafe;->getInt(Ljava/lang/Object;J)I (greylist, linking, allowed)

07-08 01:02:42.938 29073 29180 W com.wallapop: Accessing hidden method Lsun/misc/Unsafe;->putInt(Ljava/lang/Object;JI)V (greylist, linking, allowed)

07-08 01:02:43.002 29073 29086 I com.wallapop: Background young concurrent copying GC freed 828784(48MB) AllocSpace objects, 1666(319MB) LOS objects, 58% free, 17MB/41MB, paused 374us total 392.994ms

07-08 01:02:43.002 29073 29383 I com.wallapop: WaitForGcToComplete blocked ClassLinker on ClassLinker for 238.259ms

07-08 01:02:43.032 29073 29328 W com.wallapop: Accessing hidden method Lsun/misc/Unsafe;->compareAndSwapObject(Ljava/lang/Object;JLjava/lang/Object;Ljava/lang/Object;)Z (greylist, linking, allowed)

07-08 01:02:43.056 29073 29258 W com.wallapop: Accessing hidden method Lsun/misc/Unsafe;->getInt(Ljava/lang/Object;J)I (greylist, linking, allowed)

07-08 01:02:43.056 29073 29258 W com.wallapop: Accessing hidden method Lsun/misc/Unsafe;->getObject(Ljava/lang/Object;J)Ljava/lang/Object; (greylist, linking, allowed)

07-08 01:02:43.056 29073 29258 W com.wallapop: Accessing hidden method Lsun/misc/Unsafe;->putObject(Ljava/lang/Object;JLjava/lang/Object;)V (greylist, linking, allowed)

07-08 01:02:43.056 29073 29258 W com.wallapop: Accessing hidden method Lsun/misc/Unsafe;->putInt(Ljava/lang/Object;JI)V (greylist, linking, allowed)

07-08 01:02:43.061 29073 29258 W com.wallapop: Accessing hidden method Lsun/misc/Unsafe;->getInt(Ljava/lang/Object;J)I (greylist, linking, allowed)

07-08 01:02:43.062 29073 29258 W com.wallapop: Accessing hidden method Lsun/misc/Unsafe;->getLong(Ljava/lang/Object;J)J (greylist,core-platform-api, linking, allowed)

07-08 01:02:43.063 29073 29258 W com.wallapop: Accessing hidden method Lsun/misc/Unsafe;->putLong(Ljava/lang/Object;JJ)V (greylist, linking, allowed)

07-08 01:02:43.063 29073 29258 W com.wallapop: Accessing hidden method Lsun/misc/Unsafe;->getInt(Ljava/lang/Object;J)I (greylist, linking, allowed)

07-08 01:02:43.067 29073 29258 W com.wallapop: Accessing hidden method Lsun/misc/Unsafe;->getInt(Ljava/lang/Object;J)I (greylist, linking, allowed)

07-08 01:02:43.070 29073 29258 W com.wallapop: Accessing hidden method Llibcore/io/Memory;->pokeByte(JB)V (greylist, reflection, allowed)

07-08 01:02:43.070 29073 29258 W com.wallapop: Accessing hidden method Llibcore/io/Memory;->peekByte(J)B (greylist, reflection, allowed)

07-08 01:02:43.070 29073 29258 W com.wallapop: Accessing hidden method Lsun/misc/Unsafe;->getLong(Ljava/lang/Object;J)J (greylist,core-platform-api, reflection, allowed)

07-08 01:02:43.071 29073 29258 W com.wallapop: Accessing hidden method Lsun/misc/Unsafe;->getInt(Ljava/lang/Object;J)I (greylist, reflection, allowed)

07-08 01:02:43.071 29073 29258 W com.wallapop: Accessing hidden method Lsun/misc/Unsafe;->putInt(Ljava/lang/Object;JI)V (greylist, reflection, allowed)

07-08 01:02:43.071 29073 29258 W com.wallapop: Accessing hidden method Lsun/misc/Unsafe;->getLong(Ljava/lang/Object;J)J (greylist,core-platform-api, reflection, allowed)

07-08 01:02:43.071 29073 29258 W com.wallapop: Accessing hidden method Lsun/misc/Unsafe;->putLong(Ljava/lang/Object;JJ)V (greylist, reflection, allowed)

07-08 01:02:43.071 29073 29258 W com.wallapop: Accessing hidden method Lsun/misc/Unsafe;->getObject(Ljava/lang/Object;J)Ljava/lang/Object; (greylist, reflection, allowed)

07-08 01:02:43.071 29073 29258 W com.wallapop: Accessing hidden method Lsun/misc/Unsafe;->putObject(Ljava/lang/Object;JLjava/lang/Object;)V (greylist, reflection, allowed)

07-08 01:02:43.178 29073 29280 W com.wallapop: Accessing hidden method Lsun/misc/Unsafe;->putInt(Ljava/lang/Object;JI)V (greylist, linking, allowed)

07-08 01:02:43.178 29073 29280 W com.wallapop: Accessing hidden method Lsun/misc/Unsafe;->putLong(Ljava/lang/Object;JJ)V (greylist, linking, allowed)

07-08 01:02:43.180 29073 29180 W com.wallapop: Accessing hidden method Lsun/misc/Unsafe;->putInt(Ljava/lang/Object;JI)V (greylist, linking, allowed)

07-08 01:02:43.253 29073 29464 W com.wallapop: Accessing hidden method Lsun/misc/Unsafe;->compareAndSwapObject(Ljava/lang/Object;JLjava/lang/Object;Ljava/lang/Object;)Z (greylist, linking, allowed)

07-08 01:02:43.253 29073 29462 W com.wallapop: Accessing hidden method Lsun/misc/Unsafe;->compareAndSwapObject(Ljava/lang/Object;JLjava/lang/Object;Ljava/lang/Object;)Z (greylist, linking, allowed)

07-08 01:02:43.253 29073 29465 W com.wallapop: Accessing hidden method Lsun/misc/Unsafe;->compareAndSwapObject(Ljava/lang/Object;JLjava/lang/Object;Ljava/lang/Object;)Z (greylist, linking, allowed)

07-08 01:02:43.333 29073 29258 W com.wallapop: Accessing hidden method Lsun/misc/Unsafe;->compareAndSwapObject(Ljava/lang/Object;JLjava/lang/Object;Ljava/lang/Object;)Z (greylist, linking, allowed)

07-08 01:02:43.339 29073 29431 W com.wallapop: Accessing hidden method Lsun/misc/Unsafe;->getObject(Ljava/lang/Object;J)Ljava/lang/Object; (greylist, linking, allowed)

07-08 01:02:43.339 29073 29431 W com.wallapop: Accessing hidden method Lsun/misc/Unsafe;->getInt(Ljava/lang/Object;J)I (greylist, linking, allowed)

07-08 01:02:43.343 29073 29420 W com.wallapop: Long monitor contention with owner gads-9 (29421) at dalvik.system.BlockGuard$Policy dalvik.system.BlockGuard.getThreadPolicy()(BlockGuard.java:214) waiters=0 in void com.google.android.ads.tasks.d.a() for 202ms

07-08 01:02:43.347 29073 29431 W com.wallapop: Accessing hidden method Lsun/misc/Unsafe;->getLong(Ljava/lang/Object;J)J (greylist,core-platform-api, linking, allowed)

07-08 01:02:43.349 29073 29328 W com.wallapop: Accessing hidden method Lsun/misc/Unsafe;->putInt(Ljava/lang/Object;JI)V (greylist, linking, allowed)

07-08 01:02:43.350 29073 29321 W com.wallapop: Accessing hidden method Lsun/misc/Unsafe;->putInt(Ljava/lang/Object;JI)V (greylist, linking, allowed)

07-08 01:02:43.350 29073 29431 W com.wallapop: Accessing hidden method Lsun/misc/Unsafe;->getInt(Ljava/lang/Object;J)I (greylist, linking, allowed)

07-08 01:02:43.351 29073 29323 W com.wallapop: Accessing hidden method Lsun/misc/Unsafe;->getInt(Ljava/lang/Object;J)I (greylist, linking, allowed)

07-08 01:02:43.353 29073 29321 W com.wallapop: Accessing hidden method Lsun/misc/Unsafe;->getInt(Ljava/lang/Object;J)I (greylist, linking, allowed)

07-08 01:02:43.353 29073 29432 W com.wallapop: Accessing hidden method Lsun/misc/Unsafe;->getInt(Ljava/lang/Object;J)I (greylist, linking, allowed)

07-08 01:02:43.494 29073 29180 W com.wallapop: Accessing hidden method Lsun/misc/Unsafe;->getInt(Ljava/lang/Object;J)I (greylist, linking, allowed)

07-08 01:02:43.494 29073 29180 W com.wallapop: Accessing hidden method Lsun/misc/Unsafe;->putInt(Ljava/lang/Object;JI)V (greylist, linking, allowed)

07-08 01:02:43.494 29073 29280 W com.wallapop: Accessing hidden method Lsun/misc/Unsafe;->putInt(Ljava/lang/Object;JI)V (greylist, linking, allowed)

07-08 01:02:43.497 29073 29073 W View    : requestLayout() improperly called by com.wallapop.design.view.WallapopTextView{e03406 V.ED..... ......ID 47,26-47,81 #7f0a0a85 app:id/wp__home__tv_bubble} during layout: running second layout pass

07-08 01:02:43.558 29073 29414 W com.wallapop: Accessing hidden method Lsun/misc/Unsafe;->getInt(Ljava/lang/Object;J)I (greylist, linking, allowed)

07-08 01:02:43.625 29073 29180 W com.wallapop: Accessing hidden method Lsun/misc/Unsafe;->putInt(Ljava/lang/Object;JI)V (greylist, linking, allowed)

07-08 01:02:43.628 29073 29325 W com.wallapop: Accessing hidden method Lsun/misc/Unsafe;->putObject(Ljava/lang/Object;JLjava/lang/Object;)V (greylist, linking, allowed)

07-08 01:02:43.832 29073 29497 W com.wallapop: Accessing hidden method Lsun/misc/Unsafe;->compareAndSwapObject(Ljava/lang/Object;JLjava/lang/Object;Ljava/lang/Object;)Z (greylist, linking, allowed)

07-08 01:02:43.847 29073 29465 W com.wallapop: Accessing hidden method Lsun/misc/Unsafe;->getObject(Ljava/lang/Object;J)Ljava/lang/Object; (greylist, linking, allowed)

07-08 01:02:43.847 29073 29465 W com.wallapop: Accessing hidden method Lsun/misc/Unsafe;->getInt(Ljava/lang/Object;J)I (greylist, linking, allowed)

07-08 01:02:43.847 29073 29465 W com.wallapop: Accessing hidden method Lsun/misc/Unsafe;->getLong(Ljava/lang/Object;J)J (greylist,core-platform-api, linking, allowed)

07-08 01:02:43.847 29073 29465 W com.wallapop: Accessing hidden method Lsun/misc/Unsafe;->putInt(Ljava/lang/Object;JI)V (greylist, linking, allowed)

07-08 01:02:43.886 29073 29543 D Amazon DTB Ads API: with json params:[{"oo":"false","dinfo":{"os":"Android","model":"SM-G965F","make":"samsung","osVersion":"10","connectionType":"Wifi","country":"ES","scalingFactor":"2.625","carrier":"","language":"es","screenSize":"1080x2094","orientation":"portrait"},"ad-id":"A03863gai0nboYBq_wzHL-w","mraid":["1.0","2.0","3.0"],"idfa":"a3fe49b3-a5e8-4500-bb3d-2a76dd7c7301","geoloc":"41.4479521,2.2382348,14.296","isDTBMobile":"true","ua":"Dalvik\/2.1.0 (Linux; U; Android 10; SM-G965F Build\/QP1A.190711.020)","pkg":{"lbl":"_Wallapop_","pn":"com.wallapop","v":"10102000","vn":"1.102.0-d2007061006"},"gdpr":{"e":"1","c":"BO13wEuO13wRSAHABAktCb-AAAAo1rv___7__9_-____9uz7Ov_v_f__33e8779v_h_7_-___u_-3zd4u_1vf99yfm1-7ctr3tp_87uesm_Xur__59__3z3_9phP78k89r7337Ew4MA"},"adsdk":"aps-android-7.4.3","slots":[{"sz":"320x50","slot":"f414d83c-ab9f-4e02-9c59-5137663ee6c7","slotId":1,"supportedMediaTypes":["DISPLAY"]},{"sz":"320x100","slot":"f414d83c-ab9f-4e02-9c59-5137663ee6c7","slotId":2,"supportedMediaTypes":["DISPLAY"]},{"sz":"320x200","slot":"f414d83c-ab9f-4e02-9c59-5137663ee6c7","slotId":3,"supportedMediaTypes":["DISPLAY"]}],"appId":"d2ba46e2d5ef4c9883051d9c8d0125d5"}]

07-08 01:02:43.914 29011 29064 W ByMatcher: Node returned null child: android.view.accessibility.AccessibilityNodeInfo@9e3a; boundsInParent: Rect(0, 0 - 1080, 2028); boundsInScreen: Rect(0, 213 - 1080, 2094); packageName: com.wallapop; className: android.view.ViewGroup; text: null; error: null; maxTextLength: -1; contentDescription: null; tooltipText: null; viewIdResName: com.wallapop:id/swipeToRefresh; checkable: false; checked: false; focusable: false; focused: false; selected: false; clickable: false; longClickable: false; contextClickable: false; enabled: true; password: false; scrollable: false; importantForAccessibility: false; visible: true; actions: [AccessibilityAction: ACTION_SELECT - null, AccessibilityAction: ACTION_CLEAR_SELECTION - null, AccessibilityAction: ACTION_ACCESSIBILITY_FOCUS - null, AccessibilityAction: ACTION_SHOW_ON_SCREEN - null]

