11-10 10:37:37.837 12092 12414 I com.wallapop: Waiting for a blocking GC ClassLinker

11-10 10:37:37.839 12092 12416 I com.wallapop: Waiting for a blocking GC ClassLinker

11-10 10:37:37.841 12092 12415 I com.wallapop: Waiting for a blocking GC ClassLinker

11-10 10:37:37.843 12092 12418 I com.wallapop: Waiting for a blocking GC ClassLinker

11-10 10:37:37.845 12092 12417 I com.wallapop: Waiting for a blocking GC ClassLinker

11-10 10:37:37.846 12092 12419 I com.wallapop: Waiting for a blocking GC ClassLinker

11-10 10:37:37.847 12092 12421 I com.wallapop: Waiting for a blocking GC ClassLinker

11-10 10:37:37.849 12092 12420 I com.wallapop: Waiting for a blocking GC ClassLinker

11-10 10:37:37.850 12092 12422 I com.wallapop: Waiting for a blocking GC ClassLinker

11-10 10:37:37.854 12092 12423 I com.wallapop: Waiting for a blocking GC ClassLinker

11-10 10:37:37.862 12092 12103 I com.wallapop: Background concurrent copying GC freed 187203(11MB) AllocSpace objects, 64(3MB) LOS objects, 50% free, 17MB/35MB, paused 434us total 261.275ms

11-10 10:37:37.862 12092 12396 I com.wallapop: WaitForGcToComplete blocked ClassLinker on ClassLinker for 67.456ms

11-10 10:37:37.862 12092 12402 I com.wallapop: WaitForGcToComplete blocked ClassLinker on ClassLinker for 62.267ms

11-10 10:37:37.864 12092 12400 I com.wallapop: WaitForGcToComplete blocked ClassLinker on ClassLinker for 67.808ms

11-10 10:37:37.864 12092 12405 I com.wallapop: WaitForGcToComplete blocked ClassLinker on ClassLinker for 54.747ms

11-10 10:37:37.865 12092 12406 I com.wallapop: WaitForGcToComplete blocked ClassLinker on ClassLinker for 60.828ms

11-10 10:37:37.865 12092 12410 I com.wallapop: WaitForGcToComplete blocked ClassLinker on ClassLinker for 38.275ms

11-10 10:37:37.865 12092 12409 I com.wallapop: WaitForGcToComplete blocked ClassLinker on ClassLinker for 35.592ms

11-10 10:37:37.865 12092 12411 I com.wallapop: Waiting for a blocking GC ClassLinker

11-10 10:37:37.866 12092 12413 I com.wallapop: Waiting for a blocking GC ClassLinker

11-10 10:37:37.866 12092 12414 I com.wallapop: Waiting for a blocking GC ClassLinker

11-10 10:37:37.866 12092 12407 I com.wallapop: Waiting for a blocking GC ClassLinker

11-10 10:37:37.866 12092 12415 I com.wallapop: Waiting for a blocking GC ClassLinker

11-10 10:37:37.867 12092 12418 I com.wallapop: Waiting for a blocking GC ClassLinker

11-10 10:37:37.867 12092 12417 I com.wallapop: Waiting for a blocking GC ClassLinker

11-10 10:37:37.867 12092 12419 I com.wallapop: Waiting for a blocking GC ClassLinker

11-10 10:37:37.867 12092 12421 I com.wallapop: Waiting for a blocking GC ClassLinker

11-10 10:37:37.867 12092 12420 I com.wallapop: Waiting for a blocking GC ClassLinker

11-10 10:37:37.868 12092 12422 I com.wallapop: Waiting for a blocking GC ClassLinker

11-10 10:37:37.868 12092 12423 I com.wallapop: Waiting for a blocking GC ClassLinker

11-10 10:37:37.868 12092 12404 I com.wallapop: Waiting for a blocking GC ClassLinker

11-10 10:37:37.868 12092 12401 I com.wallapop: Waiting for a blocking GC ClassLinker

11-10 10:37:37.868 12092 12403 I com.wallapop: Waiting for a blocking GC ClassLinker

11-10 10:37:37.868 12092 12412 I com.wallapop: Waiting for a blocking GC ClassLinker

11-10 10:37:37.868 12092 12416 I com.wallapop: WaitForGcToComplete blocked ClassLinker on ClassLinker for 29.040ms

11-10 10:37:37.869 12092 12408 I com.wallapop: WaitForGcToComplete blocked ClassLinker on ClassLinker for 43.469ms

11-10 10:37:37.869 12092 12413 I com.wallapop: Waiting for a blocking GC ClassLinker

11-10 10:37:37.869 12092 12414 I com.wallapop: Waiting for a blocking GC ClassLinker

11-10 10:37:37.869 12092 12407 I com.wallapop: Waiting for a blocking GC ClassLinker

11-10 10:37:37.870 12092 12415 I com.wallapop: Waiting for a blocking GC ClassLinker

11-10 10:37:37.870 12092 12418 I com.wallapop: Waiting for a blocking GC ClassLinker

11-10 10:37:37.870 12092 12417 I com.wallapop: Waiting for a blocking GC ClassLinker

11-10 10:37:37.870 12092 12419 I com.wallapop: Waiting for a blocking GC ClassLinker

11-10 10:37:37.872 12092 12421 I com.wallapop: Waiting for a blocking GC ClassLinker

11-10 10:37:37.873 12092 12420 I com.wallapop: Waiting for a blocking GC ClassLinker

11-10 10:37:37.873 12092 12422 I com.wallapop: Waiting for a blocking GC ClassLinker

11-10 10:37:37.873 12092 12423 I com.wallapop: Waiting for a blocking GC ClassLinker

11-10 10:37:37.873 12092 12404 I com.wallapop: Waiting for a blocking GC ClassLinker

11-10 10:37:37.873 12092 12401 I com.wallapop: Waiting for a blocking GC ClassLinker

11-10 10:37:37.873 12092 12403 I com.wallapop: Waiting for a blocking GC ClassLinker

11-10 10:37:37.874 12092 12412 I com.wallapop: Waiting for a blocking GC ClassLinker

11-10 10:37:37.874 12092 12411 I com.wallapop: Waiting for a blocking GC ClassLinker

11-10 10:37:37.874 12092 12413 I com.wallapop: WaitForGcToComplete blocked ClassLinker on ClassLinker for 37.710ms

11-10 10:37:37.874 12092 12414 I com.wallapop: WaitForGcToComplete blocked ClassLinker on ClassLinker for 36.471ms

11-10 10:37:37.874 12092 12418 I com.wallapop: WaitForGcToComplete blocked ClassLinker on ClassLinker for 30.716ms

11-10 10:37:37.874 12092 12417 I com.wallapop: WaitForGcToComplete blocked ClassLinker on ClassLinker for 29.744ms

11-10 10:37:37.875 12092 12407 I com.wallapop: Waiting for a blocking GC ClassLinker

11-10 10:37:37.875 12092 12415 I com.wallapop: Waiting for a blocking GC ClassLinker

11-10 10:37:37.875 12092 12422 I com.wallapop: Waiting for a blocking GC ClassLinker

11-10 10:37:37.881 12092 12423 I com.wallapop: Waiting for a blocking GC ClassLinker

11-10 10:37:37.881 12092 12404 I com.wallapop: Waiting for a blocking GC ClassLinker

11-10 10:37:37.881 12092 12401 I com.wallapop: Waiting for a blocking GC ClassLinker

11-10 10:37:37.881 12092 12403 I com.wallapop: Waiting for a blocking GC ClassLinker

11-10 10:37:37.882 12092 12412 I com.wallapop: Waiting for a blocking GC ClassLinker

11-10 10:37:37.882 12092 12411 I com.wallapop: Waiting for a blocking GC ClassLinker

11-10 10:37:37.882 12092 12421 I com.wallapop: WaitForGcToComplete blocked ClassLinker on ClassLinker for 34.715ms

11-10 10:37:37.882 12092 12420 I com.wallapop: WaitForGcToComplete blocked ClassLinker on ClassLinker for 33.432ms

11-10 10:37:37.882 12092 12419 I com.wallapop: Waiting for a blocking GC ClassLinker

11-10 10:37:37.884 12092 12415 I com.wallapop: Waiting for a blocking GC ClassLinker

11-10 10:37:37.884 12092 12422 I com.wallapop: Waiting for a blocking GC ClassLinker

11-10 10:37:37.884 12092 12423 I com.wallapop: Waiting for a blocking GC ClassLinker

11-10 10:37:37.884 12092 12404 I com.wallapop: Waiting for a blocking GC ClassLinker

11-10 10:37:37.884 12092 12401 I com.wallapop: Waiting for a blocking GC ClassLinker

11-10 10:37:37.885 12092 12403 I com.wallapop: Waiting for a blocking GC ClassLinker

11-10 10:37:37.885 12092 12412 I com.wallapop: Waiting for a blocking GC ClassLinker

11-10 10:37:37.885 12092 12411 I com.wallapop: Waiting for a blocking GC ClassLinker

11-10 10:37:37.885 12092 12407 I com.wallapop: Waiting for a blocking GC ClassLinker

11-10 10:37:37.885 12092 12419 I com.wallapop: WaitForGcToComplete blocked ClassLinker on ClassLinker for 39.475ms

11-10 10:37:37.885 12092 12415 I com.wallapop: WaitForGcToComplete blocked ClassLinker on ClassLinker for 44.761ms

11-10 10:37:37.886 12092 12404 I com.wallapop: WaitForGcToComplete blocked ClassLinker on ClassLinker for 68.475ms

11-10 10:37:37.886 12092 12401 I com.wallapop: WaitForGcToComplete blocked ClassLinker on ClassLinker for 83.498ms

11-10 10:37:37.886 12092 12412 I com.wallapop: WaitForGcToComplete blocked ClassLinker on ClassLinker for 55.003ms

11-10 10:37:37.886 12092 12407 I com.wallapop: WaitForGcToComplete blocked ClassLinker on ClassLinker for 62.503ms

11-10 10:37:37.886 12092 12411 I com.wallapop: WaitForGcToComplete blocked ClassLinker on ClassLinker for 52.280ms

11-10 10:37:37.886 12092 12422 I com.wallapop: Waiting for a blocking GC ClassLinker

11-10 10:37:37.887 12092 12423 I com.wallapop: Waiting for a blocking GC ClassLinker

11-10 10:37:37.887 12092 12403 I com.wallapop: WaitForGcToComplete blocked ClassLinker on ClassLinker for 66.379ms

11-10 10:37:37.887 12092 12423 I com.wallapop: WaitForGcToComplete blocked ClassLinker on ClassLinker for 32.986ms

11-10 10:37:37.887 12092 12422 I com.wallapop: Waiting for a blocking GC ClassLinker

11-10 10:37:37.887 12092 12422 I com.wallapop: WaitForGcToComplete blocked ClassLinker on ClassLinker for 36.853ms

11-10 10:37:38.007 12092 12092 W com.wallapop: Accessing hidden method Landroid/widget/TextView;->getTextDirectionHeuristic()Landroid/text/TextDirectionHeuristic; (light greylist, linking)

11-10 10:37:38.019 12092 12092 W com.wallapop: Accessing hidden method Landroid/graphics/FontFamily;-><init>()V (light greylist, reflection)

11-10 10:37:38.019 12092 12092 W com.wallapop: Accessing hidden method Landroid/graphics/FontFamily;->addFontFromAssetManager(Landroid/content/res/AssetManager;Ljava/lang/String;IZIII[Landroid/graphics/fonts/FontVariationAxis;)Z (light greylist, reflection)

11-10 10:37:38.019 12092 12092 W com.wallapop: Accessing hidden method Landroid/graphics/FontFamily;->addFontFromBuffer(Ljava/nio/ByteBuffer;I[Landroid/graphics/fonts/FontVariationAxis;II)Z (light greylist, reflection)

11-10 10:37:38.019 12092 12092 W com.wallapop: Accessing hidden method Landroid/graphics/FontFamily;->freeze()Z (light greylist, reflection)

11-10 10:37:38.019 12092 12092 W com.wallapop: Accessing hidden method Landroid/graphics/FontFamily;->abortCreation()V (light greylist, reflection)

11-10 10:37:38.019 12092 12092 W com.wallapop: Accessing hidden method Landroid/graphics/Typeface;->createFromFamiliesWithDefault([Landroid/graphics/FontFamily;Ljava/lang/String;II)Landroid/graphics/Typeface; (light greylist, reflection)

11-10 10:37:38.621  4211  5239 D ActivityManagerPerformance: Received MSG_DISABLE_ACT_START, r: ActivityRecord{67437b8 u0 com.wallapop/com.rewallapop.ui.wall.WallActivity t2123}

11-10 10:37:38.865 12092 12097 I com.wallapop: Compiler allocated 4MB to compile void android.widget.TextView.<init>(android.content.Context, android.util.AttributeSet, int, int)

11-10 10:37:39.026  3727  3727 I SurfaceFlinger: id=23681 createSurf (4440x4440),2 flag=4, eae6789 com.wallapop/com.rewallapop.ui.wall.WallActivity#0

11-10 10:37:39.072  3562  3582 I Finsky  : [8251] fxs.d(3): com.wallapop: Account determined from installer data - [rJj4Md76H4LxoN-B4dnoZM7XaXDDBcXGlC-caOCi6Uc]

11-10 10:37:39.073  3562  3582 I Finsky  : [8251] fxs.d(14): com.wallapop: Account from preferred account - [rJj4Md76H4LxoN-B4dnoZM7XaXDDBcXGlC-caOCi6Uc]

11-10 10:37:39.131  3562  3582 I Finsky  : [8251] fxs.d(3): com.wallapop: Account determined from installer data - [rJj4Md76H4LxoN-B4dnoZM7XaXDDBcXGlC-caOCi6Uc]

11-10 10:37:39.132  3562  3582 I Finsky  : [8251] fxs.d(14): com.wallapop: Account from preferred account - [rJj4Md76H4LxoN-B4dnoZM7XaXDDBcXGlC-caOCi6Uc]

11-10 10:37:39.228  3562  3582 I Finsky  : [8251] fxs.d(3): com.wallapop: Account determined from installer data - [rJj4Md76H4LxoN-B4dnoZM7XaXDDBcXGlC-caOCi6Uc]

11-10 10:37:39.229  3562  3582 I Finsky  : [8251] fxs.d(14): com.wallapop: Account from preferred account - [rJj4Md76H4LxoN-B4dnoZM7XaXDDBcXGlC-caOCi6Uc]

11-10 10:37:39.255  4211  4390 D WifiTrafficPoller: TrafficStats TxPkts=768015 RxPkts=1363612 TxBytes=175156480 RxBytes=1290384928 , Foreground uid=10311 pkgName=com.wallapop TxPackets=64903 RxPackets=73306 TxBytes=10069524 RxBytes=71901650

11-10 10:37:39.312  3562  3582 I Finsky  : [8251] fxs.d(3): com.wallapop: Account determined from installer data - [rJj4Md76H4LxoN-B4dnoZM7XaXDDBcXGlC-caOCi6Uc]

11-10 10:37:39.312  3562  3582 I Finsky  : [8251] fxs.d(14): com.wallapop: Account from preferred account - [rJj4Md76H4LxoN-B4dnoZM7XaXDDBcXGlC-caOCi6Uc]

11-10 10:37:39.626  4211  7552 V WindowManager: Relayout Window{eae6789 u0 com.wallapop/com.rewallapop.ui.wall.WallActivity}: viewVisibility=0 req=1080x2220 {(0,0)(fillxfill) sim={adjust=resize forwardNavigation} ty=BASE_APPLICATION wanim=0x10302fe

11-10 10:37:39.631  3727  3727 I SurfaceFlinger: id=23682 createSurf (1080x2220),1 flag=404, com.wallapop/com.rewallapop.ui.wall.WallActivity[12092]#0

11-10 10:37:39.632  4211  7552 D WindowManager: makeSurface duration=2 name=com.wallapop/com.rewallapop.ui.wall.WallActivity[12092]

11-10 10:37:39.633  4211  7552 V WindowManager: Changing focus from null to Window{eae6789 u0 com.wallapop/com.rewallapop.ui.wall.WallActivity} Callers=com.android.server.wm.WindowManagerService.relayoutWindow:2526 com.android.server.wm.Session.relayoutForTranslate:302 android.view.IWindowSession$Stub.onTransact:518 com.android.server.wm.Session.onTransact:186

11-10 10:37:39.633  4211  4228 D WindowManager: setSystemUiVisibility: vis= 0xa518, fullscreenVis= 0x2000, dockedVis= 0x0, win=Window{eae6789 u0 com.wallapop/com.rewallapop.ui.wall.WallActivity}

11-10 10:37:39.638  4211  4242 D WindowManager: reportFocusChangedSerialized, focused=true, inTouchMode=true, win=Window{eae6789 u0 com.wallapop/com.rewallapop.ui.wall.WallActivity}

11-10 10:37:39.764  3562  3582 I Finsky  : [8251] fxs.d(3): com.wallapop: Account determined from installer data - [rJj4Md76H4LxoN-B4dnoZM7XaXDDBcXGlC-caOCi6Uc]

11-10 10:37:39.764  3562  3582 I Finsky  : [8251] fxs.d(14): com.wallapop: Account from preferred account - [rJj4Md76H4LxoN-B4dnoZM7XaXDDBcXGlC-caOCi6Uc]

11-10 10:37:39.897  4211  5662 D WindowManager: finishDrawingWindow: Window{eae6789 u0 com.wallapop/com.rewallapop.ui.wall.WallActivity} mDrawState=DRAW_PENDING

11-10 10:37:39.900  4211  4310 I WindowManager: commitFinishDrawingLocked: mDrawState=READY_TO_SHOW Surface(name=com.wallapop/com.rewallapop.ui.wall.WallActivity[12092])/@0xa710e4a

11-10 10:37:39.900  4211  4310 V WindowManager: Resize reasons for w=Window{eae6789 u0 com.wallapop/com.rewallapop.ui.wall.WallActivity}:  contentInsetsChanged=false [0,63][0,126] visibleInsetsChanged=false [0,63][0,126] stableInsetsChanged=false [0,63][0,126] outsetsChanged=false [0,0][0,0] surfaceResized=false configChanged=false dragResizingChanged=false reportOrientationChanged=false displayCutoutChanged=false nextForceRelayoutToClient=false

11-10 10:37:39.914  4211  4310 I WindowManager: commitFinishDrawingLocked: mDrawState=READY_TO_SHOW Surface(name=com.wallapop/com.rewallapop.ui.wall.WallActivity[12092])/@0xa710e4a

11-10 10:37:39.914  4211  4310 I WindowManager: Cancelling animation restarting=false, leash=null, surface=Surface(name=eae6789 com.wallapop/com.rewallapop.ui.wall.WallActivity)/@0xbb9d1bb, parent=Surface(name=AppWindowToken{57ba0f6 token=Token{8c5f991 ActivityRecord{67437b8 u0 com.wallapop/com.rewallapop.ui.wall.WallActivity t2123}}})/@0xda776d8

11-10 10:37:39.915  4211  4310 V WindowManager: performShowLocked: mDrawState=HAS_DRAWN in Window{eae6789 u0 com.wallapop/com.rewallapop.ui.wall.WallActivity}

11-10 10:37:39.932  3727  3727 I SurfaceFlinger:      Device | 0x70dda1fa80 | 0002 | RGBA_8888 |   0.0    0.0 1080.0 2220.0 |    0    0 1080 2220 | com.wallapop/com.rewallapop.ui.wall.WallActivity[12092]#0

11-10 10:37:39.932  3727  3727 I SurfaceFlinger:      Device | 0x70dda20d40 | 0000 | RGBA_8888 |   0.0    0.0 1080.0 2220.0 |    0    0 1080 2220 | Splash Screen com.wallapop#0

11-10 10:37:39.939  4211  4242 I ActivityManager: Displayed com.wallapop/com.rewallapop.ui.wall.WallActivity: +2s794ms (total +11s887ms)

11-10 10:37:39.951  4211  4310 V WindowManager: Remove Window{d495a4d u0 Splash Screen com.wallapop}: mSurfaceController=Surface(name=Splash Screen com.wallapop)/@0xd541c6f mAnimatingExit=false mRemoveOnExit=false mHasSurface=true surfaceShowing=true isAnimationSet=false app-animation=false mWillReplaceWindow=false inPendingTransaction=false mDisplayFrozen=false callers=com.android.server.wm.WindowState.removeIfPossible:2764 com.android.server.wm.WindowManagerService.removeWindow:1943 com.android.server.wm.Session.remove:268 android.view.ViewRootImpl.dispatchDetachedFromWindow:4565 android.view.ViewRootImpl.doDie:7996 android.view.ViewRootImpl$ViewRootHandler.handleMessage:4987

11-10 10:37:39.953  4211  4310 I WindowManager: Cancelling animation restarting=true, leash=null, surface=Surface(name=d495a4d Splash Screen com.wallapop)/@0x4f2acf7, parent=Surface(name=AppWindowToken{57ba0f6 token=Token{8c5f991 ActivityRecord{67437b8 u0 com.wallapop/com.rewallapop.ui.wall.WallActivity t2123}}})/@0xda776d8

11-10 10:37:39.953  4211  4310 I WindowManager: Reparenting to leash, surface=Surface(name=d495a4d Splash Screen com.wallapop)/@0x4f2acf7

11-10 10:37:39.955  3727  3727 I SurfaceFlinger: id=23683 createSurf (4440x4440),2 flag=4, Surface(name=d495a4d Splash Screen com.wallapop)/@0x4f2acf7 - animation-leash#0

11-10 10:37:39.957  4211  4310 D WindowManager: makeSurface duration=4 leash=Surface(name=Surface(name=d495a4d Splash Screen com.wallapop)/@0x4f2acf7 - animation-leash)/@0xb248f0

11-10 10:37:39.957  4211  4310 D SurfaceControl: reparent is called, sc=Surface(name=d495a4d Splash Screen com.wallapop)/@0x4f2acf7, newParentHandle=android.os.BinderProxy@7c25e69, transaction=android.view.SurfaceControl$Transaction@9bf9dcd

11-10 10:37:39.961  3727  3771 D Layer   : [d495a4d Splash Screen com.wallapop#0]::reparent oldParent:[AppWindowToken{57ba0f6 token=Token{8c5f991 ActivityRecord{67437b8 u0 com.wallapop/com.rewallapop.ui.wall.WallActivity t2123}}}#0], newParent:[Surface(name=d495a4d Splash Screen com.wallapop)/@0x4f2acf7 - animation-leash#0]

11-10 10:37:40.085 12092 12092 V InputMethodManager: Starting input: tba=com.wallapop ic=null mNaviBarColor -1 mIsGetNaviBarColorSuccess true , NavVisible : true , NavTrans : false

11-10 10:37:40.087  4211  6757 V InputMethodManagerService: windowGainedFocus : reason=WINDOW_FOCUS_GAIN client=android.os.BinderProxy@a161953 inputContext=null missingMethods= attribute=android.view.inputmethod.EditorInfo@14b9fc6 nm = com.wallapop controlFlags=#104 softInputMode=#110 windowFlags=#81810100

11-10 10:37:40.119  4211  4310 I WindowManager: reset, Reparenting to original parent, shouldDeferScheduleAnimation=false, destroyLeash=true, surface=Surface(name=d495a4d Splash Screen com.wallapop)/@0x4f2acf7, parent=Surface(name=AppWindowToken{57ba0f6 token=Token{8c5f991 ActivityRecord{67437b8 u0 com.wallapop/com.rewallapop.ui.wall.WallActivity t2123}}})/@0xda776d8, parentNativeHandle=android.os.BinderProxy@351f252, caller=com.android.server.wm.SurfaceAnimator.lambda$getFinishedCallback$0:97 com.android.server.wm.-$$Lambda$SurfaceAnimator$SIBia0mND666K8lMCPsoid8pUTI.run:4 com.android.server.wm.SurfaceAnimator.lambda$getFinishedCallback$1:104 com.android.server.wm.-$$Lambda$SurfaceAnimator$vdRZk66hQVbQCvVXEaQCT1kVmFc.onAnimationFinished:4 com.android.server.wm.LocalAnimationAdapter.lambda$startAnimation$0:74

11-10 10:37:40.119  4211  4310 D SurfaceControl: reparent is called, sc=Surface(name=d495a4d Splash Screen com.wallapop)/@0x4f2acf7, newParentHandle=android.os.BinderProxy@351f252, transaction=android.view.SurfaceControl$Transaction@9bf9dcd

11-10 10:37:40.120  4211  4310 D SurfaceControl: destroy(transaction), animation-leash is destroyed, sc=Surface(name=Surface(name=d495a4d Splash Screen com.wallapop)/@0x4f2acf7 - animation-leash)/@0xb248f0, transaction=android.view.SurfaceControl$Transaction@9bf9dcd, caller=com.android.server.wm.SurfaceAnimator.reset:338 com.android.server.wm.SurfaceAnimator.lambda$getFinishedCallback$0:97 com.android.server.wm.-$$Lambda$SurfaceAnimator$SIBia0mND666K8lMCPsoid8pUTI.run:4 com.android.server.wm.SurfaceAnimator.lambda$getFinishedCallback$1:104 com.android.server.wm.-$$Lambda$SurfaceAnimator$vdRZk66hQVbQCvVXEaQCT1kVmFc.onAnimationFinished:4 com.android.server.wm.LocalAnimationAdapter.lambda$startAnimation$0:74 com.android.server.wm.-$$Lambda$LocalAnimationAdapter$X--EomqUvw4qy89IeeTFTH7aCMo.run:4

11-10 10:37:40.121  4211  4310 E WindowManager: win=Window{d495a4d u0 Splash Screen com.wallapop EXITING} destroySurfaces: appStopped=false win.mWindowRemovalAllowed=true win.mRemoveOnExit=true win.mViewVisibility=0 caller=com.android.server.wm.AppWindowToken.destroySurfaces:870 com.android.server.wm.AppWindowToken.destroySurfaces:851 com.android.server.wm.WindowState.onExitAnimationDone:5436 com.android.server.wm.WindowStateAnimator.onAnimationFinished:319 com.android.server.wm.WindowState.onAnimationFinished:5858 com.android.server.wm.-$$Lambda$yVRF8YoeNdTa8GR1wDStVsHu8xM.run:2 com.android.server.wm.SurfaceAnimator.lambda$getFinishedCallback$0:100

11-10 10:37:40.122  4211  4310 I WindowManager: Destroying surface Surface(name=Splash Screen com.wallapop)/@0xd541c6f called by com.android.server.wm.WindowStateAnimator.destroySurface:1901 com.android.server.wm.WindowStateAnimator.destroySurfaceLocked:838 com.android.server.wm.WindowState.destroySurfaceUnchecked:3839 com.android.server.wm.WindowState.destroySurface:3820 com.android.server.wm.AppWindowToken.destroySurfaces:870 com.android.server.wm.AppWindowToken.destroySurfaces:851 com.android.server.wm.WindowState.onExitAnimationDone:5436 com.android.server.wm.WindowStateAnimator.onAnimationFinished:319

11-10 10:37:40.122  3727  3771 I SurfaceFlinger: id=23676 Removed Splash Screen com.wallapop#0 (0/55)

11-10 10:37:40.131  3727  3770 W SurfaceFlinger: Attempting to set client state on removed layer: Splash Screen com.wallapop#0 [s.what : 40]

11-10 10:37:40.131  3727  3770 D Layer   : [d495a4d Splash Screen com.wallapop#0]::reparent oldParent:[Surface(name=d495a4d Splash Screen com.wallapop)/@0x4f2acf7 - animation-leash#0], newParent:[AppWindowToken{57ba0f6 token=Token{8c5f991 ActivityRecord{67437b8 u0 com.wallapop/com.rewallapop.ui.wall.WallActivity t2123}}}#0]

11-10 10:37:40.131  3727  3770 I SurfaceFlinger: id=23683 Removed Surface(name=d495a4d Splash Screen com.wallapop)/@0x4f2acf7 - animation-leash#0 (2/54)

11-10 10:37:40.131  3727  3770 W SurfaceFlinger: Attempting to destroy on removed layer: Splash Screen com.wallapop#0

11-10 10:37:40.131  3727  3770 I SurfaceFlinger: id=23675 Removed d495a4d Splash Screen com.wallapop#0 (1/53)

11-10 10:37:40.135  3727  3727 I Layer   : id=23676 onRemoved Splash Screen com.wallapop#0

11-10 10:37:40.137  3727  3727 I Layer   : id=23683 onRemoved Surface(name=d495a4d Splash Screen com.wallapop)/@0x4f2acf7 - animation-leash#0

11-10 10:37:40.137  3727  3727 I Layer   : id=23675 onRemoved d495a4d Splash Screen com.wallapop#0

11-10 10:37:40.147  3727  3727 I SurfaceFlinger:      Device | 0x70dda1fa80 | 0002 | RGBA_8888 |   0.0    0.0 1080.0 2220.0 |    0    0 1080 2220 | com.wallapop/com.rewallapop.ui.wall.WallActivity[12092]#0

11-10 10:37:40.273 12092 12092 V InputMethodManager: Starting input: tba=com.wallapop ic=null mNaviBarColor -1 mIsGetNaviBarColorSuccess true , NavVisible : true , NavTrans : false

11-10 10:37:40.319  4622  4682 E RequestManager_FLP: [FusedLocationApi] Location request 27a4e3e(Listener) PRIORITY_BALANCED_POWER_ACCURACY interval=300000 from com.wallapop

11-10 10:37:40.358  3562  3582 I Finsky  : [8251] fxs.d(3): com.wallapop: Account determined from installer data - [rJj4Md76H4LxoN-B4dnoZM7XaXDDBcXGlC-caOCi6Uc]

11-10 10:37:40.359  3562  3582 I Finsky  : [8251] fxs.d(14): com.wallapop: Account from preferred account - [rJj4Md76H4LxoN-B4dnoZM7XaXDDBcXGlC-caOCi6Uc]

11-10 10:37:40.417  3562  3582 I Finsky  : [8251] fxs.d(3): com.wallapop: Account determined from installer data - [rJj4Md76H4LxoN-B4dnoZM7XaXDDBcXGlC-caOCi6Uc]

11-10 10:37:40.417  3562  3582 I Finsky  : [8251] fxs.d(14): com.wallapop: Account from preferred account - [rJj4Md76H4LxoN-B4dnoZM7XaXDDBcXGlC-caOCi6Uc]

11-10 10:37:40.446  4211  6757 I WindowManager: Cancelling animation restarting=false, leash=null, surface=Surface(name=AppWindowToken{5ea1b20 token=Token{2daba23 ActivityRecord{2ec3752 u0 com.wallapop/com.rewallapop.ui.main.MainActivity t2123}}})/@0x901a980, parent=Surface(name=Task=2123)/@0x5a5bb9

11-10 10:37:40.453  3727  3770 I SurfaceFlinger: id=23674 Removed AppWindowToken{5ea1b20 token=Token{2daba23 ActivityRecord{2ec3752 u0 com.wallapop/com.rewallapop.ui.main.MainActivity t2123}}}#0 (0/52)

11-10 10:37:40.461  4211  4228 D CodecSolution: isMaxAspectPackageEx: com.wallapop : true(2)

11-10 10:37:40.469  3727  3727 I Layer   : id=23674 onRemoved AppWindowToken{5ea1b20 token=Token{2daba23 ActivityRecord{2ec3752 u0 com.wallapop/com.rewallapop.ui.main.MainActivity t2123}}}#0

11-10 10:37:40.609  4211  4669 D MdnieScenarioControlService:  packageName : com.wallapop    className : com.rewallapop.ui.wall.WallActivity

11-10 10:37:40.934 12092 12092 W com.wallapop: Accessing hidden field Landroid/view/View;->mAccessibilityDelegate:Landroid/view/View$AccessibilityDelegate; (light greylist, reflection)

11-10 10:37:41.788 12092 12092 W View    : requestLayout() improperly called by com.wallapop.design.view.WallapopTextView{c464acd V.ED..... ......ID 47,26-47,86 #7f0a0904 app:id/wp__home__tv_bubble} during layout: running second layout pass

11-10 10:37:42.086 12092 12103 I com.wallapop: Background concurrent copying GC freed 258190(16MB) AllocSpace objects, 88(8MB) LOS objects, 50% free, 20MB/41MB, paused 746us total 235.845ms

11-10 10:37:42.942 12092 12365 I chatty  : uid=10311(com.wallapop) DefaultDispatch identical 1 line

11-10 10:37:43.351  4211  4390 D WifiTrafficPoller: TrafficStats TxPkts=768265 RxPkts=1363888 TxBytes=175238119 RxBytes=1290547351 , Foreground uid=10311 pkgName=com.wallapop TxPackets=65075 RxPackets=73477 TxBytes=10102494 RxBytes=72022198

11-10 10:37:43.713  4211  6757 D WifiPermissionsUtil: canAccessScanResults: pkgName = com.wallapop, uid = 10311

11-10 10:37:44.242 12092 12341 D Amazon DTB Ads API: with query params:[?dt=android&app=app&dinfo=%7B%22os%22%3A%22Android%22%2C%22model%22%3A%22SM-A750FN%22%2C%22make%22%3A%22samsung%22%2C%22osVersion%22%3A%229%22%2C%22connectionType%22%3A%22Wifi%22%2C%22country%22%3A%22ES%22%2C%22scalingFactor%22%3A%222.625%22%2C%22carrier%22%3A%22JAZZTEL%22%2C%22language%22%3A%22es%22%2C%22screenSize%22%3A%221080x2094%22%2C%22orientation%22%3A%22portrait%22%7D&oo=0&aud=3p&idfa=bf505ce3-e614-4d9a-a4d7-9c324edc6560&appId=d2ba46e2d5ef4c9883051d9c8d0125d5&sdkVer=aps-android-7.4.3&ua=Dalvik%2F2.1.0%20%28Linux%3B%20U%3B%20Android%209%3B%20SM-A750FN%20Build%2FPPR1.180610.011%29&pkg=%7B%22lbl%22%3A%22_Wallapop_%22%2C%22pn%22%3A%22com.wallapop%22%2C%22v%22%3A%221850000%22%2C%22vn%22%3A%221.85.0-d1910251130%22%7D]

11-10 10:37:44.707 12092 12341 D Amazon DTB Ads API: Error while connecting to remote server: https://s.amazon-adsystem.com/api3/generate_did?dt=android&app=app&dinfo=%7B%22os%22%3A%22Android%22%2C%22model%22%3A%22SM-A750FN%22%2C%22make%22%3A%22samsung%22%2C%22osVersion%22%3A%229%22%2C%22connectionType%22%3A%22Wifi%22%2C%22country%22%3A%22ES%22%2C%22scalingFactor%22%3A%222.625%22%2C%22carrier%22%3A%22JAZZTEL%22%2C%22language%22%3A%22es%22%2C%22screenSize%22%3A%221080x2094%22%2C%22orientation%22%3A%22portrait%22%7D&oo=0&aud=3p&idfa=bf505ce3-e614-4d9a-a4d7-9c324edc6560&appId=d2ba46e2d5ef4c9883051d9c8d0125d5&sdkVer=aps-android-7.4.3&ua=Dalvik%2F2.1.0%20%28Linux%3B%20U%3B%20Android%209%3B%20SM-A750FN%20Build%2FPPR1.180610.011%29&pkg=%7B%22lbl%22%3A%22_Wallapop_%22%2C%22pn%22%3A%22com.wallapop%22%2C%22v%22%3A%221850000%22%2C%22vn%22%3A%221.85.0-d1910251130%22%7D with error:Chain validation failed

11-10 10:37:44.709 12092 12341 E Amazon DTB Ads API: 	at com.wallapop.thirdparty.ads.b.a.a(SourceFile:43)

11-10 10:37:44.709 12092 12341 E Amazon DTB Ads API: 	at com.wallapop.thirdparty.ads.b.a$b$1.invokeSuspend(SourceFile:34)

11-10 10:37:44.709 12092 12341 E Amazon DTB Ads API: 	at com.wallapop.thirdparty.ads.b.a$b$1.invoke(Unknown Source:10)

11-10 10:37:44.709 12092 12341 E Amazon DTB Ads API: 	at com.wallapop.thirdparty.ads.b.a$b.invokeSuspend(SourceFile:33)

11-10 10:37:44.813 12092 12636 D Amazon DTB Ads API: with query params:[?dt=android&app=app&dinfo=%7B%22os%22%3A%22Android%22%2C%22model%22%3A%22SM-A750FN%22%2C%22make%22%3A%22samsung%22%2C%22osVersion%22%3A%229%22%2C%22connectionType%22%3A%22Wifi%22%2C%22country%22%3A%22ES%22%2C%22scalingFactor%22%3A%222.625%22%2C%22carrier%22%3A%22JAZZTEL%22%2C%22language%22%3A%22es%22%2C%22screenSize%22%3A%221080x2094%22%2C%22orientation%22%3A%22portrait%22%7D&oo=0&aud=3p&idfa=bf505ce3-e614-4d9a-a4d7-9c324edc6560&appId=d2ba46e2d5ef4c9883051d9c8d0125d5&sdkVer=aps-android-7.4.3&ua=Dalvik%2F2.1.0%20%28Linux%3B%20U%3B%20Android%209%3B%20SM-A750FN%20Build%2FPPR1.180610.011%29&pkg=%7B%22lbl%22%3A%22_Wallapop_%22%2C%22pn%22%3A%22com.wallapop%22%2C%22v%22%3A%221850000%22%2C%22vn%22%3A%221.85.0-d1910251130%22%7D]

11-10 10:37:45.293 12092 12636 D Amazon DTB Ads API: Error while connecting to remote server: https://s.amazon-adsystem.com/api3/generate_did?dt=android&app=app&dinfo=%7B%22os%22%3A%22Android%22%2C%22model%22%3A%22SM-A750FN%22%2C%22make%22%3A%22samsung%22%2C%22osVersion%22%3A%229%22%2C%22connectionType%22%3A%22Wifi%22%2C%22country%22%3A%22ES%22%2C%22scalingFactor%22%3A%222.625%22%2C%22carrier%22%3A%22JAZZTEL%22%2C%22language%22%3A%22es%22%2C%22screenSize%22%3A%221080x2094%22%2C%22orientation%22%3A%22portrait%22%7D&oo=0&aud=3p&idfa=bf505ce3-e614-4d9a-a4d7-9c324edc6560&appId=d2ba46e2d5ef4c9883051d9c8d0125d5&sdkVer=aps-android-7.4.3&ua=Dalvik%2F2.1.0%20%28Linux%3B%20U%3B%20Android%209%3B%20SM-A750FN%20Build%2FPPR1.180610.011%29&pkg=%7B%22lbl%22%3A%22_Wallapop_%22%2C%22pn%22%3A%22com.wallapop%22%2C%22v%22%3A%221850000%22%2C%22vn%22%3A%221.85.0-d1910251130%22%7D with error:Chain validation failed

11-10 10:37:45.345 12092 12636 D Amazon DTB Ads API: with json params:[{"oo":"false","dinfo":{"os":"Android","model":"SM-A750FN","make":"samsung","osVersion":"9","connectionType":"Wifi","country":"ES","scalingFactor":"2.625","carrier":"JAZZTEL","language":"es","screenSize":"1080x2094","orientation":"portrait"},"adsdk":"aps-android-7.4.3","slots":[{"sz":"320x50","slot":"f414d83c-ab9f-4e02-9c59-5137663ee6c7","slotId":1,"supportedMediaTypes":["DISPLAY"]}],"mraid":["1.0","2.0","3.0"],"appId":"d2ba46e2d5ef4c9883051d9c8d0125d5","idfa":"bf505ce3-e614-4d9a-a4d7-9c324edc6560","geoloc":"41.4058221,2.1864421,18.994","isDTBMobile":"true","ua":"Dalvik\/2.1.0 (Linux; U; Android 9; SM-A750FN Build\/PPR1.180610.011)","pkg":{"lbl":"_Wallapop_","pn":"com.wallapop","v":"1850000","vn":"1.85.0-d1910251130"},"gdpr":{"e":"1","c":"BOR0xKKOR0xKKABABAENBZ-AAAAfZ7_______9______9uz_Gv_v_f__33e8__9v_l_7_-___u_-33d4-_1vX99yfm1-7ftr3tp_86ues2vHqK9ZoA"}}]

11-10 10:37:45.362 12092 12103 I com.wallapop: Background concurrent copying GC freed 307492(14MB) AllocSpace objects, 122(5MB) LOS objects, 49% free, 22MB/45MB, paused 984us total 173.449ms

11-10 10:37:46.169 12092 12092 W com.wallapop: Accessing hidden method Landroid/media/AudioTrack;->getLatency()I (light greylist, reflection)

11-10 10:37:46.647  4211  4475 I CodecSolution: pid(12092) pkg(com.wallapop)

11-10 10:37:46.653  4211  4475 I CodecSolution: pid(12092) pkg(com.wallapop)

11-10 10:37:46.657  4211  6757 D CodecSolution: topName : com.wallapop

11-10 10:37:46.657  4211  6757 I CodecSolution: Top : com.wallapop

11-10 10:37:46.658  4211  6757 D SCPMHelper: getPackageInfo(com.wallapop)

11-10 10:37:46.674  4211  5519 D CodecSolution: topName : com.wallapop

11-10 10:37:46.674  4211  5519 I CodecSolution: Top : com.wallapop

11-10 10:37:46.674  4211  5519 D SCPMHelper: getPackageInfo(com.wallapop)

11-10 10:37:47.409  4211  4390 D WifiTrafficPoller: TrafficStats TxPkts=768583 RxPkts=1364208 TxBytes=175310711 RxBytes=1290725081 , Foreground uid=10311 pkgName=com.wallapop TxPackets=65347 RxPackets=73731 TxBytes=10168909 RxBytes=72158661

11-10 10:37:47.498 12092 12660 I chatty  : uid=10311(com.wallapop) CodecLooper identical 1 line

11-10 10:37:47.515 12092 12663 I chatty  : uid=10311(com.wallapop) CodecLooper identical 1 line

11-10 10:37:49.057 12092 12103 I com.wallapop: Background concurrent copying GC freed 261180(13MB) AllocSpace objects, 172(7MB) LOS objects, 48% free, 25MB/49MB, paused 1.052ms total 220.560ms

11-10 10:37:51.469  4211  4390 D WifiTrafficPoller: TrafficStats TxPkts=768938 RxPkts=1364606 TxBytes=175408867 RxBytes=1291001960 , Foreground uid=10311 pkgName=com.wallapop TxPackets=65673 RxPackets=74065 TxBytes=10254283 RxBytes=72382198

11-10 10:37:52.180  4211  4475 I CodecSolution: pid(12092) pkg(com.wallapop)

11-10 10:37:52.196  4211  5519 D CodecSolution: topName : com.wallapop

11-10 10:37:52.196  4211  5519 I CodecSolution: Top : com.wallapop

11-10 10:37:52.196  4211  5519 D SCPMHelper: getPackageInfo(com.wallapop)

11-10 10:37:52.253 12092 12734 I chatty  : uid=10311(com.wallapop) CodecLooper identical 1 line


