Executed '[C740] Help: Access and sections' on 18-07-2019
---------------------------------------------------------------------------------
07-18 09:48:58.900  3790  3832 W System.err: remove failed: ENOENT (No such file or directory) : /data/user/0/com.wallapop/files/AppEventsLogger.persistedevents

07-18 09:48:58.900  3790  3790 V ActivityThread: updateVisibility : ActivityRecord{464a345 token=android.os.BinderProxy@4c84821 {com.wallapop/com.rewallapop.ui.login.OnboardingActivity}} show : true

07-18 09:48:58.930   800  1280 V AlarmManager:  remove PendingIntent] PendingIntent{1463c31: PendingIntentRecord{8a3fe9d com.wallapop broadcastIntent}}

07-18 09:49:18.670   800   889 V MARsPolicyManager: updatePackagesScore PackageInfo name -- com.wallapop

07-18 09:49:18.710   800  1694 V AlarmManager:  remove PendingIntent] PendingIntent{b9140fe: PendingIntentRecord{2ae260c com.wallapop broadcastIntent}}

07-18 09:49:21.230   800  1694 I ActivityManager: Force stopping com.wallapop appid=10285 user=0: from pid 5512

07-18 09:49:21.230   800  1694 I ActivityManager: Killing 3790:com.wallapop/u0a285 (adj 0): stop com.wallapop cause from pid 5512

07-18 09:49:21.240   800  1694 D ActivityManager: isAutoRunBlockedApp:: com.wallapop, Auto Run ON

07-18 09:49:21.240   800  1694 I ActivityManager: isWidgetUsingPkg : com.wallapop no widget is using.

07-18 09:49:21.240   800  1694 W ActivityManager: Force removing ActivityRecord{17c06a5 u0 com.wallapop/com.rewallapop.ui.login.OnboardingActivity t1147}: app died, no saved state

07-18 09:49:21.240   800   800 D MARsPolicyManager: NotificationListenerService OngoingNotificationRemoved : com.wallapop

07-18 09:49:21.280   800  1694 I ActivityManager: Start proc 5547:com.wallapop/u0a285 for activity com.wallapop/com.rewallapop.ui.searchwall.SearchWallActivity

07-18 09:49:21.280  5547  5547 W SELinux : SELinux: seapp_context_lookup: seinfo=default, level=s0:c512,c768, pkgname=com.wallapop

07-18 09:49:21.280   800  1694 I ActivityManager:   Force finishing activity ActivityRecord{800eb8 u0 com.wallapop/com.rewallapop.ui.wall.WallActivity t1147}

07-18 09:49:21.280   800  1694 I ActivityManager:   Force finishing activity ActivityRecord{27b8729 u0 com.wallapop/com.rewallapop.ui.searchwall.SearchWallActivity t1147}

07-18 09:49:21.310   800   961 W WindowManager: Attempted to add application window with unknown token Token{47d3aae ActivityRecord{27b8729 u0 com.wallapop/com.rewallapop.ui.searchwall.SearchWallActivity t1147 f}}.  Aborting.

07-18 09:49:21.310   800   800 V AlarmManager: Remove alarm for next reason : android.intent.action.PACKAGE_RESTARTED : package: com.wallapop

07-18 09:49:21.320   800   961 W WindowManager: Token{47d3aae ActivityRecord{27b8729 u0 com.wallapop/com.rewallapop.ui.searchwall.SearchWallActivity t1147 f}} already running, starting window not displayed. Unable to add window -- token Token{47d3aae ActivityRecord{27b8729 u0 com.wallapop/com.rewallapop.ui.searchwall.SearchWallActivity t1147 f}} is not valid; is your activity running?

07-18 09:49:21.360 32410 32410 I ClearDataReceiver: [#DCM#] Intent Data: package:com.wallapop

07-18 09:49:21.390   800  1845 I WindowState: WIN DEATH: Window{cb38156 u0 d0 com.wallapop/com.rewallapop.ui.wall.WallActivity}

07-18 09:49:21.400   800   827 I WindowState: WIN DEATH: Window{6e653ba u0 d0 com.wallapop/com.rewallapop.ui.searchwall.SearchWallActivity}

07-18 09:49:21.470  5547  5547 W ResourcesManager: getTopLevelResources: /data/app/com.wallapop-1/base.apk / 1.0 running in com.wallapop rsrc of package null

07-18 09:49:21.570   800  2250 V WindowManager: addAppToken: AppWindowToken{e0bd12b token=Token{236a57a ActivityRecord{717eda5 u0 com.wallapop/com.rewallapop.ui.main.MainActivity t1148}}} to stack=1 task=1148 at 0

07-18 09:49:21.580   800  1694 D ActivityManager:  Launching com.wallapop, updated priority

07-18 09:49:21.580   800   961 D ISSUE_DEBUG: InputChannelName : 4b8ddff Starting com.wallapop

07-18 09:49:21.600   800   889 V MARsPolicyManager: updatePackagesScore PackageInfo name -- com.wallapop

07-18 09:49:21.630   800   961 V WindowStateAnimator: Finishing drawing window Window{4b8ddff u0 d0 Starting com.wallapop}: mDrawState=DRAW_PENDING

07-18 09:49:21.640   800   891 D StatusBarManagerService: manageDisableList userId=0 what=0x0 pkg=Window{4b8ddff u0 d0 Starting com.wallapop}

07-18 09:49:21.710  5547  5570 W ResourcesManager: getTopLevelResources: /data/app/com.wallapop-1/base.apk / 1.0 running in com.wallapop rsrc of package null

07-18 09:49:21.720  5547  5570 I FA      :   adb shell setprop debug.firebase.analytics.app com.wallapop

07-18 09:49:21.730  5547  5572 W ResourcesManager: getTopLevelResources: /data/app/com.google.android.gms-1/base.apk / 1.0 running in com.wallapop rsrc of package null

07-18 09:49:21.730   800  1845 V AlarmManager:  remove PendingIntent] PendingIntent{8768df7: PendingIntentRecord{dc5e464 com.wallapop broadcastIntent}}

07-18 09:49:21.730  5547  5578 W ResourcesManager: getTopLevelResources: /data/app/com.google.android.gms-1/base.apk / 1.0 running in com.wallapop rsrc of package null

07-18 09:49:21.730  5547  5547 W ResourcesManager: getTopLevelResources: /data/app/com.wallapop-1/base.apk / 1.0 running in com.wallapop rsrc of package null

07-18 09:49:21.740  5547  5547 W ResourcesManager: getTopLevelResources: /data/app/com.wallapop-1/base.apk / 1.0 running in com.wallapop rsrc of package null

07-18 09:49:21.750  5547  5547 W ResourcesManager: getTopLevelResources: /data/app/com.wallapop-1/base.apk / 1.0 running in com.wallapop rsrc of package null

07-18 09:49:21.760  5547  5580 W ResourcesManager: getTopLevelResources: /data/app/com.google.android.gms-1/base.apk / 1.0 running in com.wallapop rsrc of package null

07-18 09:49:21.960  5547  5592 W ResourcesManager: getTopLevelResources: /data/app/com.google.android.gms-1/base.apk / 1.0 running in com.wallapop rsrc of package null

07-18 09:49:22.250  5547  5547 W System.err: mkdir failed: EEXIST (File exists) : /data/user/0/com.wallapop/cache/okhttp

07-18 09:49:23.280  5547  5602 I stetho  : Listening on @stetho_com.wallapop_devtools_remote

07-18 09:49:23.290  5547  5547 I art     : Rejecting re-init on previously-failed class java.lang.Class<com.wallapop.clickstream.JobIntentService$f>

07-18 09:49:23.290  5547  5547 I art     : Rejecting re-init on previously-failed class java.lang.Class<com.wallapop.clickstream.JobIntentService$f>

07-18 09:49:23.410  5547  5547 W ResourcesManager: getTopLevelResources: /data/app/com.google.android.gms-1/base.apk / 1.0 running in com.wallapop rsrc of package null

07-18 09:49:23.630  5547  5547 W ResourcesManager: getTopLevelResources: /data/app/com.google.android.gms-1/base.apk / 1.0 running in com.wallapop rsrc of package null

07-18 09:49:23.640  5547  5604 W System.err: remove failed: ENOENT (No such file or directory) : /data/user/0/com.wallapop/files/tfidf.db

07-18 09:49:23.650  5547  5604 W System.err: remove failed: ENOENT (No such file or directory) : /data/user/0/com.wallapop/databases/__hs__db_error_reports

07-18 09:49:23.650  5547  5604 W System.err: remove failed: ENOENT (No such file or directory) : /data/user/0/com.wallapop/databases/__hs__db_error_reports-journal

07-18 09:49:23.650  5547  5604 W System.err: remove failed: ENOENT (No such file or directory) : /data/user/0/com.wallapop/databases/__hs__db_error_reports-shm

07-18 09:49:23.650  5547  5604 W System.err: remove failed: ENOENT (No such file or directory) : /data/user/0/com.wallapop/databases/__hs__db_error_reports-wal

07-18 09:49:23.660  5547  5547 W ResourcesManager: getTopLevelResources: /data/data/com.google.android.gms/app_chimera/m/0000003f/dl-AdsFdrDynamite.integ_20300000008.apk / 1.0 running in com.wallapop rsrc of package null

07-18 09:49:23.670  5547  5547 W ResourcesManager: getTopLevelResources: /data/data/com.google.android.gms/app_chimera/m/0000003f/dl-AdsFdrDynamite.integ_20300000008.apk / 1.0 running in com.wallapop rsrc of package null

07-18 09:49:23.700  5547  5547 W ResourcesManager: getTopLevelResources: /data/app/com.google.android.gms-1/base.apk / 1.0 running in com.wallapop rsrc of package null

07-18 09:49:23.820  5547  5547 W ResourcesManager: getTopLevelResources: /data/app/com.google.android.webview-2/base.apk / 1.0 running in com.wallapop rsrc of package null

07-18 09:49:26.420  5547  5700 W ResourcesManager: getTopLevelResources: /data/app/com.google.android.gms-1/base.apk / 1.0 running in com.wallapop rsrc of package null

07-18 09:49:26.480   800  1844 V AlarmManager:  remove PendingIntent] PendingIntent{c774ea7: PendingIntentRecord{8a3fe9d com.wallapop broadcastIntent}}

07-18 09:49:26.490  5547  5547 W ResourcesManager: getTopLevelResources: /data/app/com.wallapop-1/base.apk / 1.0 running in com.wallapop rsrc of package null

07-18 09:49:26.490  5547  5547 W ResourcesManager: getTopLevelResources: /data/app/com.wallapop-1/base.apk / 1.0 running in com.wallapop rsrc of package null

07-18 09:49:26.710   800  1896 V AlarmManager:  remove PendingIntent] PendingIntent{a695df9: PendingIntentRecord{2ae260c com.wallapop broadcastIntent}}

07-18 09:49:26.840  5547  5547 W System.err: remove failed: ENOENT (No such file or directory) : /data/user/0/com.wallapop/cache/okhttp/journal.tmp

07-18 09:49:26.870  5547  5547 I Timeline: Timeline: Activity_launch_request id:com.wallapop time:73794450

07-18 09:49:26.880   800  1891 V WindowManager: addAppToken: AppWindowToken{3c0f3d8 token=Token{e8722bb ActivityRecord{7cd034a u0 com.wallapop/com.rewallapop.ui.wall.WallActivity t1148}}} to stack=1 task=1148 at 1

07-18 09:49:26.880   800   891 D StatusBarManagerService: manageDisableList userId=0 what=0x0 pkg=Window{4b8ddff u0 d0 Starting com.wallapop}

07-18 09:49:27.000   800   889 D ApplicationPolicy: isStatusBarNotificationAllowedAsUser: packageName = com.wallapop,userId = 0

07-18 09:49:27.010   800   800 D MARsPolicyManager: NotificationListenerService OngoingNotificationPosted : com.wallapop

07-18 09:49:27.010   800   889 V MARsPolicyManager: updatePackagesScore PackageInfo name -- com.wallapop

07-18 09:49:27.020  1387  1387 W ResourcesManager: getTopLevelResources: /data/app/com.wallapop-1/base.apk / 1.0 running in com.android.systemui rsrc of package null

07-18 09:49:27.030  5547  5547 W ResourcesManager: getTopLevelResources: /data/app/com.wallapop-1/base.apk / 1.0 running in com.wallapop rsrc of package null

07-18 09:49:27.040  5547  5623 W System.err: mkdir failed: EEXIST (File exists) : /data/user/0/com.wallapop/cache/WebView/Crash Reports

07-18 09:49:27.040  1387  1387 W ResourcesManager: getTopLevelResources: /data/app/com.wallapop-1/base.apk / 1.0 running in com.android.systemui rsrc of package null

07-18 09:49:27.050  5547  5547 W ResourcesManager: getTopLevelResources: /data/app/com.wallapop-1/base.apk / 1.0 running in com.wallapop rsrc of package null

07-18 09:49:27.050  1387  1387 W ResourcesManager: getTopLevelResources: /data/app/com.wallapop-1/base.apk / 1.0 running in com.android.systemui rsrc of package null

07-18 09:49:27.070  1387  1387 W ResourcesManager: getTopLevelResources: /data/app/com.wallapop-1/base.apk / 1.0 running in com.android.systemui rsrc of package null

07-18 09:49:27.120   800  1896 V AlarmManager:  remove PendingIntent] PendingIntent{a11716d: PendingIntentRecord{2ae260c com.wallapop broadcastIntent}}

07-18 09:49:27.330  5547  5770 W ResourcesManager: getTopLevelResources: /data/app/com.google.android.gms-1/base.apk / 1.0 running in com.wallapop rsrc of package null

07-18 09:49:27.670   800  1694 D ISSUE_DEBUG: InputChannelName : 4e6be11 com.wallapop/com.rewallapop.ui.wall.WallActivity

07-18 09:49:27.690  5547  5547 I Timeline: Timeline: Activity_launch_request id:com.wallapop time:73795272

07-18 09:49:27.690 32257 32267 I Finsky  : [5328] fmk.b(2): com.wallapop: Account determined from installer data - [iyuiBytbk-Sv2FWK0M6qH-HKJNU]

07-18 09:49:27.690 32257 32267 I Finsky  : [5328] fmk.b(2): com.wallapop: Account from preferred account - [iyuiBytbk-Sv2FWK0M6qH-HKJNU]

07-18 09:49:27.690   800  1521 W ActivityManager: startActivity called from finishing ActivityRecord{717eda5 u0 com.wallapop/com.rewallapop.ui.main.MainActivity t1148 f}; forcing Intent.FLAG_ACTIVITY_NEW_TASK for: Intent { cmp=com.wallapop/com.rewallapop.ui.login.OnboardingActivity (has extras) }

07-18 09:49:27.700 32257 32268 I Finsky  : [5329] fmk.b(2): com.wallapop: Account determined from installer data - [iyuiBytbk-Sv2FWK0M6qH-HKJNU]

07-18 09:49:27.700 32257 32268 I Finsky  : [5329] fmk.b(2): com.wallapop: Account from preferred account - [iyuiBytbk-Sv2FWK0M6qH-HKJNU]

07-18 09:49:27.700   800  1521 V WindowManager: addAppToken: AppWindowToken{a05e4 token=Token{d984577 ActivityRecord{64e4b76 u0 com.wallapop/com.rewallapop.ui.login.OnboardingActivity t1148}}} to stack=1 task=1148 at 2

07-18 09:49:27.700   800   891 D StatusBarManagerService: manageDisableList userId=0 what=0x0 pkg=Window{4b8ddff u0 d0 Starting com.wallapop}

07-18 09:49:27.770  5547  5770 D Amazon DTB Ads API: with json params:[{"adsdk":"aps-android-7.4.3","gdpr":{"e":"1","c":"BAAAAAAOa0ob7AcABBENBtAAAAAh6AAA"},"oo":"false","mraid":["1.0","2.0","3.0"],"ua":"Dalvik\/2.1.0 (Linux; U; Android 6.0.1; SM-G900F Build\/MMB29M)","geoloc":"41.4058395,2.1864875,18.652","idfa":"1e214c05-ac1e-4c82-ae75-fb207f9c9c8a","appId":"d2ba46e2d5ef4c9883051d9c8d0125d5","ad-id":"A-6j1GeULkCtsqbiEmqTO1M","slots":[{"sz":"320x50","slot":"f414d83c-ab9f-4e02-9c59-5137663ee6c7","slotId":1,"supportedMediaTypes":["DISPLAY"]}],"dinfo":{"os":"Android","model":"SM-G900F","make":"samsung","osVersion":"6.0.1","connectionType":"13","country":"ES","scalingFactor":"3.0","carrier":"JAZZTEL","language":"es","screenSize":"1080x1920","orientation":"portrait"},"pkg":{"lbl":"_Wallapop_","pn":"com.wallapop","v":"1770000","vn":"1.77.0-d1907041436"},"isDTBMobile":"true"}]

07-18 09:49:28.090 32257 32268 I Finsky  : [5329] fmk.b(2): com.wallapop: Account determined from installer data - [iyuiBytbk-Sv2FWK0M6qH-HKJNU]

07-18 09:49:28.090 32257 32268 I Finsky  : [5329] fmk.b(2): com.wallapop: Account from preferred account - [iyuiBytbk-Sv2FWK0M6qH-HKJNU]

07-18 09:49:28.110   800   889 V MARsPolicyManager: updatePackagesScore PackageInfo name -- com.wallapop

07-18 09:49:28.200 32257  3373 I Finsky  : [5401] fmk.b(2): com.wallapop: Account determined from installer data - [iyuiBytbk-Sv2FWK0M6qH-HKJNU]

07-18 09:49:28.200 32257  3373 I Finsky  : [5401] fmk.b(2): com.wallapop: Account from preferred account - [iyuiBytbk-Sv2FWK0M6qH-HKJNU]

07-18 09:49:28.260   800  3544 V WindowStateAnimator: Finishing drawing window Window{4e6be11 u0 d0 com.wallapop/com.rewallapop.ui.wall.WallActivity}: mDrawState=DRAW_PENDING

07-18 09:49:28.270  5547  5547 W ResourcesManager: getTopLevelResources: /data/app/com.wallapop-1/base.apk / 1.0 running in com.wallapop rsrc of package null

07-18 09:49:28.270  5547  5547 W ResourcesManager: getTopLevelResources: /data/app/com.wallapop-1/base.apk / 1.0 running in com.wallapop rsrc of package null

07-18 09:49:28.290 32257 32267 I Finsky  : [5328] fmk.b(2): com.wallapop: Account determined from installer data - [iyuiBytbk-Sv2FWK0M6qH-HKJNU]

07-18 09:49:28.290 32257 32267 I Finsky  : [5328] fmk.b(2): com.wallapop: Account from preferred account - [iyuiBytbk-Sv2FWK0M6qH-HKJNU]

07-18 09:49:28.320   800  1845 V AlarmManager:  remove PendingIntent] PendingIntent{5ecb014: PendingIntentRecord{2ae260c com.wallapop broadcastIntent}}

07-18 09:49:28.370 32257  3371 I Finsky  : [5400] fmk.b(2): com.wallapop: Account determined from installer data - [iyuiBytbk-Sv2FWK0M6qH-HKJNU]

07-18 09:49:28.370 32257  3371 I Finsky  : [5400] fmk.b(2): com.wallapop: Account from preferred account - [iyuiBytbk-Sv2FWK0M6qH-HKJNU]

07-18 09:49:28.450   800  1423 D ISSUE_DEBUG: InputChannelName : 25d2bfe com.wallapop/com.rewallapop.ui.login.OnboardingActivity

07-18 09:49:28.460  5547  5580 W System.err: remove failed: ENOENT (No such file or directory) : /data/user/0/com.wallapop/files/AppEventsLogger.persistedevents

07-18 09:49:28.530   800   891 D StatusBarManagerService: manageDisableList userId=0 what=0x0 pkg=Window{25d2bfe u0 d0 com.wallapop/com.rewallapop.ui.login.OnboardingActivity}

07-18 09:49:28.580  5547  5547 W ResourcesManager: getTopLevelResources: /data/app/com.google.android.gms-1/base.apk / 1.0 running in com.wallapop rsrc of package null

07-18 09:49:28.690  5547  5829 W ResourcesManager: getTopLevelResources: /data/data/com.google.android.gms/app_chimera/m/0000003f/dl-AdsFdrDynamite.integ_20300000008.apk / 1.0 running in com.wallapop rsrc of package null

07-18 09:49:28.760 32257  3373 I Finsky  : [5401] fmk.b(2): com.wallapop: Account determined from installer data - [iyuiBytbk-Sv2FWK0M6qH-HKJNU]

07-18 09:49:28.760 32257  3373 I Finsky  : [5401] fmk.b(2): com.wallapop: Account from preferred account - [iyuiBytbk-Sv2FWK0M6qH-HKJNU]

07-18 09:49:28.760   800  1695 I AppOps  : sendInfoToFLP, code=41 , uid=10285 , packageName=com.wallapop , type=startOp

07-18 09:49:28.910   800  1423 V WindowStateAnimator: Finishing drawing window Window{25d2bfe u0 d0 com.wallapop/com.rewallapop.ui.login.OnboardingActivity}: mDrawState=DRAW_PENDING

07-18 09:49:28.920   800   961 I ActivityManager: Displayed com.wallapop/com.rewallapop.ui.login.OnboardingActivity: +832ms (total +10s302ms)

07-18 09:49:28.920   800   961 I Timeline: Timeline: Activity_windows_visible id: ActivityRecord{64e4b76 u0 com.wallapop/com.rewallapop.ui.login.OnboardingActivity t1148} time:73796506

07-18 09:49:28.970  5547  5751 W ResourcesManager: getTopLevelResources: /data/app/com.google.android.gms-1/base.apk / 1.0 running in com.wallapop rsrc of package null

07-18 09:49:29.590  5547  5547 W View    : requestLayout() improperly called by com.wallapop.design.view.WallapopTextView{6c69585 V.ED..... ......ID 54,30-54,92 #7f0a08d3 app:id/wp__home__tv_bubble} during layout: running second layout pass

07-18 09:49:29.630   800  2249 V WindowStateAnimator: Finishing drawing window Window{25d2bfe u0 d0 com.wallapop/com.rewallapop.ui.login.OnboardingActivity}: mDrawState=HAS_DRAWN

07-18 09:49:29.760 32257  3373 I Finsky  : [5401] fmk.b(2): com.wallapop: Account determined from installer data - [iyuiBytbk-Sv2FWK0M6qH-HKJNU]

07-18 09:49:29.760 32257  3373 I Finsky  : [5401] fmk.b(2): com.wallapop: Account from preferred account - [iyuiBytbk-Sv2FWK0M6qH-HKJNU]

07-18 09:49:29.790 32257  3371 I Finsky  : [5400] fmk.b(2): com.wallapop: Account determined from installer data - [iyuiBytbk-Sv2FWK0M6qH-HKJNU]

07-18 09:49:29.790 32257  3371 I Finsky  : [5400] fmk.b(2): com.wallapop: Account from preferred account - [iyuiBytbk-Sv2FWK0M6qH-HKJNU]

07-18 09:49:30.420   800  1845 I AppOps  : sendInfoToFLP, code=41 , uid=10285 , packageName=com.wallapop , type=finishOp

07-18 09:49:30.440  5547  5547 V ActivityThread: updateVisibility : ActivityRecord{5223945 token=android.os.BinderProxy@dd82550 {com.wallapop/com.rewallapop.ui.wall.WallActivity}} show : false

07-18 09:49:31.300  5547  5949 W ResourcesManager: getTopLevelResources: /data/app/com.google.android.gms-1/base.apk / 1.0 running in com.wallapop rsrc of package null

07-18 09:49:32.660  5547  5949 W ResourcesManager: getTopLevelResources: /data/app/com.google.android.gms-1/base.apk / 1.0 running in com.wallapop rsrc of package null

07-18 09:49:36.990   800   889 V BroadcastQueue: [background] Process cur broadcast BroadcastRecord{2370934 u0 com.appboy.action.receiver.DATA_SYNC qIdx=4}, state= (APP_RECEIVE) DELIVERED for app ProcessRecord{230e6cd 5547:com.wallapop/u0a285}

07-18 09:49:40.430   800   889 V MARsPolicyManager: updatePackagesScore PackageInfo name -- com.wallapop

07-18 09:49:40.480   800  1896 V AlarmManager:  remove PendingIntent] PendingIntent{8d584a0: PendingIntentRecord{2ae260c com.wallapop broadcastIntent}}

07-18 09:49:40.530   800   891 D StatusBarManagerService: manageDisableList userId=0 what=0x0 pkg=Window{4e6be11 u0 d0 com.wallapop/com.rewallapop.ui.wall.WallActivity}

07-18 09:49:40.690   800  1896 V WindowStateAnimator: Finishing drawing window Window{4e6be11 u0 d0 com.wallapop/com.rewallapop.ui.wall.WallActivity}: mDrawState=DRAW_PENDING

07-18 09:49:40.720   800   961 I ActivityManager: Displayed com.wallapop/com.rewallapop.ui.wall.WallActivity: +13s711ms (total +295ms)

07-18 09:49:40.990   800   961 I Timeline: Timeline: Activity_windows_visible id: ActivityRecord{7cd034a u0 com.wallapop/com.rewallapop.ui.wall.WallActivity t1148} time:73808575

07-18 09:49:41.000  5547  5547 W View    : requestLayout() improperly called by com.wallapop.design.view.WallapopTextView{6c69585 V.ED..... ......ID 54,30-630,92 #7f0a08d3 app:id/wp__home__tv_bubble} during layout: running second layout pass

07-18 09:49:41.020   800  3865 D SurveyLogging: app_id = com.android.server.ssrm, feature = SIOP, extra = {"SIOP":"0", "PST_TMP":"434", "BAT_TMP":"322", "CHG_TMP":"0", "PA_TMP":"0", "BAT_LV":"100", "BAT_CUR":"450", "RSSI":"-86", "RAD_DAT":"4002543", "WIFI_DAT":"288824", "BRI":"86", "CHR_TYPE":"2", "KNOX":"false", "SCRN":"true", "RAD":"1", "CALL":"false", "CF":"-1", "GF":"-1", "CG":"70", "TOP_PROC":"com.wallapop", "TOP_USE":"18", "FOR_PKG":"com.wallapop"}

07-18 09:49:50.010  5547  5547 I Timeline: Timeline: Activity_launch_request id:com.wallapop time:73817593

07-18 09:49:50.020   800  2468 V WindowManager: addAppToken: AppWindowToken{dba7432 token=Token{3d3643d ActivityRecord{1f73194 u0 com.wallapop/.activities.PreferencesActivity t1148}}} to stack=1 task=1148 at 1

07-18 09:49:50.060   800   889 V MARsPolicyManager: updatePackagesScore PackageInfo name -- com.wallapop

07-18 09:49:50.080  5547  5547 W ResourcesManager: getTopLevelResources: /data/app/com.wallapop-1/base.apk / 1.0 running in com.wallapop rsrc of package null

07-18 09:49:50.080  5547  5547 W ResourcesManager: getTopLevelResources: /data/app/com.wallapop-1/base.apk / 1.0 running in com.wallapop rsrc of package null

07-18 09:49:50.080  5547  5547 W ResourcesManager: getTopLevelResources: /data/app/com.wallapop-1/base.apk / 1.0 running in com.wallapop rsrc of package null

07-18 09:49:50.120   800  1896 V AlarmManager:  remove PendingIntent] PendingIntent{876e583: PendingIntentRecord{2ae260c com.wallapop broadcastIntent}}

07-18 09:49:50.200   800  3544 D ISSUE_DEBUG: InputChannelName : 5970739 com.wallapop/com.wallapop.activities.PreferencesActivity

07-18 09:49:50.220   800   891 D StatusBarManagerService: manageDisableList userId=0 what=0x0 pkg=Window{5970739 u0 d0 com.wallapop/com.wallapop.activities.PreferencesActivity}

07-18 09:49:50.290   800  1521 V WindowStateAnimator: Finishing drawing window Window{5970739 u0 d0 com.wallapop/com.wallapop.activities.PreferencesActivity}: mDrawState=DRAW_PENDING

07-18 09:49:50.320   800   961 I ActivityManager: Displayed com.wallapop/.activities.PreferencesActivity: +270ms

07-18 09:49:50.330   800  2468 V WindowStateAnimator: Finishing drawing window Window{5970739 u0 d0 com.wallapop/com.wallapop.activities.PreferencesActivity}: mDrawState=HAS_DRAWN

07-18 09:49:50.570   800   961 I Timeline: Timeline: Activity_windows_visible id: ActivityRecord{1f73194 u0 com.wallapop/.activities.PreferencesActivity t1148} time:73818151

07-18 09:49:50.590  5547  5580 W System.err: remove failed: ENOENT (No such file or directory) : /data/user/0/com.wallapop/files/AppEventsLogger.persistedevents

07-18 09:49:50.590  5547  5547 W GmsClientEvents: unregisterConnectionFailedListener(): listener GooglePlayServicesHeadlessFragment{77defaa (1e18f4ce-3431-4231-8cb6-60abb325e255) com.wallapop.fragments.headless.GooglePlayServicesHeadlessFragment} not found

07-18 09:49:50.590  5547  5547 W GmsClientEvents: unregisterConnectionCallbacks(): listener GooglePlayServicesHeadlessFragment{77defaa (1e18f4ce-3431-4231-8cb6-60abb325e255) com.wallapop.fragments.headless.GooglePlayServicesHeadlessFragment} not found

07-18 09:49:50.600  5547  5547 V ActivityThread: updateVisibility : ActivityRecord{5223945 token=android.os.BinderProxy@dd82550 {com.wallapop/com.rewallapop.ui.wall.WallActivity}} show : false


