Executed '[C754] Contact us: Open a Helpshift ticket from the FAQs' on 26-06-2019
---------------------------------------------------------------------------------
06-26 16:59:06.188   874  3012 I ActivityManager: Force stopping com.wallapop appid=10265 user=0: from pid 19488

06-26 16:59:06.198   874   874 V AlarmManager: Remove alarm for next reason : android.intent.action.PACKAGE_RESTARTED : package: com.wallapop

06-26 16:59:06.218 16272 16272 I ClearDataReceiver: [#DCM#] Intent Data: package:com.wallapop

06-26 16:59:06.458   874   894 V WindowManager: addAppToken: AppWindowToken{80323a2 token=Token{37c6b6d ActivityRecord{af01784 u0 com.wallapop/com.rewallapop.ui.main.MainActivity t809}}} to stack=1 task=809 at 0

06-26 16:59:06.468   874  1132 D ISSUE_DEBUG: InputChannelName : 758c4a1 Starting com.wallapop

06-26 16:59:06.488   874   892 I ActivityManager: Start proc 19511:com.wallapop/u0a265 for activity com.wallapop/com.rewallapop.ui.main.MainActivity

06-26 16:59:06.488 19511 19511 W SELinux : SELinux: seapp_context_lookup: seinfo=default, level=s0:c512,c768, pkgname=com.wallapop

06-26 16:59:06.518   874  1132 V WindowStateAnimator: Finishing drawing window Window{758c4a1 u0 d0 Starting com.wallapop}: mDrawState=DRAW_PENDING

06-26 16:59:06.538   874  1723 D ActivityManager:  Launching com.wallapop, updated priority

06-26 16:59:06.558   874  1028 D StatusBarManagerService: manageDisableList userId=0 what=0x0 pkg=Window{758c4a1 u0 d0 Starting com.wallapop}

06-26 16:59:06.558   874  1027 V MARsPolicyManager: updatePackagesScore PackageInfo name -- com.wallapop

06-26 16:59:06.568 19511 19511 W ResourcesManager: getTopLevelResources: /data/app/com.wallapop-1/base.apk / 1.0 running in com.wallapop rsrc of package null

06-26 16:59:06.698 19511 19528 W ResourcesManager: getTopLevelResources: /data/app/com.wallapop-1/base.apk / 1.0 running in com.wallapop rsrc of package null

06-26 16:59:06.718 19511 19528 I FA      :   adb shell setprop debug.firebase.analytics.app com.wallapop

06-26 16:59:06.718 19511 19511 W ResourcesManager: getTopLevelResources: /data/app/com.wallapop-1/base.apk / 1.0 running in com.wallapop rsrc of package null

06-26 16:59:06.718   874  2020 V AlarmManager:  remove PendingIntent] PendingIntent{69c189e: PendingIntentRecord{82acf7f com.wallapop broadcastIntent}}

06-26 16:59:06.718 19511 19530 W ResourcesManager: getTopLevelResources: /data/app/com.google.android.gms-1/base.apk / 1.0 running in com.wallapop rsrc of package null

06-26 16:59:06.728 19511 19511 W ResourcesManager: getTopLevelResources: /data/app/com.wallapop-1/base.apk / 1.0 running in com.wallapop rsrc of package null

06-26 16:59:06.738 19511 19511 W ResourcesManager: getTopLevelResources: /data/app/com.wallapop-1/base.apk / 1.0 running in com.wallapop rsrc of package null

06-26 16:59:06.738 19511 19538 W System.err: remove failed: ENOENT (No such file or directory) : /data/user/0/com.wallapop/files/AppEventsLogger.persistedevents

06-26 16:59:07.128 19511 19511 W System.err: mkdir failed: EEXIST (File exists) : /data/user/0/com.wallapop/cache/okhttp

06-26 16:59:08.148 19511 19562 I stetho  : Listening on @stetho_com.wallapop_devtools_remote

06-26 16:59:08.158 19511 19511 I art     : Rejecting re-init on previously-failed class java.lang.Class<com.wallapop.clickstream.JobIntentService$f>

06-26 16:59:08.158 19511 19511 I art     : Rejecting re-init on previously-failed class java.lang.Class<com.wallapop.clickstream.JobIntentService$f>

06-26 16:59:08.258 19511 19511 W ResourcesManager: getTopLevelResources: /data/app/com.google.android.gms-1/base.apk / 1.0 running in com.wallapop rsrc of package null

06-26 16:59:08.328 19511 19511 W ResourcesManager: getTopLevelResources: /data/app/com.google.android.gms-1/base.apk / 1.0 running in com.wallapop rsrc of package null

06-26 16:59:08.348 19511 19511 W ResourcesManager: getTopLevelResources: /data/data/com.google.android.gms/app_chimera/m/00000034/dl-AdsFdrDynamite.integ_20290000008.apk / 1.0 running in com.wallapop rsrc of package null

06-26 16:59:08.358 19511 19511 W ResourcesManager: getTopLevelResources: /data/data/com.google.android.gms/app_chimera/m/00000034/dl-AdsFdrDynamite.integ_20290000008.apk / 1.0 running in com.wallapop rsrc of package null

06-26 16:59:08.398 19511 19564 W System.err: remove failed: ENOENT (No such file or directory) : /data/user/0/com.wallapop/files/tfidf.db

06-26 16:59:08.418 19511 19511 W ResourcesManager: getTopLevelResources: /data/app/com.google.android.gms-1/base.apk / 1.0 running in com.wallapop rsrc of package null

06-26 16:59:08.428 19511 19564 W System.err: remove failed: ENOENT (No such file or directory) : /data/user/0/com.wallapop/databases/__hs__db_error_reports

06-26 16:59:08.428 19511 19564 W System.err: remove failed: ENOENT (No such file or directory) : /data/user/0/com.wallapop/databases/__hs__db_error_reports-journal

06-26 16:59:08.428 19511 19564 W System.err: remove failed: ENOENT (No such file or directory) : /data/user/0/com.wallapop/databases/__hs__db_error_reports-shm

06-26 16:59:08.428 19511 19564 W System.err: remove failed: ENOENT (No such file or directory) : /data/user/0/com.wallapop/databases/__hs__db_error_reports-wal

06-26 16:59:08.508 19511 19511 W ResourcesManager: getTopLevelResources: /data/app/com.google.android.webview-2/base.apk / 1.0 running in com.wallapop rsrc of package null

06-26 16:59:11.058 19511 19657 W ResourcesManager: getTopLevelResources: /data/app/com.google.android.gms-1/base.apk / 1.0 running in com.wallapop rsrc of package null

06-26 16:59:11.138   874  1661 V AlarmManager:  remove PendingIntent] PendingIntent{f2b983c: PendingIntentRecord{85a49c5 com.wallapop broadcastIntent}}

06-26 16:59:11.158 19511 19511 W ResourcesManager: getTopLevelResources: /data/app/com.wallapop-1/base.apk / 1.0 running in com.wallapop rsrc of package null

06-26 16:59:11.178 19511 19511 W ResourcesManager: getTopLevelResources: /data/app/com.wallapop-1/base.apk / 1.0 running in com.wallapop rsrc of package null

06-26 16:59:11.498   874  1220 V AlarmManager:  remove PendingIntent] PendingIntent{f9abd41: PendingIntentRecord{bd292e6 com.wallapop broadcastIntent}}

06-26 16:59:11.538   874  1721 D LocationManagerService: request b24b2d4 passive Request[POWER_NONE passive fastest=0 num=1] from com.wallapop(10265)

06-26 16:59:11.538   874  1721 I AppOps  : sendInfoToFLP, code=41 , uid=10265 , packageName=com.wallapop , type=startOp

06-26 16:59:11.638 19511 19511 W System.err: remove failed: ENOENT (No such file or directory) : /data/user/0/com.wallapop/cache/okhttp/journal.tmp

06-26 16:59:11.658 19511 19511 I Timeline: Timeline: Activity_launch_request id:com.wallapop time:15749685

06-26 16:59:11.668   874  1913 V WindowManager: addAppToken: AppWindowToken{e439d1f token=Token{bc718be ActivityRecord{b08d379 u0 com.wallapop/com.rewallapop.ui.wall.WallActivity t809}}} to stack=1 task=809 at 1

06-26 16:59:11.668   874  1028 D StatusBarManagerService: manageDisableList userId=0 what=0x0 pkg=Window{758c4a1 u0 d0 Starting com.wallapop}

06-26 16:59:11.798   874  1027 D ApplicationPolicy: isStatusBarNotificationAllowedAsUser: packageName = com.wallapop,userId = 0

06-26 16:59:11.808   874  1027 V MARsPolicyManager: updatePackagesScore PackageInfo name -- com.wallapop

06-26 16:59:11.818   874   874 D MARsPolicyManager: NotificationListenerService OngoingNotificationPosted : com.wallapop

06-26 16:59:11.828  1391  1391 W ResourcesManager: getTopLevelResources: /data/app/com.wallapop-1/base.apk / 1.0 running in com.android.systemui rsrc of package null

06-26 16:59:11.838  1391  1391 W ResourcesManager: getTopLevelResources: /data/app/com.wallapop-1/base.apk / 1.0 running in com.android.systemui rsrc of package null

06-26 16:59:11.848 19511 19511 W ResourcesManager: getTopLevelResources: /data/app/com.wallapop-1/base.apk / 1.0 running in com.wallapop rsrc of package null

06-26 16:59:11.858 19511 19511 W ResourcesManager: getTopLevelResources: /data/app/com.wallapop-1/base.apk / 1.0 running in com.wallapop rsrc of package null

06-26 16:59:11.868  1391  1391 W ResourcesManager: getTopLevelResources: /data/app/com.wallapop-1/base.apk / 1.0 running in com.android.systemui rsrc of package null

06-26 16:59:11.888  1391  1391 W ResourcesManager: getTopLevelResources: /data/app/com.wallapop-1/base.apk / 1.0 running in com.android.systemui rsrc of package null

06-26 16:59:11.938 19511 19611 W System.err: mkdir failed: EEXIST (File exists) : /data/user/0/com.wallapop/cache/WebView/Crash Reports

06-26 16:59:11.968   874  1220 V AlarmManager:  remove PendingIntent] PendingIntent{d76bf58: PendingIntentRecord{bd292e6 com.wallapop broadcastIntent}}

06-26 16:59:12.448 19511 19744 W ResourcesManager: getTopLevelResources: /data/app/com.google.android.gms-1/base.apk / 1.0 running in com.wallapop rsrc of package null

06-26 16:59:12.528 19511 19538 W System.err: remove failed: ENOENT (No such file or directory) : /data/user/0/com.wallapop/files/AppEventsLogger.persistedevents

06-26 16:59:12.578   874  2732 D ISSUE_DEBUG: InputChannelName : 5a3accc com.wallapop/com.rewallapop.ui.wall.WallActivity

06-26 16:59:12.608 21819 21830 I Finsky  : [2685] eth.b(2): com.wallapop: Account determined from installer data - [E7ZhE6RtwBr6ZrivWaTWep8klQM]

06-26 16:59:12.608 21819 21830 I Finsky  : [2685] eth.b(9): com.wallapop: Account from preferred account - [E7ZhE6RtwBr6ZrivWaTWep8klQM]

06-26 16:59:12.608 21819 24782 I Finsky  : [2762] eth.b(2): com.wallapop: Account determined from installer data - [E7ZhE6RtwBr6ZrivWaTWep8klQM]

06-26 16:59:12.608 21819 24782 I Finsky  : [2762] eth.b(9): com.wallapop: Account from preferred account - [E7ZhE6RtwBr6ZrivWaTWep8klQM]

06-26 16:59:12.648 19511 19744 D Amazon DTB Ads API: with json params:[{"adsdk":"aps-android-7.4.3","gdpr":{"e":"1","c":"BAAAAAAOa0ob7AcABBENBtAAAAAh6AAA"},"oo":"false","mraid":["1.0","2.0","3.0"],"ua":"Dalvik\/2.1.0 (Linux; U; Android 6.0.1; SM-G900F Build\/MMB29M)","geoloc":"41.4058742,2.1864795,17.34","idfa":"1e214c05-ac1e-4c82-ae75-fb207f9c9c8a","appId":"d2ba46e2d5ef4c9883051d9c8d0125d5","ad-id":"A-6j1GeULkCtsqbiEmqTO1M","slots":[{"sz":"320x50","slot":"f414d83c-ab9f-4e02-9c59-5137663ee6c7","slotId":1,"supportedMediaTypes":["DISPLAY"]}],"dinfo":{"os":"Android","model":"SM-G900F","make":"samsung","osVersion":"6.0.1","connectionType":"Wifi","country":"ES","scalingFactor":"3.0","carrier":"JAZZTEL","language":"es","screenSize":"1080x1920","orientation":"portrait"},"pkg":{"lbl":"_Wallapop_","pn":"com.wallapop","v":"1760000","vn":"1.76.0-d1906251551"},"isDTBMobile":"true"}]

06-26 16:59:12.848   874  1028 D StatusBarManagerService: manageDisableList userId=0 what=0x0 pkg=Window{5a3accc u0 d0 com.wallapop/com.rewallapop.ui.wall.WallActivity}

06-26 16:59:13.118 21819 21830 I Finsky  : [2685] eth.b(2): com.wallapop: Account determined from installer data - [E7ZhE6RtwBr6ZrivWaTWep8klQM]

06-26 16:59:13.118 21819 21830 I Finsky  : [2685] eth.b(9): com.wallapop: Account from preferred account - [E7ZhE6RtwBr6ZrivWaTWep8klQM]

06-26 16:59:13.138 21819 24783 I Finsky  : [2763] eth.b(2): com.wallapop: Account determined from installer data - [E7ZhE6RtwBr6ZrivWaTWep8klQM]

06-26 16:59:13.138 21819 24783 I Finsky  : [2763] eth.b(9): com.wallapop: Account from preferred account - [E7ZhE6RtwBr6ZrivWaTWep8klQM]

06-26 16:59:13.158 21819 24782 I Finsky  : [2762] eth.b(2): com.wallapop: Account determined from installer data - [E7ZhE6RtwBr6ZrivWaTWep8klQM]

06-26 16:59:13.158 21819 24782 I Finsky  : [2762] eth.b(9): com.wallapop: Account from preferred account - [E7ZhE6RtwBr6ZrivWaTWep8klQM]

06-26 16:59:13.178 21819 21829 I Finsky  : [2684] eth.b(2): com.wallapop: Account determined from installer data - [E7ZhE6RtwBr6ZrivWaTWep8klQM]

06-26 16:59:13.178 21819 21829 I Finsky  : [2684] eth.b(9): com.wallapop: Account from preferred account - [E7ZhE6RtwBr6ZrivWaTWep8klQM]

06-26 16:59:13.228   874  1220 V WindowStateAnimator: Finishing drawing window Window{5a3accc u0 d0 com.wallapop/com.rewallapop.ui.wall.WallActivity}: mDrawState=DRAW_PENDING

06-26 16:59:13.228   874  1132 I ActivityManager: Displayed com.wallapop/com.rewallapop.ui.wall.WallActivity: +1s432ms (total +5m34s735ms)

06-26 16:59:13.238   874  1132 I Timeline: Timeline: Activity_windows_visible id: ActivityRecord{b08d379 u0 com.wallapop/com.rewallapop.ui.wall.WallActivity t809} time:15751263

06-26 16:59:13.298   874  1422 V WindowStateAnimator: Finishing drawing window Window{5a3accc u0 d0 com.wallapop/com.rewallapop.ui.wall.WallActivity}: mDrawState=HAS_DRAWN

06-26 16:59:13.308 21819 21830 I Finsky  : [2685] eth.b(2): com.wallapop: Account determined from installer data - [E7ZhE6RtwBr6ZrivWaTWep8klQM]

06-26 16:59:13.308 21819 21830 I Finsky  : [2685] eth.b(9): com.wallapop: Account from preferred account - [E7ZhE6RtwBr6ZrivWaTWep8klQM]

06-26 16:59:13.318 19511 19511 W ResourcesManager: getTopLevelResources: /data/app/com.google.android.gms-1/base.apk / 1.0 running in com.wallapop rsrc of package null

06-26 16:59:13.548 19511 19797 W ResourcesManager: getTopLevelResources: /data/data/com.google.android.gms/app_chimera/m/00000034/dl-AdsFdrDynamite.integ_20290000008.apk / 1.0 running in com.wallapop rsrc of package null

06-26 16:59:13.598   874  5340 I AppOps  : sendInfoToFLP, code=41 , uid=10265 , packageName=com.wallapop , type=startOp

06-26 16:59:13.698 21819 24783 I Finsky  : [2763] eth.b(2): com.wallapop: Account determined from installer data - [E7ZhE6RtwBr6ZrivWaTWep8klQM]

06-26 16:59:13.698 21819 24783 I Finsky  : [2763] eth.b(9): com.wallapop: Account from preferred account - [E7ZhE6RtwBr6ZrivWaTWep8klQM]

06-26 16:59:13.728 21819 24782 I Finsky  : [2762] eth.b(2): com.wallapop: Account determined from installer data - [E7ZhE6RtwBr6ZrivWaTWep8klQM]

06-26 16:59:13.728 21819 24782 I Finsky  : [2762] eth.b(9): com.wallapop: Account from preferred account - [E7ZhE6RtwBr6ZrivWaTWep8klQM]

06-26 16:59:14.688 19511 19511 W View    : requestLayout() improperly called by com.wallapop.design.view.WallapopTextView{3c6c4a2 V.ED..... ......ID 54,30-54,92 #7f0a08d7 app:id/wp__home__tv_bubble} during layout: running second layout pass

06-26 16:59:15.398 19511 19538 W System.err: remove failed: ENOENT (No such file or directory) : /data/user/0/com.wallapop/files/AppEventsLogger.persistedevents

06-26 16:59:23.578 19511 19511 I Timeline: Timeline: Activity_launch_request id:com.wallapop time:15761609

06-26 16:59:23.608   874  1721 V WindowManager: addAppToken: AppWindowToken{92182ee token=Token{bdec869 ActivityRecord{f361af0 u0 com.wallapop/.activities.PreferencesActivity t809}}} to stack=1 task=809 at 1

06-26 16:59:23.658   874  1027 V MARsPolicyManager: updatePackagesScore PackageInfo name -- com.wallapop

06-26 16:59:23.668 19511 19511 W ResourcesManager: getTopLevelResources: /data/app/com.wallapop-1/base.apk / 1.0 running in com.wallapop rsrc of package null

06-26 16:59:23.668 19511 19511 W ResourcesManager: getTopLevelResources: /data/app/com.wallapop-1/base.apk / 1.0 running in com.wallapop rsrc of package null

06-26 16:59:23.668 19511 19511 W ResourcesManager: getTopLevelResources: /data/app/com.wallapop-1/base.apk / 1.0 running in com.wallapop rsrc of package null

06-26 16:59:23.708   874  1661 V AlarmManager:  remove PendingIntent] PendingIntent{b3d738f: PendingIntentRecord{bd292e6 com.wallapop broadcastIntent}}

06-26 16:59:23.768   874  1661 D ISSUE_DEBUG: InputChannelName : 6128225 com.wallapop/com.wallapop.activities.PreferencesActivity

06-26 16:59:23.798   874  1028 D StatusBarManagerService: manageDisableList userId=0 what=0x0 pkg=Window{6128225 u0 d0 com.wallapop/com.wallapop.activities.PreferencesActivity}

06-26 16:59:23.868   874  1661 V WindowStateAnimator: Finishing drawing window Window{6128225 u0 d0 com.wallapop/com.wallapop.activities.PreferencesActivity}: mDrawState=DRAW_PENDING

06-26 16:59:23.888   874  1132 I ActivityManager: Displayed com.wallapop/.activities.PreferencesActivity: +254ms

06-26 16:59:23.898   874  2732 V WindowStateAnimator: Finishing drawing window Window{6128225 u0 d0 com.wallapop/com.wallapop.activities.PreferencesActivity}: mDrawState=HAS_DRAWN

06-26 16:59:24.138   874  1132 I Timeline: Timeline: Activity_windows_visible id: ActivityRecord{f361af0 u0 com.wallapop/.activities.PreferencesActivity t809} time:15762163

06-26 16:59:24.178   874  1422 I AppOps  : sendInfoToFLP, code=41 , uid=10265 , packageName=com.wallapop , type=finishOp

06-26 16:59:24.188 19511 19511 V ActivityThread: updateVisibility : ActivityRecord{e96f07a token=android.os.BinderProxy@e1f06a7 {com.wallapop/com.rewallapop.ui.wall.WallActivity}} show : false

06-26 16:59:24.738 19461 19803 W ByMatcher: Node returned null child: android.view.accessibility.AccessibilityNodeInfo@80007526; boundsInParent: Rect(0, 0 - 1080, 1920); boundsInScreen: Rect(0, 0 - 1080, 1920); packageName: com.wallapop; className: android.widget.FrameLayout; text: null; error: null; maxTextLength: -1; contentDescription: null; viewIdResName: null; checkable: false; checked: false; focusable: false; focused: false; selected: false; clickable: false; longClickable: false; contextClickable: false; enabled: true; password: false; scrollable: false; actions: [AccessibilityAction: ACTION_SELECT - null, AccessibilityAction: ACTION_CLEAR_SELECTION - null, AccessibilityAction: ACTION_ACCESSIBILITY_FOCUS - null, AccessibilityAction: ACTION_UNKNOWN - null]

06-26 16:59:24.748 19461 19803 W ByMatcher: Node returned null child: android.view.accessibility.AccessibilityNodeInfo@80007526; boundsInParent: Rect(0, 0 - 1080, 1920); boundsInScreen: Rect(0, 0 - 1080, 1920); packageName: com.wallapop; className: android.widget.FrameLayout; text: null; error: null; maxTextLength: -1; contentDescription: null; viewIdResName: null; checkable: false; checked: false; focusable: false; focused: false; selected: false; clickable: false; longClickable: false; contextClickable: false; enabled: true; password: false; scrollable: false; actions: [AccessibilityAction: ACTION_SELECT - null, AccessibilityAction: ACTION_CLEAR_SELECTION - null, AccessibilityAction: ACTION_ACCESSIBILITY_FOCUS - null, AccessibilityAction: ACTION_UNKNOWN - null]

06-26 16:59:26.438 19511 19511 I Timeline: Timeline: Activity_launch_request id:com.wallapop time:15764463

06-26 16:59:26.448   874  2020 V WindowManager: addAppToken: AppWindowToken{7b79602 token=Token{20bab4d ActivityRecord{1f6eae4 u0 com.wallapop/com.helpshift.support.activities.ParentActivity t809}}} to stack=1 task=809 at 2

06-26 16:59:26.488   874  1027 V MARsPolicyManager: updatePackagesScore PackageInfo name -- com.wallapop

06-26 16:59:26.488 19511 19511 W ResourcesManager: getTopLevelResources: /data/app/com.wallapop-1/base.apk / 1.0 running in com.wallapop rsrc of package null

06-26 16:59:26.488 19511 19511 W ResourcesManager: getTopLevelResources: /data/app/com.wallapop-1/base.apk / 1.0 running in com.wallapop rsrc of package null

06-26 16:59:26.568   874   892 V AlarmManager:  remove PendingIntent] PendingIntent{6bab13: PendingIntentRecord{bd292e6 com.wallapop broadcastIntent}}

06-26 16:59:26.678   874  5340 D ISSUE_DEBUG: InputChannelName : f4ff705 com.wallapop/com.helpshift.support.activities.ParentActivity

06-26 16:59:26.698 19511 19519 W REALM_JAVA: Remember to call close() on all Realm instances. Realm /data/data/com.wallapop/files/feature_flags is being finalized without being closed, this can lead to running out of native memory.

06-26 16:59:26.698   874  1028 D StatusBarManagerService: manageDisableList userId=0 what=0x0 pkg=Window{f4ff705 u0 d0 com.wallapop/com.helpshift.support.activities.ParentActivity}

06-26 16:59:26.698 19511 19519 W REALM_JAVA: Remember to call close() on all Realm instances. Realm /data/data/com.wallapop/files/chat_inbox_7v6g4wr3o76e is being finalized without being closed, this can lead to running out of native memory.

06-26 16:59:26.698 19511 19519 W REALM_JAVA: Remember to call close() on all Realm instances. Realm /data/data/com.wallapop/files/pending_events_queue_7v6g4wr3o76e is being finalized without being closed, this can lead to running out of native memory.

06-26 16:59:26.858   874  1661 V WindowStateAnimator: Finishing drawing window Window{f4ff705 u0 d0 com.wallapop/com.helpshift.support.activities.ParentActivity}: mDrawState=DRAW_PENDING

06-26 16:59:26.868   874  1132 I ActivityManager: Displayed com.wallapop/com.helpshift.support.activities.ParentActivity: +397ms

06-26 16:59:27.108   874  1132 I Timeline: Timeline: Activity_windows_visible id: ActivityRecord{1f6eae4 u0 com.wallapop/com.helpshift.support.activities.ParentActivity t809} time:15765139

06-26 16:59:27.148 19511 19538 W System.err: remove failed: ENOENT (No such file or directory) : /data/user/0/com.wallapop/files/AppEventsLogger.persistedevents

06-26 16:59:27.148 19511 19511 V ActivityThread: updateVisibility : ActivityRecord{13b52e1 token=android.os.BinderProxy@2e00c50 {com.wallapop/com.wallapop.activities.PreferencesActivity}} show : false

06-26 16:59:34.898   874  5340 V WindowManager: addAppToken: AppWindowToken{ee57f03 token=Token{bc583b2 ActivityRecord{8eb01bd u0 com.wallapop/com.rewallapop.ui.main.MainActivity t809}}} to stack=1 task=809 at 3

06-26 16:59:34.948   874  1027 V MARsPolicyManager: updatePackagesScore PackageInfo name -- com.wallapop

06-26 16:59:34.958 19511 19511 W ResourcesManager: getTopLevelResources: /data/app/com.wallapop-1/base.apk / 1.0 running in com.wallapop rsrc of package null

06-26 16:59:34.958 19511 19511 W ResourcesManager: getTopLevelResources: /data/app/com.wallapop-1/base.apk / 1.0 running in com.wallapop rsrc of package null

06-26 16:59:34.978   874  4874 V AlarmManager:  remove PendingIntent] PendingIntent{3bc2e80: PendingIntentRecord{bd292e6 com.wallapop broadcastIntent}}

06-26 16:59:35.018 19511 19511 I Timeline: Timeline: Activity_launch_request id:com.wallapop time:15773047

06-26 16:59:35.028   874  1422 W ActivityManager: startActivity called from finishing ActivityRecord{8eb01bd u0 com.wallapop/com.rewallapop.ui.main.MainActivity t809 f}; forcing Intent.FLAG_ACTIVITY_NEW_TASK for: Intent { cmp=com.wallapop/com.helpshift.support.activities.ParentActivity (has extras) }

06-26 16:59:35.038   874  1027 V MARsPolicyManager: updatePackagesScore PackageInfo name -- com.wallapop

06-26 16:59:35.428   874  1723 V AlarmManager:  remove PendingIntent] PendingIntent{c44d42d: PendingIntentRecord{85a49c5 com.wallapop broadcastIntent}}


