09-25 16:29:10.489 24648 24648 W com.wallapop: Accessing hidden method Landroid/view/View;->getAccessibilityDelegate()Landroid/view/View$AccessibilityDelegate; (light greylist, linking)

09-25 16:29:10.942 24648 24648 W GmsClientEvents: unregisterConnectionFailedListener(): listener GooglePlayServicesHeadlessFragment{d1df8af (9966ece2-2870-4fd6-812b-a1483fc27bc8) com.wallapop.fragments.headless.GooglePlayServicesHeadlessFragment} not found

09-25 16:29:10.942 24648 24648 W GmsClientEvents: unregisterConnectionCallbacks(): listener GooglePlayServicesHeadlessFragment{d1df8af (9966ece2-2870-4fd6-812b-a1483fc27bc8) com.wallapop.fragments.headless.GooglePlayServicesHeadlessFragment} not found

09-25 16:29:11.256  3720  5250 E BufferQueueProducer: [com.wallapop/com.rewallapop.ui.wall.WallActivity[24648]#0] disconnect: not connected (req=1)

09-25 16:29:11.264  4274 19495 V WindowManager: Relayout Window{ac3e496 u0 com.wallapop/com.rewallapop.ui.wall.WallActivity}: viewVisibility=8 req=1080x2220 {(0,0)(fillxfill) sim={adjust=pan} ty=BASE_APPLICATION wanim=0x10302fe

09-25 16:29:11.264  4274 19495 E WindowManager: win=Window{ac3e496 u0 com.wallapop/com.rewallapop.ui.wall.WallActivity} destroySurfaces: appStopped=false win.mWindowRemovalAllowed=false win.mRemoveOnExit=false win.mViewVisibility=8 caller=com.android.server.wm.WindowManagerService.tryStartExitingAnimation:2759 com.android.server.wm.WindowManagerService.relayoutWindow:2456 com.android.server.wm.Session.relayoutForTranslate:302 android.view.IWindowSession$Stub.onTransact:518 com.android.server.wm.Session.onTransact:186 android.os.Binder.execTransact:739 <bottom of call stack>

09-25 16:29:11.265  4274 19495 I WindowManager: Destroying surface Surface(name=com.wallapop/com.rewallapop.ui.wall.WallActivity[24648])/@0x311bd05 called by com.android.server.wm.WindowStateAnimator.destroySurface:1901 com.android.server.wm.WindowStateAnimator.destroySurfaceLocked:838 com.android.server.wm.WindowState.destroySurfaceUnchecked:3839 com.android.server.wm.WindowState.destroySurface:3820 com.android.server.wm.WindowManagerService.tryStartExitingAnimation:2759 com.android.server.wm.WindowManagerService.relayoutWindow:2456 com.android.server.wm.Session.relayoutForTranslate:302 android.view.IWindowSession$Stub.onTransact:518

09-25 16:29:11.265  3720  5250 I SurfaceFlinger: id=19592 Removed com.wallapop/com.rewallapop.ui.wall.WallActivity[24648]#0 (0/78)

09-25 16:29:11.277  3720  3720 I Layer   : id=19592 onRemoved com.wallapop/com.rewallapop.ui.wall.WallActivity[24648]#0

09-25 16:29:11.799 24648 25143 D Amazon DTB Ads API: with json params:[{"oo":"false","dinfo":{"os":"Android","model":"SM-A750FN","make":"samsung","osVersion":"9","connectionType":"13","country":"ES","scalingFactor":"2.625","carrier":"JAZZTEL","language":"es","screenSize":"1080x2094","orientation":"portrait"},"ad-id":"Axre2l7KcE-wgekH3W8Q1Es","adsdk":"aps-android-7.4.3","slots":[{"sz":"300x250","slot":"1cc049da-00e6-4257-a52b-7fb84e7d00c1","slotId":1,"supportedMediaTypes":["DISPLAY"]}],"mraid":["1.0","2.0","3.0"],"appId":"d2ba46e2d5ef4c9883051d9c8d0125d5","idfa":"bf505ce3-e614-4d9a-a4d7-9c324edc6560","isDTBMobile":"true","ua":"Dalvik\/2.1.0 (Linux; U; Android 9; SM-A750FN Build\/PPR1.180610.011)","pkg":{"lbl":"_Wallapop_","pn":"com.wallapop","v":"1820000","vn":"1.82.0-d1909181117"},"gdpr":{"e":"1","c":"BOR0xKKOR0xKKABABAENBZ-AAAAfZ7_______9______9uz_Gv_v_f__33e8__9v_l_7_-___u_-33d4-_1vX99yfm1-7ftr3tp_86ues2vHqK9ZoA"}}]

09-25 16:29:11.841  4274 14711 I ActivityManager: START u0 {act=null typ=null flg=0x0 cmp=ComponentInfo{com.wallapop/com.rewallapop.ui.iab.activity.FeatureItemCoachActivity}} from uid 10271

09-25 16:29:11.849  3720  3720 I SurfaceFlinger: id=19602 createSurf (4440x4440),2 flag=4, AppWindowToken{ceead64 token=Token{510daf7 ActivityRecord{39dc6f6 u0 com.wallapop/com.rewallapop.ui.iab.activity.FeatureItemCoachActivity t1071}}}#0

09-25 16:29:11.929  4274 19495 D GamePkgDataHelper: notifyAppCreate(), pkgName: com.wallapop, sendRet: true

09-25 16:29:11.929  4274 12790 D GamePkgDataHelper: getGamePkgData(). com.wallapop

09-25 16:29:11.929  4274 12790 D GameManagerService: handleMessage(), MSG_APP_CREATE. ignore. pkgName: com.wallapop

09-25 16:29:11.930  4274 19495 V WindowManager: Changing focus from Window{58ae6ae u0 com.wallapop/com.rewallapop.ui.item.ItemDetailActivity} to null Callers=com.android.server.wm.WindowManagerService.setFocusedApp:3136 com.android.server.am.ActivityManagerService.setResumedActivityUncheckLocked:4487 com.android.server.am.ActivityStack.onActivityStateChanged:560 com.android.server.am.TaskRecord.onActivityStateChanged:2186

09-25 16:29:11.931  4274  4310 D WindowManager: reportFocusChangedSerialized, focused=false, inTouchMode=true, win=Window{58ae6ae u0 com.wallapop/com.rewallapop.ui.item.ItemDetailActivity}

09-25 16:29:11.934  4274 19495 D GameManagerService: noteResumeComponent(), resumeComponent: com.wallapop

09-25 16:29:11.934  4274 12790 D GameManagerService: handleForegroundChange(). pkgName: com.wallapop, clsName: com.rewallapop.ui.iab.activity.FeatureItemCoachActivity,FgActivityName:com.wallapop/com.rewallapop.ui.iab.activity.FeatureItemCoachActivity

09-25 16:29:11.934  4274 19495 D MARsPolicyManager: onPackageResumedFG pkgName = com.wallapop, userId = 0

09-25 16:29:11.937  4274  4274 D Telecom:SamsungPrebindingServiceImpl: onTopActivityChanged : ComponentInfo{com.wallapop/com.rewallapop.ui.iab.activity.FeatureItemCoachActivity}

09-25 16:29:11.972 26946 25018 V FA-SVC  : Event recorded: Event{appId='com.wallapop', name='ad_query(_aq)', params=Bundle[{ga_event_origin(_o)=am, ga_screen_class(_sc)=ItemDetailActivity, ga_screen_id(_si)=8753007037039410946, ad_event_id(_aeid)=8753007037039410947}]}

09-25 16:29:12.056  4274 19495 D SamsungAlarmManager: Cancel Alarm calling from uid:10271 pid :24648 / op:PendingIntent{122bece: PendingIntentRecord{221405f com.wallapop broadcastIntent}}

09-25 16:29:12.066 26946 25018 V FA-SVC  : Event recorded: Event{appId='com.wallapop', name='ad_query(_aq)', params=Bundle[{ga_event_origin(_o)=am, ad_event_id(_aeid)=8753007037039410949}]}

09-25 16:29:12.141 26946 25018 V FA-SVC  : Event recorded: Event{appId='com.wallapop', name='adunit_exposure(_xu)', params=Bundle[{ga_event_origin(_o)=am, ad_unit_id(_ai)=/130868815/9-Android-DFP-Wall-pos2, ga_screen_class(_sc)=ItemDetailActivity, ga_screen_id(_si)=8753007037039410946, exposure_time(_xt)=2471}]}

09-25 16:29:12.158  3720  3720 I SurfaceFlinger: id=19603 createSurf (4440x4440),2 flag=4, ecab4e8 com.wallapop/com.rewallapop.ui.iab.activity.FeatureItemCoachActivity#0

09-25 16:29:12.198  4274 14711 V WindowManager: Relayout Window{ecab4e8 u0 com.wallapop/com.rewallapop.ui.iab.activity.FeatureItemCoachActivity}: viewVisibility=0 req=1080x2220 {(0,0)(fillxfill) sim={adjust=resize forwardNavigation} ty=BASE_APPLICATION fmt=TRANSLUCENT wanim=0x10302fe

09-25 16:29:12.203  3720  3720 I SurfaceFlinger: id=19604 createSurf (1080x2220),1 flag=4, com.wallapop/com.rewallapop.ui.iab.activity.FeatureItemCoachActivity[24648]#0

09-25 16:29:12.205  4274 14711 D WindowManager: makeSurface duration=3 name=com.wallapop/com.rewallapop.ui.iab.activity.FeatureItemCoachActivity[24648]

09-25 16:29:12.205  4274 14711 V WindowManager: Changing focus from null to Window{ecab4e8 u0 com.wallapop/com.rewallapop.ui.iab.activity.FeatureItemCoachActivity} Callers=com.android.server.wm.WindowManagerService.relayoutWindow:2526 com.android.server.wm.Session.relayoutForTranslate:302 android.view.IWindowSession$Stub.onTransact:518 com.android.server.wm.Session.onTransact:186

09-25 16:29:12.206  4274  4291 D WindowManager: setSystemUiVisibility: vis= 0x8018, fullscreenVis= 0x2000, dockedVis= 0x0, win=Window{ecab4e8 u0 com.wallapop/com.rewallapop.ui.iab.activity.FeatureItemCoachActivity}

09-25 16:29:12.212  4274  4310 D WindowManager: reportFocusChangedSerialized, focused=true, inTouchMode=true, win=Window{ecab4e8 u0 com.wallapop/com.rewallapop.ui.iab.activity.FeatureItemCoachActivity}

09-25 16:29:12.250 26946 25018 V FA-SVC  : Event recorded: Event{appId='com.wallapop', name='ad_exposure(_xa)', params=Bundle[{ga_event_origin(_o)=am, ga_screen_class(_sc)=ItemDetailActivity, ga_screen_id(_si)=8753007037039410946, exposure_time(_xt)=2471}]}

09-25 16:29:12.326 24648 24659 I com.wallapop: NativeAlloc concurrent copying GC freed 128489(8MB) AllocSpace objects, 33(1636KB) LOS objects, 50% free, 22MB/44MB, paused 343us total 199.377ms

09-25 16:29:12.346 26946 25018 V FA-SVC  : Event recorded: Event{appId='com.wallapop', name='user_engagement(_e)', params=Bundle[{ga_event_origin(_o)=auto, engagement_time_msec(_et)=2473, ga_screen_class(_sc)=ItemDetailActivity, ga_screen_id(_si)=8753007037039410946}]}

09-25 16:29:12.347  4274 14751 D WindowManager: finishDrawingWindow: Window{ecab4e8 u0 com.wallapop/com.rewallapop.ui.iab.activity.FeatureItemCoachActivity} mDrawState=DRAW_PENDING

09-25 16:29:12.350  4274  5154 I WindowManager: commitFinishDrawingLocked: mDrawState=READY_TO_SHOW Surface(name=com.wallapop/com.rewallapop.ui.iab.activity.FeatureItemCoachActivity[24648])/@0x2cf7539

09-25 16:29:12.350  4274  5154 V WindowManager: Resize reasons for w=Window{ecab4e8 u0 com.wallapop/com.rewallapop.ui.iab.activity.FeatureItemCoachActivity}:  contentInsetsChanged=false [0,63][0,126] visibleInsetsChanged=false [0,63][0,126] stableInsetsChanged=false [0,63][0,126] outsetsChanged=false [0,0][0,0] surfaceResized=false configChanged=false dragResizingChanged=false reportOrientationChanged=false displayCutoutChanged=false nextForceRelayoutToClient=false

09-25 16:29:12.352  4274  5154 I WindowManager: Cancelling animation restarting=true, leash=null, surface=Surface(name=AppWindowToken{ceead64 token=Token{510daf7 ActivityRecord{39dc6f6 u0 com.wallapop/com.rewallapop.ui.iab.activity.FeatureItemCoachActivity t1071}}})/@0x78974df, parent=Surface(name=Task=1071)/@0x90461eb

09-25 16:29:12.352  4274  5154 I WindowManager: Reparenting to leash, surface=Surface(name=AppWindowToken{ceead64 token=Token{510daf7 ActivityRecord{39dc6f6 u0 com.wallapop/com.rewallapop.ui.iab.activity.FeatureItemCoachActivity t1071}}})/@0x78974df

09-25 16:29:12.353  3720  3720 I SurfaceFlinger: id=19605 createSurf (4440x4440),2 flag=4, Surface(name=AppWindowToken{ceead64 token=Token{510daf7 ActivityRecord{39dc6f6 u0 com.wallapop/com.rewallapop.ui.iab.activity.FeatureItemCoachActivity t1071}}})/@0x78974df - animation-leash#0

09-25 16:29:12.356  4274  5154 D WindowManager: makeSurface duration=4 leash=Surface(name=Surface(name=AppWindowToken{ceead64 token=Token{510daf7 ActivityRecord{39dc6f6 u0 com.wallapop/com.rewallapop.ui.iab.activity.FeatureItemCoachActivity t1071}}})/@0x78974df - animation-leash)/@0xa9ce52c

09-25 16:29:12.356  4274  5154 D SurfaceControl: reparent is called, sc=Surface(name=AppWindowToken{ceead64 token=Token{510daf7 ActivityRecord{39dc6f6 u0 com.wallapop/com.rewallapop.ui.iab.activity.FeatureItemCoachActivity t1071}}})/@0x78974df, newParentHandle=android.os.BinderProxy@ea92bf5, transaction=android.view.SurfaceControl$Transaction@dea8d8a

09-25 16:29:12.358  4274  5154 V WindowManager: performShowLocked: mDrawState=HAS_DRAWN in Window{ecab4e8 u0 com.wallapop/com.rewallapop.ui.iab.activity.FeatureItemCoachActivity}

09-25 16:29:12.364  4274  4291 D WindowManager: setSystemUiVisibility: vis= 0x8008, fullscreenVis= 0x0, dockedVis= 0x0, win=Window{ecab4e8 u0 com.wallapop/com.rewallapop.ui.iab.activity.FeatureItemCoachActivity}

09-25 16:29:12.365  3720  3937 D Layer   : [AppWindowToken{ceead64 token=Token{510daf7 ActivityRecord{39dc6f6 u0 com.wallapop/com.rewallapop.ui.iab.activity.FeatureItemCoachActivity t1071}}}#0]::reparent oldParent:[Task=1071#0], newParent:[Surface(name=AppWindowToken{ceead64 token=Token{510daf7 ActivityRecord{39dc6f6 u0 com.wallapop/com.rewallapop.ui.iab.activity.FeatureItemCoachActivity t1071}}})/@0x78974df - animation-leash#0]

09-25 16:29:12.377  4274  4310 I ActivityManager: Displayed com.wallapop/com.rewallapop.ui.iab.activity.FeatureItemCoachActivity: +432ms

09-25 16:29:12.380 24648 24648 V InputMethodManager: Starting input: tba=com.wallapop ic=null mNaviBarColor -654311424 mIsGetNaviBarColorSuccess true , NavVisible : true , NavTrans : false

09-25 16:29:12.382  4274  5152 V InputMethodManagerService: windowGainedFocus : reason=WINDOW_FOCUS_GAIN client=android.os.BinderProxy@791aa58 inputContext=null missingMethods= attribute=android.view.inputmethod.EditorInfo@a2d9271 nm = com.wallapop controlFlags=#104 softInputMode=#110 windowFlags=#81810100

09-25 16:29:12.425  3720  3720 I SurfaceFlinger:      Device | 0x76f83eb380 | 0002 | RGBA_8888 |   0.0    0.0 1080.0 2220.0 |    0    0 1080 2220 | com.wallapop/com.rewallapop.ui.item.ItemDetailActivity[24648]#0

09-25 16:29:12.425  3720  3720 I SurfaceFlinger:      Device | 0x76f8834280 | 0000 | RGBA_8888 |   0.0    0.0 1080.0 2220.0 |    0    0 1080 2220 | com.wallapop/com.rewallapop.ui.iab.activity.FeatureItemCoachActivity[24648]#0

09-25 16:29:12.427 26946 25018 V FA-SVC  : Event recorded: Event{appId='com.wallapop', name='screen_view(_vs)', params=Bundle[{ga_event_origin(_o)=auto, ga_previous_class(_pc)=ItemDetailActivity, ga_previous_id(_pi)=8753007037039410946, ga_screen_class(_sc)=FeatureItemCoachActivity, ga_screen_id(_si)=8753007037039410950}]}

09-25 16:29:12.502 26946 25018 V FA-SVC  : Event recorded: Event{appId='com.wallapop', name='ad_query(_aq)', params=Bundle[{ga_event_origin(_o)=am, ga_screen_class(_sc)=FeatureItemCoachActivity, ga_screen_id(_si)=8753007037039410950, ad_event_id(_aeid)=8753007037039410948}]}

09-25 16:29:12.549 24648 25512 W com.wallapop: Unsupported class loader

09-25 16:29:12.772  4274  5154 I WindowManager: reset, Reparenting to original parent, shouldDeferScheduleAnimation=false, destroyLeash=true, surface=Surface(name=AppWindowToken{ceead64 token=Token{510daf7 ActivityRecord{39dc6f6 u0 com.wallapop/com.rewallapop.ui.iab.activity.FeatureItemCoachActivity t1071}}})/@0x78974df, parent=Surface(name=Task=1071)/@0x90461eb, parentNativeHandle=android.os.BinderProxy@ea45a9a, caller=com.android.server.wm.SurfaceAnimator.lambda$getFinishedCallback$0:97 com.android.server.wm.-$$Lambda$SurfaceAnimator$SIBia0mND666K8lMCPsoid8pUTI.run:4 com.android.server.wm.SurfaceAnimator.lambda$getFinishedCallback$1:104 com.android.server.wm.-$$Lambda$SurfaceAnimator$vdRZk66hQVbQCvVXEaQCT1kVmFc.onAnimationFinished:4 com.android.server.wm.LocalAnimationAdapter.lambda$startAnimation$0:74

09-25 16:29:12.772  4274  5154 D SurfaceControl: reparent is called, sc=Surface(name=AppWindowToken{ceead64 token=Token{510daf7 ActivityRecord{39dc6f6 u0 com.wallapop/com.rewallapop.ui.iab.activity.FeatureItemCoachActivity t1071}}})/@0x78974df, newParentHandle=android.os.BinderProxy@ea45a9a, transaction=android.view.SurfaceControl$Transaction@dea8d8a

09-25 16:29:12.773  4274  5154 D SurfaceControl: destroy(transaction), animation-leash is destroyed, sc=Surface(name=Surface(name=AppWindowToken{ceead64 token=Token{510daf7 ActivityRecord{39dc6f6 u0 com.wallapop/com.rewallapop.ui.iab.activity.FeatureItemCoachActivity t1071}}})/@0x78974df - animation-leash)/@0xa9ce52c, transaction=android.view.SurfaceControl$Transaction@dea8d8a, caller=com.android.server.wm.SurfaceAnimator.reset:338 com.android.server.wm.SurfaceAnimator.lambda$getFinishedCallback$0:97 com.android.server.wm.-$$Lambda$SurfaceAnimator$SIBia0mND666K8lMCPsoid8pUTI.run:4 com.android.server.wm.SurfaceAnimator.lambda$getFinishedCallback$1:104 com.android.server.wm.-$$Lambda$SurfaceAnimator$vdRZk66hQVbQCvVXEaQCT1kVmFc.onAnimationFinished:4 com.android.server.wm.LocalAnimationAdapter.lambda$startAnimation$0:74 com.android.server.wm.-$$Lambda$LocalAnimationAdapter$X--EomqUvw4qy89IeeTFTH7aCMo.run:4

09-25 16:29:12.778  3720  3752 D Layer   : [AppWindowToken{ceead64 token=Token{510daf7 ActivityRecord{39dc6f6 u0 com.wallapop/com.rewallapop.ui.iab.activity.FeatureItemCoachActivity t1071}}}#0]::reparent oldParent:[Surface(name=AppWindowToken{ceead64 token=Token{510daf7 ActivityRecord{39dc6f6 u0 com.wallapop/com.rewallapop.ui.iab.activity.FeatureItemCoachActivity t1071}}})/@0x78974df - animation-leash#0], newParent:[Task=1071#0]

09-25 16:29:12.778  3720  3752 I SurfaceFlinger: id=19605 Removed Surface(name=AppWindowToken{ceead64 token=Token{510daf7 ActivityRecord{39dc6f6 u0 com.wallapop/com.rewallapop.ui.iab.activity.FeatureItemCoachActivity t1071}}})/@0x78974df - animation-leash#0 (0/81)

09-25 16:29:12.788  3720  3720 I Layer   : id=19605 onRemoved Surface(name=AppWindowToken{ceead64 token=Token{510daf7 ActivityRecord{39dc6f6 u0 com.wallapop/com.rewallapop.ui.iab.activity.FeatureItemCoachActivity t1071}}})/@0x78974df - animation-leash#0

09-25 16:29:13.368 26946 25018 V FA-SVC  : Event recorded: Event{appId='com.wallapop', name='ad_query(_aq)', params=Bundle[{ga_event_origin(_o)=am, ga_screen_class(_sc)=FeatureItemCoachActivity, ga_screen_id(_si)=8753007037039410950, ad_event_id(_aeid)=8753007037039410951}]}

09-25 16:29:13.406  4274  5210 I clp-JNI : Add pinfo.  (channel) ecab4e8 com.wallapop/com.rewallapop.ui.iab.activity.FeatureItemCoachActivity (server) (pkg) AppWindowToken{ceead64 token=Token{510daf7 ActivityRecord{39dc6f6 u0 com.wallapop/com.rewallapop.ui.iab.activity.FeatureItemCoachActivity t1071}}} 24648 10271 (action) 1

09-25 16:29:13.451  4274  4274 D Telecom:SamsungPrebindingServiceImpl: onTopActivityChanged : ComponentInfo{com.wallapop/com.rewallapop.ui.item.ItemDetailActivity}

09-25 16:29:13.499  4274 19495 V WindowManager: Changing focus from Window{ecab4e8 u0 com.wallapop/com.rewallapop.ui.iab.activity.FeatureItemCoachActivity} to Window{58ae6ae u0 com.wallapop/com.rewallapop.ui.item.ItemDetailActivity} Callers=com.android.server.wm.WindowManagerService.setFocusedApp:3136 com.android.server.am.ActivityManagerService.setResumedActivityUncheckLocked:4487 com.android.server.am.ActivityStack.onActivityStateChanged:560 com.android.server.am.TaskRecord.onActivityStateChanged:2186

09-25 16:29:13.500  4274  4291 D WindowManager: setSystemUiVisibility: vis= 0xa008, fullscreenVis= 0x0, dockedVis= 0x0, win=Window{58ae6ae u0 com.wallapop/com.rewallapop.ui.item.ItemDetailActivity}

09-25 16:29:13.505  4274 19495 D GameManagerService: noteResumeComponent(), resumeComponent: com.wallapop

09-25 16:29:13.505  4274 12790 D GameManagerService: handleForegroundChange(). pkgName: com.wallapop, clsName: com.rewallapop.ui.item.ItemDetailActivity,FgActivityName:com.wallapop/com.rewallapop.ui.item.ItemDetailActivity

09-25 16:29:13.505  4274  4310 D WindowManager: reportFocusChangedSerialized, focused=true, inTouchMode=true, win=Window{58ae6ae u0 com.wallapop/com.rewallapop.ui.item.ItemDetailActivity}

09-25 16:29:13.506  4274  4310 D WindowManager: reportFocusChangedSerialized, focused=false, inTouchMode=true, win=Window{ecab4e8 u0 com.wallapop/com.rewallapop.ui.iab.activity.FeatureItemCoachActivity}

09-25 16:29:13.506  4274 19495 D MARsPolicyManager: onPackageResumedFG pkgName = com.wallapop, userId = 0

09-25 16:29:13.508  4274  4274 D Telecom:SamsungPrebindingServiceImpl: onTopActivityChanged : ComponentInfo{com.wallapop/com.rewallapop.ui.item.ItemDetailActivity}

09-25 16:29:13.512  4274 19495 I WindowManager: Cancelling animation restarting=true, leash=null, surface=Surface(name=AppWindowToken{ceead64 token=Token{510daf7 ActivityRecord{39dc6f6 u0 com.wallapop/com.rewallapop.ui.iab.activity.FeatureItemCoachActivity t1071}}})/@0x78974df, parent=Surface(name=Task=1071)/@0x90461eb

09-25 16:29:13.512  4274 19495 I WindowManager: Reparenting to leash, surface=Surface(name=AppWindowToken{ceead64 token=Token{510daf7 ActivityRecord{39dc6f6 u0 com.wallapop/com.rewallapop.ui.iab.activity.FeatureItemCoachActivity t1071}}})/@0x78974df

09-25 16:29:13.513  3720  3720 I SurfaceFlinger: id=19606 createSurf (4440x4440),2 flag=4, Surface(name=AppWindowToken{ceead64 token=Token{510daf7 ActivityRecord{39dc6f6 u0 com.wallapop/com.rewallapop.ui.iab.activity.FeatureItemCoachActivity t1071}}})/@0x78974df - animation-leash#0

09-25 16:29:13.516  4274 19495 D WindowManager: makeSurface duration=4 leash=Surface(name=Surface(name=AppWindowToken{ceead64 token=Token{510daf7 ActivityRecord{39dc6f6 u0 com.wallapop/com.rewallapop.ui.iab.activity.FeatureItemCoachActivity t1071}}})/@0x78974df - animation-leash)/@0x78c6992

09-25 16:29:13.516  4274 19495 D SurfaceControl: reparent is called, sc=Surface(name=AppWindowToken{ceead64 token=Token{510daf7 ActivityRecord{39dc6f6 u0 com.wallapop/com.rewallapop.ui.iab.activity.FeatureItemCoachActivity t1071}}})/@0x78974df, newParentHandle=android.os.BinderProxy@7df9f63, transaction=android.view.SurfaceControl$Transaction@dea8d8a

09-25 16:29:13.521  3720  3752 D Layer   : [AppWindowToken{ceead64 token=Token{510daf7 ActivityRecord{39dc6f6 u0 com.wallapop/com.rewallapop.ui.iab.activity.FeatureItemCoachActivity t1071}}}#0]::reparent oldParent:[Task=1071#0], newParent:[Surface(name=AppWindowToken{ceead64 token=Token{510daf7 ActivityRecord{39dc6f6 u0 com.wallapop/com.rewallapop.ui.iab.activity.FeatureItemCoachActivity t1071}}})/@0x78974df - animation-leash#0]

09-25 16:29:13.522  4274  4291 D WindowManager: setSystemUiVisibility: vis= 0xa018, fullscreenVis= 0x2000, dockedVis= 0x0, win=Window{58ae6ae u0 com.wallapop/com.rewallapop.ui.item.ItemDetailActivity}

09-25 16:29:13.583 26946 25018 V FA-SVC  : Event recorded: Event{appId='com.wallapop', name='adunit_exposure(_xu)', params=Bundle[{ga_event_origin(_o)=am, ad_unit_id(_ai)=/130868815/9-Android-DFP-Wall-pos2, ga_screen_class(_sc)=FeatureItemCoachActivity, ga_screen_id(_si)=8753007037039410950, exposure_time(_xt)=1344}]}

09-25 16:29:13.610 24648 24648 V InputMethodManager: Starting input: tba=com.wallapop ic=null mNaviBarColor -1 mIsGetNaviBarColorSuccess true , NavVisible : true , NavTrans : false

09-25 16:29:13.614  4274  5153 V InputMethodManagerService: windowGainedFocus : reason=WINDOW_FOCUS_GAIN client=android.os.BinderProxy@791aa58 inputContext=null missingMethods= attribute=android.view.inputmethod.EditorInfo@bdfc8d5 nm = com.wallapop controlFlags=#100 softInputMode=#20 windowFlags=#81810100

09-25 16:29:13.717 26946 25018 V FA-SVC  : Event recorded: Event{appId='com.wallapop', name='ad_exposure(_xa)', params=Bundle[{ga_event_origin(_o)=am, ga_screen_class(_sc)=FeatureItemCoachActivity, ga_screen_id(_si)=8753007037039410950, exposure_time(_xt)=1344}]}

09-25 16:29:13.796 26946 25018 V FA-SVC  : Event recorded: Event{appId='com.wallapop', name='user_engagement(_e)', params=Bundle[{ga_event_origin(_o)=auto, engagement_time_msec(_et)=1345, ga_screen_class(_sc)=FeatureItemCoachActivity, ga_screen_id(_si)=8753007037039410950}]}

09-25 16:29:13.885 26946 25018 V FA-SVC  : Event recorded: Event{appId='com.wallapop', name='screen_view(_vs)', params=Bundle[{ga_event_origin(_o)=auto, ga_previous_class(_pc)=FeatureItemCoachActivity, ga_previous_id(_pi)=8753007037039410950, ga_screen_class(_sc)=ItemDetailActivity, ga_screen_id(_si)=8753007037039410946}]}

09-25 16:29:13.924  4274  5154 I WindowManager: reset, Reparenting to original parent, shouldDeferScheduleAnimation=false, destroyLeash=true, surface=Surface(name=AppWindowToken{ceead64 token=Token{510daf7 ActivityRecord{39dc6f6 u0 com.wallapop/com.rewallapop.ui.iab.activity.FeatureItemCoachActivity t1071}}})/@0x78974df, parent=Surface(name=Task=1071)/@0x90461eb, parentNativeHandle=android.os.BinderProxy@ea45a9a, caller=com.android.server.wm.SurfaceAnimator.lambda$getFinishedCallback$0:97 com.android.server.wm.-$$Lambda$SurfaceAnimator$SIBia0mND666K8lMCPsoid8pUTI.run:4 com.android.server.wm.SurfaceAnimator.lambda$getFinishedCallback$1:104 com.android.server.wm.-$$Lambda$SurfaceAnimator$vdRZk66hQVbQCvVXEaQCT1kVmFc.onAnimationFinished:4 com.android.server.wm.LocalAnimationAdapter.lambda$startAnimation$0:74

09-25 16:29:13.925  4274  5154 D SurfaceControl: reparent is called, sc=Surface(name=AppWindowToken{ceead64 token=Token{510daf7 ActivityRecord{39dc6f6 u0 com.wallapop/com.rewallapop.ui.iab.activity.FeatureItemCoachActivity t1071}}})/@0x78974df, newParentHandle=android.os.BinderProxy@ea45a9a, transaction=android.view.SurfaceControl$Transaction@dea8d8a

09-25 16:29:13.925  4274  5154 D SurfaceControl: destroy(transaction), animation-leash is destroyed, sc=Surface(name=Surface(name=AppWindowToken{ceead64 token=Token{510daf7 ActivityRecord{39dc6f6 u0 com.wallapop/com.rewallapop.ui.iab.activity.FeatureItemCoachActivity t1071}}})/@0x78974df - animation-leash)/@0x78c6992, transaction=android.view.SurfaceControl$Transaction@dea8d8a, caller=com.android.server.wm.SurfaceAnimator.reset:338 com.android.server.wm.SurfaceAnimator.lambda$getFinishedCallback$0:97 com.android.server.wm.-$$Lambda$SurfaceAnimator$SIBia0mND666K8lMCPsoid8pUTI.run:4 com.android.server.wm.SurfaceAnimator.lambda$getFinishedCallback$1:104 com.android.server.wm.-$$Lambda$SurfaceAnimator$vdRZk66hQVbQCvVXEaQCT1kVmFc.onAnimationFinished:4 com.android.server.wm.LocalAnimationAdapter.lambda$startAnimation$0:74 com.android.server.wm.-$$Lambda$LocalAnimationAdapter$X--EomqUvw4qy89IeeTFTH7aCMo.run:4

09-25 16:29:13.926  4274  5154 V WindowManager: Setting visibility of Window{ecab4e8 u0 com.wallapop/com.rewallapop.ui.iab.activity.FeatureItemCoachActivity}: false, caller=com.android.server.wm.WindowContainer.sendAppVisibilityToClients:615 com.android.server.wm.AppWindowToken.setClientHidden:460 com.android.server.wm.AppWindowToken.onAnimationFinished:2383 com.android.server.wm.-$$Lambda$yVRF8YoeNdTa8GR1wDStVsHu8xM.run:2 com.android.server.wm.SurfaceAnimator.lambda$getFinishedCallback$0:100

09-25 16:29:13.941  3720  5250 D Layer   : [AppWindowToken{ceead64 token=Token{510daf7 ActivityRecord{39dc6f6 u0 com.wallapop/com.rewallapop.ui.iab.activity.FeatureItemCoachActivity t1071}}}#0]::reparent oldParent:[Surface(name=AppWindowToken{ceead64 token=Token{510daf7 ActivityRecord{39dc6f6 u0 com.wallapop/com.rewallapop.ui.iab.activity.FeatureItemCoachActivity t1071}}})/@0x78974df - animation-leash#0], newParent:[Task=1071#0]

09-25 16:29:13.942  3720  5250 I SurfaceFlinger: id=19606 Removed Surface(name=AppWindowToken{ceead64 token=Token{510daf7 ActivityRecord{39dc6f6 u0 com.wallapop/com.rewallapop.ui.iab.activity.FeatureItemCoachActivity t1071}}})/@0x78974df - animation-leash#0 (0/81)

09-25 16:29:13.946  3720  3720 I SurfaceFlinger:      Device | 0x76f821ffc0 | 0002 | RGBA_8888 |   0.0    0.0 1080.0 2220.0 |    0    0 1080 2220 | com.wallapop/com.rewallapop.ui.item.ItemDetailActivity[24648]#0

09-25 16:29:13.958  3720  3720 I Layer   : id=19606 onRemoved Surface(name=AppWindowToken{ceead64 token=Token{510daf7 ActivityRecord{39dc6f6 u0 com.wallapop/com.rewallapop.ui.iab.activity.FeatureItemCoachActivity t1071}}})/@0x78974df - animation-leash#0

09-25 16:29:13.963  3720  5250 E BufferQueueProducer: [com.wallapop/com.rewallapop.ui.iab.activity.FeatureItemCoachActivity[24648]#0] disconnect: not connected (req=1)

09-25 16:29:13.968  4274  5152 V WindowManager: Relayout Window{ecab4e8 u0 com.wallapop/com.rewallapop.ui.iab.activity.FeatureItemCoachActivity}: viewVisibility=8 req=1080x2220 {(0,0)(fillxfill) sim={adjust=resize forwardNavigation} ty=BASE_APPLICATION fmt=TRANSLUCENT wanim=0x10302fe

09-25 16:29:13.969  4274  5152 E WindowManager: win=Window{ecab4e8 u0 com.wallapop/com.rewallapop.ui.iab.activity.FeatureItemCoachActivity} destroySurfaces: appStopped=false win.mWindowRemovalAllowed=false win.mRemoveOnExit=false win.mViewVisibility=8 caller=com.android.server.wm.WindowManagerService.tryStartExitingAnimation:2759 com.android.server.wm.WindowManagerService.relayoutWindow:2456 com.android.server.wm.Session.relayoutForTranslate:302 android.view.IWindowSession$Stub.onTransact:518 com.android.server.wm.Session.onTransact:186 android.os.Binder.execTransact:739 <bottom of call stack>

09-25 16:29:13.969  4274  5152 I WindowManager: Destroying surface Surface(name=com.wallapop/com.rewallapop.ui.iab.activity.FeatureItemCoachActivity[24648])/@0x2cf7539 called by com.android.server.wm.WindowStateAnimator.destroySurface:1901 com.android.server.wm.WindowStateAnimator.destroySurfaceLocked:838 com.android.server.wm.WindowState.destroySurfaceUnchecked:3839 com.android.server.wm.WindowState.destroySurface:3820 com.android.server.wm.WindowManagerService.tryStartExitingAnimation:2759 com.android.server.wm.WindowManagerService.relayoutWindow:2456 com.android.server.wm.Session.relayoutForTranslate:302 android.view.IWindowSession$Stub.onTransact:518

09-25 16:29:13.969  3720  5250 I SurfaceFlinger: id=19604 Removed com.wallapop/com.rewallapop.ui.iab.activity.FeatureItemCoachActivity[24648]#0 (0/80)

09-25 16:29:13.974  3720  3720 I Layer   : id=19604 onRemoved com.wallapop/com.rewallapop.ui.iab.activity.FeatureItemCoachActivity[24648]#0

09-25 16:29:14.010  4274  5152 D SamsungAlarmManager: Cancel Alarm calling from uid:10271 pid :24648 / op:PendingIntent{5e0109a: PendingIntentRecord{27fcf7 com.wallapop broadcastIntent}}

09-25 16:29:14.031  4274  5152 V WindowManager: Remove Window{ecab4e8 u0 com.wallapop/com.rewallapop.ui.iab.activity.FeatureItemCoachActivity}: mSurfaceController=null mAnimatingExit=false mRemoveOnExit=false mHasSurface=false surfaceShowing=false isAnimationSet=false app-animation=false mWillReplaceWindow=false inPendingTransaction=false mDisplayFrozen=false callers=com.android.server.wm.WindowState.removeIfPossible:2764 com.android.server.wm.WindowManagerService.removeWindow:1943 com.android.server.wm.Session.remove:268 android.view.IWindowSession$Stub.onTransact:347 com.android.server.wm.Session.onTransact:186 android.os.Binder.execTransact:739

09-25 16:29:14.034  3720  3937 I SurfaceFlinger: id=19603 Removed ecab4e8 com.wallapop/com.rewallapop.ui.iab.activity.FeatureItemCoachActivity#0 (0/79)

09-25 16:29:14.037  4274  5152 I WindowManager: Cancelling animation restarting=false, leash=null, surface=Surface(name=AppWindowToken{ceead64 token=Token{510daf7 ActivityRecord{39dc6f6 u0 com.wallapop/com.rewallapop.ui.iab.activity.FeatureItemCoachActivity t1071}}})/@0x78974df, parent=Surface(name=Task=1071)/@0x90461eb

09-25 16:29:14.041  3720  3720 I Layer   : id=19603 onRemoved ecab4e8 com.wallapop/com.rewallapop.ui.iab.activity.FeatureItemCoachActivity#0

09-25 16:29:14.043  3720  3937 I SurfaceFlinger: id=19602 Removed AppWindowToken{ceead64 token=Token{510daf7 ActivityRecord{39dc6f6 u0 com.wallapop/com.rewallapop.ui.iab.activity.FeatureItemCoachActivity t1071}}}#0 (2/78)

09-25 16:29:14.058  3720  3720 I Layer   : id=19602 onRemoved AppWindowToken{ceead64 token=Token{510daf7 ActivityRecord{39dc6f6 u0 com.wallapop/com.rewallapop.ui.iab.activity.FeatureItemCoachActivity t1071}}}#0

09-25 16:29:15.329 24648 24659 I com.wallapop: Background concurrent copying GC freed 162605(8MB) AllocSpace objects, 90(10MB) LOS objects, 38% free, 39MB/63MB, paused 406us total 187.216ms

09-25 16:29:16.420 26946 25018 V FA-SVC  : Event recorded: Event{appId='com.wallapop', name='ad_impression(_ai)', params=Bundle[{ga_event_origin(_o)=am, ga_screen_class(_sc)=ItemDetailActivity, ga_screen_id(_si)=8753007037039410946, ad_event_id(_aeid)=8753007037039410976}]}

09-25 16:29:28.814 24648 24659 I com.wallapop: Background concurrent copying GC freed 270570(9MB) AllocSpace objects, 50(31MB) LOS objects, 49% free, 23MB/46MB, paused 458us total 219.543ms

09-25 16:29:29.998 24648 24653 W com.wallapop: Accessing hidden method Landroid/text/SpannableStringInternal;->length()I (light greylist, linking)

09-25 16:29:34.147 24648 24659 I com.wallapop: Background concurrent copying GC freed 198957(6MB) AllocSpace objects, 25(21MB) LOS objects, 49% free, 21MB/42MB, paused 415us total 217.442ms


