09-25 16:28:17.197  4274 19495 V WindowManager: Relayout Window{ac3e496 u0 com.wallapop/com.rewallapop.ui.wall.WallActivity}: viewVisibility=0 req=1080x2220 {(0,0)(fillxfill) sim={adjust=resize} ty=BASE_APPLICATION wanim=0x10302fe

09-25 16:28:17.201  3720  3720 I SurfaceFlinger: id=19592 createSurf (1080x2220),1 flag=404, com.wallapop/com.rewallapop.ui.wall.WallActivity[24648]#0

09-25 16:28:17.204  4274 19495 D WindowManager: makeSurface duration=4 name=com.wallapop/com.rewallapop.ui.wall.WallActivity[24648]

09-25 16:28:17.204  4274 19495 V WindowManager: Changing focus from null to Window{ac3e496 u0 com.wallapop/com.rewallapop.ui.wall.WallActivity} Callers=com.android.server.wm.WindowManagerService.relayoutWindow:2526 com.android.server.wm.Session.relayoutForTranslate:302 android.view.IWindowSession$Stub.onTransact:518 com.android.server.wm.Session.onTransact:186

09-25 16:28:17.205  4274  4291 D WindowManager: setSystemUiVisibility: vis= 0xa518, fullscreenVis= 0x2000, dockedVis= 0x0, win=Window{ac3e496 u0 com.wallapop/com.rewallapop.ui.wall.WallActivity}

09-25 16:28:17.212  4274  4310 D WindowManager: reportFocusChangedSerialized, focused=true, inTouchMode=true, win=Window{ac3e496 u0 com.wallapop/com.rewallapop.ui.wall.WallActivity}

09-25 16:28:17.257 26946 25018 V FA-SVC  : Event recorded: Event{appId='com.wallapop', name='screen_view(_vs)', params=Bundle[{ga_event_origin(_o)=auto, ga_previous_class(_pc)=LocationPermissionActivity, ga_previous_id(_pi)=8753007037039410942, ga_screen_class(_sc)=WallActivity, ga_screen_id(_si)=8753007037039410930}]}

09-25 16:28:17.430  4274 19495 D WindowManager: finishDrawingWindow: Window{ac3e496 u0 com.wallapop/com.rewallapop.ui.wall.WallActivity} mDrawState=DRAW_PENDING

09-25 16:28:17.431  4274  5154 I WindowManager: commitFinishDrawingLocked: mDrawState=READY_TO_SHOW Surface(name=com.wallapop/com.rewallapop.ui.wall.WallActivity[24648])/@0x311bd05

09-25 16:28:17.433  4274  5154 V WindowManager: Setting visibility of Window{477b6f5 u0 com.wallapop/com.rewallapop.ui.login.OnboardingActivity}: false, caller=com.android.server.wm.WindowContainer.sendAppVisibilityToClients:615 com.android.server.wm.AppWindowToken.setClientHidden:460 com.android.server.wm.AppWindowToken.onAnimationFinished:2383 com.android.server.wm.AppWindowToken.setVisibility:551 com.android.server.wm.WindowSurfacePlacer.handleClosingApps:536

09-25 16:28:17.435  4274  5154 I WindowManager: Cancelling animation restarting=true, leash=null, surface=Surface(name=AppWindowToken{e68c3a6 token=Token{e5c3901 ActivityRecord{ee70ee8 u0 com.wallapop/com.rewallapop.ui.location.LocationPermissionActivity t1071}}})/@0x130d06, parent=Surface(name=Task=1071)/@0x90461eb

09-25 16:28:17.435  4274  5154 I WindowManager: Reparenting to leash, surface=Surface(name=AppWindowToken{e68c3a6 token=Token{e5c3901 ActivityRecord{ee70ee8 u0 com.wallapop/com.rewallapop.ui.location.LocationPermissionActivity t1071}}})/@0x130d06

09-25 16:28:17.437  3720  3720 I SurfaceFlinger: id=19593 createSurf (4440x4440),2 flag=4, Surface(name=AppWindowToken{e68c3a6 token=Token{e5c3901 ActivityRecord{ee70ee8 u0 com.wallapop/com.rewallapop.ui.location.LocationPermissionActivity t1071}}})/@0x130d06 - animation-leash#0

09-25 16:28:17.438  4274  5154 D WindowManager: makeSurface duration=3 leash=Surface(name=Surface(name=AppWindowToken{e68c3a6 token=Token{e5c3901 ActivityRecord{ee70ee8 u0 com.wallapop/com.rewallapop.ui.location.LocationPermissionActivity t1071}}})/@0x130d06 - animation-leash)/@0x757b314

09-25 16:28:17.438  4274  5154 D SurfaceControl: reparent is called, sc=Surface(name=AppWindowToken{e68c3a6 token=Token{e5c3901 ActivityRecord{ee70ee8 u0 com.wallapop/com.rewallapop.ui.location.LocationPermissionActivity t1071}}})/@0x130d06, newParentHandle=android.os.BinderProxy@e5f87bd, transaction=android.view.SurfaceControl$Transaction@dfac51d

09-25 16:28:17.441  4274  5154 I WindowManager: Cancelling animation restarting=true, leash=null, surface=Surface(name=AppWindowToken{dc3837b token=Token{22f6f0a ActivityRecord{e56a375 u0 com.wallapop/com.rewallapop.ui.wall.WallActivity t1071}}})/@0x36fe6cd, parent=Surface(name=Task=1071)/@0x90461eb

09-25 16:28:17.441  4274  5154 I WindowManager: Reparenting to leash, surface=Surface(name=AppWindowToken{dc3837b token=Token{22f6f0a ActivityRecord{e56a375 u0 com.wallapop/com.rewallapop.ui.wall.WallActivity t1071}}})/@0x36fe6cd

09-25 16:28:17.449  3720  3720 I SurfaceFlinger: id=19594 createSurf (4440x4440),2 flag=4, Surface(name=AppWindowToken{dc3837b token=Token{22f6f0a ActivityRecord{e56a375 u0 com.wallapop/com.rewallapop.ui.wall.WallActivity t1071}}})/@0x36fe6cd - animation-leash#0

09-25 16:28:17.450  4274  5154 D WindowManager: makeSurface duration=9 leash=Surface(name=Surface(name=AppWindowToken{dc3837b token=Token{22f6f0a ActivityRecord{e56a375 u0 com.wallapop/com.rewallapop.ui.wall.WallActivity t1071}}})/@0x36fe6cd - animation-leash)/@0x1975e5f

09-25 16:28:17.451  4274  5154 D SurfaceControl: reparent is called, sc=Surface(name=AppWindowToken{dc3837b token=Token{22f6f0a ActivityRecord{e56a375 u0 com.wallapop/com.rewallapop.ui.wall.WallActivity t1071}}})/@0x36fe6cd, newParentHandle=android.os.BinderProxy@8ae50ac, transaction=android.view.SurfaceControl$Transaction@4b9e2d0

09-25 16:28:17.451  4274  5154 V WindowManager: performShowLocked: mDrawState=HAS_DRAWN in Window{ac3e496 u0 com.wallapop/com.rewallapop.ui.wall.WallActivity}

09-25 16:28:17.455  3720  5250 D Layer   : [AppWindowToken{dc3837b token=Token{22f6f0a ActivityRecord{e56a375 u0 com.wallapop/com.rewallapop.ui.wall.WallActivity t1071}}}#0]::reparent oldParent:[Task=1071#0], newParent:[Surface(name=AppWindowToken{dc3837b token=Token{22f6f0a ActivityRecord{e56a375 u0 com.wallapop/com.rewallapop.ui.wall.WallActivity t1071}}})/@0x36fe6cd - animation-leash#0]

09-25 16:28:17.455  3720  5250 D Layer   : [AppWindowToken{e68c3a6 token=Token{e5c3901 ActivityRecord{ee70ee8 u0 com.wallapop/com.rewallapop.ui.location.LocationPermissionActivity t1071}}}#0]::reparent oldParent:[Task=1071#0], newParent:[Surface(name=AppWindowToken{e68c3a6 token=Token{e5c3901 ActivityRecord{ee70ee8 u0 com.wallapop/com.rewallapop.ui.location.LocationPermissionActivity t1071}}})/@0x130d06 - animation-leash#0]

09-25 16:28:17.479  3720  3720 I SurfaceFlinger:      Device | 0x76efe24140 | 0002 | RGBA_8888 |   0.0   65.0 1080.0 2220.0 |    0    0 1080 2155 | com.wallapop/com.rewallapop.ui.wall.WallActivity[24648]#0

09-25 16:28:17.479  3720  3720 I SurfaceFlinger:      Device | 0x76efe23cc0 | 0002 | RGBA_8888 |   0.0    0.0 1080.0 2213.0 |    0    7 1080 2220 | com.wallapop/com.rewallapop.ui.location.LocationPermissionActivity[24648]#0

09-25 16:28:17.486 24648 24648 V InputMethodManager: Starting input: tba=com.wallapop ic=null mNaviBarColor -1 mIsGetNaviBarColorSuccess true , NavVisible : true , NavTrans : false

09-25 16:28:17.487  4274  5153 V InputMethodManagerService: windowGainedFocus : reason=WINDOW_FOCUS_GAIN client=android.os.BinderProxy@791aa58 inputContext=null missingMethods= attribute=android.view.inputmethod.EditorInfo@17d817b nm = com.wallapop controlFlags=#104 softInputMode=#10 windowFlags=#81810100

09-25 16:28:17.568  4274  5153 V WindowManager: Relayout Window{477b6f5 u0 com.wallapop/com.rewallapop.ui.login.OnboardingActivity}: viewVisibility=8 req=1080x2220 {(0,0)(fillxfill) sim={adjust=pan} ty=BASE_APPLICATION wanim=0x10302fe sysuil=true

09-25 16:28:17.594  3720  3720 I SurfaceFlinger:      Device | 0x76efe23fc0 | 0002 | RGBA_8888 |   0.0   39.0 1080.0 2220.0 |    0    0 1080 2181 | com.wallapop/com.rewallapop.ui.wall.WallActivity[24648]#0

09-25 16:28:17.613 24648 24659 I com.wallapop: Background concurrent copying GC freed 286307(15MB) AllocSpace objects, 60(3MB) LOS objects, 49% free, 20MB/40MB, paused 497us total 226.152ms

09-25 16:28:17.756  4274  5154 I WindowManager: reset, Reparenting to original parent, shouldDeferScheduleAnimation=true, destroyLeash=true, surface=Surface(name=AppWindowToken{e68c3a6 token=Token{e5c3901 ActivityRecord{ee70ee8 u0 com.wallapop/com.rewallapop.ui.location.LocationPermissionActivity t1071}}})/@0x130d06, parent=Surface(name=Task=1071)/@0x90461eb, parentNativeHandle=android.os.BinderProxy@ea45a9a, caller=com.android.server.wm.SurfaceAnimator.lambda$getFinishedCallback$0:97 com.android.server.wm.-$$Lambda$SurfaceAnimator$SIBia0mND666K8lMCPsoid8pUTI.run:4 com.android.server.wm.AnimatingAppWindowTokenRegistry.endDeferringFinished:104 com.android.server.wm.AnimatingAppWindowTokenRegistry.notifyAboutToFinish:77 com.android.server.wm.AppWindowToken.shouldDeferAnimationFinish:2245

09-25 16:28:17.756  4274  5154 D SurfaceControl: reparent is called, sc=Surface(name=AppWindowToken{e68c3a6 token=Token{e5c3901 ActivityRecord{ee70ee8 u0 com.wallapop/com.rewallapop.ui.location.LocationPermissionActivity t1071}}})/@0x130d06, newParentHandle=android.os.BinderProxy@ea45a9a, transaction=android.view.SurfaceControl$Transaction@dfac51d

09-25 16:28:17.757  4274  5154 D SurfaceControl: destroy(transaction), animation-leash is destroyed, sc=Surface(name=Surface(name=AppWindowToken{e68c3a6 token=Token{e5c3901 ActivityRecord{ee70ee8 u0 com.wallapop/com.rewallapop.ui.location.LocationPermissionActivity t1071}}})/@0x130d06 - animation-leash)/@0x757b314, transaction=android.view.SurfaceControl$Transaction@dfac51d, caller=com.android.server.wm.SurfaceAnimator.reset:338 com.android.server.wm.SurfaceAnimator.lambda$getFinishedCallback$0:97 com.android.server.wm.-$$Lambda$SurfaceAnimator$SIBia0mND666K8lMCPsoid8pUTI.run:4 com.android.server.wm.AnimatingAppWindowTokenRegistry.endDeferringFinished:104 com.android.server.wm.AnimatingAppWindowTokenRegistry.notifyAboutToFinish:77 com.android.server.wm.AppWindowToken.shouldDeferAnimationFinish:2245 com.android.server.wm.SurfaceAnimator.lambda$getFinishedCallback$1:103

09-25 16:28:17.758  4274  5154 V WindowManager: Setting visibility of Window{97742d7 u0 com.wallapop/com.rewallapop.ui.location.LocationPermissionActivity}: false, caller=com.android.server.wm.WindowContainer.sendAppVisibilityToClients:615 com.android.server.wm.AppWindowToken.setClientHidden:460 com.android.server.wm.AppWindowToken.onAnimationFinished:2383 com.android.server.wm.-$$Lambda$yVRF8YoeNdTa8GR1wDStVsHu8xM.run:2 com.android.server.wm.SurfaceAnimator.lambda$getFinishedCallback$0:100

09-25 16:28:17.758  4274  5154 I WindowManager: reset, Reparenting to original parent, shouldDeferScheduleAnimation=false, destroyLeash=true, surface=Surface(name=AppWindowToken{dc3837b token=Token{22f6f0a ActivityRecord{e56a375 u0 com.wallapop/com.rewallapop.ui.wall.WallActivity t1071}}})/@0x36fe6cd, parent=Surface(name=Task=1071)/@0x90461eb, parentNativeHandle=android.os.BinderProxy@ea45a9a, caller=com.android.server.wm.SurfaceAnimator.lambda$getFinishedCallback$0:97 com.android.server.wm.-$$Lambda$SurfaceAnimator$SIBia0mND666K8lMCPsoid8pUTI.run:4 com.android.server.wm.SurfaceAnimator.lambda$getFinishedCallback$1:104 com.android.server.wm.-$$Lambda$SurfaceAnimator$vdRZk66hQVbQCvVXEaQCT1kVmFc.onAnimationFinished:4 com.android.server.wm.LocalAnimationAdapter.lambda$startAnimation$0:74

09-25 16:28:17.759  4274  5154 D SurfaceControl: reparent is called, sc=Surface(name=AppWindowToken{dc3837b token=Token{22f6f0a ActivityRecord{e56a375 u0 com.wallapop/com.rewallapop.ui.wall.WallActivity t1071}}})/@0x36fe6cd, newParentHandle=android.os.BinderProxy@ea45a9a, transaction=android.view.SurfaceControl$Transaction@4b9e2d0

09-25 16:28:17.759  4274  5154 D SurfaceControl: destroy(transaction), animation-leash is destroyed, sc=Surface(name=Surface(name=AppWindowToken{dc3837b token=Token{22f6f0a ActivityRecord{e56a375 u0 com.wallapop/com.rewallapop.ui.wall.WallActivity t1071}}})/@0x36fe6cd - animation-leash)/@0x1975e5f, transaction=android.view.SurfaceControl$Transaction@4b9e2d0, caller=com.android.server.wm.SurfaceAnimator.reset:338 com.android.server.wm.SurfaceAnimator.lambda$getFinishedCallback$0:97 com.android.server.wm.-$$Lambda$SurfaceAnimator$SIBia0mND666K8lMCPsoid8pUTI.run:4 com.android.server.wm.SurfaceAnimator.lambda$getFinishedCallback$1:104 com.android.server.wm.-$$Lambda$SurfaceAnimator$vdRZk66hQVbQCvVXEaQCT1kVmFc.onAnimationFinished:4 com.android.server.wm.LocalAnimationAdapter.lambda$startAnimation$0:74 com.android.server.wm.-$$Lambda$LocalAnimationAdapter$X--EomqUvw4qy89IeeTFTH7aCMo.run:4

09-25 16:28:17.763  3720  3937 D Layer   : [AppWindowToken{e68c3a6 token=Token{e5c3901 ActivityRecord{ee70ee8 u0 com.wallapop/com.rewallapop.ui.location.LocationPermissionActivity t1071}}}#0]::reparent oldParent:[Surface(name=AppWindowToken{e68c3a6 token=Token{e5c3901 ActivityRecord{ee70ee8 u0 com.wallapop/com.rewallapop.ui.location.LocationPermissionActivity t1071}}})/@0x130d06 - animation-leash#0], newParent:[Task=1071#0]

09-25 16:28:17.763  3720  3937 D Layer   : [AppWindowToken{dc3837b token=Token{22f6f0a ActivityRecord{e56a375 u0 com.wallapop/com.rewallapop.ui.wall.WallActivity t1071}}}#0]::reparent oldParent:[Surface(name=AppWindowToken{dc3837b token=Token{22f6f0a ActivityRecord{e56a375 u0 com.wallapop/com.rewallapop.ui.wall.WallActivity t1071}}})/@0x36fe6cd - animation-leash#0], newParent:[Task=1071#0]

09-25 16:28:17.763  3720  3937 I SurfaceFlinger: id=19593 Removed Surface(name=AppWindowToken{e68c3a6 token=Token{e5c3901 ActivityRecord{ee70ee8 u0 com.wallapop/com.rewallapop.ui.location.LocationPermissionActivity t1071}}})/@0x130d06 - animation-leash#0 (0/82)

09-25 16:28:17.763  3720  3937 I SurfaceFlinger: id=19594 Removed Surface(name=AppWindowToken{dc3837b token=Token{22f6f0a ActivityRecord{e56a375 u0 com.wallapop/com.rewallapop.ui.wall.WallActivity t1071}}})/@0x36fe6cd - animation-leash#0 (0/81)

09-25 16:28:17.772  3720  3720 I Layer   : id=19594 onRemoved Surface(name=AppWindowToken{dc3837b token=Token{22f6f0a ActivityRecord{e56a375 u0 com.wallapop/com.rewallapop.ui.wall.WallActivity t1071}}})/@0x36fe6cd - animation-leash#0

09-25 16:28:17.772  3720  3720 I Layer   : id=19593 onRemoved Surface(name=AppWindowToken{e68c3a6 token=Token{e5c3901 ActivityRecord{ee70ee8 u0 com.wallapop/com.rewallapop.ui.location.LocationPermissionActivity t1071}}})/@0x130d06 - animation-leash#0

09-25 16:28:17.862 24648 24648 I chatty  : uid=10271(com.wallapop) identical 2 lines

09-25 16:28:18.092  3720  3937 E BufferQueueProducer: [com.wallapop/com.rewallapop.ui.location.LocationPermissionActivity[24648]#0] disconnect: not connected (req=1)

09-25 16:28:18.098  4274 19495 V WindowManager: Relayout Window{97742d7 u0 com.wallapop/com.rewallapop.ui.location.LocationPermissionActivity}: viewVisibility=8 req=1080x2220 {(0,0)(fillxfill) sim={adjust=pan forwardNavigation} ty=BASE_APPLICATION wanim=0x10302fe

09-25 16:28:18.099  4274 19495 E WindowManager: win=Window{97742d7 u0 com.wallapop/com.rewallapop.ui.location.LocationPermissionActivity} destroySurfaces: appStopped=false win.mWindowRemovalAllowed=false win.mRemoveOnExit=false win.mViewVisibility=8 caller=com.android.server.wm.WindowManagerService.tryStartExitingAnimation:2759 com.android.server.wm.WindowManagerService.relayoutWindow:2456 com.android.server.wm.Session.relayoutForTranslate:302 android.view.IWindowSession$Stub.onTransact:518 com.android.server.wm.Session.onTransact:186 android.os.Binder.execTransact:739 <bottom of call stack>

09-25 16:28:18.099  4274 19495 I WindowManager: Destroying surface Surface(name=com.wallapop/com.rewallapop.ui.location.LocationPermissionActivity[24648])/@0x76f27c4 called by com.android.server.wm.WindowStateAnimator.destroySurface:1901 com.android.server.wm.WindowStateAnimator.destroySurfaceLocked:838 com.android.server.wm.WindowState.destroySurfaceUnchecked:3839 com.android.server.wm.WindowState.destroySurface:3820 com.android.server.wm.WindowManagerService.tryStartExitingAnimation:2759 com.android.server.wm.WindowManagerService.relayoutWindow:2456 com.android.server.wm.Session.relayoutForTranslate:302 android.view.IWindowSession$Stub.onTransact:518

09-25 16:28:18.099  3720  3937 I SurfaceFlinger: id=19587 Removed com.wallapop/com.rewallapop.ui.location.LocationPermissionActivity[24648]#0 (0/80)

09-25 16:28:18.106  3720  3720 I Layer   : id=19587 onRemoved com.wallapop/com.rewallapop.ui.location.LocationPermissionActivity[24648]#0

09-25 16:28:18.266 26946 25018 V FA-SVC  : Event recorded: Event{appId='com.wallapop', name='ad_impression(_ai)', params=Bundle[{ga_event_origin(_o)=am, ga_screen_class(_sc)=WallActivity, ga_screen_id(_si)=8753007037039410930, ad_event_id(_aeid)=7731616138489372672}]}

09-25 16:28:18.397 24648 24648 W View    : requestLayout() improperly called by com.wallapop.design.view.WallapopTextView{7acaf22 V.ED..... ......ID 47,26-611,86 #7f0a088a app:id/wp__home__tv_bubble} during layout: running second layout pass

09-25 16:28:19.142  4274 14751 V WindowManager: Remove Window{477b6f5 u0 com.wallapop/com.rewallapop.ui.login.OnboardingActivity}: mSurfaceController=null mAnimatingExit=false mRemoveOnExit=false mHasSurface=false surfaceShowing=false isAnimationSet=false app-animation=false mWillReplaceWindow=false inPendingTransaction=false mDisplayFrozen=false callers=com.android.server.wm.WindowState.removeIfPossible:2764 com.android.server.wm.WindowManagerService.removeWindow:1943 com.android.server.wm.Session.remove:268 android.view.IWindowSession$Stub.onTransact:347 com.android.server.wm.Session.onTransact:186 android.os.Binder.execTransact:739

09-25 16:28:19.146  3720  3937 I SurfaceFlinger: id=19571 Removed 477b6f5 com.wallapop/com.rewallapop.ui.login.OnboardingActivity#0 (0/79)

09-25 16:28:19.152  4274 14751 I WindowManager: Cancelling animation restarting=false, leash=null, surface=Surface(name=AppWindowToken{5b6eda5 token=Token{c06df9c ActivityRecord{a2e130f u0 com.wallapop/com.rewallapop.ui.login.OnboardingActivity t1071}}})/@0x99b4089, parent=Surface(name=Task=1071)/@0x90461eb

09-25 16:28:19.158  3720  3720 I Layer   : id=19571 onRemoved 477b6f5 com.wallapop/com.rewallapop.ui.login.OnboardingActivity#0

09-25 16:28:19.160  3720  3752 I SurfaceFlinger: id=19569 Removed AppWindowToken{5b6eda5 token=Token{c06df9c ActivityRecord{a2e130f u0 com.wallapop/com.rewallapop.ui.login.OnboardingActivity t1071}}}#0 (1/78)

09-25 16:28:19.175  3720  3720 I Layer   : id=19569 onRemoved AppWindowToken{5b6eda5 token=Token{c06df9c ActivityRecord{a2e130f u0 com.wallapop/com.rewallapop.ui.login.OnboardingActivity t1071}}}#0

09-25 16:28:19.203  4274 19495 V WindowManager: Remove Window{97742d7 u0 com.wallapop/com.rewallapop.ui.location.LocationPermissionActivity}: mSurfaceController=null mAnimatingExit=false mRemoveOnExit=false mHasSurface=false surfaceShowing=false isAnimationSet=false app-animation=false mWillReplaceWindow=false inPendingTransaction=false mDisplayFrozen=false callers=com.android.server.wm.WindowState.removeIfPossible:2764 com.android.server.wm.WindowManagerService.removeWindow:1943 com.android.server.wm.Session.remove:268 android.view.IWindowSession$Stub.onTransact:347 com.android.server.wm.Session.onTransact:186 android.os.Binder.execTransact:739

09-25 16:28:19.208  3720  3752 I SurfaceFlinger: id=19586 Removed 97742d7 com.wallapop/com.rewallapop.ui.location.LocationPermissionActivity#0 (0/77)

09-25 16:28:19.213  4274 19495 I WindowManager: Cancelling animation restarting=false, leash=null, surface=Surface(name=AppWindowToken{e68c3a6 token=Token{e5c3901 ActivityRecord{ee70ee8 u0 com.wallapop/com.rewallapop.ui.location.LocationPermissionActivity t1071}}})/@0x130d06, parent=Surface(name=Task=1071)/@0x90461eb

09-25 16:28:19.225  3720  3720 I Layer   : id=19586 onRemoved 97742d7 com.wallapop/com.rewallapop.ui.location.LocationPermissionActivity#0

09-25 16:28:19.226  3720  3752 I SurfaceFlinger: id=19585 Removed AppWindowToken{e68c3a6 token=Token{e5c3901 ActivityRecord{ee70ee8 u0 com.wallapop/com.rewallapop.ui.location.LocationPermissionActivity t1071}}}#0 (1/76)

09-25 16:28:19.242  3720  3720 I Layer   : id=19585 onRemoved AppWindowToken{e68c3a6 token=Token{e5c3901 ActivityRecord{ee70ee8 u0 com.wallapop/com.rewallapop.ui.location.LocationPermissionActivity t1071}}}#0

09-25 16:28:24.807  4274  5210 I clp-JNI : Add pinfo.  (channel) ac3e496 com.wallapop/com.rewallapop.ui.wall.WallActivity (server) (pkg) AppWindowToken{dc3837b token=Token{22f6f0a ActivityRecord{e56a375 u0 com.wallapop/com.rewallapop.ui.wall.WallActivity t1071}}} 24648 10271 (action) 1

09-25 16:28:24.812  4274  4274 D GameManagerService: identifyGamePackage. com.wallapop

09-25 16:28:24.813  4274  4274 D GamePkgDataHelper: getGamePkgData(). com.wallapop

09-25 16:28:32.800 24648 24659 I com.wallapop: Background concurrent copying GC freed 205611(9MB) AllocSpace objects, 25(12MB) LOS objects, 43% free, 30MB/54MB, paused 465us total 180.969ms

09-25 16:28:35.539  4274  5210 I clp-JNI : Add pinfo.  (channel) ac3e496 com.wallapop/com.rewallapop.ui.wall.WallActivity (server) (pkg) AppWindowToken{dc3837b token=Token{22f6f0a ActivityRecord{e56a375 u0 com.wallapop/com.rewallapop.ui.wall.WallActivity t1071}}} 24648 10271 (action) 1

09-25 16:28:35.548  4274  4274 D GameManagerService: identifyGamePackage. com.wallapop

09-25 16:28:35.548  4274  4274 D GamePkgDataHelper: getGamePkgData(). com.wallapop

09-25 16:28:36.241 24648 24648 I chatty  : uid=10271(com.wallapop) identical 2 lines

09-25 16:28:36.423 26946 25018 V FA-SVC  : Event recorded: Event{appId='com.wallapop', name='ad_impression(_ai)', params=Bundle[{ga_event_origin(_o)=am, ga_screen_class(_sc)=WallActivity, ga_screen_id(_si)=8753007037039410930, ad_event_id(_aeid)=2410725717546336256}]}

09-25 16:28:37.076 24648 24648 E com.wallapop: No package ID 47 found for ID 0x47470002.

09-25 16:28:37.583 24648 24648 E com.wallapop: No package ID 47 found for ID 0x47470002.

09-25 16:28:37.985 24648 24648 E com.wallapop: No package ID 47 found for ID 0x47470002.

09-25 16:28:38.685 24648 24648 E com.wallapop: No package ID 47 found for ID 0x47470002.

09-25 16:28:39.053 24648 24648 E com.wallapop: No package ID 47 found for ID 0x47470002.

09-25 16:28:39.211 24648 24648 E com.wallapop: No package ID 47 found for ID 0x47470002.

09-25 16:28:39.301 24648 24648 E com.wallapop: No package ID 47 found for ID 0x47470002.

09-25 16:28:39.433 24648 24648 E com.wallapop: No package ID 47 found for ID 0x47470002.

09-25 16:28:39.557 24648 24648 E com.wallapop: No package ID 47 found for ID 0x47470002.

09-25 16:28:39.642 24648 24648 E com.wallapop: No package ID 47 found for ID 0x47470002.

09-25 16:28:39.900 24648 24648 E com.wallapop: No package ID 47 found for ID 0x47470002.

09-25 16:28:40.044 24648 24648 E com.wallapop: No package ID 47 found for ID 0x47470002.

09-25 16:28:40.138 24648 24648 E com.wallapop: No package ID 47 found for ID 0x47470002.

09-25 16:28:40.276 24648 24648 E com.wallapop: No package ID 47 found for ID 0x47470002.

09-25 16:28:40.415 24648 24648 E com.wallapop: No package ID 47 found for ID 0x47470002.

09-25 16:28:40.511 24648 24648 E com.wallapop: No package ID 47 found for ID 0x47470002.

09-25 16:28:40.726 24648 24648 E com.wallapop: No package ID 47 found for ID 0x47470002.

09-25 16:28:40.912 24648 24648 E com.wallapop: No package ID 47 found for ID 0x47470002.

09-25 16:28:41.011 24648 24648 E com.wallapop: No package ID 47 found for ID 0x47470002.

09-25 16:28:41.117 24648 24648 E com.wallapop: No package ID 47 found for ID 0x47470002.

09-25 16:28:41.246 24648 24648 E com.wallapop: No package ID 47 found for ID 0x47470002.

09-25 16:28:41.345 24648 24648 E com.wallapop: No package ID 47 found for ID 0x47470002.

09-25 16:28:41.531 24648 24648 E com.wallapop: No package ID 47 found for ID 0x47470002.

09-25 16:28:41.675 24648 24648 E com.wallapop: No package ID 47 found for ID 0x47470002.

09-25 16:28:41.760 24648 24648 E com.wallapop: No package ID 47 found for ID 0x47470002.

09-25 16:28:42.419  4274  5210 I clp-JNI : Add pinfo.  (channel) ac3e496 com.wallapop/com.rewallapop.ui.wall.WallActivity (server) (pkg) AppWindowToken{dc3837b token=Token{22f6f0a ActivityRecord{e56a375 u0 com.wallapop/com.rewallapop.ui.wall.WallActivity t1071}}} 24648 10271 (action) 1

09-25 16:28:42.423  4274  4274 D GameManagerService: identifyGamePackage. com.wallapop

09-25 16:28:42.424  4274  4274 D GamePkgDataHelper: getGamePkgData(). com.wallapop

09-25 16:28:42.431 26946 25018 V FA-SVC  : Event recorded: Event{appId='com.wallapop', name='adunit_exposure(_xu)', params=Bundle[{ga_event_origin(_o)=am, ad_unit_id(_ai)=/130868815/9-Android-DFP-Wall-pos1, ga_screen_class(_sc)=WallActivity, ga_screen_id(_si)=8753007037039410930, exposure_time(_xt)=7098}]}

09-25 16:28:44.125 24648 24648 E com.wallapop: No package ID 47 found for ID 0x47470002.

09-25 16:28:44.632 24648 24648 E com.wallapop: No package ID 47 found for ID 0x47470002.

09-25 16:28:45.246  4274  5210 I clp-JNI : Add pinfo.  (channel) ac3e496 com.wallapop/com.rewallapop.ui.wall.WallActivity (server) (pkg) AppWindowToken{dc3837b token=Token{22f6f0a ActivityRecord{e56a375 u0 com.wallapop/com.rewallapop.ui.wall.WallActivity t1071}}} 24648 10271 (action) 1

09-25 16:28:45.251  4274  4274 D GameManagerService: identifyGamePackage. com.wallapop

09-25 16:28:45.252  4274  4274 D GamePkgDataHelper: getGamePkgData(). com.wallapop

09-25 16:28:46.900 24648 24648 E com.wallapop: No package ID 47 found for ID 0x47470002.

09-25 16:28:47.567 24648 24659 I com.wallapop: NativeAlloc concurrent copying GC freed 128321(6MB) AllocSpace objects, 24(11MB) LOS objects, 50% free, 19MB/39MB, paused 823us total 202.239ms

09-25 16:28:47.572 24648 24657 W REALM_JAVA: Remember to call close() on all Realm instances. Realm /data/data/com.wallapop/files/feature_flags is being finalized without being closed, this can lead to running out of native memory.

09-25 16:28:47.705  4274  5210 I clp-JNI : Add pinfo.  (channel) ac3e496 com.wallapop/com.rewallapop.ui.wall.WallActivity (server) (pkg) AppWindowToken{dc3837b token=Token{22f6f0a ActivityRecord{e56a375 u0 com.wallapop/com.rewallapop.ui.wall.WallActivity t1071}}} 24648 10271 (action) 1

09-25 16:28:49.430 24648 24648 E com.wallapop: No package ID 47 found for ID 0x47470002.

09-25 16:28:50.408 24648 24648 E com.wallapop: No package ID 47 found for ID 0x47470002.

09-25 16:28:51.012 24648 24648 E com.wallapop: No package ID 47 found for ID 0x47470002.

09-25 16:28:51.452 24648 24648 E com.wallapop: No package ID 47 found for ID 0x47470002.

09-25 16:28:51.929 24648 24648 E com.wallapop: No package ID 47 found for ID 0x47470002.

09-25 16:28:52.304 24648 24648 E com.wallapop: No package ID 47 found for ID 0x47470002.

09-25 16:28:52.765 24648 24648 E com.wallapop: No package ID 47 found for ID 0x47470002.

09-25 16:28:53.090 24648 24648 E com.wallapop: No package ID 47 found for ID 0x47470002.

09-25 16:28:53.105 24648 24659 I com.wallapop: Background concurrent copying GC freed 185925(6MB) AllocSpace objects, 28(20MB) LOS objects, 50% free, 17MB/35MB, paused 609us total 203.731ms

09-25 16:28:53.511 24648 24648 E com.wallapop: No package ID 47 found for ID 0x47470002.

09-25 16:28:53.902 24648 24648 E com.wallapop: No package ID 47 found for ID 0x47470002.

09-25 16:28:54.334 24648 24648 E com.wallapop: No package ID 47 found for ID 0x47470002.

09-25 16:28:54.804 24648 24648 E com.wallapop: No package ID 47 found for ID 0x47470002.

09-25 16:28:55.759 26946 25018 V FA-SVC  : Event recorded: Event{appId='com.wallapop', name='adunit_exposure(_xu)', params=Bundle[{ga_event_origin(_o)=am, ad_unit_id(_ai)=/130868815/9-Android-DFP-Wall-pos2, ga_screen_class(_sc)=WallActivity, ga_screen_id(_si)=8753007037039410930, exposure_time(_xt)=19274}]}

09-25 16:28:55.816 26946 25018 V FA-SVC  : Event recorded: Event{appId='com.wallapop', name='ad_exposure(_xa)', params=Bundle[{ga_event_origin(_o)=am, ga_screen_class(_sc)=WallActivity, ga_screen_id(_si)=8753007037039410930, exposure_time(_xt)=20394}]}

09-25 16:28:55.828  4274  5210 I clp-JNI : Add pinfo.  (channel) ac3e496 com.wallapop/com.rewallapop.ui.wall.WallActivity (server) (pkg) AppWindowToken{dc3837b token=Token{22f6f0a ActivityRecord{e56a375 u0 com.wallapop/com.rewallapop.ui.wall.WallActivity t1071}}} 24648 10271 (action) 1

09-25 16:28:55.837  4274  4274 D GameManagerService: identifyGamePackage. com.wallapop

09-25 16:28:55.838  4274  4274 D GamePkgDataHelper: getGamePkgData(). com.wallapop

09-25 16:28:56.923 26946 25018 V FA-SVC  : Event recorded: Event{appId='com.wallapop', name='ad_impression(_ai)', params=Bundle[{ga_event_origin(_o)=am, ga_screen_class(_sc)=WallActivity, ga_screen_id(_si)=8753007037039410930, ad_event_id(_aeid)=-2792431137973125120}]}

09-25 16:28:57.915 26946 25018 V FA-SVC  : Event recorded: Event{appId='com.wallapop', name='ad_query(_aq)', params=Bundle[{ga_event_origin(_o)=am, ga_screen_class(_sc)=WallActivity, ga_screen_id(_si)=8753007037039410930, ad_event_id(_aeid)=8753007037039410943}]}

09-25 16:28:58.017 24648 24648 E com.wallapop: No package ID 47 found for ID 0x47470002.

09-25 16:28:58.886 24648 24648 E com.wallapop: No package ID 47 found for ID 0x47470002.

09-25 16:28:59.125 26946 25018 V FA-SVC  : Event recorded: Event{appId='com.wallapop', name='ad_query(_aq)', params=Bundle[{ga_event_origin(_o)=am, ga_screen_class(_sc)=WallActivity, ga_screen_id(_si)=8753007037039410930, ad_event_id(_aeid)=8753007037039410944}]}

09-25 16:28:59.651 24648 24648 E com.wallapop: No package ID 47 found for ID 0x47470002.

09-25 16:29:00.005  4274  5195 V SamsungAlarmManager: Sending to uid : 10271 action=com.appboy.action.receiver.DATA_SYNC alarm=Alarm{4dc3ec7 type 1 when 1569421697766 com.wallapop}

09-25 16:29:00.261 24648 24648 E com.wallapop: No package ID 47 found for ID 0x47470002.

09-25 16:29:00.997 24648 24648 E com.wallapop: No package ID 47 found for ID 0x47470002.

09-25 16:29:01.409 24648 24648 E com.wallapop: No package ID 47 found for ID 0x47470002.

09-25 16:29:01.839 24648 24648 E com.wallapop: No package ID 47 found for ID 0x47470002.

09-25 16:29:02.230 24648 24648 E com.wallapop: No package ID 47 found for ID 0x47470002.

09-25 16:29:02.688 24648 24648 E com.wallapop: No package ID 47 found for ID 0x47470002.

09-25 16:29:03.185 24648 24648 E com.wallapop: No package ID 47 found for ID 0x47470002.

09-25 16:29:03.659 24648 24648 E com.wallapop: No package ID 47 found for ID 0x47470002.

09-25 16:29:04.038 24648 24648 E com.wallapop: No package ID 47 found for ID 0x47470002.

09-25 16:29:04.801  4274  5210 I clp-JNI : Add pinfo.  (channel) ac3e496 com.wallapop/com.rewallapop.ui.wall.WallActivity (server) (pkg) AppWindowToken{dc3837b token=Token{22f6f0a ActivityRecord{e56a375 u0 com.wallapop/com.rewallapop.ui.wall.WallActivity t1071}}} 24648 10271 (action) 1

09-25 16:29:04.808  4274  4274 D GameManagerService: identifyGamePackage. com.wallapop

09-25 16:29:04.808  4274  4274 D GamePkgDataHelper: getGamePkgData(). com.wallapop

09-25 16:29:06.493 24648 24648 E com.wallapop: No package ID 47 found for ID 0x47470002.

09-25 16:29:07.842 24648 24648 E com.wallapop: No package ID 47 found for ID 0x47470002.

09-25 16:29:09.270  4274  5210 I clp-JNI : Add pinfo.  (channel) ac3e496 com.wallapop/com.rewallapop.ui.wall.WallActivity (server) (pkg) AppWindowToken{dc3837b token=Token{22f6f0a ActivityRecord{e56a375 u0 com.wallapop/com.rewallapop.ui.wall.WallActivity t1071}}} 24648 10271 (action) 1

09-25 16:29:09.323  4274 14711 I ActivityManager: START u0 {act=null typ=null flg=0x0 cmp=ComponentInfo{com.wallapop/com.rewallapop.ui.item.ItemDetailActivity}} from uid 10271

09-25 16:29:09.342  3720  3720 I SurfaceFlinger: id=19595 createSurf (4440x4440),2 flag=4, AppWindowToken{f925e98 token=Token{9e4807b ActivityRecord{872400a u0 com.wallapop/com.rewallapop.ui.item.ItemDetailActivity t1071}}}#0

09-25 16:29:09.380  4274 19495 D GamePkgDataHelper: notifyAppCreate(), pkgName: com.wallapop, sendRet: true

09-25 16:29:09.380  4274 12790 D GamePkgDataHelper: getGamePkgData(). com.wallapop

09-25 16:29:09.380  4274 12790 D GameManagerService: handleMessage(), MSG_APP_CREATE. ignore. pkgName: com.wallapop

09-25 16:29:09.382  4274 19495 V WindowManager: Changing focus from Window{ac3e496 u0 com.wallapop/com.rewallapop.ui.wall.WallActivity} to null Callers=com.android.server.wm.WindowManagerService.setFocusedApp:3136 com.android.server.am.ActivityManagerService.setResumedActivityUncheckLocked:4487 com.android.server.am.ActivityStack.onActivityStateChanged:560 com.android.server.am.TaskRecord.onActivityStateChanged:2186

09-25 16:29:09.382  4274  4310 D WindowManager: reportFocusChangedSerialized, focused=false, inTouchMode=true, win=Window{ac3e496 u0 com.wallapop/com.rewallapop.ui.wall.WallActivity}

09-25 16:29:09.384  4274 19495 D GameManagerService: noteResumeComponent(), resumeComponent: com.wallapop

09-25 16:29:09.384  4274 19495 D MARsPolicyManager: onPackageResumedFG pkgName = com.wallapop, userId = 0

09-25 16:29:09.384  4274 12790 D GameManagerService: handleForegroundChange(). pkgName: com.wallapop, clsName: com.rewallapop.ui.item.ItemDetailActivity,FgActivityName:com.wallapop/com.rewallapop.ui.item.ItemDetailActivity

09-25 16:29:09.385  4274  4274 D Telecom:SamsungPrebindingServiceImpl: onTopActivityChanged : ComponentInfo{com.wallapop/com.rewallapop.ui.item.ItemDetailActivity}

09-25 16:29:09.456  4274 19495 D SamsungAlarmManager: Cancel Alarm calling from uid:10271 pid :24648 / op:PendingIntent{9a68b0: PendingIntentRecord{221405f com.wallapop broadcastIntent}}

09-25 16:29:09.538  3720  3720 I SurfaceFlinger: id=19596 createSurf (4440x4440),2 flag=4, 58ae6ae com.wallapop/com.rewallapop.ui.item.ItemDetailActivity#0

09-25 16:29:09.586  4274 19495 V WindowManager: Relayout Window{58ae6ae u0 com.wallapop/com.rewallapop.ui.item.ItemDetailActivity}: viewVisibility=0 req=1080x2220 {(0,0)(fillxfill) sim={adjust=pan forwardNavigation} ty=BASE_APPLICATION wanim=0x10302fe

09-25 16:29:09.591  3720  3720 I SurfaceFlinger: id=19597 createSurf (1080x2220),1 flag=404, com.wallapop/com.rewallapop.ui.item.ItemDetailActivity[24648]#0

09-25 16:29:09.593  4274 19495 D WindowManager: makeSurface duration=3 name=com.wallapop/com.rewallapop.ui.item.ItemDetailActivity[24648]

09-25 16:29:09.593  4274 19495 V WindowManager: Changing focus from null to Window{58ae6ae u0 com.wallapop/com.rewallapop.ui.item.ItemDetailActivity} Callers=com.android.server.wm.WindowManagerService.relayoutWindow:2526 com.android.server.wm.Session.relayoutForTranslate:302 android.view.IWindowSession$Stub.onTransact:518 com.android.server.wm.Session.onTransact:186

09-25 16:29:09.594  4274  4291 D WindowManager: setSystemUiVisibility: vis= 0xa018, fullscreenVis= 0x2000, dockedVis= 0x0, win=Window{58ae6ae u0 com.wallapop/com.rewallapop.ui.item.ItemDetailActivity}

09-25 16:29:09.598  4274  4310 D WindowManager: reportFocusChangedSerialized, focused=true, inTouchMode=true, win=Window{58ae6ae u0 com.wallapop/com.rewallapop.ui.item.ItemDetailActivity}

09-25 16:29:09.611 24648 24659 I com.wallapop: Background concurrent copying GC freed 186349(8MB) AllocSpace objects, 78(6MB) LOS objects, 49% free, 20MB/40MB, paused 212us total 147.518ms

09-25 16:29:09.688  4274 14751 D WindowManager: finishDrawingWindow: Window{58ae6ae u0 com.wallapop/com.rewallapop.ui.item.ItemDetailActivity} mDrawState=DRAW_PENDING

09-25 16:29:09.690  4274  5154 I WindowManager: commitFinishDrawingLocked: mDrawState=READY_TO_SHOW Surface(name=com.wallapop/com.rewallapop.ui.item.ItemDetailActivity[24648])/@0x7016c4f

09-25 16:29:09.690  4274  5154 V WindowManager: Resize reasons for w=Window{58ae6ae u0 com.wallapop/com.rewallapop.ui.item.ItemDetailActivity}:  contentInsetsChanged=false [0,63][0,126] visibleInsetsChanged=false [0,63][0,126] stableInsetsChanged=false [0,63][0,126] outsetsChanged=false [0,0][0,0] surfaceResized=false configChanged=false dragResizingChanged=false reportOrientationChanged=false displayCutoutChanged=false nextForceRelayoutToClient=false

09-25 16:29:09.695  4274  5154 I WindowManager: Cancelling animation restarting=true, leash=null, surface=Surface(name=AppWindowToken{dc3837b token=Token{22f6f0a ActivityRecord{e56a375 u0 com.wallapop/com.rewallapop.ui.wall.WallActivity t1071}}})/@0x36fe6cd, parent=Surface(name=Task=1071)/@0x90461eb

09-25 16:29:09.695  4274  5154 I WindowManager: Reparenting to leash, surface=Surface(name=AppWindowToken{dc3837b token=Token{22f6f0a ActivityRecord{e56a375 u0 com.wallapop/com.rewallapop.ui.wall.WallActivity t1071}}})/@0x36fe6cd

09-25 16:29:09.696  3720  3720 I SurfaceFlinger: id=19598 createSurf (4440x4440),2 flag=4, Surface(name=AppWindowToken{dc3837b token=Token{22f6f0a ActivityRecord{e56a375 u0 com.wallapop/com.rewallapop.ui.wall.WallActivity t1071}}})/@0x36fe6cd - animation-leash#0

09-25 16:29:09.698  4274  5154 D WindowManager: makeSurface duration=3 leash=Surface(name=Surface(name=AppWindowToken{dc3837b token=Token{22f6f0a ActivityRecord{e56a375 u0 com.wallapop/com.rewallapop.ui.wall.WallActivity t1071}}})/@0x36fe6cd - animation-leash)/@0xf344e61

09-25 16:29:09.698  4274  5154 D SurfaceControl: reparent is called, sc=Surface(name=AppWindowToken{dc3837b token=Token{22f6f0a ActivityRecord{e56a375 u0 com.wallapop/com.rewallapop.ui.wall.WallActivity t1071}}})/@0x36fe6cd, newParentHandle=android.os.BinderProxy@92d1d86, transaction=android.view.SurfaceControl$Transaction@4b9e2d0

09-25 16:29:09.701  4274  5154 I WindowManager: Cancelling animation restarting=true, leash=null, surface=Surface(name=AppWindowToken{f925e98 token=Token{9e4807b ActivityRecord{872400a u0 com.wallapop/com.rewallapop.ui.item.ItemDetailActivity t1071}}})/@0xbdf6899, parent=Surface(name=Task=1071)/@0x90461eb

09-25 16:29:09.701  4274  5154 I WindowManager: Reparenting to leash, surface=Surface(name=AppWindowToken{f925e98 token=Token{9e4807b ActivityRecord{872400a u0 com.wallapop/com.rewallapop.ui.item.ItemDetailActivity t1071}}})/@0xbdf6899

09-25 16:29:09.704  3720  3720 I SurfaceFlinger: id=19599 createSurf (4440x4440),2 flag=4, Surface(name=AppWindowToken{f925e98 token=Token{9e4807b ActivityRecord{872400a u0 com.wallapop/com.rewallapop.ui.item.ItemDetailActivity t1071}}})/@0xbdf6899 - animation-leash#0

09-25 16:29:09.706  4274  5154 D WindowManager: makeSurface duration=5 leash=Surface(name=Surface(name=AppWindowToken{f925e98 token=Token{9e4807b ActivityRecord{872400a u0 com.wallapop/com.rewallapop.ui.item.ItemDetailActivity t1071}}})/@0xbdf6899 - animation-leash)/@0xf54575e

09-25 16:29:09.706  4274  5154 D SurfaceControl: reparent is called, sc=Surface(name=AppWindowToken{f925e98 token=Token{9e4807b ActivityRecord{872400a u0 com.wallapop/com.rewallapop.ui.item.ItemDetailActivity t1071}}})/@0xbdf6899, newParentHandle=android.os.BinderProxy@a3c073f, transaction=android.view.SurfaceControl$Transaction@f7e780c

09-25 16:29:09.711  4274  5154 V WindowManager: performShowLocked: mDrawState=HAS_DRAWN in Window{58ae6ae u0 com.wallapop/com.rewallapop.ui.item.ItemDetailActivity}

09-25 16:29:09.715  3720  3937 D Layer   : [AppWindowToken{dc3837b token=Token{22f6f0a ActivityRecord{e56a375 u0 com.wallapop/com.rewallapop.ui.wall.WallActivity t1071}}}#0]::reparent oldParent:[Task=1071#0], newParent:[Surface(name=AppWindowToken{dc3837b token=Token{22f6f0a ActivityRecord{e56a375 u0 com.wallapop/com.rewallapop.ui.wall.WallActivity t1071}}})/@0x36fe6cd - animation-leash#0]

09-25 16:29:09.715  3720  3937 D Layer   : [AppWindowToken{f925e98 token=Token{9e4807b ActivityRecord{872400a u0 com.wallapop/com.rewallapop.ui.item.ItemDetailActivity t1071}}}#0]::reparent oldParent:[Task=1071#0], newParent:[Surface(name=AppWindowToken{f925e98 token=Token{9e4807b ActivityRecord{872400a u0 com.wallapop/com.rewallapop.ui.item.ItemDetailActivity t1071}}})/@0xbdf6899 - animation-leash#0]

09-25 16:29:09.722  4274  4310 I ActivityManager: Displayed com.wallapop/com.rewallapop.ui.item.ItemDetailActivity: +334ms

09-25 16:29:09.723 24648 24648 V InputMethodManager: Starting input: tba=com.wallapop ic=null mNaviBarColor -1 mIsGetNaviBarColorSuccess true , NavVisible : true , NavTrans : false

09-25 16:29:09.725  4274  5152 V InputMethodManagerService: windowGainedFocus : reason=WINDOW_FOCUS_GAIN client=android.os.BinderProxy@791aa58 inputContext=null missingMethods= attribute=android.view.inputmethod.EditorInfo@3a108f8 nm = com.wallapop controlFlags=#104 softInputMode=#120 windowFlags=#81810100

09-25 16:29:09.746  3720  3720 I SurfaceFlinger:      Device | 0x76efe24140 | 0002 | RGBA_8888 |   0.0    0.0 1080.0 2220.0 |    0    0 1080 2220 | com.wallapop/com.rewallapop.ui.wall.WallActivity[24648]#0

09-25 16:29:09.746  3720  3720 I SurfaceFlinger:      Device | 0x76f821ffc0 | 0002 | RGBA_8888 |   0.0    0.0 1080.0 1701.0 |    0  519 1080 2220 | com.wallapop/com.rewallapop.ui.item.ItemDetailActivity[24648]#0

09-25 16:29:09.763  3720  3720 I SurfaceFlinger:      Device | 0x76efe24140 | 0002 | RGBA_8888 |   0.0    2.0 1080.0 2220.0 |    0    0 1080 2218 | com.wallapop/com.rewallapop.ui.wall.WallActivity[24648]#0

09-25 16:29:09.763  3720  3720 I SurfaceFlinger:      Client | 0x76f821ffc0 | 0002 | RGBA_8888 |   0.0    0.0 1080.0 1723.0 |    0  497 1080 2220 | com.wallapop/com.rewallapop.ui.item.ItemDetailActivity[24648]#0

09-25 16:29:09.803 26946 25018 V FA-SVC  : Event recorded: Event{appId='com.wallapop', name='adunit_exposure(_xu)', params=Bundle[{ga_event_origin(_o)=am, ad_unit_id(_ai)=/130868815/9-Android-DFP-Wall-pos2, ga_screen_class(_sc)=WallActivity, ga_screen_id(_si)=8753007037039410930, exposure_time(_xt)=12732}]}

09-25 16:29:09.843  3720  3720 I SurfaceFlinger:      Client | 0x76efe24140 | 0002 | RGBA_8888 |   0.0   21.0 1080.0 2220.0 |    0    0 1080 2199 | com.wallapop/com.rewallapop.ui.wall.WallActivity[24648]#0

09-25 16:29:09.843  3720  3720 I SurfaceFlinger:      Client | 0x76f83eb380 | 0002 | RGBA_8888 |   0.0    0.0 1080.0 2062.0 |    0  158 1080 2220 | com.wallapop/com.rewallapop.ui.item.ItemDetailActivity[24648]#0

09-25 16:29:09.870 26946 25018 V FA-SVC  : Event recorded: Event{appId='com.wallapop', name='adunit_exposure(_xu)', params=Bundle[{ga_event_origin(_o)=am, ad_unit_id(_ai)=ca-app-pub-5927681371993674/6038745340, ga_screen_class(_sc)=WallActivity, ga_screen_id(_si)=8753007037039410930, exposure_time(_xt)=12614}]}

09-25 16:29:09.901 26946 25018 V FA-SVC  : Event recorded: Event{appId='com.wallapop', name='ad_exposure(_xa)', params=Bundle[{ga_event_origin(_o)=am, ga_screen_class(_sc)=WallActivity, ga_screen_id(_si)=8753007037039410930, exposure_time(_xt)=12732}]}

09-25 16:29:09.939 26946 25018 V FA-SVC  : Event recorded: Event{appId='com.wallapop', name='user_engagement(_e)', params=Bundle[{ga_event_origin(_o)=auto, engagement_time_msec(_et)=52224, ga_screen_class(_sc)=WallActivity, ga_screen_id(_si)=8753007037039410930}]}

09-25 16:29:09.969 26946 25018 V FA-SVC  : Event recorded: Event{appId='com.wallapop', name='screen_view(_vs)', params=Bundle[{ga_event_origin(_o)=auto, ga_previous_class(_pc)=WallActivity, ga_previous_id(_pi)=8753007037039410930, ga_screen_class(_sc)=ItemDetailActivity, ga_screen_id(_si)=8753007037039410946}]}

09-25 16:29:09.997 26946 25018 V FA-SVC  : Event recorded: Event{appId='com.wallapop', name='error(_err)', params=Bundle[{ga_event_origin(_o)=auto, ga_error_length(_el)=15, ga_error_value(_ev)=Click Item Card, ga_screen_class(_sc)=ItemDetailActivity, ga_screen_id(_si)=8753007037039410946, ga_error(_err)=2}]}

09-25 16:29:09.999  4274  5154 I WindowManager: reset, Reparenting to original parent, shouldDeferScheduleAnimation=true, destroyLeash=true, surface=Surface(name=AppWindowToken{f925e98 token=Token{9e4807b ActivityRecord{872400a u0 com.wallapop/com.rewallapop.ui.item.ItemDetailActivity t1071}}})/@0xbdf6899, parent=Surface(name=Task=1071)/@0x90461eb, parentNativeHandle=android.os.BinderProxy@ea45a9a, caller=com.android.server.wm.SurfaceAnimator.lambda$getFinishedCallback$0:97 com.android.server.wm.-$$Lambda$SurfaceAnimator$SIBia0mND666K8lMCPsoid8pUTI.run:4 com.android.server.wm.AnimatingAppWindowTokenRegistry.endDeferringFinished:104 com.android.server.wm.AnimatingAppWindowTokenRegistry.notifyAboutToFinish:77 com.android.server.wm.AppWindowToken.shouldDeferAnimationFinish:2245

09-25 16:29:09.999  4274  5154 D SurfaceControl: reparent is called, sc=Surface(name=AppWindowToken{f925e98 token=Token{9e4807b ActivityRecord{872400a u0 com.wallapop/com.rewallapop.ui.item.ItemDetailActivity t1071}}})/@0xbdf6899, newParentHandle=android.os.BinderProxy@ea45a9a, transaction=android.view.SurfaceControl$Transaction@f7e780c

09-25 16:29:10.000  4274  5154 D SurfaceControl: destroy(transaction), animation-leash is destroyed, sc=Surface(name=Surface(name=AppWindowToken{f925e98 token=Token{9e4807b ActivityRecord{872400a u0 com.wallapop/com.rewallapop.ui.item.ItemDetailActivity t1071}}})/@0xbdf6899 - animation-leash)/@0xf54575e, transaction=android.view.SurfaceControl$Transaction@f7e780c, caller=com.android.server.wm.SurfaceAnimator.reset:338 com.android.server.wm.SurfaceAnimator.lambda$getFinishedCallback$0:97 com.android.server.wm.-$$Lambda$SurfaceAnimator$SIBia0mND666K8lMCPsoid8pUTI.run:4 com.android.server.wm.AnimatingAppWindowTokenRegistry.endDeferringFinished:104 com.android.server.wm.AnimatingAppWindowTokenRegistry.notifyAboutToFinish:77 com.android.server.wm.AppWindowToken.shouldDeferAnimationFinish:2245 com.android.server.wm.SurfaceAnimator.lambda$getFinishedCallback$1:103

09-25 16:29:10.001  4274  5154 I WindowManager: reset, Reparenting to original parent, shouldDeferScheduleAnimation=false, destroyLeash=true, surface=Surface(name=AppWindowToken{dc3837b token=Token{22f6f0a ActivityRecord{e56a375 u0 com.wallapop/com.rewallapop.ui.wall.WallActivity t1071}}})/@0x36fe6cd, parent=Surface(name=Task=1071)/@0x90461eb, parentNativeHandle=android.os.BinderProxy@ea45a9a, caller=com.android.server.wm.SurfaceAnimator.lambda$getFinishedCallback$0:97 com.android.server.wm.-$$Lambda$SurfaceAnimator$SIBia0mND666K8lMCPsoid8pUTI.run:4 com.android.server.wm.SurfaceAnimator.lambda$getFinishedCallback$1:104 com.android.server.wm.-$$Lambda$SurfaceAnimator$vdRZk66hQVbQCvVXEaQCT1kVmFc.onAnimationFinished:4 com.android.server.wm.LocalAnimationAdapter.lambda$startAnimation$0:74

09-25 16:29:10.001  4274  5154 D SurfaceControl: reparent is called, sc=Surface(name=AppWindowToken{dc3837b token=Token{22f6f0a ActivityRecord{e56a375 u0 com.wallapop/com.rewallapop.ui.wall.WallActivity t1071}}})/@0x36fe6cd, newParentHandle=android.os.BinderProxy@ea45a9a, transaction=android.view.SurfaceControl$Transaction@4b9e2d0

09-25 16:29:10.001  4274  5154 D SurfaceControl: destroy(transaction), animation-leash is destroyed, sc=Surface(name=Surface(name=AppWindowToken{dc3837b token=Token{22f6f0a ActivityRecord{e56a375 u0 com.wallapop/com.rewallapop.ui.wall.WallActivity t1071}}})/@0x36fe6cd - animation-leash)/@0xf344e61, transaction=android.view.SurfaceControl$Transaction@4b9e2d0, caller=com.android.server.wm.SurfaceAnimator.reset:338 com.android.server.wm.SurfaceAnimator.lambda$getFinishedCallback$0:97 com.android.server.wm.-$$Lambda$SurfaceAnimator$SIBia0mND666K8lMCPsoid8pUTI.run:4 com.android.server.wm.SurfaceAnimator.lambda$getFinishedCallback$1:104 com.android.server.wm.-$$Lambda$SurfaceAnimator$vdRZk66hQVbQCvVXEaQCT1kVmFc.onAnimationFinished:4 com.android.server.wm.LocalAnimationAdapter.lambda$startAnimation$0:74 com.android.server.wm.-$$Lambda$LocalAnimationAdapter$X--EomqUvw4qy89IeeTFTH7aCMo.run:4

09-25 16:29:10.002  4274  5154 V WindowManager: Setting visibility of Window{ac3e496 u0 com.wallapop/com.rewallapop.ui.wall.WallActivity}: false, caller=com.android.server.wm.WindowContainer.sendAppVisibilityToClients:615 com.android.server.wm.AppWindowToken.setClientHidden:460 com.android.server.wm.AppWindowToken.onAnimationFinished:2383 com.android.server.wm.-$$Lambda$yVRF8YoeNdTa8GR1wDStVsHu8xM.run:2 com.android.server.wm.SurfaceAnimator.lambda$getFinishedCallback$0:100

09-25 16:29:10.005  3720  3937 D Layer   : [AppWindowToken{dc3837b token=Token{22f6f0a ActivityRecord{e56a375 u0 com.wallapop/com.rewallapop.ui.wall.WallActivity t1071}}}#0]::reparent oldParent:[Surface(name=AppWindowToken{dc3837b token=Token{22f6f0a ActivityRecord{e56a375 u0 com.wallapop/com.rewallapop.ui.wall.WallActivity t1071}}})/@0x36fe6cd - animation-leash#0], newParent:[Task=1071#0]

09-25 16:29:10.005  3720  3937 D Layer   : [AppWindowToken{f925e98 token=Token{9e4807b ActivityRecord{872400a u0 com.wallapop/com.rewallapop.ui.item.ItemDetailActivity t1071}}}#0]::reparent oldParent:[Surface(name=AppWindowToken{f925e98 token=Token{9e4807b ActivityRecord{872400a u0 com.wallapop/com.rewallapop.ui.item.ItemDetailActivity t1071}}})/@0xbdf6899 - animation-leash#0], newParent:[Task=1071#0]

09-25 16:29:10.005  3720  3937 I SurfaceFlinger: id=19598 Removed Surface(name=AppWindowToken{dc3837b token=Token{22f6f0a ActivityRecord{e56a375 u0 com.wallapop/com.rewallapop.ui.wall.WallActivity t1071}}})/@0x36fe6cd - animation-leash#0 (0/81)

09-25 16:29:10.005  3720  3937 I SurfaceFlinger: id=19599 Removed Surface(name=AppWindowToken{f925e98 token=Token{9e4807b ActivityRecord{872400a u0 com.wallapop/com.rewallapop.ui.item.ItemDetailActivity t1071}}})/@0xbdf6899 - animation-leash#0 (0/80)

09-25 16:29:10.016  3720  3720 I Layer   : id=19599 onRemoved Surface(name=AppWindowToken{f925e98 token=Token{9e4807b ActivityRecord{872400a u0 com.wallapop/com.rewallapop.ui.item.ItemDetailActivity t1071}}})/@0xbdf6899 - animation-leash#0

09-25 16:29:10.016  3720  3720 I Layer   : id=19598 onRemoved Surface(name=AppWindowToken{dc3837b token=Token{22f6f0a ActivityRecord{e56a375 u0 com.wallapop/com.rewallapop.ui.wall.WallActivity t1071}}})/@0x36fe6cd - animation-leash#0

09-25 16:29:10.022  3720  3720 I SurfaceFlinger:      Device | 0x76f83eb380 | 0002 | RGBA_8888 |   0.0    0.0 1080.0 2220.0 |    0    0 1080 2220 | com.wallapop/com.rewallapop.ui.item.ItemDetailActivity[24648]#0

09-25 16:29:10.078 24648 24648 W com.wallapop: Unsupported class loader

