Executed '[C646] Item actions: Favorite an item at the item detail' on 25-09-2019
---------------------------------------------------------------------------------
09-25 16:27:57.840  4274  5210 I clp-JNI : Add pinfo.  (channel) 477b6f5 com.wallapop/com.rewallapop.ui.login.OnboardingActivity (server) (pkg) AppWindowToken{5b6eda5 token=Token{c06df9c ActivityRecord{a2e130f u0 com.wallapop/com.rewallapop.ui.login.OnboardingActivity t1071}}} 24648 10271 (action) 1

09-25 16:27:57.930  4274 14751 I ActivityManager: START u0 {act=null typ=null flg=0x0 cmp=ComponentInfo{com.wallapop/com.rewallapop.ui.login.LoginActivity}} from uid 10271

09-25 16:27:57.940  3720  3720 I SurfaceFlinger: id=19576 createSurf (4440x4440),2 flag=4, AppWindowToken{940edac token=Token{68e4f5f ActivityRecord{3202bfe u0 com.wallapop/com.rewallapop.ui.login.LoginActivity t1071}}}#0

09-25 16:27:57.978  4274 19495 D GamePkgDataHelper: notifyAppCreate(), pkgName: com.wallapop, sendRet: true

09-25 16:27:57.978  4274 12790 D GamePkgDataHelper: getGamePkgData(). com.wallapop

09-25 16:27:57.978  4274 12790 D GameManagerService: handleMessage(), MSG_APP_CREATE. ignore. pkgName: com.wallapop

09-25 16:27:57.979  4274 19495 V WindowManager: Changing focus from Window{477b6f5 u0 com.wallapop/com.rewallapop.ui.login.OnboardingActivity} to null Callers=com.android.server.wm.WindowManagerService.setFocusedApp:3136 com.android.server.am.ActivityManagerService.setResumedActivityUncheckLocked:4487 com.android.server.am.ActivityStack.onActivityStateChanged:560 com.android.server.am.TaskRecord.onActivityStateChanged:2186

09-25 16:27:57.980  4274  4310 D WindowManager: reportFocusChangedSerialized, focused=false, inTouchMode=true, win=Window{477b6f5 u0 com.wallapop/com.rewallapop.ui.login.OnboardingActivity}

09-25 16:27:57.981  4274 19495 D GameManagerService: noteResumeComponent(), resumeComponent: com.wallapop

09-25 16:27:57.981  4274 19495 D MARsPolicyManager: onPackageResumedFG pkgName = com.wallapop, userId = 0

09-25 16:27:57.981  4274 12790 D GameManagerService: handleForegroundChange(). pkgName: com.wallapop, clsName: com.rewallapop.ui.login.LoginActivity,FgActivityName:com.wallapop/com.rewallapop.ui.login.LoginActivity

09-25 16:27:57.983  4274  4274 D Telecom:SamsungPrebindingServiceImpl: onTopActivityChanged : ComponentInfo{com.wallapop/com.rewallapop.ui.login.LoginActivity}

09-25 16:27:58.056  4274 14751 D SamsungAlarmManager: Cancel Alarm calling from uid:10271 pid :24648 / op:PendingIntent{d4f0a0a: PendingIntentRecord{221405f com.wallapop broadcastIntent}}

09-25 16:27:58.074 26946 25018 V FA-SVC  : Event recorded: Event{appId='com.wallapop', name='user_engagement(_e)', params=Bundle[{ga_event_origin(_o)=auto, engagement_time_msec(_et)=8270, ga_screen_class(_sc)=OnboardingActivity, ga_screen_id(_si)=8753007037039410931}]}

09-25 16:27:58.253  3720  3720 I SurfaceFlinger: id=19577 createSurf (4440x4440),2 flag=4, 97f7529 com.wallapop/com.rewallapop.ui.login.LoginActivity#0

09-25 16:27:58.296 26946 25018 V FA-SVC  : Event recorded: Event{appId='com.wallapop', name='screen_view(_vs)', params=Bundle[{ga_event_origin(_o)=auto, ga_previous_class(_pc)=OnboardingActivity, ga_previous_id(_pi)=8753007037039410931, ga_screen_class(_sc)=LoginActivity, ga_screen_id(_si)=8753007037039410939}]}

09-25 16:27:58.316  4274 19495 V WindowManager: Relayout Window{97f7529 u0 com.wallapop/com.rewallapop.ui.login.LoginActivity}: viewVisibility=0 req=1080x2220 {(0,0)(fillxfill) sim={adjust=pan forwardNavigation} ty=BASE_APPLICATION wanim=0x10302fe

09-25 16:27:58.322  3720  3720 I SurfaceFlinger: id=19578 createSurf (1080x2220),1 flag=404, com.wallapop/com.rewallapop.ui.login.LoginActivity[24648]#0

09-25 16:27:58.325  4274 19495 D WindowManager: makeSurface duration=4 name=com.wallapop/com.rewallapop.ui.login.LoginActivity[24648]

09-25 16:27:58.325  4274 19495 V WindowManager: Changing focus from null to Window{97f7529 u0 com.wallapop/com.rewallapop.ui.login.LoginActivity} Callers=com.android.server.wm.WindowManagerService.relayoutWindow:2526 com.android.server.wm.Session.relayoutForTranslate:302 android.view.IWindowSession$Stub.onTransact:518 com.android.server.wm.Session.onTransact:186

09-25 16:27:58.326  4274  4291 D WindowManager: setSystemUiVisibility: vis= 0xa018, fullscreenVis= 0x0, dockedVis= 0x0, win=Window{97f7529 u0 com.wallapop/com.rewallapop.ui.login.LoginActivity}

09-25 16:27:58.329  4274  4310 D WindowManager: reportFocusChangedSerialized, focused=true, inTouchMode=true, win=Window{97f7529 u0 com.wallapop/com.rewallapop.ui.login.LoginActivity}

09-25 16:27:58.432  4274 14751 D WindowManager: finishDrawingWindow: Window{97f7529 u0 com.wallapop/com.rewallapop.ui.login.LoginActivity} mDrawState=DRAW_PENDING

09-25 16:27:58.443  4274  5154 I WindowManager: commitFinishDrawingLocked: mDrawState=READY_TO_SHOW Surface(name=com.wallapop/com.rewallapop.ui.login.LoginActivity[24648])/@0xbbff7e0

09-25 16:27:58.443  4274  5154 V WindowManager: Resize reasons for w=Window{97f7529 u0 com.wallapop/com.rewallapop.ui.login.LoginActivity}:  contentInsetsChanged=true [0,63][0,126] visibleInsetsChanged=true [0,63][0,126] stableInsetsChanged=false [0,63][0,126] outsetsChanged=false [0,0][0,0] surfaceResized=false configChanged=false dragResizingChanged=false reportOrientationChanged=false displayCutoutChanged=false nextForceRelayoutToClient=false

09-25 16:27:58.445  4274  5154 I WindowManager: Cancelling animation restarting=true, leash=null, surface=Surface(name=AppWindowToken{5b6eda5 token=Token{c06df9c ActivityRecord{a2e130f u0 com.wallapop/com.rewallapop.ui.login.OnboardingActivity t1071}}})/@0x99b4089, parent=Surface(name=Task=1071)/@0x90461eb

09-25 16:27:58.445  4274  5154 I WindowManager: Reparenting to leash, surface=Surface(name=AppWindowToken{5b6eda5 token=Token{c06df9c ActivityRecord{a2e130f u0 com.wallapop/com.rewallapop.ui.login.OnboardingActivity t1071}}})/@0x99b4089

09-25 16:27:58.446  3720  3720 I SurfaceFlinger: id=19581 createSurf (4440x4440),2 flag=4, Surface(name=AppWindowToken{5b6eda5 token=Token{c06df9c ActivityRecord{a2e130f u0 com.wallapop/com.rewallapop.ui.login.OnboardingActivity t1071}}})/@0x99b4089 - animation-leash#0

09-25 16:27:58.448  4274  5154 D WindowManager: makeSurface duration=3 leash=Surface(name=Surface(name=AppWindowToken{5b6eda5 token=Token{c06df9c ActivityRecord{a2e130f u0 com.wallapop/com.rewallapop.ui.login.OnboardingActivity t1071}}})/@0x99b4089 - animation-leash)/@0x194556a

09-25 16:27:58.448  4274  5154 D SurfaceControl: reparent is called, sc=Surface(name=AppWindowToken{5b6eda5 token=Token{c06df9c ActivityRecord{a2e130f u0 com.wallapop/com.rewallapop.ui.login.OnboardingActivity t1071}}})/@0x99b4089, newParentHandle=android.os.BinderProxy@82ada5b, transaction=android.view.SurfaceControl$Transaction@628e2f8

09-25 16:27:58.450  4274  5154 I WindowManager: Cancelling animation restarting=true, leash=null, surface=Surface(name=AppWindowToken{940edac token=Token{68e4f5f ActivityRecord{3202bfe u0 com.wallapop/com.rewallapop.ui.login.LoginActivity t1071}}})/@0x46839d3, parent=Surface(name=Task=1071)/@0x90461eb

09-25 16:27:58.450  4274  5154 I WindowManager: Reparenting to leash, surface=Surface(name=AppWindowToken{940edac token=Token{68e4f5f ActivityRecord{3202bfe u0 com.wallapop/com.rewallapop.ui.login.LoginActivity t1071}}})/@0x46839d3

09-25 16:27:58.451  3720  3720 I SurfaceFlinger: id=19582 createSurf (4440x4440),2 flag=4, Surface(name=AppWindowToken{940edac token=Token{68e4f5f ActivityRecord{3202bfe u0 com.wallapop/com.rewallapop.ui.login.LoginActivity t1071}}})/@0x46839d3 - animation-leash#0

09-25 16:27:58.453  4274  5154 D WindowManager: makeSurface duration=3 leash=Surface(name=Surface(name=AppWindowToken{940edac token=Token{68e4f5f ActivityRecord{3202bfe u0 com.wallapop/com.rewallapop.ui.login.LoginActivity t1071}}})/@0x46839d3 - animation-leash)/@0xe311910

09-25 16:27:58.453  4274  5154 D SurfaceControl: reparent is called, sc=Surface(name=AppWindowToken{940edac token=Token{68e4f5f ActivityRecord{3202bfe u0 com.wallapop/com.rewallapop.ui.login.LoginActivity t1071}}})/@0x46839d3, newParentHandle=android.os.BinderProxy@2eabc09, transaction=android.view.SurfaceControl$Transaction@b32fe0e

09-25 16:27:58.459  4274  5154 V WindowManager: performShowLocked: mDrawState=HAS_DRAWN in Window{97f7529 u0 com.wallapop/com.rewallapop.ui.login.LoginActivity}

09-25 16:27:58.461  4274  4291 D WindowManager: setSystemUiVisibility: vis= 0xa018, fullscreenVis= 0x2000, dockedVis= 0x0, win=Window{97f7529 u0 com.wallapop/com.rewallapop.ui.login.LoginActivity}

09-25 16:27:58.462  3720  5250 D Layer   : [AppWindowToken{5b6eda5 token=Token{c06df9c ActivityRecord{a2e130f u0 com.wallapop/com.rewallapop.ui.login.OnboardingActivity t1071}}}#0]::reparent oldParent:[Task=1071#0], newParent:[Surface(name=AppWindowToken{5b6eda5 token=Token{c06df9c ActivityRecord{a2e130f u0 com.wallapop/com.rewallapop.ui.login.OnboardingActivity t1071}}})/@0x99b4089 - animation-leash#0]

09-25 16:27:58.462  3720  5250 D Layer   : [AppWindowToken{940edac token=Token{68e4f5f ActivityRecord{3202bfe u0 com.wallapop/com.rewallapop.ui.login.LoginActivity t1071}}}#0]::reparent oldParent:[Task=1071#0], newParent:[Surface(name=AppWindowToken{940edac token=Token{68e4f5f ActivityRecord{3202bfe u0 com.wallapop/com.rewallapop.ui.login.LoginActivity t1071}}})/@0x46839d3 - animation-leash#0]

09-25 16:27:58.468  4274  4310 I ActivityManager: Displayed com.wallapop/com.rewallapop.ui.login.LoginActivity: +485ms

09-25 16:27:58.477 24648 24648 V InputMethodManager: Starting input: tba=com.wallapop ic=null mNaviBarColor -1 mIsGetNaviBarColorSuccess true , NavVisible : true , NavTrans : false

09-25 16:27:58.478  4274 19495 V InputMethodManagerService: windowGainedFocus : reason=WINDOW_FOCUS_GAIN client=android.os.BinderProxy@791aa58 inputContext=null missingMethods= attribute=android.view.inputmethod.EditorInfo@1f0e341 nm = com.wallapop controlFlags=#104 softInputMode=#120 windowFlags=#81810100

09-25 16:27:58.499  4274  5152 V WindowManager: Relayout Window{477b6f5 u0 com.wallapop/com.rewallapop.ui.login.OnboardingActivity}: viewVisibility=0 req=1080x2220 {(0,0)(fillxfill) sim={adjust=pan} ty=BASE_APPLICATION wanim=0x10302fe sysuil=true

09-25 16:27:58.501  3720  3720 I SurfaceFlinger:      Device | 0x76f8220740 | 0002 | RGBA_8888 |   0.0    2.0 1080.0 2220.0 |    0    0 1080 2218 | com.wallapop/com.rewallapop.ui.login.OnboardingActivity[24648]#0

09-25 16:27:58.501  3720  3720 I SurfaceFlinger:      Device | 0x76f8220500 | 0002 | RGBA_8888 |   0.0    0.0 1080.0 1701.0 |    0  519 1080 2220 | com.wallapop/com.rewallapop.ui.login.LoginActivity[24648]#0

09-25 16:27:58.514  3720  3720 I SurfaceFlinger:      Device | 0x76f8220740 | 0002 | RGBA_8888 |   0.0    4.0 1080.0 2220.0 |    0    0 1080 2216 | com.wallapop/com.rewallapop.ui.login.OnboardingActivity[24648]#0

09-25 16:27:58.514  3720  3720 I SurfaceFlinger:      Client | 0x76efe248c0 | 0002 | RGBA_8888 |   0.0    0.0 1080.0 1721.0 |    0  499 1080 2220 | com.wallapop/com.rewallapop.ui.login.LoginActivity[24648]#0

09-25 16:27:58.551  4274 14751 V WindowManager: Relayout Window{97f7529 u0 com.wallapop/com.rewallapop.ui.login.LoginActivity}: viewVisibility=0 req=1080x2220 {(0,0)(fillxfill) sim={adjust=pan forwardNavigation} ty=BASE_APPLICATION wanim=0x10302fe

09-25 16:27:58.592  3720  3720 I SurfaceFlinger:      Client | 0x76f8220680 | 0002 | RGBA_8888 |   0.0   27.0 1080.0 2220.0 |    0    0 1080 2193 | com.wallapop/com.rewallapop.ui.login.OnboardingActivity[24648]#0

09-25 16:27:58.592  3720  3720 I SurfaceFlinger:      Client | 0x76efe248c0 | 0002 | RGBA_8888 |   0.0    0.0 1080.0 2062.0 |    0  158 1080 2220 | com.wallapop/com.rewallapop.ui.login.LoginActivity[24648]#0

09-25 16:27:58.769  4274  5154 I WindowManager: reset, Reparenting to original parent, shouldDeferScheduleAnimation=true, destroyLeash=true, surface=Surface(name=AppWindowToken{5b6eda5 token=Token{c06df9c ActivityRecord{a2e130f u0 com.wallapop/com.rewallapop.ui.login.OnboardingActivity t1071}}})/@0x99b4089, parent=Surface(name=Task=1071)/@0x90461eb, parentNativeHandle=android.os.BinderProxy@6297d92, caller=com.android.server.wm.SurfaceAnimator.lambda$getFinishedCallback$0:97 com.android.server.wm.-$$Lambda$SurfaceAnimator$SIBia0mND666K8lMCPsoid8pUTI.run:4 com.android.server.wm.AnimatingAppWindowTokenRegistry.endDeferringFinished:104 com.android.server.wm.AnimatingAppWindowTokenRegistry.notifyAboutToFinish:77 com.android.server.wm.AppWindowToken.shouldDeferAnimationFinish:2245

09-25 16:27:58.769  4274  5154 D SurfaceControl: reparent is called, sc=Surface(name=AppWindowToken{5b6eda5 token=Token{c06df9c ActivityRecord{a2e130f u0 com.wallapop/com.rewallapop.ui.login.OnboardingActivity t1071}}})/@0x99b4089, newParentHandle=android.os.BinderProxy@6297d92, transaction=android.view.SurfaceControl$Transaction@628e2f8

09-25 16:27:58.770  4274  5154 D SurfaceControl: destroy(transaction), animation-leash is destroyed, sc=Surface(name=Surface(name=AppWindowToken{5b6eda5 token=Token{c06df9c ActivityRecord{a2e130f u0 com.wallapop/com.rewallapop.ui.login.OnboardingActivity t1071}}})/@0x99b4089 - animation-leash)/@0x194556a, transaction=android.view.SurfaceControl$Transaction@628e2f8, caller=com.android.server.wm.SurfaceAnimator.reset:338 com.android.server.wm.SurfaceAnimator.lambda$getFinishedCallback$0:97 com.android.server.wm.-$$Lambda$SurfaceAnimator$SIBia0mND666K8lMCPsoid8pUTI.run:4 com.android.server.wm.AnimatingAppWindowTokenRegistry.endDeferringFinished:104 com.android.server.wm.AnimatingAppWindowTokenRegistry.notifyAboutToFinish:77 com.android.server.wm.AppWindowToken.shouldDeferAnimationFinish:2245 com.android.server.wm.SurfaceAnimator.lambda$getFinishedCallback$1:103

09-25 16:27:58.770  4274  5154 V WindowManager: Setting visibility of Window{477b6f5 u0 com.wallapop/com.rewallapop.ui.login.OnboardingActivity}: false, caller=com.android.server.wm.WindowContainer.sendAppVisibilityToClients:615 com.android.server.wm.AppWindowToken.setClientHidden:460 com.android.server.wm.AppWindowToken.onAnimationFinished:2383 com.android.server.wm.-$$Lambda$yVRF8YoeNdTa8GR1wDStVsHu8xM.run:2 com.android.server.wm.SurfaceAnimator.lambda$getFinishedCallback$0:100

09-25 16:27:58.772  4274  5154 I WindowManager: reset, Reparenting to original parent, shouldDeferScheduleAnimation=false, destroyLeash=true, surface=Surface(name=AppWindowToken{940edac token=Token{68e4f5f ActivityRecord{3202bfe u0 com.wallapop/com.rewallapop.ui.login.LoginActivity t1071}}})/@0x46839d3, parent=Surface(name=Task=1071)/@0x90461eb, parentNativeHandle=android.os.BinderProxy@6297d92, caller=com.android.server.wm.SurfaceAnimator.lambda$getFinishedCallback$0:97 com.android.server.wm.-$$Lambda$SurfaceAnimator$SIBia0mND666K8lMCPsoid8pUTI.run:4 com.android.server.wm.SurfaceAnimator.lambda$getFinishedCallback$1:104 com.android.server.wm.-$$Lambda$SurfaceAnimator$vdRZk66hQVbQCvVXEaQCT1kVmFc.onAnimationFinished:4 com.android.server.wm.LocalAnimationAdapter.lambda$startAnimation$0:74

09-25 16:27:58.772  4274  5154 D SurfaceControl: reparent is called, sc=Surface(name=AppWindowToken{940edac token=Token{68e4f5f ActivityRecord{3202bfe u0 com.wallapop/com.rewallapop.ui.login.LoginActivity t1071}}})/@0x46839d3, newParentHandle=android.os.BinderProxy@6297d92, transaction=android.view.SurfaceControl$Transaction@b32fe0e

09-25 16:27:58.772  4274  5154 D SurfaceControl: destroy(transaction), animation-leash is destroyed, sc=Surface(name=Surface(name=AppWindowToken{940edac token=Token{68e4f5f ActivityRecord{3202bfe u0 com.wallapop/com.rewallapop.ui.login.LoginActivity t1071}}})/@0x46839d3 - animation-leash)/@0xe311910, transaction=android.view.SurfaceControl$Transaction@b32fe0e, caller=com.android.server.wm.SurfaceAnimator.reset:338 com.android.server.wm.SurfaceAnimator.lambda$getFinishedCallback$0:97 com.android.server.wm.-$$Lambda$SurfaceAnimator$SIBia0mND666K8lMCPsoid8pUTI.run:4 com.android.server.wm.SurfaceAnimator.lambda$getFinishedCallback$1:104 com.android.server.wm.-$$Lambda$SurfaceAnimator$vdRZk66hQVbQCvVXEaQCT1kVmFc.onAnimationFinished:4 com.android.server.wm.LocalAnimationAdapter.lambda$startAnimation$0:74 com.android.server.wm.-$$Lambda$LocalAnimationAdapter$X--EomqUvw4qy89IeeTFTH7aCMo.run:4

09-25 16:27:58.776  3720  3720 I SurfaceFlinger:      Device | 0x76efe248c0 | 0002 | RGBA_8888 |   0.0    0.0 1080.0 2220.0 |    0    0 1080 2220 | com.wallapop/com.rewallapop.ui.login.LoginActivity[24648]#0

09-25 16:27:58.781  3720  5251 D Layer   : [AppWindowToken{5b6eda5 token=Token{c06df9c ActivityRecord{a2e130f u0 com.wallapop/com.rewallapop.ui.login.OnboardingActivity t1071}}}#0]::reparent oldParent:[Surface(name=AppWindowToken{5b6eda5 token=Token{c06df9c ActivityRecord{a2e130f u0 com.wallapop/com.rewallapop.ui.login.OnboardingActivity t1071}}})/@0x99b4089 - animation-leash#0], newParent:[Task=1071#0]

09-25 16:27:58.781  3720  5251 D Layer   : [AppWindowToken{940edac token=Token{68e4f5f ActivityRecord{3202bfe u0 com.wallapop/com.rewallapop.ui.login.LoginActivity t1071}}}#0]::reparent oldParent:[Surface(name=AppWindowToken{940edac token=Token{68e4f5f ActivityRecord{3202bfe u0 com.wallapop/com.rewallapop.ui.login.LoginActivity t1071}}})/@0x46839d3 - animation-leash#0], newParent:[Task=1071#0]

09-25 16:27:58.781  3720  5251 I SurfaceFlinger: id=19581 Removed Surface(name=AppWindowToken{5b6eda5 token=Token{c06df9c ActivityRecord{a2e130f u0 com.wallapop/com.rewallapop.ui.login.OnboardingActivity t1071}}})/@0x99b4089 - animation-leash#0 (0/82)

09-25 16:27:58.781  3720  5251 I SurfaceFlinger: id=19582 Removed Surface(name=AppWindowToken{940edac token=Token{68e4f5f ActivityRecord{3202bfe u0 com.wallapop/com.rewallapop.ui.login.LoginActivity t1071}}})/@0x46839d3 - animation-leash#0 (0/81)

09-25 16:27:58.784  3720  3720 I Layer   : id=19581 onRemoved Surface(name=AppWindowToken{5b6eda5 token=Token{c06df9c ActivityRecord{a2e130f u0 com.wallapop/com.rewallapop.ui.login.OnboardingActivity t1071}}})/@0x99b4089 - animation-leash#0

09-25 16:27:58.784  3720  3720 I Layer   : id=19582 onRemoved Surface(name=AppWindowToken{940edac token=Token{68e4f5f ActivityRecord{3202bfe u0 com.wallapop/com.rewallapop.ui.login.LoginActivity t1071}}})/@0x46839d3 - animation-leash#0

09-25 16:27:58.794  3720  3752 E BufferQueueProducer: [com.wallapop/com.rewallapop.ui.login.OnboardingActivity[24648]#0] disconnect: not connected (req=1)

09-25 16:27:58.796  4274  5152 V WindowManager: Relayout Window{477b6f5 u0 com.wallapop/com.rewallapop.ui.login.OnboardingActivity}: viewVisibility=8 req=1080x2220 {(0,0)(fillxfill) sim={adjust=pan} ty=BASE_APPLICATION wanim=0x10302fe sysuil=true

09-25 16:27:58.796  4274  5152 E WindowManager: win=Window{477b6f5 u0 com.wallapop/com.rewallapop.ui.login.OnboardingActivity} destroySurfaces: appStopped=false win.mWindowRemovalAllowed=false win.mRemoveOnExit=false win.mViewVisibility=8 caller=com.android.server.wm.WindowManagerService.tryStartExitingAnimation:2759 com.android.server.wm.WindowManagerService.relayoutWindow:2456 com.android.server.wm.Session.relayoutForTranslate:302 android.view.IWindowSession$Stub.onTransact:518 com.android.server.wm.Session.onTransact:186 android.os.Binder.execTransact:739 <bottom of call stack>

09-25 16:27:58.796  4274  5152 I WindowManager: Destroying surface Surface(name=com.wallapop/com.rewallapop.ui.login.OnboardingActivity[24648])/@0x3270a53 called by com.android.server.wm.WindowStateAnimator.destroySurface:1901 com.android.server.wm.WindowStateAnimator.destroySurfaceLocked:838 com.android.server.wm.WindowState.destroySurfaceUnchecked:3839 com.android.server.wm.WindowState.destroySurface:3820 com.android.server.wm.WindowManagerService.tryStartExitingAnimation:2759 com.android.server.wm.WindowManagerService.relayoutWindow:2456 com.android.server.wm.Session.relayoutForTranslate:302 android.view.IWindowSession$Stub.onTransact:518

09-25 16:27:58.797  3720  3752 I SurfaceFlinger: id=19572 Removed com.wallapop/com.rewallapop.ui.login.OnboardingActivity[24648]#0 (0/80)

09-25 16:27:58.800  3720  3720 I Layer   : id=19572 onRemoved com.wallapop/com.rewallapop.ui.login.OnboardingActivity[24648]#0

09-25 16:27:59.548 24648 24659 I com.wallapop: Background concurrent copying GC freed 139505(7MB) AllocSpace objects, 134(8MB) LOS objects, 50% free, 19MB/38MB, paused 441us total 186.698ms

09-25 16:28:00.005  4274  5195 V SamsungAlarmManager: Sending to uid : 10271 action=com.appboy.action.receiver.DATA_SYNC alarm=Alarm{fc2f2e9 type 1 when 1569421677022 com.wallapop}

09-25 16:28:07.235  4274  5210 I clp-JNI : Add pinfo.  (channel) 97f7529 com.wallapop/com.rewallapop.ui.login.LoginActivity (server) (pkg) AppWindowToken{940edac token=Token{68e4f5f ActivityRecord{3202bfe u0 com.wallapop/com.rewallapop.ui.login.LoginActivity t1071}}} 24648 10271 (action) 1

09-25 16:28:07.732  4274  5152 D SamsungAlarmManager: Cancel Alarm calling from uid:10271 pid :24648 / op:PendingIntent{1f430f6: PendingIntentRecord{27fcf7 com.wallapop broadcastIntent}}

09-25 16:28:07.762  4274  5152 D SamsungAlarmManager: Cancel Alarm calling from uid:10271 pid :24648 / op:PendingIntent{f557193: PendingIntentRecord{221405f com.wallapop broadcastIntent}}

09-25 16:28:08.230  4274  5153 D SamsungAlarmManager: Cancel Alarm calling from uid:10271 pid :24648 / op:PendingIntent{df7800b: PendingIntentRecord{46c84a1 com.wallapop broadcastIntent}}

09-25 16:28:08.403  4274  5153 I ActivityManager: START u0 {act=null typ=null flg=0x0 cmp=ComponentInfo{com.wallapop/com.rewallapop.ui.location.LocationPermissionActivity}} from uid 10271

09-25 16:28:08.414  3720  3720 I SurfaceFlinger: id=19585 createSurf (4440x4440),2 flag=4, AppWindowToken{e68c3a6 token=Token{e5c3901 ActivityRecord{ee70ee8 u0 com.wallapop/com.rewallapop.ui.location.LocationPermissionActivity t1071}}}#0

09-25 16:28:08.440  4274  4274 D Telecom:SamsungPrebindingServiceImpl: onTopActivityChanged : ComponentInfo{com.wallapop/com.rewallapop.ui.login.OnboardingActivity}

09-25 16:28:08.464  4274  5152 D GamePkgDataHelper: notifyAppCreate(), pkgName: com.wallapop, sendRet: true

09-25 16:28:08.464  4274 12790 D GamePkgDataHelper: getGamePkgData(). com.wallapop

09-25 16:28:08.465  4274 12790 D GameManagerService: handleMessage(), MSG_APP_CREATE. ignore. pkgName: com.wallapop

09-25 16:28:08.466  4274  5152 V WindowManager: Changing focus from Window{97f7529 u0 com.wallapop/com.rewallapop.ui.login.LoginActivity} to null Callers=com.android.server.wm.WindowManagerService.setFocusedApp:3136 com.android.server.am.ActivityManagerService.setResumedActivityUncheckLocked:4487 com.android.server.am.ActivityStack.onActivityStateChanged:560 com.android.server.am.TaskRecord.onActivityStateChanged:2186

09-25 16:28:08.467  4274  4310 D WindowManager: reportFocusChangedSerialized, focused=false, inTouchMode=true, win=Window{97f7529 u0 com.wallapop/com.rewallapop.ui.login.LoginActivity}

09-25 16:28:08.469  4274  5152 D GameManagerService: noteResumeComponent(), resumeComponent: com.wallapop

09-25 16:28:08.469  4274  5152 D MARsPolicyManager: onPackageResumedFG pkgName = com.wallapop, userId = 0

09-25 16:28:08.471  4274 12790 D GameManagerService: handleForegroundChange(). pkgName: com.wallapop, clsName: com.rewallapop.ui.location.LocationPermissionActivity,FgActivityName:com.wallapop/com.rewallapop.ui.location.LocationPermissionActivity

09-25 16:28:08.474  4274  4274 D Telecom:SamsungPrebindingServiceImpl: onTopActivityChanged : ComponentInfo{com.wallapop/com.rewallapop.ui.location.LocationPermissionActivity}

09-25 16:28:08.572  4274 19495 D SamsungAlarmManager: Cancel Alarm calling from uid:10271 pid :24648 / op:PendingIntent{736ddf5: PendingIntentRecord{221405f com.wallapop broadcastIntent}}

09-25 16:28:08.665  3720  3720 I SurfaceFlinger: id=19586 createSurf (4440x4440),2 flag=4, 97742d7 com.wallapop/com.rewallapop.ui.location.LocationPermissionActivity#0

09-25 16:28:08.706  4274  5152 V WindowManager: Relayout Window{97742d7 u0 com.wallapop/com.rewallapop.ui.location.LocationPermissionActivity}: viewVisibility=0 req=1080x2220 {(0,0)(fillxfill) sim={adjust=pan forwardNavigation} ty=BASE_APPLICATION wanim=0x10302fe

09-25 16:28:08.712  3720  3720 I SurfaceFlinger: id=19587 createSurf (1080x2220),1 flag=404, com.wallapop/com.rewallapop.ui.location.LocationPermissionActivity[24648]#0

09-25 16:28:08.713  4274  5152 D WindowManager: makeSurface duration=1 name=com.wallapop/com.rewallapop.ui.location.LocationPermissionActivity[24648]

09-25 16:28:08.714  4274  5152 V WindowManager: Changing focus from null to Window{97742d7 u0 com.wallapop/com.rewallapop.ui.location.LocationPermissionActivity} Callers=com.android.server.wm.WindowManagerService.relayoutWindow:2526 com.android.server.wm.Session.relayoutForTranslate:302 android.view.IWindowSession$Stub.onTransact:518 com.android.server.wm.Session.onTransact:186

09-25 16:28:08.715  4274  4291 D WindowManager: setSystemUiVisibility: vis= 0xa018, fullscreenVis= 0x2000, dockedVis= 0x0, win=Window{97742d7 u0 com.wallapop/com.rewallapop.ui.location.LocationPermissionActivity}

09-25 16:28:08.717  4274  4310 D WindowManager: reportFocusChangedSerialized, focused=true, inTouchMode=true, win=Window{97742d7 u0 com.wallapop/com.rewallapop.ui.location.LocationPermissionActivity}

09-25 16:28:08.801  4274  5153 D WindowManager: finishDrawingWindow: Window{97742d7 u0 com.wallapop/com.rewallapop.ui.location.LocationPermissionActivity} mDrawState=DRAW_PENDING

09-25 16:28:08.804  4274  5154 I WindowManager: commitFinishDrawingLocked: mDrawState=READY_TO_SHOW Surface(name=com.wallapop/com.rewallapop.ui.location.LocationPermissionActivity[24648])/@0x76f27c4

09-25 16:28:08.804  4274  5154 V WindowManager: Resize reasons for w=Window{97742d7 u0 com.wallapop/com.rewallapop.ui.location.LocationPermissionActivity}:  contentInsetsChanged=false [0,63][0,126] visibleInsetsChanged=false [0,63][0,126] stableInsetsChanged=false [0,63][0,126] outsetsChanged=false [0,0][0,0] surfaceResized=false configChanged=false dragResizingChanged=false reportOrientationChanged=false displayCutoutChanged=false nextForceRelayoutToClient=false

09-25 16:28:08.809  4274  5154 I WindowManager: Cancelling animation restarting=true, leash=null, surface=Surface(name=AppWindowToken{940edac token=Token{68e4f5f ActivityRecord{3202bfe u0 com.wallapop/com.rewallapop.ui.login.LoginActivity t1071}}})/@0x46839d3, parent=Surface(name=Task=1071)/@0x90461eb

09-25 16:28:08.809  4274  5154 I WindowManager: Reparenting to leash, surface=Surface(name=AppWindowToken{940edac token=Token{68e4f5f ActivityRecord{3202bfe u0 com.wallapop/com.rewallapop.ui.login.LoginActivity t1071}}})/@0x46839d3

09-25 16:28:08.810  3720  3720 I SurfaceFlinger: id=19588 createSurf (4440x4440),2 flag=4, Surface(name=AppWindowToken{940edac token=Token{68e4f5f ActivityRecord{3202bfe u0 com.wallapop/com.rewallapop.ui.login.LoginActivity t1071}}})/@0x46839d3 - animation-leash#0

09-25 16:28:08.812  4274  5154 D WindowManager: makeSurface duration=3 leash=Surface(name=Surface(name=AppWindowToken{940edac token=Token{68e4f5f ActivityRecord{3202bfe u0 com.wallapop/com.rewallapop.ui.login.LoginActivity t1071}}})/@0x46839d3 - animation-leash)/@0xc30662e

09-25 16:28:08.812  4274  5154 D SurfaceControl: reparent is called, sc=Surface(name=AppWindowToken{940edac token=Token{68e4f5f ActivityRecord{3202bfe u0 com.wallapop/com.rewallapop.ui.login.LoginActivity t1071}}})/@0x46839d3, newParentHandle=android.os.BinderProxy@551b5cf, transaction=android.view.SurfaceControl$Transaction@b32fe0e

09-25 16:28:08.816  4274  5154 I WindowManager: Cancelling animation restarting=true, leash=null, surface=Surface(name=AppWindowToken{e68c3a6 token=Token{e5c3901 ActivityRecord{ee70ee8 u0 com.wallapop/com.rewallapop.ui.location.LocationPermissionActivity t1071}}})/@0x130d06, parent=Surface(name=Task=1071)/@0x90461eb

09-25 16:28:08.816  4274  5154 I WindowManager: Reparenting to leash, surface=Surface(name=AppWindowToken{e68c3a6 token=Token{e5c3901 ActivityRecord{ee70ee8 u0 com.wallapop/com.rewallapop.ui.location.LocationPermissionActivity t1071}}})/@0x130d06

09-25 16:28:08.817  3720  3720 I SurfaceFlinger: id=19589 createSurf (4440x4440),2 flag=4, Surface(name=AppWindowToken{e68c3a6 token=Token{e5c3901 ActivityRecord{ee70ee8 u0 com.wallapop/com.rewallapop.ui.location.LocationPermissionActivity t1071}}})/@0x130d06 - animation-leash#0

09-25 16:28:08.818  4274  5154 D WindowManager: makeSurface duration=2 leash=Surface(name=Surface(name=AppWindowToken{e68c3a6 token=Token{e5c3901 ActivityRecord{ee70ee8 u0 com.wallapop/com.rewallapop.ui.location.LocationPermissionActivity t1071}}})/@0x130d06 - animation-leash)/@0xeb88fc7

09-25 16:28:08.818  4274  5154 D SurfaceControl: reparent is called, sc=Surface(name=AppWindowToken{e68c3a6 token=Token{e5c3901 ActivityRecord{ee70ee8 u0 com.wallapop/com.rewallapop.ui.location.LocationPermissionActivity t1071}}})/@0x130d06, newParentHandle=android.os.BinderProxy@b4e09f4, transaction=android.view.SurfaceControl$Transaction@dfac51d

09-25 16:28:08.828  4274  5154 V WindowManager: performShowLocked: mDrawState=HAS_DRAWN in Window{97742d7 u0 com.wallapop/com.rewallapop.ui.location.LocationPermissionActivity}

09-25 16:28:08.833  3720  5251 D Layer   : [AppWindowToken{e68c3a6 token=Token{e5c3901 ActivityRecord{ee70ee8 u0 com.wallapop/com.rewallapop.ui.location.LocationPermissionActivity t1071}}}#0]::reparent oldParent:[Task=1071#0], newParent:[Surface(name=AppWindowToken{e68c3a6 token=Token{e5c3901 ActivityRecord{ee70ee8 u0 com.wallapop/com.rewallapop.ui.location.LocationPermissionActivity t1071}}})/@0x130d06 - animation-leash#0]

09-25 16:28:08.833  3720  5251 D Layer   : [AppWindowToken{940edac token=Token{68e4f5f ActivityRecord{3202bfe u0 com.wallapop/com.rewallapop.ui.login.LoginActivity t1071}}}#0]::reparent oldParent:[Task=1071#0], newParent:[Surface(name=AppWindowToken{940edac token=Token{68e4f5f ActivityRecord{3202bfe u0 com.wallapop/com.rewallapop.ui.login.LoginActivity t1071}}})/@0x46839d3 - animation-leash#0]

09-25 16:28:08.845  4274  4310 I ActivityManager: Displayed com.wallapop/com.rewallapop.ui.location.LocationPermissionActivity: +368ms

09-25 16:28:08.850 24648 24648 V InputMethodManager: Starting input: tba=com.wallapop ic=null mNaviBarColor -1 mIsGetNaviBarColorSuccess true , NavVisible : true , NavTrans : false

09-25 16:28:08.853  4274  5152 V InputMethodManagerService: windowGainedFocus : reason=WINDOW_FOCUS_GAIN client=android.os.BinderProxy@791aa58 inputContext=null missingMethods= attribute=android.view.inputmethod.EditorInfo@839619 nm = com.wallapop controlFlags=#104 softInputMode=#120 windowFlags=#81810100

09-25 16:28:08.864  3720  3720 I SurfaceFlinger:      Device | 0x76f8220500 | 0002 | RGBA_8888 |   0.0    0.0 1080.0 2220.0 |    0    0 1080 2220 | com.wallapop/com.rewallapop.ui.login.LoginActivity[24648]#0

09-25 16:28:08.864  3720  3720 I SurfaceFlinger:      Device | 0x76efe23e40 | 0002 | RGBA_8888 |   0.0    0.0 1080.0 1701.0 |    0  519 1080 2220 | com.wallapop/com.rewallapop.ui.location.LocationPermissionActivity[24648]#0

09-25 16:28:08.881  3720  3720 I SurfaceFlinger:      Device | 0x76efe248c0 | 0002 | RGBA_8888 |   0.0    2.0 1080.0 2220.0 |    0    0 1080 2218 | com.wallapop/com.rewallapop.ui.login.LoginActivity[24648]#0

09-25 16:28:08.881  3720  3720 I SurfaceFlinger:      Client | 0x76efe23e40 | 0002 | RGBA_8888 |   0.0    0.0 1080.0 1723.0 |    0  497 1080 2220 | com.wallapop/com.rewallapop.ui.location.LocationPermissionActivity[24648]#0

09-25 16:28:08.944  3720  3720 I SurfaceFlinger:      Client | 0x76f83eb380 | 0002 | RGBA_8888 |   0.0   16.0 1080.0 2220.0 |    0    0 1080 2204 | com.wallapop/com.rewallapop.ui.login.LoginActivity[24648]#0

09-25 16:28:08.944  3720  3720 I SurfaceFlinger:      Client | 0x76efe23d80 | 0002 | RGBA_8888 |   0.0    0.0 1080.0 2014.0 |    0  206 1080 2220 | com.wallapop/com.rewallapop.ui.location.LocationPermissionActivity[24648]#0

09-25 16:28:08.953 26946 25018 V FA-SVC  : Event recorded: Event{appId='com.wallapop', name='error(_err)', params=Bundle[{ga_event_origin(_o)=auto, ga_error_value(_ev)=user_id, ga_screen_class(_sc)=LoginActivity, ga_screen_id(_si)=8753007037039410939, ga_error(_err)=15}]}

09-25 16:28:08.999 26946 25018 V FA-SVC  : Event recorded: Event{appId='com.wallapop', name='user_engagement(_e)', params=Bundle[{ga_event_origin(_o)=auto, engagement_time_msec(_et)=10268, ga_screen_class(_sc)=LoginActivity, ga_screen_id(_si)=8753007037039410939}]}

09-25 16:28:09.039 26946 25018 V FA-SVC  : Event recorded: Event{appId='com.wallapop', name='screen_view(_vs)', params=Bundle[{ga_event_origin(_o)=auto, ga_previous_class(_pc)=LoginActivity, ga_previous_id(_pi)=8753007037039410939, ga_screen_class(_sc)=LocationPermissionActivity, ga_screen_id(_si)=8753007037039410942}]}

09-25 16:28:09.123  4274  5154 I WindowManager: reset, Reparenting to original parent, shouldDeferScheduleAnimation=true, destroyLeash=true, surface=Surface(name=AppWindowToken{e68c3a6 token=Token{e5c3901 ActivityRecord{ee70ee8 u0 com.wallapop/com.rewallapop.ui.location.LocationPermissionActivity t1071}}})/@0x130d06, parent=Surface(name=Task=1071)/@0x90461eb, parentNativeHandle=android.os.BinderProxy@ea45a9a, caller=com.android.server.wm.SurfaceAnimator.lambda$getFinishedCallback$0:97 com.android.server.wm.-$$Lambda$SurfaceAnimator$SIBia0mND666K8lMCPsoid8pUTI.run:4 com.android.server.wm.AnimatingAppWindowTokenRegistry.endDeferringFinished:104 com.android.server.wm.AnimatingAppWindowTokenRegistry.notifyAboutToFinish:77 com.android.server.wm.AppWindowToken.shouldDeferAnimationFinish:2245

09-25 16:28:09.123  4274  5154 D SurfaceControl: reparent is called, sc=Surface(name=AppWindowToken{e68c3a6 token=Token{e5c3901 ActivityRecord{ee70ee8 u0 com.wallapop/com.rewallapop.ui.location.LocationPermissionActivity t1071}}})/@0x130d06, newParentHandle=android.os.BinderProxy@ea45a9a, transaction=android.view.SurfaceControl$Transaction@dfac51d

09-25 16:28:09.124  4274  5154 D SurfaceControl: destroy(transaction), animation-leash is destroyed, sc=Surface(name=Surface(name=AppWindowToken{e68c3a6 token=Token{e5c3901 ActivityRecord{ee70ee8 u0 com.wallapop/com.rewallapop.ui.location.LocationPermissionActivity t1071}}})/@0x130d06 - animation-leash)/@0xeb88fc7, transaction=android.view.SurfaceControl$Transaction@dfac51d, caller=com.android.server.wm.SurfaceAnimator.reset:338 com.android.server.wm.SurfaceAnimator.lambda$getFinishedCallback$0:97 com.android.server.wm.-$$Lambda$SurfaceAnimator$SIBia0mND666K8lMCPsoid8pUTI.run:4 com.android.server.wm.AnimatingAppWindowTokenRegistry.endDeferringFinished:104 com.android.server.wm.AnimatingAppWindowTokenRegistry.notifyAboutToFinish:77 com.android.server.wm.AppWindowToken.shouldDeferAnimationFinish:2245 com.android.server.wm.SurfaceAnimator.lambda$getFinishedCallback$1:103

09-25 16:28:09.125  4274  5154 I WindowManager: reset, Reparenting to original parent, shouldDeferScheduleAnimation=false, destroyLeash=true, surface=Surface(name=AppWindowToken{940edac token=Token{68e4f5f ActivityRecord{3202bfe u0 com.wallapop/com.rewallapop.ui.login.LoginActivity t1071}}})/@0x46839d3, parent=Surface(name=Task=1071)/@0x90461eb, parentNativeHandle=android.os.BinderProxy@ea45a9a, caller=com.android.server.wm.SurfaceAnimator.lambda$getFinishedCallback$0:97 com.android.server.wm.-$$Lambda$SurfaceAnimator$SIBia0mND666K8lMCPsoid8pUTI.run:4 com.android.server.wm.SurfaceAnimator.lambda$getFinishedCallback$1:104 com.android.server.wm.-$$Lambda$SurfaceAnimator$vdRZk66hQVbQCvVXEaQCT1kVmFc.onAnimationFinished:4 com.android.server.wm.LocalAnimationAdapter.lambda$startAnimation$0:74

09-25 16:28:09.125  4274  5154 D SurfaceControl: reparent is called, sc=Surface(name=AppWindowToken{940edac token=Token{68e4f5f ActivityRecord{3202bfe u0 com.wallapop/com.rewallapop.ui.login.LoginActivity t1071}}})/@0x46839d3, newParentHandle=android.os.BinderProxy@ea45a9a, transaction=android.view.SurfaceControl$Transaction@b32fe0e

09-25 16:28:09.125  4274  5154 D SurfaceControl: destroy(transaction), animation-leash is destroyed, sc=Surface(name=Surface(name=AppWindowToken{940edac token=Token{68e4f5f ActivityRecord{3202bfe u0 com.wallapop/com.rewallapop.ui.login.LoginActivity t1071}}})/@0x46839d3 - animation-leash)/@0xc30662e, transaction=android.view.SurfaceControl$Transaction@b32fe0e, caller=com.android.server.wm.SurfaceAnimator.reset:338 com.android.server.wm.SurfaceAnimator.lambda$getFinishedCallback$0:97 com.android.server.wm.-$$Lambda$SurfaceAnimator$SIBia0mND666K8lMCPsoid8pUTI.run:4 com.android.server.wm.SurfaceAnimator.lambda$getFinishedCallback$1:104 com.android.server.wm.-$$Lambda$SurfaceAnimator$vdRZk66hQVbQCvVXEaQCT1kVmFc.onAnimationFinished:4 com.android.server.wm.LocalAnimationAdapter.lambda$startAnimation$0:74 com.android.server.wm.-$$Lambda$LocalAnimationAdapter$X--EomqUvw4qy89IeeTFTH7aCMo.run:4

09-25 16:28:09.126  4274  5154 V WindowManager: Setting visibility of Window{97f7529 u0 com.wallapop/com.rewallapop.ui.login.LoginActivity}: false, caller=com.android.server.wm.WindowContainer.sendAppVisibilityToClients:615 com.android.server.wm.AppWindowToken.setClientHidden:460 com.android.server.wm.AppWindowToken.onAnimationFinished:2383 com.android.server.wm.-$$Lambda$yVRF8YoeNdTa8GR1wDStVsHu8xM.run:2 com.android.server.wm.SurfaceAnimator.lambda$getFinishedCallback$0:100

09-25 16:28:09.130  3720  5250 D Layer   : [AppWindowToken{e68c3a6 token=Token{e5c3901 ActivityRecord{ee70ee8 u0 com.wallapop/com.rewallapop.ui.location.LocationPermissionActivity t1071}}}#0]::reparent oldParent:[Surface(name=AppWindowToken{e68c3a6 token=Token{e5c3901 ActivityRecord{ee70ee8 u0 com.wallapop/com.rewallapop.ui.location.LocationPermissionActivity t1071}}})/@0x130d06 - animation-leash#0], newParent:[Task=1071#0]

09-25 16:28:09.130  3720  5250 D Layer   : [AppWindowToken{940edac token=Token{68e4f5f ActivityRecord{3202bfe u0 com.wallapop/com.rewallapop.ui.login.LoginActivity t1071}}}#0]::reparent oldParent:[Surface(name=AppWindowToken{940edac token=Token{68e4f5f ActivityRecord{3202bfe u0 com.wallapop/com.rewallapop.ui.login.LoginActivity t1071}}})/@0x46839d3 - animation-leash#0], newParent:[Task=1071#0]

09-25 16:28:09.130  3720  5250 I SurfaceFlinger: id=19588 Removed Surface(name=AppWindowToken{940edac token=Token{68e4f5f ActivityRecord{3202bfe u0 com.wallapop/com.rewallapop.ui.login.LoginActivity t1071}}})/@0x46839d3 - animation-leash#0 (0/85)

09-25 16:28:09.130  3720  5250 I SurfaceFlinger: id=19589 Removed Surface(name=AppWindowToken{e68c3a6 token=Token{e5c3901 ActivityRecord{ee70ee8 u0 com.wallapop/com.rewallapop.ui.location.LocationPermissionActivity t1071}}})/@0x130d06 - animation-leash#0 (0/84)

09-25 16:28:09.138  3720  3720 I Layer   : id=19588 onRemoved Surface(name=AppWindowToken{940edac token=Token{68e4f5f ActivityRecord{3202bfe u0 com.wallapop/com.rewallapop.ui.login.LoginActivity t1071}}})/@0x46839d3 - animation-leash#0

09-25 16:28:09.138  3720  3720 I Layer   : id=19589 onRemoved Surface(name=AppWindowToken{e68c3a6 token=Token{e5c3901 ActivityRecord{ee70ee8 u0 com.wallapop/com.rewallapop.ui.location.LocationPermissionActivity t1071}}})/@0x130d06 - animation-leash#0

09-25 16:28:09.146  3720  3720 I SurfaceFlinger:      Device | 0x76efe23d80 | 0002 | RGBA_8888 |   0.0    0.0 1080.0 2220.0 |    0    0 1080 2220 | com.wallapop/com.rewallapop.ui.location.LocationPermissionActivity[24648]#0

09-25 16:28:09.197 24648 24659 I com.wallapop: Background concurrent copying GC freed 237204(11MB) AllocSpace objects, 155(9MB) LOS objects, 50% free, 18MB/37MB, paused 453us total 211.091ms

09-25 16:28:09.215 24648 24657 W REALM_JAVA: Remember to call close() on all Realm instances. Realm /data/data/com.wallapop/files/feature_flags is being finalized without being closed, this can lead to running out of native memory.

09-25 16:28:09.240  3720  5250 E BufferQueueProducer: [com.wallapop/com.rewallapop.ui.login.LoginActivity[24648]#0] disconnect: not connected (req=1)

09-25 16:28:09.242  4274 14751 V WindowManager: Remove Window{97f7529 u0 com.wallapop/com.rewallapop.ui.login.LoginActivity}: mSurfaceController=Surface(name=com.wallapop/com.rewallapop.ui.login.LoginActivity[24648])/@0xbbff7e0 mAnimatingExit=false mRemoveOnExit=false mHasSurface=true surfaceShowing=false isAnimationSet=false app-animation=false mWillReplaceWindow=false inPendingTransaction=false mDisplayFrozen=false callers=com.android.server.wm.WindowState.removeIfPossible:2764 com.android.server.wm.WindowManagerService.removeWindow:1943 com.android.server.wm.Session.remove:268 android.view.IWindowSession$Stub.onTransact:347 com.android.server.wm.Session.onTransact:186 android.os.Binder.execTransact:739

09-25 16:28:09.243  4274 14751 I WindowManager: Destroying surface Surface(name=com.wallapop/com.rewallapop.ui.login.LoginActivity[24648])/@0xbbff7e0 called by com.android.server.wm.WindowStateAnimator.destroySurface:1901 com.android.server.wm.WindowStateAnimator.destroySurfaceLocked:838 com.android.server.wm.WindowState.removeImmediately:2743 com.android.server.wm.WindowState.removeIfPossible:2893 com.android.server.wm.WindowState.removeIfPossible:2764 com.android.server.wm.WindowManagerService.removeWindow:1943 com.android.server.wm.Session.remove:268 android.view.IWindowSession$Stub.onTransact:347

09-25 16:28:09.243  3720  5250 I SurfaceFlinger: id=19578 Removed com.wallapop/com.rewallapop.ui.login.LoginActivity[24648]#0 (0/82)

09-25 16:28:09.245  3720  5250 I SurfaceFlinger: id=19577 Removed 97f7529 com.wallapop/com.rewallapop.ui.login.LoginActivity#0 (0/81)

09-25 16:28:09.248  4274 14751 I WindowManager: Cancelling animation restarting=false, leash=null, surface=Surface(name=AppWindowToken{940edac token=Token{68e4f5f ActivityRecord{3202bfe u0 com.wallapop/com.rewallapop.ui.login.LoginActivity t1071}}})/@0x46839d3, parent=Surface(name=Task=1071)/@0x90461eb

09-25 16:28:09.254  3720  3720 I Layer   : id=19577 onRemoved 97f7529 com.wallapop/com.rewallapop.ui.login.LoginActivity#0

09-25 16:28:09.254  3720  3720 I Layer   : id=19578 onRemoved com.wallapop/com.rewallapop.ui.login.LoginActivity[24648]#0

09-25 16:28:09.257  3720  3752 I SurfaceFlinger: id=19576 Removed AppWindowToken{940edac token=Token{68e4f5f ActivityRecord{3202bfe u0 com.wallapop/com.rewallapop.ui.login.LoginActivity t1071}}}#0 (2/80)

09-25 16:28:09.271  3720  3720 I Layer   : id=19576 onRemoved AppWindowToken{940edac token=Token{68e4f5f ActivityRecord{3202bfe u0 com.wallapop/com.rewallapop.ui.login.LoginActivity t1071}}}#0

09-25 16:28:09.359 24648 24653 I com.wallapop: Compiler allocated 4MB to compile void android.view.ViewRootImpl.performTraversals()

09-25 16:28:13.551 24648 25278 I chatty  : uid=10271(com.wallapop) single_thread identical 1 line

09-25 16:28:13.697  4274 19495 D ApplicationPolicy: isStatusBarNotificationAllowedAsUser: packageName = com.wallapop,userId = 0

09-25 16:28:13.698  4274 19495 D ApplicationPolicy: isStatusBarNotificationAllowedAsUser: packageName = com.wallapop,userId = 0

09-25 16:28:13.823 14704 14704 D Notification.Badge: [invalid] onNotificationPosted : StatusBarNotification(pkg=com.wallapop user=UserHandle{0} id=0 tag=default key=0|com.wallapop|0|default|10271: Notification(channel=wallapop_channel pri=2 contentView=null vibrate=null sound=null tick defaults=0x0 flags=0x8 color=0xff13c1ac category=msg vis=PRIVATE semFlags=0x0 semPriority=0 semMissedCount=0))

09-25 16:28:14.352 14704 14704 D Notification.Badge: [invalid] onNotificationRemoved : StatusBarNotification(pkg=com.wallapop user=UserHandle{0} id=0 tag=default key=0|com.wallapop|0|default|10271: Notification(channel=wallapop_channel pri=2 contentView=null vibrate=null sound=null tick defaults=0x0 flags=0x8 color=0xff13c1ac category=msg vis=PRIVATE semFlags=0x0 semPriority=0 semMissedCount=0))

09-25 16:28:14.353  4274  5153 D ApplicationPolicy: isStatusBarNotificationAllowedAsUser: packageName = com.wallapop,userId = 0

09-25 16:28:14.354  4274  5153 D ApplicationPolicy: isStatusBarNotificationAllowedAsUser: packageName = com.wallapop,userId = 0

09-25 16:28:14.461  4274  4274 E NotificationService: Muting recently noisy 0|com.wallapop|0|default|10271

09-25 16:28:14.470 14704 14704 D Notification.Badge: [invalid] onNotificationPosted : StatusBarNotification(pkg=com.wallapop user=UserHandle{0} id=0 tag=default key=0|com.wallapop|0|default|10271: Notification(channel=wallapop_channel pri=2 contentView=null vibrate=null sound=null tick defaults=0x0 flags=0x8 color=0xff13c1ac category=msg vis=PRIVATE semFlags=0x0 semPriority=0 semMissedCount=0))

09-25 16:28:14.938 24648 25278 I chatty  : uid=10271(com.wallapop) single_thread identical 1 line

09-25 16:28:15.106 14704 14704 D Notification.Badge: [invalid] onNotificationRemoved : StatusBarNotification(pkg=com.wallapop user=UserHandle{0} id=0 tag=default key=0|com.wallapop|0|default|10271: Notification(channel=wallapop_channel pri=2 contentView=null vibrate=null sound=null tick defaults=0x0 flags=0x8 color=0xff13c1ac category=msg vis=PRIVATE semFlags=0x0 semPriority=0 semMissedCount=0))

09-25 16:28:15.108  4274  5152 D ApplicationPolicy: isStatusBarNotificationAllowedAsUser: packageName = com.wallapop,userId = 0

09-25 16:28:15.109  4274  5152 D ApplicationPolicy: isStatusBarNotificationAllowedAsUser: packageName = com.wallapop,userId = 0

09-25 16:28:15.226 14704 14704 D Notification.Badge: [invalid] onNotificationPosted : StatusBarNotification(pkg=com.wallapop user=UserHandle{0} id=0 tag=default key=0|com.wallapop|0|default|10271: Notification(channel=wallapop_channel pri=2 contentView=null vibrate=null sound=null tick defaults=0x0 flags=0x8 color=0xff13c1ac category=msg vis=PRIVATE semFlags=0x0 semPriority=0 semMissedCount=0))

09-25 16:28:16.891  4274  5210 I clp-JNI : Add pinfo.  (channel) 97742d7 com.wallapop/com.rewallapop.ui.location.LocationPermissionActivity (server) (pkg) AppWindowToken{e68c3a6 token=Token{e5c3901 ActivityRecord{ee70ee8 u0 com.wallapop/com.rewallapop.ui.location.LocationPermissionActivity t1071}}} 24648 10271 (action) 1

09-25 16:28:16.919  4274  4274 D Telecom:SamsungPrebindingServiceImpl: onTopActivityChanged : ComponentInfo{com.wallapop/com.rewallapop.ui.login.OnboardingActivity}

09-25 16:28:16.968  4274 19495 V WindowManager: Setting visibility of Window{477b6f5 u0 com.wallapop/com.rewallapop.ui.login.OnboardingActivity}: true, caller=com.android.server.wm.WindowContainer.sendAppVisibilityToClients:615 com.android.server.wm.AppWindowToken.setClientHidden:460 com.android.server.wm.AppWindowContainerController.setVisibility:440 com.android.server.am.ActivityRecord.setVisibility:1917 com.android.server.am.ActivityStack.resumeTopActivityInnerLocked:3085

09-25 16:28:16.971  4274 19495 V WindowManager: Changing focus from Window{97742d7 u0 com.wallapop/com.rewallapop.ui.location.LocationPermissionActivity} to null Callers=com.android.server.wm.WindowManagerService.setFocusedApp:3136 com.android.server.am.ActivityManagerService.setResumedActivityUncheckLocked:4487 com.android.server.am.ActivityStack.onActivityStateChanged:560 com.android.server.am.TaskRecord.onActivityStateChanged:2186

09-25 16:28:16.975  4274  4310 D WindowManager: reportFocusChangedSerialized, focused=false, inTouchMode=true, win=Window{97742d7 u0 com.wallapop/com.rewallapop.ui.location.LocationPermissionActivity}

09-25 16:28:16.976  4274 19495 D GameManagerService: noteResumeComponent(), resumeComponent: com.wallapop

09-25 16:28:16.976  4274 12790 D GameManagerService: handleForegroundChange(). pkgName: com.wallapop, clsName: com.rewallapop.ui.login.OnboardingActivity,FgActivityName:com.wallapop/com.rewallapop.ui.login.OnboardingActivity

09-25 16:28:16.977  4274 19495 D MARsPolicyManager: onPackageResumedFG pkgName = com.wallapop, userId = 0

09-25 16:28:16.980  4274  4274 D Telecom:SamsungPrebindingServiceImpl: onTopActivityChanged : ComponentInfo{com.wallapop/com.rewallapop.ui.login.OnboardingActivity}

09-25 16:28:17.029  4274  4274 D Telecom:SamsungPrebindingServiceImpl: onTopActivityChanged : ComponentInfo{com.wallapop/com.rewallapop.ui.wall.WallActivity}

09-25 16:28:17.042  4274 19495 V WindowManager: Relayout Window{477b6f5 u0 com.wallapop/com.rewallapop.ui.login.OnboardingActivity}: viewVisibility=4 req=1080x2220 {(0,0)(fillxfill) sim={adjust=pan} ty=BASE_APPLICATION wanim=0x10302fe sysuil=true

09-25 16:28:17.058  4274 19495 V WindowManager: Setting visibility of Window{ac3e496 u0 com.wallapop/com.rewallapop.ui.wall.WallActivity}: true, caller=com.android.server.wm.WindowContainer.sendAppVisibilityToClients:615 com.android.server.wm.AppWindowToken.setClientHidden:460 com.android.server.wm.AppWindowContainerController.setVisibility:440 com.android.server.am.ActivityRecord.setVisibility:1917 com.android.server.am.ActivityStack.resumeTopActivityInnerLocked:3085

09-25 16:28:17.063  4274 19495 D GameManagerService: noteResumeComponent(), resumeComponent: com.wallapop

09-25 16:28:17.063  4274 12790 D GameManagerService: handleForegroundChange(). pkgName: com.wallapop, clsName: com.rewallapop.ui.wall.WallActivity,FgActivityName:com.wallapop/com.rewallapop.ui.wall.WallActivity

09-25 16:28:17.063  4274 19495 D MARsPolicyManager: onPackageResumedFG pkgName = com.wallapop, userId = 0

09-25 16:28:17.066  4274  4274 D Telecom:SamsungPrebindingServiceImpl: onTopActivityChanged : ComponentInfo{com.wallapop/com.rewallapop.ui.wall.WallActivity}

09-25 16:28:17.102 26946 25018 V FA-SVC  : Event recorded: Event{appId='com.wallapop', name='user_engagement(_e)', params=Bundle[{ga_event_origin(_o)=auto, engagement_time_msec(_et)=8319, ga_screen_class(_sc)=LocationPermissionActivity, ga_screen_id(_si)=8753007037039410942}]}

09-25 16:28:17.124  4274 14751 D SamsungAlarmManager: Cancel Alarm calling from uid:10271 pid :24648 / op:PendingIntent{4f719e: PendingIntentRecord{221405f com.wallapop broadcastIntent}}

