Executed '[C740] Help: Access and sections' on 08-07-2020
---------------------------------------------------------------------------------
07-08 01:05:14.576  4948 13506 I ActivityTaskManager: START u0 {cmp=com.wallapop/.activities.PreferencesActivity (has extras)} from uid 10385

07-08 01:05:14.590  4382  5787 I SurfaceFlinger: id=1568 createSurf (0x0),-1 flag=80004, AppWindowToken{d793175 token=Token{13b90ac ActivityRecord{b119e5f u0 com.wallapop/.activities.PreferencesActivity t1307}}}#0

07-08 01:05:14.596  4948 13506 D WindowManager: w is invisible : e1233a4 com.wallapop/com.rewallapop.ui.wall.WallActivity

07-08 01:05:14.597  4948 13506 D WindowManager: windowMattersToAccessibility, check : e1233a4 com.wallapop/com.rewallapop.ui.wall.WallActivity

07-08 01:05:14.598 30032 30032 W com.wallapop: Accessing hidden method Lsun/misc/Unsafe;->getObjectVolatile(Ljava/lang/Object;J)Ljava/lang/Object; (greylist, linking, allowed)

07-08 01:05:14.599 30032 30032 W com.wallapop: Accessing hidden method Lsun/misc/Unsafe;->putOrderedLong(Ljava/lang/Object;JJ)V (greylist, linking, allowed)

07-08 01:05:14.609  4948 13506 D GamePkgDataHelper: notifyAppCreate(), pkgName: com.wallapop, sendRet: true

07-08 01:05:14.609  4948 12772 D GameManagerService: onLooperPrepared(), msg: { when=0 what=10010 obj=com.wallapop target=com.samsung.android.game.GameManagerService$FgCheckThread$1 }

07-08 01:05:14.609  4948 12772 D GameManagerService: handleMessage(), MSG_APP_CREATE. pkgName: com.wallapop

07-08 01:05:14.610  4948 13506 V WindowManager: Changing focus from Window{e1233a4 u0 com.wallapop/com.rewallapop.ui.wall.WallActivity} to null displayId=0 Callers=com.android.server.wm.RootWindowContainer.updateFocusedWindowLocked:202 com.android.server.wm.WindowManagerService.updateFocusedWindowLocked:6282 com.android.server.wm.ActivityDisplay.setFocusedApp:1583 com.android.server.wm.ActivityTaskManagerService.setResumedActivityUncheckLocked:6860 com.android.server.wm.ActivityStack.onActivityStateChanged:653 com.android.server.wm.TaskRecord.onActivityStateChanged:2248

07-08 01:05:14.610  4948 13506 D MARsPolicyManager: onPackageResumedFG pkgName = com.wallapop, userId = 0

07-08 01:05:14.613 30032 30038 I com.wallapop: Compiler allocated 4171KB to compile void android.view.ViewRootImpl.performTraversals()

07-08 01:05:14.613  4948  5100 D GameManagerService: notePauseComponent(), pauseComponent: com.wallapop

07-08 01:05:14.616  4948  5100 I WindowManager: Focus moving from Window{e1233a4 u0 com.wallapop/com.rewallapop.ui.wall.WallActivity} to null displayId=0

07-08 01:05:14.616  4948  5100 I WindowManager: Losing focus: Window{e1233a4 u0 com.wallapop/com.rewallapop.ui.wall.WallActivity}

07-08 01:05:14.618  4948  5100 D GameManagerService: noteResumeComponent(), resumeComponent: com.wallapop

07-08 01:05:14.618  4948 12772 D GameManagerService: onLooperPrepared(), msg: { when=0 what=10000 obj=ComponentInfo{com.wallapop/com.wallapop.activities.PreferencesActivity} target=com.samsung.android.game.GameManagerService$FgCheckThread$1 }

07-08 01:05:14.618  4948 12772 D GameManagerService: notifyResumePause(). pkg: com.wallapop, type: 4, isMinimized: false, isTunableApp: false

07-08 01:05:14.675  4948 15823 D SamsungAlarmManager: Cancel Alarm calling from uid:10385 pid :30032 / op:PendingIntent{faa0b62: PendingIntentRecord{73e536 com.wallapop broadcastIntent}}

07-08 01:05:14.676  4948 15823 D SamsungAlarmManager: Cancel Alarm calling from uid:10385 pid :30032 / op:PendingIntent{aaae4f3: PendingIntentRecord{73e536 com.wallapop broadcastIntent}}

07-08 01:05:14.731  4382  5787 I SurfaceFlinger: id=1569 createSurf (0x0),-1 flag=80004, 9742c29 com.wallapop/com.wallapop.activities.PreferencesActivity#0

07-08 01:05:14.746  4948 15823 V WindowManager: Relayout Window{9742c29 u0 com.wallapop/com.wallapop.activities.PreferencesActivity}: viewVisibility=0 req=1080x2220

07-08 01:05:14.748  4382  5787 I SurfaceFlinger: id=1570 createSurf (1080x2220),1 flag=404, com.wallapop/com.wallapop.activities.PreferencesActivity$_30032#0

07-08 01:05:14.748  4948 15823 D WindowManager: makeSurface duration=1 name=com.wallapop/com.wallapop.activities.PreferencesActivity$_30032

07-08 01:05:14.749  4948 15823 V WindowManager: Changing focus from null to Window{9742c29 u0 com.wallapop/com.wallapop.activities.PreferencesActivity} displayId=0 Callers=com.android.server.wm.RootWindowContainer.updateFocusedWindowLocked:202 com.android.server.wm.WindowManagerService.updateFocusedWindowLocked:6282 com.android.server.wm.WindowManagerService.relayoutWindow:2574 com.android.server.wm.Session.relayout:202 android.view.IWindowSession$Stub.onTransact:708 com.android.server.wm.Session.onTransact:142

07-08 01:05:14.749  4948  5098 D WindowManager: setSystemUiVisibility: displayId=0, vis=0xa018, fullVis=0x2000, dockVis=0x0, win=Window{9742c29 u0 com.wallapop/com.wallapop.activities.PreferencesActivity}

07-08 01:05:14.750  4948  5100 I WindowManager: Focus moving from null to Window{9742c29 u0 com.wallapop/com.wallapop.activities.PreferencesActivity} displayId=0

07-08 01:05:14.750  4948  5100 D WindowManager: w is invisible : e1233a4 com.wallapop/com.rewallapop.ui.wall.WallActivity

07-08 01:05:14.750  4948  5100 D WindowManager: w is invisible : 9742c29 com.wallapop/com.wallapop.activities.PreferencesActivity

07-08 01:05:14.750  4948  5100 D WindowManager: windowMattersToAccessibility, check : 9742c29 com.wallapop/com.wallapop.activities.PreferencesActivity

07-08 01:05:14.751  4948  5100 I WindowManager: Gaining focus: Window{9742c29 u0 com.wallapop/com.wallapop.activities.PreferencesActivity}

07-08 01:05:14.757  4948 13506 D WindowManager: w is invisible : e1233a4 com.wallapop/com.rewallapop.ui.wall.WallActivity

07-08 01:05:14.757  4948 13506 D WindowManager: w is invisible : 9742c29 com.wallapop/com.wallapop.activities.PreferencesActivity

07-08 01:05:14.757  4948 13506 D WindowManager: windowMattersToAccessibility, check : 9742c29 com.wallapop/com.wallapop.activities.PreferencesActivity

07-08 01:05:14.769  4948 13506 D WindowManager: finishDrawingWindow: Window{9742c29 u0 com.wallapop/com.wallapop.activities.PreferencesActivity} mDrawState=DRAW_PENDING

07-08 01:05:14.772  4948  5101 I WindowManager: Reparenting to leash, surface=Surface(name=AppWindowToken{3b7bd87 token=Token{77f59c6 ActivityRecord{d34d3a1 u0 com.wallapop/com.rewallapop.ui.wall.WallActivity t1307}}})/@0x36dc2fb

07-08 01:05:14.773  4382  5787 I SurfaceFlinger: id=1571 createSurf (0x0),-1 flag=80004, Surface(name=AppWindowToken{3b7bd87 token=Token{77f59c6 ActivityRecord{d34d3a1 u0 com.wallapop/com.rewallapop.ui.wall.WallActivity t1307}}})/@0x36dc2fb - animation-leash#0

07-08 01:05:14.773  4948  5101 D WindowManager: makeSurface duration=0 leash=Surface(name=Surface(name=AppWindowToken{3b7bd87 token=Token{77f59c6 ActivityRecord{d34d3a1 u0 com.wallapop/com.rewallapop.ui.wall.WallActivity t1307}}})/@0x36dc2fb - animation-leash)/@0xd5bff6b

07-08 01:05:14.773  4382  5787 I SurfaceFlinger: id=1572 createSurf (0x0),-1 flag=80004, Surface(name=AppWindowToken{3b7bd87 token=Token{77f59c6 ActivityRecord{d34d3a1 u0 com.wallapop/com.rewallapop.ui.wall.WallActivity t1307}}})/@0x36dc2fb - animation-bounds#0

07-08 01:05:14.777  4948  5101 I WindowManager: Reparenting to leash, surface=Surface(name=AppWindowToken{d793175 token=Token{13b90ac ActivityRecord{b119e5f u0 com.wallapop/.activities.PreferencesActivity t1307}}})/@0x47beae0

07-08 01:05:14.777  4382  5787 I SurfaceFlinger: id=1575 createSurf (0x0),-1 flag=80004, Surface(name=AppWindowToken{d793175 token=Token{13b90ac ActivityRecord{b119e5f u0 com.wallapop/.activities.PreferencesActivity t1307}}})/@0x47beae0 - animation-leash#0

07-08 01:05:14.778  4948  5101 D WindowManager: makeSurface duration=1 leash=Surface(name=Surface(name=AppWindowToken{d793175 token=Token{13b90ac ActivityRecord{b119e5f u0 com.wallapop/.activities.PreferencesActivity t1307}}})/@0x47beae0 - animation-leash)/@0x3937199

07-08 01:05:14.778  4382  5787 I SurfaceFlinger: id=1576 createSurf (0x0),-1 flag=80004, Surface(name=AppWindowToken{d793175 token=Token{13b90ac ActivityRecord{b119e5f u0 com.wallapop/.activities.PreferencesActivity t1307}}})/@0x47beae0 - animation-bounds#0

07-08 01:05:14.779  4948  5101 D PkgPredictorService: pkg:com.wallapop activity:com.wallapop.activities.PreferencesActivity thisTime:-1

07-08 01:05:14.801 30032 30032 V InputMethodManager: Starting input: tba=com.wallapop ic=null mNaviBarColor -1 mIsGetNaviBarColorSuccess true , NavVisible : true , NavTrans : false

07-08 01:05:14.817  4382  4382 I SurfaceFlinger:      DEVICE | 0x7b1b8afd80 | 0002 | RGBA_8888 |   0.0    1.0 1080.0 2220.0 |    0    0 1080 2220 | com.wallapop/com.rewallapop.ui.wall.WallActivity$_30032#0

07-08 01:05:14.817  4382  4382 I SurfaceFlinger:      DEVICE | 0x7afc34fa40 | 0002 | RGBA_8888 |   0.0    0.0 1080.0 1701.0 |    0  519 1080 2220 | com.wallapop/com.wallapop.activities.PreferencesActivity$_30032#0

07-08 01:05:14.832  4382  4382 I SurfaceFlinger:      DEVICE | 0x7b1b8afd80 | 0002 | RGBA_8888 |   0.0    4.0 1080.0 2220.0 |    0    0 1080 2217 | com.wallapop/com.rewallapop.ui.wall.WallActivity$_30032#0

07-08 01:05:14.832  4382  4382 I SurfaceFlinger:      DEVICE | 0x7afdfc99c0 | 0002 | RGBA_8888 |   0.0    0.0 1080.0 1723.0 |    0  496 1080 2220 | com.wallapop/com.wallapop.activities.PreferencesActivity$_30032#0

07-08 01:05:14.880  4948  5100 D WindowManager: w is invisible : e1233a4 com.wallapop/com.rewallapop.ui.wall.WallActivity

07-08 01:05:14.880  4948  5100 D WindowManager: w is invisible : 9742c29 com.wallapop/com.wallapop.activities.PreferencesActivity

07-08 01:05:14.880  4948  5100 D WindowManager: windowMattersToAccessibility, check : 9742c29 com.wallapop/com.wallapop.activities.PreferencesActivity

07-08 01:05:15.078  4948  5101 I WindowManager: Reparenting to original parent: Surface(name=Task=1307)/@0x2d771c7, destroyLeash=true, surface=Surface(name=AppWindowToken{3b7bd87 token=Token{77f59c6 ActivityRecord{d34d3a1 u0 com.wallapop/com.rewallapop.ui.wall.WallActivity t1307}}})/@0x36dc2fb

07-08 01:05:15.079  4948  5101 V WindowManager: Setting visibility of Window{e1233a4 u0 com.wallapop/com.rewallapop.ui.wall.WallActivity}: false, caller=com.android.server.wm.WindowContainer.sendAppVisibilityToClients:640 com.android.server.wm.AppWindowToken.setClientHidden:639 com.android.server.wm.AppWindowToken.onAnimationFinished:3839 com.android.server.wm.-$$Lambda$yVRF8YoeNdTa8GR1wDStVsHu8xM.run:2 com.android.server.wm.SurfaceAnimator.lambda$getFinishedCallback$0$SurfaceAnimator:100

07-08 01:05:15.079  4948  5101 I WindowManager: Reparenting to original parent: Surface(name=Task=1307)/@0x2d771c7, destroyLeash=true, surface=Surface(name=AppWindowToken{d793175 token=Token{13b90ac ActivityRecord{b119e5f u0 com.wallapop/.activities.PreferencesActivity t1307}}})/@0x47beae0

07-08 01:05:15.082  4382  5787 I Layer   : id=1575 removeFromCurrentState Surface(name=AppWindowToken{d793175 token=Token{13b90ac ActivityRecord{b119e5f u0 com.wallapop/.activities.PreferencesActivity t1307}}})/@0x47beae0 - animation-leash#0 (64)

07-08 01:05:15.082  4382  5787 I Layer   : id=1571 removeFromCurrentState Surface(name=AppWindowToken{3b7bd87 token=Token{77f59c6 ActivityRecord{d34d3a1 u0 com.wallapop/com.rewallapop.ui.wall.WallActivity t1307}}})/@0x36dc2fb - animation-leash#0 (64)

07-08 01:05:15.082  4382  5787 I Layer   : id=1572 removeFromCurrentState Surface(name=AppWindowToken{3b7bd87 token=Token{77f59c6 ActivityRecord{d34d3a1 u0 com.wallapop/com.rewallapop.ui.wall.WallActivity t1307}}})/@0x36dc2fb - animation-bounds#0 (64)

07-08 01:05:15.082  4382  5787 I Layer   : id=1576 removeFromCurrentState Surface(name=AppWindowToken{d793175 token=Token{13b90ac ActivityRecord{b119e5f u0 com.wallapop/.activities.PreferencesActivity t1307}}})/@0x47beae0 - animation-bounds#0 (64)

07-08 01:05:15.083  4382  4440 I SurfaceFlinger: id=1572 Removed Surface(name=AppWindowToken{3b7bd87 token=Token{77f59c6 ActivityRecord{d34d3a1 u0 com.wallapop/com.rewallapop.ui.wall.WallActivity t1307}}})/@0x36dc2fb - animation-bounds#0 (64)

07-08 01:05:15.083  4382  5787 I SurfaceFlinger: id=1575 Removed Surface(name=AppWindowToken{d793175 token=Token{13b90ac ActivityRecord{b119e5f u0 com.wallapop/.activities.PreferencesActivity t1307}}})/@0x47beae0 - animation-leash#0 (64)

07-08 01:05:15.083  4382  5787 I SurfaceFlinger: id=1571 Removed Surface(name=AppWindowToken{3b7bd87 token=Token{77f59c6 ActivityRecord{d34d3a1 u0 com.wallapop/com.rewallapop.ui.wall.WallActivity t1307}}})/@0x36dc2fb - animation-leash#0 (64)

07-08 01:05:15.083  4382  5787 I SurfaceFlinger: id=1576 Removed Surface(name=AppWindowToken{d793175 token=Token{13b90ac ActivityRecord{b119e5f u0 com.wallapop/.activities.PreferencesActivity t1307}}})/@0x47beae0 - animation-bounds#0 (64)

07-08 01:05:15.089 30032 30079 W com.wallapop: Accessing hidden method Lsun/misc/Unsafe;->getObject(Ljava/lang/Object;J)Ljava/lang/Object; (greylist, linking, allowed)

07-08 01:05:15.089 30032 30079 W com.wallapop: Accessing hidden method Lsun/misc/Unsafe;->putObject(Ljava/lang/Object;JLjava/lang/Object;)V (greylist, linking, allowed)

07-08 01:05:15.090 30032 30079 W com.wallapop: Accessing hidden method Lsun/misc/Unsafe;->getInt(Ljava/lang/Object;J)I (greylist, linking, allowed)

07-08 01:05:15.090 30032 30079 W com.wallapop: Accessing hidden method Lsun/misc/Unsafe;->putInt(Ljava/lang/Object;JI)V (greylist, linking, allowed)

07-08 01:05:15.090 30032 30079 W com.wallapop: Accessing hidden method Lsun/misc/Unsafe;->putLong(Ljava/lang/Object;JJ)V (greylist, linking, allowed)

07-08 01:05:15.090 30032 30143 W com.wallapop: Accessing hidden method Lsun/misc/Unsafe;->putInt(Ljava/lang/Object;JI)V (greylist, linking, allowed)

07-08 01:05:15.095  4382  4382 I Layer   : id=1572[1] Destroyed Surface(name=AppWindowToken{3b7bd87 token=Token{77f59c6 ActivityRecord{d34d3a1 u0 com.wallapop/com.rewallapop.ui.wall.WallActivity t1307}}})/@0x36dc2fb - animation-bounds#0

07-08 01:05:15.095  4382  4382 I Layer   : id=1571[1] Destroyed Surface(name=AppWindowToken{3b7bd87 token=Token{77f59c6 ActivityRecord{d34d3a1 u0 com.wallapop/com.rewallapop.ui.wall.WallActivity t1307}}})/@0x36dc2fb - animation-leash#0

07-08 01:05:15.095  4382  4382 I Layer   : id=1576[1] Destroyed Surface(name=AppWindowToken{d793175 token=Token{13b90ac ActivityRecord{b119e5f u0 com.wallapop/.activities.PreferencesActivity t1307}}})/@0x47beae0 - animation-bounds#0

07-08 01:05:15.095  4382  4382 I Layer   : id=1575[1] Destroyed Surface(name=AppWindowToken{d793175 token=Token{13b90ac ActivityRecord{b119e5f u0 com.wallapop/.activities.PreferencesActivity t1307}}})/@0x47beae0 - animation-leash#0

07-08 01:05:15.098  4382  4382 I SurfaceFlinger:      DEVICE | 0x7afc34fa40 | 0002 | RGBA_8888 |   0.0    0.0 1080.0 2220.0 |    0    0 1080 2220 | com.wallapop/com.wallapop.activities.PreferencesActivity$_30032#0

07-08 01:05:15.099  4382  5775 E BufferQueueProducer: [com.wallapop/com.rewallapop.ui.wall.WallActivity$_30032#0] disconnect: not connected (req=1)

07-08 01:05:15.099  4948 13116 V WindowManager: Relayout Window{e1233a4 u0 com.wallapop/com.rewallapop.ui.wall.WallActivity}: viewVisibility=8 req=1080x2220

07-08 01:05:15.113 12945 12986 E RequestManager_FLP: [FusedLocationApi] Location remove 3f9184e from com.wallapop

07-08 01:05:15.132  4948 13116 V WindowManager: Relayout Window{e1233a4 u0 com.wallapop/com.rewallapop.ui.wall.WallActivity}: viewVisibility=8 req=1080x2220

07-08 01:05:15.138  4948 13116 E WindowManager: win=Window{e1233a4 u0 com.wallapop/com.rewallapop.ui.wall.WallActivity} destroySurfaces: appStopped=true win.mWindowRemovalAllowed=false win.mRemoveOnExit=false win.mViewVisibility=8 caller=com.android.server.wm.AppWindowToken.destroySurfaces:1234 com.android.server.wm.AppWindowToken.destroySurfaces:1215 com.android.server.wm.AppWindowToken.notifyAppStopped:1270 com.android.server.wm.ActivityRecord.activityStoppedLocked:2653 com.android.server.wm.ActivityTaskManagerService.activityStopped:2483 android.app.IActivityTaskManager$Stub.onTransact:2224 android.os.Binder.execTransactInternal:1056

07-08 01:05:15.139  4948 13116 I WindowManager: Destroying surface Surface(name=com.wallapop/com.rewallapop.ui.wall.WallActivity$_30032)/@0xec6a9e9 called by com.android.server.wm.WindowStateAnimator.destroySurface:1790 com.android.server.wm.WindowStateAnimator.destroySurfaceLocked:720 com.android.server.wm.WindowState.destroySurfaceUnchecked:3540 com.android.server.wm.WindowState.destroySurface:3514 com.android.server.wm.AppWindowToken.destroySurfaces:1234 com.android.server.wm.AppWindowToken.destroySurfaces:1215 com.android.server.wm.AppWindowToken.notifyAppStopped:1270 com.android.server.wm.ActivityRecord.activityStoppedLocked:2653

07-08 01:05:15.139  4382  5775 I Layer   : id=1566 removeFromCurrentState com.wallapop/com.rewallapop.ui.wall.WallActivity$_30032#0 (58)

07-08 01:05:15.146  4382  5775 I SurfaceFlinger: id=1566 Removed com.wallapop/com.rewallapop.ui.wall.WallActivity$_30032#0 (58)

07-08 01:05:15.162  4382  4382 I Layer   : id=1566[1] Destroyed com.wallapop/com.rewallapop.ui.wall.WallActivity$_30032#0

07-08 01:05:15.179  4948  5100 D WindowManager: w is invisible : e1233a4 com.wallapop/com.rewallapop.ui.wall.WallActivity

07-08 01:05:15.179  4948  5100 D WindowManager: w is invisible : e1233a4 com.wallapop/com.rewallapop.ui.wall.WallActivity

07-08 01:05:15.179  4948  5100 D WindowManager: w is invisible : 9742c29 com.wallapop/com.wallapop.activities.PreferencesActivity

07-08 01:05:15.179  4948  5100 D WindowManager: windowMattersToAccessibility, check : 9742c29 com.wallapop/com.wallapop.activities.PreferencesActivity

07-08 01:05:15.584 30032 30121 W com.wallapop: Accessing hidden method Lsun/misc/Unsafe;->putInt(Ljava/lang/Object;JI)V (greylist, linking, allowed)

07-08 01:05:15.584 30032 30121 W com.wallapop: Accessing hidden method Lsun/misc/Unsafe;->putLong(Ljava/lang/Object;JJ)V (greylist, linking, allowed)

07-08 01:05:15.585 30032 30143 W com.wallapop: Accessing hidden method Lsun/misc/Unsafe;->putInt(Ljava/lang/Object;JI)V (greylist, linking, allowed)

07-08 01:05:19.427  4948  5119 I PowerManagerService: [PWL]       PARTIAL_WAKE_LOCK              '*job*/com.wallapop/androidx.work.impl.background.systemjob.SystemJobService' ACQ=-19s952ms (uid=1000 pid=4948 pkg=android ws=WorkSource{10385})

07-08 01:05:19.436 30032 30032 V InputMethodManager: Starting input: tba=com.wallapop ic=null mNaviBarColor -1 mIsGetNaviBarColorSuccess true , NavVisible : true , NavTrans : false

07-08 01:05:19.822 30032 30032 W com.wallapop: Accessing hidden method Lsun/misc/Unsafe;->getObjectVolatile(Ljava/lang/Object;J)Ljava/lang/Object; (greylist, linking, allowed)

07-08 01:05:19.822 30032 30032 W com.wallapop: Accessing hidden method Lsun/misc/Unsafe;->putOrderedLong(Ljava/lang/Object;JJ)V (greylist, linking, allowed)

07-08 01:05:19.880  4948  5100 D GameManagerService: notePauseComponent(), pauseComponent: com.wallapop

07-08 01:05:19.919 30032 30032 W com.wallapop: Accessing hidden method Lsun/misc/Unsafe;->putObject(Ljava/lang/Object;JLjava/lang/Object;)V (greylist, linking, allowed)

07-08 01:05:19.924 30032 30143 W com.wallapop: Accessing hidden method Lsun/misc/Unsafe;->putObject(Ljava/lang/Object;JLjava/lang/Object;)V (greylist, linking, allowed)

07-08 01:05:19.924 30032 30143 W com.wallapop: Accessing hidden method Lsun/misc/Unsafe;->putInt(Ljava/lang/Object;JI)V (greylist, linking, allowed)

07-08 01:05:19.926  4948 15819 D SamsungAlarmManager: Cancel Alarm calling from uid:10385 pid :30032 / op:PendingIntent{3fa1093: PendingIntentRecord{83386e0 com.wallapop broadcastIntent}}

07-08 01:05:19.927 30032 30143 W com.wallapop: Accessing hidden method Lsun/misc/Unsafe;->putInt(Ljava/lang/Object;JI)V (greylist, linking, allowed)

07-08 01:05:20.012 30032 30269 W com.wallapop: Accessing hidden method Lsun/misc/Unsafe;->getObject(Ljava/lang/Object;J)Ljava/lang/Object; (greylist, linking, allowed)

07-08 01:05:20.013 30032 30269 W com.wallapop: Accessing hidden method Lsun/misc/Unsafe;->putObject(Ljava/lang/Object;JLjava/lang/Object;)V (greylist, linking, allowed)

07-08 01:05:20.014 30032 30143 W com.wallapop: Accessing hidden method Lsun/misc/Unsafe;->getInt(Ljava/lang/Object;J)I (greylist, linking, allowed)

07-08 01:05:20.014 30032 30143 W com.wallapop: Accessing hidden method Lsun/misc/Unsafe;->putInt(Ljava/lang/Object;JI)V (greylist, linking, allowed)

07-08 01:05:20.016 30032 30158 I WM-WorkerWrapper: Worker result FAILURE for Work [ id=09e5e583-89c5-44ee-bcdc-6901fed911ce, tags={ com.wallapop.thirdparty.tracker.metrics.MetricsRequestWorker, metrics_tracker_work } ]

07-08 01:05:20.045 30032 30045 I com.wallapop: Background concurrent copying GC freed 153677(8045KB) AllocSpace objects, 121(4664KB) LOS objects, 45% free, 28MB/52MB, paused 450us total 109.292ms

07-08 01:05:20.062  4948 13116 V WindowManager: Changing focus from Window{9742c29 u0 com.wallapop/com.wallapop.activities.PreferencesActivity} to null displayId=0 Callers=com.android.server.wm.RootWindowContainer.updateFocusedWindowLocked:202 com.android.server.wm.WindowManagerService.updateFocusedWindowLocked:6282 com.android.server.wm.AppWindowToken.commitVisibility:878 com.android.server.wm.AppWindowToken.setVisibility:801 com.android.server.wm.ActivityRecord.setVisibility:2169 com.android.server.wm.ActivityRecord.setVisible:2183

07-08 01:05:20.064  4948 13116 V WindowManager: Setting visibility of Window{9742c29 u0 com.wallapop/com.wallapop.activities.PreferencesActivity}: false, caller=com.android.server.wm.WindowContainer.sendAppVisibilityToClients:640 com.android.server.wm.AppWindowToken.setClientHidden:639 com.android.server.wm.AppWindowToken.onAnimationFinished:3839 com.android.server.wm.AppWindowToken.commitVisibility:894 com.android.server.wm.AppWindowToken.setVisibility:801

07-08 01:05:20.071  4948  5100 I WindowManager: Focus moving from Window{9742c29 u0 com.wallapop/com.wallapop.activities.PreferencesActivity} to null displayId=0

07-08 01:05:20.073  4948  5100 I WindowManager: Losing focus: Window{9742c29 u0 com.wallapop/com.wallapop.activities.PreferencesActivity}

07-08 01:05:20.086  4382  5787 E BufferQueueProducer: [com.wallapop/com.wallapop.activities.PreferencesActivity$_30032#0] disconnect: not connected (req=1)

07-08 01:05:20.087  4948 12938 V WindowManager: Relayout Window{9742c29 u0 com.wallapop/com.wallapop.activities.PreferencesActivity}: viewVisibility=8 req=1080x2220

07-08 01:05:20.087  4948 12938 E WindowManager: win=Window{9742c29 u0 com.wallapop/com.wallapop.activities.PreferencesActivity} destroySurfaces: appStopped=true win.mWindowRemovalAllowed=false win.mRemoveOnExit=false win.mViewVisibility=8 caller=com.android.server.wm.WindowManagerService.tryStartExitingAnimation:2756 com.android.server.wm.WindowManagerService.relayoutWindow:2504 com.android.server.wm.Session.relayout:202 android.view.IWindowSession$Stub.onTransact:708 com.android.server.wm.Session.onTransact:142 android.os.Binder.execTransactInternal:1056 android.os.Binder.execTransact:1029

07-08 01:05:20.087  4948 12938 I WindowManager: Destroying surface Surface(name=com.wallapop/com.wallapop.activities.PreferencesActivity$_30032)/@0xd074600 called by com.android.server.wm.WindowStateAnimator.destroySurface:1790 com.android.server.wm.WindowStateAnimator.destroySurfaceLocked:720 com.android.server.wm.WindowState.destroySurfaceUnchecked:3540 com.android.server.wm.WindowState.destroySurface:3514 com.android.server.wm.WindowManagerService.tryStartExitingAnimation:2756 com.android.server.wm.WindowManagerService.relayoutWindow:2504 com.android.server.wm.Session.relayout:202 android.view.IWindowSession$Stub.onTransact:708

07-08 01:05:20.087  4382  5787 I Layer   : id=1570 removeFromCurrentState com.wallapop/com.wallapop.activities.PreferencesActivity$_30032#0 (59)

07-08 01:05:20.088  4382  5787 I SurfaceFlinger: id=1570 Removed com.wallapop/com.wallapop.activities.PreferencesActivity$_30032#0 (59)

07-08 01:05:20.104  4382  4382 I Layer   : id=1570[1] Destroyed com.wallapop/com.wallapop.activities.PreferencesActivity$_30032#0

07-08 01:05:20.108  4948 15819 V WindowManager: Relayout Window{9742c29 u0 com.wallapop/com.wallapop.activities.PreferencesActivity}: viewVisibility=8 req=1080x2220

07-08 01:05:20.320  4948  5100 D WindowManager: w is invisible : e1233a4 com.wallapop/com.rewallapop.ui.wall.WallActivity

07-08 01:05:20.320  4948  5100 D WindowManager: w is invisible : 9742c29 com.wallapop/com.wallapop.activities.PreferencesActivity

07-08 01:05:20.320  4948  5100 D WindowManager: w is invisible : e1233a4 com.wallapop/com.rewallapop.ui.wall.WallActivity

07-08 01:05:20.320  4948  5100 D WindowManager: w is invisible : 9742c29 com.wallapop/com.wallapop.activities.PreferencesActivity

07-08 01:05:20.344 30032 30217 W com.wallapop: Accessing hidden method Lsun/misc/Unsafe;->putInt(Ljava/lang/Object;JI)V (greylist, linking, allowed)

07-08 01:05:20.345 30032 30217 W com.wallapop: Accessing hidden method Lsun/misc/Unsafe;->putLong(Ljava/lang/Object;JJ)V (greylist, linking, allowed)

07-08 01:05:20.347 30032 30143 W com.wallapop: Accessing hidden method Lsun/misc/Unsafe;->putInt(Ljava/lang/Object;JI)V (greylist, linking, allowed)

07-08 01:05:20.385  4948 13116 D WindowManager: w is invisible : e1233a4 com.wallapop/com.rewallapop.ui.wall.WallActivity

07-08 01:05:20.386  4948 13116 D WindowManager: w is invisible : 9742c29 com.wallapop/com.wallapop.activities.PreferencesActivity

07-08 01:05:20.386  4948 13116 D WindowManager: w is invisible : e1233a4 com.wallapop/com.rewallapop.ui.wall.WallActivity

07-08 01:05:20.386  4948 13116 D WindowManager: w is invisible : 9742c29 com.wallapop/com.wallapop.activities.PreferencesActivity

07-08 01:05:20.485  4948  5098 D CodecSolution: isMaxAspectPackageEx: com.wallapop : true(2)

07-08 01:05:20.510  4948  5098 D CodecSolution: isMaxAspectPackageEx: com.wallapop : true(2)

07-08 01:05:20.510  4948  5098 I PerfSDKService: Current foregroundpackage name : com.wallapop

07-08 01:05:20.641  4948 12848 D MdnieScenarioControlService:  packageName : com.wallapop    className : com.wallapop.activities.PreferencesActivity

07-08 01:05:26.202 30032 30098 W com.wallapop: Accessing hidden method Lsun/misc/Unsafe;->getObject(Ljava/lang/Object;J)Ljava/lang/Object; (greylist, linking, allowed)

07-08 01:05:26.202 30032 30098 W com.wallapop: Accessing hidden method Lsun/misc/Unsafe;->putObject(Ljava/lang/Object;JLjava/lang/Object;)V (greylist, linking, allowed)

07-08 01:05:26.206 30032 30098 W com.wallapop: Accessing hidden method Lsun/misc/Unsafe;->getInt(Ljava/lang/Object;J)I (greylist, linking, allowed)

07-08 01:05:26.207 30032 30098 W com.wallapop: Accessing hidden method Lsun/misc/Unsafe;->putInt(Ljava/lang/Object;JI)V (greylist, linking, allowed)

07-08 01:05:26.207 30032 30143 W com.wallapop: Accessing hidden method Lsun/misc/Unsafe;->putInt(Ljava/lang/Object;JI)V (greylist, linking, allowed)

07-08 01:05:26.207 30032 30098 W com.wallapop: Accessing hidden method Lsun/misc/Unsafe;->putLong(Ljava/lang/Object;JJ)V (greylist, linking, allowed)

07-08 01:05:35.533  4948  5098 D CodecSolution: isMaxAspectPackageEx: com.wallapop : true(2)

07-08 01:05:35.539  4948 13116 D SamsungAlarmManager: Cancel Alarm calling from uid:10385 pid :30032 / op:PendingIntent{f7b759a: PendingIntentRecord{4d55e05 com.wallapop broadcastIntent}}

07-08 01:05:35.546  4948  5098 D CodecSolution: isMaxAspectPackageEx: com.wallapop : true(2)

07-08 01:05:35.547  4948  5098 I PerfSDKService: Current foregroundpackage name : com.wallapop

07-08 01:05:35.673  4948 12848 D MdnieScenarioControlService:  packageName : com.wallapop    className : com.wallapop.activities.PreferencesActivity

07-08 01:05:49.919 12945 12986 V PermissionManager_FLP: onOpChanged, op=0 / packageName=com.wallapop

07-08 01:05:58.833  4948  5098 D CodecSolution: isMaxAspectPackageEx: com.wallapop : true(2)

07-08 01:05:58.855  4948  5098 D CodecSolution: isMaxAspectPackageEx: com.wallapop : true(2)

07-08 01:05:58.856  4948  5098 I PerfSDKService: Current foregroundpackage name : com.wallapop

07-08 01:05:58.981  4948 12848 D MdnieScenarioControlService:  packageName : com.wallapop    className : com.wallapop.activities.PreferencesActivity

07-08 01:05:59.019  4948  5098 D CodecSolution: isMaxAspectPackageEx: com.wallapop : true(2)

07-08 01:05:59.019  4948  5098 I PerfSDKService: Current foregroundpackage name : com.wallapop

07-08 01:05:59.149  4948 12848 D MdnieScenarioControlService:  packageName : com.wallapop    className : com.wallapop.activities.PreferencesActivity

07-08 01:06:08.966 25443 25460 I SmProvider: makeValuesForFasUpdate contentValues=package_name=com.wallapop extras=0 uid=10385 level=1 resetTime=1594163119803

07-08 01:06:21.158 30032 30098 W com.wallapop: Accessing hidden method Lsun/misc/Unsafe;->getInt(Ljava/lang/Object;J)I (greylist, linking, allowed)

07-08 01:06:21.158 30032 30098 W com.wallapop: Accessing hidden method Lsun/misc/Unsafe;->putInt(Ljava/lang/Object;JI)V (greylist, linking, allowed)

07-08 01:06:21.161 30032 30696 W com.wallapop: Accessing hidden method Lsun/misc/Unsafe;->putInt(Ljava/lang/Object;JI)V (greylist, linking, allowed)

07-08 01:06:36.129 30032 30082 W com.wallapop: Accessing hidden method Lsun/misc/Unsafe;->putObject(Ljava/lang/Object;JLjava/lang/Object;)V (greylist, linking, allowed)

07-08 01:06:36.132 30032 30082 W com.wallapop: Accessing hidden method Lsun/misc/Unsafe;->putInt(Ljava/lang/Object;JI)V (greylist, linking, allowed)

07-08 01:06:36.141 30032 30702 W com.wallapop: Accessing hidden method Lsun/misc/Unsafe;->putInt(Ljava/lang/Object;JI)V (greylist, linking, allowed)

07-08 01:06:47.821  4948 13116 I ActivityManager: Force stopping com.wallapop appid=10385 user=0: from pid 30785

07-08 01:06:47.821  4948 13116 I ActivityManager: Killing 30032:com.wallapop/u0a385 (adj 200): stop com.wallapop

07-08 01:06:47.827  4948 13116 W ActivityManager: Scheduling restart of crashed service com.wallapop/com.rewallapop.ui.debug.view.DebugActivity$Service in 1000ms

07-08 01:06:47.827  4948  4948 D EdgeLightingManager: hideForNotification : packageName = com.wallapop

07-08 01:06:47.827  4948 13116 W ActivityTaskManager: Force removing ActivityRecord{b119e5f u0 com.wallapop/.activities.PreferencesActivity t1307 f}: app died, no saved state

07-08 01:06:47.827  4948  4948 D EdgeLightingPolicyManager:NotificationGroup: remove : sbn : StatusBarNotification(pkg=com.wallapop user=UserHandle{0} id=999 tag=null key=0|com.wallapop|999|null|10385: Notification(channel=wallapop_channel pri=-2 contentView=null vibrate=null sound=null defaults=0x0 flags=0x62 color=0x00000000 vis=PRIVATE semFlags=0x0 semPriority=0 semMissedCount=0))

07-08 01:06:47.828  4948  4948 D EdgeLightingPolicyManager: isAcceptableApplication:  pkg=com.wallapop , range=1 , includeAllApp=false , userId=0 , infoRange=0 , infoCategory=0

07-08 01:06:47.829  4382  5775 I Layer   : id=1569 removeFromCurrentState 9742c29 com.wallapop/com.wallapop.activities.PreferencesActivity#0 (57)

07-08 01:06:47.830  4382  5775 I SurfaceFlinger: id=1569 Removed 9742c29 com.wallapop/com.wallapop.activities.PreferencesActivity#0 (57)

07-08 01:06:47.830  4948 13116 W ActivityTaskManager: Force removing ActivityRecord{d34d3a1 u0 com.wallapop/com.rewallapop.ui.wall.WallActivity t1307 f}: app died, no saved state

07-08 01:06:47.831  4382  5775 I Layer   : id=1568 removeFromCurrentState AppWindowToken{d793175 token=Token{13b90ac ActivityRecord{b119e5f u0 com.wallapop/.activities.PreferencesActivity t1307}}}#0 (57)

07-08 01:06:47.831  4382  5775 I Layer   : id=1565 removeFromCurrentState e1233a4 com.wallapop/com.rewallapop.ui.wall.WallActivity#0 (57)

07-08 01:06:47.832  4382  5775 I SurfaceFlinger: id=1568 Removed AppWindowToken{d793175 token=Token{13b90ac ActivityRecord{b119e5f u0 com.wallapop/.activities.PreferencesActivity t1307}}}#0 (57)

07-08 01:06:47.832  4382  5775 I SurfaceFlinger: id=1565 Removed e1233a4 com.wallapop/com.rewallapop.ui.wall.WallActivity#0 (57)

07-08 01:06:47.832 12945 12986 V NotificationManager_FLP: Notification for foreground service is removed, 0|com.wallapop|999|null|10385

07-08 01:06:47.833  4382  5775 I Layer   : id=1560 removeFromCurrentState AppWindowToken{3b7bd87 token=Token{77f59c6 ActivityRecord{d34d3a1 u0 com.wallapop/com.rewallapop.ui.wall.WallActivity t1307}}}#0 (57)

07-08 01:06:47.834 13050 13050 D Launcher.NotificationListener: onNotificationRemoved : StatusBarNotification(pkg=com.wallapop user=UserHandle{0} id=999 tag=null key=0|com.wallapop|999|null|10385: Notification(channel=wallapop_channel pri=-2 contentView=null vibrate=null sound=null defaults=0x0 flags=0x62 color=0x00000000 vis=PRIVATE semFlags=0x0 semPriority=0 semMissedCount=0)) listener : null

07-08 01:06:47.843  4382  4382 I Layer   : id=1565[1] Destroyed e1233a4 com.wallapop/com.rewallapop.ui.wall.WallActivity#0

07-08 01:06:47.843  4382  4382 I Layer   : id=1569[1] Destroyed 9742c29 com.wallapop/com.wallapop.activities.PreferencesActivity#0

07-08 01:06:47.843  4382  4382 I Layer   : id=1568[1] Destroyed AppWindowToken{d793175 token=Token{13b90ac ActivityRecord{b119e5f u0 com.wallapop/.activities.PreferencesActivity t1307}}}#0

07-08 01:06:47.847  4948  4948 D SamsungAlarmManager: Remove alarm for next reason : android.intent.action.PACKAGE_RESTARTED : package: com.wallapop

07-08 01:06:47.855  4948  5106 W BroadcastQueue: Background execution not allowed: receiving Intent { act=android.intent.action.PACKAGE_RESTARTED dat=package:com.wallapop flg=0x10 (has extras) } to android/com.kddi.android.CpaNotiReceiver

07-08 01:06:52.877  4382  4440 I SurfaceFlinger: id=1560 Removed AppWindowToken{3b7bd87 token=Token{77f59c6 ActivityRecord{d34d3a1 u0 com.wallapop/com.rewallapop.ui.wall.WallActivity t1307}}}#0 (52)

07-08 01:06:52.888  4382  4382 I Layer   : id=1560[1] Destroyed AppWindowToken{3b7bd87 token=Token{77f59c6 ActivityRecord{d34d3a1 u0 com.wallapop/com.rewallapop.ui.wall.WallActivity t1307}}}#0

07-08 01:06:53.551  4948 13107 I ActivityManager: Force stopping com.wallapop appid=10385 user=0: from pid 30952

07-08 01:06:53.554  4948  4948 D SamsungAlarmManager: Remove alarm for next reason : android.intent.action.PACKAGE_RESTARTED : package: com.wallapop

07-08 01:06:53.558  4948  5106 W BroadcastQueue: Background execution not allowed: receiving Intent { act=android.intent.action.PACKAGE_RESTARTED dat=package:com.wallapop flg=0x10 (has extras) } to android/com.kddi.android.CpaNotiReceiver

07-08 01:06:53.806  4948 13107 I ActivityTaskManager: START u0 {flg=0x10000000 cmp=com.wallapop/com.rewallapop.ui.main.MainActivity} from uid 2000

07-08 01:06:53.812  4382  5775 I SurfaceFlinger: id=1588 createSurf (0x0),-1 flag=80004, AppWindowToken{5f47faa token=Token{4f91295 ActivityRecord{a77c24c u0 com.wallapop/com.rewallapop.ui.main.MainActivity t1308}}}#0

07-08 01:06:53.814  4948  5100 D GameSDKService: MultiWindowEventListener.onFocusStackChanged(), state=0, top=ComponentInfo{com.wallapop/com.rewallapop.ui.main.MainActivity}

07-08 01:06:53.815  4948  5100 D GameSDKService: MultiWindowEventListener.onFocusStackChanged(): com.wallapop

07-08 01:06:53.818  4948  5100 D GameManagerService: MultiWindowEventListener.onFocusedStackChanged(), state=0, top=ComponentInfo{com.wallapop/com.rewallapop.ui.main.MainActivity}

07-08 01:06:53.818  4948  5100 D GameManagerService: MultiWindowEventListener.onFocusedStackChanged(), pkgName: com.wallapop, clsName: com.rewallapop.ui.main.MainActivity, FgActivityName:com.wallapop/com.rewallapop.ui.main.MainActivity, userID:0

07-08 01:06:53.820  4948  5101 D PhoneWindow: forceLight changed to true [Splash Screen com.wallapop] from com.android.internal.policy.PhoneWindow.updateForceLightNavigationBar:4268 com.android.internal.policy.DecorView.updateColorViews:1513 com.android.internal.policy.PhoneWindow.dispatchWindowAttributesChanged:3246 android.view.Window.setFlags:1148 com.android.internal.policy.PhoneWindow.generateLayout:2474

07-08 01:06:53.820  4948  5101 D PhoneWindow: forceLight changed to false [Splash Screen com.wallapop] from com.android.internal.policy.PhoneWindow.updateForceLightNavigationBar:4274 com.android.internal.policy.DecorView.updateColorViews:1513 com.android.internal.policy.PhoneWindow.dispatchWindowAttributesChanged:3246 android.view.Window.setFlags:1148 com.android.internal.policy.PhoneWindow.generateLayout:2620

07-08 01:06:53.820  4948  5100 I ApplicationPolicy: isApplicationExternalStorageWhitelisted:com.wallapop user:0

07-08 01:06:53.820  4948  5100 D ActivityManager: package  com.wallapop, user - 0 is SDcard whitelisted

07-08 01:06:53.820  4948  5100 I ApplicationPolicy: isApplicationExternalStorageBlacklisted:com.wallapop user:0

07-08 01:06:53.820  4948  5100 I ApplicationPolicy: isApplicationExternalStorageBlacklisted:com.wallapop user:0

07-08 01:06:53.822  4382  5775 I SurfaceFlinger: id=1589 createSurf (0x0),-1 flag=80004, 6c3198 Splash Screen com.wallapop#0

07-08 01:06:53.823  4948  5101 D WindowManager: w is invisible : 6c3198 Splash Screen com.wallapop

07-08 01:06:53.823  4948  5101 D WindowManager: w is invisible : 6c3198 Splash Screen com.wallapop

07-08 01:06:53.827  4948  5101 V WindowManager: Relayout Window{6c3198 u0 Splash Screen com.wallapop}: viewVisibility=0 req=1080x2220

07-08 01:06:53.828  4382  5787 I SurfaceFlinger: id=1590 createSurf (1080x2220),1 flag=4, Splash Screen com.wallapop#0

07-08 01:06:53.829  4948  5101 D WindowManager: makeSurface duration=0 name=Splash Screen com.wallapop

07-08 01:06:53.836  4948  5107 I ActivityManager: Start proc 30955:com.wallapop/u0a385 for activity {com.wallapop/com.rewallapop.ui.main.MainActivity}

07-08 01:06:53.838  4948  5101 D WindowManager: finishDrawingWindow: Window{6c3198 u0 Splash Screen com.wallapop} mDrawState=DRAW_PENDING

07-08 01:06:53.839  4948  5101 V WindowManager: performShow on Window{6c3198 u0 Splash Screen com.wallapop}: mDrawState=READY_TO_SHOW readyForDisplay=false starting=true during animation: policyVis=true parentHidden=false tok.hiddenRequested=false tok.hidden=true animating=true tok animating=true Callers=com.android.server.wm.WindowState.performShowLocked:4731 com.android.server.wm.WindowStateAnimator.commitFinishDrawingLocked:401 com.android.server.wm.DisplayContent.lambda$new$8$DisplayContent:990 com.android.server.wm.-$$Lambda$DisplayContent$qxt4izS31fb0LF2uo_OF9DMa7gc.accept:4

07-08 01:06:53.843 30955 30955 I com.wallapop: Late-enabling -Xcheck:jni

07-08 01:06:53.863 30955 30955 E com.wallapop: Unknown bits set in runtime_flags: 0x8000

07-08 01:06:53.877  4948  5095 I ActivityManager: DSS OFF for com.wallapop

07-08 01:06:53.880  4948  5095 V WindowManager: performShow on Window{6c3198 u0 Splash Screen com.wallapop}: mDrawState=READY_TO_SHOW readyForDisplay=false starting=true during animation: policyVis=true parentHidden=false tok.hiddenRequested=false tok.hidden=true animating=true tok animating=true Callers=com.android.server.wm.WindowState.performShowLocked:4731 com.android.server.wm.WindowStateAnimator.commitFinishDrawingLocked:401 com.android.server.wm.DisplayContent.lambda$new$8$DisplayContent:990 com.android.server.wm.-$$Lambda$DisplayContent$qxt4izS31fb0LF2uo_OF9DMa7gc.accept:4

07-08 01:06:53.881  4948  5095 D GamePkgDataHelper: notifyAppCreate(), pkgName: com.wallapop, sendRet: true

07-08 01:06:53.881  4948 12772 D GameManagerService: onLooperPrepared(), msg: { when=0 what=10010 obj=com.wallapop target=com.samsung.android.game.GameManagerService$FgCheckThread$1 }

07-08 01:06:53.881  4948 12772 D GameManagerService: handleMessage(), MSG_APP_CREATE. pkgName: com.wallapop

07-08 01:06:53.882  4948  5095 D MARsPolicyManager: onPackageResumedFG pkgName = com.wallapop, userId = 0

07-08 01:06:53.884  4948  5101 V WindowManager: performShow on Window{6c3198 u0 Splash Screen com.wallapop}: mDrawState=READY_TO_SHOW readyForDisplay=false starting=true during animation: policyVis=true parentHidden=false tok.hiddenRequested=false tok.hidden=true animating=true tok animating=true Callers=com.android.server.wm.WindowState.performShowLocked:4731 com.android.server.wm.WindowStateAnimator.commitFinishDrawingLocked:401 com.android.server.wm.DisplayContent.lambda$new$8$DisplayContent:990 com.android.server.wm.-$$Lambda$DisplayContent$qxt4izS31fb0LF2uo_OF9DMa7gc.accept:4

07-08 01:06:53.887  4948  5101 I WindowManager: Reparenting to leash, surface=Surface(name=AppWindowToken{5f47faa token=Token{4f91295 ActivityRecord{a77c24c u0 com.wallapop/com.rewallapop.ui.main.MainActivity t1308}}})/@0xdebcd2f

07-08 01:06:53.888  4382  4440 I SurfaceFlinger: id=1593 createSurf (0x0),-1 flag=80004, Surface(name=AppWindowToken{5f47faa token=Token{4f91295 ActivityRecord{a77c24c u0 com.wallapop/com.rewallapop.ui.main.MainActivity t1308}}})/@0xdebcd2f - animation-leash#0

07-08 01:06:53.888  4948  5101 D WindowManager: makeSurface duration=0 leash=Surface(name=Surface(name=AppWindowToken{5f47faa token=Token{4f91295 ActivityRecord{a77c24c u0 com.wallapop/com.rewallapop.ui.main.MainActivity t1308}}})/@0xdebcd2f - animation-leash)/@0x744df3c

07-08 01:06:53.888  4382  4440 I SurfaceFlinger: id=1594 createSurf (0x0),-1 flag=80004, Surface(name=AppWindowToken{5f47faa token=Token{4f91295 ActivityRecord{a77c24c u0 com.wallapop/com.rewallapop.ui.main.MainActivity t1308}}})/@0xdebcd2f - animation-bounds#0

07-08 01:06:53.889  4948  5098 D WindowManager: setSystemUiVisibility: displayId=0, vis=0xa018, fullVis=0x2000, dockVis=0x0, win=Window{6c3198 u0 Splash Screen com.wallapop}

07-08 01:06:53.895  4948 12703 D PkgPredictorService: com.wallapop go to foreground!

07-08 01:06:53.895  4948 12703 D PkgPredictorService: previous pkgs: com.wallapop,com.wallapop,com.wallapop running pkg: com.wallapop, uid: 0 is system: false

07-08 01:06:53.896  4948 12703 D PkgPredictorService-Collector:  (hour:1 day:4 previous:[com.wallapop, com.wallapop, com.wallapop] activityName:unknown running:com.wallapop userId:0 screenOrientation:0 wifi:1 bt:0 predictTime:1 apkVersion:1.102.0-d2007061006 consumeTime:-1 preloaded:false>)

07-08 01:06:53.896  4948 12703 D PkgPredictorService-NapPreloadController: User using: com.wallapop

07-08 01:06:53.897  4948  5098 D CodecSolution: isMaxAspectPackageEx: com.wallapop : true(2)

07-08 01:06:53.897  4948 12703 D PkgPredictorService-NapClassifier: Predict result: 17.0,2.0,29.0, - [0_&_com.wallapop, 0_&_com.android.vending, 0_&_com.Slack]

07-08 01:06:53.897  4948  5098 I PerfSDKService: Current foregroundpackage name : com.wallapop

07-08 01:06:53.898  4948  5100 D GamePkgDataHelper: getSosPolicy(). com.wallapop

07-08 01:06:53.898  4948 12703 D PkgPredictorService-NapPreloadController: preloadWithUid pkg: [com.wallapop] Uid: [0]

07-08 01:06:53.898  4948  5100 D GameManagerService: identifyGamePackage. com.wallapop, mCurrentUserId: 0, callerUserId: 0

07-08 01:06:53.898  4948  5100 D GamePkgDataHelper: getGamePkgData(). com.wallapop

07-08 01:06:53.899  4948 12938 D GamePkgDataHelper: getSosPolicy(). com.wallapop

07-08 01:06:53.900  4948  5100 D GameManagerService: noteResumeComponent(), resumeComponent: com.wallapop

07-08 01:06:53.900  4948 12772 D GameManagerService: onLooperPrepared(), msg: { when=0 what=10000 obj=ComponentInfo{com.wallapop/com.rewallapop.ui.main.MainActivity} target=com.samsung.android.game.GameManagerService$FgCheckThread$1 }

07-08 01:06:53.900  4948 12772 D GameManagerService: notifyResumePause(). pkg: com.wallapop, type: 4, isMinimized: false, isTunableApp: false

07-08 01:06:53.902 12945 12986 V PermissionManager_FLP: onOpChanged, op=0 / packageName=com.wallapop

07-08 01:06:53.920 30955 30955 I com.wallapop: The ClassLoaderContext is a special shared library.

07-08 01:06:53.979  4382  4382 I SurfaceFlinger:      DEVICE | 0x7afdfc7bc0 | 0000 | RGBA_8888 |   0.0    0.0 1080.0 2220.0 |   90  186  990 2034 | Splash Screen com.wallapop#0

07-08 01:06:54.011  4382  4382 I SurfaceFlinger:      DEVICE | 0x7afdfc7bc0 | 0000 | RGBA_8888 |   0.0    0.0 1080.0 2220.0 |   49  102 1031 2118 | Splash Screen com.wallapop#0

07-08 01:06:54.025  4948 12848 D MdnieScenarioControlService:  packageName : com.wallapop    className : com.rewallapop.ui.main.MainActivity

07-08 01:06:54.033 30955 30978 W com.wallapop: Unsupported class loader

07-08 01:06:54.124  4948  5101 I WindowManager: Reparenting to original parent: Surface(name=Task=1308)/@0x29ce022, destroyLeash=true, surface=Surface(name=AppWindowToken{5f47faa token=Token{4f91295 ActivityRecord{a77c24c u0 com.wallapop/com.rewallapop.ui.main.MainActivity t1308}}})/@0xdebcd2f

07-08 01:06:54.127  4382  4440 I Layer   : id=1593 removeFromCurrentState Surface(name=AppWindowToken{5f47faa token=Token{4f91295 ActivityRecord{a77c24c u0 com.wallapop/com.rewallapop.ui.main.MainActivity t1308}}})/@0xdebcd2f - animation-leash#0 (60)

07-08 01:06:54.127  4382  4440 I Layer   : id=1594 removeFromCurrentState Surface(name=AppWindowToken{5f47faa token=Token{4f91295 ActivityRecord{a77c24c u0 com.wallapop/com.rewallapop.ui.main.MainActivity t1308}}})/@0xdebcd2f - animation-bounds#0 (60)

07-08 01:06:54.128  4382  4440 I SurfaceFlinger: id=1593 Removed Surface(name=AppWindowToken{5f47faa token=Token{4f91295 ActivityRecord{a77c24c u0 com.wallapop/com.rewallapop.ui.main.MainActivity t1308}}})/@0xdebcd2f - animation-leash#0 (60)

07-08 01:06:54.128  4382  4440 I SurfaceFlinger: id=1594 Removed Surface(name=AppWindowToken{5f47faa token=Token{4f91295 ActivityRecord{a77c24c u0 com.wallapop/com.rewallapop.ui.main.MainActivity t1308}}})/@0xdebcd2f - animation-bounds#0 (60)

07-08 01:06:54.140  4382  4382 I Layer   : id=1594[1] Destroyed Surface(name=AppWindowToken{5f47faa token=Token{4f91295 ActivityRecord{a77c24c u0 com.wallapop/com.rewallapop.ui.main.MainActivity t1308}}})/@0xdebcd2f - animation-bounds#0

07-08 01:06:54.140  4382  4382 I Layer   : id=1593[1] Destroyed Surface(name=AppWindowToken{5f47faa token=Token{4f91295 ActivityRecord{a77c24c u0 com.wallapop/com.rewallapop.ui.main.MainActivity t1308}}})/@0xdebcd2f - animation-leash#0

07-08 01:06:54.170 30955 30984 I FA      :   adb shell setprop debug.firebase.analytics.app com.wallapop

07-08 01:06:54.178  4382  4382 I SurfaceFlinger:      DEVICE | 0x7afdfc7bc0 | 0000 | RGBA_8888 |   0.0    0.0 1080.0 2220.0 |    0    0 1080 2220 | Splash Screen com.wallapop#0

07-08 01:06:54.211 30955 30955 W com.wallapop: Accessing hidden method Ldalvik/system/CloseGuard;->get()Ldalvik/system/CloseGuard; (greylist,core-platform-api, reflection, allowed)

07-08 01:06:54.211 30955 30955 W com.wallapop: Accessing hidden method Ldalvik/system/CloseGuard;->open(Ljava/lang/String;)V (greylist,core-platform-api, reflection, allowed)

07-08 01:06:54.211 30955 30955 W com.wallapop: Accessing hidden method Ldalvik/system/CloseGuard;->warnIfOpen()V (greylist,core-platform-api, reflection, allowed)

07-08 01:06:54.241 30955 31054 I stetho  : Listening on @stetho_com.wallapop_devtools_remote

07-08 01:06:54.267  4948 12937 D PackageManager: setEnabledSetting : userId = 0 packageName = com.wallapop cmp = androidx.work.impl.background.systemjob.SystemJobService newState = 1 callingPackage = 10385/com.wallapop

07-08 01:06:54.443 30955 31090 W com.wallapop: Accessing hidden field Lsun/misc/Unsafe;->theUnsafe:Lsun/misc/Unsafe; (greylist, reflection, allowed)

07-08 01:06:54.444 30955 31090 W com.wallapop: Accessing hidden method Lsun/misc/Unsafe;->arrayIndexScale(Ljava/lang/Class;)I (greylist, linking, allowed)

07-08 01:06:54.444 30955 31090 W com.wallapop: Accessing hidden method Lsun/misc/Unsafe;->arrayBaseOffset(Ljava/lang/Class;)I (greylist,core-platform-api, linking, allowed)

07-08 01:06:54.444 30955 31090 W com.wallapop: Accessing hidden method Lsun/misc/Unsafe;->objectFieldOffset(Ljava/lang/reflect/Field;)J (greylist,core-platform-api, linking, allowed)

07-08 01:06:54.462 30955 31096 W com.wallapop: Accessing hidden method Lsun/misc/Unsafe;->getObjectVolatile(Ljava/lang/Object;J)Ljava/lang/Object; (greylist, linking, allowed)

07-08 01:06:54.462 30955 31098 W com.wallapop: Accessing hidden method Lsun/misc/Unsafe;->getObjectVolatile(Ljava/lang/Object;J)Ljava/lang/Object; (greylist, linking, allowed)

07-08 01:06:54.462 30955 31096 W com.wallapop: Accessing hidden method Lsun/misc/Unsafe;->putOrderedObject(Ljava/lang/Object;JLjava/lang/Object;)V (greylist, linking, allowed)

07-08 01:06:54.462 30955 31098 W com.wallapop: Accessing hidden method Lsun/misc/Unsafe;->putOrderedObject(Ljava/lang/Object;JLjava/lang/Object;)V (greylist, linking, allowed)

07-08 01:06:54.462 30955 31096 W com.wallapop: Accessing hidden method Lsun/misc/Unsafe;->putOrderedLong(Ljava/lang/Object;JJ)V (greylist, linking, allowed)

07-08 01:06:54.462 30955 31098 W com.wallapop: Accessing hidden method Lsun/misc/Unsafe;->putOrderedLong(Ljava/lang/Object;JJ)V (greylist, linking, allowed)

07-08 01:06:54.486 30955 31101 W com.wallapop: Accessing hidden method Llibcore/io/Memory;->peekLong(JZ)J (greylist, reflection, allowed)

07-08 01:06:54.486 30955 31101 W com.wallapop: Accessing hidden method Llibcore/io/Memory;->pokeLong(JJZ)V (greylist, reflection, allowed)

07-08 01:06:54.486 30955 31101 W com.wallapop: Accessing hidden method Llibcore/io/Memory;->pokeInt(JIZ)V (greylist, reflection, allowed)

07-08 01:06:54.486 30955 31101 W com.wallapop: Accessing hidden method Llibcore/io/Memory;->peekInt(JZ)I (greylist, reflection, allowed)

07-08 01:06:54.486 30955 31101 W com.wallapop: Accessing hidden method Llibcore/io/Memory;->pokeByte(JB)V (greylist, reflection, allowed)

07-08 01:06:54.487 30955 31101 W com.wallapop: Accessing hidden method Llibcore/io/Memory;->peekByte(J)B (greylist, reflection, allowed)

