07-08 01:06:54.487 30955 31101 W com.wallapop: Accessing hidden method Llibcore/io/Memory;->pokeByteArray(J[BII)V (greylist, reflection, allowed)

07-08 01:06:54.487 30955 31101 W com.wallapop: Accessing hidden method Llibcore/io/Memory;->peekByteArray(J[BII)V (greylist, reflection, allowed)

07-08 01:06:54.488 30955 31101 W com.wallapop: Accessing hidden method Lsun/misc/Unsafe;->getLong(Ljava/lang/Object;J)J (greylist,core-platform-api, reflection, allowed)

07-08 01:06:54.488 30955 31101 W com.wallapop: Accessing hidden field Ljava/nio/Buffer;->address:J (greylist, reflection, allowed)

07-08 01:06:54.489 30955 31101 W com.wallapop: Accessing hidden method Lsun/misc/Unsafe;->getInt(Ljava/lang/Object;J)I (greylist, reflection, allowed)

07-08 01:06:54.489 30955 31101 W com.wallapop: Accessing hidden method Lsun/misc/Unsafe;->putInt(Ljava/lang/Object;JI)V (greylist, reflection, allowed)

07-08 01:06:54.489 30955 31101 W com.wallapop: Accessing hidden method Lsun/misc/Unsafe;->getLong(Ljava/lang/Object;J)J (greylist,core-platform-api, reflection, allowed)

07-08 01:06:54.489 30955 31101 W com.wallapop: Accessing hidden method Lsun/misc/Unsafe;->putLong(Ljava/lang/Object;JJ)V (greylist, reflection, allowed)

07-08 01:06:54.489 30955 31101 W com.wallapop: Accessing hidden method Lsun/misc/Unsafe;->getObject(Ljava/lang/Object;J)Ljava/lang/Object; (greylist, reflection, allowed)

07-08 01:06:54.489 30955 31101 W com.wallapop: Accessing hidden method Lsun/misc/Unsafe;->putObject(Ljava/lang/Object;JLjava/lang/Object;)V (greylist, reflection, allowed)

07-08 01:06:54.534  4948 12937 D PackageManager: setEnabledSetting : userId = 0 packageName = com.wallapop cmp = androidx.work.impl.background.systemalarm.RescheduleReceiver newState = 1 callingPackage = 10385/com.wallapop

07-08 01:06:54.586  4948  5095 D SamsungAlarmManager: Cancel Alarm calling from uid:10385 pid :30955 / op:PendingIntent{80a27fc: PendingIntentRecord{83386e0 com.wallapop broadcastIntent}}

07-08 01:06:54.588 30955 31062 W com.wallapop: Accessing hidden method Lsun/misc/Unsafe;->allocateInstance(Ljava/lang/Class;)Ljava/lang/Object; (greylist, reflection, allowed)

07-08 01:06:54.619  4948  5095 D BaseRestrictionMgr: Package: com.android.vending, userid: 0, hostingType: bindService is allowed by freecess, caller is: com.wallapop

07-08 01:06:54.702  4948 12937 D SamsungAlarmManager: Cancel Alarm calling from uid:10385 pid :30955 / op:PendingIntent{72e6c39: PendingIntentRecord{73e536 com.wallapop broadcastIntent}}

07-08 01:06:54.724 30955 30955 I chatty  : uid=10385(com.wallapop) identical 13 lines

07-08 01:06:54.724 30955 30955 I chatty  : uid=10385(com.wallapop) identical 1 line

07-08 01:06:54.724 30955 30955 I chatty  : uid=10385(com.wallapop) identical 6 lines

07-08 01:06:54.762  4948 15823 I ActivityTaskManager: START u0 {cmp=com.wallapop/com.rewallapop.ui.wall.WallActivity (has extras)} from uid 10385

07-08 01:06:54.764  4382  4440 I SurfaceFlinger: id=1595 createSurf (0x0),-1 flag=80004, AppWindowToken{ba5d5a9 token=Token{5281530 ActivityRecord{6b1273 u0 com.wallapop/com.rewallapop.ui.wall.WallActivity t1308}}}#0

07-08 01:06:54.768  4948  5098 D WindowManager: setSystemUiVisibility: displayId=0, vis=0xa018, fullVis=0x2000, dockVis=0x0, win=Window{6c3198 u0 Splash Screen com.wallapop}

07-08 01:06:54.796 30955 30955 W com.wallapop: Accessing hidden method Landroid/view/View;->computeFitSystemWindows(Landroid/graphics/Rect;Landroid/graphics/Rect;)Z (greylist, reflection, allowed)

07-08 01:06:54.796 30955 30955 W com.wallapop: Accessing hidden method Landroid/view/ViewGroup;->makeOptionalFitsSystemWindows()V (greylist, reflection, allowed)

07-08 01:06:54.802 30955 30955 W com.wallapop: Accessing hidden method Lsun/misc/Unsafe;->getObjectVolatile(Ljava/lang/Object;J)Ljava/lang/Object; (greylist, linking, allowed)

07-08 01:06:54.910 30955 30955 W com.wallapop: Accessing hidden method Lsun/misc/Unsafe;->putOrderedObject(Ljava/lang/Object;JLjava/lang/Object;)V (greylist, linking, allowed)

07-08 01:06:54.910 30955 30955 W com.wallapop: Accessing hidden method Lsun/misc/Unsafe;->putOrderedLong(Ljava/lang/Object;JJ)V (greylist, linking, allowed)

07-08 01:06:54.933 30955 31163 W com.wallapop: Accessing hidden method Lsun/misc/Unsafe;->getObject(Ljava/lang/Object;J)Ljava/lang/Object; (greylist, linking, allowed)

07-08 01:06:54.934 30955 31163 W com.wallapop: Accessing hidden method Lsun/misc/Unsafe;->putObject(Ljava/lang/Object;JLjava/lang/Object;)V (greylist, linking, allowed)

07-08 01:06:54.935 30955 31101 W com.wallapop: Accessing hidden method Lsun/misc/Unsafe;->putObject(Ljava/lang/Object;JLjava/lang/Object;)V (greylist, linking, allowed)

07-08 01:06:54.936 30955 31094 W com.wallapop: Accessing hidden method Lsun/misc/Unsafe;->putObject(Ljava/lang/Object;JLjava/lang/Object;)V (greylist, linking, allowed)

07-08 01:06:54.938 30955 31101 W com.wallapop: Accessing hidden method Lsun/misc/Unsafe;->getInt(Ljava/lang/Object;J)I (greylist, linking, allowed)

07-08 01:06:54.938 30955 31101 W com.wallapop: Accessing hidden method Lsun/misc/Unsafe;->putInt(Ljava/lang/Object;JI)V (greylist, linking, allowed)

07-08 01:06:54.949  4948  5106 D ApplicationPolicy: isStatusBarNotificationAllowedAsUser: packageName = com.wallapop,userId = 0

07-08 01:06:54.950  4948  5106 D ApplicationPolicy: isStatusBarNotificationAllowedAsUser: packageName = com.wallapop,userId = 0

07-08 01:06:54.957  4948 15819 D GamePkgDataHelper: notifyAppCreate(), pkgName: com.wallapop, sendRet: true

07-08 01:06:54.957  4948 12772 D GameManagerService: onLooperPrepared(), msg: { when=0 what=10010 obj=com.wallapop target=com.samsung.android.game.GameManagerService$FgCheckThread$1 }

07-08 01:06:54.957  4948 12772 D GameManagerService: handleMessage(), MSG_APP_CREATE. pkgName: com.wallapop

07-08 01:06:54.957  4948 15819 D MARsPolicyManager: onPackageResumedFG pkgName = com.wallapop, userId = 0

07-08 01:06:54.960  4948 15819 I WindowManager: Reparenting to leash, surface=Surface(name=AppWindowToken{5f47faa token=Token{4f91295 ActivityRecord{a77c24c u0 com.wallapop/com.rewallapop.ui.main.MainActivity t1308}}})/@0xdebcd2f

07-08 01:06:54.960  4382  4440 I SurfaceFlinger: id=1596 createSurf (0x0),-1 flag=80004, Surface(name=AppWindowToken{5f47faa token=Token{4f91295 ActivityRecord{a77c24c u0 com.wallapop/com.rewallapop.ui.main.MainActivity t1308}}})/@0xdebcd2f - animation-leash#0

07-08 01:06:54.961  4948 15819 D WindowManager: makeSurface duration=0 leash=Surface(name=Surface(name=AppWindowToken{5f47faa token=Token{4f91295 ActivityRecord{a77c24c u0 com.wallapop/com.rewallapop.ui.main.MainActivity t1308}}})/@0xdebcd2f - animation-leash)/@0xd5b64b6

07-08 01:06:54.961  4382  4440 I SurfaceFlinger: id=1597 createSurf (0x0),-1 flag=80004, Surface(name=AppWindowToken{5f47faa token=Token{4f91295 ActivityRecord{a77c24c u0 com.wallapop/com.rewallapop.ui.main.MainActivity t1308}}})/@0xdebcd2f - animation-bounds#0

07-08 01:06:54.964  4948  5100 D GameManagerService: notePauseComponent(), pauseComponent: com.wallapop

07-08 01:06:54.972  4948  5100 D GameManagerService: noteResumeComponent(), resumeComponent: com.wallapop

07-08 01:06:54.973  4948 12772 D GameManagerService: onLooperPrepared(), msg: { when=0 what=10000 obj=ComponentInfo{com.wallapop/com.rewallapop.ui.wall.WallActivity} target=com.samsung.android.game.GameManagerService$FgCheckThread$1 }

07-08 01:06:54.973  4948 12772 D GameManagerService: notifyResumePause(). pkg: com.wallapop, type: 4, isMinimized: false, isTunableApp: false

07-08 01:06:54.978 30955 31090 W com.wallapop: Accessing hidden method Lsun/misc/Unsafe;->getObjectVolatile(Ljava/lang/Object;J)Ljava/lang/Object; (greylist, linking, allowed)

07-08 01:06:55.032  4948 12937 D SamsungAlarmManager: Cancel Alarm calling from uid:10385 pid :30955 / op:PendingIntent{ee46766: PendingIntentRecord{73e536 com.wallapop broadcastIntent}}

07-08 01:06:55.035  4948 12937 D SamsungAlarmManager: Cancel Alarm calling from uid:10385 pid :30955 / op:PendingIntent{da54aa7: PendingIntentRecord{73e536 com.wallapop broadcastIntent}}

07-08 01:06:55.054  4948  4948 D EdgeLightingManager: showForNotification : isInteractive=true, isHeadUp=false, color=0, sbn = StatusBarNotification(pkg=com.wallapop user=UserHandle{0} id=999 tag=null key=0|com.wallapop|999|null|10385: Notification(channel=wallapop_channel pri=-2 contentView=null vibrate=null sound=null defaults=0x0 flags=0x62 color=0x00000000 vis=PRIVATE semFlags=0x0 semPriority=0 semMissedCount=0))

07-08 01:06:55.054  4948  4948 D EdgeLightingPolicyManager: isAcceptableApplication:  pkg=com.wallapop , range=256 , includeAllApp=false , userId=0 , infoRange=0 , infoCategory=0

07-08 01:06:55.054  4948  4948 D EdgeLightingPolicyManager.NotificationGroup: group key = 0|com.wallapop|999|null|10385 ,value= summary : null , child : 1key = 0|com.wallapop|999|null|10385 , value =  NotificationData { tag= null } , }

07-08 01:06:55.054  4948  4948 D EdgeLightingPolicyManager: isAcceptableApplication:  pkg=com.wallapop , range=1 , includeAllApp=false , userId=0 , infoRange=0 , infoCategory=0

07-08 01:06:55.055  4948  4948 D NotificationService: 0|com.wallapop|999|null|10385: granting content://settings/system/notification_sound

07-08 01:06:55.057 12945 12986 V NotificationManager_FLP: Notification for foreground service is posted, 0|com.wallapop|999|null|10385

07-08 01:06:55.058 13050 13050 D Launcher.NotificationListener: onNotificationPosted : StatusBarNotification(pkg=com.wallapop user=UserHandle{0} id=999 tag=null key=0|com.wallapop|999|null|10385: Notification(channel=wallapop_channel pri=-2 contentView=null vibrate=null sound=null defaults=0x0 flags=0x62 color=0x00000000 vis=PRIVATE semFlags=0x0 semPriority=0 semMissedCount=0)) number : 0 listener : null

07-08 01:06:55.058 13050 13050 D Launcher.NotificationListener: shouldBeFilteredOut : com.wallapop missingTitleAndText : false isGroupHeader : false

07-08 01:06:55.065 30955 31018 W com.wallapop: Accessing hidden method Lsun/misc/Unsafe;->putObject(Ljava/lang/Object;JLjava/lang/Object;)V (greylist, linking, allowed)

07-08 01:06:55.066 30955 31018 W com.wallapop: Accessing hidden method Lsun/misc/Unsafe;->putInt(Ljava/lang/Object;JI)V (greylist, linking, allowed)

07-08 01:06:55.066 30955 31018 W com.wallapop: Accessing hidden method Lsun/misc/Unsafe;->getLong(Ljava/lang/Object;J)J (greylist,core-platform-api, linking, allowed)

07-08 01:06:55.066 30955 31018 W com.wallapop: Accessing hidden method Lsun/misc/Unsafe;->putLong(Ljava/lang/Object;JJ)V (greylist, linking, allowed)

07-08 01:06:55.067 30955 31101 W com.wallapop: Accessing hidden method Lsun/misc/Unsafe;->putInt(Ljava/lang/Object;JI)V (greylist, linking, allowed)

07-08 01:06:55.081 30955 31016 W com.wallapop: Accessing hidden method Lsun/misc/Unsafe;->putInt(Ljava/lang/Object;JI)V (greylist, linking, allowed)

07-08 01:06:55.083 30955 31101 W com.wallapop: Accessing hidden method Lsun/misc/Unsafe;->putInt(Ljava/lang/Object;JI)V (greylist, linking, allowed)

07-08 01:06:55.086 30955 31101 W com.wallapop: Accessing hidden method Lsun/misc/Unsafe;->putObject(Ljava/lang/Object;JLjava/lang/Object;)V (greylist, linking, allowed)

07-08 01:06:55.086 30955 31101 W com.wallapop: Accessing hidden method Lsun/misc/Unsafe;->putInt(Ljava/lang/Object;JI)V (greylist, linking, allowed)

07-08 01:06:55.096 30955 31072 W com.wallapop: Accessing hidden method Lsun/misc/Unsafe;->putInt(Ljava/lang/Object;JI)V (greylist, linking, allowed)

07-08 01:06:55.055  4948  4948 D NotificationService: 0|com.wallapop|999|null|10385: granting content://settings/system/notification_sound

07-08 01:06:55.260  4948  5101 I WindowManager: Reparenting to original parent: Surface(name=Task=1308)/@0x29ce022, destroyLeash=true, surface=Surface(name=AppWindowToken{5f47faa token=Token{4f91295 ActivityRecord{a77c24c u0 com.wallapop/com.rewallapop.ui.main.MainActivity t1308}}})/@0xdebcd2f

07-08 01:06:55.277  4382  4633 I Layer   : id=1596 removeFromCurrentState Surface(name=AppWindowToken{5f47faa token=Token{4f91295 ActivityRecord{a77c24c u0 com.wallapop/com.rewallapop.ui.main.MainActivity t1308}}})/@0xdebcd2f - animation-leash#0 (60)

07-08 01:06:55.277  4382  4633 I Layer   : id=1597 removeFromCurrentState Surface(name=AppWindowToken{5f47faa token=Token{4f91295 ActivityRecord{a77c24c u0 com.wallapop/com.rewallapop.ui.main.MainActivity t1308}}})/@0xdebcd2f - animation-bounds#0 (60)

07-08 01:06:55.278  4382  5787 I SurfaceFlinger: id=1596 Removed Surface(name=AppWindowToken{5f47faa token=Token{4f91295 ActivityRecord{a77c24c u0 com.wallapop/com.rewallapop.ui.main.MainActivity t1308}}})/@0xdebcd2f - animation-leash#0 (60)

07-08 01:06:55.278  4382  5787 I SurfaceFlinger: id=1597 Removed Surface(name=AppWindowToken{5f47faa token=Token{4f91295 ActivityRecord{a77c24c u0 com.wallapop/com.rewallapop.ui.main.MainActivity t1308}}})/@0xdebcd2f - animation-bounds#0 (60)

07-08 01:06:55.293  4382  4382 I Layer   : id=1597[1] Destroyed Surface(name=AppWindowToken{5f47faa token=Token{4f91295 ActivityRecord{a77c24c u0 com.wallapop/com.rewallapop.ui.main.MainActivity t1308}}})/@0xdebcd2f - animation-bounds#0

07-08 01:06:55.293  4382  4382 I Layer   : id=1596[1] Destroyed Surface(name=AppWindowToken{5f47faa token=Token{4f91295 ActivityRecord{a77c24c u0 com.wallapop/com.rewallapop.ui.main.MainActivity t1308}}})/@0xdebcd2f - animation-leash#0

07-08 01:06:55.323 30955 30955 W com.wallapop: Accessing hidden method Lsun/misc/Unsafe;->putObject(Ljava/lang/Object;JLjava/lang/Object;)V (greylist, linking, allowed)

07-08 01:06:55.324 30955 31101 W com.wallapop: Accessing hidden method Lsun/misc/Unsafe;->getInt(Ljava/lang/Object;J)I (greylist, linking, allowed)

07-08 01:06:55.324 30955 31101 W com.wallapop: Accessing hidden method Lsun/misc/Unsafe;->putInt(Ljava/lang/Object;JI)V (greylist, linking, allowed)

07-08 01:06:55.325 30955 31101 W com.wallapop: Accessing hidden method Lsun/misc/Unsafe;->getLong(Ljava/lang/Object;J)J (greylist,core-platform-api, linking, allowed)

07-08 01:06:55.326 30955 31101 W com.wallapop: Accessing hidden method Lsun/misc/Unsafe;->putInt(Ljava/lang/Object;JI)V (greylist, linking, allowed)

07-08 01:06:55.326 30955 30955 W com.wallapop: Accessing hidden method Lsun/misc/Unsafe;->getObjectVolatile(Ljava/lang/Object;J)Ljava/lang/Object; (greylist, linking, allowed)

07-08 01:06:55.363  4382  4440 I SurfaceFlinger: id=1600 createSurf (0x0),-1 flag=80004, 3cab995 com.wallapop/com.rewallapop.ui.wall.WallActivity#0

07-08 01:06:55.369 30955 30955 W com.wallapop: Accessing hidden method Lsun/misc/Unsafe;->getObjectVolatile(Ljava/lang/Object;J)Ljava/lang/Object; (greylist, linking, allowed)

07-08 01:06:55.372 13273 13298 I Finsky  : [288] bmc.a(53): com.wallapop: Account from first account - [rJj4Md76H4LxoN-B4dnoZM7XaXDDBcXGlC-caOCi6Uc]

07-08 01:06:55.373 13273 13298 I Finsky  : [288] bmc.a(53): com.wallapop: Account from first account - [rJj4Md76H4LxoN-B4dnoZM7XaXDDBcXGlC-caOCi6Uc]

07-08 01:06:55.392 30955 30955 W com.wallapop: Accessing hidden method Lsun/misc/Unsafe;->getObjectVolatile(Ljava/lang/Object;J)Ljava/lang/Object; (greylist, linking, allowed)

07-08 01:06:55.447 30955 31227 W com.wallapop: Accessing hidden method Lsun/misc/Unsafe;->getObject(Ljava/lang/Object;J)Ljava/lang/Object; (greylist, linking, allowed)

07-08 01:06:55.447 30955 31227 W com.wallapop: Accessing hidden method Lsun/misc/Unsafe;->putObject(Ljava/lang/Object;JLjava/lang/Object;)V (greylist, linking, allowed)

07-08 01:06:55.448 30955 31101 W com.wallapop: Accessing hidden method Lsun/misc/Unsafe;->getInt(Ljava/lang/Object;J)I (greylist, linking, allowed)

07-08 01:06:55.448 30955 31101 W com.wallapop: Accessing hidden method Lsun/misc/Unsafe;->putInt(Ljava/lang/Object;JI)V (greylist, linking, allowed)

07-08 01:06:55.479 30955 30955 W com.wallapop: Accessing hidden method Lsun/misc/Unsafe;->getObjectVolatile(Ljava/lang/Object;J)Ljava/lang/Object; (greylist, linking, allowed)

07-08 01:06:55.479 30955 30955 W com.wallapop: Accessing hidden method Lsun/misc/Unsafe;->putOrderedLong(Ljava/lang/Object;JJ)V (greylist, linking, allowed)

07-08 01:06:55.488 30955 30955 W com.wallapop: Accessing hidden method Lsun/misc/Unsafe;->getObjectVolatile(Ljava/lang/Object;J)Ljava/lang/Object; (greylist, linking, allowed)

07-08 01:06:55.496 30955 31063 I com.wallapop: The ClassLoaderContext is a special shared library.

07-08 01:06:55.499 30955 31063 I com.wallapop: The ClassLoaderContext is a special shared library.

07-08 01:06:55.522 30955 31016 W com.wallapop: Accessing hidden method Lsun/misc/Unsafe;->putObject(Ljava/lang/Object;JLjava/lang/Object;)V (greylist, linking, allowed)

07-08 01:06:55.523 30955 31016 W com.wallapop: Accessing hidden method Lsun/misc/Unsafe;->getInt(Ljava/lang/Object;J)I (greylist, linking, allowed)

07-08 01:06:55.523 30955 31016 W com.wallapop: Accessing hidden method Lsun/misc/Unsafe;->putInt(Ljava/lang/Object;JI)V (greylist, linking, allowed)

07-08 01:06:55.523 30955 31016 W com.wallapop: Accessing hidden method Lsun/misc/Unsafe;->putLong(Ljava/lang/Object;JJ)V (greylist, linking, allowed)

07-08 01:06:55.525 30955 31101 W com.wallapop: Accessing hidden method Lsun/misc/Unsafe;->putInt(Ljava/lang/Object;JI)V (greylist, linking, allowed)

07-08 01:06:55.535  4948 15819 V WindowManager: Relayout Window{3cab995 u0 com.wallapop/com.rewallapop.ui.wall.WallActivity}: viewVisibility=0 req=1080x2220

07-08 01:06:55.537  4382  4440 I SurfaceFlinger: id=1601 createSurf (1080x2220),1 flag=404, com.wallapop/com.rewallapop.ui.wall.WallActivity$_30955#0

07-08 01:06:55.538  4948 15819 D WindowManager: makeSurface duration=1 name=com.wallapop/com.rewallapop.ui.wall.WallActivity$_30955

07-08 01:06:55.538  4948 15819 V WindowManager: Changing focus from null to Window{3cab995 u0 com.wallapop/com.rewallapop.ui.wall.WallActivity} displayId=0 Callers=com.android.server.wm.RootWindowContainer.updateFocusedWindowLocked:202 com.android.server.wm.WindowManagerService.updateFocusedWindowLocked:6282 com.android.server.wm.WindowManagerService.relayoutWindow:2574 com.android.server.wm.Session.relayout:202 android.view.IWindowSession$Stub.onTransact:708 com.android.server.wm.Session.onTransact:142

07-08 01:06:55.538  4948  5098 D WindowManager: setSystemUiVisibility: displayId=0, vis=0xa518, fullVis=0x2000, dockVis=0x0, win=Window{3cab995 u0 com.wallapop/com.rewallapop.ui.wall.WallActivity}

07-08 01:06:55.539  4948  5100 I WindowManager: Focus moving from null to Window{3cab995 u0 com.wallapop/com.rewallapop.ui.wall.WallActivity} displayId=0

07-08 01:06:55.540 30955 31063 W com.wallapop: Accessing hidden method Lsun/misc/Unsafe;->getUnsafe()Lsun/misc/Unsafe; (greylist,core-platform-api, linking, allowed)

07-08 01:06:55.540  4948  5100 D WindowManager: w is invisible : 3cab995 com.wallapop/com.rewallapop.ui.wall.WallActivity

07-08 01:06:55.540  4948  5100 D WindowManager: w is invisible : 6c3198 Splash Screen com.wallapop

07-08 01:06:55.540 30955 31063 W com.wallapop: Accessing hidden method Lsun/misc/Unsafe;->putObject(Ljava/lang/Object;JLjava/lang/Object;)V (greylist, linking, allowed)

07-08 01:06:55.540  4948  5100 D WindowManager: windowMattersToAccessibility, check : 6c3198 Splash Screen com.wallapop

07-08 01:06:55.540  4948  5100 D WindowManager: windowMattersToAccessibility : 6c3198 Splash Screen com.wallapop

07-08 01:06:55.540 30955 31063 W com.wallapop: Accessing hidden method Lsun/misc/Unsafe;->compareAndSwapObject(Ljava/lang/Object;JLjava/lang/Object;Ljava/lang/Object;)Z (greylist, linking, allowed)

07-08 01:06:55.540  4948  5100 D WindowManager: windowMattersToAccessibility, check : 3cab995 com.wallapop/com.rewallapop.ui.wall.WallActivity

07-08 01:06:55.540  4948  5100 I WindowManager: Gaining focus: Window{3cab995 u0 com.wallapop/com.rewallapop.ui.wall.WallActivity}

07-08 01:06:55.564 30955 31168 W com.wallapop: Accessing hidden method Lsun/misc/Unsafe;->putInt(Ljava/lang/Object;JI)V (greylist, linking, allowed)

07-08 01:06:55.564 30955 31101 W com.wallapop: Accessing hidden method Lsun/misc/Unsafe;->putInt(Ljava/lang/Object;JI)V (greylist, linking, allowed)

07-08 01:06:55.570  4948 15819 D WindowManager: w is invisible : 3cab995 com.wallapop/com.rewallapop.ui.wall.WallActivity

07-08 01:06:55.570  4948 15819 D WindowManager: w is invisible : 6c3198 Splash Screen com.wallapop

07-08 01:06:55.570  4948 15819 D WindowManager: windowMattersToAccessibility, check : 6c3198 Splash Screen com.wallapop

07-08 01:06:55.570  4948 15819 D WindowManager: windowMattersToAccessibility : 6c3198 Splash Screen com.wallapop

07-08 01:06:55.570  4948 15819 D WindowManager: windowMattersToAccessibility, check : 3cab995 com.wallapop/com.rewallapop.ui.wall.WallActivity

07-08 01:06:55.574 30955 31063 W com.wallapop: Accessing hidden method Lsun/misc/Unsafe;->compareAndSwapObject(Ljava/lang/Object;JLjava/lang/Object;Ljava/lang/Object;)Z (greylist, linking, allowed)

07-08 01:06:55.574 30955 31257 W com.wallapop: Accessing hidden method Lsun/misc/Unsafe;->compareAndSwapObject(Ljava/lang/Object;JLjava/lang/Object;Ljava/lang/Object;)Z (greylist, linking, allowed)

07-08 01:06:55.579 30955 31257 W com.wallapop: Accessing hidden method Lsun/misc/Unsafe;->compareAndSwapObject(Ljava/lang/Object;JLjava/lang/Object;Ljava/lang/Object;)Z (greylist, linking, allowed)

07-08 01:06:55.602  4948 15819 D WindowManager: finishDrawingWindow: Window{3cab995 u0 com.wallapop/com.rewallapop.ui.wall.WallActivity} mDrawState=DRAW_PENDING

07-08 01:06:55.604  4948  5101 D PkgPredictorService: pkg:com.wallapop activity:com.rewallapop.ui.wall.WallActivity thisTime:1799

07-08 01:06:55.606 13273 13298 I Finsky  : [288] bmc.a(53): com.wallapop: Account from first account - [rJj4Md76H4LxoN-B4dnoZM7XaXDDBcXGlC-caOCi6Uc]

07-08 01:06:55.609 30955 31032 W com.wallapop: Accessing hidden method Lsun/misc/Unsafe;->getInt(Ljava/lang/Object;J)I (greylist, linking, allowed)

07-08 01:06:55.609 30955 31032 W com.wallapop: Accessing hidden method Lsun/misc/Unsafe;->putInt(Ljava/lang/Object;JI)V (greylist, linking, allowed)

07-08 01:06:55.611 30955 31101 W com.wallapop: Accessing hidden method Lsun/misc/Unsafe;->putInt(Ljava/lang/Object;JI)V (greylist, linking, allowed)

07-08 01:06:55.612 13273 13298 I Finsky  : [288] bmc.a(53): com.wallapop: Account from first account - [rJj4Md76H4LxoN-B4dnoZM7XaXDDBcXGlC-caOCi6Uc]

07-08 01:06:55.615  4382  4382 I SurfaceFlinger:      DEVICE | 0x7afdfc8340 | 0002 | RGBA_8888 |   0.0    0.0 1080.0 2220.0 |    0    0 1080 2220 | com.wallapop/com.rewallapop.ui.wall.WallActivity$_30955#0

07-08 01:06:55.615  4382  4382 I SurfaceFlinger:      DEVICE | 0x7afdfc7bc0 | 0000 | RGBA_8888 |   0.0    0.0 1080.0 2220.0 |    0    0 1080 2220 | Splash Screen com.wallapop#0

07-08 01:06:55.615  4948  5105 I ActivityTaskManager: Displayed com.wallapop/com.rewallapop.ui.wall.WallActivity: +1s799ms

07-08 01:06:55.617  4948  5101 I WindowManager: Reparenting to leash, surface=Surface(name=6c3198 Splash Screen com.wallapop)/@0xe7d7e0c

07-08 01:06:55.617  4382  5787 I SurfaceFlinger: id=1602 createSurf (0x0),-1 flag=80004, Surface(name=6c3198 Splash Screen com.wallapop)/@0xe7d7e0c - animation-leash#0

07-08 01:06:55.618 13273 13298 I Finsky  : [288] bmc.a(53): com.wallapop: Account from first account - [rJj4Md76H4LxoN-B4dnoZM7XaXDDBcXGlC-caOCi6Uc]

07-08 01:06:55.618  4948  5101 D WindowManager: makeSurface duration=0 leash=Surface(name=Surface(name=6c3198 Splash Screen com.wallapop)/@0xe7d7e0c - animation-leash)/@0xec0016a

07-08 01:06:55.623 30955 31101 W com.wallapop: Accessing hidden method Lsun/misc/Unsafe;->putInt(Ljava/lang/Object;JI)V (greylist, linking, allowed)

07-08 01:06:55.623 30955 31193 W com.wallapop: Accessing hidden method Lsun/misc/Unsafe;->putInt(Ljava/lang/Object;JI)V (greylist, linking, allowed)

07-08 01:06:55.623 30955 31184 W com.wallapop: Accessing hidden method Lsun/misc/Unsafe;->putInt(Ljava/lang/Object;JI)V (greylist, linking, allowed)

07-08 01:06:55.624 13273 13298 I Finsky  : [288] bmc.a(53): com.wallapop: Account from first account - [rJj4Md76H4LxoN-B4dnoZM7XaXDDBcXGlC-caOCi6Uc]

07-08 01:06:55.629 30955 31101 W com.wallapop: Accessing hidden method Lsun/misc/Unsafe;->putInt(Ljava/lang/Object;JI)V (greylist, linking, allowed)

07-08 01:06:55.635 30955 31101 W com.wallapop: Accessing hidden method Lsun/misc/Unsafe;->putInt(Ljava/lang/Object;JI)V (greylist, linking, allowed)

07-08 01:06:55.650 30955 31101 W com.wallapop: Accessing hidden method Lsun/misc/Unsafe;->getObject(Ljava/lang/Object;J)Ljava/lang/Object; (greylist, linking, allowed)

07-08 01:06:55.650 30955 31101 W com.wallapop: Accessing hidden method Lsun/misc/Unsafe;->putInt(Ljava/lang/Object;JI)V (greylist, linking, allowed)

07-08 01:06:55.668 30955 30955 D EmergencyMode: [EmergencyManager] android createPackageContext successful: com.wallapop

07-08 01:06:55.672 30955 30955 V InputMethodManager: Starting input: tba=com.wallapop ic=null mNaviBarColor -1 mIsGetNaviBarColorSuccess true , NavVisible : true , NavTrans : false

07-08 01:06:55.677  4948  5101 I WindowManager: Reparenting to original parent: Surface(name=AppWindowToken{ba5d5a9 token=Token{5281530 ActivityRecord{6b1273 u0 com.wallapop/com.rewallapop.ui.wall.WallActivity t1308}}})/@0x2147cca, destroyLeash=true, surface=Surface(name=6c3198 Splash Screen com.wallapop)/@0xe7d7e0c

07-08 01:06:55.678  4948  5101 E WindowManager: win=Window{6c3198 u0 Splash Screen com.wallapop EXITING} destroySurfaces: appStopped=false win.mWindowRemovalAllowed=true win.mRemoveOnExit=true win.mViewVisibility=0 caller=com.android.server.wm.AppWindowToken.destroySurfaces:1234 com.android.server.wm.AppWindowToken.destroySurfaces:1215 com.android.server.wm.WindowState.onExitAnimationDone:5100 com.android.server.wm.WindowStateAnimator.onAnimationFinished:308 com.android.server.wm.WindowState.onAnimationFinished:5541 com.android.server.wm.-$$Lambda$yVRF8YoeNdTa8GR1wDStVsHu8xM.run:2 com.android.server.wm.SurfaceAnimator.lambda$getFinishedCallback$0$SurfaceAnimator:100

07-08 01:06:55.678  4948  5101 I WindowManager: Destroying surface Surface(name=Splash Screen com.wallapop)/@0xefade3b called by com.android.server.wm.WindowStateAnimator.destroySurface:1790 com.android.server.wm.WindowStateAnimator.destroySurfaceLocked:720 com.android.server.wm.WindowState.destroySurfaceUnchecked:3540 com.android.server.wm.WindowState.destroySurface:3514 com.android.server.wm.AppWindowToken.destroySurfaces:1234 com.android.server.wm.AppWindowToken.destroySurfaces:1215 com.android.server.wm.WindowState.onExitAnimationDone:5100 com.android.server.wm.WindowStateAnimator.onAnimationFinished:308

07-08 01:06:55.678  4382  5775 I Layer   : id=1590 removeFromCurrentState Splash Screen com.wallapop#0 (60)

07-08 01:06:55.679  4382  5775 I Layer   : id=1589 removeFromCurrentState 6c3198 Splash Screen com.wallapop#0 (60)

07-08 01:06:55.679  4382  5775 I Layer   : id=1602 removeFromCurrentState Surface(name=6c3198 Splash Screen com.wallapop)/@0xe7d7e0c - animation-leash#0 (60)

07-08 01:06:55.680  4382  5775 I SurfaceFlinger: id=1589 Removed 6c3198 Splash Screen com.wallapop#0 (60)

07-08 01:06:55.680  4382  5775 I SurfaceFlinger: id=1602 Removed Surface(name=6c3198 Splash Screen com.wallapop)/@0xe7d7e0c - animation-leash#0 (60)

07-08 01:06:55.680  4382  5775 I SurfaceFlinger: id=1590 Removed Splash Screen com.wallapop#0 (60)

07-08 01:06:55.682 30955 31255 W com.wallapop: Accessing hidden method Lsun/misc/Unsafe;->compareAndSwapObject(Ljava/lang/Object;JLjava/lang/Object;Ljava/lang/Object;)Z (greylist, linking, allowed)

07-08 01:06:55.693  4382  4382 I Layer   : id=1602[1] Destroyed Surface(name=6c3198 Splash Screen com.wallapop)/@0xe7d7e0c - animation-leash#0

07-08 01:06:55.694  4382  4382 I Layer   : id=1589[1] Destroyed 6c3198 Splash Screen com.wallapop#0

07-08 01:06:55.695  4382  4382 I Layer   : id=1590[1] Destroyed Splash Screen com.wallapop#0

07-08 01:06:55.696  4382  4382 I SurfaceFlinger:      DEVICE | 0x7afc34e8c0 | 0002 | RGBA_8888 |   0.0    0.0 1080.0 2220.0 |    0    0 1080 2220 | com.wallapop/com.rewallapop.ui.wall.WallActivity$_30955#0

07-08 01:06:55.704  4948  5100 D WindowManager: w is invisible : 3cab995 com.wallapop/com.rewallapop.ui.wall.WallActivity

07-08 01:06:55.704  4948  5100 D WindowManager: windowMattersToAccessibility, check : 3cab995 com.wallapop/com.rewallapop.ui.wall.WallActivity

07-08 01:06:55.751 30955 31268 W com.wallapop: Accessing hidden method Llibcore/io/Memory;->pokeByte(JB)V (greylist, reflection, allowed)

07-08 01:06:55.751 30955 31268 W com.wallapop: Accessing hidden method Llibcore/io/Memory;->peekByte(J)B (greylist, reflection, allowed)

07-08 01:06:55.751 30955 31268 W com.wallapop: Accessing hidden method Lsun/misc/Unsafe;->getLong(Ljava/lang/Object;J)J (greylist,core-platform-api, reflection, allowed)

07-08 01:06:55.751 30955 31268 W com.wallapop: Accessing hidden method Lsun/misc/Unsafe;->getInt(Ljava/lang/Object;J)I (greylist, reflection, allowed)

07-08 01:06:55.751 30955 31268 W com.wallapop: Accessing hidden method Lsun/misc/Unsafe;->putInt(Ljava/lang/Object;JI)V (greylist, reflection, allowed)

07-08 01:06:55.751 30955 31268 W com.wallapop: Accessing hidden method Lsun/misc/Unsafe;->getLong(Ljava/lang/Object;J)J (greylist,core-platform-api, reflection, allowed)

07-08 01:06:55.751 30955 31268 W com.wallapop: Accessing hidden method Lsun/misc/Unsafe;->putLong(Ljava/lang/Object;JJ)V (greylist, reflection, allowed)

07-08 01:06:55.751 30955 31268 W com.wallapop: Accessing hidden method Lsun/misc/Unsafe;->getObject(Ljava/lang/Object;J)Ljava/lang/Object; (greylist, reflection, allowed)

07-08 01:06:55.751 30955 31268 W com.wallapop: Accessing hidden method Lsun/misc/Unsafe;->putObject(Ljava/lang/Object;JLjava/lang/Object;)V (greylist, reflection, allowed)

07-08 01:06:55.752 30955 31268 W com.wallapop: Accessing hidden method Lsun/misc/Unsafe;->putObject(Ljava/lang/Object;JLjava/lang/Object;)V (greylist, linking, allowed)

07-08 01:06:55.752 30955 31268 W com.wallapop: Accessing hidden method Lsun/misc/Unsafe;->getInt(Ljava/lang/Object;J)I (greylist, linking, allowed)

07-08 01:06:55.752 30955 31268 W com.wallapop: Accessing hidden method Lsun/misc/Unsafe;->putInt(Ljava/lang/Object;JI)V (greylist, linking, allowed)

07-08 01:06:55.753 30955 31268 W com.wallapop: Accessing hidden method Lsun/misc/Unsafe;->putLong(Ljava/lang/Object;JJ)V (greylist, linking, allowed)

07-08 01:06:55.794  4948 15823 I ApplicationPolicy: isApplicationExternalStorageWhitelisted:com.wallapop user:0

07-08 01:06:55.794  4948 15823 D ActivityManager: package  com.wallapop, user - 0 is SDcard whitelisted

07-08 01:06:55.794  4948 15823 I ApplicationPolicy: isApplicationExternalStorageBlacklisted:com.wallapop user:0

07-08 01:06:55.794  4948 15823 I ApplicationPolicy: isApplicationExternalStorageBlacklisted:com.wallapop user:0

07-08 01:06:55.804 30955 31072 W com.wallapop: Accessing hidden method Lsun/misc/Unsafe;->putInt(Ljava/lang/Object;JI)V (greylist, linking, allowed)

07-08 01:06:55.804 30955 31101 W com.wallapop: Accessing hidden method Lsun/misc/Unsafe;->putInt(Ljava/lang/Object;JI)V (greylist, linking, allowed)

07-08 01:06:55.809  4948  5107 I ActivityManager: Start proc 31272:com.google.android.webview:sandboxed_process0:org.chromium.content.app.SandboxedProcessService0:0/u0i28 for  {com.wallapop/org.chromium.content.app.SandboxedProcessService0:0}

07-08 01:06:55.809  4948  5107 I ActivityManager: check webview name : com.google.android.webview:sandboxed_process0:org.chromium.content.app.SandboxedProcessService0:0check hostingname webview : {com.wallapop/org.chromium.content.app.SandboxedProcessService0:0}

07-08 01:06:55.831  4948 15823 I ActivityManager: DSS OFF for com.wallapop

07-08 01:06:55.903 30955 31296 W com.wallapop: Accessing hidden method Landroid/media/AudioManager;->getOutputLatency(I)I (greylist, reflection, allowed)

07-08 01:06:56.015 30955 30955 V InputMethodManager: Starting input: tba=com.wallapop ic=null mNaviBarColor -1 mIsGetNaviBarColorSuccess true , NavVisible : true , NavTrans : false

07-08 01:06:56.034 30955 31063 W com.wallapop: Accessing hidden method Lsun/misc/Unsafe;->putObject(Ljava/lang/Object;JLjava/lang/Object;)V (greylist, linking, allowed)

07-08 01:06:56.037 30955 31101 W com.wallapop: Accessing hidden method Lsun/misc/Unsafe;->putInt(Ljava/lang/Object;JI)V (greylist, linking, allowed)

07-08 01:06:56.038 13273 13298 I Finsky  : [288] bmc.a(53): com.wallapop: Account from first account - [rJj4Md76H4LxoN-B4dnoZM7XaXDDBcXGlC-caOCi6Uc]

07-08 01:06:56.039 30955 31313 I com.wallapop: Waiting for a blocking GC ClassLinker

07-08 01:06:56.067 12945 12986 V PermissionManager_FLP: checkLocationAccess for com.wallapop[GMS_FUSED,300000,100], result is true

07-08 01:06:56.067 12945 12986 E RequestManager_FLP: [FusedLocationApi] Location request  b01fa7c(Listener) PRIORITY_BALANCED_POWER_ACCURACY interval=300000 from com.wallapop (10385 foreground)

07-08 01:06:56.111 13273 13298 I Finsky  : [288] bmc.a(53): com.wallapop: Account from first account - [rJj4Md76H4LxoN-B4dnoZM7XaXDDBcXGlC-caOCi6Uc]

07-08 01:06:56.117 13273 13298 I Finsky  : [288] bmc.a(53): com.wallapop: Account from first account - [rJj4Md76H4LxoN-B4dnoZM7XaXDDBcXGlC-caOCi6Uc]

07-08 01:06:56.119  4948  5098 D CodecSolution: isMaxAspectPackageEx: com.wallapop : true(2)

07-08 01:06:56.122 13273 13298 I Finsky  : [288] bmc.a(53): com.wallapop: Account from first account - [rJj4Md76H4LxoN-B4dnoZM7XaXDDBcXGlC-caOCi6Uc]

07-08 01:06:56.127 13273 13298 I Finsky  : [288] bmc.a(53): com.wallapop: Account from first account - [rJj4Md76H4LxoN-B4dnoZM7XaXDDBcXGlC-caOCi6Uc]

07-08 01:06:56.145  4382  5775 I Layer   : id=1588 removeFromCurrentState AppWindowToken{5f47faa token=Token{4f91295 ActivityRecord{a77c24c u0 com.wallapop/com.rewallapop.ui.main.MainActivity t1308}}}#0 (56)

07-08 01:06:56.196 13273 13298 I Finsky  : [288] bmc.a(53): com.wallapop: Account from first account - [rJj4Md76H4LxoN-B4dnoZM7XaXDDBcXGlC-caOCi6Uc]

07-08 01:06:56.243 30955 30968 I com.wallapop: Background young concurrent copying GC freed 991738(51MB) AllocSpace objects, 1761(332MB) LOS objects, 56% free, 18MB/42MB, paused 156us total 379.618ms

07-08 01:06:56.243 30955 31313 I com.wallapop: WaitForGcToComplete blocked ClassLinker on ClassLinker for 204.140ms

07-08 01:06:56.247  4948 12848 D MdnieScenarioControlService:  packageName : com.wallapop    className : com.rewallapop.ui.wall.WallActivity

07-08 01:06:56.332 30955 31257 W com.wallapop: Accessing hidden method Lsun/misc/Unsafe;->compareAndSwapObject(Ljava/lang/Object;JLjava/lang/Object;Ljava/lang/Object;)Z (greylist, linking, allowed)

07-08 01:06:56.350 30955 31094 W com.wallapop: Accessing hidden method Lsun/misc/Unsafe;->getObject(Ljava/lang/Object;J)Ljava/lang/Object; (greylist, linking, allowed)

07-08 01:06:56.350 30955 31094 W com.wallapop: Accessing hidden method Lsun/misc/Unsafe;->putObject(Ljava/lang/Object;JLjava/lang/Object;)V (greylist, linking, allowed)

07-08 01:06:56.351 30955 31101 W com.wallapop: Accessing hidden method Lsun/misc/Unsafe;->getInt(Ljava/lang/Object;J)I (greylist, linking, allowed)

07-08 01:06:56.351 30955 31101 W com.wallapop: Accessing hidden method Lsun/misc/Unsafe;->putInt(Ljava/lang/Object;JI)V (greylist, linking, allowed)

07-08 01:06:56.359 30955 31101 W com.wallapop: Accessing hidden method Lsun/misc/Unsafe;->putInt(Ljava/lang/Object;JI)V (greylist, linking, allowed)

07-08 01:06:56.360 30955 31211 W com.wallapop: Accessing hidden method Lsun/misc/Unsafe;->putInt(Ljava/lang/Object;JI)V (greylist, linking, allowed)

07-08 01:06:56.360 30955 31211 W com.wallapop: Accessing hidden method Lsun/misc/Unsafe;->putLong(Ljava/lang/Object;JJ)V (greylist, linking, allowed)

07-08 01:06:56.363 30955 31327 W com.wallapop: Accessing hidden method Lsun/misc/Unsafe;->getInt(Ljava/lang/Object;J)I (greylist, linking, allowed)

07-08 01:06:56.363 30955 31327 W com.wallapop: Accessing hidden method Lsun/misc/Unsafe;->getObject(Ljava/lang/Object;J)Ljava/lang/Object; (greylist, linking, allowed)

07-08 01:06:56.363 30955 31327 W com.wallapop: Accessing hidden method Lsun/misc/Unsafe;->putObject(Ljava/lang/Object;JLjava/lang/Object;)V (greylist, linking, allowed)

07-08 01:06:56.363 30955 31327 W com.wallapop: Accessing hidden method Lsun/misc/Unsafe;->putInt(Ljava/lang/Object;JI)V (greylist, linking, allowed)

07-08 01:06:56.367 30955 31327 W com.wallapop: Accessing hidden method Lsun/misc/Unsafe;->getInt(Ljava/lang/Object;J)I (greylist, linking, allowed)

07-08 01:06:56.367 30955 31327 W com.wallapop: Accessing hidden method Lsun/misc/Unsafe;->getLong(Ljava/lang/Object;J)J (greylist,core-platform-api, linking, allowed)

07-08 01:06:56.367 30955 31327 W com.wallapop: Accessing hidden method Lsun/misc/Unsafe;->putLong(Ljava/lang/Object;JJ)V (greylist, linking, allowed)

07-08 01:06:56.368 30955 31327 W com.wallapop: Accessing hidden method Lsun/misc/Unsafe;->getInt(Ljava/lang/Object;J)I (greylist, linking, allowed)

07-08 01:06:56.371 30955 31327 W com.wallapop: Accessing hidden method Lsun/misc/Unsafe;->getInt(Ljava/lang/Object;J)I (greylist, linking, allowed)

07-08 01:06:56.374 30955 31327 W com.wallapop: Accessing hidden method Llibcore/io/Memory;->pokeByte(JB)V (greylist, reflection, allowed)

07-08 01:06:56.374 30955 31327 W com.wallapop: Accessing hidden method Llibcore/io/Memory;->peekByte(J)B (greylist, reflection, allowed)

07-08 01:06:56.375 30955 31327 W com.wallapop: Accessing hidden method Lsun/misc/Unsafe;->getLong(Ljava/lang/Object;J)J (greylist,core-platform-api, reflection, allowed)

07-08 01:06:56.375 30955 31327 W com.wallapop: Accessing hidden method Lsun/misc/Unsafe;->getInt(Ljava/lang/Object;J)I (greylist, reflection, allowed)

07-08 01:06:56.375 30955 31327 W com.wallapop: Accessing hidden method Lsun/misc/Unsafe;->putInt(Ljava/lang/Object;JI)V (greylist, reflection, allowed)

07-08 01:06:56.375 30955 31327 W com.wallapop: Accessing hidden method Lsun/misc/Unsafe;->getLong(Ljava/lang/Object;J)J (greylist,core-platform-api, reflection, allowed)

07-08 01:06:56.375 30955 31327 W com.wallapop: Accessing hidden method Lsun/misc/Unsafe;->putLong(Ljava/lang/Object;JJ)V (greylist, reflection, allowed)

07-08 01:06:56.375 30955 31327 W com.wallapop: Accessing hidden method Lsun/misc/Unsafe;->getObject(Ljava/lang/Object;J)Ljava/lang/Object; (greylist, reflection, allowed)

07-08 01:06:56.375 30955 31327 W com.wallapop: Accessing hidden method Lsun/misc/Unsafe;->putObject(Ljava/lang/Object;JLjava/lang/Object;)V (greylist, reflection, allowed)

07-08 01:06:56.502 30955 31392 W com.wallapop: Accessing hidden method Lsun/misc/Unsafe;->compareAndSwapObject(Ljava/lang/Object;JLjava/lang/Object;Ljava/lang/Object;)Z (greylist, linking, allowed)

07-08 01:06:56.585 30955 31334 W com.wallapop: Accessing hidden method Lsun/misc/Unsafe;->compareAndSwapObject(Ljava/lang/Object;JLjava/lang/Object;Ljava/lang/Object;)Z (greylist, linking, allowed)

07-08 01:06:56.589 30955 31355 W com.wallapop: Long monitor contention with owner gads-20 (31367) at void com.android.org.conscrypt.NativeCrypto.EVP_DigestUpdate(com.android.org.conscrypt.NativeRef$EVP_MD_CTX, byte[], int, int)(NativeCrypto.java:-2) waiters=0 in void com.google.android.ads.tasks.d.a() for 179ms

07-08 01:06:56.590 30955 31357 W com.wallapop: Long monitor contention with owner gads-20 (31367) at void com.android.org.conscrypt.NativeCrypto.EVP_DigestUpdate(com.android.org.conscrypt.NativeRef$EVP_MD_CTX, byte[], int, int)(NativeCrypto.java:-2) waiters=3 in void com.google.android.ads.tasks.d.a() for 177ms

07-08 01:06:56.591 30955 31257 W com.wallapop: Accessing hidden method Lsun/misc/Unsafe;->getObject(Ljava/lang/Object;J)Ljava/lang/Object; (greylist, linking, allowed)

07-08 01:06:56.591 30955 31375 W com.wallapop: Accessing hidden method Lsun/misc/Unsafe;->getObject(Ljava/lang/Object;J)Ljava/lang/Object; (greylist, linking, allowed)

07-08 01:06:56.591 30955 31375 W com.wallapop: Accessing hidden method Lsun/misc/Unsafe;->getInt(Ljava/lang/Object;J)I (greylist, linking, allowed)

07-08 01:06:56.592 30955 31257 W com.wallapop: Accessing hidden method Lsun/misc/Unsafe;->getInt(Ljava/lang/Object;J)I (greylist, linking, allowed)

07-08 01:06:56.592 30955 31245 W com.wallapop: Accessing hidden method Lsun/misc/Unsafe;->getObject(Ljava/lang/Object;J)Ljava/lang/Object; (greylist, linking, allowed)

07-08 01:06:56.598 30955 31245 W com.wallapop: Accessing hidden method Lsun/misc/Unsafe;->getLong(Ljava/lang/Object;J)J (greylist,core-platform-api, linking, allowed)

07-08 01:06:56.600 30955 31257 W com.wallapop: Accessing hidden method Lsun/misc/Unsafe;->putInt(Ljava/lang/Object;JI)V (greylist, linking, allowed)

07-08 01:06:56.600 30955 31245 W com.wallapop: Accessing hidden method Lsun/misc/Unsafe;->putInt(Ljava/lang/Object;JI)V (greylist, linking, allowed)

07-08 01:06:56.600 30955 31376 W com.wallapop: Accessing hidden method Lsun/misc/Unsafe;->putInt(Ljava/lang/Object;JI)V (greylist, linking, allowed)

07-08 01:06:56.601 30955 31239 W com.wallapop: Accessing hidden method Lsun/misc/Unsafe;->putInt(Ljava/lang/Object;JI)V (greylist, linking, allowed)

07-08 01:06:56.601 30955 31239 W com.wallapop: Accessing hidden method Lsun/misc/Unsafe;->getInt(Ljava/lang/Object;J)I (greylist, linking, allowed)

07-08 01:06:56.602 30955 31375 W com.wallapop: Accessing hidden method Lsun/misc/Unsafe;->putInt(Ljava/lang/Object;JI)V (greylist, linking, allowed)

07-08 01:06:56.682 30955 31211 W com.wallapop: Accessing hidden method Lsun/misc/Unsafe;->getInt(Ljava/lang/Object;J)I (greylist, linking, allowed)

07-08 01:06:56.682 30955 31211 W com.wallapop: Accessing hidden method Lsun/misc/Unsafe;->putInt(Ljava/lang/Object;JI)V (greylist, linking, allowed)

07-08 01:06:56.682 30955 31101 W com.wallapop: Accessing hidden method Lsun/misc/Unsafe;->putInt(Ljava/lang/Object;JI)V (greylist, linking, allowed)

07-08 01:06:56.782 30955 30955 W View    : requestLayout() improperly called by com.wallapop.design.view.WallapopTextView{8eb46d9 V.ED..... ......ID 47,26-47,81 #7f0a0a85 app:id/wp__home__tv_bubble} during layout: running second layout pass

07-08 01:06:56.843 30955 31347 W com.wallapop: Accessing hidden method Lsun/misc/Unsafe;->getInt(Ljava/lang/Object;J)I (greylist, linking, allowed)

07-08 01:06:56.843 30955 31347 W com.wallapop: Accessing hidden method Lsun/misc/Unsafe;->getObject(Ljava/lang/Object;J)Ljava/lang/Object; (greylist, linking, allowed)

07-08 01:06:56.888 30955 31255 W com.wallapop: Accessing hidden method Lsun/misc/Unsafe;->putObject(Ljava/lang/Object;JLjava/lang/Object;)V (greylist, linking, allowed)

07-08 01:06:56.888 30955 31424 W com.wallapop: Accessing hidden method Lsun/misc/Unsafe;->putObject(Ljava/lang/Object;JLjava/lang/Object;)V (greylist, linking, allowed)

07-08 01:06:56.920 30955 31101 W com.wallapop: Accessing hidden method Lsun/misc/Unsafe;->putInt(Ljava/lang/Object;JI)V (greylist, linking, allowed)

07-08 01:06:57.119 30955 31394 W com.wallapop: Accessing hidden method Lsun/misc/Unsafe;->getObject(Ljava/lang/Object;J)Ljava/lang/Object; (greylist, linking, allowed)

07-08 01:06:57.119 30955 31394 W com.wallapop: Accessing hidden method Lsun/misc/Unsafe;->getInt(Ljava/lang/Object;J)I (greylist, linking, allowed)

07-08 01:06:57.119 30955 31394 W com.wallapop: Accessing hidden method Lsun/misc/Unsafe;->getLong(Ljava/lang/Object;J)J (greylist,core-platform-api, linking, allowed)

07-08 01:06:57.120 30955 31394 W com.wallapop: Accessing hidden method Lsun/misc/Unsafe;->putInt(Ljava/lang/Object;JI)V (greylist, linking, allowed)

07-08 01:06:57.120 30955 31392 W com.wallapop: Accessing hidden method Lsun/misc/Unsafe;->compareAndSwapObject(Ljava/lang/Object;JLjava/lang/Object;Ljava/lang/Object;)Z (greylist, linking, allowed)

07-08 01:06:57.126 30955 31245 W com.wallapop: Accessing hidden method Lsun/misc/Unsafe;->compareAndSwapObject(Ljava/lang/Object;JLjava/lang/Object;Ljava/lang/Object;)Z (greylist, linking, allowed)

07-08 01:06:57.157 30893 30945 W ByMatcher: Node returned null child: android.view.accessibility.AccessibilityNodeInfo@9e52; boundsInParent: Rect(0, 0 - 1080, 2028); boundsInScreen: Rect(0, 213 - 1080, 2094); packageName: com.wallapop; className: android.view.ViewGroup; text: null; error: null; maxTextLength: -1; contentDescription: null; tooltipText: null; viewIdResName: com.wallapop:id/swipeToRefresh; checkable: false; checked: false; focusable: false; focused: false; selected: false; clickable: false; longClickable: false; contextClickable: false; enabled: true; password: false; scrollable: false; importantForAccessibility: false; visible: true; actions: [AccessibilityAction: ACTION_SELECT - null, AccessibilityAction: ACTION_CLEAR_SELECTION - null, AccessibilityAction: ACTION_ACCESSIBILITY_FOCUS - null, AccessibilityAction: ACTION_SHOW_ON_SCREEN - null]

07-08 01:06:57.182 30955 31456 D Amazon DTB Ads API: with json params:[{"oo":"false","dinfo":{"os":"Android","model":"SM-G965F","make":"samsung","osVersion":"10","connectionType":"Wifi","country":"ES","scalingFactor":"2.625","carrier":"","language":"es","screenSize":"1080x2094","orientation":"portrait"},"ad-id":"A03863gai0nboYBq_wzHL-w","mraid":["1.0","2.0","3.0"],"idfa":"a3fe49b3-a5e8-4500-bb3d-2a76dd7c7301","geoloc":"41.4479521,2.2382348,14.296","isDTBMobile":"true","ua":"Dalvik\/2.1.0 (Linux; U; Android 10; SM-G965F Build\/QP1A.190711.020)","pkg":{"lbl":"_Wallapop_","pn":"com.wallapop","v":"10102000","vn":"1.102.0-d2007061006"},"gdpr":{"e":"1","c":"BO13wEuO13wRSAHABAktCb-AAAAo1rv___7__9_-____9uz7Ov_v_f__33e8779v_h_7_-___u_-3zd4u_1vf99yfm1-7ctr3tp_87uesm_Xur__59__3z3_9phP78k89r7337Ew4MA"},"adsdk":"aps-android-7.4.3","slots":[{"sz":"320x50","slot":"f414d83c-ab9f-4e02-9c59-5137663ee6c7","slotId":1,"supportedMediaTypes":["DISPLAY"]},{"sz":"320x100","slot":"f414d83c-ab9f-4e02-9c59-5137663ee6c7","slotId":2,"supportedMediaTypes":["DISPLAY"]},{"sz":"320x200","slot":"f414d83c-ab9f-4e02-9c59-5137663ee6c7","slotId":3,"supportedMediaTypes":["DISPLAY"]}],"appId":"d2ba46e2d5ef4c9883051d9c8d0125d5"}]

07-08 01:06:57.430 30955 31019 W com.wallapop: Accessing hidden method Lsun/misc/Unsafe;->getInt(Ljava/lang/Object;J)I (greylist, linking, allowed)

07-08 01:06:57.430 30955 31019 W com.wallapop: Accessing hidden method Lsun/misc/Unsafe;->putInt(Ljava/lang/Object;JI)V (greylist, linking, allowed)

07-08 01:06:57.436 30955 31101 W com.wallapop: Accessing hidden method Lsun/misc/Unsafe;->putInt(Ljava/lang/Object;JI)V (greylist, linking, allowed)

07-08 01:06:57.468 30955 31456 W com.wallapop: Accessing hidden method Lsun/misc/Unsafe;->putInt(Ljava/lang/Object;JI)V (greylist, linking, allowed)

07-08 01:06:57.474 30955 31101 W com.wallapop: Accessing hidden method Lsun/misc/Unsafe;->putInt(Ljava/lang/Object;JI)V (greylist, linking, allowed)

07-08 01:06:57.477 30955 31016 W com.wallapop: Accessing hidden method Lsun/misc/Unsafe;->putInt(Ljava/lang/Object;JI)V (greylist, linking, allowed)

07-08 01:06:57.487 30955 31101 W com.wallapop: Accessing hidden method Lsun/misc/Unsafe;->putInt(Ljava/lang/Object;JI)V (greylist, linking, allowed)

07-08 01:06:57.549 30955 31394 W com.wallapop: Accessing hidden method Lsun/misc/Unsafe;->compareAndSwapObject(Ljava/lang/Object;JLjava/lang/Object;Ljava/lang/Object;)Z (greylist, linking, allowed)

07-08 01:06:57.576 30955 31392 W com.wallapop: Accessing hidden method Lsun/misc/Unsafe;->compareAndSwapObject(Ljava/lang/Object;JLjava/lang/Object;Ljava/lang/Object;)Z (greylist, linking, allowed)

07-08 01:06:57.579 30955 31394 W com.wallapop: Accessing hidden method Lsun/misc/Unsafe;->compareAndSwapObject(Ljava/lang/Object;JLjava/lang/Object;Ljava/lang/Object;)Z (greylist, linking, allowed)

07-08 01:06:57.585 30955 31375 W com.wallapop: Accessing hidden method Lsun/misc/Unsafe;->getObject(Ljava/lang/Object;J)Ljava/lang/Object; (greylist, linking, allowed)

07-08 01:06:57.586 30955 31375 W com.wallapop: Accessing hidden method Lsun/misc/Unsafe;->getInt(Ljava/lang/Object;J)I (greylist, linking, allowed)

07-08 01:06:57.587 30955 31375 W com.wallapop: Accessing hidden method Lsun/misc/Unsafe;->getLong(Ljava/lang/Object;J)J (greylist,core-platform-api, linking, allowed)

07-08 01:06:57.589 30955 31375 W com.wallapop: Accessing hidden method Lsun/misc/Unsafe;->putInt(Ljava/lang/Object;JI)V (greylist, linking, allowed)

07-08 01:06:57.675 30955 31425 W com.wallapop: Accessing hidden method Lsun/misc/Unsafe;->putObject(Ljava/lang/Object;JLjava/lang/Object;)V (greylist, linking, allowed)

07-08 01:06:57.719 30955 31419 W com.wallapop: Accessing hidden method Lsun/misc/Unsafe;->compareAndSwapObject(Ljava/lang/Object;JLjava/lang/Object;Ljava/lang/Object;)Z (greylist, linking, allowed)

07-08 01:06:57.722 30955 31376 W com.wallapop: Accessing hidden method Lsun/misc/Unsafe;->compareAndSwapObject(Ljava/lang/Object;JLjava/lang/Object;Ljava/lang/Object;)Z (greylist, linking, allowed)

07-08 01:06:57.735 30955 31416 W com.wallapop: Accessing hidden method Lsun/misc/Unsafe;->compareAndSwapObject(Ljava/lang/Object;JLjava/lang/Object;Ljava/lang/Object;)Z (greylist, linking, allowed)

07-08 01:06:57.737 30955 31019 W com.wallapop: Accessing hidden method Lsun/misc/Unsafe;->putObject(Ljava/lang/Object;JLjava/lang/Object;)V (greylist, linking, allowed)

07-08 01:06:57.739 30955 31019 W com.wallapop: Accessing hidden method Lsun/misc/Unsafe;->getInt(Ljava/lang/Object;J)I (greylist, linking, allowed)

07-08 01:06:57.739 30955 31019 W com.wallapop: Accessing hidden method Lsun/misc/Unsafe;->putInt(Ljava/lang/Object;JI)V (greylist, linking, allowed)

07-08 01:06:57.739 30955 31019 W com.wallapop: Accessing hidden method Lsun/misc/Unsafe;->putLong(Ljava/lang/Object;JJ)V (greylist, linking, allowed)

