Executed '[C740] Help: Access and sections' on 02-07-2019
---------------------------------------------------------------------------------
07-02 17:11:02.513   874  1027 V MARsPolicyManager: updatePackagesScore PackageInfo name -- com.wallapop

07-02 17:11:02.533   874   894 V AlarmManager:  remove PendingIntent] PendingIntent{28e7dc5: PendingIntentRecord{ce98c29 com.wallapop broadcastIntent}}

07-02 17:11:02.553   874  1028 D StatusBarManagerService: manageDisableList userId=0 what=0x0 pkg=Window{446cb95 u0 d0 com.wallapop/com.wallapop.activities.PreferencesActivity}

07-02 17:11:02.603   874  4874 V WindowStateAnimator: Finishing drawing window Window{446cb95 u0 d0 com.wallapop/com.wallapop.activities.PreferencesActivity}: mDrawState=DRAW_PENDING

07-02 17:11:02.613   874  1132 I ActivityManager: Displayed com.wallapop/.activities.PreferencesActivity: +105ms (total +9s184ms)

07-02 17:11:02.863   874  1132 I Timeline: Timeline: Activity_windows_visible id: ActivityRecord{cd5a8fa u0 com.wallapop/.activities.PreferencesActivity t861} time:45860116

07-02 17:11:03.943   874  1027 V MARsPolicyManager: updatePackagesScore PackageInfo name -- com.wallapop

07-02 17:11:03.993   874  1722 V AlarmManager:  remove PendingIntent] PendingIntent{8210c6c: PendingIntentRecord{ce98c29 com.wallapop broadcastIntent}}

07-02 17:11:04.043   874  1028 D StatusBarManagerService: manageDisableList userId=0 what=0x0 pkg=Window{63de81a u0 d0 com.wallapop/com.rewallapop.ui.wall.WallActivity}

07-02 17:11:04.163   874  1721 V WindowStateAnimator: Finishing drawing window Window{63de81a u0 d0 com.wallapop/com.rewallapop.ui.wall.WallActivity}: mDrawState=DRAW_PENDING

07-02 17:11:04.173   874  1132 I ActivityManager: Displayed com.wallapop/com.rewallapop.ui.wall.WallActivity: +243ms

07-02 17:11:04.423 24588 24588 W View    : requestLayout() improperly called by com.wallapop.design.view.WallapopTextView{c8a35a7 V.ED..... ......ID 54,30-634,92 #7f0a08d2 app:id/wp__home__tv_bubble} during layout: running second layout pass

07-02 17:11:04.433   874  1132 I Timeline: Timeline: Activity_windows_visible id: ActivityRecord{98584ba u0 com.wallapop/com.rewallapop.ui.wall.WallActivity t861} time:45861680

07-02 17:11:11.883 24588 24588 I Timeline: Timeline: Activity_launch_request id:com.wallapop time:45869133

07-02 17:11:11.893   874  1422 V WindowManager: addAppToken: AppWindowToken{ba7781b token=Token{64dd22a ActivityRecord{5721f15 u0 com.wallapop/.activities.PreferencesActivity t861}}} to stack=1 task=861 at 1

07-02 17:11:11.933   874  1027 V MARsPolicyManager: updatePackagesScore PackageInfo name -- com.wallapop

07-02 17:11:11.943 24588 24588 W ResourcesManager: getTopLevelResources: /data/app/com.wallapop-1/base.apk / 1.0 running in com.wallapop rsrc of package null

07-02 17:11:11.943 24588 24588 W ResourcesManager: getTopLevelResources: /data/app/com.wallapop-1/base.apk / 1.0 running in com.wallapop rsrc of package null

07-02 17:11:11.973   874  1723 V AlarmManager:  remove PendingIntent] PendingIntent{cc88db8: PendingIntentRecord{ce98c29 com.wallapop broadcastIntent}}

07-02 17:11:12.013   874  4874 D ISSUE_DEBUG: InputChannelName : 5cee6f6 com.wallapop/com.wallapop.activities.PreferencesActivity

07-02 17:11:12.033   874  1028 D StatusBarManagerService: manageDisableList userId=0 what=0x0 pkg=Window{5cee6f6 u0 d0 com.wallapop/com.wallapop.activities.PreferencesActivity}

07-02 17:11:12.083   874  1723 V WindowStateAnimator: Finishing drawing window Window{5cee6f6 u0 d0 com.wallapop/com.wallapop.activities.PreferencesActivity}: mDrawState=DRAW_PENDING

07-02 17:11:12.093   874  1132 I ActivityManager: Displayed com.wallapop/.activities.PreferencesActivity: +177ms

07-02 17:11:12.113   874  1722 V WindowStateAnimator: Finishing drawing window Window{5cee6f6 u0 d0 com.wallapop/com.wallapop.activities.PreferencesActivity}: mDrawState=HAS_DRAWN

07-02 17:11:12.333   874  1132 I Timeline: Timeline: Activity_windows_visible id: ActivityRecord{5721f15 u0 com.wallapop/.activities.PreferencesActivity t861} time:45869588

07-02 17:11:12.363 24588 24588 W GmsClientEvents: unregisterConnectionFailedListener(): listener GooglePlayServicesHeadlessFragment{ea473e9 (9b6fbfea-69e5-4a9e-b06c-1b52718162d4) com.wallapop.fragments.headless.GooglePlayServicesHeadlessFragment} not found

07-02 17:11:12.363 24588 24588 W GmsClientEvents: unregisterConnectionCallbacks(): listener GooglePlayServicesHeadlessFragment{ea473e9 (9b6fbfea-69e5-4a9e-b06c-1b52718162d4) com.wallapop.fragments.headless.GooglePlayServicesHeadlessFragment} not found

07-02 17:11:12.373 24588 24588 V ActivityThread: updateVisibility : ActivityRecord{37b97a2 token=android.os.BinderProxy@21181d2 {com.wallapop/com.rewallapop.ui.wall.WallActivity}} show : false

07-02 17:11:12.943 24536 24869 W ByMatcher: Node returned null child: android.view.accessibility.AccessibilityNodeInfo@800075f5; boundsInParent: Rect(0, 0 - 1080, 1920); boundsInScreen: Rect(0, 0 - 1080, 1920); packageName: com.wallapop; className: android.widget.FrameLayout; text: null; error: null; maxTextLength: -1; contentDescription: null; viewIdResName: null; checkable: false; checked: false; focusable: false; focused: false; selected: false; clickable: false; longClickable: false; contextClickable: false; enabled: true; password: false; scrollable: false; actions: [AccessibilityAction: ACTION_SELECT - null, AccessibilityAction: ACTION_CLEAR_SELECTION - null, AccessibilityAction: ACTION_ACCESSIBILITY_FOCUS - null, AccessibilityAction: ACTION_UNKNOWN - null]

07-02 17:11:12.953 24536 24869 W ByMatcher: Node returned null child: android.view.accessibility.AccessibilityNodeInfo@800075f5; boundsInParent: Rect(0, 0 - 1080, 1920); boundsInScreen: Rect(0, 0 - 1080, 1920); packageName: com.wallapop; className: android.widget.FrameLayout; text: null; error: null; maxTextLength: -1; contentDescription: null; viewIdResName: null; checkable: false; checked: false; focusable: false; focused: false; selected: false; clickable: false; longClickable: false; contextClickable: false; enabled: true; password: false; scrollable: false; actions: [AccessibilityAction: ACTION_SELECT - null, AccessibilityAction: ACTION_CLEAR_SELECTION - null, AccessibilityAction: ACTION_ACCESSIBILITY_FOCUS - null, AccessibilityAction: ACTION_UNKNOWN - null]


