Executed 'TestRailTest_01()' on 04-11-2019
---------------------------------------------------------------------------------
11-14 17:46:43.499 31887 31898 I com.wallapop: Background concurrent copying GC freed 174495(10MB) AllocSpace objects, 44(1424KB) LOS objects, 49% free, 14MB/28MB, paused 417us total 256.822ms

11-14 17:46:43.560  4211  4390 D WifiTrafficPoller: TrafficStats TxPkts=978859 RxPkts=1713801 TxBytes=211101183 RxBytes=1630658860 , Foreground uid=10313 pkgName=com.wallapop TxPackets=63343 RxPackets=57468 TxBytes=13321036 RxBytes=39288862

11-14 17:46:43.587 31887 31887 W View    : requestLayout() improperly called by com.wallapop.design.view.WallapopTextView{ba9a229 V.ED..... ......ID 47,26-47,86 #7f0a0904 app:id/wp__home__tv_bubble} during layout: running second layout pass

11-14 17:46:45.360  4211  6751 D WifiPermissionsUtil: canAccessScanResults: pkgName = com.wallapop, uid = 10313

11-14 17:46:45.907 31887 32133 D Amazon DTB Ads API: with query params:[?dt=android&app=app&dinfo=%7B%22os%22%3A%22Android%22%2C%22model%22%3A%22SM-A750FN%22%2C%22make%22%3A%22samsung%22%2C%22osVersion%22%3A%229%22%2C%22connectionType%22%3A%22Wifi%22%2C%22country%22%3A%22ES%22%2C%22scalingFactor%22%3A%222.625%22%2C%22carrier%22%3A%22JAZZTEL%22%2C%22language%22%3A%22es%22%2C%22screenSize%22%3A%221080x2094%22%2C%22orientation%22%3A%22portrait%22%7D&oo=0&aud=3p&idfa=bf505ce3-e614-4d9a-a4d7-9c324edc6560&appId=d2ba46e2d5ef4c9883051d9c8d0125d5&sdkVer=aps-android-7.4.3&ua=Dalvik%2F2.1.0%20%28Linux%3B%20U%3B%20Android%209%3B%20SM-A750FN%20Build%2FPPR1.180610.011%29&pkg=%7B%22lbl%22%3A%22_Wallapop_%22%2C%22pn%22%3A%22com.wallapop%22%2C%22v%22%3A%221850000%22%2C%22vn%22%3A%221.85.0-d1910251130%22%7D]

11-14 17:46:46.350 31887 32133 D Amazon DTB Ads API: Error while connecting to remote server: https://s.amazon-adsystem.com/api3/generate_did?dt=android&app=app&dinfo=%7B%22os%22%3A%22Android%22%2C%22model%22%3A%22SM-A750FN%22%2C%22make%22%3A%22samsung%22%2C%22osVersion%22%3A%229%22%2C%22connectionType%22%3A%22Wifi%22%2C%22country%22%3A%22ES%22%2C%22scalingFactor%22%3A%222.625%22%2C%22carrier%22%3A%22JAZZTEL%22%2C%22language%22%3A%22es%22%2C%22screenSize%22%3A%221080x2094%22%2C%22orientation%22%3A%22portrait%22%7D&oo=0&aud=3p&idfa=bf505ce3-e614-4d9a-a4d7-9c324edc6560&appId=d2ba46e2d5ef4c9883051d9c8d0125d5&sdkVer=aps-android-7.4.3&ua=Dalvik%2F2.1.0%20%28Linux%3B%20U%3B%20Android%209%3B%20SM-A750FN%20Build%2FPPR1.180610.011%29&pkg=%7B%22lbl%22%3A%22_Wallapop_%22%2C%22pn%22%3A%22com.wallapop%22%2C%22v%22%3A%221850000%22%2C%22vn%22%3A%221.85.0-d1910251130%22%7D with error:Chain validation failed

11-14 17:46:46.353 31887 32133 E Amazon DTB Ads API: 	at com.wallapop.thirdparty.ads.b.a.a(SourceFile:43)

11-14 17:46:46.353 31887 32133 E Amazon DTB Ads API: 	at com.wallapop.thirdparty.ads.b.a$b$1.invokeSuspend(SourceFile:34)

11-14 17:46:46.353 31887 32133 E Amazon DTB Ads API: 	at com.wallapop.thirdparty.ads.b.a$b$1.invoke(Unknown Source:10)

11-14 17:46:46.353 31887 32133 E Amazon DTB Ads API: 	at com.wallapop.thirdparty.ads.b.a$b.invokeSuspend(SourceFile:33)

11-14 17:46:46.504 31887 32412 D Amazon DTB Ads API: with query params:[?dt=android&app=app&dinfo=%7B%22os%22%3A%22Android%22%2C%22model%22%3A%22SM-A750FN%22%2C%22make%22%3A%22samsung%22%2C%22osVersion%22%3A%229%22%2C%22connectionType%22%3A%22Wifi%22%2C%22country%22%3A%22ES%22%2C%22scalingFactor%22%3A%222.625%22%2C%22carrier%22%3A%22JAZZTEL%22%2C%22language%22%3A%22es%22%2C%22screenSize%22%3A%221080x2094%22%2C%22orientation%22%3A%22portrait%22%7D&oo=0&aud=3p&idfa=bf505ce3-e614-4d9a-a4d7-9c324edc6560&appId=d2ba46e2d5ef4c9883051d9c8d0125d5&sdkVer=aps-android-7.4.3&ua=Dalvik%2F2.1.0%20%28Linux%3B%20U%3B%20Android%209%3B%20SM-A750FN%20Build%2FPPR1.180610.011%29&pkg=%7B%22lbl%22%3A%22_Wallapop_%22%2C%22pn%22%3A%22com.wallapop%22%2C%22v%22%3A%221850000%22%2C%22vn%22%3A%221.85.0-d1910251130%22%7D]

11-14 17:46:46.584 31887 31898 I com.wallapop: Background concurrent copying GC freed 226409(11MB) AllocSpace objects, 48(1968KB) LOS objects, 50% free, 16MB/33MB, paused 1.286ms total 233.314ms

11-14 17:46:46.981 31887 32412 D Amazon DTB Ads API: Error while connecting to remote server: https://s.amazon-adsystem.com/api3/generate_did?dt=android&app=app&dinfo=%7B%22os%22%3A%22Android%22%2C%22model%22%3A%22SM-A750FN%22%2C%22make%22%3A%22samsung%22%2C%22osVersion%22%3A%229%22%2C%22connectionType%22%3A%22Wifi%22%2C%22country%22%3A%22ES%22%2C%22scalingFactor%22%3A%222.625%22%2C%22carrier%22%3A%22JAZZTEL%22%2C%22language%22%3A%22es%22%2C%22screenSize%22%3A%221080x2094%22%2C%22orientation%22%3A%22portrait%22%7D&oo=0&aud=3p&idfa=bf505ce3-e614-4d9a-a4d7-9c324edc6560&appId=d2ba46e2d5ef4c9883051d9c8d0125d5&sdkVer=aps-android-7.4.3&ua=Dalvik%2F2.1.0%20%28Linux%3B%20U%3B%20Android%209%3B%20SM-A750FN%20Build%2FPPR1.180610.011%29&pkg=%7B%22lbl%22%3A%22_Wallapop_%22%2C%22pn%22%3A%22com.wallapop%22%2C%22v%22%3A%221850000%22%2C%22vn%22%3A%221.85.0-d1910251130%22%7D with error:Chain validation failed

11-14 17:46:47.027 31887 32412 D Amazon DTB Ads API: with json params:[{"oo":"false","dinfo":{"os":"Android","model":"SM-A750FN","make":"samsung","osVersion":"9","connectionType":"Wifi","country":"ES","scalingFactor":"2.625","carrier":"JAZZTEL","language":"es","screenSize":"1080x2094","orientation":"portrait"},"adsdk":"aps-android-7.4.3","slots":[{"sz":"320x50","slot":"f414d83c-ab9f-4e02-9c59-5137663ee6c7","slotId":1,"supportedMediaTypes":["DISPLAY"]}],"mraid":["1.0","2.0","3.0"],"appId":"d2ba46e2d5ef4c9883051d9c8d0125d5","idfa":"bf505ce3-e614-4d9a-a4d7-9c324edc6560","geoloc":"41.4058684,2.1865172,18.145","isDTBMobile":"true","ua":"Dalvik\/2.1.0 (Linux; U; Android 9; SM-A750FN Build\/PPR1.180610.011)","pkg":{"lbl":"_Wallapop_","pn":"com.wallapop","v":"1850000","vn":"1.85.0-d1910251130"},"gdpr":{"e":"1","c":"BOR0xKKOR0xKKABABAENBZ-AAAAfZ7_______9______9uz_Gv_v_f__33e8__9v_l_7_-___u_-33d4-_1vX99yfm1-7ftr3tp_86ues2vHqK9ZoA"}}]

11-14 17:46:47.636  4211  4390 D WifiTrafficPoller: TrafficStats TxPkts=979061 RxPkts=1714004 TxBytes=211158736 RxBytes=1630800716 , Foreground uid=10313 pkgName=com.wallapop TxPackets=63528 RxPackets=57653 TxBytes=13364551 RxBytes=39429410

11-14 17:46:48.237 31887 31887 W com.wallapop: Accessing hidden method Landroid/media/AudioTrack;->getLatency()I (light greylist, reflection)

11-14 17:46:48.647 31887 31898 I com.wallapop: Background concurrent copying GC freed 240264(11MB) AllocSpace objects, 135(6MB) LOS objects, 50% free, 16MB/33MB, paused 363us total 229.642ms

11-14 17:46:48.672  4211  4475 I CodecSolution: pid(31887) pkg(com.wallapop)

11-14 17:46:48.685  4211  6751 D CodecSolution: topName : com.wallapop

11-14 17:46:48.685  4211  6751 I CodecSolution: Top : com.wallapop

11-14 17:46:48.686  4211  6751 D SCPMHelper: getPackageInfo(com.wallapop)

11-14 17:46:48.756  4211  4475 I CodecSolution: pid(31887) pkg(com.wallapop)

11-14 17:46:48.770  4211  6751 D CodecSolution: topName : com.wallapop

11-14 17:46:48.770  4211  6751 I CodecSolution: Top : com.wallapop

11-14 17:46:48.770  4211  6751 D SCPMHelper: getPackageInfo(com.wallapop)

11-14 17:46:48.824 31887 32444 I chatty  : uid=10313(com.wallapop) identical 1 line

11-14 17:46:49.648 31887 32444 I chatty  : uid=10313(com.wallapop) identical 1 line

11-14 17:46:50.520 31887 31887 V InputMethodManager: Starting input: tba=com.wallapop ic=null mNaviBarColor -1 mIsGetNaviBarColorSuccess true , NavVisible : true , NavTrans : false

11-14 17:46:50.897  4211  4211 D Telecom:SamsungPrebindingServiceImpl: onTopActivityChanged : ComponentInfo{com.wallapop/com.rewallapop.ui.wall.WallActivity}

11-14 17:46:51.060  4622  4682 E RequestManager_FLP: [FusedLocationApi] Location remove ae88800 from com.wallapop

11-14 17:46:51.063  4211  6755 D SamsungAlarmManager: Cancel Alarm calling from uid:10313 pid :31887 / op:PendingIntent{1c43a1b: PendingIntentRecord{f654bac com.wallapop broadcastIntent}}

11-14 17:46:51.162  4211  6755 I ActivityManager: Force stopping com.wallapop appid=10313 user=0: from pid 32498 caller com.android.server.am.ActivityManagerShellCommand.runForceStop:967

11-14 17:46:51.164  4211  6755 I ActivityManager: Killing 31887:com.wallapop/u0a313 (adj 200): stop com.wallapop,from pid 32498 caller com.android.server.am.ActivityManagerShellCommand.runForceStop:967

11-14 17:46:51.196  4211  6755 W ActivityManager: Scheduling restart of crashed service com.wallapop/com.rewallapop.ui.debug.view.DebugActivity$Service in 1000ms

11-14 17:46:51.215  4211  6755 D StorageManagerService: getExternalStorageMountMode : final mountMode=1, uid : 10313, packageName : com.wallapop

11-14 17:46:51.215  4211  6755 I ApplicationPolicy: isApplicationExternalStorageWhitelisted:com.wallapop user:0

11-14 17:46:51.216  4211  6755 D ActivityManager: package  com.wallapop, user - 0 is SDcard whitelisted

11-14 17:46:51.216  4211  6755 I ApplicationPolicy: isApplicationExternalStorageBlacklisted:com.wallapop user:0

11-14 17:46:51.216  4211  6755 I ApplicationPolicy: isApplicationExternalStorageBlacklisted:com.wallapop user:0

11-14 17:46:51.231  4211  6755 I ActivityManager:   Force finishing activity ActivityRecord{b20412a u0 com.wallapop/com.rewallapop.ui.wall.WallActivity t2199}

11-14 17:46:51.238  4211  6755 I WindowManager: Cancelling animation restarting=false, leash=null, surface=Surface(name=1c0d8b6 com.wallapop/com.rewallapop.ui.wall.WallActivity)/@0x3071769, parent=Surface(name=AppWindowToken{bde14b8 token=Token{112bb1b ActivityRecord{b20412a u0 com.wallapop/com.rewallapop.ui.wall.WallActivity t2199}}})/@0x75d25ee

11-14 17:46:51.240  4211  6755 V WindowManager: Changing focus from Window{1c0d8b6 u0 com.wallapop/com.rewallapop.ui.wall.WallActivity} to null Callers=com.android.server.wm.AppWindowToken.setVisibility:536 com.android.server.wm.AppWindowContainerController.setVisibility:495 com.android.server.am.ActivityRecord.setVisibility:1917 com.android.server.am.ActivityStack.prepareActivityHideTransitionAnimation:4429

11-14 17:46:51.242  4211  6755 V WindowManager: Setting visibility of Window{1c0d8b6 u0 com.wallapop/com.rewallapop.ui.wall.WallActivity}: false, caller=com.android.server.wm.WindowContainer.sendAppVisibilityToClients:615 com.android.server.wm.AppWindowToken.setClientHidden:460 com.android.server.wm.AppWindowToken.onAnimationFinished:2383 com.android.server.wm.AppWindowToken.setVisibility:551 com.android.server.wm.AppWindowContainerController.setVisibility:495

11-14 17:46:51.243  4211  4242 D WindowManager: reportFocusChangedSerialized, focused=false, inTouchMode=true, win=Window{1c0d8b6 u0 com.wallapop/com.rewallapop.ui.wall.WallActivity}

11-14 17:46:51.259  4211  6755 I ActivityManager:   Force finishing activity ActivityRecord{b20412a u0 com.wallapop/com.rewallapop.ui.wall.WallActivity t2199 f}

11-14 17:46:51.259  4211  6755 W ActivityManager: Duplicate finish request for ActivityRecord{b20412a u0 com.wallapop/com.rewallapop.ui.wall.WallActivity t2199 f}

11-14 17:46:51.309  4211  4227 I WindowManager: Cancelling animation restarting=false, leash=null, surface=Surface(name=AppWindowToken{bde14b8 token=Token{112bb1b ActivityRecord{b20412a u0 com.wallapop/com.rewallapop.ui.wall.WallActivity t2199}}})/@0x75d25ee, parent=Surface(name=Task=2199)/@0xc3bd326

11-14 17:46:51.310  4211  4227 V WindowManager: Remove Window{1c0d8b6 u0 com.wallapop/com.rewallapop.ui.wall.WallActivity}: mSurfaceController=Surface(name=com.wallapop/com.rewallapop.ui.wall.WallActivity[31887])/@0x9a245f0 mAnimatingExit=false mRemoveOnExit=false mHasSurface=true surfaceShowing=false isAnimationSet=false app-animation=false mWillReplaceWindow=false inPendingTransaction=false mDisplayFrozen=false callers=com.android.server.wm.WindowState.removeIfPossible:2764 com.android.server.wm.WindowToken.removeAllWindowsIfPossible:150 com.android.server.wm.AppWindowToken.removeIfPossible:743 com.android.server.wm.AppWindowToken.onRemovedFromDisplay:819 com.android.server.wm.DisplayContent.removeAppToken:1079 com.android.server.wm.AppWindowContainerController.removeContainer:305

11-14 17:46:51.310  4211  4227 I WindowManager: Destroying surface Surface(name=com.wallapop/com.rewallapop.ui.wall.WallActivity[31887])/@0x9a245f0 called by com.android.server.wm.WindowStateAnimator.destroySurface:1901 com.android.server.wm.WindowStateAnimator.destroySurfaceLocked:838 com.android.server.wm.WindowState.removeImmediately:2743 com.android.server.wm.WindowState.removeIfPossible:2893 com.android.server.wm.WindowState.removeIfPossible:2764 com.android.server.wm.WindowToken.removeAllWindowsIfPossible:150 com.android.server.wm.AppWindowToken.removeIfPossible:743 com.android.server.wm.AppWindowToken.onRemovedFromDisplay:819

11-14 17:46:51.310  3727  3770 I SurfaceFlinger: id=28247 Removed com.wallapop/com.rewallapop.ui.wall.WallActivity[31887]#0 (0/63)

11-14 17:46:51.312  3727  3770 I SurfaceFlinger: id=28246 Removed 1c0d8b6 com.wallapop/com.rewallapop.ui.wall.WallActivity#0 (0/62)

11-14 17:46:51.315  3727  3727 I Layer   : id=28246 onRemoved 1c0d8b6 com.wallapop/com.rewallapop.ui.wall.WallActivity#0

11-14 17:46:51.315  3727  3727 I Layer   : id=28247 onRemoved com.wallapop/com.rewallapop.ui.wall.WallActivity[31887]#0

11-14 17:46:51.319  3727  3770 W SurfaceFlinger: Attempting to destroy on removed layer: AppWindowToken{bde14b8 token=Token{112bb1b ActivityRecord{b20412a u0 com.wallapop/com.rewallapop.ui.wall.WallActivity t2199}}}#0

11-14 17:46:51.332  3727  3727 I Layer   : id=28244 onRemoved AppWindowToken{bde14b8 token=Token{112bb1b ActivityRecord{b20412a u0 com.wallapop/com.rewallapop.ui.wall.WallActivity t2199}}}#0

11-14 17:46:51.339  4211  4227 W BroadcastQueue: Background execution not allowed: receiving Intent { act=android.intent.action.PACKAGE_RESTARTED dat=package:com.wallapop flg=0x10 (has extras) } to android/com.kddi.android.CpaNotiReceiver

11-14 17:46:51.393 23911 23978 D Notification.Badge: updateLauncherIconBadges() item : [IconInfo(title=_Wallapop_ intent=Intent { act=android.intent.action.MAIN cat=[android.intent.category.LAUNCHER] flg=0x10200000 cmp=com.wallapop/.activities.HomeActivity (has extras) } id=162 type=0 container=-102 screen=1 cellX=3 cellY=0 spanX=1 spanY=1 rank=3 hidden=0 dropPos=null user=UserHandle{0} screenType=0)], mShowBadge : [false], item.mBadgeCount : [0]

11-14 17:46:51.398  4211  4211 D SamsungAlarmManager: Remove alarm for next reason : android.intent.action.PACKAGE_RESTARTED : package: com.wallapop

11-14 17:46:51.406 32512 32512 I com.wallapop: Late-enabling -Xcheck:jni

11-14 17:46:51.409 23911 20468 I AppIconSolution: load=com.wallapop, bg=144-144, dr=126-126, forDefault=true, density=0

11-14 17:46:51.412  4211  4229 I ActivityManager: Start proc 32512:com.wallapop/u0a313 for activity com.wallapop/com.rewallapop.ui.wall.WallActivity

11-14 17:46:51.413 23911 20468 I AppIconSolution: load=com.wallapop-contain, bg=166-166, dr=126-126

11-14 17:46:51.458 32512 32512 I com.wallapop: report jit thread pid = 32518

11-14 17:46:51.487 23911 23911 D Notification.Badge: [valid] onNotificationRemoved : StatusBarNotification(pkg=com.wallapop user=UserHandle{0} id=999 tag=null key=0|com.wallapop|999|null|10313: Notification(channel=wallapop_channel pri=-2 contentView=null vibrate=null sound=null defaults=0x0 flags=0x62 color=0x00000000 vis=PRIVATE semFlags=0x0 semPriority=0 semMissedCount=0))

11-14 17:46:51.487 23911 23911 D Notification.Badge: notificationKey : 0|com.wallapop|999|null|10313, count : 0, this.count : 1

11-14 17:46:51.487 23911 23978 D Notification.Badge: LauncherModel:onNotificationRemoved() : com.wallapop

11-14 17:46:51.488 23911 23911 D RecommendedView: updateBadgeItems: [IconInfo(title=_Wallapop_ intent=Intent { act=android.intent.action.MAIN cat=[android.intent.category.LAUNCHER] flg=0x10200000 cmp=com.wallapop/.activities.HomeActivity (has extras) } id=162 type=0 container=-102 screen=1 cellX=3 cellY=0 spanX=1 spanY=1 rank=3 hidden=0 dropPos=null user=UserHandle{0} screenType=0)]

11-14 17:46:51.494  4211  4679 I ActivityManager: DSS on for com.wallapop and scale is 1.0

11-14 17:46:51.589  4211  6754 W BroadcastQueue: Skipping deliver [foreground] BroadcastRecord{6f04682 u-1 android.intent.action.SCREEN_OFF} to ReceiverList{e151a6a 31887 com.wallapop/10313/u0 remote:ca46055}: process gone or crashing

11-14 17:46:51.593  4211  4227 W BroadcastQueue: Skipping deliver [foreground] BroadcastRecord{6f04682 u-1 android.intent.action.SCREEN_OFF} to ReceiverList{1b7d3a4 31887 com.wallapop/10313/u0 remote:2c9b237}: process gone or crashing

11-14 17:46:51.593  4211  4227 W BroadcastQueue: Skipping deliver [foreground] BroadcastRecord{6f04682 u-1 android.intent.action.SCREEN_OFF} to ReceiverList{d4e2fad 31887 com.wallapop/10313/u0 remote:c1944c4}: process gone or crashing

11-14 17:46:51.594  4211  4227 W BroadcastQueue: Skipping deliver [foreground] BroadcastRecord{6f04682 u-1 android.intent.action.SCREEN_OFF} to ReceiverList{cf00d7c 31887 com.wallapop/10313/u0 remote:a29cc6f}: process gone or crashing

11-14 17:46:51.594  4211  4227 W BroadcastQueue: Skipping deliver [foreground] BroadcastRecord{6f04682 u-1 android.intent.action.SCREEN_OFF} to ReceiverList{97e9ba 31887 com.wallapop/10313/u0 remote:f5e9ae5}: process gone or crashing

11-14 17:46:51.645 32512 32512 I com.wallapop: The ClassLoaderContext is a special shared library.

11-14 17:46:53.337 32512 32556 W com.wallapop: Unsupported class loader

11-14 17:46:53.441 32512 32556 W com.wallapop: Skipping duplicate class check due to unsupported classloader

11-14 17:46:53.677 32512 32556 W com.wallapop: Unsupported class loader

11-14 17:46:54.309 32512 32556 I com.wallapop: Waiting for a blocking GC ClassLinker

11-14 17:46:55.057 32512 32556 I com.wallapop: WaitForGcToComplete blocked ClassLinker on ClassLinker for 748.647ms

11-14 17:46:55.727 32512 32543 I FA      :   adb shell setprop debug.firebase.analytics.app com.wallapop

11-14 17:46:56.714 32512 32533 I com.wallapop: Waiting for a blocking GC ProfileSaver

11-14 17:46:57.192 32512 32533 I com.wallapop: WaitForGcToComplete blocked ProfileSaver on ClassLinker for 478.084ms

11-14 17:46:57.340 32512 32595 I stetho  : Listening on @stetho_com.wallapop_devtools_remote

11-14 17:46:57.518 32512 32601 W com.wallapop: Accessing hidden field Lsun/misc/Unsafe;->theUnsafe:Lsun/misc/Unsafe; (light greylist, reflection)

11-14 17:46:57.563 32512 32603 W com.wallapop: Accessing hidden field Ljava/nio/Buffer;->address:J (light greylist, reflection)

11-14 17:46:57.661 32512 32512 I com.wallapop: The ClassLoaderContext is a special shared library.

11-14 17:46:57.666 32512 32512 I chatty  : uid=10313(com.wallapop) identical 1 line

11-14 17:46:57.672 32512 32512 I com.wallapop: The ClassLoaderContext is a special shared library.

11-14 17:46:58.039 32512 32627 W com.wallapop: Accessing hidden method Landroid/content/Context;->bindServiceAsUser(Landroid/content/Intent;Landroid/content/ServiceConnection;ILandroid/os/Handler;Landroid/os/UserHandle;)Z (light greylist, reflection)

11-14 17:46:58.045  4211  4494 I ApplicationPolicy: isApplicationExternalStorageWhitelisted:com.wallapop user:0

11-14 17:46:58.045  4211  4494 D ActivityManager: package  com.wallapop, user - 0 is SDcard whitelisted

11-14 17:46:58.045  4211  4494 I ApplicationPolicy: isApplicationExternalStorageBlacklisted:com.wallapop user:0

11-14 17:46:58.045  4211  4494 I ApplicationPolicy: isApplicationExternalStorageBlacklisted:com.wallapop user:0

11-14 17:46:58.067  4211  4229 I ActivityManager: Start proc 32630:com.android.chrome:sandboxed_process0/u0i921 for webview_service com.wallapop/org.chromium.content.app.SandboxedProcessService0

11-14 17:46:58.111  4211  5593 I ActivityManager: DSS on for com.wallapop and scale is 1.0

11-14 17:46:58.112  4211  6754 D WifiPermissionsUtil: canAccessScanResults: pkgName = com.wallapop, uid = 10313

11-14 17:46:58.172 32512 32512 W com.wallapop: Accessing hidden method Landroid/view/textclassifier/logging/SmartSelectionEventTracker;-><init>(Landroid/content/Context;I)V (light greylist, reflection)

11-14 17:46:58.172 32512 32512 W com.wallapop: Accessing hidden method Landroid/view/textclassifier/logging/SmartSelectionEventTracker;->logEvent(Landroid/view/textclassifier/logging/SmartSelectionEventTracker$SelectionEvent;)V (light greylist, reflection)

11-14 17:46:58.172 32512 32512 W com.wallapop: Accessing hidden method Landroid/view/textclassifier/logging/SmartSelectionEventTracker$SelectionEvent;->selectionStarted(I)Landroid/view/textclassifier/logging/SmartSelectionEventTracker$SelectionEvent; (light greylist, reflection)

11-14 17:46:58.172 32512 32512 W com.wallapop: Accessing hidden method Landroid/view/textclassifier/logging/SmartSelectionEventTracker$SelectionEvent;->selectionModified(II)Landroid/view/textclassifier/logging/SmartSelectionEventTracker$SelectionEvent; (light greylist, reflection)

11-14 17:46:58.172 32512 32512 W com.wallapop: Accessing hidden method Landroid/view/textclassifier/logging/SmartSelectionEventTracker$SelectionEvent;->selectionModified(IILandroid/view/textclassifier/TextClassification;)Landroid/view/textclassifier/logging/SmartSelectionEventTracker$SelectionEvent; (light greylist, reflection)

11-14 17:46:58.172 32512 32512 W com.wallapop: Accessing hidden method Landroid/view/textclassifier/logging/SmartSelectionEventTracker$SelectionEvent;->selectionModified(IILandroid/view/textclassifier/TextSelection;)Landroid/view/textclassifier/logging/SmartSelectionEventTracker$SelectionEvent; (light greylist, reflection)

11-14 17:46:58.172 32512 32512 W com.wallapop: Accessing hidden method Landroid/view/textclassifier/logging/SmartSelectionEventTracker$SelectionEvent;->selectionAction(III)Landroid/view/textclassifier/logging/SmartSelectionEventTracker$SelectionEvent; (light greylist, reflection)

11-14 17:46:58.172 32512 32512 W com.wallapop: Accessing hidden method Landroid/view/textclassifier/logging/SmartSelectionEventTracker$SelectionEvent;->selectionAction(IIILandroid/view/textclassifier/TextClassification;)Landroid/view/textclassifier/logging/SmartSelectionEventTracker$SelectionEvent; (light greylist, reflection)

11-14 17:46:58.221 32512 32643 W com.wallapop: Accessing hidden method Landroid/media/AudioManager;->getOutputLatency(I)I (light greylist, reflection)

11-14 17:46:58.256 32512 32512 W com.wallapop: Accessing hidden method Landroid/app/ActivityThread;->currentPackageName()Ljava/lang/String; (light greylist, reflection)

11-14 17:46:58.643 32512 32696 W com.wallapop: Accessing hidden method Lcom/android/org/conscrypt/OpenSSLSocketImpl;->setAlpnProtocols([B)V (light greylist, reflection)

11-14 17:46:58.993 32512 32696 W com.wallapop: Accessing hidden method Lcom/android/org/conscrypt/OpenSSLSocketImpl;->getAlpnSelectedProtocol()[B (light greylist, reflection)

11-14 17:47:00.562  4211  4679 D SamsungAlarmManager: Cancel Alarm calling from uid:10313 pid :32512 / op:PendingIntent{e363138: PendingIntentRecord{f654bac com.wallapop broadcastIntent}}

11-14 17:47:01.459 32512 32593 W com.wallapop: Accessing hidden method Ldalvik/system/VMRuntime;->getRuntime()Ldalvik/system/VMRuntime; (light greylist, reflection)

11-14 17:47:01.459 32512 32593 W com.wallapop: Accessing hidden method Ldalvik/system/VMRuntime;->vmInstructionSet()Ljava/lang/String; (light greylist, reflection)

11-14 17:47:01.588 32512 32744 I com.wallapop: The ClassLoaderContext is a special shared library.

11-14 17:47:01.603 32512 32744 I com.wallapop: Waiting for a blocking GC ClassLinker

11-14 17:47:02.119 32512 32744 I com.wallapop: WaitForGcToComplete blocked ClassLinker on HeapTrim for 516.871ms

11-14 17:47:53.927  4211  5504 I ActivityManager: Force stopping com.wallapop appid=10313 user=0: from pid 318 caller com.android.server.am.ActivityManagerShellCommand.runForceStop:967

11-14 17:47:53.929  4211  5504 I ActivityManager: Killing 32512:com.wallapop/u0a313 (adj 900): stop com.wallapop,from pid 318 caller com.android.server.am.ActivityManagerShellCommand.runForceStop:967

11-14 17:47:53.949  4211  4211 D SamsungAlarmManager: Remove alarm for next reason : android.intent.action.PACKAGE_RESTARTED : package: com.wallapop

11-14 17:47:53.959  4211  4227 W BroadcastQueue: Background execution not allowed: receiving Intent { act=android.intent.action.PACKAGE_RESTARTED dat=package:com.wallapop flg=0x10 (has extras) } to android/com.kddi.android.CpaNotiReceiver

11-14 17:48:23.291   397   442 I appium  : AppiumResponse: {"sessionId":"8a215671-2336-4883-af65-c51476990c3a","value":{"sessionId":"8a215671-2336-4883-af65-c51476990c3a","capabilities":{"firstMatch":[{"platform":"LINUX","webStorageEnabled":false,"takesScreenshot":true,"javascriptEnabled":true,"databaseEnabled":false,"networkConnectionEnabled":true,"locationContextEnabled":false,"warnings":{},"desired":{"platformName":"android","normalizeTagNames":true,"androidInstallTimeout":150000,"app":"","appActivity":"com.rewallapop.ui.main.MainActivity","appPackage":"com.wallapop","isHeadless":false,"skipDeviceInitialization":true,"autoAcceptAlerts":true,"autoGrantPermissions":true,"automationName":"UiAutomator2","avd":"","deviceName":"3200f02dc0aab5db","deviceReadyTimeout":1,"fullReset":false,"ignoreUnimportantViews":true,"newCommandTimeout":60,"noReset":true,"systemPort":8223,"udid":"3200f02dc0aab5db"},"platformName":"android","normalizeTagNames":true,"androidInstallTimeout":150000,"app":"","appActivity":"com.rewallapop.ui.main.MainActivity","appPackage":"com.wallapop","isHeadless":false,"skipDeviceInitialization":true,"autoAcceptAlerts":true,"autoGrantPermissions":true,"automationName":"UiAutomator2","avd":"","deviceName":"3200f02dc0aab5db","deviceReadyTimeout":1,"fullReset":false,"ignoreUnimportantViews":true,"newCommandTimeout":60,"noReset":true,"systemPort":8223,"udid":"3200f02dc0aab5db","deviceUDID":"3200f02dc0aab5db"}],"alwaysMatch":{}}}}

11-14 17:48:24.009  4211  7552 I ActivityManager: Force stopping com.wallapop appid=10313 user=0: from pid 449 caller com.android.server.am.ActivityManagerShellCommand.runStartActivity:412

11-14 17:48:24.015  4211  4211 D SamsungAlarmManager: Remove alarm for next reason : android.intent.action.PACKAGE_RESTARTED : package: com.wallapop

11-14 17:48:24.022  4211  4227 W BroadcastQueue: Background execution not allowed: receiving Intent { act=android.intent.action.PACKAGE_RESTARTED dat=package:com.wallapop flg=0x10 (has extras) } to android/com.kddi.android.CpaNotiReceiver

11-14 17:48:24.275  4211  7552 I ActivityManager: START u0 {act=null typ=null flg=0x10000000 cmp=ComponentInfo{com.wallapop/com.rewallapop.ui.main.MainActivity}} from uid 2000

11-14 17:48:24.285  4211  7552 I ActivityManager: [IOP] sourceDir : /data/app/com.wallapop-N9ua0QKKrjIAApR3SfN52w== in ActivityStacksupervisor

11-14 17:48:24.303  3727  3727 I SurfaceFlinger: id=28256 createSurf (4440x4440),2 flag=4, AppWindowToken{937d1be token=Token{354d079 ActivityRecord{dbdf940 u0 com.wallapop/com.rewallapop.ui.main.MainActivity t2200}}}#0

11-14 17:48:24.318  4211  4222 D StorageManagerService: getExternalStorageMountMode : final mountMode=1, uid : 10313, packageName : com.wallapop

11-14 17:48:24.318  4211  4222 I ApplicationPolicy: isApplicationExternalStorageWhitelisted:com.wallapop user:0

11-14 17:48:24.318  4211  4222 D ActivityManager: package  com.wallapop, user - 0 is SDcard whitelisted

11-14 17:48:24.318  4211  4222 I ApplicationPolicy: isApplicationExternalStorageBlacklisted:com.wallapop user:0

11-14 17:48:24.318  4211  4222 I ApplicationPolicy: isApplicationExternalStorageBlacklisted:com.wallapop user:0

11-14 17:48:24.320  3727  3727 I SurfaceFlinger: id=28257 createSurf (4440x4440),2 flag=4, 3f25cb3 Splash Screen com.wallapop#0

11-14 17:48:24.323  4211  4211 D Telecom:SamsungPrebindingServiceImpl: onTopActivityChanged : ComponentInfo{com.wallapop/com.rewallapop.ui.main.MainActivity}

11-14 17:48:24.337  4211  4310 V WindowManager: Relayout Window{3f25cb3 u0 Splash Screen com.wallapop}: viewVisibility=0 req=1080x2220 {(0,0)(fillxfill) sim={adjust=pan} ty=APPLICATION_STARTING fmt=TRANSLUCENT wanim=0x10302fe

11-14 17:48:24.340  3727  3727 I SurfaceFlinger: id=28258 createSurf (1080x2220),1 flag=4, Splash Screen com.wallapop#0

11-14 17:48:24.342  4211  4310 D WindowManager: makeSurface duration=2 name=Splash Screen com.wallapop

11-14 17:48:24.342  4211  4229 I ActivityManager: Start proc 452:com.wallapop/u0a313 for activity com.wallapop/com.rewallapop.ui.main.MainActivity

11-14 17:48:24.351   452   452 I com.wallapop: Late-enabling -Xcheck:jni

11-14 17:48:24.364  4211  4310 D WindowManager: finishDrawingWindow: Window{3f25cb3 u0 Splash Screen com.wallapop} mDrawState=DRAW_PENDING

11-14 17:48:24.366  4211  4310 I WindowManager: commitFinishDrawingLocked: mDrawState=READY_TO_SHOW Surface(name=Splash Screen com.wallapop)/@0x9301ba5

11-14 17:48:24.366  4211  4310 V WindowManager: Resize reasons for w=Window{3f25cb3 u0 Splash Screen com.wallapop}:  contentInsetsChanged=false [0,63][0,126] visibleInsetsChanged=false [0,63][0,126] stableInsetsChanged=false [0,63][0,126] outsetsChanged=false [0,0][0,0] surfaceResized=false configChanged=false dragResizingChanged=false reportOrientationChanged=false displayCutoutChanged=false nextForceRelayoutToClient=false

11-14 17:48:24.380   452   452 I com.wallapop: report jit thread pid = 457

11-14 17:48:24.397  4211  4222 I ActivityManager: DSS on for com.wallapop and scale is 1.0

11-14 17:48:24.401  4211  4222 I WindowManager: commitFinishDrawingLocked: mDrawState=READY_TO_SHOW Surface(name=Splash Screen com.wallapop)/@0x9301ba5

11-14 17:48:24.406  4211  4222 D GamePkgDataHelper: notifyAppCreate(), pkgName: com.wallapop, sendRet: true

11-14 17:48:24.406  4211  4473 D GamePkgDataHelper: getGamePkgData(). com.wallapop

11-14 17:48:24.406  4211  4473 D GameManagerService: handleMessage(), MSG_APP_CREATE. ignore. pkgName: com.wallapop

11-14 17:48:24.409  4211  4310 I WindowManager: commitFinishDrawingLocked: mDrawState=READY_TO_SHOW Surface(name=Splash Screen com.wallapop)/@0x9301ba5

11-14 17:48:24.413  4211  4222 D GameManagerService: noteResumeComponent(), resumeComponent: com.wallapop

11-14 17:48:24.413  4211  4473 D GameManagerService: handleForegroundChange(). pkgName: com.wallapop, clsName: com.rewallapop.ui.main.MainActivity,FgActivityName:com.wallapop/com.rewallapop.ui.main.MainActivity

11-14 17:48:24.414  4211  4473 D GameManagerService:   handleForegroundChange(). set mFgApp: com.wallapop

11-14 17:48:24.414  4211  4222 D GamePkgDataHelper: getSosPolicy(). com.wallapop

11-14 17:48:24.414  4211  6257 D GamePkgDataHelper: getGamePkgDataIncServer(). com.wallapop

11-14 17:48:24.414  4211  4473 D GameManagerService: notifyResumePause(). pkg: com.wallapop, type: 4, isMinimized: false, isTunableApp: false

11-14 17:48:24.414  4211  4222 D GameManagerService: identifyGamePackage. com.wallapop

11-14 17:48:24.414  4211  4222 D GamePkgDataHelper: getGamePkgData(). com.wallapop

11-14 17:48:24.414  4211  4222 D MARsPolicyManager: onPackageResumedFG pkgName = com.wallapop, userId = 0

11-14 17:48:24.418  4211  4310 I WindowManager: commitFinishDrawingLocked: mDrawState=READY_TO_SHOW Surface(name=Splash Screen com.wallapop)/@0x9301ba5

11-14 17:48:24.424  4211  4310 I WindowManager: Cancelling animation restarting=true, leash=null, surface=Surface(name=AppWindowToken{937d1be token=Token{354d079 ActivityRecord{dbdf940 u0 com.wallapop/com.rewallapop.ui.main.MainActivity t2200}}})/@0xfd3071e, parent=Surface(name=Task=2200)/@0x8395bff

11-14 17:48:24.424  4211  4310 I WindowManager: Reparenting to leash, surface=Surface(name=AppWindowToken{937d1be token=Token{354d079 ActivityRecord{dbdf940 u0 com.wallapop/com.rewallapop.ui.main.MainActivity t2200}}})/@0xfd3071e

11-14 17:48:24.425  3727  3727 I SurfaceFlinger: id=28260 createSurf (4440x4440),2 flag=4, Surface(name=AppWindowToken{937d1be token=Token{354d079 ActivityRecord{dbdf940 u0 com.wallapop/com.rewallapop.ui.main.MainActivity t2200}}})/@0xfd3071e - animation-leash#0

11-14 17:48:24.428  4211  4310 D WindowManager: makeSurface duration=3 leash=Surface(name=Surface(name=AppWindowToken{937d1be token=Token{354d079 ActivityRecord{dbdf940 u0 com.wallapop/com.rewallapop.ui.main.MainActivity t2200}}})/@0xfd3071e - animation-leash)/@0xae0dcc

11-14 17:48:24.428  4211  4310 D SurfaceControl: reparent is called, sc=Surface(name=AppWindowToken{937d1be token=Token{354d079 ActivityRecord{dbdf940 u0 com.wallapop/com.rewallapop.ui.main.MainActivity t2200}}})/@0xfd3071e, newParentHandle=android.os.BinderProxy@a183815, transaction=android.view.SurfaceControl$Transaction@2a4772a

11-14 17:48:24.429  4211  4310 V WindowManager: performShowLocked: mDrawState=HAS_DRAWN in Window{3f25cb3 u0 Splash Screen com.wallapop}

11-14 17:48:24.431  3727  3770 D Layer   : [AppWindowToken{937d1be token=Token{354d079 ActivityRecord{dbdf940 u0 com.wallapop/com.rewallapop.ui.main.MainActivity t2200}}}#0]::reparent oldParent:[Task=2200#0], newParent:[Surface(name=AppWindowToken{937d1be token=Token{354d079 ActivityRecord{dbdf940 u0 com.wallapop/com.rewallapop.ui.main.MainActivity t2200}}})/@0xfd3071e - animation-leash#0]

11-14 17:48:24.438  4211  4222 D GamePkgDataHelper: getSosPolicy(). com.wallapop

11-14 17:48:24.438   452   452 I com.wallapop: The ClassLoaderContext is a special shared library.

11-14 17:48:24.439  4211  4228 D CodecSolution: isMaxAspectPackageEx: com.wallapop : true(2)

11-14 17:48:24.441  4211  4228 D WindowManager: setSystemUiVisibility: vis= 0xa018, fullscreenVis= 0x2000, dockedVis= 0x0, win=Window{3f25cb3 u0 Splash Screen com.wallapop}

11-14 17:48:24.441  4211  6257 D GameManagerService: identifyGamePackage. com.wallapop

11-14 17:48:24.441  4211  6257 D GamePkgDataHelper: getGamePkgData(). com.wallapop

11-14 17:48:24.447  4211  5662 D GameManagerService: identifyGamePackage. com.wallapop

11-14 17:48:24.447  4211  5662 D GamePkgDataHelper: getGamePkgData(). com.wallapop

11-14 17:48:24.532  3727  3727 I SurfaceFlinger:      Device | 0x70dda21640 | 0000 | RGBA_8888 |   0.0    0.0 1080.0 2220.0 |   91  186  989 2034 | Splash Screen com.wallapop#0

11-14 17:48:24.568  4211  4669 D MdnieScenarioControlService:  packageName : com.wallapop    className : com.rewallapop.ui.main.MainActivity

11-14 17:48:24.572  3727  3727 I SurfaceFlinger:      Device | 0x70dda21640 | 0000 | RGBA_8888 |   0.0    0.0 1080.0 2220.0 |   50  103 1030 2117 | Splash Screen com.wallapop#0

11-14 17:48:24.683  4211  4310 I WindowManager: reset, Reparenting to original parent, shouldDeferScheduleAnimation=false, destroyLeash=true, surface=Surface(name=AppWindowToken{937d1be token=Token{354d079 ActivityRecord{dbdf940 u0 com.wallapop/com.rewallapop.ui.main.MainActivity t2200}}})/@0xfd3071e, parent=Surface(name=Task=2200)/@0x8395bff, parentNativeHandle=android.os.BinderProxy@16adbf6, caller=com.android.server.wm.SurfaceAnimator.lambda$getFinishedCallback$0:97 com.android.server.wm.-$$Lambda$SurfaceAnimator$SIBia0mND666K8lMCPsoid8pUTI.run:4 com.android.server.wm.SurfaceAnimator.lambda$getFinishedCallback$1:104 com.android.server.wm.-$$Lambda$SurfaceAnimator$vdRZk66hQVbQCvVXEaQCT1kVmFc.onAnimationFinished:4 com.android.server.wm.LocalAnimationAdapter.lambda$startAnimation$0:74

11-14 17:48:24.683  4211  4310 D SurfaceControl: reparent is called, sc=Surface(name=AppWindowToken{937d1be token=Token{354d079 ActivityRecord{dbdf940 u0 com.wallapop/com.rewallapop.ui.main.MainActivity t2200}}})/@0xfd3071e, newParentHandle=android.os.BinderProxy@16adbf6, transaction=android.view.SurfaceControl$Transaction@2a4772a

11-14 17:48:24.683  4211  4310 D SurfaceControl: destroy(transaction), animation-leash is destroyed, sc=Surface(name=Surface(name=AppWindowToken{937d1be token=Token{354d079 ActivityRecord{dbdf940 u0 com.wallapop/com.rewallapop.ui.main.MainActivity t2200}}})/@0xfd3071e - animation-leash)/@0xae0dcc, transaction=android.view.SurfaceControl$Transaction@2a4772a, caller=com.android.server.wm.SurfaceAnimator.reset:338 com.android.server.wm.SurfaceAnimator.lambda$getFinishedCallback$0:97 com.android.server.wm.-$$Lambda$SurfaceAnimator$SIBia0mND666K8lMCPsoid8pUTI.run:4 com.android.server.wm.SurfaceAnimator.lambda$getFinishedCallback$1:104 com.android.server.wm.-$$Lambda$SurfaceAnimator$vdRZk66hQVbQCvVXEaQCT1kVmFc.onAnimationFinished:4 com.android.server.wm.LocalAnimationAdapter.lambda$startAnimation$0:74 com.android.server.wm.-$$Lambda$LocalAnimationAdapter$X--EomqUvw4qy89IeeTFTH7aCMo.run:4

11-14 17:48:24.687  3727  3770 D Layer   : [AppWindowToken{937d1be token=Token{354d079 ActivityRecord{dbdf940 u0 com.wallapop/com.rewallapop.ui.main.MainActivity t2200}}}#0]::reparent oldParent:[Surface(name=AppWindowToken{937d1be token=Token{354d079 ActivityRecord{dbdf940 u0 com.wallapop/com.rewallapop.ui.main.MainActivity t2200}}})/@0xfd3071e - animation-leash#0], newParent:[Task=2200#0]

11-14 17:48:24.687  3727  3770 I SurfaceFlinger: id=28260 Removed Surface(name=AppWindowToken{937d1be token=Token{354d079 ActivityRecord{dbdf940 u0 com.wallapop/com.rewallapop.ui.main.MainActivity t2200}}})/@0xfd3071e - animation-leash#0 (0/65)

11-14 17:48:24.687  3727  5386 W SurfaceFlinger: Attempting to set client state on removed layer: Surface(name=AppWindowToken{937d1be token=Token{354d079 ActivityRecord{dbdf940 u0 com.wallapop/com.rewallapop.ui.main.MainActivity t2200}}})/@0xfd3071e - animation-leash#0 [s.what : 519]

11-14 17:48:24.687  3727  5386 W SurfaceFlinger: Attempting to destroy on removed layer: Surface(name=AppWindowToken{937d1be token=Token{354d079 ActivityRecord{dbdf940 u0 com.wallapop/com.rewallapop.ui.main.MainActivity t2200}}})/@0xfd3071e - animation-leash#0

11-14 17:48:24.698  3727  3727 I Layer   : id=28260 onRemoved Surface(name=AppWindowToken{937d1be token=Token{354d079 ActivityRecord{dbdf940 u0 com.wallapop/com.rewallapop.ui.main.MainActivity t2200}}})/@0xfd3071e - animation-leash#0

11-14 17:48:24.724  3727  3727 I SurfaceFlinger:      Device | 0x70dda21640 | 0000 | RGBA_8888 |   0.0    0.0 1080.0 2220.0 |    0    0 1080 2220 | Splash Screen com.wallapop#0

11-14 17:48:24.837   452   484 W com.wallapop: Unsupported class loader

11-14 17:48:24.840   452   484 W com.wallapop: Skipping duplicate class check due to unsupported classloader

11-14 17:48:24.851   452   474 I FA      :   adb shell setprop debug.firebase.analytics.app com.wallapop

11-14 17:48:24.892   452   484 W com.wallapop: Unsupported class loader

11-14 17:48:25.869   452   463 I com.wallapop: Background concurrent copying GC freed 54247(2MB) AllocSpace objects, 13(1420KB) LOS objects, 50% free, 8MB/17MB, paused 185us total 171.700ms

11-14 17:48:26.395  4211  4390 D WifiTrafficPoller: TrafficStats TxPkts=979442 RxPkts=1714344 TxBytes=211248891 RxBytes=1630941762 , Foreground uid=10313 pkgName=com.wallapop TxPackets=63858 RxPackets=57945 TxBytes=13448627 RxBytes=39556489

11-14 17:48:26.831   452   522 I stetho  : Listening on @stetho_com.wallapop_devtools_remote

11-14 17:48:26.908   452   528 W com.wallapop: Accessing hidden field Lsun/misc/Unsafe;->theUnsafe:Lsun/misc/Unsafe; (light greylist, reflection)

11-14 17:48:26.928   452   529 W com.wallapop: Accessing hidden field Ljava/nio/Buffer;->address:J (light greylist, reflection)

11-14 17:48:26.999   452   452 I com.wallapop: The ClassLoaderContext is a special shared library.

11-14 17:48:27.004   452   452 I chatty  : uid=10313(com.wallapop) identical 1 line

11-14 17:48:27.009   452   452 I com.wallapop: The ClassLoaderContext is a special shared library.

11-14 17:48:27.027   452   452 I com.wallapop: Waiting for a blocking GC ClassLinker

11-14 17:48:27.048   452   452 I com.wallapop: WaitForGcToComplete blocked ClassLinker on ClassLinker for 20.901ms

11-14 17:48:27.460   452   554 W com.wallapop: Accessing hidden method Landroid/content/Context;->bindServiceAsUser(Landroid/content/Intent;Landroid/content/ServiceConnection;ILandroid/os/Handler;Landroid/os/UserHandle;)Z (light greylist, reflection)

11-14 17:48:27.465  4211  6257 I ApplicationPolicy: isApplicationExternalStorageWhitelisted:com.wallapop user:0

11-14 17:48:27.465  4211  6257 D ActivityManager: package  com.wallapop, user - 0 is SDcard whitelisted

11-14 17:48:27.465  4211  6257 I ApplicationPolicy: isApplicationExternalStorageBlacklisted:com.wallapop user:0

11-14 17:48:27.466  4211  6257 I ApplicationPolicy: isApplicationExternalStorageBlacklisted:com.wallapop user:0

11-14 17:48:27.484  4211  4229 I ActivityManager: Start proc 557:com.android.chrome:sandboxed_process0/u0i922 for webview_service com.wallapop/org.chromium.content.app.SandboxedProcessService0

11-14 17:48:27.511  4211  6257 I ActivityManager: DSS on for com.wallapop and scale is 1.0

11-14 17:48:27.513  4211  6257 D MultiDisplayManager: init process display: set packageProcessId, displayId=0, same_package_proc=ProcessRecord{83854cdd0 452:com.wallapop/u0a313}, app=ProcessRecord{22a9fbfd0 557:com.android.chrome:sandboxed_process0/u0a313i922}

11-14 17:48:27.538  4211  6257 D WifiPermissionsUtil: canAccessScanResults: pkgName = com.wallapop, uid = 10313

11-14 17:48:27.626   452   452 W com.wallapop: Accessing hidden method Landroid/view/textclassifier/logging/SmartSelectionEventTracker;-><init>(Landroid/content/Context;I)V (light greylist, reflection)

11-14 17:48:27.626   452   452 W com.wallapop: Accessing hidden method Landroid/view/textclassifier/logging/SmartSelectionEventTracker;->logEvent(Landroid/view/textclassifier/logging/SmartSelectionEventTracker$SelectionEvent;)V (light greylist, reflection)

11-14 17:48:27.626   452   452 W com.wallapop: Accessing hidden method Landroid/view/textclassifier/logging/SmartSelectionEventTracker$SelectionEvent;->selectionStarted(I)Landroid/view/textclassifier/logging/SmartSelectionEventTracker$SelectionEvent; (light greylist, reflection)

11-14 17:48:27.626   452   452 W com.wallapop: Accessing hidden method Landroid/view/textclassifier/logging/SmartSelectionEventTracker$SelectionEvent;->selectionModified(II)Landroid/view/textclassifier/logging/SmartSelectionEventTracker$SelectionEvent; (light greylist, reflection)

11-14 17:48:27.626   452   452 W com.wallapop: Accessing hidden method Landroid/view/textclassifier/logging/SmartSelectionEventTracker$SelectionEvent;->selectionModified(IILandroid/view/textclassifier/TextClassification;)Landroid/view/textclassifier/logging/SmartSelectionEventTracker$SelectionEvent; (light greylist, reflection)

11-14 17:48:27.627   452   452 W com.wallapop: Accessing hidden method Landroid/view/textclassifier/logging/SmartSelectionEventTracker$SelectionEvent;->selectionModified(IILandroid/view/textclassifier/TextSelection;)Landroid/view/textclassifier/logging/SmartSelectionEventTracker$SelectionEvent; (light greylist, reflection)

11-14 17:48:27.627   452   452 W com.wallapop: Accessing hidden method Landroid/view/textclassifier/logging/SmartSelectionEventTracker$SelectionEvent;->selectionAction(III)Landroid/view/textclassifier/logging/SmartSelectionEventTracker$SelectionEvent; (light greylist, reflection)

11-14 17:48:27.627   452   452 W com.wallapop: Accessing hidden method Landroid/view/textclassifier/logging/SmartSelectionEventTracker$SelectionEvent;->selectionAction(IIILandroid/view/textclassifier/TextClassification;)Landroid/view/textclassifier/logging/SmartSelectionEventTracker$SelectionEvent; (light greylist, reflection)

11-14 17:48:27.670   452   577 W com.wallapop: Accessing hidden method Landroid/media/AudioManager;->getOutputLatency(I)I (light greylist, reflection)

11-14 17:48:27.724   452   452 W com.wallapop: Accessing hidden method Landroid/app/ActivityThread;->currentPackageName()Ljava/lang/String; (light greylist, reflection)

11-14 17:48:28.013   452   623 W com.wallapop: Accessing hidden method Lcom/android/org/conscrypt/OpenSSLSocketImpl;->setAlpnProtocols([B)V (light greylist, reflection)

11-14 17:48:28.368   452   623 W com.wallapop: Accessing hidden method Lcom/android/org/conscrypt/OpenSSLSocketImpl;->getAlpnSelectedProtocol()[B (light greylist, reflection)

11-14 17:48:30.020  4211  6757 D SamsungAlarmManager: Cancel Alarm calling from uid:10313 pid :452 / op:PendingIntent{929c73e: PendingIntentRecord{f654bac com.wallapop broadcastIntent}}

11-14 17:48:30.100   452   463 I com.wallapop: Background concurrent copying GC freed 50253(3MB) AllocSpace objects, 26(1584KB) LOS objects, 49% free, 7MB/14MB, paused 498us total 176.585ms

11-14 17:48:30.202   452   452 W com.wallapop: Accessing hidden method Landroid/view/View;->computeFitSystemWindows(Landroid/graphics/Rect;Landroid/graphics/Rect;)Z (light greylist, reflection)

11-14 17:48:30.203   452   452 W com.wallapop: Accessing hidden method Landroid/view/ViewGroup;->makeOptionalFitsSystemWindows()V (light greylist, reflection)

11-14 17:48:30.222   452   452 W com.wallapop: Accessing hidden field Landroid/view/ViewGroup;->mOnHierarchyChangeListener:Landroid/view/ViewGroup$OnHierarchyChangeListener; (light greylist, reflection)

11-14 17:48:30.260  4211  6757 D SamsungAlarmManager: Cancel Alarm calling from uid:10313 pid :452 / op:PendingIntent{c26db84: PendingIntentRecord{f85df6d com.wallapop broadcastIntent}}

11-14 17:48:30.353   452   452 I chatty  : uid=10313(com.wallapop) identical 14 lines

11-14 17:48:30.354   452   452 I chatty  : uid=10313(com.wallapop) identical 1 line

11-14 17:48:30.356   452   452 I chatty  : uid=10313(com.wallapop) identical 8 lines

11-14 17:48:30.442  4211  7608 D GameManagerService: identifyGamePackage. com.wallapop

11-14 17:48:30.442  4211  7608 D GamePkgDataHelper: getGamePkgData(). com.wallapop

11-14 17:48:30.457  4211  4390 D WifiTrafficPoller: TrafficStats TxPkts=979490 RxPkts=1714381 TxBytes=211270857 RxBytes=1630958316 , Foreground uid=10313 pkgName=com.wallapop TxPackets=63900 RxPackets=57979 TxBytes=13470412 RxBytes=39579244

11-14 17:48:30.501  4211  5662 I ActivityManager: START u0 {act=null typ=null flg=0x0 cmp=ComponentInfo{com.wallapop/com.rewallapop.ui.wall.WallActivity}} from uid 10313

11-14 17:48:30.516  3727  3727 I SurfaceFlinger: id=28261 createSurf (4440x4440),2 flag=4, AppWindowToken{aae0569 token=Token{8f82bf0 ActivityRecord{7264c33 u0 com.wallapop/com.rewallapop.ui.wall.WallActivity t2200}}}#0

11-14 17:48:30.519  4211  5662 D SurfaceControl: reparent is called, sc=Surface(name=3f25cb3 Splash Screen com.wallapop)/@0x9f47bee, newParentHandle=android.os.BinderProxy@2ef788f, transaction=android.view.SurfaceControl$Transaction@44c171c

11-14 17:48:30.522  3727  5386 D Layer   : [3f25cb3 Splash Screen com.wallapop#0]::reparent oldParent:[AppWindowToken{937d1be token=Token{354d079 ActivityRecord{dbdf940 u0 com.wallapop/com.rewallapop.ui.main.MainActivity t2200}}}#0], newParent:[AppWindowToken{aae0569 token=Token{8f82bf0 ActivityRecord{7264c33 u0 com.wallapop/com.rewallapop.ui.wall.WallActivity t2200}}}#0]

11-14 17:48:30.525  4211  4228 D WindowManager: setSystemUiVisibility: vis= 0xa018, fullscreenVis= 0x2000, dockedVis= 0x0, win=Window{3f25cb3 u0 Splash Screen com.wallapop}

11-14 17:48:30.528  4211  4211 D Telecom:SamsungPrebindingServiceImpl: onTopActivityChanged : ComponentInfo{com.wallapop/com.rewallapop.ui.wall.WallActivity}

11-14 17:48:30.713   452   725 I com.wallapop: The ClassLoaderContext is a special shared library.

11-14 17:48:30.733  4211  4473 D GamePkgDataHelper: getGamePkgData(). com.wallapop

11-14 17:48:30.733  4211  6257 D GamePkgDataHelper: notifyAppCreate(), pkgName: com.wallapop, sendRet: true

11-14 17:48:30.733  4211  4473 D GameManagerService: handleMessage(), MSG_APP_CREATE. ignore. pkgName: com.wallapop

11-14 17:48:30.737  4211  6257 D GameManagerService: noteResumeComponent(), resumeComponent: com.wallapop

11-14 17:48:30.737  4211  6257 D MARsPolicyManager: onPackageResumedFG pkgName = com.wallapop, userId = 0

11-14 17:48:30.738  4211  4473 D GameManagerService: handleForegroundChange(). pkgName: com.wallapop, clsName: com.rewallapop.ui.wall.WallActivity,FgActivityName:com.wallapop/com.rewallapop.ui.wall.WallActivity

11-14 17:48:30.740  4211  4211 D Telecom:SamsungPrebindingServiceImpl: onTopActivityChanged : ComponentInfo{com.wallapop/com.rewallapop.ui.wall.WallActivity}

11-14 17:48:30.744  4211  6257 I WindowManager: Cancelling animation restarting=true, leash=null, surface=Surface(name=AppWindowToken{937d1be token=Token{354d079 ActivityRecord{dbdf940 u0 com.wallapop/com.rewallapop.ui.main.MainActivity t2200}}})/@0xfd3071e, parent=Surface(name=Task=2200)/@0x8395bff

11-14 17:48:30.744  4211  6257 I WindowManager: Reparenting to leash, surface=Surface(name=AppWindowToken{937d1be token=Token{354d079 ActivityRecord{dbdf940 u0 com.wallapop/com.rewallapop.ui.main.MainActivity t2200}}})/@0xfd3071e

11-14 17:48:30.745  3727  3727 I SurfaceFlinger: id=28262 createSurf (4440x4440),2 flag=4, Surface(name=AppWindowToken{937d1be token=Token{354d079 ActivityRecord{dbdf940 u0 com.wallapop/com.rewallapop.ui.main.MainActivity t2200}}})/@0xfd3071e - animation-leash#0

11-14 17:48:30.747  4211  6257 D WindowManager: makeSurface duration=2 leash=Surface(name=Surface(name=AppWindowToken{937d1be token=Token{354d079 ActivityRecord{dbdf940 u0 com.wallapop/com.rewallapop.ui.main.MainActivity t2200}}})/@0xfd3071e - animation-leash)/@0xac48b95

11-14 17:48:30.747  4211  6257 D SurfaceControl: reparent is called, sc=Surface(name=AppWindowToken{937d1be token=Token{354d079 ActivityRecord{dbdf940 u0 com.wallapop/com.rewallapop.ui.main.MainActivity t2200}}})/@0xfd3071e, newParentHandle=android.os.BinderProxy@27504aa, transaction=android.view.SurfaceControl$Transaction@2a4772a

