11-14 17:48:30.751  3727  5386 D Layer   : [AppWindowToken{937d1be token=Token{354d079 ActivityRecord{dbdf940 u0 com.wallapop/com.rewallapop.ui.main.MainActivity t2200}}}#0]::reparent oldParent:[Task=2200#0], newParent:[Surface(name=AppWindowToken{937d1be token=Token{354d079 ActivityRecord{dbdf940 u0 com.wallapop/com.rewallapop.ui.main.MainActivity t2200}}})/@0xfd3071e - animation-leash#0]

11-14 17:48:30.752  4211  4227 D ApplicationPolicy: isStatusBarNotificationAllowedAsUser: packageName = com.wallapop,userId = 0

11-14 17:48:30.752  4211  4227 D ApplicationPolicy: isStatusBarNotificationAllowedAsUser: packageName = com.wallapop,userId = 0

11-14 17:48:30.792   452   520 W com.wallapop: Accessing hidden method Ldalvik/system/VMRuntime;->getRuntime()Ldalvik/system/VMRuntime; (light greylist, reflection)

11-14 17:48:30.792   452   520 W com.wallapop: Accessing hidden method Ldalvik/system/VMRuntime;->vmInstructionSet()Ljava/lang/String; (light greylist, reflection)

11-14 17:48:30.815 19377 20028 I Finsky  : [9630] fxs.d(3): com.wallapop: Account determined from installer data - [rJj4Md76H4LxoN-B4dnoZM7XaXDDBcXGlC-caOCi6Uc]

11-14 17:48:30.815 19377 20028 I Finsky  : [9630] fxs.d(14): com.wallapop: Account from preferred account - [rJj4Md76H4LxoN-B4dnoZM7XaXDDBcXGlC-caOCi6Uc]

11-14 17:48:30.819 19377 20028 I Finsky  : [9630] fxs.d(3): com.wallapop: Account determined from installer data - [rJj4Md76H4LxoN-B4dnoZM7XaXDDBcXGlC-caOCi6Uc]

11-14 17:48:30.819 19377 20028 I Finsky  : [9630] fxs.d(14): com.wallapop: Account from preferred account - [rJj4Md76H4LxoN-B4dnoZM7XaXDDBcXGlC-caOCi6Uc]

11-14 17:48:30.821 19377 20028 I Finsky  : [9630] fxs.d(3): com.wallapop: Account determined from installer data - [rJj4Md76H4LxoN-B4dnoZM7XaXDDBcXGlC-caOCi6Uc]

11-14 17:48:30.821 19377 20028 I Finsky  : [9630] fxs.d(14): com.wallapop: Account from preferred account - [rJj4Md76H4LxoN-B4dnoZM7XaXDDBcXGlC-caOCi6Uc]

11-14 17:48:30.824 19377 20028 I Finsky  : [9630] fxs.d(3): com.wallapop: Account determined from installer data - [rJj4Md76H4LxoN-B4dnoZM7XaXDDBcXGlC-caOCi6Uc]

11-14 17:48:30.824 19377 20028 I Finsky  : [9630] fxs.d(14): com.wallapop: Account from preferred account - [rJj4Md76H4LxoN-B4dnoZM7XaXDDBcXGlC-caOCi6Uc]

11-14 17:48:30.863 23911 23911 D Notification.Badge: [valid] onNotificationPosted : StatusBarNotification(pkg=com.wallapop user=UserHandle{0} id=999 tag=null key=0|com.wallapop|999|null|10313: Notification(channel=wallapop_channel pri=-2 contentView=null vibrate=null sound=null defaults=0x0 flags=0x62 color=0x00000000 vis=PRIVATE semFlags=0x0 semPriority=0 semMissedCount=0))

11-14 17:48:30.863 23911 23911 D Notification.Badge: notificationKey : 0|com.wallapop|999|null|10313, count : 0, this.count : 1

11-14 17:48:30.864 23911 23978 D Notification.Badge: LauncherModel:onNotificationPosted() : com.wallapop, count : [0], shouldBeFilteredOut : [false]

11-14 17:48:30.864 23911 23978 D Notification.Badge: notificationKey : 0|com.wallapop|999|null|10313, count : 1, mTotalCount : 1

11-14 17:48:30.871 23911 23978 D Notification.Badge: updateLauncherIconBadges() item : [IconInfo(title=_Wallapop_ intent=Intent { act=android.intent.action.MAIN cat=[android.intent.category.LAUNCHER] flg=0x10200000 cmp=com.wallapop/.activities.HomeActivity (has extras) } id=162 type=0 container=-102 screen=1 cellX=3 cellY=0 spanX=1 spanY=1 rank=3 hidden=0 dropPos=null user=UserHandle{0} screenType=0)], mShowBadge : [true], item.mBadgeCount : [1]

11-14 17:48:30.874 23911 23911 D RecommendedView: updateBadgeItems: [IconInfo(title=_Wallapop_ intent=Intent { act=android.intent.action.MAIN cat=[android.intent.category.LAUNCHER] flg=0x10200000 cmp=com.wallapop/.activities.HomeActivity (has extras) } id=162 type=0 container=-102 screen=1 cellX=3 cellY=0 spanX=1 spanY=1 rank=3 hidden=0 dropPos=null user=UserHandle{0} screenType=0)]

11-14 17:48:31.041  4211  4310 I WindowManager: reset, Reparenting to original parent, shouldDeferScheduleAnimation=false, destroyLeash=true, surface=Surface(name=AppWindowToken{937d1be token=Token{354d079 ActivityRecord{dbdf940 u0 com.wallapop/com.rewallapop.ui.main.MainActivity t2200}}})/@0xfd3071e, parent=Surface(name=Task=2200)/@0x8395bff, parentNativeHandle=android.os.BinderProxy@16adbf6, caller=com.android.server.wm.SurfaceAnimator.lambda$getFinishedCallback$0:97 com.android.server.wm.-$$Lambda$SurfaceAnimator$SIBia0mND666K8lMCPsoid8pUTI.run:4 com.android.server.wm.SurfaceAnimator.lambda$getFinishedCallback$1:104 com.android.server.wm.-$$Lambda$SurfaceAnimator$vdRZk66hQVbQCvVXEaQCT1kVmFc.onAnimationFinished:4 com.android.server.wm.LocalAnimationAdapter.lambda$startAnimation$0:74

11-14 17:48:31.042  4211  4310 D SurfaceControl: reparent is called, sc=Surface(name=AppWindowToken{937d1be token=Token{354d079 ActivityRecord{dbdf940 u0 com.wallapop/com.rewallapop.ui.main.MainActivity t2200}}})/@0xfd3071e, newParentHandle=android.os.BinderProxy@16adbf6, transaction=android.view.SurfaceControl$Transaction@2a4772a

11-14 17:48:31.042  4211  4310 D SurfaceControl: destroy(transaction), animation-leash is destroyed, sc=Surface(name=Surface(name=AppWindowToken{937d1be token=Token{354d079 ActivityRecord{dbdf940 u0 com.wallapop/com.rewallapop.ui.main.MainActivity t2200}}})/@0xfd3071e - animation-leash)/@0xac48b95, transaction=android.view.SurfaceControl$Transaction@2a4772a, caller=com.android.server.wm.SurfaceAnimator.reset:338 com.android.server.wm.SurfaceAnimator.lambda$getFinishedCallback$0:97 com.android.server.wm.-$$Lambda$SurfaceAnimator$SIBia0mND666K8lMCPsoid8pUTI.run:4 com.android.server.wm.SurfaceAnimator.lambda$getFinishedCallback$1:104 com.android.server.wm.-$$Lambda$SurfaceAnimator$vdRZk66hQVbQCvVXEaQCT1kVmFc.onAnimationFinished:4 com.android.server.wm.LocalAnimationAdapter.lambda$startAnimation$0:74 com.android.server.wm.-$$Lambda$LocalAnimationAdapter$X--EomqUvw4qy89IeeTFTH7aCMo.run:4

11-14 17:48:31.057  3727  5386 D Layer   : [AppWindowToken{937d1be token=Token{354d079 ActivityRecord{dbdf940 u0 com.wallapop/com.rewallapop.ui.main.MainActivity t2200}}}#0]::reparent oldParent:[Surface(name=AppWindowToken{937d1be token=Token{354d079 ActivityRecord{dbdf940 u0 com.wallapop/com.rewallapop.ui.main.MainActivity t2200}}})/@0xfd3071e - animation-leash#0], newParent:[Task=2200#0]

11-14 17:48:31.057  3727  5386 I SurfaceFlinger: id=28262 Removed Surface(name=AppWindowToken{937d1be token=Token{354d079 ActivityRecord{dbdf940 u0 com.wallapop/com.rewallapop.ui.main.MainActivity t2200}}})/@0xfd3071e - animation-leash#0 (0/64)

11-14 17:48:31.073  3727  3727 I Layer   : id=28262 onRemoved Surface(name=AppWindowToken{937d1be token=Token{354d079 ActivityRecord{dbdf940 u0 com.wallapop/com.rewallapop.ui.main.MainActivity t2200}}})/@0xfd3071e - animation-leash#0

11-14 17:48:31.095  4211  6257 D SamsungAlarmManager: Cancel Alarm calling from uid:10313 pid :452 / op:PendingIntent{a057f02: PendingIntentRecord{f85df6d com.wallapop broadcastIntent}}

11-14 17:48:31.234   452   463 I com.wallapop: Background concurrent copying GC freed 95401(5MB) AllocSpace objects, 36(1132KB) LOS objects, 50% free, 11MB/22MB, paused 410us total 420.805ms

11-14 17:48:31.337   452   452 W com.wallapop: Accessing hidden method Landroid/widget/TextView;->getTextDirectionHeuristic()Landroid/text/TextDirectionHeuristic; (light greylist, linking)

11-14 17:48:31.341   452   452 W com.wallapop: Accessing hidden method Landroid/graphics/FontFamily;-><init>()V (light greylist, reflection)

11-14 17:48:31.341   452   452 W com.wallapop: Accessing hidden method Landroid/graphics/FontFamily;->addFontFromAssetManager(Landroid/content/res/AssetManager;Ljava/lang/String;IZIII[Landroid/graphics/fonts/FontVariationAxis;)Z (light greylist, reflection)

11-14 17:48:31.342   452   452 W com.wallapop: Accessing hidden method Landroid/graphics/FontFamily;->addFontFromBuffer(Ljava/nio/ByteBuffer;I[Landroid/graphics/fonts/FontVariationAxis;II)Z (light greylist, reflection)

11-14 17:48:31.342   452   452 W com.wallapop: Accessing hidden method Landroid/graphics/FontFamily;->freeze()Z (light greylist, reflection)

11-14 17:48:31.343   452   452 W com.wallapop: Accessing hidden method Landroid/graphics/FontFamily;->abortCreation()V (light greylist, reflection)

11-14 17:48:31.343   452   452 W com.wallapop: Accessing hidden method Landroid/graphics/Typeface;->createFromFamiliesWithDefault([Landroid/graphics/FontFamily;Ljava/lang/String;II)Landroid/graphics/Typeface; (light greylist, reflection)

11-14 17:48:31.502   452   719 I com.wallapop: The ClassLoaderContext is a special shared library.

11-14 17:48:31.986   452   463 I com.wallapop: Background concurrent copying GC freed 165274(12MB) AllocSpace objects, 25(1008KB) LOS objects, 50% free, 9MB/18MB, paused 456us total 110.443ms

11-14 17:48:32.235  3727  3727 I SurfaceFlinger: id=28263 createSurf (4440x4440),2 flag=4, dfec6ae com.wallapop/com.rewallapop.ui.wall.WallActivity#0

11-14 17:48:32.267 19377 20028 I Finsky  : [9630] fxs.d(3): com.wallapop: Account determined from installer data - [rJj4Md76H4LxoN-B4dnoZM7XaXDDBcXGlC-caOCi6Uc]

11-14 17:48:32.268 19377 20028 I Finsky  : [9630] fxs.d(14): com.wallapop: Account from preferred account - [rJj4Md76H4LxoN-B4dnoZM7XaXDDBcXGlC-caOCi6Uc]

11-14 17:48:32.333 19377 20028 I Finsky  : [9630] fxs.d(3): com.wallapop: Account determined from installer data - [rJj4Md76H4LxoN-B4dnoZM7XaXDDBcXGlC-caOCi6Uc]

11-14 17:48:32.334 19377 20028 I Finsky  : [9630] fxs.d(14): com.wallapop: Account from preferred account - [rJj4Md76H4LxoN-B4dnoZM7XaXDDBcXGlC-caOCi6Uc]

11-14 17:48:32.421 19377 20028 I Finsky  : [9630] fxs.d(3): com.wallapop: Account determined from installer data - [rJj4Md76H4LxoN-B4dnoZM7XaXDDBcXGlC-caOCi6Uc]

11-14 17:48:32.422 19377 20028 I Finsky  : [9630] fxs.d(14): com.wallapop: Account from preferred account - [rJj4Md76H4LxoN-B4dnoZM7XaXDDBcXGlC-caOCi6Uc]

11-14 17:48:32.474 19377 20028 I Finsky  : [9630] fxs.d(3): com.wallapop: Account determined from installer data - [rJj4Md76H4LxoN-B4dnoZM7XaXDDBcXGlC-caOCi6Uc]

11-14 17:48:32.475 19377 20028 I Finsky  : [9630] fxs.d(14): com.wallapop: Account from preferred account - [rJj4Md76H4LxoN-B4dnoZM7XaXDDBcXGlC-caOCi6Uc]

11-14 17:48:32.509  4211  5239 D ActivityManagerPerformance: Received MSG_DISABLE_ACT_START, r: ActivityRecord{7264c33 u0 com.wallapop/com.rewallapop.ui.wall.WallActivity t2200}

11-14 17:48:32.818   452   463 I com.wallapop: Background concurrent copying GC freed 95841(5MB) AllocSpace objects, 41(2MB) LOS objects, 50% free, 11MB/22MB, paused 388us total 158.470ms

11-14 17:48:32.891  4211  4808 V WindowManager: Relayout Window{dfec6ae u0 com.wallapop/com.rewallapop.ui.wall.WallActivity}: viewVisibility=0 req=1080x2220 {(0,0)(fillxfill) sim={adjust=resize forwardNavigation} ty=BASE_APPLICATION wanim=0x10302fe

11-14 17:48:32.894  3727  3727 I SurfaceFlinger: id=28264 createSurf (1080x2220),1 flag=404, com.wallapop/com.rewallapop.ui.wall.WallActivity[452]#0

11-14 17:48:32.896  4211  4808 D WindowManager: makeSurface duration=2 name=com.wallapop/com.rewallapop.ui.wall.WallActivity[452]

11-14 17:48:32.896  4211  4808 V WindowManager: Changing focus from null to Window{dfec6ae u0 com.wallapop/com.rewallapop.ui.wall.WallActivity} Callers=com.android.server.wm.WindowManagerService.relayoutWindow:2526 com.android.server.wm.Session.relayoutForTranslate:302 android.view.IWindowSession$Stub.onTransact:518 com.android.server.wm.Session.onTransact:186

11-14 17:48:32.897  4211  4228 D WindowManager: setSystemUiVisibility: vis= 0xa518, fullscreenVis= 0x2000, dockedVis= 0x0, win=Window{dfec6ae u0 com.wallapop/com.rewallapop.ui.wall.WallActivity}

11-14 17:48:32.899  4211  4242 D WindowManager: reportFocusChangedSerialized, focused=true, inTouchMode=true, win=Window{dfec6ae u0 com.wallapop/com.rewallapop.ui.wall.WallActivity}

11-14 17:48:33.012 19377 20028 I Finsky  : [9630] fxs.d(3): com.wallapop: Account determined from installer data - [rJj4Md76H4LxoN-B4dnoZM7XaXDDBcXGlC-caOCi6Uc]

11-14 17:48:33.013 19377 20028 I Finsky  : [9630] fxs.d(14): com.wallapop: Account from preferred account - [rJj4Md76H4LxoN-B4dnoZM7XaXDDBcXGlC-caOCi6Uc]

11-14 17:48:33.219  4211  6257 D WindowManager: finishDrawingWindow: Window{dfec6ae u0 com.wallapop/com.rewallapop.ui.wall.WallActivity} mDrawState=DRAW_PENDING

11-14 17:48:33.222  4211  4310 I WindowManager: commitFinishDrawingLocked: mDrawState=READY_TO_SHOW Surface(name=com.wallapop/com.rewallapop.ui.wall.WallActivity[452])/@0x5d19e2f

11-14 17:48:33.222  4211  4310 V WindowManager: Resize reasons for w=Window{dfec6ae u0 com.wallapop/com.rewallapop.ui.wall.WallActivity}:  contentInsetsChanged=false [0,63][0,126] visibleInsetsChanged=false [0,63][0,126] stableInsetsChanged=false [0,63][0,126] outsetsChanged=false [0,0][0,0] surfaceResized=false configChanged=false dragResizingChanged=false reportOrientationChanged=false displayCutoutChanged=false nextForceRelayoutToClient=false

11-14 17:48:33.235  4211  4310 I WindowManager: commitFinishDrawingLocked: mDrawState=READY_TO_SHOW Surface(name=com.wallapop/com.rewallapop.ui.wall.WallActivity[452])/@0x5d19e2f

11-14 17:48:33.235  4211  4310 I WindowManager: Cancelling animation restarting=false, leash=null, surface=Surface(name=dfec6ae com.wallapop/com.rewallapop.ui.wall.WallActivity)/@0xfccdc3c, parent=Surface(name=AppWindowToken{aae0569 token=Token{8f82bf0 ActivityRecord{7264c33 u0 com.wallapop/com.rewallapop.ui.wall.WallActivity t2200}}})/@0x7bc3dc5

11-14 17:48:33.235  4211  4310 V WindowManager: performShowLocked: mDrawState=HAS_DRAWN in Window{dfec6ae u0 com.wallapop/com.rewallapop.ui.wall.WallActivity}

11-14 17:48:33.266  3727  3727 I SurfaceFlinger:      Device | 0x70dda20980 | 0002 | RGBA_8888 |   0.0    0.0 1080.0 2220.0 |    0    0 1080 2220 | com.wallapop/com.rewallapop.ui.wall.WallActivity[452]#0

11-14 17:48:33.266  3727  3727 I SurfaceFlinger:      Device | 0x70dda21640 | 0000 | RGBA_8888 |   0.0    0.0 1080.0 2220.0 |    0    0 1080 2220 | Splash Screen com.wallapop#0

11-14 17:48:33.274  4211  4242 I ActivityManager: Displayed com.wallapop/com.rewallapop.ui.wall.WallActivity: +2s507ms (total +8s919ms)

11-14 17:48:33.274  4211  4310 V WindowManager: Remove Window{3f25cb3 u0 Splash Screen com.wallapop}: mSurfaceController=Surface(name=Splash Screen com.wallapop)/@0x9301ba5 mAnimatingExit=false mRemoveOnExit=false mHasSurface=true surfaceShowing=true isAnimationSet=false app-animation=false mWillReplaceWindow=false inPendingTransaction=false mDisplayFrozen=false callers=com.android.server.wm.WindowState.removeIfPossible:2764 com.android.server.wm.WindowManagerService.removeWindow:1943 com.android.server.wm.Session.remove:268 android.view.ViewRootImpl.dispatchDetachedFromWindow:4565 android.view.ViewRootImpl.doDie:7996 android.view.ViewRootImpl$ViewRootHandler.handleMessage:4987

11-14 17:48:33.275  4211  4310 I WindowManager: Cancelling animation restarting=true, leash=null, surface=Surface(name=3f25cb3 Splash Screen com.wallapop)/@0x9f47bee, parent=Surface(name=AppWindowToken{aae0569 token=Token{8f82bf0 ActivityRecord{7264c33 u0 com.wallapop/com.rewallapop.ui.wall.WallActivity t2200}}})/@0x7bc3dc5

11-14 17:48:33.275  4211  4310 I WindowManager: Reparenting to leash, surface=Surface(name=3f25cb3 Splash Screen com.wallapop)/@0x9f47bee

11-14 17:48:33.284  3727  3727 I SurfaceFlinger: id=28265 createSurf (4440x4440),2 flag=4, Surface(name=3f25cb3 Splash Screen com.wallapop)/@0x9f47bee - animation-leash#0

11-14 17:48:33.287  4211  4310 D WindowManager: makeSurface duration=11 leash=Surface(name=Surface(name=3f25cb3 Splash Screen com.wallapop)/@0x9f47bee - animation-leash)/@0xde3ee4b

11-14 17:48:33.287  4211  4310 D SurfaceControl: reparent is called, sc=Surface(name=3f25cb3 Splash Screen com.wallapop)/@0x9f47bee, newParentHandle=android.os.BinderProxy@5a98028, transaction=android.view.SurfaceControl$Transaction@44c171c

11-14 17:48:33.291  3727  5386 D Layer   : [3f25cb3 Splash Screen com.wallapop#0]::reparent oldParent:[AppWindowToken{aae0569 token=Token{8f82bf0 ActivityRecord{7264c33 u0 com.wallapop/com.rewallapop.ui.wall.WallActivity t2200}}}#0], newParent:[Surface(name=3f25cb3 Splash Screen com.wallapop)/@0x9f47bee - animation-leash#0]

11-14 17:48:33.329   452   452 V InputMethodManager: Starting input: tba=com.wallapop ic=null mNaviBarColor -1 mIsGetNaviBarColorSuccess true , NavVisible : true , NavTrans : false

11-14 17:48:33.331  4211  6257 V InputMethodManagerService: windowGainedFocus : reason=WINDOW_FOCUS_GAIN client=android.os.BinderProxy@c3348b0 inputContext=null missingMethods= attribute=android.view.inputmethod.EditorInfo@5812427 nm = com.wallapop controlFlags=#104 softInputMode=#110 windowFlags=#81810100

11-14 17:48:33.444  4211  4310 I WindowManager: reset, Reparenting to original parent, shouldDeferScheduleAnimation=false, destroyLeash=true, surface=Surface(name=3f25cb3 Splash Screen com.wallapop)/@0x9f47bee, parent=Surface(name=AppWindowToken{aae0569 token=Token{8f82bf0 ActivityRecord{7264c33 u0 com.wallapop/com.rewallapop.ui.wall.WallActivity t2200}}})/@0x7bc3dc5, parentNativeHandle=android.os.BinderProxy@2ef788f, caller=com.android.server.wm.SurfaceAnimator.lambda$getFinishedCallback$0:97 com.android.server.wm.-$$Lambda$SurfaceAnimator$SIBia0mND666K8lMCPsoid8pUTI.run:4 com.android.server.wm.SurfaceAnimator.lambda$getFinishedCallback$1:104 com.android.server.wm.-$$Lambda$SurfaceAnimator$vdRZk66hQVbQCvVXEaQCT1kVmFc.onAnimationFinished:4 com.android.server.wm.LocalAnimationAdapter.lambda$startAnimation$0:74

11-14 17:48:33.444  4211  4310 D SurfaceControl: reparent is called, sc=Surface(name=3f25cb3 Splash Screen com.wallapop)/@0x9f47bee, newParentHandle=android.os.BinderProxy@2ef788f, transaction=android.view.SurfaceControl$Transaction@44c171c

11-14 17:48:33.445  4211  4310 D SurfaceControl: destroy(transaction), animation-leash is destroyed, sc=Surface(name=Surface(name=3f25cb3 Splash Screen com.wallapop)/@0x9f47bee - animation-leash)/@0xde3ee4b, transaction=android.view.SurfaceControl$Transaction@44c171c, caller=com.android.server.wm.SurfaceAnimator.reset:338 com.android.server.wm.SurfaceAnimator.lambda$getFinishedCallback$0:97 com.android.server.wm.-$$Lambda$SurfaceAnimator$SIBia0mND666K8lMCPsoid8pUTI.run:4 com.android.server.wm.SurfaceAnimator.lambda$getFinishedCallback$1:104 com.android.server.wm.-$$Lambda$SurfaceAnimator$vdRZk66hQVbQCvVXEaQCT1kVmFc.onAnimationFinished:4 com.android.server.wm.LocalAnimationAdapter.lambda$startAnimation$0:74 com.android.server.wm.-$$Lambda$LocalAnimationAdapter$X--EomqUvw4qy89IeeTFTH7aCMo.run:4

11-14 17:48:33.445  4211  4310 E WindowManager: win=Window{3f25cb3 u0 Splash Screen com.wallapop EXITING} destroySurfaces: appStopped=false win.mWindowRemovalAllowed=true win.mRemoveOnExit=true win.mViewVisibility=0 caller=com.android.server.wm.AppWindowToken.destroySurfaces:870 com.android.server.wm.AppWindowToken.destroySurfaces:851 com.android.server.wm.WindowState.onExitAnimationDone:5436 com.android.server.wm.WindowStateAnimator.onAnimationFinished:319 com.android.server.wm.WindowState.onAnimationFinished:5858 com.android.server.wm.-$$Lambda$yVRF8YoeNdTa8GR1wDStVsHu8xM.run:2 com.android.server.wm.SurfaceAnimator.lambda$getFinishedCallback$0:100

11-14 17:48:33.446  4211  4310 I WindowManager: Destroying surface Surface(name=Splash Screen com.wallapop)/@0x9301ba5 called by com.android.server.wm.WindowStateAnimator.destroySurface:1901 com.android.server.wm.WindowStateAnimator.destroySurfaceLocked:838 com.android.server.wm.WindowState.destroySurfaceUnchecked:3839 com.android.server.wm.WindowState.destroySurface:3820 com.android.server.wm.AppWindowToken.destroySurfaces:870 com.android.server.wm.AppWindowToken.destroySurfaces:851 com.android.server.wm.WindowState.onExitAnimationDone:5436 com.android.server.wm.WindowStateAnimator.onAnimationFinished:319

11-14 17:48:33.448  3727  5386 I SurfaceFlinger: id=28258 Removed Splash Screen com.wallapop#0 (0/66)

11-14 17:48:33.454  3727  3771 W SurfaceFlinger: Attempting to set client state on removed layer: Splash Screen com.wallapop#0 [s.what : 40]

11-14 17:48:33.454  3727  3771 D Layer   : [3f25cb3 Splash Screen com.wallapop#0]::reparent oldParent:[Surface(name=3f25cb3 Splash Screen com.wallapop)/@0x9f47bee - animation-leash#0], newParent:[AppWindowToken{aae0569 token=Token{8f82bf0 ActivityRecord{7264c33 u0 com.wallapop/com.rewallapop.ui.wall.WallActivity t2200}}}#0]

11-14 17:48:33.454  3727  3771 W SurfaceFlinger: Attempting to destroy on removed layer: Splash Screen com.wallapop#0

11-14 17:48:33.454  3727  3771 I SurfaceFlinger: id=28265 Removed Surface(name=3f25cb3 Splash Screen com.wallapop)/@0x9f47bee - animation-leash#0 (2/65)

11-14 17:48:33.454  3727  3771 I SurfaceFlinger: id=28257 Removed 3f25cb3 Splash Screen com.wallapop#0 (1/64)

11-14 17:48:33.459  3727  3727 I Layer   : id=28257 onRemoved 3f25cb3 Splash Screen com.wallapop#0

11-14 17:48:33.460  3727  3727 I Layer   : id=28258 onRemoved Splash Screen com.wallapop#0

11-14 17:48:33.460  3727  3727 I Layer   : id=28265 onRemoved Surface(name=3f25cb3 Splash Screen com.wallapop)/@0x9f47bee - animation-leash#0

11-14 17:48:33.466  3727  3727 I SurfaceFlinger:      Device | 0x70dda20680 | 0002 | RGBA_8888 |   0.0    0.0 1080.0 2220.0 |    0    0 1080 2220 | com.wallapop/com.rewallapop.ui.wall.WallActivity[452]#0

11-14 17:48:33.476   452   452 V InputMethodManager: Starting input: tba=com.wallapop ic=null mNaviBarColor -1 mIsGetNaviBarColorSuccess true , NavVisible : true , NavTrans : false

11-14 17:48:33.515 19377 19389 I Finsky  : [9558] fxs.d(3): com.wallapop: Account determined from installer data - [rJj4Md76H4LxoN-B4dnoZM7XaXDDBcXGlC-caOCi6Uc]

11-14 17:48:33.516 19377 19389 I Finsky  : [9558] fxs.d(14): com.wallapop: Account from preferred account - [rJj4Md76H4LxoN-B4dnoZM7XaXDDBcXGlC-caOCi6Uc]

11-14 17:48:33.528 19377 19389 I Finsky  : [9558] fxs.d(3): com.wallapop: Account determined from installer data - [rJj4Md76H4LxoN-B4dnoZM7XaXDDBcXGlC-caOCi6Uc]

11-14 17:48:33.528 19377 19389 I Finsky  : [9558] fxs.d(14): com.wallapop: Account from preferred account - [rJj4Md76H4LxoN-B4dnoZM7XaXDDBcXGlC-caOCi6Uc]

11-14 17:48:33.560  4622  4682 E RequestManager_FLP: [FusedLocationApi] Location request f0bde7e(Listener) PRIORITY_BALANCED_POWER_ACCURACY interval=300000 from com.wallapop

11-14 17:48:33.604  4211  4494 I WindowManager: Cancelling animation restarting=false, leash=null, surface=Surface(name=AppWindowToken{937d1be token=Token{354d079 ActivityRecord{dbdf940 u0 com.wallapop/com.rewallapop.ui.main.MainActivity t2200}}})/@0xfd3071e, parent=Surface(name=Task=2200)/@0x8395bff

11-14 17:48:33.612  3727  3771 I SurfaceFlinger: id=28256 Removed AppWindowToken{937d1be token=Token{354d079 ActivityRecord{dbdf940 u0 com.wallapop/com.rewallapop.ui.main.MainActivity t2200}}}#0 (0/63)

11-14 17:48:33.627  3727  3727 I Layer   : id=28256 onRemoved AppWindowToken{937d1be token=Token{354d079 ActivityRecord{dbdf940 u0 com.wallapop/com.rewallapop.ui.main.MainActivity t2200}}}#0

11-14 17:48:33.649  4211  4228 D CodecSolution: isMaxAspectPackageEx: com.wallapop : true(2)

11-14 17:48:33.730  4211  4669 D MdnieScenarioControlService:  packageName : com.wallapop    className : com.rewallapop.ui.wall.WallActivity

11-14 17:48:33.922   452   457 I com.wallapop: Compiler allocated 4MB to compile void android.widget.TextView.<init>(android.content.Context, android.util.AttributeSet, int, int)

11-14 17:48:33.981   452   452 W com.wallapop: Accessing hidden field Landroid/view/View;->mAccessibilityDelegate:Landroid/view/View$AccessibilityDelegate; (light greylist, reflection)

11-14 17:48:34.534  4211  4390 D WifiTrafficPoller: TrafficStats TxPkts=979738 RxPkts=1714609 TxBytes=211333370 RxBytes=1631076676 , Foreground uid=10313 pkgName=com.wallapop TxPackets=64103 RxPackets=58155 TxBytes=13509316 RxBytes=39680124

11-14 17:48:34.860   452   452 W View    : requestLayout() improperly called by com.wallapop.design.view.WallapopTextView{b6df5b V.ED..... ......ID 47,26-47,86 #7f0a0904 app:id/wp__home__tv_bubble} during layout: running second layout pass

11-14 17:48:34.990   452   463 I com.wallapop: Background concurrent copying GC freed 142650(8MB) AllocSpace objects, 30(960KB) LOS objects, 49% free, 14MB/28MB, paused 609us total 212.461ms

11-14 17:48:36.992  4211  6757 D WifiPermissionsUtil: canAccessScanResults: pkgName = com.wallapop, uid = 10313

11-14 17:48:37.514   452   632 D Amazon DTB Ads API: with query params:[?dt=android&app=app&dinfo=%7B%22os%22%3A%22Android%22%2C%22model%22%3A%22SM-A750FN%22%2C%22make%22%3A%22samsung%22%2C%22osVersion%22%3A%229%22%2C%22connectionType%22%3A%22Wifi%22%2C%22country%22%3A%22ES%22%2C%22scalingFactor%22%3A%222.625%22%2C%22carrier%22%3A%22JAZZTEL%22%2C%22language%22%3A%22es%22%2C%22screenSize%22%3A%221080x2094%22%2C%22orientation%22%3A%22portrait%22%7D&oo=0&aud=3p&idfa=bf505ce3-e614-4d9a-a4d7-9c324edc6560&appId=d2ba46e2d5ef4c9883051d9c8d0125d5&sdkVer=aps-android-7.4.3&ua=Dalvik%2F2.1.0%20%28Linux%3B%20U%3B%20Android%209%3B%20SM-A750FN%20Build%2FPPR1.180610.011%29&pkg=%7B%22lbl%22%3A%22_Wallapop_%22%2C%22pn%22%3A%22com.wallapop%22%2C%22v%22%3A%221850000%22%2C%22vn%22%3A%221.85.0-d1910251130%22%7D]

11-14 17:48:37.851   452   463 I com.wallapop: Background concurrent copying GC freed 193104(10MB) AllocSpace objects, 73(3MB) LOS objects, 50% free, 16MB/32MB, paused 564us total 212.339ms

11-14 17:48:37.973   452   632 D Amazon DTB Ads API: Error while connecting to remote server: https://s.amazon-adsystem.com/api3/generate_did?dt=android&app=app&dinfo=%7B%22os%22%3A%22Android%22%2C%22model%22%3A%22SM-A750FN%22%2C%22make%22%3A%22samsung%22%2C%22osVersion%22%3A%229%22%2C%22connectionType%22%3A%22Wifi%22%2C%22country%22%3A%22ES%22%2C%22scalingFactor%22%3A%222.625%22%2C%22carrier%22%3A%22JAZZTEL%22%2C%22language%22%3A%22es%22%2C%22screenSize%22%3A%221080x2094%22%2C%22orientation%22%3A%22portrait%22%7D&oo=0&aud=3p&idfa=bf505ce3-e614-4d9a-a4d7-9c324edc6560&appId=d2ba46e2d5ef4c9883051d9c8d0125d5&sdkVer=aps-android-7.4.3&ua=Dalvik%2F2.1.0%20%28Linux%3B%20U%3B%20Android%209%3B%20SM-A750FN%20Build%2FPPR1.180610.011%29&pkg=%7B%22lbl%22%3A%22_Wallapop_%22%2C%22pn%22%3A%22com.wallapop%22%2C%22v%22%3A%221850000%22%2C%22vn%22%3A%221.85.0-d1910251130%22%7D with error:Chain validation failed

11-14 17:48:37.975   452   632 E Amazon DTB Ads API: 	at com.wallapop.thirdparty.ads.b.a.a(SourceFile:43)

11-14 17:48:37.975   452   632 E Amazon DTB Ads API: 	at com.wallapop.thirdparty.ads.b.a$b$1.invokeSuspend(SourceFile:34)

11-14 17:48:37.975   452   632 E Amazon DTB Ads API: 	at com.wallapop.thirdparty.ads.b.a$b$1.invoke(Unknown Source:10)

11-14 17:48:37.975   452   632 E Amazon DTB Ads API: 	at com.wallapop.thirdparty.ads.b.a$b.invokeSuspend(SourceFile:33)

11-14 17:48:38.067   452  1023 D Amazon DTB Ads API: with query params:[?dt=android&app=app&dinfo=%7B%22os%22%3A%22Android%22%2C%22model%22%3A%22SM-A750FN%22%2C%22make%22%3A%22samsung%22%2C%22osVersion%22%3A%229%22%2C%22connectionType%22%3A%22Wifi%22%2C%22country%22%3A%22ES%22%2C%22scalingFactor%22%3A%222.625%22%2C%22carrier%22%3A%22JAZZTEL%22%2C%22language%22%3A%22es%22%2C%22screenSize%22%3A%221080x2094%22%2C%22orientation%22%3A%22portrait%22%7D&oo=0&aud=3p&idfa=bf505ce3-e614-4d9a-a4d7-9c324edc6560&appId=d2ba46e2d5ef4c9883051d9c8d0125d5&sdkVer=aps-android-7.4.3&ua=Dalvik%2F2.1.0%20%28Linux%3B%20U%3B%20Android%209%3B%20SM-A750FN%20Build%2FPPR1.180610.011%29&pkg=%7B%22lbl%22%3A%22_Wallapop_%22%2C%22pn%22%3A%22com.wallapop%22%2C%22v%22%3A%221850000%22%2C%22vn%22%3A%221.85.0-d1910251130%22%7D]

11-14 17:48:38.596  4211  4390 D WifiTrafficPoller: TrafficStats TxPkts=979983 RxPkts=1714865 TxBytes=211407483 RxBytes=1631258566 , Foreground uid=10313 pkgName=com.wallapop TxPackets=64300 RxPackets=58345 TxBytes=13555032 RxBytes=39824938

11-14 17:48:38.618   452  1023 D Amazon DTB Ads API: Error while connecting to remote server: https://s.amazon-adsystem.com/api3/generate_did?dt=android&app=app&dinfo=%7B%22os%22%3A%22Android%22%2C%22model%22%3A%22SM-A750FN%22%2C%22make%22%3A%22samsung%22%2C%22osVersion%22%3A%229%22%2C%22connectionType%22%3A%22Wifi%22%2C%22country%22%3A%22ES%22%2C%22scalingFactor%22%3A%222.625%22%2C%22carrier%22%3A%22JAZZTEL%22%2C%22language%22%3A%22es%22%2C%22screenSize%22%3A%221080x2094%22%2C%22orientation%22%3A%22portrait%22%7D&oo=0&aud=3p&idfa=bf505ce3-e614-4d9a-a4d7-9c324edc6560&appId=d2ba46e2d5ef4c9883051d9c8d0125d5&sdkVer=aps-android-7.4.3&ua=Dalvik%2F2.1.0%20%28Linux%3B%20U%3B%20Android%209%3B%20SM-A750FN%20Build%2FPPR1.180610.011%29&pkg=%7B%22lbl%22%3A%22_Wallapop_%22%2C%22pn%22%3A%22com.wallapop%22%2C%22v%22%3A%221850000%22%2C%22vn%22%3A%221.85.0-d1910251130%22%7D with error:Chain validation failed

11-14 17:48:38.658   452  1023 D Amazon DTB Ads API: with json params:[{"oo":"false","dinfo":{"os":"Android","model":"SM-A750FN","make":"samsung","osVersion":"9","connectionType":"Wifi","country":"ES","scalingFactor":"2.625","carrier":"JAZZTEL","language":"es","screenSize":"1080x2094","orientation":"portrait"},"adsdk":"aps-android-7.4.3","slots":[{"sz":"320x50","slot":"f414d83c-ab9f-4e02-9c59-5137663ee6c7","slotId":1,"supportedMediaTypes":["DISPLAY"]}],"mraid":["1.0","2.0","3.0"],"appId":"d2ba46e2d5ef4c9883051d9c8d0125d5","idfa":"bf505ce3-e614-4d9a-a4d7-9c324edc6560","geoloc":"41.4058684,2.1865172,18.145","isDTBMobile":"true","ua":"Dalvik\/2.1.0 (Linux; U; Android 9; SM-A750FN Build\/PPR1.180610.011)","pkg":{"lbl":"_Wallapop_","pn":"com.wallapop","v":"1850000","vn":"1.85.0-d1910251130"},"gdpr":{"e":"1","c":"BOR0xKKOR0xKKABABAENBZ-AAAAfZ7_______9______9uz_Gv_v_f__33e8__9v_l_7_-___u_-33d4-_1vX99yfm1-7ftr3tp_86ues2vHqK9ZoA"}}]

11-14 17:48:39.192   452   452 W com.wallapop: Accessing hidden method Landroid/media/AudioTrack;->getLatency()I (light greylist, reflection)

11-14 17:48:39.514   452   463 I com.wallapop: Background concurrent copying GC freed 280054(12MB) AllocSpace objects, 101(4MB) LOS objects, 50% free, 15MB/31MB, paused 540us total 198.613ms

11-14 17:48:39.740  4211  4475 I CodecSolution: pid(452) pkg(com.wallapop)

11-14 17:48:39.753  4211  4475 I CodecSolution: pid(452) pkg(com.wallapop)

11-14 17:48:39.753  4211  7552 D CodecSolution: topName : com.wallapop

11-14 17:48:39.753  4211  7552 I CodecSolution: Top : com.wallapop

11-14 17:48:39.753  4211  7552 D SCPMHelper: getPackageInfo(com.wallapop)

11-14 17:48:39.768  4211  8761 D CodecSolution: topName : com.wallapop

11-14 17:48:39.768  4211  8761 I CodecSolution: Top : com.wallapop

11-14 17:48:39.768  4211  8761 D SCPMHelper: getPackageInfo(com.wallapop)


