Executed '[C696] Profile edition: Change the user main location' on 03-07-2019
---------------------------------------------------------------------------------
07-03 17:54:50.683 27090 27090 I Timeline: Timeline: Activity_launch_request id:com.wallapop time:56293385

07-03 17:54:50.713   874   892 V WindowManager: addAppToken: AppWindowToken{fe449e8 token=Token{a08c70b ActivityRecord{19846da u0 com.wallapop/com.rewallapop.ui.user.profile.MyProfileActivity t880}}} to stack=1 task=880 at 1

07-03 17:54:50.763   874  1027 V MARsPolicyManager: updatePackagesScore PackageInfo name -- com.wallapop

07-03 17:54:50.793 27090 27090 W ResourcesManager: getTopLevelResources: /data/app/com.wallapop-1/base.apk / 1.0 running in com.wallapop rsrc of package null

07-03 17:54:50.793 27090 27090 W ResourcesManager: getTopLevelResources: /data/app/com.wallapop-1/base.apk / 1.0 running in com.wallapop rsrc of package null

07-03 17:54:50.813   874  5340 V AlarmManager:  remove PendingIntent] PendingIntent{4285801: PendingIntentRecord{de40689 com.wallapop broadcastIntent}}

07-03 17:54:50.823   874  1914 D ISSUE_DEBUG: InputChannelName : ffac8e7 com.wallapop/com.rewallapop.ui.user.profile.MyProfileActivity

07-03 17:54:50.853   874  1028 D StatusBarManagerService: manageDisableList userId=0 what=0x0 pkg=Window{ffac8e7 u0 d0 com.wallapop/com.rewallapop.ui.user.profile.MyProfileActivity}

07-03 17:54:50.883   874  1220 V WindowStateAnimator: Finishing drawing window Window{ffac8e7 u0 d0 com.wallapop/com.rewallapop.ui.user.profile.MyProfileActivity}: mDrawState=DRAW_PENDING

07-03 17:54:50.893   874  1132 I ActivityManager: Displayed com.wallapop/com.rewallapop.ui.user.profile.MyProfileActivity: +137ms

07-03 17:54:50.893 27090 27090 I Timeline: Timeline: Activity_launch_request id:com.wallapop time:56293596

07-03 17:54:50.913   874  1721 V WindowManager: addAppToken: AppWindowToken{b346e00 token=Token{7210c83 ActivityRecord{7a8d732 u0 com.wallapop/com.rewallapop.ui.user.profile.ProfileActivity t880}}} to stack=1 task=880 at 2

07-03 17:54:50.923   874  1028 D StatusBarManagerService: manageDisableList userId=0 what=0x0 pkg=Window{c2570b5 u0 d0 com.wallapop/com.rewallapop.ui.wall.WallActivity}

07-03 17:54:50.933   874  1914 V WindowStateAnimator: Finishing drawing window Window{ffac8e7 u0 d0 com.wallapop/com.rewallapop.ui.user.profile.MyProfileActivity}: mDrawState=HAS_DRAWN

07-03 17:54:50.953 27090 27090 W ResourcesManager: getTopLevelResources: /data/app/com.wallapop-1/base.apk / 1.0 running in com.wallapop rsrc of package null

07-03 17:54:50.963 27090 27090 W ResourcesManager: getTopLevelResources: /data/app/com.wallapop-1/base.apk / 1.0 running in com.wallapop rsrc of package null

07-03 17:54:50.963   874  1027 V MARsPolicyManager: updatePackagesScore PackageInfo name -- com.wallapop

07-03 17:54:51.013   874  4874 D ISSUE_DEBUG: InputChannelName : f764371 com.wallapop/com.rewallapop.ui.user.profile.ProfileActivity

07-03 17:54:51.013   874  2732 V AlarmManager:  remove PendingIntent] PendingIntent{84d5556: PendingIntentRecord{de40689 com.wallapop broadcastIntent}}

07-03 17:54:51.033   874  1028 D StatusBarManagerService: manageDisableList userId=0 what=0x0 pkg=Window{f764371 u0 d0 com.wallapop/com.rewallapop.ui.user.profile.ProfileActivity}

07-03 17:54:51.133   874  1913 V WindowStateAnimator: Finishing drawing window Window{f764371 u0 d0 com.wallapop/com.rewallapop.ui.user.profile.ProfileActivity}: mDrawState=DRAW_PENDING

07-03 17:54:51.163   874  1132 I ActivityManager: Displayed com.wallapop/com.rewallapop.ui.user.profile.ProfileActivity: +219ms

07-03 17:54:51.163   874  1132 I Timeline: Timeline: Activity_windows_visible id: ActivityRecord{19846da u0 com.wallapop/com.rewallapop.ui.user.profile.MyProfileActivity t880 f} time:56293863

07-03 17:54:51.173   874  3012 V WindowStateAnimator: Finishing drawing window Window{f764371 u0 d0 com.wallapop/com.rewallapop.ui.user.profile.ProfileActivity}: mDrawState=HAS_DRAWN

07-03 17:54:51.413   874  1132 I Timeline: Timeline: Activity_windows_visible id: ActivityRecord{7a8d732 u0 com.wallapop/com.rewallapop.ui.user.profile.ProfileActivity t880} time:56294117

07-03 17:54:51.463 27090 27090 W GmsClientEvents: unregisterConnectionFailedListener(): listener GooglePlayServicesHeadlessFragment{a2fde34 (b2deff5d-f37c-4d0b-95b0-4a26d940845a) com.wallapop.fragments.headless.GooglePlayServicesHeadlessFragment} not found

07-03 17:54:51.463 27090 27090 W GmsClientEvents: unregisterConnectionCallbacks(): listener GooglePlayServicesHeadlessFragment{a2fde34 (b2deff5d-f37c-4d0b-95b0-4a26d940845a) com.wallapop.fragments.headless.GooglePlayServicesHeadlessFragment} not found

07-03 17:54:51.463 27090 27090 V ActivityThread: updateVisibility : ActivityRecord{5457f2b token=android.os.BinderProxy@adc0cb8 {com.wallapop/com.rewallapop.ui.wall.WallActivity}} show : false

07-03 17:54:51.473 27090 32578 E WallapopError: 	at com.wallapop.kernel.l.a$a.a(SourceFile:5)

07-03 17:54:51.473 27090 32578 E WallapopError: 	at com.wallapop.kernel.l.g$a.a(SourceFile:8)

07-03 17:54:51.473 27090 32578 E WallapopError: 	at com.wallapop.kernel.l.a$a.b(SourceFile)

07-03 17:54:51.473 27090 32578 E WallapopError: 	at com.wallapop.kernel.extension.a.b(SourceFile:21)

07-03 17:54:51.853 27090 27090 W View    : requestLayout() improperly called by com.wallapop.design.view.WallapopTextView{a23b52a V.ED..... ..S..AID 0,23-285,105 #7f0a0255 app:id/counterView} during layout: running second layout pass

07-03 17:54:52.473 27007 27378 W ByMatcher: Node returned null child: android.view.accessibility.AccessibilityNodeInfo@8000769c; boundsInParent: Rect(0, 0 - 1080, 1920); boundsInScreen: Rect(0, 0 - 1080, 1920); packageName: com.wallapop; className: android.widget.FrameLayout; text: null; error: null; maxTextLength: -1; contentDescription: null; viewIdResName: null; checkable: false; checked: false; focusable: false; focused: false; selected: false; clickable: false; longClickable: false; contextClickable: false; enabled: true; password: false; scrollable: false; actions: [AccessibilityAction: ACTION_SELECT - null, AccessibilityAction: ACTION_CLEAR_SELECTION - null, AccessibilityAction: ACTION_ACCESSIBILITY_FOCUS - null, AccessibilityAction: ACTION_UNKNOWN - null]

07-03 17:54:52.483 27007 27378 W ByMatcher: Node returned null child: android.view.accessibility.AccessibilityNodeInfo@8000769c; boundsInParent: Rect(0, 0 - 1080, 1920); boundsInScreen: Rect(0, 0 - 1080, 1920); packageName: com.wallapop; className: android.widget.FrameLayout; text: null; error: null; maxTextLength: -1; contentDescription: null; viewIdResName: null; checkable: false; checked: false; focusable: false; focused: false; selected: false; clickable: false; longClickable: false; contextClickable: false; enabled: true; password: false; scrollable: false; actions: [AccessibilityAction: ACTION_SELECT - null, AccessibilityAction: ACTION_CLEAR_SELECTION - null, AccessibilityAction: ACTION_ACCESSIBILITY_FOCUS - null, AccessibilityAction: ACTION_UNKNOWN - null]

07-03 17:54:53.933 27090 27090 I Timeline: Timeline: Activity_launch_request id:com.wallapop time:56296636

07-03 17:54:53.953   874  1722 V WindowManager: addAppToken: AppWindowToken{1066e8c token=Token{6a7c7bf ActivityRecord{c0cc9de u0 com.wallapop/com.rewallapop.ui.user.profile.edit.EditProfileActivity t880}}} to stack=1 task=880 at 2

07-03 17:54:54.003   874  1027 V MARsPolicyManager: updatePackagesScore PackageInfo name -- com.wallapop

07-03 17:54:54.023 27090 27090 W ResourcesManager: getTopLevelResources: /data/app/com.wallapop-1/base.apk / 1.0 running in com.wallapop rsrc of package null

07-03 17:54:54.023 27090 27090 W ResourcesManager: getTopLevelResources: /data/app/com.wallapop-1/base.apk / 1.0 running in com.wallapop rsrc of package null

07-03 17:54:54.033 27090 27090 W ResourcesManager: getTopLevelResources: /data/app/com.wallapop-1/base.apk / 1.0 running in com.wallapop rsrc of package null

07-03 17:54:54.083   874  4874 V AlarmManager:  remove PendingIntent] PendingIntent{5564e51: PendingIntentRecord{de40689 com.wallapop broadcastIntent}}

07-03 17:54:54.123   874   894 D ISSUE_DEBUG: InputChannelName : 5e07e8d com.wallapop/com.rewallapop.ui.user.profile.edit.EditProfileActivity

07-03 17:54:54.133   874  1028 D StatusBarManagerService: manageDisableList userId=0 what=0x0 pkg=Window{5e07e8d u0 d0 com.wallapop/com.rewallapop.ui.user.profile.edit.EditProfileActivity}

07-03 17:54:54.203   874  4874 V WindowStateAnimator: Finishing drawing window Window{5e07e8d u0 d0 com.wallapop/com.rewallapop.ui.user.profile.edit.EditProfileActivity}: mDrawState=DRAW_PENDING

07-03 17:54:54.233   874  1132 I ActivityManager: Displayed com.wallapop/com.rewallapop.ui.user.profile.edit.EditProfileActivity: +241ms

07-03 17:54:54.253   874   894 V WindowStateAnimator: Finishing drawing window Window{5e07e8d u0 d0 com.wallapop/com.rewallapop.ui.user.profile.edit.EditProfileActivity}: mDrawState=HAS_DRAWN

07-03 17:54:54.643   874  1132 I Timeline: Timeline: Activity_windows_visible id: ActivityRecord{c0cc9de u0 com.wallapop/com.rewallapop.ui.user.profile.edit.EditProfileActivity t880} time:56297347

07-03 17:54:54.763 27090 27090 V ActivityThread: updateVisibility : ActivityRecord{ed6f15f token=android.os.BinderProxy@6c99222 {com.wallapop/com.rewallapop.ui.user.profile.ProfileActivity}} show : true

07-03 17:54:56.463 27090 27098 W REALM_JAVA: Remember to call close() on all Realm instances. Realm /data/data/com.wallapop/files/feature_flags is being finalized without being closed, this can lead to running out of native memory.

07-03 17:54:56.463 27090 27098 W REALM_JAVA: Remember to call close() on all Realm instances. Realm /data/data/com.wallapop/files/feature_flags is being finalized without being closed, this can lead to running out of native memory.

07-03 17:54:56.493 27090 27098 W REALM_JAVA: Remember to call close() on all Realm instances. Realm /data/data/com.wallapop/files/pending_events_queue_rp8j34g3y693 is being finalized without being closed, this can lead to running out of native memory.

07-03 17:55:00.203   874  1027 V MARsPolicyManager: updatePackagesScore PackageInfo name -- com.wallapop

07-03 17:55:00.223   874  1028 D StatusBarManagerService: manageDisableList userId=0 what=0x0 pkg=Window{f764371 u0 d0 com.wallapop/com.rewallapop.ui.user.profile.ProfileActivity}

07-03 17:55:00.223   874  1220 W ActivityManager: Duplicate finish request for ActivityRecord{c0cc9de u0 com.wallapop/com.rewallapop.ui.user.profile.edit.EditProfileActivity t880 f}

07-03 17:55:00.333   874  1714 W ActivityManager: Duplicate finish request for ActivityRecord{c0cc9de u0 com.wallapop/com.rewallapop.ui.user.profile.edit.EditProfileActivity t880 f}

07-03 17:55:00.333   874  1913 W ActivityManager: Duplicate finish request for ActivityRecord{c0cc9de u0 com.wallapop/com.rewallapop.ui.user.profile.edit.EditProfileActivity t880 f}

07-03 17:55:00.333   874  1220 W ActivityManager: Duplicate finish request for ActivityRecord{c0cc9de u0 com.wallapop/com.rewallapop.ui.user.profile.edit.EditProfileActivity t880 f}

07-03 17:55:00.333   874  3012 W ActivityManager: Duplicate finish request for ActivityRecord{c0cc9de u0 com.wallapop/com.rewallapop.ui.user.profile.edit.EditProfileActivity t880 f}

07-03 17:55:00.333   874   892 W ActivityManager: Duplicate finish request for ActivityRecord{c0cc9de u0 com.wallapop/com.rewallapop.ui.user.profile.edit.EditProfileActivity t880 f}

07-03 17:55:00.343   874  4874 W ActivityManager: Duplicate finish request for ActivityRecord{c0cc9de u0 com.wallapop/com.rewallapop.ui.user.profile.edit.EditProfileActivity t880 f}

07-03 17:55:00.343   874  1722 W ActivityManager: Duplicate finish request for ActivityRecord{c0cc9de u0 com.wallapop/com.rewallapop.ui.user.profile.edit.EditProfileActivity t880 f}

07-03 17:55:00.343   874  2020 W ActivityManager: Duplicate finish request for ActivityRecord{c0cc9de u0 com.wallapop/com.rewallapop.ui.user.profile.edit.EditProfileActivity t880 f}

07-03 17:55:00.353 27090 32644 W System.err: remove failed: ENOENT (No such file or directory) : /data/user/0/com.wallapop/cache/okhttp/e70b0dcfad65db3b70dd1e4e2b18eaee.0

07-03 17:55:00.353 27090 32644 W System.err: remove failed: ENOENT (No such file or directory) : /data/user/0/com.wallapop/cache/okhttp/e70b0dcfad65db3b70dd1e4e2b18eaee.1

07-03 17:55:00.363   874   892 W ActivityManager: Duplicate finish request for ActivityRecord{c0cc9de u0 com.wallapop/com.rewallapop.ui.user.profile.edit.EditProfileActivity t880 f}

07-03 17:55:00.373   874  1220 V AlarmManager:  remove PendingIntent] PendingIntent{5967d54: PendingIntentRecord{1bbd10e com.wallapop broadcastIntent}}

07-03 17:55:01.103 27007 27378 W ByMatcher: Node returned null child: android.view.accessibility.AccessibilityNodeInfo@803e7a20; boundsInParent: Rect(0, 0 - 1080, 1920); boundsInScreen: Rect(0, 0 - 1080, 1920); packageName: com.wallapop; className: android.widget.FrameLayout; text: null; error: null; maxTextLength: -1; contentDescription: null; viewIdResName: null; checkable: false; checked: false; focusable: false; focused: false; selected: false; clickable: false; longClickable: false; contextClickable: false; enabled: true; password: false; scrollable: false; actions: [AccessibilityAction: ACTION_SELECT - null, AccessibilityAction: ACTION_CLEAR_SELECTION - null, AccessibilityAction: ACTION_ACCESSIBILITY_FOCUS - null, AccessibilityAction: ACTION_UNKNOWN - null]

07-03 17:55:01.103 27007 27378 W ByMatcher: Node returned null child: android.view.accessibility.AccessibilityNodeInfo@803e7a20; boundsInParent: Rect(0, 0 - 1080, 1920); boundsInScreen: Rect(0, 0 - 1080, 1920); packageName: com.wallapop; className: android.widget.FrameLayout; text: null; error: null; maxTextLength: -1; contentDescription: null; viewIdResName: null; checkable: false; checked: false; focusable: false; focused: false; selected: false; clickable: false; longClickable: false; contextClickable: false; enabled: true; password: false; scrollable: false; actions: [AccessibilityAction: ACTION_SELECT - null, AccessibilityAction: ACTION_CLEAR_SELECTION - null, AccessibilityAction: ACTION_ACCESSIBILITY_FOCUS - null, AccessibilityAction: ACTION_UNKNOWN - null]

07-03 17:55:01.873 27090 27090 I Timeline: Timeline: Activity_launch_request id:com.wallapop time:56304575

07-03 17:55:01.883   874  1914 V WindowManager: addAppToken: AppWindowToken{198614a token=Token{95ef6b5 ActivityRecord{a3422ec u0 com.wallapop/com.rewallapop.ui.user.profile.edit.EditProfileActivity t880}}} to stack=1 task=880 at 2

07-03 17:55:01.933   874  1027 V MARsPolicyManager: updatePackagesScore PackageInfo name -- com.wallapop

07-03 17:55:01.953 27090 27090 W ResourcesManager: getTopLevelResources: /data/app/com.wallapop-1/base.apk / 1.0 running in com.wallapop rsrc of package null

07-03 17:55:01.953 27090 27090 W ResourcesManager: getTopLevelResources: /data/app/com.wallapop-1/base.apk / 1.0 running in com.wallapop rsrc of package null

07-03 17:55:01.983   874  2020 V AlarmManager:  remove PendingIntent] PendingIntent{554931: PendingIntentRecord{de40689 com.wallapop broadcastIntent}}

07-03 17:55:02.023   874  1914 D ISSUE_DEBUG: InputChannelName : 1fde384 com.wallapop/com.rewallapop.ui.user.profile.edit.EditProfileActivity

07-03 17:55:02.033   874  1028 D StatusBarManagerService: manageDisableList userId=0 what=0x0 pkg=Window{1fde384 u0 d0 com.wallapop/com.rewallapop.ui.user.profile.edit.EditProfileActivity}

07-03 17:55:02.083   874   892 V WindowStateAnimator: Finishing drawing window Window{1fde384 u0 d0 com.wallapop/com.rewallapop.ui.user.profile.edit.EditProfileActivity}: mDrawState=DRAW_PENDING

07-03 17:55:02.103   874  1132 I ActivityManager: Displayed com.wallapop/com.rewallapop.ui.user.profile.edit.EditProfileActivity: +174ms (total +1s902ms)

07-03 17:55:02.113   874  5340 V WindowStateAnimator: Finishing drawing window Window{1fde384 u0 d0 com.wallapop/com.rewallapop.ui.user.profile.edit.EditProfileActivity}: mDrawState=HAS_DRAWN

07-03 17:55:02.513   874  1132 I Timeline: Timeline: Activity_windows_visible id: ActivityRecord{a3422ec u0 com.wallapop/com.rewallapop.ui.user.profile.edit.EditProfileActivity t880} time:56305217

07-03 17:55:02.583 27090 27090 V ActivityThread: updateVisibility : ActivityRecord{ed6f15f token=android.os.BinderProxy@6c99222 {com.wallapop/com.rewallapop.ui.user.profile.ProfileActivity}} show : true


