Executed '[C740] Help: Access and sections' on 26-06-2019
---------------------------------------------------------------------------------
06-26 16:02:08.188   874  1661 I ActivityManager: Force stopping com.wallapop appid=10265 user=0: from pid 9039

06-26 16:02:08.188   874  1661 I ActivityManager: Killing 7951:com.wallapop/u0a265 (adj 15): stop com.wallapop cause from pid 9039

06-26 16:02:08.188   874  1661 D ActivityManager: isAutoRunBlockedApp:: com.wallapop, Auto Run ON

06-26 16:02:08.198   874   874 V AlarmManager: Remove alarm for next reason : android.intent.action.PACKAGE_RESTARTED : package: com.wallapop

06-26 16:02:08.218 25967 25967 I ClearDataReceiver: [#DCM#] Intent Data: package:com.wallapop

06-26 16:02:08.468   874  1422 V WindowManager: addAppToken: AppWindowToken{b5c2b68 token=Token{1d53e8b ActivityRecord{275ec5a u0 com.wallapop/com.rewallapop.ui.main.MainActivity t803}}} to stack=1 task=803 at 0

06-26 16:02:08.478   874  1132 D ISSUE_DEBUG: InputChannelName : 42c93ac Starting com.wallapop

06-26 16:02:08.488   874  1914 I ActivityManager: Start proc 9071:com.wallapop/u0a265 for activity com.wallapop/com.rewallapop.ui.main.MainActivity

06-26 16:02:08.498  9071  9071 W SELinux : SELinux: seapp_context_lookup: seinfo=default, level=s0:c512,c768, pkgname=com.wallapop

06-26 16:02:08.538   874  1132 V WindowStateAnimator: Finishing drawing window Window{42c93ac u0 d0 Starting com.wallapop}: mDrawState=DRAW_PENDING

06-26 16:02:08.548   874  4874 D ActivityManager:  Launching com.wallapop, updated priority

06-26 16:02:08.568   874  1028 D StatusBarManagerService: manageDisableList userId=0 what=0x0 pkg=Window{42c93ac u0 d0 Starting com.wallapop}

06-26 16:02:08.568   874  1027 V MARsPolicyManager: updatePackagesScore PackageInfo name -- com.wallapop

06-26 16:02:08.568  9071  9071 W ResourcesManager: getTopLevelResources: /data/app/com.wallapop-1/base.apk / 1.0 running in com.wallapop rsrc of package null

06-26 16:02:08.718  9071  9087 W ResourcesManager: getTopLevelResources: /data/app/com.wallapop-1/base.apk / 1.0 running in com.wallapop rsrc of package null

06-26 16:02:08.728  9071  9087 I FA      :   adb shell setprop debug.firebase.analytics.app com.wallapop

06-26 16:02:08.728  9071  9071 W ResourcesManager: getTopLevelResources: /data/app/com.wallapop-1/base.apk / 1.0 running in com.wallapop rsrc of package null

06-26 16:02:08.738   874  3012 V AlarmManager:  remove PendingIntent] PendingIntent{afbac44: PendingIntentRecord{c3d412d com.wallapop broadcastIntent}}

06-26 16:02:08.738  9071  9071 W ResourcesManager: getTopLevelResources: /data/app/com.wallapop-1/base.apk / 1.0 running in com.wallapop rsrc of package null

06-26 16:02:08.738  9071  9089 W ResourcesManager: getTopLevelResources: /data/app/com.google.android.gms-1/base.apk / 1.0 running in com.wallapop rsrc of package null

06-26 16:02:08.748  9071  9095 W ResourcesManager: getTopLevelResources: /data/app/com.google.android.gms-1/base.apk / 1.0 running in com.wallapop rsrc of package null

06-26 16:02:08.748  9071  9097 W System.err: remove failed: ENOENT (No such file or directory) : /data/user/0/com.wallapop/files/AppEventsLogger.persistedevents

06-26 16:02:08.748  9071  9071 W ResourcesManager: getTopLevelResources: /data/app/com.wallapop-1/base.apk / 1.0 running in com.wallapop rsrc of package null

06-26 16:02:09.128  9071  9071 W System.err: mkdir failed: EEXIST (File exists) : /data/user/0/com.wallapop/cache/okhttp

06-26 16:02:10.158  9071  9121 I stetho  : Listening on @stetho_com.wallapop_devtools_remote

06-26 16:02:10.168  9071  9071 I art     : Rejecting re-init on previously-failed class java.lang.Class<com.wallapop.clickstream.JobIntentService$f>

06-26 16:02:10.168  9071  9071 I art     : Rejecting re-init on previously-failed class java.lang.Class<com.wallapop.clickstream.JobIntentService$f>

06-26 16:02:10.288  9071  9071 W ResourcesManager: getTopLevelResources: /data/app/com.google.android.gms-1/base.apk / 1.0 running in com.wallapop rsrc of package null

06-26 16:02:10.348  9071  9071 W ResourcesManager: getTopLevelResources: /data/app/com.google.android.gms-1/base.apk / 1.0 running in com.wallapop rsrc of package null

06-26 16:02:10.358  9071  9071 W ResourcesManager: getTopLevelResources: /data/data/com.google.android.gms/app_chimera/m/00000034/dl-AdsFdrDynamite.integ_20290000008.apk / 1.0 running in com.wallapop rsrc of package null

06-26 16:02:10.368  9071  9071 W ResourcesManager: getTopLevelResources: /data/data/com.google.android.gms/app_chimera/m/00000034/dl-AdsFdrDynamite.integ_20290000008.apk / 1.0 running in com.wallapop rsrc of package null

06-26 16:02:10.398  9071  9123 W System.err: remove failed: ENOENT (No such file or directory) : /data/user/0/com.wallapop/files/tfidf.db

06-26 16:02:10.408  9071  9123 W System.err: remove failed: ENOENT (No such file or directory) : /data/user/0/com.wallapop/databases/__hs__db_error_reports

06-26 16:02:10.408  9071  9123 W System.err: remove failed: ENOENT (No such file or directory) : /data/user/0/com.wallapop/databases/__hs__db_error_reports-journal

06-26 16:02:10.408  9071  9123 W System.err: remove failed: ENOENT (No such file or directory) : /data/user/0/com.wallapop/databases/__hs__db_error_reports-shm

06-26 16:02:10.408  9071  9123 W System.err: remove failed: ENOENT (No such file or directory) : /data/user/0/com.wallapop/databases/__hs__db_error_reports-wal

06-26 16:02:10.498  9071  9071 W ResourcesManager: getTopLevelResources: /data/app/com.google.android.webview-2/base.apk / 1.0 running in com.wallapop rsrc of package null

06-26 16:02:13.088  9071  9210 W ResourcesManager: getTopLevelResources: /data/app/com.google.android.gms-1/base.apk / 1.0 running in com.wallapop rsrc of package null

06-26 16:02:13.148   874  4874 V AlarmManager:  remove PendingIntent] PendingIntent{ae77a3: PendingIntentRecord{4c3f453 com.wallapop broadcastIntent}}

06-26 16:02:13.158  9071  9071 W ResourcesManager: getTopLevelResources: /data/app/com.wallapop-1/base.apk / 1.0 running in com.wallapop rsrc of package null

06-26 16:02:13.168  9071  9071 W ResourcesManager: getTopLevelResources: /data/app/com.wallapop-1/base.apk / 1.0 running in com.wallapop rsrc of package null

06-26 16:02:13.458   874  1722 V AlarmManager:  remove PendingIntent] PendingIntent{726eaff: PendingIntentRecord{7ec6407 com.wallapop broadcastIntent}}

06-26 16:02:13.468   874  1721 D LocationManagerService: request fc1f5fc passive Request[POWER_NONE passive fastest=0 num=1] from com.wallapop(10265)

06-26 16:02:13.568  9071  9071 W System.err: remove failed: ENOENT (No such file or directory) : /data/user/0/com.wallapop/cache/okhttp/journal.tmp

06-26 16:02:13.588  9071  9071 I Timeline: Timeline: Activity_launch_request id:com.wallapop time:12331615

06-26 16:02:13.608   874  2732 V WindowManager: addAppToken: AppWindowToken{c6ba6f6 token=Token{fa5791 ActivityRecord{3674db8 u0 com.wallapop/com.rewallapop.ui.wall.WallActivity t803}}} to stack=1 task=803 at 1

06-26 16:02:13.608   874  1028 D StatusBarManagerService: manageDisableList userId=0 what=0x0 pkg=Window{42c93ac u0 d0 Starting com.wallapop}

06-26 16:02:13.678  9071  9114 W ResourcesManager: getTopLevelResources: /data/app/com.google.android.gms-1/base.apk / 1.0 running in com.wallapop rsrc of package null

06-26 16:02:13.808   874  1027 D ApplicationPolicy: isStatusBarNotificationAllowedAsUser: packageName = com.wallapop,userId = 0

06-26 16:02:13.818   874   874 D MARsPolicyManager: NotificationListenerService OngoingNotificationPosted : com.wallapop

06-26 16:02:13.818  1391  1391 W ResourcesManager: getTopLevelResources: /data/app/com.wallapop-1/base.apk / 1.0 running in com.android.systemui rsrc of package null

06-26 16:02:13.828   874  1027 V MARsPolicyManager: updatePackagesScore PackageInfo name -- com.wallapop

06-26 16:02:13.858  1391  1391 W ResourcesManager: getTopLevelResources: /data/app/com.wallapop-1/base.apk / 1.0 running in com.android.systemui rsrc of package null

06-26 16:02:13.858  1391  1391 W ResourcesManager: getTopLevelResources: /data/app/com.wallapop-1/base.apk / 1.0 running in com.android.systemui rsrc of package null

06-26 16:02:13.878  9071  9071 W ResourcesManager: getTopLevelResources: /data/app/com.wallapop-1/base.apk / 1.0 running in com.wallapop rsrc of package null

06-26 16:02:13.888  9071  9071 W ResourcesManager: getTopLevelResources: /data/app/com.wallapop-1/base.apk / 1.0 running in com.wallapop rsrc of package null

06-26 16:02:13.898  1391  1391 W ResourcesManager: getTopLevelResources: /data/app/com.wallapop-1/base.apk / 1.0 running in com.android.systemui rsrc of package null

06-26 16:02:14.008  9071  9171 W System.err: mkdir failed: EEXIST (File exists) : /data/user/0/com.wallapop/cache/WebView/Crash Reports

06-26 16:02:14.008   874   892 V AlarmManager:  remove PendingIntent] PendingIntent{cfc8f93: PendingIntentRecord{7ec6407 com.wallapop broadcastIntent}}

06-26 16:02:14.328  9071  9300 W ResourcesManager: getTopLevelResources: /data/app/com.google.android.gms-1/base.apk / 1.0 running in com.wallapop rsrc of package null

06-26 16:02:14.478  9071  9097 W System.err: remove failed: ENOENT (No such file or directory) : /data/user/0/com.wallapop/files/AppEventsLogger.persistedevents

06-26 16:02:14.528   874  5340 D ISSUE_DEBUG: InputChannelName : dbf80d7 com.wallapop/com.rewallapop.ui.wall.WallActivity

06-26 16:02:14.648 21819 24782 I Finsky  : [2762] eth.b(2): com.wallapop: Account determined from installer data - [E7ZhE6RtwBr6ZrivWaTWep8klQM]

06-26 16:02:14.648 21819 24782 I Finsky  : [2762] eth.b(9): com.wallapop: Account from preferred account - [E7ZhE6RtwBr6ZrivWaTWep8klQM]

06-26 16:02:14.648 21819 21830 I Finsky  : [2685] eth.b(2): com.wallapop: Account determined from installer data - [E7ZhE6RtwBr6ZrivWaTWep8klQM]

06-26 16:02:14.648 21819 21830 I Finsky  : [2685] eth.b(9): com.wallapop: Account from preferred account - [E7ZhE6RtwBr6ZrivWaTWep8klQM]

06-26 16:02:14.708  9071  9300 D Amazon DTB Ads API: with json params:[{"adsdk":"aps-android-7.4.3","gdpr":{"e":"1","c":"BAAAAAAOa0ob7AcABBENBtAAAAAh6AAA"},"oo":"false","mraid":["1.0","2.0","3.0"],"ua":"Dalvik\/2.1.0 (Linux; U; Android 6.0.1; SM-G900F Build\/MMB29M)","geoloc":"41.4058945,2.1864856,20.0","idfa":"1e214c05-ac1e-4c82-ae75-fb207f9c9c8a","appId":"d2ba46e2d5ef4c9883051d9c8d0125d5","ad-id":"A-6j1GeULkCtsqbiEmqTO1M","slots":[{"sz":"320x50","slot":"f414d83c-ab9f-4e02-9c59-5137663ee6c7","slotId":1,"supportedMediaTypes":["DISPLAY"]}],"dinfo":{"os":"Android","model":"SM-G900F","make":"samsung","osVersion":"6.0.1","connectionType":"Wifi","country":"ES","scalingFactor":"3.0","carrier":"JAZZTEL","language":"es","screenSize":"1080x1920","orientation":"portrait"},"pkg":{"lbl":"_Wallapop_","pn":"com.wallapop","v":"1760000","vn":"1.76.0-d1906251551"},"isDTBMobile":"true"}]

06-26 16:02:14.888   874  1028 D StatusBarManagerService: manageDisableList userId=0 what=0x0 pkg=Window{dbf80d7 u0 d0 com.wallapop/com.rewallapop.ui.wall.WallActivity}

06-26 16:02:15.068 21819 24782 I Finsky  : [2762] eth.b(2): com.wallapop: Account determined from installer data - [E7ZhE6RtwBr6ZrivWaTWep8klQM]

06-26 16:02:15.068 21819 24782 I Finsky  : [2762] eth.b(9): com.wallapop: Account from preferred account - [E7ZhE6RtwBr6ZrivWaTWep8klQM]

06-26 16:02:15.118 21819 21830 I Finsky  : [2685] eth.b(2): com.wallapop: Account determined from installer data - [E7ZhE6RtwBr6ZrivWaTWep8klQM]

06-26 16:02:15.118 21819 21830 I Finsky  : [2685] eth.b(9): com.wallapop: Account from preferred account - [E7ZhE6RtwBr6ZrivWaTWep8klQM]

06-26 16:02:15.128 21819 21829 I Finsky  : [2684] eth.b(2): com.wallapop: Account determined from installer data - [E7ZhE6RtwBr6ZrivWaTWep8klQM]

06-26 16:02:15.128 21819 21829 I Finsky  : [2684] eth.b(9): com.wallapop: Account from preferred account - [E7ZhE6RtwBr6ZrivWaTWep8klQM]

06-26 16:02:15.138 21819 24783 I Finsky  : [2763] eth.b(2): com.wallapop: Account determined from installer data - [E7ZhE6RtwBr6ZrivWaTWep8klQM]

06-26 16:02:15.138 21819 24783 I Finsky  : [2763] eth.b(9): com.wallapop: Account from preferred account - [E7ZhE6RtwBr6ZrivWaTWep8klQM]

06-26 16:02:15.178   874  1220 V WindowStateAnimator: Finishing drawing window Window{dbf80d7 u0 d0 com.wallapop/com.rewallapop.ui.wall.WallActivity}: mDrawState=DRAW_PENDING

06-26 16:02:15.188   874  1132 I ActivityManager: Displayed com.wallapop/com.rewallapop.ui.wall.WallActivity: +1s365ms (total +13m38s12ms)

06-26 16:02:15.188   874  1132 I Timeline: Timeline: Activity_windows_visible id: ActivityRecord{3674db8 u0 com.wallapop/com.rewallapop.ui.wall.WallActivity t803} time:12333215

06-26 16:02:15.278   874  1714 V WindowStateAnimator: Finishing drawing window Window{dbf80d7 u0 d0 com.wallapop/com.rewallapop.ui.wall.WallActivity}: mDrawState=HAS_DRAWN

06-26 16:02:15.288 21819 24782 I Finsky  : [2762] eth.b(2): com.wallapop: Account determined from installer data - [E7ZhE6RtwBr6ZrivWaTWep8klQM]

06-26 16:02:15.288 21819 24782 I Finsky  : [2762] eth.b(9): com.wallapop: Account from preferred account - [E7ZhE6RtwBr6ZrivWaTWep8klQM]

06-26 16:02:15.288  9071  9071 W ResourcesManager: getTopLevelResources: /data/app/com.google.android.gms-1/base.apk / 1.0 running in com.wallapop rsrc of package null

06-26 16:02:15.388  9071  9357 W ResourcesManager: getTopLevelResources: /data/data/com.google.android.gms/app_chimera/m/00000034/dl-AdsFdrDynamite.integ_20290000008.apk / 1.0 running in com.wallapop rsrc of package null

06-26 16:02:15.478   874  2020 I AppOps  : sendInfoToFLP, code=41 , uid=10265 , packageName=com.wallapop , type=startOp

06-26 16:02:15.588 21819 21830 I Finsky  : [2685] eth.b(2): com.wallapop: Account determined from installer data - [E7ZhE6RtwBr6ZrivWaTWep8klQM]

06-26 16:02:15.588 21819 21830 I Finsky  : [2685] eth.b(9): com.wallapop: Account from preferred account - [E7ZhE6RtwBr6ZrivWaTWep8klQM]

06-26 16:02:15.598 21819 21829 I Finsky  : [2684] eth.b(2): com.wallapop: Account determined from installer data - [E7ZhE6RtwBr6ZrivWaTWep8klQM]

06-26 16:02:15.598 21819 21829 I Finsky  : [2684] eth.b(9): com.wallapop: Account from preferred account - [E7ZhE6RtwBr6ZrivWaTWep8klQM]

06-26 16:02:16.538  9071  9071 W View    : requestLayout() improperly called by com.wallapop.design.view.WallapopTextView{a2c27ab V.ED..... ......ID 54,30-54,92 #7f0a08d7 app:id/wp__home__tv_bubble} during layout: running second layout pass

06-26 16:02:17.298  9071  9097 W System.err: remove failed: ENOENT (No such file or directory) : /data/user/0/com.wallapop/files/AppEventsLogger.persistedevents

06-26 16:02:18.078  9071  9475 W ResourcesManager: getTopLevelResources: /data/app/com.google.android.gms-1/base.apk / 1.0 running in com.wallapop rsrc of package null

06-26 16:02:18.548  9071  9475 W ResourcesManager: getTopLevelResources: /data/app/com.google.android.gms-1/base.apk / 1.0 running in com.wallapop rsrc of package null


