Executed 'TestRailTest_01()' on 04-11-2019
---------------------------------------------------------------------------------
11-14 11:39:16.007  5774  5774 V InputMethodManager: Starting input: tba=com.wallapop ic=null mNaviBarColor -1 mIsGetNaviBarColorSuccess true , NavVisible : true , NavTrans : false

11-14 11:39:16.035  4211  4244 D GameManagerService: noteResumeComponent(), resumeComponent: com.wallapop

11-14 11:39:16.035  4211  4244 D MARsPolicyManager: onPackageResumedFG pkgName = com.wallapop, userId = 0

11-14 11:39:16.036  4211  4473 D GameManagerService: handleForegroundChange(). pkgName: com.wallapop, clsName: com.wallapop.chatui.archive.ArchivedConversationsActivity,FgActivityName:com.wallapop/.chatui.archive.ArchivedConversationsActivity

11-14 11:39:16.048  4211  4228 I WindowManager: Waiting for drawn Window{9a3705f u0 com.wallapop/com.wallapop.chatui.archive.ArchivedConversationsActivity}: removed=false visible=true mHasSurface=true drawState=1

11-14 11:39:16.054  4211  4310 V WindowManager: Resize reasons for w=Window{9a3705f u0 com.wallapop/com.wallapop.chatui.archive.ArchivedConversationsActivity}:  contentInsetsChanged=true [0,63][0,126] visibleInsetsChanged=false [0,63][0,126] stableInsetsChanged=false [0,63][0,126] outsetsChanged=false [0,0][0,0] surfaceResized=false configChanged=false dragResizingChanged=false reportOrientationChanged=false displayCutoutChanged=false nextForceRelayoutToClient=false

11-14 11:39:16.056  4211  4310 I WindowManager: Waiting for drawn Window{9a3705f u0 com.wallapop/com.wallapop.chatui.archive.ArchivedConversationsActivity}: removed=false visible=true mHasSurface=true drawState=1

11-14 11:39:16.076  4211  4211 D GameManagerService: identifyGamePackage. com.wallapop

11-14 11:39:16.077  4211  4211 D GamePkgDataHelper: getGamePkgData(). com.wallapop

11-14 11:39:16.104  4211  4473 D GameManagerService:   handleUserPresent(). resume signal is needed for com.wallapop

11-14 11:39:16.104  4211  4211 D MdnieScenarioControlService:  packageName : com.wallapop    className : com.wallapop.chatui.archive.ArchivedConversationsActivity

11-14 11:39:16.113  4211  4310 I WindowManager: Waiting for drawn Window{9a3705f u0 com.wallapop/com.wallapop.chatui.archive.ArchivedConversationsActivity}: removed=false visible=true mHasSurface=true drawState=1

11-14 11:39:16.119  4211  4310 I WindowManager: Waiting for drawn Window{9a3705f u0 com.wallapop/com.wallapop.chatui.archive.ArchivedConversationsActivity}: removed=false visible=true mHasSurface=true drawState=1

11-14 11:39:16.149  4211  4808 D SamsungAlarmManager: Cancel Alarm calling from uid:10313 pid :5774 / op:PendingIntent{ebbabfb: PendingIntentRecord{370e418 com.wallapop broadcastIntent}}

11-14 11:39:16.192  4211  4809 D LocationManagerService: request acfb0ad passive Request[POWER_NONE passive fastest=0 num=1 lowPowerMode=false] from com.wallapop(10313 foreground)

11-14 11:39:16.193  4622  4682 V ListenerMonitor_FLP: addListener, type : 0 packageName : com.wallapop , listener count : 1

11-14 11:39:16.193  4622  4682 E RequestManager_FLP: [LocationManagerService] Location request acfb0ad(PendingIntent) passive interval=0 from com.wallapop(10313)

11-14 11:39:16.288  5774  9528 W System.err: com.wallapop.kernel.exception.WallapopException

11-14 11:39:16.288  5774  9528 W System.err: 	at com.wallapop.thirdparty.featureflag.e.c(SourceFile:38)

11-14 11:39:16.291  5774  9528 W System.err: 	at com.wallapop.thirdparty.featureflag.e.a(SourceFile:24)

11-14 11:39:16.291  5774  9528 W System.err: 	at com.wallapop.featureflag.FeatureFlagRepository.e(SourceFile:28)

11-14 11:39:16.291  5774  9528 W System.err: 	at com.wallapop.featureflag.FeatureFlagRepository.a(SourceFile:20)

11-14 11:39:16.291  5774  9528 W System.err: 	at com.wallapop.featureflag.l.a(SourceFile:12)

11-14 11:39:16.291  5774  9528 W System.err: 	at com.wallapop.featureflag.n.a(SourceFile:9)

11-14 11:39:16.292  5774  9528 W System.err: 	at com.wallapop.featureflag.d.a(SourceFile:21)

11-14 11:39:16.455  4211  7552 D WindowManager: finishDrawingWindow: Window{9a3705f u0 com.wallapop/com.wallapop.chatui.archive.ArchivedConversationsActivity} mDrawState=DRAW_PENDING

11-14 11:39:16.458  4211  4310 I WindowManager: commitFinishDrawingLocked: mDrawState=READY_TO_SHOW Surface(name=com.wallapop/com.wallapop.chatui.archive.ArchivedConversationsActivity[5774])/@0x1f61598

11-14 11:39:16.458  4211  4310 V WindowManager: performShowLocked: mDrawState=HAS_DRAWN in Window{9a3705f u0 com.wallapop/com.wallapop.chatui.archive.ArchivedConversationsActivity}

11-14 11:39:16.460  4211  4310 I WindowManager: Waiting for drawn Window{9a3705f u0 com.wallapop/com.wallapop.chatui.archive.ArchivedConversationsActivity}: removed=false visible=true mHasSurface=true drawState=4

11-14 11:39:16.460  4211  4310 D WindowManager: Window drawn win=Window{9a3705f u0 com.wallapop/com.wallapop.chatui.archive.ArchivedConversationsActivity}

11-14 11:39:16.483  3727  3727 I SurfaceFlinger:      Device | 0x70d664ed80 | 0002 | RGBA_8888 |   0.0    0.0 1080.0 2220.0 |    0    0 1080 2220 | com.wallapop/com.wallapop.chatui.arc[...]rchivedConversationsActivity[5774]#0

11-14 11:39:16.760  5774  5786 I com.wallapop: Background concurrent copying GC freed 431105(18MB) AllocSpace objects, 74(3MB) LOS objects, 47% free, 26MB/50MB, paused 616us total 189.748ms

11-14 11:39:16.781  5774  5784 W REALM_JAVA: Remember to call close() on all Realm instances. Realm /data/data/com.wallapop/files/pending_events_queue_vxpzpymr4z30 is being finalized without being closed, this can lead to running out of native memory.

11-14 11:39:16.782  5774  5784 W REALM_JAVA: Remember to call close() on all Realm instances. Realm /data/data/com.wallapop/files/feature_flags is being finalized without being closed, this can lead to running out of native memory.

11-14 11:39:16.782  5774  5784 W REALM_JAVA: Remember to call close() on all Realm instances. Realm /data/data/com.wallapop/files/chat_inbox_vxpzpymr4z30 is being finalized without being closed, this can lead to running out of native memory.

11-14 11:39:16.782  5774  5784 W REALM_JAVA: Remember to call close() on all Realm instances. Realm /data/data/com.wallapop/files/pending_events_queue_vxpzpymr4z30 is being finalized without being closed, this can lead to running out of native memory.

11-14 11:39:16.782  5774  5784 W REALM_JAVA: Remember to call close() on all Realm instances. Realm /data/data/com.wallapop/files/feature_flags is being finalized without being closed, this can lead to running out of native memory.

11-14 11:39:16.782  5774  5784 W REALM_JAVA: Remember to call close() on all Realm instances. Realm /data/data/com.wallapop/files/chat_inbox_vxpzpymr4z30 is being finalized without being closed, this can lead to running out of native memory.

11-14 11:39:17.559 10430 10527 I appium  : AppiumResponse: {"sessionId":"a67ccc57-85da-4057-a2b2-6ae4e77f2357","value":{"sessionId":"a67ccc57-85da-4057-a2b2-6ae4e77f2357","capabilities":{"firstMatch":[{"platform":"LINUX","webStorageEnabled":false,"takesScreenshot":true,"javascriptEnabled":true,"databaseEnabled":false,"networkConnectionEnabled":true,"locationContextEnabled":false,"warnings":{},"desired":{"platformName":"android","normalizeTagNames":true,"androidInstallTimeout":150000,"app":"","appActivity":"com.rewallapop.ui.main.MainActivity","appPackage":"com.wallapop","isHeadless":false,"skipDeviceInitialization":true,"autoAcceptAlerts":true,"autoGrantPermissions":true,"automationName":"UiAutomator2","avd":"","deviceName":"3200f02dc0aab5db","deviceReadyTimeout":1,"fullReset":false,"ignoreUnimportantViews":true,"newCommandTimeout":60,"noReset":true,"systemPort":8223,"udid":"3200f02dc0aab5db"},"platformName":"android","normalizeTagNames":true,"androidInstallTimeout":150000,"app":"","appActivity":"com.rewallapop.ui.main.MainActivity","appPackage":"com.wallapop","isHeadless":false,"skipDeviceInitialization":true,"autoAcceptAlerts":true,"autoGrantPermissions":true,"automationName":"UiAutomator2","avd":"","deviceName":"3200f02dc0aab5db","deviceReadyTimeout":1,"fullReset":false,"ignoreUnimportantViews":true,"newCommandTimeout":60,"noReset":true,"systemPort":8223,"udid":"3200f02dc0aab5db","deviceUDID":"3200f02dc0aab5db"}],"alwaysMatch":{}}}}

11-14 11:39:17.574  5774  5774 W com.wallapop: Accessing hidden method Landroid/view/WindowManagerGlobal;->getInstance()Landroid/view/WindowManagerGlobal; (light greylist, reflection)

11-14 11:39:17.574  5774  5774 W com.wallapop: Accessing hidden field Landroid/view/WindowManagerGlobal;->mRoots:Ljava/util/ArrayList; (light greylist, reflection)

11-14 11:39:17.575  5774  5774 W com.wallapop: Accessing hidden field Landroid/view/ViewRootImpl;->mStopped:Z (light greylist, reflection)

11-14 11:39:18.095  4211  4808 I ActivityManager: Force stopping com.wallapop appid=10313 user=0: from pid 10547 caller com.android.server.am.ActivityManagerShellCommand.runStartActivity:412

11-14 11:39:18.097  4211  4808 I ActivityManager: Killing 5774:com.wallapop/u0a313 (adj 0): stop com.wallapop,from pid 10547 caller com.android.server.am.ActivityManagerShellCommand.runStartActivity:412

11-14 11:39:18.105  4211  4808 W ActivityManager: Scheduling restart of crashed service com.wallapop/com.rewallapop.ui.debug.view.DebugActivity$Service in 1000ms

11-14 11:39:18.107  4211  4808 W ActivityManager: Force removing ActivityRecord{a9ae326 u0 com.wallapop/.chatui.archive.ArchivedConversationsActivity t2161}: app died, no saved state

11-14 11:39:18.115 23911 23911 D Notification.Badge: [invalid] onNotificationRemoved : StatusBarNotification(pkg=com.wallapop user=UserHandle{0} id=999 tag=null key=0|com.wallapop|999|null|10313: Notification(channel=wallapop_channel pri=-2 contentView=null vibrate=null sound=null defaults=0x0 flags=0x62 color=0x00000000 vis=PRIVATE semFlags=0x0 semPriority=0 semMissedCount=0))

11-14 11:39:18.117  4211  4808 V WindowManager: Changing focus from Window{9a3705f u0 com.wallapop/com.wallapop.chatui.archive.ArchivedConversationsActivity} to null Callers=com.android.server.wm.AppWindowToken.setVisibility:536 com.android.server.wm.AppWindowToken.onRemovedFromDisplay:766 com.android.server.wm.DisplayContent.removeAppToken:1079 com.android.server.wm.AppWindowContainerController.removeContainer:305

11-14 11:39:18.124  4211  4808 V WindowManager: Setting visibility of Window{9a3705f u0 com.wallapop/com.wallapop.chatui.archive.ArchivedConversationsActivity}: false, caller=com.android.server.wm.WindowContainer.sendAppVisibilityToClients:615 com.android.server.wm.AppWindowToken.setClientHidden:460 com.android.server.wm.AppWindowToken.onAnimationFinished:2383 com.android.server.wm.AppWindowToken.setVisibility:551 com.android.server.wm.AppWindowToken.onRemovedFromDisplay:766

11-14 11:39:18.126  4211  4808 I WindowManager: Cancelling animation restarting=false, leash=null, surface=Surface(name=AppWindowToken{4141d14 token=Token{a8c7b67 ActivityRecord{a9ae326 u0 com.wallapop/.chatui.archive.ArchivedConversationsActivity t2161}}})/@0xc6614c8, parent=Surface(name=Task=2161)/@0x16ad85e

11-14 11:39:18.127  4211  4808 V WindowManager: Remove Window{9a3705f u0 com.wallapop/com.wallapop.chatui.archive.ArchivedConversationsActivity}: mSurfaceController=Surface(name=com.wallapop/com.wallapop.chatui.archive.ArchivedConversationsActivity[5774])/@0x1f61598 mAnimatingExit=false mRemoveOnExit=false mHasSurface=true surfaceShowing=false isAnimationSet=false app-animation=false mWillReplaceWindow=false inPendingTransaction=false mDisplayFrozen=false callers=com.android.server.wm.WindowState.removeIfPossible:2764 com.android.server.wm.WindowToken.removeAllWindowsIfPossible:150 com.android.server.wm.AppWindowToken.removeIfPossible:743 com.android.server.wm.AppWindowToken.onRemovedFromDisplay:819 com.android.server.wm.DisplayContent.removeAppToken:1079 com.android.server.wm.AppWindowContainerController.removeContainer:305

11-14 11:39:18.128  4211  4808 I WindowManager: Destroying surface Surface(name=com.wallapop/com.wallapop.chatui.archive.ArchivedConversationsActivity[5774])/@0x1f61598 called by com.android.server.wm.WindowStateAnimator.destroySurface:1901 com.android.server.wm.WindowStateAnimator.destroySurfaceLocked:838 com.android.server.wm.WindowState.removeImmediately:2743 com.android.server.wm.WindowState.removeIfPossible:2893 com.android.server.wm.WindowState.removeIfPossible:2764 com.android.server.wm.WindowToken.removeAllWindowsIfPossible:150 com.android.server.wm.AppWindowToken.removeIfPossible:743 com.android.server.wm.AppWindowToken.onRemovedFromDisplay:819

11-14 11:39:18.129  3727  3771 I SurfaceFlinger: id=26095 Removed com.wallapop/com.wallapop.chatui.archive.ArchivedConversationsActivity[5774]#0 (0/61)

11-14 11:39:18.134  3727  3771 I SurfaceFlinger: id=26094 Removed 9a3705f com.wallapop/com.wallapop.chatui.archive.ArchivedConversationsActivity#0 (0/60)

11-14 11:39:18.138  4211  4242 D WindowManager: reportFocusChangedSerialized, focused=false, inTouchMode=true, win=Window{9a3705f u0 com.wallapop/com.wallapop.chatui.archive.ArchivedConversationsActivity}

11-14 11:39:18.140  3727  3727 I Layer   : id=26095 onRemoved com.wallapop/com.wallapop.chatui.archive.ArchivedConversationsActivity[5774]#0

11-14 11:39:18.142  3727  3727 I Layer   : id=26094 onRemoved 9a3705f com.wallapop/com.wallapop.chatui.archive.ArchivedConversationsActivity#0

11-14 11:39:18.142  3727  3964 I SurfaceFlinger: id=26093 Removed AppWindowToken{4141d14 token=Token{a8c7b67 ActivityRecord{a9ae326 u0 com.wallapop/.chatui.archive.ArchivedConversationsActivity t2161}}}#0 (2/59)

11-14 11:39:18.152  4211  4808 D StorageManagerService: getExternalStorageMountMode : final mountMode=1, uid : 10313, packageName : com.wallapop

11-14 11:39:18.152  4211  4808 I ApplicationPolicy: isApplicationExternalStorageWhitelisted:com.wallapop user:0

11-14 11:39:18.152  4211  4808 D ActivityManager: package  com.wallapop, user - 0 is SDcard whitelisted

11-14 11:39:18.153  4211  4808 I ApplicationPolicy: isApplicationExternalStorageBlacklisted:com.wallapop user:0

11-14 11:39:18.153  4211  4808 I ApplicationPolicy: isApplicationExternalStorageBlacklisted:com.wallapop user:0

11-14 11:39:18.155  4211  4808 V WindowManager: Setting visibility of Window{5b00f7e u0 com.wallapop/com.wallapop.chatui.inbox.InboxActivity}: true, caller=com.android.server.wm.WindowContainer.sendAppVisibilityToClients:615 com.android.server.wm.AppWindowToken.setClientHidden:460 com.android.server.wm.AppWindowContainerController.setVisibility:440 com.android.server.am.ActivityRecord.setVisibility:1917 com.android.server.am.ActivityRecord.setVisible:1925

11-14 11:39:18.156  3727  3727 I Layer   : id=26093 onRemoved AppWindowToken{4141d14 token=Token{a8c7b67 ActivityRecord{a9ae326 u0 com.wallapop/.chatui.archive.ArchivedConversationsActivity t2161}}}#0

11-14 11:39:18.163  4211  4808 I ActivityManager:   Force finishing activity ActivityRecord{22ae154 u0 com.wallapop/com.rewallapop.ui.wall.WallActivity t2161}

11-14 11:39:18.163  3727  3727 I SurfaceFlinger: id=26108 createSurf (4440x4440),2 flag=4, 9781454 Splash Screen com.wallapop#0

11-14 11:39:18.179  4211  4808 I ActivityManager:   Force finishing activity ActivityRecord{a5e6793 u0 com.wallapop/.chatui.inbox.InboxActivity t2161}

11-14 11:39:18.180  4211  4310 V WindowManager: Relayout Window{9781454 u0 Splash Screen com.wallapop}: viewVisibility=0 req=1080x2220 {(0,0)(fillxfill) sim={adjust=pan} ty=APPLICATION_STARTING wanim=0x10302fe

11-14 11:39:18.184  3727  3727 I SurfaceFlinger: id=26109 createSurf (1080x2220),1 flag=404, Splash Screen com.wallapop#0

11-14 11:39:18.187  4211  4310 D WindowManager: makeSurface duration=3 name=Splash Screen com.wallapop

11-14 11:39:18.205  4211  4808 V WindowManager: Setting visibility of Window{5b00f7e u0 com.wallapop/com.wallapop.chatui.inbox.InboxActivity}: false, caller=com.android.server.wm.WindowContainer.sendAppVisibilityToClients:615 com.android.server.wm.AppWindowToken.setClientHidden:460 com.android.server.wm.AppWindowToken.onAnimationFinished:2383 com.android.server.wm.AppWindowToken.setVisibility:551 com.android.server.wm.WindowSurfacePlacer.handleClosingApps:536

11-14 11:39:18.209  4211  4808 I ActivityManager:   Force finishing activity ActivityRecord{22ae154 u0 com.wallapop/com.rewallapop.ui.wall.WallActivity t2161 f}

11-14 11:39:18.209  4211  4808 W ActivityManager: Duplicate finish request for ActivityRecord{22ae154 u0 com.wallapop/com.rewallapop.ui.wall.WallActivity t2161 f}

11-14 11:39:18.209  4211  4808 I ActivityManager:   Force finishing activity ActivityRecord{a5e6793 u0 com.wallapop/.chatui.inbox.InboxActivity t2161 f}

11-14 11:39:18.209  4211  4808 W ActivityManager: Duplicate finish request for ActivityRecord{a5e6793 u0 com.wallapop/.chatui.inbox.InboxActivity t2161 f}

11-14 11:39:18.226  4211  4310 D WindowManager: finishDrawingWindow: Window{9781454 u0 Splash Screen com.wallapop} mDrawState=DRAW_PENDING

11-14 11:39:18.228  4211  4310 I WindowManager: commitFinishDrawingLocked: mDrawState=READY_TO_SHOW Surface(name=Splash Screen com.wallapop)/@0x9d30ef9

11-14 11:39:18.234  4211  4809 I WindowManager: commitFinishDrawingLocked: mDrawState=READY_TO_SHOW Surface(name=Splash Screen com.wallapop)/@0x9d30ef9

11-14 11:39:18.236  4211  6757 I WindowManager: commitFinishDrawingLocked: mDrawState=READY_TO_SHOW Surface(name=Splash Screen com.wallapop)/@0x9d30ef9

11-14 11:39:18.238  4211  4211 D Telecom:SamsungPrebindingServiceImpl: onTopActivityChanged : ComponentInfo{com.wallapop/com.wallapop.chatui.inbox.InboxActivity}

11-14 11:39:18.238  4211  4211 D Telecom:SamsungPrebindingServiceImpl: onTopActivityChanged : ComponentInfo{com.wallapop/com.wallapop.chatui.inbox.InboxActivity}

11-14 11:39:18.240  4211  4310 V WindowManager: Remove Window{9781454 u0 Splash Screen com.wallapop}: mSurfaceController=Surface(name=Splash Screen com.wallapop)/@0x9d30ef9 mAnimatingExit=false mRemoveOnExit=false mHasSurface=true surfaceShowing=false isAnimationSet=false app-animation=false mWillReplaceWindow=false inPendingTransaction=false mDisplayFrozen=false callers=com.android.server.wm.WindowState.removeIfPossible:2764 com.android.server.wm.WindowManagerService.removeWindow:1943 com.android.server.wm.Session.remove:268 android.view.ViewRootImpl.dispatchDetachedFromWindow:4565 android.view.ViewRootImpl.doDie:7996 android.view.ViewRootImpl$ViewRootHandler.handleMessage:4987

11-14 11:39:18.241  4211  4310 I WindowManager: Destroying surface Surface(name=Splash Screen com.wallapop)/@0x9d30ef9 called by com.android.server.wm.WindowStateAnimator.destroySurface:1901 com.android.server.wm.WindowStateAnimator.destroySurfaceLocked:838 com.android.server.wm.WindowState.removeImmediately:2743 com.android.server.wm.WindowState.removeIfPossible:2893 com.android.server.wm.WindowState.removeIfPossible:2764 com.android.server.wm.WindowManagerService.removeWindow:1943 com.android.server.wm.Session.remove:268 android.view.ViewRootImpl.dispatchDetachedFromWindow:4565

11-14 11:39:18.241  3727  3964 I SurfaceFlinger: id=26109 Removed Splash Screen com.wallapop#0 (0/60)

11-14 11:39:18.243  3727  3771 I SurfaceFlinger: id=26108 Removed 9781454 Splash Screen com.wallapop#0 (1/59)

11-14 11:39:18.245  4211  4227 I WindowManager: Cancelling animation restarting=false, leash=null, surface=Surface(name=AppWindowToken{22709f2 token=Token{7e1b8fd ActivityRecord{22ae154 u0 com.wallapop/com.rewallapop.ui.wall.WallActivity t2161}}})/@0x2678d1f, parent=Surface(name=Task=2161)/@0x16ad85e

11-14 11:39:18.245  4211  4227 V WindowManager: Remove Window{b2d3d2d u0 com.wallapop/com.rewallapop.ui.wall.WallActivity}: mSurfaceController=null mAnimatingExit=false mRemoveOnExit=false mHasSurface=false surfaceShowing=false isAnimationSet=false app-animation=false mWillReplaceWindow=false inPendingTransaction=false mDisplayFrozen=false callers=com.android.server.wm.WindowState.removeIfPossible:2764 com.android.server.wm.WindowToken.removeAllWindowsIfPossible:150 com.android.server.wm.AppWindowToken.removeIfPossible:743 com.android.server.wm.AppWindowToken.onRemovedFromDisplay:819 com.android.server.wm.DisplayContent.removeAppToken:1079 com.android.server.wm.AppWindowContainerController.removeContainer:305

11-14 11:39:18.247  3727  3771 I SurfaceFlinger: id=25927 Removed b2d3d2d com.wallapop/com.rewallapop.ui.wall.WallActivity#0 (0/58)

11-14 11:39:18.248  3727  3771 I SurfaceFlinger: id=25925 Removed AppWindowToken{22709f2 token=Token{7e1b8fd ActivityRecord{22ae154 u0 com.wallapop/com.rewallapop.ui.wall.WallActivity t2161}}}#0 (0/57)

11-14 11:39:18.256  4211  4227 W BroadcastQueue: Background execution not allowed: receiving Intent { act=android.intent.action.PACKAGE_RESTARTED dat=package:com.wallapop flg=0x10 (has extras) } to android/com.kddi.android.CpaNotiReceiver

11-14 11:39:18.257  3727  3727 I Layer   : id=25925 onRemoved AppWindowToken{22709f2 token=Token{7e1b8fd ActivityRecord{22ae154 u0 com.wallapop/com.rewallapop.ui.wall.WallActivity t2161}}}#0

11-14 11:39:18.257  3727  3727 I Layer   : id=26109 onRemoved Splash Screen com.wallapop#0

11-14 11:39:18.257  3727  3727 I Layer   : id=25927 onRemoved b2d3d2d com.wallapop/com.rewallapop.ui.wall.WallActivity#0

11-14 11:39:18.258  3727  3727 I Layer   : id=26108 onRemoved 9781454 Splash Screen com.wallapop#0

11-14 11:39:18.263  4211  4360 W InputDispatcher: channel '5b00f7e com.wallapop/com.wallapop.chatui.inbox.InboxActivity (server)' ~ Consumer closed input channel or an error occurred.  events=0x9, fd=360

11-14 11:39:18.263  4211  4360 E InputDispatcher: channel '5b00f7e com.wallapop/com.wallapop.chatui.inbox.InboxActivity (server)' ~ Channel is unrecoverably broken and will be disposed!

11-14 11:39:18.264  4211  4211 D SamsungAlarmManager: Remove alarm for next reason : android.intent.action.PACKAGE_RESTARTED : package: com.wallapop

11-14 11:39:18.302  4211  4229 I ActivityManager: Start proc 10559:com.wallapop/u0a313 for activity com.wallapop/.chatui.inbox.InboxActivity

11-14 11:39:18.309  4211  6753 I WindowManager: WIN DEATH: Window{5b00f7e u0 com.wallapop/com.wallapop.chatui.inbox.InboxActivity}

11-14 11:39:18.309  4211  6753 W InputDispatcher: Attempted to unregister already unregistered input channel '5b00f7e com.wallapop/com.wallapop.chatui.inbox.InboxActivity (server)'

11-14 11:39:18.318  4211  6753 V WindowManager: Remove Window{5b00f7e u0 com.wallapop/com.wallapop.chatui.inbox.InboxActivity}: mSurfaceController=null mAnimatingExit=false mRemoveOnExit=false mHasSurface=false surfaceShowing=false isAnimationSet=false app-animation=false mWillReplaceWindow=false inPendingTransaction=false mDisplayFrozen=false callers=com.android.server.wm.WindowState.access$300:282 com.android.server.wm.WindowState$DeathRecipient.binderDied:3382 android.os.BinderProxy.sendDeathNotice:1211 <bottom of call stack> <bottom of call stack> <bottom of call stack>

11-14 11:39:18.321 23911 17128 I AppIconSolution: load=com.wallapop, bg=144-144, dr=126-126, forDefault=true, density=0

11-14 11:39:18.324  3727  3964 I SurfaceFlinger: id=26007 Removed 5b00f7e com.wallapop/com.wallapop.chatui.inbox.InboxActivity#0 (0/56)

11-14 11:39:18.324 23911 17128 I AppIconSolution: load=com.wallapop-contain, bg=166-166, dr=126-126

11-14 11:39:18.329 10559 10559 I com.wallapop: Late-enabling -Xcheck:jni

11-14 11:39:18.340  3727  3727 I Layer   : id=26007 onRemoved 5b00f7e com.wallapop/com.wallapop.chatui.inbox.InboxActivity#0

11-14 11:39:18.355 23911 23978 D Notification.Badge: updateLauncherIconBadges() item : [IconInfo(title=_Wallapop_ intent=Intent { act=android.intent.action.MAIN cat=[android.intent.category.LAUNCHER] flg=0x10200000 cmp=com.wallapop/.activities.HomeActivity (has extras) } id=162 type=0 container=-102 screen=1 cellX=3 cellY=0 spanX=1 spanY=1 rank=3 hidden=0 dropPos=null user=UserHandle{0} screenType=0)], mShowBadge : [false], item.mBadgeCount : [0]

11-14 11:39:18.366 10559 10559 I com.wallapop: report jit thread pid = 10565

11-14 11:39:18.386  4211  6756 I ActivityManager: DSS on for com.wallapop and scale is 1.0

11-14 11:39:18.389 23911 23911 D Notification.Badge: [valid] onNotificationRemoved : StatusBarNotification(pkg=com.wallapop user=UserHandle{0} id=0 tag=default key=0|com.wallapop|0|default|10313: Notification(channel=wallapop_channel pri=2 contentView=null vibrate=null sound=null tick defaults=0x0 flags=0x8 color=0xff13c1ac category=msg vis=PRIVATE semFlags=0x0 semPriority=0 semMissedCount=0))

11-14 11:39:18.389 23911 23911 D Notification.Badge: notificationKey : 0|com.wallapop|0|default|10313, count : 0, this.count : 1

11-14 11:39:18.389 23911 23978 D Notification.Badge: LauncherModel:onNotificationRemoved() : com.wallapop

11-14 11:39:18.391 23911 23911 D RecommendedView: updateBadgeItems: [IconInfo(title=_Wallapop_ intent=Intent { act=android.intent.action.MAIN cat=[android.intent.category.LAUNCHER] flg=0x10200000 cmp=com.wallapop/.activities.HomeActivity (has extras) } id=162 type=0 container=-102 screen=1 cellX=3 cellY=0 spanX=1 spanY=1 rank=3 hidden=0 dropPos=null user=UserHandle{0} screenType=0)]

11-14 11:39:18.485  4211  4808 I ActivityManager: START u0 {act=null typ=null flg=0x10000000 cmp=ComponentInfo{com.wallapop/com.rewallapop.ui.main.MainActivity}} from uid 2000

11-14 11:39:18.487  4211  4808 I ActivityManager: [IOP] sourceDir : /data/app/com.wallapop-N9ua0QKKrjIAApR3SfN52w== in ActivityStacksupervisor

11-14 11:39:18.521  3727  3727 I SurfaceFlinger: id=26115 createSurf (4440x4440),2 flag=4, AppWindowToken{75f2587 token=Token{d0361c6 ActivityRecord{5a3fba1 u0 com.wallapop/com.rewallapop.ui.main.MainActivity t2162}}}#0

11-14 11:39:18.542  3727  3727 I SurfaceFlinger: id=26116 createSurf (4440x4440),2 flag=4, f953338 Splash Screen com.wallapop#0

11-14 11:39:18.554  4211  4310 V WindowManager: Relayout Window{f953338 u0 Splash Screen com.wallapop}: viewVisibility=0 req=1080x2220 {(0,0)(fillxfill) sim={adjust=pan} ty=APPLICATION_STARTING fmt=TRANSLUCENT wanim=0x10302fe

11-14 11:39:18.558  3727  3727 I SurfaceFlinger: id=26117 createSurf (1080x2220),1 flag=4, Splash Screen com.wallapop[10559]#0

11-14 11:39:18.561  4211  4310 D WindowManager: makeSurface duration=4 name=Splash Screen com.wallapop[10559]

11-14 11:39:18.571  4211  4473 D GamePkgDataHelper: getGamePkgData(). com.wallapop

11-14 11:39:18.571  4211  5518 D GamePkgDataHelper: notifyAppCreate(), pkgName: com.wallapop, sendRet: true

11-14 11:39:18.571  4211  4473 D GameManagerService: handleMessage(), MSG_APP_CREATE. ignore. pkgName: com.wallapop

11-14 11:39:18.571 10559 10559 I com.wallapop: The ClassLoaderContext is a special shared library.

11-14 11:39:18.577  4211  5518 D GameManagerService: noteResumeComponent(), resumeComponent: com.wallapop

11-14 11:39:18.577  4211  5518 D GamePkgDataHelper: getSosPolicy(). com.wallapop

11-14 11:39:18.577  4211  4473 D GameManagerService: handleForegroundChange(). pkgName: com.wallapop, clsName: com.rewallapop.ui.main.MainActivity,FgActivityName:com.wallapop/com.rewallapop.ui.main.MainActivity

11-14 11:39:18.577  4211  4473 D GameManagerService:   handleForegroundChange(). set mFgApp: com.wallapop

11-14 11:39:18.577  4211  6756 D GamePkgDataHelper: getGamePkgDataIncServer(). com.wallapop

11-14 11:39:18.577  4211  4473 D GameManagerService: notifyResumePause(). pkg: com.wallapop, type: 4, isMinimized: false, isTunableApp: false

11-14 11:39:18.578  4211  5518 D GameManagerService: identifyGamePackage. com.wallapop

11-14 11:39:18.578  4211  5518 D GamePkgDataHelper: getGamePkgData(). com.wallapop

11-14 11:39:18.578  4211  5518 D MARsPolicyManager: onPackageResumedFG pkgName = com.wallapop, userId = 0

11-14 11:39:18.581  4211  4211 D Telecom:SamsungPrebindingServiceImpl: onTopActivityChanged : ComponentInfo{com.wallapop/com.rewallapop.ui.main.MainActivity}

11-14 11:39:18.583  4211  5518 V WindowManager: Resize reasons for w=Window{f953338 u0 Splash Screen com.wallapop}:  contentInsetsChanged=false [0,63][0,126] visibleInsetsChanged=false [0,63][0,126] stableInsetsChanged=false [0,63][0,126] outsetsChanged=false [0,0][0,0] surfaceResized=false configChanged=false dragResizingChanged=false reportOrientationChanged=false displayCutoutChanged=false nextForceRelayoutToClient=false

11-14 11:39:18.592  4211  4310 D WindowManager: finishDrawingWindow: Window{f953338 u0 Splash Screen com.wallapop} mDrawState=DRAW_PENDING

11-14 11:39:18.595  4211  6756 D GamePkgDataHelper: getSosPolicy(). com.wallapop

11-14 11:39:18.597  4211  4228 D CodecSolution: isMaxAspectPackageEx: com.wallapop : true(2)

11-14 11:39:18.598  4211  5518 I WindowManager: commitFinishDrawingLocked: mDrawState=READY_TO_SHOW Surface(name=Splash Screen com.wallapop[10559])/@0x2a1704e

11-14 11:39:18.599  4211  6756 D GameManagerService: identifyGamePackage. com.wallapop

11-14 11:39:18.599  4211  6756 D GamePkgDataHelper: getGamePkgData(). com.wallapop

11-14 11:39:18.614  4211  5518 I WindowManager: Cancelling animation restarting=true, leash=null, surface=Surface(name=AppWindowToken{75f2587 token=Token{d0361c6 ActivityRecord{5a3fba1 u0 com.wallapop/com.rewallapop.ui.main.MainActivity t2162}}})/@0xe798e80, parent=Surface(name=Task=2162)/@0xa2cdcb9

11-14 11:39:18.614  4211  5518 I WindowManager: Reparenting to leash, surface=Surface(name=AppWindowToken{75f2587 token=Token{d0361c6 ActivityRecord{5a3fba1 u0 com.wallapop/com.rewallapop.ui.main.MainActivity t2162}}})/@0xe798e80

11-14 11:39:18.618  3727  3727 I SurfaceFlinger: id=26119 createSurf (4440x4440),2 flag=4, Surface(name=AppWindowToken{75f2587 token=Token{d0361c6 ActivityRecord{5a3fba1 u0 com.wallapop/com.rewallapop.ui.main.MainActivity t2162}}})/@0xe798e80 - animation-leash#0

11-14 11:39:18.620  4211  5518 D WindowManager: makeSurface duration=7 leash=Surface(name=Surface(name=AppWindowToken{75f2587 token=Token{d0361c6 ActivityRecord{5a3fba1 u0 com.wallapop/com.rewallapop.ui.main.MainActivity t2162}}})/@0xe798e80 - animation-leash)/@0x7088fe

11-14 11:39:18.620  4211  5518 D SurfaceControl: reparent is called, sc=Surface(name=AppWindowToken{75f2587 token=Token{d0361c6 ActivityRecord{5a3fba1 u0 com.wallapop/com.rewallapop.ui.main.MainActivity t2162}}})/@0xe798e80, newParentHandle=android.os.BinderProxy@c1be85f, transaction=android.view.SurfaceControl$Transaction@12912ac

11-14 11:39:18.621  4211  5518 V WindowManager: performShowLocked: mDrawState=HAS_DRAWN in Window{f953338 u0 Splash Screen com.wallapop}

11-14 11:39:18.624  3727  5001 D Layer   : [AppWindowToken{75f2587 token=Token{d0361c6 ActivityRecord{5a3fba1 u0 com.wallapop/com.rewallapop.ui.main.MainActivity t2162}}}#0]::reparent oldParent:[Task=2162#0], newParent:[Surface(name=AppWindowToken{75f2587 token=Token{d0361c6 ActivityRecord{5a3fba1 u0 com.wallapop/com.rewallapop.ui.main.MainActivity t2162}}})/@0xe798e80 - animation-leash#0]

11-14 11:39:18.638  4211  4228 D WindowManager: setSystemUiVisibility: vis= 0xa018, fullscreenVis= 0x2000, dockedVis= 0x0, win=Window{f953338 u0 Splash Screen com.wallapop}

11-14 11:39:18.642  4211  6757 D GameManagerService: identifyGamePackage. com.wallapop

11-14 11:39:18.642  4211  6757 D GamePkgDataHelper: getGamePkgData(). com.wallapop

11-14 11:39:18.651  4211  4310 D WindowManager: finishDrawingWindow: Window{f953338 u0 Splash Screen com.wallapop} mDrawState=HAS_DRAWN

11-14 11:39:18.724  4211  4669 D MdnieScenarioControlService:  packageName : com.wallapop    className : com.rewallapop.ui.main.MainActivity

11-14 11:39:18.730  3727  3727 I SurfaceFlinger:      Device | 0x70d664e6c0 | 0000 | RGBA_8888 |   0.0    1.0 1080.0 2219.0 |   89  184  991 2036 | Splash Screen com.wallapop[10559]#0

11-14 11:39:18.771  3727  3727 I SurfaceFlinger:      Device | 0x70d664e6c0 | 0000 | RGBA_8888 |   0.0    0.0 1080.0 2220.0 |   50  103 1030 2117 | Splash Screen com.wallapop[10559]#0

11-14 11:39:18.875  4211  4310 I WindowManager: reset, Reparenting to original parent, shouldDeferScheduleAnimation=false, destroyLeash=true, surface=Surface(name=AppWindowToken{75f2587 token=Token{d0361c6 ActivityRecord{5a3fba1 u0 com.wallapop/com.rewallapop.ui.main.MainActivity t2162}}})/@0xe798e80, parent=Surface(name=Task=2162)/@0xa2cdcb9, parentNativeHandle=android.os.BinderProxy@7248457, caller=com.android.server.wm.SurfaceAnimator.lambda$getFinishedCallback$0:97 com.android.server.wm.-$$Lambda$SurfaceAnimator$SIBia0mND666K8lMCPsoid8pUTI.run:4 com.android.server.wm.SurfaceAnimator.lambda$getFinishedCallback$1:104 com.android.server.wm.-$$Lambda$SurfaceAnimator$vdRZk66hQVbQCvVXEaQCT1kVmFc.onAnimationFinished:4 com.android.server.wm.LocalAnimationAdapter.lambda$startAnimation$0:74

11-14 11:39:18.875  4211  4310 D SurfaceControl: reparent is called, sc=Surface(name=AppWindowToken{75f2587 token=Token{d0361c6 ActivityRecord{5a3fba1 u0 com.wallapop/com.rewallapop.ui.main.MainActivity t2162}}})/@0xe798e80, newParentHandle=android.os.BinderProxy@7248457, transaction=android.view.SurfaceControl$Transaction@12912ac

11-14 11:39:18.876  4211  4310 D SurfaceControl: destroy(transaction), animation-leash is destroyed, sc=Surface(name=Surface(name=AppWindowToken{75f2587 token=Token{d0361c6 ActivityRecord{5a3fba1 u0 com.wallapop/com.rewallapop.ui.main.MainActivity t2162}}})/@0xe798e80 - animation-leash)/@0x7088fe, transaction=android.view.SurfaceControl$Transaction@12912ac, caller=com.android.server.wm.SurfaceAnimator.reset:338 com.android.server.wm.SurfaceAnimator.lambda$getFinishedCallback$0:97 com.android.server.wm.-$$Lambda$SurfaceAnimator$SIBia0mND666K8lMCPsoid8pUTI.run:4 com.android.server.wm.SurfaceAnimator.lambda$getFinishedCallback$1:104 com.android.server.wm.-$$Lambda$SurfaceAnimator$vdRZk66hQVbQCvVXEaQCT1kVmFc.onAnimationFinished:4 com.android.server.wm.LocalAnimationAdapter.lambda$startAnimation$0:74 com.android.server.wm.-$$Lambda$LocalAnimationAdapter$X--EomqUvw4qy89IeeTFTH7aCMo.run:4

11-14 11:39:18.880  3727  3964 D Layer   : [AppWindowToken{75f2587 token=Token{d0361c6 ActivityRecord{5a3fba1 u0 com.wallapop/com.rewallapop.ui.main.MainActivity t2162}}}#0]::reparent oldParent:[Surface(name=AppWindowToken{75f2587 token=Token{d0361c6 ActivityRecord{5a3fba1 u0 com.wallapop/com.rewallapop.ui.main.MainActivity t2162}}})/@0xe798e80 - animation-leash#0], newParent:[Task=2162#0]

11-14 11:39:18.881  3727  3964 I SurfaceFlinger: id=26119 Removed Surface(name=AppWindowToken{75f2587 token=Token{d0361c6 ActivityRecord{5a3fba1 u0 com.wallapop/com.rewallapop.ui.main.MainActivity t2162}}})/@0xe798e80 - animation-leash#0 (0/64)

11-14 11:39:18.890  3727  3727 I Layer   : id=26119 onRemoved Surface(name=AppWindowToken{75f2587 token=Token{d0361c6 ActivityRecord{5a3fba1 u0 com.wallapop/com.rewallapop.ui.main.MainActivity t2162}}})/@0xe798e80 - animation-leash#0

11-14 11:39:18.913  3727  3727 I SurfaceFlinger:      Device | 0x70d664e6c0 | 0000 | RGBA_8888 |   0.0    0.0 1080.0 2220.0 |    0    0 1080 2220 | Splash Screen com.wallapop[10559]#0

11-14 11:39:19.014 10559 10611 W com.wallapop: Unsupported class loader

11-14 11:39:19.021 10559 10611 W com.wallapop: Skipping duplicate class check due to unsupported classloader

11-14 11:39:19.049 10559 10648 W com.wallapop: Accessing hidden field Ljava/nio/Buffer;->address:J (light greylist, reflection)

11-14 11:39:19.082 10559 10611 W com.wallapop: Unsupported class loader

11-14 11:39:19.157 10559 10598 I FA      :   adb shell setprop debug.firebase.analytics.app com.wallapop

11-14 11:39:19.222  4211  7608 D GameManagerService: identifyGamePackage. com.wallapop

11-14 11:39:19.222  4211  7608 D GamePkgDataHelper: getGamePkgData(). com.wallapop

11-14 11:39:19.492 10559 10571 I com.wallapop: Background concurrent copying GC freed 60753(4MB) AllocSpace objects, 32(996KB) LOS objects, 57% free, 4MB/10MB, paused 441us total 148.108ms

11-14 11:39:19.871 10559 10648 D FirebasePerformance: Logging NetworkRequestMetric - https://settings.crashlytics.com/spi/v2/platforms/android/apps/com.wallapop/settings 1531b 849ms,

11-14 11:39:19.878 10559 10648 I FirebasePerformance: Rate Limited NetworkRequestMetric - https://settings.crashlytics.com/spi/v2/platforms/android/apps/com.wallapop/settings

11-14 11:39:20.224 10559 10571 I com.wallapop: Background concurrent copying GC freed 74051(3MB) AllocSpace objects, 15(1692KB) LOS objects, 49% free, 8MB/17MB, paused 191us total 103.931ms

11-14 11:39:21.200 10559 10665 I stetho  : Listening on @stetho_com.wallapop_devtools_remote

11-14 11:39:21.279 10559 10671 W com.wallapop: Accessing hidden field Lsun/misc/Unsafe;->theUnsafe:Lsun/misc/Unsafe; (light greylist, reflection)

11-14 11:39:21.360 10559 10559 I com.wallapop: The ClassLoaderContext is a special shared library.

11-14 11:39:21.366 10559 10559 I com.wallapop: The ClassLoaderContext is a special shared library.

11-14 11:39:21.369 10559 10559 I com.wallapop: The ClassLoaderContext is a special shared library.

11-14 11:39:21.745 10559 10693 W com.wallapop: Accessing hidden method Landroid/content/Context;->bindServiceAsUser(Landroid/content/Intent;Landroid/content/ServiceConnection;ILandroid/os/Handler;Landroid/os/UserHandle;)Z (light greylist, reflection)

11-14 11:39:21.752  4211  4679 I ApplicationPolicy: isApplicationExternalStorageWhitelisted:com.wallapop user:0

11-14 11:39:21.752  4211  4679 D ActivityManager: package  com.wallapop, user - 0 is SDcard whitelisted

11-14 11:39:21.752  4211  4679 I ApplicationPolicy: isApplicationExternalStorageBlacklisted:com.wallapop user:0

11-14 11:39:21.752  4211  4679 I ApplicationPolicy: isApplicationExternalStorageBlacklisted:com.wallapop user:0

11-14 11:39:21.769  4211  4229 I ActivityManager: Start proc 10696:com.android.chrome:sandboxed_process0/u0i867 for webview_service com.wallapop/org.chromium.content.app.SandboxedProcessService0

11-14 11:39:21.800  4211  4679 I ActivityManager: DSS on for com.wallapop and scale is 1.0

11-14 11:39:21.801  4211  4679 D MultiDisplayManager: init process display: set packageProcessId, displayId=0, same_package_proc=ProcessRecord{680b42dd0 10559:com.wallapop/u0a313}, app=ProcessRecord{1a08c1fd0 10696:com.android.chrome:sandboxed_process0/u0a313i867}

11-14 11:39:21.925 10559 10559 W com.wallapop: Accessing hidden method Landroid/view/textclassifier/logging/SmartSelectionEventTracker;-><init>(Landroid/content/Context;I)V (light greylist, reflection)

11-14 11:39:21.925 10559 10559 W com.wallapop: Accessing hidden method Landroid/view/textclassifier/logging/SmartSelectionEventTracker;->logEvent(Landroid/view/textclassifier/logging/SmartSelectionEventTracker$SelectionEvent;)V (light greylist, reflection)

11-14 11:39:21.926 10559 10559 W com.wallapop: Accessing hidden method Landroid/view/textclassifier/logging/SmartSelectionEventTracker$SelectionEvent;->selectionStarted(I)Landroid/view/textclassifier/logging/SmartSelectionEventTracker$SelectionEvent; (light greylist, reflection)

11-14 11:39:21.926 10559 10559 W com.wallapop: Accessing hidden method Landroid/view/textclassifier/logging/SmartSelectionEventTracker$SelectionEvent;->selectionModified(II)Landroid/view/textclassifier/logging/SmartSelectionEventTracker$SelectionEvent; (light greylist, reflection)

11-14 11:39:21.926 10559 10559 W com.wallapop: Accessing hidden method Landroid/view/textclassifier/logging/SmartSelectionEventTracker$SelectionEvent;->selectionModified(IILandroid/view/textclassifier/TextClassification;)Landroid/view/textclassifier/logging/SmartSelectionEventTracker$SelectionEvent; (light greylist, reflection)

11-14 11:39:21.926 10559 10559 W com.wallapop: Accessing hidden method Landroid/view/textclassifier/logging/SmartSelectionEventTracker$SelectionEvent;->selectionModified(IILandroid/view/textclassifier/TextSelection;)Landroid/view/textclassifier/logging/SmartSelectionEventTracker$SelectionEvent; (light greylist, reflection)

11-14 11:39:21.926 10559 10559 W com.wallapop: Accessing hidden method Landroid/view/textclassifier/logging/SmartSelectionEventTracker$SelectionEvent;->selectionAction(III)Landroid/view/textclassifier/logging/SmartSelectionEventTracker$SelectionEvent; (light greylist, reflection)

11-14 11:39:21.926 10559 10559 W com.wallapop: Accessing hidden method Landroid/view/textclassifier/logging/SmartSelectionEventTracker$SelectionEvent;->selectionAction(IIILandroid/view/textclassifier/TextClassification;)Landroid/view/textclassifier/logging/SmartSelectionEventTracker$SelectionEvent; (light greylist, reflection)

11-14 11:39:21.994 10559 10715 W com.wallapop: Accessing hidden method Landroid/media/AudioManager;->getOutputLatency(I)I (light greylist, reflection)

11-14 11:39:22.049 10559 10559 W com.wallapop: Accessing hidden method Landroid/app/ActivityThread;->currentPackageName()Ljava/lang/String; (light greylist, reflection)

11-14 11:39:22.091  4211  7608 D GameManagerService: identifyGamePackage. com.wallapop

11-14 11:39:22.091  4211  7608 D GamePkgDataHelper: getGamePkgData(). com.wallapop

11-14 11:39:22.344 10559 10761 W com.wallapop: Accessing hidden method Lcom/android/org/conscrypt/OpenSSLSocketImpl;->setAlpnProtocols([B)V (light greylist, reflection)

11-14 11:39:22.776 10559 10761 W com.wallapop: Accessing hidden method Lcom/android/org/conscrypt/OpenSSLSocketImpl;->getAlpnSelectedProtocol()[B (light greylist, reflection)

11-14 11:39:24.330  4211  5518 D SamsungAlarmManager: Cancel Alarm calling from uid:10313 pid :10559 / op:PendingIntent{b22991e: PendingIntentRecord{3d08453 com.wallapop broadcastIntent}}

11-14 11:39:24.580  4211  7608 D GameManagerService: identifyGamePackage. com.wallapop

11-14 11:39:24.581  4211  7608 D GamePkgDataHelper: getGamePkgData(). com.wallapop

11-14 11:39:24.581 10559 10559 W com.wallapop: Accessing hidden method Landroid/view/View;->computeFitSystemWindows(Landroid/graphics/Rect;Landroid/graphics/Rect;)Z (light greylist, reflection)

11-14 11:39:24.584 10559 10559 W com.wallapop: Accessing hidden method Landroid/view/ViewGroup;->makeOptionalFitsSystemWindows()V (light greylist, reflection)

11-14 11:39:24.619 10559 10559 W com.wallapop: Accessing hidden field Landroid/view/ViewGroup;->mOnHierarchyChangeListener:Landroid/view/ViewGroup$OnHierarchyChangeListener; (light greylist, reflection)

11-14 11:39:24.638  4211  5518 D SamsungAlarmManager: Cancel Alarm calling from uid:10313 pid :10559 / op:PendingIntent{bdf6c64: PendingIntentRecord{370e418 com.wallapop broadcastIntent}}

11-14 11:39:24.761 10559 10559 I chatty  : uid=10313(com.wallapop) identical 3 lines

11-14 11:39:24.771 10559 10559 I chatty  : uid=10313(com.wallapop) identical 9 lines

11-14 11:39:24.772 10559 10559 I chatty  : uid=10313(com.wallapop) identical 1 line

11-14 11:39:24.773 10559 10559 I chatty  : uid=10313(com.wallapop) identical 8 lines

11-14 11:39:24.888  4211  6757 I ActivityManager: START u0 {act=null typ=null flg=0x0 cmp=ComponentInfo{com.wallapop/com.rewallapop.ui.wall.WallActivity}} from uid 10313

11-14 11:39:24.902  3727  3727 I SurfaceFlinger: id=26120 createSurf (4440x4440),2 flag=4, AppWindowToken{958ead0 token=Token{c693a93 ActivityRecord{8fbb382 u0 com.wallapop/com.rewallapop.ui.wall.WallActivity t2162}}}#0

11-14 11:39:24.905 10559 10571 I com.wallapop: Background concurrent copying GC freed 63101(4MB) AllocSpace objects, 39(1908KB) LOS objects, 49% free, 8MB/17MB, paused 2.469ms total 279.031ms

11-14 11:39:24.907  4211  6757 D SurfaceControl: reparent is called, sc=Surface(name=f953338 Splash Screen com.wallapop)/@0xf478ac9, newParentHandle=android.os.BinderProxy@e3585ce, transaction=android.view.SurfaceControl$Transaction@6e2ecef

11-14 11:39:24.910  4211  4228 D WindowManager: setSystemUiVisibility: vis= 0xa018, fullscreenVis= 0x2000, dockedVis= 0x0, win=Window{f953338 u0 Splash Screen com.wallapop}

11-14 11:39:24.911  3727  3964 D Layer   : [f953338 Splash Screen com.wallapop#0]::reparent oldParent:[AppWindowToken{75f2587 token=Token{d0361c6 ActivityRecord{5a3fba1 u0 com.wallapop/com.rewallapop.ui.main.MainActivity t2162}}}#0], newParent:[AppWindowToken{958ead0 token=Token{c693a93 ActivityRecord{8fbb382 u0 com.wallapop/com.rewallapop.ui.wall.WallActivity t2162}}}#0]

11-14 11:39:24.913  4211  4211 D Telecom:SamsungPrebindingServiceImpl: onTopActivityChanged : ComponentInfo{com.wallapop/com.rewallapop.ui.wall.WallActivity}

11-14 11:39:25.089  4211  4227 D ApplicationPolicy: isStatusBarNotificationAllowedAsUser: packageName = com.wallapop,userId = 0

11-14 11:39:25.090  4211  4227 D ApplicationPolicy: isStatusBarNotificationAllowedAsUser: packageName = com.wallapop,userId = 0

11-14 11:39:25.097  4211  4473 D GamePkgDataHelper: getGamePkgData(). com.wallapop

11-14 11:39:25.097  4211  5518 D GamePkgDataHelper: notifyAppCreate(), pkgName: com.wallapop, sendRet: true

11-14 11:39:25.097  4211  4473 D GameManagerService: handleMessage(), MSG_APP_CREATE. ignore. pkgName: com.wallapop

11-14 11:39:25.100  4211  5518 D GameManagerService: noteResumeComponent(), resumeComponent: com.wallapop

11-14 11:39:25.100  4211  5518 D MARsPolicyManager: onPackageResumedFG pkgName = com.wallapop, userId = 0

11-14 11:39:25.100  4211  4473 D GameManagerService: handleForegroundChange(). pkgName: com.wallapop, clsName: com.rewallapop.ui.wall.WallActivity,FgActivityName:com.wallapop/com.rewallapop.ui.wall.WallActivity

11-14 11:39:25.102  4211  4211 D Telecom:SamsungPrebindingServiceImpl: onTopActivityChanged : ComponentInfo{com.wallapop/com.rewallapop.ui.wall.WallActivity}

11-14 11:39:25.105  4211  5518 I WindowManager: Cancelling animation restarting=true, leash=null, surface=Surface(name=AppWindowToken{75f2587 token=Token{d0361c6 ActivityRecord{5a3fba1 u0 com.wallapop/com.rewallapop.ui.main.MainActivity t2162}}})/@0xe798e80, parent=Surface(name=Task=2162)/@0xa2cdcb9

11-14 11:39:25.105  4211  5518 I WindowManager: Reparenting to leash, surface=Surface(name=AppWindowToken{75f2587 token=Token{d0361c6 ActivityRecord{5a3fba1 u0 com.wallapop/com.rewallapop.ui.main.MainActivity t2162}}})/@0xe798e80

11-14 11:39:25.106  3727  3727 I SurfaceFlinger: id=26121 createSurf (4440x4440),2 flag=4, Surface(name=AppWindowToken{75f2587 token=Token{d0361c6 ActivityRecord{5a3fba1 u0 com.wallapop/com.rewallapop.ui.main.MainActivity t2162}}})/@0xe798e80 - animation-leash#0

11-14 11:39:25.108  4211  5518 D WindowManager: makeSurface duration=3 leash=Surface(name=Surface(name=AppWindowToken{75f2587 token=Token{d0361c6 ActivityRecord{5a3fba1 u0 com.wallapop/com.rewallapop.ui.main.MainActivity t2162}}})/@0xe798e80 - animation-leash)/@0x30c0132

11-14 11:39:25.108  4211  5518 D SurfaceControl: reparent is called, sc=Surface(name=AppWindowToken{75f2587 token=Token{d0361c6 ActivityRecord{5a3fba1 u0 com.wallapop/com.rewallapop.ui.main.MainActivity t2162}}})/@0xe798e80, newParentHandle=android.os.BinderProxy@325ee83, transaction=android.view.SurfaceControl$Transaction@12912ac

11-14 11:39:25.112  3727  5001 D Layer   : [AppWindowToken{75f2587 token=Token{d0361c6 ActivityRecord{5a3fba1 u0 com.wallapop/com.rewallapop.ui.main.MainActivity t2162}}}#0]::reparent oldParent:[Task=2162#0], newParent:[Surface(name=AppWindowToken{75f2587 token=Token{d0361c6 ActivityRecord{5a3fba1 u0 com.wallapop/com.rewallapop.ui.main.MainActivity t2162}}})/@0xe798e80 - animation-leash#0]

11-14 11:39:25.115 10559 10840 I com.wallapop: The ClassLoaderContext is a special shared library.

11-14 11:39:25.155 10559 10663 W com.wallapop: Accessing hidden method Ldalvik/system/VMRuntime;->getRuntime()Ldalvik/system/VMRuntime; (light greylist, reflection)

11-14 11:39:25.156 10559 10663 W com.wallapop: Accessing hidden method Ldalvik/system/VMRuntime;->vmInstructionSet()Ljava/lang/String; (light greylist, reflection)

11-14 11:39:25.201 23911 23911 D Notification.Badge: [valid] onNotificationPosted : StatusBarNotification(pkg=com.wallapop user=UserHandle{0} id=999 tag=null key=0|com.wallapop|999|null|10313: Notification(channel=wallapop_channel pri=-2 contentView=null vibrate=null sound=null defaults=0x0 flags=0x62 color=0x00000000 vis=PRIVATE semFlags=0x0 semPriority=0 semMissedCount=0))

11-14 11:39:25.201 23911 23911 D Notification.Badge: notificationKey : 0|com.wallapop|999|null|10313, count : 0, this.count : 1

11-14 11:39:25.202 23911 23978 D Notification.Badge: LauncherModel:onNotificationPosted() : com.wallapop, count : [0], shouldBeFilteredOut : [false]

11-14 11:39:25.202 23911 23978 D Notification.Badge: notificationKey : 0|com.wallapop|999|null|10313, count : 1, mTotalCount : 1

11-14 11:39:25.207 23911 23978 D Notification.Badge: updateLauncherIconBadges() item : [IconInfo(title=_Wallapop_ intent=Intent { act=android.intent.action.MAIN cat=[android.intent.category.LAUNCHER] flg=0x10200000 cmp=com.wallapop/.activities.HomeActivity (has extras) } id=162 type=0 container=-102 screen=1 cellX=3 cellY=0 spanX=1 spanY=1 rank=3 hidden=0 dropPos=null user=UserHandle{0} screenType=0)], mShowBadge : [true], item.mBadgeCount : [1]

11-14 11:39:25.211 23911 23911 D RecommendedView: updateBadgeItems: [IconInfo(title=_Wallapop_ intent=Intent { act=android.intent.action.MAIN cat=[android.intent.category.LAUNCHER] flg=0x10200000 cmp=com.wallapop/.activities.HomeActivity (has extras) } id=162 type=0 container=-102 screen=1 cellX=3 cellY=0 spanX=1 spanY=1 rank=3 hidden=0 dropPos=null user=UserHandle{0} screenType=0)]

11-14 11:39:25.224  4211  7608 D GameManagerService: identifyGamePackage. com.wallapop

11-14 11:39:25.224  4211  7608 D GamePkgDataHelper: getGamePkgData(). com.wallapop

11-14 11:39:25.375  4211  4679 D SamsungAlarmManager: Cancel Alarm calling from uid:10313 pid :10559 / op:PendingIntent{3dcaafb: PendingIntentRecord{370e418 com.wallapop broadcastIntent}}

