11-14 11:39:25.401  4211  4310 I WindowManager: reset, Reparenting to original parent, shouldDeferScheduleAnimation=false, destroyLeash=true, surface=Surface(name=AppWindowToken{75f2587 token=Token{d0361c6 ActivityRecord{5a3fba1 u0 com.wallapop/com.rewallapop.ui.main.MainActivity t2162}}})/@0xe798e80, parent=Surface(name=Task=2162)/@0xa2cdcb9, parentNativeHandle=android.os.BinderProxy@7248457, caller=com.android.server.wm.SurfaceAnimator.lambda$getFinishedCallback$0:97 com.android.server.wm.-$$Lambda$SurfaceAnimator$SIBia0mND666K8lMCPsoid8pUTI.run:4 com.android.server.wm.SurfaceAnimator.lambda$getFinishedCallback$1:104 com.android.server.wm.-$$Lambda$SurfaceAnimator$vdRZk66hQVbQCvVXEaQCT1kVmFc.onAnimationFinished:4 com.android.server.wm.LocalAnimationAdapter.lambda$startAnimation$0:74

11-14 11:39:25.402  4211  4310 D SurfaceControl: reparent is called, sc=Surface(name=AppWindowToken{75f2587 token=Token{d0361c6 ActivityRecord{5a3fba1 u0 com.wallapop/com.rewallapop.ui.main.MainActivity t2162}}})/@0xe798e80, newParentHandle=android.os.BinderProxy@7248457, transaction=android.view.SurfaceControl$Transaction@12912ac

11-14 11:39:25.402  4211  4310 D SurfaceControl: destroy(transaction), animation-leash is destroyed, sc=Surface(name=Surface(name=AppWindowToken{75f2587 token=Token{d0361c6 ActivityRecord{5a3fba1 u0 com.wallapop/com.rewallapop.ui.main.MainActivity t2162}}})/@0xe798e80 - animation-leash)/@0x30c0132, transaction=android.view.SurfaceControl$Transaction@12912ac, caller=com.android.server.wm.SurfaceAnimator.reset:338 com.android.server.wm.SurfaceAnimator.lambda$getFinishedCallback$0:97 com.android.server.wm.-$$Lambda$SurfaceAnimator$SIBia0mND666K8lMCPsoid8pUTI.run:4 com.android.server.wm.SurfaceAnimator.lambda$getFinishedCallback$1:104 com.android.server.wm.-$$Lambda$SurfaceAnimator$vdRZk66hQVbQCvVXEaQCT1kVmFc.onAnimationFinished:4 com.android.server.wm.LocalAnimationAdapter.lambda$startAnimation$0:74 com.android.server.wm.-$$Lambda$LocalAnimationAdapter$X--EomqUvw4qy89IeeTFTH7aCMo.run:4

11-14 11:39:25.417  3727  3964 D Layer   : [AppWindowToken{75f2587 token=Token{d0361c6 ActivityRecord{5a3fba1 u0 com.wallapop/com.rewallapop.ui.main.MainActivity t2162}}}#0]::reparent oldParent:[Surface(name=AppWindowToken{75f2587 token=Token{d0361c6 ActivityRecord{5a3fba1 u0 com.wallapop/com.rewallapop.ui.main.MainActivity t2162}}})/@0xe798e80 - animation-leash#0], newParent:[Task=2162#0]

11-14 11:39:25.417  3727  3964 I SurfaceFlinger: id=26121 Removed Surface(name=AppWindowToken{75f2587 token=Token{d0361c6 ActivityRecord{5a3fba1 u0 com.wallapop/com.rewallapop.ui.main.MainActivity t2162}}})/@0xe798e80 - animation-leash#0 (0/63)

11-14 11:39:25.433  3727  3727 I Layer   : id=26121 onRemoved Surface(name=AppWindowToken{75f2587 token=Token{d0361c6 ActivityRecord{5a3fba1 u0 com.wallapop/com.rewallapop.ui.main.MainActivity t2162}}})/@0xe798e80 - animation-leash#0

11-14 11:39:25.660 10559 10559 W com.wallapop: Accessing hidden method Landroid/widget/TextView;->getTextDirectionHeuristic()Landroid/text/TextDirectionHeuristic; (light greylist, linking)

11-14 11:39:25.671 10559 10559 W com.wallapop: Accessing hidden method Landroid/graphics/FontFamily;-><init>()V (light greylist, reflection)

11-14 11:39:25.671 10559 10559 W com.wallapop: Accessing hidden method Landroid/graphics/FontFamily;->addFontFromAssetManager(Landroid/content/res/AssetManager;Ljava/lang/String;IZIII[Landroid/graphics/fonts/FontVariationAxis;)Z (light greylist, reflection)

11-14 11:39:25.672 10559 10559 W com.wallapop: Accessing hidden method Landroid/graphics/FontFamily;->addFontFromBuffer(Ljava/nio/ByteBuffer;I[Landroid/graphics/fonts/FontVariationAxis;II)Z (light greylist, reflection)

11-14 11:39:25.672 10559 10559 W com.wallapop: Accessing hidden method Landroid/graphics/FontFamily;->freeze()Z (light greylist, reflection)

11-14 11:39:25.672 10559 10559 W com.wallapop: Accessing hidden method Landroid/graphics/FontFamily;->abortCreation()V (light greylist, reflection)

11-14 11:39:25.673 10559 10559 W com.wallapop: Accessing hidden method Landroid/graphics/Typeface;->createFromFamiliesWithDefault([Landroid/graphics/FontFamily;Ljava/lang/String;II)Landroid/graphics/Typeface; (light greylist, reflection)

11-14 11:39:26.110 10559 10571 I com.wallapop: Background concurrent copying GC freed 146652(7MB) AllocSpace objects, 33(1196KB) LOS objects, 49% free, 14MB/28MB, paused 1.380ms total 449.612ms

11-14 11:39:26.307 10559 10901 I com.wallapop: The ClassLoaderContext is a special shared library.

11-14 11:39:26.895  4211  5239 D ActivityManagerPerformance: Received MSG_DISABLE_ACT_START, r: ActivityRecord{8fbb382 u0 com.wallapop/com.rewallapop.ui.wall.WallActivity t2162}

11-14 11:39:26.930 10559 10565 I com.wallapop: Compiler allocated 4MB to compile void android.widget.TextView.<init>(android.content.Context, android.util.AttributeSet, int, int)

11-14 11:39:26.951  3727  3727 I SurfaceFlinger: id=26122 createSurf (4440x4440),2 flag=4, 1e7139f com.wallapop/com.rewallapop.ui.wall.WallActivity#0

11-14 11:39:26.954  4211  8761 V WindowManager: Changing focus from null to Window{1e7139f u0 com.wallapop/com.rewallapop.ui.wall.WallActivity} Callers=com.android.server.wm.WindowManagerService.addWindow:1762 com.android.server.wm.Session.addToDisplayForTranslate:244 android.view.IWindowSession$Stub.onTransact:208 com.android.server.wm.Session.onTransact:186

11-14 11:39:26.955  4211  4228 D WindowManager: setSystemUiVisibility: vis= 0x8018, fullscreenVis= 0x2000, dockedVis= 0x0, win=Window{1e7139f u0 com.wallapop/com.rewallapop.ui.wall.WallActivity}

11-14 11:39:26.958  4211  4242 D WindowManager: reportFocusChangedSerialized, focused=true, inTouchMode=true, win=Window{1e7139f u0 com.wallapop/com.rewallapop.ui.wall.WallActivity}

11-14 11:39:27.042  3727  3727 I SurfaceFlinger: id=26123 createSurf (4440x4440),2 flag=4, dc44925 com.wallapop/com.rewallapop.ui.wall.WallActivity#0

11-14 11:39:27.528 10875 10890 I Finsky  : [9372] fxs.d(3): com.wallapop: Account determined from installer data - [rJj4Md76H4LxoN-B4dnoZM7XaXDDBcXGlC-caOCi6Uc]

11-14 11:39:27.529 10875 10890 I Finsky  : [9372] fxs.d(14): com.wallapop: Account from preferred account - [rJj4Md76H4LxoN-B4dnoZM7XaXDDBcXGlC-caOCi6Uc]

11-14 11:39:27.546  4211  4311 V WindowManager: Relayout Window{1e7139f u0 com.wallapop/com.rewallapop.ui.wall.WallActivity}: viewVisibility=0 req=840x727 {(0,0)(wrapxwrap) gr=CENTER sim={adjust=pan forwardNavigation} ty=APPLICATION fmt=TRANSPARENT wanim=0x10302ff surfaceInsets=Rect(84, 84 - 84, 84)

11-14 11:39:27.549  4211  4228 D WindowManager: setSystemUiVisibility: vis= 0xa018, fullscreenVis= 0x2000, dockedVis= 0x0, win=Window{1e7139f u0 com.wallapop/com.rewallapop.ui.wall.WallActivity}

11-14 11:39:27.552 10875 10890 I Finsky  : [9372] fxs.d(3): com.wallapop: Account determined from installer data - [rJj4Md76H4LxoN-B4dnoZM7XaXDDBcXGlC-caOCi6Uc]

11-14 11:39:27.553 10875 10890 I Finsky  : [9372] fxs.d(14): com.wallapop: Account from preferred account - [rJj4Md76H4LxoN-B4dnoZM7XaXDDBcXGlC-caOCi6Uc]

11-14 11:39:27.555  3727  3727 I SurfaceFlinger: id=26124 createSurf (1008x895),1 flag=4, com.wallapop/com.rewallapop.ui.wall.WallActivity[10559]#0

11-14 11:39:27.556 10875 10890 I Finsky  : [9372] fxs.d(3): com.wallapop: Account determined from installer data - [rJj4Md76H4LxoN-B4dnoZM7XaXDDBcXGlC-caOCi6Uc]

11-14 11:39:27.556 10875 10890 I Finsky  : [9372] fxs.d(14): com.wallapop: Account from preferred account - [rJj4Md76H4LxoN-B4dnoZM7XaXDDBcXGlC-caOCi6Uc]

11-14 11:39:27.557  4211  4311 D WindowManager: makeSurface duration=4 name=com.wallapop/com.rewallapop.ui.wall.WallActivity[10559]

11-14 11:39:27.560 10875 10890 I Finsky  : [9372] fxs.d(3): com.wallapop: Account determined from installer data - [rJj4Md76H4LxoN-B4dnoZM7XaXDDBcXGlC-caOCi6Uc]

11-14 11:39:27.561 10875 10890 I Finsky  : [9372] fxs.d(14): com.wallapop: Account from preferred account - [rJj4Md76H4LxoN-B4dnoZM7XaXDDBcXGlC-caOCi6Uc]

11-14 11:39:27.686  4211  4311 V WindowManager: Relayout Window{dc44925 u0 com.wallapop/com.rewallapop.ui.wall.WallActivity}: viewVisibility=0 req=1080x2220 {(0,0)(fillxfill) sim={adjust=resize forwardNavigation} ty=BASE_APPLICATION wanim=0x10302fe

11-14 11:39:27.688  4211  4311 V WindowManager: Resize reasons for w=Window{1e7139f u0 com.wallapop/com.rewallapop.ui.wall.WallActivity}:  contentInsetsChanged=false [0,0][0,0] visibleInsetsChanged=false [0,0][0,0] stableInsetsChanged=false [0,0][0,0] outsetsChanged=false [0,0][0,0] surfaceResized=false configChanged=false dragResizingChanged=false reportOrientationChanged=false displayCutoutChanged=false nextForceRelayoutToClient=false

11-14 11:39:27.692  3727  3727 D SurfaceFlinger: duplicate layer name: changing com.wallapop/com.rewallapop.ui.wall.WallActivity[10559] to com.wallapop/com.rewallapop.ui.wall.WallActivity[10559]#1

11-14 11:39:27.693  3727  3727 I SurfaceFlinger: id=26125 createSurf (1080x2220),1 flag=404, com.wallapop/com.rewallapop.ui.wall.WallActivity[10559]#1

11-14 11:39:27.694  4211  4311 D WindowManager: makeSurface duration=2 name=com.wallapop/com.rewallapop.ui.wall.WallActivity[10559]

11-14 11:39:27.781 10559 10559 V InputMethodManager: Starting input: tba=com.wallapop ic=null mNaviBarColor -1 mIsGetNaviBarColorSuccess true , NavVisible : true , NavTrans : false

11-14 11:39:27.783  4211  4311 V InputMethodManagerService: windowGainedFocus : reason=WINDOW_FOCUS_GAIN client=android.os.BinderProxy@44254c0 inputContext=null missingMethods= attribute=android.view.inputmethod.EditorInfo@774c29b nm = com.wallapop controlFlags=#104 softInputMode=#120 windowFlags=#1800402

11-14 11:39:28.026 10559 10571 I com.wallapop: Background concurrent copying GC freed 205594(14MB) AllocSpace objects, 52(3MB) LOS objects, 49% free, 11MB/22MB, paused 421us total 196.079ms

11-14 11:39:28.127  4211  5518 D WindowManager: finishDrawingWindow: Window{1e7139f u0 com.wallapop/com.rewallapop.ui.wall.WallActivity} mDrawState=DRAW_PENDING

11-14 11:39:28.130  4211  4310 I WindowManager: commitFinishDrawingLocked: mDrawState=READY_TO_SHOW Surface(name=com.wallapop/com.rewallapop.ui.wall.WallActivity[10559])/@0xf07124d

11-14 11:39:28.131  4211  4310 V WindowManager: Resize reasons for w=Window{dc44925 u0 com.wallapop/com.rewallapop.ui.wall.WallActivity}:  contentInsetsChanged=false [0,63][0,126] visibleInsetsChanged=false [0,63][0,126] stableInsetsChanged=false [0,63][0,126] outsetsChanged=false [0,0][0,0] surfaceResized=false configChanged=false dragResizingChanged=false reportOrientationChanged=false displayCutoutChanged=false nextForceRelayoutToClient=false

11-14 11:39:28.135  4211  5518 D WindowManager: finishDrawingWindow: Window{dc44925 u0 com.wallapop/com.rewallapop.ui.wall.WallActivity} mDrawState=DRAW_PENDING

11-14 11:39:28.139  4211  4310 I WindowManager: commitFinishDrawingLocked: mDrawState=READY_TO_SHOW Surface(name=com.wallapop/com.rewallapop.ui.wall.WallActivity[10559])/@0xf07124d

11-14 11:39:28.139  4211  4310 I WindowManager: commitFinishDrawingLocked: mDrawState=READY_TO_SHOW Surface(name=com.wallapop/com.rewallapop.ui.wall.WallActivity[10559])/@0x2247102

11-14 11:39:28.145  4211  4310 I WindowManager: commitFinishDrawingLocked: mDrawState=READY_TO_SHOW Surface(name=com.wallapop/com.rewallapop.ui.wall.WallActivity[10559])/@0xf07124d

11-14 11:39:28.145  4211  4310 I WindowManager: Cancelling animation restarting=false, leash=null, surface=Surface(name=1e7139f com.wallapop/com.rewallapop.ui.wall.WallActivity)/@0xd7eea13, parent=Surface(name=AppWindowToken{958ead0 token=Token{c693a93 ActivityRecord{8fbb382 u0 com.wallapop/com.rewallapop.ui.wall.WallActivity t2162}}})/@0x80da450

11-14 11:39:28.149  4211  4310 I WindowManager: Cancelling animation restarting=true, leash=null, surface=Surface(name=1e7139f com.wallapop/com.rewallapop.ui.wall.WallActivity)/@0xd7eea13, parent=Surface(name=AppWindowToken{958ead0 token=Token{c693a93 ActivityRecord{8fbb382 u0 com.wallapop/com.rewallapop.ui.wall.WallActivity t2162}}})/@0x80da450

11-14 11:39:28.149  4211  4310 I WindowManager: Reparenting to leash, surface=Surface(name=1e7139f com.wallapop/com.rewallapop.ui.wall.WallActivity)/@0xd7eea13

11-14 11:39:28.151  3727  3727 I SurfaceFlinger: id=26126 createSurf (4440x4440),2 flag=4, Surface(name=1e7139f com.wallapop/com.rewallapop.ui.wall.WallActivity)/@0xd7eea13 - animation-leash#0

11-14 11:39:28.154  4211  4310 D WindowManager: makeSurface duration=5 leash=Surface(name=Surface(name=1e7139f com.wallapop/com.rewallapop.ui.wall.WallActivity)/@0xd7eea13 - animation-leash)/@0x864146f

11-14 11:39:28.154  4211  4310 D SurfaceControl: reparent is called, sc=Surface(name=1e7139f com.wallapop/com.rewallapop.ui.wall.WallActivity)/@0xd7eea13, newParentHandle=android.os.BinderProxy@db0b57c, transaction=android.view.SurfaceControl$Transaction@5713e05

11-14 11:39:28.154  4211  4310 V WindowManager: performShowLocked: mDrawState=HAS_DRAWN in Window{1e7139f u0 com.wallapop/com.rewallapop.ui.wall.WallActivity}

11-14 11:39:28.155  4211  4310 I WindowManager: commitFinishDrawingLocked: mDrawState=READY_TO_SHOW Surface(name=com.wallapop/com.rewallapop.ui.wall.WallActivity[10559])/@0x2247102

11-14 11:39:28.155  4211  4310 I WindowManager: Cancelling animation restarting=false, leash=null, surface=Surface(name=dc44925 com.wallapop/com.rewallapop.ui.wall.WallActivity)/@0xefb1e5a, parent=Surface(name=AppWindowToken{958ead0 token=Token{c693a93 ActivityRecord{8fbb382 u0 com.wallapop/com.rewallapop.ui.wall.WallActivity t2162}}})/@0x80da450

11-14 11:39:28.155  4211  4310 V WindowManager: performShowLocked: mDrawState=HAS_DRAWN in Window{dc44925 u0 com.wallapop/com.rewallapop.ui.wall.WallActivity}

11-14 11:39:28.166 10875 10889 I Finsky  : [9371] fxs.d(3): com.wallapop: Account determined from installer data - [rJj4Md76H4LxoN-B4dnoZM7XaXDDBcXGlC-caOCi6Uc]

11-14 11:39:28.167  3727  3964 D Layer   : [1e7139f com.wallapop/com.rewallapop.ui.wall.WallActivity#0]::reparent oldParent:[AppWindowToken{958ead0 token=Token{c693a93 ActivityRecord{8fbb382 u0 com.wallapop/com.rewallapop.ui.wall.WallActivity t2162}}}#0], newParent:[Surface(name=1e7139f com.wallapop/com.rewallapop.ui.wall.WallActivity)/@0xd7eea13 - animation-leash#0]

11-14 11:39:28.167 10875 10889 I Finsky  : [9371] fxs.d(14): com.wallapop: Account from preferred account - [rJj4Md76H4LxoN-B4dnoZM7XaXDDBcXGlC-caOCi6Uc]

11-14 11:39:28.186  3727  3727 I SurfaceFlinger:      Device | 0x70dda1ff00 | 0002 | RGBA_8888 |   0.0    0.0 1080.0 2220.0 |    0    0 1080 2220 | com.wallapop/com.rewallapop.ui.wall.WallActivity[10559]#1

11-14 11:39:28.186  3727  3727 I SurfaceFlinger:      Device | 0x70d664e6c0 | 0000 | RGBA_8888 |   0.0    0.0 1080.0 2220.0 |    0    0 1080 2220 | Splash Screen com.wallapop[10559]#0

11-14 11:39:28.187  4211  4310 V WindowManager: Remove Window{f953338 u0 Splash Screen com.wallapop}: mSurfaceController=Surface(name=Splash Screen com.wallapop[10559])/@0x2a1704e mAnimatingExit=false mRemoveOnExit=false mHasSurface=true surfaceShowing=true isAnimationSet=false app-animation=false mWillReplaceWindow=false inPendingTransaction=false mDisplayFrozen=false callers=com.android.server.wm.WindowState.removeIfPossible:2764 com.android.server.wm.WindowManagerService.removeWindow:1943 com.android.server.wm.Session.remove:268 android.view.ViewRootImpl.dispatchDetachedFromWindow:4565 android.view.ViewRootImpl.doDie:7996 android.view.ViewRootImpl$ViewRootHandler.handleMessage:4987

11-14 11:39:28.187  4211  4242 I ActivityManager: Displayed com.wallapop/com.rewallapop.ui.wall.WallActivity: +3s53ms (total +9s970ms)

11-14 11:39:28.188  4211  4310 I WindowManager: Cancelling animation restarting=true, leash=null, surface=Surface(name=f953338 Splash Screen com.wallapop)/@0xf478ac9, parent=Surface(name=AppWindowToken{958ead0 token=Token{c693a93 ActivityRecord{8fbb382 u0 com.wallapop/com.rewallapop.ui.wall.WallActivity t2162}}})/@0x80da450

11-14 11:39:28.188  4211  4310 I WindowManager: Reparenting to leash, surface=Surface(name=f953338 Splash Screen com.wallapop)/@0xf478ac9

11-14 11:39:28.193  3727  3727 I SurfaceFlinger: id=26129 createSurf (4440x4440),2 flag=4, Surface(name=f953338 Splash Screen com.wallapop)/@0xf478ac9 - animation-leash#0

11-14 11:39:28.202  4211  4310 D WindowManager: makeSurface duration=13 leash=Surface(name=Surface(name=f953338 Splash Screen com.wallapop)/@0xf478ac9 - animation-leash)/@0x2c67e03

11-14 11:39:28.202  4211  4310 D SurfaceControl: reparent is called, sc=Surface(name=f953338 Splash Screen com.wallapop)/@0xf478ac9, newParentHandle=android.os.BinderProxy@2f993b9, transaction=android.view.SurfaceControl$Transaction@6e2ecef

11-14 11:39:28.208  3727  3964 D Layer   : [f953338 Splash Screen com.wallapop#0]::reparent oldParent:[AppWindowToken{958ead0 token=Token{c693a93 ActivityRecord{8fbb382 u0 com.wallapop/com.rewallapop.ui.wall.WallActivity t2162}}}#0], newParent:[Surface(name=f953338 Splash Screen com.wallapop)/@0xf478ac9 - animation-leash#0]

11-14 11:39:28.216  3727  3727 I SurfaceFlinger:      Device | 0x70dda1ff00 | 0002 | RGBA_8888 |   0.0    0.0 1080.0 2220.0 |    0    0 1080 2220 | com.wallapop/com.rewallapop.ui.wall.WallActivity[10559]#1

11-14 11:39:28.216  3727  3727 I SurfaceFlinger:      Device | 0x70de033800 | 0000 | RGBA_8888 |   0.0    0.0 1008.0  895.0 |   36  631 1044 1526 | com.wallapop/com.rewallapop.ui.wall.WallActivity[10559]#0

11-14 11:39:28.216  3727  3727 I SurfaceFlinger:      Device | 0x70d664e6c0 | 0000 | RGBA_8888 |   0.0    0.0 1080.0 2220.0 |    0    0 1080 2220 | Splash Screen com.wallapop[10559]#0

11-14 11:39:28.225 10559 10559 V InputMethodManager: Starting input: tba=com.wallapop ic=null mNaviBarColor -1 mIsGetNaviBarColorSuccess true , NavVisible : true , NavTrans : false

11-14 11:39:28.322  4211  4310 I WindowManager: reset, Reparenting to original parent, shouldDeferScheduleAnimation=false, destroyLeash=true, surface=Surface(name=1e7139f com.wallapop/com.rewallapop.ui.wall.WallActivity)/@0xd7eea13, parent=Surface(name=AppWindowToken{958ead0 token=Token{c693a93 ActivityRecord{8fbb382 u0 com.wallapop/com.rewallapop.ui.wall.WallActivity t2162}}})/@0x80da450, parentNativeHandle=android.os.BinderProxy@be47357, caller=com.android.server.wm.SurfaceAnimator.lambda$getFinishedCallback$0:97 com.android.server.wm.-$$Lambda$SurfaceAnimator$SIBia0mND666K8lMCPsoid8pUTI.run:4 com.android.server.wm.SurfaceAnimator.lambda$getFinishedCallback$1:104 com.android.server.wm.-$$Lambda$SurfaceAnimator$vdRZk66hQVbQCvVXEaQCT1kVmFc.onAnimationFinished:4 com.android.server.wm.LocalAnimationAdapter.lambda$startAnimation$0:74

11-14 11:39:28.322  4211  4310 D SurfaceControl: reparent is called, sc=Surface(name=1e7139f com.wallapop/com.rewallapop.ui.wall.WallActivity)/@0xd7eea13, newParentHandle=android.os.BinderProxy@be47357, transaction=android.view.SurfaceControl$Transaction@5713e05

11-14 11:39:28.323  4211  4310 D SurfaceControl: destroy(transaction), animation-leash is destroyed, sc=Surface(name=Surface(name=1e7139f com.wallapop/com.rewallapop.ui.wall.WallActivity)/@0xd7eea13 - animation-leash)/@0x864146f, transaction=android.view.SurfaceControl$Transaction@5713e05, caller=com.android.server.wm.SurfaceAnimator.reset:338 com.android.server.wm.SurfaceAnimator.lambda$getFinishedCallback$0:97 com.android.server.wm.-$$Lambda$SurfaceAnimator$SIBia0mND666K8lMCPsoid8pUTI.run:4 com.android.server.wm.SurfaceAnimator.lambda$getFinishedCallback$1:104 com.android.server.wm.-$$Lambda$SurfaceAnimator$vdRZk66hQVbQCvVXEaQCT1kVmFc.onAnimationFinished:4 com.android.server.wm.LocalAnimationAdapter.lambda$startAnimation$0:74 com.android.server.wm.-$$Lambda$LocalAnimationAdapter$X--EomqUvw4qy89IeeTFTH7aCMo.run:4

11-14 11:39:28.341  3727  5001 D Layer   : [1e7139f com.wallapop/com.rewallapop.ui.wall.WallActivity#0]::reparent oldParent:[Surface(name=1e7139f com.wallapop/com.rewallapop.ui.wall.WallActivity)/@0xd7eea13 - animation-leash#0], newParent:[AppWindowToken{958ead0 token=Token{c693a93 ActivityRecord{8fbb382 u0 com.wallapop/com.rewallapop.ui.wall.WallActivity t2162}}}#0]

11-14 11:39:28.341  3727  5001 I SurfaceFlinger: id=26126 Removed Surface(name=1e7139f com.wallapop/com.rewallapop.ui.wall.WallActivity)/@0xd7eea13 - animation-leash#0 (2/70)

11-14 11:39:28.354  3727  3727 I Layer   : id=26126 onRemoved Surface(name=1e7139f com.wallapop/com.rewallapop.ui.wall.WallActivity)/@0xd7eea13 - animation-leash#0

11-14 11:39:28.355  4211  5518 D WindowManager: finishDrawingWindow: Window{1e7139f u0 com.wallapop/com.rewallapop.ui.wall.WallActivity} mDrawState=HAS_DRAWN

11-14 11:39:28.356  4211  4310 I WindowManager: reset, Reparenting to original parent, shouldDeferScheduleAnimation=false, destroyLeash=true, surface=Surface(name=f953338 Splash Screen com.wallapop)/@0xf478ac9, parent=Surface(name=AppWindowToken{958ead0 token=Token{c693a93 ActivityRecord{8fbb382 u0 com.wallapop/com.rewallapop.ui.wall.WallActivity t2162}}})/@0x80da450, parentNativeHandle=android.os.BinderProxy@be47357, caller=com.android.server.wm.SurfaceAnimator.lambda$getFinishedCallback$0:97 com.android.server.wm.-$$Lambda$SurfaceAnimator$SIBia0mND666K8lMCPsoid8pUTI.run:4 com.android.server.wm.SurfaceAnimator.lambda$getFinishedCallback$1:104 com.android.server.wm.-$$Lambda$SurfaceAnimator$vdRZk66hQVbQCvVXEaQCT1kVmFc.onAnimationFinished:4 com.android.server.wm.LocalAnimationAdapter.lambda$startAnimation$0:74

11-14 11:39:28.357  4211  4310 D SurfaceControl: reparent is called, sc=Surface(name=f953338 Splash Screen com.wallapop)/@0xf478ac9, newParentHandle=android.os.BinderProxy@be47357, transaction=android.view.SurfaceControl$Transaction@6e2ecef

11-14 11:39:28.357  4211  4310 D SurfaceControl: destroy(transaction), animation-leash is destroyed, sc=Surface(name=Surface(name=f953338 Splash Screen com.wallapop)/@0xf478ac9 - animation-leash)/@0x2c67e03, transaction=android.view.SurfaceControl$Transaction@6e2ecef, caller=com.android.server.wm.SurfaceAnimator.reset:338 com.android.server.wm.SurfaceAnimator.lambda$getFinishedCallback$0:97 com.android.server.wm.-$$Lambda$SurfaceAnimator$SIBia0mND666K8lMCPsoid8pUTI.run:4 com.android.server.wm.SurfaceAnimator.lambda$getFinishedCallback$1:104 com.android.server.wm.-$$Lambda$SurfaceAnimator$vdRZk66hQVbQCvVXEaQCT1kVmFc.onAnimationFinished:4 com.android.server.wm.LocalAnimationAdapter.lambda$startAnimation$0:74 com.android.server.wm.-$$Lambda$LocalAnimationAdapter$X--EomqUvw4qy89IeeTFTH7aCMo.run:4

11-14 11:39:28.358  4211  4310 E WindowManager: win=Window{f953338 u0 Splash Screen com.wallapop EXITING} destroySurfaces: appStopped=false win.mWindowRemovalAllowed=true win.mRemoveOnExit=true win.mViewVisibility=0 caller=com.android.server.wm.AppWindowToken.destroySurfaces:870 com.android.server.wm.AppWindowToken.destroySurfaces:851 com.android.server.wm.WindowState.onExitAnimationDone:5436 com.android.server.wm.WindowStateAnimator.onAnimationFinished:319 com.android.server.wm.WindowState.onAnimationFinished:5858 com.android.server.wm.-$$Lambda$yVRF8YoeNdTa8GR1wDStVsHu8xM.run:2 com.android.server.wm.SurfaceAnimator.lambda$getFinishedCallback$0:100

11-14 11:39:28.359  4211  4310 I WindowManager: Destroying surface Surface(name=Splash Screen com.wallapop[10559])/@0x2a1704e called by com.android.server.wm.WindowStateAnimator.destroySurface:1901 com.android.server.wm.WindowStateAnimator.destroySurfaceLocked:838 com.android.server.wm.WindowState.destroySurfaceUnchecked:3839 com.android.server.wm.WindowState.destroySurface:3820 com.android.server.wm.AppWindowToken.destroySurfaces:870 com.android.server.wm.AppWindowToken.destroySurfaces:851 com.android.server.wm.WindowState.onExitAnimationDone:5436 com.android.server.wm.WindowStateAnimator.onAnimationFinished:319

11-14 11:39:28.359  3727  5386 I SurfaceFlinger: id=26117 Removed Splash Screen com.wallapop[10559]#0 (0/68)

11-14 11:39:28.364  4211  4228 D WindowManager: setSystemUiVisibility: vis= 0xa008, fullscreenVis= 0x0, dockedVis= 0x0, win=Window{1e7139f u0 com.wallapop/com.rewallapop.ui.wall.WallActivity}

11-14 11:39:28.370  3727  3727 I Layer   : id=26117 onRemoved Splash Screen com.wallapop[10559]#0

11-14 11:39:28.374  3727  5386 W SurfaceFlinger: Attempting to set client state on removed layer: Splash Screen com.wallapop[10559]#0 [s.what : 40]

11-14 11:39:28.374  3727  5386 D Layer   : [f953338 Splash Screen com.wallapop#0]::reparent oldParent:[Surface(name=f953338 Splash Screen com.wallapop)/@0xf478ac9 - animation-leash#0], newParent:[AppWindowToken{958ead0 token=Token{c693a93 ActivityRecord{8fbb382 u0 com.wallapop/com.rewallapop.ui.wall.WallActivity t2162}}}#0]

11-14 11:39:28.374  3727  5386 W SurfaceFlinger: Attempting to destroy on removed layer: Splash Screen com.wallapop[10559]#0

11-14 11:39:28.374  3727  5386 I SurfaceFlinger: id=26129 Removed Surface(name=f953338 Splash Screen com.wallapop)/@0xf478ac9 - animation-leash#0 (3/67)

11-14 11:39:28.374  3727  5386 I SurfaceFlinger: id=26116 Removed f953338 Splash Screen com.wallapop#0 (2/66)

11-14 11:39:28.384  3727  3727 I SurfaceFlinger:      Device | 0x70dda1fcc0 | 0002 | RGBA_8888 |   0.0    0.0 1080.0 2220.0 |    0    0 1080 2220 | com.wallapop/com.rewallapop.ui.wall.WallActivity[10559]#1

11-14 11:39:28.384  3727  3727 I SurfaceFlinger:      Device | 0x70de034400 | 0000 | RGBA_8888 |   0.0    0.0 1008.0  895.0 |   36  631 1044 1526 | com.wallapop/com.rewallapop.ui.wall.WallActivity[10559]#0

11-14 11:39:28.387  3727  3727 I Layer   : id=26116 onRemoved f953338 Splash Screen com.wallapop#0

11-14 11:39:28.387  3727  3727 I Layer   : id=26129 onRemoved Surface(name=f953338 Splash Screen com.wallapop)/@0xf478ac9 - animation-leash#0

11-14 11:39:28.566  4211  4227 I WindowManager: Cancelling animation restarting=false, leash=null, surface=Surface(name=AppWindowToken{fe8ffc9 token=Token{c7313d0 ActivityRecord{a5e6793 u0 com.wallapop/.chatui.inbox.InboxActivity t2161}}})/@0x530f1e1, parent=Surface(name=Task=2161)/@0x16ad85e

11-14 11:39:28.575  3727  3964 W SurfaceFlinger: Attempting to destroy on removed layer: AppWindowToken{fe8ffc9 token=Token{c7313d0 ActivityRecord{a5e6793 u0 com.wallapop/.chatui.inbox.InboxActivity t2161}}}#0

11-14 11:39:28.575  4211  5518 D WindowManager: finishDrawingWindow: Window{dc44925 u0 com.wallapop/com.rewallapop.ui.wall.WallActivity} mDrawState=HAS_DRAWN

11-14 11:39:28.588  3727  3727 I Layer   : id=26006 onRemoved AppWindowToken{fe8ffc9 token=Token{c7313d0 ActivityRecord{a5e6793 u0 com.wallapop/.chatui.inbox.InboxActivity t2161}}}#0

11-14 11:39:28.628  4211  4228 D CodecSolution: isMaxAspectPackageEx: com.wallapop : true(2)

11-14 11:39:28.758  4211  4669 D MdnieScenarioControlService:  packageName : com.wallapop    className : com.rewallapop.ui.wall.WallActivity

11-14 11:39:28.763  4622  4682 E RequestManager_FLP: [FusedLocationApi] Location request 7f82d0d(Listener) PRIORITY_BALANCED_POWER_ACCURACY interval=300000 from com.wallapop

11-14 11:39:28.809  4211  4679 I WindowManager: Cancelling animation restarting=false, leash=null, surface=Surface(name=AppWindowToken{75f2587 token=Token{d0361c6 ActivityRecord{5a3fba1 u0 com.wallapop/com.rewallapop.ui.main.MainActivity t2162}}})/@0xe798e80, parent=Surface(name=Task=2162)/@0xa2cdcb9

11-14 11:39:28.822  3727  3964 I SurfaceFlinger: id=26115 Removed AppWindowToken{75f2587 token=Token{d0361c6 ActivityRecord{5a3fba1 u0 com.wallapop/com.rewallapop.ui.main.MainActivity t2162}}}#0 (1/61)

11-14 11:39:28.838  3727  3727 I Layer   : id=26115 onRemoved AppWindowToken{75f2587 token=Token{d0361c6 ActivityRecord{5a3fba1 u0 com.wallapop/com.rewallapop.ui.main.MainActivity t2162}}}#0

11-14 11:39:29.139  4622  4682 D ListenerMonitor_FLP: removeListener, type : 0 , packageName : com.wallapop , listener count : 0

11-14 11:39:29.139  4622  4682 E RequestManager_FLP: [LocationManagerService] Location remove acfb0ad from com.wallapop

11-14 11:39:29.180 10559 10559 W com.wallapop: Accessing hidden field Landroid/view/View;->mAccessibilityDelegate:Landroid/view/View$AccessibilityDelegate; (light greylist, reflection)

11-14 11:39:30.004 10559 10559 W View    : requestLayout() improperly called by com.wallapop.design.view.WallapopTextView{9da2070 V.ED..... ......ID 47,26-47,86 #7f0a0904 app:id/wp__home__tv_bubble} during layout: running second layout pass

11-14 11:39:30.017 10875 10889 I Finsky  : [9371] fxs.d(3): com.wallapop: Account determined from installer data - [rJj4Md76H4LxoN-B4dnoZM7XaXDDBcXGlC-caOCi6Uc]

11-14 11:39:30.018 10875 10889 I Finsky  : [9371] fxs.d(14): com.wallapop: Account from preferred account - [rJj4Md76H4LxoN-B4dnoZM7XaXDDBcXGlC-caOCi6Uc]

11-14 11:39:30.385 10559 10571 I com.wallapop: Background concurrent copying GC freed 127788(7MB) AllocSpace objects, 26(676KB) LOS objects, 49% free, 14MB/29MB, paused 747us total 232.343ms

11-14 11:39:31.426 10875 10889 I Finsky  : [9371] fxs.d(3): com.wallapop: Account determined from installer data - [rJj4Md76H4LxoN-B4dnoZM7XaXDDBcXGlC-caOCi6Uc]

11-14 11:39:31.427 10875 10889 I Finsky  : [9371] fxs.d(14): com.wallapop: Account from preferred account - [rJj4Md76H4LxoN-B4dnoZM7XaXDDBcXGlC-caOCi6Uc]

11-14 11:39:31.746  4211  6753 D WifiPermissionsUtil: canAccessScanResults: pkgName = com.wallapop, uid = 10313

11-14 11:39:32.225 10875 10889 I Finsky  : [9371] fxs.d(3): com.wallapop: Account determined from installer data - [rJj4Md76H4LxoN-B4dnoZM7XaXDDBcXGlC-caOCi6Uc]

11-14 11:39:32.226 10875 10889 I Finsky  : [9371] fxs.d(14): com.wallapop: Account from preferred account - [rJj4Md76H4LxoN-B4dnoZM7XaXDDBcXGlC-caOCi6Uc]

11-14 11:39:32.411 10559 10901 D Amazon DTB Ads API: with query params:[?dt=android&app=app&dinfo=%7B%22os%22%3A%22Android%22%2C%22model%22%3A%22SM-A750FN%22%2C%22make%22%3A%22samsung%22%2C%22osVersion%22%3A%229%22%2C%22connectionType%22%3A%2213%22%2C%22country%22%3A%22ES%22%2C%22scalingFactor%22%3A%222.625%22%2C%22carrier%22%3A%22JAZZTEL%22%2C%22language%22%3A%22es%22%2C%22screenSize%22%3A%221080x2094%22%2C%22orientation%22%3A%22portrait%22%7D&oo=0&aud=3p&idfa=bf505ce3-e614-4d9a-a4d7-9c324edc6560&appId=d2ba46e2d5ef4c9883051d9c8d0125d5&sdkVer=aps-android-7.4.3&ua=Dalvik%2F2.1.0%20%28Linux%3B%20U%3B%20Android%209%3B%20SM-A750FN%20Build%2FPPR1.180610.011%29&pkg=%7B%22lbl%22%3A%22_Wallapop_%22%2C%22pn%22%3A%22com.wallapop%22%2C%22v%22%3A%221850000%22%2C%22vn%22%3A%221.85.0-d1910251130%22%7D]

11-14 11:39:32.981 10559 10901 D Amazon DTB Ads API: Error while connecting to remote server: https://s.amazon-adsystem.com/api3/generate_did?dt=android&app=app&dinfo=%7B%22os%22%3A%22Android%22%2C%22model%22%3A%22SM-A750FN%22%2C%22make%22%3A%22samsung%22%2C%22osVersion%22%3A%229%22%2C%22connectionType%22%3A%2213%22%2C%22country%22%3A%22ES%22%2C%22scalingFactor%22%3A%222.625%22%2C%22carrier%22%3A%22JAZZTEL%22%2C%22language%22%3A%22es%22%2C%22screenSize%22%3A%221080x2094%22%2C%22orientation%22%3A%22portrait%22%7D&oo=0&aud=3p&idfa=bf505ce3-e614-4d9a-a4d7-9c324edc6560&appId=d2ba46e2d5ef4c9883051d9c8d0125d5&sdkVer=aps-android-7.4.3&ua=Dalvik%2F2.1.0%20%28Linux%3B%20U%3B%20Android%209%3B%20SM-A750FN%20Build%2FPPR1.180610.011%29&pkg=%7B%22lbl%22%3A%22_Wallapop_%22%2C%22pn%22%3A%22com.wallapop%22%2C%22v%22%3A%221850000%22%2C%22vn%22%3A%221.85.0-d1910251130%22%7D with error:Chain validation failed

11-14 11:39:32.984 10559 10901 E Amazon DTB Ads API: 	at com.wallapop.thirdparty.ads.b.a.a(SourceFile:43)

11-14 11:39:32.984 10559 10901 E Amazon DTB Ads API: 	at com.wallapop.thirdparty.ads.b.a$b$1.invokeSuspend(SourceFile:34)

11-14 11:39:32.984 10559 10901 E Amazon DTB Ads API: 	at com.wallapop.thirdparty.ads.b.a$b$1.invoke(Unknown Source:10)

11-14 11:39:32.984 10559 10901 E Amazon DTB Ads API: 	at com.wallapop.thirdparty.ads.b.a$b.invokeSuspend(SourceFile:33)

11-14 11:39:33.179 10559 11234 D Amazon DTB Ads API: with query params:[?dt=android&app=app&dinfo=%7B%22os%22%3A%22Android%22%2C%22model%22%3A%22SM-A750FN%22%2C%22make%22%3A%22samsung%22%2C%22osVersion%22%3A%229%22%2C%22connectionType%22%3A%2213%22%2C%22country%22%3A%22ES%22%2C%22scalingFactor%22%3A%222.625%22%2C%22carrier%22%3A%22JAZZTEL%22%2C%22language%22%3A%22es%22%2C%22screenSize%22%3A%221080x2094%22%2C%22orientation%22%3A%22portrait%22%7D&oo=0&aud=3p&idfa=bf505ce3-e614-4d9a-a4d7-9c324edc6560&appId=d2ba46e2d5ef4c9883051d9c8d0125d5&sdkVer=aps-android-7.4.3&ua=Dalvik%2F2.1.0%20%28Linux%3B%20U%3B%20Android%209%3B%20SM-A750FN%20Build%2FPPR1.180610.011%29&pkg=%7B%22lbl%22%3A%22_Wallapop_%22%2C%22pn%22%3A%22com.wallapop%22%2C%22v%22%3A%221850000%22%2C%22vn%22%3A%221.85.0-d1910251130%22%7D]

11-14 11:39:33.245 10559 10571 I com.wallapop: Background concurrent copying GC freed 226147(11MB) AllocSpace objects, 73(3MB) LOS objects, 49% free, 16MB/32MB, paused 2.728ms total 295.636ms

11-14 11:39:33.302 10875 10889 I Finsky  : [9371] fxs.d(3): com.wallapop: Account determined from installer data - [rJj4Md76H4LxoN-B4dnoZM7XaXDDBcXGlC-caOCi6Uc]

11-14 11:39:33.303 10875 10889 I Finsky  : [9371] fxs.d(14): com.wallapop: Account from preferred account - [rJj4Md76H4LxoN-B4dnoZM7XaXDDBcXGlC-caOCi6Uc]

11-14 11:39:33.690 10559 11234 D Amazon DTB Ads API: Error while connecting to remote server: https://s.amazon-adsystem.com/api3/generate_did?dt=android&app=app&dinfo=%7B%22os%22%3A%22Android%22%2C%22model%22%3A%22SM-A750FN%22%2C%22make%22%3A%22samsung%22%2C%22osVersion%22%3A%229%22%2C%22connectionType%22%3A%2213%22%2C%22country%22%3A%22ES%22%2C%22scalingFactor%22%3A%222.625%22%2C%22carrier%22%3A%22JAZZTEL%22%2C%22language%22%3A%22es%22%2C%22screenSize%22%3A%221080x2094%22%2C%22orientation%22%3A%22portrait%22%7D&oo=0&aud=3p&idfa=bf505ce3-e614-4d9a-a4d7-9c324edc6560&appId=d2ba46e2d5ef4c9883051d9c8d0125d5&sdkVer=aps-android-7.4.3&ua=Dalvik%2F2.1.0%20%28Linux%3B%20U%3B%20Android%209%3B%20SM-A750FN%20Build%2FPPR1.180610.011%29&pkg=%7B%22lbl%22%3A%22_Wallapop_%22%2C%22pn%22%3A%22com.wallapop%22%2C%22v%22%3A%221850000%22%2C%22vn%22%3A%221.85.0-d1910251130%22%7D with error:Chain validation failed

11-14 11:39:33.726 10559 11234 D Amazon DTB Ads API: with json params:[{"oo":"false","dinfo":{"os":"Android","model":"SM-A750FN","make":"samsung","osVersion":"9","connectionType":"13","country":"ES","scalingFactor":"2.625","carrier":"JAZZTEL","language":"es","screenSize":"1080x2094","orientation":"portrait"},"adsdk":"aps-android-7.4.3","slots":[{"sz":"320x50","slot":"f414d83c-ab9f-4e02-9c59-5137663ee6c7","slotId":1,"supportedMediaTypes":["DISPLAY"]}],"mraid":["1.0","2.0","3.0"],"appId":"d2ba46e2d5ef4c9883051d9c8d0125d5","idfa":"bf505ce3-e614-4d9a-a4d7-9c324edc6560","geoloc":"41.4058263,2.1864541,19.273","isDTBMobile":"true","ua":"Dalvik\/2.1.0 (Linux; U; Android 9; SM-A750FN Build\/PPR1.180610.011)","pkg":{"lbl":"_Wallapop_","pn":"com.wallapop","v":"1850000","vn":"1.85.0-d1910251130"},"gdpr":{"e":"1","c":"BOR0xKKOR0xKKABABAENBZ-AAAAfZ7_______9______9uz_Gv_v_f__33e8__9v_l_7_-___u_-33d4-_1vX99yfm1-7ftr3tp_86ues2vHqK9ZoA"}}]

11-14 11:39:33.891 10875 10889 I Finsky  : [9371] fxs.d(3): com.wallapop: Account determined from installer data - [rJj4Md76H4LxoN-B4dnoZM7XaXDDBcXGlC-caOCi6Uc]

11-14 11:39:33.892 10875 10889 I Finsky  : [9371] fxs.d(14): com.wallapop: Account from preferred account - [rJj4Md76H4LxoN-B4dnoZM7XaXDDBcXGlC-caOCi6Uc]

11-14 11:39:33.904 10875 10889 I Finsky  : [9371] fxs.d(3): com.wallapop: Account determined from installer data - [rJj4Md76H4LxoN-B4dnoZM7XaXDDBcXGlC-caOCi6Uc]

11-14 11:39:33.905 10875 10889 I Finsky  : [9371] fxs.d(14): com.wallapop: Account from preferred account - [rJj4Md76H4LxoN-B4dnoZM7XaXDDBcXGlC-caOCi6Uc]

11-14 11:39:34.101  3727  3727 I SurfaceFlinger:      Device | 0x70dda1fcc0 | 0002 | RGBA_8888 |   0.0    0.0 1080.0 2220.0 |    0    0 1080 2220 | com.wallapop/com.rewallapop.ui.wall.WallActivity[10559]#1

11-14 11:39:34.101  3727  3727 I SurfaceFlinger:      Device | 0x70de034400 | 0000 | RGBA_8888 |   0.0    0.0 1008.0  895.0 |   36  631 1044 1526 | com.wallapop/com.rewallapop.ui.wall.WallActivity[10559]#0

11-14 11:39:34.134  4211  4360 I clp-JNI : Add pinfo.  (channel) 1e7139f com.wallapop/com.rewallapop.ui.wall.WallActivity (server) (pkg) AppWindowToken{958ead0 token=Token{c693a93 ActivityRecord{8fbb382 u0 com.wallapop/com.rewallapop.ui.wall.WallActivity t2162}}} 10559 10313 (action) 1

11-14 11:39:34.369  3727  3727 I SurfaceFlinger:      Device | 0x70dda1fcc0 | 0002 | RGBA_8888 |   0.0    0.0 1080.0 2220.0 |    0    0 1080 2220 | com.wallapop/com.rewallapop.ui.wall.WallActivity[10559]#1

11-14 11:39:34.369  3727  3727 I SurfaceFlinger:      Device | 0x70de034400 | 0000 | RGBA_8888 |   0.0    0.0 1008.0  895.0 |   36  631 1044 1526 | com.wallapop/com.rewallapop.ui.wall.WallActivity[10559]#0

11-14 11:39:34.431  3727  5001 E BufferQueueProducer: [com.wallapop/com.rewallapop.ui.wall.WallActivity[10559]#0] disconnect: not connected (req=1)

11-14 11:39:34.433  4211  7552 V WindowManager: Remove Window{1e7139f u0 com.wallapop/com.rewallapop.ui.wall.WallActivity}: mSurfaceController=Surface(name=com.wallapop/com.rewallapop.ui.wall.WallActivity[10559])/@0xf07124d mAnimatingExit=false mRemoveOnExit=false mHasSurface=true surfaceShowing=true isAnimationSet=false app-animation=false mWillReplaceWindow=false inPendingTransaction=false mDisplayFrozen=false callers=com.android.server.wm.WindowState.removeIfPossible:2764 com.android.server.wm.WindowManagerService.removeWindow:1943 com.android.server.wm.Session.remove:268 android.view.IWindowSession$Stub.onTransact:347 com.android.server.wm.Session.onTransact:186 android.os.Binder.execTransact:739

11-14 11:39:34.435  4211  7552 I WindowManager: Cancelling animation restarting=true, leash=null, surface=Surface(name=1e7139f com.wallapop/com.rewallapop.ui.wall.WallActivity)/@0xd7eea13, parent=Surface(name=AppWindowToken{958ead0 token=Token{c693a93 ActivityRecord{8fbb382 u0 com.wallapop/com.rewallapop.ui.wall.WallActivity t2162}}})/@0x80da450

11-14 11:39:34.435  4211  7552 I WindowManager: Reparenting to leash, surface=Surface(name=1e7139f com.wallapop/com.rewallapop.ui.wall.WallActivity)/@0xd7eea13

11-14 11:39:34.436  3727  3727 I SurfaceFlinger: id=26130 createSurf (4440x4440),2 flag=4, Surface(name=1e7139f com.wallapop/com.rewallapop.ui.wall.WallActivity)/@0xd7eea13 - animation-leash#0

11-14 11:39:34.438  4211  7552 D WindowManager: makeSurface duration=4 leash=Surface(name=Surface(name=1e7139f com.wallapop/com.rewallapop.ui.wall.WallActivity)/@0xd7eea13 - animation-leash)/@0x2f52204

11-14 11:39:34.438  4211  7552 D SurfaceControl: reparent is called, sc=Surface(name=1e7139f com.wallapop/com.rewallapop.ui.wall.WallActivity)/@0xd7eea13, newParentHandle=android.os.BinderProxy@5d4e3ed, transaction=android.view.SurfaceControl$Transaction@5713e05

11-14 11:39:34.439  4211  7552 V WindowManager: Changing focus from Window{1e7139f u0 com.wallapop/com.rewallapop.ui.wall.WallActivity EXITING} to Window{dc44925 u0 com.wallapop/com.rewallapop.ui.wall.WallActivity} Callers=com.android.server.wm.WindowState.setupWindowForRemoveOnExit:2914 com.android.server.wm.WindowState.removeIfPossible:2885 com.android.server.wm.WindowState.removeIfPossible:2764 com.android.server.wm.WindowManagerService.removeWindow:1943

11-14 11:39:34.439  4211  4228 D WindowManager: setSystemUiVisibility: vis= 0xa508, fullscreenVis= 0x0, dockedVis= 0x0, win=Window{dc44925 u0 com.wallapop/com.rewallapop.ui.wall.WallActivity}

11-14 11:39:34.444  3727  3964 D Layer   : [1e7139f com.wallapop/com.rewallapop.ui.wall.WallActivity#0]::reparent oldParent:[AppWindowToken{958ead0 token=Token{c693a93 ActivityRecord{8fbb382 u0 com.wallapop/com.rewallapop.ui.wall.WallActivity t2162}}}#0], newParent:[Surface(name=1e7139f com.wallapop/com.rewallapop.ui.wall.WallActivity)/@0xd7eea13 - animation-leash#0]

11-14 11:39:34.446  4211  4228 D WindowManager: setSystemUiVisibility: vis= 0xa518, fullscreenVis= 0x2000, dockedVis= 0x0, win=Window{dc44925 u0 com.wallapop/com.rewallapop.ui.wall.WallActivity}

11-14 11:39:34.453  4211  4242 D WindowManager: reportFocusChangedSerialized, focused=true, inTouchMode=true, win=Window{dc44925 u0 com.wallapop/com.rewallapop.ui.wall.WallActivity}

11-14 11:39:34.456  4211  4242 D WindowManager: reportFocusChangedSerialized, focused=false, inTouchMode=true, win=Window{1e7139f u0 com.wallapop/com.rewallapop.ui.wall.WallActivity EXITING}

11-14 11:39:34.560  3727  3727 I SurfaceFlinger: id=26132 createSurf (4440x4440),2 flag=4, e52590f com.wallapop/com.rewallapop.ui.wall.WallActivity#0

11-14 11:39:34.562  4211  6759 V WindowManager: Changing focus from Window{dc44925 u0 com.wallapop/com.rewallapop.ui.wall.WallActivity} to Window{e52590f u0 com.wallapop/com.rewallapop.ui.wall.WallActivity} Callers=com.android.server.wm.WindowManagerService.addWindow:1762 com.android.server.wm.Session.addToDisplayForTranslate:244 android.view.IWindowSession$Stub.onTransact:208 com.android.server.wm.Session.onTransact:186

11-14 11:39:34.563  4211  4228 D WindowManager: setSystemUiVisibility: vis= 0x8018, fullscreenVis= 0x2000, dockedVis= 0x0, win=Window{e52590f u0 com.wallapop/com.rewallapop.ui.wall.WallActivity}

11-14 11:39:34.566  4211  4242 D WindowManager: reportFocusChangedSerialized, focused=true, inTouchMode=true, win=Window{e52590f u0 com.wallapop/com.rewallapop.ui.wall.WallActivity}

11-14 11:39:34.600  4211  4310 I WindowManager: reset, Reparenting to original parent, shouldDeferScheduleAnimation=false, destroyLeash=true, surface=Surface(name=1e7139f com.wallapop/com.rewallapop.ui.wall.WallActivity)/@0xd7eea13, parent=Surface(name=AppWindowToken{958ead0 token=Token{c693a93 ActivityRecord{8fbb382 u0 com.wallapop/com.rewallapop.ui.wall.WallActivity t2162}}})/@0x80da450, parentNativeHandle=android.os.BinderProxy@be47357, caller=com.android.server.wm.SurfaceAnimator.lambda$getFinishedCallback$0:97 com.android.server.wm.-$$Lambda$SurfaceAnimator$SIBia0mND666K8lMCPsoid8pUTI.run:4 com.android.server.wm.SurfaceAnimator.lambda$getFinishedCallback$1:104 com.android.server.wm.-$$Lambda$SurfaceAnimator$vdRZk66hQVbQCvVXEaQCT1kVmFc.onAnimationFinished:4 com.android.server.wm.LocalAnimationAdapter.lambda$startAnimation$0:74

11-14 11:39:34.600  4211  4310 D SurfaceControl: reparent is called, sc=Surface(name=1e7139f com.wallapop/com.rewallapop.ui.wall.WallActivity)/@0xd7eea13, newParentHandle=android.os.BinderProxy@be47357, transaction=android.view.SurfaceControl$Transaction@5713e05

11-14 11:39:34.600  4211  4310 D SurfaceControl: destroy(transaction), animation-leash is destroyed, sc=Surface(name=Surface(name=1e7139f com.wallapop/com.rewallapop.ui.wall.WallActivity)/@0xd7eea13 - animation-leash)/@0x2f52204, transaction=android.view.SurfaceControl$Transaction@5713e05, caller=com.android.server.wm.SurfaceAnimator.reset:338 com.android.server.wm.SurfaceAnimator.lambda$getFinishedCallback$0:97 com.android.server.wm.-$$Lambda$SurfaceAnimator$SIBia0mND666K8lMCPsoid8pUTI.run:4 com.android.server.wm.SurfaceAnimator.lambda$getFinishedCallback$1:104 com.android.server.wm.-$$Lambda$SurfaceAnimator$vdRZk66hQVbQCvVXEaQCT1kVmFc.onAnimationFinished:4 com.android.server.wm.LocalAnimationAdapter.lambda$startAnimation$0:74 com.android.server.wm.-$$Lambda$LocalAnimationAdapter$X--EomqUvw4qy89IeeTFTH7aCMo.run:4

11-14 11:39:34.601  4211  4310 E WindowManager: win=Window{1e7139f u0 com.wallapop/com.rewallapop.ui.wall.WallActivity EXITING} destroySurfaces: appStopped=false win.mWindowRemovalAllowed=true win.mRemoveOnExit=true win.mViewVisibility=0 caller=com.android.server.wm.AppWindowToken.destroySurfaces:870 com.android.server.wm.AppWindowToken.destroySurfaces:851 com.android.server.wm.WindowState.onExitAnimationDone:5436 com.android.server.wm.WindowStateAnimator.onAnimationFinished:319 com.android.server.wm.WindowState.onAnimationFinished:5858 com.android.server.wm.-$$Lambda$yVRF8YoeNdTa8GR1wDStVsHu8xM.run:2 com.android.server.wm.SurfaceAnimator.lambda$getFinishedCallback$0:100

11-14 11:39:34.601  4211  4310 I WindowManager: Destroying surface Surface(name=com.wallapop/com.rewallapop.ui.wall.WallActivity[10559])/@0xf07124d called by com.android.server.wm.WindowStateAnimator.destroySurface:1901 com.android.server.wm.WindowStateAnimator.destroySurfaceLocked:838 com.android.server.wm.WindowState.destroySurfaceUnchecked:3839 com.android.server.wm.WindowState.destroySurface:3820 com.android.server.wm.AppWindowToken.destroySurfaces:870 com.android.server.wm.AppWindowToken.destroySurfaces:851 com.android.server.wm.WindowState.onExitAnimationDone:5436 com.android.server.wm.WindowStateAnimator.onAnimationFinished:319

11-14 11:39:34.602  3727  5386 I SurfaceFlinger: id=26124 Removed com.wallapop/com.rewallapop.ui.wall.WallActivity[10559]#0 (0/62)

11-14 11:39:34.612  3727  5001 D Layer   : [1e7139f com.wallapop/com.rewallapop.ui.wall.WallActivity#0]::reparent oldParent:[Surface(name=1e7139f com.wallapop/com.rewallapop.ui.wall.WallActivity)/@0xd7eea13 - animation-leash#0], newParent:[AppWindowToken{958ead0 token=Token{c693a93 ActivityRecord{8fbb382 u0 com.wallapop/com.rewallapop.ui.wall.WallActivity t2162}}}#0]

11-14 11:39:34.612  3727  5001 W SurfaceFlinger: Attempting to set client state on removed layer: com.wallapop/com.rewallapop.ui.wall.WallActivity[10559]#0 [s.what : 40]

11-14 11:39:34.612  3727  5001 I SurfaceFlinger: id=26130 Removed Surface(name=1e7139f com.wallapop/com.rewallapop.ui.wall.WallActivity)/@0xd7eea13 - animation-leash#0 (2/61)

11-14 11:39:34.612  3727  5001 I SurfaceFlinger: id=26122 Removed 1e7139f com.wallapop/com.rewallapop.ui.wall.WallActivity#0 (1/60)

11-14 11:39:34.612  3727  5001 W SurfaceFlinger: Attempting to destroy on removed layer: com.wallapop/com.rewallapop.ui.wall.WallActivity[10559]#0

11-14 11:39:34.614  3727  3727 I Layer   : id=26122 onRemoved 1e7139f com.wallapop/com.rewallapop.ui.wall.WallActivity#0

11-14 11:39:34.615  3727  3727 I Layer   : id=26124 onRemoved com.wallapop/com.rewallapop.ui.wall.WallActivity[10559]#0

11-14 11:39:34.617  3727  3727 I Layer   : id=26130 onRemoved Surface(name=1e7139f com.wallapop/com.rewallapop.ui.wall.WallActivity)/@0xd7eea13 - animation-leash#0

11-14 11:39:34.626  3727  3727 I SurfaceFlinger:      Device | 0x70dda1fcc0 | 0002 | RGBA_8888 |   0.0    0.0 1080.0 2220.0 |    0    0 1080 2220 | com.wallapop/com.rewallapop.ui.wall.WallActivity[10559]#1

11-14 11:39:34.637 10559 10559 V InputMethodManager: Starting input: tba=com.wallapop ic=null mNaviBarColor -1 mIsGetNaviBarColorSuccess true , NavVisible : true , NavTrans : false

11-14 11:39:34.639  4211  4808 V InputMethodManagerService: windowGainedFocus : reason=WINDOW_FOCUS_GAIN client=android.os.BinderProxy@44254c0 inputContext=null missingMethods= attribute=android.view.inputmethod.EditorInfo@cf7237a nm = com.wallapop controlFlags=#104 softInputMode=#110 windowFlags=#81810100

11-14 11:39:34.673  4211  6759 V WindowManager: Relayout Window{e52590f u0 com.wallapop/com.rewallapop.ui.wall.WallActivity}: viewVisibility=0 req=840x486 {(0,0)(wrapxwrap) gr=CENTER sim={adjust=pan forwardNavigation} ty=APPLICATION fmt=TRANSPARENT wanim=0x10302ff surfaceInsets=Rect(84, 84 - 84, 84)

11-14 11:39:34.675  4211  4228 D WindowManager: setSystemUiVisibility: vis= 0xa018, fullscreenVis= 0x2000, dockedVis= 0x0, win=Window{e52590f u0 com.wallapop/com.rewallapop.ui.wall.WallActivity}

11-14 11:39:34.679  3727  3727 I SurfaceFlinger: id=26133 createSurf (1008x654),1 flag=4, com.wallapop/com.rewallapop.ui.wall.WallActivity[10559]#0

11-14 11:39:34.681  4211  6759 D WindowManager: makeSurface duration=3 name=com.wallapop/com.rewallapop.ui.wall.WallActivity[10559]

11-14 11:39:34.705 10559 10559 V InputMethodManager: Starting input: tba=com.wallapop ic=null mNaviBarColor -1 mIsGetNaviBarColorSuccess true , NavVisible : true , NavTrans : false

11-14 11:39:34.709  4211  7552 V InputMethodManagerService: windowGainedFocus : reason=WINDOW_FOCUS_GAIN client=android.os.BinderProxy@44254c0 inputContext=null missingMethods= attribute=android.view.inputmethod.EditorInfo@7c50788 nm = com.wallapop controlFlags=#104 softInputMode=#120 windowFlags=#1800402

11-14 11:39:34.764  4211  4808 D WindowManager: finishDrawingWindow: Window{e52590f u0 com.wallapop/com.rewallapop.ui.wall.WallActivity} mDrawState=DRAW_PENDING

11-14 11:39:34.768  4211  4310 I WindowManager: commitFinishDrawingLocked: mDrawState=READY_TO_SHOW Surface(name=com.wallapop/com.rewallapop.ui.wall.WallActivity[10559])/@0xe43fd46

11-14 11:39:34.768  4211  4310 V WindowManager: Resize reasons for w=Window{e52590f u0 com.wallapop/com.rewallapop.ui.wall.WallActivity}:  contentInsetsChanged=false [0,0][0,0] visibleInsetsChanged=false [0,0][0,0] stableInsetsChanged=false [0,0][0,0] outsetsChanged=false [0,0][0,0] surfaceResized=false configChanged=false dragResizingChanged=false reportOrientationChanged=false displayCutoutChanged=false nextForceRelayoutToClient=false

11-14 11:39:34.776  4211  4310 I WindowManager: commitFinishDrawingLocked: mDrawState=READY_TO_SHOW Surface(name=com.wallapop/com.rewallapop.ui.wall.WallActivity[10559])/@0xe43fd46

11-14 11:39:34.778  4211  4310 I WindowManager: Cancelling animation restarting=true, leash=null, surface=Surface(name=e52590f com.wallapop/com.rewallapop.ui.wall.WallActivity)/@0x643a25d, parent=Surface(name=AppWindowToken{958ead0 token=Token{c693a93 ActivityRecord{8fbb382 u0 com.wallapop/com.rewallapop.ui.wall.WallActivity t2162}}})/@0x80da450

11-14 11:39:34.778  4211  4310 I WindowManager: Reparenting to leash, surface=Surface(name=e52590f com.wallapop/com.rewallapop.ui.wall.WallActivity)/@0x643a25d

11-14 11:39:34.781  3727  3727 I SurfaceFlinger: id=26134 createSurf (4440x4440),2 flag=4, Surface(name=e52590f com.wallapop/com.rewallapop.ui.wall.WallActivity)/@0x643a25d - animation-leash#0

11-14 11:39:34.786  4211  4310 D WindowManager: makeSurface duration=7 leash=Surface(name=Surface(name=e52590f com.wallapop/com.rewallapop.ui.wall.WallActivity)/@0x643a25d - animation-leash)/@0x732a7d2

