11-14 11:39:34.786  4211  4310 D SurfaceControl: reparent is called, sc=Surface(name=e52590f com.wallapop/com.rewallapop.ui.wall.WallActivity)/@0x643a25d, newParentHandle=android.os.BinderProxy@e1fa0a3, transaction=android.view.SurfaceControl$Transaction@77b3fa0

11-14 11:39:34.790  4211  4310 V WindowManager: performShowLocked: mDrawState=HAS_DRAWN in Window{e52590f u0 com.wallapop/com.rewallapop.ui.wall.WallActivity}

11-14 11:39:34.802  3727  5001 D Layer   : [e52590f com.wallapop/com.rewallapop.ui.wall.WallActivity#0]::reparent oldParent:[AppWindowToken{958ead0 token=Token{c693a93 ActivityRecord{8fbb382 u0 com.wallapop/com.rewallapop.ui.wall.WallActivity t2162}}}#0], newParent:[Surface(name=e52590f com.wallapop/com.rewallapop.ui.wall.WallActivity)/@0x643a25d - animation-leash#0]

11-14 11:39:34.807  4211  4228 D WindowManager: setSystemUiVisibility: vis= 0xa008, fullscreenVis= 0x0, dockedVis= 0x0, win=Window{e52590f u0 com.wallapop/com.rewallapop.ui.wall.WallActivity}

11-14 11:39:34.821  4211  4242 D WindowManager: reportFocusChangedSerialized, focused=false, inTouchMode=true, win=Window{dc44925 u0 com.wallapop/com.rewallapop.ui.wall.WallActivity}

11-14 11:39:34.838  3727  3727 I SurfaceFlinger:      Device | 0x70dda21400 | 0002 | RGBA_8888 |   0.0    0.0 1080.0 2220.0 |    0    0 1080 2220 | com.wallapop/com.rewallapop.ui.wall.WallActivity[10559]#1

11-14 11:39:34.838  3727  3727 I SurfaceFlinger:      Device | 0x70d664e240 | 0000 | RGBA_8888 |   0.0    0.0 1008.0  654.0 |   36  751 1044 1405 | com.wallapop/com.rewallapop.ui.wall.WallActivity[10559]#0

11-14 11:39:34.855  3727  3727 I SurfaceFlinger:      Device | 0x70dda21400 | 0002 | RGBA_8888 |   0.0    0.0 1080.0 2220.0 |    0    0 1080 2220 | com.wallapop/com.rewallapop.ui.wall.WallActivity[10559]#1

11-14 11:39:34.855  3727  3727 I SurfaceFlinger:      Device | 0x70d664e240 | 0000 | RGBA_8888 |   0.0    0.0 1008.0  654.0 |   36  751 1044 1405 | com.wallapop/com.rewallapop.ui.wall.WallActivity[10559]#0

11-14 11:39:34.947  4211  4310 I WindowManager: reset, Reparenting to original parent, shouldDeferScheduleAnimation=false, destroyLeash=true, surface=Surface(name=e52590f com.wallapop/com.rewallapop.ui.wall.WallActivity)/@0x643a25d, parent=Surface(name=AppWindowToken{958ead0 token=Token{c693a93 ActivityRecord{8fbb382 u0 com.wallapop/com.rewallapop.ui.wall.WallActivity t2162}}})/@0x80da450, parentNativeHandle=android.os.BinderProxy@be47357, caller=com.android.server.wm.SurfaceAnimator.lambda$getFinishedCallback$0:97 com.android.server.wm.-$$Lambda$SurfaceAnimator$SIBia0mND666K8lMCPsoid8pUTI.run:4 com.android.server.wm.SurfaceAnimator.lambda$getFinishedCallback$1:104 com.android.server.wm.-$$Lambda$SurfaceAnimator$vdRZk66hQVbQCvVXEaQCT1kVmFc.onAnimationFinished:4 com.android.server.wm.LocalAnimationAdapter.lambda$startAnimation$0:74

11-14 11:39:34.947  4211  4310 D SurfaceControl: reparent is called, sc=Surface(name=e52590f com.wallapop/com.rewallapop.ui.wall.WallActivity)/@0x643a25d, newParentHandle=android.os.BinderProxy@be47357, transaction=android.view.SurfaceControl$Transaction@77b3fa0

11-14 11:39:34.948  4211  4310 D SurfaceControl: destroy(transaction), animation-leash is destroyed, sc=Surface(name=Surface(name=e52590f com.wallapop/com.rewallapop.ui.wall.WallActivity)/@0x643a25d - animation-leash)/@0x732a7d2, transaction=android.view.SurfaceControl$Transaction@77b3fa0, caller=com.android.server.wm.SurfaceAnimator.reset:338 com.android.server.wm.SurfaceAnimator.lambda$getFinishedCallback$0:97 com.android.server.wm.-$$Lambda$SurfaceAnimator$SIBia0mND666K8lMCPsoid8pUTI.run:4 com.android.server.wm.SurfaceAnimator.lambda$getFinishedCallback$1:104 com.android.server.wm.-$$Lambda$SurfaceAnimator$vdRZk66hQVbQCvVXEaQCT1kVmFc.onAnimationFinished:4 com.android.server.wm.LocalAnimationAdapter.lambda$startAnimation$0:74 com.android.server.wm.-$$Lambda$LocalAnimationAdapter$X--EomqUvw4qy89IeeTFTH7aCMo.run:4

11-14 11:39:34.951  3727  5001 D Layer   : [e52590f com.wallapop/com.rewallapop.ui.wall.WallActivity#0]::reparent oldParent:[Surface(name=e52590f com.wallapop/com.rewallapop.ui.wall.WallActivity)/@0x643a25d - animation-leash#0], newParent:[AppWindowToken{958ead0 token=Token{c693a93 ActivityRecord{8fbb382 u0 com.wallapop/com.rewallapop.ui.wall.WallActivity t2162}}}#0]

11-14 11:39:34.952  3727  5001 I SurfaceFlinger: id=26134 Removed Surface(name=e52590f com.wallapop/com.rewallapop.ui.wall.WallActivity)/@0x643a25d - animation-leash#0 (2/62)

11-14 11:39:34.964  3727  3727 I Layer   : id=26134 onRemoved Surface(name=e52590f com.wallapop/com.rewallapop.ui.wall.WallActivity)/@0x643a25d - animation-leash#0

11-14 11:39:35.040 10559 10571 I com.wallapop: Background concurrent copying GC freed 213866(9MB) AllocSpace objects, 94(7MB) LOS objects, 50% free, 17MB/34MB, paused 1.080ms total 178.315ms

11-14 11:39:35.275  3727  3727 I SurfaceFlinger:      Device | 0x70dda1ff00 | 0002 | RGBA_8888 |   0.0    0.0 1080.0 2220.0 |    0    0 1080 2220 | com.wallapop/com.rewallapop.ui.wall.WallActivity[10559]#1

11-14 11:39:35.275  3727  3727 I SurfaceFlinger:      Device | 0x70d664e240 | 0000 | RGBA_8888 |   0.0    0.0 1008.0  654.0 |   36  751 1044 1405 | com.wallapop/com.rewallapop.ui.wall.WallActivity[10559]#0

11-14 11:39:35.328  4211  4360 I clp-JNI : Add pinfo.  (channel) e52590f com.wallapop/com.rewallapop.ui.wall.WallActivity (server) (pkg) AppWindowToken{958ead0 token=Token{c693a93 ActivityRecord{8fbb382 u0 com.wallapop/com.rewallapop.ui.wall.WallActivity t2162}}} 10559 10313 (action) 1

11-14 11:39:35.388  3727  5001 E BufferQueueProducer: [com.wallapop/com.rewallapop.ui.wall.WallActivity[10559]#0] disconnect: not connected (req=1)

11-14 11:39:35.391  4211  7552 V WindowManager: Remove Window{e52590f u0 com.wallapop/com.rewallapop.ui.wall.WallActivity}: mSurfaceController=Surface(name=com.wallapop/com.rewallapop.ui.wall.WallActivity[10559])/@0xe43fd46 mAnimatingExit=false mRemoveOnExit=false mHasSurface=true surfaceShowing=true isAnimationSet=false app-animation=false mWillReplaceWindow=false inPendingTransaction=false mDisplayFrozen=false callers=com.android.server.wm.WindowState.removeIfPossible:2764 com.android.server.wm.WindowManagerService.removeWindow:1943 com.android.server.wm.Session.remove:268 android.view.IWindowSession$Stub.onTransact:347 com.android.server.wm.Session.onTransact:186 android.os.Binder.execTransact:739

11-14 11:39:35.391  4211  7552 I WindowManager: Cancelling animation restarting=true, leash=null, surface=Surface(name=e52590f com.wallapop/com.rewallapop.ui.wall.WallActivity)/@0x643a25d, parent=Surface(name=AppWindowToken{958ead0 token=Token{c693a93 ActivityRecord{8fbb382 u0 com.wallapop/com.rewallapop.ui.wall.WallActivity t2162}}})/@0x80da450

11-14 11:39:35.392  4211  7552 I WindowManager: Reparenting to leash, surface=Surface(name=e52590f com.wallapop/com.rewallapop.ui.wall.WallActivity)/@0x643a25d

11-14 11:39:35.393  3727  3727 I SurfaceFlinger: id=26137 createSurf (4440x4440),2 flag=4, Surface(name=e52590f com.wallapop/com.rewallapop.ui.wall.WallActivity)/@0x643a25d - animation-leash#0

11-14 11:39:35.396  4211  7552 D WindowManager: makeSurface duration=4 leash=Surface(name=Surface(name=e52590f com.wallapop/com.rewallapop.ui.wall.WallActivity)/@0x643a25d - animation-leash)/@0x965e6da

11-14 11:39:35.396  4211  7552 D SurfaceControl: reparent is called, sc=Surface(name=e52590f com.wallapop/com.rewallapop.ui.wall.WallActivity)/@0x643a25d, newParentHandle=android.os.BinderProxy@355e70b, transaction=android.view.SurfaceControl$Transaction@77b3fa0

11-14 11:39:35.397  4211  7552 V WindowManager: Changing focus from Window{e52590f u0 com.wallapop/com.rewallapop.ui.wall.WallActivity EXITING} to Window{dc44925 u0 com.wallapop/com.rewallapop.ui.wall.WallActivity} Callers=com.android.server.wm.WindowState.setupWindowForRemoveOnExit:2914 com.android.server.wm.WindowState.removeIfPossible:2885 com.android.server.wm.WindowState.removeIfPossible:2764 com.android.server.wm.WindowManagerService.removeWindow:1943

11-14 11:39:35.399  4211  4228 D WindowManager: setSystemUiVisibility: vis= 0xa508, fullscreenVis= 0x0, dockedVis= 0x0, win=Window{dc44925 u0 com.wallapop/com.rewallapop.ui.wall.WallActivity}

11-14 11:39:35.410  3727  5386 D Layer   : [e52590f com.wallapop/com.rewallapop.ui.wall.WallActivity#0]::reparent oldParent:[AppWindowToken{958ead0 token=Token{c693a93 ActivityRecord{8fbb382 u0 com.wallapop/com.rewallapop.ui.wall.WallActivity t2162}}}#0], newParent:[Surface(name=e52590f com.wallapop/com.rewallapop.ui.wall.WallActivity)/@0x643a25d - animation-leash#0]

11-14 11:39:35.413  4211  4228 D WindowManager: setSystemUiVisibility: vis= 0xa518, fullscreenVis= 0x2000, dockedVis= 0x0, win=Window{dc44925 u0 com.wallapop/com.rewallapop.ui.wall.WallActivity}

11-14 11:39:35.419  4211  4242 D WindowManager: reportFocusChangedSerialized, focused=true, inTouchMode=true, win=Window{dc44925 u0 com.wallapop/com.rewallapop.ui.wall.WallActivity}

11-14 11:39:35.419  4211  4242 D WindowManager: reportFocusChangedSerialized, focused=false, inTouchMode=true, win=Window{e52590f u0 com.wallapop/com.rewallapop.ui.wall.WallActivity EXITING}

11-14 11:39:35.493 10559 10559 V InputMethodManager: Starting input: tba=com.wallapop ic=null mNaviBarColor -1 mIsGetNaviBarColorSuccess true , NavVisible : true , NavTrans : false

11-14 11:39:35.495  4211  4808 V InputMethodManagerService: windowGainedFocus : reason=WINDOW_FOCUS_GAIN client=android.os.BinderProxy@44254c0 inputContext=null missingMethods= attribute=android.view.inputmethod.EditorInfo@8f22c83 nm = com.wallapop controlFlags=#100 softInputMode=#10 windowFlags=#81810100

11-14 11:39:35.549  4211  4310 I WindowManager: reset, Reparenting to original parent, shouldDeferScheduleAnimation=false, destroyLeash=true, surface=Surface(name=e52590f com.wallapop/com.rewallapop.ui.wall.WallActivity)/@0x643a25d, parent=Surface(name=AppWindowToken{958ead0 token=Token{c693a93 ActivityRecord{8fbb382 u0 com.wallapop/com.rewallapop.ui.wall.WallActivity t2162}}})/@0x80da450, parentNativeHandle=android.os.BinderProxy@be47357, caller=com.android.server.wm.SurfaceAnimator.lambda$getFinishedCallback$0:97 com.android.server.wm.-$$Lambda$SurfaceAnimator$SIBia0mND666K8lMCPsoid8pUTI.run:4 com.android.server.wm.SurfaceAnimator.lambda$getFinishedCallback$1:104 com.android.server.wm.-$$Lambda$SurfaceAnimator$vdRZk66hQVbQCvVXEaQCT1kVmFc.onAnimationFinished:4 com.android.server.wm.LocalAnimationAdapter.lambda$startAnimation$0:74

11-14 11:39:35.550  4211  4310 D SurfaceControl: reparent is called, sc=Surface(name=e52590f com.wallapop/com.rewallapop.ui.wall.WallActivity)/@0x643a25d, newParentHandle=android.os.BinderProxy@be47357, transaction=android.view.SurfaceControl$Transaction@77b3fa0

11-14 11:39:35.550  4211  4310 D SurfaceControl: destroy(transaction), animation-leash is destroyed, sc=Surface(name=Surface(name=e52590f com.wallapop/com.rewallapop.ui.wall.WallActivity)/@0x643a25d - animation-leash)/@0x965e6da, transaction=android.view.SurfaceControl$Transaction@77b3fa0, caller=com.android.server.wm.SurfaceAnimator.reset:338 com.android.server.wm.SurfaceAnimator.lambda$getFinishedCallback$0:97 com.android.server.wm.-$$Lambda$SurfaceAnimator$SIBia0mND666K8lMCPsoid8pUTI.run:4 com.android.server.wm.SurfaceAnimator.lambda$getFinishedCallback$1:104 com.android.server.wm.-$$Lambda$SurfaceAnimator$vdRZk66hQVbQCvVXEaQCT1kVmFc.onAnimationFinished:4 com.android.server.wm.LocalAnimationAdapter.lambda$startAnimation$0:74 com.android.server.wm.-$$Lambda$LocalAnimationAdapter$X--EomqUvw4qy89IeeTFTH7aCMo.run:4

11-14 11:39:35.551  4211  4310 E WindowManager: win=Window{e52590f u0 com.wallapop/com.rewallapop.ui.wall.WallActivity EXITING} destroySurfaces: appStopped=false win.mWindowRemovalAllowed=true win.mRemoveOnExit=true win.mViewVisibility=0 caller=com.android.server.wm.AppWindowToken.destroySurfaces:870 com.android.server.wm.AppWindowToken.destroySurfaces:851 com.android.server.wm.WindowState.onExitAnimationDone:5436 com.android.server.wm.WindowStateAnimator.onAnimationFinished:319 com.android.server.wm.WindowState.onAnimationFinished:5858 com.android.server.wm.-$$Lambda$yVRF8YoeNdTa8GR1wDStVsHu8xM.run:2 com.android.server.wm.SurfaceAnimator.lambda$getFinishedCallback$0:100

11-14 11:39:35.552  4211  4310 I WindowManager: Destroying surface Surface(name=com.wallapop/com.rewallapop.ui.wall.WallActivity[10559])/@0xe43fd46 called by com.android.server.wm.WindowStateAnimator.destroySurface:1901 com.android.server.wm.WindowStateAnimator.destroySurfaceLocked:838 com.android.server.wm.WindowState.destroySurfaceUnchecked:3839 com.android.server.wm.WindowState.destroySurface:3820 com.android.server.wm.AppWindowToken.destroySurfaces:870 com.android.server.wm.AppWindowToken.destroySurfaces:851 com.android.server.wm.WindowState.onExitAnimationDone:5436 com.android.server.wm.WindowStateAnimator.onAnimationFinished:319

11-14 11:39:35.552  3727  5001 I SurfaceFlinger: id=26133 Removed com.wallapop/com.rewallapop.ui.wall.WallActivity[10559]#0 (0/62)

11-14 11:39:35.559  3727  3964 W SurfaceFlinger: Attempting to set client state on removed layer: com.wallapop/com.rewallapop.ui.wall.WallActivity[10559]#0 [s.what : 40]

11-14 11:39:35.559  3727  3964 D Layer   : [e52590f com.wallapop/com.rewallapop.ui.wall.WallActivity#0]::reparent oldParent:[Surface(name=e52590f com.wallapop/com.rewallapop.ui.wall.WallActivity)/@0x643a25d - animation-leash#0], newParent:[AppWindowToken{958ead0 token=Token{c693a93 ActivityRecord{8fbb382 u0 com.wallapop/com.rewallapop.ui.wall.WallActivity t2162}}}#0]

11-14 11:39:35.559  3727  3964 W SurfaceFlinger: Attempting to destroy on removed layer: com.wallapop/com.rewallapop.ui.wall.WallActivity[10559]#0

11-14 11:39:35.559  3727  3964 I SurfaceFlinger: id=26137 Removed Surface(name=e52590f com.wallapop/com.rewallapop.ui.wall.WallActivity)/@0x643a25d - animation-leash#0 (2/61)

11-14 11:39:35.559  3727  3964 I SurfaceFlinger: id=26132 Removed e52590f com.wallapop/com.rewallapop.ui.wall.WallActivity#0 (1/60)

11-14 11:39:35.566  3727  3727 I Layer   : id=26137 onRemoved Surface(name=e52590f com.wallapop/com.rewallapop.ui.wall.WallActivity)/@0x643a25d - animation-leash#0

11-14 11:39:35.566  3727  3727 I Layer   : id=26132 onRemoved e52590f com.wallapop/com.rewallapop.ui.wall.WallActivity#0

11-14 11:39:35.566  3727  3727 I Layer   : id=26133 onRemoved com.wallapop/com.rewallapop.ui.wall.WallActivity[10559]#0

11-14 11:39:35.578  3727  3727 I SurfaceFlinger:      Device | 0x70dda1ff00 | 0002 | RGBA_8888 |   0.0    0.0 1080.0 2220.0 |    0    0 1080 2220 | com.wallapop/com.rewallapop.ui.wall.WallActivity[10559]#1


