Executed '[C740] Help: Access and sections' on 17-07-2019
---------------------------------------------------------------------------------
07-17 17:03:31.192   800  1708 V BroadcastQueue: [background] Process cur broadcast BroadcastRecord{8ec17c2 u0 com.appboy.action.receiver.DATA_SYNC qIdx=4}, state= (APP_RECEIVE) DELIVERED for app ProcessRecord{fafdac3 6846:com.wallapop/u0a285}

07-17 17:03:46.782  6846  6846 V ActivityThread: updateVisibility : ActivityRecord{f816934 token=android.os.BinderProxy@8d74e79 {com.wallapop/com.rewallapop.ui.wall.WallActivity}} show : true

07-17 17:03:46.802  6846  6883 W System.err: remove failed: ENOENT (No such file or directory) : /data/user/0/com.wallapop/files/AppEventsLogger.persistedevents

07-17 17:03:46.812  6846  6846 W GmsClientEvents: unregisterConnectionFailedListener(): listener GooglePlayServicesHeadlessFragment{50f2f0e (7725bae8-0a16-46f4-8fa8-324ec019959f) com.wallapop.fragments.headless.GooglePlayServicesHeadlessFragment} not found

07-17 17:03:46.812  6846  6846 W GmsClientEvents: unregisterConnectionCallbacks(): listener GooglePlayServicesHeadlessFragment{50f2f0e (7725bae8-0a16-46f4-8fa8-324ec019959f) com.wallapop.fragments.headless.GooglePlayServicesHeadlessFragment} not found

07-17 17:03:46.812   800  1845 V AlarmManager:  remove PendingIntent] PendingIntent{b166dc3: PendingIntentRecord{88afa8 com.wallapop broadcastIntent}}

07-17 17:04:46.772  6846  6883 W ResourcesManager: getTopLevelResources: /data/app/com.google.android.gms-1/base.apk / 1.0 running in com.wallapop rsrc of package null

07-17 17:06:07.432   800   889 V MARsPolicyManager: updatePackagesScore PackageInfo name -- com.wallapop

07-17 17:06:07.562   800  1280 V AlarmManager:  remove PendingIntent] PendingIntent{e702ad5: PendingIntentRecord{efdf572 com.wallapop broadcastIntent}}

07-17 17:06:07.642  6846  6883 W System.err: remove failed: ENOENT (No such file or directory) : /data/user/0/com.wallapop/files/AppEventsLogger.persistedevents

07-17 17:06:08.272  6846  6846 W View    : requestLayout() improperly called by com.wallapop.design.view.WallapopTextView{f8ac49f V.ED..... ......ID 54,30-630,92 #7f0a08d3 app:id/wp__home__tv_bubble} during layout: running second layout pass

07-17 17:06:08.362   800  1280 W BroadcastQueue: Skipping deliver [sec] BroadcastRecord{aaf6d8 u-1 android.intent.action.SCREEN_ON qIdx=1}, state= (IDLE) to ReceiverList{8cd4268 6846 com.wallapop/10285/u0 remote:e90518b}: filter unregistered

07-17 17:06:08.862  6846  6865 W REALM_JAVA: Remember to call close() on all Realm instances. Realm /data/data/com.wallapop/files/feature_flags is being finalized without being closed, this can lead to running out of native memory.

07-17 17:06:11.282   800   829 I ActivityManager: Force stopping com.wallapop appid=10285 user=0: from pid 16940

07-17 17:06:11.282   800   829 I ActivityManager: Killing 6846:com.wallapop/u0a285 (adj 0): stop com.wallapop cause from pid 16940

07-17 17:06:11.292   800   829 D ActivityManager: isAutoRunBlockedApp:: com.wallapop, Auto Run ON

07-17 17:06:11.292   800   829 I ActivityManager: isWidgetUsingPkg : com.wallapop no widget is using.

07-17 17:06:11.292   800   829 W ActivityManager: Force removing ActivityRecord{c40c040 u0 com.wallapop/com.rewallapop.ui.wall.WallActivity t1140}: app died, no saved state

07-17 17:06:11.342   800   800 V AlarmManager: Remove alarm for next reason : android.intent.action.PACKAGE_RESTARTED : package: com.wallapop

07-17 17:06:11.372 16778 16778 I ClearDataReceiver: [#DCM#] Intent Data: package:com.wallapop

07-17 17:06:11.602   800  3544 V WindowManager: addAppToken: AppWindowToken{14f6d05 token=Token{87e407c ActivityRecord{d14eb6f u0 com.wallapop/com.rewallapop.ui.main.MainActivity t1141}}} to stack=1 task=1141 at 0

07-17 17:06:11.622   800   961 D ISSUE_DEBUG: InputChannelName : ea25c80 Starting com.wallapop

07-17 17:06:11.632   800  1423 I ActivityManager: Start proc 16992:com.wallapop/u0a285 for activity com.wallapop/com.rewallapop.ui.main.MainActivity

07-17 17:06:11.642 16992 16992 W SELinux : SELinux: seapp_context_lookup: seinfo=default, level=s0:c512,c768, pkgname=com.wallapop

07-17 17:06:11.662   800   961 V WindowStateAnimator: Finishing drawing window Window{ea25c80 u0 d0 Starting com.wallapop}: mDrawState=DRAW_PENDING

07-17 17:06:11.672   800   961 V WindowStateAnimator: Finishing drawing window Window{ea25c80 u0 d0 Starting com.wallapop}: mDrawState=READY_TO_SHOW

07-17 17:06:11.682   800  1695 D ActivityManager:  Launching com.wallapop, updated priority

07-17 17:06:11.702   800   889 V MARsPolicyManager: updatePackagesScore PackageInfo name -- com.wallapop

07-17 17:06:11.712 16992 16992 W ResourcesManager: getTopLevelResources: /data/app/com.wallapop-1/base.apk / 1.0 running in com.wallapop rsrc of package null

07-17 17:06:11.722   800   891 D StatusBarManagerService: manageDisableList userId=0 what=0x0 pkg=Window{ea25c80 u0 d0 Starting com.wallapop}

07-17 17:06:12.002 16992 17033 W ResourcesManager: getTopLevelResources: /data/app/com.wallapop-1/base.apk / 1.0 running in com.wallapop rsrc of package null

07-17 17:06:12.012 16992 17033 I FA      :   adb shell setprop debug.firebase.analytics.app com.wallapop

07-17 17:06:12.022   800  1845 V AlarmManager:  remove PendingIntent] PendingIntent{91f3b98: PendingIntentRecord{604dff1 com.wallapop broadcastIntent}}

07-17 17:06:12.062 16992 17036 W ResourcesManager: getTopLevelResources: /data/app/com.google.android.gms-1/base.apk / 1.0 running in com.wallapop rsrc of package null

07-17 17:06:12.062 16992 17042 W ResourcesManager: getTopLevelResources: /data/app/com.google.android.gms-1/base.apk / 1.0 running in com.wallapop rsrc of package null

07-17 17:06:12.062 16992 16992 W ResourcesManager: getTopLevelResources: /data/app/com.wallapop-1/base.apk / 1.0 running in com.wallapop rsrc of package null

07-17 17:06:12.062 16992 17044 W System.err: remove failed: ENOENT (No such file or directory) : /data/user/0/com.wallapop/files/AppEventsLogger.persistedevents

07-17 17:06:12.102 16992 16992 W ResourcesManager: getTopLevelResources: /data/app/com.wallapop-1/base.apk / 1.0 running in com.wallapop rsrc of package null

07-17 17:06:12.112 16992 16992 W ResourcesManager: getTopLevelResources: /data/app/com.wallapop-1/base.apk / 1.0 running in com.wallapop rsrc of package null

07-17 17:06:12.632 16992 16992 W System.err: mkdir failed: EEXIST (File exists) : /data/user/0/com.wallapop/cache/okhttp

07-17 17:06:13.372 16992 17063 I FirebasePerformance: Logging NetworkRequestMetric - https://settings.crashlytics.com/spi/v2/platforms/android/apps/com.wallapop/settings 1531b 921ms,

07-17 17:06:13.722 16992 17084 I stetho  : Listening on @stetho_com.wallapop_devtools_remote

07-17 17:06:13.742 16992 16992 I art     : Rejecting re-init on previously-failed class java.lang.Class<com.wallapop.clickstream.JobIntentService$f>

07-17 17:06:13.742 16992 16992 I art     : Rejecting re-init on previously-failed class java.lang.Class<com.wallapop.clickstream.JobIntentService$f>

07-17 17:06:13.872 16992 16992 W ResourcesManager: getTopLevelResources: /data/app/com.google.android.gms-1/base.apk / 1.0 running in com.wallapop rsrc of package null

07-17 17:06:14.072 16992 17086 W System.err: remove failed: ENOENT (No such file or directory) : /data/user/0/com.wallapop/files/tfidf.db

07-17 17:06:14.082 16992 17086 W System.err: remove failed: ENOENT (No such file or directory) : /data/user/0/com.wallapop/databases/__hs__db_error_reports

07-17 17:06:14.082 16992 17086 W System.err: remove failed: ENOENT (No such file or directory) : /data/user/0/com.wallapop/databases/__hs__db_error_reports-journal

07-17 17:06:14.082 16992 17086 W System.err: remove failed: ENOENT (No such file or directory) : /data/user/0/com.wallapop/databases/__hs__db_error_reports-shm

07-17 17:06:14.082 16992 17086 W System.err: remove failed: ENOENT (No such file or directory) : /data/user/0/com.wallapop/databases/__hs__db_error_reports-wal

07-17 17:06:14.102 16992 16992 W ResourcesManager: getTopLevelResources: /data/app/com.google.android.gms-1/base.apk / 1.0 running in com.wallapop rsrc of package null

07-17 17:06:14.132 16992 16992 W ResourcesManager: getTopLevelResources: /data/data/com.google.android.gms/app_chimera/m/0000003f/dl-AdsFdrDynamite.integ_20300000008.apk / 1.0 running in com.wallapop rsrc of package null

07-17 17:06:14.142 16992 16992 W ResourcesManager: getTopLevelResources: /data/data/com.google.android.gms/app_chimera/m/0000003f/dl-AdsFdrDynamite.integ_20300000008.apk / 1.0 running in com.wallapop rsrc of package null

07-17 17:06:14.292 16992 16992 W ResourcesManager: getTopLevelResources: /data/app/com.google.android.webview-2/base.apk / 1.0 running in com.wallapop rsrc of package null

07-17 17:06:14.372 16992 17103 W ResourcesManager: getTopLevelResources: /data/app/com.google.android.webview-2/base.apk / 1.0 running in com.wallapop rsrc of package null

07-17 17:06:16.972 16992 17179 W ResourcesManager: getTopLevelResources: /data/app/com.google.android.gms-1/base.apk / 1.0 running in com.wallapop rsrc of package null

07-17 17:06:17.022   800  1423 V AlarmManager:  remove PendingIntent] PendingIntent{ccea8a3: PendingIntentRecord{88afa8 com.wallapop broadcastIntent}}

07-17 17:06:17.032 16992 16992 W ResourcesManager: getTopLevelResources: /data/app/com.wallapop-1/base.apk / 1.0 running in com.wallapop rsrc of package null

07-17 17:06:17.052 16992 16992 W ResourcesManager: getTopLevelResources: /data/app/com.wallapop-1/base.apk / 1.0 running in com.wallapop rsrc of package null

07-17 17:06:17.242   800  1891 V AlarmManager:  remove PendingIntent] PendingIntent{3992bff: PendingIntentRecord{efdf572 com.wallapop broadcastIntent}}

07-17 17:06:17.352 16992 16992 W System.err: remove failed: ENOENT (No such file or directory) : /data/user/0/com.wallapop/cache/okhttp/journal.tmp

07-17 17:06:17.372 16992 16992 I Timeline: Timeline: Activity_launch_request id:com.wallapop time:70369183

07-17 17:06:17.382   800  1521 V WindowManager: addAppToken: AppWindowToken{ab9ebf6 token=Token{c329091 ActivityRecord{de8cab8 u0 com.wallapop/com.rewallapop.ui.wall.WallActivity t1141}}} to stack=1 task=1141 at 1

07-17 17:06:17.382   800   891 D StatusBarManagerService: manageDisableList userId=0 what=0x0 pkg=Window{ea25c80 u0 d0 Starting com.wallapop}

07-17 17:06:17.542   800   889 D ApplicationPolicy: isStatusBarNotificationAllowedAsUser: packageName = com.wallapop,userId = 0

07-17 17:06:17.552   800   889 V MARsPolicyManager: updatePackagesScore PackageInfo name -- com.wallapop

07-17 17:06:17.562   800   800 D MARsPolicyManager: NotificationListenerService OngoingNotificationPosted : com.wallapop

07-17 17:06:17.562  1387  1387 W ResourcesManager: getTopLevelResources: /data/app/com.wallapop-1/base.apk / 1.0 running in com.android.systemui rsrc of package null

07-17 17:06:17.582 16992 16992 W ResourcesManager: getTopLevelResources: /data/app/com.wallapop-1/base.apk / 1.0 running in com.wallapop rsrc of package null

07-17 17:06:17.582  1387  1387 W ResourcesManager: getTopLevelResources: /data/app/com.wallapop-1/base.apk / 1.0 running in com.android.systemui rsrc of package null

07-17 17:06:17.582 16992 16992 W ResourcesManager: getTopLevelResources: /data/app/com.wallapop-1/base.apk / 1.0 running in com.wallapop rsrc of package null

07-17 17:06:17.592  1387  1387 W ResourcesManager: getTopLevelResources: /data/app/com.wallapop-1/base.apk / 1.0 running in com.android.systemui rsrc of package null

07-17 17:06:17.602  1387  1387 W ResourcesManager: getTopLevelResources: /data/app/com.wallapop-1/base.apk / 1.0 running in com.android.systemui rsrc of package null

07-17 17:06:17.622 16992 17141 W System.err: mkdir failed: EEXIST (File exists) : /data/user/0/com.wallapop/cache/WebView/Crash Reports

07-17 17:06:17.662   800  1521 V AlarmManager:  remove PendingIntent] PendingIntent{98e38d0: PendingIntentRecord{efdf572 com.wallapop broadcastIntent}}

07-17 17:06:18.442   800  2468 D ISSUE_DEBUG: InputChannelName : b44c565 com.wallapop/com.rewallapop.ui.wall.WallActivity

07-17 17:06:18.452 16992 16992 I Timeline: Timeline: Activity_launch_request id:com.wallapop time:70370263

07-17 17:06:18.462   800  1844 W ActivityManager: startActivity called from finishing ActivityRecord{d14eb6f u0 com.wallapop/com.rewallapop.ui.main.MainActivity t1141 f}; forcing Intent.FLAG_ACTIVITY_NEW_TASK for: Intent { cmp=com.wallapop/com.rewallapop.ui.login.OnboardingActivity (has extras) }

07-17 17:06:18.462   800  1844 V WindowManager: addAppToken: AppWindowToken{1eae448 token=Token{5b9ceeb ActivityRecord{18b023a u0 com.wallapop/com.rewallapop.ui.login.OnboardingActivity t1141}}} to stack=1 task=1141 at 2

07-17 17:06:18.512   800   891 D StatusBarManagerService: manageDisableList userId=0 what=0x0 pkg=Window{ea25c80 u0 d0 Starting com.wallapop}

07-17 17:06:18.582 16992 17274 D Amazon DTB Ads API: with json params:[{"adsdk":"aps-android-7.4.3","gdpr":{"e":"1","c":"BAAAAAAOa0ob7AcABBENBtAAAAAh6AAA"},"oo":"false","mraid":["1.0","2.0","3.0"],"ua":"Dalvik\/2.1.0 (Linux; U; Android 6.0.1; SM-G900F Build\/MMB29M)","geoloc":"41.4058382,2.1864877,17.058","idfa":"1e214c05-ac1e-4c82-ae75-fb207f9c9c8a","appId":"d2ba46e2d5ef4c9883051d9c8d0125d5","ad-id":"A-6j1GeULkCtsqbiEmqTO1M","slots":[{"sz":"320x50","slot":"f414d83c-ab9f-4e02-9c59-5137663ee6c7","slotId":1,"supportedMediaTypes":["DISPLAY"]}],"dinfo":{"os":"Android","model":"SM-G900F","make":"samsung","osVersion":"6.0.1","connectionType":"13","country":"ES","scalingFactor":"3.0","carrier":"JAZZTEL","language":"es","screenSize":"1080x1920","orientation":"portrait"},"pkg":{"lbl":"_Wallapop_","pn":"com.wallapop","v":"1770000","vn":"1.77.0-d1907041436"},"isDTBMobile":"true"}]

07-17 17:06:18.922   800   889 V MARsPolicyManager: updatePackagesScore PackageInfo name -- com.wallapop

07-17 17:06:19.052   800  2250 V WindowStateAnimator: Finishing drawing window Window{b44c565 u0 d0 com.wallapop/com.rewallapop.ui.wall.WallActivity}: mDrawState=DRAW_PENDING

07-17 17:06:19.062 16992 16992 W ResourcesManager: getTopLevelResources: /data/app/com.wallapop-1/base.apk / 1.0 running in com.wallapop rsrc of package null

07-17 17:06:19.062 16992 16992 W ResourcesManager: getTopLevelResources: /data/app/com.wallapop-1/base.apk / 1.0 running in com.wallapop rsrc of package null

07-17 17:06:19.112   800  1423 V AlarmManager:  remove PendingIntent] PendingIntent{9b77eb6: PendingIntentRecord{efdf572 com.wallapop broadcastIntent}}

07-17 17:06:19.292   800  1844 D ISSUE_DEBUG: InputChannelName : 5d4c6af com.wallapop/com.rewallapop.ui.login.OnboardingActivity

07-17 17:06:19.312 16992 17044 W System.err: remove failed: ENOENT (No such file or directory) : /data/user/0/com.wallapop/files/AppEventsLogger.persistedevents

07-17 17:06:19.412   800   891 D StatusBarManagerService: manageDisableList userId=0 what=0x0 pkg=Window{5d4c6af u0 d0 com.wallapop/com.rewallapop.ui.login.OnboardingActivity}

07-17 17:06:19.482 16992 16992 W ResourcesManager: getTopLevelResources: /data/app/com.google.android.gms-1/base.apk / 1.0 running in com.wallapop rsrc of package null

07-17 17:06:19.622 16992 17364 W ResourcesManager: getTopLevelResources: /data/data/com.google.android.gms/app_chimera/m/0000003f/dl-AdsFdrDynamite.integ_20300000008.apk / 1.0 running in com.wallapop rsrc of package null

07-17 17:06:20.022   800  1695 V WindowStateAnimator: Finishing drawing window Window{5d4c6af u0 d0 com.wallapop/com.rewallapop.ui.login.OnboardingActivity}: mDrawState=DRAW_PENDING

07-17 17:06:20.022   800   961 I ActivityManager: Displayed com.wallapop/com.rewallapop.ui.login.OnboardingActivity: +1s141ms (total +5m59s562ms)

07-17 17:06:20.032   800   961 I Timeline: Timeline: Activity_windows_visible id: ActivityRecord{18b023a u0 com.wallapop/com.rewallapop.ui.login.OnboardingActivity t1141} time:70371845

07-17 17:06:20.812 16992 16992 W View    : requestLayout() improperly called by com.wallapop.design.view.WallapopTextView{424e97c V.ED..... ......ID 54,30-54,92 #7f0a08d3 app:id/wp__home__tv_bubble} during layout: running second layout pass

07-17 17:06:20.842   800  1896 I AppOps  : sendInfoToFLP, code=41 , uid=10285 , packageName=com.wallapop , type=startOp

07-17 17:06:20.862 17248 17259 I Finsky  : [5025] fmk.b(2): com.wallapop: Account determined from installer data - [iyuiBytbk-Sv2FWK0M6qH-HKJNU]

07-17 17:06:20.862 17248 17259 I Finsky  : [5025] fmk.b(2): com.wallapop: Account from preferred account - [iyuiBytbk-Sv2FWK0M6qH-HKJNU]

07-17 17:06:20.892 17248 17447 I Finsky  : [5085] fmk.b(2): com.wallapop: Account determined from installer data - [iyuiBytbk-Sv2FWK0M6qH-HKJNU]

07-17 17:06:20.892 17248 17447 I Finsky  : [5085] fmk.b(2): com.wallapop: Account from preferred account - [iyuiBytbk-Sv2FWK0M6qH-HKJNU]

07-17 17:06:20.992   800  2250 V WindowStateAnimator: Finishing drawing window Window{5d4c6af u0 d0 com.wallapop/com.rewallapop.ui.login.OnboardingActivity}: mDrawState=HAS_DRAWN

07-17 17:06:21.102 17248 17258 I Finsky  : [5024] fmk.b(2): com.wallapop: Account determined from installer data - [iyuiBytbk-Sv2FWK0M6qH-HKJNU]

07-17 17:06:21.102 17248 17258 I Finsky  : [5024] fmk.b(2): com.wallapop: Account from preferred account - [iyuiBytbk-Sv2FWK0M6qH-HKJNU]

07-17 17:06:21.672   800   827 I AppOps  : sendInfoToFLP, code=41 , uid=10285 , packageName=com.wallapop , type=finishOp

07-17 17:06:21.702 16992 16992 V ActivityThread: updateVisibility : ActivityRecord{e5b4d89 token=android.os.BinderProxy@1919cfe {com.wallapop/com.rewallapop.ui.wall.WallActivity}} show : false

07-17 17:06:22.852 17248 17447 I Finsky  : [5085] fmk.b(2): com.wallapop: Account determined from installer data - [iyuiBytbk-Sv2FWK0M6qH-HKJNU]

07-17 17:06:22.852 17248 17447 I Finsky  : [5085] fmk.b(2): com.wallapop: Account from preferred account - [iyuiBytbk-Sv2FWK0M6qH-HKJNU]

07-17 17:06:23.202 17248 17258 I Finsky  : [5024] fmk.b(2): com.wallapop: Account determined from installer data - [iyuiBytbk-Sv2FWK0M6qH-HKJNU]

07-17 17:06:23.202 17248 17258 I Finsky  : [5024] fmk.b(2): com.wallapop: Account from preferred account - [iyuiBytbk-Sv2FWK0M6qH-HKJNU]

07-17 17:06:23.492 17248 17447 I Finsky  : [5085] fmk.b(2): com.wallapop: Account determined from installer data - [iyuiBytbk-Sv2FWK0M6qH-HKJNU]

07-17 17:06:23.492 17248 17447 I Finsky  : [5085] fmk.b(2): com.wallapop: Account from preferred account - [iyuiBytbk-Sv2FWK0M6qH-HKJNU]

07-17 17:06:23.702 17248 17258 I Finsky  : [5024] fmk.b(2): com.wallapop: Account determined from installer data - [iyuiBytbk-Sv2FWK0M6qH-HKJNU]

07-17 17:06:23.702 17248 17258 I Finsky  : [5024] fmk.b(2): com.wallapop: Account from preferred account - [iyuiBytbk-Sv2FWK0M6qH-HKJNU]

07-17 17:06:26.142 17248 17259 I Finsky  : [5025] fmk.b(2): com.wallapop: Account determined from installer data - [iyuiBytbk-Sv2FWK0M6qH-HKJNU]

07-17 17:06:26.142 17248 17259 I Finsky  : [5025] fmk.b(2): com.wallapop: Account from preferred account - [iyuiBytbk-Sv2FWK0M6qH-HKJNU]

07-17 17:06:26.152 17248 17445 I Finsky  : [5083] fmk.b(2): com.wallapop: Account determined from installer data - [iyuiBytbk-Sv2FWK0M6qH-HKJNU]

07-17 17:06:26.152 17248 17445 I Finsky  : [5083] fmk.b(2): com.wallapop: Account from preferred account - [iyuiBytbk-Sv2FWK0M6qH-HKJNU]

07-17 17:06:29.842 16992 17609 W ResourcesManager: getTopLevelResources: /data/app/com.google.android.gms-1/base.apk / 1.0 running in com.wallapop rsrc of package null

07-17 17:06:29.852   800   889 V MARsPolicyManager: updatePackagesScore PackageInfo name -- com.wallapop

07-17 17:06:30.002   800  1695 V AlarmManager:  remove PendingIntent] PendingIntent{847aece: PendingIntentRecord{f1c61ef com.wallapop broadcastIntent}}

07-17 17:06:30.072   800   891 D StatusBarManagerService: manageDisableList userId=0 what=0x0 pkg=Window{b44c565 u0 d0 com.wallapop/com.rewallapop.ui.wall.WallActivity}

07-17 17:06:30.302   800  2249 V WindowStateAnimator: Finishing drawing window Window{b44c565 u0 d0 com.wallapop/com.rewallapop.ui.wall.WallActivity}: mDrawState=DRAW_PENDING

07-17 17:06:30.352   800   961 I ActivityManager: Displayed com.wallapop/com.rewallapop.ui.wall.WallActivity: +12s813ms (total +505ms)

07-17 17:06:30.582   800   961 I Timeline: Timeline: Activity_windows_visible id: ActivityRecord{de8cab8 u0 com.wallapop/com.rewallapop.ui.wall.WallActivity t1141} time:70382392

07-17 17:06:30.642 16992 16992 W View    : requestLayout() improperly called by com.wallapop.design.view.WallapopTextView{424e97c V.ED..... ......ID 54,30-630,92 #7f0a08d3 app:id/wp__home__tv_bubble} during layout: running second layout pass

07-17 17:06:32.582 16992 17612 W ResourcesManager: getTopLevelResources: /data/app/com.google.android.gms-1/base.apk / 1.0 running in com.wallapop rsrc of package null

07-17 17:06:33.672 16992 17000 W REALM_JAVA: Remember to call close() on all Realm instances. Realm /data/data/com.wallapop/files/feature_flags is being finalized without being closed, this can lead to running out of native memory.

07-17 17:06:39.472 16992 16992 I Timeline: Timeline: Activity_launch_request id:com.wallapop time:70391289

07-17 17:06:39.492   800  1694 V WindowManager: addAppToken: AppWindowToken{68f5dcb token=Token{fd4009a ActivityRecord{2f34145 u0 com.wallapop/.activities.PreferencesActivity t1141}}} to stack=1 task=1141 at 1

07-17 17:06:39.522   800   889 V MARsPolicyManager: updatePackagesScore PackageInfo name -- com.wallapop

07-17 17:06:39.522 16992 16992 W ResourcesManager: getTopLevelResources: /data/app/com.wallapop-1/base.apk / 1.0 running in com.wallapop rsrc of package null

07-17 17:06:39.522 16992 16992 W ResourcesManager: getTopLevelResources: /data/app/com.wallapop-1/base.apk / 1.0 running in com.wallapop rsrc of package null

07-17 17:06:39.522 16992 16992 W ResourcesManager: getTopLevelResources: /data/app/com.wallapop-1/base.apk / 1.0 running in com.wallapop rsrc of package null

07-17 17:06:39.602   800  2468 V AlarmManager:  remove PendingIntent] PendingIntent{fa0f9a8: PendingIntentRecord{f1c61ef com.wallapop broadcastIntent}}

07-17 17:06:39.672   800  1694 D ISSUE_DEBUG: InputChannelName : f618c66 com.wallapop/com.wallapop.activities.PreferencesActivity

07-17 17:06:39.692   800   891 D StatusBarManagerService: manageDisableList userId=0 what=0x0 pkg=Window{f618c66 u0 d0 com.wallapop/com.wallapop.activities.PreferencesActivity}

07-17 17:06:39.752   800  1845 V WindowStateAnimator: Finishing drawing window Window{f618c66 u0 d0 com.wallapop/com.wallapop.activities.PreferencesActivity}: mDrawState=DRAW_PENDING

07-17 17:06:39.762   800   961 I ActivityManager: Displayed com.wallapop/.activities.PreferencesActivity: +255ms

07-17 17:06:39.782   800  1896 V WindowStateAnimator: Finishing drawing window Window{f618c66 u0 d0 com.wallapop/com.wallapop.activities.PreferencesActivity}: mDrawState=HAS_DRAWN

07-17 17:06:40.022   800   961 I Timeline: Timeline: Activity_windows_visible id: ActivityRecord{2f34145 u0 com.wallapop/.activities.PreferencesActivity t1141} time:70391833

07-17 17:06:40.042 16992 17044 W System.err: remove failed: ENOENT (No such file or directory) : /data/user/0/com.wallapop/files/AppEventsLogger.persistedevents

07-17 17:06:40.042 16992 16992 W GmsClientEvents: unregisterConnectionFailedListener(): listener GooglePlayServicesHeadlessFragment{ec9975a (f4cbb08c-5167-4abe-88b6-17d826b73506) com.wallapop.fragments.headless.GooglePlayServicesHeadlessFragment} not found

07-17 17:06:40.042 16992 16992 W GmsClientEvents: unregisterConnectionCallbacks(): listener GooglePlayServicesHeadlessFragment{ec9975a (f4cbb08c-5167-4abe-88b6-17d826b73506) com.wallapop.fragments.headless.GooglePlayServicesHeadlessFragment} not found

07-17 17:06:40.052 16992 16992 V ActivityThread: updateVisibility : ActivityRecord{e5b4d89 token=android.os.BinderProxy@1919cfe {com.wallapop/com.rewallapop.ui.wall.WallActivity}} show : false


