11-14 17:53:00.191  4211  4310 D SurfaceControl: reparent is called, sc=Surface(name=AppWindowToken{cdc6afc token=Token{dbf2fef ActivityRecord{f9cf4ce u0 com.wallapop/com.rewallapop.ui.main.MainActivity t2201}}})/@0x4e1175c, newParentHandle=android.os.BinderProxy@71a010c, transaction=android.view.SurfaceControl$Transaction@8164d48

11-14 17:53:00.191  4211  4310 D SurfaceControl: destroy(transaction), animation-leash is destroyed, sc=Surface(name=Surface(name=AppWindowToken{cdc6afc token=Token{dbf2fef ActivityRecord{f9cf4ce u0 com.wallapop/com.rewallapop.ui.main.MainActivity t2201}}})/@0x4e1175c - animation-leash)/@0x8451b6b, transaction=android.view.SurfaceControl$Transaction@8164d48, caller=com.android.server.wm.SurfaceAnimator.reset:338 com.android.server.wm.SurfaceAnimator.lambda$getFinishedCallback$0:97 com.android.server.wm.-$$Lambda$SurfaceAnimator$SIBia0mND666K8lMCPsoid8pUTI.run:4 com.android.server.wm.SurfaceAnimator.lambda$getFinishedCallback$1:104 com.android.server.wm.-$$Lambda$SurfaceAnimator$vdRZk66hQVbQCvVXEaQCT1kVmFc.onAnimationFinished:4 com.android.server.wm.LocalAnimationAdapter.lambda$startAnimation$0:74 com.android.server.wm.-$$Lambda$LocalAnimationAdapter$X--EomqUvw4qy89IeeTFTH7aCMo.run:4

11-14 17:53:00.209  3727  3770 D Layer   : [AppWindowToken{cdc6afc token=Token{dbf2fef ActivityRecord{f9cf4ce u0 com.wallapop/com.rewallapop.ui.main.MainActivity t2201}}}#0]::reparent oldParent:[Surface(name=AppWindowToken{cdc6afc token=Token{dbf2fef ActivityRecord{f9cf4ce u0 com.wallapop/com.rewallapop.ui.main.MainActivity t2201}}})/@0x4e1175c - animation-leash#0], newParent:[Task=2201#0]

11-14 17:53:00.209  3727  3770 I SurfaceFlinger: id=28280 Removed Surface(name=AppWindowToken{cdc6afc token=Token{dbf2fef ActivityRecord{f9cf4ce u0 com.wallapop/com.rewallapop.ui.main.MainActivity t2201}}})/@0x4e1175c - animation-leash#0 (0/64)

11-14 17:53:00.224  3727  3727 I Layer   : id=28280 onRemoved Surface(name=AppWindowToken{cdc6afc token=Token{dbf2fef ActivityRecord{f9cf4ce u0 com.wallapop/com.rewallapop.ui.main.MainActivity t2201}}})/@0x4e1175c - animation-leash#0

11-14 17:53:00.250  4211  6751 D SamsungAlarmManager: Cancel Alarm calling from uid:10313 pid :1858 / op:PendingIntent{dac4a55: PendingIntentRecord{f85df6d com.wallapop broadcastIntent}}

11-14 17:53:00.388  1858  1858 W com.wallapop: Accessing hidden method Landroid/widget/TextView;->getTextDirectionHeuristic()Landroid/text/TextDirectionHeuristic; (light greylist, linking)

11-14 17:53:00.396  1858  1858 W com.wallapop: Accessing hidden method Landroid/graphics/FontFamily;-><init>()V (light greylist, reflection)

11-14 17:53:00.396  1858  1858 W com.wallapop: Accessing hidden method Landroid/graphics/FontFamily;->addFontFromAssetManager(Landroid/content/res/AssetManager;Ljava/lang/String;IZIII[Landroid/graphics/fonts/FontVariationAxis;)Z (light greylist, reflection)

11-14 17:53:00.396  1858  1858 W com.wallapop: Accessing hidden method Landroid/graphics/FontFamily;->addFontFromBuffer(Ljava/nio/ByteBuffer;I[Landroid/graphics/fonts/FontVariationAxis;II)Z (light greylist, reflection)

11-14 17:53:00.396  1858  1858 W com.wallapop: Accessing hidden method Landroid/graphics/FontFamily;->freeze()Z (light greylist, reflection)

11-14 17:53:00.396  1858  1858 W com.wallapop: Accessing hidden method Landroid/graphics/FontFamily;->abortCreation()V (light greylist, reflection)

11-14 17:53:00.397  1858  1858 W com.wallapop: Accessing hidden method Landroid/graphics/Typeface;->createFromFamiliesWithDefault([Landroid/graphics/FontFamily;Ljava/lang/String;II)Landroid/graphics/Typeface; (light greylist, reflection)

11-14 17:53:00.498  1858  1869 I com.wallapop: Background concurrent copying GC freed 164788(9MB) AllocSpace objects, 35(1316KB) LOS objects, 49% free, 11MB/23MB, paused 369us total 188.783ms

11-14 17:53:00.581  4211  4390 D WifiTrafficPoller: TrafficStats TxPkts=980826 RxPkts=1715893 TxBytes=211617659 RxBytes=1631640141 , Foreground uid=10313 pkgName=com.wallapop TxPackets=64985 RxPackets=58987 TxBytes=13741837 RxBytes=40088185

11-14 17:53:01.005  1858  2135 I com.wallapop: The ClassLoaderContext is a special shared library.

11-14 17:53:01.128  3727  3727 I SurfaceFlinger: id=28281 createSurf (4440x4440),2 flag=4, b8db7ca com.wallapop/com.rewallapop.ui.wall.WallActivity#0

11-14 17:53:01.155 19377 20028 I Finsky  : [9630] fxs.d(3): com.wallapop: Account determined from installer data - [rJj4Md76H4LxoN-B4dnoZM7XaXDDBcXGlC-caOCi6Uc]

11-14 17:53:01.156 19377 20028 I Finsky  : [9630] fxs.d(14): com.wallapop: Account from preferred account - [rJj4Md76H4LxoN-B4dnoZM7XaXDDBcXGlC-caOCi6Uc]

11-14 17:53:01.215 19377 20028 I Finsky  : [9630] fxs.d(3): com.wallapop: Account determined from installer data - [rJj4Md76H4LxoN-B4dnoZM7XaXDDBcXGlC-caOCi6Uc]

11-14 17:53:01.216 19377 20028 I Finsky  : [9630] fxs.d(14): com.wallapop: Account from preferred account - [rJj4Md76H4LxoN-B4dnoZM7XaXDDBcXGlC-caOCi6Uc]

11-14 17:53:01.294 19377 20028 I Finsky  : [9630] fxs.d(3): com.wallapop: Account determined from installer data - [rJj4Md76H4LxoN-B4dnoZM7XaXDDBcXGlC-caOCi6Uc]

11-14 17:53:01.295 19377 20028 I Finsky  : [9630] fxs.d(14): com.wallapop: Account from preferred account - [rJj4Md76H4LxoN-B4dnoZM7XaXDDBcXGlC-caOCi6Uc]

11-14 17:53:01.342 19377 20028 I Finsky  : [9630] fxs.d(3): com.wallapop: Account determined from installer data - [rJj4Md76H4LxoN-B4dnoZM7XaXDDBcXGlC-caOCi6Uc]

11-14 17:53:01.342 19377 20028 I Finsky  : [9630] fxs.d(14): com.wallapop: Account from preferred account - [rJj4Md76H4LxoN-B4dnoZM7XaXDDBcXGlC-caOCi6Uc]

11-14 17:53:01.605  4211  5239 D ActivityManagerPerformance: Received MSG_DISABLE_ACT_START, r: ActivityRecord{1949880 u0 com.wallapop/com.rewallapop.ui.wall.WallActivity t2201}

11-14 17:53:01.725  1858  1869 I com.wallapop: Background concurrent copying GC freed 154883(11MB) AllocSpace objects, 36(1740KB) LOS objects, 49% free, 13MB/27MB, paused 591us total 264.896ms

11-14 17:53:02.040  4211  5504 V WindowManager: Relayout Window{b8db7ca u0 com.wallapop/com.rewallapop.ui.wall.WallActivity}: viewVisibility=0 req=1080x2220 {(0,0)(fillxfill) sim={adjust=resize forwardNavigation} ty=BASE_APPLICATION wanim=0x10302fe

11-14 17:53:02.043  3727  3727 I SurfaceFlinger: id=28282 createSurf (1080x2220),1 flag=404, com.wallapop/com.rewallapop.ui.wall.WallActivity[1858]#0

11-14 17:53:02.045  4211  5504 D WindowManager: makeSurface duration=2 name=com.wallapop/com.rewallapop.ui.wall.WallActivity[1858]

11-14 17:53:02.045  4211  5504 V WindowManager: Changing focus from null to Window{b8db7ca u0 com.wallapop/com.rewallapop.ui.wall.WallActivity} Callers=com.android.server.wm.WindowManagerService.relayoutWindow:2526 com.android.server.wm.Session.relayoutForTranslate:302 android.view.IWindowSession$Stub.onTransact:518 com.android.server.wm.Session.onTransact:186

11-14 17:53:02.045  4211  4228 D WindowManager: setSystemUiVisibility: vis= 0xa518, fullscreenVis= 0x2000, dockedVis= 0x0, win=Window{b8db7ca u0 com.wallapop/com.rewallapop.ui.wall.WallActivity}

11-14 17:53:02.047  4211  4242 D WindowManager: reportFocusChangedSerialized, focused=true, inTouchMode=true, win=Window{b8db7ca u0 com.wallapop/com.rewallapop.ui.wall.WallActivity}

11-14 17:53:02.167 19377 19389 I Finsky  : [9558] fxs.d(3): com.wallapop: Account determined from installer data - [rJj4Md76H4LxoN-B4dnoZM7XaXDDBcXGlC-caOCi6Uc]

11-14 17:53:02.168 19377 19389 I Finsky  : [9558] fxs.d(14): com.wallapop: Account from preferred account - [rJj4Md76H4LxoN-B4dnoZM7XaXDDBcXGlC-caOCi6Uc]

11-14 17:53:02.363  4211  4311 D WindowManager: finishDrawingWindow: Window{b8db7ca u0 com.wallapop/com.rewallapop.ui.wall.WallActivity} mDrawState=DRAW_PENDING

11-14 17:53:02.366  4211  4310 I WindowManager: commitFinishDrawingLocked: mDrawState=READY_TO_SHOW Surface(name=com.wallapop/com.rewallapop.ui.wall.WallActivity[1858])/@0x4b3abd2

11-14 17:53:02.367  4211  4310 V WindowManager: Resize reasons for w=Window{b8db7ca u0 com.wallapop/com.rewallapop.ui.wall.WallActivity}:  contentInsetsChanged=false [0,63][0,126] visibleInsetsChanged=false [0,63][0,126] stableInsetsChanged=false [0,63][0,126] outsetsChanged=false [0,0][0,0] surfaceResized=false configChanged=false dragResizingChanged=false reportOrientationChanged=false displayCutoutChanged=false nextForceRelayoutToClient=false

11-14 17:53:02.374  4211  4310 I WindowManager: commitFinishDrawingLocked: mDrawState=READY_TO_SHOW Surface(name=com.wallapop/com.rewallapop.ui.wall.WallActivity[1858])/@0x4b3abd2

11-14 17:53:02.374  4211  4310 I WindowManager: Cancelling animation restarting=false, leash=null, surface=Surface(name=b8db7ca com.wallapop/com.rewallapop.ui.wall.WallActivity)/@0x54654a3, parent=Surface(name=AppWindowToken{e8ba2fe token=Token{5bc1eb9 ActivityRecord{1949880 u0 com.wallapop/com.rewallapop.ui.wall.WallActivity t2201}}})/@0x5cde3a0

11-14 17:53:02.374  4211  4310 V WindowManager: performShowLocked: mDrawState=HAS_DRAWN in Window{b8db7ca u0 com.wallapop/com.rewallapop.ui.wall.WallActivity}

11-14 17:53:02.392  4211  4242 I ActivityManager: Displayed com.wallapop/com.rewallapop.ui.wall.WallActivity: +2s484ms (total +9s141ms)

11-14 17:53:02.393  4211  4310 V WindowManager: Remove Window{2884339 u0 Splash Screen com.wallapop}: mSurfaceController=Surface(name=Splash Screen com.wallapop)/@0x77cddfb mAnimatingExit=false mRemoveOnExit=false mHasSurface=true surfaceShowing=true isAnimationSet=false app-animation=false mWillReplaceWindow=false inPendingTransaction=false mDisplayFrozen=false callers=com.android.server.wm.WindowState.removeIfPossible:2764 com.android.server.wm.WindowManagerService.removeWindow:1943 com.android.server.wm.Session.remove:268 android.view.ViewRootImpl.dispatchDetachedFromWindow:4565 android.view.ViewRootImpl.doDie:7996 android.view.ViewRootImpl$ViewRootHandler.handleMessage:4987

11-14 17:53:02.394  4211  4310 I WindowManager: Cancelling animation restarting=true, leash=null, surface=Surface(name=2884339 Splash Screen com.wallapop)/@0xb91fa5f, parent=Surface(name=AppWindowToken{e8ba2fe token=Token{5bc1eb9 ActivityRecord{1949880 u0 com.wallapop/com.rewallapop.ui.wall.WallActivity t2201}}})/@0x5cde3a0

11-14 17:53:02.395  4211  4310 I WindowManager: Reparenting to leash, surface=Surface(name=2884339 Splash Screen com.wallapop)/@0xb91fa5f

11-14 17:53:02.395  3727  3727 I SurfaceFlinger:      Device | 0x70d6734d80 | 0002 | RGBA_8888 |   0.0    0.0 1080.0 2220.0 |    0    0 1080 2220 | com.wallapop/com.rewallapop.ui.wall.WallActivity[1858]#0

11-14 17:53:02.395  3727  3727 I SurfaceFlinger:      Device | 0x70de0335c0 | 0000 | RGBA_8888 |   0.0    0.0 1080.0 2220.0 |    0    0 1080 2220 | Splash Screen com.wallapop#0

11-14 17:53:02.397  3727  3727 I SurfaceFlinger: id=28283 createSurf (4440x4440),2 flag=4, Surface(name=2884339 Splash Screen com.wallapop)/@0xb91fa5f - animation-leash#0

11-14 17:53:02.399  4211  4310 D WindowManager: makeSurface duration=4 leash=Surface(name=Surface(name=2884339 Splash Screen com.wallapop)/@0xb91fa5f - animation-leash)/@0xb7cb31e

11-14 17:53:02.399  4211  4310 D SurfaceControl: reparent is called, sc=Surface(name=2884339 Splash Screen com.wallapop)/@0xb91fa5f, newParentHandle=android.os.BinderProxy@9df97ff, transaction=android.view.SurfaceControl$Transaction@176ed75

11-14 17:53:02.404  3727  3771 D Layer   : [2884339 Splash Screen com.wallapop#0]::reparent oldParent:[AppWindowToken{e8ba2fe token=Token{5bc1eb9 ActivityRecord{1949880 u0 com.wallapop/com.rewallapop.ui.wall.WallActivity t2201}}}#0], newParent:[Surface(name=2884339 Splash Screen com.wallapop)/@0xb91fa5f - animation-leash#0]

11-14 17:53:02.482  1858  1858 V InputMethodManager: Starting input: tba=com.wallapop ic=null mNaviBarColor -1 mIsGetNaviBarColorSuccess true , NavVisible : true , NavTrans : false

11-14 17:53:02.485  4211  4311 V InputMethodManagerService: windowGainedFocus : reason=WINDOW_FOCUS_GAIN client=android.os.BinderProxy@482f56c inputContext=null missingMethods= attribute=android.view.inputmethod.EditorInfo@f5ed415 nm = com.wallapop controlFlags=#104 softInputMode=#110 windowFlags=#81810100

11-14 17:53:02.561  4211  4310 I WindowManager: reset, Reparenting to original parent, shouldDeferScheduleAnimation=false, destroyLeash=true, surface=Surface(name=2884339 Splash Screen com.wallapop)/@0xb91fa5f, parent=Surface(name=AppWindowToken{e8ba2fe token=Token{5bc1eb9 ActivityRecord{1949880 u0 com.wallapop/com.rewallapop.ui.wall.WallActivity t2201}}})/@0x5cde3a0, parentNativeHandle=android.os.BinderProxy@beabcac, caller=com.android.server.wm.SurfaceAnimator.lambda$getFinishedCallback$0:97 com.android.server.wm.-$$Lambda$SurfaceAnimator$SIBia0mND666K8lMCPsoid8pUTI.run:4 com.android.server.wm.SurfaceAnimator.lambda$getFinishedCallback$1:104 com.android.server.wm.-$$Lambda$SurfaceAnimator$vdRZk66hQVbQCvVXEaQCT1kVmFc.onAnimationFinished:4 com.android.server.wm.LocalAnimationAdapter.lambda$startAnimation$0:74

11-14 17:53:02.562  4211  4310 D SurfaceControl: reparent is called, sc=Surface(name=2884339 Splash Screen com.wallapop)/@0xb91fa5f, newParentHandle=android.os.BinderProxy@beabcac, transaction=android.view.SurfaceControl$Transaction@176ed75

11-14 17:53:02.562  4211  4310 D SurfaceControl: destroy(transaction), animation-leash is destroyed, sc=Surface(name=Surface(name=2884339 Splash Screen com.wallapop)/@0xb91fa5f - animation-leash)/@0xb7cb31e, transaction=android.view.SurfaceControl$Transaction@176ed75, caller=com.android.server.wm.SurfaceAnimator.reset:338 com.android.server.wm.SurfaceAnimator.lambda$getFinishedCallback$0:97 com.android.server.wm.-$$Lambda$SurfaceAnimator$SIBia0mND666K8lMCPsoid8pUTI.run:4 com.android.server.wm.SurfaceAnimator.lambda$getFinishedCallback$1:104 com.android.server.wm.-$$Lambda$SurfaceAnimator$vdRZk66hQVbQCvVXEaQCT1kVmFc.onAnimationFinished:4 com.android.server.wm.LocalAnimationAdapter.lambda$startAnimation$0:74 com.android.server.wm.-$$Lambda$LocalAnimationAdapter$X--EomqUvw4qy89IeeTFTH7aCMo.run:4

11-14 17:53:02.563  4211  4310 E WindowManager: win=Window{2884339 u0 Splash Screen com.wallapop EXITING} destroySurfaces: appStopped=false win.mWindowRemovalAllowed=true win.mRemoveOnExit=true win.mViewVisibility=0 caller=com.android.server.wm.AppWindowToken.destroySurfaces:870 com.android.server.wm.AppWindowToken.destroySurfaces:851 com.android.server.wm.WindowState.onExitAnimationDone:5436 com.android.server.wm.WindowStateAnimator.onAnimationFinished:319 com.android.server.wm.WindowState.onAnimationFinished:5858 com.android.server.wm.-$$Lambda$yVRF8YoeNdTa8GR1wDStVsHu8xM.run:2 com.android.server.wm.SurfaceAnimator.lambda$getFinishedCallback$0:100

11-14 17:53:02.563  4211  4310 I WindowManager: Destroying surface Surface(name=Splash Screen com.wallapop)/@0x77cddfb called by com.android.server.wm.WindowStateAnimator.destroySurface:1901 com.android.server.wm.WindowStateAnimator.destroySurfaceLocked:838 com.android.server.wm.WindowState.destroySurfaceUnchecked:3839 com.android.server.wm.WindowState.destroySurface:3820 com.android.server.wm.AppWindowToken.destroySurfaces:870 com.android.server.wm.AppWindowToken.destroySurfaces:851 com.android.server.wm.WindowState.onExitAnimationDone:5436 com.android.server.wm.WindowStateAnimator.onAnimationFinished:319

11-14 17:53:02.564  3727  3770 I SurfaceFlinger: id=28276 Removed Splash Screen com.wallapop#0 (0/66)

11-14 17:53:02.570  3727  5386 W SurfaceFlinger: Attempting to set client state on removed layer: Splash Screen com.wallapop#0 [s.what : 40]

11-14 17:53:02.570  3727  5386 D Layer   : [2884339 Splash Screen com.wallapop#0]::reparent oldParent:[Surface(name=2884339 Splash Screen com.wallapop)/@0xb91fa5f - animation-leash#0], newParent:[AppWindowToken{e8ba2fe token=Token{5bc1eb9 ActivityRecord{1949880 u0 com.wallapop/com.rewallapop.ui.wall.WallActivity t2201}}}#0]

11-14 17:53:02.571  3727  5386 I SurfaceFlinger: id=28283 Removed Surface(name=2884339 Splash Screen com.wallapop)/@0xb91fa5f - animation-leash#0 (2/65)

11-14 17:53:02.571  3727  5386 W SurfaceFlinger: Attempting to destroy on removed layer: Splash Screen com.wallapop#0

11-14 17:53:02.571  3727  5386 I SurfaceFlinger: id=28275 Removed 2884339 Splash Screen com.wallapop#0 (1/64)

11-14 17:53:02.578  3727  3727 I Layer   : id=28275 onRemoved 2884339 Splash Screen com.wallapop#0

11-14 17:53:02.578  3727  3727 I Layer   : id=28276 onRemoved Splash Screen com.wallapop#0

11-14 17:53:02.579  3727  3727 I Layer   : id=28283 onRemoved Surface(name=2884339 Splash Screen com.wallapop)/@0xb91fa5f - animation-leash#0

11-14 17:53:02.583  3727  3727 I SurfaceFlinger:      Device | 0x70d6734d80 | 0002 | RGBA_8888 |   0.0    0.0 1080.0 2220.0 |    0    0 1080 2220 | com.wallapop/com.rewallapop.ui.wall.WallActivity[1858]#0

11-14 17:53:02.620  1858  1858 V InputMethodManager: Starting input: tba=com.wallapop ic=null mNaviBarColor -1 mIsGetNaviBarColorSuccess true , NavVisible : true , NavTrans : false

11-14 17:53:02.649 19377 19613 I Finsky  : [9616] fxs.d(3): com.wallapop: Account determined from installer data - [rJj4Md76H4LxoN-B4dnoZM7XaXDDBcXGlC-caOCi6Uc]

11-14 17:53:02.650 19377 19613 I Finsky  : [9616] fxs.d(14): com.wallapop: Account from preferred account - [rJj4Md76H4LxoN-B4dnoZM7XaXDDBcXGlC-caOCi6Uc]

11-14 17:53:02.667 19377 19613 I Finsky  : [9616] fxs.d(3): com.wallapop: Account determined from installer data - [rJj4Md76H4LxoN-B4dnoZM7XaXDDBcXGlC-caOCi6Uc]

11-14 17:53:02.672 19377 19613 I Finsky  : [9616] fxs.d(14): com.wallapop: Account from preferred account - [rJj4Md76H4LxoN-B4dnoZM7XaXDDBcXGlC-caOCi6Uc]

11-14 17:53:02.708  4622  4682 E RequestManager_FLP: [FusedLocationApi] Location request b4e242c(Listener) PRIORITY_BALANCED_POWER_ACCURACY interval=300000 from com.wallapop

11-14 17:53:02.801  4211  4228 D CodecSolution: isMaxAspectPackageEx: com.wallapop : true(2)

11-14 17:53:02.836  4211  5504 I WindowManager: Cancelling animation restarting=false, leash=null, surface=Surface(name=AppWindowToken{cdc6afc token=Token{dbf2fef ActivityRecord{f9cf4ce u0 com.wallapop/com.rewallapop.ui.main.MainActivity t2201}}})/@0x4e1175c, parent=Surface(name=Task=2201)/@0x61d2a65

11-14 17:53:02.847  3727  3770 I SurfaceFlinger: id=28274 Removed AppWindowToken{cdc6afc token=Token{dbf2fef ActivityRecord{f9cf4ce u0 com.wallapop/com.rewallapop.ui.main.MainActivity t2201}}}#0 (0/63)

11-14 17:53:02.862  3727  3727 I Layer   : id=28274 onRemoved AppWindowToken{cdc6afc token=Token{dbf2fef ActivityRecord{f9cf4ce u0 com.wallapop/com.rewallapop.ui.main.MainActivity t2201}}}#0

11-14 17:53:02.930  4211  4669 D MdnieScenarioControlService:  packageName : com.wallapop    className : com.rewallapop.ui.wall.WallActivity

11-14 17:53:03.077  1858  1863 I com.wallapop: Compiler allocated 4MB to compile void android.widget.TextView.<init>(android.content.Context, android.util.AttributeSet, int, int)

11-14 17:53:03.154  1858  1858 W com.wallapop: Accessing hidden field Landroid/view/View;->mAccessibilityDelegate:Landroid/view/View$AccessibilityDelegate; (light greylist, reflection)

11-14 17:53:04.009  1858  1858 W View    : requestLayout() improperly called by com.wallapop.design.view.WallapopTextView{a825086 V.ED..... ......ID 47,26-47,86 #7f0a0904 app:id/wp__home__tv_bubble} during layout: running second layout pass

11-14 17:53:04.418  1858  1869 I com.wallapop: Background concurrent copying GC freed 186699(11MB) AllocSpace objects, 43(2MB) LOS objects, 49% free, 14MB/28MB, paused 405us total 206.909ms

11-14 17:53:04.674  4211  4390 D WifiTrafficPoller: TrafficStats TxPkts=981007 RxPkts=1716076 TxBytes=211680550 RxBytes=1631711310 , Foreground uid=10313 pkgName=com.wallapop TxPackets=65112 RxPackets=59102 TxBytes=13768173 RxBytes=40145431

11-14 17:53:05.544  4211  4809 D WifiPermissionsUtil: canAccessScanResults: pkgName = com.wallapop, uid = 10313

11-14 17:53:06.119  1858  2187 D Amazon DTB Ads API: with query params:[?dt=android&app=app&dinfo=%7B%22os%22%3A%22Android%22%2C%22model%22%3A%22SM-A750FN%22%2C%22make%22%3A%22samsung%22%2C%22osVersion%22%3A%229%22%2C%22connectionType%22%3A%22Wifi%22%2C%22country%22%3A%22ES%22%2C%22scalingFactor%22%3A%222.625%22%2C%22carrier%22%3A%22JAZZTEL%22%2C%22language%22%3A%22es%22%2C%22screenSize%22%3A%221080x2094%22%2C%22orientation%22%3A%22portrait%22%7D&oo=0&aud=3p&idfa=bf505ce3-e614-4d9a-a4d7-9c324edc6560&appId=d2ba46e2d5ef4c9883051d9c8d0125d5&sdkVer=aps-android-7.4.3&ua=Dalvik%2F2.1.0%20%28Linux%3B%20U%3B%20Android%209%3B%20SM-A750FN%20Build%2FPPR1.180610.011%29&pkg=%7B%22lbl%22%3A%22_Wallapop_%22%2C%22pn%22%3A%22com.wallapop%22%2C%22v%22%3A%221850000%22%2C%22vn%22%3A%221.85.0-d1910251130%22%7D]

11-14 17:53:06.589  1858  2187 D Amazon DTB Ads API: Error while connecting to remote server: https://s.amazon-adsystem.com/api3/generate_did?dt=android&app=app&dinfo=%7B%22os%22%3A%22Android%22%2C%22model%22%3A%22SM-A750FN%22%2C%22make%22%3A%22samsung%22%2C%22osVersion%22%3A%229%22%2C%22connectionType%22%3A%22Wifi%22%2C%22country%22%3A%22ES%22%2C%22scalingFactor%22%3A%222.625%22%2C%22carrier%22%3A%22JAZZTEL%22%2C%22language%22%3A%22es%22%2C%22screenSize%22%3A%221080x2094%22%2C%22orientation%22%3A%22portrait%22%7D&oo=0&aud=3p&idfa=bf505ce3-e614-4d9a-a4d7-9c324edc6560&appId=d2ba46e2d5ef4c9883051d9c8d0125d5&sdkVer=aps-android-7.4.3&ua=Dalvik%2F2.1.0%20%28Linux%3B%20U%3B%20Android%209%3B%20SM-A750FN%20Build%2FPPR1.180610.011%29&pkg=%7B%22lbl%22%3A%22_Wallapop_%22%2C%22pn%22%3A%22com.wallapop%22%2C%22v%22%3A%221850000%22%2C%22vn%22%3A%221.85.0-d1910251130%22%7D with error:Chain validation failed

11-14 17:53:06.591  1858  2187 E Amazon DTB Ads API: 	at com.wallapop.thirdparty.ads.b.a.a(SourceFile:43)

11-14 17:53:06.591  1858  2187 E Amazon DTB Ads API: 	at com.wallapop.thirdparty.ads.b.a$b$1.invokeSuspend(SourceFile:34)

11-14 17:53:06.591  1858  2187 E Amazon DTB Ads API: 	at com.wallapop.thirdparty.ads.b.a$b$1.invoke(Unknown Source:10)

11-14 17:53:06.591  1858  2187 E Amazon DTB Ads API: 	at com.wallapop.thirdparty.ads.b.a$b.invokeSuspend(SourceFile:33)

11-14 17:53:06.678  1858  2409 D Amazon DTB Ads API: with query params:[?dt=android&app=app&dinfo=%7B%22os%22%3A%22Android%22%2C%22model%22%3A%22SM-A750FN%22%2C%22make%22%3A%22samsung%22%2C%22osVersion%22%3A%229%22%2C%22connectionType%22%3A%22Wifi%22%2C%22country%22%3A%22ES%22%2C%22scalingFactor%22%3A%222.625%22%2C%22carrier%22%3A%22JAZZTEL%22%2C%22language%22%3A%22es%22%2C%22screenSize%22%3A%221080x2094%22%2C%22orientation%22%3A%22portrait%22%7D&oo=0&aud=3p&idfa=bf505ce3-e614-4d9a-a4d7-9c324edc6560&appId=d2ba46e2d5ef4c9883051d9c8d0125d5&sdkVer=aps-android-7.4.3&ua=Dalvik%2F2.1.0%20%28Linux%3B%20U%3B%20Android%209%3B%20SM-A750FN%20Build%2FPPR1.180610.011%29&pkg=%7B%22lbl%22%3A%22_Wallapop_%22%2C%22pn%22%3A%22com.wallapop%22%2C%22v%22%3A%221850000%22%2C%22vn%22%3A%221.85.0-d1910251130%22%7D]

11-14 17:53:07.003  1858  1869 I com.wallapop: Background concurrent copying GC freed 219393(11MB) AllocSpace objects, 76(3MB) LOS objects, 50% free, 17MB/34MB, paused 494us total 229.230ms

11-14 17:53:07.099  1858  2409 D Amazon DTB Ads API: Error while connecting to remote server: https://s.amazon-adsystem.com/api3/generate_did?dt=android&app=app&dinfo=%7B%22os%22%3A%22Android%22%2C%22model%22%3A%22SM-A750FN%22%2C%22make%22%3A%22samsung%22%2C%22osVersion%22%3A%229%22%2C%22connectionType%22%3A%22Wifi%22%2C%22country%22%3A%22ES%22%2C%22scalingFactor%22%3A%222.625%22%2C%22carrier%22%3A%22JAZZTEL%22%2C%22language%22%3A%22es%22%2C%22screenSize%22%3A%221080x2094%22%2C%22orientation%22%3A%22portrait%22%7D&oo=0&aud=3p&idfa=bf505ce3-e614-4d9a-a4d7-9c324edc6560&appId=d2ba46e2d5ef4c9883051d9c8d0125d5&sdkVer=aps-android-7.4.3&ua=Dalvik%2F2.1.0%20%28Linux%3B%20U%3B%20Android%209%3B%20SM-A750FN%20Build%2FPPR1.180610.011%29&pkg=%7B%22lbl%22%3A%22_Wallapop_%22%2C%22pn%22%3A%22com.wallapop%22%2C%22v%22%3A%221850000%22%2C%22vn%22%3A%221.85.0-d1910251130%22%7D with error:Chain validation failed

11-14 17:53:07.132  1858  2409 D Amazon DTB Ads API: with json params:[{"oo":"false","dinfo":{"os":"Android","model":"SM-A750FN","make":"samsung","osVersion":"9","connectionType":"Wifi","country":"ES","scalingFactor":"2.625","carrier":"JAZZTEL","language":"es","screenSize":"1080x2094","orientation":"portrait"},"adsdk":"aps-android-7.4.3","slots":[{"sz":"320x50","slot":"f414d83c-ab9f-4e02-9c59-5137663ee6c7","slotId":1,"supportedMediaTypes":["DISPLAY"]}],"mraid":["1.0","2.0","3.0"],"appId":"d2ba46e2d5ef4c9883051d9c8d0125d5","idfa":"bf505ce3-e614-4d9a-a4d7-9c324edc6560","geoloc":"41.4058684,2.1865172,18.145","isDTBMobile":"true","ua":"Dalvik\/2.1.0 (Linux; U; Android 9; SM-A750FN Build\/PPR1.180610.011)","pkg":{"lbl":"_Wallapop_","pn":"com.wallapop","v":"1850000","vn":"1.85.0-d1910251130"},"gdpr":{"e":"1","c":"BOR0xKKOR0xKKABABAENBZ-AAAAfZ7_______9______9uz_Gv_v_f__33e8__9v_l_7_-___u_-33d4-_1vX99yfm1-7ftr3tp_86ues2vHqK9ZoA"}}]

11-14 17:53:08.415  1858  1858 W com.wallapop: Accessing hidden method Landroid/media/AudioTrack;->getLatency()I (light greylist, reflection)

11-14 17:53:08.766  4211  4390 D WifiTrafficPoller: TrafficStats TxPkts=981382 RxPkts=1716464 TxBytes=211775859 RxBytes=1631939578 , Foreground uid=10313 pkgName=com.wallapop TxPackets=65424 RxPackets=59395 TxBytes=13832821 RxBytes=40319303

11-14 17:53:08.902  4211  4475 I CodecSolution: pid(1858) pkg(com.wallapop)

11-14 17:53:08.915  4211  4311 D CodecSolution: topName : com.wallapop

11-14 17:53:08.915  4211  4311 I CodecSolution: Top : com.wallapop

11-14 17:53:08.915  4211  4311 D SCPMHelper: getPackageInfo(com.wallapop)

11-14 17:53:08.951  4211  4475 I CodecSolution: pid(1858) pkg(com.wallapop)

11-14 17:53:08.959  4211  4554 D CodecSolution: topName : com.wallapop

11-14 17:53:08.959  4211  4554 I CodecSolution: Top : com.wallapop

11-14 17:53:08.959  4211  4554 D SCPMHelper: getPackageInfo(com.wallapop)

11-14 17:53:08.958  1858  2364 I com.wallapop: IncrementDisableThreadFlip blocked for 10.318ms

11-14 17:53:09.050  1858  2453 I chatty  : uid=10313(com.wallapop) CodecLooper identical 1 line

11-14 17:53:09.153  1858  1869 I com.wallapop: Background concurrent copying GC freed 245512(11MB) AllocSpace objects, 124(5MB) LOS objects, 50% free, 18MB/37MB, paused 2.467ms total 246.971ms

11-14 17:53:09.764  1858  2448 I chatty  : uid=10313(com.wallapop) CodecLooper identical 1 line


