Executed '[C739] Help: Legal agreements' on 28-07-2019
---------------------------------------------------------------------------------
07-28 21:58:56.259 11990 11990 I Timeline: Timeline: Activity_launch_request id:com.wallapop time:191726658

07-28 21:58:56.279   804  1720 V WindowManager: addAppToken: AppWindowToken{d310262 token=Token{2cf8d2d ActivityRecord{a77a844 u0 com.wallapop/.activities.WebViewActivity t1466}}} to stack=1 task=1466 at 2

07-28 21:58:56.309   804   890 V MARsPolicyManager: updatePackagesScore PackageInfo name -- com.wallapop

07-28 21:58:56.319 11990 11990 W ResourcesManager: getTopLevelResources: /data/app/com.wallapop-1/base.apk / 1.0 running in com.wallapop rsrc of package null

07-28 21:58:56.319 11990 11990 W ResourcesManager: getTopLevelResources: /data/app/com.wallapop-1/base.apk / 1.0 running in com.wallapop rsrc of package null

07-28 21:58:56.319 11990 11990 W ResourcesManager: getTopLevelResources: /data/app/com.wallapop-1/base.apk / 1.0 running in com.wallapop rsrc of package null

07-28 21:58:56.349   804  1919 V AlarmManager:  remove PendingIntent] PendingIntent{6640ff3: PendingIntentRecord{7a411f8 com.wallapop broadcastIntent}}

07-28 21:58:56.409   804  2437 D ISSUE_DEBUG: InputChannelName : d1bbdc com.wallapop/com.wallapop.activities.WebViewActivity

07-28 21:58:56.449   804   891 D StatusBarManagerService: manageDisableList userId=0 what=0x0 pkg=Window{d1bbdc u0 d0 com.wallapop/com.wallapop.activities.WebViewActivity}

07-28 21:58:56.539   804  1920 V WindowStateAnimator: Finishing drawing window Window{d1bbdc u0 d0 com.wallapop/com.wallapop.activities.WebViewActivity}: mDrawState=DRAW_PENDING

07-28 21:58:56.549   804   932 I ActivityManager: Displayed com.wallapop/.activities.WebViewActivity: +250ms

07-28 21:58:56.559   804  1919 V WindowStateAnimator: Finishing drawing window Window{d1bbdc u0 d0 com.wallapop/com.wallapop.activities.WebViewActivity}: mDrawState=HAS_DRAWN

07-28 21:58:56.809   804   932 I Timeline: Timeline: Activity_windows_visible id: ActivityRecord{a77a844 u0 com.wallapop/.activities.WebViewActivity t1466} time:191727202

07-28 21:58:56.829 11990 11990 V ActivityThread: updateVisibility : ActivityRecord{3a7dacc token=android.os.BinderProxy@b7ed4e0 {com.wallapop/com.wallapop.activities.PreferencesActivity}} show : false

07-28 21:59:01.419   804   890 V MARsPolicyManager: updatePackagesScore PackageInfo name -- com.wallapop

07-28 21:59:01.449   804  2436 V AlarmManager:  remove PendingIntent] PendingIntent{a1c7d41: PendingIntentRecord{7a411f8 com.wallapop broadcastIntent}}

07-28 21:59:01.479   804   891 D StatusBarManagerService: manageDisableList userId=0 what=0x0 pkg=Window{d570c13 u0 d0 com.wallapop/com.wallapop.activities.PreferencesActivity}

07-28 21:59:01.519   804  2439 V WindowStateAnimator: Finishing drawing window Window{d570c13 u0 d0 com.wallapop/com.wallapop.activities.PreferencesActivity}: mDrawState=DRAW_PENDING

07-28 21:59:01.539   804   932 I ActivityManager: Displayed com.wallapop/.activities.PreferencesActivity: +129ms

07-28 21:59:01.789   804   932 I Timeline: Timeline: Activity_windows_visible id: ActivityRecord{6e35d76 u0 com.wallapop/.activities.PreferencesActivity t1466} time:191732183

07-28 21:59:03.219 11990 11990 I Timeline: Timeline: Activity_launch_request id:com.wallapop time:191733614

07-28 21:59:03.229   804   833 V WindowManager: addAppToken: AppWindowToken{7baac3b token=Token{5dac2ca ActivityRecord{c8fee35 u0 com.wallapop/.activities.WebViewActivity t1466}}} to stack=1 task=1466 at 2

07-28 21:59:03.269   804   890 V MARsPolicyManager: updatePackagesScore PackageInfo name -- com.wallapop

07-28 21:59:03.269 11990 11990 W ResourcesManager: getTopLevelResources: /data/app/com.wallapop-1/base.apk / 1.0 running in com.wallapop rsrc of package null

07-28 21:59:03.269 11990 11990 W ResourcesManager: getTopLevelResources: /data/app/com.wallapop-1/base.apk / 1.0 running in com.wallapop rsrc of package null

07-28 21:59:03.299   804  2437 V AlarmManager:  remove PendingIntent] PendingIntent{e5e38b1: PendingIntentRecord{7a411f8 com.wallapop broadcastIntent}}

07-28 21:59:03.339   804  1502 D ISSUE_DEBUG: InputChannelName : aecaeed com.wallapop/com.wallapop.activities.WebViewActivity

07-28 21:59:03.369   804   891 D StatusBarManagerService: manageDisableList userId=0 what=0x0 pkg=Window{aecaeed u0 d0 com.wallapop/com.wallapop.activities.WebViewActivity}

07-28 21:59:03.449   804  2439 V WindowStateAnimator: Finishing drawing window Window{aecaeed u0 d0 com.wallapop/com.wallapop.activities.WebViewActivity}: mDrawState=DRAW_PENDING

07-28 21:59:03.459   804   932 I ActivityManager: Displayed com.wallapop/.activities.WebViewActivity: +210ms

07-28 21:59:03.469   804   832 V WindowStateAnimator: Finishing drawing window Window{aecaeed u0 d0 com.wallapop/com.wallapop.activities.WebViewActivity}: mDrawState=HAS_DRAWN

07-28 21:59:03.719   804   932 I Timeline: Timeline: Activity_windows_visible id: ActivityRecord{c8fee35 u0 com.wallapop/.activities.WebViewActivity t1466} time:191734118

07-28 21:59:03.759 11990 11990 V ActivityThread: updateVisibility : ActivityRecord{3a7dacc token=android.os.BinderProxy@b7ed4e0 {com.wallapop/com.wallapop.activities.PreferencesActivity}} show : false

07-28 21:59:06.179   804   890 V MARsPolicyManager: updatePackagesScore PackageInfo name -- com.wallapop

07-28 21:59:06.189   804  1721 V AlarmManager:  remove PendingIntent] PendingIntent{1d6eb34: PendingIntentRecord{7a411f8 com.wallapop broadcastIntent}}

07-28 21:59:06.209   804   891 D StatusBarManagerService: manageDisableList userId=0 what=0x0 pkg=Window{d570c13 u0 d0 com.wallapop/com.wallapop.activities.PreferencesActivity}

07-28 21:59:06.269   804   833 V WindowStateAnimator: Finishing drawing window Window{d570c13 u0 d0 com.wallapop/com.wallapop.activities.PreferencesActivity}: mDrawState=DRAW_PENDING

07-28 21:59:06.289   804   932 I ActivityManager: Displayed com.wallapop/.activities.PreferencesActivity: +116ms

07-28 21:59:06.529   804   932 I Timeline: Timeline: Activity_windows_visible id: ActivityRecord{6e35d76 u0 com.wallapop/.activities.PreferencesActivity t1466} time:191736929

07-28 21:59:07.899 11990 11990 I Timeline: Timeline: Activity_launch_request id:com.wallapop time:191738294

07-28 21:59:07.909   804  1720 V WindowManager: addAppToken: AppWindowToken{eaa42f6 token=Token{8e1e391 ActivityRecord{b4589b8 u0 com.wallapop/.activities.WebViewActivity t1466}}} to stack=1 task=1466 at 2

07-28 21:59:07.939   804   890 V MARsPolicyManager: updatePackagesScore PackageInfo name -- com.wallapop

07-28 21:59:07.939 11990 11990 W ResourcesManager: getTopLevelResources: /data/app/com.wallapop-1/base.apk / 1.0 running in com.wallapop rsrc of package null

07-28 21:59:07.949 11990 11990 W ResourcesManager: getTopLevelResources: /data/app/com.wallapop-1/base.apk / 1.0 running in com.wallapop rsrc of package null

07-28 21:59:07.969   804  1724 V AlarmManager:  remove PendingIntent] PendingIntent{f29a6f7: PendingIntentRecord{7a411f8 com.wallapop broadcastIntent}}

07-28 21:59:08.019   804  1324 D ISSUE_DEBUG: InputChannelName : fe3d7d0 com.wallapop/com.wallapop.activities.WebViewActivity

07-28 21:59:08.049   804   891 D StatusBarManagerService: manageDisableList userId=0 what=0x0 pkg=Window{fe3d7d0 u0 d0 com.wallapop/com.wallapop.activities.WebViewActivity}

07-28 21:59:08.129   804  2377 V WindowStateAnimator: Finishing drawing window Window{fe3d7d0 u0 d0 com.wallapop/com.wallapop.activities.WebViewActivity}: mDrawState=DRAW_PENDING

07-28 21:59:08.139   804   932 I ActivityManager: Displayed com.wallapop/.activities.WebViewActivity: +215ms

07-28 21:59:08.149   804  1724 V WindowStateAnimator: Finishing drawing window Window{fe3d7d0 u0 d0 com.wallapop/com.wallapop.activities.WebViewActivity}: mDrawState=HAS_DRAWN

07-28 21:59:08.389   804   932 I Timeline: Timeline: Activity_windows_visible id: ActivityRecord{b4589b8 u0 com.wallapop/.activities.WebViewActivity t1466} time:191738780

07-28 21:59:08.409 11990 11990 V ActivityThread: updateVisibility : ActivityRecord{3a7dacc token=android.os.BinderProxy@b7ed4e0 {com.wallapop/com.wallapop.activities.PreferencesActivity}} show : false

07-28 21:59:10.599   804   890 V MARsPolicyManager: updatePackagesScore PackageInfo name -- com.wallapop

07-28 21:59:10.619   804  1724 V AlarmManager:  remove PendingIntent] PendingIntent{da6af83: PendingIntentRecord{7a411f8 com.wallapop broadcastIntent}}

07-28 21:59:10.629   804   891 D StatusBarManagerService: manageDisableList userId=0 what=0x0 pkg=Window{d570c13 u0 d0 com.wallapop/com.wallapop.activities.PreferencesActivity}

07-28 21:59:10.679   804  2437 V WindowStateAnimator: Finishing drawing window Window{d570c13 u0 d0 com.wallapop/com.wallapop.activities.PreferencesActivity}: mDrawState=DRAW_PENDING

07-28 21:59:10.679   804   932 I ActivityManager: Displayed com.wallapop/.activities.PreferencesActivity: +94ms

07-28 21:59:10.939   804   932 I Timeline: Timeline: Activity_windows_visible id: ActivityRecord{6e35d76 u0 com.wallapop/.activities.PreferencesActivity t1466} time:191741338

07-28 21:59:12.649 11990 11990 I Timeline: Timeline: Activity_launch_request id:com.wallapop time:191743040

07-28 21:59:12.669   804   833 V WindowManager: addAppToken: AppWindowToken{5e190ad token=Token{14989c4 ActivityRecord{695ecd7 u0 com.wallapop/.activities.WebViewActivity t1466}}} to stack=1 task=1466 at 2

07-28 21:59:12.689 11990 11990 W ResourcesManager: getTopLevelResources: /data/app/com.wallapop-1/base.apk / 1.0 running in com.wallapop rsrc of package null

07-28 21:59:12.689   804   890 V MARsPolicyManager: updatePackagesScore PackageInfo name -- com.wallapop

07-28 21:59:12.699 11990 11990 W ResourcesManager: getTopLevelResources: /data/app/com.wallapop-1/base.apk / 1.0 running in com.wallapop rsrc of package null

07-28 21:59:12.749   804  1720 V AlarmManager:  remove PendingIntent] PendingIntent{b338aa9: PendingIntentRecord{7a411f8 com.wallapop broadcastIntent}}

07-28 21:59:12.799   804  2377 D ISSUE_DEBUG: InputChannelName : f3b293a com.wallapop/com.wallapop.activities.WebViewActivity

07-28 21:59:12.819   804   891 D StatusBarManagerService: manageDisableList userId=0 what=0x0 pkg=Window{f3b293a u0 d0 com.wallapop/com.wallapop.activities.WebViewActivity}

07-28 21:59:12.909   804  1737 V WindowStateAnimator: Finishing drawing window Window{f3b293a u0 d0 com.wallapop/com.wallapop.activities.WebViewActivity}: mDrawState=DRAW_PENDING

07-28 21:59:12.919   804   932 I ActivityManager: Displayed com.wallapop/.activities.WebViewActivity: +248ms

07-28 21:59:12.939   804  1324 V WindowStateAnimator: Finishing drawing window Window{f3b293a u0 d0 com.wallapop/com.wallapop.activities.WebViewActivity}: mDrawState=HAS_DRAWN

07-28 21:59:13.179   804   932 I Timeline: Timeline: Activity_windows_visible id: ActivityRecord{695ecd7 u0 com.wallapop/.activities.WebViewActivity t1466} time:191743577

07-28 21:59:13.209 11990 11990 V ActivityThread: updateVisibility : ActivityRecord{3a7dacc token=android.os.BinderProxy@b7ed4e0 {com.wallapop/com.wallapop.activities.PreferencesActivity}} show : false

07-28 21:59:14.399   804   890 V MARsPolicyManager: updatePackagesScore PackageInfo name -- com.wallapop

07-28 21:59:14.419   804   832 V AlarmManager:  remove PendingIntent] PendingIntent{d35f4d5: PendingIntentRecord{7a411f8 com.wallapop broadcastIntent}}

07-28 21:59:14.449   804   891 D StatusBarManagerService: manageDisableList userId=0 what=0x0 pkg=Window{d570c13 u0 d0 com.wallapop/com.wallapop.activities.PreferencesActivity}

07-28 21:59:14.499   804  2437 V WindowStateAnimator: Finishing drawing window Window{d570c13 u0 d0 com.wallapop/com.wallapop.activities.PreferencesActivity}: mDrawState=DRAW_PENDING

07-28 21:59:14.509   804   932 I ActivityManager: Displayed com.wallapop/.activities.PreferencesActivity: +119ms

07-28 21:59:14.759   804   932 I Timeline: Timeline: Activity_windows_visible id: ActivityRecord{6e35d76 u0 com.wallapop/.activities.PreferencesActivity t1466} time:191745159


