Executed '[C696] Profile edition: Change the user main location' on 09-07-2019
---------------------------------------------------------------------------------
07-09 15:31:58.203 14321 14321 I Timeline: Timeline: Activity_launch_request id:com.wallapop time:128323458

07-09 15:31:58.253   874  5340 V WindowManager: addAppToken: AppWindowToken{ae12992 token=Token{ef8131d ActivityRecord{3d7cff4 u0 com.wallapop/com.rewallapop.ui.user.profile.MyProfileActivity t984}}} to stack=1 task=984 at 1

07-09 15:31:58.283   874  1027 V MARsPolicyManager: updatePackagesScore PackageInfo name -- com.wallapop

07-09 15:31:58.313 14321 14321 W ResourcesManager: getTopLevelResources: /data/app/com.wallapop-1/base.apk / 1.0 running in com.wallapop rsrc of package null

07-09 15:31:58.313 14321 14321 W ResourcesManager: getTopLevelResources: /data/app/com.wallapop-1/base.apk / 1.0 running in com.wallapop rsrc of package null

07-09 15:31:58.333   874  1220 V AlarmManager:  remove PendingIntent] PendingIntent{5755f63: PendingIntentRecord{8aff901 com.wallapop broadcastIntent}}

07-09 15:31:58.363   874  2732 D ISSUE_DEBUG: InputChannelName : f07c419 com.wallapop/com.rewallapop.ui.user.profile.MyProfileActivity

07-09 15:31:58.373   874  1028 D StatusBarManagerService: manageDisableList userId=0 what=0x0 pkg=Window{f07c419 u0 d0 com.wallapop/com.rewallapop.ui.user.profile.MyProfileActivity}

07-09 15:31:58.403   874  1220 V WindowStateAnimator: Finishing drawing window Window{f07c419 u0 d0 com.wallapop/com.rewallapop.ui.user.profile.MyProfileActivity}: mDrawState=DRAW_PENDING

07-09 15:31:58.413   874  1132 I ActivityManager: Displayed com.wallapop/com.rewallapop.ui.user.profile.MyProfileActivity: +139ms

07-09 15:31:58.423 14321 14321 I Timeline: Timeline: Activity_launch_request id:com.wallapop time:128323669

07-09 15:31:58.423   874  1723 V WindowManager: addAppToken: AppWindowToken{86458ea token=Token{6c788d5 ActivityRecord{bb9298c u0 com.wallapop/com.rewallapop.ui.user.profile.ProfileActivity t984}}} to stack=1 task=984 at 2

07-09 15:31:58.433   874  1028 D StatusBarManagerService: manageDisableList userId=0 what=0x0 pkg=Window{b26056 u0 d0 com.wallapop/com.rewallapop.ui.wall.WallActivity}

07-09 15:31:58.443   874  2020 V WindowStateAnimator: Finishing drawing window Window{f07c419 u0 d0 com.wallapop/com.rewallapop.ui.user.profile.MyProfileActivity}: mDrawState=HAS_DRAWN

07-09 15:31:58.463   874  1027 V MARsPolicyManager: updatePackagesScore PackageInfo name -- com.wallapop

07-09 15:31:58.473 14321 14321 W ResourcesManager: getTopLevelResources: /data/app/com.wallapop-1/base.apk / 1.0 running in com.wallapop rsrc of package null

07-09 15:31:58.473 14321 14321 W ResourcesManager: getTopLevelResources: /data/app/com.wallapop-1/base.apk / 1.0 running in com.wallapop rsrc of package null

07-09 15:31:58.523   874  2732 V AlarmManager:  remove PendingIntent] PendingIntent{7e8fd8d: PendingIntentRecord{8aff901 com.wallapop broadcastIntent}}

07-09 15:31:58.543   874  2732 D ISSUE_DEBUG: InputChannelName : 6cbf890 com.wallapop/com.rewallapop.ui.user.profile.ProfileActivity

07-09 15:31:58.593   874  1028 D StatusBarManagerService: manageDisableList userId=0 what=0x0 pkg=Window{6cbf890 u0 d0 com.wallapop/com.rewallapop.ui.user.profile.ProfileActivity}

07-09 15:31:58.633 12842 13198 W ByMatcher: Node returned null child: android.view.accessibility.AccessibilityNodeInfo@8003f5a5; boundsInParent: Rect(0, 0 - 264, 199); boundsInScreen: Rect(12, 303 - 276, 502); packageName: com.wallapop; className: android.widget.LinearLayout; text: null; error: null; maxTextLength: -1; contentDescription: null; viewIdResName: null; checkable: false; checked: false; focusable: false; focused: false; selected: false; clickable: true; longClickable: false; contextClickable: false; enabled: true; password: false; scrollable: false; actions: [AccessibilityAction: ACTION_SELECT - null, AccessibilityAction: ACTION_CLEAR_SELECTION - null, AccessibilityAction: ACTION_CLICK - null, AccessibilityAction: ACTION_ACCESSIBILITY_FOCUS - null, AccessibilityAction: ACTION_UNKNOWN - null]

07-09 15:31:58.633 12842 13198 W ByMatcher: Node returned null child: android.view.accessibility.AccessibilityNodeInfo@8001fe9f; boundsInParent: Rect(0, 0 - 1080, 248); boundsInScreen: Rect(0, 303 - 1080, 551); packageName: com.wallapop; className: androidx.recyclerview.widget.RecyclerView; text: null; error: null; maxTextLength: -1; contentDescription: null; viewIdResName: com.wallapop:id/recyclerView; checkable: false; checked: false; focusable: true; focused: false; selected: false; clickable: false; longClickable: false; contextClickable: false; enabled: true; password: false; scrollable: true; actions: [AccessibilityAction: ACTION_FOCUS - null, AccessibilityAction: ACTION_SELECT - null, AccessibilityAction: ACTION_CLEAR_SELECTION - null, AccessibilityAction: ACTION_ACCESSIBILITY_FOCUS - null, AccessibilityAction: ACTION_SCROLL_FORWARD - null, AccessibilityAction: ACTION_UNKNOWN - null]

07-09 15:31:58.643 12842 13198 W ByMatcher: Node returned null child: android.view.accessibility.AccessibilityNodeInfo@80017b3c; boundsInParent: Rect(0, 0 - 1080, 802); boundsInScreen: Rect(0, 243 - 1080, 1045); packageName: com.wallapop; className: android.widget.LinearLayout; text: null; error: null; maxTextLength: -1; contentDescription: null; viewIdResName: null; checkable: false; checked: false; focusable: false; focused: false; selected: false; clickable: false; longClickable: false; contextClickable: false; enabled: true; password: false; scrollable: false; actions: [AccessibilityAction: ACTION_SELECT - null, AccessibilityAction: ACTION_CLEAR_SELECTION - null, AccessibilityAction: ACTION_ACCESSIBILITY_FOCUS - null, AccessibilityAction: ACTION_UNKNOWN - null]

07-09 15:31:58.643 12842 13198 W ByMatcher: Node returned null child: android.view.accessibility.AccessibilityNodeInfo@80011220; boundsInParent: Rect(0, 0 - 1080, 1845); boundsInScreen: Rect(0, 243 - 1080, 1920); packageName: com.wallapop; className: androidx.recyclerview.widget.RecyclerView; text: null; error: null; maxTextLength: -1; contentDescription: null; viewIdResName: com.wallapop:id/wallList; checkable: false; checked: false; focusable: true; focused: true; selected: false; clickable: false; longClickable: false; contextClickable: false; enabled: true; password: false; scrollable: true; actions: [AccessibilityAction: ACTION_CLEAR_FOCUS - null, AccessibilityAction: ACTION_SELECT - null, AccessibilityAction: ACTION_CLEAR_SELECTION - null, AccessibilityAction: ACTION_ACCESSIBILITY_FOCUS - null, AccessibilityAction: ACTION_SCROLL_FORWARD - null, AccessibilityAction: ACTION_UNKNOWN - null]

07-09 15:31:58.653 12842 13198 W ByMatcher: Node returned null child: android.view.accessibility.AccessibilityNodeInfo@80010a9e; boundsInParent: Rect(0, 0 - 1080, 1848); boundsInScreen: Rect(0, 72 - 1080, 1920); packageName: com.wallapop; className: android.view.ViewGroup; text: null; error: null; maxTextLength: -1; contentDescription: null; viewIdResName: com.wallapop:id/wall_coordinator; checkable: false; checked: false; focusable: false; focused: false; selected: false; clickable: false; longClickable: false; contextClickable: false; enabled: true; password: false; scrollable: false; actions: [AccessibilityAction: ACTION_SELECT - null, AccessibilityAction: ACTION_CLEAR_SELECTION - null, AccessibilityAction: ACTION_ACCESSIBILITY_FOCUS - null, AccessibilityAction: ACTION_UNKNOWN - null]

07-09 15:31:58.653 12842 13198 W ByMatcher: Node returned null child: android.view.accessibility.AccessibilityNodeInfo@8000ff5b; boundsInParent: Rect(0, 0 - 1080, 1920); boundsInScreen: Rect(0, 0 - 1080, 1920); packageName: com.wallapop; className: android.widget.FrameLayout; text: null; error: null; maxTextLength: -1; contentDescription: null; viewIdResName: null; checkable: false; checked: false; focusable: false; focused: false; selected: false; clickable: false; longClickable: false; contextClickable: false; enabled: true; password: false; scrollable: false; actions: [AccessibilityAction: ACTION_SELECT - null, AccessibilityAction: ACTION_CLEAR_SELECTION - null, AccessibilityAction: ACTION_ACCESSIBILITY_FOCUS - null, AccessibilityAction: ACTION_UNKNOWN - null]

07-09 15:31:58.653 12842 13198 W ByMatcher: Node returned null child: android.view.accessibility.AccessibilityNodeInfo@8000ff5b; boundsInParent: Rect(0, 0 - 1080, 1920); boundsInScreen: Rect(0, 0 - 1080, 1920); packageName: com.wallapop; className: android.widget.FrameLayout; text: null; error: null; maxTextLength: -1; contentDescription: null; viewIdResName: null; checkable: false; checked: false; focusable: false; focused: false; selected: false; clickable: false; longClickable: false; contextClickable: false; enabled: true; password: false; scrollable: false; actions: [AccessibilityAction: ACTION_SELECT - null, AccessibilityAction: ACTION_CLEAR_SELECTION - null, AccessibilityAction: ACTION_ACCESSIBILITY_FOCUS - null, AccessibilityAction: ACTION_UNKNOWN - null]

07-09 15:31:58.663   874   894 V WindowStateAnimator: Finishing drawing window Window{6cbf890 u0 d0 com.wallapop/com.rewallapop.ui.user.profile.ProfileActivity}: mDrawState=DRAW_PENDING

07-09 15:31:58.673   874  1132 I ActivityManager: Displayed com.wallapop/com.rewallapop.ui.user.profile.ProfileActivity: +229ms

07-09 15:31:58.683   874  1132 I Timeline: Timeline: Activity_windows_visible id: ActivityRecord{3d7cff4 u0 com.wallapop/com.rewallapop.ui.user.profile.MyProfileActivity t984 f} time:128323933

07-09 15:31:58.693   874  1661 V WindowStateAnimator: Finishing drawing window Window{6cbf890 u0 d0 com.wallapop/com.rewallapop.ui.user.profile.ProfileActivity}: mDrawState=HAS_DRAWN

07-09 15:31:58.933   874  1132 I Timeline: Timeline: Activity_windows_visible id: ActivityRecord{bb9298c u0 com.wallapop/com.rewallapop.ui.user.profile.ProfileActivity t984} time:128324187

07-09 15:31:58.993 14321 14321 W GmsClientEvents: unregisterConnectionFailedListener(): listener GooglePlayServicesHeadlessFragment{a8593f6 (5edf61bb-780c-4589-b1c6-00761b3c41e3) com.wallapop.fragments.headless.GooglePlayServicesHeadlessFragment} not found

07-09 15:31:58.993 14321 14321 W GmsClientEvents: unregisterConnectionCallbacks(): listener GooglePlayServicesHeadlessFragment{a8593f6 (5edf61bb-780c-4589-b1c6-00761b3c41e3) com.wallapop.fragments.headless.GooglePlayServicesHeadlessFragment} not found

07-09 15:31:59.003 14321 14321 V ActivityThread: updateVisibility : ActivityRecord{33e7f5f token=android.os.BinderProxy@513b9e8 {com.wallapop/com.rewallapop.ui.wall.WallActivity}} show : false

07-09 15:31:59.083 14321 18135 E WallapopError: 	at com.wallapop.kernel.l.a$a.a(SourceFile:5)

07-09 15:31:59.083 14321 18135 E WallapopError: 	at com.wallapop.kernel.l.g$a.a(SourceFile:8)

07-09 15:31:59.083 14321 18135 E WallapopError: 	at com.wallapop.kernel.l.a$a.b(SourceFile)

07-09 15:31:59.083 14321 18135 E WallapopError: 	at com.wallapop.kernel.extension.a.b(SourceFile:21)

07-09 15:31:59.313 14321 14321 W View    : requestLayout() improperly called by com.wallapop.design.view.WallapopTextView{ee44284 V.ED..... ..S..AID 0,23-285,105 #7f0a0255 app:id/counterView} during layout: running second layout pass

07-09 15:32:00.843 14321 14321 I Timeline: Timeline: Activity_launch_request id:com.wallapop time:128326092

07-09 15:32:00.853   874  4874 V WindowManager: addAppToken: AppWindowToken{2b8466d token=Token{2967e84 ActivityRecord{d5ebc97 u0 com.wallapop/com.rewallapop.ui.user.profile.edit.EditProfileActivity t984}}} to stack=1 task=984 at 2

07-09 15:32:00.903   874  1027 V MARsPolicyManager: updatePackagesScore PackageInfo name -- com.wallapop

07-09 15:32:00.933 14321 14321 W ResourcesManager: getTopLevelResources: /data/app/com.wallapop-1/base.apk / 1.0 running in com.wallapop rsrc of package null

07-09 15:32:00.933 14321 14321 W ResourcesManager: getTopLevelResources: /data/app/com.wallapop-1/base.apk / 1.0 running in com.wallapop rsrc of package null

07-09 15:32:00.933 14321 14321 W ResourcesManager: getTopLevelResources: /data/app/com.wallapop-1/base.apk / 1.0 running in com.wallapop rsrc of package null

07-09 15:32:00.983   874  1722 V AlarmManager:  remove PendingIntent] PendingIntent{ead1a1c: PendingIntentRecord{b50d625 com.wallapop broadcastIntent}}

07-09 15:32:01.023   874  4874 D ISSUE_DEBUG: InputChannelName : 47fbc08 com.wallapop/com.rewallapop.ui.user.profile.edit.EditProfileActivity

07-09 15:32:01.033   874  1028 D StatusBarManagerService: manageDisableList userId=0 what=0x0 pkg=Window{47fbc08 u0 d0 com.wallapop/com.rewallapop.ui.user.profile.edit.EditProfileActivity}

07-09 15:32:01.103   874  1714 V WindowStateAnimator: Finishing drawing window Window{47fbc08 u0 d0 com.wallapop/com.rewallapop.ui.user.profile.edit.EditProfileActivity}: mDrawState=DRAW_PENDING

07-09 15:32:01.113   874  1132 I ActivityManager: Displayed com.wallapop/com.rewallapop.ui.user.profile.edit.EditProfileActivity: +220ms

07-09 15:32:01.133   874  2020 V WindowStateAnimator: Finishing drawing window Window{47fbc08 u0 d0 com.wallapop/com.rewallapop.ui.user.profile.edit.EditProfileActivity}: mDrawState=HAS_DRAWN

07-09 15:32:01.543   874  1132 I Timeline: Timeline: Activity_windows_visible id: ActivityRecord{d5ebc97 u0 com.wallapop/com.rewallapop.ui.user.profile.edit.EditProfileActivity t984} time:128326795

07-09 15:32:01.693 14321 14321 V ActivityThread: updateVisibility : ActivityRecord{63be92 token=android.os.BinderProxy@37088f9 {com.wallapop/com.rewallapop.ui.user.profile.ProfileActivity}} show : true

07-09 15:32:03.583 14321 14321 I Timeline: Timeline: Activity_launch_request id:com.wallapop time:128328836

07-09 15:32:03.593   874  4874 V WindowManager: addAppToken: AppWindowToken{921079e token=Token{dabb1d9 ActivityRecord{1480420 u0 com.wallapop/com.rewallapop.ui.user.profile.edit.EditProfileDraftLocationActivity t984}}} to stack=1 task=984 at 3

07-09 15:32:03.613   874  1027 V MARsPolicyManager: updatePackagesScore PackageInfo name -- com.wallapop

07-09 15:32:03.633 14321 14321 W ResourcesManager: getTopLevelResources: /data/app/com.wallapop-1/base.apk / 1.0 running in com.wallapop rsrc of package null

07-09 15:32:03.643 14321 14321 W ResourcesManager: getTopLevelResources: /data/app/com.wallapop-1/base.apk / 1.0 running in com.wallapop rsrc of package null

07-09 15:32:03.673   874  3012 V AlarmManager:  remove PendingIntent] PendingIntent{51c9295: PendingIntentRecord{b50d625 com.wallapop broadcastIntent}}

07-09 15:32:03.963   874  1027 V BroadcastQueue: [background] Process cur broadcast BroadcastRecord{f80c311 u0 com.appboy.action.receiver.DATA_SYNC qIdx=4}, state= (APP_RECEIVE) DELIVERED for app ProcessRecord{f314976 14321:com.wallapop/u0a276}

07-09 15:32:03.983   874  2732 D ISSUE_DEBUG: InputChannelName : f1d7f4d com.wallapop/com.rewallapop.ui.user.profile.edit.EditProfileDraftLocationActivity

07-09 15:32:04.013   874  1028 D StatusBarManagerService: manageDisableList userId=0 what=0x0 pkg=Window{f1d7f4d u0 d0 com.wallapop/com.rewallapop.ui.user.profile.edit.EditProfileDraftLocationActivity}

07-09 15:32:04.073 14321 14321 I Timeline: Timeline: Activity_launch_request id:com.wallapop time:128329323

07-09 15:32:04.073 12842 13202 W ByMatcher: Node returned null child: android.view.accessibility.AccessibilityNodeInfo@803bf241; boundsInParent: Rect(0, 0 - 1080, 3449); boundsInScreen: Rect(0, 240 - 1080, 1920); packageName: com.wallapop; className: android.widget.LinearLayout; text: null; error: null; maxTextLength: -1; contentDescription: null; viewIdResName: null; checkable: false; checked: false; focusable: false; focused: false; selected: false; clickable: false; longClickable: false; contextClickable: false; enabled: true; password: false; scrollable: false; actions: [AccessibilityAction: ACTION_SELECT - null, AccessibilityAction: ACTION_CLEAR_SELECTION - null, AccessibilityAction: ACTION_ACCESSIBILITY_FOCUS - null, AccessibilityAction: ACTION_UNKNOWN - null]

07-09 15:32:04.083 12842 13202 W ByMatcher: Node returned null child: android.view.accessibility.AccessibilityNodeInfo@803b50d6; boundsInParent: Rect(0, 0 - 1080, 1920); boundsInScreen: Rect(0, 0 - 1080, 1920); packageName: com.wallapop; className: android.widget.FrameLayout; text: null; error: null; maxTextLength: -1; contentDescription: null; viewIdResName: null; checkable: false; checked: false; focusable: false; focused: false; selected: false; clickable: false; longClickable: false; contextClickable: false; enabled: true; password: false; scrollable: false; actions: [AccessibilityAction: ACTION_SELECT - null, AccessibilityAction: ACTION_CLEAR_SELECTION - null, AccessibilityAction: ACTION_ACCESSIBILITY_FOCUS - null, AccessibilityAction: ACTION_UNKNOWN - null]

07-09 15:32:04.083   874  2020 V WindowManager: addAppToken: AppWindowToken{b4fc349 token=Token{8f4b550 ActivityRecord{e439f13 u0 com.wallapop/com.rewallapop.ui.location.LocationPermissionActivity t984}}} to stack=1 task=984 at 4

07-09 15:32:04.083 12842 13202 W ByMatcher: Node returned null child: android.view.accessibility.AccessibilityNodeInfo@803b50d6; boundsInParent: Rect(0, 0 - 1080, 1920); boundsInScreen: Rect(0, 0 - 1080, 1920); packageName: com.wallapop; className: android.widget.FrameLayout; text: null; error: null; maxTextLength: -1; contentDescription: null; viewIdResName: null; checkable: false; checked: false; focusable: false; focused: false; selected: false; clickable: false; longClickable: false; contextClickable: false; enabled: true; password: false; scrollable: false; actions: [AccessibilityAction: ACTION_SELECT - null, AccessibilityAction: ACTION_CLEAR_SELECTION - null, AccessibilityAction: ACTION_ACCESSIBILITY_FOCUS - null, AccessibilityAction: ACTION_UNKNOWN - null]

07-09 15:32:04.083   874  1028 D StatusBarManagerService: manageDisableList userId=0 what=0x0 pkg=Window{47fbc08 u0 d0 com.wallapop/com.rewallapop.ui.user.profile.edit.EditProfileActivity}

07-09 15:32:04.123   874  1722 I AppOps  : sendInfoToFLP, code=41 , uid=10276 , packageName=com.wallapop , type=startOp

07-09 15:32:04.123   874  1723 I AppOps  : sendInfoToFLP, code=42 , uid=10276 , packageName=com.wallapop , type=startOp

07-09 15:32:04.153   874  5340 V WindowStateAnimator: Finishing drawing window Window{f1d7f4d u0 d0 com.wallapop/com.rewallapop.ui.user.profile.edit.EditProfileDraftLocationActivity}: mDrawState=DRAW_PENDING

07-09 15:32:04.313   874  1027 V MARsPolicyManager: updatePackagesScore PackageInfo name -- com.wallapop

07-09 15:32:04.343 14321 14321 V ActivityThread: updateVisibility : ActivityRecord{63be92 token=android.os.BinderProxy@37088f9 {com.wallapop/com.rewallapop.ui.user.profile.ProfileActivity}} show : false

07-09 15:32:04.343 14321 14321 W ResourcesManager: getTopLevelResources: /data/app/com.wallapop-1/base.apk / 1.0 running in com.wallapop rsrc of package null

07-09 15:32:04.343 14321 14321 W ResourcesManager: getTopLevelResources: /data/app/com.wallapop-1/base.apk / 1.0 running in com.wallapop rsrc of package null

07-09 15:32:04.363   874   894 I AppOps  : sendInfoToFLP, code=41 , uid=10276 , packageName=com.wallapop , type=finishOp

07-09 15:32:04.363   874  1220 I AppOps  : sendInfoToFLP, code=42 , uid=10276 , packageName=com.wallapop , type=finishOp

07-09 15:32:04.403   874  1723 V AlarmManager:  remove PendingIntent] PendingIntent{db04f44: PendingIntentRecord{b50d625 com.wallapop broadcastIntent}}

07-09 15:32:04.483   874   892 I AppOps  : sendInfoToFLP, code=41 , uid=10276 , packageName=com.wallapop , type=startOp

07-09 15:32:04.503   874  1027 V MARsPolicyManager: updatePackagesScore PackageInfo name -- com.wallapop

07-09 15:32:04.513   874  1028 D StatusBarManagerService: manageDisableList userId=0 what=0x0 pkg=Window{f1d7f4d u0 d0 com.wallapop/com.rewallapop.ui.user.profile.edit.EditProfileDraftLocationActivity}

07-09 15:32:04.513   874  1132 I ActivityManager: Displayed com.wallapop/com.rewallapop.ui.user.profile.edit.EditProfileDraftLocationActivity: +15ms (total +902ms)

07-09 15:32:04.533 14321 14321 V ActivityThread: updateVisibility : ActivityRecord{a134c5f token=android.os.BinderProxy@776e988 {com.wallapop/com.rewallapop.ui.user.profile.edit.EditProfileActivity}} show : true

07-09 15:32:04.583   874  3012 V AlarmManager:  remove PendingIntent] PendingIntent{f9842dc: PendingIntentRecord{b50d625 com.wallapop broadcastIntent}}

07-09 15:32:04.593 14321 14321 V ActivityThread: updateVisibility : ActivityRecord{63be92 token=android.os.BinderProxy@37088f9 {com.wallapop/com.rewallapop.ui.user.profile.ProfileActivity}} show : true

07-09 15:32:04.623   874  1721 I AppOps  : sendInfoToFLP, code=41 , uid=10276 , packageName=com.wallapop , type=startOp

07-09 15:32:04.633   874  1422 I AppOps  : sendInfoToFLP, code=42 , uid=10276 , packageName=com.wallapop , type=startOp

07-09 15:32:04.713   874  1220 V WindowStateAnimator: Finishing drawing window Window{6cbf890 u0 d0 com.wallapop/com.rewallapop.ui.user.profile.ProfileActivity}: mDrawState=DRAW_PENDING

07-09 15:32:04.713   874  1132 I Timeline: Timeline: Activity_windows_visible id: ActivityRecord{bb9298c u0 com.wallapop/com.rewallapop.ui.user.profile.ProfileActivity t984} time:128329969

07-09 15:32:04.743   874  1132 I Timeline: Timeline: Activity_windows_visible id: ActivityRecord{1480420 u0 com.wallapop/com.rewallapop.ui.user.profile.edit.EditProfileDraftLocationActivity t984} time:128329990

07-09 15:32:04.753 14321 14321 V ActivityThread: updateVisibility : ActivityRecord{a134c5f token=android.os.BinderProxy@776e988 {com.wallapop/com.rewallapop.ui.user.profile.edit.EditProfileActivity}} show : true

07-09 15:32:10.613   874  1015 I LocationManagerService: remove d6b5ad2 by com.wallapop

07-09 15:32:10.613   874  1015 I AppOps  : sendInfoToFLP, code=41 , uid=10276 , packageName=com.wallapop , type=finishOp

07-09 15:32:23.223   874  2732 I AppOps  : sendInfoToFLP, code=41 , uid=10276 , packageName=com.wallapop , type=finishOp

07-09 15:32:23.223   874  1721 I AppOps  : sendInfoToFLP, code=42 , uid=10276 , packageName=com.wallapop , type=finishOp

07-09 15:32:23.243   874  1027 V MARsPolicyManager: updatePackagesScore PackageInfo name -- com.wallapop

07-09 15:32:23.253   874  1028 D StatusBarManagerService: manageDisableList userId=0 what=0x0 pkg=Window{47fbc08 u0 d0 com.wallapop/com.rewallapop.ui.user.profile.edit.EditProfileActivity}

07-09 15:32:23.453   874  1714 I AppOps  : sendInfoToFLP, code=41 , uid=10276 , packageName=com.wallapop , type=finishOp

07-09 15:32:26.503   874  1027 V MARsPolicyManager: updatePackagesScore PackageInfo name -- com.wallapop

07-09 15:32:26.513   874  1028 D StatusBarManagerService: manageDisableList userId=0 what=0x0 pkg=Window{6cbf890 u0 d0 com.wallapop/com.rewallapop.ui.user.profile.ProfileActivity}

07-09 15:32:26.523   874  1721 W ActivityManager: Duplicate finish request for ActivityRecord{d5ebc97 u0 com.wallapop/com.rewallapop.ui.user.profile.edit.EditProfileActivity t984 f}

07-09 15:32:26.563   874  1721 W ActivityManager: Duplicate finish request for ActivityRecord{d5ebc97 u0 com.wallapop/com.rewallapop.ui.user.profile.edit.EditProfileActivity t984 f}

07-09 15:32:26.633   874  2732 W ActivityManager: Duplicate finish request for ActivityRecord{d5ebc97 u0 com.wallapop/com.rewallapop.ui.user.profile.edit.EditProfileActivity t984 f}

07-09 15:32:26.713 14321 18678 W System.err: remove failed: ENOENT (No such file or directory) : /data/user/0/com.wallapop/cache/okhttp/26f462c77c36f088acd9af7cc268859f.0

07-09 15:32:26.713 14321 18678 W System.err: remove failed: ENOENT (No such file or directory) : /data/user/0/com.wallapop/cache/okhttp/26f462c77c36f088acd9af7cc268859f.1

07-09 15:32:27.753 14321 14321 I Timeline: Timeline: Activity_launch_request id:com.wallapop time:128353009

07-09 15:32:27.763   874  1721 V WindowManager: addAppToken: AppWindowToken{5bcd8c0 token=Token{db16a43 ActivityRecord{46d13f2 u0 com.wallapop/com.rewallapop.ui.user.profile.edit.EditProfileActivity t984}}} to stack=1 task=984 at 2

07-09 15:32:27.803   874  1027 V MARsPolicyManager: updatePackagesScore PackageInfo name -- com.wallapop

07-09 15:32:27.843 14321 14321 W ResourcesManager: getTopLevelResources: /data/app/com.wallapop-1/base.apk / 1.0 running in com.wallapop rsrc of package null

07-09 15:32:27.843 14321 14321 W ResourcesManager: getTopLevelResources: /data/app/com.wallapop-1/base.apk / 1.0 running in com.wallapop rsrc of package null

07-09 15:32:27.883   874   892 V AlarmManager:  remove PendingIntent] PendingIntent{9603cb5: PendingIntentRecord{b50d625 com.wallapop broadcastIntent}}

07-09 15:32:27.923   874  1422 D ISSUE_DEBUG: InputChannelName : 563debb com.wallapop/com.rewallapop.ui.user.profile.edit.EditProfileActivity

07-09 15:32:27.943   874  1028 D StatusBarManagerService: manageDisableList userId=0 what=0x0 pkg=Window{563debb u0 d0 com.wallapop/com.rewallapop.ui.user.profile.edit.EditProfileActivity}

07-09 15:32:27.983   874  1714 V WindowStateAnimator: Finishing drawing window Window{563debb u0 d0 com.wallapop/com.rewallapop.ui.user.profile.edit.EditProfileActivity}: mDrawState=DRAW_PENDING

07-09 15:32:28.013   874  1132 I ActivityManager: Displayed com.wallapop/com.rewallapop.ui.user.profile.edit.EditProfileActivity: +215ms (total +4s780ms)

07-09 15:32:28.023   874  3012 V WindowStateAnimator: Finishing drawing window Window{563debb u0 d0 com.wallapop/com.rewallapop.ui.user.profile.edit.EditProfileActivity}: mDrawState=HAS_DRAWN

07-09 15:32:28.423   874  1132 I Timeline: Timeline: Activity_windows_visible id: ActivityRecord{46d13f2 u0 com.wallapop/com.rewallapop.ui.user.profile.edit.EditProfileActivity t984} time:128353674

07-09 15:32:28.603 14321 14321 V ActivityThread: updateVisibility : ActivityRecord{63be92 token=android.os.BinderProxy@37088f9 {com.wallapop/com.rewallapop.ui.user.profile.ProfileActivity}} show : true


