04-13 01:06:00.048   580   632 I SurfaceFlinger: id=146861 createSurf (0x0),-1 flag=80004, Surface(name=AppWindowToken{4858aa6 token=Token{163bc01 ActivityRecord{11ebde8 u0 com.wallapop/com.rewallapop.ui.wall.WallActivity t2355}}})/@0xab40dd5 - animation-leash#0

04-13 01:06:00.049   949  1090 D WindowManager: makeSurface duration=1 leash=Surface(name=Surface(name=AppWindowToken{4858aa6 token=Token{163bc01 ActivityRecord{11ebde8 u0 com.wallapop/com.rewallapop.ui.wall.WallActivity t2355}}})/@0xab40dd5 - animation-leash)/@0x29ef9ea

04-13 01:06:00.049   580   632 I SurfaceFlinger: id=146862 createSurf (0x0),-1 flag=80004, Surface(name=AppWindowToken{4858aa6 token=Token{163bc01 ActivityRecord{11ebde8 u0 com.wallapop/com.rewallapop.ui.wall.WallActivity t2355}}})/@0xab40dd5 - animation-bounds#0

04-13 01:06:00.052   949  1088 D WindowManager: setSystemUiVisibility: displayId=0, vis=0xa018, fullVis=0x2000, dockVis=0x0, win=Window{b9949ad u0 Splash Screen com.wallapop}

04-13 01:06:00.053   949  1090 V WindowManager: performShow on Window{a8aa0e0 u0 com.wallapop/com.rewallapop.ui.wall.WallActivity}: mDrawState=READY_TO_SHOW readyForDisplay=false starting=false during animation: policyVis=true parentHidden=false tok.hiddenRequested=true tok.hidden=true animating=false tok animating=false Callers=com.android.server.wm.WindowState.performShowLocked:4660 com.android.server.wm.WindowStateAnimator.commitFinishDrawingLocked:380 com.android.server.wm.DisplayContent.lambda$new$8$DisplayContent:948 com.android.server.wm.-$$Lambda$DisplayContent$qxt4izS31fb0LF2uo_OF9DMa7gc.accept:4

04-13 01:06:00.056   949  1091 V WindowManager: performShow on Window{a8aa0e0 u0 com.wallapop/com.rewallapop.ui.wall.WallActivity}: mDrawState=READY_TO_SHOW readyForDisplay=false starting=false during animation: policyVis=true parentHidden=false tok.hiddenRequested=true tok.hidden=true animating=false tok animating=false Callers=com.android.server.wm.WindowState.performShowLocked:4660 com.android.server.wm.WindowStateAnimator.commitFinishDrawingLocked:380 com.android.server.wm.DisplayContent.lambda$new$8$DisplayContent:948 com.android.server.wm.-$$Lambda$DisplayContent$qxt4izS31fb0LF2uo_OF9DMa7gc.accept:4

04-13 01:06:00.068   949  1090 D GameManagerService: notePauseComponent(), pauseComponent: com.wallapop

04-13 01:06:00.073   949  1091 V WindowManager: performShow on Window{a8aa0e0 u0 com.wallapop/com.rewallapop.ui.wall.WallActivity}: mDrawState=READY_TO_SHOW readyForDisplay=false starting=false during animation: policyVis=true parentHidden=false tok.hiddenRequested=true tok.hidden=true animating=false tok animating=false Callers=com.android.server.wm.WindowState.performShowLocked:4660 com.android.server.wm.DisplayContent.lambda$new$0$DisplayContent:675 com.android.server.wm.-$$Lambda$DisplayContent$0yxrqH9eGY2qTjH1u_BvaVrXCSA.accept:4 com.android.server.wm.WindowContainer$ForAllWindowsConsumerWrapper.apply:1184

04-13 01:06:00.084   949  1090 D GameManagerService: noteResumeComponent(), resumeComponent: com.wallapop

04-13 01:06:00.084   949  1764 D GameManagerService: onLooperPrepared(), msg: { when=0 what=10000 obj=ComponentInfo{com.wallapop/com.rewallapop.ui.wall.WallActivity} target=com.samsung.android.game.GameManagerService$FgCheckThread$1 }

04-13 01:06:00.138   949  3401 D SamsungAlarmManager: Cancel Alarm calling from uid:10313 pid :22484 / op:PendingIntent{8c6b724: PendingIntentRecord{68e0bf6 com.wallapop broadcastIntent}}

04-13 01:06:00.143   949  3401 D SamsungAlarmManager: Cancel Alarm calling from uid:10313 pid :22484 / op:PendingIntent{241228d: PendingIntentRecord{68e0bf6 com.wallapop broadcastIntent}}

04-13 01:06:00.156   580   580 I SurfaceFlinger:      DEVICE | 0xaa3ff000 | 0002 | RGBA_8888 |   0.0    0.0   38.0 1480.0 |  682    0  720 1480 | Splash Screen com.wallapop#1

04-13 01:06:00.164   949  2196 D ActivityManagerPerformance: Received MSG_DISABLE_ACT_START, r: ActivityRecord{1cf4878 u0 com.wallapop/com.rewallapop.ui.wall.WallActivity t-1 f}

04-13 01:06:00.181   580  1744 I SurfaceFlinger: id=146863 createSurf (0x0),-1 flag=80004, e63a2af com.wallapop/com.rewallapop.ui.wall.newnavigation.BottomNavigationActivity#0

04-13 01:06:00.186   949  1091 V WindowManager: performShow on Window{a8aa0e0 u0 com.wallapop/com.rewallapop.ui.wall.WallActivity}: mDrawState=READY_TO_SHOW readyForDisplay=false starting=false during animation: policyVis=true parentHidden=false tok.hiddenRequested=true tok.hidden=true animating=false tok animating=false Callers=com.android.server.wm.WindowState.performShowLocked:4660 com.android.server.wm.DisplayContent.lambda$new$0$DisplayContent:675 com.android.server.wm.-$$Lambda$DisplayContent$0yxrqH9eGY2qTjH1u_BvaVrXCSA.accept:4 com.android.server.wm.WindowContainer$ForAllWindowsConsumerWrapper.apply:1184

04-13 01:06:00.200   949  1839 D MdnieScenarioControlService:  packageName : com.wallapop    className : com.rewallapop.ui.wall.WallActivity

04-13 01:06:00.210 22484 23208 W com.wallapop: Accessing hidden method Lsun/misc/Unsafe;->getInt(Ljava/lang/Object;J)I (greylist, linking, allowed)

04-13 01:06:00.211 22484 23208 W com.wallapop: Accessing hidden method Lsun/misc/Unsafe;->getLong(Ljava/lang/Object;J)J (greylist,core-platform-api, linking, allowed)

04-13 01:06:00.211 22484 23208 W com.wallapop: Accessing hidden method Lsun/misc/Unsafe;->getObject(Ljava/lang/Object;J)Ljava/lang/Object; (greylist, linking, allowed)

04-13 01:06:00.212 22484 22484 W com.wallapop: Accessing hidden method Lsun/misc/Unsafe;->compareAndSwapObject(Ljava/lang/Object;JLjava/lang/Object;Ljava/lang/Object;)Z (greylist, linking, allowed)

04-13 01:06:00.360 22484 23040 W com.wallapop: Accessing hidden method Lsun/misc/Unsafe;->getInt(Ljava/lang/Object;J)I (greylist, linking, allowed)

04-13 01:06:00.361 22484 23040 W com.wallapop: Accessing hidden method Lsun/misc/Unsafe;->compareAndSwapObject(Ljava/lang/Object;JLjava/lang/Object;Ljava/lang/Object;)Z (greylist, linking, allowed)

04-13 01:06:00.362 22484 23208 W com.wallapop: Accessing hidden method Lsun/misc/Unsafe;->putInt(Ljava/lang/Object;JI)V (greylist, linking, allowed)

04-13 01:06:00.373 22484 23035 W com.wallapop: Accessing hidden method Lsun/misc/Unsafe;->compareAndSwapObject(Ljava/lang/Object;JLjava/lang/Object;Ljava/lang/Object;)Z (greylist, linking, allowed)

04-13 01:06:00.432   949  1012 V WindowManager: performShow on Window{a8aa0e0 u0 com.wallapop/com.rewallapop.ui.wall.WallActivity}: mDrawState=READY_TO_SHOW readyForDisplay=false starting=false during animation: policyVis=true parentHidden=false tok.hiddenRequested=true tok.hidden=true animating=false tok animating=false Callers=com.android.server.wm.WindowState.performShowLocked:4660 com.android.server.wm.WindowStateAnimator.commitFinishDrawingLocked:380 com.android.server.wm.DisplayContent.lambda$new$8$DisplayContent:948 com.android.server.wm.-$$Lambda$DisplayContent$qxt4izS31fb0LF2uo_OF9DMa7gc.accept:4

04-13 01:06:00.433   580   632 I Layer   : id=146835 removeFromCurrentState 90085d3 com.wallapop/com.rewallapop.ui.wall.WallActivity#0 (71)

04-13 01:06:00.435   580   632 I SurfaceFlinger: id=146835 Removed 90085d3 com.wallapop/com.rewallapop.ui.wall.WallActivity#0 (71)

04-13 01:06:00.436   580   580 I Layer   : id=146835[1] Destroyed 90085d3 com.wallapop/com.rewallapop.ui.wall.WallActivity#0

04-13 01:06:00.439   949  1091 V WindowManager: performShow on Window{a8aa0e0 u0 com.wallapop/com.rewallapop.ui.wall.WallActivity}: mDrawState=READY_TO_SHOW readyForDisplay=false starting=false during animation: policyVis=true parentHidden=false tok.hiddenRequested=true tok.hidden=true animating=false tok animating=false Callers=com.android.server.wm.WindowState.performShowLocked:4660 com.android.server.wm.DisplayContent.lambda$new$0$DisplayContent:675 com.android.server.wm.-$$Lambda$DisplayContent$0yxrqH9eGY2qTjH1u_BvaVrXCSA.accept:4 com.android.server.wm.WindowContainer$ForAllWindowsConsumerWrapper.apply:1184

04-13 01:06:00.470   949  1091 V WindowManager: performShow on Window{a8aa0e0 u0 com.wallapop/com.rewallapop.ui.wall.WallActivity}: mDrawState=READY_TO_SHOW readyForDisplay=false starting=false during animation: policyVis=true parentHidden=false tok.hiddenRequested=true tok.hidden=true animating=false tok animating=false Callers=com.android.server.wm.WindowState.performShowLocked:4660 com.android.server.wm.DisplayContent.lambda$new$0$DisplayContent:675 com.android.server.wm.-$$Lambda$DisplayContent$0yxrqH9eGY2qTjH1u_BvaVrXCSA.accept:4 com.android.server.wm.WindowContainer$ForAllWindowsConsumerWrapper.apply:1184

04-13 01:06:00.472   580  1744 I Layer   : id=146820 removeFromCurrentState AppWindowToken{be12dbf token=Token{25407de ActivityRecord{e458b19 u0 com.wallapop/com.rewallapop.ui.wall.WallActivity t2355}}}#0 (70)

04-13 01:06:00.472   580  1744 I SurfaceFlinger: id=146820 Removed AppWindowToken{be12dbf token=Token{25407de ActivityRecord{e458b19 u0 com.wallapop/com.rewallapop.ui.wall.WallActivity t2355}}}#0 (70)

04-13 01:06:00.486   580   580 I Layer   : id=146820[1] Destroyed AppWindowToken{be12dbf token=Token{25407de ActivityRecord{e458b19 u0 com.wallapop/com.rewallapop.ui.wall.WallActivity t2355}}}#0

04-13 01:06:00.496 22484 23220 W com.wallapop: Accessing hidden method Lsun/misc/Unsafe;->getObject(Ljava/lang/Object;J)Ljava/lang/Object; (greylist, linking, allowed)

04-13 01:06:00.501 22484 23208 W com.wallapop: Accessing hidden method Lsun/misc/Unsafe;->putInt(Ljava/lang/Object;JI)V (greylist, linking, allowed)

04-13 01:06:00.507 22484 23250 W com.wallapop: Accessing hidden method Lsun/misc/Unsafe;->compareAndSwapObject(Ljava/lang/Object;JLjava/lang/Object;Ljava/lang/Object;)Z (greylist, linking, allowed)

04-13 01:06:00.572   949  1091 I WindowManager: Reparenting to original parent: Surface(name=Task=2355)/@0xd000e0e, destroyLeash=true, surface=Surface(name=AppWindowToken{18af3bd token=Token{f9d4f14 ActivityRecord{a933567 u0 com.wallapop/com.rewallapop.ui.wall.newnavigation.BottomNavigationActivity t2355}}})/@0xb3626d1

04-13 01:06:00.573   949  1091 V WindowManager: Setting visibility of Window{e63a2af u0 com.wallapop/com.rewallapop.ui.wall.newnavigation.BottomNavigationActivity}: false, caller=com.android.server.wm.WindowContainer.sendAppVisibilityToClients:640 com.android.server.wm.AppWindowToken.setClientHidden:621 com.android.server.wm.AppWindowToken.onAnimationFinished:3516 com.android.server.wm.-$$Lambda$yVRF8YoeNdTa8GR1wDStVsHu8xM.run:2 com.android.server.wm.SurfaceAnimator.lambda$getFinishedCallback$0$SurfaceAnimator:100

04-13 01:06:00.574   949  1091 I WindowManager: Reparenting to original parent: Surface(name=Task=2355)/@0xd000e0e, destroyLeash=true, surface=Surface(name=AppWindowToken{4858aa6 token=Token{163bc01 ActivityRecord{11ebde8 u0 com.wallapop/com.rewallapop.ui.wall.WallActivity t2355}}})/@0xab40dd5

04-13 01:06:00.576   949  1091 V WindowManager: performShow on Window{a8aa0e0 u0 com.wallapop/com.rewallapop.ui.wall.WallActivity}: mDrawState=READY_TO_SHOW readyForDisplay=false starting=false during animation: policyVis=true parentHidden=false tok.hiddenRequested=true tok.hidden=true animating=false tok animating=false Callers=com.android.server.wm.WindowState.performShowLocked:4660 com.android.server.wm.WindowStateAnimator.commitFinishDrawingLocked:380 com.android.server.wm.DisplayContent.lambda$new$8$DisplayContent:948 com.android.server.wm.-$$Lambda$DisplayContent$qxt4izS31fb0LF2uo_OF9DMa7gc.accept:4

04-13 01:06:00.577   580  2337 I Layer   : id=146859 removeFromCurrentState Surface(name=AppWindowToken{18af3bd token=Token{f9d4f14 ActivityRecord{a933567 u0 com.wallapop/com.rewallapop.ui.wall.newnavigation.BottomNavigationActivity t2355}}})/@0xb3626d1 - animation-leash#0 (69)

04-13 01:06:00.577   580  2337 I Layer   : id=146860 removeFromCurrentState Surface(name=AppWindowToken{18af3bd token=Token{f9d4f14 ActivityRecord{a933567 u0 com.wallapop/com.rewallapop.ui.wall.newnavigation.BottomNavigationActivity t2355}}})/@0xb3626d1 - animation-bounds#0 (69)

04-13 01:06:00.577   580  2337 I Layer   : id=146861 removeFromCurrentState Surface(name=AppWindowToken{4858aa6 token=Token{163bc01 ActivityRecord{11ebde8 u0 com.wallapop/com.rewallapop.ui.wall.WallActivity t2355}}})/@0xab40dd5 - animation-leash#0 (69)

04-13 01:06:00.577   580  2337 I Layer   : id=146862 removeFromCurrentState Surface(name=AppWindowToken{4858aa6 token=Token{163bc01 ActivityRecord{11ebde8 u0 com.wallapop/com.rewallapop.ui.wall.WallActivity t2355}}})/@0xab40dd5 - animation-bounds#0 (69)

04-13 01:06:00.582   580  1744 I SurfaceFlinger: id=146859 Removed Surface(name=AppWindowToken{18af3bd token=Token{f9d4f14 ActivityRecord{a933567 u0 com.wallapop/com.rewallapop.ui.wall.newnavigation.BottomNavigationActivity t2355}}})/@0xb3626d1 - animation-leash#0 (69)

04-13 01:06:00.582   580  1744 I SurfaceFlinger: id=146860 Removed Surface(name=AppWindowToken{18af3bd token=Token{f9d4f14 ActivityRecord{a933567 u0 com.wallapop/com.rewallapop.ui.wall.newnavigation.BottomNavigationActivity t2355}}})/@0xb3626d1 - animation-bounds#0 (69)

04-13 01:06:00.582   580  1744 I SurfaceFlinger: id=146861 Removed Surface(name=AppWindowToken{4858aa6 token=Token{163bc01 ActivityRecord{11ebde8 u0 com.wallapop/com.rewallapop.ui.wall.WallActivity t2355}}})/@0xab40dd5 - animation-leash#0 (69)

04-13 01:06:00.582   580  1744 I SurfaceFlinger: id=146862 Removed Surface(name=AppWindowToken{4858aa6 token=Token{163bc01 ActivityRecord{11ebde8 u0 com.wallapop/com.rewallapop.ui.wall.WallActivity t2355}}})/@0xab40dd5 - animation-bounds#0 (69)

04-13 01:06:00.587   580   580 I Layer   : id=146860[1] Destroyed Surface(name=AppWindowToken{18af3bd token=Token{f9d4f14 ActivityRecord{a933567 u0 com.wallapop/com.rewallapop.ui.wall.newnavigation.BottomNavigationActivity t2355}}})/@0xb3626d1 - animation-bounds#0

04-13 01:06:00.587   580   580 I Layer   : id=146859[1] Destroyed Surface(name=AppWindowToken{18af3bd token=Token{f9d4f14 ActivityRecord{a933567 u0 com.wallapop/com.rewallapop.ui.wall.newnavigation.BottomNavigationActivity t2355}}})/@0xb3626d1 - animation-leash#0

04-13 01:06:00.587   580   580 I Layer   : id=146862[1] Destroyed Surface(name=AppWindowToken{4858aa6 token=Token{163bc01 ActivityRecord{11ebde8 u0 com.wallapop/com.rewallapop.ui.wall.WallActivity t2355}}})/@0xab40dd5 - animation-bounds#0

04-13 01:06:00.587   580   580 I Layer   : id=146861[1] Destroyed Surface(name=AppWindowToken{4858aa6 token=Token{163bc01 ActivityRecord{11ebde8 u0 com.wallapop/com.rewallapop.ui.wall.WallActivity t2355}}})/@0xab40dd5 - animation-leash#0

04-13 01:06:00.594 22484 22775 W com.wallapop: Accessing hidden method Lsun/misc/Unsafe;->compareAndSwapObject(Ljava/lang/Object;JLjava/lang/Object;Ljava/lang/Object;)Z (greylist, linking, allowed)

04-13 01:06:00.595 22484 23272 W com.wallapop: Accessing hidden method Lsun/misc/Unsafe;->putObject(Ljava/lang/Object;JLjava/lang/Object;)V (greylist, linking, allowed)

04-13 01:06:00.595 22484 23272 W com.wallapop: Accessing hidden method Lsun/misc/Unsafe;->putInt(Ljava/lang/Object;JI)V (greylist, linking, allowed)

04-13 01:06:00.583   949  1091 V WindowManager: performShow on Window{a8aa0e0 u0 com.wallapop/com.rewallapop.ui.wall.WallActivity}: mDrawState=READY_TO_SHOW readyForDisplay=false starting=false during animation: policyVis=true parentHidden=false tok.hiddenRequested=true tok.hidden=true animating=false tok animating=false Callers=com.android.server.wm.WindowState.performShowLocked:4660 com.android.server.wm.WindowStateAnimator.commitFinishDrawingLocked:380 com.android.server.wm.DisplayContent.lambda$new$8$DisplayContent:948 com.android.server.wm.-$$Lambda$DisplayContent$qxt4izS31fb0LF2uo_OF9DMa7gc.accept:4

04-13 01:06:00.602   949  1091 V WindowManager: performShow on Window{a8aa0e0 u0 com.wallapop/com.rewallapop.ui.wall.WallActivity}: mDrawState=READY_TO_SHOW readyForDisplay=false starting=false during animation: policyVis=true parentHidden=false tok.hiddenRequested=true tok.hidden=true animating=false tok animating=false Callers=com.android.server.wm.WindowState.performShowLocked:4660 com.android.server.wm.DisplayContent.lambda$new$0$DisplayContent:675 com.android.server.wm.-$$Lambda$DisplayContent$0yxrqH9eGY2qTjH1u_BvaVrXCSA.accept:4 com.android.server.wm.WindowContainer$ForAllWindowsConsumerWrapper.apply:1184

04-13 01:06:00.603 22484 23268 W com.wallapop: Accessing hidden method Lsun/misc/Unsafe;->compareAndSwapObject(Ljava/lang/Object;JLjava/lang/Object;Ljava/lang/Object;)Z (greylist, linking, allowed)

04-13 01:06:00.606   949  1091 V WindowManager: performShow on Window{a8aa0e0 u0 com.wallapop/com.rewallapop.ui.wall.WallActivity}: mDrawState=READY_TO_SHOW readyForDisplay=false starting=false during animation: policyVis=true parentHidden=false tok.hiddenRequested=true tok.hidden=true animating=false tok animating=false Callers=com.android.server.wm.WindowState.performShowLocked:4660 com.android.server.wm.WindowStateAnimator.commitFinishDrawingLocked:380 com.android.server.wm.DisplayContent.lambda$new$8$DisplayContent:948 com.android.server.wm.-$$Lambda$DisplayContent$qxt4izS31fb0LF2uo_OF9DMa7gc.accept:4

04-13 01:06:00.608 22484 23250 W com.wallapop: Accessing hidden method Lsun/misc/Unsafe;->compareAndSwapObject(Ljava/lang/Object;JLjava/lang/Object;Ljava/lang/Object;)Z (greylist, linking, allowed)

04-13 01:06:00.618 22484 22665 W com.wallapop: Accessing hidden method Lsun/misc/Unsafe;->compareAndSwapObject(Ljava/lang/Object;JLjava/lang/Object;Ljava/lang/Object;)Z (greylist, linking, allowed)

04-13 01:06:00.620   949  1091 V WindowManager: performShow on Window{a8aa0e0 u0 com.wallapop/com.rewallapop.ui.wall.WallActivity}: mDrawState=READY_TO_SHOW readyForDisplay=false starting=false during animation: policyVis=true parentHidden=false tok.hiddenRequested=true tok.hidden=true animating=false tok animating=false Callers=com.android.server.wm.WindowState.performShowLocked:4660 com.android.server.wm.DisplayContent.lambda$new$0$DisplayContent:675 com.android.server.wm.-$$Lambda$DisplayContent$0yxrqH9eGY2qTjH1u_BvaVrXCSA.accept:4 com.android.server.wm.WindowContainer$ForAllWindowsConsumerWrapper.apply:1184

04-13 01:06:00.623 22484 23176 W com.wallapop: Accessing hidden method Lsun/misc/Unsafe;->compareAndSwapObject(Ljava/lang/Object;JLjava/lang/Object;Ljava/lang/Object;)Z (greylist, linking, allowed)

04-13 01:06:00.634 22484 23273 W com.wallapop: Accessing hidden method Lsun/misc/Unsafe;->compareAndSwapObject(Ljava/lang/Object;JLjava/lang/Object;Ljava/lang/Object;)Z (greylist, linking, allowed)

04-13 01:06:00.638 22484 23280 W com.wallapop: Accessing hidden method Lsun/misc/Unsafe;->compareAndSwapObject(Ljava/lang/Object;JLjava/lang/Object;Ljava/lang/Object;)Z (greylist, linking, allowed)

04-13 01:06:00.638 22484 23284 W com.wallapop: Accessing hidden method Lsun/misc/Unsafe;->compareAndSwapObject(Ljava/lang/Object;JLjava/lang/Object;Ljava/lang/Object;)Z (greylist, linking, allowed)

04-13 01:06:00.644 22484 22821 W com.wallapop: Accessing hidden method Lsun/misc/Unsafe;->compareAndSwapObject(Ljava/lang/Object;JLjava/lang/Object;Ljava/lang/Object;)Z (greylist, linking, allowed)

04-13 01:06:00.644 22484 22821 W com.wallapop: Accessing hidden method Lsun/misc/Unsafe;->compareAndSwapObject(Ljava/lang/Object;JLjava/lang/Object;Ljava/lang/Object;)Z (greylist, linking, allowed)

04-13 01:06:00.645 22484 22776 W com.wallapop: Accessing hidden method Lsun/misc/Unsafe;->compareAndSwapObject(Ljava/lang/Object;JLjava/lang/Object;Ljava/lang/Object;)Z (greylist, linking, allowed)

04-13 01:06:00.653 22484 23277 W com.wallapop: Accessing hidden method Lsun/misc/Unsafe;->compareAndSwapObject(Ljava/lang/Object;JLjava/lang/Object;Ljava/lang/Object;)Z (greylist, linking, allowed)

04-13 01:06:00.669 22484 22776 W com.wallapop: Accessing hidden method Lsun/misc/Unsafe;->compareAndSwapObject(Ljava/lang/Object;JLjava/lang/Object;Ljava/lang/Object;)Z (greylist, linking, allowed)

04-13 01:06:00.671 22484 23276 W com.wallapop: Accessing hidden method Lsun/misc/Unsafe;->compareAndSwapObject(Ljava/lang/Object;JLjava/lang/Object;Ljava/lang/Object;)Z (greylist, linking, allowed)

04-13 01:06:00.671 22484 22665 W com.wallapop: Accessing hidden method Lsun/misc/Unsafe;->compareAndSwapObject(Ljava/lang/Object;JLjava/lang/Object;Ljava/lang/Object;)Z (greylist, linking, allowed)

04-13 01:06:00.671 22484 22665 W com.wallapop: Accessing hidden method Lsun/misc/Unsafe;->compareAndSwapObject(Ljava/lang/Object;JLjava/lang/Object;Ljava/lang/Object;)Z (greylist, linking, allowed)

04-13 01:06:00.672 22484 22776 W com.wallapop: Accessing hidden method Lsun/misc/Unsafe;->compareAndSwapObject(Ljava/lang/Object;JLjava/lang/Object;Ljava/lang/Object;)Z (greylist, linking, allowed)

04-13 01:06:00.679 22484 23224 W com.wallapop: Accessing hidden method Lsun/misc/Unsafe;->getObject(Ljava/lang/Object;J)Ljava/lang/Object; (greylist, linking, allowed)

04-13 01:06:00.689 22484 23287 W com.wallapop: Accessing hidden method Lsun/misc/Unsafe;->compareAndSwapObject(Ljava/lang/Object;JLjava/lang/Object;Ljava/lang/Object;)Z (greylist, linking, allowed)

04-13 01:06:00.690 22484 23208 W com.wallapop: Accessing hidden method Lsun/misc/Unsafe;->getLong(Ljava/lang/Object;J)J (greylist,core-platform-api, linking, allowed)

04-13 01:06:00.691 22484 22775 W com.wallapop: Accessing hidden method Lsun/misc/Unsafe;->compareAndSwapObject(Ljava/lang/Object;JLjava/lang/Object;Ljava/lang/Object;)Z (greylist, linking, allowed)

04-13 01:06:00.696 22484 23255 W com.wallapop: Accessing hidden method Lsun/misc/Unsafe;->compareAndSwapObject(Ljava/lang/Object;JLjava/lang/Object;Ljava/lang/Object;)Z (greylist, linking, allowed)

04-13 01:06:00.698 22484 23288 W com.wallapop: Accessing hidden method Lsun/misc/Unsafe;->compareAndSwapObject(Ljava/lang/Object;JLjava/lang/Object;Ljava/lang/Object;)Z (greylist, linking, allowed)

04-13 01:06:00.700 22484 23176 W com.wallapop: Accessing hidden method Lsun/misc/Unsafe;->compareAndSwapObject(Ljava/lang/Object;JLjava/lang/Object;Ljava/lang/Object;)Z (greylist, linking, allowed)

04-13 01:06:00.700 22484 23176 W com.wallapop: Accessing hidden method Lsun/misc/Unsafe;->compareAndSwapObject(Ljava/lang/Object;JLjava/lang/Object;Ljava/lang/Object;)Z (greylist, linking, allowed)

04-13 01:06:00.716 22484 22821 W com.wallapop: Accessing hidden method Lsun/misc/Unsafe;->compareAndSwapObject(Ljava/lang/Object;JLjava/lang/Object;Ljava/lang/Object;)Z (greylist, linking, allowed)

04-13 01:06:00.718 22484 22821 W com.wallapop: Accessing hidden method Lsun/misc/Unsafe;->compareAndSwapObject(Ljava/lang/Object;JLjava/lang/Object;Ljava/lang/Object;)Z (greylist, linking, allowed)

04-13 01:06:00.761   949  1012 V WindowManager: performShow on Window{a8aa0e0 u0 com.wallapop/com.rewallapop.ui.wall.WallActivity}: mDrawState=READY_TO_SHOW readyForDisplay=false starting=false during animation: policyVis=true parentHidden=false tok.hiddenRequested=true tok.hidden=true animating=false tok animating=false Callers=com.android.server.wm.WindowState.performShowLocked:4660 com.android.server.wm.WindowStateAnimator.commitFinishDrawingLocked:380 com.android.server.wm.DisplayContent.lambda$new$8$DisplayContent:948 com.android.server.wm.-$$Lambda$DisplayContent$qxt4izS31fb0LF2uo_OF9DMa7gc.accept:4

04-13 01:06:00.762   580   632 I Layer   : id=146827 removeFromCurrentState 7731a38 com.wallapop/com.rewallapop.ui.wall.WallActivity#0 (65)

04-13 01:06:00.768 22484 23208 W com.wallapop: Accessing hidden method Lsun/misc/Unsafe;->getLong(Ljava/lang/Object;J)J (greylist,core-platform-api, linking, allowed)

04-13 01:06:00.771   580  2337 I SurfaceFlinger: id=146827 Removed 7731a38 com.wallapop/com.rewallapop.ui.wall.WallActivity#0 (65)

04-13 01:06:00.776   949  1091 V WindowManager: performShow on Window{a8aa0e0 u0 com.wallapop/com.rewallapop.ui.wall.WallActivity}: mDrawState=READY_TO_SHOW readyForDisplay=false starting=false during animation: policyVis=true parentHidden=false tok.hiddenRequested=true tok.hidden=true animating=false tok animating=false Callers=com.android.server.wm.WindowState.performShowLocked:4660 com.android.server.wm.DisplayContent.lambda$new$0$DisplayContent:675 com.android.server.wm.-$$Lambda$DisplayContent$0yxrqH9eGY2qTjH1u_BvaVrXCSA.accept:4 com.android.server.wm.WindowContainer$ForAllWindowsConsumerWrapper.apply:1184

04-13 01:06:00.777   580  2337 I Layer   : id=146810 removeFromCurrentState AppWindowToken{bc51f0f token=Token{896ac6e ActivityRecord{fb0a7e9 u0 com.wallapop/com.rewallapop.ui.wall.WallActivity t2355}}}#0 (65)

04-13 01:06:00.778   580  2337 I SurfaceFlinger: id=146810 Removed AppWindowToken{bc51f0f token=Token{896ac6e ActivityRecord{fb0a7e9 u0 com.wallapop/com.rewallapop.ui.wall.WallActivity t2355}}}#0 (65)

04-13 01:06:00.787   580   580 I Layer   : id=146827[1] Destroyed 7731a38 com.wallapop/com.rewallapop.ui.wall.WallActivity#0

04-13 01:06:00.787   580   580 I Layer   : id=146810[1] Destroyed AppWindowToken{bc51f0f token=Token{896ac6e ActivityRecord{fb0a7e9 u0 com.wallapop/com.rewallapop.ui.wall.WallActivity t2355}}}#0

04-13 01:06:00.791  1923  2018 E RequestManager_FLP: [FusedLocationApi] Location remove 58ba8cb from com.wallapop

04-13 01:06:00.851   949  2015 I WindowManager: Destroying surface Surface(name=com.wallapop/com.rewallapop.ui.wall.WallActivity$_22484)/@0xd7856ec called by com.android.server.wm.WindowStateAnimator.destroySurface:1734 com.android.server.wm.WindowStateAnimator.destroySurfaceLocked:693 com.android.server.wm.WindowState.removeImmediately:2282 com.android.server.wm.WindowState.removeIfPossible:2418 com.android.server.wm.WindowState.removeIfPossible:2297 com.android.server.wm.WindowManagerService.removeWindow:2017 com.android.server.wm.Session.remove:184 android.view.IWindowSession$Stub.onTransact:658

04-13 01:06:00.851   580   632 I Layer   : id=146817 removeFromCurrentState com.wallapop/com.rewallapop.ui.wall.WallActivity$_22484#0 (63)

04-13 01:06:00.852   580   632 I SurfaceFlinger: id=146817 Removed com.wallapop/com.rewallapop.ui.wall.WallActivity$_22484#0 (63)

04-13 01:06:00.854   580   580 I Layer   : id=146817[1] Destroyed com.wallapop/com.rewallapop.ui.wall.WallActivity$_22484#0

04-13 01:06:00.860   580  2337 I Layer   : id=146804 removeFromCurrentState a8aa0e0 com.wallapop/com.rewallapop.ui.wall.WallActivity#0 (62)

04-13 01:06:00.863   580   722 I SurfaceFlinger: id=146804 Removed a8aa0e0 com.wallapop/com.rewallapop.ui.wall.WallActivity#0 (62)

04-13 01:06:00.871   580   580 I Layer   : id=146804[1] Destroyed a8aa0e0 com.wallapop/com.rewallapop.ui.wall.WallActivity#0

04-13 01:06:00.888   580  2337 I Layer   : id=146796 removeFromCurrentState AppWindowToken{1fb2278 token=Token{5e867db ActivityRecord{fc1a8ea u0 com.wallapop/com.rewallapop.ui.wall.WallActivity t2355}}}#0 (61)

04-13 01:06:00.890   580  2337 I SurfaceFlinger: id=146796 Removed AppWindowToken{1fb2278 token=Token{5e867db ActivityRecord{fc1a8ea u0 com.wallapop/com.rewallapop.ui.wall.WallActivity t2355}}}#0 (61)

04-13 01:06:00.902 22484 23221 W com.wallapop: Accessing hidden method Lsun/misc/Unsafe;->compareAndSwapObject(Ljava/lang/Object;JLjava/lang/Object;Ljava/lang/Object;)Z (greylist, linking, allowed)

04-13 01:06:00.904   580   580 I Layer   : id=146796[1] Destroyed AppWindowToken{1fb2278 token=Token{5e867db ActivityRecord{fc1a8ea u0 com.wallapop/com.rewallapop.ui.wall.WallActivity t2355}}}#0

04-13 01:06:00.932   949  1012 V WindowManager: Relayout Window{e63a2af u0 com.wallapop/com.rewallapop.ui.wall.newnavigation.BottomNavigationActivity}: viewVisibility=0 req=720x1480

04-13 01:06:00.975   949  1012 I ActivityTaskManager: START u0 {flg=0x10008000 cmp=com.wallapop/com.rewallapop.ui.wall.WallActivity} from uid 10313

04-13 01:06:01.002   580  2337 I SurfaceFlinger: id=146864 createSurf (0x0),-1 flag=80004, AppWindowToken{bfba3a2 token=Token{206eb6d ActivityRecord{b149784 u0 com.wallapop/com.rewallapop.ui.wall.WallActivity t2355}}}#0

04-13 01:06:01.012   949  1090 D GameSDKService: MultiWindowEventListener.onFocusStackChanged(), state=0, top=ComponentInfo{com.wallapop/com.rewallapop.ui.wall.WallActivity}

04-13 01:06:01.013   949  1090 D GameSDKService: MultiWindowEventListener.onFocusStackChanged(): com.wallapop

04-13 01:06:01.013   949  1090 D GameManagerService: MultiWindowEventListener.onFocusedStackChanged(), state=0, top=ComponentInfo{com.wallapop/com.rewallapop.ui.wall.WallActivity}

04-13 01:06:01.013   949  1090 D GameManagerService: MultiWindowEventListener.onFocusedStackChanged(), pkgName: com.wallapop, clsName: com.rewallapop.ui.wall.WallActivity, FgActivityName:com.wallapop/com.rewallapop.ui.wall.WallActivity, userID:0

04-13 01:06:01.013   949  1091 D PhoneWindow: forceLight changed to true [Splash Screen com.wallapop] from com.android.internal.policy.PhoneWindow.updateForceLightNavigationBar:4238 com.android.internal.policy.DecorView.updateColorViews:1510 com.android.internal.policy.PhoneWindow.dispatchWindowAttributesChanged:3216 android.view.Window.setFlags:1148 com.android.internal.policy.PhoneWindow.generateLayout:2444

04-13 01:06:01.014   949  1764 D GameManagerService: onLooperPrepared(), msg: { when=0 what=10000 obj=ComponentInfo{com.wallapop/com.rewallapop.ui.wall.WallActivity} target=com.samsung.android.game.GameManagerService$FgCheckThread$1 }

04-13 01:06:01.014   949  1091 D PhoneWindow: forceLight changed to false [Splash Screen com.wallapop] from com.android.internal.policy.PhoneWindow.updateForceLightNavigationBar:4244 com.android.internal.policy.DecorView.updateColorViews:1510 com.android.internal.policy.PhoneWindow.dispatchWindowAttributesChanged:3216 android.view.Window.setFlags:1148 com.android.internal.policy.PhoneWindow.generateLayout:2590

04-13 01:06:01.019   580  2337 I SurfaceFlinger: id=146865 createSurf (0x0),-1 flag=80004, 4528508 Splash Screen com.wallapop#0

04-13 01:06:01.025   949  1091 V WindowManager: Relayout Window{4528508 u0 Splash Screen com.wallapop}: viewVisibility=0 req=720x1480

04-13 01:06:01.028   580  2337 I SurfaceFlinger: id=146866 createSurf (720x1480),1 flag=404, Splash Screen com.wallapop#0

04-13 01:06:01.030   949  1091 D WindowManager: makeSurface duration=2 name=Splash Screen com.wallapop

04-13 01:06:01.048   949  2015 I ActivityTaskManager: The Process com.wallapop Already Exists in BG. So sending its PID: 22484

04-13 01:06:01.053   949  1091 D WindowManager: finishDrawingWindow: Window{4528508 u0 Splash Screen com.wallapop} mDrawState=DRAW_PENDING

04-13 01:06:01.056   949  1091 I WindowManager: Destroying surface Surface(name=Splash Screen com.wallapop)/@0xc783952 called by com.android.server.wm.WindowStateAnimator.destroySurface:1734 com.android.server.wm.WindowStateAnimator.destroySurfaceLocked:693 com.android.server.wm.WindowState.removeImmediately:2282 com.android.server.wm.WindowState.removeIfPossible:2418 com.android.server.wm.WindowState.removeIfPossible:2297 com.android.server.wm.WindowManagerService.removeWindow:2017 com.android.server.wm.Session.remove:184 android.view.ViewRootImpl.dispatchDetachedFromWindow:4931

04-13 01:06:01.057   580  2337 I Layer   : id=146858 removeFromCurrentState Splash Screen com.wallapop#1 (63)

04-13 01:06:01.059   949  1091 V WindowManager: performShow on Window{4528508 u0 Splash Screen com.wallapop}: mDrawState=READY_TO_SHOW readyForDisplay=false starting=true during animation: policyVis=true parentHidden=false tok.hiddenRequested=false tok.hidden=true animating=true tok animating=true Callers=com.android.server.wm.WindowState.performShowLocked:4660 com.android.server.wm.WindowStateAnimator.commitFinishDrawingLocked:380 com.android.server.wm.DisplayContent.lambda$new$8$DisplayContent:948 com.android.server.wm.-$$Lambda$DisplayContent$qxt4izS31fb0LF2uo_OF9DMa7gc.accept:4

04-13 01:06:01.060   580  2337 I Layer   : id=146857 removeFromCurrentState b9949ad Splash Screen com.wallapop#0 (63)

04-13 01:06:01.063   580   634 I SurfaceFlinger: id=146858 Removed Splash Screen com.wallapop#1 (63)

04-13 01:06:01.063   580   634 I SurfaceFlinger: id=146857 Removed b9949ad Splash Screen com.wallapop#0 (63)

04-13 01:06:01.071   580   580 I Layer   : id=146857[1] Destroyed b9949ad Splash Screen com.wallapop#0

04-13 01:06:01.073   580   580 I Layer   : id=146858[1] Destroyed Splash Screen com.wallapop#1

04-13 01:06:01.097 22484 22498 I com.wallapop: Background concurrent copying GC freed 190149(11MB) AllocSpace objects, 122(4856KB) LOS objects, 50% free, 17MB/35MB, paused 2.594ms total 874.473ms

04-13 01:06:01.100   949  2015 V WindowManager: Relayout Window{25f6d3b u0 com.wallapop/com.rewallapop.ui.wall.newnavigation.BottomNavigationActivity}: viewVisibility=8 req=720x1480

04-13 01:06:01.102   949  2015 V WindowManager: performShow on Window{4528508 u0 Splash Screen com.wallapop}: mDrawState=READY_TO_SHOW readyForDisplay=false starting=true during animation: policyVis=true parentHidden=false tok.hiddenRequested=false tok.hidden=true animating=true tok animating=true Callers=com.android.server.wm.WindowState.performShowLocked:4660 com.android.server.wm.WindowStateAnimator.commitFinishDrawingLocked:380 com.android.server.wm.DisplayContent.lambda$new$8$DisplayContent:948 com.android.server.wm.-$$Lambda$DisplayContent$qxt4izS31fb0LF2uo_OF9DMa7gc.accept:4

04-13 01:06:01.130 22484 23204 W com.wallapop: Accessing hidden method Lsun/misc/Unsafe;->putLong(Ljava/lang/Object;JJ)V (greylist, linking, allowed)

04-13 01:06:01.197 22484 22484 W com.wallapop: Accessing hidden method Lsun/misc/Unsafe;->compareAndSwapObject(Ljava/lang/Object;JLjava/lang/Object;Ljava/lang/Object;)Z (greylist, linking, allowed)

04-13 01:06:01.212 22484 22491 W com.wallapop: Accessing hidden method Lsun/misc/Unsafe;->putInt(Ljava/lang/Object;JI)V (greylist, linking, allowed)

04-13 01:06:01.249   949  2015 V WindowManager: performShow on Window{4528508 u0 Splash Screen com.wallapop}: mDrawState=READY_TO_SHOW readyForDisplay=false starting=true during animation: policyVis=true parentHidden=false tok.hiddenRequested=false tok.hidden=true animating=true tok animating=true Callers=com.android.server.wm.WindowState.performShowLocked:4660 com.android.server.wm.WindowStateAnimator.commitFinishDrawingLocked:380 com.android.server.wm.DisplayContent.lambda$new$8$DisplayContent:948 com.android.server.wm.-$$Lambda$DisplayContent$qxt4izS31fb0LF2uo_OF9DMa7gc.accept:4

04-13 01:06:01.250   580   634 I Layer   : id=146851 removeFromCurrentState 25f6d3b com.wallapop/com.rewallapop.ui.wall.newnavigation.BottomNavigationActivity#0 (61)

04-13 01:06:01.252   580   634 I SurfaceFlinger: id=146851 Removed 25f6d3b com.wallapop/com.rewallapop.ui.wall.newnavigation.BottomNavigationActivity#0 (61)

04-13 01:06:01.255   580   580 I Layer   : id=146851[1] Destroyed 25f6d3b com.wallapop/com.rewallapop.ui.wall.newnavigation.BottomNavigationActivity#0

04-13 01:06:01.259   580   634 I Layer   : id=146828 removeFromCurrentState AppWindowToken{c7eba26 token=Token{8cdf981 ActivityRecord{5fd8168 u0 com.wallapop/com.rewallapop.ui.wall.newnavigation.BottomNavigationActivity t2355}}}#0 (60)

04-13 01:06:01.261   580   634 I SurfaceFlinger: id=146828 Removed AppWindowToken{c7eba26 token=Token{8cdf981 ActivityRecord{5fd8168 u0 com.wallapop/com.rewallapop.ui.wall.newnavigation.BottomNavigationActivity t2355}}}#0 (60)

04-13 01:06:01.263 22484 23192 W com.wallapop: Accessing hidden method Lsun/misc/Unsafe;->getLong(Ljava/lang/Object;J)J (greylist,core-platform-api, linking, allowed)

04-13 01:06:01.263 22484 23192 W com.wallapop: Accessing hidden method Lsun/misc/Unsafe;->putLong(Ljava/lang/Object;JJ)V (greylist, linking, allowed)

04-13 01:06:01.263 22484 23192 W com.wallapop: Accessing hidden method Lsun/misc/Unsafe;->getObject(Ljava/lang/Object;J)Ljava/lang/Object; (greylist, linking, allowed)

04-13 01:06:01.264 22484 23192 W com.wallapop: Accessing hidden method Lsun/misc/Unsafe;->putObject(Ljava/lang/Object;JLjava/lang/Object;)V (greylist, linking, allowed)

04-13 01:06:01.264 22484 23192 W com.wallapop: Accessing hidden method Lsun/misc/Unsafe;->getLong(Ljava/lang/Object;J)J (greylist,core-platform-api, linking, allowed)

04-13 01:06:01.264 22484 23192 I chatty  : uid=10313(com.wallapop) GoogleApiHandle identical 1 line

04-13 01:06:01.265 22484 23192 W com.wallapop: Accessing hidden method Lsun/misc/Unsafe;->getLong(Ljava/lang/Object;J)J (greylist,core-platform-api, linking, allowed)

04-13 01:06:01.266 22484 23192 W com.wallapop: Accessing hidden method Lsun/misc/Unsafe;->putLong(Ljava/lang/Object;JJ)V (greylist, linking, allowed)

04-13 01:06:01.268 22484 23192 W com.wallapop: Accessing hidden method Lsun/misc/Unsafe;->putObject(Ljava/lang/Object;JLjava/lang/Object;)V (greylist, linking, allowed)

04-13 01:06:01.269 22484 23192 W com.wallapop: Accessing hidden method Lsun/misc/Unsafe;->getLong(Ljava/lang/Object;J)J (greylist,core-platform-api, linking, allowed)

04-13 01:06:01.269 22484 23192 I chatty  : uid=10313(com.wallapop) GoogleApiHandle identical 1 line

04-13 01:06:01.270 22484 23192 W com.wallapop: Accessing hidden method Lsun/misc/Unsafe;->getLong(Ljava/lang/Object;J)J (greylist,core-platform-api, linking, allowed)

04-13 01:06:01.270 22484 23192 W com.wallapop: Accessing hidden method Lsun/misc/Unsafe;->putLong(Ljava/lang/Object;JJ)V (greylist, linking, allowed)

04-13 01:06:01.270 22484 23192 W com.wallapop: Accessing hidden method Lsun/misc/Unsafe;->putObject(Ljava/lang/Object;JLjava/lang/Object;)V (greylist, linking, allowed)

04-13 01:06:01.271 22484 23192 W com.wallapop: Accessing hidden method Lsun/misc/Unsafe;->getLong(Ljava/lang/Object;J)J (greylist,core-platform-api, linking, allowed)

04-13 01:06:01.271 22484 23192 W com.wallapop: Accessing hidden method Lsun/misc/Unsafe;->getLong(Ljava/lang/Object;J)J (greylist,core-platform-api, linking, allowed)

04-13 01:06:01.272   580   580 I Layer   : id=146828[1] Destroyed AppWindowToken{c7eba26 token=Token{8cdf981 ActivityRecord{5fd8168 u0 com.wallapop/com.rewallapop.ui.wall.newnavigation.BottomNavigationActivity t2355}}}#0

04-13 01:06:01.272 22484 23192 W com.wallapop: Accessing hidden method Lsun/misc/Unsafe;->getLong(Ljava/lang/Object;J)J (greylist,core-platform-api, linking, allowed)

04-13 01:06:01.273 22484 23192 W com.wallapop: Accessing hidden method Lsun/misc/Unsafe;->putLong(Ljava/lang/Object;JJ)V (greylist, linking, allowed)

04-13 01:06:01.273 22484 23192 W com.wallapop: Accessing hidden method Lsun/misc/Unsafe;->putObject(Ljava/lang/Object;JLjava/lang/Object;)V (greylist, linking, allowed)

04-13 01:06:01.273 22484 23192 W com.wallapop: Accessing hidden method Lsun/misc/Unsafe;->getLong(Ljava/lang/Object;J)J (greylist,core-platform-api, linking, allowed)

04-13 01:06:01.273 22484 23192 I chatty  : uid=10313(com.wallapop) GoogleApiHandle identical 1 line

04-13 01:06:01.284 22484 23192 W com.wallapop: Accessing hidden method Lsun/misc/Unsafe;->getLong(Ljava/lang/Object;J)J (greylist,core-platform-api, linking, allowed)

04-13 01:06:01.284 22484 23192 W com.wallapop: Accessing hidden method Lsun/misc/Unsafe;->putLong(Ljava/lang/Object;JJ)V (greylist, linking, allowed)

04-13 01:06:01.284 22484 23192 W com.wallapop: Accessing hidden method Lsun/misc/Unsafe;->putObject(Ljava/lang/Object;JLjava/lang/Object;)V (greylist, linking, allowed)

04-13 01:06:01.284 22484 23192 W com.wallapop: Accessing hidden method Lsun/misc/Unsafe;->getLong(Ljava/lang/Object;J)J (greylist,core-platform-api, linking, allowed)

04-13 01:06:01.284 22484 23192 I chatty  : uid=10313(com.wallapop) GoogleApiHandle identical 1 line

04-13 01:06:01.286 22484 23192 W com.wallapop: Accessing hidden method Lsun/misc/Unsafe;->getLong(Ljava/lang/Object;J)J (greylist,core-platform-api, linking, allowed)

04-13 01:06:01.286 22484 23192 W com.wallapop: Accessing hidden method Lsun/misc/Unsafe;->putLong(Ljava/lang/Object;JJ)V (greylist, linking, allowed)

04-13 01:06:01.286 22484 23192 W com.wallapop: Accessing hidden method Lsun/misc/Unsafe;->putObject(Ljava/lang/Object;JLjava/lang/Object;)V (greylist, linking, allowed)

04-13 01:06:01.286 22484 23192 W com.wallapop: Accessing hidden method Lsun/misc/Unsafe;->getLong(Ljava/lang/Object;J)J (greylist,core-platform-api, linking, allowed)

04-13 01:06:01.287 22484 23192 W com.wallapop: Accessing hidden method Lsun/misc/Unsafe;->getLong(Ljava/lang/Object;J)J (greylist,core-platform-api, linking, allowed)

04-13 01:06:01.288 22484 23192 W com.wallapop: Accessing hidden method Lsun/misc/Unsafe;->getLong(Ljava/lang/Object;J)J (greylist,core-platform-api, linking, allowed)

04-13 01:06:01.288 22484 23192 W com.wallapop: Accessing hidden method Lsun/misc/Unsafe;->putLong(Ljava/lang/Object;JJ)V (greylist, linking, allowed)

04-13 01:06:01.288 22484 23192 W com.wallapop: Accessing hidden method Lsun/misc/Unsafe;->putObject(Ljava/lang/Object;JLjava/lang/Object;)V (greylist, linking, allowed)

04-13 01:06:01.288 22484 23192 W com.wallapop: Accessing hidden method Lsun/misc/Unsafe;->getLong(Ljava/lang/Object;J)J (greylist,core-platform-api, linking, allowed)

04-13 01:06:01.289 22484 23192 W com.wallapop: Accessing hidden method Lsun/misc/Unsafe;->getLong(Ljava/lang/Object;J)J (greylist,core-platform-api, linking, allowed)

04-13 01:06:01.290 22484 23192 W com.wallapop: Accessing hidden method Lsun/misc/Unsafe;->getLong(Ljava/lang/Object;J)J (greylist,core-platform-api, linking, allowed)

04-13 01:06:01.290 22484 23192 W com.wallapop: Accessing hidden method Lsun/misc/Unsafe;->putLong(Ljava/lang/Object;JJ)V (greylist, linking, allowed)

04-13 01:06:01.290 22484 23192 W com.wallapop: Accessing hidden method Lsun/misc/Unsafe;->putObject(Ljava/lang/Object;JLjava/lang/Object;)V (greylist, linking, allowed)

04-13 01:06:01.290 22484 23192 W com.wallapop: Accessing hidden method Lsun/misc/Unsafe;->getLong(Ljava/lang/Object;J)J (greylist,core-platform-api, linking, allowed)

04-13 01:06:01.291 22484 23192 I chatty  : uid=10313(com.wallapop) GoogleApiHandle identical 1 line

04-13 01:06:01.292 22484 23192 W com.wallapop: Accessing hidden method Lsun/misc/Unsafe;->getLong(Ljava/lang/Object;J)J (greylist,core-platform-api, linking, allowed)

04-13 01:06:01.292 22484 23192 W com.wallapop: Accessing hidden method Lsun/misc/Unsafe;->putLong(Ljava/lang/Object;JJ)V (greylist, linking, allowed)

04-13 01:06:01.292 22484 23192 W com.wallapop: Accessing hidden method Lsun/misc/Unsafe;->putObject(Ljava/lang/Object;JLjava/lang/Object;)V (greylist, linking, allowed)

04-13 01:06:01.292 22484 23192 W com.wallapop: Accessing hidden method Lsun/misc/Unsafe;->getLong(Ljava/lang/Object;J)J (greylist,core-platform-api, linking, allowed)

04-13 01:06:01.292 22484 23192 I chatty  : uid=10313(com.wallapop) GoogleApiHandle identical 1 line

04-13 01:06:01.293 22484 23192 W com.wallapop: Accessing hidden method Lsun/misc/Unsafe;->getLong(Ljava/lang/Object;J)J (greylist,core-platform-api, linking, allowed)

04-13 01:06:01.294 22484 23192 W com.wallapop: Accessing hidden method Lsun/misc/Unsafe;->putLong(Ljava/lang/Object;JJ)V (greylist, linking, allowed)

04-13 01:06:01.294 22484 23192 W com.wallapop: Accessing hidden method Lsun/misc/Unsafe;->putObject(Ljava/lang/Object;JLjava/lang/Object;)V (greylist, linking, allowed)

04-13 01:06:01.294 22484 23192 W com.wallapop: Accessing hidden method Lsun/misc/Unsafe;->getLong(Ljava/lang/Object;J)J (greylist,core-platform-api, linking, allowed)

04-13 01:06:01.294 22484 23192 I chatty  : uid=10313(com.wallapop) GoogleApiHandle identical 1 line

04-13 01:06:01.295 22484 23192 W com.wallapop: Accessing hidden method Lsun/misc/Unsafe;->getLong(Ljava/lang/Object;J)J (greylist,core-platform-api, linking, allowed)

04-13 01:06:01.295 22484 23192 W com.wallapop: Accessing hidden method Lsun/misc/Unsafe;->putLong(Ljava/lang/Object;JJ)V (greylist, linking, allowed)

04-13 01:06:01.295 22484 23192 W com.wallapop: Accessing hidden method Lsun/misc/Unsafe;->putObject(Ljava/lang/Object;JLjava/lang/Object;)V (greylist, linking, allowed)

04-13 01:06:01.296 22484 23192 W com.wallapop: Accessing hidden method Lsun/misc/Unsafe;->getLong(Ljava/lang/Object;J)J (greylist,core-platform-api, linking, allowed)

04-13 01:06:01.296 22484 23192 I chatty  : uid=10313(com.wallapop) GoogleApiHandle identical 1 line

04-13 01:06:01.297 22484 23192 W com.wallapop: Accessing hidden method Lsun/misc/Unsafe;->getLong(Ljava/lang/Object;J)J (greylist,core-platform-api, linking, allowed)

04-13 01:06:01.297 22484 23192 W com.wallapop: Accessing hidden method Lsun/misc/Unsafe;->putLong(Ljava/lang/Object;JJ)V (greylist, linking, allowed)

04-13 01:06:01.297 22484 23192 W com.wallapop: Accessing hidden method Lsun/misc/Unsafe;->putObject(Ljava/lang/Object;JLjava/lang/Object;)V (greylist, linking, allowed)

04-13 01:06:01.297 22484 23192 W com.wallapop: Accessing hidden method Lsun/misc/Unsafe;->getLong(Ljava/lang/Object;J)J (greylist,core-platform-api, linking, allowed)

04-13 01:06:01.300 22484 23192 I chatty  : uid=10313(com.wallapop) GoogleApiHandle identical 1 line

04-13 01:06:01.301 22484 23192 W com.wallapop: Accessing hidden method Lsun/misc/Unsafe;->getLong(Ljava/lang/Object;J)J (greylist,core-platform-api, linking, allowed)

04-13 01:06:01.310 22484 23192 W com.wallapop: Accessing hidden method Lsun/misc/Unsafe;->putLong(Ljava/lang/Object;JJ)V (greylist, linking, allowed)

04-13 01:06:01.311 22484 23192 W com.wallapop: Accessing hidden method Lsun/misc/Unsafe;->putObject(Ljava/lang/Object;JLjava/lang/Object;)V (greylist, linking, allowed)

04-13 01:06:01.311 22484 23192 W com.wallapop: Accessing hidden method Lsun/misc/Unsafe;->getLong(Ljava/lang/Object;J)J (greylist,core-platform-api, linking, allowed)

04-13 01:06:01.311 22484 23192 I chatty  : uid=10313(com.wallapop) GoogleApiHandle identical 1 line

04-13 01:06:01.312 22484 23192 W com.wallapop: Accessing hidden method Lsun/misc/Unsafe;->getLong(Ljava/lang/Object;J)J (greylist,core-platform-api, linking, allowed)

04-13 01:06:01.312 22484 23192 W com.wallapop: Accessing hidden method Lsun/misc/Unsafe;->putLong(Ljava/lang/Object;JJ)V (greylist, linking, allowed)

04-13 01:06:01.312 22484 23192 W com.wallapop: Accessing hidden method Lsun/misc/Unsafe;->putObject(Ljava/lang/Object;JLjava/lang/Object;)V (greylist, linking, allowed)

04-13 01:06:01.313 22484 23192 W com.wallapop: Accessing hidden method Lsun/misc/Unsafe;->getLong(Ljava/lang/Object;J)J (greylist,core-platform-api, linking, allowed)

04-13 01:06:01.315   949  1839 D MdnieScenarioControlService:  packageName : com.wallapop    className : com.rewallapop.ui.wall.WallActivity

04-13 01:06:01.313 22484 23192 I chatty  : uid=10313(com.wallapop) GoogleApiHandle identical 1 line

04-13 01:06:01.316 22484 23192 W com.wallapop: Accessing hidden method Lsun/misc/Unsafe;->getLong(Ljava/lang/Object;J)J (greylist,core-platform-api, linking, allowed)

04-13 01:06:01.316 22484 23192 W com.wallapop: Accessing hidden method Lsun/misc/Unsafe;->putLong(Ljava/lang/Object;JJ)V (greylist, linking, allowed)

04-13 01:06:01.317 22484 23192 W com.wallapop: Accessing hidden method Lsun/misc/Unsafe;->putObject(Ljava/lang/Object;JLjava/lang/Object;)V (greylist, linking, allowed)

04-13 01:06:01.317 22484 23192 W com.wallapop: Accessing hidden method Lsun/misc/Unsafe;->getLong(Ljava/lang/Object;J)J (greylist,core-platform-api, linking, allowed)

04-13 01:06:01.317 22484 23192 I chatty  : uid=10313(com.wallapop) GoogleApiHandle identical 1 line

04-13 01:06:01.319 22484 23192 W com.wallapop: Accessing hidden method Lsun/misc/Unsafe;->getLong(Ljava/lang/Object;J)J (greylist,core-platform-api, linking, allowed)

04-13 01:06:01.319 22484 23192 W com.wallapop: Accessing hidden method Lsun/misc/Unsafe;->putLong(Ljava/lang/Object;JJ)V (greylist, linking, allowed)

04-13 01:06:01.319 22484 23192 W com.wallapop: Accessing hidden method Lsun/misc/Unsafe;->putObject(Ljava/lang/Object;JLjava/lang/Object;)V (greylist, linking, allowed)

04-13 01:06:01.320 22484 23192 W com.wallapop: Accessing hidden method Lsun/misc/Unsafe;->getLong(Ljava/lang/Object;J)J (greylist,core-platform-api, linking, allowed)

04-13 01:06:01.322   949  3247 D SamsungAlarmManager: Cancel Alarm calling from uid:10313 pid :22484 / op:PendingIntent{3dd9b02: PendingIntentRecord{68e0bf6 com.wallapop broadcastIntent}}

04-13 01:06:01.320 22484 23192 I chatty  : uid=10313(com.wallapop) GoogleApiHandle identical 1 line

04-13 01:06:01.322 22484 23192 W com.wallapop: Accessing hidden method Lsun/misc/Unsafe;->getLong(Ljava/lang/Object;J)J (greylist,core-platform-api, linking, allowed)

04-13 01:06:01.322 22484 23192 W com.wallapop: Accessing hidden method Lsun/misc/Unsafe;->putLong(Ljava/lang/Object;JJ)V (greylist, linking, allowed)

04-13 01:06:01.322 22484 23192 W com.wallapop: Accessing hidden method Lsun/misc/Unsafe;->putObject(Ljava/lang/Object;JLjava/lang/Object;)V (greylist, linking, allowed)

04-13 01:06:01.323 22484 23192 W com.wallapop: Accessing hidden method Lsun/misc/Unsafe;->getLong(Ljava/lang/Object;J)J (greylist,core-platform-api, linking, allowed)

04-13 01:06:01.323 22484 23192 I chatty  : uid=10313(com.wallapop) GoogleApiHandle identical 1 line

04-13 01:06:01.324 22484 23192 W com.wallapop: Accessing hidden method Lsun/misc/Unsafe;->getLong(Ljava/lang/Object;J)J (greylist,core-platform-api, linking, allowed)

04-13 01:06:01.324 22484 23192 W com.wallapop: Accessing hidden method Lsun/misc/Unsafe;->putLong(Ljava/lang/Object;JJ)V (greylist, linking, allowed)

04-13 01:06:01.324 22484 23192 W com.wallapop: Accessing hidden method Lsun/misc/Unsafe;->putObject(Ljava/lang/Object;JLjava/lang/Object;)V (greylist, linking, allowed)

04-13 01:06:01.324 22484 23192 W com.wallapop: Accessing hidden method Lsun/misc/Unsafe;->getLong(Ljava/lang/Object;J)J (greylist,core-platform-api, linking, allowed)

04-13 01:06:01.325 22484 23192 W com.wallapop: Accessing hidden method Lsun/misc/Unsafe;->getLong(Ljava/lang/Object;J)J (greylist,core-platform-api, linking, allowed)

