04-13 01:06:03.031   949  1091 V WindowManager: performShow on Window{162012c u0 Splash Screen com.wallapop}: mDrawState=READY_TO_SHOW readyForDisplay=false starting=true during animation: policyVis=true parentHidden=false tok.hiddenRequested=true tok.hidden=true animating=false tok animating=false Callers=com.android.server.wm.WindowState.performShowLocked:4660 com.android.server.wm.WindowStateAnimator.commitFinishDrawingLocked:380 com.android.server.wm.DisplayContent.lambda$new$8$DisplayContent:948 com.android.server.wm.-$$Lambda$DisplayContent$qxt4izS31fb0LF2uo_OF9DMa7gc.accept:4

04-13 01:06:03.122   949  1839 D MdnieScenarioControlService:  packageName : com.wallapop    className : com.rewallapop.ui.wall.WallActivity

04-13 01:06:03.165   949  1090 W ActivityTaskManager: Activity top resumed state loss timeout for ActivityRecord{b149784 u0 com.wallapop/com.rewallapop.ui.wall.WallActivity t2355 f}

04-13 01:06:03.166   949  1090 W ActivityTaskManager: Activity pause timeout for ActivityRecord{b149784 u0 com.wallapop/com.rewallapop.ui.wall.WallActivity t2355 f}

04-13 01:06:03.169   949  1090 I ActivityTaskManager: The Process com.wallapop Already Exists in BG. So sending its PID: 22484

04-13 01:06:03.172   949  1090 D GamePkgDataHelper: notifyAppCreate(), pkgName: com.wallapop, sendRet: true

04-13 01:06:03.172   949  1764 D GameManagerService: onLooperPrepared(), msg: { when=0 what=10010 obj=com.wallapop target=com.samsung.android.game.GameManagerService$FgCheckThread$1 }

04-13 01:06:03.172   949  1764 D GameManagerService: handleMessage(), MSG_APP_CREATE. pkgName: com.wallapop

04-13 01:06:03.174   949  1090 D MARsPolicyManager: onPackageResumedFG pkgName = com.wallapop, userId = 0

04-13 01:06:03.178   949  1090 V WindowManager: performShow on Window{162012c u0 Splash Screen com.wallapop}: mDrawState=READY_TO_SHOW readyForDisplay=false starting=true during animation: policyVis=true parentHidden=false tok.hiddenRequested=false tok.hidden=true animating=true tok animating=true Callers=com.android.server.wm.WindowState.performShowLocked:4660 com.android.server.wm.WindowStateAnimator.commitFinishDrawingLocked:380 com.android.server.wm.DisplayContent.lambda$new$8$DisplayContent:948 com.android.server.wm.-$$Lambda$DisplayContent$qxt4izS31fb0LF2uo_OF9DMa7gc.accept:4

04-13 01:06:03.182   949  1090 I WindowManager: Reparenting to leash, surface=Surface(name=AppWindowToken{6ac58a4 token=Token{a592b37 ActivityRecord{9103036 u0 com.wallapop/com.rewallapop.ui.wall.WallActivity t2355}}})/@0x815a98d

04-13 01:06:03.182   580   634 I SurfaceFlinger: id=146888 createSurf (0x0),-1 flag=80004, Surface(name=AppWindowToken{6ac58a4 token=Token{a592b37 ActivityRecord{9103036 u0 com.wallapop/com.rewallapop.ui.wall.WallActivity t2355}}})/@0x815a98d - animation-leash#0

04-13 01:06:03.183   949  1090 D WindowManager: makeSurface duration=1 leash=Surface(name=Surface(name=AppWindowToken{6ac58a4 token=Token{a592b37 ActivityRecord{9103036 u0 com.wallapop/com.rewallapop.ui.wall.WallActivity t2355}}})/@0x815a98d - animation-leash)/@0xaf05742

04-13 01:06:03.184   580   634 I SurfaceFlinger: id=146889 createSurf (0x0),-1 flag=80004, Surface(name=AppWindowToken{6ac58a4 token=Token{a592b37 ActivityRecord{9103036 u0 com.wallapop/com.rewallapop.ui.wall.WallActivity t2355}}})/@0x815a98d - animation-bounds#0

04-13 01:06:03.187   949  1090 I WindowManager: Reparenting to leash, surface=Surface(name=AppWindowToken{bfba3a2 token=Token{206eb6d ActivityRecord{b149784 u0 com.wallapop/com.rewallapop.ui.wall.WallActivity t2355}}})/@0xd737b80

04-13 01:06:03.188   580  2337 I SurfaceFlinger: id=146890 createSurf (0x0),-1 flag=80004, Surface(name=AppWindowToken{bfba3a2 token=Token{206eb6d ActivityRecord{b149784 u0 com.wallapop/com.rewallapop.ui.wall.WallActivity t2355}}})/@0xd737b80 - animation-leash#0

04-13 01:06:03.188   949  1090 D WindowManager: makeSurface duration=1 leash=Surface(name=Surface(name=AppWindowToken{bfba3a2 token=Token{206eb6d ActivityRecord{b149784 u0 com.wallapop/com.rewallapop.ui.wall.WallActivity t2355}}})/@0xd737b80 - animation-leash)/@0x8537d45

04-13 01:06:03.189   580  2337 I SurfaceFlinger: id=146891 createSurf (0x0),-1 flag=80004, Surface(name=AppWindowToken{bfba3a2 token=Token{206eb6d ActivityRecord{b149784 u0 com.wallapop/com.rewallapop.ui.wall.WallActivity t2355}}})/@0xd737b80 - animation-bounds#0

04-13 01:06:03.193   949  1090 I WindowManager: Reparenting to leash, surface=Surface(name=AppWindowToken{7329301 token=Token{a1690e8 ActivityRecord{60bca0b u0 com.wallapop/com.rewallapop.ui.wall.WallActivity t2355}}})/@0x353454

04-13 01:06:03.193   580   634 I SurfaceFlinger: id=146892 createSurf (0x0),-1 flag=80004, Surface(name=AppWindowToken{7329301 token=Token{a1690e8 ActivityRecord{60bca0b u0 com.wallapop/com.rewallapop.ui.wall.WallActivity t2355}}})/@0x353454 - animation-leash#0

04-13 01:06:03.195   949  1090 D WindowManager: makeSurface duration=2 leash=Surface(name=Surface(name=AppWindowToken{7329301 token=Token{a1690e8 ActivityRecord{60bca0b u0 com.wallapop/com.rewallapop.ui.wall.WallActivity t2355}}})/@0x353454 - animation-leash)/@0x9910ffd

04-13 01:06:03.195   580   634 I SurfaceFlinger: id=146893 createSurf (0x0),-1 flag=80004, Surface(name=AppWindowToken{7329301 token=Token{a1690e8 ActivityRecord{60bca0b u0 com.wallapop/com.rewallapop.ui.wall.WallActivity t2355}}})/@0x353454 - animation-bounds#0

04-13 01:06:03.201   949  1088 D WindowManager: setSystemUiVisibility: displayId=0, vis=0xa018, fullVis=0x2000, dockVis=0x0, win=Window{162012c u0 Splash Screen com.wallapop}

04-13 01:06:03.206   949  2013 I ActivityTaskManager: START u0 {flg=0x10008000 cmp=com.wallapop/com.rewallapop.ui.wall.newnavigation.BottomNavigationActivity} from uid 10313

04-13 01:06:03.220   580   634 I SurfaceFlinger: id=146894 createSurf (0x0),-1 flag=80004, AppWindowToken{db41c0 token=Token{c13d743 ActivityRecord{5114f2 u0 com.wallapop/com.rewallapop.ui.wall.newnavigation.BottomNavigationActivity t2355}}}#0

04-13 01:06:03.231   949  1012 W ActivityTaskManager: Duplicate finish request for ActivityRecord{11ebde8 u0 com.wallapop/com.rewallapop.ui.wall.WallActivity t2355 f}

04-13 01:06:03.232   949  1091 D PhoneWindow: forceLight changed to true [Splash Screen com.wallapop] from com.android.internal.policy.PhoneWindow.updateForceLightNavigationBar:4238 com.android.internal.policy.DecorView.updateColorViews:1510 com.android.internal.policy.PhoneWindow.dispatchWindowAttributesChanged:3216 android.view.Window.setFlags:1148 com.android.internal.policy.PhoneWindow.generateLayout:2444

04-13 01:06:03.232   949  1091 D PhoneWindow: forceLight changed to false [Splash Screen com.wallapop] from com.android.internal.policy.PhoneWindow.updateForceLightNavigationBar:4244 com.android.internal.policy.DecorView.updateColorViews:1510 com.android.internal.policy.PhoneWindow.dispatchWindowAttributesChanged:3216 android.view.Window.setFlags:1148 com.android.internal.policy.PhoneWindow.generateLayout:2590

04-13 01:06:03.237   580  2337 I SurfaceFlinger: id=146895 createSurf (0x0),-1 flag=80004, eaaf26d Splash Screen com.wallapop#0

04-13 01:06:03.251   949  1091 V WindowManager: Relayout Window{eaaf26d u0 Splash Screen com.wallapop}: viewVisibility=0 req=720x1480

04-13 01:06:03.254   580   634 I SurfaceFlinger: id=146896 createSurf (720x1480),1 flag=404, Splash Screen com.wallapop#1

04-13 01:06:03.255   949  1091 D WindowManager: makeSurface duration=2 name=Splash Screen com.wallapop

04-13 01:06:03.274   949  1091 D WindowManager: finishDrawingWindow: Window{eaaf26d u0 Splash Screen com.wallapop} mDrawState=DRAW_PENDING

04-13 01:06:03.280   949  1091 I WindowManager: Destroying surface Surface(name=Splash Screen com.wallapop)/@0x64639ab called by com.android.server.wm.WindowStateAnimator.destroySurface:1734 com.android.server.wm.WindowStateAnimator.destroySurfaceLocked:693 com.android.server.wm.WindowState.removeImmediately:2282 com.android.server.wm.WindowState.removeIfPossible:2418 com.android.server.wm.WindowState.removeIfPossible:2297 com.android.server.wm.WindowManagerService.removeWindow:2017 com.android.server.wm.Session.remove:184 android.view.ViewRootImpl.dispatchDetachedFromWindow:4931

04-13 01:06:03.280   580   634 I Layer   : id=146886 removeFromCurrentState Splash Screen com.wallapop#2 (76)

04-13 01:06:03.283   949  1091 V WindowManager: performShow on Window{eaaf26d u0 Splash Screen com.wallapop}: mDrawState=READY_TO_SHOW readyForDisplay=false starting=true during animation: policyVis=true parentHidden=false tok.hiddenRequested=true tok.hidden=true animating=false tok animating=false Callers=com.android.server.wm.WindowState.performShowLocked:4660 com.android.server.wm.WindowStateAnimator.commitFinishDrawingLocked:380 com.android.server.wm.DisplayContent.lambda$new$8$DisplayContent:948 com.android.server.wm.-$$Lambda$DisplayContent$qxt4izS31fb0LF2uo_OF9DMa7gc.accept:4

04-13 01:06:03.285   580   634 I Layer   : id=146884 removeFromCurrentState 162012c Splash Screen com.wallapop#0 (76)

04-13 01:06:03.287   580   634 I SurfaceFlinger: id=146884 Removed 162012c Splash Screen com.wallapop#0 (76)

04-13 01:06:03.287   580   634 I SurfaceFlinger: id=146886 Removed Splash Screen com.wallapop#2 (76)

04-13 01:06:03.294   580   580 I Layer   : id=146884[1] Destroyed 162012c Splash Screen com.wallapop#0

04-13 01:06:03.294   580   580 I Layer   : id=146886[1] Destroyed Splash Screen com.wallapop#2

04-13 01:06:03.322   949  1090 D GameManagerService: notePauseComponent(), pauseComponent: com.wallapop

04-13 01:06:03.334   949  1090 D GameManagerService: noteResumeComponent(), resumeComponent: com.wallapop

04-13 01:06:03.334   949  1764 D GameManagerService: onLooperPrepared(), msg: { when=0 what=10000 obj=ComponentInfo{com.wallapop/com.rewallapop.ui.wall.WallActivity} target=com.samsung.android.game.GameManagerService$FgCheckThread$1 }

04-13 01:06:03.342   949  1090 D GameSDKService: MultiWindowEventListener.onFocusStackChanged(), state=0, top=ComponentInfo{com.wallapop/com.rewallapop.ui.wall.newnavigation.BottomNavigationActivity}

04-13 01:06:03.350   949  1090 D GameSDKService: MultiWindowEventListener.onFocusStackChanged(): com.wallapop

04-13 01:06:03.352   580   632 I Layer   : id=146852 removeFromCurrentState AppWindowToken{d2cbd0f token=Token{282026e ActivityRecord{77b95e9 u0 com.wallapop/com.rewallapop.ui.wall.newnavigation.BottomNavigationActivity t2355}}}#0 (74)

04-13 01:06:03.354   949  1090 D GameManagerService: MultiWindowEventListener.onFocusedStackChanged(), state=0, top=ComponentInfo{com.wallapop/com.rewallapop.ui.wall.newnavigation.BottomNavigationActivity}

04-13 01:06:03.354   949  1090 D GameManagerService: MultiWindowEventListener.onFocusedStackChanged(), pkgName: com.wallapop, clsName: com.rewallapop.ui.wall.newnavigation.BottomNavigationActivity, FgActivityName:com.wallapop/com.rewallapop.ui.wall.newnavigation.BottomNavigationActivity, userID:0

04-13 01:06:03.354   580   632 I SurfaceFlinger: id=146852 Removed AppWindowToken{d2cbd0f token=Token{282026e ActivityRecord{77b95e9 u0 com.wallapop/com.rewallapop.ui.wall.newnavigation.BottomNavigationActivity t2355}}}#0 (74)

04-13 01:06:03.354   949  1764 D GameManagerService: onLooperPrepared(), msg: { when=0 what=10000 obj=ComponentInfo{com.wallapop/com.rewallapop.ui.wall.newnavigation.BottomNavigationActivity} target=com.samsung.android.game.GameManagerService$FgCheckThread$1 }

04-13 01:06:03.361   580   580 I Layer   : id=146852[1] Destroyed AppWindowToken{d2cbd0f token=Token{282026e ActivityRecord{77b95e9 u0 com.wallapop/com.rewallapop.ui.wall.newnavigation.BottomNavigationActivity t2355}}}#0

04-13 01:06:03.368   949  3401 I ActivityTaskManager: The Process com.wallapop Already Exists in BG. So sending its PID: 22484

04-13 01:06:03.387   949  1012 V WindowManager: Relayout Window{d7472f1 u0 com.wallapop/com.rewallapop.ui.wall.WallActivity}: viewVisibility=8 req=720x1480

04-13 01:06:03.389   949  1012 V WindowManager: performShow on Window{eaaf26d u0 Splash Screen com.wallapop}: mDrawState=READY_TO_SHOW readyForDisplay=false starting=true during animation: policyVis=true parentHidden=false tok.hiddenRequested=false tok.hidden=true animating=true tok animating=true Callers=com.android.server.wm.WindowState.performShowLocked:4660 com.android.server.wm.WindowStateAnimator.commitFinishDrawingLocked:380 com.android.server.wm.DisplayContent.lambda$new$8$DisplayContent:948 com.android.server.wm.-$$Lambda$DisplayContent$qxt4izS31fb0LF2uo_OF9DMa7gc.accept:4

04-13 01:06:03.552 22484 23015 W com.wallapop: Accessing hidden method Lsun/misc/Unsafe;->putOrderedLong(Ljava/lang/Object;JJ)V (greylist, linking, allowed)

04-13 01:06:03.554 22484 23015 W com.wallapop: Accessing hidden method Lsun/misc/Unsafe;->getObject(Ljava/lang/Object;J)Ljava/lang/Object; (greylist, linking, allowed)

04-13 01:06:03.555 22484 23015 W com.wallapop: Accessing hidden method Lsun/misc/Unsafe;->putObject(Ljava/lang/Object;JLjava/lang/Object;)V (greylist, linking, allowed)

04-13 01:06:03.557 22484 22574 W com.wallapop: Accessing hidden method Lsun/misc/Unsafe;->getObject(Ljava/lang/Object;J)Ljava/lang/Object; (greylist, linking, allowed)

04-13 01:06:03.557 22484 22574 W com.wallapop: Accessing hidden method Lsun/misc/Unsafe;->putInt(Ljava/lang/Object;JI)V (greylist, linking, allowed)

04-13 01:06:03.558 22484 23015 E WallapopError: 	at com.wallapop.discovery.wall.api.WallVerticalPaginatedRetrofitApi.d(SourceFile:39)

04-13 01:06:03.558 22484 23015 E WallapopError: 	at com.wallapop.discovery.wall.api.WallVerticalPaginatedRetrofitApi.e(SourceFile:36)

04-13 01:06:03.558 22484 23015 E WallapopError: 	at com.wallapop.discovery.wall.api.WallVerticalPaginatedRetrofitApi.firstPage(SourceFile:23)

04-13 01:06:03.558 22484 23015 E WallapopError: 	at com.wallapop.kernel.strategy.LocalOrCloudStrategy$DefaultImpls.d(SourceFile:9)

04-13 01:06:03.558 22484 23015 E WallapopError: 	at com.wallapop.kernel.strategy.Strategy$DefaultImpls.b(SourceFile:8)

04-13 01:06:03.558 22484 23015 E WallapopError: 	at com.wallapop.kernel.strategy.LocalOrCloudStrategy$DefaultImpls.b(Unknown Source:0)

04-13 01:06:03.666   949  1839 D MdnieScenarioControlService:  packageName : com.wallapop    className : com.rewallapop.ui.wall.newnavigation.BottomNavigationActivity

04-13 01:06:03.719   949  1090 W ActivityTaskManager: Activity pause timeout for ActivityRecord{60bca0b u0 com.wallapop/com.rewallapop.ui.wall.WallActivity t2355 f}

04-13 01:06:03.720   949  1090 I ActivityTaskManager: The Process com.wallapop Already Exists in BG. So sending its PID: 22484

04-13 01:06:03.723   949  1090 D GamePkgDataHelper: notifyAppCreate(), pkgName: com.wallapop, sendRet: true

04-13 01:06:03.723   949  1764 D GameManagerService: onLooperPrepared(), msg: { when=-1ms what=10010 obj=com.wallapop target=com.samsung.android.game.GameManagerService$FgCheckThread$1 }

04-13 01:06:03.723   949  1764 D GameManagerService: handleMessage(), MSG_APP_CREATE. pkgName: com.wallapop

04-13 01:06:03.724   949  1090 D MARsPolicyManager: onPackageResumedFG pkgName = com.wallapop, userId = 0

04-13 01:06:03.732   949  1090 V WindowManager: performShow on Window{eaaf26d u0 Splash Screen com.wallapop}: mDrawState=READY_TO_SHOW readyForDisplay=false starting=true during animation: policyVis=true parentHidden=false tok.hiddenRequested=false tok.hidden=true animating=true tok animating=true Callers=com.android.server.wm.WindowState.performShowLocked:4660 com.android.server.wm.WindowStateAnimator.commitFinishDrawingLocked:380 com.android.server.wm.DisplayContent.lambda$new$8$DisplayContent:948 com.android.server.wm.-$$Lambda$DisplayContent$qxt4izS31fb0LF2uo_OF9DMa7gc.accept:4

04-13 01:06:03.735   949  1090 I WindowManager: Cancelling animation restarting=true, leash=Surface(name=Surface(name=AppWindowToken{7329301 token=Token{a1690e8 ActivityRecord{60bca0b u0 com.wallapop/com.rewallapop.ui.wall.WallActivity t2355}}})/@0x353454 - animation-leash)/@0x9910ffd

04-13 01:06:03.735   949  1090 I WindowManager: Reparenting to original parent: Surface(name=Task=2355)/@0xd000e0e, destroyLeash=false, surface=Surface(name=AppWindowToken{7329301 token=Token{a1690e8 ActivityRecord{60bca0b u0 com.wallapop/com.rewallapop.ui.wall.WallActivity t2355}}})/@0x353454

04-13 01:06:03.736   949  1090 I WindowManager: Reparenting to original parent: Surface(name=Task=2355)/@0xd000e0e, destroyLeash=true, surface=Surface(name=AppWindowToken{6ac58a4 token=Token{a592b37 ActivityRecord{9103036 u0 com.wallapop/com.rewallapop.ui.wall.WallActivity t2355}}})/@0x815a98d

04-13 01:06:03.736   949  1090 I WindowManager: Reparenting to original parent: Surface(name=Task=2355)/@0xd000e0e, destroyLeash=true, surface=Surface(name=AppWindowToken{bfba3a2 token=Token{206eb6d ActivityRecord{b149784 u0 com.wallapop/com.rewallapop.ui.wall.WallActivity t2355}}})/@0xd737b80

04-13 01:06:03.748   949  1090 V WindowManager: Setting visibility of Window{e09940c u0 com.wallapop/com.rewallapop.ui.wall.WallActivity}: false, caller=com.android.server.wm.WindowContainer.sendAppVisibilityToClients:640 com.android.server.wm.AppWindowToken.setClientHidden:621 com.android.server.wm.AppWindowToken.onAnimationFinished:3516 com.android.server.wm.-$$Lambda$yVRF8YoeNdTa8GR1wDStVsHu8xM.run:2 com.android.server.wm.SurfaceAnimator.lambda$getFinishedCallback$0$SurfaceAnimator:100

04-13 01:06:03.749   949  1090 E WindowManager: win=Window{4528508 u0 Splash Screen com.wallapop EXITING} destroySurfaces: appStopped=false win.mWindowRemovalAllowed=true win.mRemoveOnExit=true win.mViewVisibility=0 caller=com.android.server.wm.AppWindowToken.destroySurfaces:1199 com.android.server.wm.AppWindowToken.destroySurfaces:1180 com.android.server.wm.WindowState.onExitAnimationDone:5030 com.android.server.wm.-$$Lambda$01bPtngJg5AqEoOWfW3rWfV7MH4.accept:2 java.util.ArrayList.forEach:1262 com.android.server.wm.AppWindowToken.onAnimationFinished:3539 com.android.server.wm.-$$Lambda$yVRF8YoeNdTa8GR1wDStVsHu8xM.run:2

04-13 01:06:03.749   949  1090 I WindowManager: Destroying surface Surface(name=Splash Screen com.wallapop)/@0x44d904e called by com.android.server.wm.WindowStateAnimator.destroySurface:1734 com.android.server.wm.WindowStateAnimator.destroySurfaceLocked:693 com.android.server.wm.WindowState.destroySurfaceUnchecked:3482 com.android.server.wm.WindowState.destroySurface:3456 com.android.server.wm.AppWindowToken.destroySurfaces:1199 com.android.server.wm.AppWindowToken.destroySurfaces:1180 com.android.server.wm.WindowState.onExitAnimationDone:5030 com.android.server.wm.-$$Lambda$01bPtngJg5AqEoOWfW3rWfV7MH4.accept:2

04-13 01:06:03.750   580   634 I Layer   : id=146866 removeFromCurrentState Splash Screen com.wallapop#0 (73)

04-13 01:06:03.751   949  1090 I WindowManager: Reparenting to leash, surface=Surface(name=AppWindowToken{7329301 token=Token{a1690e8 ActivityRecord{60bca0b u0 com.wallapop/com.rewallapop.ui.wall.WallActivity t2355}}})/@0x353454

04-13 01:06:03.751   580  2337 I SurfaceFlinger: id=146897 createSurf (0x0),-1 flag=80004, Surface(name=AppWindowToken{7329301 token=Token{a1690e8 ActivityRecord{60bca0b u0 com.wallapop/com.rewallapop.ui.wall.WallActivity t2355}}})/@0x353454 - animation-leash#1

04-13 01:06:03.753   949  1090 D WindowManager: makeSurface duration=2 leash=Surface(name=Surface(name=AppWindowToken{7329301 token=Token{a1690e8 ActivityRecord{60bca0b u0 com.wallapop/com.rewallapop.ui.wall.WallActivity t2355}}})/@0x353454 - animation-leash)/@0x152656f

04-13 01:06:03.753   580  2337 I SurfaceFlinger: id=146898 createSurf (0x0),-1 flag=80004, Surface(name=AppWindowToken{7329301 token=Token{a1690e8 ActivityRecord{60bca0b u0 com.wallapop/com.rewallapop.ui.wall.WallActivity t2355}}})/@0x353454 - animation-bounds#1

04-13 01:06:03.757   949  1090 I WindowManager: Reparenting to leash, surface=Surface(name=AppWindowToken{db41c0 token=Token{c13d743 ActivityRecord{5114f2 u0 com.wallapop/com.rewallapop.ui.wall.newnavigation.BottomNavigationActivity t2355}}})/@0x1275b26

04-13 01:06:03.757   580   634 I SurfaceFlinger: id=146899 createSurf (0x0),-1 flag=80004, Surface(name=AppWindowToken{db41c0 token=Token{c13d743 ActivityRecord{5114f2 u0 com.wallapop/com.rewallapop.ui.wall.newnavigation.BottomNavigationActivity t2355}}})/@0x1275b26 - animation-leash#0

04-13 01:06:03.759   949  1090 D WindowManager: makeSurface duration=2 leash=Surface(name=Surface(name=AppWindowToken{db41c0 token=Token{c13d743 ActivityRecord{5114f2 u0 com.wallapop/com.rewallapop.ui.wall.newnavigation.BottomNavigationActivity t2355}}})/@0x1275b26 - animation-leash)/@0xeb9367

04-13 01:06:03.760   580  2337 I SurfaceFlinger: id=146900 createSurf (0x0),-1 flag=80004, Surface(name=AppWindowToken{db41c0 token=Token{c13d743 ActivityRecord{5114f2 u0 com.wallapop/com.rewallapop.ui.wall.newnavigation.BottomNavigationActivity t2355}}})/@0x1275b26 - animation-bounds#0

04-13 01:06:03.766   949  1088 D WindowManager: setSystemUiVisibility: displayId=0, vis=0xa018, fullVis=0x2000, dockVis=0x0, win=Window{eaaf26d u0 Splash Screen com.wallapop}

04-13 01:06:03.770   580   632 I Layer   : id=146892 removeFromCurrentState Surface(name=AppWindowToken{7329301 token=Token{a1690e8 ActivityRecord{60bca0b u0 com.wallapop/com.rewallapop.ui.wall.WallActivity t2355}}})/@0x353454 - animation-leash#0 (77)

04-13 01:06:03.770   580   632 I Layer   : id=146893 removeFromCurrentState Surface(name=AppWindowToken{7329301 token=Token{a1690e8 ActivityRecord{60bca0b u0 com.wallapop/com.rewallapop.ui.wall.WallActivity t2355}}})/@0x353454 - animation-bounds#0 (77)

04-13 01:06:03.770   580   632 I Layer   : id=146888 removeFromCurrentState Surface(name=AppWindowToken{6ac58a4 token=Token{a592b37 ActivityRecord{9103036 u0 com.wallapop/com.rewallapop.ui.wall.WallActivity t2355}}})/@0x815a98d - animation-leash#0 (77)

04-13 01:06:03.770   580   632 I Layer   : id=146874 removeFromCurrentState AppWindowToken{6ac58a4 token=Token{a592b37 ActivityRecord{9103036 u0 com.wallapop/com.rewallapop.ui.wall.WallActivity t2355}}}#0 (77)

04-13 01:06:03.770   580   632 I Layer   : id=146889 removeFromCurrentState Surface(name=AppWindowToken{6ac58a4 token=Token{a592b37 ActivityRecord{9103036 u0 com.wallapop/com.rewallapop.ui.wall.WallActivity t2355}}})/@0x815a98d - animation-bounds#0 (77)

04-13 01:06:03.770   580   632 I Layer   : id=146890 removeFromCurrentState Surface(name=AppWindowToken{bfba3a2 token=Token{206eb6d ActivityRecord{b149784 u0 com.wallapop/com.rewallapop.ui.wall.WallActivity t2355}}})/@0xd737b80 - animation-leash#0 (77)

04-13 01:06:03.770   580   632 I Layer   : id=146891 removeFromCurrentState Surface(name=AppWindowToken{bfba3a2 token=Token{206eb6d ActivityRecord{b149784 u0 com.wallapop/com.rewallapop.ui.wall.WallActivity t2355}}})/@0xd737b80 - animation-bounds#0 (77)

04-13 01:06:03.770   580   632 I Layer   : id=146865 removeFromCurrentState 4528508 Splash Screen com.wallapop#0 (77)

04-13 01:06:03.770   580   632 I Layer   : id=146892 removeFromCurrentState Surface(name=AppWindowToken{7329301 token=Token{a1690e8 ActivityRecord{60bca0b u0 com.wallapop/com.rewallapop.ui.wall.WallActivity t2355}}})/@0x353454 - animation-leash#0 (77)

04-13 01:06:03.784   949  1090 D GameManagerService: notePauseComponent(), pauseComponent: com.wallapop

04-13 01:06:03.785   580   632 I SurfaceFlinger: id=146893 Removed Surface(name=AppWindowToken{7329301 token=Token{a1690e8 ActivityRecord{60bca0b u0 com.wallapop/com.rewallapop.ui.wall.WallActivity t2355}}})/@0x353454 - animation-bounds#0 (77)

04-13 01:06:03.785   580   632 I SurfaceFlinger: id=146888 Removed Surface(name=AppWindowToken{6ac58a4 token=Token{a592b37 ActivityRecord{9103036 u0 com.wallapop/com.rewallapop.ui.wall.WallActivity t2355}}})/@0x815a98d - animation-leash#0 (77)

04-13 01:06:03.785   580   632 I SurfaceFlinger: id=146889 Removed Surface(name=AppWindowToken{6ac58a4 token=Token{a592b37 ActivityRecord{9103036 u0 com.wallapop/com.rewallapop.ui.wall.WallActivity t2355}}})/@0x815a98d - animation-bounds#0 (77)

04-13 01:06:03.785   580   632 I SurfaceFlinger: id=146890 Removed Surface(name=AppWindowToken{bfba3a2 token=Token{206eb6d ActivityRecord{b149784 u0 com.wallapop/com.rewallapop.ui.wall.WallActivity t2355}}})/@0xd737b80 - animation-leash#0 (77)

04-13 01:06:03.785   580   632 I SurfaceFlinger: id=146891 Removed Surface(name=AppWindowToken{bfba3a2 token=Token{206eb6d ActivityRecord{b149784 u0 com.wallapop/com.rewallapop.ui.wall.WallActivity t2355}}})/@0xd737b80 - animation-bounds#0 (77)

04-13 01:06:03.785   580   632 I SurfaceFlinger: id=146865 Removed 4528508 Splash Screen com.wallapop#0 (77)

04-13 01:06:03.785   580   632 I SurfaceFlinger: id=146892 Removed Surface(name=AppWindowToken{7329301 token=Token{a1690e8 ActivityRecord{60bca0b u0 com.wallapop/com.rewallapop.ui.wall.WallActivity t2355}}})/@0x353454 - animation-leash#0 (77)

04-13 01:06:03.785   580   632 I SurfaceFlinger: id=146866 Removed Splash Screen com.wallapop#0 (77)

04-13 01:06:03.795   580   580 I Layer   : id=146891[1] Destroyed Surface(name=AppWindowToken{bfba3a2 token=Token{206eb6d ActivityRecord{b149784 u0 com.wallapop/com.rewallapop.ui.wall.WallActivity t2355}}})/@0xd737b80 - animation-bounds#0

04-13 01:06:03.795   580   580 I Layer   : id=146892[1] Destroyed Surface(name=AppWindowToken{7329301 token=Token{a1690e8 ActivityRecord{60bca0b u0 com.wallapop/com.rewallapop.ui.wall.WallActivity t2355}}})/@0x353454 - animation-leash#0

04-13 01:06:03.795   580   580 I Layer   : id=146893[1] Destroyed Surface(name=AppWindowToken{7329301 token=Token{a1690e8 ActivityRecord{60bca0b u0 com.wallapop/com.rewallapop.ui.wall.WallActivity t2355}}})/@0x353454 - animation-bounds#0

04-13 01:06:03.795   580   580 I Layer   : id=146866[1] Destroyed Splash Screen com.wallapop#0

04-13 01:06:03.795   580   580 I Layer   : id=146888[1] Destroyed Surface(name=AppWindowToken{6ac58a4 token=Token{a592b37 ActivityRecord{9103036 u0 com.wallapop/com.rewallapop.ui.wall.WallActivity t2355}}})/@0x815a98d - animation-leash#0

04-13 01:06:03.795   580   580 I Layer   : id=146889[1] Destroyed Surface(name=AppWindowToken{6ac58a4 token=Token{a592b37 ActivityRecord{9103036 u0 com.wallapop/com.rewallapop.ui.wall.WallActivity t2355}}})/@0x815a98d - animation-bounds#0

04-13 01:06:03.795   580   580 I Layer   : id=146890[1] Destroyed Surface(name=AppWindowToken{bfba3a2 token=Token{206eb6d ActivityRecord{b149784 u0 com.wallapop/com.rewallapop.ui.wall.WallActivity t2355}}})/@0xd737b80 - animation-leash#0

04-13 01:06:03.795   580   580 I Layer   : id=146865[1] Destroyed 4528508 Splash Screen com.wallapop#0

04-13 01:06:03.798   949  1090 D GameManagerService: noteResumeComponent(), resumeComponent: com.wallapop

04-13 01:06:03.798   949  1764 D GameManagerService: onLooperPrepared(), msg: { when=0 what=10000 obj=ComponentInfo{com.wallapop/com.rewallapop.ui.wall.newnavigation.BottomNavigationActivity} target=com.samsung.android.game.GameManagerService$FgCheckThread$1 }

04-13 01:06:03.882   580   580 I SurfaceFlinger:      DEVICE | 0xa92fe000 | 0002 | RGBA_8888 |   0.0    0.0   38.0 1480.0 |  682    0  720 1480 | Splash Screen com.wallapop#1

04-13 01:06:04.179   949  3210 V WindowManager: Relayout Window{e63a2af u0 com.wallapop/com.rewallapop.ui.wall.newnavigation.BottomNavigationActivity}: viewVisibility=8 req=720x1480

04-13 01:06:04.297   949  1091 I WindowManager: Reparenting to original parent: Surface(name=Task=2355)/@0xd000e0e, destroyLeash=true, surface=Surface(name=AppWindowToken{7329301 token=Token{a1690e8 ActivityRecord{60bca0b u0 com.wallapop/com.rewallapop.ui.wall.WallActivity t2355}}})/@0x353454

04-13 01:06:04.298   949  1091 I WindowManager: Reparenting to original parent: Surface(name=Task=2355)/@0xd000e0e, destroyLeash=true, surface=Surface(name=AppWindowToken{db41c0 token=Token{c13d743 ActivityRecord{5114f2 u0 com.wallapop/com.rewallapop.ui.wall.newnavigation.BottomNavigationActivity t2355}}})/@0x1275b26

04-13 01:06:04.302   580   634 I Layer   : id=146897 removeFromCurrentState Surface(name=AppWindowToken{7329301 token=Token{a1690e8 ActivityRecord{60bca0b u0 com.wallapop/com.rewallapop.ui.wall.WallActivity t2355}}})/@0x353454 - animation-leash#1 (69)

04-13 01:06:04.302   580   634 I Layer   : id=146898 removeFromCurrentState Surface(name=AppWindowToken{7329301 token=Token{a1690e8 ActivityRecord{60bca0b u0 com.wallapop/com.rewallapop.ui.wall.WallActivity t2355}}})/@0x353454 - animation-bounds#1 (69)

04-13 01:06:04.302   580   634 I Layer   : id=146899 removeFromCurrentState Surface(name=AppWindowToken{db41c0 token=Token{c13d743 ActivityRecord{5114f2 u0 com.wallapop/com.rewallapop.ui.wall.newnavigation.BottomNavigationActivity t2355}}})/@0x1275b26 - animation-leash#0 (69)

04-13 01:06:04.302   580   634 I Layer   : id=146900 removeFromCurrentState Surface(name=AppWindowToken{db41c0 token=Token{c13d743 ActivityRecord{5114f2 u0 com.wallapop/com.rewallapop.ui.wall.newnavigation.BottomNavigationActivity t2355}}})/@0x1275b26 - animation-bounds#0 (69)

04-13 01:06:04.304   580   634 I SurfaceFlinger: id=146899 Removed Surface(name=AppWindowToken{db41c0 token=Token{c13d743 ActivityRecord{5114f2 u0 com.wallapop/com.rewallapop.ui.wall.newnavigation.BottomNavigationActivity t2355}}})/@0x1275b26 - animation-leash#0 (69)

04-13 01:06:04.309   580  1744 I Layer   : id=146874 removeFromCurrentState AppWindowToken{6ac58a4 token=Token{a592b37 ActivityRecord{9103036 u0 com.wallapop/com.rewallapop.ui.wall.WallActivity t2355}}}#0 (69)

04-13 01:06:04.309   580  2337 I SurfaceFlinger: id=146897 Removed Surface(name=AppWindowToken{7329301 token=Token{a1690e8 ActivityRecord{60bca0b u0 com.wallapop/com.rewallapop.ui.wall.WallActivity t2355}}})/@0x353454 - animation-leash#1 (69)

04-13 01:06:04.309   580  2337 I SurfaceFlinger: id=146898 Removed Surface(name=AppWindowToken{7329301 token=Token{a1690e8 ActivityRecord{60bca0b u0 com.wallapop/com.rewallapop.ui.wall.WallActivity t2355}}})/@0x353454 - animation-bounds#1 (69)

04-13 01:06:04.309   580  2337 I SurfaceFlinger: id=146900 Removed Surface(name=AppWindowToken{db41c0 token=Token{c13d743 ActivityRecord{5114f2 u0 com.wallapop/com.rewallapop.ui.wall.newnavigation.BottomNavigationActivity t2355}}})/@0x1275b26 - animation-bounds#0 (69)

04-13 01:06:04.312   580   634 I SurfaceFlinger: id=146874 Removed AppWindowToken{6ac58a4 token=Token{a592b37 ActivityRecord{9103036 u0 com.wallapop/com.rewallapop.ui.wall.WallActivity t2355}}}#0 (69)

04-13 01:06:04.313   580   580 I Layer   : id=146874[1] Destroyed AppWindowToken{6ac58a4 token=Token{a592b37 ActivityRecord{9103036 u0 com.wallapop/com.rewallapop.ui.wall.WallActivity t2355}}}#0

04-13 01:06:04.313   580   580 I Layer   : id=146898[1] Destroyed Surface(name=AppWindowToken{7329301 token=Token{a1690e8 ActivityRecord{60bca0b u0 com.wallapop/com.rewallapop.ui.wall.WallActivity t2355}}})/@0x353454 - animation-bounds#1

04-13 01:06:04.313   580   580 I Layer   : id=146897[1] Destroyed Surface(name=AppWindowToken{7329301 token=Token{a1690e8 ActivityRecord{60bca0b u0 com.wallapop/com.rewallapop.ui.wall.WallActivity t2355}}})/@0x353454 - animation-leash#1

04-13 01:06:04.313   580   580 I Layer   : id=146900[1] Destroyed Surface(name=AppWindowToken{db41c0 token=Token{c13d743 ActivityRecord{5114f2 u0 com.wallapop/com.rewallapop.ui.wall.newnavigation.BottomNavigationActivity t2355}}})/@0x1275b26 - animation-bounds#0

04-13 01:06:04.313   580   580 I Layer   : id=146899[1] Destroyed Surface(name=AppWindowToken{db41c0 token=Token{c13d743 ActivityRecord{5114f2 u0 com.wallapop/com.rewallapop.ui.wall.newnavigation.BottomNavigationActivity t2355}}})/@0x1275b26 - animation-leash#0

04-13 01:06:04.348   949  3210 I ActivityTaskManager: START u0 {flg=0x10008000 cmp=com.wallapop/com.rewallapop.ui.wall.newnavigation.BottomNavigationActivity} from uid 10313

04-13 01:06:04.358   580  1744 I SurfaceFlinger: id=146901 createSurf (0x0),-1 flag=80004, AppWindowToken{68b4dae token=Token{87a0629 ActivityRecord{9e4b7b0 u0 com.wallapop/com.rewallapop.ui.wall.newnavigation.BottomNavigationActivity t2355}}}#0

04-13 01:06:04.366   949  3247 W ActivityTaskManager: Duplicate finish request for ActivityRecord{11ebde8 u0 com.wallapop/com.rewallapop.ui.wall.WallActivity t2355 f}

04-13 01:06:04.371   949  1091 D PhoneWindow: forceLight changed to true [Splash Screen com.wallapop] from com.android.internal.policy.PhoneWindow.updateForceLightNavigationBar:4238 com.android.internal.policy.DecorView.updateColorViews:1510 com.android.internal.policy.PhoneWindow.dispatchWindowAttributesChanged:3216 android.view.Window.setFlags:1148 com.android.internal.policy.PhoneWindow.generateLayout:2444

04-13 01:06:04.371   949  1091 D PhoneWindow: forceLight changed to false [Splash Screen com.wallapop] from com.android.internal.policy.PhoneWindow.updateForceLightNavigationBar:4244 com.android.internal.policy.DecorView.updateColorViews:1510 com.android.internal.policy.PhoneWindow.dispatchWindowAttributesChanged:3216 android.view.Window.setFlags:1148 com.android.internal.policy.PhoneWindow.generateLayout:2590

04-13 01:06:04.375   949  1090 D GameSDKService: MultiWindowEventListener.onFocusStackChanged(), state=0, top=ComponentInfo{com.wallapop/com.rewallapop.ui.wall.newnavigation.BottomNavigationActivity}

04-13 01:06:04.375   580  1744 I SurfaceFlinger: id=146902 createSurf (0x0),-1 flag=80004, 8f4ed74 Splash Screen com.wallapop#0

04-13 01:06:04.382   949  1091 V WindowManager: Relayout Window{8f4ed74 u0 Splash Screen com.wallapop}: viewVisibility=0 req=720x1480

04-13 01:06:04.385   580  1744 I SurfaceFlinger: id=146903 createSurf (720x1480),1 flag=404, Splash Screen com.wallapop#0

04-13 01:06:04.386   949  1091 D WindowManager: makeSurface duration=1 name=Splash Screen com.wallapop

04-13 01:06:04.388   949  1090 D GameSDKService: MultiWindowEventListener.onFocusStackChanged(): com.wallapop

04-13 01:06:04.389   949  1090 D GameManagerService: MultiWindowEventListener.onFocusedStackChanged(), state=0, top=ComponentInfo{com.wallapop/com.rewallapop.ui.wall.newnavigation.BottomNavigationActivity}

04-13 01:06:04.389   949  1090 D GameManagerService: MultiWindowEventListener.onFocusedStackChanged(), pkgName: com.wallapop, clsName: com.rewallapop.ui.wall.newnavigation.BottomNavigationActivity, FgActivityName:com.wallapop/com.rewallapop.ui.wall.newnavigation.BottomNavigationActivity, userID:0

04-13 01:06:04.389   949  1764 D GameManagerService: onLooperPrepared(), msg: { when=0 what=10000 obj=ComponentInfo{com.wallapop/com.rewallapop.ui.wall.newnavigation.BottomNavigationActivity} target=com.samsung.android.game.GameManagerService$FgCheckThread$1 }

04-13 01:06:04.405   949  1091 D WindowManager: finishDrawingWindow: Window{8f4ed74 u0 Splash Screen com.wallapop} mDrawState=DRAW_PENDING

04-13 01:06:04.408   949  1091 I WindowManager: Destroying surface Surface(name=Splash Screen com.wallapop)/@0xbc7e5e called by com.android.server.wm.WindowStateAnimator.destroySurface:1734 com.android.server.wm.WindowStateAnimator.destroySurfaceLocked:693 com.android.server.wm.WindowState.removeImmediately:2282 com.android.server.wm.WindowState.removeIfPossible:2418 com.android.server.wm.WindowState.removeIfPossible:2297 com.android.server.wm.WindowManagerService.removeWindow:2017 com.android.server.wm.Session.remove:184 android.view.ViewRootImpl.dispatchDetachedFromWindow:4931

04-13 01:06:04.408   580   634 I Layer   : id=146896 removeFromCurrentState Splash Screen com.wallapop#1 (67)

04-13 01:06:04.411   949  1091 V WindowManager: performShow on Window{8f4ed74 u0 Splash Screen com.wallapop}: mDrawState=READY_TO_SHOW readyForDisplay=false starting=true during animation: policyVis=true parentHidden=false tok.hiddenRequested=true tok.hidden=true animating=false tok animating=false Callers=com.android.server.wm.WindowState.performShowLocked:4660 com.android.server.wm.WindowStateAnimator.commitFinishDrawingLocked:380 com.android.server.wm.DisplayContent.lambda$new$8$DisplayContent:948 com.android.server.wm.-$$Lambda$DisplayContent$qxt4izS31fb0LF2uo_OF9DMa7gc.accept:4

04-13 01:06:04.413   580  1744 I Layer   : id=146895 removeFromCurrentState eaaf26d Splash Screen com.wallapop#0 (67)

04-13 01:06:04.415   580  1744 I SurfaceFlinger: id=146895 Removed eaaf26d Splash Screen com.wallapop#0 (67)

04-13 01:06:04.415   580  1744 I SurfaceFlinger: id=146896 Removed Splash Screen com.wallapop#1 (67)

04-13 01:06:04.418   949  5687 I ActivityTaskManager: START u0 {flg=0x10008000 cmp=com.wallapop/com.rewallapop.ui.wall.newnavigation.BottomNavigationActivity} from uid 10313

04-13 01:06:04.427   580  1744 I SurfaceFlinger: id=146904 createSurf (0x0),-1 flag=80004, AppWindowToken{cfc8855 token=Token{8ac770c ActivityRecord{976a23f u0 com.wallapop/com.rewallapop.ui.wall.newnavigation.BottomNavigationActivity t2355}}}#0

04-13 01:06:04.430   580   580 I Layer   : id=146896[1] Destroyed Splash Screen com.wallapop#1

04-13 01:06:04.430   580   580 I Layer   : id=146895[1] Destroyed eaaf26d Splash Screen com.wallapop#0

04-13 01:06:04.439   949  2013 W ActivityTaskManager: Duplicate finish request for ActivityRecord{b149784 u0 com.wallapop/com.rewallapop.ui.wall.WallActivity t2355 f}

04-13 01:06:04.439   949  1090 D GameSDKService: MultiWindowEventListener.onFocusStackChanged(), state=0, top=ComponentInfo{com.wallapop/com.rewallapop.ui.wall.newnavigation.BottomNavigationActivity}

04-13 01:06:04.440   949  1090 D GameSDKService: MultiWindowEventListener.onFocusStackChanged(): com.wallapop

04-13 01:06:04.440   949  1091 D PhoneWindow: forceLight changed to true [Splash Screen com.wallapop] from com.android.internal.policy.PhoneWindow.updateForceLightNavigationBar:4238 com.android.internal.policy.DecorView.updateColorViews:1510 com.android.internal.policy.PhoneWindow.dispatchWindowAttributesChanged:3216 android.view.Window.setFlags:1148 com.android.internal.policy.PhoneWindow.generateLayout:2444

04-13 01:06:04.441   949  1090 D GameManagerService: MultiWindowEventListener.onFocusedStackChanged(), state=0, top=ComponentInfo{com.wallapop/com.rewallapop.ui.wall.newnavigation.BottomNavigationActivity}

04-13 01:06:04.441   949  1090 D GameManagerService: MultiWindowEventListener.onFocusedStackChanged(), pkgName: com.wallapop, clsName: com.rewallapop.ui.wall.newnavigation.BottomNavigationActivity, FgActivityName:com.wallapop/com.rewallapop.ui.wall.newnavigation.BottomNavigationActivity, userID:0

04-13 01:06:04.441   949  1091 D PhoneWindow: forceLight changed to false [Splash Screen com.wallapop] from com.android.internal.policy.PhoneWindow.updateForceLightNavigationBar:4244 com.android.internal.policy.DecorView.updateColorViews:1510 com.android.internal.policy.PhoneWindow.dispatchWindowAttributesChanged:3216 android.view.Window.setFlags:1148 com.android.internal.policy.PhoneWindow.generateLayout:2590

04-13 01:06:04.441   949  1764 D GameManagerService: onLooperPrepared(), msg: { when=0 what=10000 obj=ComponentInfo{com.wallapop/com.rewallapop.ui.wall.newnavigation.BottomNavigationActivity} target=com.samsung.android.game.GameManagerService$FgCheckThread$1 }

04-13 01:06:04.446   580  1744 I SurfaceFlinger: id=146905 createSurf (0x0),-1 flag=80004, 25aa2d3 Splash Screen com.wallapop#0

04-13 01:06:04.453   949  1091 V WindowManager: Relayout Window{25aa2d3 u0 Splash Screen com.wallapop}: viewVisibility=0 req=720x1480

04-13 01:06:04.460   580  1744 I SurfaceFlinger: id=146906 createSurf (720x1480),1 flag=404, Splash Screen com.wallapop#1

04-13 01:06:04.461   949  1091 D WindowManager: makeSurface duration=2 name=Splash Screen com.wallapop

04-13 01:06:04.476   949  1091 D WindowManager: finishDrawingWindow: Window{25aa2d3 u0 Splash Screen com.wallapop} mDrawState=DRAW_PENDING

04-13 01:06:04.479   949  1091 I WindowManager: Destroying surface Surface(name=Splash Screen com.wallapop)/@0xbc9994b called by com.android.server.wm.WindowStateAnimator.destroySurface:1734 com.android.server.wm.WindowStateAnimator.destroySurfaceLocked:693 com.android.server.wm.WindowState.removeImmediately:2282 com.android.server.wm.WindowState.removeIfPossible:2418 com.android.server.wm.WindowState.removeIfPossible:2297 com.android.server.wm.WindowManagerService.removeWindow:2017 com.android.server.wm.Session.remove:184 android.view.ViewRootImpl.dispatchDetachedFromWindow:4931

04-13 01:06:04.479   580  1744 I Layer   : id=146903 removeFromCurrentState Splash Screen com.wallapop#0 (68)

04-13 01:06:04.481   949  1091 V WindowManager: performShow on Window{25aa2d3 u0 Splash Screen com.wallapop}: mDrawState=READY_TO_SHOW readyForDisplay=false starting=true during animation: policyVis=true parentHidden=false tok.hiddenRequested=true tok.hidden=true animating=false tok animating=false Callers=com.android.server.wm.WindowState.performShowLocked:4660 com.android.server.wm.WindowStateAnimator.commitFinishDrawingLocked:380 com.android.server.wm.DisplayContent.lambda$new$8$DisplayContent:948 com.android.server.wm.-$$Lambda$DisplayContent$qxt4izS31fb0LF2uo_OF9DMa7gc.accept:4

04-13 01:06:04.483   580  2337 I Layer   : id=146902 removeFromCurrentState 8f4ed74 Splash Screen com.wallapop#0 (68)

04-13 01:06:04.484   580   634 I SurfaceFlinger: id=146902 Removed 8f4ed74 Splash Screen com.wallapop#0 (68)

04-13 01:06:04.484   580   634 I SurfaceFlinger: id=146903 Removed Splash Screen com.wallapop#0 (68)

04-13 01:06:04.496   580   580 I Layer   : id=146902[1] Destroyed 8f4ed74 Splash Screen com.wallapop#0

04-13 01:06:04.496   580   580 I Layer   : id=146903[1] Destroyed Splash Screen com.wallapop#0

04-13 01:06:04.521   949  2013 D SamsungAlarmManager: Cancel Alarm calling from uid:10313 pid :22484 / op:PendingIntent{c8d4f28: PendingIntentRecord{68e0bf6 com.wallapop broadcastIntent}}

04-13 01:06:04.524   949  2013 D SamsungAlarmManager: Cancel Alarm calling from uid:10313 pid :22484 / op:PendingIntent{7391441: PendingIntentRecord{68e0bf6 com.wallapop broadcastIntent}}

04-13 01:06:04.695 22484 22484 W com.wallapop: Accessing hidden method Lsun/misc/Unsafe;->putOrderedLong(Ljava/lang/Object;JJ)V (greylist, linking, allowed)

04-13 01:06:04.705 22484 22774 W com.wallapop: Accessing hidden method Lsun/misc/Unsafe;->getObject(Ljava/lang/Object;J)Ljava/lang/Object; (greylist, linking, allowed)

04-13 01:06:04.706 22484 22774 W com.wallapop: Accessing hidden method Lsun/misc/Unsafe;->putObject(Ljava/lang/Object;JLjava/lang/Object;)V (greylist, linking, allowed)

04-13 01:06:04.707 22484 22774 W com.wallapop: Accessing hidden method Lsun/misc/Unsafe;->getInt(Ljava/lang/Object;J)I (greylist, linking, allowed)

04-13 01:06:04.711 22484 22774 W com.wallapop: Accessing hidden method Lsun/misc/Unsafe;->getObject(Ljava/lang/Object;J)Ljava/lang/Object; (greylist, linking, allowed)

04-13 01:06:04.711 22484 22774 W com.wallapop: Accessing hidden method Lsun/misc/Unsafe;->putInt(Ljava/lang/Object;JI)V (greylist, linking, allowed)

04-13 01:06:04.711 22484 22774 W com.wallapop: Accessing hidden method Lsun/misc/Unsafe;->getLong(Ljava/lang/Object;J)J (greylist,core-platform-api, linking, allowed)

04-13 01:06:04.711 22484 22774 W com.wallapop: Accessing hidden method Lsun/misc/Unsafe;->putLong(Ljava/lang/Object;JJ)V (greylist, linking, allowed)

04-13 01:06:04.712 22484 22774 W com.wallapop: Accessing hidden method Lsun/misc/Unsafe;->getInt(Ljava/lang/Object;J)I (greylist, linking, allowed)

04-13 01:06:04.712 22484 22774 W com.wallapop: Accessing hidden method Lsun/misc/Unsafe;->getObject(Ljava/lang/Object;J)Ljava/lang/Object; (greylist, linking, allowed)

04-13 01:06:04.712 22484 22774 W com.wallapop: Accessing hidden method Lsun/misc/Unsafe;->getLong(Ljava/lang/Object;J)J (greylist,core-platform-api, linking, allowed)

04-13 01:06:04.712 22484 22774 W com.wallapop: Accessing hidden method Lsun/misc/Unsafe;->putLong(Ljava/lang/Object;JJ)V (greylist, linking, allowed)

04-13 01:06:04.713   580  1744 I SurfaceFlinger: id=146907 createSurf (0x0),-1 flag=80004, d0db40 com.wallapop/com.rewallapop.ui.wall.WallActivity#0

04-13 01:06:04.715 22484 22574 W com.wallapop: Accessing hidden method Lsun/misc/Unsafe;->getObject(Ljava/lang/Object;J)Ljava/lang/Object; (greylist, linking, allowed)

04-13 01:06:04.743   949  1839 D MdnieScenarioControlService:  packageName : com.wallapop    className : com.rewallapop.ui.wall.newnavigation.BottomNavigationActivity

04-13 01:06:04.744  1923  2018 V PermissionManager_FLP: checkLocationAccess for com.wallapop[GMS_FUSED,300000,100], result is true

04-13 01:06:04.745  1923  2018 E RequestManager_FLP: [FusedLocationApi] Location request  4246fc1(Listener) PRIORITY_BALANCED_POWER_ACCURACY interval=300000 from com.wallapop (10313 foreground)

04-13 01:06:04.763   949  3401 I ActivityTaskManager: The Process com.wallapop Already Exists in BG. So sending its PID: 22484

04-13 01:06:04.785 22484 22484 W com.wallapop: Accessing hidden method Lsun/misc/Unsafe;->compareAndSwapObject(Ljava/lang/Object;JLjava/lang/Object;Ljava/lang/Object;)Z (greylist, linking, allowed)

04-13 01:06:04.797  1923  2018 E RequestManager_FLP: [FusedLocationApi] Location remove 4246fc1 from com.wallapop

04-13 01:06:04.815 22484 22781 W com.wallapop: Accessing hidden method Lsun/misc/Unsafe;->putOrderedLong(Ljava/lang/Object;JJ)V (greylist, linking, allowed)

04-13 01:06:04.817 22484 22781 W com.wallapop: Accessing hidden method Lsun/misc/Unsafe;->getObject(Ljava/lang/Object;J)Ljava/lang/Object; (greylist, linking, allowed)

04-13 01:06:04.821 22484 22574 W com.wallapop: Accessing hidden method Lsun/misc/Unsafe;->getObject(Ljava/lang/Object;J)Ljava/lang/Object; (greylist, linking, allowed)

04-13 01:06:04.821 22484 22574 W com.wallapop: Accessing hidden method Lsun/misc/Unsafe;->putInt(Ljava/lang/Object;JI)V (greylist, linking, allowed)

04-13 01:06:04.829 22484 22781 E WallapopError: 	at com.wallapop.discovery.wall.api.WallVerticalPaginatedRetrofitApi.d(SourceFile:39)

04-13 01:06:04.829 22484 22781 E WallapopError: 	at com.wallapop.discovery.wall.api.WallVerticalPaginatedRetrofitApi.e(SourceFile:36)

04-13 01:06:04.829 22484 22781 E WallapopError: 	at com.wallapop.discovery.wall.api.WallVerticalPaginatedRetrofitApi.firstPage(SourceFile:23)

04-13 01:06:04.829 22484 22781 E WallapopError: 	at com.wallapop.kernel.strategy.LocalOrCloudStrategy$DefaultImpls.d(SourceFile:9)

04-13 01:06:04.829 22484 22781 E WallapopError: 	at com.wallapop.kernel.strategy.Strategy$DefaultImpls.b(SourceFile:8)

04-13 01:06:04.829 22484 22781 E WallapopError: 	at com.wallapop.kernel.strategy.LocalOrCloudStrategy$DefaultImpls.b(Unknown Source:0)

04-13 01:06:04.856   949  1090 W ActivityTaskManager: Activity pause timeout for ActivityRecord{5114f2 u0 com.wallapop/com.rewallapop.ui.wall.newnavigation.BottomNavigationActivity t2355 f}

04-13 01:06:04.858   949  1090 I ActivityTaskManager: The Process com.wallapop Already Exists in BG. So sending its PID: 22484

04-13 01:06:04.861   949  1090 D GamePkgDataHelper: notifyAppCreate(), pkgName: com.wallapop, sendRet: true

04-13 01:06:04.861   949  1764 D GameManagerService: onLooperPrepared(), msg: { when=0 what=10010 obj=com.wallapop target=com.samsung.android.game.GameManagerService$FgCheckThread$1 }

04-13 01:06:04.861   949  1764 D GameManagerService: handleMessage(), MSG_APP_CREATE. pkgName: com.wallapop

04-13 01:06:04.862   949  1090 D MARsPolicyManager: onPackageResumedFG pkgName = com.wallapop, userId = 0

04-13 01:06:04.866   949  1090 V WindowManager: performShow on Window{25aa2d3 u0 Splash Screen com.wallapop}: mDrawState=READY_TO_SHOW readyForDisplay=false starting=true during animation: policyVis=true parentHidden=false tok.hiddenRequested=false tok.hidden=true animating=true tok animating=true Callers=com.android.server.wm.WindowState.performShowLocked:4660 com.android.server.wm.WindowStateAnimator.commitFinishDrawingLocked:380 com.android.server.wm.DisplayContent.lambda$new$8$DisplayContent:948 com.android.server.wm.-$$Lambda$DisplayContent$qxt4izS31fb0LF2uo_OF9DMa7gc.accept:4

04-13 01:06:04.872   949  1090 I WindowManager: Reparenting to leash, surface=Surface(name=AppWindowToken{db41c0 token=Token{c13d743 ActivityRecord{5114f2 u0 com.wallapop/com.rewallapop.ui.wall.newnavigation.BottomNavigationActivity t2355}}})/@0x1275b26

04-13 01:06:04.873   580  2337 I SurfaceFlinger: id=146908 createSurf (0x0),-1 flag=80004, Surface(name=AppWindowToken{db41c0 token=Token{c13d743 ActivityRecord{5114f2 u0 com.wallapop/com.rewallapop.ui.wall.newnavigation.BottomNavigationActivity t2355}}})/@0x1275b26 - animation-leash#0

04-13 01:06:04.873   949  1090 D WindowManager: makeSurface duration=1 leash=Surface(name=Surface(name=AppWindowToken{db41c0 token=Token{c13d743 ActivityRecord{5114f2 u0 com.wallapop/com.rewallapop.ui.wall.newnavigation.BottomNavigationActivity t2355}}})/@0x1275b26 - animation-leash)/@0xc4a8d7a

04-13 01:06:04.874   580  2337 I SurfaceFlinger: id=146909 createSurf (0x0),-1 flag=80004, Surface(name=AppWindowToken{db41c0 token=Token{c13d743 ActivityRecord{5114f2 u0 com.wallapop/com.rewallapop.ui.wall.newnavigation.BottomNavigationActivity t2355}}})/@0x1275b26 - animation-bounds#0

04-13 01:06:04.877   949  1090 I WindowManager: Reparenting to leash, surface=Surface(name=AppWindowToken{68b4dae token=Token{87a0629 ActivityRecord{9e4b7b0 u0 com.wallapop/com.rewallapop.ui.wall.newnavigation.BottomNavigationActivity t2355}}})/@0x42b45d

04-13 01:06:04.877   580  2337 I SurfaceFlinger: id=146910 createSurf (0x0),-1 flag=80004, Surface(name=AppWindowToken{68b4dae token=Token{87a0629 ActivityRecord{9e4b7b0 u0 com.wallapop/com.rewallapop.ui.wall.newnavigation.BottomNavigationActivity t2355}}})/@0x42b45d - animation-leash#0

04-13 01:06:04.878   949  1090 D WindowManager: makeSurface duration=1 leash=Surface(name=Surface(name=AppWindowToken{68b4dae token=Token{87a0629 ActivityRecord{9e4b7b0 u0 com.wallapop/com.rewallapop.ui.wall.newnavigation.BottomNavigationActivity t2355}}})/@0x42b45d - animation-leash)/@0xc4951d2

