04-13 01:05:50.121   580   722 I SurfaceFlinger: id=146795 createSurf (0x0),-1 flag=80004, AppWindowToken{6769ff4 token=Token{d6dbdc7 ActivityRecord{cc83306 u0 com.wallapop/com.rewallapop.ui.wall.WallActivity t2355}}}#0

04-13 01:05:50.144   949  1012 I ActivityTaskManager: START u0 {flg=0x10008000 cmp=com.wallapop/com.rewallapop.ui.wall.WallActivity} from uid 10313

04-13 01:05:50.148   580   580 I SurfaceFlinger:      DEVICE | 0xaa339b80 | 0002 | RGBA_8888 |   0.0    0.0  718.0 1480.0 |    2    0  720 1480 | Splash Screen com.wallapop#1

04-13 01:05:50.159   949  1091 D PhoneWindow: forceLight changed to true [Splash Screen com.wallapop] from com.android.internal.policy.PhoneWindow.updateForceLightNavigationBar:4238 com.android.internal.policy.DecorView.updateColorViews:1510 com.android.internal.policy.PhoneWindow.dispatchWindowAttributesChanged:3216 android.view.Window.setFlags:1148 com.android.internal.policy.PhoneWindow.generateLayout:2444

04-13 01:05:50.160   949  1091 D PhoneWindow: forceLight changed to false [Splash Screen com.wallapop] from com.android.internal.policy.PhoneWindow.updateForceLightNavigationBar:4244 com.android.internal.policy.DecorView.updateColorViews:1510 com.android.internal.policy.PhoneWindow.dispatchWindowAttributesChanged:3216 android.view.Window.setFlags:1148 com.android.internal.policy.PhoneWindow.generateLayout:2590

04-13 01:05:50.162   949  1090 D GameSDKService: MultiWindowEventListener.onFocusStackChanged(), state=0, top=ComponentInfo{com.wallapop/com.rewallapop.ui.wall.WallActivity}

04-13 01:05:50.168   580   722 I SurfaceFlinger: id=146796 createSurf (0x0),-1 flag=80004, AppWindowToken{1fb2278 token=Token{5e867db ActivityRecord{fc1a8ea u0 com.wallapop/com.rewallapop.ui.wall.WallActivity t2355}}}#0

04-13 01:05:50.172   580   722 I Layer   : id=146795 removeFromCurrentState AppWindowToken{6769ff4 token=Token{d6dbdc7 ActivityRecord{cc83306 u0 com.wallapop/com.rewallapop.ui.wall.WallActivity t2355}}}#0 (73)

04-13 01:05:50.173   949  1091 W WindowManager: Attempted to add application window with unknown token Token{d6dbdc7 ActivityRecord{cc83306 u0 com.wallapop/com.rewallapop.ui.wall.WallActivity t-1 f}}.  Aborting.

04-13 01:05:50.173   949  1091 W WindowManager: Token{d6dbdc7 ActivityRecord{cc83306 u0 com.wallapop/com.rewallapop.ui.wall.WallActivity t-1 f}} already running, starting window not displayed. Unable to add window -- token Token{d6dbdc7 ActivityRecord{cc83306 u0 com.wallapop/com.rewallapop.ui.wall.WallActivity t-1 f}} is not valid; is your activity running?

04-13 01:05:50.175   580   722 I SurfaceFlinger: id=146795 Removed AppWindowToken{6769ff4 token=Token{d6dbdc7 ActivityRecord{cc83306 u0 com.wallapop/com.rewallapop.ui.wall.WallActivity t2355}}}#0 (73)

04-13 01:05:50.177   580   580 I Layer   : id=146795[1] Destroyed AppWindowToken{6769ff4 token=Token{d6dbdc7 ActivityRecord{cc83306 u0 com.wallapop/com.rewallapop.ui.wall.WallActivity t2355}}}#0

04-13 01:05:50.178   949  1090 D GameSDKService: MultiWindowEventListener.onFocusStackChanged(): com.wallapop

04-13 01:05:50.178   949  1090 D GameManagerService: MultiWindowEventListener.onFocusedStackChanged(), state=0, top=ComponentInfo{com.wallapop/com.rewallapop.ui.wall.WallActivity}

04-13 01:05:50.178   949  1090 D GameManagerService: MultiWindowEventListener.onFocusedStackChanged(), pkgName: com.wallapop, clsName: com.rewallapop.ui.wall.WallActivity, FgActivityName:com.wallapop/com.rewallapop.ui.wall.WallActivity, userID:0

04-13 01:05:50.179   949  1764 D GameManagerService: onLooperPrepared(), msg: { when=-1ms what=10000 obj=ComponentInfo{com.wallapop/com.rewallapop.ui.wall.WallActivity} target=com.samsung.android.game.GameManagerService$FgCheckThread$1 }

04-13 01:05:50.181   949  1090 D GameSDKService: MultiWindowEventListener.onFocusStackChanged(), state=0, top=ComponentInfo{com.wallapop/com.rewallapop.ui.wall.WallActivity}

04-13 01:05:50.182   949  1090 D GameSDKService: MultiWindowEventListener.onFocusStackChanged(): com.wallapop

04-13 01:05:50.183   949  1090 D GameManagerService: MultiWindowEventListener.onFocusedStackChanged(), state=0, top=ComponentInfo{com.wallapop/com.rewallapop.ui.wall.WallActivity}

04-13 01:05:50.183   949  1090 D GameManagerService: MultiWindowEventListener.onFocusedStackChanged(), pkgName: com.wallapop, clsName: com.rewallapop.ui.wall.WallActivity, FgActivityName:com.wallapop/com.rewallapop.ui.wall.WallActivity, userID:0

04-13 01:05:50.183   949  1764 D GameManagerService: onLooperPrepared(), msg: { when=0 what=10000 obj=ComponentInfo{com.wallapop/com.rewallapop.ui.wall.WallActivity} target=com.samsung.android.game.GameManagerService$FgCheckThread$1 }

04-13 01:05:50.183   949  1091 D PhoneWindow: forceLight changed to true [Splash Screen com.wallapop] from com.android.internal.policy.PhoneWindow.updateForceLightNavigationBar:4238 com.android.internal.policy.DecorView.updateColorViews:1510 com.android.internal.policy.PhoneWindow.dispatchWindowAttributesChanged:3216 android.view.Window.setFlags:1148 com.android.internal.policy.PhoneWindow.generateLayout:2444

04-13 01:05:50.184   949  1091 D PhoneWindow: forceLight changed to false [Splash Screen com.wallapop] from com.android.internal.policy.PhoneWindow.updateForceLightNavigationBar:4244 com.android.internal.policy.DecorView.updateColorViews:1510 com.android.internal.policy.PhoneWindow.dispatchWindowAttributesChanged:3216 android.view.Window.setFlags:1148 com.android.internal.policy.PhoneWindow.generateLayout:2590

04-13 01:05:50.188   580   722 I SurfaceFlinger: id=146797 createSurf (0x0),-1 flag=80004, f1cddbc Splash Screen com.wallapop#0

04-13 01:05:50.192   949  1091 I WindowManager: Reparenting to original parent: Surface(name=Task=2355)/@0xd000e0e, destroyLeash=true, surface=Surface(name=AppWindowToken{3d4555 token=Token{3b6080c ActivityRecord{557d73f u0 com.wallapop/com.rewallapop.ui.wall.WallActivity t2355}}})/@0x94dcbd0

04-13 01:05:50.193   949  1091 I WindowManager: Reparenting to original parent: Surface(name=Task=2355)/@0xd000e0e, destroyLeash=true, surface=Surface(name=AppWindowToken{a696eeb token=Token{2b5223a ActivityRecord{c436565 u0 com.wallapop/.auth.onboarding.OnboardingActivity t2355}}})/@0x64ecf6d

04-13 01:05:50.193   949  1091 V WindowManager: Setting visibility of Window{b7d11fe u0 com.wallapop/com.wallapop.auth.onboarding.OnboardingActivity}: false, caller=com.android.server.wm.WindowContainer.sendAppVisibilityToClients:640 com.android.server.wm.AppWindowToken.setClientHidden:621 com.android.server.wm.AppWindowToken.onAnimationFinished:3516 com.android.server.wm.-$$Lambda$yVRF8YoeNdTa8GR1wDStVsHu8xM.run:2 com.android.server.wm.SurfaceAnimator.lambda$getFinishedCallback$0$SurfaceAnimator:100

04-13 01:05:50.196   949  1091 E WindowManager: win=Window{65131de u0 Splash Screen com.wallapop EXITING} destroySurfaces: appStopped=false win.mWindowRemovalAllowed=true win.mRemoveOnExit=true win.mViewVisibility=0 caller=com.android.server.wm.AppWindowToken.destroySurfaces:1199 com.android.server.wm.AppWindowToken.destroySurfaces:1180 com.android.server.wm.WindowState.onExitAnimationDone:5030 com.android.server.wm.-$$Lambda$01bPtngJg5AqEoOWfW3rWfV7MH4.accept:2 java.util.ArrayList.forEach:1262 com.android.server.wm.AppWindowToken.onAnimationFinished:3539 com.android.server.wm.-$$Lambda$yVRF8YoeNdTa8GR1wDStVsHu8xM.run:2

04-13 01:05:50.197   949  1091 I WindowManager: Destroying surface Surface(name=Splash Screen com.wallapop)/@0xd244cc1 called by com.android.server.wm.WindowStateAnimator.destroySurface:1734 com.android.server.wm.WindowStateAnimator.destroySurfaceLocked:693 com.android.server.wm.WindowState.destroySurfaceUnchecked:3482 com.android.server.wm.WindowState.destroySurface:3456 com.android.server.wm.AppWindowToken.destroySurfaces:1199 com.android.server.wm.AppWindowToken.destroySurfaces:1180 com.android.server.wm.WindowState.onExitAnimationDone:5030 com.android.server.wm.-$$Lambda$01bPtngJg5AqEoOWfW3rWfV7MH4.accept:2

04-13 01:05:50.197   580   722 I Layer   : id=146772 removeFromCurrentState Splash Screen com.wallapop#2 (73)

04-13 01:05:50.201   580  2337 I Layer   : id=146794 removeFromCurrentState com.wallapop/com.wallapop.auth.onboarding.OnboardingActivity$_22484#0 (73)

04-13 01:05:50.201   580  2337 I Layer   : id=146790 removeFromCurrentState Surface(name=AppWindowToken{a696eeb token=Token{2b5223a ActivityRecord{c436565 u0 com.wallapop/.auth.onboarding.OnboardingActivity t2355}}})/@0x64ecf6d - animation-leash#0 (73)

04-13 01:05:50.201   580  2337 I Layer   : id=146791 removeFromCurrentState Surface(name=AppWindowToken{a696eeb token=Token{2b5223a ActivityRecord{c436565 u0 com.wallapop/.auth.onboarding.OnboardingActivity t2355}}})/@0x64ecf6d - animation-bounds#0 (73)

04-13 01:05:50.201   580  2337 I Layer   : id=146768 removeFromCurrentState AppWindowToken{a696eeb token=Token{2b5223a ActivityRecord{c436565 u0 com.wallapop/.auth.onboarding.OnboardingActivity t2355}}}#0 (73)

04-13 01:05:50.201   580  2337 I Layer   : id=146777 removeFromCurrentState b7d11fe com.wallapop/com.wallapop.auth.onboarding.OnboardingActivity#0 (73)

04-13 01:05:50.201   580  2337 I Layer   : id=146770 removeFromCurrentState 65131de Splash Screen com.wallapop#0 (73)

04-13 01:05:50.201   580  2337 I Layer   : id=146780 removeFromCurrentState AppWindowToken{3d4555 token=Token{3b6080c ActivityRecord{557d73f u0 com.wallapop/com.rewallapop.ui.wall.WallActivity t2355}}}#0 (73)

04-13 01:05:50.201   580  2337 I Layer   : id=146788 removeFromCurrentState Surface(name=AppWindowToken{3d4555 token=Token{3b6080c ActivityRecord{557d73f u0 com.wallapop/com.rewallapop.ui.wall.WallActivity t2355}}})/@0x94dcbd0 - animation-leash#0 (73)

04-13 01:05:50.201   580  2337 I Layer   : id=146789 removeFromCurrentState Surface(name=AppWindowToken{3d4555 token=Token{3b6080c ActivityRecord{557d73f u0 com.wallapop/com.rewallapop.ui.wall.WallActivity t2355}}})/@0x94dcbd0 - animation-bounds#0 (73)

04-13 01:05:50.201   580  2337 I Layer   : id=146770 removeFromCurrentState 65131de Splash Screen com.wallapop#0 (73)

04-13 01:05:50.201   580  2337 I Layer   : id=146790 removeFromCurrentState Surface(name=AppWindowToken{a696eeb token=Token{2b5223a ActivityRecord{c436565 u0 com.wallapop/.auth.onboarding.OnboardingActivity t2355}}})/@0x64ecf6d - animation-leash#0 (73)

04-13 01:05:50.202   949  1091 I WindowManager: Reparenting to original parent: Surface(name=Task=2355)/@0xd000e0e, destroyLeash=true, surface=Surface(name=AppWindowToken{1eed596 token=Token{b289cb1 ActivityRecord{53cf358 u0 com.wallapop/com.rewallapop.ui.wall.WallActivity t2355}}})/@0x248f383

04-13 01:05:50.202   580   632 I SurfaceFlinger: id=146791 Removed Surface(name=AppWindowToken{a696eeb token=Token{2b5223a ActivityRecord{c436565 u0 com.wallapop/.auth.onboarding.OnboardingActivity t2355}}})/@0x64ecf6d - animation-bounds#0 (73)

04-13 01:05:50.202   580   632 I SurfaceFlinger: id=146788 Removed Surface(name=AppWindowToken{3d4555 token=Token{3b6080c ActivityRecord{557d73f u0 com.wallapop/com.rewallapop.ui.wall.WallActivity t2355}}})/@0x94dcbd0 - animation-leash#0 (73)

04-13 01:05:50.202   580   632 I SurfaceFlinger: id=146772 Removed Splash Screen com.wallapop#2 (73)

04-13 01:05:50.202   580   632 I SurfaceFlinger: id=146789 Removed Surface(name=AppWindowToken{3d4555 token=Token{3b6080c ActivityRecord{557d73f u0 com.wallapop/com.rewallapop.ui.wall.WallActivity t2355}}})/@0x94dcbd0 - animation-bounds#0 (73)

04-13 01:05:50.202   580   632 I SurfaceFlinger: id=146770 Removed 65131de Splash Screen com.wallapop#0 (73)

04-13 01:05:50.202   580   632 I SurfaceFlinger: id=146790 Removed Surface(name=AppWindowToken{a696eeb token=Token{2b5223a ActivityRecord{c436565 u0 com.wallapop/.auth.onboarding.OnboardingActivity t2355}}})/@0x64ecf6d - animation-leash#0 (73)

04-13 01:05:50.204   949  1091 V WindowManager: Relayout Window{f1cddbc u0 Splash Screen com.wallapop}: viewVisibility=0 req=720x1480

04-13 01:05:50.206   580   634 I Layer   : id=146792 removeFromCurrentState Surface(name=AppWindowToken{1eed596 token=Token{b289cb1 ActivityRecord{53cf358 u0 com.wallapop/com.rewallapop.ui.wall.WallActivity t2355}}})/@0x248f383 - animation-leash#0 (73)

04-13 01:05:50.206   580   634 I Layer   : id=146793 removeFromCurrentState Surface(name=AppWindowToken{1eed596 token=Token{b289cb1 ActivityRecord{53cf358 u0 com.wallapop/com.rewallapop.ui.wall.WallActivity t2355}}})/@0x248f383 - animation-bounds#0 (73)

04-13 01:05:50.208   580   722 I SurfaceFlinger: id=146792 Removed Surface(name=AppWindowToken{1eed596 token=Token{b289cb1 ActivityRecord{53cf358 u0 com.wallapop/com.rewallapop.ui.wall.WallActivity t2355}}})/@0x248f383 - animation-leash#0 (73)

04-13 01:05:50.208   580   722 I SurfaceFlinger: id=146793 Removed Surface(name=AppWindowToken{1eed596 token=Token{b289cb1 ActivityRecord{53cf358 u0 com.wallapop/com.rewallapop.ui.wall.WallActivity t2355}}})/@0x248f383 - animation-bounds#0 (73)

04-13 01:05:50.208   580   722 I SurfaceFlinger: id=146798 createSurf (720x1480),1 flag=404, Splash Screen com.wallapop#0

04-13 01:05:50.210   949  1091 D WindowManager: makeSurface duration=2 name=Splash Screen com.wallapop

04-13 01:05:50.211   580   580 I Layer   : id=146770[1] Destroyed 65131de Splash Screen com.wallapop#0

04-13 01:05:50.211   580   580 I Layer   : id=146772[1] Destroyed Splash Screen com.wallapop#2

04-13 01:05:50.211   580   580 I Layer   : id=146791[1] Destroyed Surface(name=AppWindowToken{a696eeb token=Token{2b5223a ActivityRecord{c436565 u0 com.wallapop/.auth.onboarding.OnboardingActivity t2355}}})/@0x64ecf6d - animation-bounds#0

04-13 01:05:50.211   580   580 I Layer   : id=146790[1] Destroyed Surface(name=AppWindowToken{a696eeb token=Token{2b5223a ActivityRecord{c436565 u0 com.wallapop/.auth.onboarding.OnboardingActivity t2355}}})/@0x64ecf6d - animation-leash#0

04-13 01:05:50.211   580   580 I Layer   : id=146789[1] Destroyed Surface(name=AppWindowToken{3d4555 token=Token{3b6080c ActivityRecord{557d73f u0 com.wallapop/com.rewallapop.ui.wall.WallActivity t2355}}})/@0x94dcbd0 - animation-bounds#0

04-13 01:05:50.211   580   580 I Layer   : id=146788[1] Destroyed Surface(name=AppWindowToken{3d4555 token=Token{3b6080c ActivityRecord{557d73f u0 com.wallapop/com.rewallapop.ui.wall.WallActivity t2355}}})/@0x94dcbd0 - animation-leash#0

04-13 01:05:50.211   580   580 I Layer   : id=146793[1] Destroyed Surface(name=AppWindowToken{1eed596 token=Token{b289cb1 ActivityRecord{53cf358 u0 com.wallapop/com.rewallapop.ui.wall.WallActivity t2355}}})/@0x248f383 - animation-bounds#0

04-13 01:05:50.211   580   580 I Layer   : id=146792[1] Destroyed Surface(name=AppWindowToken{1eed596 token=Token{b289cb1 ActivityRecord{53cf358 u0 com.wallapop/com.rewallapop.ui.wall.WallActivity t2355}}})/@0x248f383 - animation-leash#0

04-13 01:05:50.237   949  1091 D WindowManager: finishDrawingWindow: Window{f1cddbc u0 Splash Screen com.wallapop} mDrawState=DRAW_PENDING

04-13 01:05:50.239   949  1091 I WindowManager: Destroying surface Surface(name=Splash Screen com.wallapop)/@0x54828f2 called by com.android.server.wm.WindowStateAnimator.destroySurface:1734 com.android.server.wm.WindowStateAnimator.destroySurfaceLocked:693 com.android.server.wm.WindowState.removeImmediately:2282 com.android.server.wm.WindowState.removeIfPossible:2418 com.android.server.wm.WindowState.removeIfPossible:2297 com.android.server.wm.WindowManagerService.removeWindow:2017 com.android.server.wm.Session.remove:184 android.view.ViewRootImpl.dispatchDetachedFromWindow:4931

04-13 01:05:50.240   580   634 I Layer   : id=146787 removeFromCurrentState Splash Screen com.wallapop#1 (66)

04-13 01:05:50.242   949  1091 V WindowManager: performShow on Window{f1cddbc u0 Splash Screen com.wallapop}: mDrawState=READY_TO_SHOW readyForDisplay=false starting=true during animation: policyVis=true parentHidden=false tok.hiddenRequested=true tok.hidden=true animating=false tok animating=false Callers=com.android.server.wm.WindowState.performShowLocked:4660 com.android.server.wm.WindowStateAnimator.commitFinishDrawingLocked:380 com.android.server.wm.DisplayContent.lambda$new$8$DisplayContent:948 com.android.server.wm.-$$Lambda$DisplayContent$qxt4izS31fb0LF2uo_OF9DMa7gc.accept:4

04-13 01:05:50.242   580   634 I SurfaceFlinger: id=146787 Removed Splash Screen com.wallapop#1 (66)

04-13 01:05:50.246   580   580 I Layer   : id=146787[1] Destroyed Splash Screen com.wallapop#1

04-13 01:05:50.246   580   634 I Layer   : id=146786 removeFromCurrentState 916f2a5 Splash Screen com.wallapop#0 (66)

04-13 01:05:50.258   580   634 I SurfaceFlinger: id=146786 Removed 916f2a5 Splash Screen com.wallapop#0 (65)

04-13 01:05:50.260   580   580 I Layer   : id=146786[1] Destroyed 916f2a5 Splash Screen com.wallapop#0

04-13 01:05:50.312 15605 15755 I Finsky  : [238908] jpj.a(16): com.wallapop: Account from first account - [3PfMwWmzt_CSe3k0V-oqbOuocdBadT-4eyQXPehhUwk]

04-13 01:05:50.313 15605 15755 I Finsky  : [238908] jpj.a(58): Billing preferred account via installer for com.wallapop: [3PfMwWmzt_CSe3k0V-oqbOuocdBadT-4eyQXPehhUwk]

04-13 01:05:50.347 22484 22850 W com.wallapop: Accessing hidden method Lsun/misc/Unsafe;->getObject(Ljava/lang/Object;J)Ljava/lang/Object; (greylist, linking, allowed)

04-13 01:05:50.347 22484 22850 W com.wallapop: Accessing hidden method Lsun/misc/Unsafe;->putObject(Ljava/lang/Object;JLjava/lang/Object;)V (greylist, linking, allowed)

04-13 01:05:50.349 22484 22850 W com.wallapop: Accessing hidden method Lsun/misc/Unsafe;->getInt(Ljava/lang/Object;J)I (greylist, linking, allowed)

04-13 01:05:50.349 22484 22850 W com.wallapop: Accessing hidden method Lsun/misc/Unsafe;->getObject(Ljava/lang/Object;J)Ljava/lang/Object; (greylist, linking, allowed)

04-13 01:05:50.349 22484 22850 W com.wallapop: Accessing hidden method Lsun/misc/Unsafe;->putInt(Ljava/lang/Object;JI)V (greylist, linking, allowed)

04-13 01:05:50.349 22484 22850 W com.wallapop: Accessing hidden method Lsun/misc/Unsafe;->getLong(Ljava/lang/Object;J)J (greylist,core-platform-api, linking, allowed)

04-13 01:05:50.349 22484 22850 W com.wallapop: Accessing hidden method Lsun/misc/Unsafe;->putLong(Ljava/lang/Object;JJ)V (greylist, linking, allowed)

04-13 01:05:50.350 22484 22574 W com.wallapop: Accessing hidden method Lsun/misc/Unsafe;->getInt(Ljava/lang/Object;J)I (greylist, linking, allowed)

04-13 01:05:50.350 22484 22574 W com.wallapop: Accessing hidden method Lsun/misc/Unsafe;->getObject(Ljava/lang/Object;J)Ljava/lang/Object; (greylist, linking, allowed)

04-13 01:05:50.350 22484 22850 W com.wallapop: Accessing hidden method Lsun/misc/Unsafe;->getObject(Ljava/lang/Object;J)Ljava/lang/Object; (greylist, linking, allowed)

04-13 01:05:50.351 22484 22850 W com.wallapop: Accessing hidden method Lsun/misc/Unsafe;->getObject(Ljava/lang/Object;J)Ljava/lang/Object; (greylist, linking, allowed)

04-13 01:05:50.351 22484 22850 W com.wallapop: Accessing hidden method Lsun/misc/Unsafe;->getLong(Ljava/lang/Object;J)J (greylist,core-platform-api, linking, allowed)

04-13 01:05:50.351 22484 22850 W com.wallapop: Accessing hidden method Lsun/misc/Unsafe;->putLong(Ljava/lang/Object;JJ)V (greylist, linking, allowed)

04-13 01:05:50.406   949  3210 D SamsungAlarmManager: Cancel Alarm calling from uid:10313 pid :22484 / op:PendingIntent{192689f: PendingIntentRecord{68e0bf6 com.wallapop broadcastIntent}}

04-13 01:05:50.424   949  3210 D SamsungAlarmManager: Cancel Alarm calling from uid:10313 pid :22484 / op:PendingIntent{e76a5b5: PendingIntentRecord{68e0bf6 com.wallapop broadcastIntent}}

04-13 01:05:50.428 22484 22944 W com.wallapop: Accessing hidden method Lsun/misc/Unsafe;->getObjectVolatile(Ljava/lang/Object;J)Ljava/lang/Object; (greylist, linking, allowed)

04-13 01:05:50.428 22484 22944 W com.wallapop: Accessing hidden method Lsun/misc/Unsafe;->putOrderedObject(Ljava/lang/Object;JLjava/lang/Object;)V (greylist, linking, allowed)

04-13 01:05:50.484   949  1839 D MdnieScenarioControlService:  packageName : com.wallapop    className : com.rewallapop.ui.wall.WallActivity

04-13 01:05:50.616   949  1090 W ActivityTaskManager: Activity top resumed state loss timeout for ActivityRecord{53cf358 u0 com.wallapop/com.rewallapop.ui.wall.WallActivity t2355 f}

04-13 01:05:50.619   949  1090 W ActivityTaskManager: Activity pause timeout for ActivityRecord{53cf358 u0 com.wallapop/com.rewallapop.ui.wall.WallActivity t2355 f}

04-13 01:05:50.620   949  1090 I ActivityTaskManager: The Process com.wallapop Already Exists in BG. So sending its PID: 22484

04-13 01:05:50.623   949  1090 D GamePkgDataHelper: notifyAppCreate(), pkgName: com.wallapop, sendRet: true

04-13 01:05:50.624   949  1764 D GameManagerService: onLooperPrepared(), msg: { when=-1ms what=10010 obj=com.wallapop target=com.samsung.android.game.GameManagerService$FgCheckThread$1 }

04-13 01:05:50.624   949  1764 D GameManagerService: handleMessage(), MSG_APP_CREATE. pkgName: com.wallapop

04-13 01:05:50.625   949  1090 D MARsPolicyManager: onPackageResumedFG pkgName = com.wallapop, userId = 0

04-13 01:05:50.628   949  1090 V WindowManager: performShow on Window{f1cddbc u0 Splash Screen com.wallapop}: mDrawState=READY_TO_SHOW readyForDisplay=false starting=true during animation: policyVis=true parentHidden=false tok.hiddenRequested=false tok.hidden=true animating=true tok animating=true Callers=com.android.server.wm.WindowState.performShowLocked:4660 com.android.server.wm.WindowStateAnimator.commitFinishDrawingLocked:380 com.android.server.wm.DisplayContent.lambda$new$8$DisplayContent:948 com.android.server.wm.-$$Lambda$DisplayContent$qxt4izS31fb0LF2uo_OF9DMa7gc.accept:4

04-13 01:05:50.637   949  1090 I WindowManager: Reparenting to leash, surface=Surface(name=AppWindowToken{1eed596 token=Token{b289cb1 ActivityRecord{53cf358 u0 com.wallapop/com.rewallapop.ui.wall.WallActivity t2355}}})/@0x248f383

04-13 01:05:50.637   580   722 I SurfaceFlinger: id=146799 createSurf (0x0),-1 flag=80004, Surface(name=AppWindowToken{1eed596 token=Token{b289cb1 ActivityRecord{53cf358 u0 com.wallapop/com.rewallapop.ui.wall.WallActivity t2355}}})/@0x248f383 - animation-leash#0

04-13 01:05:50.639   949  1090 D WindowManager: makeSurface duration=2 leash=Surface(name=Surface(name=AppWindowToken{1eed596 token=Token{b289cb1 ActivityRecord{53cf358 u0 com.wallapop/com.rewallapop.ui.wall.WallActivity t2355}}})/@0x248f383 - animation-leash)/@0xc81f3fa

04-13 01:05:50.639   580   722 I SurfaceFlinger: id=146800 createSurf (0x0),-1 flag=80004, Surface(name=AppWindowToken{1eed596 token=Token{b289cb1 ActivityRecord{53cf358 u0 com.wallapop/com.rewallapop.ui.wall.WallActivity t2355}}})/@0x248f383 - animation-bounds#0

04-13 01:05:50.643   949  1090 I WindowManager: Reparenting to leash, surface=Surface(name=AppWindowToken{1fb2278 token=Token{5e867db ActivityRecord{fc1a8ea u0 com.wallapop/com.rewallapop.ui.wall.WallActivity t2355}}})/@0x1334dd

04-13 01:05:50.643   580   722 I SurfaceFlinger: id=146801 createSurf (0x0),-1 flag=80004, Surface(name=AppWindowToken{1fb2278 token=Token{5e867db ActivityRecord{fc1a8ea u0 com.wallapop/com.rewallapop.ui.wall.WallActivity t2355}}})/@0x1334dd - animation-leash#0

04-13 01:05:50.644   949  1090 D WindowManager: makeSurface duration=1 leash=Surface(name=Surface(name=AppWindowToken{1fb2278 token=Token{5e867db ActivityRecord{fc1a8ea u0 com.wallapop/com.rewallapop.ui.wall.WallActivity t2355}}})/@0x1334dd - animation-leash)/@0x2370852

04-13 01:05:50.649   580   722 I SurfaceFlinger: id=146802 createSurf (0x0),-1 flag=80004, Surface(name=AppWindowToken{1fb2278 token=Token{5e867db ActivityRecord{fc1a8ea u0 com.wallapop/com.rewallapop.ui.wall.WallActivity t2355}}})/@0x1334dd - animation-bounds#0

04-13 01:05:50.655   949  1088 D WindowManager: setSystemUiVisibility: displayId=0, vis=0xa018, fullVis=0x2000, dockVis=0x0, win=Window{f1cddbc u0 Splash Screen com.wallapop}

04-13 01:05:50.665   949  1090 D GameManagerService: notePauseComponent(), pauseComponent: com.wallapop

04-13 01:05:50.672   949  1090 D GameManagerService: noteResumeComponent(), resumeComponent: com.wallapop

04-13 01:05:50.673   949  1764 D GameManagerService: onLooperPrepared(), msg: { when=-1ms what=10000 obj=ComponentInfo{com.wallapop/com.rewallapop.ui.wall.WallActivity} target=com.samsung.android.game.GameManagerService$FgCheckThread$1 }

04-13 01:05:50.765 22484 22498 I com.wallapop: Background concurrent copying GC freed 221136(11MB) AllocSpace objects, 134(8368KB) LOS objects, 52% free, 16MB/34MB, paused 614us total 647.455ms

04-13 01:05:50.766   580   580 I SurfaceFlinger:      DEVICE | 0xaa3ad980 | 0002 | RGBA_8888 |   0.0    0.0   35.0 1480.0 |  685    0  720 1480 | Splash Screen com.wallapop#0

04-13 01:05:50.941 22484 22553 W com.wallapop: Accessing hidden method Lsun/misc/Unsafe;->getObject(Ljava/lang/Object;J)Ljava/lang/Object; (greylist, linking, allowed)

04-13 01:05:50.942 22484 22553 W com.wallapop: Accessing hidden method Lsun/misc/Unsafe;->getInt(Ljava/lang/Object;J)I (greylist, linking, allowed)

04-13 01:05:50.942 22484 22553 W com.wallapop: Accessing hidden method Lsun/misc/Unsafe;->getObject(Ljava/lang/Object;J)Ljava/lang/Object; (greylist, linking, allowed)

04-13 01:05:50.943 22484 22553 W com.wallapop: Accessing hidden method Lsun/misc/Unsafe;->getLong(Ljava/lang/Object;J)J (greylist,core-platform-api, linking, allowed)

04-13 01:05:50.943 22484 22553 W com.wallapop: Accessing hidden method Lsun/misc/Unsafe;->putLong(Ljava/lang/Object;JJ)V (greylist, linking, allowed)

04-13 01:05:50.943 22484 22574 W com.wallapop: Accessing hidden method Lsun/misc/Unsafe;->getInt(Ljava/lang/Object;J)I (greylist, linking, allowed)

04-13 01:05:50.943 22484 22574 W com.wallapop: Accessing hidden method Lsun/misc/Unsafe;->getObject(Ljava/lang/Object;J)Ljava/lang/Object; (greylist, linking, allowed)

04-13 01:05:50.943 22484 22553 W com.wallapop: Accessing hidden method Lsun/misc/Unsafe;->getInt(Ljava/lang/Object;J)I (greylist, linking, allowed)

04-13 01:05:50.943 22484 22553 W com.wallapop: Accessing hidden method Lsun/misc/Unsafe;->getObject(Ljava/lang/Object;J)Ljava/lang/Object; (greylist, linking, allowed)

04-13 01:05:50.943 22484 22553 W com.wallapop: Accessing hidden method Lsun/misc/Unsafe;->getLong(Ljava/lang/Object;J)J (greylist,core-platform-api, linking, allowed)

04-13 01:05:50.943 22484 22553 W com.wallapop: Accessing hidden method Lsun/misc/Unsafe;->putLong(Ljava/lang/Object;JJ)V (greylist, linking, allowed)

04-13 01:05:50.944 22484 22553 W com.wallapop: Accessing hidden method Lsun/misc/Unsafe;->getObject(Ljava/lang/Object;J)Ljava/lang/Object; (greylist, linking, allowed)

04-13 01:05:50.945 22484 22553 W com.wallapop: Accessing hidden method Lsun/misc/Unsafe;->getInt(Ljava/lang/Object;J)I (greylist, linking, allowed)

04-13 01:05:50.945 22484 22553 W com.wallapop: Accessing hidden method Lsun/misc/Unsafe;->getObject(Ljava/lang/Object;J)Ljava/lang/Object; (greylist, linking, allowed)

04-13 01:05:50.945 22484 22553 W com.wallapop: Accessing hidden method Lsun/misc/Unsafe;->getLong(Ljava/lang/Object;J)J (greylist,core-platform-api, linking, allowed)

04-13 01:05:50.945 22484 22553 W com.wallapop: Accessing hidden method Lsun/misc/Unsafe;->putLong(Ljava/lang/Object;JJ)V (greylist, linking, allowed)

04-13 01:05:50.949 22484 22664 W com.wallapop: Accessing hidden method Lsun/misc/Unsafe;->putOrderedLong(Ljava/lang/Object;JJ)V (greylist, linking, allowed)

04-13 01:05:50.952 22484 22664 W com.wallapop: Accessing hidden method Lsun/misc/Unsafe;->getObject(Ljava/lang/Object;J)Ljava/lang/Object; (greylist, linking, allowed)

04-13 01:05:50.954 22484 22574 W com.wallapop: Accessing hidden method Lsun/misc/Unsafe;->getInt(Ljava/lang/Object;J)I (greylist, linking, allowed)

04-13 01:05:50.954 22484 22574 W com.wallapop: Accessing hidden method Lsun/misc/Unsafe;->getObject(Ljava/lang/Object;J)Ljava/lang/Object; (greylist, linking, allowed)

04-13 01:05:50.957 22484 22553 W com.wallapop: Accessing hidden method Lsun/misc/Unsafe;->getObject(Ljava/lang/Object;J)Ljava/lang/Object; (greylist, linking, allowed)

04-13 01:05:50.957 22484 22553 W com.wallapop: Accessing hidden method Lsun/misc/Unsafe;->getLong(Ljava/lang/Object;J)J (greylist,core-platform-api, linking, allowed)

04-13 01:05:50.957 22484 22553 W com.wallapop: Accessing hidden method Lsun/misc/Unsafe;->putLong(Ljava/lang/Object;JJ)V (greylist, linking, allowed)

04-13 01:05:51.183   949  1091 I WindowManager: Reparenting to original parent: Surface(name=Task=2355)/@0xd000e0e, destroyLeash=true, surface=Surface(name=AppWindowToken{1eed596 token=Token{b289cb1 ActivityRecord{53cf358 u0 com.wallapop/com.rewallapop.ui.wall.WallActivity t2355}}})/@0x248f383

04-13 01:05:51.183   949  1091 I WindowManager: Reparenting to original parent: Surface(name=Task=2355)/@0xd000e0e, destroyLeash=true, surface=Surface(name=AppWindowToken{1fb2278 token=Token{5e867db ActivityRecord{fc1a8ea u0 com.wallapop/com.rewallapop.ui.wall.WallActivity t2355}}})/@0x1334dd

04-13 01:05:51.186   580   722 I Layer   : id=146799 removeFromCurrentState Surface(name=AppWindowToken{1eed596 token=Token{b289cb1 ActivityRecord{53cf358 u0 com.wallapop/com.rewallapop.ui.wall.WallActivity t2355}}})/@0x248f383 - animation-leash#0 (68)

04-13 01:05:51.186   580   722 I Layer   : id=146800 removeFromCurrentState Surface(name=AppWindowToken{1eed596 token=Token{b289cb1 ActivityRecord{53cf358 u0 com.wallapop/com.rewallapop.ui.wall.WallActivity t2355}}})/@0x248f383 - animation-bounds#0 (68)

04-13 01:05:51.186   580   722 I Layer   : id=146801 removeFromCurrentState Surface(name=AppWindowToken{1fb2278 token=Token{5e867db ActivityRecord{fc1a8ea u0 com.wallapop/com.rewallapop.ui.wall.WallActivity t2355}}})/@0x1334dd - animation-leash#0 (68)

04-13 01:05:51.186   580   722 I Layer   : id=146802 removeFromCurrentState Surface(name=AppWindowToken{1fb2278 token=Token{5e867db ActivityRecord{fc1a8ea u0 com.wallapop/com.rewallapop.ui.wall.WallActivity t2355}}})/@0x1334dd - animation-bounds#0 (68)

04-13 01:05:51.187   580   634 I SurfaceFlinger: id=146799 Removed Surface(name=AppWindowToken{1eed596 token=Token{b289cb1 ActivityRecord{53cf358 u0 com.wallapop/com.rewallapop.ui.wall.WallActivity t2355}}})/@0x248f383 - animation-leash#0 (68)

04-13 01:05:51.187   580   634 I SurfaceFlinger: id=146800 Removed Surface(name=AppWindowToken{1eed596 token=Token{b289cb1 ActivityRecord{53cf358 u0 com.wallapop/com.rewallapop.ui.wall.WallActivity t2355}}})/@0x248f383 - animation-bounds#0 (68)

04-13 01:05:51.187   580   634 I SurfaceFlinger: id=146801 Removed Surface(name=AppWindowToken{1fb2278 token=Token{5e867db ActivityRecord{fc1a8ea u0 com.wallapop/com.rewallapop.ui.wall.WallActivity t2355}}})/@0x1334dd - animation-leash#0 (68)

04-13 01:05:51.187   580   634 I SurfaceFlinger: id=146802 Removed Surface(name=AppWindowToken{1fb2278 token=Token{5e867db ActivityRecord{fc1a8ea u0 com.wallapop/com.rewallapop.ui.wall.WallActivity t2355}}})/@0x1334dd - animation-bounds#0 (68)

04-13 01:05:51.189   580   634 I Layer   : id=146780 removeFromCurrentState AppWindowToken{3d4555 token=Token{3b6080c ActivityRecord{557d73f u0 com.wallapop/com.rewallapop.ui.wall.WallActivity t2355}}}#0 (68)

04-13 01:05:51.192   580   722 I SurfaceFlinger: id=146780 Removed AppWindowToken{3d4555 token=Token{3b6080c ActivityRecord{557d73f u0 com.wallapop/com.rewallapop.ui.wall.WallActivity t2355}}}#0 (68)

04-13 01:05:51.196   580   580 I Layer   : id=146800[1] Destroyed Surface(name=AppWindowToken{1eed596 token=Token{b289cb1 ActivityRecord{53cf358 u0 com.wallapop/com.rewallapop.ui.wall.WallActivity t2355}}})/@0x248f383 - animation-bounds#0

04-13 01:05:51.196   580   580 I Layer   : id=146799[1] Destroyed Surface(name=AppWindowToken{1eed596 token=Token{b289cb1 ActivityRecord{53cf358 u0 com.wallapop/com.rewallapop.ui.wall.WallActivity t2355}}})/@0x248f383 - animation-leash#0

04-13 01:05:51.197   580   580 I Layer   : id=146780[1] Destroyed AppWindowToken{3d4555 token=Token{3b6080c ActivityRecord{557d73f u0 com.wallapop/com.rewallapop.ui.wall.WallActivity t2355}}}#0

04-13 01:05:51.197   580   580 I Layer   : id=146802[1] Destroyed Surface(name=AppWindowToken{1fb2278 token=Token{5e867db ActivityRecord{fc1a8ea u0 com.wallapop/com.rewallapop.ui.wall.WallActivity t2355}}})/@0x1334dd - animation-bounds#0

04-13 01:05:51.197   580   580 I Layer   : id=146801[1] Destroyed Surface(name=AppWindowToken{1fb2278 token=Token{5e867db ActivityRecord{fc1a8ea u0 com.wallapop/com.rewallapop.ui.wall.WallActivity t2355}}})/@0x1334dd - animation-leash#0

04-13 01:05:51.210 22484 22780 W com.wallapop: Accessing hidden method Lsun/misc/Unsafe;->getObjectVolatile(Ljava/lang/Object;J)Ljava/lang/Object; (greylist, linking, allowed)

04-13 01:05:51.210 22484 22780 W com.wallapop: Accessing hidden method Lsun/misc/Unsafe;->putOrderedLong(Ljava/lang/Object;JJ)V (greylist, linking, allowed)

04-13 01:05:51.289 22484 22784 W com.wallapop: Accessing hidden method Lsun/misc/Unsafe;->putOrderedObject(Ljava/lang/Object;JLjava/lang/Object;)V (greylist, linking, allowed)

04-13 01:05:51.310   580   722 I SurfaceFlinger: id=146803 createSurf (0x0),-1 flag=80004, 2dcdb05 com.wallapop/com.rewallapop.ui.wall.WallActivity#0

04-13 01:05:51.545 22484 22953 W com.wallapop: Accessing hidden method Lsun/misc/Unsafe;->putOrderedObject(Ljava/lang/Object;JLjava/lang/Object;)V (greylist, linking, allowed)

04-13 01:05:51.545 22484 22953 W com.wallapop: Accessing hidden method Lsun/misc/Unsafe;->putOrderedLong(Ljava/lang/Object;JJ)V (greylist, linking, allowed)

04-13 01:05:51.553 22484 22953 W com.wallapop: Accessing hidden method Lsun/misc/Unsafe;->getObject(Ljava/lang/Object;J)Ljava/lang/Object; (greylist, linking, allowed)

04-13 01:05:51.553 22484 22953 W com.wallapop: Accessing hidden method Lsun/misc/Unsafe;->putObject(Ljava/lang/Object;JLjava/lang/Object;)V (greylist, linking, allowed)

04-13 01:05:51.558 22484 22574 W com.wallapop: Accessing hidden method Lsun/misc/Unsafe;->getInt(Ljava/lang/Object;J)I (greylist, linking, allowed)

04-13 01:05:51.559 22484 22574 W com.wallapop: Accessing hidden method Lsun/misc/Unsafe;->getObject(Ljava/lang/Object;J)Ljava/lang/Object; (greylist, linking, allowed)

04-13 01:05:51.559 22484 22574 W com.wallapop: Accessing hidden method Lsun/misc/Unsafe;->putInt(Ljava/lang/Object;JI)V (greylist, linking, allowed)

04-13 01:05:51.560   949  2047 V WindowManager: Relayout Window{2dcdb05 u0 com.wallapop/com.rewallapop.ui.wall.WallActivity}: viewVisibility=8 req=720x1480

04-13 01:05:51.592 22484 22953 E WallapopError: 	at com.wallapop.discovery.wall.api.WallVerticalPaginatedRetrofitApi.d(SourceFile:39)

04-13 01:05:51.592 22484 22953 E WallapopError: 	at com.wallapop.discovery.wall.api.WallVerticalPaginatedRetrofitApi.e(SourceFile:36)

04-13 01:05:51.592 22484 22953 E WallapopError: 	at com.wallapop.discovery.wall.api.WallVerticalPaginatedRetrofitApi.firstPage(SourceFile:23)

04-13 01:05:51.592 22484 22953 E WallapopError: 	at com.wallapop.kernel.strategy.LocalOrCloudStrategy$DefaultImpls.d(SourceFile:9)

04-13 01:05:51.592 22484 22953 E WallapopError: 	at com.wallapop.kernel.strategy.Strategy$DefaultImpls.b(SourceFile:8)

04-13 01:05:51.592 22484 22953 E WallapopError: 	at com.wallapop.kernel.strategy.LocalOrCloudStrategy$DefaultImpls.b(Unknown Source:0)

04-13 01:05:51.600 22484 22543 W com.wallapop: Accessing hidden method Lsun/misc/Unsafe;->getObject(Ljava/lang/Object;J)Ljava/lang/Object; (greylist, linking, allowed)

04-13 01:05:51.602 22484 22543 W com.wallapop: Accessing hidden method Lsun/misc/Unsafe;->getInt(Ljava/lang/Object;J)I (greylist, linking, allowed)

04-13 01:05:51.602 22484 22543 W com.wallapop: Accessing hidden method Lsun/misc/Unsafe;->getObject(Ljava/lang/Object;J)Ljava/lang/Object; (greylist, linking, allowed)

04-13 01:05:51.602 22484 22543 W com.wallapop: Accessing hidden method Lsun/misc/Unsafe;->getLong(Ljava/lang/Object;J)J (greylist,core-platform-api, linking, allowed)

04-13 01:05:51.602 22484 22543 W com.wallapop: Accessing hidden method Lsun/misc/Unsafe;->putLong(Ljava/lang/Object;JJ)V (greylist, linking, allowed)

04-13 01:05:51.602 22484 22574 W com.wallapop: Accessing hidden method Lsun/misc/Unsafe;->getInt(Ljava/lang/Object;J)I (greylist, linking, allowed)

04-13 01:05:51.602 22484 22574 W com.wallapop: Accessing hidden method Lsun/misc/Unsafe;->getObject(Ljava/lang/Object;J)Ljava/lang/Object; (greylist, linking, allowed)

04-13 01:05:51.603 22484 22543 W com.wallapop: Accessing hidden method Lsun/misc/Unsafe;->getInt(Ljava/lang/Object;J)I (greylist, linking, allowed)

04-13 01:05:51.603 22484 22543 W com.wallapop: Accessing hidden method Lsun/misc/Unsafe;->getObject(Ljava/lang/Object;J)Ljava/lang/Object; (greylist, linking, allowed)

04-13 01:05:51.603 22484 22543 W com.wallapop: Accessing hidden method Lsun/misc/Unsafe;->getLong(Ljava/lang/Object;J)J (greylist,core-platform-api, linking, allowed)

04-13 01:05:51.603 22484 22543 W com.wallapop: Accessing hidden method Lsun/misc/Unsafe;->putLong(Ljava/lang/Object;JJ)V (greylist, linking, allowed)

04-13 01:05:51.604 22484 22543 W com.wallapop: Accessing hidden method Lsun/misc/Unsafe;->getObject(Ljava/lang/Object;J)Ljava/lang/Object; (greylist, linking, allowed)

04-13 01:05:51.604 22484 22543 W com.wallapop: Accessing hidden method Lsun/misc/Unsafe;->getInt(Ljava/lang/Object;J)I (greylist, linking, allowed)

04-13 01:05:51.604 22484 22543 W com.wallapop: Accessing hidden method Lsun/misc/Unsafe;->getObject(Ljava/lang/Object;J)Ljava/lang/Object; (greylist, linking, allowed)

04-13 01:05:51.604 22484 22543 W com.wallapop: Accessing hidden method Lsun/misc/Unsafe;->getLong(Ljava/lang/Object;J)J (greylist,core-platform-api, linking, allowed)

04-13 01:05:51.604 22484 22543 W com.wallapop: Accessing hidden method Lsun/misc/Unsafe;->putLong(Ljava/lang/Object;JJ)V (greylist, linking, allowed)

04-13 01:05:51.605 22484 22543 W com.wallapop: Accessing hidden method Lsun/misc/Unsafe;->getObject(Ljava/lang/Object;J)Ljava/lang/Object; (greylist, linking, allowed)

04-13 01:05:51.605 22484 22543 W com.wallapop: Accessing hidden method Lsun/misc/Unsafe;->getLong(Ljava/lang/Object;J)J (greylist,core-platform-api, linking, allowed)

04-13 01:05:51.605 22484 22543 W com.wallapop: Accessing hidden method Lsun/misc/Unsafe;->putLong(Ljava/lang/Object;JJ)V (greylist, linking, allowed)

04-13 01:05:51.684 22484 22484 W com.wallapop: Accessing hidden method Lsun/misc/Unsafe;->putOrderedLong(Ljava/lang/Object;JJ)V (greylist, linking, allowed)

04-13 01:05:51.697 22484 22484 W com.wallapop: Accessing hidden method Lsun/misc/Unsafe;->getObjectVolatile(Ljava/lang/Object;J)Ljava/lang/Object; (greylist, linking, allowed)

04-13 01:05:51.821 22484 22484 W com.wallapop: Accessing hidden method Lsun/misc/Unsafe;->putOrderedObject(Ljava/lang/Object;JLjava/lang/Object;)V (greylist, linking, allowed)

04-13 01:05:51.870 22484 22505 I chatty  : uid=10313(com.wallapop) Binder:22484_3 identical 1 line

04-13 01:05:52.023 22484 22986 W com.wallapop: Accessing hidden method Lsun/misc/Unsafe;->getObjectVolatile(Ljava/lang/Object;J)Ljava/lang/Object; (greylist, linking, allowed)

04-13 01:05:52.024 22484 22986 W com.wallapop: Accessing hidden method Lsun/misc/Unsafe;->putOrderedLong(Ljava/lang/Object;JJ)V (greylist, linking, allowed)

04-13 01:05:52.042 22484 22986 W com.wallapop: Accessing hidden method Lsun/misc/Unsafe;->getObject(Ljava/lang/Object;J)Ljava/lang/Object; (greylist, linking, allowed)

04-13 01:05:52.043 22484 22986 W com.wallapop: Accessing hidden method Lsun/misc/Unsafe;->putObject(Ljava/lang/Object;JLjava/lang/Object;)V (greylist, linking, allowed)

04-13 01:05:52.049 22484 22574 W com.wallapop: Accessing hidden method Lsun/misc/Unsafe;->getInt(Ljava/lang/Object;J)I (greylist, linking, allowed)

04-13 01:05:52.049 22484 22574 W com.wallapop: Accessing hidden method Lsun/misc/Unsafe;->getObject(Ljava/lang/Object;J)Ljava/lang/Object; (greylist, linking, allowed)

04-13 01:05:52.083 22484 22986 E WallapopError: 	at com.wallapop.discovery.wall.api.WallVerticalPaginatedRetrofitApi.d(SourceFile:39)

04-13 01:05:52.083 22484 22986 E WallapopError: 	at com.wallapop.discovery.wall.api.WallVerticalPaginatedRetrofitApi.e(SourceFile:36)

04-13 01:05:52.083 22484 22986 E WallapopError: 	at com.wallapop.discovery.wall.api.WallVerticalPaginatedRetrofitApi.firstPage(SourceFile:23)

04-13 01:05:52.083 22484 22986 E WallapopError: 	at com.wallapop.kernel.strategy.LocalOrCloudStrategy$DefaultImpls.d(SourceFile:9)

04-13 01:05:52.083 22484 22986 E WallapopError: 	at com.wallapop.kernel.strategy.Strategy$DefaultImpls.b(SourceFile:8)

04-13 01:05:52.083 22484 22986 E WallapopError: 	at com.wallapop.kernel.strategy.LocalOrCloudStrategy$DefaultImpls.b(Unknown Source:0)

04-13 01:05:52.111   949  2196 D ActivityManagerPerformance: Received MSG_DISABLE_ACT_START, r: ActivityRecord{cc83306 u0 com.wallapop/com.rewallapop.ui.wall.WallActivity t-1 f}

04-13 01:05:52.139 22484 22855 W com.wallapop: Accessing hidden method Lsun/misc/Unsafe;->putOrderedLong(Ljava/lang/Object;JJ)V (greylist, linking, allowed)

04-13 01:05:52.161   949  1012 D SamsungAlarmManager: Cancel Alarm calling from uid:10313 pid :22484 / op:PendingIntent{ec92aba: PendingIntentRecord{68e0bf6 com.wallapop broadcastIntent}}

04-13 01:05:52.165   949  1012 D SamsungAlarmManager: Cancel Alarm calling from uid:10313 pid :22484 / op:PendingIntent{c880d6b: PendingIntentRecord{68e0bf6 com.wallapop broadcastIntent}}

04-13 01:05:52.516 22484 22659 W com.wallapop: Accessing hidden method Lsun/misc/Unsafe;->getObject(Ljava/lang/Object;J)Ljava/lang/Object; (greylist, linking, allowed)

04-13 01:05:52.526 22484 22574 W com.wallapop: Accessing hidden method Lsun/misc/Unsafe;->getObject(Ljava/lang/Object;J)Ljava/lang/Object; (greylist, linking, allowed)

04-13 01:05:52.532 22484 22668 W com.wallapop: Accessing hidden method Lsun/misc/Unsafe;->getObject(Ljava/lang/Object;J)Ljava/lang/Object; (greylist, linking, allowed)

04-13 01:05:52.532 22484 22659 W com.wallapop: Accessing hidden method Lsun/misc/Unsafe;->getInt(Ljava/lang/Object;J)I (greylist, linking, allowed)

04-13 01:05:52.532 22484 22659 W com.wallapop: Accessing hidden method Lsun/misc/Unsafe;->getObject(Ljava/lang/Object;J)Ljava/lang/Object; (greylist, linking, allowed)

04-13 01:05:52.532 22484 22659 W com.wallapop: Accessing hidden method Lsun/misc/Unsafe;->getLong(Ljava/lang/Object;J)J (greylist,core-platform-api, linking, allowed)

04-13 01:05:52.533 22484 22659 W com.wallapop: Accessing hidden method Lsun/misc/Unsafe;->putLong(Ljava/lang/Object;JJ)V (greylist, linking, allowed)

04-13 01:05:52.535 22484 22668 W com.wallapop: Accessing hidden method Lsun/misc/Unsafe;->getInt(Ljava/lang/Object;J)I (greylist, linking, allowed)

04-13 01:05:52.535 22484 22668 W com.wallapop: Accessing hidden method Lsun/misc/Unsafe;->getObject(Ljava/lang/Object;J)Ljava/lang/Object; (greylist, linking, allowed)

04-13 01:05:52.535 22484 22574 W com.wallapop: Accessing hidden method Lsun/misc/Unsafe;->getObject(Ljava/lang/Object;J)Ljava/lang/Object; (greylist, linking, allowed)

04-13 01:05:52.535 22484 22668 W com.wallapop: Accessing hidden method Lsun/misc/Unsafe;->getLong(Ljava/lang/Object;J)J (greylist,core-platform-api, linking, allowed)

04-13 01:05:52.535 22484 22668 W com.wallapop: Accessing hidden method Lsun/misc/Unsafe;->putLong(Ljava/lang/Object;JJ)V (greylist, linking, allowed)

04-13 01:05:52.631 22484 22484 W com.wallapop: Accessing hidden method Lsun/misc/Unsafe;->getObjectVolatile(Ljava/lang/Object;J)Ljava/lang/Object; (greylist, linking, allowed)

04-13 01:05:52.698   580   722 I SurfaceFlinger: id=146804 createSurf (0x0),-1 flag=80004, a8aa0e0 com.wallapop/com.rewallapop.ui.wall.WallActivity#0

04-13 01:05:52.719   949  3223 I ActivityTaskManager: START u0 {flg=0x10008000 cmp=com.wallapop/com.rewallapop.ui.wall.WallActivity} from uid 10313

04-13 01:05:52.743   580   634 I SurfaceFlinger: id=146805 createSurf (0x0),-1 flag=80004, AppWindowToken{ad1ec55 token=Token{4a8eb0c ActivityRecord{68c663f u0 com.wallapop/com.rewallapop.ui.wall.WallActivity t2355}}}#0

04-13 01:05:52.750   949  3411 I ActivityTaskManager: START u0 {flg=0x10008000 cmp=com.wallapop/com.rewallapop.ui.wall.WallActivity} from uid 10313

04-13 01:05:52.774   580   722 I SurfaceFlinger: id=146806 createSurf (0x0),-1 flag=80004, AppWindowToken{291f8d1 token=Token{c7fabf8 ActivityRecord{3eb275b u0 com.wallapop/com.rewallapop.ui.wall.WallActivity t2355}}}#0

04-13 01:05:52.778   580   632 I Layer   : id=146805 removeFromCurrentState AppWindowToken{ad1ec55 token=Token{4a8eb0c ActivityRecord{68c663f u0 com.wallapop/com.rewallapop.ui.wall.WallActivity t2355}}}#0 (67)

04-13 01:05:52.779 22484 22484 W com.wallapop: Accessing hidden method Lsun/misc/Unsafe;->putOrderedObject(Ljava/lang/Object;JLjava/lang/Object;)V (greylist, linking, allowed)

04-13 01:05:52.779   949  1090 D GameSDKService: MultiWindowEventListener.onFocusStackChanged(), state=0, top=ComponentInfo{com.wallapop/com.rewallapop.ui.wall.WallActivity}

04-13 01:05:52.779   580   632 I SurfaceFlinger: id=146805 Removed AppWindowToken{ad1ec55 token=Token{4a8eb0c ActivityRecord{68c663f u0 com.wallapop/com.rewallapop.ui.wall.WallActivity t2355}}}#0 (67)

04-13 01:05:52.780   949  1090 D GameSDKService: MultiWindowEventListener.onFocusStackChanged(): com.wallapop

04-13 01:05:52.781   949  1091 D PhoneWindow: forceLight changed to true [Splash Screen com.wallapop] from com.android.internal.policy.PhoneWindow.updateForceLightNavigationBar:4238 com.android.internal.policy.DecorView.updateColorViews:1510 com.android.internal.policy.PhoneWindow.dispatchWindowAttributesChanged:3216 android.view.Window.setFlags:1148 com.android.internal.policy.PhoneWindow.generateLayout:2444

04-13 01:05:52.782   949  1091 D PhoneWindow: forceLight changed to false [Splash Screen com.wallapop] from com.android.internal.policy.PhoneWindow.updateForceLightNavigationBar:4244 com.android.internal.policy.DecorView.updateColorViews:1510 com.android.internal.policy.PhoneWindow.dispatchWindowAttributesChanged:3216 android.view.Window.setFlags:1148 com.android.internal.policy.PhoneWindow.generateLayout:2590

04-13 01:05:52.783   949  2015 I ActivityTaskManager: START u0 {flg=0x10008000 cmp=com.wallapop/com.rewallapop.ui.wall.WallActivity} from uid 10313

04-13 01:05:52.784   580   580 I Layer   : id=146805[1] Destroyed AppWindowToken{ad1ec55 token=Token{4a8eb0c ActivityRecord{68c663f u0 com.wallapop/com.rewallapop.ui.wall.WallActivity t2355}}}#0

04-13 01:05:52.788   949  1090 D GameManagerService: MultiWindowEventListener.onFocusedStackChanged(), state=0, top=ComponentInfo{com.wallapop/com.rewallapop.ui.wall.WallActivity}

04-13 01:05:52.788   949  1090 D GameManagerService: MultiWindowEventListener.onFocusedStackChanged(), pkgName: com.wallapop, clsName: com.rewallapop.ui.wall.WallActivity, FgActivityName:com.wallapop/com.rewallapop.ui.wall.WallActivity, userID:0

04-13 01:05:52.790   949  1764 D GameManagerService: onLooperPrepared(), msg: { when=-2ms what=10000 obj=ComponentInfo{com.wallapop/com.rewallapop.ui.wall.WallActivity} target=com.samsung.android.game.GameManagerService$FgCheckThread$1 }

04-13 01:05:52.795   580   632 I SurfaceFlinger: id=146807 createSurf (0x0),-1 flag=80004, AppWindowToken{c32f3c token=Token{315d2f ActivityRecord{9728f0e u0 com.wallapop/com.rewallapop.ui.wall.WallActivity t2355}}}#0

04-13 01:05:52.799   580   632 I Layer   : id=146806 removeFromCurrentState AppWindowToken{291f8d1 token=Token{c7fabf8 ActivityRecord{3eb275b u0 com.wallapop/com.rewallapop.ui.wall.WallActivity t2355}}}#0 (67)

04-13 01:05:52.799   580   632 I SurfaceFlinger: id=146806 Removed AppWindowToken{291f8d1 token=Token{c7fabf8 ActivityRecord{3eb275b u0 com.wallapop/com.rewallapop.ui.wall.WallActivity t2355}}}#0 (67)

04-13 01:05:52.800   580   580 I Layer   : id=146806[1] Destroyed AppWindowToken{291f8d1 token=Token{c7fabf8 ActivityRecord{3eb275b u0 com.wallapop/com.rewallapop.ui.wall.WallActivity t2355}}}#0

04-13 01:05:52.801   949  1091 W WindowManager: Attempted to add application window with unknown token Token{4a8eb0c ActivityRecord{68c663f u0 com.wallapop/com.rewallapop.ui.wall.WallActivity t-1 f}}.  Aborting.

04-13 01:05:52.801   949  1091 W WindowManager: Token{4a8eb0c ActivityRecord{68c663f u0 com.wallapop/com.rewallapop.ui.wall.WallActivity t-1 f}} already running, starting window not displayed. Unable to add window -- token Token{4a8eb0c ActivityRecord{68c663f u0 com.wallapop/com.rewallapop.ui.wall.WallActivity t-1 f}} is not valid; is your activity running?

04-13 01:05:52.804   949  1090 D GameSDKService: MultiWindowEventListener.onFocusStackChanged(), state=0, top=ComponentInfo{com.wallapop/com.rewallapop.ui.wall.WallActivity}

04-13 01:05:52.805   949  3411 I ActivityTaskManager: START u0 {flg=0x10008000 cmp=com.wallapop/com.rewallapop.ui.wall.WallActivity} from uid 10313

04-13 01:05:52.805   949  1091 D PhoneWindow: forceLight changed to true [Splash Screen com.wallapop] from com.android.internal.policy.PhoneWindow.updateForceLightNavigationBar:4238 com.android.internal.policy.DecorView.updateColorViews:1510 com.android.internal.policy.PhoneWindow.dispatchWindowAttributesChanged:3216 android.view.Window.setFlags:1148 com.android.internal.policy.PhoneWindow.generateLayout:2444

04-13 01:05:52.806   949  1091 D PhoneWindow: forceLight changed to false [Splash Screen com.wallapop] from com.android.internal.policy.PhoneWindow.updateForceLightNavigationBar:4244 com.android.internal.policy.DecorView.updateColorViews:1510 com.android.internal.policy.PhoneWindow.dispatchWindowAttributesChanged:3216 android.view.Window.setFlags:1148 com.android.internal.policy.PhoneWindow.generateLayout:2590

