04-13 01:06:01.326 22484 23192 W com.wallapop: Accessing hidden method Lsun/misc/Unsafe;->getLong(Ljava/lang/Object;J)J (greylist,core-platform-api, linking, allowed)

04-13 01:06:01.326 22484 23192 W com.wallapop: Accessing hidden method Lsun/misc/Unsafe;->putLong(Ljava/lang/Object;JJ)V (greylist, linking, allowed)

04-13 01:06:01.326 22484 23192 W com.wallapop: Accessing hidden method Lsun/misc/Unsafe;->putObject(Ljava/lang/Object;JLjava/lang/Object;)V (greylist, linking, allowed)

04-13 01:06:01.327 22484 23192 W com.wallapop: Accessing hidden method Lsun/misc/Unsafe;->getLong(Ljava/lang/Object;J)J (greylist,core-platform-api, linking, allowed)

04-13 01:06:01.327   949  3247 D SamsungAlarmManager: Cancel Alarm calling from uid:10313 pid :22484 / op:PendingIntent{21cc13: PendingIntentRecord{68e0bf6 com.wallapop broadcastIntent}}

04-13 01:06:01.327 22484 23192 W com.wallapop: Accessing hidden method Lsun/misc/Unsafe;->getLong(Ljava/lang/Object;J)J (greylist,core-platform-api, linking, allowed)

04-13 01:06:01.330 22484 23192 W com.wallapop: Accessing hidden method Lsun/misc/Unsafe;->getLong(Ljava/lang/Object;J)J (greylist,core-platform-api, linking, allowed)

04-13 01:06:01.332 22484 23192 W com.wallapop: Accessing hidden method Lsun/misc/Unsafe;->putLong(Ljava/lang/Object;JJ)V (greylist, linking, allowed)

04-13 01:06:01.332 22484 23192 W com.wallapop: Accessing hidden method Lsun/misc/Unsafe;->putObject(Ljava/lang/Object;JLjava/lang/Object;)V (greylist, linking, allowed)

04-13 01:06:01.332 22484 23192 W com.wallapop: Accessing hidden method Lsun/misc/Unsafe;->getLong(Ljava/lang/Object;J)J (greylist,core-platform-api, linking, allowed)

04-13 01:06:01.499   949  1090 W ActivityTaskManager: Activity pause timeout for ActivityRecord{11ebde8 u0 com.wallapop/com.rewallapop.ui.wall.WallActivity t2355 f}

04-13 01:06:01.501   949  1090 I ActivityTaskManager: The Process com.wallapop Already Exists in BG. So sending its PID: 22484

04-13 01:06:01.504   949  1090 D GamePkgDataHelper: notifyAppCreate(), pkgName: com.wallapop, sendRet: true

04-13 01:06:01.332 22484 23192 W com.wallapop: Accessing hidden method Lsun/misc/Unsafe;->getLong(Ljava/lang/Object;J)J (greylist,core-platform-api, linking, allowed)

04-13 01:06:01.506   949  1090 D MARsPolicyManager: onPackageResumedFG pkgName = com.wallapop, userId = 0

04-13 01:06:01.508   949  1764 D GameManagerService: onLooperPrepared(), msg: { when=-4ms what=10010 obj=com.wallapop target=com.samsung.android.game.GameManagerService$FgCheckThread$1 }

04-13 01:06:01.508   949  1764 D GameManagerService: handleMessage(), MSG_APP_CREATE. pkgName: com.wallapop

04-13 01:06:01.511   949  1090 V WindowManager: performShow on Window{4528508 u0 Splash Screen com.wallapop}: mDrawState=READY_TO_SHOW readyForDisplay=false starting=true during animation: policyVis=true parentHidden=false tok.hiddenRequested=false tok.hidden=true animating=true tok animating=true Callers=com.android.server.wm.WindowState.performShowLocked:4660 com.android.server.wm.WindowStateAnimator.commitFinishDrawingLocked:380 com.android.server.wm.DisplayContent.lambda$new$8$DisplayContent:948 com.android.server.wm.-$$Lambda$DisplayContent$qxt4izS31fb0LF2uo_OF9DMa7gc.accept:4

04-13 01:06:01.515   949  1090 I WindowManager: Reparenting to leash, surface=Surface(name=AppWindowToken{4858aa6 token=Token{163bc01 ActivityRecord{11ebde8 u0 com.wallapop/com.rewallapop.ui.wall.WallActivity t2355}}})/@0xab40dd5

04-13 01:06:01.516   580   632 I SurfaceFlinger: id=146867 createSurf (0x0),-1 flag=80004, Surface(name=AppWindowToken{4858aa6 token=Token{163bc01 ActivityRecord{11ebde8 u0 com.wallapop/com.rewallapop.ui.wall.WallActivity t2355}}})/@0xab40dd5 - animation-leash#0

04-13 01:06:01.516   949  1090 D WindowManager: makeSurface duration=1 leash=Surface(name=Surface(name=AppWindowToken{4858aa6 token=Token{163bc01 ActivityRecord{11ebde8 u0 com.wallapop/com.rewallapop.ui.wall.WallActivity t2355}}})/@0xab40dd5 - animation-leash)/@0xaf3a781

04-13 01:06:01.517   580   632 I SurfaceFlinger: id=146868 createSurf (0x0),-1 flag=80004, Surface(name=AppWindowToken{4858aa6 token=Token{163bc01 ActivityRecord{11ebde8 u0 com.wallapop/com.rewallapop.ui.wall.WallActivity t2355}}})/@0xab40dd5 - animation-bounds#0

04-13 01:06:01.522   949  1090 I WindowManager: Reparenting to leash, surface=Surface(name=AppWindowToken{bfba3a2 token=Token{206eb6d ActivityRecord{b149784 u0 com.wallapop/com.rewallapop.ui.wall.WallActivity t2355}}})/@0xd737b80

04-13 01:06:01.523   580   634 I SurfaceFlinger: id=146869 createSurf (0x0),-1 flag=80004, Surface(name=AppWindowToken{bfba3a2 token=Token{206eb6d ActivityRecord{b149784 u0 com.wallapop/com.rewallapop.ui.wall.WallActivity t2355}}})/@0xd737b80 - animation-leash#0

04-13 01:06:01.524   949  1090 D WindowManager: makeSurface duration=2 leash=Surface(name=Surface(name=AppWindowToken{bfba3a2 token=Token{206eb6d ActivityRecord{b149784 u0 com.wallapop/com.rewallapop.ui.wall.WallActivity t2355}}})/@0xd737b80 - animation-leash)/@0xeccc5b9

04-13 01:06:01.525   580   632 I SurfaceFlinger: id=146870 createSurf (0x0),-1 flag=80004, Surface(name=AppWindowToken{bfba3a2 token=Token{206eb6d ActivityRecord{b149784 u0 com.wallapop/com.rewallapop.ui.wall.WallActivity t2355}}})/@0xd737b80 - animation-bounds#0

04-13 01:06:01.530   949  1088 D WindowManager: setSystemUiVisibility: displayId=0, vis=0xa018, fullVis=0x2000, dockVis=0x0, win=Window{4528508 u0 Splash Screen com.wallapop}

04-13 01:06:01.545   949  1090 D GameManagerService: notePauseComponent(), pauseComponent: com.wallapop

04-13 01:06:01.548   949  1090 D GameManagerService: noteResumeComponent(), resumeComponent: com.wallapop

04-13 01:06:01.549   949  1764 D GameManagerService: onLooperPrepared(), msg: { when=-1ms what=10000 obj=ComponentInfo{com.wallapop/com.rewallapop.ui.wall.WallActivity} target=com.samsung.android.game.GameManagerService$FgCheckThread$1 }

04-13 01:06:01.631   580  1744 I SurfaceFlinger: id=146871 createSurf (0x0),-1 flag=80004, d7472f1 com.wallapop/com.rewallapop.ui.wall.WallActivity#0

04-13 01:06:01.643   580   580 I SurfaceFlinger:      DEVICE | 0xaa339880 | 0002 | RGBA_8888 |   0.0    0.0   38.0 1480.0 |  682    0  720 1480 | Splash Screen com.wallapop#0

04-13 01:06:01.667 22484 22484 W com.wallapop: Accessing hidden method Lsun/misc/Unsafe;->compareAndSwapObject(Ljava/lang/Object;JLjava/lang/Object;Ljava/lang/Object;)Z (greylist, linking, allowed)

04-13 01:06:01.713 22484 23019 W com.wallapop: Accessing hidden method Lsun/misc/Unsafe;->putOrderedObject(Ljava/lang/Object;JLjava/lang/Object;)V (greylist, linking, allowed)

04-13 01:06:01.713 22484 23019 W com.wallapop: Accessing hidden method Lsun/misc/Unsafe;->putOrderedLong(Ljava/lang/Object;JJ)V (greylist, linking, allowed)

04-13 01:06:01.713 22484 23290 W com.wallapop: Accessing hidden method Lsun/misc/Unsafe;->putObject(Ljava/lang/Object;JLjava/lang/Object;)V (greylist, linking, allowed)

04-13 01:06:01.716 22484 23285 W com.wallapop: Accessing hidden method Lsun/misc/Unsafe;->compareAndSwapObject(Ljava/lang/Object;JLjava/lang/Object;Ljava/lang/Object;)Z (greylist, linking, allowed)

04-13 01:06:01.719 22484 23192 W com.wallapop: Accessing hidden method Lsun/misc/Unsafe;->getLong(Ljava/lang/Object;J)J (greylist,core-platform-api, linking, allowed)

04-13 01:06:01.719 22484 23192 W com.wallapop: Accessing hidden method Lsun/misc/Unsafe;->putLong(Ljava/lang/Object;JJ)V (greylist, linking, allowed)

04-13 01:06:01.719 22484 23192 W com.wallapop: Accessing hidden method Lsun/misc/Unsafe;->putObject(Ljava/lang/Object;JLjava/lang/Object;)V (greylist, linking, allowed)

04-13 01:06:01.719 22484 23192 W com.wallapop: Accessing hidden method Lsun/misc/Unsafe;->getLong(Ljava/lang/Object;J)J (greylist,core-platform-api, linking, allowed)

04-13 01:06:01.719 22484 23192 I chatty  : uid=10313(com.wallapop) GoogleApiHandle identical 1 line

04-13 01:06:01.720 22484 23192 W com.wallapop: Accessing hidden method Lsun/misc/Unsafe;->getLong(Ljava/lang/Object;J)J (greylist,core-platform-api, linking, allowed)

04-13 01:06:01.721 22484 23019 W com.wallapop: Accessing hidden method Lsun/misc/Unsafe;->getObject(Ljava/lang/Object;J)Ljava/lang/Object; (greylist, linking, allowed)

04-13 01:06:01.721 22484 23192 W com.wallapop: Accessing hidden method Lsun/misc/Unsafe;->putLong(Ljava/lang/Object;JJ)V (greylist, linking, allowed)

04-13 01:06:01.721 22484 23192 W com.wallapop: Accessing hidden method Lsun/misc/Unsafe;->putObject(Ljava/lang/Object;JLjava/lang/Object;)V (greylist, linking, allowed)

04-13 01:06:01.721 22484 23019 W com.wallapop: Accessing hidden method Lsun/misc/Unsafe;->putObject(Ljava/lang/Object;JLjava/lang/Object;)V (greylist, linking, allowed)

04-13 01:06:01.721 22484 23192 W com.wallapop: Accessing hidden method Lsun/misc/Unsafe;->getLong(Ljava/lang/Object;J)J (greylist,core-platform-api, linking, allowed)

04-13 01:06:01.721 22484 23192 W com.wallapop: Accessing hidden method Lsun/misc/Unsafe;->getLong(Ljava/lang/Object;J)J (greylist,core-platform-api, linking, allowed)

04-13 01:06:01.726 22484 23034 W com.wallapop: Accessing hidden method Lsun/misc/Unsafe;->compareAndSwapObject(Ljava/lang/Object;JLjava/lang/Object;Ljava/lang/Object;)Z (greylist, linking, allowed)

04-13 01:06:01.728 22484 23192 W com.wallapop: Accessing hidden method Lsun/misc/Unsafe;->getLong(Ljava/lang/Object;J)J (greylist,core-platform-api, linking, allowed)

04-13 01:06:01.728 22484 23192 W com.wallapop: Accessing hidden method Lsun/misc/Unsafe;->putLong(Ljava/lang/Object;JJ)V (greylist, linking, allowed)

04-13 01:06:01.728 22484 23192 W com.wallapop: Accessing hidden method Lsun/misc/Unsafe;->putObject(Ljava/lang/Object;JLjava/lang/Object;)V (greylist, linking, allowed)

04-13 01:06:01.729 22484 23289 W com.wallapop: Accessing hidden method Lsun/misc/Unsafe;->putObject(Ljava/lang/Object;JLjava/lang/Object;)V (greylist, linking, allowed)

04-13 01:06:01.733 22484 23192 W com.wallapop: Accessing hidden method Lsun/misc/Unsafe;->getLong(Ljava/lang/Object;J)J (greylist,core-platform-api, linking, allowed)

04-13 01:06:01.734 22484 23035 W com.wallapop: Accessing hidden method Lsun/misc/Unsafe;->compareAndSwapObject(Ljava/lang/Object;JLjava/lang/Object;Ljava/lang/Object;)Z (greylist, linking, allowed)

04-13 01:06:01.734 22484 23221 W com.wallapop: Accessing hidden method Lsun/misc/Unsafe;->putObject(Ljava/lang/Object;JLjava/lang/Object;)V (greylist, linking, allowed)

04-13 01:06:01.737 22484 23019 E WallapopError: 	at com.wallapop.discovery.wall.api.WallVerticalPaginatedRetrofitApi.d(SourceFile:39)

04-13 01:06:01.737 22484 23019 E WallapopError: 	at com.wallapop.discovery.wall.api.WallVerticalPaginatedRetrofitApi.e(SourceFile:36)

04-13 01:06:01.737 22484 23019 E WallapopError: 	at com.wallapop.discovery.wall.api.WallVerticalPaginatedRetrofitApi.firstPage(SourceFile:23)

04-13 01:06:01.737 22484 23019 E WallapopError: 	at com.wallapop.kernel.strategy.LocalOrCloudStrategy$DefaultImpls.d(SourceFile:9)

04-13 01:06:01.737 22484 23019 E WallapopError: 	at com.wallapop.kernel.strategy.Strategy$DefaultImpls.b(SourceFile:8)

04-13 01:06:01.737 22484 23019 E WallapopError: 	at com.wallapop.kernel.strategy.LocalOrCloudStrategy$DefaultImpls.b(Unknown Source:0)

04-13 01:06:01.738 22484 23040 W com.wallapop: Accessing hidden method Lsun/misc/Unsafe;->compareAndSwapObject(Ljava/lang/Object;JLjava/lang/Object;Ljava/lang/Object;)Z (greylist, linking, allowed)

04-13 01:06:01.743 22484 23192 W com.wallapop: Accessing hidden method Lsun/misc/Unsafe;->getLong(Ljava/lang/Object;J)J (greylist,core-platform-api, linking, allowed)

04-13 01:06:01.745 22484 23192 W com.wallapop: Accessing hidden method Lsun/misc/Unsafe;->getLong(Ljava/lang/Object;J)J (greylist,core-platform-api, linking, allowed)

04-13 01:06:01.746 22484 23192 W com.wallapop: Accessing hidden method Lsun/misc/Unsafe;->putLong(Ljava/lang/Object;JJ)V (greylist, linking, allowed)

04-13 01:06:01.746 22484 23192 W com.wallapop: Accessing hidden method Lsun/misc/Unsafe;->putObject(Ljava/lang/Object;JLjava/lang/Object;)V (greylist, linking, allowed)

04-13 01:06:01.747 22484 23192 W com.wallapop: Accessing hidden method Lsun/misc/Unsafe;->getLong(Ljava/lang/Object;J)J (greylist,core-platform-api, linking, allowed)

04-13 01:06:01.747 22484 23192 W com.wallapop: Accessing hidden method Lsun/misc/Unsafe;->getLong(Ljava/lang/Object;J)J (greylist,core-platform-api, linking, allowed)

04-13 01:06:01.751 22484 23192 W com.wallapop: Accessing hidden method Lsun/misc/Unsafe;->getLong(Ljava/lang/Object;J)J (greylist,core-platform-api, linking, allowed)

04-13 01:06:01.751 22484 23192 W com.wallapop: Accessing hidden method Lsun/misc/Unsafe;->putLong(Ljava/lang/Object;JJ)V (greylist, linking, allowed)

04-13 01:06:01.751 22484 23192 W com.wallapop: Accessing hidden method Lsun/misc/Unsafe;->putObject(Ljava/lang/Object;JLjava/lang/Object;)V (greylist, linking, allowed)

04-13 01:06:01.751 22484 23192 W com.wallapop: Accessing hidden method Lsun/misc/Unsafe;->getLong(Ljava/lang/Object;J)J (greylist,core-platform-api, linking, allowed)

04-13 01:06:01.752 22484 23192 W com.wallapop: Accessing hidden method Lsun/misc/Unsafe;->getLong(Ljava/lang/Object;J)J (greylist,core-platform-api, linking, allowed)

04-13 01:06:01.758 22484 22574 W com.wallapop: Accessing hidden method Lsun/misc/Unsafe;->getObject(Ljava/lang/Object;J)Ljava/lang/Object; (greylist, linking, allowed)

04-13 01:06:01.760 22484 22574 W com.wallapop: Accessing hidden method Lsun/misc/Unsafe;->putInt(Ljava/lang/Object;JI)V (greylist, linking, allowed)

04-13 01:06:01.813 22484 23301 W com.wallapop: Accessing hidden method Lsun/misc/Unsafe;->putObject(Ljava/lang/Object;JLjava/lang/Object;)V (greylist, linking, allowed)

04-13 01:06:01.814 22484 23302 W com.wallapop: Accessing hidden method Lsun/misc/Unsafe;->putObject(Ljava/lang/Object;JLjava/lang/Object;)V (greylist, linking, allowed)

04-13 01:06:01.814   949  3247 V WindowManager: Relayout Window{d7472f1 u0 com.wallapop/com.rewallapop.ui.wall.WallActivity}: viewVisibility=0 req=720x1480

04-13 01:06:01.818   580   634 I SurfaceFlinger: id=146872 createSurf (720x1480),1 flag=404, com.wallapop/com.rewallapop.ui.wall.WallActivity$_22484#0

04-13 01:06:01.819   949  3247 D WindowManager: makeSurface duration=2 name=com.wallapop/com.rewallapop.ui.wall.WallActivity$_22484

04-13 01:06:01.954   949  2013 V WindowManager: Relayout Window{e63a2af u0 com.wallapop/com.rewallapop.ui.wall.newnavigation.BottomNavigationActivity}: viewVisibility=8 req=720x1480

04-13 01:06:01.967   949  2013 D WindowManager: finishDrawingWindow: Window{d7472f1 u0 com.wallapop/com.rewallapop.ui.wall.WallActivity} mDrawState=DRAW_PENDING

04-13 01:06:01.979   580   580 I SurfaceFlinger:      DEVICE | 0xaa339e00 | 0002 | RGBA_8888 | 713.0    0.0  720.0 1480.0 |    0    0    7 1480 | com.wallapop/com.rewallapop.ui.wall.WallActivity$_22484#0

04-13 01:06:01.979   580   580 I SurfaceFlinger:      DEVICE | 0xaa339880 | 0002 | RGBA_8888 |   0.0    0.0  702.0 1480.0 |   18    0  720 1480 | Splash Screen com.wallapop#0

04-13 01:06:01.984 22484 22484 W com.wallapop: Accessing hidden method Lsun/misc/Unsafe;->putOrderedLong(Ljava/lang/Object;JJ)V (greylist, linking, allowed)

04-13 01:06:02.044   580   580 I SurfaceFlinger:      DEVICE | 0xaa339880 | 0002 | RGBA_8888 |   0.0    0.0  718.0 1480.0 |    2    0  720 1480 | Splash Screen com.wallapop#0

04-13 01:06:02.057   949  1091 I WindowManager: Reparenting to original parent: Surface(name=Task=2355)/@0xd000e0e, destroyLeash=true, surface=Surface(name=AppWindowToken{4858aa6 token=Token{163bc01 ActivityRecord{11ebde8 u0 com.wallapop/com.rewallapop.ui.wall.WallActivity t2355}}})/@0xab40dd5

04-13 01:06:02.058   949  1091 V WindowManager: Setting visibility of Window{d7472f1 u0 com.wallapop/com.rewallapop.ui.wall.WallActivity}: false, caller=com.android.server.wm.WindowContainer.sendAppVisibilityToClients:640 com.android.server.wm.AppWindowToken.setClientHidden:621 com.android.server.wm.AppWindowToken.onAnimationFinished:3516 com.android.server.wm.-$$Lambda$yVRF8YoeNdTa8GR1wDStVsHu8xM.run:2 com.android.server.wm.SurfaceAnimator.lambda$getFinishedCallback$0$SurfaceAnimator:100

04-13 01:06:02.061   949  1091 I WindowManager: Reparenting to original parent: Surface(name=Task=2355)/@0xd000e0e, destroyLeash=true, surface=Surface(name=AppWindowToken{bfba3a2 token=Token{206eb6d ActivityRecord{b149784 u0 com.wallapop/com.rewallapop.ui.wall.WallActivity t2355}}})/@0xd737b80

04-13 01:06:02.065   580   632 I Layer   : id=146867 removeFromCurrentState Surface(name=AppWindowToken{4858aa6 token=Token{163bc01 ActivityRecord{11ebde8 u0 com.wallapop/com.rewallapop.ui.wall.WallActivity t2355}}})/@0xab40dd5 - animation-leash#0 (65)

04-13 01:06:02.065   580   632 I Layer   : id=146868 removeFromCurrentState Surface(name=AppWindowToken{4858aa6 token=Token{163bc01 ActivityRecord{11ebde8 u0 com.wallapop/com.rewallapop.ui.wall.WallActivity t2355}}})/@0xab40dd5 - animation-bounds#0 (65)

04-13 01:06:02.065   580   632 I Layer   : id=146869 removeFromCurrentState Surface(name=AppWindowToken{bfba3a2 token=Token{206eb6d ActivityRecord{b149784 u0 com.wallapop/com.rewallapop.ui.wall.WallActivity t2355}}})/@0xd737b80 - animation-leash#0 (65)

04-13 01:06:02.065   580   632 I Layer   : id=146870 removeFromCurrentState Surface(name=AppWindowToken{bfba3a2 token=Token{206eb6d ActivityRecord{b149784 u0 com.wallapop/com.rewallapop.ui.wall.WallActivity t2355}}})/@0xd737b80 - animation-bounds#0 (65)

04-13 01:06:02.067   580  1744 I SurfaceFlinger: id=146867 Removed Surface(name=AppWindowToken{4858aa6 token=Token{163bc01 ActivityRecord{11ebde8 u0 com.wallapop/com.rewallapop.ui.wall.WallActivity t2355}}})/@0xab40dd5 - animation-leash#0 (65)

04-13 01:06:02.067   580  1744 I SurfaceFlinger: id=146868 Removed Surface(name=AppWindowToken{4858aa6 token=Token{163bc01 ActivityRecord{11ebde8 u0 com.wallapop/com.rewallapop.ui.wall.WallActivity t2355}}})/@0xab40dd5 - animation-bounds#0 (65)

04-13 01:06:02.067   580  1744 I SurfaceFlinger: id=146869 Removed Surface(name=AppWindowToken{bfba3a2 token=Token{206eb6d ActivityRecord{b149784 u0 com.wallapop/com.rewallapop.ui.wall.WallActivity t2355}}})/@0xd737b80 - animation-leash#0 (65)

04-13 01:06:02.067   580  1744 I SurfaceFlinger: id=146870 Removed Surface(name=AppWindowToken{bfba3a2 token=Token{206eb6d ActivityRecord{b149784 u0 com.wallapop/com.rewallapop.ui.wall.WallActivity t2355}}})/@0xd737b80 - animation-bounds#0 (65)

04-13 01:06:02.074   580   580 I Layer   : id=146868[1] Destroyed Surface(name=AppWindowToken{4858aa6 token=Token{163bc01 ActivityRecord{11ebde8 u0 com.wallapop/com.rewallapop.ui.wall.WallActivity t2355}}})/@0xab40dd5 - animation-bounds#0

04-13 01:06:02.074   580   580 I Layer   : id=146867[1] Destroyed Surface(name=AppWindowToken{4858aa6 token=Token{163bc01 ActivityRecord{11ebde8 u0 com.wallapop/com.rewallapop.ui.wall.WallActivity t2355}}})/@0xab40dd5 - animation-leash#0

04-13 01:06:02.074   580   580 I Layer   : id=146870[1] Destroyed Surface(name=AppWindowToken{bfba3a2 token=Token{206eb6d ActivityRecord{b149784 u0 com.wallapop/com.rewallapop.ui.wall.WallActivity t2355}}})/@0xd737b80 - animation-bounds#0

04-13 01:06:02.074   580   580 I Layer   : id=146869[1] Destroyed Surface(name=AppWindowToken{bfba3a2 token=Token{206eb6d ActivityRecord{b149784 u0 com.wallapop/com.rewallapop.ui.wall.WallActivity t2355}}})/@0xd737b80 - animation-leash#0

04-13 01:06:02.278   949  2015 D SamsungAlarmManager: Cancel Alarm calling from uid:10313 pid :22484 / op:PendingIntent{d1f6a74: PendingIntentRecord{68e0bf6 com.wallapop broadcastIntent}}

04-13 01:06:02.282   949  2015 D SamsungAlarmManager: Cancel Alarm calling from uid:10313 pid :22484 / op:PendingIntent{287db9d: PendingIntentRecord{68e0bf6 com.wallapop broadcastIntent}}

04-13 01:06:02.374 22484 22949 W com.wallapop: Accessing hidden method Lsun/misc/Unsafe;->putOrderedLong(Ljava/lang/Object;JJ)V (greylist, linking, allowed)

04-13 01:06:02.377 22484 22949 W com.wallapop: Accessing hidden method Lsun/misc/Unsafe;->getObject(Ljava/lang/Object;J)Ljava/lang/Object; (greylist, linking, allowed)

04-13 01:06:02.377 22484 22949 W com.wallapop: Accessing hidden method Lsun/misc/Unsafe;->putObject(Ljava/lang/Object;JLjava/lang/Object;)V (greylist, linking, allowed)

04-13 01:06:02.379 22484 22574 W com.wallapop: Accessing hidden method Lsun/misc/Unsafe;->getObject(Ljava/lang/Object;J)Ljava/lang/Object; (greylist, linking, allowed)

04-13 01:06:02.380 22484 22574 W com.wallapop: Accessing hidden method Lsun/misc/Unsafe;->putInt(Ljava/lang/Object;JI)V (greylist, linking, allowed)

04-13 01:06:02.381 22484 22949 E WallapopError: 	at com.wallapop.discovery.wall.api.WallVerticalPaginatedRetrofitApi.d(SourceFile:39)

04-13 01:06:02.381 22484 22949 E WallapopError: 	at com.wallapop.discovery.wall.api.WallVerticalPaginatedRetrofitApi.e(SourceFile:36)

04-13 01:06:02.381 22484 22949 E WallapopError: 	at com.wallapop.discovery.wall.api.WallVerticalPaginatedRetrofitApi.firstPage(SourceFile:23)

04-13 01:06:02.381 22484 22949 E WallapopError: 	at com.wallapop.kernel.strategy.LocalOrCloudStrategy$DefaultImpls.d(SourceFile:9)

04-13 01:06:02.381 22484 22949 E WallapopError: 	at com.wallapop.kernel.strategy.Strategy$DefaultImpls.b(SourceFile:8)

04-13 01:06:02.381 22484 22949 E WallapopError: 	at com.wallapop.kernel.strategy.LocalOrCloudStrategy$DefaultImpls.b(Unknown Source:0)

04-13 01:06:02.462 22484 22484 W com.wallapop: Accessing hidden method Lsun/misc/Unsafe;->putOrderedLong(Ljava/lang/Object;JJ)V (greylist, linking, allowed)

04-13 01:06:02.480   580   632 I SurfaceFlinger: id=146873 createSurf (0x0),-1 flag=80004, e09940c com.wallapop/com.rewallapop.ui.wall.WallActivity#0

04-13 01:06:02.601 22484 22956 W com.wallapop: Accessing hidden method Lsun/misc/Unsafe;->putOrderedLong(Ljava/lang/Object;JJ)V (greylist, linking, allowed)

04-13 01:06:02.604 22484 22956 W com.wallapop: Accessing hidden method Lsun/misc/Unsafe;->getObject(Ljava/lang/Object;J)Ljava/lang/Object; (greylist, linking, allowed)

04-13 01:06:02.604 22484 22956 W com.wallapop: Accessing hidden method Lsun/misc/Unsafe;->putObject(Ljava/lang/Object;JLjava/lang/Object;)V (greylist, linking, allowed)

04-13 01:06:02.606 22484 22574 W com.wallapop: Accessing hidden method Lsun/misc/Unsafe;->getObject(Ljava/lang/Object;J)Ljava/lang/Object; (greylist, linking, allowed)

04-13 01:06:02.606 22484 22574 W com.wallapop: Accessing hidden method Lsun/misc/Unsafe;->putInt(Ljava/lang/Object;JI)V (greylist, linking, allowed)

04-13 01:06:02.607 22484 22956 E WallapopError: 	at com.wallapop.discovery.wall.api.WallVerticalPaginatedRetrofitApi.d(SourceFile:39)

04-13 01:06:02.607 22484 22956 E WallapopError: 	at com.wallapop.discovery.wall.api.WallVerticalPaginatedRetrofitApi.e(SourceFile:36)

04-13 01:06:02.607 22484 22956 E WallapopError: 	at com.wallapop.discovery.wall.api.WallVerticalPaginatedRetrofitApi.firstPage(SourceFile:23)

04-13 01:06:02.607 22484 22956 E WallapopError: 	at com.wallapop.kernel.strategy.LocalOrCloudStrategy$DefaultImpls.d(SourceFile:9)

04-13 01:06:02.607 22484 22956 E WallapopError: 	at com.wallapop.kernel.strategy.Strategy$DefaultImpls.b(SourceFile:8)

04-13 01:06:02.607 22484 22956 E WallapopError: 	at com.wallapop.kernel.strategy.LocalOrCloudStrategy$DefaultImpls.b(Unknown Source:0)

04-13 01:06:02.656 22484 22484 W com.wallapop: Accessing hidden method Lsun/misc/Unsafe;->putOrderedLong(Ljava/lang/Object;JJ)V (greylist, linking, allowed)

04-13 01:06:02.659   949  2013 I ActivityTaskManager: START u0 {flg=0x10008000 cmp=com.wallapop/com.rewallapop.ui.wall.WallActivity} from uid 10313

04-13 01:06:02.669   580   632 I SurfaceFlinger: id=146874 createSurf (0x0),-1 flag=80004, AppWindowToken{6ac58a4 token=Token{a592b37 ActivityRecord{9103036 u0 com.wallapop/com.rewallapop.ui.wall.WallActivity t2355}}}#0

04-13 01:06:02.675   949  1091 D PhoneWindow: forceLight changed to true [Splash Screen com.wallapop] from com.android.internal.policy.PhoneWindow.updateForceLightNavigationBar:4238 com.android.internal.policy.DecorView.updateColorViews:1510 com.android.internal.policy.PhoneWindow.dispatchWindowAttributesChanged:3216 android.view.Window.setFlags:1148 com.android.internal.policy.PhoneWindow.generateLayout:2444

04-13 01:06:02.676   949  1091 D PhoneWindow: forceLight changed to false [Splash Screen com.wallapop] from com.android.internal.policy.PhoneWindow.updateForceLightNavigationBar:4244 com.android.internal.policy.DecorView.updateColorViews:1510 com.android.internal.policy.PhoneWindow.dispatchWindowAttributesChanged:3216 android.view.Window.setFlags:1148 com.android.internal.policy.PhoneWindow.generateLayout:2590

04-13 01:06:02.676   949  1090 D GameSDKService: MultiWindowEventListener.onFocusStackChanged(), state=0, top=ComponentInfo{com.wallapop/com.rewallapop.ui.wall.WallActivity}

04-13 01:06:02.677   949  1090 D GameSDKService: MultiWindowEventListener.onFocusStackChanged(): com.wallapop

04-13 01:06:02.678   949  1090 D GameManagerService: MultiWindowEventListener.onFocusedStackChanged(), state=0, top=ComponentInfo{com.wallapop/com.rewallapop.ui.wall.WallActivity}

04-13 01:06:02.678   949  1090 D GameManagerService: MultiWindowEventListener.onFocusedStackChanged(), pkgName: com.wallapop, clsName: com.rewallapop.ui.wall.WallActivity, FgActivityName:com.wallapop/com.rewallapop.ui.wall.WallActivity, userID:0

04-13 01:06:02.678   949  1764 D GameManagerService: onLooperPrepared(), msg: { when=0 what=10000 obj=ComponentInfo{com.wallapop/com.rewallapop.ui.wall.WallActivity} target=com.samsung.android.game.GameManagerService$FgCheckThread$1 }

04-13 01:06:02.681   580   632 I SurfaceFlinger: id=146875 createSurf (0x0),-1 flag=80004, 9921f1a Splash Screen com.wallapop#0

04-13 01:06:02.682   949  2013 I ActivityTaskManager: START u0 {flg=0x10008000 cmp=com.wallapop/com.rewallapop.ui.wall.WallActivity} from uid 10313

04-13 01:06:02.691   580   632 I SurfaceFlinger: id=146876 createSurf (0x0),-1 flag=80004, AppWindowToken{9dd3d41 token=Token{9f47c28 ActivityRecord{cd5a4b u0 com.wallapop/com.rewallapop.ui.wall.WallActivity t2355}}}#0

04-13 01:06:02.697   949  1090 D GameSDKService: MultiWindowEventListener.onFocusStackChanged(), state=0, top=ComponentInfo{com.wallapop/com.rewallapop.ui.wall.WallActivity}

04-13 01:06:02.698   949  1090 D GameSDKService: MultiWindowEventListener.onFocusStackChanged(): com.wallapop

04-13 01:06:02.698   949  1090 D GameManagerService: MultiWindowEventListener.onFocusedStackChanged(), state=0, top=ComponentInfo{com.wallapop/com.rewallapop.ui.wall.WallActivity}

04-13 01:06:02.698   949  1090 D GameManagerService: MultiWindowEventListener.onFocusedStackChanged(), pkgName: com.wallapop, clsName: com.rewallapop.ui.wall.WallActivity, FgActivityName:com.wallapop/com.rewallapop.ui.wall.WallActivity, userID:0

04-13 01:06:02.698   949  1764 D GameManagerService: onLooperPrepared(), msg: { when=0 what=10000 obj=ComponentInfo{com.wallapop/com.rewallapop.ui.wall.WallActivity} target=com.samsung.android.game.GameManagerService$FgCheckThread$1 }

04-13 01:06:02.699   949  2013 I ActivityTaskManager: START u0 {flg=0x10008000 cmp=com.wallapop/com.rewallapop.ui.wall.WallActivity} from uid 10313

04-13 01:06:02.700   949  1091 D PhoneWindow: forceLight changed to true [Splash Screen com.wallapop] from com.android.internal.policy.PhoneWindow.updateForceLightNavigationBar:4238 com.android.internal.policy.DecorView.updateColorViews:1510 com.android.internal.policy.PhoneWindow.dispatchWindowAttributesChanged:3216 android.view.Window.setFlags:1148 com.android.internal.policy.PhoneWindow.generateLayout:2444

04-13 01:06:02.700   949  1091 D PhoneWindow: forceLight changed to false [Splash Screen com.wallapop] from com.android.internal.policy.PhoneWindow.updateForceLightNavigationBar:4244 com.android.internal.policy.DecorView.updateColorViews:1510 com.android.internal.policy.PhoneWindow.dispatchWindowAttributesChanged:3216 android.view.Window.setFlags:1148 com.android.internal.policy.PhoneWindow.generateLayout:2590

04-13 01:06:02.710   580   632 I SurfaceFlinger: id=146877 createSurf (0x0),-1 flag=80004, AppWindowToken{4c082ca token=Token{474ae35 ActivityRecord{4b8086c u0 com.wallapop/com.rewallapop.ui.wall.WallActivity t2355}}}#0

04-13 01:06:02.714   580   632 I Layer   : id=146876 removeFromCurrentState AppWindowToken{9dd3d41 token=Token{9f47c28 ActivityRecord{cd5a4b u0 com.wallapop/com.rewallapop.ui.wall.WallActivity t2355}}}#0 (66)

04-13 01:06:02.714   949  1091 W WindowManager: Attempted to add application window with unknown token Token{9f47c28 ActivityRecord{cd5a4b u0 com.wallapop/com.rewallapop.ui.wall.WallActivity t-1 f}}.  Aborting.

04-13 01:06:02.715   949  1091 W WindowManager: Token{9f47c28 ActivityRecord{cd5a4b u0 com.wallapop/com.rewallapop.ui.wall.WallActivity t-1 f}} already running, starting window not displayed. Unable to add window -- token Token{9f47c28 ActivityRecord{cd5a4b u0 com.wallapop/com.rewallapop.ui.wall.WallActivity t-1 f}} is not valid; is your activity running?

04-13 01:06:02.715   580   632 I SurfaceFlinger: id=146876 Removed AppWindowToken{9dd3d41 token=Token{9f47c28 ActivityRecord{cd5a4b u0 com.wallapop/com.rewallapop.ui.wall.WallActivity t2355}}}#0 (66)

04-13 01:06:02.716   949  1090 D GameSDKService: MultiWindowEventListener.onFocusStackChanged(), state=0, top=ComponentInfo{com.wallapop/com.rewallapop.ui.wall.WallActivity}

04-13 01:06:02.717   949  2047 I ActivityTaskManager: START u0 {flg=0x10008000 cmp=com.wallapop/com.rewallapop.ui.wall.WallActivity} from uid 10313

04-13 01:06:02.725   580   580 I Layer   : id=146876[1] Destroyed AppWindowToken{9dd3d41 token=Token{9f47c28 ActivityRecord{cd5a4b u0 com.wallapop/com.rewallapop.ui.wall.WallActivity t2355}}}#0

04-13 01:06:02.729   580   632 I SurfaceFlinger: id=146878 createSurf (0x0),-1 flag=80004, AppWindowToken{35c9117 token=Token{4cc0196 ActivityRecord{fcef8b1 u0 com.wallapop/com.rewallapop.ui.wall.WallActivity t2355}}}#0

04-13 01:06:02.732   580   632 I Layer   : id=146877 removeFromCurrentState AppWindowToken{4c082ca token=Token{474ae35 ActivityRecord{4b8086c u0 com.wallapop/com.rewallapop.ui.wall.WallActivity t2355}}}#0 (66)

04-13 01:06:02.733   580   632 I SurfaceFlinger: id=146877 Removed AppWindowToken{4c082ca token=Token{474ae35 ActivityRecord{4b8086c u0 com.wallapop/com.rewallapop.ui.wall.WallActivity t2355}}}#0 (66)

04-13 01:06:02.733   949  1090 D GameSDKService: MultiWindowEventListener.onFocusStackChanged(): com.wallapop

04-13 01:06:02.733   949  1090 D GameManagerService: MultiWindowEventListener.onFocusedStackChanged(), state=0, top=ComponentInfo{com.wallapop/com.rewallapop.ui.wall.WallActivity}

04-13 01:06:02.734   949  1090 D GameManagerService: MultiWindowEventListener.onFocusedStackChanged(), pkgName: com.wallapop, clsName: com.rewallapop.ui.wall.WallActivity, FgActivityName:com.wallapop/com.rewallapop.ui.wall.WallActivity, userID:0

04-13 01:06:02.734   949  1764 D GameManagerService: onLooperPrepared(), msg: { when=0 what=10000 obj=ComponentInfo{com.wallapop/com.rewallapop.ui.wall.WallActivity} target=com.samsung.android.game.GameManagerService$FgCheckThread$1 }

04-13 01:06:02.735   949  2015 I ActivityTaskManager: START u0 {flg=0x10008000 cmp=com.wallapop/com.rewallapop.ui.wall.WallActivity} from uid 10313

04-13 01:06:02.735   949  1091 D PhoneWindow: forceLight changed to true [Splash Screen com.wallapop] from com.android.internal.policy.PhoneWindow.updateForceLightNavigationBar:4238 com.android.internal.policy.DecorView.updateColorViews:1510 com.android.internal.policy.PhoneWindow.dispatchWindowAttributesChanged:3216 android.view.Window.setFlags:1148 com.android.internal.policy.PhoneWindow.generateLayout:2444

04-13 01:06:02.736   949  1091 D PhoneWindow: forceLight changed to false [Splash Screen com.wallapop] from com.android.internal.policy.PhoneWindow.updateForceLightNavigationBar:4244 com.android.internal.policy.DecorView.updateColorViews:1510 com.android.internal.policy.PhoneWindow.dispatchWindowAttributesChanged:3216 android.view.Window.setFlags:1148 com.android.internal.policy.PhoneWindow.generateLayout:2590

04-13 01:06:02.742   580   580 I Layer   : id=146877[1] Destroyed AppWindowToken{4c082ca token=Token{474ae35 ActivityRecord{4b8086c u0 com.wallapop/com.rewallapop.ui.wall.WallActivity t2355}}}#0

04-13 01:06:02.744   580   632 I SurfaceFlinger: id=146879 createSurf (0x0),-1 flag=80004, AppWindowToken{5e7327a token=Token{22e8ea5 ActivityRecord{104649c u0 com.wallapop/com.rewallapop.ui.wall.WallActivity t2355}}}#0

04-13 01:06:02.747   580   632 I Layer   : id=146878 removeFromCurrentState AppWindowToken{35c9117 token=Token{4cc0196 ActivityRecord{fcef8b1 u0 com.wallapop/com.rewallapop.ui.wall.WallActivity t2355}}}#0 (66)

04-13 01:06:02.749   580   632 I SurfaceFlinger: id=146878 Removed AppWindowToken{35c9117 token=Token{4cc0196 ActivityRecord{fcef8b1 u0 com.wallapop/com.rewallapop.ui.wall.WallActivity t2355}}}#0 (66)

04-13 01:06:02.750   949  1091 W WindowManager: Attempted to add application window with unknown token Token{474ae35 ActivityRecord{4b8086c u0 com.wallapop/com.rewallapop.ui.wall.WallActivity t-1 f}}.  Aborting.

04-13 01:06:02.750   949  1091 W WindowManager: Token{474ae35 ActivityRecord{4b8086c u0 com.wallapop/com.rewallapop.ui.wall.WallActivity t-1 f}} already running, starting window not displayed. Unable to add window -- token Token{474ae35 ActivityRecord{4b8086c u0 com.wallapop/com.rewallapop.ui.wall.WallActivity t-1 f}} is not valid; is your activity running?

04-13 01:06:02.750   949  2047 I ActivityTaskManager: START u0 {flg=0x10008000 cmp=com.wallapop/com.rewallapop.ui.wall.WallActivity} from uid 10313

04-13 01:06:02.759   580   580 I Layer   : id=146878[1] Destroyed AppWindowToken{35c9117 token=Token{4cc0196 ActivityRecord{fcef8b1 u0 com.wallapop/com.rewallapop.ui.wall.WallActivity t2355}}}#0

04-13 01:06:02.759   580   632 I SurfaceFlinger: id=146880 createSurf (0x0),-1 flag=80004, AppWindowToken{8adee07 token=Token{7a5fc46 ActivityRecord{21e7021 u0 com.wallapop/com.rewallapop.ui.wall.WallActivity t2355}}}#0

04-13 01:06:02.763   580   632 I Layer   : id=146879 removeFromCurrentState AppWindowToken{5e7327a token=Token{22e8ea5 ActivityRecord{104649c u0 com.wallapop/com.rewallapop.ui.wall.WallActivity t2355}}}#0 (66)

04-13 01:06:02.764   580   632 I SurfaceFlinger: id=146879 Removed AppWindowToken{5e7327a token=Token{22e8ea5 ActivityRecord{104649c u0 com.wallapop/com.rewallapop.ui.wall.WallActivity t2355}}}#0 (66)

04-13 01:06:02.767   949  1090 D GameSDKService: MultiWindowEventListener.onFocusStackChanged(), state=0, top=ComponentInfo{com.wallapop/com.rewallapop.ui.wall.WallActivity}

04-13 01:06:02.767   949  2047 I ActivityTaskManager: START u0 {flg=0x10008000 cmp=com.wallapop/com.rewallapop.ui.wall.WallActivity} from uid 10313

04-13 01:06:02.768   949  1091 D PhoneWindow: forceLight changed to true [Splash Screen com.wallapop] from com.android.internal.policy.PhoneWindow.updateForceLightNavigationBar:4238 com.android.internal.policy.DecorView.updateColorViews:1510 com.android.internal.policy.PhoneWindow.dispatchWindowAttributesChanged:3216 android.view.Window.setFlags:1148 com.android.internal.policy.PhoneWindow.generateLayout:2444

04-13 01:06:02.768   949  1091 D PhoneWindow: forceLight changed to false [Splash Screen com.wallapop] from com.android.internal.policy.PhoneWindow.updateForceLightNavigationBar:4244 com.android.internal.policy.DecorView.updateColorViews:1510 com.android.internal.policy.PhoneWindow.dispatchWindowAttributesChanged:3216 android.view.Window.setFlags:1148 com.android.internal.policy.PhoneWindow.generateLayout:2590

04-13 01:06:02.776   580   580 I Layer   : id=146879[1] Destroyed AppWindowToken{5e7327a token=Token{22e8ea5 ActivityRecord{104649c u0 com.wallapop/com.rewallapop.ui.wall.WallActivity t2355}}}#0

04-13 01:06:02.777   580  2337 I SurfaceFlinger: id=146881 createSurf (0x0),-1 flag=80004, AppWindowToken{5e149b8 token=Token{2fda41b ActivityRecord{1b12e2a u0 com.wallapop/com.rewallapop.ui.wall.WallActivity t2355}}}#0

04-13 01:06:02.780   580  2337 I Layer   : id=146880 removeFromCurrentState AppWindowToken{8adee07 token=Token{7a5fc46 ActivityRecord{21e7021 u0 com.wallapop/com.rewallapop.ui.wall.WallActivity t2355}}}#0 (66)

04-13 01:06:02.781   580  2337 I SurfaceFlinger: id=146880 Removed AppWindowToken{8adee07 token=Token{7a5fc46 ActivityRecord{21e7021 u0 com.wallapop/com.rewallapop.ui.wall.WallActivity t2355}}}#0 (66)

04-13 01:06:02.781   949  1091 W WindowManager: Attempted to add application window with unknown token Token{7a5fc46 ActivityRecord{21e7021 u0 com.wallapop/com.rewallapop.ui.wall.WallActivity t-1 f}}.  Aborting.

04-13 01:06:02.781   949  1091 W WindowManager: Token{7a5fc46 ActivityRecord{21e7021 u0 com.wallapop/com.rewallapop.ui.wall.WallActivity t-1 f}} already running, starting window not displayed. Unable to add window -- token Token{7a5fc46 ActivityRecord{21e7021 u0 com.wallapop/com.rewallapop.ui.wall.WallActivity t-1 f}} is not valid; is your activity running?

04-13 01:06:02.782   949  1090 D GameSDKService: MultiWindowEventListener.onFocusStackChanged(): com.wallapop

04-13 01:06:02.782   949  1090 D GameManagerService: MultiWindowEventListener.onFocusedStackChanged(), state=0, top=ComponentInfo{com.wallapop/com.rewallapop.ui.wall.WallActivity}

04-13 01:06:02.782   949  1090 D GameManagerService: MultiWindowEventListener.onFocusedStackChanged(), pkgName: com.wallapop, clsName: com.rewallapop.ui.wall.WallActivity, FgActivityName:com.wallapop/com.rewallapop.ui.wall.WallActivity, userID:0

04-13 01:06:02.782   949  1764 D GameManagerService: onLooperPrepared(), msg: { when=0 what=10000 obj=ComponentInfo{com.wallapop/com.rewallapop.ui.wall.WallActivity} target=com.samsung.android.game.GameManagerService$FgCheckThread$1 }

04-13 01:06:02.783   949  2015 I ActivityTaskManager: START u0 {flg=0x10008000 cmp=com.wallapop/com.rewallapop.ui.wall.WallActivity} from uid 10313

04-13 01:06:02.785   949  1091 D PhoneWindow: forceLight changed to true [Splash Screen com.wallapop] from com.android.internal.policy.PhoneWindow.updateForceLightNavigationBar:4238 com.android.internal.policy.DecorView.updateColorViews:1510 com.android.internal.policy.PhoneWindow.dispatchWindowAttributesChanged:3216 android.view.Window.setFlags:1148 com.android.internal.policy.PhoneWindow.generateLayout:2444

04-13 01:06:02.786   949  1091 D PhoneWindow: forceLight changed to false [Splash Screen com.wallapop] from com.android.internal.policy.PhoneWindow.updateForceLightNavigationBar:4244 com.android.internal.policy.DecorView.updateColorViews:1510 com.android.internal.policy.PhoneWindow.dispatchWindowAttributesChanged:3216 android.view.Window.setFlags:1148 com.android.internal.policy.PhoneWindow.generateLayout:2590

04-13 01:06:02.792   580   580 I Layer   : id=146880[1] Destroyed AppWindowToken{8adee07 token=Token{7a5fc46 ActivityRecord{21e7021 u0 com.wallapop/com.rewallapop.ui.wall.WallActivity t2355}}}#0

04-13 01:06:02.795   580  2337 I SurfaceFlinger: id=146882 createSurf (0x0),-1 flag=80004, AppWindowToken{96c4385 token=Token{74660fc ActivityRecord{45f3def u0 com.wallapop/com.rewallapop.ui.wall.WallActivity t2355}}}#0

04-13 01:06:02.798   580  2337 I Layer   : id=146881 removeFromCurrentState AppWindowToken{5e149b8 token=Token{2fda41b ActivityRecord{1b12e2a u0 com.wallapop/com.rewallapop.ui.wall.WallActivity t2355}}}#0 (66)

04-13 01:06:02.799   949  1090 D GameSDKService: MultiWindowEventListener.onFocusStackChanged(), state=0, top=ComponentInfo{com.wallapop/com.rewallapop.ui.wall.WallActivity}

04-13 01:06:02.799   580  2337 I SurfaceFlinger: id=146881 Removed AppWindowToken{5e149b8 token=Token{2fda41b ActivityRecord{1b12e2a u0 com.wallapop/com.rewallapop.ui.wall.WallActivity t2355}}}#0 (66)

04-13 01:06:02.801   949  1090 D GameSDKService: MultiWindowEventListener.onFocusStackChanged(): com.wallapop

04-13 01:06:02.802   949  1091 W WindowManager: Attempted to add application window with unknown token Token{2fda41b ActivityRecord{1b12e2a u0 com.wallapop/com.rewallapop.ui.wall.WallActivity t-1 f}}.  Aborting.

04-13 01:06:02.802   949  2047 I ActivityTaskManager: START u0 {flg=0x10008000 cmp=com.wallapop/com.rewallapop.ui.wall.WallActivity} from uid 10313

04-13 01:06:02.802   949  1090 D GameManagerService: MultiWindowEventListener.onFocusedStackChanged(), state=0, top=ComponentInfo{com.wallapop/com.rewallapop.ui.wall.WallActivity}

04-13 01:06:02.802   949  1090 D GameManagerService: MultiWindowEventListener.onFocusedStackChanged(), pkgName: com.wallapop, clsName: com.rewallapop.ui.wall.WallActivity, FgActivityName:com.wallapop/com.rewallapop.ui.wall.WallActivity, userID:0

04-13 01:06:02.802   949  1091 W WindowManager: Token{2fda41b ActivityRecord{1b12e2a u0 com.wallapop/com.rewallapop.ui.wall.WallActivity t-1 f}} already running, starting window not displayed. Unable to add window -- token Token{2fda41b ActivityRecord{1b12e2a u0 com.wallapop/com.rewallapop.ui.wall.WallActivity t-1 f}} is not valid; is your activity running?

04-13 01:06:02.802   949  1764 D GameManagerService: onLooperPrepared(), msg: { when=0 what=10000 obj=ComponentInfo{com.wallapop/com.rewallapop.ui.wall.WallActivity} target=com.samsung.android.game.GameManagerService$FgCheckThread$1 }

04-13 01:06:02.809   580   580 I Layer   : id=146881[1] Destroyed AppWindowToken{5e149b8 token=Token{2fda41b ActivityRecord{1b12e2a u0 com.wallapop/com.rewallapop.ui.wall.WallActivity t2355}}}#0

04-13 01:06:02.812   580  2337 I SurfaceFlinger: id=146883 createSurf (0x0),-1 flag=80004, AppWindowToken{7329301 token=Token{a1690e8 ActivityRecord{60bca0b u0 com.wallapop/com.rewallapop.ui.wall.WallActivity t2355}}}#0

04-13 01:06:02.815   580  2337 I Layer   : id=146882 removeFromCurrentState AppWindowToken{96c4385 token=Token{74660fc ActivityRecord{45f3def u0 com.wallapop/com.rewallapop.ui.wall.WallActivity t2355}}}#0 (66)

04-13 01:06:02.818   580  2337 I SurfaceFlinger: id=146882 Removed AppWindowToken{96c4385 token=Token{74660fc ActivityRecord{45f3def u0 com.wallapop/com.rewallapop.ui.wall.WallActivity t2355}}}#0 (66)

04-13 01:06:02.819   949  1090 D GameSDKService: MultiWindowEventListener.onFocusStackChanged(), state=0, top=ComponentInfo{com.wallapop/com.rewallapop.ui.wall.WallActivity}

04-13 01:06:02.820   949  1090 D GameSDKService: MultiWindowEventListener.onFocusStackChanged(): com.wallapop

04-13 01:06:02.821   949  1090 D GameManagerService: MultiWindowEventListener.onFocusedStackChanged(), state=0, top=ComponentInfo{com.wallapop/com.rewallapop.ui.wall.WallActivity}

04-13 01:06:02.821   949  1090 D GameManagerService: MultiWindowEventListener.onFocusedStackChanged(), pkgName: com.wallapop, clsName: com.rewallapop.ui.wall.WallActivity, FgActivityName:com.wallapop/com.rewallapop.ui.wall.WallActivity, userID:0

04-13 01:06:02.821   949  1091 D PhoneWindow: forceLight changed to true [Splash Screen com.wallapop] from com.android.internal.policy.PhoneWindow.updateForceLightNavigationBar:4238 com.android.internal.policy.DecorView.updateColorViews:1510 com.android.internal.policy.PhoneWindow.dispatchWindowAttributesChanged:3216 android.view.Window.setFlags:1148 com.android.internal.policy.PhoneWindow.generateLayout:2444

04-13 01:06:02.822   949  1091 D PhoneWindow: forceLight changed to false [Splash Screen com.wallapop] from com.android.internal.policy.PhoneWindow.updateForceLightNavigationBar:4244 com.android.internal.policy.DecorView.updateColorViews:1510 com.android.internal.policy.PhoneWindow.dispatchWindowAttributesChanged:3216 android.view.Window.setFlags:1148 com.android.internal.policy.PhoneWindow.generateLayout:2590

04-13 01:06:02.822   949  1764 D GameManagerService: onLooperPrepared(), msg: { when=-1ms what=10000 obj=ComponentInfo{com.wallapop/com.rewallapop.ui.wall.WallActivity} target=com.samsung.android.game.GameManagerService$FgCheckThread$1 }

04-13 01:06:02.826   580   580 I Layer   : id=146882[1] Destroyed AppWindowToken{96c4385 token=Token{74660fc ActivityRecord{45f3def u0 com.wallapop/com.rewallapop.ui.wall.WallActivity t2355}}}#0

04-13 01:06:02.826   580  2337 I SurfaceFlinger: id=146884 createSurf (0x0),-1 flag=80004, 162012c Splash Screen com.wallapop#0

04-13 01:06:02.830   949  1091 V WindowManager: Relayout Window{9921f1a u0 Splash Screen com.wallapop}: viewVisibility=0 req=720x1480

04-13 01:06:02.833   580  2337 I SurfaceFlinger: id=146885 createSurf (720x1480),1 flag=404, Splash Screen com.wallapop#1

04-13 01:06:02.834   949  1091 D WindowManager: makeSurface duration=2 name=Splash Screen com.wallapop

04-13 01:06:02.847   949  1091 D WindowManager: finishDrawingWindow: Window{9921f1a u0 Splash Screen com.wallapop} mDrawState=DRAW_PENDING

04-13 01:06:02.849   949  1091 V WindowManager: Relayout Window{162012c u0 Splash Screen com.wallapop}: viewVisibility=0 req=720x1480

04-13 01:06:02.854   580   632 I SurfaceFlinger: id=146886 createSurf (720x1480),1 flag=404, Splash Screen com.wallapop#2

04-13 01:06:02.855   949  1091 D WindowManager: makeSurface duration=1 name=Splash Screen com.wallapop

04-13 01:06:02.873   949  1091 D WindowManager: finishDrawingWindow: Window{162012c u0 Splash Screen com.wallapop} mDrawState=DRAW_PENDING

04-13 01:06:02.876   949  1091 I WindowManager: Destroying surface Surface(name=Splash Screen com.wallapop)/@0xea83456 called by com.android.server.wm.WindowStateAnimator.destroySurface:1734 com.android.server.wm.WindowStateAnimator.destroySurfaceLocked:693 com.android.server.wm.WindowState.removeImmediately:2282 com.android.server.wm.WindowState.removeIfPossible:2418 com.android.server.wm.WindowState.removeIfPossible:2297 com.android.server.wm.WindowManagerService.removeWindow:2017 com.android.server.wm.Session.remove:184 android.view.ViewRootImpl.dispatchDetachedFromWindow:4931

04-13 01:06:02.876   580   632 I Layer   : id=146885 removeFromCurrentState Splash Screen com.wallapop#1 (68)

04-13 01:06:02.879   949  1091 V WindowManager: performShow on Window{162012c u0 Splash Screen com.wallapop}: mDrawState=READY_TO_SHOW readyForDisplay=false starting=true during animation: policyVis=true parentHidden=false tok.hiddenRequested=true tok.hidden=true animating=false tok animating=false Callers=com.android.server.wm.WindowState.performShowLocked:4660 com.android.server.wm.WindowStateAnimator.commitFinishDrawingLocked:380 com.android.server.wm.DisplayContent.lambda$new$8$DisplayContent:948 com.android.server.wm.-$$Lambda$DisplayContent$qxt4izS31fb0LF2uo_OF9DMa7gc.accept:4

04-13 01:06:02.881   580   632 I Layer   : id=146875 removeFromCurrentState 9921f1a Splash Screen com.wallapop#0 (68)

04-13 01:06:02.882   580   632 I SurfaceFlinger: id=146885 Removed Splash Screen com.wallapop#1 (68)

04-13 01:06:02.883   580   632 I SurfaceFlinger: id=146875 Removed 9921f1a Splash Screen com.wallapop#0 (68)

04-13 01:06:02.893   580   580 I Layer   : id=146875[1] Destroyed 9921f1a Splash Screen com.wallapop#0

04-13 01:06:02.893   580   580 I Layer   : id=146885[1] Destroyed Splash Screen com.wallapop#1

04-13 01:06:02.915   949  2015 V WindowManager: Relayout Window{e09940c u0 com.wallapop/com.rewallapop.ui.wall.WallActivity}: viewVisibility=0 req=720x1480

04-13 01:06:02.885   949  1091 V WindowManager: performShow on Window{162012c u0 Splash Screen com.wallapop}: mDrawState=READY_TO_SHOW readyForDisplay=false starting=true during animation: policyVis=true parentHidden=false tok.hiddenRequested=true tok.hidden=true animating=false tok animating=false Callers=com.android.server.wm.WindowState.performShowLocked:4660 com.android.server.wm.WindowStateAnimator.commitFinishDrawingLocked:380 com.android.server.wm.DisplayContent.lambda$new$8$DisplayContent:948 com.android.server.wm.-$$Lambda$DisplayContent$qxt4izS31fb0LF2uo_OF9DMa7gc.accept:4

04-13 01:06:02.917   949  2015 V WindowManager: performShow on Window{162012c u0 Splash Screen com.wallapop}: mDrawState=READY_TO_SHOW readyForDisplay=false starting=true during animation: policyVis=true parentHidden=false tok.hiddenRequested=true tok.hidden=true animating=false tok animating=false Callers=com.android.server.wm.WindowState.performShowLocked:4660 com.android.server.wm.WindowStateAnimator.commitFinishDrawingLocked:380 com.android.server.wm.DisplayContent.lambda$new$8$DisplayContent:948 com.android.server.wm.-$$Lambda$DisplayContent$qxt4izS31fb0LF2uo_OF9DMa7gc.accept:4

04-13 01:06:02.919   580  2337 I SurfaceFlinger: id=146887 createSurf (720x1480),1 flag=404, com.wallapop/com.rewallapop.ui.wall.WallActivity$_22484#1

04-13 01:06:02.920   949  2015 D WindowManager: makeSurface duration=2 name=com.wallapop/com.rewallapop.ui.wall.WallActivity$_22484

04-13 01:06:02.995   949  2196 D ActivityManagerPerformance: Received MSG_DISABLE_ACT_START, r: ActivityRecord{b149784 u0 com.wallapop/com.rewallapop.ui.wall.WallActivity t2355 f}

04-13 01:06:03.008   949  2015 D WindowManager: finishDrawingWindow: Window{e09940c u0 com.wallapop/com.rewallapop.ui.wall.WallActivity} mDrawState=DRAW_PENDING

04-13 01:06:03.010   949  1091 V WindowManager: performShow on Window{162012c u0 Splash Screen com.wallapop}: mDrawState=READY_TO_SHOW readyForDisplay=false starting=true during animation: policyVis=true parentHidden=false tok.hiddenRequested=true tok.hidden=true animating=false tok animating=false Callers=com.android.server.wm.WindowState.performShowLocked:4660 com.android.server.wm.WindowStateAnimator.commitFinishDrawingLocked:380 com.android.server.wm.DisplayContent.lambda$new$8$DisplayContent:948 com.android.server.wm.-$$Lambda$DisplayContent$qxt4izS31fb0LF2uo_OF9DMa7gc.accept:4

