Executed 'TestRailTest_01()' on 04-11-2019
---------------------------------------------------------------------------------
11-14 09:29:43.323 29710 29710 V InputMethodManager: Starting input: tba=com.wallapop ic=null mNaviBarColor -1 mIsGetNaviBarColorSuccess true , NavVisible : true , NavTrans : false

11-14 09:29:43.500  4211  4310 I WindowManager: reset, Reparenting to original parent, shouldDeferScheduleAnimation=true, destroyLeash=true, surface=Surface(name=AppWindowToken{de8efdb token=Token{ccf50ea ActivityRecord{ea360d5 u0 com.wallapop/com.rewallapop.ui.wall.WallActivity t2158}}})/@0x34a0066, parent=Surface(name=Task=2158)/@0x10de3f9, parentNativeHandle=android.os.BinderProxy@58689b5, caller=com.android.server.wm.SurfaceAnimator.lambda$getFinishedCallback$0:97 com.android.server.wm.-$$Lambda$SurfaceAnimator$SIBia0mND666K8lMCPsoid8pUTI.run:4 com.android.server.wm.AnimatingAppWindowTokenRegistry.endDeferringFinished:104 com.android.server.wm.AnimatingAppWindowTokenRegistry.notifyAboutToFinish:77 com.android.server.wm.AppWindowToken.shouldDeferAnimationFinish:2245

11-14 09:29:43.500  4211  4310 D SurfaceControl: reparent is called, sc=Surface(name=AppWindowToken{de8efdb token=Token{ccf50ea ActivityRecord{ea360d5 u0 com.wallapop/com.rewallapop.ui.wall.WallActivity t2158}}})/@0x34a0066, newParentHandle=android.os.BinderProxy@58689b5, transaction=android.view.SurfaceControl$Transaction@46f57fd

11-14 09:29:43.500  4211  4310 D SurfaceControl: destroy(transaction), animation-leash is destroyed, sc=Surface(name=Surface(name=AppWindowToken{de8efdb token=Token{ccf50ea ActivityRecord{ea360d5 u0 com.wallapop/com.rewallapop.ui.wall.WallActivity t2158}}})/@0x34a0066 - animation-leash)/@0x7856fa7, transaction=android.view.SurfaceControl$Transaction@46f57fd, caller=com.android.server.wm.SurfaceAnimator.reset:338 com.android.server.wm.SurfaceAnimator.lambda$getFinishedCallback$0:97 com.android.server.wm.-$$Lambda$SurfaceAnimator$SIBia0mND666K8lMCPsoid8pUTI.run:4 com.android.server.wm.AnimatingAppWindowTokenRegistry.endDeferringFinished:104 com.android.server.wm.AnimatingAppWindowTokenRegistry.notifyAboutToFinish:77 com.android.server.wm.AppWindowToken.shouldDeferAnimationFinish:2245 com.android.server.wm.SurfaceAnimator.lambda$getFinishedCallback$1:103

11-14 09:29:43.501  4211  4310 I WindowManager: reset, Reparenting to original parent, shouldDeferScheduleAnimation=false, destroyLeash=true, surface=Surface(name=AppWindowToken{1ac6c67 token=Token{56ff826 ActivityRecord{1e56f81 u0 com.wallapop/com.rewallapop.ui.main.MainActivity t2158}}})/@0x8f91989, parent=Surface(name=Task=2158)/@0x10de3f9, parentNativeHandle=android.os.BinderProxy@58689b5, caller=com.android.server.wm.SurfaceAnimator.lambda$getFinishedCallback$0:97 com.android.server.wm.-$$Lambda$SurfaceAnimator$SIBia0mND666K8lMCPsoid8pUTI.run:4 com.android.server.wm.SurfaceAnimator.lambda$getFinishedCallback$1:104 com.android.server.wm.-$$Lambda$SurfaceAnimator$vdRZk66hQVbQCvVXEaQCT1kVmFc.onAnimationFinished:4 com.android.server.wm.LocalAnimationAdapter.lambda$startAnimation$0:74

11-14 09:29:43.501  4211  4310 D SurfaceControl: reparent is called, sc=Surface(name=AppWindowToken{1ac6c67 token=Token{56ff826 ActivityRecord{1e56f81 u0 com.wallapop/com.rewallapop.ui.main.MainActivity t2158}}})/@0x8f91989, newParentHandle=android.os.BinderProxy@58689b5, transaction=android.view.SurfaceControl$Transaction@5c8d1bc

11-14 09:29:43.501  4211  4310 D SurfaceControl: destroy(transaction), animation-leash is destroyed, sc=Surface(name=Surface(name=AppWindowToken{1ac6c67 token=Token{56ff826 ActivityRecord{1e56f81 u0 com.wallapop/com.rewallapop.ui.main.MainActivity t2158}}})/@0x8f91989 - animation-leash)/@0xcdcd8e, transaction=android.view.SurfaceControl$Transaction@5c8d1bc, caller=com.android.server.wm.SurfaceAnimator.reset:338 com.android.server.wm.SurfaceAnimator.lambda$getFinishedCallback$0:97 com.android.server.wm.-$$Lambda$SurfaceAnimator$SIBia0mND666K8lMCPsoid8pUTI.run:4 com.android.server.wm.SurfaceAnimator.lambda$getFinishedCallback$1:104 com.android.server.wm.-$$Lambda$SurfaceAnimator$vdRZk66hQVbQCvVXEaQCT1kVmFc.onAnimationFinished:4 com.android.server.wm.LocalAnimationAdapter.lambda$startAnimation$0:74 com.android.server.wm.-$$Lambda$LocalAnimationAdapter$X--EomqUvw4qy89IeeTFTH7aCMo.run:4

11-14 09:29:43.503  3727  5386 D Layer   : [AppWindowToken{de8efdb token=Token{ccf50ea ActivityRecord{ea360d5 u0 com.wallapop/com.rewallapop.ui.wall.WallActivity t2158}}}#0]::reparent oldParent:[Surface(name=AppWindowToken{de8efdb token=Token{ccf50ea ActivityRecord{ea360d5 u0 com.wallapop/com.rewallapop.ui.wall.WallActivity t2158}}})/@0x34a0066 - animation-leash#0], newParent:[Task=2158#0]

11-14 09:29:43.504  3727  5386 D Layer   : [AppWindowToken{1ac6c67 token=Token{56ff826 ActivityRecord{1e56f81 u0 com.wallapop/com.rewallapop.ui.main.MainActivity t2158}}}#0]::reparent oldParent:[Surface(name=AppWindowToken{1ac6c67 token=Token{56ff826 ActivityRecord{1e56f81 u0 com.wallapop/com.rewallapop.ui.main.MainActivity t2158}}})/@0x8f91989 - animation-leash#0], newParent:[Task=2158#0]

11-14 09:29:43.504  3727  5386 I SurfaceFlinger: id=25847 Removed Surface(name=AppWindowToken{1ac6c67 token=Token{56ff826 ActivityRecord{1e56f81 u0 com.wallapop/com.rewallapop.ui.main.MainActivity t2158}}})/@0x8f91989 - animation-leash#0 (0/59)

11-14 09:29:43.504  3727  5386 I SurfaceFlinger: id=25848 Removed Surface(name=AppWindowToken{de8efdb token=Token{ccf50ea ActivityRecord{ea360d5 u0 com.wallapop/com.rewallapop.ui.wall.WallActivity t2158}}})/@0x34a0066 - animation-leash#0 (0/58)

11-14 09:29:43.516  3727  3727 I Layer   : id=25847 onRemoved Surface(name=AppWindowToken{1ac6c67 token=Token{56ff826 ActivityRecord{1e56f81 u0 com.wallapop/com.rewallapop.ui.main.MainActivity t2158}}})/@0x8f91989 - animation-leash#0

11-14 09:29:43.516  3727  3727 I Layer   : id=25848 onRemoved Surface(name=AppWindowToken{de8efdb token=Token{ccf50ea ActivityRecord{ea360d5 u0 com.wallapop/com.rewallapop.ui.wall.WallActivity t2158}}})/@0x34a0066 - animation-leash#0

11-14 09:29:43.542  4211  4222 I WindowManager: Cancelling animation restarting=false, leash=null, surface=Surface(name=AppWindowToken{1ac6c67 token=Token{56ff826 ActivityRecord{1e56f81 u0 com.wallapop/com.rewallapop.ui.main.MainActivity t2158}}})/@0x8f91989, parent=Surface(name=Task=2158)/@0x10de3f9

11-14 09:29:43.551  3727  3964 I SurfaceFlinger: id=25844 Removed AppWindowToken{1ac6c67 token=Token{56ff826 ActivityRecord{1e56f81 u0 com.wallapop/com.rewallapop.ui.main.MainActivity t2158}}}#0 (1/57)

11-14 09:29:43.566  3727  3727 I Layer   : id=25844 onRemoved AppWindowToken{1ac6c67 token=Token{56ff826 ActivityRecord{1e56f81 u0 com.wallapop/com.rewallapop.ui.main.MainActivity t2158}}}#0

11-14 09:29:45.286  4211  9311 I ActivityManager: START u0 {act=null typ=null flg=0x0 cmp=ComponentInfo{com.wallapop/com.rewallapop.ui.login.OnboardingActivity}} from uid 10313

11-14 09:29:45.292  4211  9311 W ActivityManager: startActivity called from non-Activity context; forcing Intent.FLAG_ACTIVITY_NEW_TASK for: Intent { cmp=com.wallapop/com.rewallapop.ui.login.OnboardingActivity (has extras) }

11-14 09:29:45.296  3727  3727 I SurfaceFlinger: id=25849 createSurf (4440x4440),2 flag=4, AppWindowToken{2e30c31 token=Token{9a570d8 ActivityRecord{56b73bb u0 com.wallapop/com.rewallapop.ui.login.OnboardingActivity t2158}}}#0

11-14 09:29:45.329  4211  4222 D GamePkgDataHelper: notifyAppCreate(), pkgName: com.wallapop, sendRet: true

11-14 09:29:45.329  4211  4473 D GamePkgDataHelper: getGamePkgData(). com.wallapop

11-14 09:29:45.329  4211  4473 D GameManagerService: handleMessage(), MSG_APP_CREATE. ignore. pkgName: com.wallapop

11-14 09:29:45.330  4211  4222 V WindowManager: Changing focus from Window{b7c071d u0 com.wallapop/com.rewallapop.ui.wall.WallActivity} to null Callers=com.android.server.wm.WindowManagerService.setFocusedApp:3136 com.android.server.am.ActivityManagerService.setResumedActivityUncheckLocked:4487 com.android.server.am.ActivityStack.onActivityStateChanged:560 com.android.server.am.TaskRecord.onActivityStateChanged:2186

11-14 09:29:45.330  4211  4242 D WindowManager: reportFocusChangedSerialized, focused=false, inTouchMode=true, win=Window{b7c071d u0 com.wallapop/com.rewallapop.ui.wall.WallActivity}

11-14 09:29:45.332  4211  4222 D GameManagerService: noteResumeComponent(), resumeComponent: com.wallapop

11-14 09:29:45.332  4211  4222 D MARsPolicyManager: onPackageResumedFG pkgName = com.wallapop, userId = 0

11-14 09:29:45.332  4211  4473 D GameManagerService: handleForegroundChange(). pkgName: com.wallapop, clsName: com.rewallapop.ui.login.OnboardingActivity,FgActivityName:com.wallapop/com.rewallapop.ui.login.OnboardingActivity

11-14 09:29:45.335  4211  4211 D Telecom:SamsungPrebindingServiceImpl: onTopActivityChanged : ComponentInfo{com.wallapop/com.rewallapop.ui.login.OnboardingActivity}

11-14 09:29:45.465  4211  5519 D SamsungAlarmManager: Cancel Alarm calling from uid:10313 pid :29710 / op:PendingIntent{f2e4a25: PendingIntentRecord{d3145ef com.wallapop broadcastIntent}}

11-14 09:29:45.640  3727  3727 I SurfaceFlinger: id=25850 createSurf (4440x4440),2 flag=4, 823cd87 com.wallapop/com.rewallapop.ui.login.OnboardingActivity#0

11-14 09:29:45.662 18995 19018 I Finsky  : [9172] fxs.d(3): com.wallapop: Account determined from installer data - [rJj4Md76H4LxoN-B4dnoZM7XaXDDBcXGlC-caOCi6Uc]

11-14 09:29:45.662 18995 19018 I Finsky  : [9172] fxs.d(14): com.wallapop: Account from preferred account - [rJj4Md76H4LxoN-B4dnoZM7XaXDDBcXGlC-caOCi6Uc]

11-14 09:29:45.675 18995 19018 I Finsky  : [9172] fxs.d(3): com.wallapop: Account determined from installer data - [rJj4Md76H4LxoN-B4dnoZM7XaXDDBcXGlC-caOCi6Uc]

11-14 09:29:45.676 18995 19018 I Finsky  : [9172] fxs.d(14): com.wallapop: Account from preferred account - [rJj4Md76H4LxoN-B4dnoZM7XaXDDBcXGlC-caOCi6Uc]

11-14 09:29:45.682 18995 19018 I Finsky  : [9172] fxs.d(3): com.wallapop: Account determined from installer data - [rJj4Md76H4LxoN-B4dnoZM7XaXDDBcXGlC-caOCi6Uc]

11-14 09:29:45.683 18995 19018 I Finsky  : [9172] fxs.d(14): com.wallapop: Account from preferred account - [rJj4Md76H4LxoN-B4dnoZM7XaXDDBcXGlC-caOCi6Uc]

11-14 09:29:45.688 18995 19018 I Finsky  : [9172] fxs.d(3): com.wallapop: Account determined from installer data - [rJj4Md76H4LxoN-B4dnoZM7XaXDDBcXGlC-caOCi6Uc]

11-14 09:29:45.689 18995 19018 I Finsky  : [9172] fxs.d(14): com.wallapop: Account from preferred account - [rJj4Md76H4LxoN-B4dnoZM7XaXDDBcXGlC-caOCi6Uc]

11-14 09:29:45.700  4211  9311 V WindowManager: Relayout Window{823cd87 u0 com.wallapop/com.rewallapop.ui.login.OnboardingActivity}: viewVisibility=0 req=1080x2220 {(0,0)(fillxfill) sim={adjust=pan forwardNavigation} ty=BASE_APPLICATION wanim=0x10302fe sysuil=true

11-14 09:29:45.707  3727  3727 I SurfaceFlinger: id=25851 createSurf (1080x2220),1 flag=404, com.wallapop/com.rewallapop.ui.login.OnboardingActivity[29710]#0

11-14 09:29:45.709  4211  9311 D WindowManager: makeSurface duration=3 name=com.wallapop/com.rewallapop.ui.login.OnboardingActivity[29710]

11-14 09:29:45.710  4211  9311 V WindowManager: Changing focus from null to Window{823cd87 u0 com.wallapop/com.rewallapop.ui.login.OnboardingActivity} Callers=com.android.server.wm.WindowManagerService.relayoutWindow:2526 com.android.server.wm.Session.relayoutForTranslate:302 android.view.IWindowSession$Stub.onTransact:518 com.android.server.wm.Session.onTransact:186

11-14 09:29:45.711  4211  4228 D WindowManager: setSystemUiVisibility: vis= 0x881e, fullscreenVis= 0x2000, dockedVis= 0x0, win=Window{823cd87 u0 com.wallapop/com.rewallapop.ui.login.OnboardingActivity}

11-14 09:29:45.713  4211  4242 D WindowManager: reportFocusChangedSerialized, focused=true, inTouchMode=true, win=Window{823cd87 u0 com.wallapop/com.rewallapop.ui.login.OnboardingActivity}

11-14 09:29:45.780 29710 29715 I com.wallapop: Compiler allocated 4MB to compile void android.widget.TextView.<init>(android.content.Context, android.util.AttributeSet, int, int)

11-14 09:29:45.879  4211  6759 D WindowManager: finishDrawingWindow: Window{823cd87 u0 com.wallapop/com.rewallapop.ui.login.OnboardingActivity} mDrawState=DRAW_PENDING

11-14 09:29:45.899 18995 19018 I Finsky  : [9172] fxs.d(3): com.wallapop: Account determined from installer data - [rJj4Md76H4LxoN-B4dnoZM7XaXDDBcXGlC-caOCi6Uc]

11-14 09:29:45.899  4211  4310 I WindowManager: commitFinishDrawingLocked: mDrawState=READY_TO_SHOW Surface(name=com.wallapop/com.rewallapop.ui.login.OnboardingActivity[29710])/@0x1567711

11-14 09:29:45.899  4211  4310 V WindowManager: Resize reasons for w=Window{823cd87 u0 com.wallapop/com.rewallapop.ui.login.OnboardingActivity}:  contentInsetsChanged=false [0,0][0,0] visibleInsetsChanged=false [0,0][0,0] stableInsetsChanged=false [0,63][0,126] outsetsChanged=false [0,0][0,0] surfaceResized=false configChanged=false dragResizingChanged=false reportOrientationChanged=false displayCutoutChanged=false nextForceRelayoutToClient=false

11-14 09:29:45.900 18995 19018 I Finsky  : [9172] fxs.d(14): com.wallapop: Account from preferred account - [rJj4Md76H4LxoN-B4dnoZM7XaXDDBcXGlC-caOCi6Uc]

11-14 09:29:45.902  4211  4310 I WindowManager: Cancelling animation restarting=true, leash=null, surface=Surface(name=AppWindowToken{de8efdb token=Token{ccf50ea ActivityRecord{ea360d5 u0 com.wallapop/com.rewallapop.ui.wall.WallActivity t2158}}})/@0x34a0066, parent=Surface(name=Task=2158)/@0x10de3f9

11-14 09:29:45.902  4211  4310 I WindowManager: Reparenting to leash, surface=Surface(name=AppWindowToken{de8efdb token=Token{ccf50ea ActivityRecord{ea360d5 u0 com.wallapop/com.rewallapop.ui.wall.WallActivity t2158}}})/@0x34a0066

11-14 09:29:45.905  3727  3727 I SurfaceFlinger: id=25854 createSurf (4440x4440),2 flag=4, Surface(name=AppWindowToken{de8efdb token=Token{ccf50ea ActivityRecord{ea360d5 u0 com.wallapop/com.rewallapop.ui.wall.WallActivity t2158}}})/@0x34a0066 - animation-leash#0

11-14 09:29:45.907  4211  4310 D WindowManager: makeSurface duration=4 leash=Surface(name=Surface(name=AppWindowToken{de8efdb token=Token{ccf50ea ActivityRecord{ea360d5 u0 com.wallapop/com.rewallapop.ui.wall.WallActivity t2158}}})/@0x34a0066 - animation-leash)/@0xf7d3950

11-14 09:29:45.907  4211  4310 D SurfaceControl: reparent is called, sc=Surface(name=AppWindowToken{de8efdb token=Token{ccf50ea ActivityRecord{ea360d5 u0 com.wallapop/com.rewallapop.ui.wall.WallActivity t2158}}})/@0x34a0066, newParentHandle=android.os.BinderProxy@3a7f749, transaction=android.view.SurfaceControl$Transaction@46f57fd

11-14 09:29:45.909  4211  4310 I WindowManager: Cancelling animation restarting=true, leash=null, surface=Surface(name=AppWindowToken{2e30c31 token=Token{9a570d8 ActivityRecord{56b73bb u0 com.wallapop/com.rewallapop.ui.login.OnboardingActivity t2158}}})/@0x5869b67, parent=Surface(name=Task=2158)/@0x10de3f9

11-14 09:29:45.909  4211  4310 I WindowManager: Reparenting to leash, surface=Surface(name=AppWindowToken{2e30c31 token=Token{9a570d8 ActivityRecord{56b73bb u0 com.wallapop/com.rewallapop.ui.login.OnboardingActivity t2158}}})/@0x5869b67

11-14 09:29:45.910  3727  3727 I SurfaceFlinger: id=25855 createSurf (4440x4440),2 flag=4, Surface(name=AppWindowToken{2e30c31 token=Token{9a570d8 ActivityRecord{56b73bb u0 com.wallapop/com.rewallapop.ui.login.OnboardingActivity t2158}}})/@0x5869b67 - animation-leash#0

11-14 09:29:45.912  4211  4310 D WindowManager: makeSurface duration=3 leash=Surface(name=Surface(name=AppWindowToken{2e30c31 token=Token{9a570d8 ActivityRecord{56b73bb u0 com.wallapop/com.rewallapop.ui.login.OnboardingActivity t2158}}})/@0x5869b67 - animation-leash)/@0x6bbc9bd

11-14 09:29:45.913  4211  4310 D SurfaceControl: reparent is called, sc=Surface(name=AppWindowToken{2e30c31 token=Token{9a570d8 ActivityRecord{56b73bb u0 com.wallapop/com.rewallapop.ui.login.OnboardingActivity t2158}}})/@0x5869b67, newParentHandle=android.os.BinderProxy@a9aabb2, transaction=android.view.SurfaceControl$Transaction@1d78703

11-14 09:29:45.920  4211  4310 V WindowManager: performShowLocked: mDrawState=HAS_DRAWN in Window{823cd87 u0 com.wallapop/com.rewallapop.ui.login.OnboardingActivity}

11-14 09:29:45.922 29710 30059 I com.wallapop: The ClassLoaderContext is a special shared library.

11-14 09:29:45.925  4211  4228 D WindowManager: setSystemUiVisibility: vis= 0x881e, fullscreenVis= 0x0, dockedVis= 0x0, win=Window{823cd87 u0 com.wallapop/com.rewallapop.ui.login.OnboardingActivity}

11-14 09:29:45.927  3727  3770 D Layer   : [AppWindowToken{2e30c31 token=Token{9a570d8 ActivityRecord{56b73bb u0 com.wallapop/com.rewallapop.ui.login.OnboardingActivity t2158}}}#0]::reparent oldParent:[Task=2158#0], newParent:[Surface(name=AppWindowToken{2e30c31 token=Token{9a570d8 ActivityRecord{56b73bb u0 com.wallapop/com.rewallapop.ui.login.OnboardingActivity t2158}}})/@0x5869b67 - animation-leash#0]

11-14 09:29:45.927  3727  3770 D Layer   : [AppWindowToken{de8efdb token=Token{ccf50ea ActivityRecord{ea360d5 u0 com.wallapop/com.rewallapop.ui.wall.WallActivity t2158}}}#0]::reparent oldParent:[Task=2158#0], newParent:[Surface(name=AppWindowToken{de8efdb token=Token{ccf50ea ActivityRecord{ea360d5 u0 com.wallapop/com.rewallapop.ui.wall.WallActivity t2158}}})/@0x34a0066 - animation-leash#0]

11-14 09:29:45.934  4211  4242 I ActivityManager: Displayed com.wallapop/com.rewallapop.ui.login.OnboardingActivity: +595ms

11-14 09:29:45.945 29710 29710 V InputMethodManager: Starting input: tba=com.wallapop ic=null mNaviBarColor -855310 mIsGetNaviBarColorSuccess true , NavVisible : false , NavTrans : false

11-14 09:29:45.949  4211  5519 V InputMethodManagerService: windowGainedFocus : reason=WINDOW_FOCUS_GAIN client=android.os.BinderProxy@4b381c7 inputContext=null missingMethods= attribute=android.view.inputmethod.EditorInfo@f6a9344 nm = com.wallapop controlFlags=#104 softInputMode=#120 windowFlags=#81810300

11-14 09:29:45.961  3727  3727 I SurfaceFlinger:      Device | 0x70dda21dc0 | 0002 | RGBA_8888 |   0.0    0.0 1080.0 2220.0 |    0    0 1080 2220 | com.wallapop/com.rewallapop.ui.wall.WallActivity[29710]#0

11-14 09:29:45.961  3727  3727 I SurfaceFlinger:      Device | 0x70dda217c0 | 0002 | RGBA_8888 |   0.0    0.0 1080.0 1701.0 |    0  519 1080 2220 | com.wallapop/com.rewallapop.ui.login.OnboardingActivity[29710]#0

11-14 09:29:45.984  3727  3727 I SurfaceFlinger:      Device | 0x70dda21dc0 | 0002 | RGBA_8888 |   0.0    2.0 1080.0 2220.0 |    0    0 1080 2218 | com.wallapop/com.rewallapop.ui.wall.WallActivity[29710]#0

11-14 09:29:45.984  3727  3727 I SurfaceFlinger:      Client | 0x70dda217c0 | 0002 | RGBA_8888 |   0.0    0.0 1080.0 1723.0 |    0  497 1080 2220 | com.wallapop/com.rewallapop.ui.login.OnboardingActivity[29710]#0

11-14 09:29:46.045  3727  3727 I SurfaceFlinger:      Client | 0x70ddb92240 | 0002 | RGBA_8888 |   0.0   16.0 1080.0 2220.0 |    0    0 1080 2204 | com.wallapop/com.rewallapop.ui.wall.WallActivity[29710]#0

11-14 09:29:46.045  3727  3727 I SurfaceFlinger:      Client | 0x70dda21700 | 0002 | RGBA_8888 |   0.0    0.0 1080.0 2014.0 |    0  206 1080 2220 | com.wallapop/com.rewallapop.ui.login.OnboardingActivity[29710]#0

11-14 09:29:46.106  4211  4475 I CodecSolution: pid(29710) pkg(com.wallapop)

11-14 09:29:46.115  4211  9311 D CodecSolution: topName : com.wallapop

11-14 09:29:46.115  4211  9311 I CodecSolution: Top : com.wallapop

11-14 09:29:46.115  4211  9311 D SCPMHelper: getPackageInfo(com.wallapop)

11-14 09:29:46.221  4211  4310 I WindowManager: reset, Reparenting to original parent, shouldDeferScheduleAnimation=true, destroyLeash=true, surface=Surface(name=AppWindowToken{de8efdb token=Token{ccf50ea ActivityRecord{ea360d5 u0 com.wallapop/com.rewallapop.ui.wall.WallActivity t2158}}})/@0x34a0066, parent=Surface(name=Task=2158)/@0x10de3f9, parentNativeHandle=android.os.BinderProxy@58689b5, caller=com.android.server.wm.SurfaceAnimator.lambda$getFinishedCallback$0:97 com.android.server.wm.-$$Lambda$SurfaceAnimator$SIBia0mND666K8lMCPsoid8pUTI.run:4 com.android.server.wm.AnimatingAppWindowTokenRegistry.endDeferringFinished:104 com.android.server.wm.AnimatingAppWindowTokenRegistry.notifyAboutToFinish:77 com.android.server.wm.AppWindowToken.shouldDeferAnimationFinish:2245

11-14 09:29:46.221  4211  4310 D SurfaceControl: reparent is called, sc=Surface(name=AppWindowToken{de8efdb token=Token{ccf50ea ActivityRecord{ea360d5 u0 com.wallapop/com.rewallapop.ui.wall.WallActivity t2158}}})/@0x34a0066, newParentHandle=android.os.BinderProxy@58689b5, transaction=android.view.SurfaceControl$Transaction@46f57fd

11-14 09:29:46.221  4211  4310 D SurfaceControl: destroy(transaction), animation-leash is destroyed, sc=Surface(name=Surface(name=AppWindowToken{de8efdb token=Token{ccf50ea ActivityRecord{ea360d5 u0 com.wallapop/com.rewallapop.ui.wall.WallActivity t2158}}})/@0x34a0066 - animation-leash)/@0xf7d3950, transaction=android.view.SurfaceControl$Transaction@46f57fd, caller=com.android.server.wm.SurfaceAnimator.reset:338 com.android.server.wm.SurfaceAnimator.lambda$getFinishedCallback$0:97 com.android.server.wm.-$$Lambda$SurfaceAnimator$SIBia0mND666K8lMCPsoid8pUTI.run:4 com.android.server.wm.AnimatingAppWindowTokenRegistry.endDeferringFinished:104 com.android.server.wm.AnimatingAppWindowTokenRegistry.notifyAboutToFinish:77 com.android.server.wm.AppWindowToken.shouldDeferAnimationFinish:2245 com.android.server.wm.SurfaceAnimator.lambda$getFinishedCallback$1:103

11-14 09:29:46.221  4211  4310 V WindowManager: Setting visibility of Window{b7c071d u0 com.wallapop/com.rewallapop.ui.wall.WallActivity}: false, caller=com.android.server.wm.WindowContainer.sendAppVisibilityToClients:615 com.android.server.wm.AppWindowToken.setClientHidden:460 com.android.server.wm.AppWindowToken.onAnimationFinished:2383 com.android.server.wm.-$$Lambda$yVRF8YoeNdTa8GR1wDStVsHu8xM.run:2 com.android.server.wm.SurfaceAnimator.lambda$getFinishedCallback$0:100

11-14 09:29:46.222  4211  4310 I WindowManager: reset, Reparenting to original parent, shouldDeferScheduleAnimation=false, destroyLeash=true, surface=Surface(name=AppWindowToken{2e30c31 token=Token{9a570d8 ActivityRecord{56b73bb u0 com.wallapop/com.rewallapop.ui.login.OnboardingActivity t2158}}})/@0x5869b67, parent=Surface(name=Task=2158)/@0x10de3f9, parentNativeHandle=android.os.BinderProxy@58689b5, caller=com.android.server.wm.SurfaceAnimator.lambda$getFinishedCallback$0:97 com.android.server.wm.-$$Lambda$SurfaceAnimator$SIBia0mND666K8lMCPsoid8pUTI.run:4 com.android.server.wm.SurfaceAnimator.lambda$getFinishedCallback$1:104 com.android.server.wm.-$$Lambda$SurfaceAnimator$vdRZk66hQVbQCvVXEaQCT1kVmFc.onAnimationFinished:4 com.android.server.wm.LocalAnimationAdapter.lambda$startAnimation$0:74

11-14 09:29:46.222  4211  4310 D SurfaceControl: reparent is called, sc=Surface(name=AppWindowToken{2e30c31 token=Token{9a570d8 ActivityRecord{56b73bb u0 com.wallapop/com.rewallapop.ui.login.OnboardingActivity t2158}}})/@0x5869b67, newParentHandle=android.os.BinderProxy@58689b5, transaction=android.view.SurfaceControl$Transaction@1d78703

11-14 09:29:46.222  4211  4310 D SurfaceControl: destroy(transaction), animation-leash is destroyed, sc=Surface(name=Surface(name=AppWindowToken{2e30c31 token=Token{9a570d8 ActivityRecord{56b73bb u0 com.wallapop/com.rewallapop.ui.login.OnboardingActivity t2158}}})/@0x5869b67 - animation-leash)/@0x6bbc9bd, transaction=android.view.SurfaceControl$Transaction@1d78703, caller=com.android.server.wm.SurfaceAnimator.reset:338 com.android.server.wm.SurfaceAnimator.lambda$getFinishedCallback$0:97 com.android.server.wm.-$$Lambda$SurfaceAnimator$SIBia0mND666K8lMCPsoid8pUTI.run:4 com.android.server.wm.SurfaceAnimator.lambda$getFinishedCallback$1:104 com.android.server.wm.-$$Lambda$SurfaceAnimator$vdRZk66hQVbQCvVXEaQCT1kVmFc.onAnimationFinished:4 com.android.server.wm.LocalAnimationAdapter.lambda$startAnimation$0:74 com.android.server.wm.-$$Lambda$LocalAnimationAdapter$X--EomqUvw4qy89IeeTFTH7aCMo.run:4

11-14 09:29:46.227  3727  3964 D Layer   : [AppWindowToken{de8efdb token=Token{ccf50ea ActivityRecord{ea360d5 u0 com.wallapop/com.rewallapop.ui.wall.WallActivity t2158}}}#0]::reparent oldParent:[Surface(name=AppWindowToken{de8efdb token=Token{ccf50ea ActivityRecord{ea360d5 u0 com.wallapop/com.rewallapop.ui.wall.WallActivity t2158}}})/@0x34a0066 - animation-leash#0], newParent:[Task=2158#0]

11-14 09:29:46.227  3727  3964 D Layer   : [AppWindowToken{2e30c31 token=Token{9a570d8 ActivityRecord{56b73bb u0 com.wallapop/com.rewallapop.ui.login.OnboardingActivity t2158}}}#0]::reparent oldParent:[Surface(name=AppWindowToken{2e30c31 token=Token{9a570d8 ActivityRecord{56b73bb u0 com.wallapop/com.rewallapop.ui.login.OnboardingActivity t2158}}})/@0x5869b67 - animation-leash#0], newParent:[Task=2158#0]

11-14 09:29:46.227  3727  3964 I SurfaceFlinger: id=25855 Removed Surface(name=AppWindowToken{2e30c31 token=Token{9a570d8 ActivityRecord{56b73bb u0 com.wallapop/com.rewallapop.ui.login.OnboardingActivity t2158}}})/@0x5869b67 - animation-leash#0 (1/65)

11-14 09:29:46.227  3727  3964 I SurfaceFlinger: id=25854 Removed Surface(name=AppWindowToken{de8efdb token=Token{ccf50ea ActivityRecord{ea360d5 u0 com.wallapop/com.rewallapop.ui.wall.WallActivity t2158}}})/@0x34a0066 - animation-leash#0 (0/63)

11-14 09:29:46.237  3727  3727 I Layer   : id=25854 onRemoved Surface(name=AppWindowToken{de8efdb token=Token{ccf50ea ActivityRecord{ea360d5 u0 com.wallapop/com.rewallapop.ui.wall.WallActivity t2158}}})/@0x34a0066 - animation-leash#0

11-14 09:29:46.237  3727  3727 I Layer   : id=25855 onRemoved Surface(name=AppWindowToken{2e30c31 token=Token{9a570d8 ActivityRecord{56b73bb u0 com.wallapop/com.rewallapop.ui.login.OnboardingActivity t2158}}})/@0x5869b67 - animation-leash#0

11-14 09:29:46.243  3727  3727 I SurfaceFlinger:      Device | 0x70dda211c0 | 0002 | RGBA_8888 |   0.0    0.0 1080.0 2220.0 |    0    0 1080 2220 | com.wallapop/com.rewallapop.ui.login.OnboardingActivity[29710]#0

11-14 09:29:46.261  3727  3727 I SurfaceFlinger:      Device | 0x70dda211c0 | 0002 | RGBA_8888 |   0.0    0.0 1080.0 2220.0 |    0    0 1080 2220 | com.wallapop/com.rewallapop.ui.login.OnboardingActivity[29710]#0

11-14 09:29:46.284  3727  3727 I SurfaceFlinger:      Device | 0x70dda211c0 | 0002 | RGBA_8888 |   0.0    0.0 1080.0 2220.0 |    0    0 1080 2220 | com.wallapop/com.rewallapop.ui.login.OnboardingActivity[29710]#0

11-14 09:29:46.656  3727  3964 E BufferQueueProducer: [com.wallapop/com.rewallapop.ui.wall.WallActivity[29710]#0] disconnect: not connected (req=1)

11-14 09:29:46.661  4211  5519 V WindowManager: Relayout Window{b7c071d u0 com.wallapop/com.rewallapop.ui.wall.WallActivity}: viewVisibility=8 req=1080x2220 {(0,0)(fillxfill) sim={adjust=resize} ty=BASE_APPLICATION wanim=0x10302fe

11-14 09:29:46.662  4211  5519 E WindowManager: win=Window{b7c071d u0 com.wallapop/com.rewallapop.ui.wall.WallActivity} destroySurfaces: appStopped=false win.mWindowRemovalAllowed=false win.mRemoveOnExit=false win.mViewVisibility=8 caller=com.android.server.wm.WindowManagerService.tryStartExitingAnimation:2759 com.android.server.wm.WindowManagerService.relayoutWindow:2456 com.android.server.wm.Session.relayoutForTranslate:302 android.view.IWindowSession$Stub.onTransact:518 com.android.server.wm.Session.onTransact:186 android.os.Binder.execTransact:739 <bottom of call stack>

11-14 09:29:46.662  4211  5519 I WindowManager: Destroying surface Surface(name=com.wallapop/com.rewallapop.ui.wall.WallActivity[29710])/@0xf38bdb6 called by com.android.server.wm.WindowStateAnimator.destroySurface:1901 com.android.server.wm.WindowStateAnimator.destroySurfaceLocked:838 com.android.server.wm.WindowState.destroySurfaceUnchecked:3839 com.android.server.wm.WindowState.destroySurface:3820 com.android.server.wm.WindowManagerService.tryStartExitingAnimation:2759 com.android.server.wm.WindowManagerService.relayoutWindow:2456 com.android.server.wm.Session.relayoutForTranslate:302 android.view.IWindowSession$Stub.onTransact:518

11-14 09:29:46.663  3727  3964 I SurfaceFlinger: id=25846 Removed com.wallapop/com.rewallapop.ui.wall.WallActivity[29710]#0 (0/59)

11-14 09:29:46.670  3727  3727 I Layer   : id=25846 onRemoved com.wallapop/com.rewallapop.ui.wall.WallActivity[29710]#0

11-14 09:29:46.939 18995 19018 I Finsky  : [9172] fxs.d(3): com.wallapop: Account determined from installer data - [rJj4Md76H4LxoN-B4dnoZM7XaXDDBcXGlC-caOCi6Uc]

11-14 09:29:46.940 18995 19018 I Finsky  : [9172] fxs.d(14): com.wallapop: Account from preferred account - [rJj4Md76H4LxoN-B4dnoZM7XaXDDBcXGlC-caOCi6Uc]

11-14 09:29:47.006 18995 19018 I Finsky  : [9172] fxs.d(3): com.wallapop: Account determined from installer data - [rJj4Md76H4LxoN-B4dnoZM7XaXDDBcXGlC-caOCi6Uc]

11-14 09:29:47.006 18995 19018 I Finsky  : [9172] fxs.d(14): com.wallapop: Account from preferred account - [rJj4Md76H4LxoN-B4dnoZM7XaXDDBcXGlC-caOCi6Uc]

11-14 09:29:47.054 29710 29721 I com.wallapop: Background concurrent copying GC freed 173710(10MB) AllocSpace objects, 54(3MB) LOS objects, 50% free, 16MB/32MB, paused 462us total 153.209ms

11-14 09:29:47.061 18995 19018 I Finsky  : [9172] fxs.d(3): com.wallapop: Account determined from installer data - [rJj4Md76H4LxoN-B4dnoZM7XaXDDBcXGlC-caOCi6Uc]

11-14 09:29:47.062 18995 19018 I Finsky  : [9172] fxs.d(14): com.wallapop: Account from preferred account - [rJj4Md76H4LxoN-B4dnoZM7XaXDDBcXGlC-caOCi6Uc]

11-14 09:29:47.734 29710 29710 W View    : requestLayout() improperly called by com.wallapop.design.view.WallapopTextView{2570680 V.ED..... ......ID 47,26-47,86 #7f0a0904 app:id/wp__home__tv_bubble} during layout: running second layout pass

11-14 09:29:47.837 18995 19018 I Finsky  : [9172] fxs.d(3): com.wallapop: Account determined from installer data - [rJj4Md76H4LxoN-B4dnoZM7XaXDDBcXGlC-caOCi6Uc]

11-14 09:29:47.838 18995 19018 I Finsky  : [9172] fxs.d(14): com.wallapop: Account from preferred account - [rJj4Md76H4LxoN-B4dnoZM7XaXDDBcXGlC-caOCi6Uc]

11-14 09:29:48.558  4211  4222 V WindowManager: Relayout Window{b7c071d u0 com.wallapop/com.rewallapop.ui.wall.WallActivity}: viewVisibility=8 req=1080x2220 {(0,0)(fillxfill) sim={adjust=pan} ty=BASE_APPLICATION wanim=0x10302fe

11-14 09:29:48.813 29710 29715 I com.wallapop: Compiler allocated 4MB to compile void android.view.ViewRootImpl.performTraversals()

11-14 09:29:48.895 18995 19018 I Finsky  : [9172] fxs.d(3): com.wallapop: Account determined from installer data - [rJj4Md76H4LxoN-B4dnoZM7XaXDDBcXGlC-caOCi6Uc]

11-14 09:29:48.896 18995 19018 I Finsky  : [9172] fxs.d(14): com.wallapop: Account from preferred account - [rJj4Md76H4LxoN-B4dnoZM7XaXDDBcXGlC-caOCi6Uc]

11-14 09:29:48.930 18995 19018 I Finsky  : [9172] fxs.d(3): com.wallapop: Account determined from installer data - [rJj4Md76H4LxoN-B4dnoZM7XaXDDBcXGlC-caOCi6Uc]

11-14 09:29:48.932 18995 19018 I Finsky  : [9172] fxs.d(14): com.wallapop: Account from preferred account - [rJj4Md76H4LxoN-B4dnoZM7XaXDDBcXGlC-caOCi6Uc]

11-14 09:29:49.421  4211  4222 D WifiPermissionsUtil: canAccessScanResults: pkgName = com.wallapop, uid = 10313

11-14 09:29:50.036 29710 30061 D Amazon DTB Ads API: with query params:[?dt=android&app=app&dinfo=%7B%22os%22%3A%22Android%22%2C%22model%22%3A%22SM-A750FN%22%2C%22make%22%3A%22samsung%22%2C%22osVersion%22%3A%229%22%2C%22connectionType%22%3A%2213%22%2C%22country%22%3A%22ES%22%2C%22scalingFactor%22%3A%222.625%22%2C%22carrier%22%3A%22JAZZTEL%22%2C%22language%22%3A%22es%22%2C%22screenSize%22%3A%221080x2094%22%2C%22orientation%22%3A%22portrait%22%7D&oo=0&aud=3p&idfa=bf505ce3-e614-4d9a-a4d7-9c324edc6560&appId=d2ba46e2d5ef4c9883051d9c8d0125d5&sdkVer=aps-android-7.4.3&ua=Dalvik%2F2.1.0%20%28Linux%3B%20U%3B%20Android%209%3B%20SM-A750FN%20Build%2FPPR1.180610.011%29&pkg=%7B%22lbl%22%3A%22_Wallapop_%22%2C%22pn%22%3A%22com.wallapop%22%2C%22v%22%3A%221850000%22%2C%22vn%22%3A%221.85.0-d1910251130%22%7D]

11-14 09:29:50.569 29710 30061 D Amazon DTB Ads API: Error while connecting to remote server: https://s.amazon-adsystem.com/api3/generate_did?dt=android&app=app&dinfo=%7B%22os%22%3A%22Android%22%2C%22model%22%3A%22SM-A750FN%22%2C%22make%22%3A%22samsung%22%2C%22osVersion%22%3A%229%22%2C%22connectionType%22%3A%2213%22%2C%22country%22%3A%22ES%22%2C%22scalingFactor%22%3A%222.625%22%2C%22carrier%22%3A%22JAZZTEL%22%2C%22language%22%3A%22es%22%2C%22screenSize%22%3A%221080x2094%22%2C%22orientation%22%3A%22portrait%22%7D&oo=0&aud=3p&idfa=bf505ce3-e614-4d9a-a4d7-9c324edc6560&appId=d2ba46e2d5ef4c9883051d9c8d0125d5&sdkVer=aps-android-7.4.3&ua=Dalvik%2F2.1.0%20%28Linux%3B%20U%3B%20Android%209%3B%20SM-A750FN%20Build%2FPPR1.180610.011%29&pkg=%7B%22lbl%22%3A%22_Wallapop_%22%2C%22pn%22%3A%22com.wallapop%22%2C%22v%22%3A%221850000%22%2C%22vn%22%3A%221.85.0-d1910251130%22%7D with error:Chain validation failed

11-14 09:29:50.572 29710 30061 E Amazon DTB Ads API: 	at com.wallapop.thirdparty.ads.b.a.a(SourceFile:43)

11-14 09:29:50.572 29710 30061 E Amazon DTB Ads API: 	at com.wallapop.thirdparty.ads.b.a$b$1.invokeSuspend(SourceFile:34)

11-14 09:29:50.572 29710 30061 E Amazon DTB Ads API: 	at com.wallapop.thirdparty.ads.b.a$b$1.invoke(Unknown Source:10)

11-14 09:29:50.572 29710 30061 E Amazon DTB Ads API: 	at com.wallapop.thirdparty.ads.b.a$b.invokeSuspend(SourceFile:33)

11-14 09:29:50.668 29710 29721 I com.wallapop: Background concurrent copying GC freed 184798(10MB) AllocSpace objects, 39(2MB) LOS objects, 50% free, 22MB/44MB, paused 1.342ms total 180.556ms

11-14 09:29:50.780 29710 30236 D Amazon DTB Ads API: with query params:[?dt=android&app=app&dinfo=%7B%22os%22%3A%22Android%22%2C%22model%22%3A%22SM-A750FN%22%2C%22make%22%3A%22samsung%22%2C%22osVersion%22%3A%229%22%2C%22connectionType%22%3A%2213%22%2C%22country%22%3A%22ES%22%2C%22scalingFactor%22%3A%222.625%22%2C%22carrier%22%3A%22JAZZTEL%22%2C%22language%22%3A%22es%22%2C%22screenSize%22%3A%221080x2094%22%2C%22orientation%22%3A%22portrait%22%7D&oo=0&aud=3p&idfa=bf505ce3-e614-4d9a-a4d7-9c324edc6560&appId=d2ba46e2d5ef4c9883051d9c8d0125d5&sdkVer=aps-android-7.4.3&ua=Dalvik%2F2.1.0%20%28Linux%3B%20U%3B%20Android%209%3B%20SM-A750FN%20Build%2FPPR1.180610.011%29&pkg=%7B%22lbl%22%3A%22_Wallapop_%22%2C%22pn%22%3A%22com.wallapop%22%2C%22v%22%3A%221850000%22%2C%22vn%22%3A%221.85.0-d1910251130%22%7D]

11-14 09:29:51.316 29710 30236 D Amazon DTB Ads API: Error while connecting to remote server: https://s.amazon-adsystem.com/api3/generate_did?dt=android&app=app&dinfo=%7B%22os%22%3A%22Android%22%2C%22model%22%3A%22SM-A750FN%22%2C%22make%22%3A%22samsung%22%2C%22osVersion%22%3A%229%22%2C%22connectionType%22%3A%2213%22%2C%22country%22%3A%22ES%22%2C%22scalingFactor%22%3A%222.625%22%2C%22carrier%22%3A%22JAZZTEL%22%2C%22language%22%3A%22es%22%2C%22screenSize%22%3A%221080x2094%22%2C%22orientation%22%3A%22portrait%22%7D&oo=0&aud=3p&idfa=bf505ce3-e614-4d9a-a4d7-9c324edc6560&appId=d2ba46e2d5ef4c9883051d9c8d0125d5&sdkVer=aps-android-7.4.3&ua=Dalvik%2F2.1.0%20%28Linux%3B%20U%3B%20Android%209%3B%20SM-A750FN%20Build%2FPPR1.180610.011%29&pkg=%7B%22lbl%22%3A%22_Wallapop_%22%2C%22pn%22%3A%22com.wallapop%22%2C%22v%22%3A%221850000%22%2C%22vn%22%3A%221.85.0-d1910251130%22%7D with error:Chain validation failed

11-14 09:29:51.417 29710 30236 D Amazon DTB Ads API: with json params:[{"oo":"false","dinfo":{"os":"Android","model":"SM-A750FN","make":"samsung","osVersion":"9","connectionType":"13","country":"ES","scalingFactor":"2.625","carrier":"JAZZTEL","language":"es","screenSize":"1080x2094","orientation":"portrait"},"adsdk":"aps-android-7.4.3","slots":[{"sz":"320x50","slot":"f414d83c-ab9f-4e02-9c59-5137663ee6c7","slotId":1,"supportedMediaTypes":["DISPLAY"]}],"mraid":["1.0","2.0","3.0"],"appId":"d2ba46e2d5ef4c9883051d9c8d0125d5","idfa":"bf505ce3-e614-4d9a-a4d7-9c324edc6560","isDTBMobile":"true","ua":"Dalvik\/2.1.0 (Linux; U; Android 9; SM-A750FN Build\/PPR1.180610.011)","pkg":{"lbl":"_Wallapop_","pn":"com.wallapop","v":"1850000","vn":"1.85.0-d1910251130"},"gdpr":{"e":"1","c":"BAAAAAAOa0ob7AcABBENBtAAAAAh6AAA"}}]

11-14 09:29:52.240 29710 29721 I com.wallapop: Background concurrent copying GC freed 321067(13MB) AllocSpace objects, 126(9MB) LOS objects, 47% free, 26MB/50MB, paused 284us total 187.928ms

11-14 09:29:53.274  3727  3727 I SurfaceFlinger:      Device | 0x70dda211c0 | 0002 | RGBA_8888 |   0.0    0.0 1080.0 2220.0 |    0    0 1080 2220 | com.wallapop/com.rewallapop.ui.login.OnboardingActivity[29710]#0

11-14 09:29:53.312  4211  4360 I clp-JNI : Add pinfo.  (channel) 823cd87 com.wallapop/com.rewallapop.ui.login.OnboardingActivity (server) (pkg) AppWindowToken{2e30c31 token=Token{9a570d8 ActivityRecord{56b73bb u0 com.wallapop/com.rewallapop.ui.login.OnboardingActivity t2158}}} 29710 10313 (action) 1

11-14 09:29:53.337  4211  6757 I ActivityManager: START u0 {act=null typ=null flg=0x0 cmp=ComponentInfo{com.wallapop/com.rewallapop.ui.login.LoginActivity}} from uid 10313

11-14 09:29:53.344  3727  3727 I SurfaceFlinger: id=25858 createSurf (4440x4440),2 flag=4, AppWindowToken{beb2c45 token=Token{5c074bc ActivityRecord{6a48af u0 com.wallapop/com.rewallapop.ui.login.LoginActivity t2158}}}#0

11-14 09:29:53.393  4211  4679 D GamePkgDataHelper: notifyAppCreate(), pkgName: com.wallapop, sendRet: true

11-14 09:29:53.393  4211  4473 D GamePkgDataHelper: getGamePkgData(). com.wallapop

11-14 09:29:53.393  4211  4473 D GameManagerService: handleMessage(), MSG_APP_CREATE. ignore. pkgName: com.wallapop

11-14 09:29:53.394  4211  4679 V WindowManager: Changing focus from Window{823cd87 u0 com.wallapop/com.rewallapop.ui.login.OnboardingActivity} to null Callers=com.android.server.wm.WindowManagerService.setFocusedApp:3136 com.android.server.am.ActivityManagerService.setResumedActivityUncheckLocked:4487 com.android.server.am.ActivityStack.onActivityStateChanged:560 com.android.server.am.TaskRecord.onActivityStateChanged:2186

11-14 09:29:53.395  4211  4242 D WindowManager: reportFocusChangedSerialized, focused=false, inTouchMode=true, win=Window{823cd87 u0 com.wallapop/com.rewallapop.ui.login.OnboardingActivity}

11-14 09:29:53.396  4211  4679 D GameManagerService: noteResumeComponent(), resumeComponent: com.wallapop

11-14 09:29:53.397  4211  4473 D GameManagerService: handleForegroundChange(). pkgName: com.wallapop, clsName: com.rewallapop.ui.login.LoginActivity,FgActivityName:com.wallapop/com.rewallapop.ui.login.LoginActivity

11-14 09:29:53.397  4211  4679 D MARsPolicyManager: onPackageResumedFG pkgName = com.wallapop, userId = 0

11-14 09:29:53.398  4211  4211 D Telecom:SamsungPrebindingServiceImpl: onTopActivityChanged : ComponentInfo{com.wallapop/com.rewallapop.ui.login.LoginActivity}

11-14 09:29:53.482  4211  4222 D SamsungAlarmManager: Cancel Alarm calling from uid:10313 pid :29710 / op:PendingIntent{78c8b66: PendingIntentRecord{349ea7 com.wallapop broadcastIntent}}

11-14 09:29:53.552  3727  3727 I SurfaceFlinger:      Device | 0x70dda211c0 | 0002 | RGBA_8888 |   0.0    0.0 1080.0 2220.0 |    0    0 1080 2220 | com.wallapop/com.rewallapop.ui.login.OnboardingActivity[29710]#0

11-14 09:29:53.674  3727  3727 I SurfaceFlinger: id=25859 createSurf (4440x4440),2 flag=4, 288b0b5 com.wallapop/com.rewallapop.ui.login.LoginActivity#0

11-14 09:29:53.725  4211  6757 V WindowManager: Relayout Window{288b0b5 u0 com.wallapop/com.rewallapop.ui.login.LoginActivity}: viewVisibility=0 req=1080x2220 {(0,0)(fillxfill) sim={adjust=pan forwardNavigation} ty=BASE_APPLICATION wanim=0x10302fe

11-14 09:29:53.730  3727  3727 I SurfaceFlinger: id=25860 createSurf (1080x2220),1 flag=404, com.wallapop/com.rewallapop.ui.login.LoginActivity[29710]#0

11-14 09:29:53.732  4211  6757 D WindowManager: makeSurface duration=2 name=com.wallapop/com.rewallapop.ui.login.LoginActivity[29710]

11-14 09:29:53.732  4211  6757 V WindowManager: Changing focus from null to Window{288b0b5 u0 com.wallapop/com.rewallapop.ui.login.LoginActivity} Callers=com.android.server.wm.WindowManagerService.relayoutWindow:2526 com.android.server.wm.Session.relayoutForTranslate:302 android.view.IWindowSession$Stub.onTransact:518 com.android.server.wm.Session.onTransact:186

11-14 09:29:53.733  4211  4228 D WindowManager: setSystemUiVisibility: vis= 0xa018, fullscreenVis= 0x0, dockedVis= 0x0, win=Window{288b0b5 u0 com.wallapop/com.rewallapop.ui.login.LoginActivity}

11-14 09:29:53.735  4211  4242 D WindowManager: reportFocusChangedSerialized, focused=true, inTouchMode=true, win=Window{288b0b5 u0 com.wallapop/com.rewallapop.ui.login.LoginActivity}

11-14 09:29:53.847  4211  6757 D WindowManager: finishDrawingWindow: Window{288b0b5 u0 com.wallapop/com.rewallapop.ui.login.LoginActivity} mDrawState=DRAW_PENDING

11-14 09:29:53.855  4211  4310 I WindowManager: commitFinishDrawingLocked: mDrawState=READY_TO_SHOW Surface(name=com.wallapop/com.rewallapop.ui.login.LoginActivity[29710])/@0x3078769

11-14 09:29:53.855  4211  4310 V WindowManager: Resize reasons for w=Window{288b0b5 u0 com.wallapop/com.rewallapop.ui.login.LoginActivity}:  contentInsetsChanged=true [0,63][0,126] visibleInsetsChanged=true [0,63][0,126] stableInsetsChanged=false [0,63][0,126] outsetsChanged=false [0,0][0,0] surfaceResized=false configChanged=false dragResizingChanged=false reportOrientationChanged=false displayCutoutChanged=false nextForceRelayoutToClient=false

11-14 09:29:53.857  4211  4310 I WindowManager: Cancelling animation restarting=true, leash=null, surface=Surface(name=AppWindowToken{2e30c31 token=Token{9a570d8 ActivityRecord{56b73bb u0 com.wallapop/com.rewallapop.ui.login.OnboardingActivity t2158}}})/@0x5869b67, parent=Surface(name=Task=2158)/@0x10de3f9

11-14 09:29:53.857  4211  4310 I WindowManager: Reparenting to leash, surface=Surface(name=AppWindowToken{2e30c31 token=Token{9a570d8 ActivityRecord{56b73bb u0 com.wallapop/com.rewallapop.ui.login.OnboardingActivity t2158}}})/@0x5869b67

11-14 09:29:53.858  3727  3727 I SurfaceFlinger: id=25863 createSurf (4440x4440),2 flag=4, Surface(name=AppWindowToken{2e30c31 token=Token{9a570d8 ActivityRecord{56b73bb u0 com.wallapop/com.rewallapop.ui.login.OnboardingActivity t2158}}})/@0x5869b67 - animation-leash#0

11-14 09:29:53.859  4211  4310 D WindowManager: makeSurface duration=2 leash=Surface(name=Surface(name=AppWindowToken{2e30c31 token=Token{9a570d8 ActivityRecord{56b73bb u0 com.wallapop/com.rewallapop.ui.login.OnboardingActivity t2158}}})/@0x5869b67 - animation-leash)/@0xcb280ab

11-14 09:29:53.859  4211  4310 D SurfaceControl: reparent is called, sc=Surface(name=AppWindowToken{2e30c31 token=Token{9a570d8 ActivityRecord{56b73bb u0 com.wallapop/com.rewallapop.ui.login.OnboardingActivity t2158}}})/@0x5869b67, newParentHandle=android.os.BinderProxy@a771308, transaction=android.view.SurfaceControl$Transaction@1d78703

11-14 09:29:53.861  4211  4310 I WindowManager: Cancelling animation restarting=true, leash=null, surface=Surface(name=AppWindowToken{beb2c45 token=Token{5c074bc ActivityRecord{6a48af u0 com.wallapop/com.rewallapop.ui.login.LoginActivity t2158}}})/@0x6d45a23, parent=Surface(name=Task=2158)/@0x10de3f9

11-14 09:29:53.861  4211  4310 I WindowManager: Reparenting to leash, surface=Surface(name=AppWindowToken{beb2c45 token=Token{5c074bc ActivityRecord{6a48af u0 com.wallapop/com.rewallapop.ui.login.LoginActivity t2158}}})/@0x6d45a23

11-14 09:29:53.862  3727  3727 I SurfaceFlinger: id=25864 createSurf (4440x4440),2 flag=4, Surface(name=AppWindowToken{beb2c45 token=Token{5c074bc ActivityRecord{6a48af u0 com.wallapop/com.rewallapop.ui.login.LoginActivity t2158}}})/@0x6d45a23 - animation-leash#0

11-14 09:29:53.863  4211  4310 D WindowManager: makeSurface duration=2 leash=Surface(name=Surface(name=AppWindowToken{beb2c45 token=Token{5c074bc ActivityRecord{6a48af u0 com.wallapop/com.rewallapop.ui.login.LoginActivity t2158}}})/@0x6d45a23 - animation-leash)/@0x5f33b20

11-14 09:29:53.863  4211  4310 D SurfaceControl: reparent is called, sc=Surface(name=AppWindowToken{beb2c45 token=Token{5c074bc ActivityRecord{6a48af u0 com.wallapop/com.rewallapop.ui.login.LoginActivity t2158}}})/@0x6d45a23, newParentHandle=android.os.BinderProxy@f541cd9, transaction=android.view.SurfaceControl$Transaction@70969e

11-14 09:29:53.868  4211  4310 V WindowManager: performShowLocked: mDrawState=HAS_DRAWN in Window{288b0b5 u0 com.wallapop/com.rewallapop.ui.login.LoginActivity}

11-14 09:29:53.870  4211  4228 D WindowManager: setSystemUiVisibility: vis= 0xa018, fullscreenVis= 0x2000, dockedVis= 0x0, win=Window{288b0b5 u0 com.wallapop/com.rewallapop.ui.login.LoginActivity}

11-14 09:29:53.871  3727  3964 D Layer   : [AppWindowToken{beb2c45 token=Token{5c074bc ActivityRecord{6a48af u0 com.wallapop/com.rewallapop.ui.login.LoginActivity t2158}}}#0]::reparent oldParent:[Task=2158#0], newParent:[Surface(name=AppWindowToken{beb2c45 token=Token{5c074bc ActivityRecord{6a48af u0 com.wallapop/com.rewallapop.ui.login.LoginActivity t2158}}})/@0x6d45a23 - animation-leash#0]

11-14 09:29:53.871  3727  3964 D Layer   : [AppWindowToken{2e30c31 token=Token{9a570d8 ActivityRecord{56b73bb u0 com.wallapop/com.rewallapop.ui.login.OnboardingActivity t2158}}}#0]::reparent oldParent:[Task=2158#0], newParent:[Surface(name=AppWindowToken{2e30c31 token=Token{9a570d8 ActivityRecord{56b73bb u0 com.wallapop/com.rewallapop.ui.login.OnboardingActivity t2158}}})/@0x5869b67 - animation-leash#0]

11-14 09:29:53.878  4211  4242 I ActivityManager: Displayed com.wallapop/com.rewallapop.ui.login.LoginActivity: +478ms

11-14 09:29:53.881 29710 29710 V InputMethodManager: Starting input: tba=com.wallapop ic=null mNaviBarColor -1 mIsGetNaviBarColorSuccess true , NavVisible : true , NavTrans : false

11-14 09:29:53.882  4211  4222 V InputMethodManagerService: windowGainedFocus : reason=WINDOW_FOCUS_GAIN client=android.os.BinderProxy@4b381c7 inputContext=null missingMethods= attribute=android.view.inputmethod.EditorInfo@44b7eaa nm = com.wallapop controlFlags=#104 softInputMode=#120 windowFlags=#81810100

11-14 09:29:53.899  4211  6757 V WindowManager: Relayout Window{823cd87 u0 com.wallapop/com.rewallapop.ui.login.OnboardingActivity}: viewVisibility=0 req=1080x2220 {(0,0)(fillxfill) sim={adjust=pan} ty=BASE_APPLICATION wanim=0x10302fe sysuil=true

11-14 09:29:53.909  3727  3727 I SurfaceFlinger:      Device | 0x70dda211c0 | 0002 | RGBA_8888 |   0.0    2.0 1080.0 2220.0 |    0    0 1080 2218 | com.wallapop/com.rewallapop.ui.login.OnboardingActivity[29710]#0

11-14 09:29:53.909  3727  3727 I SurfaceFlinger:      Device | 0x70de033800 | 0002 | RGBA_8888 |   0.0    0.0 1080.0 1701.0 |    0  519 1080 2220 | com.wallapop/com.rewallapop.ui.login.LoginActivity[29710]#0

11-14 09:29:53.928  3727  3727 I SurfaceFlinger:      Device | 0x70dda217c0 | 0002 | RGBA_8888 |   0.0    4.0 1080.0 2220.0 |    0    0 1080 2216 | com.wallapop/com.rewallapop.ui.login.OnboardingActivity[29710]#0

11-14 09:29:53.928  3727  3727 I SurfaceFlinger:      Client | 0x70de033800 | 0002 | RGBA_8888 |   0.0    0.0 1080.0 1723.0 |    0  497 1080 2220 | com.wallapop/com.rewallapop.ui.login.LoginActivity[29710]#0

11-14 09:29:53.936  4211  6757 V WindowManager: Relayout Window{288b0b5 u0 com.wallapop/com.rewallapop.ui.login.LoginActivity}: viewVisibility=0 req=1080x2220 {(0,0)(fillxfill) sim={adjust=pan forwardNavigation} ty=BASE_APPLICATION wanim=0x10302fe

11-14 09:29:54.009  3727  3727 I SurfaceFlinger:      Client | 0x70dda217c0 | 0002 | RGBA_8888 |   0.0   27.0 1080.0 2220.0 |    0    0 1080 2193 | com.wallapop/com.rewallapop.ui.login.OnboardingActivity[29710]#0

11-14 09:29:54.009  3727  3727 I SurfaceFlinger:      Client | 0x70de033500 | 0002 | RGBA_8888 |   0.0    0.0 1080.0 2062.0 |    0  158 1080 2220 | com.wallapop/com.rewallapop.ui.login.LoginActivity[29710]#0

11-14 09:29:54.167  4211  4310 I WindowManager: reset, Reparenting to original parent, shouldDeferScheduleAnimation=true, destroyLeash=true, surface=Surface(name=AppWindowToken{2e30c31 token=Token{9a570d8 ActivityRecord{56b73bb u0 com.wallapop/com.rewallapop.ui.login.OnboardingActivity t2158}}})/@0x5869b67, parent=Surface(name=Task=2158)/@0x10de3f9, parentNativeHandle=android.os.BinderProxy@b6fbc6f, caller=com.android.server.wm.SurfaceAnimator.lambda$getFinishedCallback$0:97 com.android.server.wm.-$$Lambda$SurfaceAnimator$SIBia0mND666K8lMCPsoid8pUTI.run:4 com.android.server.wm.AnimatingAppWindowTokenRegistry.endDeferringFinished:104 com.android.server.wm.AnimatingAppWindowTokenRegistry.notifyAboutToFinish:77 com.android.server.wm.AppWindowToken.shouldDeferAnimationFinish:2245

11-14 09:29:54.167  4211  4310 D SurfaceControl: reparent is called, sc=Surface(name=AppWindowToken{2e30c31 token=Token{9a570d8 ActivityRecord{56b73bb u0 com.wallapop/com.rewallapop.ui.login.OnboardingActivity t2158}}})/@0x5869b67, newParentHandle=android.os.BinderProxy@b6fbc6f, transaction=android.view.SurfaceControl$Transaction@1d78703

11-14 09:29:54.168  4211  4310 D SurfaceControl: destroy(transaction), animation-leash is destroyed, sc=Surface(name=Surface(name=AppWindowToken{2e30c31 token=Token{9a570d8 ActivityRecord{56b73bb u0 com.wallapop/com.rewallapop.ui.login.OnboardingActivity t2158}}})/@0x5869b67 - animation-leash)/@0xcb280ab, transaction=android.view.SurfaceControl$Transaction@1d78703, caller=com.android.server.wm.SurfaceAnimator.reset:338 com.android.server.wm.SurfaceAnimator.lambda$getFinishedCallback$0:97 com.android.server.wm.-$$Lambda$SurfaceAnimator$SIBia0mND666K8lMCPsoid8pUTI.run:4 com.android.server.wm.AnimatingAppWindowTokenRegistry.endDeferringFinished:104 com.android.server.wm.AnimatingAppWindowTokenRegistry.notifyAboutToFinish:77 com.android.server.wm.AppWindowToken.shouldDeferAnimationFinish:2245 com.android.server.wm.SurfaceAnimator.lambda$getFinishedCallback$1:103

