11-14 09:30:10.738  3727  3727 I SurfaceFlinger: id=25879 createSurf (1080x2220),1 flag=404, Splash Screen com.wallapop#0

11-14 09:30:10.740  4211  4310 D WindowManager: makeSurface duration=3 name=Splash Screen com.wallapop

11-14 09:30:10.744  4211  6758 V WindowManager: Resize reasons for w=Window{1c6b38c u0 Splash Screen com.wallapop}:  contentInsetsChanged=false [0,63][0,126] visibleInsetsChanged=false [0,63][0,126] stableInsetsChanged=false [0,63][0,126] outsetsChanged=false [0,0][0,0] surfaceResized=false configChanged=false dragResizingChanged=false reportOrientationChanged=false displayCutoutChanged=false nextForceRelayoutToClient=false

11-14 09:30:10.746  4211  6758 I ActivityManager:   Force finishing activity ActivityRecord{56b73bb u0 com.wallapop/com.rewallapop.ui.login.OnboardingActivity t2158}

11-14 09:30:10.761  4211  6758 V WindowManager: Setting visibility of Window{823cd87 u0 com.wallapop/com.rewallapop.ui.login.OnboardingActivity}: false, caller=com.android.server.wm.WindowContainer.sendAppVisibilityToClients:615 com.android.server.wm.AppWindowToken.setClientHidden:460 com.android.server.wm.AppWindowToken.onAnimationFinished:2383 com.android.server.wm.AppWindowToken.setVisibility:551 com.android.server.wm.WindowSurfacePlacer.handleClosingApps:536

11-14 09:30:10.764  4211  6758 I ActivityManager:   Force finishing activity ActivityRecord{ea360d5 u0 com.wallapop/com.rewallapop.ui.wall.WallActivity t2158 f}

11-14 09:30:10.764  4211  6758 W ActivityManager: Duplicate finish request for ActivityRecord{ea360d5 u0 com.wallapop/com.rewallapop.ui.wall.WallActivity t2158 f}

11-14 09:30:10.765  4211  6758 I ActivityManager:   Force finishing activity ActivityRecord{56b73bb u0 com.wallapop/com.rewallapop.ui.login.OnboardingActivity t2158 f}

11-14 09:30:10.765  4211  6758 W ActivityManager: Duplicate finish request for ActivityRecord{56b73bb u0 com.wallapop/com.rewallapop.ui.login.OnboardingActivity t2158 f}

11-14 09:30:10.777  4211  4211 D Telecom:SamsungPrebindingServiceImpl: onTopActivityChanged : ComponentInfo{com.wallapop/com.rewallapop.ui.login.OnboardingActivity}

11-14 09:30:10.778  4211  4211 D Telecom:SamsungPrebindingServiceImpl: onTopActivityChanged : ComponentInfo{com.wallapop/com.rewallapop.ui.login.OnboardingActivity}

11-14 09:30:10.780  4211  4310 D WindowManager: finishDrawingWindow: Window{1c6b38c u0 Splash Screen com.wallapop} mDrawState=DRAW_PENDING

11-14 09:30:10.787  4211  6757 I WindowManager: commitFinishDrawingLocked: mDrawState=READY_TO_SHOW Surface(name=Splash Screen com.wallapop)/@0x3c148b7

11-14 09:30:10.791  4211  6752 I WindowManager: commitFinishDrawingLocked: mDrawState=READY_TO_SHOW Surface(name=Splash Screen com.wallapop)/@0x3c148b7

11-14 09:30:10.796  4211  4310 V WindowManager: Remove Window{1c6b38c u0 Splash Screen com.wallapop}: mSurfaceController=Surface(name=Splash Screen com.wallapop)/@0x3c148b7 mAnimatingExit=false mRemoveOnExit=false mHasSurface=true surfaceShowing=false isAnimationSet=false app-animation=false mWillReplaceWindow=false inPendingTransaction=false mDisplayFrozen=false callers=com.android.server.wm.WindowState.removeIfPossible:2764 com.android.server.wm.WindowManagerService.removeWindow:1943 com.android.server.wm.Session.remove:268 android.view.ViewRootImpl.dispatchDetachedFromWindow:4565 android.view.ViewRootImpl.doDie:7996 android.view.ViewRootImpl$ViewRootHandler.handleMessage:4987

11-14 09:30:10.797  4211  4310 I WindowManager: Destroying surface Surface(name=Splash Screen com.wallapop)/@0x3c148b7 called by com.android.server.wm.WindowStateAnimator.destroySurface:1901 com.android.server.wm.WindowStateAnimator.destroySurfaceLocked:838 com.android.server.wm.WindowState.removeImmediately:2743 com.android.server.wm.WindowState.removeIfPossible:2893 com.android.server.wm.WindowState.removeIfPossible:2764 com.android.server.wm.WindowManagerService.removeWindow:1943 com.android.server.wm.Session.remove:268 android.view.ViewRootImpl.dispatchDetachedFromWindow:4565

11-14 09:30:10.797  3727  3770 I SurfaceFlinger: id=25879 Removed Splash Screen com.wallapop#0 (0/60)

11-14 09:30:10.800  3727  5386 I SurfaceFlinger: id=25878 Removed 1c6b38c Splash Screen com.wallapop#0 (1/59)

11-14 09:30:10.803  4211  4227 I WindowManager: Cancelling animation restarting=false, leash=null, surface=Surface(name=AppWindowToken{de8efdb token=Token{ccf50ea ActivityRecord{ea360d5 u0 com.wallapop/com.rewallapop.ui.wall.WallActivity t2158}}})/@0x34a0066, parent=Surface(name=Task=2158)/@0x10de3f9

11-14 09:30:10.803  4211  4227 V WindowManager: Remove Window{b7c071d u0 com.wallapop/com.rewallapop.ui.wall.WallActivity}: mSurfaceController=null mAnimatingExit=false mRemoveOnExit=false mHasSurface=false surfaceShowing=false isAnimationSet=false app-animation=false mWillReplaceWindow=false inPendingTransaction=false mDisplayFrozen=false callers=com.android.server.wm.WindowState.removeIfPossible:2764 com.android.server.wm.WindowToken.removeAllWindowsIfPossible:150 com.android.server.wm.AppWindowToken.removeIfPossible:743 com.android.server.wm.AppWindowToken.onRemovedFromDisplay:819 com.android.server.wm.DisplayContent.removeAppToken:1079 com.android.server.wm.AppWindowContainerController.removeContainer:305

11-14 09:30:10.805  3727  5386 I SurfaceFlinger: id=25845 Removed b7c071d com.wallapop/com.rewallapop.ui.wall.WallActivity#0 (0/58)

11-14 09:30:10.807  4211  4360 W InputDispatcher: channel '823cd87 com.wallapop/com.rewallapop.ui.login.OnboardingActivity (server)' ~ Consumer closed input channel or an error occurred.  events=0x9, fd=385

11-14 09:30:10.807 30492 30492 I com.wallapop: Late-enabling -Xcheck:jni

11-14 09:30:10.807  4211  4360 E InputDispatcher: channel '823cd87 com.wallapop/com.rewallapop.ui.login.OnboardingActivity (server)' ~ Channel is unrecoverably broken and will be disposed!

11-14 09:30:10.810  3727  5386 I SurfaceFlinger: id=25807 Removed AppWindowToken{de8efdb token=Token{ccf50ea ActivityRecord{ea360d5 u0 com.wallapop/com.rewallapop.ui.wall.WallActivity t2158}}}#0 (0/57)

11-14 09:30:10.812  3727  3727 I Layer   : id=25807 onRemoved AppWindowToken{de8efdb token=Token{ccf50ea ActivityRecord{ea360d5 u0 com.wallapop/com.rewallapop.ui.wall.WallActivity t2158}}}#0

11-14 09:30:10.812  3727  3727 I Layer   : id=25845 onRemoved b7c071d com.wallapop/com.rewallapop.ui.wall.WallActivity#0

11-14 09:30:10.812  3727  3727 I Layer   : id=25879 onRemoved Splash Screen com.wallapop#0

11-14 09:30:10.812  3727  3727 I Layer   : id=25878 onRemoved 1c6b38c Splash Screen com.wallapop#0

11-14 09:30:10.819  4211  4229 I ActivityManager: Start proc 30492:com.wallapop/u0a313 for activity com.wallapop/com.rewallapop.ui.login.OnboardingActivity

11-14 09:30:10.827  4211  4227 W BroadcastQueue: Background execution not allowed: receiving Intent { act=android.intent.action.PACKAGE_RESTARTED dat=package:com.wallapop flg=0x10 (has extras) } to android/com.kddi.android.CpaNotiReceiver

11-14 09:30:10.842  4211  6753 I WindowManager: WIN DEATH: Window{823cd87 u0 com.wallapop/com.rewallapop.ui.login.OnboardingActivity}

11-14 09:30:10.842  4211  6753 W InputDispatcher: Attempted to unregister already unregistered input channel '823cd87 com.wallapop/com.rewallapop.ui.login.OnboardingActivity (server)'

11-14 09:30:10.846  4211  6753 V WindowManager: Remove Window{823cd87 u0 com.wallapop/com.rewallapop.ui.login.OnboardingActivity}: mSurfaceController=null mAnimatingExit=false mRemoveOnExit=false mHasSurface=false surfaceShowing=false isAnimationSet=false app-animation=false mWillReplaceWindow=false inPendingTransaction=false mDisplayFrozen=false callers=com.android.server.wm.WindowState.access$300:282 com.android.server.wm.WindowState$DeathRecipient.binderDied:3382 android.os.BinderProxy.sendDeathNotice:1211 <bottom of call stack> <bottom of call stack> <bottom of call stack>

11-14 09:30:10.850  3727  5386 I SurfaceFlinger: id=25850 Removed 823cd87 com.wallapop/com.rewallapop.ui.login.OnboardingActivity#0 (0/56)

11-14 09:30:10.861  3727  3727 I Layer   : id=25850 onRemoved 823cd87 com.wallapop/com.rewallapop.ui.login.OnboardingActivity#0

11-14 09:30:10.877 30492 30492 I com.wallapop: report jit thread pid = 30497

11-14 09:30:10.884 23911 23978 D Notification.Badge: updateLauncherIconBadges() item : [IconInfo(title=_Wallapop_ intent=Intent { act=android.intent.action.MAIN cat=[android.intent.category.LAUNCHER] flg=0x10200000 cmp=com.wallapop/.activities.HomeActivity (has extras) } id=162 type=0 container=-102 screen=1 cellX=3 cellY=0 spanX=1 spanY=1 rank=3 hidden=0 dropPos=null user=UserHandle{0} screenType=0)], mShowBadge : [false], item.mBadgeCount : [0]

11-14 09:30:10.924  4211  4211 D SamsungAlarmManager: Remove alarm for next reason : android.intent.action.PACKAGE_RESTARTED : package: com.wallapop

11-14 09:30:10.924  4211  9311 I ActivityManager: DSS on for com.wallapop and scale is 1.0

11-14 09:30:10.929 23911 20468 I AppIconSolution: load=com.wallapop, bg=144-144, dr=126-126, forDefault=true, density=0

11-14 09:30:10.937 23911 23911 D RecommendedView: updateBadgeItems: [IconInfo(title=_Wallapop_ intent=Intent { act=android.intent.action.MAIN cat=[android.intent.category.LAUNCHER] flg=0x10200000 cmp=com.wallapop/.activities.HomeActivity (has extras) } id=162 type=0 container=-102 screen=1 cellX=3 cellY=0 spanX=1 spanY=1 rank=3 hidden=0 dropPos=null user=UserHandle{0} screenType=0)]

11-14 09:30:10.939 23911 20468 I AppIconSolution: load=com.wallapop-contain, bg=166-166, dr=126-126

11-14 09:30:11.030  4211  6758 I ActivityManager: START u0 {act=null typ=null flg=0x10000000 cmp=ComponentInfo{com.wallapop/com.rewallapop.ui.main.MainActivity}} from uid 2000

11-14 09:30:11.034  4211  6758 I ActivityManager: [IOP] sourceDir : /data/app/com.wallapop-N9ua0QKKrjIAApR3SfN52w== in ActivityStacksupervisor

11-14 09:30:11.061  3727  3727 I SurfaceFlinger: id=25885 createSurf (4440x4440),2 flag=4, AppWindowToken{6b368f0 token=Token{8045d33 ActivityRecord{b993ca2 u0 com.wallapop/com.rewallapop.ui.main.MainActivity t2159}}}#0

11-14 09:30:11.087  3727  3727 I SurfaceFlinger: id=25886 createSurf (4440x4440),2 flag=4, db826dd Splash Screen com.wallapop#0

11-14 09:30:11.100  4211  4310 V WindowManager: Relayout Window{db826dd u0 Splash Screen com.wallapop}: viewVisibility=0 req=1080x2220 {(0,0)(fillxfill) sim={adjust=pan} ty=APPLICATION_STARTING fmt=TRANSLUCENT wanim=0x10302fe

11-14 09:30:11.102  4211  5518 D GamePkgDataHelper: notifyAppCreate(), pkgName: com.wallapop, sendRet: true

11-14 09:30:11.103  4211  4473 D GamePkgDataHelper: getGamePkgData(). com.wallapop

11-14 09:30:11.103  4211  4473 D GameManagerService: handleMessage(), MSG_APP_CREATE. ignore. pkgName: com.wallapop

11-14 09:30:11.106  3727  3727 I SurfaceFlinger: id=25887 createSurf (1080x2220),1 flag=4, Splash Screen com.wallapop[30492]#0

11-14 09:30:11.108 30492 30492 I com.wallapop: The ClassLoaderContext is a special shared library.

11-14 09:30:11.108  4211  4310 D WindowManager: makeSurface duration=3 name=Splash Screen com.wallapop[30492]

11-14 09:30:11.115  4211  5518 D GameManagerService: noteResumeComponent(), resumeComponent: com.wallapop

11-14 09:30:11.115  4211  5518 D GamePkgDataHelper: getSosPolicy(). com.wallapop

11-14 09:30:11.115  4211  5518 D GameManagerService: identifyGamePackage. com.wallapop

11-14 09:30:11.116  4211  5518 D GamePkgDataHelper: getGamePkgData(). com.wallapop

11-14 09:30:11.117  4211  5518 D MARsPolicyManager: onPackageResumedFG pkgName = com.wallapop, userId = 0

11-14 09:30:11.120  4211  4211 D Telecom:SamsungPrebindingServiceImpl: onTopActivityChanged : ComponentInfo{com.wallapop/com.rewallapop.ui.main.MainActivity}

11-14 09:30:11.120  4211  6755 D GamePkgDataHelper: getGamePkgDataIncServer(). com.wallapop

11-14 09:30:11.120  4211  4473 D GameManagerService: handleForegroundChange(). pkgName: com.wallapop, clsName: com.rewallapop.ui.main.MainActivity,FgActivityName:com.wallapop/com.rewallapop.ui.main.MainActivity

11-14 09:30:11.120  4211  4473 D GameManagerService:   handleForegroundChange(). set mFgApp: com.wallapop

11-14 09:30:11.121  4211  4473 D GameManagerService: notifyResumePause(). pkg: com.wallapop, type: 4, isMinimized: false, isTunableApp: false

11-14 09:30:11.123  4211  5518 V WindowManager: Resize reasons for w=Window{db826dd u0 Splash Screen com.wallapop}:  contentInsetsChanged=false [0,63][0,126] visibleInsetsChanged=false [0,63][0,126] stableInsetsChanged=false [0,63][0,126] outsetsChanged=false [0,0][0,0] surfaceResized=false configChanged=false dragResizingChanged=false reportOrientationChanged=false displayCutoutChanged=false nextForceRelayoutToClient=false

11-14 09:30:11.132  4211  6755 D GamePkgDataHelper: getSosPolicy(). com.wallapop

11-14 09:30:11.134  4211  4228 D CodecSolution: isMaxAspectPackageEx: com.wallapop : true(2)

11-14 09:30:11.143  4211  5518 D GameManagerService: identifyGamePackage. com.wallapop

11-14 09:30:11.143  4211  5518 D GamePkgDataHelper: getGamePkgData(). com.wallapop

11-14 09:30:11.151  4211  4310 D WindowManager: finishDrawingWindow: Window{db826dd u0 Splash Screen com.wallapop} mDrawState=DRAW_PENDING

11-14 09:30:11.153  4211  6755 D GameManagerService: identifyGamePackage. com.wallapop

11-14 09:30:11.153  4211  6755 D GamePkgDataHelper: getGamePkgData(). com.wallapop

11-14 09:30:11.154  4211  4310 I WindowManager: commitFinishDrawingLocked: mDrawState=READY_TO_SHOW Surface(name=Splash Screen com.wallapop[30492])/@0x2a0cc4c

11-14 09:30:11.160  4211  4310 I WindowManager: Cancelling animation restarting=true, leash=null, surface=Surface(name=AppWindowToken{6b368f0 token=Token{8045d33 ActivityRecord{b993ca2 u0 com.wallapop/com.rewallapop.ui.main.MainActivity t2159}}})/@0xcb50e4e, parent=Surface(name=Task=2159)/@0x1c70b6f

11-14 09:30:11.160  4211  4310 I WindowManager: Reparenting to leash, surface=Surface(name=AppWindowToken{6b368f0 token=Token{8045d33 ActivityRecord{b993ca2 u0 com.wallapop/com.rewallapop.ui.main.MainActivity t2159}}})/@0xcb50e4e

11-14 09:30:11.161  3727  3727 I SurfaceFlinger: id=25889 createSurf (4440x4440),2 flag=4, Surface(name=AppWindowToken{6b368f0 token=Token{8045d33 ActivityRecord{b993ca2 u0 com.wallapop/com.rewallapop.ui.main.MainActivity t2159}}})/@0xcb50e4e - animation-leash#0

11-14 09:30:11.162  4211  4310 D WindowManager: makeSurface duration=2 leash=Surface(name=Surface(name=AppWindowToken{6b368f0 token=Token{8045d33 ActivityRecord{b993ca2 u0 com.wallapop/com.rewallapop.ui.main.MainActivity t2159}}})/@0xcb50e4e - animation-leash)/@0xe15e07c

11-14 09:30:11.163  4211  4310 D SurfaceControl: reparent is called, sc=Surface(name=AppWindowToken{6b368f0 token=Token{8045d33 ActivityRecord{b993ca2 u0 com.wallapop/com.rewallapop.ui.main.MainActivity t2159}}})/@0xcb50e4e, newParentHandle=android.os.BinderProxy@59e8d05, transaction=android.view.SurfaceControl$Transaction@a57c15a

11-14 09:30:11.163  4211  4310 V WindowManager: performShowLocked: mDrawState=HAS_DRAWN in Window{db826dd u0 Splash Screen com.wallapop}

11-14 09:30:11.168  4211  4228 D WindowManager: setSystemUiVisibility: vis= 0xa018, fullscreenVis= 0x2000, dockedVis= 0x0, win=Window{db826dd u0 Splash Screen com.wallapop}

11-14 09:30:11.169  3727  3771 D Layer   : [AppWindowToken{6b368f0 token=Token{8045d33 ActivityRecord{b993ca2 u0 com.wallapop/com.rewallapop.ui.main.MainActivity t2159}}}#0]::reparent oldParent:[Task=2159#0], newParent:[Surface(name=AppWindowToken{6b368f0 token=Token{8045d33 ActivityRecord{b993ca2 u0 com.wallapop/com.rewallapop.ui.main.MainActivity t2159}}})/@0xcb50e4e - animation-leash#0]

11-14 09:30:11.190  4211  4310 D WindowManager: finishDrawingWindow: Window{db826dd u0 Splash Screen com.wallapop} mDrawState=HAS_DRAWN

11-14 09:30:11.263  4211  4669 D MdnieScenarioControlService:  packageName : com.wallapop    className : com.rewallapop.ui.main.MainActivity

11-14 09:30:11.273  3727  3727 I SurfaceFlinger:      Client | 0x70dda211c0 | 0000 | RGBA_8888 |   0.0    0.0 1080.0 2220.0 |   91  186  989 2034 | Splash Screen com.wallapop[30492]#0

11-14 09:30:11.310  3727  3727 I SurfaceFlinger:      Device | 0x70dda211c0 | 0000 | RGBA_8888 |   0.0    0.0 1080.0 2220.0 |   50  103 1030 2117 | Splash Screen com.wallapop[30492]#0

11-14 09:30:11.429  4211  4310 I WindowManager: reset, Reparenting to original parent, shouldDeferScheduleAnimation=false, destroyLeash=true, surface=Surface(name=AppWindowToken{6b368f0 token=Token{8045d33 ActivityRecord{b993ca2 u0 com.wallapop/com.rewallapop.ui.main.MainActivity t2159}}})/@0xcb50e4e, parent=Surface(name=Task=2159)/@0x1c70b6f, parentNativeHandle=android.os.BinderProxy@3409926, caller=com.android.server.wm.SurfaceAnimator.lambda$getFinishedCallback$0:97 com.android.server.wm.-$$Lambda$SurfaceAnimator$SIBia0mND666K8lMCPsoid8pUTI.run:4 com.android.server.wm.SurfaceAnimator.lambda$getFinishedCallback$1:104 com.android.server.wm.-$$Lambda$SurfaceAnimator$vdRZk66hQVbQCvVXEaQCT1kVmFc.onAnimationFinished:4 com.android.server.wm.LocalAnimationAdapter.lambda$startAnimation$0:74

11-14 09:30:11.430  4211  4310 D SurfaceControl: reparent is called, sc=Surface(name=AppWindowToken{6b368f0 token=Token{8045d33 ActivityRecord{b993ca2 u0 com.wallapop/com.rewallapop.ui.main.MainActivity t2159}}})/@0xcb50e4e, newParentHandle=android.os.BinderProxy@3409926, transaction=android.view.SurfaceControl$Transaction@a57c15a

11-14 09:30:11.430  4211  4310 D SurfaceControl: destroy(transaction), animation-leash is destroyed, sc=Surface(name=Surface(name=AppWindowToken{6b368f0 token=Token{8045d33 ActivityRecord{b993ca2 u0 com.wallapop/com.rewallapop.ui.main.MainActivity t2159}}})/@0xcb50e4e - animation-leash)/@0xe15e07c, transaction=android.view.SurfaceControl$Transaction@a57c15a, caller=com.android.server.wm.SurfaceAnimator.reset:338 com.android.server.wm.SurfaceAnimator.lambda$getFinishedCallback$0:97 com.android.server.wm.-$$Lambda$SurfaceAnimator$SIBia0mND666K8lMCPsoid8pUTI.run:4 com.android.server.wm.SurfaceAnimator.lambda$getFinishedCallback$1:104 com.android.server.wm.-$$Lambda$SurfaceAnimator$vdRZk66hQVbQCvVXEaQCT1kVmFc.onAnimationFinished:4 com.android.server.wm.LocalAnimationAdapter.lambda$startAnimation$0:74 com.android.server.wm.-$$Lambda$LocalAnimationAdapter$X--EomqUvw4qy89IeeTFTH7aCMo.run:4

11-14 09:30:11.433  3727  5386 D Layer   : [AppWindowToken{6b368f0 token=Token{8045d33 ActivityRecord{b993ca2 u0 com.wallapop/com.rewallapop.ui.main.MainActivity t2159}}}#0]::reparent oldParent:[Surface(name=AppWindowToken{6b368f0 token=Token{8045d33 ActivityRecord{b993ca2 u0 com.wallapop/com.rewallapop.ui.main.MainActivity t2159}}})/@0xcb50e4e - animation-leash#0], newParent:[Task=2159#0]

11-14 09:30:11.433  3727  5386 I SurfaceFlinger: id=25889 Removed Surface(name=AppWindowToken{6b368f0 token=Token{8045d33 ActivityRecord{b993ca2 u0 com.wallapop/com.rewallapop.ui.main.MainActivity t2159}}})/@0xcb50e4e - animation-leash#0 (0/64)

11-14 09:30:11.446  3727  3727 I Layer   : id=25889 onRemoved Surface(name=AppWindowToken{6b368f0 token=Token{8045d33 ActivityRecord{b993ca2 u0 com.wallapop/com.rewallapop.ui.main.MainActivity t2159}}})/@0xcb50e4e - animation-leash#0

11-14 09:30:11.470  3727  3727 I SurfaceFlinger:      Device | 0x70dda211c0 | 0000 | RGBA_8888 |   0.0    0.0 1080.0 2220.0 |    0    0 1080 2220 | Splash Screen com.wallapop[30492]#0

11-14 09:30:11.774  4211  7608 D GameManagerService: identifyGamePackage. com.wallapop

11-14 09:30:11.774  4211  7608 D GamePkgDataHelper: getGamePkgData(). com.wallapop

11-14 09:30:13.278 30492 30530 W com.wallapop: Unsupported class loader

11-14 09:30:13.284 30492 30530 W com.wallapop: Skipping duplicate class check due to unsupported classloader

11-14 09:30:13.342 30492 30517 I FA      :   adb shell setprop debug.firebase.analytics.app com.wallapop

11-14 09:30:13.348 30492 30530 W com.wallapop: Unsupported class loader

11-14 09:30:13.436 30492 30530 I com.wallapop: Waiting for a blocking GC ClassLinker

11-14 09:30:13.461 30492 30530 I com.wallapop: WaitForGcToComplete blocked ClassLinker on ClassLinker for 25.059ms

11-14 09:30:15.160 30492 30562 I stetho  : Listening on @stetho_com.wallapop_devtools_remote

11-14 09:30:15.321 30492 30568 W com.wallapop: Accessing hidden field Lsun/misc/Unsafe;->theUnsafe:Lsun/misc/Unsafe; (light greylist, reflection)

11-14 09:30:15.453 30492 30570 W com.wallapop: Accessing hidden field Ljava/nio/Buffer;->address:J (light greylist, reflection)

11-14 09:30:15.556 30492 30492 I com.wallapop: The ClassLoaderContext is a special shared library.

11-14 09:30:15.560 30492 30492 I chatty  : uid=10313(com.wallapop) identical 1 line

11-14 09:30:15.565 30492 30492 I com.wallapop: The ClassLoaderContext is a special shared library.

11-14 09:30:15.857 30492 30593 W com.wallapop: Accessing hidden method Landroid/content/Context;->bindServiceAsUser(Landroid/content/Intent;Landroid/content/ServiceConnection;ILandroid/os/Handler;Landroid/os/UserHandle;)Z (light greylist, reflection)

11-14 09:30:15.862  4211  5518 I ApplicationPolicy: isApplicationExternalStorageWhitelisted:com.wallapop user:0

11-14 09:30:15.862  4211  5518 D ActivityManager: package  com.wallapop, user - 0 is SDcard whitelisted

11-14 09:30:15.862  4211  5518 I ApplicationPolicy: isApplicationExternalStorageBlacklisted:com.wallapop user:0

11-14 09:30:15.862  4211  5518 I ApplicationPolicy: isApplicationExternalStorageBlacklisted:com.wallapop user:0

11-14 09:30:15.883  4211  4229 I ActivityManager: Start proc 30596:com.android.chrome:sandboxed_process0/u0i860 for webview_service com.wallapop/org.chromium.content.app.SandboxedProcessService0

11-14 09:30:15.936  4211  5518 I ActivityManager: DSS on for com.wallapop and scale is 1.0

11-14 09:30:15.937  4211  5518 D MultiDisplayManager: init process display: set packageProcessId, displayId=0, same_package_proc=ProcessRecord{b87c314d0 30492:com.wallapop/u0a313}, app=ProcessRecord{bc0a3d4d0 30596:com.android.chrome:sandboxed_process0/u0a313i860}

11-14 09:30:15.977 30492 30492 W com.wallapop: Accessing hidden method Landroid/view/textclassifier/logging/SmartSelectionEventTracker;-><init>(Landroid/content/Context;I)V (light greylist, reflection)

11-14 09:30:15.978 30492 30492 W com.wallapop: Accessing hidden method Landroid/view/textclassifier/logging/SmartSelectionEventTracker;->logEvent(Landroid/view/textclassifier/logging/SmartSelectionEventTracker$SelectionEvent;)V (light greylist, reflection)

11-14 09:30:15.978 30492 30492 W com.wallapop: Accessing hidden method Landroid/view/textclassifier/logging/SmartSelectionEventTracker$SelectionEvent;->selectionStarted(I)Landroid/view/textclassifier/logging/SmartSelectionEventTracker$SelectionEvent; (light greylist, reflection)

11-14 09:30:15.978 30492 30492 W com.wallapop: Accessing hidden method Landroid/view/textclassifier/logging/SmartSelectionEventTracker$SelectionEvent;->selectionModified(II)Landroid/view/textclassifier/logging/SmartSelectionEventTracker$SelectionEvent; (light greylist, reflection)

11-14 09:30:15.978 30492 30492 W com.wallapop: Accessing hidden method Landroid/view/textclassifier/logging/SmartSelectionEventTracker$SelectionEvent;->selectionModified(IILandroid/view/textclassifier/TextClassification;)Landroid/view/textclassifier/logging/SmartSelectionEventTracker$SelectionEvent; (light greylist, reflection)

11-14 09:30:15.978 30492 30492 W com.wallapop: Accessing hidden method Landroid/view/textclassifier/logging/SmartSelectionEventTracker$SelectionEvent;->selectionModified(IILandroid/view/textclassifier/TextSelection;)Landroid/view/textclassifier/logging/SmartSelectionEventTracker$SelectionEvent; (light greylist, reflection)

11-14 09:30:15.978 30492 30492 W com.wallapop: Accessing hidden method Landroid/view/textclassifier/logging/SmartSelectionEventTracker$SelectionEvent;->selectionAction(III)Landroid/view/textclassifier/logging/SmartSelectionEventTracker$SelectionEvent; (light greylist, reflection)

11-14 09:30:15.978 30492 30492 W com.wallapop: Accessing hidden method Landroid/view/textclassifier/logging/SmartSelectionEventTracker$SelectionEvent;->selectionAction(IIILandroid/view/textclassifier/TextClassification;)Landroid/view/textclassifier/logging/SmartSelectionEventTracker$SelectionEvent; (light greylist, reflection)

11-14 09:30:16.035 30492 30607 W com.wallapop: Accessing hidden method Landroid/media/AudioManager;->getOutputLatency(I)I (light greylist, reflection)

11-14 09:30:16.120 30492 30492 W com.wallapop: Accessing hidden method Landroid/app/ActivityThread;->currentPackageName()Ljava/lang/String; (light greylist, reflection)

11-14 09:30:16.587 30492 30662 W com.wallapop: Accessing hidden method Lcom/android/org/conscrypt/OpenSSLSocketImpl;->setAlpnProtocols([B)V (light greylist, reflection)

11-14 09:30:17.013 30492 30662 W com.wallapop: Accessing hidden method Lcom/android/org/conscrypt/OpenSSLSocketImpl;->getAlpnSelectedProtocol()[B (light greylist, reflection)

11-14 09:30:18.528  4211  4679 D SamsungAlarmManager: Cancel Alarm calling from uid:10313 pid :30492 / op:PendingIntent{8bf359c: PendingIntentRecord{ab6b627 com.wallapop broadcastIntent}}

11-14 09:30:18.571 30492 30492 W com.wallapop: Accessing hidden method Landroid/graphics/drawable/Drawable;->getOpticalInsets()Landroid/graphics/Insets; (light greylist, linking)

11-14 09:30:18.571 30492 30492 W com.wallapop: Accessing hidden field Landroid/graphics/Insets;->left:I (light greylist, linking)

11-14 09:30:18.571 30492 30492 W com.wallapop: Accessing hidden field Landroid/graphics/Insets;->right:I (light greylist, linking)

11-14 09:30:18.572 30492 30492 W com.wallapop: Accessing hidden field Landroid/graphics/Insets;->top:I (light greylist, linking)

11-14 09:30:18.572 30492 30492 W com.wallapop: Accessing hidden field Landroid/graphics/Insets;->bottom:I (light greylist, linking)

11-14 09:30:18.761 30492 30504 I com.wallapop: Background concurrent copying GC freed 272674(18MB) AllocSpace objects, 76(6MB) LOS objects, 49% free, 11MB/22MB, paused 280us total 133.256ms

11-14 09:30:19.150 30492 30492 W com.wallapop: Accessing hidden method Landroid/view/View;->computeFitSystemWindows(Landroid/graphics/Rect;Landroid/graphics/Rect;)Z (light greylist, reflection)

11-14 09:30:19.154 30492 30492 W com.wallapop: Accessing hidden method Landroid/view/ViewGroup;->makeOptionalFitsSystemWindows()V (light greylist, reflection)

11-14 09:30:19.184 30492 30492 W com.wallapop: Accessing hidden field Landroid/view/ViewGroup;->mOnHierarchyChangeListener:Landroid/view/ViewGroup$OnHierarchyChangeListener; (light greylist, reflection)

11-14 09:30:19.202  4211  6755 D SamsungAlarmManager: Cancel Alarm calling from uid:10313 pid :30492 / op:PendingIntent{6170307: PendingIntentRecord{9229c34 com.wallapop broadcastIntent}}

11-14 09:30:19.275 30492 30492 I chatty  : uid=10313(com.wallapop) identical 9 lines

11-14 09:30:19.278 30492 30492 I chatty  : uid=10313(com.wallapop) identical 1 line

11-14 09:30:19.278 30492 30492 I chatty  : uid=10313(com.wallapop) identical 1 line

11-14 09:30:19.280 30492 30492 I chatty  : uid=10313(com.wallapop) identical 8 lines

11-14 09:30:19.416  4211  4679 I ActivityManager: START u0 {act=null typ=null flg=0x0 cmp=ComponentInfo{com.wallapop/com.rewallapop.ui.wall.WallActivity}} from uid 10313

11-14 09:30:19.431  3727  3727 I SurfaceFlinger: id=25890 createSurf (4440x4440),2 flag=4, AppWindowToken{e6747a0 token=Token{c96c8a3 ActivityRecord{5ed6fd2 u0 com.wallapop/com.rewallapop.ui.wall.WallActivity t2159}}}#0

11-14 09:30:19.434  4211  4679 D SurfaceControl: reparent is called, sc=Surface(name=db826dd Splash Screen com.wallapop)/@0xf8c6f59, newParentHandle=android.os.BinderProxy@8eb71e, transaction=android.view.SurfaceControl$Transaction@7c34bff

11-14 09:30:19.437  4211  4228 D WindowManager: setSystemUiVisibility: vis= 0xa018, fullscreenVis= 0x2000, dockedVis= 0x0, win=Window{db826dd u0 Splash Screen com.wallapop}

11-14 09:30:19.438  3727  5386 D Layer   : [db826dd Splash Screen com.wallapop#0]::reparent oldParent:[AppWindowToken{6b368f0 token=Token{8045d33 ActivityRecord{b993ca2 u0 com.wallapop/com.rewallapop.ui.main.MainActivity t2159}}}#0], newParent:[AppWindowToken{e6747a0 token=Token{c96c8a3 ActivityRecord{5ed6fd2 u0 com.wallapop/com.rewallapop.ui.wall.WallActivity t2159}}}#0]

11-14 09:30:19.440  4211  4211 D Telecom:SamsungPrebindingServiceImpl: onTopActivityChanged : ComponentInfo{com.wallapop/com.rewallapop.ui.wall.WallActivity}

11-14 09:30:19.565 30492 30746 I com.wallapop: The ClassLoaderContext is a special shared library.

11-14 09:30:19.672  4211  4227 D ApplicationPolicy: isStatusBarNotificationAllowedAsUser: packageName = com.wallapop,userId = 0

11-14 09:30:19.673  4211  4227 D ApplicationPolicy: isStatusBarNotificationAllowedAsUser: packageName = com.wallapop,userId = 0

11-14 09:30:19.711 30492 30492 W com.wallapop: Accessing hidden method Landroid/view/WindowManagerGlobal;->getInstance()Landroid/view/WindowManagerGlobal; (light greylist, reflection)

11-14 09:30:19.711 30492 30492 W com.wallapop: Accessing hidden field Landroid/view/WindowManagerGlobal;->mRoots:Ljava/util/ArrayList; (light greylist, reflection)

11-14 09:30:19.711 30492 30492 W com.wallapop: Accessing hidden field Landroid/view/ViewRootImpl;->mStopped:Z (light greylist, reflection)

11-14 09:30:19.788 23911 23911 D Notification.Badge: [valid] onNotificationPosted : StatusBarNotification(pkg=com.wallapop user=UserHandle{0} id=999 tag=null key=0|com.wallapop|999|null|10313: Notification(channel=wallapop_channel pri=-2 contentView=null vibrate=null sound=null defaults=0x0 flags=0x62 color=0x00000000 vis=PRIVATE semFlags=0x0 semPriority=0 semMissedCount=0))

11-14 09:30:19.788 23911 23911 D Notification.Badge: notificationKey : 0|com.wallapop|999|null|10313, count : 0, this.count : 1

11-14 09:30:19.788 23911 23978 D Notification.Badge: LauncherModel:onNotificationPosted() : com.wallapop, count : [0], shouldBeFilteredOut : [false]

11-14 09:30:19.788 23911 23978 D Notification.Badge: notificationKey : 0|com.wallapop|999|null|10313, count : 1, mTotalCount : 1

11-14 09:30:19.791 23911 23978 D Notification.Badge: updateLauncherIconBadges() item : [IconInfo(title=_Wallapop_ intent=Intent { act=android.intent.action.MAIN cat=[android.intent.category.LAUNCHER] flg=0x10200000 cmp=com.wallapop/.activities.HomeActivity (has extras) } id=162 type=0 container=-102 screen=1 cellX=3 cellY=0 spanX=1 spanY=1 rank=3 hidden=0 dropPos=null user=UserHandle{0} screenType=0)], mShowBadge : [true], item.mBadgeCount : [1]

11-14 09:30:19.802 23911 23911 D RecommendedView: updateBadgeItems: [IconInfo(title=_Wallapop_ intent=Intent { act=android.intent.action.MAIN cat=[android.intent.category.LAUNCHER] flg=0x10200000 cmp=com.wallapop/.activities.HomeActivity (has extras) } id=162 type=0 container=-102 screen=1 cellX=3 cellY=0 spanX=1 spanY=1 rank=3 hidden=0 dropPos=null user=UserHandle{0} screenType=0)]

11-14 09:30:19.897  4211  4679 D GamePkgDataHelper: notifyAppCreate(), pkgName: com.wallapop, sendRet: true

11-14 09:30:19.897  4211  4473 D GamePkgDataHelper: getGamePkgData(). com.wallapop

11-14 09:30:19.897  4211  4473 D GameManagerService: handleMessage(), MSG_APP_CREATE. ignore. pkgName: com.wallapop

11-14 09:30:19.900  4211  4679 D GameManagerService: noteResumeComponent(), resumeComponent: com.wallapop

11-14 09:30:19.901  4211  4679 D MARsPolicyManager: onPackageResumedFG pkgName = com.wallapop, userId = 0

11-14 09:30:19.901  4211  4473 D GameManagerService: handleForegroundChange(). pkgName: com.wallapop, clsName: com.rewallapop.ui.wall.WallActivity,FgActivityName:com.wallapop/com.rewallapop.ui.wall.WallActivity

11-14 09:30:19.903  4211  4211 D Telecom:SamsungPrebindingServiceImpl: onTopActivityChanged : ComponentInfo{com.wallapop/com.rewallapop.ui.wall.WallActivity}

11-14 09:30:19.907  4211  4679 I WindowManager: Cancelling animation restarting=true, leash=null, surface=Surface(name=AppWindowToken{6b368f0 token=Token{8045d33 ActivityRecord{b993ca2 u0 com.wallapop/com.rewallapop.ui.main.MainActivity t2159}}})/@0xcb50e4e, parent=Surface(name=Task=2159)/@0x1c70b6f

11-14 09:30:19.907  4211  4679 I WindowManager: Reparenting to leash, surface=Surface(name=AppWindowToken{6b368f0 token=Token{8045d33 ActivityRecord{b993ca2 u0 com.wallapop/com.rewallapop.ui.main.MainActivity t2159}}})/@0xcb50e4e

11-14 09:30:19.910  3727  3727 I SurfaceFlinger: id=25891 createSurf (4440x4440),2 flag=4, Surface(name=AppWindowToken{6b368f0 token=Token{8045d33 ActivityRecord{b993ca2 u0 com.wallapop/com.rewallapop.ui.main.MainActivity t2159}}})/@0xcb50e4e - animation-leash#0

11-14 09:30:19.912  4211  4679 D WindowManager: makeSurface duration=5 leash=Surface(name=Surface(name=AppWindowToken{6b368f0 token=Token{8045d33 ActivityRecord{b993ca2 u0 com.wallapop/com.rewallapop.ui.main.MainActivity t2159}}})/@0xcb50e4e - animation-leash)/@0xbe7c085

11-14 09:30:19.912  4211  4679 D SurfaceControl: reparent is called, sc=Surface(name=AppWindowToken{6b368f0 token=Token{8045d33 ActivityRecord{b993ca2 u0 com.wallapop/com.rewallapop.ui.main.MainActivity t2159}}})/@0xcb50e4e, newParentHandle=android.os.BinderProxy@a33aeda, transaction=android.view.SurfaceControl$Transaction@a57c15a

11-14 09:30:19.915  3727  5386 D Layer   : [AppWindowToken{6b368f0 token=Token{8045d33 ActivityRecord{b993ca2 u0 com.wallapop/com.rewallapop.ui.main.MainActivity t2159}}}#0]::reparent oldParent:[Task=2159#0], newParent:[Surface(name=AppWindowToken{6b368f0 token=Token{8045d33 ActivityRecord{b993ca2 u0 com.wallapop/com.rewallapop.ui.main.MainActivity t2159}}})/@0xcb50e4e - animation-leash#0]

11-14 09:30:19.960 30492 30560 W com.wallapop: Accessing hidden method Ldalvik/system/VMRuntime;->getRuntime()Ldalvik/system/VMRuntime; (light greylist, reflection)

11-14 09:30:19.961 30492 30560 W com.wallapop: Accessing hidden method Ldalvik/system/VMRuntime;->vmInstructionSet()Ljava/lang/String; (light greylist, reflection)

11-14 09:30:19.981 18995 19013 I Finsky  : [9170] fxs.d(3): com.wallapop: Account determined from installer data - [rJj4Md76H4LxoN-B4dnoZM7XaXDDBcXGlC-caOCi6Uc]

11-14 09:30:19.982 18995 19013 I Finsky  : [9170] fxs.d(14): com.wallapop: Account from preferred account - [rJj4Md76H4LxoN-B4dnoZM7XaXDDBcXGlC-caOCi6Uc]

11-14 09:30:19.985 18995 19013 I Finsky  : [9170] fxs.d(3): com.wallapop: Account determined from installer data - [rJj4Md76H4LxoN-B4dnoZM7XaXDDBcXGlC-caOCi6Uc]

11-14 09:30:19.986 18995 19013 I Finsky  : [9170] fxs.d(14): com.wallapop: Account from preferred account - [rJj4Md76H4LxoN-B4dnoZM7XaXDDBcXGlC-caOCi6Uc]

11-14 09:30:19.990 18995 19013 I Finsky  : [9170] fxs.d(3): com.wallapop: Account determined from installer data - [rJj4Md76H4LxoN-B4dnoZM7XaXDDBcXGlC-caOCi6Uc]

11-14 09:30:19.990 18995 19013 I Finsky  : [9170] fxs.d(14): com.wallapop: Account from preferred account - [rJj4Md76H4LxoN-B4dnoZM7XaXDDBcXGlC-caOCi6Uc]

11-14 09:30:19.993 18995 19013 I Finsky  : [9170] fxs.d(3): com.wallapop: Account determined from installer data - [rJj4Md76H4LxoN-B4dnoZM7XaXDDBcXGlC-caOCi6Uc]

11-14 09:30:19.993 18995 19013 I Finsky  : [9170] fxs.d(14): com.wallapop: Account from preferred account - [rJj4Md76H4LxoN-B4dnoZM7XaXDDBcXGlC-caOCi6Uc]

11-14 09:30:20.057 30492 30504 I com.wallapop: Background concurrent copying GC freed 134029(8MB) AllocSpace objects, 38(1656KB) LOS objects, 50% free, 17MB/35MB, paused 319us total 332.574ms

11-14 09:30:20.212  4211  4310 I WindowManager: reset, Reparenting to original parent, shouldDeferScheduleAnimation=false, destroyLeash=true, surface=Surface(name=AppWindowToken{6b368f0 token=Token{8045d33 ActivityRecord{b993ca2 u0 com.wallapop/com.rewallapop.ui.main.MainActivity t2159}}})/@0xcb50e4e, parent=Surface(name=Task=2159)/@0x1c70b6f, parentNativeHandle=android.os.BinderProxy@3409926, caller=com.android.server.wm.SurfaceAnimator.lambda$getFinishedCallback$0:97 com.android.server.wm.-$$Lambda$SurfaceAnimator$SIBia0mND666K8lMCPsoid8pUTI.run:4 com.android.server.wm.SurfaceAnimator.lambda$getFinishedCallback$1:104 com.android.server.wm.-$$Lambda$SurfaceAnimator$vdRZk66hQVbQCvVXEaQCT1kVmFc.onAnimationFinished:4 com.android.server.wm.LocalAnimationAdapter.lambda$startAnimation$0:74

11-14 09:30:20.212  4211  4310 D SurfaceControl: reparent is called, sc=Surface(name=AppWindowToken{6b368f0 token=Token{8045d33 ActivityRecord{b993ca2 u0 com.wallapop/com.rewallapop.ui.main.MainActivity t2159}}})/@0xcb50e4e, newParentHandle=android.os.BinderProxy@3409926, transaction=android.view.SurfaceControl$Transaction@a57c15a

11-14 09:30:20.212  4211  4310 D SurfaceControl: destroy(transaction), animation-leash is destroyed, sc=Surface(name=Surface(name=AppWindowToken{6b368f0 token=Token{8045d33 ActivityRecord{b993ca2 u0 com.wallapop/com.rewallapop.ui.main.MainActivity t2159}}})/@0xcb50e4e - animation-leash)/@0xbe7c085, transaction=android.view.SurfaceControl$Transaction@a57c15a, caller=com.android.server.wm.SurfaceAnimator.reset:338 com.android.server.wm.SurfaceAnimator.lambda$getFinishedCallback$0:97 com.android.server.wm.-$$Lambda$SurfaceAnimator$SIBia0mND666K8lMCPsoid8pUTI.run:4 com.android.server.wm.SurfaceAnimator.lambda$getFinishedCallback$1:104 com.android.server.wm.-$$Lambda$SurfaceAnimator$vdRZk66hQVbQCvVXEaQCT1kVmFc.onAnimationFinished:4 com.android.server.wm.LocalAnimationAdapter.lambda$startAnimation$0:74 com.android.server.wm.-$$Lambda$LocalAnimationAdapter$X--EomqUvw4qy89IeeTFTH7aCMo.run:4

11-14 09:30:20.229  3727  3770 D Layer   : [AppWindowToken{6b368f0 token=Token{8045d33 ActivityRecord{b993ca2 u0 com.wallapop/com.rewallapop.ui.main.MainActivity t2159}}}#0]::reparent oldParent:[Surface(name=AppWindowToken{6b368f0 token=Token{8045d33 ActivityRecord{b993ca2 u0 com.wallapop/com.rewallapop.ui.main.MainActivity t2159}}})/@0xcb50e4e - animation-leash#0], newParent:[Task=2159#0]

11-14 09:30:20.229  3727  3770 I SurfaceFlinger: id=25891 Removed Surface(name=AppWindowToken{6b368f0 token=Token{8045d33 ActivityRecord{b993ca2 u0 com.wallapop/com.rewallapop.ui.main.MainActivity t2159}}})/@0xcb50e4e - animation-leash#0 (0/63)

11-14 09:30:20.244  3727  3727 I Layer   : id=25891 onRemoved Surface(name=AppWindowToken{6b368f0 token=Token{8045d33 ActivityRecord{b993ca2 u0 com.wallapop/com.rewallapop.ui.main.MainActivity t2159}}})/@0xcb50e4e - animation-leash#0

11-14 09:30:20.272  4211  6753 D SamsungAlarmManager: Cancel Alarm calling from uid:10313 pid :30492 / op:PendingIntent{21d5483: PendingIntentRecord{9229c34 com.wallapop broadcastIntent}}

11-14 09:30:20.424 30492 30492 W com.wallapop: Accessing hidden method Landroid/widget/TextView;->getTextDirectionHeuristic()Landroid/text/TextDirectionHeuristic; (light greylist, linking)

11-14 09:30:20.430 30492 30492 W com.wallapop: Accessing hidden method Landroid/graphics/FontFamily;-><init>()V (light greylist, reflection)

11-14 09:30:20.430 30492 30492 W com.wallapop: Accessing hidden method Landroid/graphics/FontFamily;->addFontFromAssetManager(Landroid/content/res/AssetManager;Ljava/lang/String;IZIII[Landroid/graphics/fonts/FontVariationAxis;)Z (light greylist, reflection)

11-14 09:30:20.430 30492 30492 W com.wallapop: Accessing hidden method Landroid/graphics/FontFamily;->addFontFromBuffer(Ljava/nio/ByteBuffer;I[Landroid/graphics/fonts/FontVariationAxis;II)Z (light greylist, reflection)

11-14 09:30:20.430 30492 30492 W com.wallapop: Accessing hidden method Landroid/graphics/FontFamily;->freeze()Z (light greylist, reflection)

11-14 09:30:20.430 30492 30492 W com.wallapop: Accessing hidden method Landroid/graphics/FontFamily;->abortCreation()V (light greylist, reflection)

11-14 09:30:20.430 30492 30492 W com.wallapop: Accessing hidden method Landroid/graphics/Typeface;->createFromFamiliesWithDefault([Landroid/graphics/FontFamily;Ljava/lang/String;II)Landroid/graphics/Typeface; (light greylist, reflection)

11-14 09:30:21.140 30492 30497 I com.wallapop: Compiler allocated 4MB to compile void android.widget.TextView.<init>(android.content.Context, android.util.AttributeSet, int, int)

11-14 09:30:21.334  3727  3727 I SurfaceFlinger: id=25892 createSurf (4440x4440),2 flag=4, 101a806 com.wallapop/com.rewallapop.ui.wall.WallActivity#0

11-14 09:30:21.381 18995 19013 I Finsky  : [9170] fxs.d(3): com.wallapop: Account determined from installer data - [rJj4Md76H4LxoN-B4dnoZM7XaXDDBcXGlC-caOCi6Uc]

11-14 09:30:21.382 18995 19013 I Finsky  : [9170] fxs.d(14): com.wallapop: Account from preferred account - [rJj4Md76H4LxoN-B4dnoZM7XaXDDBcXGlC-caOCi6Uc]

11-14 09:30:21.423  4211  5239 D ActivityManagerPerformance: Received MSG_DISABLE_ACT_START, r: ActivityRecord{5ed6fd2 u0 com.wallapop/com.rewallapop.ui.wall.WallActivity t2159}

11-14 09:30:21.466 18995 19013 I Finsky  : [9170] fxs.d(3): com.wallapop: Account determined from installer data - [rJj4Md76H4LxoN-B4dnoZM7XaXDDBcXGlC-caOCi6Uc]

11-14 09:30:21.466 18995 19013 I Finsky  : [9170] fxs.d(14): com.wallapop: Account from preferred account - [rJj4Md76H4LxoN-B4dnoZM7XaXDDBcXGlC-caOCi6Uc]

11-14 09:30:21.517 18995 19013 I Finsky  : [9170] fxs.d(3): com.wallapop: Account determined from installer data - [rJj4Md76H4LxoN-B4dnoZM7XaXDDBcXGlC-caOCi6Uc]

11-14 09:30:21.517 18995 19013 I Finsky  : [9170] fxs.d(14): com.wallapop: Account from preferred account - [rJj4Md76H4LxoN-B4dnoZM7XaXDDBcXGlC-caOCi6Uc]

11-14 09:30:21.566 18995 19013 I Finsky  : [9170] fxs.d(3): com.wallapop: Account determined from installer data - [rJj4Md76H4LxoN-B4dnoZM7XaXDDBcXGlC-caOCi6Uc]

11-14 09:30:21.566 18995 19013 I Finsky  : [9170] fxs.d(14): com.wallapop: Account from preferred account - [rJj4Md76H4LxoN-B4dnoZM7XaXDDBcXGlC-caOCi6Uc]

11-14 09:30:21.580 30492 30732 I com.wallapop: The ClassLoaderContext is a special shared library.

11-14 09:30:21.878  4211  6753 V WindowManager: Relayout Window{101a806 u0 com.wallapop/com.rewallapop.ui.wall.WallActivity}: viewVisibility=0 req=1080x2220 {(0,0)(fillxfill) sim={adjust=resize forwardNavigation} ty=BASE_APPLICATION wanim=0x10302fe

11-14 09:30:21.881  3727  3727 I SurfaceFlinger: id=25893 createSurf (1080x2220),1 flag=404, com.wallapop/com.rewallapop.ui.wall.WallActivity[30492]#0

11-14 09:30:21.883  4211  6753 D WindowManager: makeSurface duration=3 name=com.wallapop/com.rewallapop.ui.wall.WallActivity[30492]

11-14 09:30:21.883  4211  6753 V WindowManager: Changing focus from null to Window{101a806 u0 com.wallapop/com.rewallapop.ui.wall.WallActivity} Callers=com.android.server.wm.WindowManagerService.relayoutWindow:2526 com.android.server.wm.Session.relayoutForTranslate:302 android.view.IWindowSession$Stub.onTransact:518 com.android.server.wm.Session.onTransact:186

11-14 09:30:21.884  4211  4228 D WindowManager: setSystemUiVisibility: vis= 0xa518, fullscreenVis= 0x2000, dockedVis= 0x0, win=Window{101a806 u0 com.wallapop/com.rewallapop.ui.wall.WallActivity}

11-14 09:30:21.887  4211  4242 D WindowManager: reportFocusChangedSerialized, focused=true, inTouchMode=true, win=Window{101a806 u0 com.wallapop/com.rewallapop.ui.wall.WallActivity}

11-14 09:30:22.018 18995 19018 I Finsky  : [9172] fxs.d(3): com.wallapop: Account determined from installer data - [rJj4Md76H4LxoN-B4dnoZM7XaXDDBcXGlC-caOCi6Uc]

11-14 09:30:22.019 18995 19018 I Finsky  : [9172] fxs.d(14): com.wallapop: Account from preferred account - [rJj4Md76H4LxoN-B4dnoZM7XaXDDBcXGlC-caOCi6Uc]

11-14 09:30:22.108  4211  6753 D WindowManager: finishDrawingWindow: Window{101a806 u0 com.wallapop/com.rewallapop.ui.wall.WallActivity} mDrawState=DRAW_PENDING

11-14 09:30:22.112  4211  4310 I WindowManager: commitFinishDrawingLocked: mDrawState=READY_TO_SHOW Surface(name=com.wallapop/com.rewallapop.ui.wall.WallActivity[30492])/@0x94ed590

11-14 09:30:22.112  4211  4310 V WindowManager: Resize reasons for w=Window{101a806 u0 com.wallapop/com.rewallapop.ui.wall.WallActivity}:  contentInsetsChanged=false [0,63][0,126] visibleInsetsChanged=false [0,63][0,126] stableInsetsChanged=false [0,63][0,126] outsetsChanged=false [0,0][0,0] surfaceResized=false configChanged=false dragResizingChanged=false reportOrientationChanged=false displayCutoutChanged=false nextForceRelayoutToClient=false

11-14 09:30:22.117  4211  4310 I WindowManager: commitFinishDrawingLocked: mDrawState=READY_TO_SHOW Surface(name=com.wallapop/com.rewallapop.ui.wall.WallActivity[30492])/@0x94ed590

11-14 09:30:22.117  4211  4310 I WindowManager: Cancelling animation restarting=false, leash=null, surface=Surface(name=101a806 com.wallapop/com.rewallapop.ui.wall.WallActivity)/@0x1f3babc, parent=Surface(name=AppWindowToken{e6747a0 token=Token{c96c8a3 ActivityRecord{5ed6fd2 u0 com.wallapop/com.rewallapop.ui.wall.WallActivity t2159}}})/@0x113fa45

11-14 09:30:22.117  4211  4310 V WindowManager: performShowLocked: mDrawState=HAS_DRAWN in Window{101a806 u0 com.wallapop/com.rewallapop.ui.wall.WallActivity}

11-14 09:30:22.127  4211  4310 V WindowManager: Remove Window{db826dd u0 Splash Screen com.wallapop}: mSurfaceController=Surface(name=Splash Screen com.wallapop[30492])/@0x2a0cc4c mAnimatingExit=false mRemoveOnExit=false mHasSurface=true surfaceShowing=true isAnimationSet=false app-animation=false mWillReplaceWindow=false inPendingTransaction=false mDisplayFrozen=false callers=com.android.server.wm.WindowState.removeIfPossible:2764 com.android.server.wm.WindowManagerService.removeWindow:1943 com.android.server.wm.Session.remove:268 android.view.ViewRootImpl.dispatchDetachedFromWindow:4565 android.view.ViewRootImpl.doDie:7996 android.view.ViewRootImpl$ViewRootHandler.handleMessage:4987

11-14 09:30:22.127  4211  4310 I WindowManager: Cancelling animation restarting=true, leash=null, surface=Surface(name=db826dd Splash Screen com.wallapop)/@0xf8c6f59, parent=Surface(name=AppWindowToken{e6747a0 token=Token{c96c8a3 ActivityRecord{5ed6fd2 u0 com.wallapop/com.rewallapop.ui.wall.WallActivity t2159}}})/@0x113fa45

11-14 09:30:22.128  4211  4310 I WindowManager: Reparenting to leash, surface=Surface(name=db826dd Splash Screen com.wallapop)/@0xf8c6f59

11-14 09:30:22.129  3727  3727 I SurfaceFlinger: id=25894 createSurf (4440x4440),2 flag=4, Surface(name=db826dd Splash Screen com.wallapop)/@0xf8c6f59 - animation-leash#0

11-14 09:30:22.131  4211  4310 D WindowManager: makeSurface duration=3 leash=Surface(name=Surface(name=db826dd Splash Screen com.wallapop)/@0xf8c6f59 - animation-leash)/@0x3453ecb

11-14 09:30:22.131  4211  4310 D SurfaceControl: reparent is called, sc=Surface(name=db826dd Splash Screen com.wallapop)/@0xf8c6f59, newParentHandle=android.os.BinderProxy@99fc6a8, transaction=android.view.SurfaceControl$Transaction@7c34bff

11-14 09:30:22.141  3727  3727 I SurfaceFlinger:      Device | 0x70dda21e80 | 0002 | RGBA_8888 |   0.0    0.0 1080.0 2220.0 |    0    0 1080 2220 | com.wallapop/com.rewallapop.ui.wall.WallActivity[30492]#0

11-14 09:30:22.141  3727  3727 I SurfaceFlinger:      Device | 0x70dda211c0 | 0000 | RGBA_8888 |   0.0    0.0 1080.0 2220.0 |    0    0 1080 2220 | Splash Screen com.wallapop[30492]#0

11-14 09:30:22.144  3727  5386 D Layer   : [db826dd Splash Screen com.wallapop#0]::reparent oldParent:[AppWindowToken{e6747a0 token=Token{c96c8a3 ActivityRecord{5ed6fd2 u0 com.wallapop/com.rewallapop.ui.wall.WallActivity t2159}}}#0], newParent:[Surface(name=db826dd Splash Screen com.wallapop)/@0xf8c6f59 - animation-leash#0]

11-14 09:30:22.149  4211  4242 I ActivityManager: Displayed com.wallapop/com.rewallapop.ui.wall.WallActivity: +2s225ms (total +11s375ms)

11-14 09:30:22.298  4211  4310 I WindowManager: reset, Reparenting to original parent, shouldDeferScheduleAnimation=false, destroyLeash=true, surface=Surface(name=db826dd Splash Screen com.wallapop)/@0xf8c6f59, parent=Surface(name=AppWindowToken{e6747a0 token=Token{c96c8a3 ActivityRecord{5ed6fd2 u0 com.wallapop/com.rewallapop.ui.wall.WallActivity t2159}}})/@0x113fa45, parentNativeHandle=android.os.BinderProxy@8eb71e, caller=com.android.server.wm.SurfaceAnimator.lambda$getFinishedCallback$0:97 com.android.server.wm.-$$Lambda$SurfaceAnimator$SIBia0mND666K8lMCPsoid8pUTI.run:4 com.android.server.wm.SurfaceAnimator.lambda$getFinishedCallback$1:104 com.android.server.wm.-$$Lambda$SurfaceAnimator$vdRZk66hQVbQCvVXEaQCT1kVmFc.onAnimationFinished:4 com.android.server.wm.LocalAnimationAdapter.lambda$startAnimation$0:74

11-14 09:30:22.298  4211  4310 D SurfaceControl: reparent is called, sc=Surface(name=db826dd Splash Screen com.wallapop)/@0xf8c6f59, newParentHandle=android.os.BinderProxy@8eb71e, transaction=android.view.SurfaceControl$Transaction@7c34bff

11-14 09:30:22.301  4211  4310 D SurfaceControl: destroy(transaction), animation-leash is destroyed, sc=Surface(name=Surface(name=db826dd Splash Screen com.wallapop)/@0xf8c6f59 - animation-leash)/@0x3453ecb, transaction=android.view.SurfaceControl$Transaction@7c34bff, caller=com.android.server.wm.SurfaceAnimator.reset:338 com.android.server.wm.SurfaceAnimator.lambda$getFinishedCallback$0:97 com.android.server.wm.-$$Lambda$SurfaceAnimator$SIBia0mND666K8lMCPsoid8pUTI.run:4 com.android.server.wm.SurfaceAnimator.lambda$getFinishedCallback$1:104 com.android.server.wm.-$$Lambda$SurfaceAnimator$vdRZk66hQVbQCvVXEaQCT1kVmFc.onAnimationFinished:4 com.android.server.wm.LocalAnimationAdapter.lambda$startAnimation$0:74 com.android.server.wm.-$$Lambda$LocalAnimationAdapter$X--EomqUvw4qy89IeeTFTH7aCMo.run:4

11-14 09:30:22.302  4211  4310 E WindowManager: win=Window{db826dd u0 Splash Screen com.wallapop EXITING} destroySurfaces: appStopped=false win.mWindowRemovalAllowed=true win.mRemoveOnExit=true win.mViewVisibility=0 caller=com.android.server.wm.AppWindowToken.destroySurfaces:870 com.android.server.wm.AppWindowToken.destroySurfaces:851 com.android.server.wm.WindowState.onExitAnimationDone:5436 com.android.server.wm.WindowStateAnimator.onAnimationFinished:319 com.android.server.wm.WindowState.onAnimationFinished:5858 com.android.server.wm.-$$Lambda$yVRF8YoeNdTa8GR1wDStVsHu8xM.run:2 com.android.server.wm.SurfaceAnimator.lambda$getFinishedCallback$0:100

