11-14 09:30:22.302  4211  4310 I WindowManager: Destroying surface Surface(name=Splash Screen com.wallapop[30492])/@0x2a0cc4c called by com.android.server.wm.WindowStateAnimator.destroySurface:1901 com.android.server.wm.WindowStateAnimator.destroySurfaceLocked:838 com.android.server.wm.WindowState.destroySurfaceUnchecked:3839 com.android.server.wm.WindowState.destroySurface:3820 com.android.server.wm.AppWindowToken.destroySurfaces:870 com.android.server.wm.AppWindowToken.destroySurfaces:851 com.android.server.wm.WindowState.onExitAnimationDone:5436 com.android.server.wm.WindowStateAnimator.onAnimationFinished:319

11-14 09:30:22.303  3727  5386 I SurfaceFlinger: id=25887 Removed Splash Screen com.wallapop[30492]#0 (0/65)

11-14 09:30:22.309  3727  3771 W SurfaceFlinger: Attempting to set client state on removed layer: Splash Screen com.wallapop[30492]#0 [s.what : 40]

11-14 09:30:22.310  3727  3771 D Layer   : [db826dd Splash Screen com.wallapop#0]::reparent oldParent:[Surface(name=db826dd Splash Screen com.wallapop)/@0xf8c6f59 - animation-leash#0], newParent:[AppWindowToken{e6747a0 token=Token{c96c8a3 ActivityRecord{5ed6fd2 u0 com.wallapop/com.rewallapop.ui.wall.WallActivity t2159}}}#0]

11-14 09:30:22.310  3727  3771 W SurfaceFlinger: Attempting to destroy on removed layer: Splash Screen com.wallapop[30492]#0

11-14 09:30:22.310  3727  3771 I SurfaceFlinger: id=25894 Removed Surface(name=db826dd Splash Screen com.wallapop)/@0xf8c6f59 - animation-leash#0 (2/64)

11-14 09:30:22.310  3727  3771 I SurfaceFlinger: id=25886 Removed db826dd Splash Screen com.wallapop#0 (1/63)

11-14 09:30:22.315  3727  3727 I Layer   : id=25886 onRemoved db826dd Splash Screen com.wallapop#0

11-14 09:30:22.315  3727  3727 I Layer   : id=25887 onRemoved Splash Screen com.wallapop[30492]#0

11-14 09:30:22.316  3727  3727 I Layer   : id=25894 onRemoved Surface(name=db826dd Splash Screen com.wallapop)/@0xf8c6f59 - animation-leash#0

11-14 09:30:22.321  3727  3727 I SurfaceFlinger:      Device | 0x70dda21e80 | 0002 | RGBA_8888 |   0.0    0.0 1080.0 2220.0 |    0    0 1080 2220 | com.wallapop/com.rewallapop.ui.wall.WallActivity[30492]#0

11-14 09:30:22.424 30492 30504 I com.wallapop: Background concurrent copying GC freed 219333(16MB) AllocSpace objects, 53(2MB) LOS objects, 50% free, 16MB/33MB, paused 493us total 238.200ms

11-14 09:30:22.484 30492 30492 V InputMethodManager: Starting input: tba=com.wallapop ic=null mNaviBarColor -1 mIsGetNaviBarColorSuccess true , NavVisible : true , NavTrans : false

11-14 09:30:22.487  4211  4679 V InputMethodManagerService: windowGainedFocus : reason=WINDOW_FOCUS_GAIN client=android.os.BinderProxy@b0ba23a inputContext=null missingMethods= attribute=android.view.inputmethod.EditorInfo@ae6fca7 nm = com.wallapop controlFlags=#104 softInputMode=#110 windowFlags=#81810100

11-14 09:30:22.618 30492 30492 V InputMethodManager: Starting input: tba=com.wallapop ic=null mNaviBarColor -1 mIsGetNaviBarColorSuccess true , NavVisible : true , NavTrans : false

11-14 09:30:22.635  4211  6753 I WindowManager: Cancelling animation restarting=false, leash=null, surface=Surface(name=AppWindowToken{2e30c31 token=Token{9a570d8 ActivityRecord{56b73bb u0 com.wallapop/com.rewallapop.ui.login.OnboardingActivity t2158}}})/@0x5869b67, parent=Surface(name=Task=2158)/@0x10de3f9

11-14 09:30:22.646  3727  3771 W SurfaceFlinger: Attempting to destroy on removed layer: AppWindowToken{2e30c31 token=Token{9a570d8 ActivityRecord{56b73bb u0 com.wallapop/com.rewallapop.ui.login.OnboardingActivity t2158}}}#0

11-14 09:30:22.650  3727  3727 I Layer   : id=25849 onRemoved AppWindowToken{2e30c31 token=Token{9a570d8 ActivityRecord{56b73bb u0 com.wallapop/com.rewallapop.ui.login.OnboardingActivity t2158}}}#0

11-14 09:30:22.656  4211  6753 I WindowManager: Cancelling animation restarting=false, leash=null, surface=Surface(name=AppWindowToken{6b368f0 token=Token{8045d33 ActivityRecord{b993ca2 u0 com.wallapop/com.rewallapop.ui.main.MainActivity t2159}}})/@0xcb50e4e, parent=Surface(name=Task=2159)/@0x1c70b6f

11-14 09:30:22.661  4211  4228 D CodecSolution: isMaxAspectPackageEx: com.wallapop : true(2)

11-14 09:30:22.666  3727  5386 I SurfaceFlinger: id=25885 Removed AppWindowToken{6b368f0 token=Token{8045d33 ActivityRecord{b993ca2 u0 com.wallapop/com.rewallapop.ui.main.MainActivity t2159}}}#0 (0/58)

11-14 09:30:22.682  3727  3727 I Layer   : id=25885 onRemoved AppWindowToken{6b368f0 token=Token{8045d33 ActivityRecord{b993ca2 u0 com.wallapop/com.rewallapop.ui.main.MainActivity t2159}}}#0

11-14 09:30:22.744 18995 19013 I Finsky  : [9170] fxs.d(3): com.wallapop: Account determined from installer data - [rJj4Md76H4LxoN-B4dnoZM7XaXDDBcXGlC-caOCi6Uc]

11-14 09:30:22.745 18995 19013 I Finsky  : [9170] fxs.d(14): com.wallapop: Account from preferred account - [rJj4Md76H4LxoN-B4dnoZM7XaXDDBcXGlC-caOCi6Uc]

11-14 09:30:22.771 18995 19013 I Finsky  : [9170] fxs.d(3): com.wallapop: Account determined from installer data - [rJj4Md76H4LxoN-B4dnoZM7XaXDDBcXGlC-caOCi6Uc]

11-14 09:30:22.772 18995 19013 I Finsky  : [9170] fxs.d(14): com.wallapop: Account from preferred account - [rJj4Md76H4LxoN-B4dnoZM7XaXDDBcXGlC-caOCi6Uc]

11-14 09:30:22.791  4211  4669 D MdnieScenarioControlService:  packageName : com.wallapop    className : com.rewallapop.ui.wall.WallActivity

11-14 09:30:24.645 30492 30492 W com.wallapop: Accessing hidden field Landroid/view/View;->mAccessibilityDelegate:Landroid/view/View$AccessibilityDelegate; (light greylist, reflection)

11-14 09:30:25.508 30492 30492 W View    : requestLayout() improperly called by com.wallapop.design.view.WallapopTextView{95f38 V.ED..... ......ID 47,26-47,86 #7f0a0904 app:id/wp__home__tv_bubble} during layout: running second layout pass

11-14 09:30:25.526 30492 30504 I com.wallapop: Background concurrent copying GC freed 199522(11MB) AllocSpace objects, 45(2MB) LOS objects, 50% free, 19MB/39MB, paused 425us total 168.191ms

11-14 09:30:27.209  4211  6755 D WifiPermissionsUtil: canAccessScanResults: pkgName = com.wallapop, uid = 10313

11-14 09:30:27.840 30492 30812 D Amazon DTB Ads API: with query params:[?dt=android&app=app&dinfo=%7B%22os%22%3A%22Android%22%2C%22model%22%3A%22SM-A750FN%22%2C%22make%22%3A%22samsung%22%2C%22osVersion%22%3A%229%22%2C%22connectionType%22%3A%2213%22%2C%22country%22%3A%22ES%22%2C%22scalingFactor%22%3A%222.625%22%2C%22carrier%22%3A%22JAZZTEL%22%2C%22language%22%3A%22es%22%2C%22screenSize%22%3A%221080x2094%22%2C%22orientation%22%3A%22portrait%22%7D&oo=0&aud=3p&idfa=bf505ce3-e614-4d9a-a4d7-9c324edc6560&appId=d2ba46e2d5ef4c9883051d9c8d0125d5&sdkVer=aps-android-7.4.3&ua=Dalvik%2F2.1.0%20%28Linux%3B%20U%3B%20Android%209%3B%20SM-A750FN%20Build%2FPPR1.180610.011%29&pkg=%7B%22lbl%22%3A%22_Wallapop_%22%2C%22pn%22%3A%22com.wallapop%22%2C%22v%22%3A%221850000%22%2C%22vn%22%3A%221.85.0-d1910251130%22%7D]

11-14 09:30:28.150 30492 30504 I com.wallapop: Background concurrent copying GC freed 203041(10MB) AllocSpace objects, 111(8MB) LOS objects, 50% free, 22MB/44MB, paused 892us total 154.092ms

11-14 09:30:28.367 30492 30812 D Amazon DTB Ads API: Error while connecting to remote server: https://s.amazon-adsystem.com/api3/generate_did?dt=android&app=app&dinfo=%7B%22os%22%3A%22Android%22%2C%22model%22%3A%22SM-A750FN%22%2C%22make%22%3A%22samsung%22%2C%22osVersion%22%3A%229%22%2C%22connectionType%22%3A%2213%22%2C%22country%22%3A%22ES%22%2C%22scalingFactor%22%3A%222.625%22%2C%22carrier%22%3A%22JAZZTEL%22%2C%22language%22%3A%22es%22%2C%22screenSize%22%3A%221080x2094%22%2C%22orientation%22%3A%22portrait%22%7D&oo=0&aud=3p&idfa=bf505ce3-e614-4d9a-a4d7-9c324edc6560&appId=d2ba46e2d5ef4c9883051d9c8d0125d5&sdkVer=aps-android-7.4.3&ua=Dalvik%2F2.1.0%20%28Linux%3B%20U%3B%20Android%209%3B%20SM-A750FN%20Build%2FPPR1.180610.011%29&pkg=%7B%22lbl%22%3A%22_Wallapop_%22%2C%22pn%22%3A%22com.wallapop%22%2C%22v%22%3A%221850000%22%2C%22vn%22%3A%221.85.0-d1910251130%22%7D with error:Chain validation failed

11-14 09:30:28.369 30492 30812 E Amazon DTB Ads API: 	at com.wallapop.thirdparty.ads.b.a.a(SourceFile:43)

11-14 09:30:28.369 30492 30812 E Amazon DTB Ads API: 	at com.wallapop.thirdparty.ads.b.a$b$1.invokeSuspend(SourceFile:34)

11-14 09:30:28.369 30492 30812 E Amazon DTB Ads API: 	at com.wallapop.thirdparty.ads.b.a$b$1.invoke(Unknown Source:10)

11-14 09:30:28.369 30492 30812 E Amazon DTB Ads API: 	at com.wallapop.thirdparty.ads.b.a$b.invokeSuspend(SourceFile:33)

11-14 09:30:28.455 30492 31035 D Amazon DTB Ads API: with query params:[?dt=android&app=app&dinfo=%7B%22os%22%3A%22Android%22%2C%22model%22%3A%22SM-A750FN%22%2C%22make%22%3A%22samsung%22%2C%22osVersion%22%3A%229%22%2C%22connectionType%22%3A%2213%22%2C%22country%22%3A%22ES%22%2C%22scalingFactor%22%3A%222.625%22%2C%22carrier%22%3A%22JAZZTEL%22%2C%22language%22%3A%22es%22%2C%22screenSize%22%3A%221080x2094%22%2C%22orientation%22%3A%22portrait%22%7D&oo=0&aud=3p&idfa=bf505ce3-e614-4d9a-a4d7-9c324edc6560&appId=d2ba46e2d5ef4c9883051d9c8d0125d5&sdkVer=aps-android-7.4.3&ua=Dalvik%2F2.1.0%20%28Linux%3B%20U%3B%20Android%209%3B%20SM-A750FN%20Build%2FPPR1.180610.011%29&pkg=%7B%22lbl%22%3A%22_Wallapop_%22%2C%22pn%22%3A%22com.wallapop%22%2C%22v%22%3A%221850000%22%2C%22vn%22%3A%221.85.0-d1910251130%22%7D]


