11-14 09:29:54.168  4211  4310 V WindowManager: Setting visibility of Window{823cd87 u0 com.wallapop/com.rewallapop.ui.login.OnboardingActivity}: false, caller=com.android.server.wm.WindowContainer.sendAppVisibilityToClients:615 com.android.server.wm.AppWindowToken.setClientHidden:460 com.android.server.wm.AppWindowToken.onAnimationFinished:2383 com.android.server.wm.-$$Lambda$yVRF8YoeNdTa8GR1wDStVsHu8xM.run:2 com.android.server.wm.SurfaceAnimator.lambda$getFinishedCallback$0:100

11-14 09:29:54.169  4211  4310 I WindowManager: reset, Reparenting to original parent, shouldDeferScheduleAnimation=false, destroyLeash=true, surface=Surface(name=AppWindowToken{beb2c45 token=Token{5c074bc ActivityRecord{6a48af u0 com.wallapop/com.rewallapop.ui.login.LoginActivity t2158}}})/@0x6d45a23, parent=Surface(name=Task=2158)/@0x10de3f9, parentNativeHandle=android.os.BinderProxy@b6fbc6f, caller=com.android.server.wm.SurfaceAnimator.lambda$getFinishedCallback$0:97 com.android.server.wm.-$$Lambda$SurfaceAnimator$SIBia0mND666K8lMCPsoid8pUTI.run:4 com.android.server.wm.SurfaceAnimator.lambda$getFinishedCallback$1:104 com.android.server.wm.-$$Lambda$SurfaceAnimator$vdRZk66hQVbQCvVXEaQCT1kVmFc.onAnimationFinished:4 com.android.server.wm.LocalAnimationAdapter.lambda$startAnimation$0:74

11-14 09:29:54.169  4211  4310 D SurfaceControl: reparent is called, sc=Surface(name=AppWindowToken{beb2c45 token=Token{5c074bc ActivityRecord{6a48af u0 com.wallapop/com.rewallapop.ui.login.LoginActivity t2158}}})/@0x6d45a23, newParentHandle=android.os.BinderProxy@b6fbc6f, transaction=android.view.SurfaceControl$Transaction@70969e

11-14 09:29:54.170  4211  4310 D SurfaceControl: destroy(transaction), animation-leash is destroyed, sc=Surface(name=Surface(name=AppWindowToken{beb2c45 token=Token{5c074bc ActivityRecord{6a48af u0 com.wallapop/com.rewallapop.ui.login.LoginActivity t2158}}})/@0x6d45a23 - animation-leash)/@0x5f33b20, transaction=android.view.SurfaceControl$Transaction@70969e, caller=com.android.server.wm.SurfaceAnimator.reset:338 com.android.server.wm.SurfaceAnimator.lambda$getFinishedCallback$0:97 com.android.server.wm.-$$Lambda$SurfaceAnimator$SIBia0mND666K8lMCPsoid8pUTI.run:4 com.android.server.wm.SurfaceAnimator.lambda$getFinishedCallback$1:104 com.android.server.wm.-$$Lambda$SurfaceAnimator$vdRZk66hQVbQCvVXEaQCT1kVmFc.onAnimationFinished:4 com.android.server.wm.LocalAnimationAdapter.lambda$startAnimation$0:74 com.android.server.wm.-$$Lambda$LocalAnimationAdapter$X--EomqUvw4qy89IeeTFTH7aCMo.run:4

11-14 09:29:54.173  3727  3964 D Layer   : [AppWindowToken{2e30c31 token=Token{9a570d8 ActivityRecord{56b73bb u0 com.wallapop/com.rewallapop.ui.login.OnboardingActivity t2158}}}#0]::reparent oldParent:[Surface(name=AppWindowToken{2e30c31 token=Token{9a570d8 ActivityRecord{56b73bb u0 com.wallapop/com.rewallapop.ui.login.OnboardingActivity t2158}}})/@0x5869b67 - animation-leash#0], newParent:[Task=2158#0]

11-14 09:29:54.173  3727  3964 D Layer   : [AppWindowToken{beb2c45 token=Token{5c074bc ActivityRecord{6a48af u0 com.wallapop/com.rewallapop.ui.login.LoginActivity t2158}}}#0]::reparent oldParent:[Surface(name=AppWindowToken{beb2c45 token=Token{5c074bc ActivityRecord{6a48af u0 com.wallapop/com.rewallapop.ui.login.LoginActivity t2158}}})/@0x6d45a23 - animation-leash#0], newParent:[Task=2158#0]

11-14 09:29:54.173  3727  3964 I SurfaceFlinger: id=25864 Removed Surface(name=AppWindowToken{beb2c45 token=Token{5c074bc ActivityRecord{6a48af u0 com.wallapop/com.rewallapop.ui.login.LoginActivity t2158}}})/@0x6d45a23 - animation-leash#0 (1/65)

11-14 09:29:54.173  3727  3964 I SurfaceFlinger: id=25863 Removed Surface(name=AppWindowToken{2e30c31 token=Token{9a570d8 ActivityRecord{56b73bb u0 com.wallapop/com.rewallapop.ui.login.OnboardingActivity t2158}}})/@0x5869b67 - animation-leash#0 (0/63)

11-14 09:29:54.183  3727  3727 I Layer   : id=25863 onRemoved Surface(name=AppWindowToken{2e30c31 token=Token{9a570d8 ActivityRecord{56b73bb u0 com.wallapop/com.rewallapop.ui.login.OnboardingActivity t2158}}})/@0x5869b67 - animation-leash#0

11-14 09:29:54.183  3727  3727 I Layer   : id=25864 onRemoved Surface(name=AppWindowToken{beb2c45 token=Token{5c074bc ActivityRecord{6a48af u0 com.wallapop/com.rewallapop.ui.login.LoginActivity t2158}}})/@0x6d45a23 - animation-leash#0

11-14 09:29:54.188  3727  3727 I SurfaceFlinger:      Device | 0x70de033800 | 0002 | RGBA_8888 |   0.0    0.0 1080.0 2220.0 |    0    0 1080 2220 | com.wallapop/com.rewallapop.ui.login.LoginActivity[29710]#0

11-14 09:29:54.289  3727  3770 E BufferQueueProducer: [com.wallapop/com.rewallapop.ui.login.OnboardingActivity[29710]#0] disconnect: not connected (req=1)

11-14 09:29:54.291  4211  6757 V WindowManager: Relayout Window{823cd87 u0 com.wallapop/com.rewallapop.ui.login.OnboardingActivity}: viewVisibility=8 req=1080x2220 {(0,0)(fillxfill) sim={adjust=pan} ty=BASE_APPLICATION wanim=0x10302fe sysuil=true

11-14 09:29:54.292  4211  6757 E WindowManager: win=Window{823cd87 u0 com.wallapop/com.rewallapop.ui.login.OnboardingActivity} destroySurfaces: appStopped=false win.mWindowRemovalAllowed=false win.mRemoveOnExit=false win.mViewVisibility=8 caller=com.android.server.wm.WindowManagerService.tryStartExitingAnimation:2759 com.android.server.wm.WindowManagerService.relayoutWindow:2456 com.android.server.wm.Session.relayoutForTranslate:302 android.view.IWindowSession$Stub.onTransact:518 com.android.server.wm.Session.onTransact:186 android.os.Binder.execTransact:739 <bottom of call stack>

11-14 09:29:54.292  4211  6757 I WindowManager: Destroying surface Surface(name=com.wallapop/com.rewallapop.ui.login.OnboardingActivity[29710])/@0x1567711 called by com.android.server.wm.WindowStateAnimator.destroySurface:1901 com.android.server.wm.WindowStateAnimator.destroySurfaceLocked:838 com.android.server.wm.WindowState.destroySurfaceUnchecked:3839 com.android.server.wm.WindowState.destroySurface:3820 com.android.server.wm.WindowManagerService.tryStartExitingAnimation:2759 com.android.server.wm.WindowManagerService.relayoutWindow:2456 com.android.server.wm.Session.relayoutForTranslate:302 android.view.IWindowSession$Stub.onTransact:518

11-14 09:29:54.292  3727  3770 I SurfaceFlinger: id=25851 Removed com.wallapop/com.rewallapop.ui.login.OnboardingActivity[29710]#0 (0/61)

11-14 09:29:54.300  3727  3727 I Layer   : id=25851 onRemoved com.wallapop/com.rewallapop.ui.login.OnboardingActivity[29710]#0

11-14 09:29:54.831  3727  3727 I SurfaceFlinger:      Device | 0x70de033500 | 0002 | RGBA_8888 |   0.0    0.0 1080.0 2220.0 |    0    0 1080 2220 | com.wallapop/com.rewallapop.ui.login.LoginActivity[29710]#0

11-14 09:29:54.875  4211  4360 I clp-JNI : Add pinfo.  (channel) 288b0b5 com.wallapop/com.rewallapop.ui.login.LoginActivity (server) (pkg) AppWindowToken{beb2c45 token=Token{5c074bc ActivityRecord{6a48af u0 com.wallapop/com.rewallapop.ui.login.LoginActivity t2158}}} 29710 10313 (action) 1

11-14 09:29:54.930 29710 29710 V InputMethodManager: Starting input: tba=com.wallapop ic=com.android.internal.widget.EditableInputConnection@5634943 mNaviBarColor -1 mIsGetNaviBarColorSuccess true , NavVisible : true , NavTrans : false

11-14 09:29:54.979 29162 29162 D [SPAF]StructureParser: Parsing structure for ComponentInfo{com.wallapop/com.rewallapop.ui.login.LoginActivity}

11-14 09:29:55.108  3727  3727 I SurfaceFlinger:      Device | 0x70de033800 | 0002 | RGBA_8888 |   0.0    0.0 1080.0 2220.0 |    0    0 1080 2220 | com.wallapop/com.rewallapop.ui.login.LoginActivity[29710]#0

11-14 09:29:56.768  3727  3727 I SurfaceFlinger:      Device | 0x70de034640 | 0002 | RGBA_8888 |   0.0    0.0 1080.0 2220.0 |    0    0 1080 2220 | com.wallapop/com.rewallapop.ui.login.LoginActivity[29710]#0

11-14 09:29:56.814  4211  4360 I clp-JNI : Add pinfo.  (channel) 288b0b5 com.wallapop/com.rewallapop.ui.login.LoginActivity (server) (pkg) AppWindowToken{beb2c45 token=Token{5c074bc ActivityRecord{6a48af u0 com.wallapop/com.rewallapop.ui.login.LoginActivity t2158}}} 29710 10313 (action) 1

11-14 09:29:56.820 29710 29710 D InputMethodManager: SSI - flag : 0 Pid : 29710 view : com.wallapop

11-14 09:29:56.842  5937  5937 I SKBD    : bby Package :  com.wallapop  has no meta data.

11-14 09:29:56.930  4211  4228 D WindowManager: setSystemUiVisibility: vis= 0xa008, fullscreenVis= 0x2000, dockedVis= 0x0, win=Window{288b0b5 u0 com.wallapop/com.rewallapop.ui.login.LoginActivity}

11-14 09:29:56.930  4211  6752 V WindowManager: Resize reasons for w=Window{288b0b5 u0 com.wallapop/com.rewallapop.ui.login.LoginActivity}:  contentInsetsChanged=false [0,63][0,126] visibleInsetsChanged=true [0,63][0,886] stableInsetsChanged=false [0,63][0,126] outsetsChanged=false [0,0][0,0] surfaceResized=false configChanged=false dragResizingChanged=false reportOrientationChanged=false displayCutoutChanged=false nextForceRelayoutToClient=false

11-14 09:29:57.044  3727  3727 I SurfaceFlinger:      Device | 0x70de033800 | 0002 | RGBA_8888 |   0.0    0.0 1080.0 2220.0 |    0    0 1080 2220 | com.wallapop/com.rewallapop.ui.login.LoginActivity[29710]#0

11-14 09:29:57.078  3727  3727 I SurfaceFlinger:      Device | 0x70de033800 | 0002 | RGBA_8888 |   0.0    0.0 1080.0 2220.0 |    0    0 1080 2220 | com.wallapop/com.rewallapop.ui.login.LoginActivity[29710]#0

11-14 09:29:57.882  3727  3727 I SurfaceFlinger:      Device | 0x70de034640 | 0002 | RGBA_8888 |   0.0    0.0 1080.0 2220.0 |    0    0 1080 2220 | com.wallapop/com.rewallapop.ui.login.LoginActivity[29710]#0

11-14 09:29:57.965  4211  4360 I clp-JNI : Add pinfo.  (channel) b174d4c InputMethod (server) (pkg) AppWindowToken{beb2c45 token=Token{5c074bc ActivityRecord{6a48af u0 com.wallapop/com.rewallapop.ui.login.LoginActivity t2158}}} 5937 10142 (action) 1

11-14 09:29:58.131  3727  3727 I SurfaceFlinger:      Device | 0x70de033800 | 0002 | RGBA_8888 |   0.0    0.0 1080.0 2220.0 |    0    0 1080 2220 | com.wallapop/com.rewallapop.ui.login.LoginActivity[29710]#0

11-14 09:29:58.196  3727  3727 I SurfaceFlinger:      Device | 0x70de033800 | 0002 | RGBA_8888 |   0.0    0.0 1080.0 2220.0 |    0    0 1080 2220 | com.wallapop/com.rewallapop.ui.login.LoginActivity[29710]#0

11-14 09:29:58.217  4211  4360 I clp-JNI : Add pinfo.  (channel) b174d4c InputMethod (server) (pkg) AppWindowToken{beb2c45 token=Token{5c074bc ActivityRecord{6a48af u0 com.wallapop/com.rewallapop.ui.login.LoginActivity t2158}}} 5937 10142 (action) 1

11-14 09:29:58.352  3727  3727 I SurfaceFlinger:      Device | 0x70de033500 | 0002 | RGBA_8888 |   0.0    0.0 1080.0 2220.0 |    0    0 1080 2220 | com.wallapop/com.rewallapop.ui.login.LoginActivity[29710]#0

11-14 09:29:58.409  4211  4360 I clp-JNI : Add pinfo.  (channel) b174d4c InputMethod (server) (pkg) AppWindowToken{beb2c45 token=Token{5c074bc ActivityRecord{6a48af u0 com.wallapop/com.rewallapop.ui.login.LoginActivity t2158}}} 5937 10142 (action) 1

11-14 09:29:58.452  3727  3727 I SurfaceFlinger:      Device | 0x70de033500 | 0002 | RGBA_8888 |   0.0    0.0 1080.0 2220.0 |    0    0 1080 2220 | com.wallapop/com.rewallapop.ui.login.LoginActivity[29710]#0

11-14 09:29:58.552  3727  3727 I SurfaceFlinger:      Device | 0x70de034640 | 0002 | RGBA_8888 |   0.0    0.0 1080.0 2220.0 |    0    0 1080 2220 | com.wallapop/com.rewallapop.ui.login.LoginActivity[29710]#0

11-14 09:29:58.593  4211  4360 I clp-JNI : Add pinfo.  (channel) b174d4c InputMethod (server) (pkg) AppWindowToken{beb2c45 token=Token{5c074bc ActivityRecord{6a48af u0 com.wallapop/com.rewallapop.ui.login.LoginActivity t2158}}} 5937 10142 (action) 1

11-14 09:29:58.649  3727  3727 I SurfaceFlinger:      Device | 0x70de034640 | 0002 | RGBA_8888 |   0.0    0.0 1080.0 2220.0 |    0    0 1080 2220 | com.wallapop/com.rewallapop.ui.login.LoginActivity[29710]#0

11-14 09:29:58.832  3727  3727 I SurfaceFlinger:      Device | 0x70de033800 | 0002 | RGBA_8888 |   0.0    0.0 1080.0 2220.0 |    0    0 1080 2220 | com.wallapop/com.rewallapop.ui.login.LoginActivity[29710]#0

11-14 09:29:59.470  3727  3727 I SurfaceFlinger:      Device | 0x70de033500 | 0002 | RGBA_8888 |   0.0    0.0 1080.0 2220.0 |    0    0 1080 2220 | com.wallapop/com.rewallapop.ui.login.LoginActivity[29710]#0

11-14 09:29:59.499  4211  4360 I clp-JNI : Add pinfo.  (channel) b174d4c InputMethod (server) (pkg) AppWindowToken{beb2c45 token=Token{5c074bc ActivityRecord{6a48af u0 com.wallapop/com.rewallapop.ui.login.LoginActivity t2158}}} 5937 10142 (action) 1

11-14 09:29:59.731  3727  3727 I SurfaceFlinger:      Device | 0x70de033800 | 0002 | RGBA_8888 |   0.0    0.0 1080.0 2220.0 |    0    0 1080 2220 | com.wallapop/com.rewallapop.ui.login.LoginActivity[29710]#0

11-14 09:30:00.099  3727  3727 I SurfaceFlinger:      Device | 0x70de033800 | 0002 | RGBA_8888 |   0.0    0.0 1080.0 2220.0 |    0    0 1080 2220 | com.wallapop/com.rewallapop.ui.login.LoginActivity[29710]#0

11-14 09:30:00.152  4211  4360 I clp-JNI : Add pinfo.  (channel) 288b0b5 com.wallapop/com.rewallapop.ui.login.LoginActivity (server) (pkg) AppWindowToken{beb2c45 token=Token{5c074bc ActivityRecord{6a48af u0 com.wallapop/com.rewallapop.ui.login.LoginActivity t2158}}} 29710 10313 (action) 1

11-14 09:30:00.192 29710 29710 V InputMethodManager: Starting input: tba=com.wallapop ic=com.android.internal.widget.EditableInputConnection@aa71b8b mNaviBarColor -1 mIsGetNaviBarColorSuccess true , NavVisible : true , NavTrans : false

11-14 09:30:00.209 29710 29710 D InputMethodManager: SSI - flag : 0 Pid : 29710 view : com.wallapop

11-14 09:30:00.245  5937  5937 I SKBD    : bby Package :  com.wallapop  has no meta data.

11-14 09:30:00.402  3727  3727 I SurfaceFlinger:      Device | 0x70de034640 | 0002 | RGBA_8888 |   0.0    0.0 1080.0 2220.0 |    0    0 1080 2220 | com.wallapop/com.rewallapop.ui.login.LoginActivity[29710]#0

11-14 09:30:01.008  3727  3727 I SurfaceFlinger:      Device | 0x70de034640 | 0002 | RGBA_8888 |   0.0    0.0 1080.0 2220.0 |    0    0 1080 2220 | com.wallapop/com.rewallapop.ui.login.LoginActivity[29710]#0

11-14 09:30:01.064  4211  4360 I clp-JNI : Add pinfo.  (channel) b174d4c InputMethod (server) (pkg) AppWindowToken{beb2c45 token=Token{5c074bc ActivityRecord{6a48af u0 com.wallapop/com.rewallapop.ui.login.LoginActivity t2158}}} 5937 10142 (action) 1

11-14 09:30:01.302  3727  3727 I SurfaceFlinger:      Device | 0x70de033800 | 0002 | RGBA_8888 |   0.0    0.0 1080.0 2220.0 |    0    0 1080 2220 | com.wallapop/com.rewallapop.ui.login.LoginActivity[29710]#0

11-14 09:30:01.424  3727  3727 I SurfaceFlinger:      Device | 0x70de033800 | 0002 | RGBA_8888 |   0.0    0.0 1080.0 2220.0 |    0    0 1080 2220 | com.wallapop/com.rewallapop.ui.login.LoginActivity[29710]#0

11-14 09:30:01.483  4211  4360 I clp-JNI : Add pinfo.  (channel) b174d4c InputMethod (server) (pkg) AppWindowToken{beb2c45 token=Token{5c074bc ActivityRecord{6a48af u0 com.wallapop/com.rewallapop.ui.login.LoginActivity t2158}}} 5937 10142 (action) 1

11-14 09:30:01.725  3727  3727 I SurfaceFlinger:      Device | 0x70de033500 | 0002 | RGBA_8888 |   0.0    0.0 1080.0 2220.0 |    0    0 1080 2220 | com.wallapop/com.rewallapop.ui.login.LoginActivity[29710]#0

11-14 09:30:01.862  3727  3727 I SurfaceFlinger:      Device | 0x70de033500 | 0002 | RGBA_8888 |   0.0    0.0 1080.0 2220.0 |    0    0 1080 2220 | com.wallapop/com.rewallapop.ui.login.LoginActivity[29710]#0

11-14 09:30:01.919  4211  4360 I clp-JNI : Add pinfo.  (channel) b174d4c InputMethod (server) (pkg) AppWindowToken{beb2c45 token=Token{5c074bc ActivityRecord{6a48af u0 com.wallapop/com.rewallapop.ui.login.LoginActivity t2158}}} 5937 10142 (action) 1

11-14 09:30:02.153  3727  3727 I SurfaceFlinger:      Device | 0x70de034640 | 0002 | RGBA_8888 |   0.0    0.0 1080.0 2220.0 |    0    0 1080 2220 | com.wallapop/com.rewallapop.ui.login.LoginActivity[29710]#0

11-14 09:30:02.258  3727  3727 I SurfaceFlinger:      Device | 0x70de034640 | 0002 | RGBA_8888 |   0.0    0.0 1080.0 2220.0 |    0    0 1080 2220 | com.wallapop/com.rewallapop.ui.login.LoginActivity[29710]#0

11-14 09:30:02.321  4211  4360 I clp-JNI : Add pinfo.  (channel) b174d4c InputMethod (server) (pkg) AppWindowToken{beb2c45 token=Token{5c074bc ActivityRecord{6a48af u0 com.wallapop/com.rewallapop.ui.login.LoginActivity t2158}}} 5937 10142 (action) 1

11-14 09:30:02.553  3727  3727 I SurfaceFlinger:      Device | 0x70de033800 | 0002 | RGBA_8888 |   0.0    0.0 1080.0 2220.0 |    0    0 1080 2220 | com.wallapop/com.rewallapop.ui.login.LoginActivity[29710]#0

11-14 09:30:02.700  3727  3727 I SurfaceFlinger:      Device | 0x70de033800 | 0002 | RGBA_8888 |   0.0    0.0 1080.0 2220.0 |    0    0 1080 2220 | com.wallapop/com.rewallapop.ui.login.LoginActivity[29710]#0

11-14 09:30:02.723  4211  4360 I clp-JNI : Add pinfo.  (channel) b174d4c InputMethod (server) (pkg) AppWindowToken{beb2c45 token=Token{5c074bc ActivityRecord{6a48af u0 com.wallapop/com.rewallapop.ui.login.LoginActivity t2158}}} 5937 10142 (action) 1

11-14 09:30:02.960  3727  3727 I SurfaceFlinger:      Device | 0x70de033500 | 0002 | RGBA_8888 |   0.0    0.0 1080.0 2220.0 |    0    0 1080 2220 | com.wallapop/com.rewallapop.ui.login.LoginActivity[29710]#0

11-14 09:30:03.097  3727  3727 I SurfaceFlinger:      Device | 0x70de033500 | 0002 | RGBA_8888 |   0.0    0.0 1080.0 2220.0 |    0    0 1080 2220 | com.wallapop/com.rewallapop.ui.login.LoginActivity[29710]#0

11-14 09:30:03.124  4211  4360 I clp-JNI : Add pinfo.  (channel) b174d4c InputMethod (server) (pkg) AppWindowToken{beb2c45 token=Token{5c074bc ActivityRecord{6a48af u0 com.wallapop/com.rewallapop.ui.login.LoginActivity t2158}}} 5937 10142 (action) 1

11-14 09:30:03.362  3727  3727 I SurfaceFlinger:      Device | 0x70de034640 | 0002 | RGBA_8888 |   0.0    0.0 1080.0 2220.0 |    0    0 1080 2220 | com.wallapop/com.rewallapop.ui.login.LoginActivity[29710]#0

11-14 09:30:03.467  3727  3727 I SurfaceFlinger:      Device | 0x70de034640 | 0002 | RGBA_8888 |   0.0    0.0 1080.0 2220.0 |    0    0 1080 2220 | com.wallapop/com.rewallapop.ui.login.LoginActivity[29710]#0

11-14 09:30:03.534  4211  4360 I clp-JNI : Add pinfo.  (channel) b174d4c InputMethod (server) (pkg) AppWindowToken{beb2c45 token=Token{5c074bc ActivityRecord{6a48af u0 com.wallapop/com.rewallapop.ui.login.LoginActivity t2158}}} 5937 10142 (action) 1

11-14 09:30:03.698  3727  3727 I SurfaceFlinger:      Device | 0x70de033800 | 0002 | RGBA_8888 |   0.0    0.0 1080.0 2220.0 |    0    0 1080 2220 | com.wallapop/com.rewallapop.ui.login.LoginActivity[29710]#0

11-14 09:30:03.752  4211  4360 I clp-JNI : Add pinfo.  (channel) b174d4c InputMethod (server) (pkg) AppWindowToken{beb2c45 token=Token{5c074bc ActivityRecord{6a48af u0 com.wallapop/com.rewallapop.ui.login.LoginActivity t2158}}} 5937 10142 (action) 1

11-14 09:30:03.778  3727  3727 I SurfaceFlinger:      Device | 0x70de033800 | 0002 | RGBA_8888 |   0.0    0.0 1080.0 2220.0 |    0    0 1080 2220 | com.wallapop/com.rewallapop.ui.login.LoginActivity[29710]#0

11-14 09:30:03.997  3727  3727 I SurfaceFlinger:      Device | 0x70de033500 | 0002 | RGBA_8888 |   0.0    0.0 1080.0 2220.0 |    0    0 1080 2220 | com.wallapop/com.rewallapop.ui.login.LoginActivity[29710]#0

11-14 09:30:04.234  3727  3727 I SurfaceFlinger:      Device | 0x70de033500 | 0002 | RGBA_8888 |   0.0    0.0 1080.0 2220.0 |    0    0 1080 2220 | com.wallapop/com.rewallapop.ui.login.LoginActivity[29710]#0

11-14 09:30:04.289  4211  4360 I clp-JNI : Add pinfo.  (channel) b174d4c InputMethod (server) (pkg) AppWindowToken{beb2c45 token=Token{5c074bc ActivityRecord{6a48af u0 com.wallapop/com.rewallapop.ui.login.LoginActivity t2158}}} 5937 10142 (action) 1

11-14 09:30:04.402  4211  4228 D WindowManager: setSystemUiVisibility: vis= 0xa018, fullscreenVis= 0x2000, dockedVis= 0x0, win=Window{288b0b5 u0 com.wallapop/com.rewallapop.ui.login.LoginActivity}

11-14 09:30:04.402  4211  6752 V WindowManager: Resize reasons for w=Window{288b0b5 u0 com.wallapop/com.rewallapop.ui.login.LoginActivity}:  contentInsetsChanged=false [0,63][0,126] visibleInsetsChanged=true [0,63][0,126] stableInsetsChanged=false [0,63][0,126] outsetsChanged=false [0,0][0,0] surfaceResized=false configChanged=false dragResizingChanged=false reportOrientationChanged=false displayCutoutChanged=false nextForceRelayoutToClient=false

11-14 09:30:04.547  3727  3727 I SurfaceFlinger:      Device | 0x70de034640 | 0002 | RGBA_8888 |   0.0    0.0 1080.0 2220.0 |    0    0 1080 2220 | com.wallapop/com.rewallapop.ui.login.LoginActivity[29710]#0

11-14 09:30:04.584  3727  3727 I SurfaceFlinger:      Device | 0x70de033500 | 0002 | RGBA_8888 |   0.0    0.0 1080.0 2220.0 |    0    0 1080 2220 | com.wallapop/com.rewallapop.ui.login.LoginActivity[29710]#0

11-14 09:30:05.046  4211  4679 D SamsungAlarmManager: Cancel Alarm calling from uid:10313 pid :29710 / op:PendingIntent{3f250e6: PendingIntentRecord{ab6b627 com.wallapop broadcastIntent}}

11-14 09:30:05.076  4211  6757 D SamsungAlarmManager: Cancel Alarm calling from uid:10313 pid :29710 / op:PendingIntent{7ce8dc3: PendingIntentRecord{349ea7 com.wallapop broadcastIntent}}

11-14 09:30:05.640  4211  6752 D SamsungAlarmManager: Cancel Alarm calling from uid:10313 pid :29710 / op:PendingIntent{a91f23b: PendingIntentRecord{cfbeca com.wallapop broadcastIntent}}

11-14 09:30:05.733 29710 29721 I com.wallapop: Background concurrent copying GC freed 323209(14MB) AllocSpace objects, 173(13MB) LOS objects, 46% free, 27MB/51MB, paused 406us total 261.112ms

11-14 09:30:05.805 29710 29719 W REALM_JAVA: Remember to call close() on all Realm instances. Realm /data/data/com.wallapop/files/feature_flags is being finalized without being closed, this can lead to running out of native memory.

11-14 09:30:05.811 29710 29719 I chatty  : uid=10313(com.wallapop) FinalizerDaemon identical 6 lines

11-14 09:30:05.811 29710 29719 W REALM_JAVA: Remember to call close() on all Realm instances. Realm /data/data/com.wallapop/files/feature_flags is being finalized without being closed, this can lead to running out of native memory.

11-14 09:30:07.367  4211  6758 I ActivityManager: START u0 {act=null typ=null flg=0x0 cmp=ComponentInfo{com.wallapop/com.rewallapop.ui.location.LocationPermissionActivity}} from uid 10313

11-14 09:30:07.377  3727  3727 I SurfaceFlinger: id=25870 createSurf (4440x4440),2 flag=4, AppWindowToken{8dfe02b token=Token{8a5907a ActivityRecord{593a4a5 u0 com.wallapop/com.rewallapop.ui.location.LocationPermissionActivity t2158}}}#0

11-14 09:30:07.391  4211  4211 D Telecom:SamsungPrebindingServiceImpl: onTopActivityChanged : ComponentInfo{com.wallapop/com.rewallapop.ui.login.OnboardingActivity}

11-14 09:30:07.413  4211  4473 D GamePkgDataHelper: getGamePkgData(). com.wallapop

11-14 09:30:07.413  4211  4679 D GamePkgDataHelper: notifyAppCreate(), pkgName: com.wallapop, sendRet: true

11-14 09:30:07.414  4211  4473 D GameManagerService: handleMessage(), MSG_APP_CREATE. ignore. pkgName: com.wallapop

11-14 09:30:07.416  4211  4679 V WindowManager: Changing focus from Window{288b0b5 u0 com.wallapop/com.rewallapop.ui.login.LoginActivity} to null Callers=com.android.server.wm.WindowManagerService.setFocusedApp:3136 com.android.server.am.ActivityManagerService.setResumedActivityUncheckLocked:4487 com.android.server.am.ActivityStack.onActivityStateChanged:560 com.android.server.am.TaskRecord.onActivityStateChanged:2186

11-14 09:30:07.417  4211  4242 D WindowManager: reportFocusChangedSerialized, focused=false, inTouchMode=true, win=Window{288b0b5 u0 com.wallapop/com.rewallapop.ui.login.LoginActivity}

11-14 09:30:07.418  4211  4679 D GameManagerService: noteResumeComponent(), resumeComponent: com.wallapop

11-14 09:30:07.419  4211  4679 D MARsPolicyManager: onPackageResumedFG pkgName = com.wallapop, userId = 0

11-14 09:30:07.419  4211  4473 D GameManagerService: handleForegroundChange(). pkgName: com.wallapop, clsName: com.rewallapop.ui.location.LocationPermissionActivity,FgActivityName:com.wallapop/com.rewallapop.ui.location.LocationPermissionActivity

11-14 09:30:07.420  4211  4211 D Telecom:SamsungPrebindingServiceImpl: onTopActivityChanged : ComponentInfo{com.wallapop/com.rewallapop.ui.location.LocationPermissionActivity}

11-14 09:30:07.518  4211  6758 D SamsungAlarmManager: Cancel Alarm calling from uid:10313 pid :29710 / op:PendingIntent{4c24c1e: PendingIntentRecord{349ea7 com.wallapop broadcastIntent}}

11-14 09:30:07.622  3727  3727 I SurfaceFlinger: id=25871 createSurf (4440x4440),2 flag=4, 25dc0f6 com.wallapop/com.rewallapop.ui.location.LocationPermissionActivity#0

11-14 09:30:07.702  4211  5519 V WindowManager: Relayout Window{25dc0f6 u0 com.wallapop/com.rewallapop.ui.location.LocationPermissionActivity}: viewVisibility=0 req=1080x2220 {(0,0)(fillxfill) sim={adjust=pan forwardNavigation} ty=BASE_APPLICATION wanim=0x10302fe

11-14 09:30:07.711  3727  3727 I SurfaceFlinger: id=25872 createSurf (1080x2220),1 flag=404, com.wallapop/com.rewallapop.ui.location.LocationPermissionActivity[29710]#0

11-14 09:30:07.713  4211  5519 D WindowManager: makeSurface duration=6 name=com.wallapop/com.rewallapop.ui.location.LocationPermissionActivity[29710]

11-14 09:30:07.714  4211  5519 V WindowManager: Changing focus from null to Window{25dc0f6 u0 com.wallapop/com.rewallapop.ui.location.LocationPermissionActivity} Callers=com.android.server.wm.WindowManagerService.relayoutWindow:2526 com.android.server.wm.Session.relayoutForTranslate:302 android.view.IWindowSession$Stub.onTransact:518 com.android.server.wm.Session.onTransact:186

11-14 09:30:07.715  4211  4228 D WindowManager: setSystemUiVisibility: vis= 0xa018, fullscreenVis= 0x2000, dockedVis= 0x0, win=Window{25dc0f6 u0 com.wallapop/com.rewallapop.ui.location.LocationPermissionActivity}

11-14 09:30:07.717  4211  4242 D WindowManager: reportFocusChangedSerialized, focused=true, inTouchMode=true, win=Window{25dc0f6 u0 com.wallapop/com.rewallapop.ui.location.LocationPermissionActivity}

11-14 09:30:07.831  4211  4679 D WindowManager: finishDrawingWindow: Window{25dc0f6 u0 com.wallapop/com.rewallapop.ui.location.LocationPermissionActivity} mDrawState=DRAW_PENDING

11-14 09:30:07.832  4211  4310 I WindowManager: commitFinishDrawingLocked: mDrawState=READY_TO_SHOW Surface(name=com.wallapop/com.rewallapop.ui.location.LocationPermissionActivity[29710])/@0x6fa4cf7

11-14 09:30:07.833  4211  4310 V WindowManager: Resize reasons for w=Window{25dc0f6 u0 com.wallapop/com.rewallapop.ui.location.LocationPermissionActivity}:  contentInsetsChanged=false [0,63][0,126] visibleInsetsChanged=false [0,63][0,126] stableInsetsChanged=false [0,63][0,126] outsetsChanged=false [0,0][0,0] surfaceResized=false configChanged=false dragResizingChanged=false reportOrientationChanged=false displayCutoutChanged=false nextForceRelayoutToClient=false

11-14 09:30:07.835  4211  4310 I WindowManager: Cancelling animation restarting=true, leash=null, surface=Surface(name=AppWindowToken{beb2c45 token=Token{5c074bc ActivityRecord{6a48af u0 com.wallapop/com.rewallapop.ui.login.LoginActivity t2158}}})/@0x6d45a23, parent=Surface(name=Task=2158)/@0x10de3f9

11-14 09:30:07.835  4211  4310 I WindowManager: Reparenting to leash, surface=Surface(name=AppWindowToken{beb2c45 token=Token{5c074bc ActivityRecord{6a48af u0 com.wallapop/com.rewallapop.ui.login.LoginActivity t2158}}})/@0x6d45a23

11-14 09:30:07.836  3727  3727 I SurfaceFlinger: id=25873 createSurf (4440x4440),2 flag=4, Surface(name=AppWindowToken{beb2c45 token=Token{5c074bc ActivityRecord{6a48af u0 com.wallapop/com.rewallapop.ui.login.LoginActivity t2158}}})/@0x6d45a23 - animation-leash#0

11-14 09:30:07.838  4211  4310 D WindowManager: makeSurface duration=3 leash=Surface(name=Surface(name=AppWindowToken{beb2c45 token=Token{5c074bc ActivityRecord{6a48af u0 com.wallapop/com.rewallapop.ui.login.LoginActivity t2158}}})/@0x6d45a23 - animation-leash)/@0x4ffe9c9

11-14 09:30:07.838  4211  4310 D SurfaceControl: reparent is called, sc=Surface(name=AppWindowToken{beb2c45 token=Token{5c074bc ActivityRecord{6a48af u0 com.wallapop/com.rewallapop.ui.login.LoginActivity t2158}}})/@0x6d45a23, newParentHandle=android.os.BinderProxy@4a7f8ce, transaction=android.view.SurfaceControl$Transaction@70969e

11-14 09:30:07.840  4211  4310 I WindowManager: Cancelling animation restarting=true, leash=null, surface=Surface(name=AppWindowToken{8dfe02b token=Token{8a5907a ActivityRecord{593a4a5 u0 com.wallapop/com.rewallapop.ui.location.LocationPermissionActivity t2158}}})/@0x45653a6, parent=Surface(name=Task=2158)/@0x10de3f9

11-14 09:30:07.840  4211  4310 I WindowManager: Reparenting to leash, surface=Surface(name=AppWindowToken{8dfe02b token=Token{8a5907a ActivityRecord{593a4a5 u0 com.wallapop/com.rewallapop.ui.location.LocationPermissionActivity t2158}}})/@0x45653a6

11-14 09:30:07.845  3727  3727 I SurfaceFlinger: id=25874 createSurf (4440x4440),2 flag=4, Surface(name=AppWindowToken{8dfe02b token=Token{8a5907a ActivityRecord{593a4a5 u0 com.wallapop/com.rewallapop.ui.location.LocationPermissionActivity t2158}}})/@0x45653a6 - animation-leash#0

11-14 09:30:07.847  4211  4310 D WindowManager: makeSurface duration=6 leash=Surface(name=Surface(name=AppWindowToken{8dfe02b token=Token{8a5907a ActivityRecord{593a4a5 u0 com.wallapop/com.rewallapop.ui.location.LocationPermissionActivity t2158}}})/@0x45653a6 - animation-leash)/@0xea261e7

11-14 09:30:07.847  4211  4310 D SurfaceControl: reparent is called, sc=Surface(name=AppWindowToken{8dfe02b token=Token{8a5907a ActivityRecord{593a4a5 u0 com.wallapop/com.rewallapop.ui.location.LocationPermissionActivity t2158}}})/@0x45653a6, newParentHandle=android.os.BinderProxy@4a24194, transaction=android.view.SurfaceControl$Transaction@589343d

11-14 09:30:07.854  4211  4310 V WindowManager: performShowLocked: mDrawState=HAS_DRAWN in Window{25dc0f6 u0 com.wallapop/com.rewallapop.ui.location.LocationPermissionActivity}

11-14 09:30:07.860  3727  3770 D Layer   : [AppWindowToken{beb2c45 token=Token{5c074bc ActivityRecord{6a48af u0 com.wallapop/com.rewallapop.ui.login.LoginActivity t2158}}}#0]::reparent oldParent:[Task=2158#0], newParent:[Surface(name=AppWindowToken{beb2c45 token=Token{5c074bc ActivityRecord{6a48af u0 com.wallapop/com.rewallapop.ui.login.LoginActivity t2158}}})/@0x6d45a23 - animation-leash#0]

11-14 09:30:07.860  3727  3770 D Layer   : [AppWindowToken{8dfe02b token=Token{8a5907a ActivityRecord{593a4a5 u0 com.wallapop/com.rewallapop.ui.location.LocationPermissionActivity t2158}}}#0]::reparent oldParent:[Task=2158#0], newParent:[Surface(name=AppWindowToken{8dfe02b token=Token{8a5907a ActivityRecord{593a4a5 u0 com.wallapop/com.rewallapop.ui.location.LocationPermissionActivity t2158}}})/@0x45653a6 - animation-leash#0]

11-14 09:30:07.868  4211  4242 I ActivityManager: Displayed com.wallapop/com.rewallapop.ui.location.LocationPermissionActivity: +445ms

11-14 09:30:07.876 29710 29710 V InputMethodManager: Starting input: tba=com.wallapop ic=null mNaviBarColor -1 mIsGetNaviBarColorSuccess true , NavVisible : true , NavTrans : false

11-14 09:30:07.881  4211  6758 V InputMethodManagerService: windowGainedFocus : reason=WINDOW_FOCUS_GAIN client=android.os.BinderProxy@4b381c7 inputContext=null missingMethods= attribute=android.view.inputmethod.EditorInfo@bfa6df nm = com.wallapop controlFlags=#104 softInputMode=#120 windowFlags=#81810100

11-14 09:30:07.900  3727  3727 I SurfaceFlinger:      Device | 0x70de033800 | 0002 | RGBA_8888 |   0.0    0.0 1080.0 2220.0 |    0    0 1080 2220 | com.wallapop/com.rewallapop.ui.login.LoginActivity[29710]#0

11-14 09:30:07.900  3727  3727 I SurfaceFlinger:      Device | 0x70de034a00 | 0002 | RGBA_8888 |   0.0    0.0 1080.0 1701.0 |    0  519 1080 2220 | com.wallapop/com.rewallapop.ui.location.LocationPermissionActivity[29710]#0

11-14 09:30:07.920  3727  3727 I SurfaceFlinger:      Device | 0x70de033500 | 0002 | RGBA_8888 |   0.0    2.0 1080.0 2220.0 |    0    0 1080 2218 | com.wallapop/com.rewallapop.ui.login.LoginActivity[29710]#0

11-14 09:30:07.920  3727  3727 I SurfaceFlinger:      Client | 0x70de034580 | 0002 | RGBA_8888 |   0.0    0.0 1080.0 1723.0 |    0  497 1080 2220 | com.wallapop/com.rewallapop.ui.location.LocationPermissionActivity[29710]#0

11-14 09:30:07.984  3727  3727 I SurfaceFlinger:      Client | 0x70de034640 | 0002 | RGBA_8888 |   0.0   16.0 1080.0 2220.0 |    0    0 1080 2204 | com.wallapop/com.rewallapop.ui.login.LoginActivity[29710]#0

11-14 09:30:07.984  3727  3727 I SurfaceFlinger:      Client | 0x70de034580 | 0002 | RGBA_8888 |   0.0    0.0 1080.0 2014.0 |    0  206 1080 2220 | com.wallapop/com.rewallapop.ui.location.LocationPermissionActivity[29710]#0

11-14 09:30:08.158  4211  4310 I WindowManager: reset, Reparenting to original parent, shouldDeferScheduleAnimation=true, destroyLeash=true, surface=Surface(name=AppWindowToken{8dfe02b token=Token{8a5907a ActivityRecord{593a4a5 u0 com.wallapop/com.rewallapop.ui.location.LocationPermissionActivity t2158}}})/@0x45653a6, parent=Surface(name=Task=2158)/@0x10de3f9, parentNativeHandle=android.os.BinderProxy@b6fbc6f, caller=com.android.server.wm.SurfaceAnimator.lambda$getFinishedCallback$0:97 com.android.server.wm.-$$Lambda$SurfaceAnimator$SIBia0mND666K8lMCPsoid8pUTI.run:4 com.android.server.wm.AnimatingAppWindowTokenRegistry.endDeferringFinished:104 com.android.server.wm.AnimatingAppWindowTokenRegistry.notifyAboutToFinish:77 com.android.server.wm.AppWindowToken.shouldDeferAnimationFinish:2245

11-14 09:30:08.158  4211  4310 D SurfaceControl: reparent is called, sc=Surface(name=AppWindowToken{8dfe02b token=Token{8a5907a ActivityRecord{593a4a5 u0 com.wallapop/com.rewallapop.ui.location.LocationPermissionActivity t2158}}})/@0x45653a6, newParentHandle=android.os.BinderProxy@b6fbc6f, transaction=android.view.SurfaceControl$Transaction@589343d

11-14 09:30:08.158  4211  4310 D SurfaceControl: destroy(transaction), animation-leash is destroyed, sc=Surface(name=Surface(name=AppWindowToken{8dfe02b token=Token{8a5907a ActivityRecord{593a4a5 u0 com.wallapop/com.rewallapop.ui.location.LocationPermissionActivity t2158}}})/@0x45653a6 - animation-leash)/@0xea261e7, transaction=android.view.SurfaceControl$Transaction@589343d, caller=com.android.server.wm.SurfaceAnimator.reset:338 com.android.server.wm.SurfaceAnimator.lambda$getFinishedCallback$0:97 com.android.server.wm.-$$Lambda$SurfaceAnimator$SIBia0mND666K8lMCPsoid8pUTI.run:4 com.android.server.wm.AnimatingAppWindowTokenRegistry.endDeferringFinished:104 com.android.server.wm.AnimatingAppWindowTokenRegistry.notifyAboutToFinish:77 com.android.server.wm.AppWindowToken.shouldDeferAnimationFinish:2245 com.android.server.wm.SurfaceAnimator.lambda$getFinishedCallback$1:103

11-14 09:30:08.160  4211  4310 I WindowManager: reset, Reparenting to original parent, shouldDeferScheduleAnimation=false, destroyLeash=true, surface=Surface(name=AppWindowToken{beb2c45 token=Token{5c074bc ActivityRecord{6a48af u0 com.wallapop/com.rewallapop.ui.login.LoginActivity t2158}}})/@0x6d45a23, parent=Surface(name=Task=2158)/@0x10de3f9, parentNativeHandle=android.os.BinderProxy@b6fbc6f, caller=com.android.server.wm.SurfaceAnimator.lambda$getFinishedCallback$0:97 com.android.server.wm.-$$Lambda$SurfaceAnimator$SIBia0mND666K8lMCPsoid8pUTI.run:4 com.android.server.wm.SurfaceAnimator.lambda$getFinishedCallback$1:104 com.android.server.wm.-$$Lambda$SurfaceAnimator$vdRZk66hQVbQCvVXEaQCT1kVmFc.onAnimationFinished:4 com.android.server.wm.LocalAnimationAdapter.lambda$startAnimation$0:74

11-14 09:30:08.160  4211  4310 D SurfaceControl: reparent is called, sc=Surface(name=AppWindowToken{beb2c45 token=Token{5c074bc ActivityRecord{6a48af u0 com.wallapop/com.rewallapop.ui.login.LoginActivity t2158}}})/@0x6d45a23, newParentHandle=android.os.BinderProxy@b6fbc6f, transaction=android.view.SurfaceControl$Transaction@70969e

11-14 09:30:08.160  4211  4310 D SurfaceControl: destroy(transaction), animation-leash is destroyed, sc=Surface(name=Surface(name=AppWindowToken{beb2c45 token=Token{5c074bc ActivityRecord{6a48af u0 com.wallapop/com.rewallapop.ui.login.LoginActivity t2158}}})/@0x6d45a23 - animation-leash)/@0x4ffe9c9, transaction=android.view.SurfaceControl$Transaction@70969e, caller=com.android.server.wm.SurfaceAnimator.reset:338 com.android.server.wm.SurfaceAnimator.lambda$getFinishedCallback$0:97 com.android.server.wm.-$$Lambda$SurfaceAnimator$SIBia0mND666K8lMCPsoid8pUTI.run:4 com.android.server.wm.SurfaceAnimator.lambda$getFinishedCallback$1:104 com.android.server.wm.-$$Lambda$SurfaceAnimator$vdRZk66hQVbQCvVXEaQCT1kVmFc.onAnimationFinished:4 com.android.server.wm.LocalAnimationAdapter.lambda$startAnimation$0:74 com.android.server.wm.-$$Lambda$LocalAnimationAdapter$X--EomqUvw4qy89IeeTFTH7aCMo.run:4

11-14 09:30:08.161  4211  4310 V WindowManager: Setting visibility of Window{288b0b5 u0 com.wallapop/com.rewallapop.ui.login.LoginActivity}: false, caller=com.android.server.wm.WindowContainer.sendAppVisibilityToClients:615 com.android.server.wm.AppWindowToken.setClientHidden:460 com.android.server.wm.AppWindowToken.onAnimationFinished:2383 com.android.server.wm.-$$Lambda$yVRF8YoeNdTa8GR1wDStVsHu8xM.run:2 com.android.server.wm.SurfaceAnimator.lambda$getFinishedCallback$0:100

11-14 09:30:08.168  3727  5386 D Layer   : [AppWindowToken{8dfe02b token=Token{8a5907a ActivityRecord{593a4a5 u0 com.wallapop/com.rewallapop.ui.location.LocationPermissionActivity t2158}}}#0]::reparent oldParent:[Surface(name=AppWindowToken{8dfe02b token=Token{8a5907a ActivityRecord{593a4a5 u0 com.wallapop/com.rewallapop.ui.location.LocationPermissionActivity t2158}}})/@0x45653a6 - animation-leash#0], newParent:[Task=2158#0]

11-14 09:30:08.168  3727  5386 D Layer   : [AppWindowToken{beb2c45 token=Token{5c074bc ActivityRecord{6a48af u0 com.wallapop/com.rewallapop.ui.login.LoginActivity t2158}}}#0]::reparent oldParent:[Surface(name=AppWindowToken{beb2c45 token=Token{5c074bc ActivityRecord{6a48af u0 com.wallapop/com.rewallapop.ui.login.LoginActivity t2158}}})/@0x6d45a23 - animation-leash#0], newParent:[Task=2158#0]

11-14 09:30:08.168  3727  5386 I SurfaceFlinger: id=25874 Removed Surface(name=AppWindowToken{8dfe02b token=Token{8a5907a ActivityRecord{593a4a5 u0 com.wallapop/com.rewallapop.ui.location.LocationPermissionActivity t2158}}})/@0x45653a6 - animation-leash#0 (1/67)

11-14 09:30:08.168  3727  5386 I SurfaceFlinger: id=25873 Removed Surface(name=AppWindowToken{beb2c45 token=Token{5c074bc ActivityRecord{6a48af u0 com.wallapop/com.rewallapop.ui.login.LoginActivity t2158}}})/@0x6d45a23 - animation-leash#0 (0/65)

11-14 09:30:08.174  3727  3727 I Layer   : id=25874 onRemoved Surface(name=AppWindowToken{8dfe02b token=Token{8a5907a ActivityRecord{593a4a5 u0 com.wallapop/com.rewallapop.ui.location.LocationPermissionActivity t2158}}})/@0x45653a6 - animation-leash#0

11-14 09:30:08.174  3727  3727 I Layer   : id=25873 onRemoved Surface(name=AppWindowToken{beb2c45 token=Token{5c074bc ActivityRecord{6a48af u0 com.wallapop/com.rewallapop.ui.login.LoginActivity t2158}}})/@0x6d45a23 - animation-leash#0

11-14 09:30:08.182  3727  3727 I SurfaceFlinger:      Device | 0x70de034580 | 0002 | RGBA_8888 |   0.0    0.0 1080.0 2220.0 |    0    0 1080 2220 | com.wallapop/com.rewallapop.ui.location.LocationPermissionActivity[29710]#0

11-14 09:30:08.263  3727  5001 E BufferQueueProducer: [com.wallapop/com.rewallapop.ui.login.LoginActivity[29710]#0] disconnect: not connected (req=1)

11-14 09:30:08.266  4211  4679 V WindowManager: Remove Window{288b0b5 u0 com.wallapop/com.rewallapop.ui.login.LoginActivity}: mSurfaceController=Surface(name=com.wallapop/com.rewallapop.ui.login.LoginActivity[29710])/@0x3078769 mAnimatingExit=false mRemoveOnExit=false mHasSurface=true surfaceShowing=false isAnimationSet=false app-animation=false mWillReplaceWindow=false inPendingTransaction=false mDisplayFrozen=false callers=com.android.server.wm.WindowState.removeIfPossible:2764 com.android.server.wm.WindowManagerService.removeWindow:1943 com.android.server.wm.Session.remove:268 android.view.IWindowSession$Stub.onTransact:347 com.android.server.wm.Session.onTransact:186 android.os.Binder.execTransact:739

11-14 09:30:08.267  4211  4679 I WindowManager: Destroying surface Surface(name=com.wallapop/com.rewallapop.ui.login.LoginActivity[29710])/@0x3078769 called by com.android.server.wm.WindowStateAnimator.destroySurface:1901 com.android.server.wm.WindowStateAnimator.destroySurfaceLocked:838 com.android.server.wm.WindowState.removeImmediately:2743 com.android.server.wm.WindowState.removeIfPossible:2893 com.android.server.wm.WindowState.removeIfPossible:2764 com.android.server.wm.WindowManagerService.removeWindow:1943 com.android.server.wm.Session.remove:268 android.view.IWindowSession$Stub.onTransact:347

11-14 09:30:08.267  3727  5001 I SurfaceFlinger: id=25860 Removed com.wallapop/com.rewallapop.ui.login.LoginActivity[29710]#0 (0/63)

11-14 09:30:08.270  3727  5001 I SurfaceFlinger: id=25859 Removed 288b0b5 com.wallapop/com.rewallapop.ui.login.LoginActivity#0 (0/62)

11-14 09:30:08.273  4211  4679 I WindowManager: Cancelling animation restarting=false, leash=null, surface=Surface(name=AppWindowToken{beb2c45 token=Token{5c074bc ActivityRecord{6a48af u0 com.wallapop/com.rewallapop.ui.login.LoginActivity t2158}}})/@0x6d45a23, parent=Surface(name=Task=2158)/@0x10de3f9

11-14 09:30:08.273  3727  3727 I Layer   : id=25859 onRemoved 288b0b5 com.wallapop/com.rewallapop.ui.login.LoginActivity#0

11-14 09:30:08.273  3727  3727 I Layer   : id=25860 onRemoved com.wallapop/com.rewallapop.ui.login.LoginActivity[29710]#0

11-14 09:30:08.274  3727  5001 I SurfaceFlinger: id=25858 Removed AppWindowToken{beb2c45 token=Token{5c074bc ActivityRecord{6a48af u0 com.wallapop/com.rewallapop.ui.login.LoginActivity t2158}}}#0 (2/61)

11-14 09:30:08.290  3727  3727 I Layer   : id=25858 onRemoved AppWindowToken{beb2c45 token=Token{5c074bc ActivityRecord{6a48af u0 com.wallapop/com.rewallapop.ui.login.LoginActivity t2158}}}#0

11-14 09:30:10.062 30419 30478 I appium  : AppiumResponse: {"sessionId":"8f3c1e9d-de3b-4e18-9e89-e82c6fe4a50b","value":{"sessionId":"8f3c1e9d-de3b-4e18-9e89-e82c6fe4a50b","capabilities":{"firstMatch":[{"platform":"LINUX","webStorageEnabled":false,"takesScreenshot":true,"javascriptEnabled":true,"databaseEnabled":false,"networkConnectionEnabled":true,"locationContextEnabled":false,"warnings":{},"desired":{"platformName":"android","normalizeTagNames":true,"androidInstallTimeout":150000,"app":"","appActivity":"com.rewallapop.ui.main.MainActivity","appPackage":"com.wallapop","isHeadless":false,"skipDeviceInitialization":true,"autoAcceptAlerts":true,"autoGrantPermissions":true,"automationName":"UiAutomator2","avd":"","deviceName":"3200f02dc0aab5db","deviceReadyTimeout":1,"fullReset":false,"ignoreUnimportantViews":true,"newCommandTimeout":60,"noReset":true,"systemPort":8223,"udid":"3200f02dc0aab5db"},"platformName":"android","normalizeTagNames":true,"androidInstallTimeout":150000,"app":"","appActivity":"com.rewallapop.ui.main.MainActivity","appPackage":"com.wallapop","isHeadless":false,"skipDeviceInitialization":true,"autoAcceptAlerts":true,"autoGrantPermissions":true,"automationName":"UiAutomator2","avd":"","deviceName":"3200f02dc0aab5db","deviceReadyTimeout":1,"fullReset":false,"ignoreUnimportantViews":true,"newCommandTimeout":60,"noReset":true,"systemPort":8223,"udid":"3200f02dc0aab5db","deviceUDID":"3200f02dc0aab5db"}],"alwaysMatch":{}}}}

11-14 09:30:10.643  4211  6758 I ActivityManager: Force stopping com.wallapop appid=10313 user=0: from pid 30487 caller com.android.server.am.ActivityManagerShellCommand.runStartActivity:412

11-14 09:30:10.644  4211  6758 I ActivityManager: Killing 29710:com.wallapop/u0a313 (adj 0): stop com.wallapop,from pid 30487 caller com.android.server.am.ActivityManagerShellCommand.runStartActivity:412

11-14 09:30:10.660  4211  6758 W ActivityManager: Scheduling restart of crashed service com.wallapop/com.rewallapop.ui.debug.view.DebugActivity$Service in 1000ms

11-14 09:30:10.661  4211  6758 W ActivityManager: Force removing ActivityRecord{593a4a5 u0 com.wallapop/com.rewallapop.ui.location.LocationPermissionActivity t2158}: app died, no saved state

11-14 09:30:10.667 23911 23911 D Notification.Badge: [invalid] onNotificationRemoved : StatusBarNotification(pkg=com.wallapop user=UserHandle{0} id=999 tag=null key=0|com.wallapop|999|null|10313: Notification(channel=wallapop_channel pri=-2 contentView=null vibrate=null sound=null defaults=0x0 flags=0x62 color=0x00000000 vis=PRIVATE semFlags=0x0 semPriority=0 semMissedCount=0))

11-14 09:30:10.674  4211  6758 V WindowManager: Changing focus from Window{25dc0f6 u0 com.wallapop/com.rewallapop.ui.location.LocationPermissionActivity} to null Callers=com.android.server.wm.AppWindowToken.setVisibility:536 com.android.server.wm.AppWindowToken.onRemovedFromDisplay:766 com.android.server.wm.DisplayContent.removeAppToken:1079 com.android.server.wm.AppWindowContainerController.removeContainer:305

11-14 09:30:10.682  4211  6758 V WindowManager: Setting visibility of Window{25dc0f6 u0 com.wallapop/com.rewallapop.ui.location.LocationPermissionActivity}: false, caller=com.android.server.wm.WindowContainer.sendAppVisibilityToClients:615 com.android.server.wm.AppWindowToken.setClientHidden:460 com.android.server.wm.AppWindowToken.onAnimationFinished:2383 com.android.server.wm.AppWindowToken.setVisibility:551 com.android.server.wm.AppWindowToken.onRemovedFromDisplay:766

11-14 09:30:10.684  4211  6758 I WindowManager: Cancelling animation restarting=false, leash=null, surface=Surface(name=AppWindowToken{8dfe02b token=Token{8a5907a ActivityRecord{593a4a5 u0 com.wallapop/com.rewallapop.ui.location.LocationPermissionActivity t2158}}})/@0x45653a6, parent=Surface(name=Task=2158)/@0x10de3f9

11-14 09:30:10.685  4211  6758 V WindowManager: Remove Window{25dc0f6 u0 com.wallapop/com.rewallapop.ui.location.LocationPermissionActivity}: mSurfaceController=Surface(name=com.wallapop/com.rewallapop.ui.location.LocationPermissionActivity[29710])/@0x6fa4cf7 mAnimatingExit=false mRemoveOnExit=false mHasSurface=true surfaceShowing=false isAnimationSet=false app-animation=false mWillReplaceWindow=false inPendingTransaction=false mDisplayFrozen=false callers=com.android.server.wm.WindowState.removeIfPossible:2764 com.android.server.wm.WindowToken.removeAllWindowsIfPossible:150 com.android.server.wm.AppWindowToken.removeIfPossible:743 com.android.server.wm.AppWindowToken.onRemovedFromDisplay:819 com.android.server.wm.DisplayContent.removeAppToken:1079 com.android.server.wm.AppWindowContainerController.removeContainer:305

11-14 09:30:10.686  4211  6758 I WindowManager: Destroying surface Surface(name=com.wallapop/com.rewallapop.ui.location.LocationPermissionActivity[29710])/@0x6fa4cf7 called by com.android.server.wm.WindowStateAnimator.destroySurface:1901 com.android.server.wm.WindowStateAnimator.destroySurfaceLocked:838 com.android.server.wm.WindowState.removeImmediately:2743 com.android.server.wm.WindowState.removeIfPossible:2893 com.android.server.wm.WindowState.removeIfPossible:2764 com.android.server.wm.WindowToken.removeAllWindowsIfPossible:150 com.android.server.wm.AppWindowToken.removeIfPossible:743 com.android.server.wm.AppWindowToken.onRemovedFromDisplay:819

11-14 09:30:10.686  3727  5001 I SurfaceFlinger: id=25872 Removed com.wallapop/com.rewallapop.ui.location.LocationPermissionActivity[29710]#0 (0/61)

11-14 09:30:10.691  3727  3770 I SurfaceFlinger: id=25871 Removed 25dc0f6 com.wallapop/com.rewallapop.ui.location.LocationPermissionActivity#0 (0/60)

11-14 09:30:10.695  3727  3727 I Layer   : id=25872 onRemoved com.wallapop/com.rewallapop.ui.location.LocationPermissionActivity[29710]#0

11-14 09:30:10.697  3727  3727 I Layer   : id=25871 onRemoved 25dc0f6 com.wallapop/com.rewallapop.ui.location.LocationPermissionActivity#0

11-14 09:30:10.698  3727  3770 I SurfaceFlinger: id=25870 Removed AppWindowToken{8dfe02b token=Token{8a5907a ActivityRecord{593a4a5 u0 com.wallapop/com.rewallapop.ui.location.LocationPermissionActivity t2158}}}#0 (2/59)

11-14 09:30:10.699  4211  4242 D WindowManager: reportFocusChangedSerialized, focused=false, inTouchMode=true, win=Window{25dc0f6 u0 com.wallapop/com.rewallapop.ui.location.LocationPermissionActivity}

11-14 09:30:10.711  4211  6758 D StorageManagerService: getExternalStorageMountMode : final mountMode=1, uid : 10313, packageName : com.wallapop

11-14 09:30:10.711  4211  6758 I ApplicationPolicy: isApplicationExternalStorageWhitelisted:com.wallapop user:0

11-14 09:30:10.711  3727  3727 I Layer   : id=25870 onRemoved AppWindowToken{8dfe02b token=Token{8a5907a ActivityRecord{593a4a5 u0 com.wallapop/com.rewallapop.ui.location.LocationPermissionActivity t2158}}}#0

11-14 09:30:10.711  4211  6758 D ActivityManager: package  com.wallapop, user - 0 is SDcard whitelisted

11-14 09:30:10.712  4211  6758 I ApplicationPolicy: isApplicationExternalStorageBlacklisted:com.wallapop user:0

11-14 09:30:10.712  4211  6758 I ApplicationPolicy: isApplicationExternalStorageBlacklisted:com.wallapop user:0

11-14 09:30:10.715  4211  6758 V WindowManager: Setting visibility of Window{823cd87 u0 com.wallapop/com.rewallapop.ui.login.OnboardingActivity}: true, caller=com.android.server.wm.WindowContainer.sendAppVisibilityToClients:615 com.android.server.wm.AppWindowToken.setClientHidden:460 com.android.server.wm.AppWindowContainerController.setVisibility:440 com.android.server.am.ActivityRecord.setVisibility:1917 com.android.server.am.ActivityRecord.setVisible:1925

11-14 09:30:10.718  3727  3727 I SurfaceFlinger: id=25878 createSurf (4440x4440),2 flag=4, 1c6b38c Splash Screen com.wallapop#0

11-14 09:30:10.727  4211  6758 I ActivityManager:   Force finishing activity ActivityRecord{ea360d5 u0 com.wallapop/com.rewallapop.ui.wall.WallActivity t2158}

11-14 09:30:10.733  4211  4310 V WindowManager: Relayout Window{1c6b38c u0 Splash Screen com.wallapop}: viewVisibility=0 req=1080x2220 {(0,0)(fillxfill) sim={adjust=pan} ty=APPLICATION_STARTING wanim=0x10302fe

