Executed '[C703] Profile items: Sell an item to a buyer and do the review' on 03-07-2019
---------------------------------------------------------------------------------
07-03 17:47:30.493   874  1027 V MARsPolicyManager: updatePackagesScore PackageInfo name -- com.wallapop

07-03 17:47:30.513   874  1722 V AlarmManager:  remove PendingIntent] PendingIntent{b398b81: PendingIntentRecord{de40689 com.wallapop broadcastIntent}}

07-03 17:47:30.533   874  1028 D StatusBarManagerService: manageDisableList userId=0 what=0x0 pkg=Window{6dbca7 u0 d0 com.wallapop/com.wallapop.activities.PreferencesActivity}

07-03 17:47:30.583   874  1714 V WindowStateAnimator: Finishing drawing window Window{6dbca7 u0 d0 com.wallapop/com.wallapop.activities.PreferencesActivity}: mDrawState=DRAW_PENDING

07-03 17:47:30.603   874  1132 I ActivityManager: Displayed com.wallapop/.activities.PreferencesActivity: +123ms (total +24s100ms)

07-03 17:47:30.843   874  1132 I Timeline: Timeline: Activity_windows_visible id: ActivityRecord{b6e859a u0 com.wallapop/.activities.PreferencesActivity t880} time:55853545

07-03 17:47:31.653   874  1027 V MARsPolicyManager: updatePackagesScore PackageInfo name -- com.wallapop

07-03 17:47:31.703   874  1220 V AlarmManager:  remove PendingIntent] PendingIntent{ae7a2d6: PendingIntentRecord{de40689 com.wallapop broadcastIntent}}

07-03 17:47:31.753   874  1028 D StatusBarManagerService: manageDisableList userId=0 what=0x0 pkg=Window{c2570b5 u0 d0 com.wallapop/com.rewallapop.ui.wall.WallActivity}

07-03 17:47:31.983   874  1913 V WindowStateAnimator: Finishing drawing window Window{c2570b5 u0 d0 com.wallapop/com.rewallapop.ui.wall.WallActivity}: mDrawState=DRAW_PENDING

07-03 17:47:32.003   874  1132 I ActivityManager: Displayed com.wallapop/com.rewallapop.ui.wall.WallActivity: +351ms

07-03 17:47:32.243   874  1132 I Timeline: Timeline: Activity_windows_visible id: ActivityRecord{70e9bde u0 com.wallapop/com.rewallapop.ui.wall.WallActivity t880} time:55854942

07-03 17:47:32.303 27090 27090 W View    : requestLayout() improperly called by com.wallapop.design.view.WallapopTextView{eca1d83 V.ED..... ......ID 54,30-630,92 #7f0a08d2 app:id/wp__home__tv_bubble} during layout: running second layout pass

07-03 17:47:37.123 27090 27090 I Timeline: Timeline: Activity_launch_request id:com.wallapop time:55859823

07-03 17:47:37.133   874  1422 V WindowManager: addAppToken: AppWindowToken{4ed07d3 token=Token{5a56dc2 ActivityRecord{faf0a0d u0 com.wallapop/com.rewallapop.ui.user.profile.MyProfileActivity t880}}} to stack=1 task=880 at 1

07-03 17:47:37.183   874  1027 V MARsPolicyManager: updatePackagesScore PackageInfo name -- com.wallapop

07-03 17:47:37.193 27090 27090 W ResourcesManager: getTopLevelResources: /data/app/com.wallapop-1/base.apk / 1.0 running in com.wallapop rsrc of package null

07-03 17:47:37.203 27090 27090 W ResourcesManager: getTopLevelResources: /data/app/com.wallapop-1/base.apk / 1.0 running in com.wallapop rsrc of package null

07-03 17:47:37.223   874  2020 V AlarmManager:  remove PendingIntent] PendingIntent{180cf10: PendingIntentRecord{de40689 com.wallapop broadcastIntent}}

07-03 17:47:37.243   874   892 D ISSUE_DEBUG: InputChannelName : 660a40e com.wallapop/com.rewallapop.ui.user.profile.MyProfileActivity

07-03 17:47:37.263   874  1028 D StatusBarManagerService: manageDisableList userId=0 what=0x0 pkg=Window{660a40e u0 d0 com.wallapop/com.rewallapop.ui.user.profile.MyProfileActivity}

07-03 17:47:37.293   874   894 V WindowStateAnimator: Finishing drawing window Window{660a40e u0 d0 com.wallapop/com.rewallapop.ui.user.profile.MyProfileActivity}: mDrawState=DRAW_PENDING

07-03 17:47:37.303 27090 27090 I Timeline: Timeline: Activity_launch_request id:com.wallapop time:55860009

07-03 17:47:37.303   874  1132 I ActivityManager: Displayed com.wallapop/com.rewallapop.ui.user.profile.MyProfileActivity: +134ms

07-03 17:47:37.313   874  1723 V WindowManager: addAppToken: AppWindowToken{7a39e4b token=Token{86f31a ActivityRecord{ca86dc5 u0 com.wallapop/com.rewallapop.ui.user.profile.ProfileActivity t880}}} to stack=1 task=880 at 2

07-03 17:47:37.323   874  1028 D StatusBarManagerService: manageDisableList userId=0 what=0x0 pkg=Window{c2570b5 u0 d0 com.wallapop/com.rewallapop.ui.wall.WallActivity}

07-03 17:47:37.333   874  2020 V WindowStateAnimator: Finishing drawing window Window{660a40e u0 d0 com.wallapop/com.rewallapop.ui.user.profile.MyProfileActivity}: mDrawState=HAS_DRAWN

07-03 17:47:37.353   874  1027 V MARsPolicyManager: updatePackagesScore PackageInfo name -- com.wallapop

07-03 17:47:37.363 27090 27090 W ResourcesManager: getTopLevelResources: /data/app/com.wallapop-1/base.apk / 1.0 running in com.wallapop rsrc of package null

07-03 17:47:37.363 27090 27090 W ResourcesManager: getTopLevelResources: /data/app/com.wallapop-1/base.apk / 1.0 running in com.wallapop rsrc of package null

07-03 17:47:37.393   874  1914 V AlarmManager:  remove PendingIntent] PendingIntent{38bd427: PendingIntentRecord{de40689 com.wallapop broadcastIntent}}

07-03 17:47:37.413   874  1722 D ISSUE_DEBUG: InputChannelName : 483907d com.wallapop/com.rewallapop.ui.user.profile.ProfileActivity

07-03 17:47:37.453   874  1028 D StatusBarManagerService: manageDisableList userId=0 what=0x0 pkg=Window{483907d u0 d0 com.wallapop/com.rewallapop.ui.user.profile.ProfileActivity}

07-03 17:47:37.523   874  1661 V WindowStateAnimator: Finishing drawing window Window{483907d u0 d0 com.wallapop/com.rewallapop.ui.user.profile.ProfileActivity}: mDrawState=DRAW_PENDING

07-03 17:47:37.543   874  1132 I ActivityManager: Displayed com.wallapop/com.rewallapop.ui.user.profile.ProfileActivity: +198ms

07-03 17:47:37.543   874  1132 I Timeline: Timeline: Activity_windows_visible id: ActivityRecord{faf0a0d u0 com.wallapop/com.rewallapop.ui.user.profile.MyProfileActivity t880 f} time:55860247

07-03 17:47:37.583   874  5340 V WindowStateAnimator: Finishing drawing window Window{483907d u0 d0 com.wallapop/com.rewallapop.ui.user.profile.ProfileActivity}: mDrawState=HAS_DRAWN

07-03 17:47:37.793   874  1132 I Timeline: Timeline: Activity_windows_visible id: ActivityRecord{ca86dc5 u0 com.wallapop/com.rewallapop.ui.user.profile.ProfileActivity t880} time:55860492

07-03 17:47:37.883 27090 27090 W GmsClientEvents: unregisterConnectionFailedListener(): listener GooglePlayServicesHeadlessFragment{a2fde34 (b2deff5d-f37c-4d0b-95b0-4a26d940845a) com.wallapop.fragments.headless.GooglePlayServicesHeadlessFragment} not found

07-03 17:47:37.883 27090 27090 W GmsClientEvents: unregisterConnectionCallbacks(): listener GooglePlayServicesHeadlessFragment{a2fde34 (b2deff5d-f37c-4d0b-95b0-4a26d940845a) com.wallapop.fragments.headless.GooglePlayServicesHeadlessFragment} not found

07-03 17:47:37.883 27090 27090 V ActivityThread: updateVisibility : ActivityRecord{5457f2b token=android.os.BinderProxy@adc0cb8 {com.wallapop/com.rewallapop.ui.wall.WallActivity}} show : false

07-03 17:47:40.313 27090 27930 E WallapopError: 	at com.wallapop.kernel.l.a$a.a(SourceFile:5)

07-03 17:47:40.313 27090 27930 E WallapopError: 	at com.wallapop.kernel.l.g$a.a(SourceFile:8)

07-03 17:47:40.313 27090 27930 E WallapopError: 	at com.wallapop.kernel.l.a$a.b(SourceFile)

07-03 17:47:40.313 27090 27930 E WallapopError: 	at com.wallapop.kernel.extension.a.b(SourceFile:21)

07-03 17:47:40.673 27090 27090 W View    : requestLayout() improperly called by com.wallapop.design.view.WallapopTextView{1e4b2df V.ED..... ..S..AID 0,23-285,105 #7f0a0255 app:id/counterView} during layout: running second layout pass

07-03 17:47:41.873 27090 27098 W REALM_JAVA: Remember to call close() on all Realm instances. Realm /data/data/com.wallapop/files/feature_flags is being finalized without being closed, this can lead to running out of native memory.

07-03 17:47:47.403 27090 27090 I Timeline: Timeline: Activity_launch_request id:com.wallapop time:55870106

07-03 17:47:47.413   874  4874 V WindowManager: addAppToken: AppWindowToken{6367207 token=Token{3ae1046 ActivityRecord{faa5421 u0 com.wallapop/com.rewallapop.ui.item.ItemDetailActivity t880}}} to stack=1 task=880 at 2

07-03 17:47:47.453   874  1027 V MARsPolicyManager: updatePackagesScore PackageInfo name -- com.wallapop

07-03 17:47:47.463 27090 27090 W ResourcesManager: getTopLevelResources: /data/app/com.wallapop-1/base.apk / 1.0 running in com.wallapop rsrc of package null

07-03 17:47:47.463 27090 27090 W ResourcesManager: getTopLevelResources: /data/app/com.wallapop-1/base.apk / 1.0 running in com.wallapop rsrc of package null

07-03 17:47:47.493   874  1914 V AlarmManager:  remove PendingIntent] PendingIntent{456df34: PendingIntentRecord{de40689 com.wallapop broadcastIntent}}

07-03 17:47:47.543   874  1913 D ISSUE_DEBUG: InputChannelName : 4aaead2 com.wallapop/com.rewallapop.ui.item.ItemDetailActivity

07-03 17:47:47.563   874  1028 D StatusBarManagerService: manageDisableList userId=0 what=0x0 pkg=Window{4aaead2 u0 d0 com.wallapop/com.rewallapop.ui.item.ItemDetailActivity}

07-03 17:47:47.623   874  1422 V WindowStateAnimator: Finishing drawing window Window{4aaead2 u0 d0 com.wallapop/com.rewallapop.ui.item.ItemDetailActivity}: mDrawState=DRAW_PENDING

07-03 17:47:47.633   874  1132 I ActivityManager: Displayed com.wallapop/com.rewallapop.ui.item.ItemDetailActivity: +199ms

07-03 17:47:47.653   874  2732 V WindowStateAnimator: Finishing drawing window Window{4aaead2 u0 d0 com.wallapop/com.rewallapop.ui.item.ItemDetailActivity}: mDrawState=HAS_DRAWN

07-03 17:47:47.683 27090 28466 W System.err: remove failed: ENOENT (No such file or directory) : /data/user/0/com.wallapop/cache/okhttp/d04beca7689687e987c1d57ce3fbeefa.0

07-03 17:47:47.683 27090 28466 W System.err: remove failed: ENOENT (No such file or directory) : /data/user/0/com.wallapop/cache/okhttp/d04beca7689687e987c1d57ce3fbeefa.1

07-03 17:47:47.773 27090 28466 W System.err: remove failed: ENOENT (No such file or directory) : /data/user/0/com.wallapop/cache/okhttp/7237f1fe0285d0f99c6fda064aac1f60.0

07-03 17:47:47.773 27090 28466 W System.err: remove failed: ENOENT (No such file or directory) : /data/user/0/com.wallapop/cache/okhttp/7237f1fe0285d0f99c6fda064aac1f60.1

07-03 17:47:47.883   874  1132 I Timeline: Timeline: Activity_windows_visible id: ActivityRecord{faa5421 u0 com.wallapop/com.rewallapop.ui.item.ItemDetailActivity t880} time:55870586

07-03 17:47:47.993 27090 27090 W ResourcesManager: getTopLevelResources: /data/data/com.google.android.gms/app_chimera/m/0000003c/MapsDynamite.apk / 1.0 running in com.wallapop rsrc of package null

07-03 17:47:48.013 27090 27090 W ResourcesManager: getTopLevelResources: /data/data/com.google.android.gms/app_chimera/m/0000003c/MapsDynamite.apk / 1.0 running in com.wallapop rsrc of package null

07-03 17:47:48.113 27090 27325 W System.err: remove failed: ENOENT (No such file or directory) : /data/user/0/com.wallapop/cache/okhttp/bff93fb17a645c465ee7391832b8bf01.0

07-03 17:47:48.113 27090 27325 W System.err: remove failed: ENOENT (No such file or directory) : /data/user/0/com.wallapop/cache/okhttp/bff93fb17a645c465ee7391832b8bf01.1

07-03 17:47:48.483 27007 27377 W ByMatcher: Node returned null child: android.view.accessibility.AccessibilityNodeInfo@800d1a85; boundsInParent: Rect(0, 0 - 1080, 1920); boundsInScreen: Rect(0, 0 - 1080, 1920); packageName: com.wallapop; className: android.widget.FrameLayout; text: null; error: null; maxTextLength: -1; contentDescription: null; viewIdResName: null; checkable: false; checked: false; focusable: false; focused: false; selected: false; clickable: false; longClickable: false; contextClickable: false; enabled: true; password: false; scrollable: false; actions: [AccessibilityAction: ACTION_SELECT - null, AccessibilityAction: ACTION_CLEAR_SELECTION - null, AccessibilityAction: ACTION_ACCESSIBILITY_FOCUS - null, AccessibilityAction: ACTION_UNKNOWN - null]

07-03 17:47:48.483 27007 27377 W ByMatcher: Node returned null child: android.view.accessibility.AccessibilityNodeInfo@800d1a85; boundsInParent: Rect(0, 0 - 1080, 1920); boundsInScreen: Rect(0, 0 - 1080, 1920); packageName: com.wallapop; className: android.widget.FrameLayout; text: null; error: null; maxTextLength: -1; contentDescription: null; viewIdResName: null; checkable: false; checked: false; focusable: false; focused: false; selected: false; clickable: false; longClickable: false; contextClickable: false; enabled: true; password: false; scrollable: false; actions: [AccessibilityAction: ACTION_SELECT - null, AccessibilityAction: ACTION_CLEAR_SELECTION - null, AccessibilityAction: ACTION_ACCESSIBILITY_FOCUS - null, AccessibilityAction: ACTION_UNKNOWN - null]

07-03 17:47:49.223 27090 27090 V ActivityThread: updateVisibility : ActivityRecord{aa94d0c token=android.os.BinderProxy@1369bcd {com.wallapop/com.rewallapop.ui.user.profile.ProfileActivity}} show : false

07-03 17:47:49.263 27090 28489 W System.err: remove failed: ENOENT (No such file or directory) : /data/user/0/com.wallapop/cache/okhttp/ae0c94d67b06745fae88da7960ba031d.0

07-03 17:47:49.263 27090 28489 W System.err: remove failed: ENOENT (No such file or directory) : /data/user/0/com.wallapop/cache/okhttp/ae0c94d67b06745fae88da7960ba031d.1

07-03 17:47:49.313 27090 27324 W System.err: remove failed: ENOENT (No such file or directory) : /data/user/0/com.wallapop/cache/okhttp/cafd45cf2fceed706711497eaead6d9a.0

07-03 17:47:49.313 27090 27324 W System.err: remove failed: ENOENT (No such file or directory) : /data/user/0/com.wallapop/cache/okhttp/cafd45cf2fceed706711497eaead6d9a.1

07-03 17:47:49.533 27090 27786 W System.err: remove failed: ENOENT (No such file or directory) : /data/user/0/com.wallapop/cache/okhttp/9e1b80636be68c5bf853f090b8298d86.0

07-03 17:47:49.533 27090 27786 W System.err: remove failed: ENOENT (No such file or directory) : /data/user/0/com.wallapop/cache/okhttp/9e1b80636be68c5bf853f090b8298d86.1

07-03 17:47:50.003 27090 27098 W REALM_JAVA: Remember to call close() on all Realm instances. Realm /data/data/com.wallapop/files/feature_flags is being finalized without being closed, this can lead to running out of native memory.

07-03 17:47:50.813 27090 27290 W System.err: remove failed: ENOENT (No such file or directory) : /data/user/0/com.wallapop/cache/okhttp/0e813eb7ba92c734c1af39f69510b7d1.0

07-03 17:47:50.813 27090 27290 W System.err: remove failed: ENOENT (No such file or directory) : /data/user/0/com.wallapop/cache/okhttp/0e813eb7ba92c734c1af39f69510b7d1.1

07-03 17:47:50.823 27090 27090 I Timeline: Timeline: Activity_launch_request id:com.wallapop time:55873521

07-03 17:47:50.903   874  4874 V WindowManager: addAppToken: AppWindowToken{6f774ad token=Token{b387dc4 ActivityRecord{fd830d7 u0 com.wallapop/.activities.review.ReviewTransactionUserSelectionActivity t880}}} to stack=1 task=880 at 3

07-03 17:47:50.933 27090 28647 W ResourcesManager: getTopLevelResources: /data/data/com.google.android.gms/app_chimera/m/0000003b/GoogleCertificates.apk / 1.0 running in com.wallapop rsrc of package null

07-03 17:47:50.933 27090 28647 W ResourcesManager: getTopLevelResources: /data/data/com.google.android.gms/app_chimera/m/0000003b/GoogleCertificates.apk / 1.0 running in com.wallapop rsrc of package null

07-03 17:47:50.943   874  1027 V MARsPolicyManager: updatePackagesScore PackageInfo name -- com.wallapop

07-03 17:47:50.943 27090 27090 W ResourcesManager: getTopLevelResources: /data/app/com.wallapop-1/base.apk / 1.0 running in com.wallapop rsrc of package null

07-03 17:47:50.943 27090 27090 W ResourcesManager: getTopLevelResources: /data/app/com.wallapop-1/base.apk / 1.0 running in com.wallapop rsrc of package null

07-03 17:47:50.943 27090 27090 W ResourcesManager: getTopLevelResources: /data/app/com.wallapop-1/base.apk / 1.0 running in com.wallapop rsrc of package null

07-03 17:47:51.033   874   894 V AlarmManager:  remove PendingIntent] PendingIntent{f3f0c2e: PendingIntentRecord{de40689 com.wallapop broadcastIntent}}

07-03 17:47:51.063   874  1220 D ISSUE_DEBUG: InputChannelName : 327c15c com.wallapop/com.wallapop.activities.review.ReviewTransactionUserSelectionActivity

07-03 17:47:51.093   874  1028 D StatusBarManagerService: manageDisableList userId=0 what=0x0 pkg=Window{327c15c u0 d0 com.wallapop/com.wallapop.activities.review.ReviewTransactionUserSelectionActivity}

07-03 17:47:51.133   874  2020 V WindowStateAnimator: Finishing drawing window Window{327c15c u0 d0 com.wallapop/com.wallapop.activities.review.ReviewTransactionUserSelectionActivity}: mDrawState=DRAW_PENDING

07-03 17:47:51.153   874  1132 I ActivityManager: Displayed com.wallapop/.activities.review.ReviewTransactionUserSelectionActivity: +228ms

07-03 17:47:51.163   874   894 V WindowStateAnimator: Finishing drawing window Window{327c15c u0 d0 com.wallapop/com.wallapop.activities.review.ReviewTransactionUserSelectionActivity}: mDrawState=HAS_DRAWN

07-03 17:47:51.403   874  1132 I Timeline: Timeline: Activity_windows_visible id: ActivityRecord{fd830d7 u0 com.wallapop/.activities.review.ReviewTransactionUserSelectionActivity t880} time:55874100

07-03 17:47:51.453 27090 27090 V ActivityThread: updateVisibility : ActivityRecord{1335792 token=android.os.BinderProxy@32dbbf4 {com.wallapop/com.rewallapop.ui.item.ItemDetailActivity}} show : false

07-03 17:47:52.003 27007 27378 W ByMatcher: Node returned null child: android.view.accessibility.AccessibilityNodeInfo@80119af9; boundsInParent: Rect(0, 0 - 1080, 1920); boundsInScreen: Rect(0, 0 - 1080, 1920); packageName: com.wallapop; className: android.widget.FrameLayout; text: null; error: null; maxTextLength: -1; contentDescription: null; viewIdResName: null; checkable: false; checked: false; focusable: false; focused: false; selected: false; clickable: false; longClickable: false; contextClickable: false; enabled: true; password: false; scrollable: false; actions: [AccessibilityAction: ACTION_SELECT - null, AccessibilityAction: ACTION_CLEAR_SELECTION - null, AccessibilityAction: ACTION_ACCESSIBILITY_FOCUS - null, AccessibilityAction: ACTION_UNKNOWN - null]

07-03 17:47:52.013 27007 27378 W ByMatcher: Node returned null child: android.view.accessibility.AccessibilityNodeInfo@80119af9; boundsInParent: Rect(0, 0 - 1080, 1920); boundsInScreen: Rect(0, 0 - 1080, 1920); packageName: com.wallapop; className: android.widget.FrameLayout; text: null; error: null; maxTextLength: -1; contentDescription: null; viewIdResName: null; checkable: false; checked: false; focusable: false; focused: false; selected: false; clickable: false; longClickable: false; contextClickable: false; enabled: true; password: false; scrollable: false; actions: [AccessibilityAction: ACTION_SELECT - null, AccessibilityAction: ACTION_CLEAR_SELECTION - null, AccessibilityAction: ACTION_ACCESSIBILITY_FOCUS - null, AccessibilityAction: ACTION_UNKNOWN - null]

07-03 17:47:54.183 27090 27090 I Timeline: Timeline: Activity_launch_request id:com.wallapop time:55876882

07-03 17:47:54.203   874  1220 V WindowManager: addAppToken: AppWindowToken{430b992 token=Token{48be31d ActivityRecord{718dff4 u0 com.wallapop/com.rewallapop.ui.review.AfterSalesReviewActivity t880}}} to stack=1 task=880 at 4

07-03 17:47:54.263   874  1027 V MARsPolicyManager: updatePackagesScore PackageInfo name -- com.wallapop

07-03 17:47:54.263 27090 27090 W ResourcesManager: getTopLevelResources: /data/app/com.wallapop-1/base.apk / 1.0 running in com.wallapop rsrc of package null

07-03 17:47:54.273 27090 27090 W ResourcesManager: getTopLevelResources: /data/app/com.wallapop-1/base.apk / 1.0 running in com.wallapop rsrc of package null

07-03 17:47:54.323   874   894 V AlarmManager:  remove PendingIntent] PendingIntent{d096278: PendingIntentRecord{de40689 com.wallapop broadcastIntent}}

07-03 17:47:54.353   874  5340 D ISSUE_DEBUG: InputChannelName : 78ee6b7 com.wallapop/com.rewallapop.ui.review.AfterSalesReviewActivity

07-03 17:47:54.373   874  1028 D StatusBarManagerService: manageDisableList userId=0 what=0x0 pkg=Window{78ee6b7 u0 d0 com.wallapop/com.rewallapop.ui.review.AfterSalesReviewActivity}

07-03 17:47:54.433   874  1723 V WindowStateAnimator: Finishing drawing window Window{78ee6b7 u0 d0 com.wallapop/com.rewallapop.ui.review.AfterSalesReviewActivity}: mDrawState=DRAW_PENDING

07-03 17:47:54.443   874  1132 I ActivityManager: Displayed com.wallapop/com.rewallapop.ui.review.AfterSalesReviewActivity: +205ms

07-03 17:47:54.693   874  1132 I Timeline: Timeline: Activity_windows_visible id: ActivityRecord{718dff4 u0 com.wallapop/com.rewallapop.ui.review.AfterSalesReviewActivity t880} time:55877397

07-03 17:47:54.733 27090 27090 V ActivityThread: updateVisibility : ActivityRecord{a49699c token=android.os.BinderProxy@ca9a226 {com.wallapop/com.wallapop.activities.review.ReviewTransactionUserSelectionActivity}} show : false

07-03 17:47:55.293 27007 27059 W ByMatcher: Node returned null child: android.view.accessibility.AccessibilityNodeInfo@801355f0; boundsInParent: Rect(0, 0 - 1080, 1920); boundsInScreen: Rect(0, 0 - 1080, 1920); packageName: com.wallapop; className: android.widget.FrameLayout; text: null; error: null; maxTextLength: -1; contentDescription: null; viewIdResName: null; checkable: false; checked: false; focusable: false; focused: false; selected: false; clickable: false; longClickable: false; contextClickable: false; enabled: true; password: false; scrollable: false; actions: [AccessibilityAction: ACTION_SELECT - null, AccessibilityAction: ACTION_CLEAR_SELECTION - null, AccessibilityAction: ACTION_ACCESSIBILITY_FOCUS - null, AccessibilityAction: ACTION_UNKNOWN - null]

07-03 17:47:55.303 27007 27059 W ByMatcher: Node returned null child: android.view.accessibility.AccessibilityNodeInfo@801355f0; boundsInParent: Rect(0, 0 - 1080, 1920); boundsInScreen: Rect(0, 0 - 1080, 1920); packageName: com.wallapop; className: android.widget.FrameLayout; text: null; error: null; maxTextLength: -1; contentDescription: null; viewIdResName: null; checkable: false; checked: false; focusable: false; focused: false; selected: false; clickable: false; longClickable: false; contextClickable: false; enabled: true; password: false; scrollable: false; actions: [AccessibilityAction: ACTION_SELECT - null, AccessibilityAction: ACTION_CLEAR_SELECTION - null, AccessibilityAction: ACTION_ACCESSIBILITY_FOCUS - null, AccessibilityAction: ACTION_UNKNOWN - null]

07-03 17:48:00.963 27090 27098 W REALM_JAVA: Remember to call close() on all Realm instances. Realm /data/data/com.wallapop/files/feature_flags is being finalized without being closed, this can lead to running out of native memory.

07-03 17:48:00.973 27090 27098 W REALM_JAVA: Remember to call close() on all Realm instances. Realm /data/data/com.wallapop/files/feature_flags is being finalized without being closed, this can lead to running out of native memory.

07-03 17:48:01.193 27090 27090 I Timeline: Timeline: Activity_launch_request id:com.wallapop time:55883890

07-03 17:48:01.203   874   892 V WindowManager: addAppToken: AppWindowToken{8d71dbc token=Token{67df5af ActivityRecord{a28398e u0 com.wallapop/.activities.SuccessActivity t880}}} to stack=1 task=880 at 5

07-03 17:48:01.223   874  1027 V MARsPolicyManager: updatePackagesScore PackageInfo name -- com.wallapop

07-03 17:48:01.253 27090 27090 W ResourcesManager: getTopLevelResources: /data/app/com.wallapop-1/base.apk / 1.0 running in com.wallapop rsrc of package null

07-03 17:48:01.253 27090 27090 W ResourcesManager: getTopLevelResources: /data/app/com.wallapop-1/base.apk / 1.0 running in com.wallapop rsrc of package null

07-03 17:48:01.263 27090 27090 W ResourcesManager: getTopLevelResources: /data/app/com.wallapop-1/base.apk / 1.0 running in com.wallapop rsrc of package null

07-03 17:48:01.293   874  1714 V AlarmManager:  remove PendingIntent] PendingIntent{a0f2145: PendingIntentRecord{de40689 com.wallapop broadcastIntent}}

07-03 17:48:01.333   874  4874 D ISSUE_DEBUG: InputChannelName : 5be3dcb com.wallapop/com.wallapop.activities.SuccessActivity

07-03 17:48:01.353   874  1028 D StatusBarManagerService: manageDisableList userId=0 what=0x0 pkg=Window{5be3dcb u0 d0 com.wallapop/com.wallapop.activities.SuccessActivity}

07-03 17:48:01.403   874  1723 V WindowStateAnimator: Finishing drawing window Window{5be3dcb u0 d0 com.wallapop/com.wallapop.activities.SuccessActivity}: mDrawState=DRAW_PENDING

07-03 17:48:01.413   874  1132 I ActivityManager: Displayed com.wallapop/.activities.SuccessActivity: +199ms

07-03 17:48:01.433   874  1914 V WindowStateAnimator: Finishing drawing window Window{5be3dcb u0 d0 com.wallapop/com.wallapop.activities.SuccessActivity}: mDrawState=HAS_DRAWN

07-03 17:48:01.663   874  1132 I Timeline: Timeline: Activity_windows_visible id: ActivityRecord{a28398e u0 com.wallapop/.activities.SuccessActivity t880} time:55884362

07-03 17:48:02.803   874  1027 V MARsPolicyManager: updatePackagesScore PackageInfo name -- com.wallapop

07-03 17:48:02.843   874  1027 V MARsPolicyManager: updatePackagesScore PackageInfo name -- com.wallapop

07-03 17:48:02.903   874  1722 V AlarmManager:  remove PendingIntent] PendingIntent{abe2fbb: PendingIntentRecord{de40689 com.wallapop broadcastIntent}}

07-03 17:48:02.983   874  1028 D StatusBarManagerService: manageDisableList userId=0 what=0x0 pkg=Window{4aaead2 u0 d0 com.wallapop/com.rewallapop.ui.item.ItemDetailActivity}

07-03 17:48:03.113   874  1723 V WindowStateAnimator: Finishing drawing window Window{4aaead2 u0 d0 com.wallapop/com.rewallapop.ui.item.ItemDetailActivity}: mDrawState=DRAW_PENDING

07-03 17:48:03.123   874  1132 I ActivityManager: Displayed com.wallapop/com.rewallapop.ui.item.ItemDetailActivity: +286ms (total +327ms)

07-03 17:48:03.373   874  1132 I Timeline: Timeline: Activity_windows_visible id: ActivityRecord{faa5421 u0 com.wallapop/com.rewallapop.ui.item.ItemDetailActivity t880} time:55886077


