Executed '[C740] Help: Access and sections' on 18-07-2019
---------------------------------------------------------------------------------
07-18 09:43:10.130   800   800 D EdgeLight: Turning on edge light for notification (NotificationRecord(0x06f8b5c1: pkg=com.wallapop user=UserHandle{0} id=1 tag=42c302af-c28c-405f-b946-b8e1a0e8bf60 score=0 key=0|com.wallapop|1|42c302af-c28c-405f-b946-b8e1a0e8bf60|10285: Notification(pri=0 contentView=null vibrate=default sound=default defaults=0xffffffff flags=0x11 color=0x00000000 vis=PRIVATE secFlags=0x0 secPriority=0))) with color=ffffffff

07-18 09:43:10.220   800   800 D EdgeLight: Turning on edge light for notification (NotificationRecord(0x06f8b5c1: pkg=com.wallapop user=UserHandle{0} id=1 tag=42c302af-c28c-405f-b946-b8e1a0e8bf60 score=0 key=0|com.wallapop|1|42c302af-c28c-405f-b946-b8e1a0e8bf60|10285: Notification(pri=0 contentView=null vibrate=default sound=default defaults=0xffffffff flags=0x11 color=0x00000000 vis=PRIVATE secFlags=0x0 secPriority=0))) with color=ffffffff

07-18 09:43:13.100   800  3544 I ActivityManager: Force stopping com.wallapop appid=10285 user=0: from pid 2890

07-18 09:43:13.120   800   800 V AlarmManager: Remove alarm for next reason : android.intent.action.PACKAGE_RESTARTED : package: com.wallapop

07-18 09:43:13.150 32410 32410 I ClearDataReceiver: [#DCM#] Intent Data: package:com.wallapop

07-18 09:43:13.380   800  1708 V WindowManager: addAppToken: AppWindowToken{9f6cd2c token=Token{5f9fcdf ActivityRecord{2601f7e u0 com.wallapop/com.rewallapop.ui.main.MainActivity t1146}}} to stack=1 task=1146 at 0

07-18 09:43:13.410   800  2468 I ActivityManager: Start proc 2989:com.wallapop/u0a285 for activity com.wallapop/com.rewallapop.ui.main.MainActivity

07-18 09:43:13.410  2989  2989 W SELinux : SELinux: seapp_context_lookup: seinfo=default, level=s0:c512,c768, pkgname=com.wallapop

07-18 09:43:13.420   800   961 D ISSUE_DEBUG: InputChannelName : 8264a30 Starting com.wallapop

07-18 09:43:13.470   800   827 D ActivityManager:  Launching com.wallapop, updated priority

07-18 09:43:13.490   800   889 V MARsPolicyManager: updatePackagesScore PackageInfo name -- com.wallapop

07-18 09:43:13.500  2989  2989 W ResourcesManager: getTopLevelResources: /data/app/com.wallapop-1/base.apk / 1.0 running in com.wallapop rsrc of package null

07-18 09:43:13.510   800   961 V WindowStateAnimator: Finishing drawing window Window{8264a30 u0 d0 Starting com.wallapop}: mDrawState=DRAW_PENDING

07-18 09:43:13.530   800   891 D StatusBarManagerService: manageDisableList userId=0 what=0x0 pkg=Window{8264a30 u0 d0 Starting com.wallapop}

07-18 09:43:13.940  2989  2989 W ResourcesManager: getTopLevelResources: /data/app/com.wallapop-1/base.apk / 1.0 running in com.wallapop rsrc of package null

07-18 09:43:13.940  2989  3011 W ResourcesManager: getTopLevelResources: /data/app/com.google.android.gms-1/base.apk / 1.0 running in com.wallapop rsrc of package null

07-18 09:43:13.940  2989  3017 W ResourcesManager: getTopLevelResources: /data/app/com.google.android.gms-1/base.apk / 1.0 running in com.wallapop rsrc of package null

07-18 09:43:13.940  2989  3019 W System.err: remove failed: ENOENT (No such file or directory) : /data/user/0/com.wallapop/files/AppEventsLogger.persistedevents

07-18 09:43:13.950  2989  3009 W ResourcesManager: getTopLevelResources: /data/app/com.wallapop-1/base.apk / 1.0 running in com.wallapop rsrc of package null

07-18 09:43:13.960  2989  2989 W ResourcesManager: getTopLevelResources: /data/app/com.wallapop-1/base.apk / 1.0 running in com.wallapop rsrc of package null

07-18 09:43:13.970  2989  2989 W ResourcesManager: getTopLevelResources: /data/app/com.wallapop-1/base.apk / 1.0 running in com.wallapop rsrc of package null

07-18 09:43:13.970  2989  3009 I FA      :   adb shell setprop debug.firebase.analytics.app com.wallapop

07-18 09:43:13.980   800  1891 V AlarmManager:  remove PendingIntent] PendingIntent{e331b1d: PendingIntentRecord{3739192 com.wallapop broadcastIntent}}

07-18 09:43:14.320  2989  3044 W ResourcesManager: getTopLevelResources: /data/app/com.google.android.gms-1/base.apk / 1.0 running in com.wallapop rsrc of package null

07-18 09:43:14.780  2989  2989 W System.err: mkdir failed: EEXIST (File exists) : /data/user/0/com.wallapop/cache/okhttp

07-18 09:43:15.530  2989  3048 I FirebasePerformance: Logging NetworkRequestMetric - https://settings.crashlytics.com/spi/v2/platforms/android/apps/com.wallapop/settings 1531b 964ms,

07-18 09:43:15.900  2989  3072 I stetho  : Listening on @stetho_com.wallapop_devtools_remote

07-18 09:43:15.910  2989  2989 I art     : Rejecting re-init on previously-failed class java.lang.Class<com.wallapop.clickstream.JobIntentService$f>

07-18 09:43:15.910  2989  2989 I art     : Rejecting re-init on previously-failed class java.lang.Class<com.wallapop.clickstream.JobIntentService$f>

07-18 09:43:16.040  2989  2989 W ResourcesManager: getTopLevelResources: /data/app/com.google.android.gms-1/base.apk / 1.0 running in com.wallapop rsrc of package null

07-18 09:43:16.240  2989  2989 W ResourcesManager: getTopLevelResources: /data/app/com.google.android.gms-1/base.apk / 1.0 running in com.wallapop rsrc of package null

07-18 09:43:16.280  2989  2989 W ResourcesManager: getTopLevelResources: /data/app/com.google.android.gms-1/base.apk / 1.0 running in com.wallapop rsrc of package null

07-18 09:43:16.280  2989  3074 W System.err: remove failed: ENOENT (No such file or directory) : /data/user/0/com.wallapop/files/tfidf.db

07-18 09:43:16.300  2989  3074 W System.err: remove failed: ENOENT (No such file or directory) : /data/user/0/com.wallapop/databases/__hs__db_error_reports

07-18 09:43:16.300  2989  3074 W System.err: remove failed: ENOENT (No such file or directory) : /data/user/0/com.wallapop/databases/__hs__db_error_reports-journal

07-18 09:43:16.300  2989  3074 W System.err: remove failed: ENOENT (No such file or directory) : /data/user/0/com.wallapop/databases/__hs__db_error_reports-shm

07-18 09:43:16.300  2989  3074 W System.err: remove failed: ENOENT (No such file or directory) : /data/user/0/com.wallapop/databases/__hs__db_error_reports-wal

07-18 09:43:16.320  2989  2989 W ResourcesManager: getTopLevelResources: /data/data/com.google.android.gms/app_chimera/m/0000003f/dl-AdsFdrDynamite.integ_20300000008.apk / 1.0 running in com.wallapop rsrc of package null

07-18 09:43:16.350  2989  2989 W ResourcesManager: getTopLevelResources: /data/data/com.google.android.gms/app_chimera/m/0000003f/dl-AdsFdrDynamite.integ_20300000008.apk / 1.0 running in com.wallapop rsrc of package null

07-18 09:43:16.390  2989  2989 W ResourcesManager: getTopLevelResources: /data/app/com.google.android.gms-1/base.apk / 1.0 running in com.wallapop rsrc of package null

07-18 09:43:16.520  2989  2989 W ResourcesManager: getTopLevelResources: /data/app/com.google.android.webview-2/base.apk / 1.0 running in com.wallapop rsrc of package null

07-18 09:43:16.580  2989  3101 W ResourcesManager: getTopLevelResources: /data/app/com.google.android.webview-2/base.apk / 1.0 running in com.wallapop rsrc of package null

07-18 09:43:19.480   800  1280 V AlarmManager:  remove PendingIntent] PendingIntent{55a3974: PendingIntentRecord{8a3fe9d com.wallapop broadcastIntent}}

07-18 09:43:19.520  2989  2989 W ResourcesManager: getTopLevelResources: /data/app/com.wallapop-1/base.apk / 1.0 running in com.wallapop rsrc of package null

07-18 09:43:19.540  2989  2989 W ResourcesManager: getTopLevelResources: /data/app/com.wallapop-1/base.apk / 1.0 running in com.wallapop rsrc of package null

07-18 09:43:19.840   800  2250 V AlarmManager:  remove PendingIntent] PendingIntent{aef430c: PendingIntentRecord{5956455 com.wallapop broadcastIntent}}

07-18 09:43:19.860   800  1280 D LocationManagerService: request 4475f5b passive Request[POWER_NONE passive fastest=0 num=1] from com.wallapop(10285)

07-18 09:43:19.860   800  1280 I AppOps  : sendInfoToFLP, code=41 , uid=10285 , packageName=com.wallapop , type=startOp

07-18 09:43:19.980  2989  2989 W System.err: remove failed: ENOENT (No such file or directory) : /data/user/0/com.wallapop/cache/okhttp/journal.tmp

07-18 09:43:20.010  2989  2989 I Timeline: Timeline: Activity_launch_request id:com.wallapop time:73427595

07-18 09:43:20.020   800  1891 V WindowManager: addAppToken: AppWindowToken{ed3c0c2 token=Token{26c90d ActivityRecord{6b8e7a4 u0 com.wallapop/com.rewallapop.ui.wall.WallActivity t1146}}} to stack=1 task=1146 at 1

07-18 09:43:20.020   800   891 D StatusBarManagerService: manageDisableList userId=0 what=0x0 pkg=Window{8264a30 u0 d0 Starting com.wallapop}

07-18 09:43:20.160   800   889 D ApplicationPolicy: isStatusBarNotificationAllowedAsUser: packageName = com.wallapop,userId = 0

07-18 09:43:20.180   800   889 V MARsPolicyManager: updatePackagesScore PackageInfo name -- com.wallapop

07-18 09:43:20.190   800   800 D MARsPolicyManager: NotificationListenerService OngoingNotificationPosted : com.wallapop

07-18 09:43:20.200  1387  1387 W ResourcesManager: getTopLevelResources: /data/app/com.wallapop-1/base.apk / 1.0 running in com.android.systemui rsrc of package null

07-18 09:43:20.220  2989  2989 W ResourcesManager: getTopLevelResources: /data/app/com.wallapop-1/base.apk / 1.0 running in com.wallapop rsrc of package null

07-18 09:43:20.230  2989  2989 W ResourcesManager: getTopLevelResources: /data/app/com.wallapop-1/base.apk / 1.0 running in com.wallapop rsrc of package null

07-18 09:43:20.230  2989  3114 W System.err: mkdir failed: EEXIST (File exists) : /data/user/0/com.wallapop/cache/WebView/Crash Reports

07-18 09:43:20.260  1387  1387 W ResourcesManager: getTopLevelResources: /data/app/com.wallapop-1/base.apk / 1.0 running in com.android.systemui rsrc of package null

07-18 09:43:20.260  1387  1387 W ResourcesManager: getTopLevelResources: /data/app/com.wallapop-1/base.apk / 1.0 running in com.android.systemui rsrc of package null

07-18 09:43:20.270  1387  1387 W ResourcesManager: getTopLevelResources: /data/app/com.wallapop-1/base.apk / 1.0 running in com.android.systemui rsrc of package null

07-18 09:43:20.320   800  1845 V AlarmManager:  remove PendingIntent] PendingIntent{458152f: PendingIntentRecord{5956455 com.wallapop broadcastIntent}}

07-18 09:43:20.900  2989  3019 W System.err: remove failed: ENOENT (No such file or directory) : /data/user/0/com.wallapop/files/AppEventsLogger.persistedevents

07-18 09:43:20.970   800  2250 D ISSUE_DEBUG: InputChannelName : f2ac9ca com.wallapop/com.rewallapop.ui.wall.WallActivity

07-18 09:43:21.160   800   891 D StatusBarManagerService: manageDisableList userId=0 what=0x0 pkg=Window{f2ac9ca u0 d0 com.wallapop/com.rewallapop.ui.wall.WallActivity}

07-18 09:43:21.440   800  1896 V WindowStateAnimator: Finishing drawing window Window{f2ac9ca u0 d0 com.wallapop/com.rewallapop.ui.wall.WallActivity}: mDrawState=DRAW_PENDING

07-18 09:43:21.440   800   961 I ActivityManager: Displayed com.wallapop/com.rewallapop.ui.wall.WallActivity: +1s272ms (total +8s48ms)

07-18 09:43:21.450   800   961 I Timeline: Timeline: Activity_windows_visible id: ActivityRecord{6b8e7a4 u0 com.wallapop/com.rewallapop.ui.wall.WallActivity t1146} time:73429033

07-18 09:43:21.560   800  1845 V WindowStateAnimator: Finishing drawing window Window{f2ac9ca u0 d0 com.wallapop/com.rewallapop.ui.wall.WallActivity}: mDrawState=HAS_DRAWN

07-18 09:43:21.740   800  1280 I AppOps  : sendInfoToFLP, code=41 , uid=10285 , packageName=com.wallapop , type=startOp

07-18 09:43:25.160  2989  2989 I Timeline: Timeline: Activity_launch_request id:com.wallapop time:73432740

07-18 09:43:25.160   800  1423 W ActivityManager: startActivity called from non-Activity context; forcing Intent.FLAG_ACTIVITY_NEW_TASK for: Intent { cmp=com.wallapop/com.rewallapop.ui.login.OnboardingActivity (has extras) }

07-18 09:43:25.180   800  1423 V WindowManager: addAppToken: AppWindowToken{b1cbea3 token=Token{f997dd2 ActivityRecord{348105d u0 com.wallapop/com.rewallapop.ui.login.OnboardingActivity t1146}}} to stack=1 task=1146 at 1

07-18 09:43:25.230   800   889 V MARsPolicyManager: updatePackagesScore PackageInfo name -- com.wallapop

07-18 09:43:25.230  2989  2989 W ResourcesManager: getTopLevelResources: /data/app/com.wallapop-1/base.apk / 1.0 running in com.wallapop rsrc of package null

07-18 09:43:25.230  2989  2989 W ResourcesManager: getTopLevelResources: /data/app/com.wallapop-1/base.apk / 1.0 running in com.wallapop rsrc of package null

07-18 09:43:25.230  2989  3361 W ResourcesManager: getTopLevelResources: /data/app/com.google.android.gms-1/base.apk / 1.0 running in com.wallapop rsrc of package null

07-18 09:43:25.300   800  1280 V AlarmManager:  remove PendingIntent] PendingIntent{8105691: PendingIntentRecord{5956455 com.wallapop broadcastIntent}}

07-18 09:43:25.530   800  1891 D ISSUE_DEBUG: InputChannelName : 5db91ce com.wallapop/com.rewallapop.ui.login.OnboardingActivity

07-18 09:43:25.540   800   891 D StatusBarManagerService: manageDisableList userId=0 what=0x0 pkg=Window{5db91ce u0 d0 com.wallapop/com.rewallapop.ui.login.OnboardingActivity}

07-18 09:43:25.640 32257 32267 I Finsky  : [5328] fmk.b(2): com.wallapop: Account determined from installer data - [iyuiBytbk-Sv2FWK0M6qH-HKJNU]

07-18 09:43:25.640 32257 32267 I Finsky  : [5328] fmk.b(2): com.wallapop: Account from preferred account - [iyuiBytbk-Sv2FWK0M6qH-HKJNU]

07-18 09:43:25.680  2989  3361 D Amazon DTB Ads API: with json params:[{"adsdk":"aps-android-7.4.3","gdpr":{"e":"1","c":"BAAAAAAOa0ob7AcABBENBtAAAAAh6AAA"},"oo":"false","mraid":["1.0","2.0","3.0"],"ua":"Dalvik\/2.1.0 (Linux; U; Android 6.0.1; SM-G900F Build\/MMB29M)","geoloc":"41.4058395,2.1864875,18.652","idfa":"1e214c05-ac1e-4c82-ae75-fb207f9c9c8a","appId":"d2ba46e2d5ef4c9883051d9c8d0125d5","ad-id":"A-6j1GeULkCtsqbiEmqTO1M","slots":[{"sz":"320x50","slot":"f414d83c-ab9f-4e02-9c59-5137663ee6c7","slotId":1,"supportedMediaTypes":["DISPLAY"]}],"dinfo":{"os":"Android","model":"SM-G900F","make":"samsung","osVersion":"6.0.1","connectionType":"13","country":"ES","scalingFactor":"3.0","carrier":"JAZZTEL","language":"es","screenSize":"1080x1920","orientation":"portrait"},"pkg":{"lbl":"_Wallapop_","pn":"com.wallapop","v":"1770000","vn":"1.77.0-d1907041436"},"isDTBMobile":"true"}]

07-18 09:43:25.690 32257 32268 I Finsky  : [5329] fmk.b(2): com.wallapop: Account determined from installer data - [iyuiBytbk-Sv2FWK0M6qH-HKJNU]

07-18 09:43:25.690 32257 32268 I Finsky  : [5329] fmk.b(2): com.wallapop: Account from preferred account - [iyuiBytbk-Sv2FWK0M6qH-HKJNU]

07-18 09:43:25.750   800  1845 V WindowStateAnimator: Finishing drawing window Window{5db91ce u0 d0 com.wallapop/com.rewallapop.ui.login.OnboardingActivity}: mDrawState=DRAW_PENDING

07-18 09:43:25.760   800   961 I ActivityManager: Displayed com.wallapop/com.rewallapop.ui.login.OnboardingActivity: +556ms

07-18 09:43:25.840   800   827 V WindowStateAnimator: Finishing drawing window Window{5db91ce u0 d0 com.wallapop/com.rewallapop.ui.login.OnboardingActivity}: mDrawState=HAS_DRAWN

07-18 09:43:25.890  2989  2989 W ResourcesManager: getTopLevelResources: /data/app/com.google.android.gms-1/base.apk / 1.0 running in com.wallapop rsrc of package null

07-18 09:43:26.010   800   961 I Timeline: Timeline: Activity_windows_visible id: ActivityRecord{348105d u0 com.wallapop/com.rewallapop.ui.login.OnboardingActivity t1146} time:73433599

07-18 09:43:26.520  2989  2989 W View    : requestLayout() improperly called by com.wallapop.design.view.WallapopTextView{cd5a0e V.ED..... ......ID 54,30-54,92 #7f0a08d3 app:id/wp__home__tv_bubble} during layout: running second layout pass

07-18 09:43:26.530 32257  3371 I Finsky  : [5400] fmk.b(2): com.wallapop: Account determined from installer data - [iyuiBytbk-Sv2FWK0M6qH-HKJNU]

07-18 09:43:26.530 32257  3371 I Finsky  : [5400] fmk.b(2): com.wallapop: Account from preferred account - [iyuiBytbk-Sv2FWK0M6qH-HKJNU]

07-18 09:43:27.060  2989  3434 W ResourcesManager: getTopLevelResources: /data/data/com.google.android.gms/app_chimera/m/0000003f/dl-AdsFdrDynamite.integ_20300000008.apk / 1.0 running in com.wallapop rsrc of package null

07-18 09:43:27.710   800  2250 I AppOps  : sendInfoToFLP, code=41 , uid=10285 , packageName=com.wallapop , type=finishOp

07-18 09:43:27.710  2989  2989 V ActivityThread: updateVisibility : ActivityRecord{338e58d token=android.os.BinderProxy@e6a8625 {com.wallapop/com.rewallapop.ui.wall.WallActivity}} show : false

07-18 09:43:31.210   800   889 V MARsPolicyManager: updatePackagesScore PackageInfo name -- com.wallapop

07-18 09:43:31.270   800  3544 V AlarmManager:  remove PendingIntent] PendingIntent{933e21d: PendingIntentRecord{5956455 com.wallapop broadcastIntent}}

07-18 09:43:31.330   800   891 D StatusBarManagerService: manageDisableList userId=0 what=0x0 pkg=Window{f2ac9ca u0 d0 com.wallapop/com.rewallapop.ui.wall.WallActivity}

07-18 09:43:31.520   800  1280 V WindowStateAnimator: Finishing drawing window Window{f2ac9ca u0 d0 com.wallapop/com.rewallapop.ui.wall.WallActivity}: mDrawState=DRAW_PENDING

07-18 09:43:31.540   800   961 I ActivityManager: Displayed com.wallapop/com.rewallapop.ui.wall.WallActivity: +337ms

07-18 09:43:31.760  2989  2989 W View    : requestLayout() improperly called by com.wallapop.design.view.WallapopTextView{cd5a0e V.ED..... ......ID 54,30-630,92 #7f0a08d3 app:id/wp__home__tv_bubble} during layout: running second layout pass

07-18 09:43:31.790   800   961 I Timeline: Timeline: Activity_windows_visible id: ActivityRecord{6b8e7a4 u0 com.wallapop/com.rewallapop.ui.wall.WallActivity t1146} time:73439375

07-18 09:43:35.950 32257 32267 I Finsky  : [5328] fmk.b(2): com.wallapop: Account determined from installer data - [iyuiBytbk-Sv2FWK0M6qH-HKJNU]

07-18 09:43:35.960 32257 32267 I Finsky  : [5328] fmk.b(2): com.wallapop: Account from preferred account - [iyuiBytbk-Sv2FWK0M6qH-HKJNU]

07-18 09:43:36.210 32257 32268 I Finsky  : [5329] fmk.b(2): com.wallapop: Account determined from installer data - [iyuiBytbk-Sv2FWK0M6qH-HKJNU]

07-18 09:43:36.210 32257 32268 I Finsky  : [5329] fmk.b(2): com.wallapop: Account from preferred account - [iyuiBytbk-Sv2FWK0M6qH-HKJNU]

07-18 09:43:36.400 32257  3373 I Finsky  : [5401] fmk.b(2): com.wallapop: Account determined from installer data - [iyuiBytbk-Sv2FWK0M6qH-HKJNU]

07-18 09:43:36.410 32257  3373 I Finsky  : [5401] fmk.b(2): com.wallapop: Account from preferred account - [iyuiBytbk-Sv2FWK0M6qH-HKJNU]

07-18 09:43:36.600 32257 32268 I Finsky  : [5329] fmk.b(2): com.wallapop: Account determined from installer data - [iyuiBytbk-Sv2FWK0M6qH-HKJNU]

07-18 09:43:36.600 32257 32268 I Finsky  : [5329] fmk.b(2): com.wallapop: Account from preferred account - [iyuiBytbk-Sv2FWK0M6qH-HKJNU]

07-18 09:43:38.800 32257  3371 I Finsky  : [5400] fmk.b(2): com.wallapop: Account determined from installer data - [iyuiBytbk-Sv2FWK0M6qH-HKJNU]

07-18 09:43:38.800 32257  3371 I Finsky  : [5400] fmk.b(2): com.wallapop: Account from preferred account - [iyuiBytbk-Sv2FWK0M6qH-HKJNU]

07-18 09:43:38.810 32257 32267 I Finsky  : [5328] fmk.b(2): com.wallapop: Account determined from installer data - [iyuiBytbk-Sv2FWK0M6qH-HKJNU]

07-18 09:43:38.810 32257 32267 I Finsky  : [5328] fmk.b(2): com.wallapop: Account from preferred account - [iyuiBytbk-Sv2FWK0M6qH-HKJNU]

07-18 09:43:41.400  2989  2989 I Timeline: Timeline: Activity_launch_request id:com.wallapop time:73448983

07-18 09:43:41.410   800  1695 V WindowManager: addAppToken: AppWindowToken{b04d55e token=Token{a2b1e99 ActivityRecord{f222be0 u0 com.wallapop/.activities.PreferencesActivity t1146}}} to stack=1 task=1146 at 1

07-18 09:43:41.440   800   889 V MARsPolicyManager: updatePackagesScore PackageInfo name -- com.wallapop

07-18 09:43:41.460  2989  2989 W ResourcesManager: getTopLevelResources: /data/app/com.wallapop-1/base.apk / 1.0 running in com.wallapop rsrc of package null

07-18 09:43:41.460  2989  2989 W ResourcesManager: getTopLevelResources: /data/app/com.wallapop-1/base.apk / 1.0 running in com.wallapop rsrc of package null

07-18 09:43:41.460  2989  2989 W ResourcesManager: getTopLevelResources: /data/app/com.wallapop-1/base.apk / 1.0 running in com.wallapop rsrc of package null

07-18 09:43:41.510   800  3544 V AlarmManager:  remove PendingIntent] PendingIntent{ec5ad3f: PendingIntentRecord{2ae260c com.wallapop broadcastIntent}}

07-18 09:43:41.620   800  1423 D ISSUE_DEBUG: InputChannelName : bc4e96a com.wallapop/com.wallapop.activities.PreferencesActivity

07-18 09:43:41.640   800   891 D StatusBarManagerService: manageDisableList userId=0 what=0x0 pkg=Window{bc4e96a u0 d0 com.wallapop/com.wallapop.activities.PreferencesActivity}

07-18 09:43:41.700   800  1896 V WindowStateAnimator: Finishing drawing window Window{bc4e96a u0 d0 com.wallapop/com.wallapop.activities.PreferencesActivity}: mDrawState=DRAW_PENDING

07-18 09:43:41.720   800   961 I ActivityManager: Displayed com.wallapop/.activities.PreferencesActivity: +293ms

07-18 09:43:41.730   800  2250 V WindowStateAnimator: Finishing drawing window Window{bc4e96a u0 d0 com.wallapop/com.wallapop.activities.PreferencesActivity}: mDrawState=HAS_DRAWN

07-18 09:43:41.970   800   961 I Timeline: Timeline: Activity_windows_visible id: ActivityRecord{f222be0 u0 com.wallapop/.activities.PreferencesActivity t1146} time:73449555

07-18 09:43:42.000  2989  2989 W GmsClientEvents: unregisterConnectionFailedListener(): listener GooglePlayServicesHeadlessFragment{4700831 (23bbb49f-cd4b-4af3-8894-031175c790f6) com.wallapop.fragments.headless.GooglePlayServicesHeadlessFragment} not found

07-18 09:43:42.000  2989  2989 W GmsClientEvents: unregisterConnectionCallbacks(): listener GooglePlayServicesHeadlessFragment{4700831 (23bbb49f-cd4b-4af3-8894-031175c790f6) com.wallapop.fragments.headless.GooglePlayServicesHeadlessFragment} not found

07-18 09:43:42.000  2989  2989 V ActivityThread: updateVisibility : ActivityRecord{338e58d token=android.os.BinderProxy@e6a8625 {com.wallapop/com.rewallapop.ui.wall.WallActivity}} show : false


