Executed '[C10872] Item upload: Upload a Car item' on 09-07-2019
---------------------------------------------------------------------------------
07-09 15:24:58.043   874  1027 V MARsPolicyManager: updatePackagesScore PackageInfo name -- com.wallapop

07-09 15:24:58.133   874  4874 V AlarmManager:  remove PendingIntent] PendingIntent{665a239: PendingIntentRecord{4356513 com.wallapop broadcastIntent}}

07-09 15:24:58.153 14321 14321 V ActivityThread: updateVisibility : ActivityRecord{33e7f5f token=android.os.BinderProxy@513b9e8 {com.wallapop/com.rewallapop.ui.wall.WallActivity}} show : true

07-09 15:24:58.183   874  1422 V AlarmManager:  remove PendingIntent] PendingIntent{91744fb: PendingIntentRecord{4356513 com.wallapop broadcastIntent}}

07-09 15:24:58.213   874  1028 D StatusBarManagerService: manageDisableList userId=0 what=0x0 pkg=Window{b847e22 u0 d0 com.wallapop/com.rewallapop.ui.listing.v2.UnifiedListingActivity}

07-09 15:24:58.483   874  1220 V WindowStateAnimator: Finishing drawing window Window{b847e22 u0 d0 com.wallapop/com.rewallapop.ui.listing.v2.UnifiedListingActivity}: mDrawState=DRAW_PENDING

07-09 15:24:58.603   874  5340 V WindowStateAnimator: Finishing drawing window Window{b26056 u0 d0 com.wallapop/com.rewallapop.ui.wall.WallActivity}: mDrawState=DRAW_PENDING

07-09 15:24:58.613   874  1132 I ActivityManager: Displayed com.wallapop/com.rewallapop.ui.listing.v2.UnifiedListingActivity: +580ms (total +7s474ms)

07-09 15:24:58.863   874  1132 I Timeline: Timeline: Activity_windows_visible id: ActivityRecord{b7bbfca u0 com.wallapop/com.rewallapop.ui.listing.v2.UnifiedListingActivity t984} time:127904117

07-09 15:24:58.863   874  1132 I Timeline: Timeline: Activity_windows_visible id: ActivityRecord{f718855 u0 com.wallapop/com.rewallapop.ui.wall.WallActivity t984} time:127904117

07-09 15:25:00.283 14321 14329 W REALM_JAVA: Remember to call close() on all Realm instances. Realm /data/data/com.wallapop/files/feature_flags is being finalized without being closed, this can lead to running out of native memory.

07-09 15:25:00.283 14321 14329 W REALM_JAVA: Remember to call close() on all Realm instances. Realm /data/data/com.wallapop/files/feature_flags is being finalized without being closed, this can lead to running out of native memory.

07-09 15:25:00.283 14321 14329 W REALM_JAVA: Remember to call close() on all Realm instances. Realm /data/data/com.wallapop/files/feature_flags is being finalized without being closed, this can lead to running out of native memory.

07-09 15:25:11.303   874  1027 V BroadcastQueue: [background] Process cur broadcast BroadcastRecord{5233965 u0 com.appboy.action.receiver.DATA_SYNC qIdx=4}, state= (APP_RECEIVE) DELIVERED for app ProcessRecord{f314976 14321:com.wallapop/u0a276}

07-09 15:25:11.403 14321 16025 I Timeline: Timeline: Activity_launch_request id:com.wallapop time:127916655

07-09 15:25:11.423   874   894 V WindowManager: addAppToken: AppWindowToken{eb8ac06 token=Token{59306e1 ActivityRecord{d62e848 u0 com.wallapop/com.rewallapop.ui.listing.cars.suggestions.CarsSuggestionsActivity t984}}} to stack=1 task=984 at 2

07-09 15:25:11.443   874  1027 V MARsPolicyManager: updatePackagesScore PackageInfo name -- com.wallapop

07-09 15:25:11.463 14321 14321 W ResourcesManager: getTopLevelResources: /data/app/com.wallapop-1/base.apk / 1.0 running in com.wallapop rsrc of package null

07-09 15:25:11.463 14321 14321 W ResourcesManager: getTopLevelResources: /data/app/com.wallapop-1/base.apk / 1.0 running in com.wallapop rsrc of package null

07-09 15:25:11.493   874  1914 V AlarmManager:  remove PendingIntent] PendingIntent{cd8301d: PendingIntentRecord{4356513 com.wallapop broadcastIntent}}

07-09 15:25:11.543   874  1722 D ISSUE_DEBUG: InputChannelName : 1d34463 com.wallapop/com.rewallapop.ui.listing.cars.suggestions.CarsSuggestionsActivity

07-09 15:25:11.573   874  1028 D StatusBarManagerService: manageDisableList userId=0 what=0x0 pkg=Window{1d34463 u0 d0 com.wallapop/com.rewallapop.ui.listing.cars.suggestions.CarsSuggestionsActivity}

07-09 15:25:11.633   874  4874 V WindowStateAnimator: Finishing drawing window Window{1d34463 u0 d0 com.wallapop/com.rewallapop.ui.listing.cars.suggestions.CarsSuggestionsActivity}: mDrawState=DRAW_PENDING

07-09 15:25:11.643   874  1132 I ActivityManager: Displayed com.wallapop/com.rewallapop.ui.listing.cars.suggestions.CarsSuggestionsActivity: +206ms

07-09 15:25:11.903   874  1132 I Timeline: Timeline: Activity_windows_visible id: ActivityRecord{d62e848 u0 com.wallapop/com.rewallapop.ui.listing.cars.suggestions.CarsSuggestionsActivity t984} time:127917151

07-09 15:25:11.923 14321 14321 V ActivityThread: updateVisibility : ActivityRecord{30aa100 token=android.os.BinderProxy@759d116 {com.wallapop/com.rewallapop.ui.listing.v2.UnifiedListingActivity}} show : true

07-09 15:25:12.393 14321 15717 W System.err: remove failed: ENOENT (No such file or directory) : /data/user/0/com.wallapop/cache/okhttp/75bd227eecbe199784d9949b76decad8.0

07-09 15:25:12.393 14321 15717 W System.err: remove failed: ENOENT (No such file or directory) : /data/user/0/com.wallapop/cache/okhttp/75bd227eecbe199784d9949b76decad8.1

07-09 15:25:20.483 14321 15717 W System.err: remove failed: ENOENT (No such file or directory) : /data/user/0/com.wallapop/cache/okhttp/ec4253ffb137c4fb366432992ff20f22.0

07-09 15:25:20.483 14321 15717 W System.err: remove failed: ENOENT (No such file or directory) : /data/user/0/com.wallapop/cache/okhttp/ec4253ffb137c4fb366432992ff20f22.1

07-09 15:25:29.413 14321 14329 W REALM_JAVA: Remember to call close() on all Realm instances. Realm /data/data/com.wallapop/files/feature_flags is being finalized without being closed, this can lead to running out of native memory.

07-09 15:25:29.413 14321 14329 W REALM_JAVA: Remember to call close() on all Realm instances. Realm /data/data/com.wallapop/files/feature_flags is being finalized without being closed, this can lead to running out of native memory.

07-09 15:25:36.653 14321 16097 W System.err: remove failed: ENOENT (No such file or directory) : /data/user/0/com.wallapop/cache/okhttp/0796da204b4b9a81b5f8f3b715eee51f.0

07-09 15:25:36.653 14321 16097 W System.err: remove failed: ENOENT (No such file or directory) : /data/user/0/com.wallapop/cache/okhttp/0796da204b4b9a81b5f8f3b715eee51f.1

07-09 15:25:45.043   874  1914 V BroadcastQueue: [background] Process cur broadcast BroadcastRecord{79e447b u0 com.appboy.action.receiver.DATA_SYNC qIdx=4}, state= (APP_RECEIVE) DELIVERED for app ProcessRecord{f314976 14321:com.wallapop/u0a276}

07-09 15:25:53.103 14321 15716 W System.err: remove failed: ENOENT (No such file or directory) : /data/user/0/com.wallapop/cache/okhttp/0f6200bc983e67bf0a5dc6a51aa05d33.0

07-09 15:25:53.103 14321 15716 W System.err: remove failed: ENOENT (No such file or directory) : /data/user/0/com.wallapop/cache/okhttp/0f6200bc983e67bf0a5dc6a51aa05d33.1

07-09 15:26:09.593   874  1027 V MARsPolicyManager: updatePackagesScore PackageInfo name -- com.wallapop

07-09 15:26:09.593   874  1028 D StatusBarManagerService: manageDisableList userId=0 what=0x0 pkg=Window{b847e22 u0 d0 com.wallapop/com.rewallapop.ui.listing.v2.UnifiedListingActivity}

07-09 15:26:09.743   874  2020 V AlarmManager:  remove PendingIntent] PendingIntent{b0faae: PendingIntentRecord{7da1d19 com.wallapop broadcastIntent}}

07-09 15:26:09.903 14321 15716 W System.err: remove failed: ENOENT (No such file or directory) : /data/user/0/com.wallapop/cache/okhttp/b18737d9967bff716ea1669ae73261b7.0

07-09 15:26:09.903 14321 15716 W System.err: remove failed: ENOENT (No such file or directory) : /data/user/0/com.wallapop/cache/okhttp/b18737d9967bff716ea1669ae73261b7.1

07-09 15:26:38.493 14321 14321 I Timeline: Timeline: Activity_launch_request id:com.wallapop time:128003747

07-09 15:26:38.513   874  2732 V WindowManager: addAppToken: AppWindowToken{89d01c5 token=Token{66303c ActivityRecord{66bc22f u0 com.wallapop/com.rewallapop.ui.item.ItemDetailActivity t984}}} to stack=1 task=984 at 2

07-09 15:26:38.523 14321 14321 I Timeline: Timeline: Activity_launch_request id:com.wallapop time:128003777

07-09 15:26:38.533   874   894 V WindowManager: addAppToken: AppWindowToken{8841428 token=Token{7fc524b ActivityRecord{4c1f71a u0 com.wallapop/com.rewallapop.ui.listing.BumpPopupActivity t984}}} to stack=1 task=984 at 3

07-09 15:26:38.603   874  1027 V MARsPolicyManager: updatePackagesScore PackageInfo name -- com.wallapop

07-09 15:26:38.623 14321 14321 W ResourcesManager: getTopLevelResources: /data/app/com.wallapop-1/base.apk / 1.0 running in com.wallapop rsrc of package null

07-09 15:26:38.623 14321 14321 W ResourcesManager: getTopLevelResources: /data/app/com.wallapop-1/base.apk / 1.0 running in com.wallapop rsrc of package null

07-09 15:26:38.653   874  1661 V AlarmManager:  remove PendingIntent] PendingIntent{61a4ad4: PendingIntentRecord{4356513 com.wallapop broadcastIntent}}

07-09 15:26:38.713   874   892 D ISSUE_DEBUG: InputChannelName : 7d04f72 com.wallapop/com.rewallapop.ui.item.ItemDetailActivity

07-09 15:26:38.753 14321 14321 W GmsClientEvents: unregisterConnectionFailedListener(): listener GooglePlayServicesHeadlessFragment{a8593f6 (5edf61bb-780c-4589-b1c6-00761b3c41e3) com.wallapop.fragments.headless.GooglePlayServicesHeadlessFragment} not found

07-09 15:26:38.753 14321 14321 W GmsClientEvents: unregisterConnectionCallbacks(): listener GooglePlayServicesHeadlessFragment{a8593f6 (5edf61bb-780c-4589-b1c6-00761b3c41e3) com.wallapop.fragments.headless.GooglePlayServicesHeadlessFragment} not found

07-09 15:26:38.763 14321 14321 V ActivityThread: updateVisibility : ActivityRecord{33e7f5f token=android.os.BinderProxy@513b9e8 {com.wallapop/com.rewallapop.ui.wall.WallActivity}} show : false

07-09 15:26:38.763 14321 14321 W ResourcesManager: getTopLevelResources: /data/app/com.wallapop-1/base.apk / 1.0 running in com.wallapop rsrc of package null

07-09 15:26:38.773 14321 14321 W ResourcesManager: getTopLevelResources: /data/app/com.wallapop-1/base.apk / 1.0 running in com.wallapop rsrc of package null

07-09 15:26:38.803   874   894 V AlarmManager:  remove PendingIntent] PendingIntent{12bfc3: PendingIntentRecord{4356513 com.wallapop broadcastIntent}}

07-09 15:26:38.843   874   894 D ISSUE_DEBUG: InputChannelName : 24e0b79 com.wallapop/com.rewallapop.ui.listing.BumpPopupActivity

07-09 15:26:38.923   874  1028 D StatusBarManagerService: manageDisableList userId=0 what=0x0 pkg=Window{24e0b79 u0 d0 com.wallapop/com.rewallapop.ui.listing.BumpPopupActivity}

07-09 15:26:38.973   874   894 V WindowStateAnimator: Finishing drawing window Window{7d04f72 u0 d0 com.wallapop/com.rewallapop.ui.item.ItemDetailActivity}: mDrawState=DRAW_PENDING

07-09 15:26:38.983   874  1661 V WindowStateAnimator: Finishing drawing window Window{24e0b79 u0 d0 com.wallapop/com.rewallapop.ui.listing.BumpPopupActivity}: mDrawState=DRAW_PENDING

07-09 15:26:38.993   874  1132 I ActivityManager: Displayed com.wallapop/com.rewallapop.ui.listing.BumpPopupActivity: +411ms (total +29s414ms)

07-09 15:26:39.033   874   894 V WindowStateAnimator: Finishing drawing window Window{7d04f72 u0 d0 com.wallapop/com.rewallapop.ui.item.ItemDetailActivity}: mDrawState=READY_TO_SHOW

07-09 15:26:39.033   874  3012 V WindowStateAnimator: Finishing drawing window Window{24e0b79 u0 d0 com.wallapop/com.rewallapop.ui.listing.BumpPopupActivity}: mDrawState=HAS_DRAWN

07-09 15:26:39.113 14321 15716 W System.err: remove failed: ENOENT (No such file or directory) : /data/user/0/com.wallapop/cache/okhttp/97471d67fc89f20abfdab1a73557e905.0

07-09 15:26:39.113 14321 15716 W System.err: remove failed: ENOENT (No such file or directory) : /data/user/0/com.wallapop/cache/okhttp/97471d67fc89f20abfdab1a73557e905.1

07-09 15:26:39.143   874  1028 D StatusBarManagerService: manageDisableList userId=0 what=0x0 pkg=Window{24e0b79 u0 d0 com.wallapop/com.rewallapop.ui.listing.BumpPopupActivity}

07-09 15:26:39.193   874  1422 D ISSUE_DEBUG: InputChannelName : 68bc4e9 com.wallapop/com.rewallapop.ui.listing.BumpPopupActivity

07-09 15:26:39.343   874  5340 V WindowStateAnimator: Finishing drawing window Window{68bc4e9 u0 d0 com.wallapop/com.rewallapop.ui.listing.BumpPopupActivity}: mDrawState=DRAW_PENDING

07-09 15:26:39.363   874  1722 V WindowStateAnimator: Finishing drawing window Window{68bc4e9 u0 d0 com.wallapop/com.rewallapop.ui.listing.BumpPopupActivity}: mDrawState=HAS_DRAWN

07-09 15:26:39.413 14321 15716 W System.err: remove failed: ENOENT (No such file or directory) : /data/user/0/com.wallapop/cache/okhttp/71b0147ba7bd9c3ec6abb9153812af02.0

07-09 15:26:39.413 14321 15716 W System.err: remove failed: ENOENT (No such file or directory) : /data/user/0/com.wallapop/cache/okhttp/71b0147ba7bd9c3ec6abb9153812af02.1

07-09 15:26:39.513   874  1132 I Timeline: Timeline: Activity_windows_visible id: ActivityRecord{4c1f71a u0 com.wallapop/com.rewallapop.ui.listing.BumpPopupActivity t984} time:128004769

07-09 15:26:40.053 14321 16495 W System.err: remove failed: ENOENT (No such file or directory) : /data/user/0/com.wallapop/cache/okhttp/eaf36ad0794a303b8ed72a32354d2480.0

07-09 15:26:40.053 14321 16495 W System.err: remove failed: ENOENT (No such file or directory) : /data/user/0/com.wallapop/cache/okhttp/eaf36ad0794a303b8ed72a32354d2480.1

07-09 15:26:40.073 14321 16538 W System.err: remove failed: ENOENT (No such file or directory) : /data/user/0/com.wallapop/cache/okhttp/e395323db0f88d79c270719056bfe122.0

07-09 15:26:40.073 14321 16538 W System.err: remove failed: ENOENT (No such file or directory) : /data/user/0/com.wallapop/cache/okhttp/e395323db0f88d79c270719056bfe122.1

07-09 15:26:40.243   874  1132 I Timeline: Timeline: Activity_windows_visible id: ActivityRecord{66bc22f u0 com.wallapop/com.rewallapop.ui.item.ItemDetailActivity t984} time:128005489

07-09 15:26:40.293   874  1721 V WindowStateAnimator: Finishing drawing window Window{7d04f72 u0 d0 com.wallapop/com.rewallapop.ui.item.ItemDetailActivity}: mDrawState=READY_TO_SHOW

07-09 15:26:40.433 14321 14528 W System.err: remove failed: ENOENT (No such file or directory) : /data/user/0/com.wallapop/cache/okhttp/0740e6f30392a51ddfc0128cb36b37ba.0

07-09 15:26:40.433 14321 14528 W System.err: remove failed: ENOENT (No such file or directory) : /data/user/0/com.wallapop/cache/okhttp/0740e6f30392a51ddfc0128cb36b37ba.1


