Executed '[C740] Help: Access and sections' on 08-07-2020
---------------------------------------------------------------------------------
07-08 00:55:49.628  4948 14603 V WindowManager: Relayout Window{fbe52f9 u0 com.wallapop/com.wallapop.activities.PreferencesActivity}: viewVisibility=0 req=1080x2220

07-08 00:55:49.630  4382  5787 I SurfaceFlinger: id=1462 createSurf (1080x2220),1 flag=404, com.wallapop/com.wallapop.activities.PreferencesActivity$_27145#0

07-08 00:55:49.630  4948 14603 D WindowManager: makeSurface duration=1 name=com.wallapop/com.wallapop.activities.PreferencesActivity$_27145

07-08 00:55:49.631  4948 14603 V WindowManager: Changing focus from null to Window{fbe52f9 u0 com.wallapop/com.wallapop.activities.PreferencesActivity} displayId=0 Callers=com.android.server.wm.RootWindowContainer.updateFocusedWindowLocked:202 com.android.server.wm.WindowManagerService.updateFocusedWindowLocked:6282 com.android.server.wm.WindowManagerService.relayoutWindow:2574 com.android.server.wm.Session.relayout:202 android.view.IWindowSession$Stub.onTransact:708 com.android.server.wm.Session.onTransact:142

07-08 00:55:49.631  4948  5098 D WindowManager: setSystemUiVisibility: displayId=0, vis=0xa018, fullVis=0x2000, dockVis=0x0, win=Window{fbe52f9 u0 com.wallapop/com.wallapop.activities.PreferencesActivity}

07-08 00:55:49.632  4948  5100 I WindowManager: Focus moving from null to Window{fbe52f9 u0 com.wallapop/com.wallapop.activities.PreferencesActivity} displayId=0

07-08 00:55:49.633  4948  5100 D WindowManager: w is invisible : bf67c78 com.wallapop/com.rewallapop.ui.wall.WallActivity

07-08 00:55:49.633  4948  5100 D WindowManager: w is invisible : fbe52f9 com.wallapop/com.wallapop.activities.PreferencesActivity

07-08 00:55:49.633  4948  5100 D WindowManager: windowMattersToAccessibility, check : fbe52f9 com.wallapop/com.wallapop.activities.PreferencesActivity

07-08 00:55:49.633  4948  5100 I WindowManager: Gaining focus: Window{fbe52f9 u0 com.wallapop/com.wallapop.activities.PreferencesActivity}

07-08 00:55:49.639  4948 15823 D WindowManager: w is invisible : bf67c78 com.wallapop/com.rewallapop.ui.wall.WallActivity

07-08 00:55:49.639  4948 15823 D WindowManager: w is invisible : fbe52f9 com.wallapop/com.wallapop.activities.PreferencesActivity

07-08 00:55:49.639  4948 15823 D WindowManager: windowMattersToAccessibility, check : fbe52f9 com.wallapop/com.wallapop.activities.PreferencesActivity

07-08 00:55:49.655  4948 14602 D WindowManager: finishDrawingWindow: Window{fbe52f9 u0 com.wallapop/com.wallapop.activities.PreferencesActivity} mDrawState=DRAW_PENDING

07-08 00:55:49.658  4948  5101 I WindowManager: Reparenting to leash, surface=Surface(name=AppWindowToken{59fe621 token=Token{8a6bc88 ActivityRecord{398e02b u0 com.wallapop/com.rewallapop.ui.wall.WallActivity t1304}}})/@0x3a0ae5f

07-08 00:55:49.659  4382  5775 I SurfaceFlinger: id=1463 createSurf (0x0),-1 flag=80004, Surface(name=AppWindowToken{59fe621 token=Token{8a6bc88 ActivityRecord{398e02b u0 com.wallapop/com.rewallapop.ui.wall.WallActivity t1304}}})/@0x3a0ae5f - animation-leash#0

07-08 00:55:49.659  4948  5101 D WindowManager: makeSurface duration=0 leash=Surface(name=Surface(name=AppWindowToken{59fe621 token=Token{8a6bc88 ActivityRecord{398e02b u0 com.wallapop/com.rewallapop.ui.wall.WallActivity t1304}}})/@0x3a0ae5f - animation-leash)/@0x6064ef0

07-08 00:55:49.659  4382  5775 I SurfaceFlinger: id=1464 createSurf (0x0),-1 flag=80004, Surface(name=AppWindowToken{59fe621 token=Token{8a6bc88 ActivityRecord{398e02b u0 com.wallapop/com.rewallapop.ui.wall.WallActivity t1304}}})/@0x3a0ae5f - animation-bounds#0

07-08 00:55:49.662  4948  5101 I WindowManager: Reparenting to leash, surface=Surface(name=AppWindowToken{f89798c token=Token{e741ebf ActivityRecord{2881cde u0 com.wallapop/.activities.PreferencesActivity t1304}}})/@0x2acbfa1

07-08 00:55:49.663  4382  5775 I SurfaceFlinger: id=1467 createSurf (0x0),-1 flag=80004, Surface(name=AppWindowToken{f89798c token=Token{e741ebf ActivityRecord{2881cde u0 com.wallapop/.activities.PreferencesActivity t1304}}})/@0x2acbfa1 - animation-leash#0

07-08 00:55:49.663  4948  5101 D WindowManager: makeSurface duration=0 leash=Surface(name=Surface(name=AppWindowToken{f89798c token=Token{e741ebf ActivityRecord{2881cde u0 com.wallapop/.activities.PreferencesActivity t1304}}})/@0x2acbfa1 - animation-leash)/@0xd76d5c6

07-08 00:55:49.663  4382  4440 I SurfaceFlinger: id=1468 createSurf (0x0),-1 flag=80004, Surface(name=AppWindowToken{f89798c token=Token{e741ebf ActivityRecord{2881cde u0 com.wallapop/.activities.PreferencesActivity t1304}}})/@0x2acbfa1 - animation-bounds#0

07-08 00:55:49.664  4948  5101 D PkgPredictorService: pkg:com.wallapop activity:com.wallapop.activities.PreferencesActivity thisTime:-1

07-08 00:55:49.666 27145 27145 V InputMethodManager: Starting input: tba=com.wallapop ic=null mNaviBarColor -1 mIsGetNaviBarColorSuccess true , NavVisible : true , NavTrans : false

07-08 00:55:49.673 27145 27151 I com.wallapop: Compiler allocated 4171KB to compile void android.view.ViewRootImpl.performTraversals()

07-08 00:55:49.698  4382  4382 I SurfaceFlinger:      DEVICE | 0x7afdfc8fc0 | 0002 | RGBA_8888 |   0.0    1.0 1080.0 2220.0 |    0    0 1080 2220 | com.wallapop/com.rewallapop.ui.wall.WallActivity$_27145#0

07-08 00:55:49.698  4382  4382 I SurfaceFlinger:      DEVICE | 0x7afdfc7bc0 | 0002 | RGBA_8888 |   0.0    0.0 1080.0 1701.0 |    0  519 1080 2220 | com.wallapop/com.wallapop.activities.PreferencesActivity$_27145#0

07-08 00:55:49.712  4382  4382 I SurfaceFlinger:      DEVICE | 0x7afdfc8fc0 | 0002 | RGBA_8888 |   0.0    4.0 1080.0 2220.0 |    0    0 1080 2217 | com.wallapop/com.rewallapop.ui.wall.WallActivity$_27145#0

07-08 00:55:49.712  4382  4382 I SurfaceFlinger:      DEVICE | 0x7afdfc6b80 | 0002 | RGBA_8888 |   0.0    0.0 1080.0 1723.0 |    0  496 1080 2220 | com.wallapop/com.wallapop.activities.PreferencesActivity$_27145#0

07-08 00:55:49.765  4948  5100 D WindowManager: w is invisible : bf67c78 com.wallapop/com.rewallapop.ui.wall.WallActivity

07-08 00:55:49.765  4948  5100 D WindowManager: w is invisible : fbe52f9 com.wallapop/com.wallapop.activities.PreferencesActivity

07-08 00:55:49.766  4948  5100 D WindowManager: windowMattersToAccessibility, check : fbe52f9 com.wallapop/com.wallapop.activities.PreferencesActivity

07-08 00:55:49.894 27145 27190 W com.wallapop: Accessing hidden method Lsun/misc/Unsafe;->getObject(Ljava/lang/Object;J)Ljava/lang/Object; (greylist, linking, allowed)

07-08 00:55:49.894 27145 27190 W com.wallapop: Accessing hidden method Lsun/misc/Unsafe;->putObject(Ljava/lang/Object;JLjava/lang/Object;)V (greylist, linking, allowed)

07-08 00:55:49.895 27145 27190 W com.wallapop: Accessing hidden method Lsun/misc/Unsafe;->getInt(Ljava/lang/Object;J)I (greylist, linking, allowed)

07-08 00:55:49.895 27145 27190 W com.wallapop: Accessing hidden method Lsun/misc/Unsafe;->putInt(Ljava/lang/Object;JI)V (greylist, linking, allowed)

07-08 00:55:49.895 27145 27190 W com.wallapop: Accessing hidden method Lsun/misc/Unsafe;->putLong(Ljava/lang/Object;JJ)V (greylist, linking, allowed)

07-08 00:55:49.895 27145 27258 W com.wallapop: Accessing hidden method Lsun/misc/Unsafe;->putInt(Ljava/lang/Object;JI)V (greylist, linking, allowed)

07-08 00:55:49.958  4948  5101 I WindowManager: Reparenting to original parent: Surface(name=Task=1304)/@0xc4007c8, destroyLeash=true, surface=Surface(name=AppWindowToken{59fe621 token=Token{8a6bc88 ActivityRecord{398e02b u0 com.wallapop/com.rewallapop.ui.wall.WallActivity t1304}}})/@0x3a0ae5f

07-08 00:55:49.959  4948  5101 V WindowManager: Setting visibility of Window{bf67c78 u0 com.wallapop/com.rewallapop.ui.wall.WallActivity}: false, caller=com.android.server.wm.WindowContainer.sendAppVisibilityToClients:640 com.android.server.wm.AppWindowToken.setClientHidden:639 com.android.server.wm.AppWindowToken.onAnimationFinished:3839 com.android.server.wm.-$$Lambda$yVRF8YoeNdTa8GR1wDStVsHu8xM.run:2 com.android.server.wm.SurfaceAnimator.lambda$getFinishedCallback$0$SurfaceAnimator:100

07-08 00:55:49.959  4948  5101 I WindowManager: Reparenting to original parent: Surface(name=Task=1304)/@0xc4007c8, destroyLeash=true, surface=Surface(name=AppWindowToken{f89798c token=Token{e741ebf ActivityRecord{2881cde u0 com.wallapop/.activities.PreferencesActivity t1304}}})/@0x2acbfa1

07-08 00:55:49.962  4382  4633 I Layer   : id=1463 removeFromCurrentState Surface(name=AppWindowToken{59fe621 token=Token{8a6bc88 ActivityRecord{398e02b u0 com.wallapop/com.rewallapop.ui.wall.WallActivity t1304}}})/@0x3a0ae5f - animation-leash#0 (64)

07-08 00:55:49.962  4382  4633 I Layer   : id=1464 removeFromCurrentState Surface(name=AppWindowToken{59fe621 token=Token{8a6bc88 ActivityRecord{398e02b u0 com.wallapop/com.rewallapop.ui.wall.WallActivity t1304}}})/@0x3a0ae5f - animation-bounds#0 (64)

07-08 00:55:49.962  4382  4633 I Layer   : id=1467 removeFromCurrentState Surface(name=AppWindowToken{f89798c token=Token{e741ebf ActivityRecord{2881cde u0 com.wallapop/.activities.PreferencesActivity t1304}}})/@0x2acbfa1 - animation-leash#0 (64)

07-08 00:55:49.962  4382  4633 I Layer   : id=1468 removeFromCurrentState Surface(name=AppWindowToken{f89798c token=Token{e741ebf ActivityRecord{2881cde u0 com.wallapop/.activities.PreferencesActivity t1304}}})/@0x2acbfa1 - animation-bounds#0 (64)

07-08 00:55:49.963  4382  4633 I SurfaceFlinger: id=1463 Removed Surface(name=AppWindowToken{59fe621 token=Token{8a6bc88 ActivityRecord{398e02b u0 com.wallapop/com.rewallapop.ui.wall.WallActivity t1304}}})/@0x3a0ae5f - animation-leash#0 (64)

07-08 00:55:49.963  4382  4440 I SurfaceFlinger: id=1464 Removed Surface(name=AppWindowToken{59fe621 token=Token{8a6bc88 ActivityRecord{398e02b u0 com.wallapop/com.rewallapop.ui.wall.WallActivity t1304}}})/@0x3a0ae5f - animation-bounds#0 (64)

07-08 00:55:49.963  4382  4440 I SurfaceFlinger: id=1467 Removed Surface(name=AppWindowToken{f89798c token=Token{e741ebf ActivityRecord{2881cde u0 com.wallapop/.activities.PreferencesActivity t1304}}})/@0x2acbfa1 - animation-leash#0 (64)

07-08 00:55:49.963  4382  4440 I SurfaceFlinger: id=1468 Removed Surface(name=AppWindowToken{f89798c token=Token{e741ebf ActivityRecord{2881cde u0 com.wallapop/.activities.PreferencesActivity t1304}}})/@0x2acbfa1 - animation-bounds#0 (64)

07-08 00:55:49.975  4382  4382 I Layer   : id=1464[1] Destroyed Surface(name=AppWindowToken{59fe621 token=Token{8a6bc88 ActivityRecord{398e02b u0 com.wallapop/com.rewallapop.ui.wall.WallActivity t1304}}})/@0x3a0ae5f - animation-bounds#0

07-08 00:55:49.975  4382  4382 I Layer   : id=1463[1] Destroyed Surface(name=AppWindowToken{59fe621 token=Token{8a6bc88 ActivityRecord{398e02b u0 com.wallapop/com.rewallapop.ui.wall.WallActivity t1304}}})/@0x3a0ae5f - animation-leash#0

07-08 00:55:49.975  4382  4382 I Layer   : id=1468[1] Destroyed Surface(name=AppWindowToken{f89798c token=Token{e741ebf ActivityRecord{2881cde u0 com.wallapop/.activities.PreferencesActivity t1304}}})/@0x2acbfa1 - animation-bounds#0

07-08 00:55:49.975  4382  4382 I Layer   : id=1467[1] Destroyed Surface(name=AppWindowToken{f89798c token=Token{e741ebf ActivityRecord{2881cde u0 com.wallapop/.activities.PreferencesActivity t1304}}})/@0x2acbfa1 - animation-leash#0

07-08 00:55:49.978  4382  4382 I SurfaceFlinger:      DEVICE | 0x7afdfc9600 | 0002 | RGBA_8888 |   0.0    0.0 1080.0 2220.0 |    0    0 1080 2220 | com.wallapop/com.wallapop.activities.PreferencesActivity$_27145#0

07-08 00:55:49.978  4382  4440 E BufferQueueProducer: [com.wallapop/com.rewallapop.ui.wall.WallActivity$_27145#0] disconnect: not connected (req=1)

07-08 00:55:49.979  4948 14319 V WindowManager: Relayout Window{bf67c78 u0 com.wallapop/com.rewallapop.ui.wall.WallActivity}: viewVisibility=8 req=1080x2220

07-08 00:55:49.991 12945 12986 E RequestManager_FLP: [FusedLocationApi] Location remove 91532e4 from com.wallapop

07-08 00:55:50.009  4948 15823 V WindowManager: Relayout Window{bf67c78 u0 com.wallapop/com.rewallapop.ui.wall.WallActivity}: viewVisibility=8 req=1080x2220

07-08 00:55:50.015  4948 15823 E WindowManager: win=Window{bf67c78 u0 com.wallapop/com.rewallapop.ui.wall.WallActivity} destroySurfaces: appStopped=true win.mWindowRemovalAllowed=false win.mRemoveOnExit=false win.mViewVisibility=8 caller=com.android.server.wm.AppWindowToken.destroySurfaces:1234 com.android.server.wm.AppWindowToken.destroySurfaces:1215 com.android.server.wm.AppWindowToken.notifyAppStopped:1270 com.android.server.wm.ActivityRecord.activityStoppedLocked:2653 com.android.server.wm.ActivityTaskManagerService.activityStopped:2483 android.app.IActivityTaskManager$Stub.onTransact:2224 android.os.Binder.execTransactInternal:1056

07-08 00:55:50.016  4948 15823 I WindowManager: Destroying surface Surface(name=com.wallapop/com.rewallapop.ui.wall.WallActivity$_27145)/@0x9f5dee4 called by com.android.server.wm.WindowStateAnimator.destroySurface:1790 com.android.server.wm.WindowStateAnimator.destroySurfaceLocked:720 com.android.server.wm.WindowState.destroySurfaceUnchecked:3540 com.android.server.wm.WindowState.destroySurface:3514 com.android.server.wm.AppWindowToken.destroySurfaces:1234 com.android.server.wm.AppWindowToken.destroySurfaces:1215 com.android.server.wm.AppWindowToken.notifyAppStopped:1270 com.android.server.wm.ActivityRecord.activityStoppedLocked:2653

07-08 00:55:50.016  4382  4440 I Layer   : id=1458 removeFromCurrentState com.wallapop/com.rewallapop.ui.wall.WallActivity$_27145#0 (58)

07-08 00:55:50.026  4382  4440 I SurfaceFlinger: id=1458 Removed com.wallapop/com.rewallapop.ui.wall.WallActivity$_27145#0 (58)

07-08 00:55:50.042  4382  4382 I Layer   : id=1458[1] Destroyed com.wallapop/com.rewallapop.ui.wall.WallActivity$_27145#0

07-08 00:55:50.059  4948  5100 D WindowManager: w is invisible : bf67c78 com.wallapop/com.rewallapop.ui.wall.WallActivity

07-08 00:55:50.059  4948  5100 D WindowManager: w is invisible : bf67c78 com.wallapop/com.rewallapop.ui.wall.WallActivity

07-08 00:55:50.059  4948  5100 D WindowManager: w is invisible : fbe52f9 com.wallapop/com.wallapop.activities.PreferencesActivity

07-08 00:55:50.059  4948  5100 D WindowManager: windowMattersToAccessibility, check : fbe52f9 com.wallapop/com.wallapop.activities.PreferencesActivity

07-08 00:55:50.619 27145 27625 W com.wallapop: Accessing hidden method Lsun/misc/Unsafe;->putInt(Ljava/lang/Object;JI)V (greylist, linking, allowed)

07-08 00:55:50.620 27145 27625 W com.wallapop: Accessing hidden method Lsun/misc/Unsafe;->putLong(Ljava/lang/Object;JJ)V (greylist, linking, allowed)

07-08 00:55:50.625 27145 27258 W com.wallapop: Accessing hidden method Lsun/misc/Unsafe;->putInt(Ljava/lang/Object;JI)V (greylist, linking, allowed)

07-08 00:55:51.495 27145 27201 W com.wallapop: Accessing hidden method Lsun/misc/Unsafe;->putInt(Ljava/lang/Object;JI)V (greylist, linking, allowed)

07-08 00:55:51.504 27145 27258 W com.wallapop: Accessing hidden method Lsun/misc/Unsafe;->putInt(Ljava/lang/Object;JI)V (greylist, linking, allowed)

07-08 00:55:52.050  4948  4948 D GameManagerService: identifyGamePackage. com.wallapop, mCurrentUserId: 0, callerUserId: 0

07-08 00:55:52.050  4948  4948 D GamePkgDataHelper: getGamePkgData(). com.wallapop

07-08 00:55:54.819  4948  5119 I PowerManagerService: [PWL]       PARTIAL_WAKE_LOCK              '*job*/com.wallapop/androidx.work.impl.background.systemjob.SystemJobService' ACQ=-17s724ms (uid=1000 pid=4948 pkg=android ws=WorkSource{10385})

07-08 00:55:54.831 27145 27145 V InputMethodManager: Starting input: tba=com.wallapop ic=null mNaviBarColor -1 mIsGetNaviBarColorSuccess true , NavVisible : true , NavTrans : false

07-08 00:55:54.938  4382  4440 I SurfaceFlinger: id=1445 Removed AppWindowToken{eff88b6 token=Token{94da851 ActivityRecord{2266978 u0 com.wallapop/com.rewallapop.ui.main.MainActivity t1304}}}#0 (58)

07-08 00:55:54.954  4382  4382 I Layer   : id=1445[1] Destroyed AppWindowToken{eff88b6 token=Token{94da851 ActivityRecord{2266978 u0 com.wallapop/com.rewallapop.ui.main.MainActivity t1304}}}#0

07-08 00:55:55.250 27145 27145 W com.wallapop: Accessing hidden method Lsun/misc/Unsafe;->getObjectVolatile(Ljava/lang/Object;J)Ljava/lang/Object; (greylist, linking, allowed)

07-08 00:55:55.250 27145 27145 W com.wallapop: Accessing hidden method Lsun/misc/Unsafe;->putOrderedLong(Ljava/lang/Object;JJ)V (greylist, linking, allowed)

07-08 00:55:55.358  4948  5100 D GameManagerService: notePauseComponent(), pauseComponent: com.wallapop

07-08 00:55:55.392 27145 27145 W com.wallapop: Accessing hidden method Lsun/misc/Unsafe;->getObject(Ljava/lang/Object;J)Ljava/lang/Object; (greylist, linking, allowed)

07-08 00:55:55.392 27145 27145 W com.wallapop: Accessing hidden method Lsun/misc/Unsafe;->putObject(Ljava/lang/Object;JLjava/lang/Object;)V (greylist, linking, allowed)

07-08 00:55:55.395 27145 27258 W com.wallapop: Accessing hidden method Lsun/misc/Unsafe;->getInt(Ljava/lang/Object;J)I (greylist, linking, allowed)

07-08 00:55:55.395 27145 27258 W com.wallapop: Accessing hidden method Lsun/misc/Unsafe;->putInt(Ljava/lang/Object;JI)V (greylist, linking, allowed)

07-08 00:55:55.396 27145 27258 W com.wallapop: Accessing hidden method Lsun/misc/Unsafe;->putInt(Ljava/lang/Object;JI)V (greylist, linking, allowed)

07-08 00:55:55.408  4948 15033 D SamsungAlarmManager: Cancel Alarm calling from uid:10385 pid :27145 / op:PendingIntent{f2c21ae: PendingIntentRecord{190df2e com.wallapop broadcastIntent}}

07-08 00:55:55.533  4948 15826 V WindowManager: Changing focus from Window{fbe52f9 u0 com.wallapop/com.wallapop.activities.PreferencesActivity} to null displayId=0 Callers=com.android.server.wm.RootWindowContainer.updateFocusedWindowLocked:202 com.android.server.wm.WindowManagerService.updateFocusedWindowLocked:6282 com.android.server.wm.AppWindowToken.commitVisibility:878 com.android.server.wm.AppWindowToken.setVisibility:801 com.android.server.wm.ActivityRecord.setVisibility:2169 com.android.server.wm.ActivityRecord.setVisible:2183

07-08 00:55:55.535  4948 15826 V WindowManager: Setting visibility of Window{fbe52f9 u0 com.wallapop/com.wallapop.activities.PreferencesActivity}: false, caller=com.android.server.wm.WindowContainer.sendAppVisibilityToClients:640 com.android.server.wm.AppWindowToken.setClientHidden:639 com.android.server.wm.AppWindowToken.onAnimationFinished:3839 com.android.server.wm.AppWindowToken.commitVisibility:894 com.android.server.wm.AppWindowToken.setVisibility:801

07-08 00:55:55.543  4948  5100 I WindowManager: Focus moving from Window{fbe52f9 u0 com.wallapop/com.wallapop.activities.PreferencesActivity} to null displayId=0

07-08 00:55:55.543  4948  5100 I WindowManager: Losing focus: Window{fbe52f9 u0 com.wallapop/com.wallapop.activities.PreferencesActivity}

07-08 00:55:55.547  4382  4633 E BufferQueueProducer: [com.wallapop/com.wallapop.activities.PreferencesActivity$_27145#0] disconnect: not connected (req=1)

07-08 00:55:55.547  4948 15033 V WindowManager: Relayout Window{fbe52f9 u0 com.wallapop/com.wallapop.activities.PreferencesActivity}: viewVisibility=8 req=1080x2220

07-08 00:55:55.548  4948 15033 E WindowManager: win=Window{fbe52f9 u0 com.wallapop/com.wallapop.activities.PreferencesActivity} destroySurfaces: appStopped=true win.mWindowRemovalAllowed=false win.mRemoveOnExit=false win.mViewVisibility=8 caller=com.android.server.wm.WindowManagerService.tryStartExitingAnimation:2756 com.android.server.wm.WindowManagerService.relayoutWindow:2504 com.android.server.wm.Session.relayout:202 android.view.IWindowSession$Stub.onTransact:708 com.android.server.wm.Session.onTransact:142 android.os.Binder.execTransactInternal:1056 android.os.Binder.execTransact:1029

07-08 00:55:55.548  4948 15033 I WindowManager: Destroying surface Surface(name=com.wallapop/com.wallapop.activities.PreferencesActivity$_27145)/@0x8046f99 called by com.android.server.wm.WindowStateAnimator.destroySurface:1790 com.android.server.wm.WindowStateAnimator.destroySurfaceLocked:720 com.android.server.wm.WindowState.destroySurfaceUnchecked:3540 com.android.server.wm.WindowState.destroySurface:3514 com.android.server.wm.WindowManagerService.tryStartExitingAnimation:2756 com.android.server.wm.WindowManagerService.relayoutWindow:2504 com.android.server.wm.Session.relayout:202 android.view.IWindowSession$Stub.onTransact:708

07-08 00:55:55.548  4382  4633 I Layer   : id=1462 removeFromCurrentState com.wallapop/com.wallapop.activities.PreferencesActivity$_27145#0 (58)

07-08 00:55:55.554  4382  4633 I SurfaceFlinger: id=1462 Removed com.wallapop/com.wallapop.activities.PreferencesActivity$_27145#0 (58)

07-08 00:55:55.556  4382  4382 I Layer   : id=1462[1] Destroyed com.wallapop/com.wallapop.activities.PreferencesActivity$_27145#0

07-08 00:55:55.562  4948 15033 V WindowManager: Relayout Window{fbe52f9 u0 com.wallapop/com.wallapop.activities.PreferencesActivity}: viewVisibility=8 req=1080x2220

07-08 00:55:55.827 27145 27319 W com.wallapop: Accessing hidden method Lsun/misc/Unsafe;->putObject(Ljava/lang/Object;JLjava/lang/Object;)V (greylist, linking, allowed)

07-08 00:55:55.828 27145 27319 W com.wallapop: Accessing hidden method Lsun/misc/Unsafe;->putInt(Ljava/lang/Object;JI)V (greylist, linking, allowed)

07-08 00:55:55.829 27145 27319 W com.wallapop: Accessing hidden method Lsun/misc/Unsafe;->putLong(Ljava/lang/Object;JJ)V (greylist, linking, allowed)

07-08 00:55:55.831 27145 27258 W com.wallapop: Accessing hidden method Lsun/misc/Unsafe;->putInt(Ljava/lang/Object;JI)V (greylist, linking, allowed)

07-08 00:55:55.847  4948  5100 D WindowManager: w is invisible : bf67c78 com.wallapop/com.rewallapop.ui.wall.WallActivity

07-08 00:55:55.847  4948  5100 D WindowManager: w is invisible : fbe52f9 com.wallapop/com.wallapop.activities.PreferencesActivity

07-08 00:55:55.848  4948  5100 D WindowManager: w is invisible : bf67c78 com.wallapop/com.rewallapop.ui.wall.WallActivity

07-08 00:55:55.848  4948  5100 D WindowManager: w is invisible : fbe52f9 com.wallapop/com.wallapop.activities.PreferencesActivity

07-08 00:55:55.915  4948 14603 D WindowManager: w is invisible : bf67c78 com.wallapop/com.rewallapop.ui.wall.WallActivity

07-08 00:55:55.915  4948 14603 D WindowManager: w is invisible : fbe52f9 com.wallapop/com.wallapop.activities.PreferencesActivity

07-08 00:55:55.916  4948 14603 D WindowManager: w is invisible : bf67c78 com.wallapop/com.rewallapop.ui.wall.WallActivity

07-08 00:55:55.916  4948 14603 D WindowManager: w is invisible : fbe52f9 com.wallapop/com.wallapop.activities.PreferencesActivity

07-08 00:55:56.055  4948  5098 D CodecSolution: isMaxAspectPackageEx: com.wallapop : true(2)

07-08 00:55:56.078  4948  5098 D CodecSolution: isMaxAspectPackageEx: com.wallapop : true(2)

07-08 00:55:56.078  4948  5098 I PerfSDKService: Current foregroundpackage name : com.wallapop

07-08 00:55:56.208  4948 12848 D MdnieScenarioControlService:  packageName : com.wallapop    className : com.wallapop.activities.PreferencesActivity

07-08 00:55:57.706 27145 27365 W com.wallapop: Accessing hidden method Lsun/misc/Unsafe;->getObject(Ljava/lang/Object;J)Ljava/lang/Object; (greylist, linking, allowed)

07-08 00:55:57.707 27145 27365 W com.wallapop: Accessing hidden method Lsun/misc/Unsafe;->putObject(Ljava/lang/Object;JLjava/lang/Object;)V (greylist, linking, allowed)

07-08 00:55:57.714 27145 27258 W com.wallapop: Accessing hidden method Lsun/misc/Unsafe;->putInt(Ljava/lang/Object;JI)V (greylist, linking, allowed)

07-08 00:55:57.729 27145 27277 I WM-WorkerWrapper: Worker result FAILURE for Work [ id=38ccdebb-31b5-4899-8231-9be07bffd873, tags={ com.wallapop.thirdparty.tracker.metrics.MetricsRequestWorker, metrics_tracker_work } ]

07-08 00:55:57.754  4948  5098 D CodecSolution: isMaxAspectPackageEx: com.wallapop : true(2)

07-08 00:55:57.767  4948  5098 D CodecSolution: isMaxAspectPackageEx: com.wallapop : true(2)

07-08 00:55:57.768  4948  5098 I PerfSDKService: Current foregroundpackage name : com.wallapop

07-08 00:55:57.893  4948 12848 D MdnieScenarioControlService:  packageName : com.wallapop    className : com.wallapop.activities.PreferencesActivity

07-08 00:55:58.265 27145 27258 W com.wallapop: Accessing hidden method Lsun/misc/Unsafe;->getInt(Ljava/lang/Object;J)I (greylist, linking, allowed)

07-08 00:55:58.265 27145 27258 W com.wallapop: Accessing hidden method Lsun/misc/Unsafe;->putInt(Ljava/lang/Object;JI)V (greylist, linking, allowed)

07-08 00:55:58.275 27145 27210 W com.wallapop: Accessing hidden method Lsun/misc/Unsafe;->putInt(Ljava/lang/Object;JI)V (greylist, linking, allowed)

07-08 00:55:58.276 27145 27210 W com.wallapop: Accessing hidden method Lsun/misc/Unsafe;->putLong(Ljava/lang/Object;JJ)V (greylist, linking, allowed)

07-08 00:56:08.810 25443 25460 I SmProvider: makeValuesForFasUpdate contentValues=package_name=com.wallapop extras=0 uid=10385 level=1 resetTime=1594162555242

07-08 00:56:10.969  4948  5098 D CodecSolution: isMaxAspectPackageEx: com.wallapop : true(2)

07-08 00:56:10.977  4948 14527 D SamsungAlarmManager: Cancel Alarm calling from uid:10385 pid :27145 / op:PendingIntent{fc5cec9: PendingIntentRecord{54b14e9 com.wallapop broadcastIntent}}

07-08 00:56:10.990  4948  5098 D CodecSolution: isMaxAspectPackageEx: com.wallapop : true(2)

07-08 00:56:10.992  4948  5098 I PerfSDKService: Current foregroundpackage name : com.wallapop

07-08 00:56:11.115  4948 12848 D MdnieScenarioControlService:  packageName : com.wallapop    className : com.wallapop.activities.PreferencesActivity

07-08 00:56:25.377 12945 12986 V PermissionManager_FLP: onOpChanged, op=0 / packageName=com.wallapop

07-08 00:56:36.456  4948  5098 D CodecSolution: isMaxAspectPackageEx: com.wallapop : true(2)

07-08 00:56:36.472  4948  5098 D CodecSolution: isMaxAspectPackageEx: com.wallapop : true(2)

07-08 00:56:36.474  4948  5098 I PerfSDKService: Current foregroundpackage name : com.wallapop

07-08 00:56:36.597  4948 12848 D MdnieScenarioControlService:  packageName : com.wallapop    className : com.wallapop.activities.PreferencesActivity

07-08 00:56:36.624  4948  5098 D CodecSolution: isMaxAspectPackageEx: com.wallapop : true(2)

07-08 00:56:36.634  4948  5098 D CodecSolution: isMaxAspectPackageEx: com.wallapop : true(2)

07-08 00:56:36.635  4948  5098 I PerfSDKService: Current foregroundpackage name : com.wallapop

07-08 00:56:36.757  4948 12848 D MdnieScenarioControlService:  packageName : com.wallapop    className : com.wallapop.activities.PreferencesActivity

07-08 00:57:10.852 27145 27193 W com.wallapop: Accessing hidden method Lsun/misc/Unsafe;->putObject(Ljava/lang/Object;JLjava/lang/Object;)V (greylist, linking, allowed)

07-08 00:57:10.854 27145 27193 W com.wallapop: Accessing hidden method Lsun/misc/Unsafe;->putInt(Ljava/lang/Object;JI)V (greylist, linking, allowed)

07-08 00:57:10.856 27145 27859 W com.wallapop: Accessing hidden method Lsun/misc/Unsafe;->putInt(Ljava/lang/Object;JI)V (greylist, linking, allowed)

07-08 00:57:36.782  4948  5098 D CodecSolution: isMaxAspectPackageEx: com.wallapop : true(2)

07-08 00:57:36.784  4948  5098 I PerfSDKService: Current foregroundpackage name : com.wallapop

07-08 00:57:36.908  4948 12848 D MdnieScenarioControlService:  packageName : com.wallapop    className : com.wallapop.activities.PreferencesActivity

07-08 00:57:36.939  4948  5098 D CodecSolution: isMaxAspectPackageEx: com.wallapop : true(2)

07-08 00:57:36.946  4948  5098 D CodecSolution: isMaxAspectPackageEx: com.wallapop : true(2)

07-08 00:57:36.947  4948  5098 I PerfSDKService: Current foregroundpackage name : com.wallapop

07-08 00:57:37.072  4948 12848 D MdnieScenarioControlService:  packageName : com.wallapop    className : com.wallapop.activities.PreferencesActivity

07-08 00:58:34.725  4948 14319 I ActivityManager: Force stopping com.wallapop appid=10385 user=0: from pid 27953

07-08 00:58:34.726  4948 14319 I ActivityManager: Killing 27145:com.wallapop/u0a385 (adj 200): stop com.wallapop

07-08 00:58:34.734  4948  4948 D EdgeLightingManager: hideForNotification : packageName = com.wallapop

07-08 00:58:34.734  4948  4948 D EdgeLightingPolicyManager:NotificationGroup: remove : sbn : StatusBarNotification(pkg=com.wallapop user=UserHandle{0} id=999 tag=null key=0|com.wallapop|999|null|10385: Notification(channel=wallapop_channel pri=-2 contentView=null vibrate=null sound=null defaults=0x0 flags=0x62 color=0x00000000 vis=PRIVATE semFlags=0x0 semPriority=0 semMissedCount=0))

07-08 00:58:34.734  4948  4948 D EdgeLightingPolicyManager: isAcceptableApplication:  pkg=com.wallapop , range=1 , includeAllApp=false , userId=0 , infoRange=0 , infoCategory=0

07-08 00:58:34.735  4948 14319 W ActivityManager: Scheduling restart of crashed service com.wallapop/com.rewallapop.ui.debug.view.DebugActivity$Service in 1000ms

07-08 00:58:34.735  4948 14319 W ActivityTaskManager: Force removing ActivityRecord{2881cde u0 com.wallapop/.activities.PreferencesActivity t1304 f}: app died, no saved state

07-08 00:58:34.737  4382  4633 I Layer   : id=1461 removeFromCurrentState fbe52f9 com.wallapop/com.wallapop.activities.PreferencesActivity#0 (56)

07-08 00:58:34.737  4382  4633 I SurfaceFlinger: id=1461 Removed fbe52f9 com.wallapop/com.wallapop.activities.PreferencesActivity#0 (56)

07-08 00:58:34.737  4948 14319 W ActivityTaskManager: Force removing ActivityRecord{398e02b u0 com.wallapop/com.rewallapop.ui.wall.WallActivity t1304 f}: app died, no saved state

07-08 00:58:34.739  4382  4633 I Layer   : id=1460 removeFromCurrentState AppWindowToken{f89798c token=Token{e741ebf ActivityRecord{2881cde u0 com.wallapop/.activities.PreferencesActivity t1304}}}#0 (56)

07-08 00:58:34.739  4382  4633 I Layer   : id=1457 removeFromCurrentState bf67c78 com.wallapop/com.rewallapop.ui.wall.WallActivity#0 (56)

07-08 00:58:34.739  4382  4633 I SurfaceFlinger: id=1460 Removed AppWindowToken{f89798c token=Token{e741ebf ActivityRecord{2881cde u0 com.wallapop/.activities.PreferencesActivity t1304}}}#0 (56)

07-08 00:58:34.739  4382  4633 I SurfaceFlinger: id=1457 Removed bf67c78 com.wallapop/com.rewallapop.ui.wall.WallActivity#0 (56)

07-08 00:58:34.740 13050 13050 D Launcher.NotificationListener: onNotificationRemoved : StatusBarNotification(pkg=com.wallapop user=UserHandle{0} id=999 tag=null key=0|com.wallapop|999|null|10385: Notification(channel=wallapop_channel pri=-2 contentView=null vibrate=null sound=null defaults=0x0 flags=0x62 color=0x00000000 vis=PRIVATE semFlags=0x0 semPriority=0 semMissedCount=0)) listener : null

07-08 00:58:34.740  4382  4382 I Layer   : id=1457[1] Destroyed bf67c78 com.wallapop/com.rewallapop.ui.wall.WallActivity#0

07-08 00:58:34.740  4382  4382 I Layer   : id=1460[1] Destroyed AppWindowToken{f89798c token=Token{e741ebf ActivityRecord{2881cde u0 com.wallapop/.activities.PreferencesActivity t1304}}}#0

07-08 00:58:34.740  4382  4382 I Layer   : id=1461[1] Destroyed fbe52f9 com.wallapop/com.wallapop.activities.PreferencesActivity#0

07-08 00:58:34.740 12945 12986 V NotificationManager_FLP: Notification for foreground service is removed, 0|com.wallapop|999|null|10385

07-08 00:58:34.741  4382  4440 I Layer   : id=1452 removeFromCurrentState AppWindowToken{59fe621 token=Token{8a6bc88 ActivityRecord{398e02b u0 com.wallapop/com.rewallapop.ui.wall.WallActivity t1304}}}#0 (53)

07-08 00:58:34.741  4382  4440 I SurfaceFlinger: id=1452 Removed AppWindowToken{59fe621 token=Token{8a6bc88 ActivityRecord{398e02b u0 com.wallapop/com.rewallapop.ui.wall.WallActivity t1304}}}#0 (53)

07-08 00:58:34.758  4382  4382 I Layer   : id=1452[1] Destroyed AppWindowToken{59fe621 token=Token{8a6bc88 ActivityRecord{398e02b u0 com.wallapop/com.rewallapop.ui.wall.WallActivity t1304}}}#0

07-08 00:58:34.771  4948  5106 W BroadcastQueue: Background execution not allowed: receiving Intent { act=android.intent.action.PACKAGE_RESTARTED dat=package:com.wallapop flg=0x10 (has extras) } to android/com.kddi.android.CpaNotiReceiver

07-08 00:58:34.775  4948  4948 D SamsungAlarmManager: Remove alarm for next reason : android.intent.action.PACKAGE_RESTARTED : package: com.wallapop

07-08 00:58:40.436  4948 15047 I ActivityManager: Force stopping com.wallapop appid=10385 user=0: from pid 28133

07-08 00:58:40.438  4948  4948 D SamsungAlarmManager: Remove alarm for next reason : android.intent.action.PACKAGE_RESTARTED : package: com.wallapop

07-08 00:58:40.441  4948  5106 W BroadcastQueue: Background execution not allowed: receiving Intent { act=android.intent.action.PACKAGE_RESTARTED dat=package:com.wallapop flg=0x10 (has extras) } to android/com.kddi.android.CpaNotiReceiver

07-08 00:58:40.690  4948 15047 I ActivityTaskManager: START u0 {flg=0x10000000 cmp=com.wallapop/com.rewallapop.ui.main.MainActivity} from uid 2000

07-08 00:58:40.700  4382  5787 I SurfaceFlinger: id=1481 createSurf (0x0),-1 flag=80004, AppWindowToken{c059071 token=Token{5ea5e18 ActivityRecord{5a6cdfb u0 com.wallapop/com.rewallapop.ui.main.MainActivity t1305}}}#0

07-08 00:58:40.703  4948  5100 D GameSDKService: MultiWindowEventListener.onFocusStackChanged(), state=0, top=ComponentInfo{com.wallapop/com.rewallapop.ui.main.MainActivity}

07-08 00:58:40.704  4948  5100 D GameSDKService: MultiWindowEventListener.onFocusStackChanged(): com.wallapop

07-08 00:58:40.704  4948  5100 D GameManagerService: MultiWindowEventListener.onFocusedStackChanged(), state=0, top=ComponentInfo{com.wallapop/com.rewallapop.ui.main.MainActivity}

07-08 00:58:40.704  4948  5100 D GameManagerService: MultiWindowEventListener.onFocusedStackChanged(), pkgName: com.wallapop, clsName: com.rewallapop.ui.main.MainActivity, FgActivityName:com.wallapop/com.rewallapop.ui.main.MainActivity, userID:0

07-08 00:58:40.709  4948  5101 D PhoneWindow: forceLight changed to true [Splash Screen com.wallapop] from com.android.internal.policy.PhoneWindow.updateForceLightNavigationBar:4268 com.android.internal.policy.DecorView.updateColorViews:1513 com.android.internal.policy.PhoneWindow.dispatchWindowAttributesChanged:3246 android.view.Window.setFlags:1148 com.android.internal.policy.PhoneWindow.generateLayout:2474

07-08 00:58:40.709  4948  5101 D PhoneWindow: forceLight changed to false [Splash Screen com.wallapop] from com.android.internal.policy.PhoneWindow.updateForceLightNavigationBar:4274 com.android.internal.policy.DecorView.updateColorViews:1513 com.android.internal.policy.PhoneWindow.dispatchWindowAttributesChanged:3246 android.view.Window.setFlags:1148 com.android.internal.policy.PhoneWindow.generateLayout:2620

07-08 00:58:40.711  4382  5787 I SurfaceFlinger: id=1482 createSurf (0x0),-1 flag=80004, 6a1b8d Splash Screen com.wallapop#0

07-08 00:58:40.714  4948  5101 D WindowManager: w is invisible : 6a1b8d Splash Screen com.wallapop

07-08 00:58:40.714  4948  5101 D WindowManager: w is invisible : 6a1b8d Splash Screen com.wallapop

07-08 00:58:40.716  4948  5101 V WindowManager: Relayout Window{6a1b8d u0 Splash Screen com.wallapop}: viewVisibility=0 req=1080x2220

07-08 00:58:40.716  4948  5100 I ApplicationPolicy: isApplicationExternalStorageWhitelisted:com.wallapop user:0

07-08 00:58:40.716  4948  5100 D ActivityManager: package  com.wallapop, user - 0 is SDcard whitelisted

07-08 00:58:40.716  4948  5100 I ApplicationPolicy: isApplicationExternalStorageBlacklisted:com.wallapop user:0

07-08 00:58:40.716  4948  5100 I ApplicationPolicy: isApplicationExternalStorageBlacklisted:com.wallapop user:0

07-08 00:58:40.718  4382  5787 I SurfaceFlinger: id=1483 createSurf (1080x2220),1 flag=4, Splash Screen com.wallapop#0

07-08 00:58:40.719  4948  5101 D WindowManager: makeSurface duration=1 name=Splash Screen com.wallapop

07-08 00:58:40.728  4948  5107 I ActivityManager: Start proc 28136:com.wallapop/u0a385 for activity {com.wallapop/com.rewallapop.ui.main.MainActivity}

07-08 00:58:40.731  4948  5101 D WindowManager: finishDrawingWindow: Window{6a1b8d u0 Splash Screen com.wallapop} mDrawState=DRAW_PENDING

07-08 00:58:40.733  4948  5101 V WindowManager: performShow on Window{6a1b8d u0 Splash Screen com.wallapop}: mDrawState=READY_TO_SHOW readyForDisplay=false starting=true during animation: policyVis=true parentHidden=false tok.hiddenRequested=false tok.hidden=true animating=true tok animating=true Callers=com.android.server.wm.WindowState.performShowLocked:4731 com.android.server.wm.WindowStateAnimator.commitFinishDrawingLocked:401 com.android.server.wm.DisplayContent.lambda$new$8$DisplayContent:990 com.android.server.wm.-$$Lambda$DisplayContent$qxt4izS31fb0LF2uo_OF9DMa7gc.accept:4

07-08 00:58:40.734 28136 28136 I com.wallapop: Late-enabling -Xcheck:jni

07-08 00:58:40.754 28136 28136 E com.wallapop: Unknown bits set in runtime_flags: 0x8000

07-08 00:58:40.769  4948 12966 I ActivityManager: DSS OFF for com.wallapop

07-08 00:58:40.772  4948 12966 V WindowManager: performShow on Window{6a1b8d u0 Splash Screen com.wallapop}: mDrawState=READY_TO_SHOW readyForDisplay=false starting=true during animation: policyVis=true parentHidden=false tok.hiddenRequested=false tok.hidden=true animating=true tok animating=true Callers=com.android.server.wm.WindowState.performShowLocked:4731 com.android.server.wm.WindowStateAnimator.commitFinishDrawingLocked:401 com.android.server.wm.DisplayContent.lambda$new$8$DisplayContent:990 com.android.server.wm.-$$Lambda$DisplayContent$qxt4izS31fb0LF2uo_OF9DMa7gc.accept:4

07-08 00:58:40.774  4948 12966 D GamePkgDataHelper: notifyAppCreate(), pkgName: com.wallapop, sendRet: true

07-08 00:58:40.774  4948 12772 D GameManagerService: onLooperPrepared(), msg: { when=0 what=10010 obj=com.wallapop target=com.samsung.android.game.GameManagerService$FgCheckThread$1 }

07-08 00:58:40.774  4948 12772 D GameManagerService: handleMessage(), MSG_APP_CREATE. pkgName: com.wallapop

07-08 00:58:40.774  4948 12966 D MARsPolicyManager: onPackageResumedFG pkgName = com.wallapop, userId = 0

07-08 00:58:40.776  4948  5101 V WindowManager: performShow on Window{6a1b8d u0 Splash Screen com.wallapop}: mDrawState=READY_TO_SHOW readyForDisplay=false starting=true during animation: policyVis=true parentHidden=false tok.hiddenRequested=false tok.hidden=true animating=true tok animating=true Callers=com.android.server.wm.WindowState.performShowLocked:4731 com.android.server.wm.WindowStateAnimator.commitFinishDrawingLocked:401 com.android.server.wm.DisplayContent.lambda$new$8$DisplayContent:990 com.android.server.wm.-$$Lambda$DisplayContent$qxt4izS31fb0LF2uo_OF9DMa7gc.accept:4

07-08 00:58:40.780  4948  5101 I WindowManager: Reparenting to leash, surface=Surface(name=AppWindowToken{c059071 token=Token{5ea5e18 ActivityRecord{5a6cdfb u0 com.wallapop/com.rewallapop.ui.main.MainActivity t1305}}})/@0xbfc3bab

07-08 00:58:40.780  4382  5787 I SurfaceFlinger: id=1486 createSurf (0x0),-1 flag=80004, Surface(name=AppWindowToken{c059071 token=Token{5ea5e18 ActivityRecord{5a6cdfb u0 com.wallapop/com.rewallapop.ui.main.MainActivity t1305}}})/@0xbfc3bab - animation-leash#0

07-08 00:58:40.781  4948  5101 D WindowManager: makeSurface duration=1 leash=Surface(name=Surface(name=AppWindowToken{c059071 token=Token{5ea5e18 ActivityRecord{5a6cdfb u0 com.wallapop/com.rewallapop.ui.main.MainActivity t1305}}})/@0xbfc3bab - animation-leash)/@0x5d5b208

07-08 00:58:40.781  4382  5787 I SurfaceFlinger: id=1487 createSurf (0x0),-1 flag=80004, Surface(name=AppWindowToken{c059071 token=Token{5ea5e18 ActivityRecord{5a6cdfb u0 com.wallapop/com.rewallapop.ui.main.MainActivity t1305}}})/@0xbfc3bab - animation-bounds#0

07-08 00:58:40.782  4948  5098 D WindowManager: setSystemUiVisibility: displayId=0, vis=0xa018, fullVis=0x2000, dockVis=0x0, win=Window{6a1b8d u0 Splash Screen com.wallapop}

07-08 00:58:40.788  4948 12703 D PkgPredictorService: com.wallapop go to foreground!

07-08 00:58:40.788  4948 12703 D PkgPredictorService: previous pkgs: com.wallapop,com.wallapop,com.wallapop running pkg: com.wallapop, uid: 0 is system: false

07-08 00:58:40.788  4948 12703 D PkgPredictorService-Collector:  (hour:0 day:4 previous:[com.wallapop, com.wallapop, com.wallapop] activityName:unknown running:com.wallapop userId:0 screenOrientation:0 wifi:1 bt:0 predictTime:1 apkVersion:1.102.0-d2007061006 consumeTime:-1 preloaded:false>)

07-08 00:58:40.788  4948 12703 D PkgPredictorService-NapPreloadController: User using: com.wallapop

07-08 00:58:40.789  4948 12703 D PkgPredictorService-NapClassifier: Predict result: 17.0,2.0,29.0, - [0_&_com.wallapop, 0_&_com.android.vending, 0_&_com.Slack]

07-08 00:58:40.789  4948 12703 D PkgPredictorService-NapPreloadController: preloadWithUid pkg: [com.wallapop] Uid: [0]

07-08 00:58:40.790  4948  5098 D CodecSolution: isMaxAspectPackageEx: com.wallapop : true(2)

07-08 00:58:40.790  4948  5100 D GamePkgDataHelper: getSosPolicy(). com.wallapop

07-08 00:58:40.790  4948  5100 D GameManagerService: identifyGamePackage. com.wallapop, mCurrentUserId: 0, callerUserId: 0

07-08 00:58:40.790  4948  5098 I PerfSDKService: Current foregroundpackage name : com.wallapop

07-08 00:58:40.791  4948  5100 D GamePkgDataHelper: getGamePkgData(). com.wallapop

07-08 00:58:40.791 12945 12986 V PermissionManager_FLP: onOpChanged, op=0 / packageName=com.wallapop

07-08 00:58:40.791  4948 12838 D GamePkgDataHelper: getSosPolicy(). com.wallapop

07-08 00:58:40.794  4948  5100 D GameManagerService: noteResumeComponent(), resumeComponent: com.wallapop

07-08 00:58:40.794  4948 12772 D GameManagerService: onLooperPrepared(), msg: { when=-1ms what=10000 obj=ComponentInfo{com.wallapop/com.rewallapop.ui.main.MainActivity} target=com.samsung.android.game.GameManagerService$FgCheckThread$1 }

07-08 00:58:40.794  4948 12772 D GameManagerService: notifyResumePause(). pkg: com.wallapop, type: 4, isMinimized: false, isTunableApp: false

07-08 00:58:40.812 28136 28136 I com.wallapop: The ClassLoaderContext is a special shared library.

07-08 00:58:40.888  4382  4382 I SurfaceFlinger:      DEVICE | 0x7afdfc7bc0 | 0000 | RGBA_8888 |   0.0    0.0 1080.0 2220.0 |   90  186  990 2034 | Splash Screen com.wallapop#0

07-08 00:58:40.918  4382  4382 I SurfaceFlinger:      DEVICE | 0x7afdfc7bc0 | 0000 | RGBA_8888 |   0.0    0.0 1080.0 2220.0 |   49  102 1031 2118 | Splash Screen com.wallapop#0

07-08 00:58:40.919  4948 12848 D MdnieScenarioControlService:  packageName : com.wallapop    className : com.rewallapop.ui.main.MainActivity

07-08 00:58:40.943 28136 28158 W com.wallapop: Unsupported class loader

07-08 00:58:41.031  4948  5101 I WindowManager: Reparenting to original parent: Surface(name=Task=1305)/@0x2e5476f, destroyLeash=true, surface=Surface(name=AppWindowToken{c059071 token=Token{5ea5e18 ActivityRecord{5a6cdfb u0 com.wallapop/com.rewallapop.ui.main.MainActivity t1305}}})/@0xbfc3bab

07-08 00:58:41.035  4382  4439 I Layer   : id=1486 removeFromCurrentState Surface(name=AppWindowToken{c059071 token=Token{5ea5e18 ActivityRecord{5a6cdfb u0 com.wallapop/com.rewallapop.ui.main.MainActivity t1305}}})/@0xbfc3bab - animation-leash#0 (61)

07-08 00:58:41.035  4382  4439 I Layer   : id=1487 removeFromCurrentState Surface(name=AppWindowToken{c059071 token=Token{5ea5e18 ActivityRecord{5a6cdfb u0 com.wallapop/com.rewallapop.ui.main.MainActivity t1305}}})/@0xbfc3bab - animation-bounds#0 (61)

07-08 00:58:41.036  4382  4439 I SurfaceFlinger: id=1486 Removed Surface(name=AppWindowToken{c059071 token=Token{5ea5e18 ActivityRecord{5a6cdfb u0 com.wallapop/com.rewallapop.ui.main.MainActivity t1305}}})/@0xbfc3bab - animation-leash#0 (61)

07-08 00:58:41.036  4382  5775 I SurfaceFlinger: id=1487 Removed Surface(name=AppWindowToken{c059071 token=Token{5ea5e18 ActivityRecord{5a6cdfb u0 com.wallapop/com.rewallapop.ui.main.MainActivity t1305}}})/@0xbfc3bab - animation-bounds#0 (61)

07-08 00:58:41.047  4382  4382 I Layer   : id=1487[1] Destroyed Surface(name=AppWindowToken{c059071 token=Token{5ea5e18 ActivityRecord{5a6cdfb u0 com.wallapop/com.rewallapop.ui.main.MainActivity t1305}}})/@0xbfc3bab - animation-bounds#0

07-08 00:58:41.048  4382  4382 I Layer   : id=1486[1] Destroyed Surface(name=AppWindowToken{c059071 token=Token{5ea5e18 ActivityRecord{5a6cdfb u0 com.wallapop/com.rewallapop.ui.main.MainActivity t1305}}})/@0xbfc3bab - animation-leash#0

07-08 00:58:41.086  4382  4382 I SurfaceFlinger:      DEVICE | 0x7afdfc7bc0 | 0000 | RGBA_8888 |   0.0    0.0 1080.0 2220.0 |    0    0 1080 2220 | Splash Screen com.wallapop#0

07-08 00:58:41.134 28136 28136 W com.wallapop: Accessing hidden method Ldalvik/system/CloseGuard;->get()Ldalvik/system/CloseGuard; (greylist,core-platform-api, reflection, allowed)

07-08 00:58:41.134 28136 28136 W com.wallapop: Accessing hidden method Ldalvik/system/CloseGuard;->open(Ljava/lang/String;)V (greylist,core-platform-api, reflection, allowed)

07-08 00:58:41.134 28136 28136 W com.wallapop: Accessing hidden method Ldalvik/system/CloseGuard;->warnIfOpen()V (greylist,core-platform-api, reflection, allowed)

07-08 00:58:41.163 28136 28164 I FA      :   adb shell setprop debug.firebase.analytics.app com.wallapop

07-08 00:58:41.165 28136 28192 I stetho  : Listening on @stetho_com.wallapop_devtools_remote

07-08 00:58:41.192  4948 12966 D PackageManager: setEnabledSetting : userId = 0 packageName = com.wallapop cmp = androidx.work.impl.background.systemjob.SystemJobService newState = 1 callingPackage = 10385/com.wallapop

07-08 00:58:41.368 28136 28220 W com.wallapop: Accessing hidden field Lsun/misc/Unsafe;->theUnsafe:Lsun/misc/Unsafe; (greylist, reflection, allowed)

07-08 00:58:41.369 28136 28220 W com.wallapop: Accessing hidden method Lsun/misc/Unsafe;->arrayIndexScale(Ljava/lang/Class;)I (greylist, linking, allowed)

07-08 00:58:41.369 28136 28220 W com.wallapop: Accessing hidden method Lsun/misc/Unsafe;->arrayBaseOffset(Ljava/lang/Class;)I (greylist,core-platform-api, linking, allowed)

07-08 00:58:41.369 28136 28220 W com.wallapop: Accessing hidden method Lsun/misc/Unsafe;->objectFieldOffset(Ljava/lang/reflect/Field;)J (greylist,core-platform-api, linking, allowed)

07-08 00:58:41.382 28136 28228 W com.wallapop: Accessing hidden method Lsun/misc/Unsafe;->getObjectVolatile(Ljava/lang/Object;J)Ljava/lang/Object; (greylist, linking, allowed)

07-08 00:58:41.382 28136 28228 W com.wallapop: Accessing hidden method Lsun/misc/Unsafe;->putOrderedObject(Ljava/lang/Object;JLjava/lang/Object;)V (greylist, linking, allowed)

07-08 00:58:41.382 28136 28228 W com.wallapop: Accessing hidden method Lsun/misc/Unsafe;->putOrderedLong(Ljava/lang/Object;JJ)V (greylist, linking, allowed)

07-08 00:58:41.459  4948 12966 D PackageManager: setEnabledSetting : userId = 0 packageName = com.wallapop cmp = androidx.work.impl.background.systemalarm.RescheduleReceiver newState = 1 callingPackage = 10385/com.wallapop

07-08 00:58:41.502 28136 28195 W com.wallapop: Accessing hidden method Lsun/misc/Unsafe;->allocateInstance(Ljava/lang/Class;)Ljava/lang/Object; (greylist, reflection, allowed)

07-08 00:58:41.504  4948 12966 D BaseRestrictionMgr: Package: com.android.vending, userid: 0, hostingType: bindService is allowed by freecess, caller is: com.wallapop

07-08 00:58:41.505 28136 28260 W com.wallapop: Accessing hidden method Llibcore/io/Memory;->peekLong(JZ)J (greylist, reflection, allowed)

07-08 00:58:41.505 28136 28260 W com.wallapop: Accessing hidden method Llibcore/io/Memory;->pokeLong(JJZ)V (greylist, reflection, allowed)

07-08 00:58:41.505 28136 28260 W com.wallapop: Accessing hidden method Llibcore/io/Memory;->pokeInt(JIZ)V (greylist, reflection, allowed)

07-08 00:58:41.505 28136 28260 W com.wallapop: Accessing hidden method Llibcore/io/Memory;->peekInt(JZ)I (greylist, reflection, allowed)

07-08 00:58:41.505 28136 28260 W com.wallapop: Accessing hidden method Llibcore/io/Memory;->pokeByte(JB)V (greylist, reflection, allowed)

07-08 00:58:41.505 28136 28260 W com.wallapop: Accessing hidden method Llibcore/io/Memory;->peekByte(J)B (greylist, reflection, allowed)

07-08 00:58:41.505 28136 28260 W com.wallapop: Accessing hidden method Llibcore/io/Memory;->pokeByteArray(J[BII)V (greylist, reflection, allowed)

07-08 00:58:41.505 28136 28260 W com.wallapop: Accessing hidden method Llibcore/io/Memory;->peekByteArray(J[BII)V (greylist, reflection, allowed)

07-08 00:58:41.507 28136 28260 W com.wallapop: Accessing hidden method Lsun/misc/Unsafe;->getLong(Ljava/lang/Object;J)J (greylist,core-platform-api, reflection, allowed)

07-08 00:58:41.507 28136 28260 W com.wallapop: Accessing hidden field Ljava/nio/Buffer;->address:J (greylist, reflection, allowed)

07-08 00:58:41.507 28136 28260 W com.wallapop: Accessing hidden method Lsun/misc/Unsafe;->getInt(Ljava/lang/Object;J)I (greylist, reflection, allowed)

07-08 00:58:41.507 28136 28260 W com.wallapop: Accessing hidden method Lsun/misc/Unsafe;->putInt(Ljava/lang/Object;JI)V (greylist, reflection, allowed)

07-08 00:58:41.507 28136 28260 W com.wallapop: Accessing hidden method Lsun/misc/Unsafe;->getLong(Ljava/lang/Object;J)J (greylist,core-platform-api, reflection, allowed)

07-08 00:58:41.507 28136 28260 W com.wallapop: Accessing hidden method Lsun/misc/Unsafe;->putLong(Ljava/lang/Object;JJ)V (greylist, reflection, allowed)

07-08 00:58:41.507 28136 28260 W com.wallapop: Accessing hidden method Lsun/misc/Unsafe;->getObject(Ljava/lang/Object;J)Ljava/lang/Object; (greylist, reflection, allowed)

07-08 00:58:41.507 28136 28260 W com.wallapop: Accessing hidden method Lsun/misc/Unsafe;->putObject(Ljava/lang/Object;JLjava/lang/Object;)V (greylist, reflection, allowed)

07-08 00:58:41.513  4948 12966 D SamsungAlarmManager: Cancel Alarm calling from uid:10385 pid :28136 / op:PendingIntent{d7b7ce3: PendingIntentRecord{83386e0 com.wallapop broadcastIntent}}

07-08 00:58:41.631  4948 13506 D SamsungAlarmManager: Cancel Alarm calling from uid:10385 pid :28136 / op:PendingIntent{59fa6d1: PendingIntentRecord{73e536 com.wallapop broadcastIntent}}

07-08 00:58:41.654 28136 28136 I chatty  : uid=10385(com.wallapop) identical 9 lines

07-08 00:58:41.654 28136 28136 I chatty  : uid=10385(com.wallapop) identical 1 line

