Executed '[C828] Search Consumer Goods: Search with different filters getting results' on 03-07-2019
---------------------------------------------------------------------------------
07-03 17:57:01.663 27090 27090 I Timeline: Timeline: Activity_launch_request id:com.wallapop time:56424368

07-03 17:57:01.703   874  1914 V WindowManager: addAppToken: AppWindowToken{dc4b233 token=Token{b81c5a2 ActivityRecord{528556d u0 com.wallapop/com.rewallapop.ui.search.SearchActivity t880}}} to stack=1 task=880 at 2

07-03 17:57:01.753   874  1027 V MARsPolicyManager: updatePackagesScore PackageInfo name -- com.wallapop

07-03 17:57:01.773 27090 27090 W ResourcesManager: getTopLevelResources: /data/app/com.wallapop-1/base.apk / 1.0 running in com.wallapop rsrc of package null

07-03 17:57:01.773 27090 27090 W ResourcesManager: getTopLevelResources: /data/app/com.wallapop-1/base.apk / 1.0 running in com.wallapop rsrc of package null

07-03 17:57:01.803   874  1220 V AlarmManager:  remove PendingIntent] PendingIntent{17d99f0: PendingIntentRecord{de40689 com.wallapop broadcastIntent}}

07-03 17:57:02.303   874  4874 D ISSUE_DEBUG: InputChannelName : 8da99ee com.wallapop/com.rewallapop.ui.search.SearchActivity

07-03 17:57:02.343   874  1028 D StatusBarManagerService: manageDisableList userId=0 what=0x0 pkg=Window{8da99ee u0 d0 com.wallapop/com.rewallapop.ui.search.SearchActivity}

07-03 17:57:02.453 27007 27059 W ByMatcher: Node returned null child: android.view.accessibility.AccessibilityNodeInfo@804eb5bd; boundsInParent: Rect(0, 0 - 1080, 345); boundsInScreen: Rect(0, 22 - 1080, 367); packageName: com.wallapop; className: android.widget.LinearLayout; text: null; error: null; maxTextLength: -1; contentDescription: null; viewIdResName: com.wallapop:id/appBarLayout; checkable: false; checked: false; focusable: false; focused: false; selected: false; clickable: false; longClickable: false; contextClickable: false; enabled: true; password: false; scrollable: false; actions: [AccessibilityAction: ACTION_SELECT - null, AccessibilityAction: ACTION_CLEAR_SELECTION - null, AccessibilityAction: ACTION_ACCESSIBILITY_FOCUS - null, AccessibilityAction: ACTION_UNKNOWN - null]

07-03 17:57:02.453 27007 27059 W ByMatcher: Node returned null child: android.view.accessibility.AccessibilityNodeInfo@804e66e8; boundsInParent: Rect(0, 0 - 1080, 1920); boundsInScreen: Rect(0, 0 - 1080, 1920); packageName: com.wallapop; className: android.view.ViewGroup; text: null; error: null; maxTextLength: -1; contentDescription: null; viewIdResName: null; checkable: false; checked: false; focusable: false; focused: false; selected: false; clickable: false; longClickable: false; contextClickable: false; enabled: true; password: false; scrollable: false; actions: [AccessibilityAction: ACTION_SELECT - null, AccessibilityAction: ACTION_CLEAR_SELECTION - null, AccessibilityAction: ACTION_ACCESSIBILITY_FOCUS - null, AccessibilityAction: ACTION_UNKNOWN - null]

07-03 17:57:02.453 27007 27059 W ByMatcher: Node returned null child: android.view.accessibility.AccessibilityNodeInfo@804e1f95; boundsInParent: Rect(0, 0 - 1080, 1920); boundsInScreen: Rect(0, 0 - 1080, 1920); packageName: com.wallapop; className: android.widget.FrameLayout; text: null; error: null; maxTextLength: -1; contentDescription: null; viewIdResName: null; checkable: false; checked: false; focusable: false; focused: false; selected: false; clickable: false; longClickable: false; contextClickable: false; enabled: true; password: false; scrollable: false; actions: [AccessibilityAction: ACTION_SELECT - null, AccessibilityAction: ACTION_CLEAR_SELECTION - null, AccessibilityAction: ACTION_ACCESSIBILITY_FOCUS - null, AccessibilityAction: ACTION_UNKNOWN - null]

07-03 17:57:02.453 27007 27059 W ByMatcher: Node returned null child: android.view.accessibility.AccessibilityNodeInfo@804e1f95; boundsInParent: Rect(0, 0 - 1080, 1920); boundsInScreen: Rect(0, 0 - 1080, 1920); packageName: com.wallapop; className: android.widget.FrameLayout; text: null; error: null; maxTextLength: -1; contentDescription: null; viewIdResName: null; checkable: false; checked: false; focusable: false; focused: false; selected: false; clickable: false; longClickable: false; contextClickable: false; enabled: true; password: false; scrollable: false; actions: [AccessibilityAction: ACTION_SELECT - null, AccessibilityAction: ACTION_CLEAR_SELECTION - null, AccessibilityAction: ACTION_ACCESSIBILITY_FOCUS - null, AccessibilityAction: ACTION_UNKNOWN - null]

07-03 17:57:02.563   874  3012 V WindowStateAnimator: Finishing drawing window Window{8da99ee u0 d0 com.wallapop/com.rewallapop.ui.search.SearchActivity}: mDrawState=DRAW_PENDING

07-03 17:57:02.573   874  1132 I ActivityManager: Displayed com.wallapop/com.rewallapop.ui.search.SearchActivity: +835ms

07-03 17:57:02.653   874   892 V WindowStateAnimator: Finishing drawing window Window{8da99ee u0 d0 com.wallapop/com.rewallapop.ui.search.SearchActivity}: mDrawState=HAS_DRAWN

07-03 17:57:02.823   874  1132 I Timeline: Timeline: Activity_windows_visible id: ActivityRecord{528556d u0 com.wallapop/com.rewallapop.ui.search.SearchActivity t880} time:56425523

07-03 17:57:02.873 27090 27090 V ActivityThread: updateVisibility : ActivityRecord{6f0a482 token=android.os.BinderProxy@454358f {com.wallapop/com.rewallapop.ui.searchwall.SearchWallActivity}} show : false

07-03 17:57:05.293 27090 27090 I Timeline: Timeline: Activity_launch_request id:com.wallapop time:56427991

07-03 17:57:05.313   874  1914 V WindowManager: addAppToken: AppWindowToken{fb94195 token=Token{a6f4d4c ActivityRecord{a41e97f u0 com.wallapop/com.rewallapop.ui.search.SearchBoxSuggesterActivity t880}}} to stack=1 task=880 at 3

07-03 17:57:05.343   874  1027 V MARsPolicyManager: updatePackagesScore PackageInfo name -- com.wallapop

07-03 17:57:05.363 27090 27090 W ResourcesManager: getTopLevelResources: /data/app/com.wallapop-1/base.apk / 1.0 running in com.wallapop rsrc of package null

07-03 17:57:05.363 27090 27090 W ResourcesManager: getTopLevelResources: /data/app/com.wallapop-1/base.apk / 1.0 running in com.wallapop rsrc of package null

07-03 17:57:05.383   874  4874 V AlarmManager:  remove PendingIntent] PendingIntent{21a82aa: PendingIntentRecord{de40689 com.wallapop broadcastIntent}}

07-03 17:57:05.463   874  1220 D ISSUE_DEBUG: InputChannelName : 867f9e4 com.wallapop/com.rewallapop.ui.search.SearchBoxSuggesterActivity

07-03 17:57:05.483   874  1028 D StatusBarManagerService: manageDisableList userId=0 what=0x0 pkg=Window{867f9e4 u0 d0 com.wallapop/com.rewallapop.ui.search.SearchBoxSuggesterActivity}

07-03 17:57:05.543   874  2732 V WindowStateAnimator: Finishing drawing window Window{867f9e4 u0 d0 com.wallapop/com.rewallapop.ui.search.SearchBoxSuggesterActivity}: mDrawState=DRAW_PENDING

07-03 17:57:05.563   874  1132 I ActivityManager: Displayed com.wallapop/com.rewallapop.ui.search.SearchBoxSuggesterActivity: +229ms

07-03 17:57:05.983   874  1132 I Timeline: Timeline: Activity_windows_visible id: ActivityRecord{a41e97f u0 com.wallapop/com.rewallapop.ui.search.SearchBoxSuggesterActivity t880} time:56428681

07-03 17:57:06.023 27090 27090 V ActivityThread: updateVisibility : ActivityRecord{c385135 token=android.os.BinderProxy@1b793f7 {com.wallapop/com.rewallapop.ui.search.SearchActivity}} show : false

07-03 17:57:06.583 27007 27382 W ByMatcher: Node returned null child: android.view.accessibility.AccessibilityNodeInfo@80506571; boundsInParent: Rect(0, 0 - 1080, 1920); boundsInScreen: Rect(0, 0 - 1080, 1920); packageName: com.wallapop; className: android.widget.FrameLayout; text: null; error: null; maxTextLength: -1; contentDescription: null; viewIdResName: null; checkable: false; checked: false; focusable: false; focused: false; selected: false; clickable: false; longClickable: false; contextClickable: false; enabled: true; password: false; scrollable: false; actions: [AccessibilityAction: ACTION_SELECT - null, AccessibilityAction: ACTION_CLEAR_SELECTION - null, AccessibilityAction: ACTION_ACCESSIBILITY_FOCUS - null, AccessibilityAction: ACTION_UNKNOWN - null]

07-03 17:57:06.583 27007 27382 W ByMatcher: Node returned null child: android.view.accessibility.AccessibilityNodeInfo@80506571; boundsInParent: Rect(0, 0 - 1080, 1920); boundsInScreen: Rect(0, 0 - 1080, 1920); packageName: com.wallapop; className: android.widget.FrameLayout; text: null; error: null; maxTextLength: -1; contentDescription: null; viewIdResName: null; checkable: false; checked: false; focusable: false; focused: false; selected: false; clickable: false; longClickable: false; contextClickable: false; enabled: true; password: false; scrollable: false; actions: [AccessibilityAction: ACTION_SELECT - null, AccessibilityAction: ACTION_CLEAR_SELECTION - null, AccessibilityAction: ACTION_ACCESSIBILITY_FOCUS - null, AccessibilityAction: ACTION_UNKNOWN - null]


