Executed '[C58894] Chat: Active conversations - Conversations information' on 31-10-2019
---------------------------------------------------------------------------------
11-10 10:11:31.827  4211  6257 I ActivityManager: Force stopping com.wallapop appid=10311 user=0: from pid 7831 caller com.android.server.am.ActivityManagerShellCommand.runForceStop:967

11-10 10:11:31.830  4211  6257 I ActivityManager: Killing 7087:com.wallapop/u0a311 (adj 200): stop com.wallapop,from pid 7831 caller com.android.server.am.ActivityManagerShellCommand.runForceStop:967

11-10 10:11:31.851  4211  6257 W ActivityManager: Scheduling restart of crashed service com.wallapop/com.rewallapop.ui.debug.view.DebugActivity$Service in 1000ms

11-10 10:11:31.858 23911 23911 D Notification.Badge: [invalid] onNotificationRemoved : StatusBarNotification(pkg=com.wallapop user=UserHandle{0} id=999 tag=null key=0|com.wallapop|999|null|10311: Notification(channel=wallapop_channel pri=-2 contentView=null vibrate=null sound=null defaults=0x0 flags=0x62 color=0x00000000 vis=PRIVATE semFlags=0x0 semPriority=0 semMissedCount=0))

11-10 10:11:31.860  4211  6257 D StorageManagerService: getExternalStorageMountMode : final mountMode=1, uid : 10311, packageName : com.wallapop

11-10 10:11:31.860  4211  6257 I ApplicationPolicy: isApplicationExternalStorageWhitelisted:com.wallapop user:0

11-10 10:11:31.860  4211  6257 D ActivityManager: package  com.wallapop, user - 0 is SDcard whitelisted

11-10 10:11:31.860  4211  6257 I ApplicationPolicy: isApplicationExternalStorageBlacklisted:com.wallapop user:0

11-10 10:11:31.861  4211  6257 I ApplicationPolicy: isApplicationExternalStorageBlacklisted:com.wallapop user:0

11-10 10:11:31.872  4211  6257 I ActivityManager:   Force finishing activity ActivityRecord{84113b4 u0 com.wallapop/com.rewallapop.ui.wall.WallActivity t2119}

11-10 10:11:31.875  4211  6257 I WindowManager: Cancelling animation restarting=false, leash=null, surface=Surface(name=e3603c8 com.wallapop/com.rewallapop.ui.wall.WallActivity)/@0x2b56bc5, parent=Surface(name=AppWindowToken{c4f7352 token=Token{8ee6bdd ActivityRecord{84113b4 u0 com.wallapop/com.rewallapop.ui.wall.WallActivity t2119}}})/@0xd73191a

11-10 10:11:31.876  4211  6257 V WindowManager: Changing focus from Window{e3603c8 u0 com.wallapop/com.rewallapop.ui.wall.WallActivity} to null Callers=com.android.server.wm.AppWindowToken.setVisibility:536 com.android.server.wm.AppWindowContainerController.setVisibility:495 com.android.server.am.ActivityRecord.setVisibility:1917 com.android.server.am.ActivityStack.prepareActivityHideTransitionAnimation:4429

11-10 10:11:31.877  4211  6257 V WindowManager: Setting visibility of Window{e3603c8 u0 com.wallapop/com.rewallapop.ui.wall.WallActivity}: false, caller=com.android.server.wm.WindowContainer.sendAppVisibilityToClients:615 com.android.server.wm.AppWindowToken.setClientHidden:460 com.android.server.wm.AppWindowToken.onAnimationFinished:2383 com.android.server.wm.AppWindowToken.setVisibility:551 com.android.server.wm.AppWindowContainerController.setVisibility:495

11-10 10:11:31.878  4211  4242 D WindowManager: reportFocusChangedSerialized, focused=false, inTouchMode=true, win=Window{e3603c8 u0 com.wallapop/com.rewallapop.ui.wall.WallActivity}

11-10 10:11:31.885  4211  6257 I ActivityManager:   Force finishing activity ActivityRecord{84113b4 u0 com.wallapop/com.rewallapop.ui.wall.WallActivity t2119 f}

11-10 10:11:31.885  4211  6257 W ActivityManager: Duplicate finish request for ActivityRecord{84113b4 u0 com.wallapop/com.rewallapop.ui.wall.WallActivity t2119 f}

11-10 10:11:31.930  4211  4227 I WindowManager: Cancelling animation restarting=false, leash=null, surface=Surface(name=AppWindowToken{c4f7352 token=Token{8ee6bdd ActivityRecord{84113b4 u0 com.wallapop/com.rewallapop.ui.wall.WallActivity t2119}}})/@0xd73191a, parent=Surface(name=Task=2119)/@0xd8eb064

11-10 10:11:31.931  4211  4227 V WindowManager: Remove Window{e3603c8 u0 com.wallapop/com.rewallapop.ui.wall.WallActivity}: mSurfaceController=Surface(name=com.wallapop/com.rewallapop.ui.wall.WallActivity[7087])/@0xf56023c mAnimatingExit=false mRemoveOnExit=false mHasSurface=true surfaceShowing=false isAnimationSet=false app-animation=false mWillReplaceWindow=false inPendingTransaction=false mDisplayFrozen=false callers=com.android.server.wm.WindowState.removeIfPossible:2764 com.android.server.wm.WindowToken.removeAllWindowsIfPossible:150 com.android.server.wm.AppWindowToken.removeIfPossible:743 com.android.server.wm.AppWindowToken.onRemovedFromDisplay:819 com.android.server.wm.DisplayContent.removeAppToken:1079 com.android.server.wm.AppWindowContainerController.removeContainer:305

11-10 10:11:31.932  4211  4227 I WindowManager: Destroying surface Surface(name=com.wallapop/com.rewallapop.ui.wall.WallActivity[7087])/@0xf56023c called by com.android.server.wm.WindowStateAnimator.destroySurface:1901 com.android.server.wm.WindowStateAnimator.destroySurfaceLocked:838 com.android.server.wm.WindowState.removeImmediately:2743 com.android.server.wm.WindowState.removeIfPossible:2893 com.android.server.wm.WindowState.removeIfPossible:2764 com.android.server.wm.WindowToken.removeAllWindowsIfPossible:150 com.android.server.wm.AppWindowToken.removeIfPossible:743 com.android.server.wm.AppWindowToken.onRemovedFromDisplay:819

11-10 10:11:31.932  3727  5386 I SurfaceFlinger: id=23614 Removed com.wallapop/com.rewallapop.ui.wall.WallActivity[7087]#0 (0/52)

11-10 10:11:31.936  3727  5386 I SurfaceFlinger: id=23613 Removed e3603c8 com.wallapop/com.rewallapop.ui.wall.WallActivity#0 (0/51)

11-10 10:11:31.938  3727  3727 I Layer   : id=23613 onRemoved e3603c8 com.wallapop/com.rewallapop.ui.wall.WallActivity#0

11-10 10:11:31.938  3727  3727 I Layer   : id=23614 onRemoved com.wallapop/com.rewallapop.ui.wall.WallActivity[7087]#0

11-10 10:11:31.941  3727  5386 I SurfaceFlinger: id=23611 Removed AppWindowToken{c4f7352 token=Token{8ee6bdd ActivityRecord{84113b4 u0 com.wallapop/com.rewallapop.ui.wall.WallActivity t2119}}}#0 (0/50)

11-10 10:11:31.956  3727  3727 I Layer   : id=23611 onRemoved AppWindowToken{c4f7352 token=Token{8ee6bdd ActivityRecord{84113b4 u0 com.wallapop/com.rewallapop.ui.wall.WallActivity t2119}}}#0

11-10 10:11:31.983  4211  4227 W BroadcastQueue: Background execution not allowed: receiving Intent { act=android.intent.action.PACKAGE_RESTARTED dat=package:com.wallapop flg=0x10 (has extras) } to android/com.kddi.android.CpaNotiReceiver

11-10 10:11:31.997  7838  7838 I com.wallapop: Late-enabling -Xcheck:jni

11-10 10:11:31.999  4211  4211 D SamsungAlarmManager: Remove alarm for next reason : android.intent.action.PACKAGE_RESTARTED : package: com.wallapop

11-10 10:11:32.011  4211  4229 I ActivityManager: Start proc 7838:com.wallapop/u0a311 for activity com.wallapop/com.rewallapop.ui.wall.WallActivity

11-10 10:11:32.052 23911 23978 D Notification.Badge: updateLauncherIconBadges() item : [IconInfo(title=_Wallapop_ intent=Intent { act=android.intent.action.MAIN cat=[android.intent.category.LAUNCHER] flg=0x10200000 cmp=com.wallapop/.activities.HomeActivity (has extras) } id=160 type=0 container=-102 screen=1 cellX=3 cellY=0 spanX=1 spanY=1 rank=3 hidden=0 dropPos=null user=UserHandle{0} screenType=0)], mShowBadge : [false], item.mBadgeCount : [0]

11-10 10:11:32.084 23911 17128 I AppIconSolution: load=com.wallapop, bg=144-144, dr=126-126, forDefault=true, density=0

11-10 10:11:32.089 23911 17128 I AppIconSolution: load=com.wallapop-contain, bg=166-166, dr=126-126

11-10 10:11:32.118  7838  7838 I com.wallapop: report jit thread pid = 7843

11-10 10:11:32.145  4211  6753 I ActivityManager: DSS on for com.wallapop and scale is 1.0

11-10 10:11:32.166 23911 23911 D RecommendedView: updateBadgeItems: [IconInfo(title=_Wallapop_ intent=Intent { act=android.intent.action.MAIN cat=[android.intent.category.LAUNCHER] flg=0x10200000 cmp=com.wallapop/.activities.HomeActivity (has extras) } id=160 type=0 container=-102 screen=1 cellX=3 cellY=0 spanX=1 spanY=1 rank=3 hidden=0 dropPos=null user=UserHandle{0} screenType=0)]

11-10 10:11:32.339  7838  7838 I com.wallapop: The ClassLoaderContext is a special shared library.

11-10 10:11:37.926  7838  7838 I com.wallapop: Waiting for a blocking GC ClassLinker

11-10 10:11:37.958  7838  7838 I com.wallapop: WaitForGcToComplete blocked ClassLinker on ClassLinker for 31.790ms

11-10 10:11:38.512  7838  7892 W com.wallapop: Unsupported class loader

11-10 10:11:38.557  7838  7892 W com.wallapop: Skipping duplicate class check due to unsupported classloader

11-10 10:11:38.741  7838  7892 W com.wallapop: Unsupported class loader

11-10 10:11:38.894  7838  7838 I com.wallapop: Waiting for a blocking GC ClassLinker

11-10 10:11:39.141  7838  7920 W com.wallapop: Verification of void com.crashlytics.android.core.CrashlyticsController$20.writeTo(java.io.FileOutputStream) took 120.903ms

11-10 10:11:39.345  7838  7916 W com.wallapop: Verification of void com.crashlytics.android.answers.EnabledSessionAnalyticsManagerStrategy.setAnalyticsSettingsData(io.fabric.sdk.android.services.settings.b, java.lang.String) took 301.374ms

11-10 10:11:39.354  7838  7892 I com.wallapop: Waiting for a blocking GC ClassLinker

11-10 10:11:39.433  7838  7838 I com.wallapop: WaitForGcToComplete blocked ClassLinker on ClassLinker for 538.648ms

11-10 10:11:39.439  7838  7838 W com.wallapop: Verification of void com.rewallapop.app.di.a.b.<init>(com.rewallapop.app.di.module.d, com.rewallapop.app.di.module.submodule.PolicyModule, com.rewallapop.app.di.module.ApplicationPresentationModule, com.rewallapop.app.di.module.ApplicationUseCasesModule, com.rewallapop.app.di.module.BillingModule, com.rewallapop.app.di.module.DataSourceModule, com.rewallapop.app.di.module.submodule.ads.AdsDataSourceModule, com.rewallapop.app.di.module.submodule.verticals.VerticalsDataSourceModule, com.rewallapop.app.di.module.ExecutorsModule, com.rewallapop.app.di.module.HelpshiftModule, com.rewallapop.app.di.module.MappersModule, com.rewallapop.app.di.module.submodule.ApiModelMapperModule, com.rewallapop.app.di.module.submodule.ApiV2ModelMapperModule, com.rewallapop.app.di.module.submodule.DataMapperModule, com.rewallapop.app.di.module.submodule.ViewModelMapperModule, com.rewallapop.app.di.module.RepositoryModule, com.rewallapop.app.di.module.submodule.ads.AdsRepositoryModule, com.rewallapop.app.di.module.RestModule, com.re

11-10 10:11:39.441  7838  7892 I com.wallapop: WaitForGcToComplete blocked ClassLinker on ClassLinker for 86.276ms

11-10 10:11:39.704  7838  7838 W com.wallapop: Verification of void com.rewallapop.app.di.a.b.a(com.rewallapop.app.di.module.d, com.rewallapop.app.di.module.submodule.PolicyModule, com.rewallapop.app.di.module.ApplicationPresentationModule, com.rewallapop.app.di.module.ApplicationUseCasesModule, com.rewallapop.app.di.module.BillingModule, com.rewallapop.app.di.module.DataSourceModule, com.rewallapop.app.di.module.submodule.ads.AdsDataSourceModule, com.rewallapop.app.di.module.submodule.verticals.VerticalsDataSourceModule, com.rewallapop.app.di.module.ExecutorsModule, com.rewallapop.app.di.module.HelpshiftModule, com.rewallapop.app.di.module.MappersModule, com.rewallapop.app.di.module.submodule.ApiModelMapperModule, com.rewallapop.app.di.module.submodule.ApiV2ModelMapperModule, com.rewallapop.app.di.module.submodule.DataMapperModule, com.rewallapop.app.di.module.submodule.ViewModelMapperModule, com.rewallapop.app.di.module.RepositoryModule, com.rewallapop.app.di.module.submodule.ads.AdsRepositoryModule, com.rewallapop.app.di.module.RestModule, com.rewalla

11-10 10:11:39.914  7838  7838 W com.wallapop: Verification of void com.rewallapop.app.di.a.b.b(com.rewallapop.app.di.module.d, com.rewallapop.app.di.module.submodule.PolicyModule, com.rewallapop.app.di.module.ApplicationPresentationModule, com.rewallapop.app.di.module.ApplicationUseCasesModule, com.rewallapop.app.di.module.BillingModule, com.rewallapop.app.di.module.DataSourceModule, com.rewallapop.app.di.module.submodule.ads.AdsDataSourceModule, com.rewallapop.app.di.module.submodule.verticals.VerticalsDataSourceModule, com.rewallapop.app.di.module.ExecutorsModule, com.rewallapop.app.di.module.HelpshiftModule, com.rewallapop.app.di.module.MappersModule, com.rewallapop.app.di.module.submodule.ApiModelMapperModule, com.rewallapop.app.di.module.submodule.ApiV2ModelMapperModule, com.rewallapop.app.di.module.submodule.DataMapperModule, com.rewallapop.app.di.module.submodule.ViewModelMapperModule, com.rewallapop.app.di.module.RepositoryModule, com.rewallapop.app.di.module.submodule.ads.AdsRepositoryModule, com.rewallapop.app.di.module.RestModule, com.rewalla

11-10 10:11:40.052  7838  7838 W com.wallapop: Verification of void com.rewallapop.app.di.a.b.c(com.rewallapop.app.di.module.d, com.rewallapop.app.di.module.submodule.PolicyModule, com.rewallapop.app.di.module.ApplicationPresentationModule, com.rewallapop.app.di.module.ApplicationUseCasesModule, com.rewallapop.app.di.module.BillingModule, com.rewallapop.app.di.module.DataSourceModule, com.rewallapop.app.di.module.submodule.ads.AdsDataSourceModule, com.rewallapop.app.di.module.submodule.verticals.VerticalsDataSourceModule, com.rewallapop.app.di.module.ExecutorsModule, com.rewallapop.app.di.module.HelpshiftModule, com.rewallapop.app.di.module.MappersModule, com.rewallapop.app.di.module.submodule.ApiModelMapperModule, com.rewallapop.app.di.module.submodule.ApiV2ModelMapperModule, com.rewallapop.app.di.module.submodule.DataMapperModule, com.rewallapop.app.di.module.submodule.ViewModelMapperModule, com.rewallapop.app.di.module.RepositoryModule, com.rewallapop.app.di.module.submodule.ads.AdsRepositoryModule, com.rewallapop.app.di.module.RestModule, com.rewalla

11-10 10:11:40.232  7838  7879 W com.wallapop: Verification of void com.google.android.gms.internal.measurement.zzlf.<init>() took 104.073ms

11-10 10:11:40.285  7838  7838 W com.wallapop: Verification of void com.rewallapop.app.di.a.b.d(com.rewallapop.app.di.module.d, com.rewallapop.app.di.module.submodule.PolicyModule, com.rewallapop.app.di.module.ApplicationPresentationModule, com.rewallapop.app.di.module.ApplicationUseCasesModule, com.rewallapop.app.di.module.BillingModule, com.rewallapop.app.di.module.DataSourceModule, com.rewallapop.app.di.module.submodule.ads.AdsDataSourceModule, com.rewallapop.app.di.module.submodule.verticals.VerticalsDataSourceModule, com.rewallapop.app.di.module.ExecutorsModule, com.rewallapop.app.di.module.HelpshiftModule, com.rewallapop.app.di.module.MappersModule, com.rewallapop.app.di.module.submodule.ApiModelMapperModule, com.rewallapop.app.di.module.submodule.ApiV2ModelMapperModule, com.rewallapop.app.di.module.submodule.DataMapperModule, com.rewallapop.app.di.module.submodule.ViewModelMapperModule, com.rewallapop.app.di.module.RepositoryModule, com.rewallapop.app.di.module.submodule.ads.AdsRepositoryModule, com.rewallapop.app.di.module.RestModule, com.rewalla

11-10 10:11:40.475  7838  7838 W com.wallapop: Verification of void com.rewallapop.app.di.a.b.e(com.rewallapop.app.di.module.d, com.rewallapop.app.di.module.submodule.PolicyModule, com.rewallapop.app.di.module.ApplicationPresentationModule, com.rewallapop.app.di.module.ApplicationUseCasesModule, com.rewallapop.app.di.module.BillingModule, com.rewallapop.app.di.module.DataSourceModule, com.rewallapop.app.di.module.submodule.ads.AdsDataSourceModule, com.rewallapop.app.di.module.submodule.verticals.VerticalsDataSourceModule, com.rewallapop.app.di.module.ExecutorsModule, com.rewallapop.app.di.module.HelpshiftModule, com.rewallapop.app.di.module.MappersModule, com.rewallapop.app.di.module.submodule.ApiModelMapperModule, com.rewallapop.app.di.module.submodule.ApiV2ModelMapperModule, com.rewallapop.app.di.module.submodule.DataMapperModule, com.rewallapop.app.di.module.submodule.ViewModelMapperModule, com.rewallapop.app.di.module.RepositoryModule, com.rewallapop.app.di.module.submodule.ads.AdsRepositoryModule, com.rewallapop.app.di.module.RestModule, com.rewalla

11-10 10:11:40.599  7838  7838 W com.wallapop: Verification of void com.rewallapop.app.di.a.b.f(com.rewallapop.app.di.module.d, com.rewallapop.app.di.module.submodule.PolicyModule, com.rewallapop.app.di.module.ApplicationPresentationModule, com.rewallapop.app.di.module.ApplicationUseCasesModule, com.rewallapop.app.di.module.BillingModule, com.rewallapop.app.di.module.DataSourceModule, com.rewallapop.app.di.module.submodule.ads.AdsDataSourceModule, com.rewallapop.app.di.module.submodule.verticals.VerticalsDataSourceModule, com.rewallapop.app.di.module.ExecutorsModule, com.rewallapop.app.di.module.HelpshiftModule, com.rewallapop.app.di.module.MappersModule, com.rewallapop.app.di.module.submodule.ApiModelMapperModule, com.rewallapop.app.di.module.submodule.ApiV2ModelMapperModule, com.rewallapop.app.di.module.submodule.DataMapperModule, com.rewallapop.app.di.module.submodule.ViewModelMapperModule, com.rewallapop.app.di.module.RepositoryModule, com.rewallapop.app.di.module.submodule.ads.AdsRepositoryModule, com.rewallapop.app.di.module.RestModule, com.rewalla

11-10 10:11:41.245  7838  7879 I FA      :   adb shell setprop debug.firebase.analytics.app com.wallapop

11-10 10:11:41.806  7838  7838 W com.wallapop: Verification of java.util.Map com.rewallapop.app.di.module.TrackingModule.a() took 189.540ms

11-10 10:11:45.362  7838  7930 I stetho  : Listening on @stetho_com.wallapop_devtools_remote

11-10 10:11:45.681  7838  7936 W com.wallapop: Accessing hidden field Lsun/misc/Unsafe;->theUnsafe:Lsun/misc/Unsafe; (light greylist, reflection)

11-10 10:11:45.804  7838  7938 W com.wallapop: Accessing hidden field Ljava/nio/Buffer;->address:J (light greylist, reflection)

11-10 10:11:45.950  7838  7838 I com.wallapop: The ClassLoaderContext is a special shared library.

11-10 10:11:45.954  7838  7838 I chatty  : uid=10311(com.wallapop) identical 1 line

11-10 10:11:45.959  7838  7838 I com.wallapop: The ClassLoaderContext is a special shared library.

11-10 10:11:45.978  7838  7838 I com.wallapop: Waiting for a blocking GC ClassLinker

11-10 10:11:45.995  7838  7838 I com.wallapop: WaitForGcToComplete blocked ClassLinker on HeapTrim for 16.581ms

11-10 10:11:46.327  7838  7961 W com.wallapop: Accessing hidden method Landroid/content/Context;->bindServiceAsUser(Landroid/content/Intent;Landroid/content/ServiceConnection;ILandroid/os/Handler;Landroid/os/UserHandle;)Z (light greylist, reflection)

11-10 10:11:46.331  4211  6759 I ApplicationPolicy: isApplicationExternalStorageWhitelisted:com.wallapop user:0

11-10 10:11:46.331  4211  6759 D ActivityManager: package  com.wallapop, user - 0 is SDcard whitelisted

11-10 10:11:46.334  4211  6759 I ApplicationPolicy: isApplicationExternalStorageBlacklisted:com.wallapop user:0

11-10 10:11:46.334  4211  6759 I ApplicationPolicy: isApplicationExternalStorageBlacklisted:com.wallapop user:0

11-10 10:11:46.368  4211  4229 I ActivityManager: Start proc 7967:com.android.chrome:sandboxed_process0/u0i775 for webview_service com.wallapop/org.chromium.content.app.SandboxedProcessService0

11-10 10:11:46.413  4211  6756 D WifiPermissionsUtil: canAccessScanResults: pkgName = com.wallapop, uid = 10311

11-10 10:11:46.415  4211  7552 I ActivityManager: DSS on for com.wallapop and scale is 1.0

11-10 10:11:46.505  7838  7838 W com.wallapop: Accessing hidden method Landroid/view/textclassifier/logging/SmartSelectionEventTracker;-><init>(Landroid/content/Context;I)V (light greylist, reflection)

11-10 10:11:46.505  7838  7838 W com.wallapop: Accessing hidden method Landroid/view/textclassifier/logging/SmartSelectionEventTracker;->logEvent(Landroid/view/textclassifier/logging/SmartSelectionEventTracker$SelectionEvent;)V (light greylist, reflection)

11-10 10:11:46.506  7838  7838 W com.wallapop: Accessing hidden method Landroid/view/textclassifier/logging/SmartSelectionEventTracker$SelectionEvent;->selectionStarted(I)Landroid/view/textclassifier/logging/SmartSelectionEventTracker$SelectionEvent; (light greylist, reflection)

11-10 10:11:46.506  7838  7838 W com.wallapop: Accessing hidden method Landroid/view/textclassifier/logging/SmartSelectionEventTracker$SelectionEvent;->selectionModified(II)Landroid/view/textclassifier/logging/SmartSelectionEventTracker$SelectionEvent; (light greylist, reflection)

11-10 10:11:46.506  7838  7838 W com.wallapop: Accessing hidden method Landroid/view/textclassifier/logging/SmartSelectionEventTracker$SelectionEvent;->selectionModified(IILandroid/view/textclassifier/TextClassification;)Landroid/view/textclassifier/logging/SmartSelectionEventTracker$SelectionEvent; (light greylist, reflection)

11-10 10:11:46.506  7838  7838 W com.wallapop: Accessing hidden method Landroid/view/textclassifier/logging/SmartSelectionEventTracker$SelectionEvent;->selectionModified(IILandroid/view/textclassifier/TextSelection;)Landroid/view/textclassifier/logging/SmartSelectionEventTracker$SelectionEvent; (light greylist, reflection)

11-10 10:11:46.506  7838  7838 W com.wallapop: Accessing hidden method Landroid/view/textclassifier/logging/SmartSelectionEventTracker$SelectionEvent;->selectionAction(III)Landroid/view/textclassifier/logging/SmartSelectionEventTracker$SelectionEvent; (light greylist, reflection)

11-10 10:11:46.506  7838  7838 W com.wallapop: Accessing hidden method Landroid/view/textclassifier/logging/SmartSelectionEventTracker$SelectionEvent;->selectionAction(IIILandroid/view/textclassifier/TextClassification;)Landroid/view/textclassifier/logging/SmartSelectionEventTracker$SelectionEvent; (light greylist, reflection)

11-10 10:11:46.561  7838  7975 W com.wallapop: Accessing hidden method Landroid/media/AudioManager;->getOutputLatency(I)I (light greylist, reflection)

11-10 10:11:46.642  7838  7838 W com.wallapop: Accessing hidden method Landroid/app/ActivityThread;->currentPackageName()Ljava/lang/String; (light greylist, reflection)

11-10 10:11:47.148  7838  8034 W com.wallapop: Accessing hidden method Lcom/android/org/conscrypt/OpenSSLSocketImpl;->setAlpnProtocols([B)V (light greylist, reflection)

11-10 10:11:47.496  7838  8034 W com.wallapop: Accessing hidden method Lcom/android/org/conscrypt/OpenSSLSocketImpl;->getAlpnSelectedProtocol()[B (light greylist, reflection)

11-10 10:11:49.070  4211  6759 D SamsungAlarmManager: Cancel Alarm calling from uid:10311 pid :7838 / op:PendingIntent{eee25d8: PendingIntentRecord{7fe1d31 com.wallapop broadcastIntent}}

11-10 10:11:49.750  7838  8071 I com.wallapop: The ClassLoaderContext is a special shared library.

11-10 10:11:49.755  7838  8071 I com.wallapop: Waiting for a blocking GC ClassLinker

11-10 10:11:49.881  7838  7928 W com.wallapop: Accessing hidden method Ldalvik/system/VMRuntime;->getRuntime()Ldalvik/system/VMRuntime; (light greylist, reflection)

11-10 10:11:49.882  7838  7928 W com.wallapop: Accessing hidden method Ldalvik/system/VMRuntime;->vmInstructionSet()Ljava/lang/String; (light greylist, reflection)

11-10 10:11:50.590  7838  8071 I com.wallapop: WaitForGcToComplete blocked ClassLinker on HeapTrim for 834.554ms

11-10 10:11:51.098  7838  7928 W com.wallapop: Verification of void com.adjust.sdk.SdkClickHandler.sendReftagReferrers() took 117.907ms

11-10 10:14:03.537  8196  8241 I appium  : AppiumResponse: {"sessionId":"52a949f7-15ac-42bd-80aa-85cde7bee9cb","value":{"sessionId":"52a949f7-15ac-42bd-80aa-85cde7bee9cb","capabilities":{"firstMatch":[{"platform":"LINUX","webStorageEnabled":false,"takesScreenshot":true,"javascriptEnabled":true,"databaseEnabled":false,"networkConnectionEnabled":true,"locationContextEnabled":false,"warnings":{},"desired":{"platformName":"android","normalizeTagNames":true,"androidInstallTimeout":150000,"app":"","appActivity":"com.rewallapop.ui.main.MainActivity","appPackage":"com.wallapop","isHeadless":false,"skipDeviceInitialization":true,"autoAcceptAlerts":true,"autoGrantPermissions":true,"automationName":"UiAutomator2","avd":"","deviceName":"3200f02dc0aab5db","deviceReadyTimeout":1,"fullReset":false,"ignoreUnimportantViews":true,"newCommandTimeout":60,"noReset":true,"systemPort":8223,"udid":"3200f02dc0aab5db"},"platformName":"android","normalizeTagNames":true,"androidInstallTimeout":150000,"app":"","appActivity":"com.rewallapop.ui.main.MainActivity","appPackage":"com.wallapop","isHeadless":false,"skipDeviceInitialization":true,"autoAcceptAlerts":true,"autoGrantPermissions":true,"automationName":"UiAutomator2","avd":"","deviceName":"3200f02dc0aab5db","deviceReadyTimeout":1,"fullReset":false,"ignoreUnimportantViews":true,"newCommandTimeout":60,"noReset":true,"systemPort":8223,"udid":"3200f02dc0aab5db","deviceUDID":"3200f02dc0aab5db"}],"alwaysMatch":{}}}}

11-10 10:14:04.159  4211  6755 I ActivityManager: Force stopping com.wallapop appid=10311 user=0: from pid 8248 caller com.android.server.am.ActivityManagerShellCommand.runStartActivity:412

11-10 10:14:04.162  4211  6755 I ActivityManager: Killing 7838:com.wallapop/u0a311 (adj 900): stop com.wallapop,from pid 8248 caller com.android.server.am.ActivityManagerShellCommand.runStartActivity:412

11-10 10:14:04.186  4211  4211 D SamsungAlarmManager: Remove alarm for next reason : android.intent.action.PACKAGE_RESTARTED : package: com.wallapop

11-10 10:14:04.196  4211  4227 W BroadcastQueue: Background execution not allowed: receiving Intent { act=android.intent.action.PACKAGE_RESTARTED dat=package:com.wallapop flg=0x10 (has extras) } to android/com.kddi.android.CpaNotiReceiver

11-10 10:14:04.441  4211  6755 I ActivityManager: START u0 {act=null typ=null flg=0x10000000 cmp=ComponentInfo{com.wallapop/com.rewallapop.ui.main.MainActivity}} from uid 2000

11-10 10:14:04.451  4211  6755 I ActivityManager: [IOP] sourceDir : /data/app/com.wallapop-YuY1orTsl_VIwwe6m0TquQ== in ActivityStacksupervisor

11-10 10:14:04.466  3727  3727 I SurfaceFlinger: id=23623 createSurf (4440x4440),2 flag=4, AppWindowToken{a2e14f8 token=Token{51d945b ActivityRecord{815b76a u0 com.wallapop/com.rewallapop.ui.main.MainActivity t2120}}}#0

11-10 10:14:04.479  4211  6257 D StorageManagerService: getExternalStorageMountMode : final mountMode=1, uid : 10311, packageName : com.wallapop

11-10 10:14:04.479  4211  6257 I ApplicationPolicy: isApplicationExternalStorageWhitelisted:com.wallapop user:0

11-10 10:14:04.479  4211  6257 D ActivityManager: package  com.wallapop, user - 0 is SDcard whitelisted

11-10 10:14:04.479  4211  6257 I ApplicationPolicy: isApplicationExternalStorageBlacklisted:com.wallapop user:0

11-10 10:14:04.479  4211  6257 I ApplicationPolicy: isApplicationExternalStorageBlacklisted:com.wallapop user:0

11-10 10:14:04.481  3727  3727 I SurfaceFlinger: id=23624 createSurf (4440x4440),2 flag=4, a3a39c5 Splash Screen com.wallapop#0

11-10 10:14:04.484  4211  4211 D Telecom:SamsungPrebindingServiceImpl: onTopActivityChanged : ComponentInfo{com.wallapop/com.rewallapop.ui.main.MainActivity}

11-10 10:14:04.497  4211  4310 V WindowManager: Relayout Window{a3a39c5 u0 Splash Screen com.wallapop}: viewVisibility=0 req=1080x2220 {(0,0)(fillxfill) sim={adjust=pan} ty=APPLICATION_STARTING fmt=TRANSLUCENT wanim=0x10302fe

11-10 10:14:04.500  3727  3727 I SurfaceFlinger: id=23625 createSurf (1080x2220),1 flag=4, Splash Screen com.wallapop#0

11-10 10:14:04.502  4211  4310 D WindowManager: makeSurface duration=2 name=Splash Screen com.wallapop

11-10 10:14:04.506  8254  8254 I com.wallapop: Late-enabling -Xcheck:jni

11-10 10:14:04.511  4211  4229 I ActivityManager: Start proc 8254:com.wallapop/u0a311 for activity com.wallapop/com.rewallapop.ui.main.MainActivity

11-10 10:14:04.523  4211  4310 D WindowManager: finishDrawingWindow: Window{a3a39c5 u0 Splash Screen com.wallapop} mDrawState=DRAW_PENDING

11-10 10:14:04.524  4211  4310 I WindowManager: commitFinishDrawingLocked: mDrawState=READY_TO_SHOW Surface(name=Splash Screen com.wallapop)/@0x2af4027

11-10 10:14:04.524  4211  4310 V WindowManager: Resize reasons for w=Window{a3a39c5 u0 Splash Screen com.wallapop}:  contentInsetsChanged=false [0,63][0,126] visibleInsetsChanged=false [0,63][0,126] stableInsetsChanged=false [0,63][0,126] outsetsChanged=false [0,0][0,0] surfaceResized=false configChanged=false dragResizingChanged=false reportOrientationChanged=false displayCutoutChanged=false nextForceRelayoutToClient=false

11-10 10:14:04.537  8254  8254 I com.wallapop: report jit thread pid = 8259

11-10 10:14:04.561  4211  5593 I ActivityManager: DSS on for com.wallapop and scale is 1.0

11-10 10:14:04.564  4211  5593 I WindowManager: commitFinishDrawingLocked: mDrawState=READY_TO_SHOW Surface(name=Splash Screen com.wallapop)/@0x2af4027

11-10 10:14:04.570  4211  5593 D GamePkgDataHelper: notifyAppCreate(), pkgName: com.wallapop, sendRet: true

11-10 10:14:04.570  4211  4310 I WindowManager: commitFinishDrawingLocked: mDrawState=READY_TO_SHOW Surface(name=Splash Screen com.wallapop)/@0x2af4027

11-10 10:14:04.570  4211  4473 D GamePkgDataHelper: getGamePkgData(). com.wallapop

11-10 10:14:04.570  4211  4473 D GameManagerService: handleMessage(), MSG_APP_CREATE. ignore. pkgName: com.wallapop

11-10 10:14:04.576  4211  5593 D GameManagerService: noteResumeComponent(), resumeComponent: com.wallapop

11-10 10:14:04.576  4211  5593 D GamePkgDataHelper: getSosPolicy(). com.wallapop

11-10 10:14:04.576  4211  4473 D GameManagerService: handleForegroundChange(). pkgName: com.wallapop, clsName: com.rewallapop.ui.main.MainActivity,FgActivityName:com.wallapop/com.rewallapop.ui.main.MainActivity

11-10 10:14:04.576  4211  4473 D GameManagerService:   handleForegroundChange(). set mFgApp: com.wallapop

11-10 10:14:04.576  4211  6257 D GamePkgDataHelper: getGamePkgDataIncServer(). com.wallapop

11-10 10:14:04.576  4211  4473 D GameManagerService: notifyResumePause(). pkg: com.wallapop, type: 4, isMinimized: false, isTunableApp: false

11-10 10:14:04.577  4211  5593 D GameManagerService: identifyGamePackage. com.wallapop

11-10 10:14:04.577  4211  5593 D GamePkgDataHelper: getGamePkgData(). com.wallapop

11-10 10:14:04.577  4211  5593 D MARsPolicyManager: onPackageResumedFG pkgName = com.wallapop, userId = 0

11-10 10:14:04.579  4211  4310 I WindowManager: commitFinishDrawingLocked: mDrawState=READY_TO_SHOW Surface(name=Splash Screen com.wallapop)/@0x2af4027

11-10 10:14:04.586  4211  4310 I WindowManager: Cancelling animation restarting=true, leash=null, surface=Surface(name=AppWindowToken{a2e14f8 token=Token{51d945b ActivityRecord{815b76a u0 com.wallapop/com.rewallapop.ui.main.MainActivity t2120}}})/@0xb976f58, parent=Surface(name=Task=2120)/@0x97768b1

11-10 10:14:04.586  4211  4310 I WindowManager: Reparenting to leash, surface=Surface(name=AppWindowToken{a2e14f8 token=Token{51d945b ActivityRecord{815b76a u0 com.wallapop/com.rewallapop.ui.main.MainActivity t2120}}})/@0xb976f58

11-10 10:14:04.587  3727  3727 I SurfaceFlinger: id=23627 createSurf (4440x4440),2 flag=4, Surface(name=AppWindowToken{a2e14f8 token=Token{51d945b ActivityRecord{815b76a u0 com.wallapop/com.rewallapop.ui.main.MainActivity t2120}}})/@0xb976f58 - animation-leash#0

11-10 10:14:04.589  4211  4310 D WindowManager: makeSurface duration=3 leash=Surface(name=Surface(name=AppWindowToken{a2e14f8 token=Token{51d945b ActivityRecord{815b76a u0 com.wallapop/com.rewallapop.ui.main.MainActivity t2120}}})/@0xb976f58 - animation-leash)/@0x3a3b196

11-10 10:14:04.589  4211  4310 D SurfaceControl: reparent is called, sc=Surface(name=AppWindowToken{a2e14f8 token=Token{51d945b ActivityRecord{815b76a u0 com.wallapop/com.rewallapop.ui.main.MainActivity t2120}}})/@0xb976f58, newParentHandle=android.os.BinderProxy@cd28117, transaction=android.view.SurfaceControl$Transaction@7c02904

11-10 10:14:04.589  4211  4310 V WindowManager: performShowLocked: mDrawState=HAS_DRAWN in Window{a3a39c5 u0 Splash Screen com.wallapop}

11-10 10:14:04.592  3727  3771 D Layer   : [AppWindowToken{a2e14f8 token=Token{51d945b ActivityRecord{815b76a u0 com.wallapop/com.rewallapop.ui.main.MainActivity t2120}}}#0]::reparent oldParent:[Task=2120#0], newParent:[Surface(name=AppWindowToken{a2e14f8 token=Token{51d945b ActivityRecord{815b76a u0 com.wallapop/com.rewallapop.ui.main.MainActivity t2120}}})/@0xb976f58 - animation-leash#0]

11-10 10:14:04.596  4211  7552 D GamePkgDataHelper: getSosPolicy(). com.wallapop

11-10 10:14:04.599  4211  6257 D GameManagerService: identifyGamePackage. com.wallapop

11-10 10:14:04.599  4211  6257 D GamePkgDataHelper: getGamePkgData(). com.wallapop

11-10 10:14:04.601  4211  4228 D CodecSolution: isMaxAspectPackageEx: com.wallapop : true(2)

11-10 10:14:04.602  4211  4228 D WindowManager: setSystemUiVisibility: vis= 0xa018, fullscreenVis= 0x2000, dockedVis= 0x0, win=Window{a3a39c5 u0 Splash Screen com.wallapop}

11-10 10:14:04.604  4211  5593 D GameManagerService: identifyGamePackage. com.wallapop

11-10 10:14:04.604  4211  5593 D GamePkgDataHelper: getGamePkgData(). com.wallapop

11-10 10:14:04.609  8254  8254 I com.wallapop: The ClassLoaderContext is a special shared library.

11-10 10:14:04.697  3727  3727 I SurfaceFlinger:      Client | 0x70de034d00 | 0000 | RGBA_8888 |   0.0    1.0 1080.0 2219.0 |   89  184  991 2036 | Splash Screen com.wallapop#0

11-10 10:14:04.721  3727  3727 I SurfaceFlinger:      Device | 0x70de034d00 | 0000 | RGBA_8888 |   0.0    0.0 1080.0 2220.0 |   67  137 1013 2083 | Splash Screen com.wallapop#0

11-10 10:14:04.727  4211  4669 D MdnieScenarioControlService:  packageName : com.wallapop    className : com.rewallapop.ui.main.MainActivity

11-10 10:14:04.839  4211  4310 I WindowManager: reset, Reparenting to original parent, shouldDeferScheduleAnimation=false, destroyLeash=true, surface=Surface(name=AppWindowToken{a2e14f8 token=Token{51d945b ActivityRecord{815b76a u0 com.wallapop/com.rewallapop.ui.main.MainActivity t2120}}})/@0xb976f58, parent=Surface(name=Task=2120)/@0x97768b1, parentNativeHandle=android.os.BinderProxy@c98d170, caller=com.android.server.wm.SurfaceAnimator.lambda$getFinishedCallback$0:97 com.android.server.wm.-$$Lambda$SurfaceAnimator$SIBia0mND666K8lMCPsoid8pUTI.run:4 com.android.server.wm.SurfaceAnimator.lambda$getFinishedCallback$1:104 com.android.server.wm.-$$Lambda$SurfaceAnimator$vdRZk66hQVbQCvVXEaQCT1kVmFc.onAnimationFinished:4 com.android.server.wm.LocalAnimationAdapter.lambda$startAnimation$0:74

11-10 10:14:04.839  4211  4310 D SurfaceControl: reparent is called, sc=Surface(name=AppWindowToken{a2e14f8 token=Token{51d945b ActivityRecord{815b76a u0 com.wallapop/com.rewallapop.ui.main.MainActivity t2120}}})/@0xb976f58, newParentHandle=android.os.BinderProxy@c98d170, transaction=android.view.SurfaceControl$Transaction@7c02904

11-10 10:14:04.840  4211  4310 D SurfaceControl: destroy(transaction), animation-leash is destroyed, sc=Surface(name=Surface(name=AppWindowToken{a2e14f8 token=Token{51d945b ActivityRecord{815b76a u0 com.wallapop/com.rewallapop.ui.main.MainActivity t2120}}})/@0xb976f58 - animation-leash)/@0x3a3b196, transaction=android.view.SurfaceControl$Transaction@7c02904, caller=com.android.server.wm.SurfaceAnimator.reset:338 com.android.server.wm.SurfaceAnimator.lambda$getFinishedCallback$0:97 com.android.server.wm.-$$Lambda$SurfaceAnimator$SIBia0mND666K8lMCPsoid8pUTI.run:4 com.android.server.wm.SurfaceAnimator.lambda$getFinishedCallback$1:104 com.android.server.wm.-$$Lambda$SurfaceAnimator$vdRZk66hQVbQCvVXEaQCT1kVmFc.onAnimationFinished:4 com.android.server.wm.LocalAnimationAdapter.lambda$startAnimation$0:74 com.android.server.wm.-$$Lambda$LocalAnimationAdapter$X--EomqUvw4qy89IeeTFTH7aCMo.run:4

11-10 10:14:04.844  3727  5001 D Layer   : [AppWindowToken{a2e14f8 token=Token{51d945b ActivityRecord{815b76a u0 com.wallapop/com.rewallapop.ui.main.MainActivity t2120}}}#0]::reparent oldParent:[Surface(name=AppWindowToken{a2e14f8 token=Token{51d945b ActivityRecord{815b76a u0 com.wallapop/com.rewallapop.ui.main.MainActivity t2120}}})/@0xb976f58 - animation-leash#0], newParent:[Task=2120#0]

11-10 10:14:04.845  3727  5001 I SurfaceFlinger: id=23627 Removed Surface(name=AppWindowToken{a2e14f8 token=Token{51d945b ActivityRecord{815b76a u0 com.wallapop/com.rewallapop.ui.main.MainActivity t2120}}})/@0xb976f58 - animation-leash#0 (0/54)

11-10 10:14:04.855  3727  3727 I Layer   : id=23627 onRemoved Surface(name=AppWindowToken{a2e14f8 token=Token{51d945b ActivityRecord{815b76a u0 com.wallapop/com.rewallapop.ui.main.MainActivity t2120}}})/@0xb976f58 - animation-leash#0

11-10 10:14:04.895  3727  3727 I SurfaceFlinger:      Device | 0x70de034d00 | 0000 | RGBA_8888 |   0.0    0.0 1080.0 2220.0 |    0    0 1080 2220 | Splash Screen com.wallapop#0

11-10 10:14:06.525  4622  4682 D ListenerMonitor_FLP: removeListener, type : 0 , packageName : com.wallapop , listener count : 0

11-10 10:14:06.525  4622  4682 E RequestManager_FLP: [LocationManagerService] Location remove c6206c from com.wallapop

11-10 10:14:06.594  4211  4390 D WifiTrafficPoller: TrafficStats TxPkts=763691 RxPkts=1357799 TxBytes=174118574 RxBytes=1287602534 , Foreground uid=10311 pkgName=com.wallapop TxPackets=61436 RxPackets=69926 TxBytes=9294061 RxBytes=69836942

11-10 10:14:06.857  8254  8295 W com.wallapop: Unsupported class loader

11-10 10:14:06.859  8254  8295 W com.wallapop: Skipping duplicate class check due to unsupported classloader

11-10 10:14:06.884  8254  8281 I FA      :   adb shell setprop debug.firebase.analytics.app com.wallapop

11-10 10:14:06.901  8254  8295 W com.wallapop: Unsupported class loader

11-10 10:14:06.994  8254  8254 I com.wallapop: Waiting for a blocking GC ClassLinker

11-10 10:14:08.706  8254  8330 I stetho  : Listening on @stetho_com.wallapop_devtools_remote

11-10 10:14:08.870  8254  8336 W com.wallapop: Accessing hidden field Lsun/misc/Unsafe;->theUnsafe:Lsun/misc/Unsafe; (light greylist, reflection)

11-10 10:14:08.998  8254  8338 W com.wallapop: Accessing hidden field Ljava/nio/Buffer;->address:J (light greylist, reflection)

11-10 10:14:09.098  8254  8254 I com.wallapop: The ClassLoaderContext is a special shared library.

11-10 10:14:09.103  8254  8254 I chatty  : uid=10311(com.wallapop) identical 1 line

11-10 10:14:09.107  8254  8254 I com.wallapop: The ClassLoaderContext is a special shared library.

11-10 10:14:09.419  8254  8362 W com.wallapop: Accessing hidden method Landroid/content/Context;->bindServiceAsUser(Landroid/content/Intent;Landroid/content/ServiceConnection;ILandroid/os/Handler;Landroid/os/UserHandle;)Z (light greylist, reflection)

11-10 10:14:09.425  4211  6257 I ApplicationPolicy: isApplicationExternalStorageWhitelisted:com.wallapop user:0

11-10 10:14:09.425  4211  6257 D ActivityManager: package  com.wallapop, user - 0 is SDcard whitelisted

11-10 10:14:09.425  4211  6257 I ApplicationPolicy: isApplicationExternalStorageBlacklisted:com.wallapop user:0

11-10 10:14:09.426  4211  6257 I ApplicationPolicy: isApplicationExternalStorageBlacklisted:com.wallapop user:0

11-10 10:14:09.446  4211  4229 I ActivityManager: Start proc 8365:com.android.chrome:sandboxed_process0/u0i776 for webview_service com.wallapop/org.chromium.content.app.SandboxedProcessService0

11-10 10:14:09.476  4211  6257 D WifiPermissionsUtil: canAccessScanResults: pkgName = com.wallapop, uid = 10311

11-10 10:14:09.482  4211  7552 I ActivityManager: DSS on for com.wallapop and scale is 1.0

11-10 10:14:09.484  4211  7552 D MultiDisplayManager: init process display: set packageProcessId, displayId=0, same_package_proc=ProcessRecord{e2fe27ad0 8254:com.wallapop/u0a311}, app=ProcessRecord{c3b3d5cd0 8365:com.android.chrome:sandboxed_process0/u0a311i776}

11-10 10:14:09.557  8254  8254 W com.wallapop: Accessing hidden method Landroid/view/textclassifier/logging/SmartSelectionEventTracker;-><init>(Landroid/content/Context;I)V (light greylist, reflection)

11-10 10:14:09.557  8254  8254 W com.wallapop: Accessing hidden method Landroid/view/textclassifier/logging/SmartSelectionEventTracker;->logEvent(Landroid/view/textclassifier/logging/SmartSelectionEventTracker$SelectionEvent;)V (light greylist, reflection)

11-10 10:14:09.557  8254  8254 W com.wallapop: Accessing hidden method Landroid/view/textclassifier/logging/SmartSelectionEventTracker$SelectionEvent;->selectionStarted(I)Landroid/view/textclassifier/logging/SmartSelectionEventTracker$SelectionEvent; (light greylist, reflection)

11-10 10:14:09.557  8254  8254 W com.wallapop: Accessing hidden method Landroid/view/textclassifier/logging/SmartSelectionEventTracker$SelectionEvent;->selectionModified(II)Landroid/view/textclassifier/logging/SmartSelectionEventTracker$SelectionEvent; (light greylist, reflection)

11-10 10:14:09.557  8254  8254 W com.wallapop: Accessing hidden method Landroid/view/textclassifier/logging/SmartSelectionEventTracker$SelectionEvent;->selectionModified(IILandroid/view/textclassifier/TextClassification;)Landroid/view/textclassifier/logging/SmartSelectionEventTracker$SelectionEvent; (light greylist, reflection)

11-10 10:14:09.557  8254  8254 W com.wallapop: Accessing hidden method Landroid/view/textclassifier/logging/SmartSelectionEventTracker$SelectionEvent;->selectionModified(IILandroid/view/textclassifier/TextSelection;)Landroid/view/textclassifier/logging/SmartSelectionEventTracker$SelectionEvent; (light greylist, reflection)

11-10 10:14:09.557  8254  8254 W com.wallapop: Accessing hidden method Landroid/view/textclassifier/logging/SmartSelectionEventTracker$SelectionEvent;->selectionAction(III)Landroid/view/textclassifier/logging/SmartSelectionEventTracker$SelectionEvent; (light greylist, reflection)

11-10 10:14:09.557  8254  8254 W com.wallapop: Accessing hidden method Landroid/view/textclassifier/logging/SmartSelectionEventTracker$SelectionEvent;->selectionAction(IIILandroid/view/textclassifier/TextClassification;)Landroid/view/textclassifier/logging/SmartSelectionEventTracker$SelectionEvent; (light greylist, reflection)

11-10 10:14:09.621  8254  8376 W com.wallapop: Accessing hidden method Landroid/media/AudioManager;->getOutputLatency(I)I (light greylist, reflection)

11-10 10:14:09.704  8254  8254 W com.wallapop: Accessing hidden method Landroid/app/ActivityThread;->currentPackageName()Ljava/lang/String; (light greylist, reflection)

11-10 10:14:10.242  8254  8430 W com.wallapop: Accessing hidden method Lcom/android/org/conscrypt/OpenSSLSocketImpl;->setAlpnProtocols([B)V (light greylist, reflection)

11-10 10:14:10.510  8254  8265 I com.wallapop: Background concurrent copying GC freed 265374(17MB) AllocSpace objects, 57(6MB) LOS objects, 49% free, 9MB/19MB, paused 224us total 143.072ms

11-10 10:14:10.609  4211  7608 D GameManagerService: identifyGamePackage. com.wallapop

11-10 10:14:10.610  4211  7608 D GamePkgDataHelper: getGamePkgData(). com.wallapop

11-10 10:14:10.631  8254  8430 W com.wallapop: Accessing hidden method Lcom/android/org/conscrypt/OpenSSLSocketImpl;->getAlpnSelectedProtocol()[B (light greylist, reflection)

11-10 10:14:10.675  4211  4390 D WifiTrafficPoller: TrafficStats TxPkts=763715 RxPkts=1357861 TxBytes=174120317 RxBytes=1287621958 , Foreground uid=10311 pkgName=com.wallapop TxPackets=61453 RxPackets=69939 TxBytes=9309127 RxBytes=69848290

11-10 10:14:12.112  4211  4494 D SamsungAlarmManager: Cancel Alarm calling from uid:10311 pid :8254 / op:PendingIntent{bd3c490: PendingIntentRecord{7fe1d31 com.wallapop broadcastIntent}}

11-10 10:14:12.165  8254  8254 W com.wallapop: Accessing hidden method Landroid/graphics/drawable/Drawable;->getOpticalInsets()Landroid/graphics/Insets; (light greylist, linking)

11-10 10:14:12.165  8254  8254 W com.wallapop: Accessing hidden field Landroid/graphics/Insets;->left:I (light greylist, linking)

11-10 10:14:12.165  8254  8254 W com.wallapop: Accessing hidden field Landroid/graphics/Insets;->right:I (light greylist, linking)

11-10 10:14:12.165  8254  8254 W com.wallapop: Accessing hidden field Landroid/graphics/Insets;->top:I (light greylist, linking)

11-10 10:14:12.165  8254  8254 W com.wallapop: Accessing hidden field Landroid/graphics/Insets;->bottom:I (light greylist, linking)

11-10 10:14:12.737  8254  8254 W com.wallapop: Accessing hidden method Landroid/view/View;->computeFitSystemWindows(Landroid/graphics/Rect;Landroid/graphics/Rect;)Z (light greylist, reflection)

11-10 10:14:12.739  8254  8254 W com.wallapop: Accessing hidden method Landroid/view/ViewGroup;->makeOptionalFitsSystemWindows()V (light greylist, reflection)

11-10 10:14:12.790  8254  8254 W com.wallapop: Accessing hidden field Landroid/view/ViewGroup;->mOnHierarchyChangeListener:Landroid/view/ViewGroup$OnHierarchyChangeListener; (light greylist, reflection)

11-10 10:14:12.808  4211  4494 D SamsungAlarmManager: Cancel Alarm calling from uid:10311 pid :8254 / op:PendingIntent{45ae9cb: PendingIntentRecord{bf395a8 com.wallapop broadcastIntent}}

11-10 10:14:12.862  8254  8254 I chatty  : uid=10311(com.wallapop) identical 14 lines

11-10 10:14:12.863  8254  8254 I chatty  : uid=10311(com.wallapop) identical 1 line

11-10 10:14:12.864  8254  8254 I chatty  : uid=10311(com.wallapop) identical 8 lines

11-10 10:14:12.904  8254  8485 I com.wallapop: IncrementDisableThreadFlip blocked for 5.341ms

11-10 10:14:12.986  4211  7552 I ActivityManager: START u0 {act=null typ=null flg=0x0 cmp=ComponentInfo{com.wallapop/com.rewallapop.ui.wall.WallActivity}} from uid 10311

11-10 10:14:13.002  3727  3727 I SurfaceFlinger: id=23628 createSurf (4440x4440),2 flag=4, AppWindowToken{ac06454 token=Token{f2c57a7 ActivityRecord{71b8866 u0 com.wallapop/com.rewallapop.ui.wall.WallActivity t2120}}}#0

11-10 10:14:13.005  4211  7552 D SurfaceControl: reparent is called, sc=Surface(name=a3a39c5 Splash Screen com.wallapop)/@0xf747ffd, newParentHandle=android.os.BinderProxy@e47c4f2, transaction=android.view.SurfaceControl$Transaction@7bcc743

11-10 10:14:13.010  4211  4228 D WindowManager: setSystemUiVisibility: vis= 0xa018, fullscreenVis= 0x2000, dockedVis= 0x0, win=Window{a3a39c5 u0 Splash Screen com.wallapop}

11-10 10:14:13.011  3727  5001 D Layer   : [a3a39c5 Splash Screen com.wallapop#0]::reparent oldParent:[AppWindowToken{a2e14f8 token=Token{51d945b ActivityRecord{815b76a u0 com.wallapop/com.rewallapop.ui.main.MainActivity t2120}}}#0], newParent:[AppWindowToken{ac06454 token=Token{f2c57a7 ActivityRecord{71b8866 u0 com.wallapop/com.rewallapop.ui.wall.WallActivity t2120}}}#0]

11-10 10:14:13.014  4211  4211 D Telecom:SamsungPrebindingServiceImpl: onTopActivityChanged : ComponentInfo{com.wallapop/com.rewallapop.ui.wall.WallActivity}

11-10 10:14:13.043  8254  8265 I com.wallapop: Background concurrent copying GC freed 65874(6MB) AllocSpace objects, 31(972KB) LOS objects, 49% free, 13MB/26MB, paused 5.419ms total 159.532ms

11-10 10:14:13.173  8254  8510 I com.wallapop: The ClassLoaderContext is a special shared library.

11-10 10:14:13.233  8254  8254 W com.wallapop: Accessing hidden method Landroid/view/WindowManagerGlobal;->getInstance()Landroid/view/WindowManagerGlobal; (light greylist, reflection)

11-10 10:14:13.233  8254  8254 W com.wallapop: Accessing hidden field Landroid/view/WindowManagerGlobal;->mRoots:Ljava/util/ArrayList; (light greylist, reflection)

11-10 10:14:13.234  8254  8254 W com.wallapop: Accessing hidden field Landroid/view/ViewRootImpl;->mStopped:Z (light greylist, reflection)

11-10 10:14:13.321  4211  4227 D ApplicationPolicy: isStatusBarNotificationAllowedAsUser: packageName = com.wallapop,userId = 0

11-10 10:14:13.322  4211  4227 D ApplicationPolicy: isStatusBarNotificationAllowedAsUser: packageName = com.wallapop,userId = 0

11-10 10:14:13.326  4211  6257 D GamePkgDataHelper: notifyAppCreate(), pkgName: com.wallapop, sendRet: true

11-10 10:14:13.326  4211  4473 D GamePkgDataHelper: getGamePkgData(). com.wallapop

11-10 10:14:13.326  4211  4473 D GameManagerService: handleMessage(), MSG_APP_CREATE. ignore. pkgName: com.wallapop

11-10 10:14:13.329  4211  6257 D GameManagerService: noteResumeComponent(), resumeComponent: com.wallapop

11-10 10:14:13.329  4211  4473 D GameManagerService: handleForegroundChange(). pkgName: com.wallapop, clsName: com.rewallapop.ui.wall.WallActivity,FgActivityName:com.wallapop/com.rewallapop.ui.wall.WallActivity

11-10 10:14:13.329  4211  6257 D MARsPolicyManager: onPackageResumedFG pkgName = com.wallapop, userId = 0

11-10 10:14:13.333  4211  4211 D Telecom:SamsungPrebindingServiceImpl: onTopActivityChanged : ComponentInfo{com.wallapop/com.rewallapop.ui.wall.WallActivity}

11-10 10:14:13.336  4211  6257 I WindowManager: Cancelling animation restarting=true, leash=null, surface=Surface(name=AppWindowToken{a2e14f8 token=Token{51d945b ActivityRecord{815b76a u0 com.wallapop/com.rewallapop.ui.main.MainActivity t2120}}})/@0xb976f58, parent=Surface(name=Task=2120)/@0x97768b1

11-10 10:14:13.336  4211  6257 I WindowManager: Reparenting to leash, surface=Surface(name=AppWindowToken{a2e14f8 token=Token{51d945b ActivityRecord{815b76a u0 com.wallapop/com.rewallapop.ui.main.MainActivity t2120}}})/@0xb976f58

11-10 10:14:13.337  3727  3727 I SurfaceFlinger: id=23629 createSurf (4440x4440),2 flag=4, Surface(name=AppWindowToken{a2e14f8 token=Token{51d945b ActivityRecord{815b76a u0 com.wallapop/com.rewallapop.ui.main.MainActivity t2120}}})/@0xb976f58 - animation-leash#0

11-10 10:14:13.339  4211  6257 D WindowManager: makeSurface duration=3 leash=Surface(name=Surface(name=AppWindowToken{a2e14f8 token=Token{51d945b ActivityRecord{815b76a u0 com.wallapop/com.rewallapop.ui.main.MainActivity t2120}}})/@0xb976f58 - animation-leash)/@0x71ccaf0

11-10 10:14:13.339  4211  6257 D SurfaceControl: reparent is called, sc=Surface(name=AppWindowToken{a2e14f8 token=Token{51d945b ActivityRecord{815b76a u0 com.wallapop/com.rewallapop.ui.main.MainActivity t2120}}})/@0xb976f58, newParentHandle=android.os.BinderProxy@2b7b869, transaction=android.view.SurfaceControl$Transaction@7c02904

