11-10 10:14:13.342  3727  3771 D Layer   : [AppWindowToken{a2e14f8 token=Token{51d945b ActivityRecord{815b76a u0 com.wallapop/com.rewallapop.ui.main.MainActivity t2120}}}#0]::reparent oldParent:[Task=2120#0], newParent:[Surface(name=AppWindowToken{a2e14f8 token=Token{51d945b ActivityRecord{815b76a u0 com.wallapop/com.rewallapop.ui.main.MainActivity t2120}}})/@0xb976f58 - animation-leash#0]

11-10 10:14:13.374  8254  8328 W com.wallapop: Accessing hidden method Ldalvik/system/VMRuntime;->getRuntime()Ldalvik/system/VMRuntime; (light greylist, reflection)

11-10 10:14:13.374  8254  8328 W com.wallapop: Accessing hidden method Ldalvik/system/VMRuntime;->vmInstructionSet()Ljava/lang/String; (light greylist, reflection)

11-10 10:14:13.418  3562  3582 I Finsky  : [8251] fxs.d(3): com.wallapop: Account determined from installer data - [rJj4Md76H4LxoN-B4dnoZM7XaXDDBcXGlC-caOCi6Uc]

11-10 10:14:13.419  3562  3582 I Finsky  : [8251] fxs.d(14): com.wallapop: Account from preferred account - [rJj4Md76H4LxoN-B4dnoZM7XaXDDBcXGlC-caOCi6Uc]

11-10 10:14:13.430  3562  3582 I Finsky  : [8251] fxs.d(3): com.wallapop: Account determined from installer data - [rJj4Md76H4LxoN-B4dnoZM7XaXDDBcXGlC-caOCi6Uc]

11-10 10:14:13.431  3562  3582 I Finsky  : [8251] fxs.d(14): com.wallapop: Account from preferred account - [rJj4Md76H4LxoN-B4dnoZM7XaXDDBcXGlC-caOCi6Uc]

11-10 10:14:13.438 23911 23911 D Notification.Badge: [valid] onNotificationPosted : StatusBarNotification(pkg=com.wallapop user=UserHandle{0} id=999 tag=null key=0|com.wallapop|999|null|10311: Notification(channel=wallapop_channel pri=-2 contentView=null vibrate=null sound=null defaults=0x0 flags=0x62 color=0x00000000 vis=PRIVATE semFlags=0x0 semPriority=0 semMissedCount=0))

11-10 10:14:13.439 23911 23911 D Notification.Badge: notificationKey : 0|com.wallapop|999|null|10311, count : 0, this.count : 1

11-10 10:14:13.439 23911 23978 D Notification.Badge: LauncherModel:onNotificationPosted() : com.wallapop, count : [0], shouldBeFilteredOut : [false]

11-10 10:14:13.439 23911 23978 D Notification.Badge: notificationKey : 0|com.wallapop|999|null|10311, count : 1, mTotalCount : 1

11-10 10:14:13.441  3562  3582 I Finsky  : [8251] fxs.d(3): com.wallapop: Account determined from installer data - [rJj4Md76H4LxoN-B4dnoZM7XaXDDBcXGlC-caOCi6Uc]

11-10 10:14:13.441  3562  3582 I Finsky  : [8251] fxs.d(14): com.wallapop: Account from preferred account - [rJj4Md76H4LxoN-B4dnoZM7XaXDDBcXGlC-caOCi6Uc]

11-10 10:14:13.444 23911 23978 D Notification.Badge: updateLauncherIconBadges() item : [IconInfo(title=_Wallapop_ intent=Intent { act=android.intent.action.MAIN cat=[android.intent.category.LAUNCHER] flg=0x10200000 cmp=com.wallapop/.activities.HomeActivity (has extras) } id=160 type=0 container=-102 screen=1 cellX=3 cellY=0 spanX=1 spanY=1 rank=3 hidden=0 dropPos=null user=UserHandle{0} screenType=0)], mShowBadge : [true], item.mBadgeCount : [1]

11-10 10:14:13.447  3562  3582 I Finsky  : [8251] fxs.d(3): com.wallapop: Account determined from installer data - [rJj4Md76H4LxoN-B4dnoZM7XaXDDBcXGlC-caOCi6Uc]

11-10 10:14:13.447 23911 23911 D RecommendedView: updateBadgeItems: [IconInfo(title=_Wallapop_ intent=Intent { act=android.intent.action.MAIN cat=[android.intent.category.LAUNCHER] flg=0x10200000 cmp=com.wallapop/.activities.HomeActivity (has extras) } id=160 type=0 container=-102 screen=1 cellX=3 cellY=0 spanX=1 spanY=1 rank=3 hidden=0 dropPos=null user=UserHandle{0} screenType=0)]

11-10 10:14:13.447  3562  3582 I Finsky  : [8251] fxs.d(14): com.wallapop: Account from preferred account - [rJj4Md76H4LxoN-B4dnoZM7XaXDDBcXGlC-caOCi6Uc]

11-10 10:14:13.649  4211  4310 I WindowManager: reset, Reparenting to original parent, shouldDeferScheduleAnimation=false, destroyLeash=true, surface=Surface(name=AppWindowToken{a2e14f8 token=Token{51d945b ActivityRecord{815b76a u0 com.wallapop/com.rewallapop.ui.main.MainActivity t2120}}})/@0xb976f58, parent=Surface(name=Task=2120)/@0x97768b1, parentNativeHandle=android.os.BinderProxy@c98d170, caller=com.android.server.wm.SurfaceAnimator.lambda$getFinishedCallback$0:97 com.android.server.wm.-$$Lambda$SurfaceAnimator$SIBia0mND666K8lMCPsoid8pUTI.run:4 com.android.server.wm.SurfaceAnimator.lambda$getFinishedCallback$1:104 com.android.server.wm.-$$Lambda$SurfaceAnimator$vdRZk66hQVbQCvVXEaQCT1kVmFc.onAnimationFinished:4 com.android.server.wm.LocalAnimationAdapter.lambda$startAnimation$0:74

11-10 10:14:13.650  4211  4310 D SurfaceControl: reparent is called, sc=Surface(name=AppWindowToken{a2e14f8 token=Token{51d945b ActivityRecord{815b76a u0 com.wallapop/com.rewallapop.ui.main.MainActivity t2120}}})/@0xb976f58, newParentHandle=android.os.BinderProxy@c98d170, transaction=android.view.SurfaceControl$Transaction@7c02904

11-10 10:14:13.653  4211  4310 D SurfaceControl: destroy(transaction), animation-leash is destroyed, sc=Surface(name=Surface(name=AppWindowToken{a2e14f8 token=Token{51d945b ActivityRecord{815b76a u0 com.wallapop/com.rewallapop.ui.main.MainActivity t2120}}})/@0xb976f58 - animation-leash)/@0x71ccaf0, transaction=android.view.SurfaceControl$Transaction@7c02904, caller=com.android.server.wm.SurfaceAnimator.reset:338 com.android.server.wm.SurfaceAnimator.lambda$getFinishedCallback$0:97 com.android.server.wm.-$$Lambda$SurfaceAnimator$SIBia0mND666K8lMCPsoid8pUTI.run:4 com.android.server.wm.SurfaceAnimator.lambda$getFinishedCallback$1:104 com.android.server.wm.-$$Lambda$SurfaceAnimator$vdRZk66hQVbQCvVXEaQCT1kVmFc.onAnimationFinished:4 com.android.server.wm.LocalAnimationAdapter.lambda$startAnimation$0:74 com.android.server.wm.-$$Lambda$LocalAnimationAdapter$X--EomqUvw4qy89IeeTFTH7aCMo.run:4

11-10 10:14:13.667  3727  3771 D Layer   : [AppWindowToken{a2e14f8 token=Token{51d945b ActivityRecord{815b76a u0 com.wallapop/com.rewallapop.ui.main.MainActivity t2120}}}#0]::reparent oldParent:[Surface(name=AppWindowToken{a2e14f8 token=Token{51d945b ActivityRecord{815b76a u0 com.wallapop/com.rewallapop.ui.main.MainActivity t2120}}})/@0xb976f58 - animation-leash#0], newParent:[Task=2120#0]

11-10 10:14:13.667  3727  3771 I SurfaceFlinger: id=23629 Removed Surface(name=AppWindowToken{a2e14f8 token=Token{51d945b ActivityRecord{815b76a u0 com.wallapop/com.rewallapop.ui.main.MainActivity t2120}}})/@0xb976f58 - animation-leash#0 (0/53)

11-10 10:14:13.682  3727  3727 I Layer   : id=23629 onRemoved Surface(name=AppWindowToken{a2e14f8 token=Token{51d945b ActivityRecord{815b76a u0 com.wallapop/com.rewallapop.ui.main.MainActivity t2120}}})/@0xb976f58 - animation-leash#0

11-10 10:14:13.695  4211  4494 D SamsungAlarmManager: Cancel Alarm calling from uid:10311 pid :8254 / op:PendingIntent{a150ba1: PendingIntentRecord{bf395a8 com.wallapop broadcastIntent}}

11-10 10:14:14.024  8254  8254 W com.wallapop: Accessing hidden method Landroid/widget/TextView;->getTextDirectionHeuristic()Landroid/text/TextDirectionHeuristic; (light greylist, linking)

11-10 10:14:14.035  8254  8265 I com.wallapop: Background concurrent copying GC freed 155085(9MB) AllocSpace objects, 53(3MB) LOS objects, 50% free, 16MB/32MB, paused 373us total 162.650ms

11-10 10:14:14.042  8254  8254 W com.wallapop: Accessing hidden method Landroid/graphics/FontFamily;-><init>()V (light greylist, reflection)

11-10 10:14:14.043  8254  8254 W com.wallapop: Accessing hidden method Landroid/graphics/FontFamily;->addFontFromAssetManager(Landroid/content/res/AssetManager;Ljava/lang/String;IZIII[Landroid/graphics/fonts/FontVariationAxis;)Z (light greylist, reflection)

11-10 10:14:14.043  8254  8254 W com.wallapop: Accessing hidden method Landroid/graphics/FontFamily;->addFontFromBuffer(Ljava/nio/ByteBuffer;I[Landroid/graphics/fonts/FontVariationAxis;II)Z (light greylist, reflection)

11-10 10:14:14.043  8254  8254 W com.wallapop: Accessing hidden method Landroid/graphics/FontFamily;->freeze()Z (light greylist, reflection)

11-10 10:14:14.043  8254  8254 W com.wallapop: Accessing hidden method Landroid/graphics/FontFamily;->abortCreation()V (light greylist, reflection)

11-10 10:14:14.043  8254  8254 W com.wallapop: Accessing hidden method Landroid/graphics/Typeface;->createFromFamiliesWithDefault([Landroid/graphics/FontFamily;Ljava/lang/String;II)Landroid/graphics/Typeface; (light greylist, reflection)

11-10 10:14:14.054  8254  8544 I com.wallapop: The ClassLoaderContext is a special shared library.

11-10 10:14:14.734  4211  4390 D WifiTrafficPoller: TrafficStats TxPkts=763961 RxPkts=1358156 TxBytes=174167798 RxBytes=1287853251 , Foreground uid=10311 pkgName=com.wallapop TxPackets=61681 RxPackets=70174 TxBytes=9342096 RxBytes=70069417

11-10 10:14:14.964  8254  8259 I com.wallapop: Compiler allocated 4MB to compile void android.widget.TextView.<init>(android.content.Context, android.util.AttributeSet, int, int)

11-10 10:14:14.995  4211  5239 D ActivityManagerPerformance: Received MSG_DISABLE_ACT_START, r: ActivityRecord{71b8866 u0 com.wallapop/com.rewallapop.ui.wall.WallActivity t2120}

11-10 10:14:15.161  3727  3727 I SurfaceFlinger: id=23630 createSurf (4440x4440),2 flag=4, f28f1bd com.wallapop/com.rewallapop.ui.wall.WallActivity#0

11-10 10:14:15.205  3562  3582 I Finsky  : [8251] fxs.d(3): com.wallapop: Account determined from installer data - [rJj4Md76H4LxoN-B4dnoZM7XaXDDBcXGlC-caOCi6Uc]

11-10 10:14:15.206  3562  3582 I Finsky  : [8251] fxs.d(14): com.wallapop: Account from preferred account - [rJj4Md76H4LxoN-B4dnoZM7XaXDDBcXGlC-caOCi6Uc]

11-10 10:14:15.298  3562  3582 I Finsky  : [8251] fxs.d(3): com.wallapop: Account determined from installer data - [rJj4Md76H4LxoN-B4dnoZM7XaXDDBcXGlC-caOCi6Uc]

11-10 10:14:15.299  3562  3582 I Finsky  : [8251] fxs.d(14): com.wallapop: Account from preferred account - [rJj4Md76H4LxoN-B4dnoZM7XaXDDBcXGlC-caOCi6Uc]

11-10 10:14:15.383  3562  3582 I Finsky  : [8251] fxs.d(3): com.wallapop: Account determined from installer data - [rJj4Md76H4LxoN-B4dnoZM7XaXDDBcXGlC-caOCi6Uc]

11-10 10:14:15.384  3562  3582 I Finsky  : [8251] fxs.d(14): com.wallapop: Account from preferred account - [rJj4Md76H4LxoN-B4dnoZM7XaXDDBcXGlC-caOCi6Uc]

11-10 10:14:15.460  3562  3582 I Finsky  : [8251] fxs.d(3): com.wallapop: Account determined from installer data - [rJj4Md76H4LxoN-B4dnoZM7XaXDDBcXGlC-caOCi6Uc]

11-10 10:14:15.461  3562  3582 I Finsky  : [8251] fxs.d(14): com.wallapop: Account from preferred account - [rJj4Md76H4LxoN-B4dnoZM7XaXDDBcXGlC-caOCi6Uc]

11-10 10:14:15.794  4211  5593 V WindowManager: Relayout Window{f28f1bd u0 com.wallapop/com.rewallapop.ui.wall.WallActivity}: viewVisibility=0 req=1080x2220 {(0,0)(fillxfill) sim={adjust=resize forwardNavigation} ty=BASE_APPLICATION wanim=0x10302fe

11-10 10:14:15.800  3727  3727 I SurfaceFlinger: id=23631 createSurf (1080x2220),1 flag=404, com.wallapop/com.rewallapop.ui.wall.WallActivity[8254]#0

11-10 10:14:15.803  4211  5593 D WindowManager: makeSurface duration=4 name=com.wallapop/com.rewallapop.ui.wall.WallActivity[8254]

11-10 10:14:15.804  4211  5593 V WindowManager: Changing focus from null to Window{f28f1bd u0 com.wallapop/com.rewallapop.ui.wall.WallActivity} Callers=com.android.server.wm.WindowManagerService.relayoutWindow:2526 com.android.server.wm.Session.relayoutForTranslate:302 android.view.IWindowSession$Stub.onTransact:518 com.android.server.wm.Session.onTransact:186

11-10 10:14:15.804  4211  4228 D WindowManager: setSystemUiVisibility: vis= 0xa518, fullscreenVis= 0x2000, dockedVis= 0x0, win=Window{f28f1bd u0 com.wallapop/com.rewallapop.ui.wall.WallActivity}

11-10 10:14:15.809  4211  4242 D WindowManager: reportFocusChangedSerialized, focused=true, inTouchMode=true, win=Window{f28f1bd u0 com.wallapop/com.rewallapop.ui.wall.WallActivity}

11-10 10:14:15.919  3562  3587 I Finsky  : [8252] fxs.d(3): com.wallapop: Account determined from installer data - [rJj4Md76H4LxoN-B4dnoZM7XaXDDBcXGlC-caOCi6Uc]

11-10 10:14:15.920  3562  3587 I Finsky  : [8252] fxs.d(14): com.wallapop: Account from preferred account - [rJj4Md76H4LxoN-B4dnoZM7XaXDDBcXGlC-caOCi6Uc]

11-10 10:14:16.076  4211  5593 D WindowManager: finishDrawingWindow: Window{f28f1bd u0 com.wallapop/com.rewallapop.ui.wall.WallActivity} mDrawState=DRAW_PENDING

11-10 10:14:16.088  4211  4310 I WindowManager: commitFinishDrawingLocked: mDrawState=READY_TO_SHOW Surface(name=com.wallapop/com.rewallapop.ui.wall.WallActivity[8254])/@0x9914be5

11-10 10:14:16.089  4211  4310 V WindowManager: Resize reasons for w=Window{f28f1bd u0 com.wallapop/com.rewallapop.ui.wall.WallActivity}:  contentInsetsChanged=false [0,63][0,126] visibleInsetsChanged=false [0,63][0,126] stableInsetsChanged=false [0,63][0,126] outsetsChanged=false [0,0][0,0] surfaceResized=false configChanged=false dragResizingChanged=false reportOrientationChanged=false displayCutoutChanged=false nextForceRelayoutToClient=false

11-10 10:14:16.098  4211  4310 I WindowManager: commitFinishDrawingLocked: mDrawState=READY_TO_SHOW Surface(name=com.wallapop/com.rewallapop.ui.wall.WallActivity[8254])/@0x9914be5

11-10 10:14:16.098  4211  4310 I WindowManager: Cancelling animation restarting=false, leash=null, surface=Surface(name=f28f1bd com.wallapop/com.rewallapop.ui.wall.WallActivity)/@0x1b46ba, parent=Surface(name=AppWindowToken{ac06454 token=Token{f2c57a7 ActivityRecord{71b8866 u0 com.wallapop/com.rewallapop.ui.wall.WallActivity t2120}}})/@0x905f96b

11-10 10:14:16.098  4211  4310 V WindowManager: performShowLocked: mDrawState=HAS_DRAWN in Window{f28f1bd u0 com.wallapop/com.rewallapop.ui.wall.WallActivity}

11-10 10:14:16.116  3727  3727 I SurfaceFlinger:      Device | 0x70de034ac0 | 0002 | RGBA_8888 |   0.0    0.0 1080.0 2220.0 |    0    0 1080 2220 | com.wallapop/com.rewallapop.ui.wall.WallActivity[8254]#0

11-10 10:14:16.116  3727  3727 I SurfaceFlinger:      Device | 0x70de034d00 | 0000 | RGBA_8888 |   0.0    0.0 1080.0 2220.0 |    0    0 1080 2220 | Splash Screen com.wallapop#0

11-10 10:14:16.135  4211  4310 V WindowManager: Remove Window{a3a39c5 u0 Splash Screen com.wallapop}: mSurfaceController=Surface(name=Splash Screen com.wallapop)/@0x2af4027 mAnimatingExit=false mRemoveOnExit=false mHasSurface=true surfaceShowing=true isAnimationSet=false app-animation=false mWillReplaceWindow=false inPendingTransaction=false mDisplayFrozen=false callers=com.android.server.wm.WindowState.removeIfPossible:2764 com.android.server.wm.WindowManagerService.removeWindow:1943 com.android.server.wm.Session.remove:268 android.view.ViewRootImpl.dispatchDetachedFromWindow:4565 android.view.ViewRootImpl.doDie:7996 android.view.ViewRootImpl$ViewRootHandler.handleMessage:4987

11-10 10:14:16.136  4211  4310 I WindowManager: Cancelling animation restarting=true, leash=null, surface=Surface(name=a3a39c5 Splash Screen com.wallapop)/@0xf747ffd, parent=Surface(name=AppWindowToken{ac06454 token=Token{f2c57a7 ActivityRecord{71b8866 u0 com.wallapop/com.rewallapop.ui.wall.WallActivity t2120}}})/@0x905f96b

11-10 10:14:16.136  4211  4310 I WindowManager: Reparenting to leash, surface=Surface(name=a3a39c5 Splash Screen com.wallapop)/@0xf747ffd

11-10 10:14:16.147  3727  3727 I SurfaceFlinger: id=23632 createSurf (4440x4440),2 flag=4, Surface(name=a3a39c5 Splash Screen com.wallapop)/@0xf747ffd - animation-leash#0

11-10 10:14:16.150  4211  4310 D WindowManager: makeSurface duration=14 leash=Surface(name=Surface(name=a3a39c5 Splash Screen com.wallapop)/@0xf747ffd - animation-leash)/@0x3362e5e

11-10 10:14:16.151  4211  4310 D SurfaceControl: reparent is called, sc=Surface(name=a3a39c5 Splash Screen com.wallapop)/@0xf747ffd, newParentHandle=android.os.BinderProxy@ae6923f, transaction=android.view.SurfaceControl$Transaction@7bcc743

11-10 10:14:16.159  3727  3964 D Layer   : [a3a39c5 Splash Screen com.wallapop#0]::reparent oldParent:[AppWindowToken{ac06454 token=Token{f2c57a7 ActivityRecord{71b8866 u0 com.wallapop/com.rewallapop.ui.wall.WallActivity t2120}}}#0], newParent:[Surface(name=a3a39c5 Splash Screen com.wallapop)/@0xf747ffd - animation-leash#0]

11-10 10:14:16.162  4211  4242 I ActivityManager: Displayed com.wallapop/com.rewallapop.ui.wall.WallActivity: +2s774ms (total +11s621ms)

11-10 10:14:16.272  8254  8254 V InputMethodManager: Starting input: tba=com.wallapop ic=null mNaviBarColor -1 mIsGetNaviBarColorSuccess true , NavVisible : true , NavTrans : false

11-10 10:14:16.274  4211  6257 V InputMethodManagerService: windowGainedFocus : reason=WINDOW_FOCUS_GAIN client=android.os.BinderProxy@2558367 inputContext=null missingMethods= attribute=android.view.inputmethod.EditorInfo@832d26a nm = com.wallapop controlFlags=#104 softInputMode=#110 windowFlags=#81810100

11-10 10:14:16.320  4211  4310 I WindowManager: reset, Reparenting to original parent, shouldDeferScheduleAnimation=false, destroyLeash=true, surface=Surface(name=a3a39c5 Splash Screen com.wallapop)/@0xf747ffd, parent=Surface(name=AppWindowToken{ac06454 token=Token{f2c57a7 ActivityRecord{71b8866 u0 com.wallapop/com.rewallapop.ui.wall.WallActivity t2120}}})/@0x905f96b, parentNativeHandle=android.os.BinderProxy@e47c4f2, caller=com.android.server.wm.SurfaceAnimator.lambda$getFinishedCallback$0:97 com.android.server.wm.-$$Lambda$SurfaceAnimator$SIBia0mND666K8lMCPsoid8pUTI.run:4 com.android.server.wm.SurfaceAnimator.lambda$getFinishedCallback$1:104 com.android.server.wm.-$$Lambda$SurfaceAnimator$vdRZk66hQVbQCvVXEaQCT1kVmFc.onAnimationFinished:4 com.android.server.wm.LocalAnimationAdapter.lambda$startAnimation$0:74

11-10 10:14:16.320  4211  4310 D SurfaceControl: reparent is called, sc=Surface(name=a3a39c5 Splash Screen com.wallapop)/@0xf747ffd, newParentHandle=android.os.BinderProxy@e47c4f2, transaction=android.view.SurfaceControl$Transaction@7bcc743

11-10 10:14:16.320  4211  4310 D SurfaceControl: destroy(transaction), animation-leash is destroyed, sc=Surface(name=Surface(name=a3a39c5 Splash Screen com.wallapop)/@0xf747ffd - animation-leash)/@0x3362e5e, transaction=android.view.SurfaceControl$Transaction@7bcc743, caller=com.android.server.wm.SurfaceAnimator.reset:338 com.android.server.wm.SurfaceAnimator.lambda$getFinishedCallback$0:97 com.android.server.wm.-$$Lambda$SurfaceAnimator$SIBia0mND666K8lMCPsoid8pUTI.run:4 com.android.server.wm.SurfaceAnimator.lambda$getFinishedCallback$1:104 com.android.server.wm.-$$Lambda$SurfaceAnimator$vdRZk66hQVbQCvVXEaQCT1kVmFc.onAnimationFinished:4 com.android.server.wm.LocalAnimationAdapter.lambda$startAnimation$0:74 com.android.server.wm.-$$Lambda$LocalAnimationAdapter$X--EomqUvw4qy89IeeTFTH7aCMo.run:4

11-10 10:14:16.321  4211  4310 E WindowManager: win=Window{a3a39c5 u0 Splash Screen com.wallapop EXITING} destroySurfaces: appStopped=false win.mWindowRemovalAllowed=true win.mRemoveOnExit=true win.mViewVisibility=0 caller=com.android.server.wm.AppWindowToken.destroySurfaces:870 com.android.server.wm.AppWindowToken.destroySurfaces:851 com.android.server.wm.WindowState.onExitAnimationDone:5436 com.android.server.wm.WindowStateAnimator.onAnimationFinished:319 com.android.server.wm.WindowState.onAnimationFinished:5858 com.android.server.wm.-$$Lambda$yVRF8YoeNdTa8GR1wDStVsHu8xM.run:2 com.android.server.wm.SurfaceAnimator.lambda$getFinishedCallback$0:100

11-10 10:14:16.322  4211  4310 I WindowManager: Destroying surface Surface(name=Splash Screen com.wallapop)/@0x2af4027 called by com.android.server.wm.WindowStateAnimator.destroySurface:1901 com.android.server.wm.WindowStateAnimator.destroySurfaceLocked:838 com.android.server.wm.WindowState.destroySurfaceUnchecked:3839 com.android.server.wm.WindowState.destroySurface:3820 com.android.server.wm.AppWindowToken.destroySurfaces:870 com.android.server.wm.AppWindowToken.destroySurfaces:851 com.android.server.wm.WindowState.onExitAnimationDone:5436 com.android.server.wm.WindowStateAnimator.onAnimationFinished:319

11-10 10:14:16.322  3727  3771 I SurfaceFlinger: id=23625 Removed Splash Screen com.wallapop#0 (0/55)

11-10 10:14:16.333  3727  3964 W SurfaceFlinger: Attempting to set client state on removed layer: Splash Screen com.wallapop#0 [s.what : 40]

11-10 10:14:16.333  3727  3964 D Layer   : [a3a39c5 Splash Screen com.wallapop#0]::reparent oldParent:[Surface(name=a3a39c5 Splash Screen com.wallapop)/@0xf747ffd - animation-leash#0], newParent:[AppWindowToken{ac06454 token=Token{f2c57a7 ActivityRecord{71b8866 u0 com.wallapop/com.rewallapop.ui.wall.WallActivity t2120}}}#0]

11-10 10:14:16.333  3727  3964 I SurfaceFlinger: id=23632 Removed Surface(name=a3a39c5 Splash Screen com.wallapop)/@0xf747ffd - animation-leash#0 (2/54)

11-10 10:14:16.333  3727  3964 W SurfaceFlinger: Attempting to destroy on removed layer: Splash Screen com.wallapop#0

11-10 10:14:16.333  3727  3964 I SurfaceFlinger: id=23624 Removed a3a39c5 Splash Screen com.wallapop#0 (1/53)

11-10 10:14:16.336  3727  3727 I Layer   : id=23624 onRemoved a3a39c5 Splash Screen com.wallapop#0

11-10 10:14:16.336  3727  3727 I Layer   : id=23632 onRemoved Surface(name=a3a39c5 Splash Screen com.wallapop)/@0xf747ffd - animation-leash#0

11-10 10:14:16.336  3727  3727 I Layer   : id=23625 onRemoved Splash Screen com.wallapop#0

11-10 10:14:16.344  3727  3727 I SurfaceFlinger:      Device | 0x70de034ac0 | 0002 | RGBA_8888 |   0.0    0.0 1080.0 2220.0 |    0    0 1080 2220 | com.wallapop/com.rewallapop.ui.wall.WallActivity[8254]#0

11-10 10:14:16.463  8254  8254 V InputMethodManager: Starting input: tba=com.wallapop ic=null mNaviBarColor -1 mIsGetNaviBarColorSuccess true , NavVisible : true , NavTrans : false

11-10 10:14:16.555  4622  4682 E RequestManager_FLP: [FusedLocationApi] Location request d4627a7(Listener) PRIORITY_BALANCED_POWER_ACCURACY interval=300000 from com.wallapop

11-10 10:14:16.605  3562  3582 I Finsky  : [8251] fxs.d(3): com.wallapop: Account determined from installer data - [rJj4Md76H4LxoN-B4dnoZM7XaXDDBcXGlC-caOCi6Uc]

11-10 10:14:16.605  3562  3582 I Finsky  : [8251] fxs.d(14): com.wallapop: Account from preferred account - [rJj4Md76H4LxoN-B4dnoZM7XaXDDBcXGlC-caOCi6Uc]

11-10 10:14:16.608  4211  4228 D CodecSolution: isMaxAspectPackageEx: com.wallapop : true(2)

11-10 10:14:16.615  4211  6755 I WindowManager: Cancelling animation restarting=false, leash=null, surface=Surface(name=AppWindowToken{a2e14f8 token=Token{51d945b ActivityRecord{815b76a u0 com.wallapop/com.rewallapop.ui.main.MainActivity t2120}}})/@0xb976f58, parent=Surface(name=Task=2120)/@0x97768b1

11-10 10:14:16.620  3727  3964 I SurfaceFlinger: id=23623 Removed AppWindowToken{a2e14f8 token=Token{51d945b ActivityRecord{815b76a u0 com.wallapop/com.rewallapop.ui.main.MainActivity t2120}}}#0 (0/52)

11-10 10:14:16.634  3562  3582 I Finsky  : [8251] fxs.d(3): com.wallapop: Account determined from installer data - [rJj4Md76H4LxoN-B4dnoZM7XaXDDBcXGlC-caOCi6Uc]

11-10 10:14:16.635  3562  3582 I Finsky  : [8251] fxs.d(14): com.wallapop: Account from preferred account - [rJj4Md76H4LxoN-B4dnoZM7XaXDDBcXGlC-caOCi6Uc]

11-10 10:14:16.636  3727  3727 I Layer   : id=23623 onRemoved AppWindowToken{a2e14f8 token=Token{51d945b ActivityRecord{815b76a u0 com.wallapop/com.rewallapop.ui.main.MainActivity t2120}}}#0

11-10 10:14:16.740  4211  4669 D MdnieScenarioControlService:  packageName : com.wallapop    className : com.rewallapop.ui.wall.WallActivity

11-10 10:14:16.878  8254  8254 W com.wallapop: Accessing hidden field Landroid/view/View;->mAccessibilityDelegate:Landroid/view/View$AccessibilityDelegate; (light greylist, reflection)

11-10 10:14:17.742  8254  8254 W View    : requestLayout() improperly called by com.wallapop.design.view.WallapopTextView{17a1637 V.ED..... ......ID 47,26-47,86 #7f0a0904 app:id/wp__home__tv_bubble} during layout: running second layout pass

11-10 10:14:18.840  4211  4390 D WifiTrafficPoller: TrafficStats TxPkts=764195 RxPkts=1358519 TxBytes=174251914 RxBytes=1287965399 , Foreground uid=10311 pkgName=com.wallapop TxPackets=61819 RxPackets=70303 TxBytes=9370687 RxBytes=70118741

11-10 10:14:19.094  8254  8265 I com.wallapop: Background concurrent copying GC freed 285733(18MB) AllocSpace objects, 84(9MB) LOS objects, 49% free, 20MB/41MB, paused 604us total 455.989ms

11-10 10:14:19.720  4211  4311 D WifiPermissionsUtil: canAccessScanResults: pkgName = com.wallapop, uid = 10311

11-10 10:14:20.254  8254  8437 D Amazon DTB Ads API: with query params:[?dt=android&app=app&dinfo=%7B%22os%22%3A%22Android%22%2C%22model%22%3A%22SM-A750FN%22%2C%22make%22%3A%22samsung%22%2C%22osVersion%22%3A%229%22%2C%22connectionType%22%3A%22Wifi%22%2C%22country%22%3A%22ES%22%2C%22scalingFactor%22%3A%222.625%22%2C%22carrier%22%3A%22JAZZTEL%22%2C%22language%22%3A%22es%22%2C%22screenSize%22%3A%221080x2094%22%2C%22orientation%22%3A%22portrait%22%7D&oo=0&aud=3p&idfa=bf505ce3-e614-4d9a-a4d7-9c324edc6560&appId=d2ba46e2d5ef4c9883051d9c8d0125d5&sdkVer=aps-android-7.4.3&ua=Dalvik%2F2.1.0%20%28Linux%3B%20U%3B%20Android%209%3B%20SM-A750FN%20Build%2FPPR1.180610.011%29&pkg=%7B%22lbl%22%3A%22_Wallapop_%22%2C%22pn%22%3A%22com.wallapop%22%2C%22v%22%3A%221850000%22%2C%22vn%22%3A%221.85.0-d1910251130%22%7D]

11-10 10:14:20.690  8254  8437 D Amazon DTB Ads API: Error while connecting to remote server: https://s.amazon-adsystem.com/api3/generate_did?dt=android&app=app&dinfo=%7B%22os%22%3A%22Android%22%2C%22model%22%3A%22SM-A750FN%22%2C%22make%22%3A%22samsung%22%2C%22osVersion%22%3A%229%22%2C%22connectionType%22%3A%22Wifi%22%2C%22country%22%3A%22ES%22%2C%22scalingFactor%22%3A%222.625%22%2C%22carrier%22%3A%22JAZZTEL%22%2C%22language%22%3A%22es%22%2C%22screenSize%22%3A%221080x2094%22%2C%22orientation%22%3A%22portrait%22%7D&oo=0&aud=3p&idfa=bf505ce3-e614-4d9a-a4d7-9c324edc6560&appId=d2ba46e2d5ef4c9883051d9c8d0125d5&sdkVer=aps-android-7.4.3&ua=Dalvik%2F2.1.0%20%28Linux%3B%20U%3B%20Android%209%3B%20SM-A750FN%20Build%2FPPR1.180610.011%29&pkg=%7B%22lbl%22%3A%22_Wallapop_%22%2C%22pn%22%3A%22com.wallapop%22%2C%22v%22%3A%221850000%22%2C%22vn%22%3A%221.85.0-d1910251130%22%7D with error:Chain validation failed

11-10 10:14:20.692  8254  8437 E Amazon DTB Ads API: 	at com.wallapop.thirdparty.ads.b.a.a(SourceFile:43)

11-10 10:14:20.692  8254  8437 E Amazon DTB Ads API: 	at com.wallapop.thirdparty.ads.b.a$b$1.invokeSuspend(SourceFile:34)

11-10 10:14:20.692  8254  8437 E Amazon DTB Ads API: 	at com.wallapop.thirdparty.ads.b.a$b$1.invoke(Unknown Source:10)

11-10 10:14:20.692  8254  8437 E Amazon DTB Ads API: 	at com.wallapop.thirdparty.ads.b.a$b.invokeSuspend(SourceFile:33)

11-10 10:14:20.883  8254  8794 D Amazon DTB Ads API: with query params:[?dt=android&app=app&dinfo=%7B%22os%22%3A%22Android%22%2C%22model%22%3A%22SM-A750FN%22%2C%22make%22%3A%22samsung%22%2C%22osVersion%22%3A%229%22%2C%22connectionType%22%3A%22Wifi%22%2C%22country%22%3A%22ES%22%2C%22scalingFactor%22%3A%222.625%22%2C%22carrier%22%3A%22JAZZTEL%22%2C%22language%22%3A%22es%22%2C%22screenSize%22%3A%221080x2094%22%2C%22orientation%22%3A%22portrait%22%7D&oo=0&aud=3p&idfa=bf505ce3-e614-4d9a-a4d7-9c324edc6560&appId=d2ba46e2d5ef4c9883051d9c8d0125d5&sdkVer=aps-android-7.4.3&ua=Dalvik%2F2.1.0%20%28Linux%3B%20U%3B%20Android%209%3B%20SM-A750FN%20Build%2FPPR1.180610.011%29&pkg=%7B%22lbl%22%3A%22_Wallapop_%22%2C%22pn%22%3A%22com.wallapop%22%2C%22v%22%3A%221850000%22%2C%22vn%22%3A%221.85.0-d1910251130%22%7D]

11-10 10:14:21.386  8254  8794 D Amazon DTB Ads API: Error while connecting to remote server: https://s.amazon-adsystem.com/api3/generate_did?dt=android&app=app&dinfo=%7B%22os%22%3A%22Android%22%2C%22model%22%3A%22SM-A750FN%22%2C%22make%22%3A%22samsung%22%2C%22osVersion%22%3A%229%22%2C%22connectionType%22%3A%22Wifi%22%2C%22country%22%3A%22ES%22%2C%22scalingFactor%22%3A%222.625%22%2C%22carrier%22%3A%22JAZZTEL%22%2C%22language%22%3A%22es%22%2C%22screenSize%22%3A%221080x2094%22%2C%22orientation%22%3A%22portrait%22%7D&oo=0&aud=3p&idfa=bf505ce3-e614-4d9a-a4d7-9c324edc6560&appId=d2ba46e2d5ef4c9883051d9c8d0125d5&sdkVer=aps-android-7.4.3&ua=Dalvik%2F2.1.0%20%28Linux%3B%20U%3B%20Android%209%3B%20SM-A750FN%20Build%2FPPR1.180610.011%29&pkg=%7B%22lbl%22%3A%22_Wallapop_%22%2C%22pn%22%3A%22com.wallapop%22%2C%22v%22%3A%221850000%22%2C%22vn%22%3A%221.85.0-d1910251130%22%7D with error:Chain validation failed

11-10 10:14:21.423  8254  8265 I com.wallapop: Background concurrent copying GC freed 278477(13MB) AllocSpace objects, 156(7MB) LOS objects, 49% free, 22MB/44MB, paused 822us total 231.508ms

11-10 10:14:21.549  8254  8254 W com.wallapop: Accessing hidden method Landroid/media/AudioTrack;->getLatency()I (light greylist, reflection)

11-10 10:14:21.614  8254  8794 D Amazon DTB Ads API: with json params:[{"oo":"false","dinfo":{"os":"Android","model":"SM-A750FN","make":"samsung","osVersion":"9","connectionType":"Wifi","country":"ES","scalingFactor":"2.625","carrier":"JAZZTEL","language":"es","screenSize":"1080x2094","orientation":"portrait"},"adsdk":"aps-android-7.4.3","slots":[{"sz":"320x50","slot":"f414d83c-ab9f-4e02-9c59-5137663ee6c7","slotId":1,"supportedMediaTypes":["DISPLAY"]}],"mraid":["1.0","2.0","3.0"],"appId":"d2ba46e2d5ef4c9883051d9c8d0125d5","idfa":"bf505ce3-e614-4d9a-a4d7-9c324edc6560","geoloc":"41.4058221,2.1864421,18.994","isDTBMobile":"true","ua":"Dalvik\/2.1.0 (Linux; U; Android 9; SM-A750FN Build\/PPR1.180610.011)","pkg":{"lbl":"_Wallapop_","pn":"com.wallapop","v":"1850000","vn":"1.85.0-d1910251130"},"gdpr":{"e":"1","c":"BOR0xKKOR0xKKABABAENBZ-AAAAfZ7_______9______9uz_Gv_v_f__33e8__9v_l_7_-___u_-33d4-_1vX99yfm1-7ftr3tp_86ues2vHqK9ZoA"}}]

11-10 10:14:21.996  4211  4475 I CodecSolution: pid(8254) pkg(com.wallapop)

11-10 10:14:22.019  4211  4311 D CodecSolution: topName : com.wallapop

11-10 10:14:22.019  4211  4311 I CodecSolution: Top : com.wallapop

11-10 10:14:22.019  4211  4311 D SCPMHelper: getPackageInfo(com.wallapop)

11-10 10:14:22.189  4211  4475 I CodecSolution: pid(8254) pkg(com.wallapop)

11-10 10:14:22.199  4211  4311 D CodecSolution: topName : com.wallapop

11-10 10:14:22.199  4211  4311 I CodecSolution: Top : com.wallapop

11-10 10:14:22.199  4211  4311 D SCPMHelper: getPackageInfo(com.wallapop)

11-10 10:14:22.882  8254  8810 I chatty  : uid=10311(com.wallapop) CodecLooper identical 3 lines

11-10 10:14:22.916  4211  4390 D WifiTrafficPoller: TrafficStats TxPkts=764551 RxPkts=1358984 TxBytes=174335033 RxBytes=1288243121 , Foreground uid=10311 pkgName=com.wallapop TxPackets=62133 RxPackets=70619 TxBytes=9436041 RxBytes=70325677

11-10 10:14:23.144  8254  8826 I chatty  : uid=10311(com.wallapop) CodecLooper identical 1 line

11-10 10:14:26.660  8254  8265 I com.wallapop: Background concurrent copying GC freed 237805(13MB) AllocSpace objects, 179(7MB) LOS objects, 48% free, 25MB/49MB, paused 522us total 192.559ms

11-10 10:14:26.974  4211  4390 D WifiTrafficPoller: TrafficStats TxPkts=764658 RxPkts=1359271 TxBytes=174385102 RxBytes=1288367936 , Foreground uid=10311 pkgName=com.wallapop TxPackets=62219 RxPackets=70710 TxBytes=9474944 RxBytes=70374915

11-10 10:14:27.890  4211  4475 I CodecSolution: pid(8254) pkg(com.wallapop)

11-10 10:14:27.904  4211  6753 D CodecSolution: topName : com.wallapop

11-10 10:14:27.904  4211  6753 I CodecSolution: Top : com.wallapop

11-10 10:14:27.904  4211  6753 D SCPMHelper: getPackageInfo(com.wallapop)

11-10 10:14:27.954  8254  8853 I chatty  : uid=10311(com.wallapop) CodecLooper identical 1 line

11-10 10:14:28.624  4211  4475 I CodecSolution: pid(8254) pkg(com.wallapop)

11-10 10:14:28.636  4211  6753 D CodecSolution: topName : com.wallapop

11-10 10:14:28.636  4211  6753 I CodecSolution: Top : com.wallapop

11-10 10:14:28.636  4211  6753 D SCPMHelper: getPackageInfo(com.wallapop)

11-10 10:14:28.689  8254  8870 I chatty  : uid=10311(com.wallapop) CodecLooper identical 1 line

11-10 10:14:28.833  8254  8853 I chatty  : uid=10311(com.wallapop) CodecLooper identical 1 line

11-10 10:14:29.601  8254  8870 I chatty  : uid=10311(com.wallapop) CodecLooper identical 1 line


