Executed '[C739] Help: Legal agreements' on 28-07-2019
---------------------------------------------------------------------------------
07-28 21:40:36.759   804  1720 I ActivityManager: Force stopping com.wallapop appid=10291 user=0: from pid 7597

07-28 21:40:36.759   804  1720 I ActivityManager: Killing 6194:com.wallapop/u0a291 (adj 15): stop com.wallapop cause from pid 7597

07-28 21:40:36.759   804  1720 D ActivityManager: isAutoRunBlockedApp:: com.wallapop, Auto Run ON

07-28 21:40:36.769   804   804 V AlarmManager: Remove alarm for next reason : android.intent.action.PACKAGE_RESTARTED : package: com.wallapop

07-28 21:40:36.779  5022  5022 I ClearDataReceiver: [#DCM#] Intent Data: package:com.wallapop

07-28 21:40:37.029   804  1720 V WindowManager: addAppToken: AppWindowToken{9d17983 token=Token{52d832 ActivityRecord{1bed83d u0 com.wallapop/com.rewallapop.ui.main.MainActivity t1464}}} to stack=1 task=1464 at 0

07-28 21:40:37.039   804   932 D ISSUE_DEBUG: InputChannelName : 4078656 Starting com.wallapop

07-28 21:40:37.059   804  1637 I ActivityManager: Start proc 7650:com.wallapop/u0a291 for activity com.wallapop/com.rewallapop.ui.main.MainActivity

07-28 21:40:37.059  7650  7650 W SELinux : SELinux: seapp_context_lookup: seinfo=default, level=s0:c512,c768, pkgname=com.wallapop

07-28 21:40:37.089   804   932 V WindowStateAnimator: Finishing drawing window Window{4078656 u0 d0 Starting com.wallapop}: mDrawState=DRAW_PENDING

07-28 21:40:37.109   804  2436 D ActivityManager:  Launching com.wallapop, updated priority

07-28 21:40:37.139   804   890 V MARsPolicyManager: updatePackagesScore PackageInfo name -- com.wallapop

07-28 21:40:37.139   804   891 D StatusBarManagerService: manageDisableList userId=0 what=0x0 pkg=Window{4078656 u0 d0 Starting com.wallapop}

07-28 21:40:37.149  7650  7650 W ResourcesManager: getTopLevelResources: /data/app/com.wallapop-1/base.apk / 1.0 running in com.wallapop rsrc of package null

07-28 21:40:37.339  7650  7679 W ResourcesManager: getTopLevelResources: /data/app/com.google.android.gms-2/base.apk / 1.0 running in com.wallapop rsrc of package null

07-28 21:40:37.349  7650  7650 W ResourcesManager: getTopLevelResources: /data/app/com.wallapop-1/base.apk / 1.0 running in com.wallapop rsrc of package null

07-28 21:40:37.359  7650  7650 W ResourcesManager: getTopLevelResources: /data/app/com.wallapop-1/base.apk / 1.0 running in com.wallapop rsrc of package null

07-28 21:40:37.369  7650  7650 W ResourcesManager: getTopLevelResources: /data/app/com.wallapop-1/base.apk / 1.0 running in com.wallapop rsrc of package null

07-28 21:40:37.379  7650  7689 W System.err: remove failed: ENOENT (No such file or directory) : /data/user/0/com.wallapop/files/AppEventsLogger.persistedevents

07-28 21:40:37.409  7650  7679 W ResourcesManager: getTopLevelResources: /data/app/com.google.android.gms-2/base.apk / 1.0 running in com.wallapop rsrc of package null

07-28 21:40:37.429  7650  7679 W ResourcesManager: getTopLevelResources: /data/data/com.google.android.gms/app_chimera/m/0000003f/dl-AdsFdrDynamite.integ_20300000008.apk / 1.0 running in com.wallapop rsrc of package null

07-28 21:40:37.429  7650  7679 W ResourcesManager: getTopLevelResources: /data/data/com.google.android.gms/app_chimera/m/0000003f/dl-AdsFdrDynamite.integ_20300000008.apk / 1.0 running in com.wallapop rsrc of package null

07-28 21:40:37.459  7650  7667 W ResourcesManager: getTopLevelResources: /data/app/com.wallapop-1/base.apk / 1.0 running in com.wallapop rsrc of package null

07-28 21:40:37.459  7650  7667 I FA      :   adb shell setprop debug.firebase.analytics.app com.wallapop

07-28 21:40:37.779  7650  7650 W System.err: mkdir failed: EEXIST (File exists) : /data/user/0/com.wallapop/cache/okhttp

07-28 21:40:38.839  7650  7711 I stetho  : Listening on @stetho_com.wallapop_devtools_remote

07-28 21:40:38.839  7650  7709 W ResourcesManager: getTopLevelResources: /data/app/com.google.android.gms-2/base.apk / 1.0 running in com.wallapop rsrc of package null

07-28 21:40:38.849  7650  7650 I art     : Rejecting re-init on previously-failed class java.lang.Class<com.wallapop.clickstream.JobIntentService$f>

07-28 21:40:38.859  7650  7650 I art     : Rejecting re-init on previously-failed class java.lang.Class<com.wallapop.clickstream.JobIntentService$f>

07-28 21:40:39.079  7650  7650 W ResourcesManager: getTopLevelResources: /data/data/com.google.android.gms/app_chimera/m/0000003f/dl-AdsFdrDynamite.integ_20300000008.apk / 1.0 running in com.wallapop rsrc of package null

07-28 21:40:39.209  7650  7718 W System.err: remove failed: ENOENT (No such file or directory) : /data/user/0/com.wallapop/files/tfidf.db

07-28 21:40:39.219  7650  7718 W System.err: remove failed: ENOENT (No such file or directory) : /data/user/0/com.wallapop/databases/__hs__db_error_reports

07-28 21:40:39.219  7650  7718 W System.err: remove failed: ENOENT (No such file or directory) : /data/user/0/com.wallapop/databases/__hs__db_error_reports-journal

07-28 21:40:39.219  7650  7718 W System.err: remove failed: ENOENT (No such file or directory) : /data/user/0/com.wallapop/databases/__hs__db_error_reports-shm

07-28 21:40:39.219  7650  7718 W System.err: remove failed: ENOENT (No such file or directory) : /data/user/0/com.wallapop/databases/__hs__db_error_reports-wal

07-28 21:40:39.249  7650  7650 W ResourcesManager: getTopLevelResources: /data/app/com.google.android.webview-1/base.apk / 1.0 running in com.wallapop rsrc of package null

07-28 21:40:39.509  7650  7716 W ResourcesManager: getTopLevelResources: /data/app/com.google.android.gms-2/base.apk / 1.0 running in com.wallapop rsrc of package null

07-28 21:40:41.949   804   832 V AlarmManager:  remove PendingIntent] PendingIntent{4d0edaa: PendingIntentRecord{f8835b3 com.wallapop broadcastIntent}}

07-28 21:40:41.959  7650  7650 W ResourcesManager: getTopLevelResources: /data/app/com.wallapop-1/base.apk / 1.0 running in com.wallapop rsrc of package null

07-28 21:40:41.979  7650  7650 W ResourcesManager: getTopLevelResources: /data/app/com.wallapop-1/base.apk / 1.0 running in com.wallapop rsrc of package null

07-28 21:40:42.309   804  1324 V AlarmManager:  remove PendingIntent] PendingIntent{c283a76: PendingIntentRecord{c350877 com.wallapop broadcastIntent}}

07-28 21:40:42.379   804  1257 D LocationManagerService: request 4ce787a passive Request[POWER_NONE passive fastest=0 num=1] from com.wallapop(10291)

07-28 21:40:42.399  7650  7650 W System.err: remove failed: ENOENT (No such file or directory) : /data/user/0/com.wallapop/cache/okhttp/journal.tmp

07-28 21:40:42.429  7650  7650 I Timeline: Timeline: Activity_launch_request id:com.wallapop time:190632824

07-28 21:40:42.439   804  1724 V WindowManager: addAppToken: AppWindowToken{9e7b513 token=Token{cd58802 ActivityRecord{602254d u0 com.wallapop/com.rewallapop.ui.wall.WallActivity t1464}}} to stack=1 task=1464 at 1

07-28 21:40:42.449   804   891 D StatusBarManagerService: manageDisableList userId=0 what=0x0 pkg=Window{4078656 u0 d0 Starting com.wallapop}

07-28 21:40:42.509  7650  7709 W ResourcesManager: getTopLevelResources: /data/app/com.google.android.gms-2/base.apk / 1.0 running in com.wallapop rsrc of package null

07-28 21:40:42.649   804   890 D ApplicationPolicy: isStatusBarNotificationAllowedAsUser: packageName = com.wallapop,userId = 0

07-28 21:40:42.669   804   890 V MARsPolicyManager: updatePackagesScore PackageInfo name -- com.wallapop

07-28 21:40:42.669   804   804 D MARsPolicyManager: NotificationListenerService OngoingNotificationPosted : com.wallapop

07-28 21:40:42.679  1386  1386 W ResourcesManager: getTopLevelResources: /data/app/com.wallapop-1/base.apk / 1.0 running in com.android.systemui rsrc of package null

07-28 21:40:42.709  7650  7650 W ResourcesManager: getTopLevelResources: /data/app/com.wallapop-1/base.apk / 1.0 running in com.wallapop rsrc of package null

07-28 21:40:42.709  1386  1386 W ResourcesManager: getTopLevelResources: /data/app/com.wallapop-1/base.apk / 1.0 running in com.android.systemui rsrc of package null

07-28 21:40:42.719  7650  7650 W ResourcesManager: getTopLevelResources: /data/app/com.wallapop-1/base.apk / 1.0 running in com.wallapop rsrc of package null

07-28 21:40:42.719  1386  1386 W ResourcesManager: getTopLevelResources: /data/app/com.wallapop-1/base.apk / 1.0 running in com.android.systemui rsrc of package null

07-28 21:40:42.729  1386  1386 W ResourcesManager: getTopLevelResources: /data/app/com.wallapop-1/base.apk / 1.0 running in com.android.systemui rsrc of package null

07-28 21:40:42.739  7650  7774 W System.err: mkdir failed: EEXIST (File exists) : /data/user/0/com.wallapop/cache/WebView/Crash Reports

07-28 21:40:42.839   804  2436 V AlarmManager:  remove PendingIntent] PendingIntent{722d26: PendingIntentRecord{c350877 com.wallapop broadcastIntent}}

07-28 21:40:43.479  7650  7931 W ResourcesManager: getTopLevelResources: /data/data/com.google.android.gms/app_chimera/m/0000003f/dl-AdsFdrDynamite.integ_20300000008.apk / 1.0 running in com.wallapop rsrc of package null

07-28 21:40:43.489  7650  7689 W System.err: remove failed: ENOENT (No such file or directory) : /data/user/0/com.wallapop/files/AppEventsLogger.persistedevents

07-28 21:40:43.609   804  2439 D ISSUE_DEBUG: InputChannelName : 5b20f74 com.wallapop/com.rewallapop.ui.wall.WallActivity

07-28 21:40:43.649  7650  7715 W ResourcesManager: getTopLevelResources: /data/app/com.google.android.gms-2/base.apk / 1.0 running in com.wallapop rsrc of package null

07-28 21:40:43.659  5642  5814 I Finsky  : [14995] fos.b(2): com.wallapop: Account determined from installer data - [iyuiBytbk-Sv2FWK0M6qH-HKJNU]

07-28 21:40:43.659  5642  5814 I Finsky  : [14995] fos.b(2): com.wallapop: Account from preferred account - [iyuiBytbk-Sv2FWK0M6qH-HKJNU]

07-28 21:40:43.659  5642  5814 I Finsky  : [14995] fos.b(2): com.wallapop: Account determined from installer data - [iyuiBytbk-Sv2FWK0M6qH-HKJNU]

07-28 21:40:43.659  5642  5814 I Finsky  : [14995] fos.b(2): com.wallapop: Account from preferred account - [iyuiBytbk-Sv2FWK0M6qH-HKJNU]

07-28 21:40:44.079   804   891 D StatusBarManagerService: manageDisableList userId=0 what=0x0 pkg=Window{5b20f74 u0 d0 com.wallapop/com.rewallapop.ui.wall.WallActivity}

07-28 21:40:44.269  5642  5653 I Finsky  : [14941] fos.b(2): com.wallapop: Account determined from installer data - [iyuiBytbk-Sv2FWK0M6qH-HKJNU]

07-28 21:40:44.269  5642  5653 I Finsky  : [14941] fos.b(2): com.wallapop: Account from preferred account - [iyuiBytbk-Sv2FWK0M6qH-HKJNU]

07-28 21:40:44.449   804   833 V WindowStateAnimator: Finishing drawing window Window{5b20f74 u0 d0 com.wallapop/com.rewallapop.ui.wall.WallActivity}: mDrawState=DRAW_PENDING

07-28 21:40:44.469   804   932 I ActivityManager: Displayed com.wallapop/com.rewallapop.ui.wall.WallActivity: +1s815ms (total +16m0s174ms)

07-28 21:40:44.469   804   932 I Timeline: Timeline: Activity_windows_visible id: ActivityRecord{602254d u0 com.wallapop/com.rewallapop.ui.wall.WallActivity t1464} time:190634867

07-28 21:40:44.529   804  2437 V WindowStateAnimator: Finishing drawing window Window{5b20f74 u0 d0 com.wallapop/com.rewallapop.ui.wall.WallActivity}: mDrawState=HAS_DRAWN

07-28 21:40:44.539  5642  5814 I Finsky  : [14995] fos.b(2): com.wallapop: Account determined from installer data - [iyuiBytbk-Sv2FWK0M6qH-HKJNU]

07-28 21:40:44.539  5642  5814 I Finsky  : [14995] fos.b(2): com.wallapop: Account from preferred account - [iyuiBytbk-Sv2FWK0M6qH-HKJNU]

07-28 21:40:44.659   804  1720 I AppOps  : sendInfoToFLP, code=41 , uid=10291 , packageName=com.wallapop , type=startOp

07-28 21:40:44.729  7650  7650 W ResourcesManager: getTopLevelResources: /data/app/com.google.android.gms-2/base.apk / 1.0 running in com.wallapop rsrc of package null

07-28 21:40:44.989  5642  5812 I Finsky  : [14994] fos.b(2): com.wallapop: Account determined from installer data - [iyuiBytbk-Sv2FWK0M6qH-HKJNU]

07-28 21:40:44.989  5642  5812 I Finsky  : [14994] fos.b(2): com.wallapop: Account from preferred account - [iyuiBytbk-Sv2FWK0M6qH-HKJNU]

07-28 21:40:45.129  5642  5652 I Finsky  : [14940] fos.b(2): com.wallapop: Account determined from installer data - [iyuiBytbk-Sv2FWK0M6qH-HKJNU]

07-28 21:40:45.129  5642  5652 I Finsky  : [14940] fos.b(2): com.wallapop: Account from preferred account - [iyuiBytbk-Sv2FWK0M6qH-HKJNU]

07-28 21:40:45.779  5642  5814 I Finsky  : [14995] fos.b(2): com.wallapop: Account determined from installer data - [iyuiBytbk-Sv2FWK0M6qH-HKJNU]

07-28 21:40:45.779  5642  5814 I Finsky  : [14995] fos.b(2): com.wallapop: Account from preferred account - [iyuiBytbk-Sv2FWK0M6qH-HKJNU]

07-28 21:40:46.169  5642  5652 I Finsky  : [14940] fos.b(2): com.wallapop: Account determined from installer data - [iyuiBytbk-Sv2FWK0M6qH-HKJNU]

07-28 21:40:46.169  5642  5652 I Finsky  : [14940] fos.b(2): com.wallapop: Account from preferred account - [iyuiBytbk-Sv2FWK0M6qH-HKJNU]

07-28 21:40:46.179  5642  5653 I Finsky  : [14941] fos.b(2): com.wallapop: Account determined from installer data - [iyuiBytbk-Sv2FWK0M6qH-HKJNU]

07-28 21:40:46.179  5642  5653 I Finsky  : [14941] fos.b(2): com.wallapop: Account from preferred account - [iyuiBytbk-Sv2FWK0M6qH-HKJNU]

07-28 21:40:46.669  7650  7689 W System.err: remove failed: ENOENT (No such file or directory) : /data/user/0/com.wallapop/files/AppEventsLogger.persistedevents

07-28 21:40:47.119  7650  8070 W ResourcesManager: getTopLevelResources: /data/app/com.google.android.gms-2/base.apk / 1.0 running in com.wallapop rsrc of package null

07-28 21:40:49.849  7650  7650 W ResourcesManager: getTopLevelResources: /data/app/com.google.android.gms-2/base.apk / 1.0 running in com.wallapop rsrc of package null

07-28 21:40:52.639   804   890 V BroadcastQueue: [background] Process cur broadcast BroadcastRecord{1f53c06 u0 com.appboy.action.receiver.DATA_SYNC qIdx=4}, state= (APP_RECEIVE) DELIVERED for app ProcessRecord{79cef5c 7650:com.wallapop/u0a291}

07-28 21:40:53.549  7650  7716 W ResourcesManager: getTopLevelResources: /data/app/com.google.android.gms-2/base.apk / 1.0 running in com.wallapop rsrc of package null

07-28 21:40:58.249  7650  7650 I Timeline: Timeline: Activity_launch_request id:com.wallapop time:190648642

07-28 21:40:58.259   804   833 V WindowManager: addAppToken: AppWindowToken{bcb2cdb token=Token{a1061ea ActivityRecord{cea15d5 u0 com.wallapop/.activities.PreferencesActivity t1464}}} to stack=1 task=1464 at 1

07-28 21:40:58.299   804   890 V MARsPolicyManager: updatePackagesScore PackageInfo name -- com.wallapop

07-28 21:40:58.309  7650  7650 W ResourcesManager: getTopLevelResources: /data/app/com.wallapop-1/base.apk / 1.0 running in com.wallapop rsrc of package null

07-28 21:40:58.309  7650  7650 W ResourcesManager: getTopLevelResources: /data/app/com.wallapop-1/base.apk / 1.0 running in com.wallapop rsrc of package null

07-28 21:40:58.309  7650  7650 W ResourcesManager: getTopLevelResources: /data/app/com.wallapop-1/base.apk / 1.0 running in com.wallapop rsrc of package null

07-28 21:40:58.339   804  1919 V AlarmManager:  remove PendingIntent] PendingIntent{98f0378: PendingIntentRecord{c350877 com.wallapop broadcastIntent}}

07-28 21:40:58.409   804  1919 D ISSUE_DEBUG: InputChannelName : 98ab2b6 com.wallapop/com.wallapop.activities.PreferencesActivity

07-28 21:40:58.429   804   891 D StatusBarManagerService: manageDisableList userId=0 what=0x0 pkg=Window{98ab2b6 u0 d0 com.wallapop/com.wallapop.activities.PreferencesActivity}

07-28 21:40:58.499   804  2436 V WindowStateAnimator: Finishing drawing window Window{98ab2b6 u0 d0 com.wallapop/com.wallapop.activities.PreferencesActivity}: mDrawState=DRAW_PENDING

07-28 21:40:58.519   804   932 I ActivityManager: Displayed com.wallapop/.activities.PreferencesActivity: +233ms

07-28 21:40:58.529   804  2377 V WindowStateAnimator: Finishing drawing window Window{98ab2b6 u0 d0 com.wallapop/com.wallapop.activities.PreferencesActivity}: mDrawState=HAS_DRAWN

07-28 21:40:58.769   804   932 I Timeline: Timeline: Activity_windows_visible id: ActivityRecord{cea15d5 u0 com.wallapop/.activities.PreferencesActivity t1464} time:190649162

07-28 21:40:58.789  7650  7689 W System.err: remove failed: ENOENT (No such file or directory) : /data/user/0/com.wallapop/files/AppEventsLogger.persistedevents

07-28 21:40:58.799   804  2437 I AppOps  : sendInfoToFLP, code=41 , uid=10291 , packageName=com.wallapop , type=finishOp

07-28 21:40:58.799  7650  7650 V ActivityThread: updateVisibility : ActivityRecord{30f712a token=android.os.BinderProxy@b4a7b3b {com.wallapop/com.rewallapop.ui.wall.WallActivity}} show : false

07-28 21:40:59.419  7650  7650 E WallapopError: 	at com.wallapop.kernel.l.e$a.a(SourceFile:4)

07-28 21:40:59.419  7650  7650 E WallapopError: 	at com.wallapop.kernel.l.g$a.a(SourceFile:6)

07-28 21:40:59.419  7650  7650 E WallapopError: 	at com.wallapop.kernel.l.e$a.a(SourceFile)

07-28 21:40:59.739  7650  7650 I Timeline: Timeline: Activity_launch_request id:com.wallapop time:190650139

07-28 21:40:59.769   804  1720 V WindowManager: addAppToken: AppWindowToken{90700a7 token=Token{4833566 ActivityRecord{f659c1 u0 com.wallapop/.activities.WebViewActivity t1464}}} to stack=1 task=1464 at 2

07-28 21:40:59.799   804   890 V MARsPolicyManager: updatePackagesScore PackageInfo name -- com.wallapop

07-28 21:40:59.799  7650  7650 W ResourcesManager: getTopLevelResources: /data/app/com.wallapop-1/base.apk / 1.0 running in com.wallapop rsrc of package null

07-28 21:40:59.799  7650  7650 W ResourcesManager: getTopLevelResources: /data/app/com.wallapop-1/base.apk / 1.0 running in com.wallapop rsrc of package null

07-28 21:40:59.799  7650  7650 W ResourcesManager: getTopLevelResources: /data/app/com.wallapop-1/base.apk / 1.0 running in com.wallapop rsrc of package null

07-28 21:40:59.829   804  1920 V AlarmManager:  remove PendingIntent] PendingIntent{2585954: PendingIntentRecord{c350877 com.wallapop broadcastIntent}}

07-28 21:40:59.869   804  1502 D ISSUE_DEBUG: InputChannelName : fab7ff9 com.wallapop/com.wallapop.activities.WebViewActivity

07-28 21:40:59.919   804   891 D StatusBarManagerService: manageDisableList userId=0 what=0x0 pkg=Window{fab7ff9 u0 d0 com.wallapop/com.wallapop.activities.WebViewActivity}

07-28 21:41:00.009   804  2439 V WindowStateAnimator: Finishing drawing window Window{fab7ff9 u0 d0 com.wallapop/com.wallapop.activities.WebViewActivity}: mDrawState=DRAW_PENDING

07-28 21:41:00.029   804   932 I ActivityManager: Displayed com.wallapop/.activities.WebViewActivity: +250ms

07-28 21:41:00.049   804  2437 V WindowStateAnimator: Finishing drawing window Window{fab7ff9 u0 d0 com.wallapop/com.wallapop.activities.WebViewActivity}: mDrawState=HAS_DRAWN

07-28 21:41:00.279   804   932 I Timeline: Timeline: Activity_windows_visible id: ActivityRecord{f659c1 u0 com.wallapop/.activities.WebViewActivity t1464} time:190650675

07-28 21:41:00.299  7650  7650 V ActivityThread: updateVisibility : ActivityRecord{e60c1a2 token=android.os.BinderProxy@54bcf4f {com.wallapop/com.wallapop.activities.PreferencesActivity}} show : false

07-28 21:41:03.129   804   890 V MARsPolicyManager: updatePackagesScore PackageInfo name -- com.wallapop

07-28 21:41:03.159   804  1502 V AlarmManager:  remove PendingIntent] PendingIntent{a6ca152: PendingIntentRecord{c350877 com.wallapop broadcastIntent}}

07-28 21:41:03.179   804   891 D StatusBarManagerService: manageDisableList userId=0 what=0x0 pkg=Window{98ab2b6 u0 d0 com.wallapop/com.wallapop.activities.PreferencesActivity}

07-28 21:41:03.229   804  2436 V WindowStateAnimator: Finishing drawing window Window{98ab2b6 u0 d0 com.wallapop/com.wallapop.activities.PreferencesActivity}: mDrawState=DRAW_PENDING

07-28 21:41:03.239   804   932 I ActivityManager: Displayed com.wallapop/.activities.PreferencesActivity: +120ms

07-28 21:41:03.489   804   932 I Timeline: Timeline: Activity_windows_visible id: ActivityRecord{cea15d5 u0 com.wallapop/.activities.PreferencesActivity t1464} time:190653889

07-28 21:41:03.529  7650  7650 E WallapopError: 	at com.wallapop.kernel.l.e$a.a(SourceFile:4)

07-28 21:41:03.529  7650  7650 E WallapopError: 	at com.wallapop.kernel.l.g$a.a(SourceFile:6)

07-28 21:41:03.529  7650  7650 E WallapopError: 	at com.wallapop.kernel.l.e$a.a(SourceFile)

07-28 21:41:04.779  7650  7650 I Timeline: Timeline: Activity_launch_request id:com.wallapop time:190655171

07-28 21:41:04.789   804  1257 V WindowManager: addAppToken: AppWindowToken{bbc0302 token=Token{cd9ac4d ActivityRecord{9284fe4 u0 com.wallapop/.activities.WebViewActivity t1464}}} to stack=1 task=1464 at 2

07-28 21:41:04.819   804   890 V MARsPolicyManager: updatePackagesScore PackageInfo name -- com.wallapop

07-28 21:41:04.829  7650  7650 W ResourcesManager: getTopLevelResources: /data/app/com.wallapop-1/base.apk / 1.0 running in com.wallapop rsrc of package null

07-28 21:41:04.829  7650  7650 W ResourcesManager: getTopLevelResources: /data/app/com.wallapop-1/base.apk / 1.0 running in com.wallapop rsrc of package null

07-28 21:41:04.859   804  2439 V AlarmManager:  remove PendingIntent] PendingIntent{d841413: PendingIntentRecord{c350877 com.wallapop broadcastIntent}}

07-28 21:41:04.899   804  2439 D ISSUE_DEBUG: InputChannelName : 16b4d4e com.wallapop/com.wallapop.activities.WebViewActivity

07-28 21:41:04.919   804   891 D StatusBarManagerService: manageDisableList userId=0 what=0x0 pkg=Window{16b4d4e u0 d0 com.wallapop/com.wallapop.activities.WebViewActivity}

07-28 21:41:04.979   804  2436 V WindowStateAnimator: Finishing drawing window Window{16b4d4e u0 d0 com.wallapop/com.wallapop.activities.WebViewActivity}: mDrawState=DRAW_PENDING

07-28 21:41:04.989   804   932 I ActivityManager: Displayed com.wallapop/.activities.WebViewActivity: +183ms

07-28 21:41:05.009   804  2377 V WindowStateAnimator: Finishing drawing window Window{16b4d4e u0 d0 com.wallapop/com.wallapop.activities.WebViewActivity}: mDrawState=HAS_DRAWN

07-28 21:41:05.239   804   932 I Timeline: Timeline: Activity_windows_visible id: ActivityRecord{9284fe4 u0 com.wallapop/.activities.WebViewActivity t1464} time:190655639

07-28 21:41:05.269  7650  7650 V ActivityThread: updateVisibility : ActivityRecord{e60c1a2 token=android.os.BinderProxy@54bcf4f {com.wallapop/com.wallapop.activities.PreferencesActivity}} show : false

07-28 21:41:07.139   804   890 V MARsPolicyManager: updatePackagesScore PackageInfo name -- com.wallapop

07-28 21:41:07.169   804  1920 V AlarmManager:  remove PendingIntent] PendingIntent{b8d0c75: PendingIntentRecord{c350877 com.wallapop broadcastIntent}}

07-28 21:41:07.179   804   891 D StatusBarManagerService: manageDisableList userId=0 what=0x0 pkg=Window{98ab2b6 u0 d0 com.wallapop/com.wallapop.activities.PreferencesActivity}

07-28 21:41:07.229   804   832 V WindowStateAnimator: Finishing drawing window Window{98ab2b6 u0 d0 com.wallapop/com.wallapop.activities.PreferencesActivity}: mDrawState=DRAW_PENDING

07-28 21:41:07.249   804   932 I ActivityManager: Displayed com.wallapop/.activities.PreferencesActivity: +116ms

07-28 21:41:07.469  7650  7650 E WallapopError: 	at com.wallapop.kernel.l.e$a.a(SourceFile:4)

07-28 21:41:07.469  7650  7650 E WallapopError: 	at com.wallapop.kernel.l.g$a.a(SourceFile:6)

07-28 21:41:07.469  7650  7650 E WallapopError: 	at com.wallapop.kernel.l.e$a.a(SourceFile)

07-28 21:41:07.499   804   932 I Timeline: Timeline: Activity_windows_visible id: ActivityRecord{cea15d5 u0 com.wallapop/.activities.PreferencesActivity t1464} time:190657894

07-28 21:41:08.969  7650  7650 I Timeline: Timeline: Activity_launch_request id:com.wallapop time:190659360

07-28 21:41:08.989   804  1919 V WindowManager: addAppToken: AppWindowToken{3ff404f token=Token{b4b8aae ActivityRecord{5511729 u0 com.wallapop/.activities.WebViewActivity t1464}}} to stack=1 task=1464 at 2

07-28 21:41:09.019   804   890 V MARsPolicyManager: updatePackagesScore PackageInfo name -- com.wallapop

07-28 21:41:09.019  7650  7650 W ResourcesManager: getTopLevelResources: /data/app/com.wallapop-1/base.apk / 1.0 running in com.wallapop rsrc of package null

07-28 21:41:09.019  7650  7650 W ResourcesManager: getTopLevelResources: /data/app/com.wallapop-1/base.apk / 1.0 running in com.wallapop rsrc of package null

07-28 21:41:09.049   804  2436 V AlarmManager:  remove PendingIntent] PendingIntent{560a3dc: PendingIntentRecord{c350877 com.wallapop broadcastIntent}}

07-28 21:41:09.079   804  1721 D ISSUE_DEBUG: InputChannelName : 449a3ba com.wallapop/com.wallapop.activities.WebViewActivity

07-28 21:41:09.119   804   891 D StatusBarManagerService: manageDisableList userId=0 what=0x0 pkg=Window{449a3ba u0 d0 com.wallapop/com.wallapop.activities.WebViewActivity}

07-28 21:41:09.189   804  1920 V WindowStateAnimator: Finishing drawing window Window{449a3ba u0 d0 com.wallapop/com.wallapop.activities.WebViewActivity}: mDrawState=DRAW_PENDING

07-28 21:41:09.209   804   932 I ActivityManager: Displayed com.wallapop/.activities.WebViewActivity: +207ms

07-28 21:41:09.229   804  2436 V WindowStateAnimator: Finishing drawing window Window{449a3ba u0 d0 com.wallapop/com.wallapop.activities.WebViewActivity}: mDrawState=HAS_DRAWN

07-28 21:41:09.449   804   932 I Timeline: Timeline: Activity_windows_visible id: ActivityRecord{5511729 u0 com.wallapop/.activities.WebViewActivity t1464} time:190659845

07-28 21:41:09.479  7650  7650 V ActivityThread: updateVisibility : ActivityRecord{e60c1a2 token=android.os.BinderProxy@54bcf4f {com.wallapop/com.wallapop.activities.PreferencesActivity}} show : false

07-28 21:41:11.689   804   890 V MARsPolicyManager: updatePackagesScore PackageInfo name -- com.wallapop

07-28 21:41:11.709   804  2439 V AlarmManager:  remove PendingIntent] PendingIntent{3aef337: PendingIntentRecord{c350877 com.wallapop broadcastIntent}}

07-28 21:41:11.729   804   891 D StatusBarManagerService: manageDisableList userId=0 what=0x0 pkg=Window{98ab2b6 u0 d0 com.wallapop/com.wallapop.activities.PreferencesActivity}

07-28 21:41:11.779   804  1324 V WindowStateAnimator: Finishing drawing window Window{98ab2b6 u0 d0 com.wallapop/com.wallapop.activities.PreferencesActivity}: mDrawState=DRAW_PENDING

07-28 21:41:11.789   804   932 I ActivityManager: Displayed com.wallapop/.activities.PreferencesActivity: +98ms

07-28 21:41:12.039   804   932 I Timeline: Timeline: Activity_windows_visible id: ActivityRecord{cea15d5 u0 com.wallapop/.activities.PreferencesActivity t1464} time:190662437

07-28 21:41:12.049  7650  7650 E WallapopError: 	at com.wallapop.kernel.l.e$a.a(SourceFile:4)

07-28 21:41:12.049  7650  7650 E WallapopError: 	at com.wallapop.kernel.l.g$a.a(SourceFile:6)

07-28 21:41:12.049  7650  7650 E WallapopError: 	at com.wallapop.kernel.l.e$a.a(SourceFile)

07-28 21:41:13.409  7650  7650 I Timeline: Timeline: Activity_launch_request id:com.wallapop time:190663802

07-28 21:41:13.419   804  1724 V WindowManager: addAppToken: AppWindowToken{9adc541 token=Token{c122428 ActivityRecord{7b8a24b u0 com.wallapop/.activities.WebViewActivity t1464}}} to stack=1 task=1464 at 2

07-28 21:41:13.449  7650  7650 W ResourcesManager: getTopLevelResources: /data/app/com.wallapop-1/base.apk / 1.0 running in com.wallapop rsrc of package null

07-28 21:41:13.449   804   890 V MARsPolicyManager: updatePackagesScore PackageInfo name -- com.wallapop

07-28 21:41:13.449  7650  7650 W ResourcesManager: getTopLevelResources: /data/app/com.wallapop-1/base.apk / 1.0 running in com.wallapop rsrc of package null

07-28 21:41:13.489   804  1324 V AlarmManager:  remove PendingIntent] PendingIntent{c795ad4: PendingIntentRecord{c350877 com.wallapop broadcastIntent}}

07-28 21:41:13.529   804  2377 D ISSUE_DEBUG: InputChannelName : 1090fc3 com.wallapop/com.wallapop.activities.WebViewActivity

07-28 21:41:13.559   804   891 D StatusBarManagerService: manageDisableList userId=0 what=0x0 pkg=Window{1090fc3 u0 d0 com.wallapop/com.wallapop.activities.WebViewActivity}

07-28 21:41:13.619   804  1637 V WindowStateAnimator: Finishing drawing window Window{1090fc3 u0 d0 com.wallapop/com.wallapop.activities.WebViewActivity}: mDrawState=DRAW_PENDING

07-28 21:41:13.629   804   932 I ActivityManager: Displayed com.wallapop/.activities.WebViewActivity: +201ms

07-28 21:41:13.649   804  1502 V WindowStateAnimator: Finishing drawing window Window{1090fc3 u0 d0 com.wallapop/com.wallapop.activities.WebViewActivity}: mDrawState=HAS_DRAWN

07-28 21:41:13.889   804   932 I Timeline: Timeline: Activity_windows_visible id: ActivityRecord{7b8a24b u0 com.wallapop/.activities.WebViewActivity t1464} time:190664286

07-28 21:41:13.919  7650  7650 V ActivityThread: updateVisibility : ActivityRecord{e60c1a2 token=android.os.BinderProxy@54bcf4f {com.wallapop/com.wallapop.activities.PreferencesActivity}} show : false

07-28 21:41:16.929   804   890 V MARsPolicyManager: updatePackagesScore PackageInfo name -- com.wallapop

07-28 21:41:16.939   804  1919 V AlarmManager:  remove PendingIntent] PendingIntent{e190922: PendingIntentRecord{c350877 com.wallapop broadcastIntent}}

07-28 21:41:16.949   804   891 D StatusBarManagerService: manageDisableList userId=0 what=0x0 pkg=Window{98ab2b6 u0 d0 com.wallapop/com.wallapop.activities.PreferencesActivity}

07-28 21:41:16.999   804  1257 V WindowStateAnimator: Finishing drawing window Window{98ab2b6 u0 d0 com.wallapop/com.wallapop.activities.PreferencesActivity}: mDrawState=DRAW_PENDING

07-28 21:41:17.009   804   932 I ActivityManager: Displayed com.wallapop/.activities.PreferencesActivity: +89ms

07-28 21:41:17.219  7650  7650 E WallapopError: 	at com.wallapop.kernel.l.e$a.a(SourceFile:4)

07-28 21:41:17.219  7650  7650 E WallapopError: 	at com.wallapop.kernel.l.g$a.a(SourceFile:6)

07-28 21:41:17.219  7650  7650 E WallapopError: 	at com.wallapop.kernel.l.e$a.a(SourceFile)

07-28 21:41:17.259   804   932 I Timeline: Timeline: Activity_windows_visible id: ActivityRecord{cea15d5 u0 com.wallapop/.activities.PreferencesActivity t1464} time:190667651


