Executed '[C8642] Search Cars: Search with different filters getting results' on 03-07-2019
---------------------------------------------------------------------------------
07-03 17:55:10.523   874  1027 V MARsPolicyManager: updatePackagesScore PackageInfo name -- com.wallapop

07-03 17:55:10.533   874  1028 D StatusBarManagerService: manageDisableList userId=0 what=0x0 pkg=Window{f764371 u0 d0 com.wallapop/com.rewallapop.ui.user.profile.ProfileActivity}

07-03 17:55:10.533   874  5340 W ActivityManager: Duplicate finish request for ActivityRecord{a3422ec u0 com.wallapop/com.rewallapop.ui.user.profile.edit.EditProfileActivity t880 f}

07-03 17:55:10.583   874  1714 W ActivityManager: Duplicate finish request for ActivityRecord{a3422ec u0 com.wallapop/com.rewallapop.ui.user.profile.edit.EditProfileActivity t880 f}

07-03 17:55:10.623   874  4874 W ActivityManager: Duplicate finish request for ActivityRecord{a3422ec u0 com.wallapop/com.rewallapop.ui.user.profile.edit.EditProfileActivity t880 f}

07-03 17:55:10.633   874  1914 W ActivityManager: Duplicate finish request for ActivityRecord{a3422ec u0 com.wallapop/com.rewallapop.ui.user.profile.edit.EditProfileActivity t880 f}

07-03 17:55:10.633   874  1721 W ActivityManager: Duplicate finish request for ActivityRecord{a3422ec u0 com.wallapop/com.rewallapop.ui.user.profile.edit.EditProfileActivity t880 f}

07-03 17:55:10.633   874  1714 W ActivityManager: Duplicate finish request for ActivityRecord{a3422ec u0 com.wallapop/com.rewallapop.ui.user.profile.edit.EditProfileActivity t880 f}

07-03 17:55:10.633   874   892 W ActivityManager: Duplicate finish request for ActivityRecord{a3422ec u0 com.wallapop/com.rewallapop.ui.user.profile.edit.EditProfileActivity t880 f}

07-03 17:55:10.633   874  3012 W ActivityManager: Duplicate finish request for ActivityRecord{a3422ec u0 com.wallapop/com.rewallapop.ui.user.profile.edit.EditProfileActivity t880 f}

07-03 17:55:10.633   874  1422 W ActivityManager: Duplicate finish request for ActivityRecord{a3422ec u0 com.wallapop/com.rewallapop.ui.user.profile.edit.EditProfileActivity t880 f}

07-03 17:55:10.643   874  2020 W ActivityManager: Duplicate finish request for ActivityRecord{a3422ec u0 com.wallapop/com.rewallapop.ui.user.profile.edit.EditProfileActivity t880 f}

07-03 17:55:10.643   874  4874 W ActivityManager: Duplicate finish request for ActivityRecord{a3422ec u0 com.wallapop/com.rewallapop.ui.user.profile.edit.EditProfileActivity t880 f}

07-03 17:55:10.643   874  2732 W ActivityManager: Duplicate finish request for ActivityRecord{a3422ec u0 com.wallapop/com.rewallapop.ui.user.profile.edit.EditProfileActivity t880 f}

07-03 17:55:10.653   874  1220 V AlarmManager:  remove PendingIntent] PendingIntent{9b3b0fa: PendingIntentRecord{1bbd10e com.wallapop broadcastIntent}}

07-03 17:55:11.533   874  1027 V MARsPolicyManager: updatePackagesScore PackageInfo name -- com.wallapop

07-03 17:55:11.573   874  5340 V AlarmManager:  remove PendingIntent] PendingIntent{80e849e: PendingIntentRecord{de40689 com.wallapop broadcastIntent}}

07-03 17:55:11.613   874  1028 D StatusBarManagerService: manageDisableList userId=0 what=0x0 pkg=Window{c2570b5 u0 d0 com.wallapop/com.rewallapop.ui.wall.WallActivity}

07-03 17:55:11.723   874  1721 V WindowStateAnimator: Finishing drawing window Window{c2570b5 u0 d0 com.wallapop/com.rewallapop.ui.wall.WallActivity}: mDrawState=DRAW_PENDING

07-03 17:55:11.743   874  1132 I ActivityManager: Displayed com.wallapop/com.rewallapop.ui.wall.WallActivity: +214ms (total +1s223ms)

07-03 17:55:11.983   874  1132 I Timeline: Timeline: Activity_windows_visible id: ActivityRecord{70e9bde u0 com.wallapop/com.rewallapop.ui.wall.WallActivity t880} time:56314686

07-03 17:55:12.003 27090 27090 W View    : requestLayout() improperly called by com.wallapop.design.view.WallapopTextView{eca1d83 V.ED..... ......ID 54,30-630,92 #7f0a08d2 app:id/wp__home__tv_bubble} during layout: running second layout pass

07-03 17:55:13.593 27090 27090 I Timeline: Timeline: Activity_launch_request id:com.wallapop time:56316293

07-03 17:55:13.613   874  2020 V WindowManager: addAppToken: AppWindowToken{6b5680a token=Token{3c4e075 ActivityRecord{dbc9bac u0 com.wallapop/com.rewallapop.ui.search.SearchActivity t880}}} to stack=1 task=880 at 1

07-03 17:55:13.663   874  1027 V MARsPolicyManager: updatePackagesScore PackageInfo name -- com.wallapop

07-03 17:55:13.663 27090 27090 W ResourcesManager: getTopLevelResources: /data/app/com.wallapop-1/base.apk / 1.0 running in com.wallapop rsrc of package null

07-03 17:55:13.663 27090 27090 W ResourcesManager: getTopLevelResources: /data/app/com.wallapop-1/base.apk / 1.0 running in com.wallapop rsrc of package null

07-03 17:55:13.703   874  1220 V AlarmManager:  remove PendingIntent] PendingIntent{f2dc698: PendingIntentRecord{de40689 com.wallapop broadcastIntent}}

07-03 17:55:14.183   874  1914 D ISSUE_DEBUG: InputChannelName : 40fd0e5 com.wallapop/com.rewallapop.ui.search.SearchActivity

07-03 17:55:14.213   874  1028 D StatusBarManagerService: manageDisableList userId=0 what=0x0 pkg=Window{40fd0e5 u0 d0 com.wallapop/com.rewallapop.ui.search.SearchActivity}

07-03 17:55:14.303 27007 27382 W ByMatcher: Node returned null child: android.view.accessibility.AccessibilityNodeInfo@800081df; boundsInParent: Rect(0, 0 - 1080, 1845); boundsInScreen: Rect(0, 243 - 1080, 1920); packageName: com.wallapop; className: androidx.recyclerview.widget.RecyclerView; text: null; error: null; maxTextLength: -1; contentDescription: null; viewIdResName: com.wallapop:id/wallList; checkable: false; checked: false; focusable: true; focused: true; selected: false; clickable: false; longClickable: false; contextClickable: false; enabled: true; password: false; scrollable: true; actions: [AccessibilityAction: ACTION_CLEAR_FOCUS - null, AccessibilityAction: ACTION_SELECT - null, AccessibilityAction: ACTION_CLEAR_SELECTION - null, AccessibilityAction: ACTION_ACCESSIBILITY_FOCUS - null, AccessibilityAction: ACTION_SCROLL_FORWARD - null, AccessibilityAction: ACTION_UNKNOWN - null]

07-03 17:55:14.313 27007 27382 W ByMatcher: Node returned null child: android.view.accessibility.AccessibilityNodeInfo@800085a0; boundsInParent: Rect(0, 0 - 1080, 1848); boundsInScreen: Rect(0, 72 - 1080, 1920); packageName: com.wallapop; className: android.view.ViewGroup; text: null; error: null; maxTextLength: -1; contentDescription: null; viewIdResName: com.wallapop:id/wall_coordinator; checkable: false; checked: false; focusable: false; focused: false; selected: false; clickable: false; longClickable: false; contextClickable: false; enabled: true; password: false; scrollable: false; actions: [AccessibilityAction: ACTION_SELECT - null, AccessibilityAction: ACTION_CLEAR_SELECTION - null, AccessibilityAction: ACTION_ACCESSIBILITY_FOCUS - null, AccessibilityAction: ACTION_UNKNOWN - null]

07-03 17:55:14.313 27007 27382 W ByMatcher: Node returned null child: android.view.accessibility.AccessibilityNodeInfo@8000769c; boundsInParent: Rect(0, 0 - 1080, 1920); boundsInScreen: Rect(0, 0 - 1080, 1920); packageName: com.wallapop; className: android.widget.FrameLayout; text: null; error: null; maxTextLength: -1; contentDescription: null; viewIdResName: null; checkable: false; checked: false; focusable: false; focused: false; selected: false; clickable: false; longClickable: false; contextClickable: false; enabled: true; password: false; scrollable: false; actions: [AccessibilityAction: ACTION_SELECT - null, AccessibilityAction: ACTION_CLEAR_SELECTION - null, AccessibilityAction: ACTION_ACCESSIBILITY_FOCUS - null, AccessibilityAction: ACTION_UNKNOWN - null]

07-03 17:55:14.313 27007 27382 W ByMatcher: Node returned null child: android.view.accessibility.AccessibilityNodeInfo@8000769c; boundsInParent: Rect(0, 0 - 1080, 1920); boundsInScreen: Rect(0, 0 - 1080, 1920); packageName: com.wallapop; className: android.widget.FrameLayout; text: null; error: null; maxTextLength: -1; contentDescription: null; viewIdResName: null; checkable: false; checked: false; focusable: false; focused: false; selected: false; clickable: false; longClickable: false; contextClickable: false; enabled: true; password: false; scrollable: false; actions: [AccessibilityAction: ACTION_SELECT - null, AccessibilityAction: ACTION_CLEAR_SELECTION - null, AccessibilityAction: ACTION_ACCESSIBILITY_FOCUS - null, AccessibilityAction: ACTION_UNKNOWN - null]

07-03 17:55:14.423   874   892 V WindowStateAnimator: Finishing drawing window Window{40fd0e5 u0 d0 com.wallapop/com.rewallapop.ui.search.SearchActivity}: mDrawState=DRAW_PENDING

07-03 17:55:14.433   874  1132 I ActivityManager: Displayed com.wallapop/com.rewallapop.ui.search.SearchActivity: +790ms

07-03 17:55:14.493   874  2020 V WindowStateAnimator: Finishing drawing window Window{40fd0e5 u0 d0 com.wallapop/com.rewallapop.ui.search.SearchActivity}: mDrawState=HAS_DRAWN

07-03 17:55:14.673 27090 27098 W REALM_JAVA: Remember to call close() on all Realm instances. Realm /data/data/com.wallapop/files/feature_flags is being finalized without being closed, this can lead to running out of native memory.

07-03 17:55:14.683   874  1132 I Timeline: Timeline: Activity_windows_visible id: ActivityRecord{dbc9bac u0 com.wallapop/com.rewallapop.ui.search.SearchActivity t880} time:56317383

07-03 17:55:14.683 27090 27098 W REALM_JAVA: Remember to call close() on all Realm instances. Realm /data/data/com.wallapop/files/feature_flags is being finalized without being closed, this can lead to running out of native memory.

07-03 17:55:14.723 27090 27090 W GmsClientEvents: unregisterConnectionFailedListener(): listener GooglePlayServicesHeadlessFragment{a2fde34 (b2deff5d-f37c-4d0b-95b0-4a26d940845a) com.wallapop.fragments.headless.GooglePlayServicesHeadlessFragment} not found

07-03 17:55:14.723 27090 27090 W GmsClientEvents: unregisterConnectionCallbacks(): listener GooglePlayServicesHeadlessFragment{a2fde34 (b2deff5d-f37c-4d0b-95b0-4a26d940845a) com.wallapop.fragments.headless.GooglePlayServicesHeadlessFragment} not found

07-03 17:55:14.723 27090 27090 V ActivityThread: updateVisibility : ActivityRecord{5457f2b token=android.os.BinderProxy@adc0cb8 {com.wallapop/com.rewallapop.ui.wall.WallActivity}} show : false

07-03 17:55:16.503 27090 27090 I Timeline: Timeline: Activity_launch_request id:com.wallapop time:56319204

07-03 17:55:16.513   874  1722 V WindowManager: addAppToken: AppWindowToken{868e43c token=Token{eb8c62f ActivityRecord{341fc0e u0 com.wallapop/com.rewallapop.ui.search.VerticalListSelectorActivity t880}}} to stack=1 task=880 at 2

07-03 17:55:16.553   874  1027 V MARsPolicyManager: updatePackagesScore PackageInfo name -- com.wallapop

07-03 17:55:16.563 27090 27090 W ResourcesManager: getTopLevelResources: /data/app/com.wallapop-1/base.apk / 1.0 running in com.wallapop rsrc of package null

07-03 17:55:16.563 27090 27090 W ResourcesManager: getTopLevelResources: /data/app/com.wallapop-1/base.apk / 1.0 running in com.wallapop rsrc of package null

07-03 17:55:16.583   874  1913 V AlarmManager:  remove PendingIntent] PendingIntent{c9ba5c5: PendingIntentRecord{de40689 com.wallapop broadcastIntent}}

07-03 17:55:16.623   874   894 D ISSUE_DEBUG: InputChannelName : ffe0828 com.wallapop/com.rewallapop.ui.search.VerticalListSelectorActivity

07-03 17:55:16.643   874  1028 D StatusBarManagerService: manageDisableList userId=0 what=0x0 pkg=Window{ffe0828 u0 d0 com.wallapop/com.rewallapop.ui.search.VerticalListSelectorActivity}

07-03 17:55:16.873   874  2020 V WindowStateAnimator: Finishing drawing window Window{ffe0828 u0 d0 com.wallapop/com.rewallapop.ui.search.VerticalListSelectorActivity}: mDrawState=DRAW_PENDING

07-03 17:55:16.883   874  1132 I ActivityManager: Displayed com.wallapop/com.rewallapop.ui.search.VerticalListSelectorActivity: +350ms

07-03 17:55:17.133   874  1132 I Timeline: Timeline: Activity_windows_visible id: ActivityRecord{341fc0e u0 com.wallapop/com.rewallapop.ui.search.VerticalListSelectorActivity t880} time:56319834

07-03 17:55:17.163 27090 27090 V ActivityThread: updateVisibility : ActivityRecord{38d2d48 token=android.os.BinderProxy@1b6d5bd {com.wallapop/com.rewallapop.ui.search.SearchActivity}} show : false

07-03 17:55:21.053   874  1027 V MARsPolicyManager: updatePackagesScore PackageInfo name -- com.wallapop

07-03 17:55:21.143   874  1914 V AlarmManager:  remove PendingIntent] PendingIntent{3972eca: PendingIntentRecord{de40689 com.wallapop broadcastIntent}}

07-03 17:55:21.623   874  1028 D StatusBarManagerService: manageDisableList userId=0 what=0x0 pkg=Window{40fd0e5 u0 d0 com.wallapop/com.rewallapop.ui.search.SearchActivity}

07-03 17:55:21.673 27007 27060 W ByMatcher: Node returned null child: android.view.accessibility.AccessibilityNodeInfo@804565fb; boundsInParent: Rect(0, 0 - 1080, 168); boundsInScreen: Rect(0, 72 - 1080, 240); packageName: com.wallapop; className: android.widget.FrameLayout; text: null; error: null; maxTextLength: -1; contentDescription: null; viewIdResName: null; checkable: false; checked: false; focusable: false; focused: false; selected: false; clickable: false; longClickable: false; contextClickable: false; enabled: true; password: false; scrollable: false; actions: [AccessibilityAction: ACTION_SELECT - null, AccessibilityAction: ACTION_CLEAR_SELECTION - null, AccessibilityAction: ACTION_ACCESSIBILITY_FOCUS - null, AccessibilityAction: ACTION_UNKNOWN - null]

07-03 17:55:21.673 27007 27060 W ByMatcher: Node returned null child: android.view.accessibility.AccessibilityNodeInfo@8045623a; boundsInParent: Rect(0, 0 - 1080, 1848); boundsInScreen: Rect(0, 72 - 1080, 1920); packageName: com.wallapop; className: android.widget.LinearLayout; text: null; error: null; maxTextLength: -1; contentDescription: null; viewIdResName: null; checkable: false; checked: false; focusable: false; focused: false; selected: false; clickable: false; longClickable: false; contextClickable: false; enabled: true; password: false; scrollable: false; actions: [AccessibilityAction: ACTION_SELECT - null, AccessibilityAction: ACTION_CLEAR_SELECTION - null, AccessibilityAction: ACTION_ACCESSIBILITY_FOCUS - null, AccessibilityAction: ACTION_UNKNOWN - null]

07-03 17:55:21.683 27007 27060 W ByMatcher: Node returned null child: android.view.accessibility.AccessibilityNodeInfo@80451ae7; boundsInParent: Rect(0, 0 - 1080, 1920); boundsInScreen: Rect(0, 0 - 1080, 1920); packageName: com.wallapop; className: android.widget.FrameLayout; text: null; error: null; maxTextLength: -1; contentDescription: null; viewIdResName: null; checkable: false; checked: false; focusable: false; focused: false; selected: false; clickable: false; longClickable: false; contextClickable: false; enabled: true; password: false; scrollable: false; actions: [AccessibilityAction: ACTION_SELECT - null, AccessibilityAction: ACTION_CLEAR_SELECTION - null, AccessibilityAction: ACTION_ACCESSIBILITY_FOCUS - null, AccessibilityAction: ACTION_UNKNOWN - null]

07-03 17:55:21.683 27007 27060 W ByMatcher: Node returned null child: android.view.accessibility.AccessibilityNodeInfo@80451ae7; boundsInParent: Rect(0, 0 - 1080, 1920); boundsInScreen: Rect(0, 0 - 1080, 1920); packageName: com.wallapop; className: android.widget.FrameLayout; text: null; error: null; maxTextLength: -1; contentDescription: null; viewIdResName: null; checkable: false; checked: false; focusable: false; focused: false; selected: false; clickable: false; longClickable: false; contextClickable: false; enabled: true; password: false; scrollable: false; actions: [AccessibilityAction: ACTION_SELECT - null, AccessibilityAction: ACTION_CLEAR_SELECTION - null, AccessibilityAction: ACTION_ACCESSIBILITY_FOCUS - null, AccessibilityAction: ACTION_UNKNOWN - null]

07-03 17:55:21.773   874  1721 V WindowStateAnimator: Finishing drawing window Window{40fd0e5 u0 d0 com.wallapop/com.rewallapop.ui.search.SearchActivity}: mDrawState=DRAW_PENDING

07-03 17:55:21.783   874  1132 I ActivityManager: Displayed com.wallapop/com.rewallapop.ui.search.SearchActivity: +729ms

07-03 17:55:22.023   874  1132 I Timeline: Timeline: Activity_windows_visible id: ActivityRecord{dbc9bac u0 com.wallapop/com.rewallapop.ui.search.SearchActivity t880} time:56324728

07-03 17:55:23.013 27090 27090 I Timeline: Timeline: Activity_launch_request id:com.wallapop time:56325715

07-03 17:55:23.053   874  1913 V WindowManager: addAppToken: AppWindowToken{408ad70 token=Token{109e3b3 ActivityRecord{fbecd22 u0 com.wallapop/com.rewallapop.ui.searchwall.SearchWallActivity t880}}} to stack=1 task=880 at 2

07-03 17:55:23.073   874  1027 V MARsPolicyManager: updatePackagesScore PackageInfo name -- com.wallapop

07-03 17:55:23.093 27090 27090 W ResourcesManager: getTopLevelResources: /data/app/com.wallapop-1/base.apk / 1.0 running in com.wallapop rsrc of package null

07-03 17:55:23.093 27090 27090 W ResourcesManager: getTopLevelResources: /data/app/com.wallapop-1/base.apk / 1.0 running in com.wallapop rsrc of package null

07-03 17:55:23.093 27090 27090 W ResourcesManager: getTopLevelResources: /data/app/com.wallapop-1/base.apk / 1.0 running in com.wallapop rsrc of package null

07-03 17:55:23.103   874  1220 V BroadcastQueue: [background] Process cur broadcast BroadcastRecord{9a3309c u0 com.appboy.action.receiver.DATA_SYNC qIdx=4}, state= (APP_RECEIVE) DELIVERED for app ProcessRecord{89317b1 27090:com.wallapop/u0a267}

07-03 17:55:23.133   874   894 V AlarmManager:  remove PendingIntent] PendingIntent{7f36aa5: PendingIntentRecord{de40689 com.wallapop broadcastIntent}}

07-03 17:55:23.163   874  1914 D ISSUE_DEBUG: InputChannelName : b00ba88 com.wallapop/com.rewallapop.ui.searchwall.SearchWallActivity

07-03 17:55:23.213   874  1028 D StatusBarManagerService: manageDisableList userId=0 what=0x0 pkg=Window{b00ba88 u0 d0 com.wallapop/com.rewallapop.ui.searchwall.SearchWallActivity}

07-03 17:55:23.423   874  1028 D StatusBarManagerService: manageDisableList userId=0 what=0x0 pkg=Window{b00ba88 u0 d0 com.wallapop/com.rewallapop.ui.searchwall.SearchWallActivity}

07-03 17:55:23.443   874  1422 V WindowStateAnimator: Finishing drawing window Window{b00ba88 u0 d0 com.wallapop/com.rewallapop.ui.searchwall.SearchWallActivity}: mDrawState=DRAW_PENDING

07-03 17:55:23.463   874  1132 I ActivityManager: Displayed com.wallapop/com.rewallapop.ui.searchwall.SearchWallActivity: +394ms

07-03 17:55:23.773   874  1132 I Timeline: Timeline: Activity_windows_visible id: ActivityRecord{fbecd22 u0 com.wallapop/com.rewallapop.ui.searchwall.SearchWallActivity t880} time:56326478

07-03 17:55:24.693 27090 27098 W REALM_JAVA: Remember to call close() on all Realm instances. Realm /data/data/com.wallapop/files/feature_flags is being finalized without being closed, this can lead to running out of native memory.

07-03 17:55:24.693 27090 27098 W REALM_JAVA: Remember to call close() on all Realm instances. Realm /data/data/com.wallapop/files/feature_flags is being finalized without being closed, this can lead to running out of native memory.

07-03 17:55:24.703 27090 27098 W REALM_JAVA: Remember to call close() on all Realm instances. Realm /data/data/com.wallapop/files/feature_flags is being finalized without being closed, this can lead to running out of native memory.

07-03 17:55:24.703 27090 27098 W REALM_JAVA: Remember to call close() on all Realm instances. Realm /data/data/com.wallapop/files/feature_flags is being finalized without being closed, this can lead to running out of native memory.

07-03 17:55:24.703 27090 27098 W REALM_JAVA: Remember to call close() on all Realm instances. Realm /data/data/com.wallapop/files/vxpzpymr4z30WarningChat is being finalized without being closed, this can lead to running out of native memory.

07-03 17:55:24.703 27090 27098 W REALM_JAVA: Remember to call close() on all Realm instances. Realm /data/data/com.wallapop/files/pending_events_queue_vxpzpymr4z30 is being finalized without being closed, this can lead to running out of native memory.

07-03 17:55:24.713 27090 27098 W REALM_JAVA: Remember to call close() on all Realm instances. Realm /data/data/com.wallapop/files/feature_flags is being finalized without being closed, this can lead to running out of native memory.

07-03 17:55:24.713 27090 27098 W REALM_JAVA: Remember to call close() on all Realm instances. Realm /data/data/com.wallapop/files/feature_flags is being finalized without being closed, this can lead to running out of native memory.

07-03 17:55:25.123 27090 27090 W View    : requestLayout() improperly called by com.wallapop.design.view.WallapopTextView{fc99ae4 V.ED..... ......ID 54,30-54,92 #7f0a08d2 app:id/wp__home__tv_bubble} during layout: running second layout pass

07-03 17:55:25.243 27090 27303 W ResourcesManager: getTopLevelResources: /data/app/com.google.android.gms-1/base.apk / 1.0 running in com.wallapop rsrc of package null

07-03 17:55:25.603 27090 27303 D Amazon DTB Ads API: with json params:[{"adsdk":"aps-android-7.4.3","gdpr":{"e":"1","c":"BAAAAAAOa0ob7AcABBENBtAAAAAh6AAA"},"oo":"false","mraid":["1.0","2.0","3.0"],"ua":"Dalvik\/2.1.0 (Linux; U; Android 6.0.1; SM-G900F Build\/MMB29M)","geoloc":"41.4059059,2.1864559,17.467","idfa":"1e214c05-ac1e-4c82-ae75-fb207f9c9c8a","appId":"d2ba46e2d5ef4c9883051d9c8d0125d5","ad-id":"A-6j1GeULkCtsqbiEmqTO1M","slots":[{"sz":"320x50","slot":"f414d83c-ab9f-4e02-9c59-5137663ee6c7","slotId":1,"supportedMediaTypes":["DISPLAY"]}],"dinfo":{"os":"Android","model":"SM-G900F","make":"samsung","osVersion":"6.0.1","connectionType":"Wifi","country":"ES","scalingFactor":"3.0","carrier":"JAZZTEL","language":"es","screenSize":"1080x1920","orientation":"portrait"},"pkg":{"lbl":"_Wallapop_","pn":"com.wallapop","v":"1770000","vn":"1.77.0-d1907021319"},"isDTBMobile":"true"}]

07-03 17:55:26.013 27090   540 W System.err: remove failed: ENOENT (No such file or directory) : /data/user/0/com.wallapop/cache/okhttp/044a83f8047b3e9041c7732397f958be.0

07-03 17:55:26.013 27090   540 W System.err: remove failed: ENOENT (No such file or directory) : /data/user/0/com.wallapop/cache/okhttp/044a83f8047b3e9041c7732397f958be.1

07-03 17:55:26.093 27090   647 W ResourcesManager: getTopLevelResources: /data/app/com.google.android.gms-1/base.apk / 1.0 running in com.wallapop rsrc of package null

07-03 17:55:27.173 27090 27090 I Timeline: Timeline: Activity_launch_request id:com.wallapop time:56329872

07-03 17:55:27.183   874  3012 V WindowManager: addAppToken: AppWindowToken{f106551 token=Token{79fa78 ActivityRecord{63b9fdb u0 com.wallapop/com.rewallapop.ui.search.SearchActivity t880}}} to stack=1 task=880 at 2

07-03 17:55:27.243   874  1027 V MARsPolicyManager: updatePackagesScore PackageInfo name -- com.wallapop

07-03 17:55:27.283 27090 27090 W ResourcesManager: getTopLevelResources: /data/app/com.wallapop-1/base.apk / 1.0 running in com.wallapop rsrc of package null

07-03 17:55:27.283 27090 27090 W ResourcesManager: getTopLevelResources: /data/app/com.wallapop-1/base.apk / 1.0 running in com.wallapop rsrc of package null

07-03 17:55:27.313   874  1722 V AlarmManager:  remove PendingIntent] PendingIntent{f9da090: PendingIntentRecord{de40689 com.wallapop broadcastIntent}}

07-03 17:55:27.873   874   894 D ISSUE_DEBUG: InputChannelName : fc1389a com.wallapop/com.rewallapop.ui.search.SearchActivity

07-03 17:55:27.943   874  1028 D StatusBarManagerService: manageDisableList userId=0 what=0x0 pkg=Window{fc1389a u0 d0 com.wallapop/com.rewallapop.ui.search.SearchActivity}

07-03 17:55:28.083 27007 27377 W ByMatcher: Node returned null child: android.view.accessibility.AccessibilityNodeInfo@8048b29d; boundsInParent: Rect(0, 0 - 1080, 345); boundsInScreen: Rect(0, 72 - 1080, 417); packageName: com.wallapop; className: android.widget.LinearLayout; text: null; error: null; maxTextLength: -1; contentDescription: null; viewIdResName: com.wallapop:id/appBarLayout; checkable: false; checked: false; focusable: false; focused: false; selected: false; clickable: false; longClickable: false; contextClickable: false; enabled: true; password: false; scrollable: false; actions: [AccessibilityAction: ACTION_SELECT - null, AccessibilityAction: ACTION_CLEAR_SELECTION - null, AccessibilityAction: ACTION_ACCESSIBILITY_FOCUS - null, AccessibilityAction: ACTION_UNKNOWN - null]

07-03 17:55:28.083 27007 27377 W ByMatcher: Node returned null child: android.view.accessibility.AccessibilityNodeInfo@804845c0; boundsInParent: Rect(0, 0 - 1080, 1920); boundsInScreen: Rect(0, 0 - 1080, 1920); packageName: com.wallapop; className: android.view.ViewGroup; text: null; error: null; maxTextLength: -1; contentDescription: null; viewIdResName: null; checkable: false; checked: false; focusable: false; focused: false; selected: false; clickable: false; longClickable: false; contextClickable: false; enabled: true; password: false; scrollable: false; actions: [AccessibilityAction: ACTION_SELECT - null, AccessibilityAction: ACTION_CLEAR_SELECTION - null, AccessibilityAction: ACTION_ACCESSIBILITY_FOCUS - null, AccessibilityAction: ACTION_UNKNOWN - null]

07-03 17:55:28.093 27007 27377 W ByMatcher: Node returned null child: android.view.accessibility.AccessibilityNodeInfo@804814f3; boundsInParent: Rect(0, 0 - 1080, 1920); boundsInScreen: Rect(0, 0 - 1080, 1920); packageName: com.wallapop; className: android.widget.FrameLayout; text: null; error: null; maxTextLength: -1; contentDescription: null; viewIdResName: null; checkable: false; checked: false; focusable: false; focused: false; selected: false; clickable: false; longClickable: false; contextClickable: false; enabled: true; password: false; scrollable: false; actions: [AccessibilityAction: ACTION_SELECT - null, AccessibilityAction: ACTION_CLEAR_SELECTION - null, AccessibilityAction: ACTION_ACCESSIBILITY_FOCUS - null, AccessibilityAction: ACTION_UNKNOWN - null]

07-03 17:55:28.093 27007 27377 W ByMatcher: Node returned null child: android.view.accessibility.AccessibilityNodeInfo@804814f3; boundsInParent: Rect(0, 0 - 1080, 1920); boundsInScreen: Rect(0, 0 - 1080, 1920); packageName: com.wallapop; className: android.widget.FrameLayout; text: null; error: null; maxTextLength: -1; contentDescription: null; viewIdResName: null; checkable: false; checked: false; focusable: false; focused: false; selected: false; clickable: false; longClickable: false; contextClickable: false; enabled: true; password: false; scrollable: false; actions: [AccessibilityAction: ACTION_SELECT - null, AccessibilityAction: ACTION_CLEAR_SELECTION - null, AccessibilityAction: ACTION_ACCESSIBILITY_FOCUS - null, AccessibilityAction: ACTION_UNKNOWN - null]

07-03 17:55:28.213   874  2732 V WindowStateAnimator: Finishing drawing window Window{fc1389a u0 d0 com.wallapop/com.rewallapop.ui.search.SearchActivity}: mDrawState=DRAW_PENDING

07-03 17:55:28.243   874  1132 I ActivityManager: Displayed com.wallapop/com.rewallapop.ui.search.SearchActivity: +1s10ms

07-03 17:55:28.413   874  1422 V WindowStateAnimator: Finishing drawing window Window{fc1389a u0 d0 com.wallapop/com.rewallapop.ui.search.SearchActivity}: mDrawState=HAS_DRAWN

07-03 17:55:28.503   874  1132 I Timeline: Timeline: Activity_windows_visible id: ActivityRecord{63b9fdb u0 com.wallapop/com.rewallapop.ui.search.SearchActivity t880} time:56331206

07-03 17:55:28.643 27090 27090 V ActivityThread: updateVisibility : ActivityRecord{ca40aee token=android.os.BinderProxy@24f5c3b {com.wallapop/com.rewallapop.ui.searchwall.SearchWallActivity}} show : false

07-03 17:55:29.693 27090 27090 I Timeline: Timeline: Activity_launch_request id:com.wallapop time:56332389

07-03 17:55:29.713   874  3012 V WindowManager: addAppToken: AppWindowToken{2e6e031 token=Token{2c414d8 ActivityRecord{30e27bb u0 com.wallapop/com.rewallapop.ui.search.BrandAndModelListSelectorActivity t880}}} to stack=1 task=880 at 3

07-03 17:55:29.763   874  1027 V MARsPolicyManager: updatePackagesScore PackageInfo name -- com.wallapop

07-03 17:55:29.773 27090 27090 W ResourcesManager: getTopLevelResources: /data/app/com.wallapop-1/base.apk / 1.0 running in com.wallapop rsrc of package null

07-03 17:55:29.783 27090 27090 W ResourcesManager: getTopLevelResources: /data/app/com.wallapop-1/base.apk / 1.0 running in com.wallapop rsrc of package null

07-03 17:55:29.823   874  1220 V AlarmManager:  remove PendingIntent] PendingIntent{78ccaa2: PendingIntentRecord{de40689 com.wallapop broadcastIntent}}

07-03 17:55:29.873   874   894 D ISSUE_DEBUG: InputChannelName : d04a6f0 com.wallapop/com.rewallapop.ui.search.BrandAndModelListSelectorActivity

07-03 17:55:29.883   874  1028 D StatusBarManagerService: manageDisableList userId=0 what=0x0 pkg=Window{d04a6f0 u0 d0 com.wallapop/com.rewallapop.ui.search.BrandAndModelListSelectorActivity}

07-03 17:55:29.983   874  1723 V WindowStateAnimator: Finishing drawing window Window{d04a6f0 u0 d0 com.wallapop/com.rewallapop.ui.search.BrandAndModelListSelectorActivity}: mDrawState=DRAW_PENDING

07-03 17:55:30.013   874  1132 I ActivityManager: Displayed com.wallapop/com.rewallapop.ui.search.BrandAndModelListSelectorActivity: +265ms

07-03 17:55:30.273   874  1132 I Timeline: Timeline: Activity_windows_visible id: ActivityRecord{30e27bb u0 com.wallapop/com.rewallapop.ui.search.BrandAndModelListSelectorActivity t880} time:56332973

07-03 17:55:30.333 27090 27090 V ActivityThread: updateVisibility : ActivityRecord{af2d1bf token=android.os.BinderProxy@5345bb7 {com.wallapop/com.rewallapop.ui.search.SearchActivity}} show : false

07-03 17:55:31.123 27007 27378 W ByMatcher: Node returned null child: android.view.accessibility.AccessibilityNodeInfo@80499f1d; boundsInParent: Rect(0, 0 - 1080, 1920); boundsInScreen: Rect(0, 0 - 1080, 1920); packageName: com.wallapop; className: android.widget.FrameLayout; text: null; error: null; maxTextLength: -1; contentDescription: null; viewIdResName: null; checkable: false; checked: false; focusable: false; focused: false; selected: false; clickable: false; longClickable: false; contextClickable: false; enabled: true; password: false; scrollable: false; actions: [AccessibilityAction: ACTION_SELECT - null, AccessibilityAction: ACTION_CLEAR_SELECTION - null, AccessibilityAction: ACTION_ACCESSIBILITY_FOCUS - null, AccessibilityAction: ACTION_UNKNOWN - null]

07-03 17:55:31.133 27007 27378 W ByMatcher: Node returned null child: android.view.accessibility.AccessibilityNodeInfo@80499f1d; boundsInParent: Rect(0, 0 - 1080, 1920); boundsInScreen: Rect(0, 0 - 1080, 1920); packageName: com.wallapop; className: android.widget.FrameLayout; text: null; error: null; maxTextLength: -1; contentDescription: null; viewIdResName: null; checkable: false; checked: false; focusable: false; focused: false; selected: false; clickable: false; longClickable: false; contextClickable: false; enabled: true; password: false; scrollable: false; actions: [AccessibilityAction: ACTION_SELECT - null, AccessibilityAction: ACTION_CLEAR_SELECTION - null, AccessibilityAction: ACTION_ACCESSIBILITY_FOCUS - null, AccessibilityAction: ACTION_UNKNOWN - null]

07-03 17:55:41.773   874  1027 V MARsPolicyManager: updatePackagesScore PackageInfo name -- com.wallapop

07-03 17:55:41.833   874  1723 V AlarmManager:  remove PendingIntent] PendingIntent{f76acdd: PendingIntentRecord{de40689 com.wallapop broadcastIntent}}

07-03 17:55:41.873   874  1028 D StatusBarManagerService: manageDisableList userId=0 what=0x0 pkg=Window{fc1389a u0 d0 com.wallapop/com.rewallapop.ui.search.SearchActivity}

07-03 17:55:41.933   874  1661 V WindowStateAnimator: Finishing drawing window Window{fc1389a u0 d0 com.wallapop/com.rewallapop.ui.search.SearchActivity}: mDrawState=DRAW_PENDING

07-03 17:55:41.943   874  1132 I ActivityManager: Displayed com.wallapop/com.rewallapop.ui.search.SearchActivity: +176ms

07-03 17:55:42.193   874  1132 I Timeline: Timeline: Activity_windows_visible id: ActivityRecord{63b9fdb u0 com.wallapop/com.rewallapop.ui.search.SearchActivity t880} time:56344895

07-03 17:55:42.443 27007 27377 W ByMatcher: Node returned null child: android.view.accessibility.AccessibilityNodeInfo@804b5653; boundsInParent: Rect(0, 0 - 1080, 1920); boundsInScreen: Rect(0, 0 - 1080, 1920); packageName: com.wallapop; className: android.widget.FrameLayout; text: null; error: null; maxTextLength: -1; contentDescription: null; viewIdResName: null; checkable: false; checked: false; focusable: false; focused: false; selected: false; clickable: false; longClickable: false; contextClickable: false; enabled: true; password: false; scrollable: false; actions: [AccessibilityAction: ACTION_SELECT - null, AccessibilityAction: ACTION_CLEAR_SELECTION - null, AccessibilityAction: ACTION_ACCESSIBILITY_FOCUS - null, AccessibilityAction: ACTION_UNKNOWN - null]

07-03 17:55:42.443 27007 27377 W ByMatcher: Node returned null child: android.view.accessibility.AccessibilityNodeInfo@804b5653; boundsInParent: Rect(0, 0 - 1080, 1920); boundsInScreen: Rect(0, 0 - 1080, 1920); packageName: com.wallapop; className: android.widget.FrameLayout; text: null; error: null; maxTextLength: -1; contentDescription: null; viewIdResName: null; checkable: false; checked: false; focusable: false; focused: false; selected: false; clickable: false; longClickable: false; contextClickable: false; enabled: true; password: false; scrollable: false; actions: [AccessibilityAction: ACTION_SELECT - null, AccessibilityAction: ACTION_CLEAR_SELECTION - null, AccessibilityAction: ACTION_ACCESSIBILITY_FOCUS - null, AccessibilityAction: ACTION_UNKNOWN - null]

07-03 17:56:18.773 27090 27090 I Timeline: Timeline: Activity_launch_request id:com.wallapop time:56381479

07-03 17:56:18.793   874  4874 V WindowManager: addAppToken: AppWindowToken{fae5d50 token=Token{abae713 ActivityRecord{10e4202 u0 com.wallapop/com.rewallapop.ui.location.LocationSelectorActivity t880}}} to stack=1 task=880 at 3

07-03 17:56:18.823   874  1027 V MARsPolicyManager: updatePackagesScore PackageInfo name -- com.wallapop

07-03 17:56:18.853 27090 27090 W ResourcesManager: getTopLevelResources: /data/app/com.wallapop-1/base.apk / 1.0 running in com.wallapop rsrc of package null

07-03 17:56:18.863 27090 27090 W ResourcesManager: getTopLevelResources: /data/app/com.wallapop-1/base.apk / 1.0 running in com.wallapop rsrc of package null

07-03 17:56:18.873   874  4874 V AlarmManager:  remove PendingIntent] PendingIntent{98c4b49: PendingIntentRecord{de40689 com.wallapop broadcastIntent}}

07-03 17:56:19.243   874  1721 D ISSUE_DEBUG: InputChannelName : 9e2e16f com.wallapop/com.rewallapop.ui.location.LocationSelectorActivity

07-03 17:56:19.273   874  1028 D StatusBarManagerService: manageDisableList userId=0 what=0x0 pkg=Window{9e2e16f u0 d0 com.wallapop/com.rewallapop.ui.location.LocationSelectorActivity}

07-03 17:56:19.323 27007 27382 W ByMatcher: Node returned null child: android.view.accessibility.AccessibilityNodeInfo@804a8b9c; boundsInParent: Rect(0, 0 - 1080, 4804); boundsInScreen: Rect(0, 72 - 1080, 1770); packageName: com.wallapop; className: android.widget.LinearLayout; text: null; error: null; maxTextLength: -1; contentDescription: null; viewIdResName: null; checkable: false; checked: false; focusable: false; focused: false; selected: false; clickable: false; longClickable: false; contextClickable: false; enabled: true; password: false; scrollable: false; actions: [AccessibilityAction: ACTION_SELECT - null, AccessibilityAction: ACTION_CLEAR_SELECTION - null, AccessibilityAction: ACTION_ACCESSIBILITY_FOCUS - null, AccessibilityAction: ACTION_UNKNOWN - null]

07-03 17:56:19.323 27007 27382 W ByMatcher: Node returned null child: android.view.accessibility.AccessibilityNodeInfo@8049d3ab; boundsInParent: Rect(0, 0 - 1080, 5637); boundsInScreen: Rect(0, 72 - 1080, 1770); packageName: com.wallapop; className: android.widget.LinearLayout; text: null; error: null; maxTextLength: -1; contentDescription: null; viewIdResName: null; checkable: false; checked: false; focusable: false; focused: false; selected: false; clickable: false; longClickable: false; contextClickable: false; enabled: true; password: false; scrollable: false; actions: [AccessibilityAction: ACTION_SELECT - null, AccessibilityAction: ACTION_CLEAR_SELECTION - null, AccessibilityAction: ACTION_ACCESSIBILITY_FOCUS - null, AccessibilityAction: ACTION_UNKNOWN - null]

07-03 17:56:19.323 27007 27382 W ByMatcher: Node returned null child: android.view.accessibility.AccessibilityNodeInfo@804a7155; boundsInParent: Rect(0, 0 - 1080, 1848); boundsInScreen: Rect(0, 72 - 1080, 1920); packageName: com.wallapop; className: android.widget.RelativeLayout; text: null; error: null; maxTextLength: -1; contentDescription: null; viewIdResName: null; checkable: false; checked: false; focusable: false; focused: false; selected: false; clickable: false; longClickable: false; contextClickable: false; enabled: true; password: false; scrollable: false; actions: [AccessibilityAction: ACTION_SELECT - null, AccessibilityAction: ACTION_CLEAR_SELECTION - null, AccessibilityAction: ACTION_ACCESSIBILITY_FOCUS - null, AccessibilityAction: ACTION_UNKNOWN - null]

07-03 17:56:19.333 27007 27382 W ByMatcher: Node returned null child: android.view.accessibility.AccessibilityNodeInfo@80499f1d; boundsInParent: Rect(0, 0 - 1080, 1920); boundsInScreen: Rect(0, 0 - 1080, 1920); packageName: com.wallapop; className: android.widget.FrameLayout; text: null; error: null; maxTextLength: -1; contentDescription: null; viewIdResName: null; checkable: false; checked: false; focusable: false; focused: false; selected: false; clickable: false; longClickable: false; contextClickable: false; enabled: true; password: false; scrollable: false; actions: [AccessibilityAction: ACTION_SELECT - null, AccessibilityAction: ACTION_CLEAR_SELECTION - null, AccessibilityAction: ACTION_ACCESSIBILITY_FOCUS - null, AccessibilityAction: ACTION_UNKNOWN - null]

07-03 17:56:19.333 27007 27382 W ByMatcher: Node returned null child: android.view.accessibility.AccessibilityNodeInfo@80499f1d; boundsInParent: Rect(0, 0 - 1080, 1920); boundsInScreen: Rect(0, 0 - 1080, 1920); packageName: com.wallapop; className: android.widget.FrameLayout; text: null; error: null; maxTextLength: -1; contentDescription: null; viewIdResName: null; checkable: false; checked: false; focusable: false; focused: false; selected: false; clickable: false; longClickable: false; contextClickable: false; enabled: true; password: false; scrollable: false; actions: [AccessibilityAction: ACTION_SELECT - null, AccessibilityAction: ACTION_CLEAR_SELECTION - null, AccessibilityAction: ACTION_ACCESSIBILITY_FOCUS - null, AccessibilityAction: ACTION_UNKNOWN - null]

07-03 17:56:19.403   874  1714 V WindowStateAnimator: Finishing drawing window Window{9e2e16f u0 d0 com.wallapop/com.rewallapop.ui.location.LocationSelectorActivity}: mDrawState=DRAW_PENDING

07-03 17:56:19.423   874  1132 I ActivityManager: Displayed com.wallapop/com.rewallapop.ui.location.LocationSelectorActivity: +608ms

07-03 17:56:19.673   874  1132 I Timeline: Timeline: Activity_windows_visible id: ActivityRecord{10e4202 u0 com.wallapop/com.rewallapop.ui.location.LocationSelectorActivity t880} time:56382377

07-03 17:56:19.703 27090 27090 V ActivityThread: updateVisibility : ActivityRecord{af2d1bf token=android.os.BinderProxy@5345bb7 {com.wallapop/com.rewallapop.ui.search.SearchActivity}} show : true

07-03 17:56:20.933 27090 27098 W REALM_JAVA: Remember to call close() on all Realm instances. Realm /data/data/com.wallapop/files/feature_flags is being finalized without being closed, this can lead to running out of native memory.

07-03 17:56:20.933 27090 27098 W REALM_JAVA: Remember to call close() on all Realm instances. Realm /data/data/com.wallapop/files/feature_flags is being finalized without being closed, this can lead to running out of native memory.

07-03 17:56:35.593   874  1027 V MARsPolicyManager: updatePackagesScore PackageInfo name -- com.wallapop

07-03 17:56:35.603   874  1028 D StatusBarManagerService: manageDisableList userId=0 what=0x0 pkg=Window{fc1389a u0 d0 com.wallapop/com.rewallapop.ui.search.SearchActivity}

07-03 17:56:35.813   874  1714 V AlarmManager:  remove PendingIntent] PendingIntent{2e5f5b: PendingIntentRecord{1bbd10e com.wallapop broadcastIntent}}

07-03 17:56:36.623 27007 27378 W ByMatcher: Node returned null child: android.view.accessibility.AccessibilityNodeInfo@804d1c8d; boundsInParent: Rect(0, 0 - 1080, 1920); boundsInScreen: Rect(0, 0 - 1080, 1920); packageName: com.wallapop; className: android.widget.FrameLayout; text: null; error: null; maxTextLength: -1; contentDescription: null; viewIdResName: null; checkable: false; checked: false; focusable: false; focused: false; selected: false; clickable: false; longClickable: false; contextClickable: false; enabled: true; password: false; scrollable: false; actions: [AccessibilityAction: ACTION_SELECT - null, AccessibilityAction: ACTION_CLEAR_SELECTION - null, AccessibilityAction: ACTION_ACCESSIBILITY_FOCUS - null, AccessibilityAction: ACTION_UNKNOWN - null]

07-03 17:56:36.623 27007 27378 W ByMatcher: Node returned null child: android.view.accessibility.AccessibilityNodeInfo@804d1c8d; boundsInParent: Rect(0, 0 - 1080, 1920); boundsInScreen: Rect(0, 0 - 1080, 1920); packageName: com.wallapop; className: android.widget.FrameLayout; text: null; error: null; maxTextLength: -1; contentDescription: null; viewIdResName: null; checkable: false; checked: false; focusable: false; focused: false; selected: false; clickable: false; longClickable: false; contextClickable: false; enabled: true; password: false; scrollable: false; actions: [AccessibilityAction: ACTION_SELECT - null, AccessibilityAction: ACTION_CLEAR_SELECTION - null, AccessibilityAction: ACTION_ACCESSIBILITY_FOCUS - null, AccessibilityAction: ACTION_UNKNOWN - null]

07-03 17:56:44.093 27090 27090 I Timeline: Timeline: Activity_launch_request id:com.wallapop time:56406797

07-03 17:56:44.123   874   892 V WindowManager: addAppToken: AppWindowToken{c580f7d token=Token{8c281d4 ActivityRecord{8967b27 u0 com.wallapop/.searchui.searchfilters.SortByListSelectorActivity t880}}} to stack=1 task=880 at 3

07-03 17:56:44.173   874  1027 V MARsPolicyManager: updatePackagesScore PackageInfo name -- com.wallapop

07-03 17:56:44.193 27090 27090 W ResourcesManager: getTopLevelResources: /data/app/com.wallapop-1/base.apk / 1.0 running in com.wallapop rsrc of package null

07-03 17:56:44.193 27090 27090 W ResourcesManager: getTopLevelResources: /data/app/com.wallapop-1/base.apk / 1.0 running in com.wallapop rsrc of package null

07-03 17:56:44.213   874  1722 V AlarmManager:  remove PendingIntent] PendingIntent{de4de72: PendingIntentRecord{de40689 com.wallapop broadcastIntent}}

07-03 17:56:44.313   874  4874 D ISSUE_DEBUG: InputChannelName : cafe740 com.wallapop/com.wallapop.searchui.searchfilters.SortByListSelectorActivity

07-03 17:56:44.323   874  1028 D StatusBarManagerService: manageDisableList userId=0 what=0x0 pkg=Window{cafe740 u0 d0 com.wallapop/com.wallapop.searchui.searchfilters.SortByListSelectorActivity}

07-03 17:56:44.413   874  1723 V WindowStateAnimator: Finishing drawing window Window{cafe740 u0 d0 com.wallapop/com.wallapop.searchui.searchfilters.SortByListSelectorActivity}: mDrawState=DRAW_PENDING

07-03 17:56:44.423   874  1132 I ActivityManager: Displayed com.wallapop/.searchui.searchfilters.SortByListSelectorActivity: +270ms (total +8s840ms)

07-03 17:56:44.673   874  1132 I Timeline: Timeline: Activity_windows_visible id: ActivityRecord{8967b27 u0 com.wallapop/.searchui.searchfilters.SortByListSelectorActivity t880} time:56407372

07-03 17:56:44.693 27090 27090 V ActivityThread: updateVisibility : ActivityRecord{af2d1bf token=android.os.BinderProxy@5345bb7 {com.wallapop/com.rewallapop.ui.search.SearchActivity}} show : false

07-03 17:56:45.273 27007 27380 W ByMatcher: Node returned null child: android.view.accessibility.AccessibilityNodeInfo@80499f1d; boundsInParent: Rect(0, 0 - 1080, 1920); boundsInScreen: Rect(0, 0 - 1080, 1920); packageName: com.wallapop; className: android.widget.FrameLayout; text: null; error: null; maxTextLength: -1; contentDescription: null; viewIdResName: null; checkable: false; checked: false; focusable: false; focused: false; selected: false; clickable: false; longClickable: false; contextClickable: false; enabled: true; password: false; scrollable: false; actions: [AccessibilityAction: ACTION_SELECT - null, AccessibilityAction: ACTION_CLEAR_SELECTION - null, AccessibilityAction: ACTION_ACCESSIBILITY_FOCUS - null, AccessibilityAction: ACTION_UNKNOWN - null]

07-03 17:56:45.273 27007 27380 W ByMatcher: Node returned null child: android.view.accessibility.AccessibilityNodeInfo@80499f1d; boundsInParent: Rect(0, 0 - 1080, 1920); boundsInScreen: Rect(0, 0 - 1080, 1920); packageName: com.wallapop; className: android.widget.FrameLayout; text: null; error: null; maxTextLength: -1; contentDescription: null; viewIdResName: null; checkable: false; checked: false; focusable: false; focused: false; selected: false; clickable: false; longClickable: false; contextClickable: false; enabled: true; password: false; scrollable: false; actions: [AccessibilityAction: ACTION_SELECT - null, AccessibilityAction: ACTION_CLEAR_SELECTION - null, AccessibilityAction: ACTION_ACCESSIBILITY_FOCUS - null, AccessibilityAction: ACTION_UNKNOWN - null]

07-03 17:56:46.373   874  1027 V MARsPolicyManager: updatePackagesScore PackageInfo name -- com.wallapop

07-03 17:56:46.453   874  1723 V AlarmManager:  remove PendingIntent] PendingIntent{dbbd52b: PendingIntentRecord{de40689 com.wallapop broadcastIntent}}

07-03 17:56:46.483   874  1028 D StatusBarManagerService: manageDisableList userId=0 what=0x0 pkg=Window{fc1389a u0 d0 com.wallapop/com.rewallapop.ui.search.SearchActivity}

07-03 17:56:46.593   874  1422 V WindowStateAnimator: Finishing drawing window Window{fc1389a u0 d0 com.wallapop/com.rewallapop.ui.search.SearchActivity}: mDrawState=DRAW_PENDING

07-03 17:56:46.613   874  1132 I ActivityManager: Displayed com.wallapop/com.rewallapop.ui.search.SearchActivity: +255ms

07-03 17:56:46.873   874  1132 I Timeline: Timeline: Activity_windows_visible id: ActivityRecord{63b9fdb u0 com.wallapop/com.rewallapop.ui.search.SearchActivity t880} time:56409575

07-03 17:56:47.113 27007 27382 W ByMatcher: Node returned null child: android.view.accessibility.AccessibilityNodeInfo@804d9ff2; boundsInParent: Rect(0, 0 - 1080, 1920); boundsInScreen: Rect(0, 0 - 1080, 1920); packageName: com.wallapop; className: android.widget.FrameLayout; text: null; error: null; maxTextLength: -1; contentDescription: null; viewIdResName: null; checkable: false; checked: false; focusable: false; focused: false; selected: false; clickable: false; longClickable: false; contextClickable: false; enabled: true; password: false; scrollable: false; actions: [AccessibilityAction: ACTION_SELECT - null, AccessibilityAction: ACTION_CLEAR_SELECTION - null, AccessibilityAction: ACTION_ACCESSIBILITY_FOCUS - null, AccessibilityAction: ACTION_UNKNOWN - null]

07-03 17:56:47.113 27007 27382 W ByMatcher: Node returned null child: android.view.accessibility.AccessibilityNodeInfo@804d9ff2; boundsInParent: Rect(0, 0 - 1080, 1920); boundsInScreen: Rect(0, 0 - 1080, 1920); packageName: com.wallapop; className: android.widget.FrameLayout; text: null; error: null; maxTextLength: -1; contentDescription: null; viewIdResName: null; checkable: false; checked: false; focusable: false; focused: false; selected: false; clickable: false; longClickable: false; contextClickable: false; enabled: true; password: false; scrollable: false; actions: [AccessibilityAction: ACTION_SELECT - null, AccessibilityAction: ACTION_CLEAR_SELECTION - null, AccessibilityAction: ACTION_ACCESSIBILITY_FOCUS - null, AccessibilityAction: ACTION_UNKNOWN - null]

07-03 17:56:47.973 27090 27090 I Timeline: Timeline: Activity_launch_request id:com.wallapop time:56410670

07-03 17:56:47.983   874  1721 V WindowManager: addAppToken: AppWindowToken{44f26e7 token=Token{7570ca6 ActivityRecord{2620601 u0 com.wallapop/com.rewallapop.ui.searchwall.SearchWallActivity t880}}} to stack=1 task=880 at 3

07-03 17:56:47.993   874  3012 W ActivityManager: Duplicate finish request for ActivityRecord{63b9fdb u0 com.wallapop/com.rewallapop.ui.search.SearchActivity t880 f}

07-03 17:56:48.013   874  1027 V MARsPolicyManager: updatePackagesScore PackageInfo name -- com.wallapop

07-03 17:56:48.073 27090 27090 W ResourcesManager: getTopLevelResources: /data/app/com.wallapop-1/base.apk / 1.0 running in com.wallapop rsrc of package null

07-03 17:56:48.073 27090 27090 W ResourcesManager: getTopLevelResources: /data/app/com.wallapop-1/base.apk / 1.0 running in com.wallapop rsrc of package null

07-03 17:56:48.103   874  3012 V AlarmManager:  remove PendingIntent] PendingIntent{bbed400: PendingIntentRecord{de40689 com.wallapop broadcastIntent}}

07-03 17:56:48.123   874  1913 D ISSUE_DEBUG: InputChannelName : 8a90a7e com.wallapop/com.rewallapop.ui.searchwall.SearchWallActivity

07-03 17:56:48.133   874  1028 D StatusBarManagerService: manageDisableList userId=0 what=0x0 pkg=Window{8a90a7e u0 d0 com.wallapop/com.rewallapop.ui.searchwall.SearchWallActivity}

07-03 17:56:48.193   874  3012 V WindowStateAnimator: Finishing drawing window Window{8a90a7e u0 d0 com.wallapop/com.rewallapop.ui.searchwall.SearchWallActivity}: mDrawState=DRAW_PENDING

07-03 17:56:48.203 27090   912 W System.err: remove failed: ENOENT (No such file or directory) : /data/user/0/com.wallapop/cache/okhttp/2038771df5cadf2c3cdb254bd3eb7dac.0

07-03 17:56:48.203 27090   912 W System.err: remove failed: ENOENT (No such file or directory) : /data/user/0/com.wallapop/cache/okhttp/2038771df5cadf2c3cdb254bd3eb7dac.1

07-03 17:56:48.203   874  1132 I ActivityManager: Displayed com.wallapop/com.rewallapop.ui.searchwall.SearchWallActivity: +199ms

