Executed '[C673] Search Real Estate: Search with different filters getting results' on 03-07-2019
---------------------------------------------------------------------------------
07-03 17:57:15.243   874  1027 V MARsPolicyManager: updatePackagesScore PackageInfo name -- com.wallapop

07-03 17:57:15.303   874  3012 V AlarmManager:  remove PendingIntent] PendingIntent{bafa414: PendingIntentRecord{de40689 com.wallapop broadcastIntent}}

07-03 17:57:15.323   874  1028 D StatusBarManagerService: manageDisableList userId=0 what=0x0 pkg=Window{8da99ee u0 d0 com.wallapop/com.rewallapop.ui.search.SearchActivity}

07-03 17:57:15.393   874  1914 V WindowStateAnimator: Finishing drawing window Window{8da99ee u0 d0 com.wallapop/com.rewallapop.ui.search.SearchActivity}: mDrawState=DRAW_PENDING

07-03 17:57:15.403   874  1132 I ActivityManager: Displayed com.wallapop/com.rewallapop.ui.search.SearchActivity: +161ms

07-03 17:57:15.813   874  1132 I Timeline: Timeline: Activity_windows_visible id: ActivityRecord{528556d u0 com.wallapop/com.rewallapop.ui.search.SearchActivity t880} time:56438518

07-03 17:57:16.493   874  1027 V MARsPolicyManager: updatePackagesScore PackageInfo name -- com.wallapop

07-03 17:57:16.533   874   894 V AlarmManager:  remove PendingIntent] PendingIntent{f4d3cf1: PendingIntentRecord{de40689 com.wallapop broadcastIntent}}

07-03 17:57:16.573   874  1028 D StatusBarManagerService: manageDisableList userId=0 what=0x0 pkg=Window{8a90a7e u0 d0 com.wallapop/com.rewallapop.ui.searchwall.SearchWallActivity}

07-03 17:57:16.673 27090 27090 I Timeline: Timeline: Activity_launch_request id:com.wallapop time:56439370

07-03 17:57:16.683   874  5340 W ActivityManager: Duplicate finish request for ActivityRecord{2620601 u0 com.wallapop/com.rewallapop.ui.searchwall.SearchWallActivity t880 f}

07-03 17:57:16.713   874  3012 V WindowStateAnimator: Finishing drawing window Window{8a90a7e u0 d0 com.wallapop/com.rewallapop.ui.searchwall.SearchWallActivity}: mDrawState=DRAW_PENDING

07-03 17:57:16.743   874  1027 V MARsPolicyManager: updatePackagesScore PackageInfo name -- com.wallapop

07-03 17:57:16.793   874  1721 V AlarmManager:  remove PendingIntent] PendingIntent{6ec924f: PendingIntentRecord{de40689 com.wallapop broadcastIntent}}

07-03 17:57:16.853   874  1028 D StatusBarManagerService: manageDisableList userId=0 what=0x0 pkg=Window{c2570b5 u0 d0 com.wallapop/com.rewallapop.ui.wall.WallActivity}

07-03 17:57:17.003   874  2732 V WindowStateAnimator: Finishing drawing window Window{c2570b5 u0 d0 com.wallapop/com.rewallapop.ui.wall.WallActivity}: mDrawState=DRAW_PENDING

07-03 17:57:17.013   874  1132 I ActivityManager: Displayed com.wallapop/com.rewallapop.ui.wall.WallActivity: +271ms (total +522ms)

07-03 17:57:17.013   874  1132 I Timeline: Timeline: Activity_windows_visible id: ActivityRecord{2620601 u0 com.wallapop/com.rewallapop.ui.searchwall.SearchWallActivity t880 f} time:56439718

07-03 17:57:17.313 27090 27098 W REALM_JAVA: Remember to call close() on all Realm instances. Realm /data/data/com.wallapop/files/feature_flags is being finalized without being closed, this can lead to running out of native memory.

07-03 17:57:17.323 27090 27098 W REALM_JAVA: Remember to call close() on all Realm instances. Realm /data/data/com.wallapop/files/feature_flags is being finalized without being closed, this can lead to running out of native memory.

07-03 17:57:17.323 27090 27098 W REALM_JAVA: Remember to call close() on all Realm instances. Realm /data/data/com.wallapop/files/feature_flags is being finalized without being closed, this can lead to running out of native memory.

07-03 17:57:17.323 27090 27098 W REALM_JAVA: Remember to call close() on all Realm instances. Realm /data/data/com.wallapop/files/feature_flags is being finalized without being closed, this can lead to running out of native memory.

07-03 17:57:17.323   874  1132 I Timeline: Timeline: Activity_windows_visible id: ActivityRecord{70e9bde u0 com.wallapop/com.rewallapop.ui.wall.WallActivity t880} time:56440029

07-03 17:57:17.453 27090 27090 W View    : requestLayout() improperly called by com.wallapop.design.view.WallapopTextView{eca1d83 V.ED..... ......ID 54,30-630,92 #7f0a08d2 app:id/wp__home__tv_bubble} during layout: running second layout pass

07-03 17:57:19.143 27090 27090 I Timeline: Timeline: Activity_launch_request id:com.wallapop time:56441843

07-03 17:57:19.173   874  1661 V WindowManager: addAppToken: AppWindowToken{7f2520e token=Token{82e009 ActivityRecord{8434d10 u0 com.wallapop/com.rewallapop.ui.search.SearchActivity t880}}} to stack=1 task=880 at 1

07-03 17:57:19.213   874  1027 V MARsPolicyManager: updatePackagesScore PackageInfo name -- com.wallapop

07-03 17:57:19.223 27090 27090 W ResourcesManager: getTopLevelResources: /data/app/com.wallapop-1/base.apk / 1.0 running in com.wallapop rsrc of package null

07-03 17:57:19.223 27090 27090 W ResourcesManager: getTopLevelResources: /data/app/com.wallapop-1/base.apk / 1.0 running in com.wallapop rsrc of package null

07-03 17:57:19.243   874  1913 V AlarmManager:  remove PendingIntent] PendingIntent{c01642f: PendingIntentRecord{de40689 com.wallapop broadcastIntent}}

07-03 17:57:19.643   874  1913 D ISSUE_DEBUG: InputChannelName : c99b71f com.wallapop/com.rewallapop.ui.search.SearchActivity

07-03 17:57:19.683   874  1028 D StatusBarManagerService: manageDisableList userId=0 what=0x0 pkg=Window{c99b71f u0 d0 com.wallapop/com.rewallapop.ui.search.SearchActivity}

07-03 17:57:19.793   874  2020 V WindowStateAnimator: Finishing drawing window Window{c99b71f u0 d0 com.wallapop/com.rewallapop.ui.search.SearchActivity}: mDrawState=DRAW_PENDING

07-03 17:57:19.813   874  1132 I ActivityManager: Displayed com.wallapop/com.rewallapop.ui.search.SearchActivity: +606ms

07-03 17:57:19.813 27007 27059 W ByMatcher: Node returned null child: android.view.accessibility.AccessibilityNodeInfo@80010542; boundsInParent: Rect(0, 0 - 1080, 802); boundsInScreen: Rect(0, 243 - 1080, 1045); packageName: com.wallapop; className: android.widget.LinearLayout; text: null; error: null; maxTextLength: -1; contentDescription: null; viewIdResName: null; checkable: false; checked: false; focusable: false; focused: false; selected: false; clickable: false; longClickable: false; contextClickable: false; enabled: true; password: false; scrollable: false; actions: [AccessibilityAction: ACTION_SELECT - null, AccessibilityAction: ACTION_CLEAR_SELECTION - null, AccessibilityAction: ACTION_ACCESSIBILITY_FOCUS - null, AccessibilityAction: ACTION_UNKNOWN - null]

07-03 17:57:19.813 27007 27059 W ByMatcher: Node returned null child: android.view.accessibility.AccessibilityNodeInfo@800081df; boundsInParent: Rect(0, 0 - 1080, 1845); boundsInScreen: Rect(0, 243 - 1080, 1920); packageName: com.wallapop; className: androidx.recyclerview.widget.RecyclerView; text: null; error: null; maxTextLength: -1; contentDescription: null; viewIdResName: com.wallapop:id/wallList; checkable: false; checked: false; focusable: true; focused: true; selected: false; clickable: false; longClickable: false; contextClickable: false; enabled: true; password: false; scrollable: true; actions: [AccessibilityAction: ACTION_CLEAR_FOCUS - null, AccessibilityAction: ACTION_SELECT - null, AccessibilityAction: ACTION_CLEAR_SELECTION - null, AccessibilityAction: ACTION_ACCESSIBILITY_FOCUS - null, AccessibilityAction: ACTION_SCROLL_FORWARD - null, AccessibilityAction: ACTION_UNKNOWN - null]

07-03 17:57:19.823 27007 27059 W ByMatcher: Node returned null child: android.view.accessibility.AccessibilityNodeInfo@800085a0; boundsInParent: Rect(0, 0 - 1080, 1848); boundsInScreen: Rect(0, 72 - 1080, 1920); packageName: com.wallapop; className: android.view.ViewGroup; text: null; error: null; maxTextLength: -1; contentDescription: null; viewIdResName: com.wallapop:id/wall_coordinator; checkable: false; checked: false; focusable: false; focused: false; selected: false; clickable: false; longClickable: false; contextClickable: false; enabled: true; password: false; scrollable: false; actions: [AccessibilityAction: ACTION_SELECT - null, AccessibilityAction: ACTION_CLEAR_SELECTION - null, AccessibilityAction: ACTION_ACCESSIBILITY_FOCUS - null, AccessibilityAction: ACTION_UNKNOWN - null]

07-03 17:57:19.823 27007 27059 W ByMatcher: Node returned null child: android.view.accessibility.AccessibilityNodeInfo@8000769c; boundsInParent: Rect(0, 0 - 1080, 1920); boundsInScreen: Rect(0, 0 - 1080, 1920); packageName: com.wallapop; className: android.widget.FrameLayout; text: null; error: null; maxTextLength: -1; contentDescription: null; viewIdResName: null; checkable: false; checked: false; focusable: false; focused: false; selected: false; clickable: false; longClickable: false; contextClickable: false; enabled: true; password: false; scrollable: false; actions: [AccessibilityAction: ACTION_SELECT - null, AccessibilityAction: ACTION_CLEAR_SELECTION - null, AccessibilityAction: ACTION_ACCESSIBILITY_FOCUS - null, AccessibilityAction: ACTION_UNKNOWN - null]

07-03 17:57:19.823 27007 27059 W ByMatcher: Node returned null child: android.view.accessibility.AccessibilityNodeInfo@8000769c; boundsInParent: Rect(0, 0 - 1080, 1920); boundsInScreen: Rect(0, 0 - 1080, 1920); packageName: com.wallapop; className: android.widget.FrameLayout; text: null; error: null; maxTextLength: -1; contentDescription: null; viewIdResName: null; checkable: false; checked: false; focusable: false; focused: false; selected: false; clickable: false; longClickable: false; contextClickable: false; enabled: true; password: false; scrollable: false; actions: [AccessibilityAction: ACTION_SELECT - null, AccessibilityAction: ACTION_CLEAR_SELECTION - null, AccessibilityAction: ACTION_ACCESSIBILITY_FOCUS - null, AccessibilityAction: ACTION_UNKNOWN - null]

07-03 17:57:19.873   874  1722 V WindowStateAnimator: Finishing drawing window Window{c99b71f u0 d0 com.wallapop/com.rewallapop.ui.search.SearchActivity}: mDrawState=HAS_DRAWN

07-03 17:57:20.053   874  1132 I Timeline: Timeline: Activity_windows_visible id: ActivityRecord{8434d10 u0 com.wallapop/com.rewallapop.ui.search.SearchActivity t880} time:56442757

07-03 17:57:20.093 27090 27090 W GmsClientEvents: unregisterConnectionFailedListener(): listener GooglePlayServicesHeadlessFragment{a2fde34 (b2deff5d-f37c-4d0b-95b0-4a26d940845a) com.wallapop.fragments.headless.GooglePlayServicesHeadlessFragment} not found

07-03 17:57:20.093 27090 27090 W GmsClientEvents: unregisterConnectionCallbacks(): listener GooglePlayServicesHeadlessFragment{a2fde34 (b2deff5d-f37c-4d0b-95b0-4a26d940845a) com.wallapop.fragments.headless.GooglePlayServicesHeadlessFragment} not found

07-03 17:57:20.103 27090 27090 V ActivityThread: updateVisibility : ActivityRecord{5457f2b token=android.os.BinderProxy@adc0cb8 {com.wallapop/com.rewallapop.ui.wall.WallActivity}} show : false

07-03 17:57:21.463 27090 27090 I Timeline: Timeline: Activity_launch_request id:com.wallapop time:56444163

07-03 17:57:21.483   874  1722 V WindowManager: addAppToken: AppWindowToken{3a8c322 token=Token{8bed8ed ActivityRecord{a29cb04 u0 com.wallapop/com.rewallapop.ui.search.VerticalListSelectorActivity t880}}} to stack=1 task=880 at 2

07-03 17:57:21.513   874  1027 V MARsPolicyManager: updatePackagesScore PackageInfo name -- com.wallapop

07-03 17:57:21.533 27090 27090 W ResourcesManager: getTopLevelResources: /data/app/com.wallapop-1/base.apk / 1.0 running in com.wallapop rsrc of package null

07-03 17:57:21.533 27090 27090 W ResourcesManager: getTopLevelResources: /data/app/com.wallapop-1/base.apk / 1.0 running in com.wallapop rsrc of package null

07-03 17:57:21.563   874  4874 V AlarmManager:  remove PendingIntent] PendingIntent{8fa9370: PendingIntentRecord{de40689 com.wallapop broadcastIntent}}

07-03 17:57:21.603   874  2020 D ISSUE_DEBUG: InputChannelName : 224a60f com.wallapop/com.rewallapop.ui.search.VerticalListSelectorActivity

07-03 17:57:21.623   874  1028 D StatusBarManagerService: manageDisableList userId=0 what=0x0 pkg=Window{224a60f u0 d0 com.wallapop/com.rewallapop.ui.search.VerticalListSelectorActivity}

07-03 17:57:21.843   874  1914 V WindowStateAnimator: Finishing drawing window Window{224a60f u0 d0 com.wallapop/com.rewallapop.ui.search.VerticalListSelectorActivity}: mDrawState=DRAW_PENDING

07-03 17:57:21.853   874  1132 I ActivityManager: Displayed com.wallapop/com.rewallapop.ui.search.VerticalListSelectorActivity: +350ms

07-03 17:57:22.103   874  1132 I Timeline: Timeline: Activity_windows_visible id: ActivityRecord{a29cb04 u0 com.wallapop/com.rewallapop.ui.search.VerticalListSelectorActivity t880} time:56444808

07-03 17:57:22.123 27090 27090 V ActivityThread: updateVisibility : ActivityRecord{40bd1cb token=android.os.BinderProxy@be4a7d4 {com.wallapop/com.rewallapop.ui.search.SearchActivity}} show : false

07-03 17:57:22.173   874  1661 V BroadcastQueue: [background] Process cur broadcast BroadcastRecord{614d75d u0 com.appboy.action.receiver.DATA_SYNC qIdx=4}, state= (APP_RECEIVE) DELIVERED for app ProcessRecord{89317b1 27090:com.wallapop/u0a267}

07-03 17:57:23.103   874  1015 I LocationManagerService: remove 7e13528 by com.wallapop

07-03 17:57:23.103   874  1015 I AppOps  : sendInfoToFLP, code=41 , uid=10267 , packageName=com.wallapop , type=finishOp

07-03 17:57:26.623   874  1027 V MARsPolicyManager: updatePackagesScore PackageInfo name -- com.wallapop

07-03 17:57:26.693   874  1714 V AlarmManager:  remove PendingIntent] PendingIntent{edf51cd: PendingIntentRecord{de40689 com.wallapop broadcastIntent}}

07-03 17:57:27.303   874  1028 D StatusBarManagerService: manageDisableList userId=0 what=0x0 pkg=Window{c99b71f u0 d0 com.wallapop/com.rewallapop.ui.search.SearchActivity}

07-03 17:57:27.353 27007 27382 W ByMatcher: Node returned null child: android.view.accessibility.AccessibilityNodeInfo@8054a616; boundsInParent: Rect(0, 0 - 1080, 168); boundsInScreen: Rect(0, 72 - 1080, 240); packageName: com.wallapop; className: android.widget.FrameLayout; text: null; error: null; maxTextLength: -1; contentDescription: null; viewIdResName: null; checkable: false; checked: false; focusable: false; focused: false; selected: false; clickable: false; longClickable: false; contextClickable: false; enabled: true; password: false; scrollable: false; actions: [AccessibilityAction: ACTION_SELECT - null, AccessibilityAction: ACTION_CLEAR_SELECTION - null, AccessibilityAction: ACTION_ACCESSIBILITY_FOCUS - null, AccessibilityAction: ACTION_UNKNOWN - null]

07-03 17:57:27.353 27007 27382 W ByMatcher: Node returned null child: android.view.accessibility.AccessibilityNodeInfo@8054a255; boundsInParent: Rect(0, 0 - 1080, 1848); boundsInScreen: Rect(0, 72 - 1080, 1920); packageName: com.wallapop; className: android.widget.LinearLayout; text: null; error: null; maxTextLength: -1; contentDescription: null; viewIdResName: null; checkable: false; checked: false; focusable: false; focused: false; selected: false; clickable: false; longClickable: false; contextClickable: false; enabled: true; password: false; scrollable: false; actions: [AccessibilityAction: ACTION_SELECT - null, AccessibilityAction: ACTION_CLEAR_SELECTION - null, AccessibilityAction: ACTION_ACCESSIBILITY_FOCUS - null, AccessibilityAction: ACTION_UNKNOWN - null]

07-03 17:57:27.353 27007 27382 W ByMatcher: Node returned null child: android.view.accessibility.AccessibilityNodeInfo@80544bfe; boundsInParent: Rect(0, 0 - 1080, 1920); boundsInScreen: Rect(0, 0 - 1080, 1920); packageName: com.wallapop; className: android.widget.FrameLayout; text: null; error: null; maxTextLength: -1; contentDescription: null; viewIdResName: null; checkable: false; checked: false; focusable: false; focused: false; selected: false; clickable: false; longClickable: false; contextClickable: false; enabled: true; password: false; scrollable: false; actions: [AccessibilityAction: ACTION_SELECT - null, AccessibilityAction: ACTION_CLEAR_SELECTION - null, AccessibilityAction: ACTION_ACCESSIBILITY_FOCUS - null, AccessibilityAction: ACTION_UNKNOWN - null]

07-03 17:57:27.353 27007 27382 W ByMatcher: Node returned null child: android.view.accessibility.AccessibilityNodeInfo@80544bfe; boundsInParent: Rect(0, 0 - 1080, 1920); boundsInScreen: Rect(0, 0 - 1080, 1920); packageName: com.wallapop; className: android.widget.FrameLayout; text: null; error: null; maxTextLength: -1; contentDescription: null; viewIdResName: null; checkable: false; checked: false; focusable: false; focused: false; selected: false; clickable: false; longClickable: false; contextClickable: false; enabled: true; password: false; scrollable: false; actions: [AccessibilityAction: ACTION_SELECT - null, AccessibilityAction: ACTION_CLEAR_SELECTION - null, AccessibilityAction: ACTION_ACCESSIBILITY_FOCUS - null, AccessibilityAction: ACTION_UNKNOWN - null]

07-03 17:57:27.493   874  1661 V WindowStateAnimator: Finishing drawing window Window{c99b71f u0 d0 com.wallapop/com.rewallapop.ui.search.SearchActivity}: mDrawState=DRAW_PENDING

07-03 17:57:27.503   874  1132 I ActivityManager: Displayed com.wallapop/com.rewallapop.ui.search.SearchActivity: +890ms

07-03 17:57:27.753   874  1132 I Timeline: Timeline: Activity_windows_visible id: ActivityRecord{8434d10 u0 com.wallapop/com.rewallapop.ui.search.SearchActivity t880} time:56450455


