Executed '[C58894] Chat: Active conversations - Conversations information' on 31-10-2019
---------------------------------------------------------------------------------
11-10 00:34:43.805  4211  4390 D WifiTrafficPoller: TrafficStats TxPkts=751552 RxPkts=1343257 TxBytes=171277715 RxBytes=1280064732 , Foreground uid=10311 pkgName=com.wallapop TxPackets=54842 RxPackets=63595 TxBytes=7951195 RxBytes=65162726

11-10 00:34:46.249 23402 23413 I com.wallapop: Background concurrent copying GC freed 299533(13MB) AllocSpace objects, 170(10MB) LOS objects, 49% free, 23MB/46MB, paused 656us total 192.962ms

11-10 00:34:46.458 23402 23402 W com.wallapop: Accessing hidden method Landroid/text/SpannableStringInternal;->length()I (light greylist, linking)

11-10 00:34:47.861  4211  4390 D WifiTrafficPoller: TrafficStats TxPkts=751680 RxPkts=1343408 TxBytes=171316644 RxBytes=1280172613 , Foreground uid=10311 pkgName=com.wallapop TxPackets=54941 RxPackets=63702 TxBytes=7983565 RxBytes=65231763

11-10 00:34:51.915  4211  4390 D WifiTrafficPoller: TrafficStats TxPkts=751699 RxPkts=1343427 TxBytes=171323114 RxBytes=1280180220 , Foreground uid=10311 pkgName=com.wallapop TxPackets=54956 RxPackets=63716 TxBytes=7989875 RxBytes=65238860

11-10 00:34:55.702 23402 23407 I com.wallapop: Compiler allocated 4MB to compile void android.view.ViewRootImpl.performTraversals()

11-10 00:34:55.988  4211  4390 D WifiTrafficPoller: TrafficStats TxPkts=751699 RxPkts=1343428 TxBytes=171323114 RxBytes=1280180522 , Foreground uid=10311 pkgName=com.wallapop TxPackets=54956 RxPackets=63716 TxBytes=7989875 RxBytes=65238860

11-10 00:35:01.091  4211  4390 D WifiTrafficPoller: TrafficStats TxPkts=751700 RxPkts=1343431 TxBytes=171323165 RxBytes=1280181103 , Foreground uid=10311 pkgName=com.wallapop TxPackets=54956 RxPackets=63716 TxBytes=7989875 RxBytes=65238860

11-10 00:35:05.182  4211  4390 D WifiTrafficPoller: TrafficStats TxPkts=751716 RxPkts=1343446 TxBytes=171326777 RxBytes=1280188136 , Foreground uid=10311 pkgName=com.wallapop TxPackets=54971 RxPackets=63729 TxBytes=7993423 RxBytes=65245377

11-10 00:35:11.282  4211  4390 D WifiTrafficPoller: TrafficStats TxPkts=751718 RxPkts=1343448 TxBytes=171326987 RxBytes=1280188293 , Foreground uid=10311 pkgName=com.wallapop TxPackets=54971 RxPackets=63730 TxBytes=7993475 RxBytes=65245429

11-10 00:35:15.376  4211  4390 D WifiTrafficPoller: TrafficStats TxPkts=751721 RxPkts=1343451 TxBytes=171327142 RxBytes=1280188695 , Foreground uid=10311 pkgName=com.wallapop TxPackets=54973 RxPackets=63731 TxBytes=7993527 RxBytes=65245481

11-10 00:35:20.469  4211  4390 D WifiTrafficPoller: TrafficStats TxPkts=751723 RxPkts=1343456 TxBytes=171327254 RxBytes=1280190537 , Foreground uid=10311 pkgName=com.wallapop TxPackets=54973 RxPackets=63731 TxBytes=7993527 RxBytes=65245481

11-10 00:35:25.564  4211  4390 D WifiTrafficPoller: TrafficStats TxPkts=751723 RxPkts=1343457 TxBytes=171327254 RxBytes=1280190839 , Foreground uid=10311 pkgName=com.wallapop TxPackets=54973 RxPackets=63731 TxBytes=7993527 RxBytes=65245481

11-10 00:35:30.657  4211  4390 D WifiTrafficPoller: TrafficStats TxPkts=751730 RxPkts=1343464 TxBytes=171327765 RxBytes=1280191659 , Foreground uid=10311 pkgName=com.wallapop TxPackets=54975 RxPackets=63733 TxBytes=7993643 RxBytes=65245593

11-10 00:35:34.750  4211  4390 D WifiTrafficPoller: TrafficStats TxPkts=751733 RxPkts=1343468 TxBytes=171327945 RxBytes=1280191914 , Foreground uid=10311 pkgName=com.wallapop TxPackets=54978 RxPackets=63736 TxBytes=7993823 RxBytes=65245780

11-10 00:35:38.848  4211  4390 D WifiTrafficPoller: TrafficStats TxPkts=751734 RxPkts=1343470 TxBytes=171327997 RxBytes=1280192299 , Foreground uid=10311 pkgName=com.wallapop TxPackets=54979 RxPackets=63737 TxBytes=7993875 RxBytes=65245863

11-10 00:35:42.937  4211  4390 D WifiTrafficPoller: TrafficStats TxPkts=751737 RxPkts=1343478 TxBytes=171328415 RxBytes=1280193587 , Foreground uid=10311 pkgName=com.wallapop TxPackets=54982 RxPackets=63742 TxBytes=7994293 RxBytes=65246447

11-10 00:35:51.048  4211  4390 D WifiTrafficPoller: TrafficStats TxPkts=751740 RxPkts=1343484 TxBytes=171328677 RxBytes=1280194750 , Foreground uid=10311 pkgName=com.wallapop TxPackets=54983 RxPackets=63743 TxBytes=7994345 RxBytes=65246499

11-10 00:35:55.135  4211  4390 D WifiTrafficPoller: TrafficStats TxPkts=751742 RxPkts=1343487 TxBytes=171328793 RxBytes=1280195164 , Foreground uid=10311 pkgName=com.wallapop TxPackets=54985 RxPackets=63745 TxBytes=7994461 RxBytes=65246611

11-10 00:36:00.210  4211  4390 D WifiTrafficPoller: TrafficStats TxPkts=751743 RxPkts=1343489 TxBytes=171328845 RxBytes=1280195518 , Foreground uid=10311 pkgName=com.wallapop TxPackets=54985 RxPackets=63745 TxBytes=7994461 RxBytes=65246611

11-10 00:36:00.777  4211  6759 I ActivityManager: Force stopping com.wallapop appid=10311 user=0: from pid 24102 caller com.android.server.am.ActivityManagerShellCommand.runForceStop:967

11-10 00:36:00.779  4211  6759 I ActivityManager: Killing 23402:com.wallapop/u0a311 (adj 0): stop com.wallapop,from pid 24102 caller com.android.server.am.ActivityManagerShellCommand.runForceStop:967

11-10 00:36:00.792  4211  6759 W ActivityManager: Scheduling restart of crashed service com.wallapop/com.rewallapop.ui.debug.view.DebugActivity$Service in 1000ms

11-10 00:36:00.794  4211  6759 W ActivityManager: Force removing ActivityRecord{e10a95f u0 com.wallapop/com.rewallapop.ui.wall.WallActivity t2114}: app died, no saved state

11-10 00:36:00.796  4211  6759 V WindowManager: Changing focus from Window{596c117 u0 com.wallapop/com.rewallapop.ui.wall.WallActivity} to null Callers=com.android.server.wm.AppWindowToken.setVisibility:536 com.android.server.wm.AppWindowToken.onRemovedFromDisplay:766 com.android.server.wm.DisplayContent.removeAppToken:1079 com.android.server.wm.AppWindowContainerController.removeContainer:305

11-10 00:36:00.805 23911 23911 D Notification.Badge: [invalid] onNotificationRemoved : StatusBarNotification(pkg=com.wallapop user=UserHandle{0} id=999 tag=null key=0|com.wallapop|999|null|10311: Notification(channel=wallapop_channel pri=-2 contentView=null vibrate=null sound=null defaults=0x0 flags=0x62 color=0x00000000 vis=PRIVATE semFlags=0x0 semPriority=0 semMissedCount=0))

11-10 00:36:00.806  4211  6759 V WindowManager: Setting visibility of Window{596c117 u0 com.wallapop/com.rewallapop.ui.wall.WallActivity}: false, caller=com.android.server.wm.WindowContainer.sendAppVisibilityToClients:615 com.android.server.wm.AppWindowToken.setClientHidden:460 com.android.server.wm.AppWindowToken.onAnimationFinished:2383 com.android.server.wm.AppWindowToken.setVisibility:551 com.android.server.wm.AppWindowToken.onRemovedFromDisplay:766

11-10 00:36:00.811  4211  6759 I WindowManager: Cancelling animation restarting=false, leash=null, surface=Surface(name=AppWindowToken{ab2b475 token=Token{f2d3fac ActivityRecord{e10a95f u0 com.wallapop/com.rewallapop.ui.wall.WallActivity t2114}}})/@0xea0f98a, parent=Surface(name=Task=2114)/@0x632a1df

11-10 00:36:00.812  4211  6759 V WindowManager: Remove Window{596c117 u0 com.wallapop/com.rewallapop.ui.wall.WallActivity}: mSurfaceController=Surface(name=com.wallapop/com.rewallapop.ui.wall.WallActivity[23402])/@0x21a712c mAnimatingExit=false mRemoveOnExit=false mHasSurface=true surfaceShowing=false isAnimationSet=false app-animation=false mWillReplaceWindow=false inPendingTransaction=false mDisplayFrozen=false callers=com.android.server.wm.WindowState.removeIfPossible:2764 com.android.server.wm.WindowToken.removeAllWindowsIfPossible:150 com.android.server.wm.AppWindowToken.removeIfPossible:743 com.android.server.wm.AppWindowToken.onRemovedFromDisplay:819 com.android.server.wm.DisplayContent.removeAppToken:1079 com.android.server.wm.AppWindowContainerController.removeContainer:305

11-10 00:36:00.812  4211  6759 I WindowManager: Destroying surface Surface(name=com.wallapop/com.rewallapop.ui.wall.WallActivity[23402])/@0x21a712c called by com.android.server.wm.WindowStateAnimator.destroySurface:1901 com.android.server.wm.WindowStateAnimator.destroySurfaceLocked:838 com.android.server.wm.WindowState.removeImmediately:2743 com.android.server.wm.WindowState.removeIfPossible:2893 com.android.server.wm.WindowState.removeIfPossible:2764 com.android.server.wm.WindowToken.removeAllWindowsIfPossible:150 com.android.server.wm.AppWindowToken.removeIfPossible:743 com.android.server.wm.AppWindowToken.onRemovedFromDisplay:819

11-10 00:36:00.813  3727  3964 I SurfaceFlinger: id=23526 Removed com.wallapop/com.rewallapop.ui.wall.WallActivity[23402]#0 (0/51)

11-10 00:36:00.818  3727  3964 I SurfaceFlinger: id=23525 Removed 596c117 com.wallapop/com.rewallapop.ui.wall.WallActivity#0 (0/50)

11-10 00:36:00.819  3727  3727 I Layer   : id=23525 onRemoved 596c117 com.wallapop/com.rewallapop.ui.wall.WallActivity#0

11-10 00:36:00.820  3727  3727 I Layer   : id=23526 onRemoved com.wallapop/com.rewallapop.ui.wall.WallActivity[23402]#0

11-10 00:36:00.823  3727  3964 I SurfaceFlinger: id=23523 Removed AppWindowToken{ab2b475 token=Token{f2d3fac ActivityRecord{e10a95f u0 com.wallapop/com.rewallapop.ui.wall.WallActivity t2114}}}#0 (0/49)

11-10 00:36:00.827  4211  4242 D WindowManager: reportFocusChangedSerialized, focused=false, inTouchMode=true, win=Window{596c117 u0 com.wallapop/com.rewallapop.ui.wall.WallActivity}

11-10 00:36:00.838  3727  3727 I Layer   : id=23523 onRemoved AppWindowToken{ab2b475 token=Token{f2d3fac ActivityRecord{e10a95f u0 com.wallapop/com.rewallapop.ui.wall.WallActivity t2114}}}#0

11-10 00:36:00.881  4211  4227 W BroadcastQueue: Background execution not allowed: receiving Intent { act=android.intent.action.PACKAGE_RESTARTED dat=package:com.wallapop flg=0x10 (has extras) } to android/com.kddi.android.CpaNotiReceiver

11-10 00:36:00.890  4211  4211 D SamsungAlarmManager: Remove alarm for next reason : android.intent.action.PACKAGE_RESTARTED : package: com.wallapop

11-10 00:36:00.909 23911 23978 D Notification.Badge: updateLauncherIconBadges() item : [IconInfo(title=_Wallapop_ intent=Intent { act=android.intent.action.MAIN cat=[android.intent.category.LAUNCHER] flg=0x10200000 cmp=com.wallapop/.activities.HomeActivity (has extras) } id=160 type=0 container=-102 screen=1 cellX=3 cellY=0 spanX=1 spanY=1 rank=3 hidden=0 dropPos=null user=UserHandle{0} screenType=0)], mShowBadge : [false], item.mBadgeCount : [0]

11-10 00:36:00.917 23911 27641 I AppIconSolution: load=com.wallapop, bg=144-144, dr=126-126, forDefault=true, density=0

11-10 00:36:00.920 23911 27641 I AppIconSolution: load=com.wallapop-contain, bg=166-166, dr=126-126

11-10 00:36:00.966  4622 11977 E RequestManager_FLP: [FusedLocationApi] Location remove 1f75360 from com.wallapop

11-10 00:36:00.993 23911 23911 D RecommendedView: updateBadgeItems: [IconInfo(title=_Wallapop_ intent=Intent { act=android.intent.action.MAIN cat=[android.intent.category.LAUNCHER] flg=0x10200000 cmp=com.wallapop/.activities.HomeActivity (has extras) } id=160 type=0 container=-102 screen=1 cellX=3 cellY=0 spanX=1 spanY=1 rank=3 hidden=0 dropPos=null user=UserHandle{0} screenType=0)]

11-10 00:41:57.424 24254 24284 I appium  : AppiumResponse: {"sessionId":"53212165-8a6c-479c-8d4f-a9214c762fb0","value":{"sessionId":"53212165-8a6c-479c-8d4f-a9214c762fb0","capabilities":{"firstMatch":[{"platform":"LINUX","webStorageEnabled":false,"takesScreenshot":true,"javascriptEnabled":true,"databaseEnabled":false,"networkConnectionEnabled":true,"locationContextEnabled":false,"warnings":{},"desired":{"platformName":"android","normalizeTagNames":true,"androidInstallTimeout":150000,"app":"","appActivity":"com.rewallapop.ui.main.MainActivity","appPackage":"com.wallapop","isHeadless":false,"skipDeviceInitialization":true,"autoAcceptAlerts":true,"autoGrantPermissions":true,"automationName":"UiAutomator2","avd":"","deviceName":"3200f02dc0aab5db","deviceReadyTimeout":1,"fullReset":false,"ignoreUnimportantViews":true,"newCommandTimeout":60,"noReset":true,"systemPort":8223,"udid":"3200f02dc0aab5db"},"platformName":"android","normalizeTagNames":true,"androidInstallTimeout":150000,"app":"","appActivity":"com.rewallapop.ui.main.MainActivity","appPackage":"com.wallapop","isHeadless":false,"skipDeviceInitialization":true,"autoAcceptAlerts":true,"autoGrantPermissions":true,"automationName":"UiAutomator2","avd":"","deviceName":"3200f02dc0aab5db","deviceReadyTimeout":1,"fullReset":false,"ignoreUnimportantViews":true,"newCommandTimeout":60,"noReset":true,"systemPort":8223,"udid":"3200f02dc0aab5db","deviceUDID":"3200f02dc0aab5db"}],"alwaysMatch":{}}}}

11-10 00:41:57.929  4211  4222 I ActivityManager: Force stopping com.wallapop appid=10311 user=0: from pid 24295 caller com.android.server.am.ActivityManagerShellCommand.runStartActivity:412

11-10 00:41:57.934  4211  4211 D SamsungAlarmManager: Remove alarm for next reason : android.intent.action.PACKAGE_RESTARTED : package: com.wallapop

11-10 00:41:57.942  4211  4227 W BroadcastQueue: Background execution not allowed: receiving Intent { act=android.intent.action.PACKAGE_RESTARTED dat=package:com.wallapop flg=0x10 (has extras) } to android/com.kddi.android.CpaNotiReceiver

11-10 00:41:58.193  4211  4222 I ActivityManager: START u0 {act=null typ=null flg=0x10000000 cmp=ComponentInfo{com.wallapop/com.rewallapop.ui.main.MainActivity}} from uid 2000

11-10 00:41:58.205  4211  4222 I ActivityManager: [IOP] sourceDir : /data/app/com.wallapop-YuY1orTsl_VIwwe6m0TquQ== in ActivityStacksupervisor

11-10 00:41:58.214  3727  3727 I SurfaceFlinger: id=23534 createSurf (4440x4440),2 flag=4, AppWindowToken{6aff36e token=Token{2d6aae9 ActivityRecord{a6df770 u0 com.wallapop/com.rewallapop.ui.main.MainActivity t2115}}}#0

11-10 00:41:58.227  3727  3727 I SurfaceFlinger: id=23535 createSurf (4440x4440),2 flag=4, 5a7d1a3 Splash Screen com.wallapop#0

11-10 00:41:58.232  4211  5518 D StorageManagerService: getExternalStorageMountMode : final mountMode=1, uid : 10311, packageName : com.wallapop

11-10 00:41:58.232  4211  5518 I ApplicationPolicy: isApplicationExternalStorageWhitelisted:com.wallapop user:0

11-10 00:41:58.232  4211  5518 D ActivityManager: package  com.wallapop, user - 0 is SDcard whitelisted

11-10 00:41:58.232  4211  5518 I ApplicationPolicy: isApplicationExternalStorageBlacklisted:com.wallapop user:0

11-10 00:41:58.233  4211  5518 I ApplicationPolicy: isApplicationExternalStorageBlacklisted:com.wallapop user:0

11-10 00:41:58.233  4211  4211 D Telecom:SamsungPrebindingServiceImpl: onTopActivityChanged : ComponentInfo{com.wallapop/com.rewallapop.ui.main.MainActivity}

11-10 00:41:58.243  4211  4310 V WindowManager: Relayout Window{5a7d1a3 u0 Splash Screen com.wallapop}: viewVisibility=0 req=1080x2220 {(0,0)(fillxfill) sim={adjust=pan} ty=APPLICATION_STARTING fmt=TRANSLUCENT wanim=0x10302fe

11-10 00:41:58.246  3727  3727 I SurfaceFlinger: id=23536 createSurf (1080x2220),1 flag=4, Splash Screen com.wallapop#0

11-10 00:41:58.247  4211  4310 D WindowManager: makeSurface duration=3 name=Splash Screen com.wallapop

11-10 00:41:58.254  4211  4229 I ActivityManager: Start proc 24302:com.wallapop/u0a311 for activity com.wallapop/com.rewallapop.ui.main.MainActivity

11-10 00:41:58.260 24302 24302 I com.wallapop: Late-enabling -Xcheck:jni

11-10 00:41:58.269  4211  4310 D WindowManager: finishDrawingWindow: Window{5a7d1a3 u0 Splash Screen com.wallapop} mDrawState=DRAW_PENDING

11-10 00:41:58.272  4211  4310 I WindowManager: commitFinishDrawingLocked: mDrawState=READY_TO_SHOW Surface(name=Splash Screen com.wallapop)/@0xbac6915

11-10 00:41:58.272  4211  4310 V WindowManager: Resize reasons for w=Window{5a7d1a3 u0 Splash Screen com.wallapop}:  contentInsetsChanged=false [0,63][0,126] visibleInsetsChanged=false [0,63][0,126] stableInsetsChanged=false [0,63][0,126] outsetsChanged=false [0,0][0,0] surfaceResized=false configChanged=false dragResizingChanged=false reportOrientationChanged=false displayCutoutChanged=false nextForceRelayoutToClient=false

11-10 00:41:58.291 24302 24302 I com.wallapop: report jit thread pid = 24309

11-10 00:41:58.305  4211  5518 I ActivityManager: DSS on for com.wallapop and scale is 1.0

11-10 00:41:58.309  4211  5518 I WindowManager: commitFinishDrawingLocked: mDrawState=READY_TO_SHOW Surface(name=Splash Screen com.wallapop)/@0xbac6915

11-10 00:41:58.312  4211  5518 D GamePkgDataHelper: notifyAppCreate(), pkgName: com.wallapop, sendRet: true

11-10 00:41:58.312  4211  4473 D GamePkgDataHelper: getGamePkgData(). com.wallapop

11-10 00:41:58.312  4211  4473 D GameManagerService: handleMessage(), MSG_APP_CREATE. ignore. pkgName: com.wallapop

11-10 00:41:58.314  4211  5518 D GameManagerService: noteResumeComponent(), resumeComponent: com.wallapop

11-10 00:41:58.314  4211  5518 D GamePkgDataHelper: getSosPolicy(). com.wallapop

11-10 00:41:58.314  4211  4473 D GameManagerService: handleForegroundChange(). pkgName: com.wallapop, clsName: com.rewallapop.ui.main.MainActivity,FgActivityName:com.wallapop/com.rewallapop.ui.main.MainActivity

11-10 00:41:58.314  4211  4473 D GameManagerService:   handleForegroundChange(). set mFgApp: com.wallapop

11-10 00:41:58.315  4211  4473 D GameManagerService: notifyResumePause(). pkg: com.wallapop, type: 4, isMinimized: false, isTunableApp: false

11-10 00:41:58.315  4211  6757 D GamePkgDataHelper: getGamePkgDataIncServer(). com.wallapop

11-10 00:41:58.315  4211  5518 D GameManagerService: identifyGamePackage. com.wallapop

11-10 00:41:58.315  4211  5518 D GamePkgDataHelper: getGamePkgData(). com.wallapop

11-10 00:41:58.315  4211  5518 D MARsPolicyManager: onPackageResumedFG pkgName = com.wallapop, userId = 0

11-10 00:41:58.317  4211  4310 I WindowManager: commitFinishDrawingLocked: mDrawState=READY_TO_SHOW Surface(name=Splash Screen com.wallapop)/@0xbac6915

11-10 00:41:58.317  4211  6757 D GamePkgDataHelper: getSosPolicy(). com.wallapop

11-10 00:41:58.319  4211  4228 D CodecSolution: isMaxAspectPackageEx: com.wallapop : true(2)

11-10 00:41:58.320  4211  6757 D GameManagerService: identifyGamePackage. com.wallapop

11-10 00:41:58.320  4211  6757 D GamePkgDataHelper: getGamePkgData(). com.wallapop

11-10 00:41:58.326  4211  4310 I WindowManager: Cancelling animation restarting=true, leash=null, surface=Surface(name=AppWindowToken{6aff36e token=Token{2d6aae9 ActivityRecord{a6df770 u0 com.wallapop/com.rewallapop.ui.main.MainActivity t2115}}})/@0x99dc0ce, parent=Surface(name=Task=2115)/@0x63e0bef

11-10 00:41:58.326  4211  4310 I WindowManager: Reparenting to leash, surface=Surface(name=AppWindowToken{6aff36e token=Token{2d6aae9 ActivityRecord{a6df770 u0 com.wallapop/com.rewallapop.ui.main.MainActivity t2115}}})/@0x99dc0ce

11-10 00:41:58.327  3727  3727 I SurfaceFlinger: id=23538 createSurf (4440x4440),2 flag=4, Surface(name=AppWindowToken{6aff36e token=Token{2d6aae9 ActivityRecord{a6df770 u0 com.wallapop/com.rewallapop.ui.main.MainActivity t2115}}})/@0x99dc0ce - animation-leash#0

11-10 00:41:58.327  4211  6757 D GameManagerService: identifyGamePackage. com.wallapop

11-10 00:41:58.328  4211  6757 D GamePkgDataHelper: getGamePkgData(). com.wallapop

11-10 00:41:58.328  4211  4310 D WindowManager: makeSurface duration=3 leash=Surface(name=Surface(name=AppWindowToken{6aff36e token=Token{2d6aae9 ActivityRecord{a6df770 u0 com.wallapop/com.rewallapop.ui.main.MainActivity t2115}}})/@0x99dc0ce - animation-leash)/@0x9e816fc

11-10 00:41:58.328  4211  4310 D SurfaceControl: reparent is called, sc=Surface(name=AppWindowToken{6aff36e token=Token{2d6aae9 ActivityRecord{a6df770 u0 com.wallapop/com.rewallapop.ui.main.MainActivity t2115}}})/@0x99dc0ce, newParentHandle=android.os.BinderProxy@1bac185, transaction=android.view.SurfaceControl$Transaction@5591bda

11-10 00:41:58.329  4211  4310 V WindowManager: performShowLocked: mDrawState=HAS_DRAWN in Window{5a7d1a3 u0 Splash Screen com.wallapop}

11-10 00:41:58.331  4211  4228 D WindowManager: setSystemUiVisibility: vis= 0xa018, fullscreenVis= 0x2000, dockedVis= 0x0, win=Window{5a7d1a3 u0 Splash Screen com.wallapop}

11-10 00:41:58.332  3727  3771 D Layer   : [AppWindowToken{6aff36e token=Token{2d6aae9 ActivityRecord{a6df770 u0 com.wallapop/com.rewallapop.ui.main.MainActivity t2115}}}#0]::reparent oldParent:[Task=2115#0], newParent:[Surface(name=AppWindowToken{6aff36e token=Token{2d6aae9 ActivityRecord{a6df770 u0 com.wallapop/com.rewallapop.ui.main.MainActivity t2115}}})/@0x99dc0ce - animation-leash#0]

11-10 00:41:58.348 24302 24302 I com.wallapop: The ClassLoaderContext is a special shared library.

11-10 00:41:58.429  3727  3727 I SurfaceFlinger:      Client | 0x70de033ec0 | 0000 | RGBA_8888 |   0.0    1.0 1080.0 2219.0 |   89  184  991 2036 | Splash Screen com.wallapop#0

11-10 00:41:58.448  4211  4669 D MdnieScenarioControlService:  packageName : com.wallapop    className : com.rewallapop.ui.main.MainActivity

11-10 00:41:58.451  3727  3727 I SurfaceFlinger:      Device | 0x70de033ec0 | 0000 | RGBA_8888 |   0.0    0.0 1080.0 2220.0 |   67  137 1013 2083 | Splash Screen com.wallapop#0

11-10 00:41:58.569  4211  4310 I WindowManager: reset, Reparenting to original parent, shouldDeferScheduleAnimation=false, destroyLeash=true, surface=Surface(name=AppWindowToken{6aff36e token=Token{2d6aae9 ActivityRecord{a6df770 u0 com.wallapop/com.rewallapop.ui.main.MainActivity t2115}}})/@0x99dc0ce, parent=Surface(name=Task=2115)/@0x63e0bef, parentNativeHandle=android.os.BinderProxy@93d1ba6, caller=com.android.server.wm.SurfaceAnimator.lambda$getFinishedCallback$0:97 com.android.server.wm.-$$Lambda$SurfaceAnimator$SIBia0mND666K8lMCPsoid8pUTI.run:4 com.android.server.wm.SurfaceAnimator.lambda$getFinishedCallback$1:104 com.android.server.wm.-$$Lambda$SurfaceAnimator$vdRZk66hQVbQCvVXEaQCT1kVmFc.onAnimationFinished:4 com.android.server.wm.LocalAnimationAdapter.lambda$startAnimation$0:74

11-10 00:41:58.570  4211  4310 D SurfaceControl: reparent is called, sc=Surface(name=AppWindowToken{6aff36e token=Token{2d6aae9 ActivityRecord{a6df770 u0 com.wallapop/com.rewallapop.ui.main.MainActivity t2115}}})/@0x99dc0ce, newParentHandle=android.os.BinderProxy@93d1ba6, transaction=android.view.SurfaceControl$Transaction@5591bda

11-10 00:41:58.570  4211  4310 D SurfaceControl: destroy(transaction), animation-leash is destroyed, sc=Surface(name=Surface(name=AppWindowToken{6aff36e token=Token{2d6aae9 ActivityRecord{a6df770 u0 com.wallapop/com.rewallapop.ui.main.MainActivity t2115}}})/@0x99dc0ce - animation-leash)/@0x9e816fc, transaction=android.view.SurfaceControl$Transaction@5591bda, caller=com.android.server.wm.SurfaceAnimator.reset:338 com.android.server.wm.SurfaceAnimator.lambda$getFinishedCallback$0:97 com.android.server.wm.-$$Lambda$SurfaceAnimator$SIBia0mND666K8lMCPsoid8pUTI.run:4 com.android.server.wm.SurfaceAnimator.lambda$getFinishedCallback$1:104 com.android.server.wm.-$$Lambda$SurfaceAnimator$vdRZk66hQVbQCvVXEaQCT1kVmFc.onAnimationFinished:4 com.android.server.wm.LocalAnimationAdapter.lambda$startAnimation$0:74 com.android.server.wm.-$$Lambda$LocalAnimationAdapter$X--EomqUvw4qy89IeeTFTH7aCMo.run:4

11-10 00:41:58.574  3727  5386 D Layer   : [AppWindowToken{6aff36e token=Token{2d6aae9 ActivityRecord{a6df770 u0 com.wallapop/com.rewallapop.ui.main.MainActivity t2115}}}#0]::reparent oldParent:[Surface(name=AppWindowToken{6aff36e token=Token{2d6aae9 ActivityRecord{a6df770 u0 com.wallapop/com.rewallapop.ui.main.MainActivity t2115}}})/@0x99dc0ce - animation-leash#0], newParent:[Task=2115#0]

11-10 00:41:58.575  3727  5386 I SurfaceFlinger: id=23538 Removed Surface(name=AppWindowToken{6aff36e token=Token{2d6aae9 ActivityRecord{a6df770 u0 com.wallapop/com.rewallapop.ui.main.MainActivity t2115}}})/@0x99dc0ce - animation-leash#0 (0/54)

11-10 00:41:58.586  3727  3727 I Layer   : id=23538 onRemoved Surface(name=AppWindowToken{6aff36e token=Token{2d6aae9 ActivityRecord{a6df770 u0 com.wallapop/com.rewallapop.ui.main.MainActivity t2115}}})/@0x99dc0ce - animation-leash#0

11-10 00:41:58.627  3727  3727 I SurfaceFlinger:      Device | 0x70de033ec0 | 0000 | RGBA_8888 |   0.0    0.0 1080.0 2220.0 |    0    0 1080 2220 | Splash Screen com.wallapop#0

11-10 00:42:00.554 24302 24341 W com.wallapop: Unsupported class loader

11-10 00:42:00.558 24302 24341 W com.wallapop: Skipping duplicate class check due to unsupported classloader

11-10 00:42:00.559 24302 24328 I FA      :   adb shell setprop debug.firebase.analytics.app com.wallapop

11-10 00:42:00.608 24302 24341 W com.wallapop: Unsupported class loader

11-10 00:42:01.093  4211  4390 D WifiTrafficPoller: TrafficStats TxPkts=752040 RxPkts=1343707 TxBytes=171354975 RxBytes=1280234121 , Foreground uid=10311 pkgName=com.wallapop TxPackets=55050 RxPackets=63758 TxBytes=7997769 RxBytes=65247344

11-10 00:42:02.362 24302 24378 I stetho  : Listening on @stetho_com.wallapop_devtools_remote

11-10 00:42:02.524 24302 24384 W com.wallapop: Accessing hidden field Lsun/misc/Unsafe;->theUnsafe:Lsun/misc/Unsafe; (light greylist, reflection)

11-10 00:42:02.641 24302 24386 W com.wallapop: Accessing hidden field Ljava/nio/Buffer;->address:J (light greylist, reflection)

11-10 00:42:02.739 24302 24302 I com.wallapop: The ClassLoaderContext is a special shared library.

11-10 00:42:02.744 24302 24302 I chatty  : uid=10311(com.wallapop) identical 1 line

11-10 00:42:02.748 24302 24302 I com.wallapop: The ClassLoaderContext is a special shared library.

11-10 00:42:03.053 24302 24409 W com.wallapop: Accessing hidden method Landroid/content/Context;->bindServiceAsUser(Landroid/content/Intent;Landroid/content/ServiceConnection;ILandroid/os/Handler;Landroid/os/UserHandle;)Z (light greylist, reflection)

11-10 00:42:03.058  4211  6759 I ApplicationPolicy: isApplicationExternalStorageWhitelisted:com.wallapop user:0

11-10 00:42:03.059  4211  6759 D ActivityManager: package  com.wallapop, user - 0 is SDcard whitelisted

11-10 00:42:03.059  4211  6759 I ApplicationPolicy: isApplicationExternalStorageBlacklisted:com.wallapop user:0

11-10 00:42:03.059  4211  6759 I ApplicationPolicy: isApplicationExternalStorageBlacklisted:com.wallapop user:0

11-10 00:42:03.088  4211  4229 I ActivityManager: Start proc 24412:com.android.chrome:sandboxed_process0/u0i760 for webview_service com.wallapop/org.chromium.content.app.SandboxedProcessService0

11-10 00:42:03.123  4211  6759 I ActivityManager: DSS on for com.wallapop and scale is 1.0

11-10 00:42:03.125  4211  6759 D MultiDisplayManager: init process display: set packageProcessId, displayId=0, same_package_proc=ProcessRecord{833bf39d0 24302:com.wallapop/u0a311}, app=ProcessRecord{4fa06c1d0 24412:com.android.chrome:sandboxed_process0/u0a311i760}

11-10 00:42:03.139  4211  4311 D WifiPermissionsUtil: canAccessScanResults: pkgName = com.wallapop, uid = 10311

11-10 00:42:03.219 24302 24302 W com.wallapop: Accessing hidden method Landroid/view/textclassifier/logging/SmartSelectionEventTracker;-><init>(Landroid/content/Context;I)V (light greylist, reflection)

11-10 00:42:03.219 24302 24302 W com.wallapop: Accessing hidden method Landroid/view/textclassifier/logging/SmartSelectionEventTracker;->logEvent(Landroid/view/textclassifier/logging/SmartSelectionEventTracker$SelectionEvent;)V (light greylist, reflection)

11-10 00:42:03.219 24302 24302 W com.wallapop: Accessing hidden method Landroid/view/textclassifier/logging/SmartSelectionEventTracker$SelectionEvent;->selectionStarted(I)Landroid/view/textclassifier/logging/SmartSelectionEventTracker$SelectionEvent; (light greylist, reflection)

11-10 00:42:03.219 24302 24302 W com.wallapop: Accessing hidden method Landroid/view/textclassifier/logging/SmartSelectionEventTracker$SelectionEvent;->selectionModified(II)Landroid/view/textclassifier/logging/SmartSelectionEventTracker$SelectionEvent; (light greylist, reflection)

11-10 00:42:03.219 24302 24302 W com.wallapop: Accessing hidden method Landroid/view/textclassifier/logging/SmartSelectionEventTracker$SelectionEvent;->selectionModified(IILandroid/view/textclassifier/TextClassification;)Landroid/view/textclassifier/logging/SmartSelectionEventTracker$SelectionEvent; (light greylist, reflection)

11-10 00:42:03.220 24302 24302 W com.wallapop: Accessing hidden method Landroid/view/textclassifier/logging/SmartSelectionEventTracker$SelectionEvent;->selectionModified(IILandroid/view/textclassifier/TextSelection;)Landroid/view/textclassifier/logging/SmartSelectionEventTracker$SelectionEvent; (light greylist, reflection)

11-10 00:42:03.220 24302 24302 W com.wallapop: Accessing hidden method Landroid/view/textclassifier/logging/SmartSelectionEventTracker$SelectionEvent;->selectionAction(III)Landroid/view/textclassifier/logging/SmartSelectionEventTracker$SelectionEvent; (light greylist, reflection)

11-10 00:42:03.220 24302 24302 W com.wallapop: Accessing hidden method Landroid/view/textclassifier/logging/SmartSelectionEventTracker$SelectionEvent;->selectionAction(IIILandroid/view/textclassifier/TextClassification;)Landroid/view/textclassifier/logging/SmartSelectionEventTracker$SelectionEvent; (light greylist, reflection)

11-10 00:42:03.273 24302 24435 W com.wallapop: Accessing hidden method Landroid/media/AudioManager;->getOutputLatency(I)I (light greylist, reflection)

11-10 00:42:03.362 24302 24302 W com.wallapop: Accessing hidden method Landroid/app/ActivityThread;->currentPackageName()Ljava/lang/String; (light greylist, reflection)

11-10 00:42:03.770 24302 24481 W com.wallapop: Accessing hidden method Lcom/android/org/conscrypt/OpenSSLSocketImpl;->setAlpnProtocols([B)V (light greylist, reflection)

11-10 00:42:04.127 24302 24481 W com.wallapop: Accessing hidden method Lcom/android/org/conscrypt/OpenSSLSocketImpl;->getAlpnSelectedProtocol()[B (light greylist, reflection)

11-10 00:42:04.348  4211  7608 D GameManagerService: identifyGamePackage. com.wallapop

11-10 00:42:04.348  4211  7608 D GamePkgDataHelper: getGamePkgData(). com.wallapop

11-10 00:42:05.175  4211  4390 D WifiTrafficPoller: TrafficStats TxPkts=752082 RxPkts=1343742 TxBytes=171376201 RxBytes=1280249756 , Foreground uid=10311 pkgName=com.wallapop TxPackets=55077 RxPackets=63778 TxBytes=8016154 RxBytes=65259553

11-10 00:42:05.730 24302 24315 I com.wallapop: Background concurrent copying GC freed 267654(17MB) AllocSpace objects, 57(6MB) LOS objects, 49% free, 10MB/20MB, paused 463us total 159.760ms

11-10 00:42:05.786  4211  6759 D SamsungAlarmManager: Cancel Alarm calling from uid:10311 pid :24302 / op:PendingIntent{6b8a123: PendingIntentRecord{1c77620 com.wallapop broadcastIntent}}

11-10 00:42:05.849 24302 24302 W com.wallapop: Accessing hidden method Landroid/graphics/drawable/Drawable;->getOpticalInsets()Landroid/graphics/Insets; (light greylist, linking)

11-10 00:42:05.849 24302 24302 W com.wallapop: Accessing hidden field Landroid/graphics/Insets;->left:I (light greylist, linking)

11-10 00:42:05.849 24302 24302 W com.wallapop: Accessing hidden field Landroid/graphics/Insets;->right:I (light greylist, linking)

11-10 00:42:05.849 24302 24302 W com.wallapop: Accessing hidden field Landroid/graphics/Insets;->top:I (light greylist, linking)

11-10 00:42:05.849 24302 24302 W com.wallapop: Accessing hidden field Landroid/graphics/Insets;->bottom:I (light greylist, linking)

11-10 00:42:06.409 24302 24302 W com.wallapop: Accessing hidden method Landroid/view/View;->computeFitSystemWindows(Landroid/graphics/Rect;Landroid/graphics/Rect;)Z (light greylist, reflection)

11-10 00:42:06.411 24302 24302 W com.wallapop: Accessing hidden method Landroid/view/ViewGroup;->makeOptionalFitsSystemWindows()V (light greylist, reflection)

11-10 00:42:06.441 24302 24302 W com.wallapop: Accessing hidden field Landroid/view/ViewGroup;->mOnHierarchyChangeListener:Landroid/view/ViewGroup$OnHierarchyChangeListener; (light greylist, reflection)

11-10 00:42:06.463  4211  6759 D SamsungAlarmManager: Cancel Alarm calling from uid:10311 pid :24302 / op:PendingIntent{77f119b: PendingIntentRecord{159e938 com.wallapop broadcastIntent}}

11-10 00:42:06.502  4211  6759 D LocationManagerService: request 90bbbf3 passive Request[POWER_NONE passive fastest=0 num=1 lowPowerMode=false] from com.wallapop(10311 foreground)

11-10 00:42:06.503  4622  4682 E RequestManager_FLP: [LocationManagerService] Location request 90bbbf3(PendingIntent) passive interval=0 from com.wallapop(10311)

11-10 00:42:06.511 24302 24302 I chatty  : uid=10311(com.wallapop) identical 4 lines

11-10 00:42:06.521 24302 24302 I chatty  : uid=10311(com.wallapop) identical 3 lines

11-10 00:42:06.525 24302 24302 I chatty  : uid=10311(com.wallapop) identical 3 lines

11-10 00:42:06.525 24302 24302 I chatty  : uid=10311(com.wallapop) identical 1 line

11-10 00:42:06.528 24302 24302 I chatty  : uid=10311(com.wallapop) identical 8 lines

11-10 00:42:06.685  4211  6393 I ActivityManager: START u0 {act=null typ=null flg=0x0 cmp=ComponentInfo{com.wallapop/com.rewallapop.ui.wall.WallActivity}} from uid 10311

11-10 00:42:06.699  3727  3727 I SurfaceFlinger: id=23539 createSurf (4440x4440),2 flag=4, AppWindowToken{f6060e4 token=Token{3332c77 ActivityRecord{d786e76 u0 com.wallapop/com.rewallapop.ui.wall.WallActivity t2115}}}#0

11-10 00:42:06.702  4211  6393 D SurfaceControl: reparent is called, sc=Surface(name=5a7d1a3 Splash Screen com.wallapop)/@0xde6e94d, newParentHandle=android.os.BinderProxy@4f4fc02, transaction=android.view.SurfaceControl$Transaction@ca41913

11-10 00:42:06.704  3727  5386 D Layer   : [5a7d1a3 Splash Screen com.wallapop#0]::reparent oldParent:[AppWindowToken{6aff36e token=Token{2d6aae9 ActivityRecord{a6df770 u0 com.wallapop/com.rewallapop.ui.main.MainActivity t2115}}}#0], newParent:[AppWindowToken{f6060e4 token=Token{3332c77 ActivityRecord{d786e76 u0 com.wallapop/com.rewallapop.ui.wall.WallActivity t2115}}}#0]

11-10 00:42:06.708  4211  4228 D WindowManager: setSystemUiVisibility: vis= 0xa018, fullscreenVis= 0x2000, dockedVis= 0x0, win=Window{5a7d1a3 u0 Splash Screen com.wallapop}

11-10 00:42:06.712  4211  4211 D Telecom:SamsungPrebindingServiceImpl: onTopActivityChanged : ComponentInfo{com.wallapop/com.rewallapop.ui.wall.WallActivity}

11-10 00:42:06.870 24302 24562 I com.wallapop: The ClassLoaderContext is a special shared library.

11-10 00:42:06.873 24302 24562 I com.wallapop: Waiting for a blocking GC ClassLinker

11-10 00:42:07.006 24302 24315 I com.wallapop: Background concurrent copying GC freed 75499(6MB) AllocSpace objects, 49(1676KB) LOS objects, 49% free, 14MB/29MB, paused 361us total 237.152ms

11-10 00:42:07.008 24302 24562 I com.wallapop: WaitForGcToComplete blocked ClassLinker on HeapTrim for 134.815ms

11-10 00:42:07.008  4211  4227 D ApplicationPolicy: isStatusBarNotificationAllowedAsUser: packageName = com.wallapop,userId = 0

11-10 00:42:07.009  4211  4227 D ApplicationPolicy: isStatusBarNotificationAllowedAsUser: packageName = com.wallapop,userId = 0

11-10 00:42:07.101 24302 24302 W com.wallapop: Accessing hidden method Landroid/view/WindowManagerGlobal;->getInstance()Landroid/view/WindowManagerGlobal; (light greylist, reflection)

11-10 00:42:07.102 24302 24302 W com.wallapop: Accessing hidden field Landroid/view/WindowManagerGlobal;->mRoots:Ljava/util/ArrayList; (light greylist, reflection)

11-10 00:42:07.102 24302 24302 W com.wallapop: Accessing hidden field Landroid/view/ViewRootImpl;->mStopped:Z (light greylist, reflection)

11-10 00:42:07.137 23911 23911 D Notification.Badge: [valid] onNotificationPosted : StatusBarNotification(pkg=com.wallapop user=UserHandle{0} id=999 tag=null key=0|com.wallapop|999|null|10311: Notification(channel=wallapop_channel pri=-2 contentView=null vibrate=null sound=null defaults=0x0 flags=0x62 color=0x00000000 vis=PRIVATE semFlags=0x0 semPriority=0 semMissedCount=0))

11-10 00:42:07.137 23911 23911 D Notification.Badge: notificationKey : 0|com.wallapop|999|null|10311, count : 0, this.count : 1

11-10 00:42:07.141 23911 23978 D Notification.Badge: LauncherModel:onNotificationPosted() : com.wallapop, count : [0], shouldBeFilteredOut : [false]

11-10 00:42:07.141 23911 23978 D Notification.Badge: notificationKey : 0|com.wallapop|999|null|10311, count : 1, mTotalCount : 1

11-10 00:42:07.146 23911 23978 D Notification.Badge: updateLauncherIconBadges() item : [IconInfo(title=_Wallapop_ intent=Intent { act=android.intent.action.MAIN cat=[android.intent.category.LAUNCHER] flg=0x10200000 cmp=com.wallapop/.activities.HomeActivity (has extras) } id=160 type=0 container=-102 screen=1 cellX=3 cellY=0 spanX=1 spanY=1 rank=3 hidden=0 dropPos=null user=UserHandle{0} screenType=0)], mShowBadge : [true], item.mBadgeCount : [1]

11-10 00:42:07.150 23911 23911 D RecommendedView: updateBadgeItems: [IconInfo(title=_Wallapop_ intent=Intent { act=android.intent.action.MAIN cat=[android.intent.category.LAUNCHER] flg=0x10200000 cmp=com.wallapop/.activities.HomeActivity (has extras) } id=160 type=0 container=-102 screen=1 cellX=3 cellY=0 spanX=1 spanY=1 rank=3 hidden=0 dropPos=null user=UserHandle{0} screenType=0)]

11-10 00:42:07.191  4211  4311 D GamePkgDataHelper: notifyAppCreate(), pkgName: com.wallapop, sendRet: true

11-10 00:42:07.192  4211  4473 D GamePkgDataHelper: getGamePkgData(). com.wallapop

11-10 00:42:07.192  4211  4473 D GameManagerService: handleMessage(), MSG_APP_CREATE. ignore. pkgName: com.wallapop

11-10 00:42:07.194  4211  4311 D GameManagerService: noteResumeComponent(), resumeComponent: com.wallapop

11-10 00:42:07.194  4211  4311 D MARsPolicyManager: onPackageResumedFG pkgName = com.wallapop, userId = 0

11-10 00:42:07.194  4211  4473 D GameManagerService: handleForegroundChange(). pkgName: com.wallapop, clsName: com.rewallapop.ui.wall.WallActivity,FgActivityName:com.wallapop/com.rewallapop.ui.wall.WallActivity

11-10 00:42:07.197  4211  4211 D Telecom:SamsungPrebindingServiceImpl: onTopActivityChanged : ComponentInfo{com.wallapop/com.rewallapop.ui.wall.WallActivity}

11-10 00:42:07.202  4211  4311 I WindowManager: Cancelling animation restarting=true, leash=null, surface=Surface(name=AppWindowToken{6aff36e token=Token{2d6aae9 ActivityRecord{a6df770 u0 com.wallapop/com.rewallapop.ui.main.MainActivity t2115}}})/@0x99dc0ce, parent=Surface(name=Task=2115)/@0x63e0bef

11-10 00:42:07.202  4211  4311 I WindowManager: Reparenting to leash, surface=Surface(name=AppWindowToken{6aff36e token=Token{2d6aae9 ActivityRecord{a6df770 u0 com.wallapop/com.rewallapop.ui.main.MainActivity t2115}}})/@0x99dc0ce

11-10 00:42:07.204  3727  3727 I SurfaceFlinger: id=23540 createSurf (4440x4440),2 flag=4, Surface(name=AppWindowToken{6aff36e token=Token{2d6aae9 ActivityRecord{a6df770 u0 com.wallapop/com.rewallapop.ui.main.MainActivity t2115}}})/@0x99dc0ce - animation-leash#0

11-10 00:42:07.206  4211  4311 D WindowManager: makeSurface duration=4 leash=Surface(name=Surface(name=AppWindowToken{6aff36e token=Token{2d6aae9 ActivityRecord{a6df770 u0 com.wallapop/com.rewallapop.ui.main.MainActivity t2115}}})/@0x99dc0ce - animation-leash)/@0x9af6efe

11-10 00:42:07.207  4211  4311 D SurfaceControl: reparent is called, sc=Surface(name=AppWindowToken{6aff36e token=Token{2d6aae9 ActivityRecord{a6df770 u0 com.wallapop/com.rewallapop.ui.main.MainActivity t2115}}})/@0x99dc0ce, newParentHandle=android.os.BinderProxy@9f7d65f, transaction=android.view.SurfaceControl$Transaction@5591bda

11-10 00:42:07.211  3727  5386 D Layer   : [AppWindowToken{6aff36e token=Token{2d6aae9 ActivityRecord{a6df770 u0 com.wallapop/com.rewallapop.ui.main.MainActivity t2115}}}#0]::reparent oldParent:[Task=2115#0], newParent:[Surface(name=AppWindowToken{6aff36e token=Token{2d6aae9 ActivityRecord{a6df770 u0 com.wallapop/com.rewallapop.ui.main.MainActivity t2115}}})/@0x99dc0ce - animation-leash#0]

11-10 00:42:07.255 24302 24376 W com.wallapop: Accessing hidden method Ldalvik/system/VMRuntime;->getRuntime()Ldalvik/system/VMRuntime; (light greylist, reflection)

11-10 00:42:07.256 24302 24376 W com.wallapop: Accessing hidden method Ldalvik/system/VMRuntime;->vmInstructionSet()Ljava/lang/String; (light greylist, reflection)

11-10 00:42:07.325  8649  8665 I Finsky  : [8044] fxs.d(3): com.wallapop: Account determined from installer data - [rJj4Md76H4LxoN-B4dnoZM7XaXDDBcXGlC-caOCi6Uc]

11-10 00:42:07.326  8649  8665 I Finsky  : [8044] fxs.d(14): com.wallapop: Account from preferred account - [rJj4Md76H4LxoN-B4dnoZM7XaXDDBcXGlC-caOCi6Uc]

11-10 00:42:07.336  8649  8665 I Finsky  : [8044] fxs.d(3): com.wallapop: Account determined from installer data - [rJj4Md76H4LxoN-B4dnoZM7XaXDDBcXGlC-caOCi6Uc]

11-10 00:42:07.337  8649  8665 I Finsky  : [8044] fxs.d(14): com.wallapop: Account from preferred account - [rJj4Md76H4LxoN-B4dnoZM7XaXDDBcXGlC-caOCi6Uc]

11-10 00:42:07.341  8649  8665 I Finsky  : [8044] fxs.d(3): com.wallapop: Account determined from installer data - [rJj4Md76H4LxoN-B4dnoZM7XaXDDBcXGlC-caOCi6Uc]

11-10 00:42:07.342  8649  8665 I Finsky  : [8044] fxs.d(14): com.wallapop: Account from preferred account - [rJj4Md76H4LxoN-B4dnoZM7XaXDDBcXGlC-caOCi6Uc]

11-10 00:42:07.348  8649  8665 I Finsky  : [8044] fxs.d(3): com.wallapop: Account determined from installer data - [rJj4Md76H4LxoN-B4dnoZM7XaXDDBcXGlC-caOCi6Uc]

11-10 00:42:07.348  8649  8665 I Finsky  : [8044] fxs.d(14): com.wallapop: Account from preferred account - [rJj4Md76H4LxoN-B4dnoZM7XaXDDBcXGlC-caOCi6Uc]

11-10 00:42:07.501  4211  4310 I WindowManager: reset, Reparenting to original parent, shouldDeferScheduleAnimation=false, destroyLeash=true, surface=Surface(name=AppWindowToken{6aff36e token=Token{2d6aae9 ActivityRecord{a6df770 u0 com.wallapop/com.rewallapop.ui.main.MainActivity t2115}}})/@0x99dc0ce, parent=Surface(name=Task=2115)/@0x63e0bef, parentNativeHandle=android.os.BinderProxy@93d1ba6, caller=com.android.server.wm.SurfaceAnimator.lambda$getFinishedCallback$0:97 com.android.server.wm.-$$Lambda$SurfaceAnimator$SIBia0mND666K8lMCPsoid8pUTI.run:4 com.android.server.wm.SurfaceAnimator.lambda$getFinishedCallback$1:104 com.android.server.wm.-$$Lambda$SurfaceAnimator$vdRZk66hQVbQCvVXEaQCT1kVmFc.onAnimationFinished:4 com.android.server.wm.LocalAnimationAdapter.lambda$startAnimation$0:74

11-10 00:42:07.501  4211  4310 D SurfaceControl: reparent is called, sc=Surface(name=AppWindowToken{6aff36e token=Token{2d6aae9 ActivityRecord{a6df770 u0 com.wallapop/com.rewallapop.ui.main.MainActivity t2115}}})/@0x99dc0ce, newParentHandle=android.os.BinderProxy@93d1ba6, transaction=android.view.SurfaceControl$Transaction@5591bda

11-10 00:42:07.502  4211  4310 D SurfaceControl: destroy(transaction), animation-leash is destroyed, sc=Surface(name=Surface(name=AppWindowToken{6aff36e token=Token{2d6aae9 ActivityRecord{a6df770 u0 com.wallapop/com.rewallapop.ui.main.MainActivity t2115}}})/@0x99dc0ce - animation-leash)/@0x9af6efe, transaction=android.view.SurfaceControl$Transaction@5591bda, caller=com.android.server.wm.SurfaceAnimator.reset:338 com.android.server.wm.SurfaceAnimator.lambda$getFinishedCallback$0:97 com.android.server.wm.-$$Lambda$SurfaceAnimator$SIBia0mND666K8lMCPsoid8pUTI.run:4 com.android.server.wm.SurfaceAnimator.lambda$getFinishedCallback$1:104 com.android.server.wm.-$$Lambda$SurfaceAnimator$vdRZk66hQVbQCvVXEaQCT1kVmFc.onAnimationFinished:4 com.android.server.wm.LocalAnimationAdapter.lambda$startAnimation$0:74 com.android.server.wm.-$$Lambda$LocalAnimationAdapter$X--EomqUvw4qy89IeeTFTH7aCMo.run:4

11-10 00:42:07.519  3727  5001 D Layer   : [AppWindowToken{6aff36e token=Token{2d6aae9 ActivityRecord{a6df770 u0 com.wallapop/com.rewallapop.ui.main.MainActivity t2115}}}#0]::reparent oldParent:[Surface(name=AppWindowToken{6aff36e token=Token{2d6aae9 ActivityRecord{a6df770 u0 com.wallapop/com.rewallapop.ui.main.MainActivity t2115}}})/@0x99dc0ce - animation-leash#0], newParent:[Task=2115#0]

11-10 00:42:07.519  3727  5001 I SurfaceFlinger: id=23540 Removed Surface(name=AppWindowToken{6aff36e token=Token{2d6aae9 ActivityRecord{a6df770 u0 com.wallapop/com.rewallapop.ui.main.MainActivity t2115}}})/@0x99dc0ce - animation-leash#0 (0/53)

11-10 00:42:07.533  3727  3727 I Layer   : id=23540 onRemoved Surface(name=AppWindowToken{6aff36e token=Token{2d6aae9 ActivityRecord{a6df770 u0 com.wallapop/com.rewallapop.ui.main.MainActivity t2115}}})/@0x99dc0ce - animation-leash#0

11-10 00:42:07.674  4211  4311 D SamsungAlarmManager: Cancel Alarm calling from uid:10311 pid :24302 / op:PendingIntent{462144: PendingIntentRecord{159e938 com.wallapop broadcastIntent}}

11-10 00:42:07.822 24302 24591 I com.wallapop: The ClassLoaderContext is a special shared library.

11-10 00:42:07.841 24302 24616 I com.wallapop: Waiting for a blocking GC ClassLinker

11-10 00:42:07.842 24302 24618 I com.wallapop: Waiting for a blocking GC ClassLinker

11-10 00:42:07.846 24302 24617 I com.wallapop: Waiting for a blocking GC ClassLinker

11-10 00:42:07.848 24302 24619 I com.wallapop: Waiting for a blocking GC ClassLinker

11-10 00:42:07.851 24302 24620 I com.wallapop: Waiting for a blocking GC ClassLinker

11-10 00:42:07.852 24302 24621 I com.wallapop: Waiting for a blocking GC ClassLinker

11-10 00:42:07.854 24302 24623 I com.wallapop: Waiting for a blocking GC ClassLinker

11-10 00:42:07.854 24302 24302 W com.wallapop: Accessing hidden method Landroid/widget/TextView;->getTextDirectionHeuristic()Landroid/text/TextDirectionHeuristic; (light greylist, linking)

11-10 00:42:07.855 24302 24622 I com.wallapop: Waiting for a blocking GC ClassLinker

11-10 00:42:07.857 24302 24624 I com.wallapop: Waiting for a blocking GC ClassLinker

11-10 00:42:07.858 24302 24626 I com.wallapop: Waiting for a blocking GC ClassLinker

11-10 00:42:07.861 24302 24627 I com.wallapop: Waiting for a blocking GC ClassLinker

11-10 00:42:07.862 24302 24628 I com.wallapop: Waiting for a blocking GC ClassLinker

11-10 00:42:07.864 24302 24625 I com.wallapop: Waiting for a blocking GC ClassLinker

11-10 00:42:07.866 24302 24629 I com.wallapop: Waiting for a blocking GC ClassLinker

11-10 00:42:07.868 24302 24630 I com.wallapop: Waiting for a blocking GC ClassLinker

11-10 00:42:07.869 24302 24631 I com.wallapop: Waiting for a blocking GC ClassLinker

11-10 00:42:07.871 24302 24632 I com.wallapop: Waiting for a blocking GC ClassLinker

11-10 00:42:07.871 24302 24302 W com.wallapop: Accessing hidden method Landroid/graphics/FontFamily;-><init>()V (light greylist, reflection)

11-10 00:42:07.872 24302 24302 W com.wallapop: Accessing hidden method Landroid/graphics/FontFamily;->addFontFromAssetManager(Landroid/content/res/AssetManager;Ljava/lang/String;IZIII[Landroid/graphics/fonts/FontVariationAxis;)Z (light greylist, reflection)

11-10 00:42:07.872 24302 24302 W com.wallapop: Accessing hidden method Landroid/graphics/FontFamily;->addFontFromBuffer(Ljava/nio/ByteBuffer;I[Landroid/graphics/fonts/FontVariationAxis;II)Z (light greylist, reflection)

11-10 00:42:07.872 24302 24302 W com.wallapop: Accessing hidden method Landroid/graphics/FontFamily;->freeze()Z (light greylist, reflection)

11-10 00:42:07.872 24302 24633 I com.wallapop: Waiting for a blocking GC ClassLinker

11-10 00:42:07.872 24302 24302 W com.wallapop: Accessing hidden method Landroid/graphics/FontFamily;->abortCreation()V (light greylist, reflection)

11-10 00:42:07.873 24302 24302 W com.wallapop: Accessing hidden method Landroid/graphics/Typeface;->createFromFamiliesWithDefault([Landroid/graphics/FontFamily;Ljava/lang/String;II)Landroid/graphics/Typeface; (light greylist, reflection)

11-10 00:42:07.875 24302 24635 I com.wallapop: Waiting for a blocking GC ClassLinker

11-10 00:42:07.876 24302 24636 I com.wallapop: Waiting for a blocking GC ClassLinker

11-10 00:42:07.877 24302 24634 I com.wallapop: Waiting for a blocking GC ClassLinker

11-10 00:42:07.878 24302 24637 I com.wallapop: Waiting for a blocking GC ClassLinker

11-10 00:42:07.883 24302 24640 I com.wallapop: Waiting for a blocking GC ClassLinker

11-10 00:42:07.885 24302 24639 I com.wallapop: Waiting for a blocking GC ClassLinker

11-10 00:42:07.886 24302 24638 I com.wallapop: Waiting for a blocking GC ClassLinker

11-10 00:42:07.969 24302 24315 I com.wallapop: Background concurrent copying GC freed 189345(12MB) AllocSpace objects, 48(2MB) LOS objects, 49% free, 14MB/29MB, paused 285us total 146.509ms

11-10 00:42:07.969 24302 24616 I com.wallapop: WaitForGcToComplete blocked ClassLinker on ClassLinker for 127.758ms

11-10 00:42:07.969 24302 24618 I com.wallapop: WaitForGcToComplete blocked ClassLinker on ClassLinker for 126.922ms

11-10 00:42:07.969 24302 24620 I com.wallapop: WaitForGcToComplete blocked ClassLinker on ClassLinker for 118.675ms

11-10 00:42:07.970 24302 24617 I com.wallapop: WaitForGcToComplete blocked ClassLinker on ClassLinker for 123.573ms

11-10 00:42:07.970 24302 24622 I com.wallapop: WaitForGcToComplete blocked ClassLinker on ClassLinker for 114.585ms

11-10 00:42:07.970 24302 24624 I com.wallapop: WaitForGcToComplete blocked ClassLinker on ClassLinker for 113.492ms

11-10 00:42:07.971 24302 24626 I com.wallapop: WaitForGcToComplete blocked ClassLinker on ClassLinker for 112.389ms

11-10 00:42:07.971 24302 24627 I com.wallapop: WaitForGcToComplete blocked ClassLinker on ClassLinker for 110.371ms

11-10 00:42:07.971 24302 24632 I com.wallapop: WaitForGcToComplete blocked ClassLinker on ClassLinker for 100.316ms

11-10 00:42:07.972 24302 24629 I com.wallapop: WaitForGcToComplete blocked ClassLinker on ClassLinker for 106.349ms

11-10 00:42:07.972 24302 24634 I com.wallapop: WaitForGcToComplete blocked ClassLinker on ClassLinker for 95.033ms

11-10 00:42:07.973 24302 24628 I com.wallapop: WaitForGcToComplete blocked ClassLinker on ClassLinker for 110.450ms

11-10 00:42:07.973 24302 24630 I com.wallapop: Waiting for a blocking GC ClassLinker

11-10 00:42:07.973 24302 24636 I com.wallapop: Waiting for a blocking GC ClassLinker

11-10 00:42:07.973 24302 24638 I com.wallapop: Waiting for a blocking GC ClassLinker

11-10 00:42:07.973 24302 24639 I com.wallapop: Waiting for a blocking GC ClassLinker

11-10 00:42:07.973 24302 24635 I com.wallapop: Waiting for a blocking GC ClassLinker

