11-10 00:42:07.974 24302 24625 I com.wallapop: WaitForGcToComplete blocked ClassLinker on ClassLinker for 110.228ms

11-10 00:42:07.974 24302 24637 I com.wallapop: WaitForGcToComplete blocked ClassLinker on ClassLinker for 96.414ms

11-10 00:42:07.974 24302 24640 I com.wallapop: WaitForGcToComplete blocked ClassLinker on ClassLinker for 91.087ms

11-10 00:42:07.975 24302 24621 I com.wallapop: WaitForGcToComplete blocked ClassLinker on ClassLinker for 122.294ms

11-10 00:42:07.975 24302 24619 I com.wallapop: WaitForGcToComplete blocked ClassLinker on ClassLinker for 126.698ms

11-10 00:42:07.975 24302 24630 I com.wallapop: WaitForGcToComplete blocked ClassLinker on ClassLinker for 107.471ms

11-10 00:42:07.975 24302 24639 I com.wallapop: WaitForGcToComplete blocked ClassLinker on ClassLinker for 90.713ms

11-10 00:42:07.975 24302 24633 I com.wallapop: WaitForGcToComplete blocked ClassLinker on ClassLinker for 103.063ms

11-10 00:42:07.976 24302 24623 I com.wallapop: WaitForGcToComplete blocked ClassLinker on ClassLinker for 121.794ms

11-10 00:42:07.976 24302 24631 I com.wallapop: Waiting for a blocking GC ClassLinker

11-10 00:42:07.976 24302 24635 I com.wallapop: Waiting for a blocking GC ClassLinker

11-10 00:42:07.976 24302 24638 I com.wallapop: Waiting for a blocking GC ClassLinker

11-10 00:42:07.976 24302 24636 I com.wallapop: Waiting for a blocking GC ClassLinker

11-10 00:42:07.976 24302 24631 I com.wallapop: WaitForGcToComplete blocked ClassLinker on ClassLinker for 106.870ms

11-10 00:42:07.976 24302 24635 I com.wallapop: WaitForGcToComplete blocked ClassLinker on ClassLinker for 101.728ms

11-10 00:42:07.977 24302 24636 I com.wallapop: Waiting for a blocking GC ClassLinker

11-10 00:42:07.977 24302 24638 I com.wallapop: Waiting for a blocking GC ClassLinker

11-10 00:42:07.977 24302 24636 I com.wallapop: WaitForGcToComplete blocked ClassLinker on ClassLinker for 100.993ms

11-10 00:42:07.977 24302 24638 I com.wallapop: WaitForGcToComplete blocked ClassLinker on ClassLinker for 91.268ms

11-10 00:42:08.694  4211  5239 D ActivityManagerPerformance: Received MSG_DISABLE_ACT_START, r: ActivityRecord{d786e76 u0 com.wallapop/com.rewallapop.ui.wall.WallActivity t2115}

11-10 00:42:08.820 24302 24309 I com.wallapop: Compiler allocated 4MB to compile void android.widget.TextView.<init>(android.content.Context, android.util.AttributeSet, int, int)

11-10 00:42:09.016  3727  3727 I SurfaceFlinger: id=23541 createSurf (4440x4440),2 flag=4, b0a2410 com.wallapop/com.rewallapop.ui.wall.WallActivity#0

11-10 00:42:09.046  8649 17754 I Finsky  : [8154] fxs.d(3): com.wallapop: Account determined from installer data - [rJj4Md76H4LxoN-B4dnoZM7XaXDDBcXGlC-caOCi6Uc]

11-10 00:42:09.047  8649 17754 I Finsky  : [8154] fxs.d(14): com.wallapop: Account from preferred account - [rJj4Md76H4LxoN-B4dnoZM7XaXDDBcXGlC-caOCi6Uc]

11-10 00:42:09.093  8649 17754 I Finsky  : [8154] fxs.d(3): com.wallapop: Account determined from installer data - [rJj4Md76H4LxoN-B4dnoZM7XaXDDBcXGlC-caOCi6Uc]

11-10 00:42:09.093  8649 17754 I Finsky  : [8154] fxs.d(14): com.wallapop: Account from preferred account - [rJj4Md76H4LxoN-B4dnoZM7XaXDDBcXGlC-caOCi6Uc]

11-10 00:42:09.159  8649 17754 I Finsky  : [8154] fxs.d(3): com.wallapop: Account determined from installer data - [rJj4Md76H4LxoN-B4dnoZM7XaXDDBcXGlC-caOCi6Uc]

11-10 00:42:09.160  8649 17754 I Finsky  : [8154] fxs.d(14): com.wallapop: Account from preferred account - [rJj4Md76H4LxoN-B4dnoZM7XaXDDBcXGlC-caOCi6Uc]

11-10 00:42:09.208  8649 17754 I Finsky  : [8154] fxs.d(3): com.wallapop: Account determined from installer data - [rJj4Md76H4LxoN-B4dnoZM7XaXDDBcXGlC-caOCi6Uc]

11-10 00:42:09.208  8649 17754 I Finsky  : [8154] fxs.d(14): com.wallapop: Account from preferred account - [rJj4Md76H4LxoN-B4dnoZM7XaXDDBcXGlC-caOCi6Uc]

11-10 00:42:09.234  4211  4390 D WifiTrafficPoller: TrafficStats TxPkts=752385 RxPkts=1344054 TxBytes=171414715 RxBytes=1280509317 , Foreground uid=10311 pkgName=com.wallapop TxPackets=55349 RxPackets=64064 TxBytes=8053047 RxBytes=65517002

11-10 00:42:09.664  4211  6393 V WindowManager: Relayout Window{b0a2410 u0 com.wallapop/com.rewallapop.ui.wall.WallActivity}: viewVisibility=0 req=1080x2220 {(0,0)(fillxfill) sim={adjust=resize forwardNavigation} ty=BASE_APPLICATION wanim=0x10302fe

11-10 00:42:09.670  3727  3727 I SurfaceFlinger: id=23542 createSurf (1080x2220),1 flag=404, com.wallapop/com.rewallapop.ui.wall.WallActivity[24302]#0

11-10 00:42:09.672  4211  6393 D WindowManager: makeSurface duration=4 name=com.wallapop/com.rewallapop.ui.wall.WallActivity[24302]

11-10 00:42:09.673  4211  6393 V WindowManager: Changing focus from null to Window{b0a2410 u0 com.wallapop/com.rewallapop.ui.wall.WallActivity} Callers=com.android.server.wm.WindowManagerService.relayoutWindow:2526 com.android.server.wm.Session.relayoutForTranslate:302 android.view.IWindowSession$Stub.onTransact:518 com.android.server.wm.Session.onTransact:186

11-10 00:42:09.674  4211  4228 D WindowManager: setSystemUiVisibility: vis= 0xa518, fullscreenVis= 0x2000, dockedVis= 0x0, win=Window{b0a2410 u0 com.wallapop/com.rewallapop.ui.wall.WallActivity}

11-10 00:42:09.676  4211  4242 D WindowManager: reportFocusChangedSerialized, focused=true, inTouchMode=true, win=Window{b0a2410 u0 com.wallapop/com.rewallapop.ui.wall.WallActivity}

11-10 00:42:09.773  8649  8665 I Finsky  : [8044] fxs.d(3): com.wallapop: Account determined from installer data - [rJj4Md76H4LxoN-B4dnoZM7XaXDDBcXGlC-caOCi6Uc]

11-10 00:42:09.774  8649  8665 I Finsky  : [8044] fxs.d(14): com.wallapop: Account from preferred account - [rJj4Md76H4LxoN-B4dnoZM7XaXDDBcXGlC-caOCi6Uc]

11-10 00:42:09.920  4211  6759 D WindowManager: finishDrawingWindow: Window{b0a2410 u0 com.wallapop/com.rewallapop.ui.wall.WallActivity} mDrawState=DRAW_PENDING

11-10 00:42:09.923  4211  4310 I WindowManager: commitFinishDrawingLocked: mDrawState=READY_TO_SHOW Surface(name=com.wallapop/com.rewallapop.ui.wall.WallActivity[24302])/@0x375a16c

11-10 00:42:09.924  4211  4310 V WindowManager: Resize reasons for w=Window{b0a2410 u0 com.wallapop/com.rewallapop.ui.wall.WallActivity}:  contentInsetsChanged=false [0,63][0,126] visibleInsetsChanged=false [0,63][0,126] stableInsetsChanged=false [0,63][0,126] outsetsChanged=false [0,0][0,0] surfaceResized=false configChanged=false dragResizingChanged=false reportOrientationChanged=false displayCutoutChanged=false nextForceRelayoutToClient=false

11-10 00:42:09.931  4211  4310 I WindowManager: commitFinishDrawingLocked: mDrawState=READY_TO_SHOW Surface(name=com.wallapop/com.rewallapop.ui.wall.WallActivity[24302])/@0x375a16c

11-10 00:42:09.931  4211  4310 I WindowManager: Cancelling animation restarting=false, leash=null, surface=Surface(name=b0a2410 com.wallapop/com.rewallapop.ui.wall.WallActivity)/@0x5ccd335, parent=Surface(name=AppWindowToken{f6060e4 token=Token{3332c77 ActivityRecord{d786e76 u0 com.wallapop/com.rewallapop.ui.wall.WallActivity t2115}}})/@0x8e43ca

11-10 00:42:09.931  4211  4310 V WindowManager: performShowLocked: mDrawState=HAS_DRAWN in Window{b0a2410 u0 com.wallapop/com.rewallapop.ui.wall.WallActivity}

11-10 00:42:09.950  4211  4242 I ActivityManager: Displayed com.wallapop/com.rewallapop.ui.wall.WallActivity: +2s745ms (total +11s702ms)

11-10 00:42:09.952  4211  4310 V WindowManager: Remove Window{5a7d1a3 u0 Splash Screen com.wallapop}: mSurfaceController=Surface(name=Splash Screen com.wallapop)/@0xbac6915 mAnimatingExit=false mRemoveOnExit=false mHasSurface=true surfaceShowing=true isAnimationSet=false app-animation=false mWillReplaceWindow=false inPendingTransaction=false mDisplayFrozen=false callers=com.android.server.wm.WindowState.removeIfPossible:2764 com.android.server.wm.WindowManagerService.removeWindow:1943 com.android.server.wm.Session.remove:268 android.view.ViewRootImpl.dispatchDetachedFromWindow:4565 android.view.ViewRootImpl.doDie:7996 android.view.ViewRootImpl$ViewRootHandler.handleMessage:4987

11-10 00:42:09.954  4211  4310 I WindowManager: Cancelling animation restarting=true, leash=null, surface=Surface(name=5a7d1a3 Splash Screen com.wallapop)/@0xde6e94d, parent=Surface(name=AppWindowToken{f6060e4 token=Token{3332c77 ActivityRecord{d786e76 u0 com.wallapop/com.rewallapop.ui.wall.WallActivity t2115}}})/@0x8e43ca

11-10 00:42:09.954  4211  4310 I WindowManager: Reparenting to leash, surface=Surface(name=5a7d1a3 Splash Screen com.wallapop)/@0xde6e94d

11-10 00:42:09.964  3727  3727 I SurfaceFlinger:      Device | 0x70dda1f240 | 0002 | RGBA_8888 |   0.0    0.0 1080.0 2220.0 |    0    0 1080 2220 | com.wallapop/com.rewallapop.ui.wall.WallActivity[24302]#0

11-10 00:42:09.964  3727  3727 I SurfaceFlinger:      Device | 0x70de033ec0 | 0000 | RGBA_8888 |   0.0    0.0 1080.0 2220.0 |    0    0 1080 2220 | Splash Screen com.wallapop#0

11-10 00:42:09.965  3727  3727 I SurfaceFlinger: id=23543 createSurf (4440x4440),2 flag=4, Surface(name=5a7d1a3 Splash Screen com.wallapop)/@0xde6e94d - animation-leash#0

11-10 00:42:09.968  4211  4310 D WindowManager: makeSurface duration=15 leash=Surface(name=Surface(name=5a7d1a3 Splash Screen com.wallapop)/@0xde6e94d - animation-leash)/@0xcd16858

11-10 00:42:09.969  4211  4310 D SurfaceControl: reparent is called, sc=Surface(name=5a7d1a3 Splash Screen com.wallapop)/@0xde6e94d, newParentHandle=android.os.BinderProxy@f046db1, transaction=android.view.SurfaceControl$Transaction@ca41913

11-10 00:42:09.972  3727  5001 D Layer   : [5a7d1a3 Splash Screen com.wallapop#0]::reparent oldParent:[AppWindowToken{f6060e4 token=Token{3332c77 ActivityRecord{d786e76 u0 com.wallapop/com.rewallapop.ui.wall.WallActivity t2115}}}#0], newParent:[Surface(name=5a7d1a3 Splash Screen com.wallapop)/@0xde6e94d - animation-leash#0]

11-10 00:42:10.117 24302 24302 V InputMethodManager: Starting input: tba=com.wallapop ic=null mNaviBarColor -1 mIsGetNaviBarColorSuccess true , NavVisible : true , NavTrans : false

11-10 00:42:10.122  4211  6393 V InputMethodManagerService: windowGainedFocus : reason=WINDOW_FOCUS_GAIN client=android.os.BinderProxy@5877ac2 inputContext=null missingMethods= attribute=android.view.inputmethod.EditorInfo@59f3a5 nm = com.wallapop controlFlags=#104 softInputMode=#110 windowFlags=#81810100

11-10 00:42:10.138  4211  4310 I WindowManager: reset, Reparenting to original parent, shouldDeferScheduleAnimation=false, destroyLeash=true, surface=Surface(name=5a7d1a3 Splash Screen com.wallapop)/@0xde6e94d, parent=Surface(name=AppWindowToken{f6060e4 token=Token{3332c77 ActivityRecord{d786e76 u0 com.wallapop/com.rewallapop.ui.wall.WallActivity t2115}}})/@0x8e43ca, parentNativeHandle=android.os.BinderProxy@4f4fc02, caller=com.android.server.wm.SurfaceAnimator.lambda$getFinishedCallback$0:97 com.android.server.wm.-$$Lambda$SurfaceAnimator$SIBia0mND666K8lMCPsoid8pUTI.run:4 com.android.server.wm.SurfaceAnimator.lambda$getFinishedCallback$1:104 com.android.server.wm.-$$Lambda$SurfaceAnimator$vdRZk66hQVbQCvVXEaQCT1kVmFc.onAnimationFinished:4 com.android.server.wm.LocalAnimationAdapter.lambda$startAnimation$0:74

11-10 00:42:10.138  4211  4310 D SurfaceControl: reparent is called, sc=Surface(name=5a7d1a3 Splash Screen com.wallapop)/@0xde6e94d, newParentHandle=android.os.BinderProxy@4f4fc02, transaction=android.view.SurfaceControl$Transaction@ca41913

11-10 00:42:10.142  4211  4310 D SurfaceControl: destroy(transaction), animation-leash is destroyed, sc=Surface(name=Surface(name=5a7d1a3 Splash Screen com.wallapop)/@0xde6e94d - animation-leash)/@0xcd16858, transaction=android.view.SurfaceControl$Transaction@ca41913, caller=com.android.server.wm.SurfaceAnimator.reset:338 com.android.server.wm.SurfaceAnimator.lambda$getFinishedCallback$0:97 com.android.server.wm.-$$Lambda$SurfaceAnimator$SIBia0mND666K8lMCPsoid8pUTI.run:4 com.android.server.wm.SurfaceAnimator.lambda$getFinishedCallback$1:104 com.android.server.wm.-$$Lambda$SurfaceAnimator$vdRZk66hQVbQCvVXEaQCT1kVmFc.onAnimationFinished:4 com.android.server.wm.LocalAnimationAdapter.lambda$startAnimation$0:74 com.android.server.wm.-$$Lambda$LocalAnimationAdapter$X--EomqUvw4qy89IeeTFTH7aCMo.run:4

11-10 00:42:10.143  4211  4310 E WindowManager: win=Window{5a7d1a3 u0 Splash Screen com.wallapop EXITING} destroySurfaces: appStopped=false win.mWindowRemovalAllowed=true win.mRemoveOnExit=true win.mViewVisibility=0 caller=com.android.server.wm.AppWindowToken.destroySurfaces:870 com.android.server.wm.AppWindowToken.destroySurfaces:851 com.android.server.wm.WindowState.onExitAnimationDone:5436 com.android.server.wm.WindowStateAnimator.onAnimationFinished:319 com.android.server.wm.WindowState.onAnimationFinished:5858 com.android.server.wm.-$$Lambda$yVRF8YoeNdTa8GR1wDStVsHu8xM.run:2 com.android.server.wm.SurfaceAnimator.lambda$getFinishedCallback$0:100

11-10 00:42:10.143  4211  4310 I WindowManager: Destroying surface Surface(name=Splash Screen com.wallapop)/@0xbac6915 called by com.android.server.wm.WindowStateAnimator.destroySurface:1901 com.android.server.wm.WindowStateAnimator.destroySurfaceLocked:838 com.android.server.wm.WindowState.destroySurfaceUnchecked:3839 com.android.server.wm.WindowState.destroySurface:3820 com.android.server.wm.AppWindowToken.destroySurfaces:870 com.android.server.wm.AppWindowToken.destroySurfaces:851 com.android.server.wm.WindowState.onExitAnimationDone:5436 com.android.server.wm.WindowStateAnimator.onAnimationFinished:319

11-10 00:42:10.146  3727  5386 I SurfaceFlinger: id=23536 Removed Splash Screen com.wallapop#0 (0/55)

11-10 00:42:10.151  3727  5386 W SurfaceFlinger: Attempting to set client state on removed layer: Splash Screen com.wallapop#0 [s.what : 40]

11-10 00:42:10.151  3727  5386 D Layer   : [5a7d1a3 Splash Screen com.wallapop#0]::reparent oldParent:[Surface(name=5a7d1a3 Splash Screen com.wallapop)/@0xde6e94d - animation-leash#0], newParent:[AppWindowToken{f6060e4 token=Token{3332c77 ActivityRecord{d786e76 u0 com.wallapop/com.rewallapop.ui.wall.WallActivity t2115}}}#0]

11-10 00:42:10.151  3727  5386 I SurfaceFlinger: id=23543 Removed Surface(name=5a7d1a3 Splash Screen com.wallapop)/@0xde6e94d - animation-leash#0 (2/54)

11-10 00:42:10.151  3727  5386 W SurfaceFlinger: Attempting to destroy on removed layer: Splash Screen com.wallapop#0

11-10 00:42:10.151  3727  5386 I SurfaceFlinger: id=23535 Removed 5a7d1a3 Splash Screen com.wallapop#0 (1/53)

11-10 00:42:10.154  3727  3727 I Layer   : id=23536 onRemoved Splash Screen com.wallapop#0

11-10 00:42:10.155  3727  3727 I Layer   : id=23543 onRemoved Surface(name=5a7d1a3 Splash Screen com.wallapop)/@0xde6e94d - animation-leash#0

11-10 00:42:10.155  3727  3727 I Layer   : id=23535 onRemoved 5a7d1a3 Splash Screen com.wallapop#0

11-10 00:42:10.161  3727  3727 I SurfaceFlinger:      Device | 0x70dda1f240 | 0002 | RGBA_8888 |   0.0    0.0 1080.0 2220.0 |    0    0 1080 2220 | com.wallapop/com.rewallapop.ui.wall.WallActivity[24302]#0

11-10 00:42:10.275 24302 24302 V InputMethodManager: Starting input: tba=com.wallapop ic=null mNaviBarColor -1 mIsGetNaviBarColorSuccess true , NavVisible : true , NavTrans : false

11-10 00:42:10.321  4622  4682 E RequestManager_FLP: [FusedLocationApi] Location request d3508de(Listener) PRIORITY_BALANCED_POWER_ACCURACY interval=300000 from com.wallapop

11-10 00:42:10.398  4211  4222 I WindowManager: Cancelling animation restarting=false, leash=null, surface=Surface(name=AppWindowToken{6aff36e token=Token{2d6aae9 ActivityRecord{a6df770 u0 com.wallapop/com.rewallapop.ui.main.MainActivity t2115}}})/@0x99dc0ce, parent=Surface(name=Task=2115)/@0x63e0bef

11-10 00:42:10.403  4211  4228 D CodecSolution: isMaxAspectPackageEx: com.wallapop : true(2)

11-10 00:42:10.405  3727  5001 I SurfaceFlinger: id=23534 Removed AppWindowToken{6aff36e token=Token{2d6aae9 ActivityRecord{a6df770 u0 com.wallapop/com.rewallapop.ui.main.MainActivity t2115}}}#0 (0/52)

11-10 00:42:10.409  3727  3727 I Layer   : id=23534 onRemoved AppWindowToken{6aff36e token=Token{2d6aae9 ActivityRecord{a6df770 u0 com.wallapop/com.rewallapop.ui.main.MainActivity t2115}}}#0

11-10 00:42:10.463  8649 17754 I Finsky  : [8154] fxs.d(3): com.wallapop: Account determined from installer data - [rJj4Md76H4LxoN-B4dnoZM7XaXDDBcXGlC-caOCi6Uc]

11-10 00:42:10.464  8649 17754 I Finsky  : [8154] fxs.d(14): com.wallapop: Account from preferred account - [rJj4Md76H4LxoN-B4dnoZM7XaXDDBcXGlC-caOCi6Uc]

11-10 00:42:10.493  8649 17754 I Finsky  : [8154] fxs.d(3): com.wallapop: Account determined from installer data - [rJj4Md76H4LxoN-B4dnoZM7XaXDDBcXGlC-caOCi6Uc]

11-10 00:42:10.494  8649 17754 I Finsky  : [8154] fxs.d(14): com.wallapop: Account from preferred account - [rJj4Md76H4LxoN-B4dnoZM7XaXDDBcXGlC-caOCi6Uc]

11-10 00:42:10.531  4211  4669 D MdnieScenarioControlService:  packageName : com.wallapop    className : com.rewallapop.ui.wall.WallActivity

11-10 00:42:10.888 24302 24302 W com.wallapop: Accessing hidden field Landroid/view/View;->mAccessibilityDelegate:Landroid/view/View$AccessibilityDelegate; (light greylist, reflection)

11-10 00:42:11.721 24302 24302 W View    : requestLayout() improperly called by com.wallapop.design.view.WallapopTextView{633d1a5 V.ED..... ......ID 47,26-47,86 #7f0a0904 app:id/wp__home__tv_bubble} during layout: running second layout pass

11-10 00:42:12.750 24302 24315 I com.wallapop: Background concurrent copying GC freed 274946(18MB) AllocSpace objects, 93(10MB) LOS objects, 49% free, 21MB/42MB, paused 693us total 369.857ms

11-10 00:42:13.293  4211  4390 D WifiTrafficPoller: TrafficStats TxPkts=752600 RxPkts=1344304 TxBytes=171491181 RxBytes=1280653982 , Foreground uid=10311 pkgName=com.wallapop TxPackets=55453 RxPackets=64166 TxBytes=8081347 RxBytes=65543624

11-10 00:42:14.115  4211  6751 D WifiPermissionsUtil: canAccessScanResults: pkgName = com.wallapop, uid = 10311

11-10 00:42:14.692 24302 24591 D Amazon DTB Ads API: with query params:[?dt=android&app=app&dinfo=%7B%22os%22%3A%22Android%22%2C%22model%22%3A%22SM-A750FN%22%2C%22make%22%3A%22samsung%22%2C%22osVersion%22%3A%229%22%2C%22connectionType%22%3A%22Wifi%22%2C%22country%22%3A%22ES%22%2C%22scalingFactor%22%3A%222.625%22%2C%22carrier%22%3A%22JAZZTEL%22%2C%22language%22%3A%22es%22%2C%22screenSize%22%3A%221080x2094%22%2C%22orientation%22%3A%22portrait%22%7D&oo=0&aud=3p&idfa=bf505ce3-e614-4d9a-a4d7-9c324edc6560&appId=d2ba46e2d5ef4c9883051d9c8d0125d5&sdkVer=aps-android-7.4.3&ua=Dalvik%2F2.1.0%20%28Linux%3B%20U%3B%20Android%209%3B%20SM-A750FN%20Build%2FPPR1.180610.011%29&pkg=%7B%22lbl%22%3A%22_Wallapop_%22%2C%22pn%22%3A%22com.wallapop%22%2C%22v%22%3A%221850000%22%2C%22vn%22%3A%221.85.0-d1910251130%22%7D]

11-10 00:42:15.154 24302 24591 D Amazon DTB Ads API: Error while connecting to remote server: https://s.amazon-adsystem.com/api3/generate_did?dt=android&app=app&dinfo=%7B%22os%22%3A%22Android%22%2C%22model%22%3A%22SM-A750FN%22%2C%22make%22%3A%22samsung%22%2C%22osVersion%22%3A%229%22%2C%22connectionType%22%3A%22Wifi%22%2C%22country%22%3A%22ES%22%2C%22scalingFactor%22%3A%222.625%22%2C%22carrier%22%3A%22JAZZTEL%22%2C%22language%22%3A%22es%22%2C%22screenSize%22%3A%221080x2094%22%2C%22orientation%22%3A%22portrait%22%7D&oo=0&aud=3p&idfa=bf505ce3-e614-4d9a-a4d7-9c324edc6560&appId=d2ba46e2d5ef4c9883051d9c8d0125d5&sdkVer=aps-android-7.4.3&ua=Dalvik%2F2.1.0%20%28Linux%3B%20U%3B%20Android%209%3B%20SM-A750FN%20Build%2FPPR1.180610.011%29&pkg=%7B%22lbl%22%3A%22_Wallapop_%22%2C%22pn%22%3A%22com.wallapop%22%2C%22v%22%3A%221850000%22%2C%22vn%22%3A%221.85.0-d1910251130%22%7D with error:Chain validation failed

11-10 00:42:15.156 24302 24591 E Amazon DTB Ads API: 	at com.wallapop.thirdparty.ads.b.a.a(SourceFile:43)

11-10 00:42:15.156 24302 24591 E Amazon DTB Ads API: 	at com.wallapop.thirdparty.ads.b.a$b$1.invokeSuspend(SourceFile:34)

11-10 00:42:15.156 24302 24591 E Amazon DTB Ads API: 	at com.wallapop.thirdparty.ads.b.a$b$1.invoke(Unknown Source:10)

11-10 00:42:15.156 24302 24591 E Amazon DTB Ads API: 	at com.wallapop.thirdparty.ads.b.a$b.invokeSuspend(SourceFile:33)

11-10 00:42:15.295 24302 24862 D Amazon DTB Ads API: with query params:[?dt=android&app=app&dinfo=%7B%22os%22%3A%22Android%22%2C%22model%22%3A%22SM-A750FN%22%2C%22make%22%3A%22samsung%22%2C%22osVersion%22%3A%229%22%2C%22connectionType%22%3A%22Wifi%22%2C%22country%22%3A%22ES%22%2C%22scalingFactor%22%3A%222.625%22%2C%22carrier%22%3A%22JAZZTEL%22%2C%22language%22%3A%22es%22%2C%22screenSize%22%3A%221080x2094%22%2C%22orientation%22%3A%22portrait%22%7D&oo=0&aud=3p&idfa=bf505ce3-e614-4d9a-a4d7-9c324edc6560&appId=d2ba46e2d5ef4c9883051d9c8d0125d5&sdkVer=aps-android-7.4.3&ua=Dalvik%2F2.1.0%20%28Linux%3B%20U%3B%20Android%209%3B%20SM-A750FN%20Build%2FPPR1.180610.011%29&pkg=%7B%22lbl%22%3A%22_Wallapop_%22%2C%22pn%22%3A%22com.wallapop%22%2C%22v%22%3A%221850000%22%2C%22vn%22%3A%221.85.0-d1910251130%22%7D]

11-10 00:42:15.477 24302 24315 I com.wallapop: Background concurrent copying GC freed 304515(14MB) AllocSpace objects, 126(7MB) LOS objects, 49% free, 23MB/46MB, paused 1.884ms total 218.856ms

11-10 00:42:15.793 24302 24862 D Amazon DTB Ads API: Error while connecting to remote server: https://s.amazon-adsystem.com/api3/generate_did?dt=android&app=app&dinfo=%7B%22os%22%3A%22Android%22%2C%22model%22%3A%22SM-A750FN%22%2C%22make%22%3A%22samsung%22%2C%22osVersion%22%3A%229%22%2C%22connectionType%22%3A%22Wifi%22%2C%22country%22%3A%22ES%22%2C%22scalingFactor%22%3A%222.625%22%2C%22carrier%22%3A%22JAZZTEL%22%2C%22language%22%3A%22es%22%2C%22screenSize%22%3A%221080x2094%22%2C%22orientation%22%3A%22portrait%22%7D&oo=0&aud=3p&idfa=bf505ce3-e614-4d9a-a4d7-9c324edc6560&appId=d2ba46e2d5ef4c9883051d9c8d0125d5&sdkVer=aps-android-7.4.3&ua=Dalvik%2F2.1.0%20%28Linux%3B%20U%3B%20Android%209%3B%20SM-A750FN%20Build%2FPPR1.180610.011%29&pkg=%7B%22lbl%22%3A%22_Wallapop_%22%2C%22pn%22%3A%22com.wallapop%22%2C%22v%22%3A%221850000%22%2C%22vn%22%3A%221.85.0-d1910251130%22%7D with error:Chain validation failed

11-10 00:42:15.825 24302 24862 D Amazon DTB Ads API: with json params:[{"oo":"false","dinfo":{"os":"Android","model":"SM-A750FN","make":"samsung","osVersion":"9","connectionType":"Wifi","country":"ES","scalingFactor":"2.625","carrier":"JAZZTEL","language":"es","screenSize":"1080x2094","orientation":"portrait"},"adsdk":"aps-android-7.4.3","slots":[{"sz":"320x50","slot":"f414d83c-ab9f-4e02-9c59-5137663ee6c7","slotId":1,"supportedMediaTypes":["DISPLAY"]}],"mraid":["1.0","2.0","3.0"],"appId":"d2ba46e2d5ef4c9883051d9c8d0125d5","idfa":"bf505ce3-e614-4d9a-a4d7-9c324edc6560","geoloc":"41.4479223,2.2381893,19.744","isDTBMobile":"true","ua":"Dalvik\/2.1.0 (Linux; U; Android 9; SM-A750FN Build\/PPR1.180610.011)","pkg":{"lbl":"_Wallapop_","pn":"com.wallapop","v":"1850000","vn":"1.85.0-d1910251130"},"gdpr":{"e":"1","c":"BOR0xKKOR0xKKABABAENBZ-AAAAfZ7_______9______9uz_Gv_v_f__33e8__9v_l_7_-___u_-33d4-_1vX99yfm1-7ftr3tp_86ues2vHqK9ZoA"}}]

11-10 00:42:17.350  4211  4390 D WifiTrafficPoller: TrafficStats TxPkts=752838 RxPkts=1344529 TxBytes=171547605 RxBytes=1280843834 , Foreground uid=10311 pkgName=com.wallapop TxPackets=55659 RxPackets=64356 TxBytes=8129867 RxBytes=65727629


