11-14 17:11:28.970 19377 20028 I Finsky  : [9630] fxs.d(3): com.wallapop: Account determined from installer data - [rJj4Md76H4LxoN-B4dnoZM7XaXDDBcXGlC-caOCi6Uc]

11-14 17:11:28.971 19377 20028 I Finsky  : [9630] fxs.d(14): com.wallapop: Account from preferred account - [rJj4Md76H4LxoN-B4dnoZM7XaXDDBcXGlC-caOCi6Uc]

11-14 17:11:28.980 23911 23911 D Notification.Badge: [valid] onNotificationPosted : StatusBarNotification(pkg=com.wallapop user=UserHandle{0} id=999 tag=null key=0|com.wallapop|999|null|10313: Notification(channel=wallapop_channel pri=-2 contentView=null vibrate=null sound=null defaults=0x0 flags=0x62 color=0x00000000 vis=PRIVATE semFlags=0x0 semPriority=0 semMissedCount=0))

11-14 17:11:28.980 23911 23911 D Notification.Badge: notificationKey : 0|com.wallapop|999|null|10313, count : 0, this.count : 1

11-14 17:11:28.981 23911 23978 D Notification.Badge: LauncherModel:onNotificationPosted() : com.wallapop, count : [0], shouldBeFilteredOut : [false]

11-14 17:11:28.981 23911 23978 D Notification.Badge: notificationKey : 0|com.wallapop|999|null|10313, count : 1, mTotalCount : 1

11-14 17:11:28.990 23911 23978 D Notification.Badge: updateLauncherIconBadges() item : [IconInfo(title=_Wallapop_ intent=Intent { act=android.intent.action.MAIN cat=[android.intent.category.LAUNCHER] flg=0x10200000 cmp=com.wallapop/.activities.HomeActivity (has extras) } id=162 type=0 container=-102 screen=1 cellX=3 cellY=0 spanX=1 spanY=1 rank=3 hidden=0 dropPos=null user=UserHandle{0} screenType=0)], mShowBadge : [true], item.mBadgeCount : [1]

11-14 17:11:28.994 23911 23911 D RecommendedView: updateBadgeItems: [IconInfo(title=_Wallapop_ intent=Intent { act=android.intent.action.MAIN cat=[android.intent.category.LAUNCHER] flg=0x10200000 cmp=com.wallapop/.activities.HomeActivity (has extras) } id=162 type=0 container=-102 screen=1 cellX=3 cellY=0 spanX=1 spanY=1 rank=3 hidden=0 dropPos=null user=UserHandle{0} screenType=0)]

11-14 17:11:29.188  4211  4310 I WindowManager: reset, Reparenting to original parent, shouldDeferScheduleAnimation=false, destroyLeash=true, surface=Surface(name=AppWindowToken{52bdb13 token=Token{39a8602 ActivityRecord{4e45b4d u0 com.wallapop/com.rewallapop.ui.main.MainActivity t2190}}})/@0xacc5ef3, parent=Surface(name=Task=2190)/@0xe4a7b0, parentNativeHandle=android.os.BinderProxy@cf2b96b, caller=com.android.server.wm.SurfaceAnimator.lambda$getFinishedCallback$0:97 com.android.server.wm.-$$Lambda$SurfaceAnimator$SIBia0mND666K8lMCPsoid8pUTI.run:4 com.android.server.wm.SurfaceAnimator.lambda$getFinishedCallback$1:104 com.android.server.wm.-$$Lambda$SurfaceAnimator$vdRZk66hQVbQCvVXEaQCT1kVmFc.onAnimationFinished:4 com.android.server.wm.LocalAnimationAdapter.lambda$startAnimation$0:74

11-14 17:11:29.189  4211  4310 D SurfaceControl: reparent is called, sc=Surface(name=AppWindowToken{52bdb13 token=Token{39a8602 ActivityRecord{4e45b4d u0 com.wallapop/com.rewallapop.ui.main.MainActivity t2190}}})/@0xacc5ef3, newParentHandle=android.os.BinderProxy@cf2b96b, transaction=android.view.SurfaceControl$Transaction@4c3f74f

11-14 17:11:29.189  4211  4310 D SurfaceControl: destroy(transaction), animation-leash is destroyed, sc=Surface(name=Surface(name=AppWindowToken{52bdb13 token=Token{39a8602 ActivityRecord{4e45b4d u0 com.wallapop/com.rewallapop.ui.main.MainActivity t2190}}})/@0xacc5ef3 - animation-leash)/@0x51932e, transaction=android.view.SurfaceControl$Transaction@4c3f74f, caller=com.android.server.wm.SurfaceAnimator.reset:338 com.android.server.wm.SurfaceAnimator.lambda$getFinishedCallback$0:97 com.android.server.wm.-$$Lambda$SurfaceAnimator$SIBia0mND666K8lMCPsoid8pUTI.run:4 com.android.server.wm.SurfaceAnimator.lambda$getFinishedCallback$1:104 com.android.server.wm.-$$Lambda$SurfaceAnimator$vdRZk66hQVbQCvVXEaQCT1kVmFc.onAnimationFinished:4 com.android.server.wm.LocalAnimationAdapter.lambda$startAnimation$0:74 com.android.server.wm.-$$Lambda$LocalAnimationAdapter$X--EomqUvw4qy89IeeTFTH7aCMo.run:4

11-14 17:11:29.206  3727  3771 D Layer   : [AppWindowToken{52bdb13 token=Token{39a8602 ActivityRecord{4e45b4d u0 com.wallapop/com.rewallapop.ui.main.MainActivity t2190}}}#0]::reparent oldParent:[Surface(name=AppWindowToken{52bdb13 token=Token{39a8602 ActivityRecord{4e45b4d u0 com.wallapop/com.rewallapop.ui.main.MainActivity t2190}}})/@0xacc5ef3 - animation-leash#0], newParent:[Task=2190#0]

11-14 17:11:29.206  3727  3771 I SurfaceFlinger: id=28089 Removed Surface(name=AppWindowToken{52bdb13 token=Token{39a8602 ActivityRecord{4e45b4d u0 com.wallapop/com.rewallapop.ui.main.MainActivity t2190}}})/@0xacc5ef3 - animation-leash#0 (0/64)

11-14 17:11:29.222  3727  3727 I Layer   : id=28089 onRemoved Surface(name=AppWindowToken{52bdb13 token=Token{39a8602 ActivityRecord{4e45b4d u0 com.wallapop/com.rewallapop.ui.main.MainActivity t2190}}})/@0xacc5ef3 - animation-leash#0

11-14 17:11:29.247  4211  4808 D SamsungAlarmManager: Cancel Alarm calling from uid:10313 pid :22163 / op:PendingIntent{80ad8c7: PendingIntentRecord{63810a6 com.wallapop broadcastIntent}}

11-14 17:11:29.406 22163 22163 W com.wallapop: Accessing hidden method Landroid/widget/TextView;->getTextDirectionHeuristic()Landroid/text/TextDirectionHeuristic; (light greylist, linking)

11-14 17:11:29.410 22163 22163 W com.wallapop: Accessing hidden method Landroid/graphics/FontFamily;-><init>()V (light greylist, reflection)

11-14 17:11:29.410 22163 22163 W com.wallapop: Accessing hidden method Landroid/graphics/FontFamily;->addFontFromAssetManager(Landroid/content/res/AssetManager;Ljava/lang/String;IZIII[Landroid/graphics/fonts/FontVariationAxis;)Z (light greylist, reflection)

11-14 17:11:29.410 22163 22163 W com.wallapop: Accessing hidden method Landroid/graphics/FontFamily;->addFontFromBuffer(Ljava/nio/ByteBuffer;I[Landroid/graphics/fonts/FontVariationAxis;II)Z (light greylist, reflection)

11-14 17:11:29.410 22163 22163 W com.wallapop: Accessing hidden method Landroid/graphics/FontFamily;->freeze()Z (light greylist, reflection)

11-14 17:11:29.410 22163 22163 W com.wallapop: Accessing hidden method Landroid/graphics/FontFamily;->abortCreation()V (light greylist, reflection)

11-14 17:11:29.410 22163 22163 W com.wallapop: Accessing hidden method Landroid/graphics/Typeface;->createFromFamiliesWithDefault([Landroid/graphics/FontFamily;Ljava/lang/String;II)Landroid/graphics/Typeface; (light greylist, reflection)

11-14 17:11:29.457  4211  4390 D WifiTrafficPoller: TrafficStats TxPkts=968491 RxPkts=1701576 TxBytes=208355927 RxBytes=1624821225 , Foreground uid=10313 pkgName=com.wallapop TxPackets=55296 RxPackets=49901 TxBytes=11392508 RxBytes=35476876

11-14 17:11:29.565 22163 22174 I com.wallapop: Background concurrent copying GC freed 179540(9MB) AllocSpace objects, 43(1544KB) LOS objects, 49% free, 10MB/21MB, paused 2.413ms total 116.800ms

11-14 17:11:29.581 22163 22340 I com.wallapop: The ClassLoaderContext is a special shared library.

11-14 17:11:30.286  3727  3727 I SurfaceFlinger: id=28090 createSurf (4440x4440),2 flag=4, ff4a643 com.wallapop/com.rewallapop.ui.wall.WallActivity#0

11-14 17:11:30.308 19377 20028 I Finsky  : [9630] fxs.d(3): com.wallapop: Account determined from installer data - [rJj4Md76H4LxoN-B4dnoZM7XaXDDBcXGlC-caOCi6Uc]

11-14 17:11:30.309 19377 20028 I Finsky  : [9630] fxs.d(14): com.wallapop: Account from preferred account - [rJj4Md76H4LxoN-B4dnoZM7XaXDDBcXGlC-caOCi6Uc]

11-14 17:11:30.380 19377 20028 I Finsky  : [9630] fxs.d(3): com.wallapop: Account determined from installer data - [rJj4Md76H4LxoN-B4dnoZM7XaXDDBcXGlC-caOCi6Uc]

11-14 17:11:30.381 19377 20028 I Finsky  : [9630] fxs.d(14): com.wallapop: Account from preferred account - [rJj4Md76H4LxoN-B4dnoZM7XaXDDBcXGlC-caOCi6Uc]

11-14 17:11:30.444 19377 20028 I Finsky  : [9630] fxs.d(3): com.wallapop: Account determined from installer data - [rJj4Md76H4LxoN-B4dnoZM7XaXDDBcXGlC-caOCi6Uc]

11-14 17:11:30.444 19377 20028 I Finsky  : [9630] fxs.d(14): com.wallapop: Account from preferred account - [rJj4Md76H4LxoN-B4dnoZM7XaXDDBcXGlC-caOCi6Uc]

11-14 17:11:30.539 19377 20028 I Finsky  : [9630] fxs.d(3): com.wallapop: Account determined from installer data - [rJj4Md76H4LxoN-B4dnoZM7XaXDDBcXGlC-caOCi6Uc]

11-14 17:11:30.539 19377 20028 I Finsky  : [9630] fxs.d(14): com.wallapop: Account from preferred account - [rJj4Md76H4LxoN-B4dnoZM7XaXDDBcXGlC-caOCi6Uc]

11-14 17:11:30.605  4211  5239 D ActivityManagerPerformance: Received MSG_DISABLE_ACT_START, r: ActivityRecord{feac694 u0 com.wallapop/com.rewallapop.ui.wall.WallActivity t2190}

11-14 17:11:30.716 22163 22174 I com.wallapop: Background concurrent copying GC freed 129749(10MB) AllocSpace objects, 28(1520KB) LOS objects, 49% free, 14MB/28MB, paused 7.016ms total 371.298ms

11-14 17:11:30.983  4211  6754 V WindowManager: Relayout Window{ff4a643 u0 com.wallapop/com.rewallapop.ui.wall.WallActivity}: viewVisibility=0 req=1080x2220 {(0,0)(fillxfill) sim={adjust=resize forwardNavigation} ty=BASE_APPLICATION wanim=0x10302fe

11-14 17:11:30.985  3727  3727 I SurfaceFlinger: id=28091 createSurf (1080x2220),1 flag=404, com.wallapop/com.rewallapop.ui.wall.WallActivity[22163]#0

11-14 17:11:30.987  4211  6754 D WindowManager: makeSurface duration=2 name=com.wallapop/com.rewallapop.ui.wall.WallActivity[22163]

11-14 17:11:30.987  4211  6754 V WindowManager: Changing focus from null to Window{ff4a643 u0 com.wallapop/com.rewallapop.ui.wall.WallActivity} Callers=com.android.server.wm.WindowManagerService.relayoutWindow:2526 com.android.server.wm.Session.relayoutForTranslate:302 android.view.IWindowSession$Stub.onTransact:518 com.android.server.wm.Session.onTransact:186

11-14 17:11:30.988  4211  4228 D WindowManager: setSystemUiVisibility: vis= 0xa518, fullscreenVis= 0x2000, dockedVis= 0x0, win=Window{ff4a643 u0 com.wallapop/com.rewallapop.ui.wall.WallActivity}

11-14 17:11:30.990  4211  4242 D WindowManager: reportFocusChangedSerialized, focused=true, inTouchMode=true, win=Window{ff4a643 u0 com.wallapop/com.rewallapop.ui.wall.WallActivity}

11-14 17:11:31.107 19377 20028 I Finsky  : [9630] fxs.d(3): com.wallapop: Account determined from installer data - [rJj4Md76H4LxoN-B4dnoZM7XaXDDBcXGlC-caOCi6Uc]

11-14 17:11:31.108 19377 20028 I Finsky  : [9630] fxs.d(14): com.wallapop: Account from preferred account - [rJj4Md76H4LxoN-B4dnoZM7XaXDDBcXGlC-caOCi6Uc]

11-14 17:11:31.292  4211  6757 D WindowManager: finishDrawingWindow: Window{ff4a643 u0 com.wallapop/com.rewallapop.ui.wall.WallActivity} mDrawState=DRAW_PENDING

11-14 17:11:31.296  4211  4310 I WindowManager: commitFinishDrawingLocked: mDrawState=READY_TO_SHOW Surface(name=com.wallapop/com.rewallapop.ui.wall.WallActivity[22163])/@0x7e91d7f

11-14 17:11:31.296  4211  4310 V WindowManager: Resize reasons for w=Window{ff4a643 u0 com.wallapop/com.rewallapop.ui.wall.WallActivity}:  contentInsetsChanged=false [0,63][0,126] visibleInsetsChanged=false [0,63][0,126] stableInsetsChanged=false [0,63][0,126] outsetsChanged=false [0,0][0,0] surfaceResized=false configChanged=false dragResizingChanged=false reportOrientationChanged=false displayCutoutChanged=false nextForceRelayoutToClient=false

11-14 17:11:31.308  4211  4310 I WindowManager: commitFinishDrawingLocked: mDrawState=READY_TO_SHOW Surface(name=com.wallapop/com.rewallapop.ui.wall.WallActivity[22163])/@0x7e91d7f

11-14 17:11:31.308  4211  4310 I WindowManager: Cancelling animation restarting=false, leash=null, surface=Surface(name=ff4a643 com.wallapop/com.rewallapop.ui.wall.WallActivity)/@0x478714c, parent=Surface(name=AppWindowToken{8449132 token=Token{9efd53d ActivityRecord{feac694 u0 com.wallapop/com.rewallapop.ui.wall.WallActivity t2190}}})/@0x6959595

11-14 17:11:31.308  4211  4310 V WindowManager: performShowLocked: mDrawState=HAS_DRAWN in Window{ff4a643 u0 com.wallapop/com.rewallapop.ui.wall.WallActivity}

11-14 17:11:31.338  3727  3727 I SurfaceFlinger:      Device | 0x70de034580 | 0002 | RGBA_8888 |   0.0    0.0 1080.0 2220.0 |    0    0 1080 2220 | com.wallapop/com.rewallapop.ui.wall.WallActivity[22163]#0

11-14 17:11:31.338  3727  3727 I SurfaceFlinger:      Device | 0x70dda20bc0 | 0000 | RGBA_8888 |   0.0    0.0 1080.0 2220.0 |    0    0 1080 2220 | Splash Screen com.wallapop#0

11-14 17:11:31.342  4211  4310 V WindowManager: Remove Window{2a64514 u0 Splash Screen com.wallapop}: mSurfaceController=Surface(name=Splash Screen com.wallapop)/@0x8218fe mAnimatingExit=false mRemoveOnExit=false mHasSurface=true surfaceShowing=true isAnimationSet=false app-animation=false mWillReplaceWindow=false inPendingTransaction=false mDisplayFrozen=false callers=com.android.server.wm.WindowState.removeIfPossible:2764 com.android.server.wm.WindowManagerService.removeWindow:1943 com.android.server.wm.Session.remove:268 android.view.ViewRootImpl.dispatchDetachedFromWindow:4565 android.view.ViewRootImpl.doDie:7996 android.view.ViewRootImpl$ViewRootHandler.handleMessage:4987

11-14 17:11:31.346  4211  4310 I WindowManager: Cancelling animation restarting=true, leash=null, surface=Surface(name=2a64514 Splash Screen com.wallapop)/@0x81b3e83, parent=Surface(name=AppWindowToken{8449132 token=Token{9efd53d ActivityRecord{feac694 u0 com.wallapop/com.rewallapop.ui.wall.WallActivity t2190}}})/@0x6959595

11-14 17:11:31.346  4211  4310 I WindowManager: Reparenting to leash, surface=Surface(name=2a64514 Splash Screen com.wallapop)/@0x81b3e83

11-14 17:11:31.349  3727  3727 I SurfaceFlinger: id=28092 createSurf (4440x4440),2 flag=4, Surface(name=2a64514 Splash Screen com.wallapop)/@0x81b3e83 - animation-leash#0

11-14 17:11:31.351  4211  4310 D WindowManager: makeSurface duration=6 leash=Surface(name=Surface(name=2a64514 Splash Screen com.wallapop)/@0x81b3e83 - animation-leash)/@0x53e24d

11-14 17:11:31.352  4211  4310 D SurfaceControl: reparent is called, sc=Surface(name=2a64514 Splash Screen com.wallapop)/@0x81b3e83, newParentHandle=android.os.BinderProxy@7390102, transaction=android.view.SurfaceControl$Transaction@f898839

11-14 17:11:31.352  4211  4242 I ActivityManager: Displayed com.wallapop/com.rewallapop.ui.wall.WallActivity: +2s434ms (total +9s46ms)

11-14 17:11:31.357  3727  5001 D Layer   : [2a64514 Splash Screen com.wallapop#0]::reparent oldParent:[AppWindowToken{8449132 token=Token{9efd53d ActivityRecord{feac694 u0 com.wallapop/com.rewallapop.ui.wall.WallActivity t2190}}}#0], newParent:[Surface(name=2a64514 Splash Screen com.wallapop)/@0x81b3e83 - animation-leash#0]

11-14 17:11:31.478 22163 22163 V InputMethodManager: Starting input: tba=com.wallapop ic=null mNaviBarColor -1 mIsGetNaviBarColorSuccess true , NavVisible : true , NavTrans : false

11-14 17:11:31.484  4211  5514 V InputMethodManagerService: windowGainedFocus : reason=WINDOW_FOCUS_GAIN client=android.os.BinderProxy@f9b86fd inputContext=null missingMethods= attribute=android.view.inputmethod.EditorInfo@d095649 nm = com.wallapop controlFlags=#104 softInputMode=#110 windowFlags=#81810100

11-14 17:11:31.509  4211  4310 I WindowManager: reset, Reparenting to original parent, shouldDeferScheduleAnimation=false, destroyLeash=true, surface=Surface(name=2a64514 Splash Screen com.wallapop)/@0x81b3e83, parent=Surface(name=AppWindowToken{8449132 token=Token{9efd53d ActivityRecord{feac694 u0 com.wallapop/com.rewallapop.ui.wall.WallActivity t2190}}})/@0x6959595, parentNativeHandle=android.os.BinderProxy@cf7b800, caller=com.android.server.wm.SurfaceAnimator.lambda$getFinishedCallback$0:97 com.android.server.wm.-$$Lambda$SurfaceAnimator$SIBia0mND666K8lMCPsoid8pUTI.run:4 com.android.server.wm.SurfaceAnimator.lambda$getFinishedCallback$1:104 com.android.server.wm.-$$Lambda$SurfaceAnimator$vdRZk66hQVbQCvVXEaQCT1kVmFc.onAnimationFinished:4 com.android.server.wm.LocalAnimationAdapter.lambda$startAnimation$0:74

11-14 17:11:31.509  4211  4310 D SurfaceControl: reparent is called, sc=Surface(name=2a64514 Splash Screen com.wallapop)/@0x81b3e83, newParentHandle=android.os.BinderProxy@cf7b800, transaction=android.view.SurfaceControl$Transaction@f898839

11-14 17:11:31.510  4211  4310 D SurfaceControl: destroy(transaction), animation-leash is destroyed, sc=Surface(name=Surface(name=2a64514 Splash Screen com.wallapop)/@0x81b3e83 - animation-leash)/@0x53e24d, transaction=android.view.SurfaceControl$Transaction@f898839, caller=com.android.server.wm.SurfaceAnimator.reset:338 com.android.server.wm.SurfaceAnimator.lambda$getFinishedCallback$0:97 com.android.server.wm.-$$Lambda$SurfaceAnimator$SIBia0mND666K8lMCPsoid8pUTI.run:4 com.android.server.wm.SurfaceAnimator.lambda$getFinishedCallback$1:104 com.android.server.wm.-$$Lambda$SurfaceAnimator$vdRZk66hQVbQCvVXEaQCT1kVmFc.onAnimationFinished:4 com.android.server.wm.LocalAnimationAdapter.lambda$startAnimation$0:74 com.android.server.wm.-$$Lambda$LocalAnimationAdapter$X--EomqUvw4qy89IeeTFTH7aCMo.run:4

11-14 17:11:31.511  4211  4310 E WindowManager: win=Window{2a64514 u0 Splash Screen com.wallapop EXITING} destroySurfaces: appStopped=false win.mWindowRemovalAllowed=true win.mRemoveOnExit=true win.mViewVisibility=0 caller=com.android.server.wm.AppWindowToken.destroySurfaces:870 com.android.server.wm.AppWindowToken.destroySurfaces:851 com.android.server.wm.WindowState.onExitAnimationDone:5436 com.android.server.wm.WindowStateAnimator.onAnimationFinished:319 com.android.server.wm.WindowState.onAnimationFinished:5858 com.android.server.wm.-$$Lambda$yVRF8YoeNdTa8GR1wDStVsHu8xM.run:2 com.android.server.wm.SurfaceAnimator.lambda$getFinishedCallback$0:100

11-14 17:11:31.511  4211  4310 I WindowManager: Destroying surface Surface(name=Splash Screen com.wallapop)/@0x8218fe called by com.android.server.wm.WindowStateAnimator.destroySurface:1901 com.android.server.wm.WindowStateAnimator.destroySurfaceLocked:838 com.android.server.wm.WindowState.destroySurfaceUnchecked:3839 com.android.server.wm.WindowState.destroySurface:3820 com.android.server.wm.AppWindowToken.destroySurfaces:870 com.android.server.wm.AppWindowToken.destroySurfaces:851 com.android.server.wm.WindowState.onExitAnimationDone:5436 com.android.server.wm.WindowStateAnimator.onAnimationFinished:319

11-14 17:11:31.515  3727  5001 I SurfaceFlinger: id=28085 Removed Splash Screen com.wallapop#0 (0/66)

11-14 17:11:31.525  3727  3727 I Layer   : id=28085 onRemoved Splash Screen com.wallapop#0

11-14 17:11:31.526  3727  3771 W SurfaceFlinger: Attempting to set client state on removed layer: Splash Screen com.wallapop#0 [s.what : 40]

11-14 17:11:31.526  3727  3771 D Layer   : [2a64514 Splash Screen com.wallapop#0]::reparent oldParent:[Surface(name=2a64514 Splash Screen com.wallapop)/@0x81b3e83 - animation-leash#0], newParent:[AppWindowToken{8449132 token=Token{9efd53d ActivityRecord{feac694 u0 com.wallapop/com.rewallapop.ui.wall.WallActivity t2190}}}#0]

11-14 17:11:31.526  3727  3771 W SurfaceFlinger: Attempting to destroy on removed layer: Splash Screen com.wallapop#0

11-14 17:11:31.526  3727  3771 I SurfaceFlinger: id=28092 Removed Surface(name=2a64514 Splash Screen com.wallapop)/@0x81b3e83 - animation-leash#0 (2/65)

11-14 17:11:31.527  3727  3771 I SurfaceFlinger: id=28084 Removed 2a64514 Splash Screen com.wallapop#0 (1/64)

11-14 17:11:31.536  3727  3727 I SurfaceFlinger:      Device | 0x70de034580 | 0002 | RGBA_8888 |   0.0    0.0 1080.0 2220.0 |    0    0 1080 2220 | com.wallapop/com.rewallapop.ui.wall.WallActivity[22163]#0

11-14 17:11:31.541  3727  3727 I Layer   : id=28092 onRemoved Surface(name=2a64514 Splash Screen com.wallapop)/@0x81b3e83 - animation-leash#0

11-14 17:11:31.541  3727  3727 I Layer   : id=28084 onRemoved 2a64514 Splash Screen com.wallapop#0

11-14 17:11:31.620 19377 19613 I Finsky  : [9616] fxs.d(3): com.wallapop: Account determined from installer data - [rJj4Md76H4LxoN-B4dnoZM7XaXDDBcXGlC-caOCi6Uc]

11-14 17:11:31.621 19377 19613 I Finsky  : [9616] fxs.d(14): com.wallapop: Account from preferred account - [rJj4Md76H4LxoN-B4dnoZM7XaXDDBcXGlC-caOCi6Uc]

11-14 17:11:31.623 22163 22163 V InputMethodManager: Starting input: tba=com.wallapop ic=null mNaviBarColor -1 mIsGetNaviBarColorSuccess true , NavVisible : true , NavTrans : false

11-14 17:11:31.631 19377 19613 I Finsky  : [9616] fxs.d(3): com.wallapop: Account determined from installer data - [rJj4Md76H4LxoN-B4dnoZM7XaXDDBcXGlC-caOCi6Uc]

11-14 17:11:31.632 19377 19613 I Finsky  : [9616] fxs.d(14): com.wallapop: Account from preferred account - [rJj4Md76H4LxoN-B4dnoZM7XaXDDBcXGlC-caOCi6Uc]

11-14 17:11:31.702  4622  4682 E RequestManager_FLP: [FusedLocationApi] Location request a6c9382(Listener) PRIORITY_BALANCED_POWER_ACCURACY interval=300000 from com.wallapop

11-14 17:11:31.754  4211  4679 I WindowManager: Cancelling animation restarting=false, leash=null, surface=Surface(name=AppWindowToken{52bdb13 token=Token{39a8602 ActivityRecord{4e45b4d u0 com.wallapop/com.rewallapop.ui.main.MainActivity t2190}}})/@0xacc5ef3, parent=Surface(name=Task=2190)/@0xe4a7b0

11-14 17:11:31.759  3727  3770 I SurfaceFlinger: id=28083 Removed AppWindowToken{52bdb13 token=Token{39a8602 ActivityRecord{4e45b4d u0 com.wallapop/com.rewallapop.ui.main.MainActivity t2190}}}#0 (0/63)

11-14 17:11:31.763  4211  4228 D CodecSolution: isMaxAspectPackageEx: com.wallapop : true(2)

11-14 17:11:31.775  3727  3727 I Layer   : id=28083 onRemoved AppWindowToken{52bdb13 token=Token{39a8602 ActivityRecord{4e45b4d u0 com.wallapop/com.rewallapop.ui.main.MainActivity t2190}}}#0

11-14 17:11:31.893  4211  4669 D MdnieScenarioControlService:  packageName : com.wallapop    className : com.rewallapop.ui.wall.WallActivity

11-14 17:11:32.028 22163 22168 I com.wallapop: Compiler allocated 4MB to compile void android.widget.TextView.<init>(android.content.Context, android.util.AttributeSet, int, int)

11-14 17:11:32.077 22163 22163 W com.wallapop: Accessing hidden field Landroid/view/View;->mAccessibilityDelegate:Landroid/view/View$AccessibilityDelegate; (light greylist, reflection)

11-14 17:11:32.919 22163 22163 W View    : requestLayout() improperly called by com.wallapop.design.view.WallapopTextView{622ef12 V.ED..... ......ID 47,26-47,86 #7f0a0904 app:id/wp__home__tv_bubble} during layout: running second layout pass

11-14 17:11:33.381 22163 22174 I com.wallapop: Background concurrent copying GC freed 200751(11MB) AllocSpace objects, 48(2MB) LOS objects, 49% free, 14MB/28MB, paused 263us total 215.219ms

11-14 17:11:33.531  4211  4390 D WifiTrafficPoller: TrafficStats TxPkts=968645 RxPkts=1701735 TxBytes=208404955 RxBytes=1624875926 , Foreground uid=10313 pkgName=com.wallapop TxPackets=55417 RxPackets=50010 TxBytes=11418523 RxBytes=35520670

11-14 17:11:34.616  4211  6757 D WifiPermissionsUtil: canAccessScanResults: pkgName = com.wallapop, uid = 10313

11-14 17:11:35.159 22163 22435 D Amazon DTB Ads API: with query params:[?dt=android&app=app&dinfo=%7B%22os%22%3A%22Android%22%2C%22model%22%3A%22SM-A750FN%22%2C%22make%22%3A%22samsung%22%2C%22osVersion%22%3A%229%22%2C%22connectionType%22%3A%22Wifi%22%2C%22country%22%3A%22ES%22%2C%22scalingFactor%22%3A%222.625%22%2C%22carrier%22%3A%22JAZZTEL%22%2C%22language%22%3A%22es%22%2C%22screenSize%22%3A%221080x2094%22%2C%22orientation%22%3A%22portrait%22%7D&oo=0&aud=3p&idfa=bf505ce3-e614-4d9a-a4d7-9c324edc6560&appId=d2ba46e2d5ef4c9883051d9c8d0125d5&sdkVer=aps-android-7.4.3&ua=Dalvik%2F2.1.0%20%28Linux%3B%20U%3B%20Android%209%3B%20SM-A750FN%20Build%2FPPR1.180610.011%29&pkg=%7B%22lbl%22%3A%22_Wallapop_%22%2C%22pn%22%3A%22com.wallapop%22%2C%22v%22%3A%221850000%22%2C%22vn%22%3A%221.85.0-d1910251130%22%7D]

11-14 17:11:35.625 22163 22435 D Amazon DTB Ads API: Error while connecting to remote server: https://s.amazon-adsystem.com/api3/generate_did?dt=android&app=app&dinfo=%7B%22os%22%3A%22Android%22%2C%22model%22%3A%22SM-A750FN%22%2C%22make%22%3A%22samsung%22%2C%22osVersion%22%3A%229%22%2C%22connectionType%22%3A%22Wifi%22%2C%22country%22%3A%22ES%22%2C%22scalingFactor%22%3A%222.625%22%2C%22carrier%22%3A%22JAZZTEL%22%2C%22language%22%3A%22es%22%2C%22screenSize%22%3A%221080x2094%22%2C%22orientation%22%3A%22portrait%22%7D&oo=0&aud=3p&idfa=bf505ce3-e614-4d9a-a4d7-9c324edc6560&appId=d2ba46e2d5ef4c9883051d9c8d0125d5&sdkVer=aps-android-7.4.3&ua=Dalvik%2F2.1.0%20%28Linux%3B%20U%3B%20Android%209%3B%20SM-A750FN%20Build%2FPPR1.180610.011%29&pkg=%7B%22lbl%22%3A%22_Wallapop_%22%2C%22pn%22%3A%22com.wallapop%22%2C%22v%22%3A%221850000%22%2C%22vn%22%3A%221.85.0-d1910251130%22%7D with error:Chain validation failed

11-14 17:11:35.627 22163 22435 E Amazon DTB Ads API: 	at com.wallapop.thirdparty.ads.b.a.a(SourceFile:43)

11-14 17:11:35.627 22163 22435 E Amazon DTB Ads API: 	at com.wallapop.thirdparty.ads.b.a$b$1.invokeSuspend(SourceFile:34)

11-14 17:11:35.627 22163 22435 E Amazon DTB Ads API: 	at com.wallapop.thirdparty.ads.b.a$b$1.invoke(Unknown Source:10)

11-14 17:11:35.627 22163 22435 E Amazon DTB Ads API: 	at com.wallapop.thirdparty.ads.b.a$b.invokeSuspend(SourceFile:33)

11-14 17:11:35.733 22163 22672 D Amazon DTB Ads API: with query params:[?dt=android&app=app&dinfo=%7B%22os%22%3A%22Android%22%2C%22model%22%3A%22SM-A750FN%22%2C%22make%22%3A%22samsung%22%2C%22osVersion%22%3A%229%22%2C%22connectionType%22%3A%22Wifi%22%2C%22country%22%3A%22ES%22%2C%22scalingFactor%22%3A%222.625%22%2C%22carrier%22%3A%22JAZZTEL%22%2C%22language%22%3A%22es%22%2C%22screenSize%22%3A%221080x2094%22%2C%22orientation%22%3A%22portrait%22%7D&oo=0&aud=3p&idfa=bf505ce3-e614-4d9a-a4d7-9c324edc6560&appId=d2ba46e2d5ef4c9883051d9c8d0125d5&sdkVer=aps-android-7.4.3&ua=Dalvik%2F2.1.0%20%28Linux%3B%20U%3B%20Android%209%3B%20SM-A750FN%20Build%2FPPR1.180610.011%29&pkg=%7B%22lbl%22%3A%22_Wallapop_%22%2C%22pn%22%3A%22com.wallapop%22%2C%22v%22%3A%221850000%22%2C%22vn%22%3A%221.85.0-d1910251130%22%7D]

11-14 17:11:36.025 22163 22174 I com.wallapop: Background concurrent copying GC freed 214134(10MB) AllocSpace objects, 80(3MB) LOS objects, 49% free, 16MB/33MB, paused 675us total 202.980ms

11-14 17:11:36.179 22163 22672 D Amazon DTB Ads API: Error while connecting to remote server: https://s.amazon-adsystem.com/api3/generate_did?dt=android&app=app&dinfo=%7B%22os%22%3A%22Android%22%2C%22model%22%3A%22SM-A750FN%22%2C%22make%22%3A%22samsung%22%2C%22osVersion%22%3A%229%22%2C%22connectionType%22%3A%22Wifi%22%2C%22country%22%3A%22ES%22%2C%22scalingFactor%22%3A%222.625%22%2C%22carrier%22%3A%22JAZZTEL%22%2C%22language%22%3A%22es%22%2C%22screenSize%22%3A%221080x2094%22%2C%22orientation%22%3A%22portrait%22%7D&oo=0&aud=3p&idfa=bf505ce3-e614-4d9a-a4d7-9c324edc6560&appId=d2ba46e2d5ef4c9883051d9c8d0125d5&sdkVer=aps-android-7.4.3&ua=Dalvik%2F2.1.0%20%28Linux%3B%20U%3B%20Android%209%3B%20SM-A750FN%20Build%2FPPR1.180610.011%29&pkg=%7B%22lbl%22%3A%22_Wallapop_%22%2C%22pn%22%3A%22com.wallapop%22%2C%22v%22%3A%221850000%22%2C%22vn%22%3A%221.85.0-d1910251130%22%7D with error:Chain validation failed

11-14 17:11:36.211 22163 22672 D Amazon DTB Ads API: with json params:[{"oo":"false","dinfo":{"os":"Android","model":"SM-A750FN","make":"samsung","osVersion":"9","connectionType":"Wifi","country":"ES","scalingFactor":"2.625","carrier":"JAZZTEL","language":"es","screenSize":"1080x2094","orientation":"portrait"},"adsdk":"aps-android-7.4.3","slots":[{"sz":"320x50","slot":"f414d83c-ab9f-4e02-9c59-5137663ee6c7","slotId":1,"supportedMediaTypes":["DISPLAY"]}],"mraid":["1.0","2.0","3.0"],"appId":"d2ba46e2d5ef4c9883051d9c8d0125d5","idfa":"bf505ce3-e614-4d9a-a4d7-9c324edc6560","geoloc":"41.4058684,2.1865172,18.145","isDTBMobile":"true","ua":"Dalvik\/2.1.0 (Linux; U; Android 9; SM-A750FN Build\/PPR1.180610.011)","pkg":{"lbl":"_Wallapop_","pn":"com.wallapop","v":"1850000","vn":"1.85.0-d1910251130"},"gdpr":{"e":"1","c":"BOR0xKKOR0xKKABABAENBZ-AAAAfZ7_______9______9uz_Gv_v_f__33e8__9v_l_7_-___u_-33d4-_1vX99yfm1-7ftr3tp_86ues2vHqK9ZoA"}}]

11-14 17:11:37.590  4211  4390 D WifiTrafficPoller: TrafficStats TxPkts=968958 RxPkts=1702046 TxBytes=208488166 RxBytes=1625086342 , Foreground uid=10313 pkgName=com.wallapop TxPackets=55682 RxPackets=50253 TxBytes=11473045 RxBytes=35684204

11-14 17:11:37.661 22163 22163 W com.wallapop: Accessing hidden method Landroid/media/AudioTrack;->getLatency()I (light greylist, reflection)

11-14 17:11:38.146  4211  4475 I CodecSolution: pid(22163) pkg(com.wallapop)

11-14 17:11:38.160  4211  4679 D CodecSolution: topName : com.wallapop

11-14 17:11:38.160  4211  4679 I CodecSolution: Top : com.wallapop

11-14 17:11:38.160  4211  4679 D SCPMHelper: getPackageInfo(com.wallapop)

11-14 17:11:38.202  4211  4475 I CodecSolution: pid(22163) pkg(com.wallapop)

11-14 17:11:38.229  4211  4679 D CodecSolution: topName : com.wallapop

11-14 17:11:38.229  4211  4679 I CodecSolution: Top : com.wallapop

11-14 17:11:38.229  4211  4679 D SCPMHelper: getPackageInfo(com.wallapop)

11-14 17:11:38.403 22163 22174 I com.wallapop: Background concurrent copying GC freed 249110(11MB) AllocSpace objects, 109(5MB) LOS objects, 50% free, 19MB/38MB, paused 556us total 304.350ms


