Executed 'TestRailTest_01()' on 04-11-2019
---------------------------------------------------------------------------------
11-14 17:07:36.294  4211  6257 D WifiPermissionsUtil: canAccessScanResults: pkgName = com.wallapop, uid = 10313

11-14 17:07:36.848 20875 21157 D Amazon DTB Ads API: with query params:[?dt=android&app=app&dinfo=%7B%22os%22%3A%22Android%22%2C%22model%22%3A%22SM-A750FN%22%2C%22make%22%3A%22samsung%22%2C%22osVersion%22%3A%229%22%2C%22connectionType%22%3A%22Wifi%22%2C%22country%22%3A%22ES%22%2C%22scalingFactor%22%3A%222.625%22%2C%22carrier%22%3A%22JAZZTEL%22%2C%22language%22%3A%22es%22%2C%22screenSize%22%3A%221080x2094%22%2C%22orientation%22%3A%22portrait%22%7D&oo=0&aud=3p&idfa=bf505ce3-e614-4d9a-a4d7-9c324edc6560&appId=d2ba46e2d5ef4c9883051d9c8d0125d5&sdkVer=aps-android-7.4.3&ua=Dalvik%2F2.1.0%20%28Linux%3B%20U%3B%20Android%209%3B%20SM-A750FN%20Build%2FPPR1.180610.011%29&pkg=%7B%22lbl%22%3A%22_Wallapop_%22%2C%22pn%22%3A%22com.wallapop%22%2C%22v%22%3A%221850000%22%2C%22vn%22%3A%221.85.0-d1910251130%22%7D]

11-14 17:07:37.075  4211  4390 D WifiTrafficPoller: TrafficStats TxPkts=967605 RxPkts=1700724 TxBytes=208096622 RxBytes=1624435845 , Foreground uid=10313 pkgName=com.wallapop TxPackets=54610 RxPackets=49273 TxBytes=11226909 RxBytes=35166175

11-14 17:07:37.344 20875 21157 D Amazon DTB Ads API: Error while connecting to remote server: https://s.amazon-adsystem.com/api3/generate_did?dt=android&app=app&dinfo=%7B%22os%22%3A%22Android%22%2C%22model%22%3A%22SM-A750FN%22%2C%22make%22%3A%22samsung%22%2C%22osVersion%22%3A%229%22%2C%22connectionType%22%3A%22Wifi%22%2C%22country%22%3A%22ES%22%2C%22scalingFactor%22%3A%222.625%22%2C%22carrier%22%3A%22JAZZTEL%22%2C%22language%22%3A%22es%22%2C%22screenSize%22%3A%221080x2094%22%2C%22orientation%22%3A%22portrait%22%7D&oo=0&aud=3p&idfa=bf505ce3-e614-4d9a-a4d7-9c324edc6560&appId=d2ba46e2d5ef4c9883051d9c8d0125d5&sdkVer=aps-android-7.4.3&ua=Dalvik%2F2.1.0%20%28Linux%3B%20U%3B%20Android%209%3B%20SM-A750FN%20Build%2FPPR1.180610.011%29&pkg=%7B%22lbl%22%3A%22_Wallapop_%22%2C%22pn%22%3A%22com.wallapop%22%2C%22v%22%3A%221850000%22%2C%22vn%22%3A%221.85.0-d1910251130%22%7D with error:Chain validation failed

11-14 17:07:37.347 20875 21157 E Amazon DTB Ads API: 	at com.wallapop.thirdparty.ads.b.a.a(SourceFile:43)

11-14 17:07:37.347 20875 21157 E Amazon DTB Ads API: 	at com.wallapop.thirdparty.ads.b.a$b$1.invokeSuspend(SourceFile:34)

11-14 17:07:37.347 20875 21157 E Amazon DTB Ads API: 	at com.wallapop.thirdparty.ads.b.a$b$1.invoke(Unknown Source:10)

11-14 17:07:37.347 20875 21157 E Amazon DTB Ads API: 	at com.wallapop.thirdparty.ads.b.a$b.invokeSuspend(SourceFile:33)

11-14 17:07:37.399 20875 20886 I com.wallapop: Background concurrent copying GC freed 214518(11MB) AllocSpace objects, 77(2MB) LOS objects, 49% free, 17MB/34MB, paused 1.131ms total 176.102ms

11-14 17:07:37.492 20875 21404 D Amazon DTB Ads API: with query params:[?dt=android&app=app&dinfo=%7B%22os%22%3A%22Android%22%2C%22model%22%3A%22SM-A750FN%22%2C%22make%22%3A%22samsung%22%2C%22osVersion%22%3A%229%22%2C%22connectionType%22%3A%22Wifi%22%2C%22country%22%3A%22ES%22%2C%22scalingFactor%22%3A%222.625%22%2C%22carrier%22%3A%22JAZZTEL%22%2C%22language%22%3A%22es%22%2C%22screenSize%22%3A%221080x2094%22%2C%22orientation%22%3A%22portrait%22%7D&oo=0&aud=3p&idfa=bf505ce3-e614-4d9a-a4d7-9c324edc6560&appId=d2ba46e2d5ef4c9883051d9c8d0125d5&sdkVer=aps-android-7.4.3&ua=Dalvik%2F2.1.0%20%28Linux%3B%20U%3B%20Android%209%3B%20SM-A750FN%20Build%2FPPR1.180610.011%29&pkg=%7B%22lbl%22%3A%22_Wallapop_%22%2C%22pn%22%3A%22com.wallapop%22%2C%22v%22%3A%221850000%22%2C%22vn%22%3A%221.85.0-d1910251130%22%7D]

11-14 17:07:37.956 20875 21404 D Amazon DTB Ads API: Error while connecting to remote server: https://s.amazon-adsystem.com/api3/generate_did?dt=android&app=app&dinfo=%7B%22os%22%3A%22Android%22%2C%22model%22%3A%22SM-A750FN%22%2C%22make%22%3A%22samsung%22%2C%22osVersion%22%3A%229%22%2C%22connectionType%22%3A%22Wifi%22%2C%22country%22%3A%22ES%22%2C%22scalingFactor%22%3A%222.625%22%2C%22carrier%22%3A%22JAZZTEL%22%2C%22language%22%3A%22es%22%2C%22screenSize%22%3A%221080x2094%22%2C%22orientation%22%3A%22portrait%22%7D&oo=0&aud=3p&idfa=bf505ce3-e614-4d9a-a4d7-9c324edc6560&appId=d2ba46e2d5ef4c9883051d9c8d0125d5&sdkVer=aps-android-7.4.3&ua=Dalvik%2F2.1.0%20%28Linux%3B%20U%3B%20Android%209%3B%20SM-A750FN%20Build%2FPPR1.180610.011%29&pkg=%7B%22lbl%22%3A%22_Wallapop_%22%2C%22pn%22%3A%22com.wallapop%22%2C%22v%22%3A%221850000%22%2C%22vn%22%3A%221.85.0-d1910251130%22%7D with error:Chain validation failed

11-14 17:07:38.005 20875 21404 D Amazon DTB Ads API: with json params:[{"oo":"false","dinfo":{"os":"Android","model":"SM-A750FN","make":"samsung","osVersion":"9","connectionType":"Wifi","country":"ES","scalingFactor":"2.625","carrier":"JAZZTEL","language":"es","screenSize":"1080x2094","orientation":"portrait"},"adsdk":"aps-android-7.4.3","slots":[{"sz":"320x50","slot":"f414d83c-ab9f-4e02-9c59-5137663ee6c7","slotId":1,"supportedMediaTypes":["DISPLAY"]}],"mraid":["1.0","2.0","3.0"],"appId":"d2ba46e2d5ef4c9883051d9c8d0125d5","idfa":"bf505ce3-e614-4d9a-a4d7-9c324edc6560","geoloc":"41.4058684,2.1865172,18.145","isDTBMobile":"true","ua":"Dalvik\/2.1.0 (Linux; U; Android 9; SM-A750FN Build\/PPR1.180610.011)","pkg":{"lbl":"_Wallapop_","pn":"com.wallapop","v":"1850000","vn":"1.85.0-d1910251130"},"gdpr":{"e":"1","c":"BOR0xKKOR0xKKABABAENBZ-AAAAfZ7_______9______9uz_Gv_v_f__33e8__9v_l_7_-___u_-33d4-_1vX99yfm1-7ftr3tp_86ues2vHqK9ZoA"}}]

11-14 17:07:38.901 20875 20875 W com.wallapop: Accessing hidden method Landroid/media/AudioTrack;->getLatency()I (light greylist, reflection)

11-14 17:07:39.374  4211  4475 I CodecSolution: pid(20875) pkg(com.wallapop)

11-14 17:07:39.393  4211  6755 D CodecSolution: topName : com.wallapop

11-14 17:07:39.393  4211  6755 I CodecSolution: Top : com.wallapop

11-14 17:07:39.393  4211  6755 D SCPMHelper: getPackageInfo(com.wallapop)

11-14 17:07:39.467  4211  4475 I CodecSolution: pid(20875) pkg(com.wallapop)

11-14 17:07:39.476  4211  6257 D CodecSolution: topName : com.wallapop

11-14 17:07:39.476  4211  6257 I CodecSolution: Top : com.wallapop

11-14 17:07:39.476  4211  6257 D SCPMHelper: getPackageInfo(com.wallapop)

11-14 17:07:39.558 20875 21435 I chatty  : uid=10313(com.wallapop) identical 1 line

11-14 17:07:39.591 20875 20886 I com.wallapop: Background concurrent copying GC freed 255009(11MB) AllocSpace objects, 124(6MB) LOS objects, 50% free, 18MB/37MB, paused 1.841ms total 345.072ms

11-14 17:07:40.280 20875 21429 I chatty  : uid=10313(com.wallapop) identical 1 line

11-14 17:07:40.308 20875 21435 I chatty  : uid=10313(com.wallapop) identical 1 line

11-14 17:07:41.153  4211  4390 D WifiTrafficPoller: TrafficStats TxPkts=967868 RxPkts=1700991 TxBytes=208159076 RxBytes=1624552594 , Foreground uid=10313 pkgName=com.wallapop TxPackets=54858 RxPackets=49517 TxBytes=11283353 RxBytes=35276351

11-14 17:07:43.260 20875 20875 V InputMethodManager: Starting input: tba=com.wallapop ic=null mNaviBarColor -1 mIsGetNaviBarColorSuccess true , NavVisible : true , NavTrans : false

11-14 17:07:43.646  4211  4211 D Telecom:SamsungPrebindingServiceImpl: onTopActivityChanged : ComponentInfo{com.wallapop/com.rewallapop.ui.wall.WallActivity}

11-14 17:07:43.777  4622  4682 E RequestManager_FLP: [FusedLocationApi] Location remove 6ed4c64 from com.wallapop

11-14 17:07:43.801  4211  6755 D SamsungAlarmManager: Cancel Alarm calling from uid:10313 pid :20875 / op:PendingIntent{310c85: PendingIntentRecord{8a2db1b com.wallapop broadcastIntent}}

11-14 17:07:44.037 20875 20886 I com.wallapop: Background concurrent copying GC freed 177979(9MB) AllocSpace objects, 146(9MB) LOS objects, 49% free, 20MB/40MB, paused 417us total 183.961ms

11-14 17:07:45.080  4211  4475 I CodecSolution: pid(20875) pkg(com.wallapop)

11-14 17:07:45.091  4211  4494 D CodecSolution: topName : com.wallapop

11-14 17:07:45.091  4211  4494 I CodecSolution: Top : com.wallapop

11-14 17:07:45.091  4211  4494 D SCPMHelper: getPackageInfo(com.wallapop)

11-14 17:07:45.143 20875 21501 I chatty  : uid=10313(com.wallapop) identical 1 line

11-14 17:07:46.073 20875 21501 I chatty  : uid=10313(com.wallapop) identical 1 line

11-14 17:07:53.980  4211  6755 D SamsungAlarmManager: Cancel Alarm calling from uid:10313 pid :20875 / op:PendingIntent{12703a9: PendingIntentRecord{8a2db1b com.wallapop broadcastIntent}}

11-14 17:07:58.768  4211  6755 D SamsungAlarmManager: Cancel Alarm calling from uid:10313 pid :20875 / op:PendingIntent{d46fe3a: PendingIntentRecord{ea398db com.wallapop broadcastIntent}}

11-14 17:08:44.265  4211  4312 I ActivityManager: Force stopping com.wallapop appid=10313 user=0: from pid 21580 caller com.android.server.am.ActivityManagerShellCommand.runForceStop:967

11-14 17:08:44.266  4211  4312 I ActivityManager: Killing 20875:com.wallapop/u0a313 (adj 200): stop com.wallapop,from pid 21580 caller com.android.server.am.ActivityManagerShellCommand.runForceStop:967

11-14 17:08:44.279  4211  4312 W ActivityManager: Scheduling restart of crashed service com.wallapop/com.rewallapop.ui.debug.view.DebugActivity$Service in 1000ms

11-14 17:08:44.284 23911 23911 D Notification.Badge: [invalid] onNotificationRemoved : StatusBarNotification(pkg=com.wallapop user=UserHandle{0} id=999 tag=null key=0|com.wallapop|999|null|10313: Notification(channel=wallapop_channel pri=-2 contentView=null vibrate=null sound=null defaults=0x0 flags=0x62 color=0x00000000 vis=PRIVATE semFlags=0x0 semPriority=0 semMissedCount=0))

11-14 17:08:44.288  4211  4312 D StorageManagerService: getExternalStorageMountMode : final mountMode=1, uid : 10313, packageName : com.wallapop

11-14 17:08:44.289  4211  4312 I ApplicationPolicy: isApplicationExternalStorageWhitelisted:com.wallapop user:0

11-14 17:08:44.289  4211  4312 D ActivityManager: package  com.wallapop, user - 0 is SDcard whitelisted

11-14 17:08:44.289  4211  4312 I ApplicationPolicy: isApplicationExternalStorageBlacklisted:com.wallapop user:0

11-14 17:08:44.289  4211  4312 I ApplicationPolicy: isApplicationExternalStorageBlacklisted:com.wallapop user:0

11-14 17:08:44.310  4211  4312 I ActivityManager:   Force finishing activity ActivityRecord{a834007 u0 com.wallapop/com.rewallapop.ui.wall.WallActivity t2189}

11-14 17:08:44.315  4211  4312 I WindowManager: Cancelling animation restarting=false, leash=null, surface=Surface(name=bdf5d63 com.wallapop/com.rewallapop.ui.wall.WallActivity)/@0xbae0116, parent=Surface(name=AppWindowToken{aa38f5d token=Token{3ce9534 ActivityRecord{a834007 u0 com.wallapop/com.rewallapop.ui.wall.WallActivity t2189}}})/@0xa6f5a97

11-14 17:08:44.316  4211  4312 V WindowManager: Changing focus from Window{bdf5d63 u0 com.wallapop/com.rewallapop.ui.wall.WallActivity} to null Callers=com.android.server.wm.AppWindowToken.setVisibility:536 com.android.server.wm.AppWindowContainerController.setVisibility:495 com.android.server.am.ActivityRecord.setVisibility:1917 com.android.server.am.ActivityStack.prepareActivityHideTransitionAnimation:4429

11-14 17:08:44.317  4211  4312 V WindowManager: Setting visibility of Window{bdf5d63 u0 com.wallapop/com.rewallapop.ui.wall.WallActivity}: false, caller=com.android.server.wm.WindowContainer.sendAppVisibilityToClients:615 com.android.server.wm.AppWindowToken.setClientHidden:460 com.android.server.wm.AppWindowToken.onAnimationFinished:2383 com.android.server.wm.AppWindowToken.setVisibility:551 com.android.server.wm.AppWindowContainerController.setVisibility:495

11-14 17:08:44.319  4211  4242 D WindowManager: reportFocusChangedSerialized, focused=false, inTouchMode=true, win=Window{bdf5d63 u0 com.wallapop/com.rewallapop.ui.wall.WallActivity}

11-14 17:08:44.331  4211  4312 I ActivityManager:   Force finishing activity ActivityRecord{a834007 u0 com.wallapop/com.rewallapop.ui.wall.WallActivity t2189 f}

11-14 17:08:44.331  4211  4312 W ActivityManager: Duplicate finish request for ActivityRecord{a834007 u0 com.wallapop/com.rewallapop.ui.wall.WallActivity t2189 f}

11-14 17:08:44.405  4211  4227 I WindowManager: Cancelling animation restarting=false, leash=null, surface=Surface(name=AppWindowToken{aa38f5d token=Token{3ce9534 ActivityRecord{a834007 u0 com.wallapop/com.rewallapop.ui.wall.WallActivity t2189}}})/@0xa6f5a97, parent=Surface(name=Task=2189)/@0x676be13

11-14 17:08:44.406  4211  4227 V WindowManager: Remove Window{bdf5d63 u0 com.wallapop/com.rewallapop.ui.wall.WallActivity}: mSurfaceController=Surface(name=com.wallapop/com.rewallapop.ui.wall.WallActivity[20875])/@0x34631 mAnimatingExit=false mRemoveOnExit=false mHasSurface=true surfaceShowing=false isAnimationSet=false app-animation=false mWillReplaceWindow=false inPendingTransaction=false mDisplayFrozen=false callers=com.android.server.wm.WindowState.removeIfPossible:2764 com.android.server.wm.WindowToken.removeAllWindowsIfPossible:150 com.android.server.wm.AppWindowToken.removeIfPossible:743 com.android.server.wm.AppWindowToken.onRemovedFromDisplay:819 com.android.server.wm.DisplayContent.removeAppToken:1079 com.android.server.wm.AppWindowContainerController.removeContainer:305

11-14 17:08:44.407  4211  4227 I WindowManager: Destroying surface Surface(name=com.wallapop/com.rewallapop.ui.wall.WallActivity[20875])/@0x34631 called by com.android.server.wm.WindowStateAnimator.destroySurface:1901 com.android.server.wm.WindowStateAnimator.destroySurfaceLocked:838 com.android.server.wm.WindowState.removeImmediately:2743 com.android.server.wm.WindowState.removeIfPossible:2893 com.android.server.wm.WindowState.removeIfPossible:2764 com.android.server.wm.WindowToken.removeAllWindowsIfPossible:150 com.android.server.wm.AppWindowToken.removeIfPossible:743 com.android.server.wm.AppWindowToken.onRemovedFromDisplay:819

11-14 17:08:44.407  3727  3771 I SurfaceFlinger: id=28074 Removed com.wallapop/com.rewallapop.ui.wall.WallActivity[20875]#0 (0/63)

11-14 17:08:44.415  3727  3771 I SurfaceFlinger: id=28073 Removed bdf5d63 com.wallapop/com.rewallapop.ui.wall.WallActivity#0 (0/62)

11-14 17:08:44.420  3727  3771 I SurfaceFlinger: id=28071 Removed AppWindowToken{aa38f5d token=Token{3ce9534 ActivityRecord{a834007 u0 com.wallapop/com.rewallapop.ui.wall.WallActivity t2189}}}#0 (0/61)

11-14 17:08:44.422  3727  3727 I Layer   : id=28071 onRemoved AppWindowToken{aa38f5d token=Token{3ce9534 ActivityRecord{a834007 u0 com.wallapop/com.rewallapop.ui.wall.WallActivity t2189}}}#0

11-14 17:08:44.423  3727  3727 I Layer   : id=28074 onRemoved com.wallapop/com.rewallapop.ui.wall.WallActivity[20875]#0

11-14 17:08:44.423  3727  3727 I Layer   : id=28073 onRemoved bdf5d63 com.wallapop/com.rewallapop.ui.wall.WallActivity#0

11-14 17:08:44.449  4211  4229 I ActivityManager: Start proc 21586:com.wallapop/u0a313 for activity com.wallapop/com.rewallapop.ui.wall.WallActivity

11-14 17:08:44.466  4211  4227 W BroadcastQueue: Background execution not allowed: receiving Intent { act=android.intent.action.PACKAGE_RESTARTED dat=package:com.wallapop flg=0x10 (has extras) } to android/com.kddi.android.CpaNotiReceiver

11-14 17:08:44.466 21586 21586 I com.wallapop: Late-enabling -Xcheck:jni

11-14 17:08:44.486  4211  4211 D SamsungAlarmManager: Remove alarm for next reason : android.intent.action.PACKAGE_RESTARTED : package: com.wallapop

11-14 17:08:44.511 23911 23978 D Notification.Badge: updateLauncherIconBadges() item : [IconInfo(title=_Wallapop_ intent=Intent { act=android.intent.action.MAIN cat=[android.intent.category.LAUNCHER] flg=0x10200000 cmp=com.wallapop/.activities.HomeActivity (has extras) } id=162 type=0 container=-102 screen=1 cellX=3 cellY=0 spanX=1 spanY=1 rank=3 hidden=0 dropPos=null user=UserHandle{0} screenType=0)], mShowBadge : [false], item.mBadgeCount : [0]

11-14 17:08:44.532 23911 27641 I AppIconSolution: load=com.wallapop, bg=144-144, dr=126-126, forDefault=true, density=0

11-14 17:08:44.546 23911 27641 I AppIconSolution: load=com.wallapop-contain, bg=166-166, dr=126-126

11-14 17:08:44.558 21586 21586 I com.wallapop: report jit thread pid = 21592

11-14 17:08:44.601 23911 23911 D RecommendedView: updateBadgeItems: [IconInfo(title=_Wallapop_ intent=Intent { act=android.intent.action.MAIN cat=[android.intent.category.LAUNCHER] flg=0x10200000 cmp=com.wallapop/.activities.HomeActivity (has extras) } id=162 type=0 container=-102 screen=1 cellX=3 cellY=0 spanX=1 spanY=1 rank=3 hidden=0 dropPos=null user=UserHandle{0} screenType=0)]

11-14 17:08:44.615  4211  4809 I ActivityManager: DSS on for com.wallapop and scale is 1.0

11-14 17:08:44.773 21586 21586 I com.wallapop: The ClassLoaderContext is a special shared library.

11-14 17:08:46.071 21586 21643 W com.wallapop: Unsupported class loader

11-14 17:08:46.291 21586 21643 W com.wallapop: Skipping duplicate class check due to unsupported classloader

11-14 17:08:46.516 21586 21643 W com.wallapop: Unsupported class loader

11-14 17:08:47.121 21586 21643 I com.wallapop: Waiting for a blocking GC ClassLinker

11-14 17:08:47.549 21586 21643 I com.wallapop: WaitForGcToComplete blocked ClassLinker on ClassLinker for 427.978ms

11-14 17:08:48.419 21586 21623 I FA      :   adb shell setprop debug.firebase.analytics.app com.wallapop

11-14 17:08:49.853 21586 21611 I com.wallapop: Waiting for a blocking GC ProfileSaver

11-14 17:08:49.965 21586 21611 I com.wallapop: Waiting for a blocking GC ProfileSaver

11-14 17:08:50.372 21586 21611 I com.wallapop: WaitForGcToComplete blocked ProfileSaver on ClassLinker for 518.955ms

11-14 17:08:50.620 21586 21691 I stetho  : Listening on @stetho_com.wallapop_devtools_remote

11-14 17:08:50.779 21586 21697 W com.wallapop: Accessing hidden field Lsun/misc/Unsafe;->theUnsafe:Lsun/misc/Unsafe; (light greylist, reflection)

11-14 17:08:50.833 21586 21699 W com.wallapop: Accessing hidden field Ljava/nio/Buffer;->address:J (light greylist, reflection)

11-14 17:08:50.916 21586 21586 I com.wallapop: The ClassLoaderContext is a special shared library.

11-14 17:08:50.920 21586 21586 I chatty  : uid=10313(com.wallapop) identical 1 line

11-14 17:08:50.926 21586 21586 I com.wallapop: The ClassLoaderContext is a special shared library.

11-14 17:08:51.184 21586 21586 I com.wallapop: Waiting for a blocking GC ClassLinker

11-14 17:08:51.199 21586 21586 I com.wallapop: WaitForGcToComplete blocked ClassLinker on ClassLinker for 14.117ms

11-14 17:08:51.314 21586 21725 W com.wallapop: Accessing hidden method Landroid/content/Context;->bindServiceAsUser(Landroid/content/Intent;Landroid/content/ServiceConnection;ILandroid/os/Handler;Landroid/os/UserHandle;)Z (light greylist, reflection)

11-14 17:08:51.319  4211  4809 I ApplicationPolicy: isApplicationExternalStorageWhitelisted:com.wallapop user:0

11-14 17:08:51.319  4211  4809 D ActivityManager: package  com.wallapop, user - 0 is SDcard whitelisted

11-14 17:08:51.319  4211  4809 I ApplicationPolicy: isApplicationExternalStorageBlacklisted:com.wallapop user:0

11-14 17:08:51.319  4211  4809 I ApplicationPolicy: isApplicationExternalStorageBlacklisted:com.wallapop user:0

11-14 17:08:51.336  4211  4229 I ActivityManager: Start proc 21728:com.android.chrome:sandboxed_process0/u0i905 for webview_service com.wallapop/org.chromium.content.app.SandboxedProcessService0

11-14 17:08:51.376  4211  4809 D WifiPermissionsUtil: canAccessScanResults: pkgName = com.wallapop, uid = 10313

11-14 17:08:51.381  4211  4809 I ActivityManager: DSS on for com.wallapop and scale is 1.0

11-14 17:08:51.459 21586 21586 W com.wallapop: Accessing hidden method Landroid/view/textclassifier/logging/SmartSelectionEventTracker;-><init>(Landroid/content/Context;I)V (light greylist, reflection)

11-14 17:08:51.460 21586 21586 W com.wallapop: Accessing hidden method Landroid/view/textclassifier/logging/SmartSelectionEventTracker;->logEvent(Landroid/view/textclassifier/logging/SmartSelectionEventTracker$SelectionEvent;)V (light greylist, reflection)

11-14 17:08:51.460 21586 21586 W com.wallapop: Accessing hidden method Landroid/view/textclassifier/logging/SmartSelectionEventTracker$SelectionEvent;->selectionStarted(I)Landroid/view/textclassifier/logging/SmartSelectionEventTracker$SelectionEvent; (light greylist, reflection)

11-14 17:08:51.460 21586 21586 W com.wallapop: Accessing hidden method Landroid/view/textclassifier/logging/SmartSelectionEventTracker$SelectionEvent;->selectionModified(II)Landroid/view/textclassifier/logging/SmartSelectionEventTracker$SelectionEvent; (light greylist, reflection)

11-14 17:08:51.460 21586 21586 W com.wallapop: Accessing hidden method Landroid/view/textclassifier/logging/SmartSelectionEventTracker$SelectionEvent;->selectionModified(IILandroid/view/textclassifier/TextClassification;)Landroid/view/textclassifier/logging/SmartSelectionEventTracker$SelectionEvent; (light greylist, reflection)

11-14 17:08:51.460 21586 21586 W com.wallapop: Accessing hidden method Landroid/view/textclassifier/logging/SmartSelectionEventTracker$SelectionEvent;->selectionModified(IILandroid/view/textclassifier/TextSelection;)Landroid/view/textclassifier/logging/SmartSelectionEventTracker$SelectionEvent; (light greylist, reflection)

11-14 17:08:51.460 21586 21586 W com.wallapop: Accessing hidden method Landroid/view/textclassifier/logging/SmartSelectionEventTracker$SelectionEvent;->selectionAction(III)Landroid/view/textclassifier/logging/SmartSelectionEventTracker$SelectionEvent; (light greylist, reflection)

11-14 17:08:51.460 21586 21586 W com.wallapop: Accessing hidden method Landroid/view/textclassifier/logging/SmartSelectionEventTracker$SelectionEvent;->selectionAction(IIILandroid/view/textclassifier/TextClassification;)Landroid/view/textclassifier/logging/SmartSelectionEventTracker$SelectionEvent; (light greylist, reflection)

11-14 17:08:51.524 21586 21739 W com.wallapop: Accessing hidden method Landroid/media/AudioManager;->getOutputLatency(I)I (light greylist, reflection)

11-14 17:08:51.562 21586 21586 W com.wallapop: Accessing hidden method Landroid/app/ActivityThread;->currentPackageName()Ljava/lang/String; (light greylist, reflection)

11-14 17:08:51.985 21586 21795 W com.wallapop: Accessing hidden method Lcom/android/org/conscrypt/OpenSSLSocketImpl;->setAlpnProtocols([B)V (light greylist, reflection)

11-14 17:08:52.330 21586 21795 W com.wallapop: Accessing hidden method Lcom/android/org/conscrypt/OpenSSLSocketImpl;->getAlpnSelectedProtocol()[B (light greylist, reflection)

11-14 17:08:53.976  4211  6257 D SamsungAlarmManager: Cancel Alarm calling from uid:10313 pid :21586 / op:PendingIntent{44a8f1a: PendingIntentRecord{3750a4b com.wallapop broadcastIntent}}

11-14 17:08:54.841 21586 21689 W com.wallapop: Accessing hidden method Ldalvik/system/VMRuntime;->getRuntime()Ldalvik/system/VMRuntime; (light greylist, reflection)

11-14 17:08:54.842 21586 21689 W com.wallapop: Accessing hidden method Ldalvik/system/VMRuntime;->vmInstructionSet()Ljava/lang/String; (light greylist, reflection)

11-14 17:08:55.217 21586 21846 I com.wallapop: The ClassLoaderContext is a special shared library.

11-14 17:08:55.222 21586 21846 I com.wallapop: Waiting for a blocking GC ClassLinker

11-14 17:08:55.502 21586 21846 I com.wallapop: WaitForGcToComplete blocked ClassLinker on HeapTrim for 279.968ms

11-14 17:11:21.343 22086 22150 I appium  : AppiumResponse: {"sessionId":"72b6656c-6ff0-480f-a37d-0a306823424c","value":{"sessionId":"72b6656c-6ff0-480f-a37d-0a306823424c","capabilities":{"firstMatch":[{"platform":"LINUX","webStorageEnabled":false,"takesScreenshot":true,"javascriptEnabled":true,"databaseEnabled":false,"networkConnectionEnabled":true,"locationContextEnabled":false,"warnings":{},"desired":{"platformName":"android","normalizeTagNames":true,"androidInstallTimeout":150000,"app":"","appActivity":"com.rewallapop.ui.main.MainActivity","appPackage":"com.wallapop","isHeadless":false,"skipDeviceInitialization":true,"autoAcceptAlerts":true,"autoGrantPermissions":true,"automationName":"UiAutomator2","avd":"","deviceName":"3200f02dc0aab5db","deviceReadyTimeout":1,"fullReset":false,"ignoreUnimportantViews":true,"newCommandTimeout":60,"noReset":true,"systemPort":8223,"udid":"3200f02dc0aab5db"},"platformName":"android","normalizeTagNames":true,"androidInstallTimeout":150000,"app":"","appActivity":"com.rewallapop.ui.main.MainActivity","appPackage":"com.wallapop","isHeadless":false,"skipDeviceInitialization":true,"autoAcceptAlerts":true,"autoGrantPermissions":true,"automationName":"UiAutomator2","avd":"","deviceName":"3200f02dc0aab5db","deviceReadyTimeout":1,"fullReset":false,"ignoreUnimportantViews":true,"newCommandTimeout":60,"noReset":true,"systemPort":8223,"udid":"3200f02dc0aab5db","deviceUDID":"3200f02dc0aab5db"}],"alwaysMatch":{}}}}

11-14 17:11:21.948  4211  5504 I ActivityManager: Force stopping com.wallapop appid=10313 user=0: from pid 22157 caller com.android.server.am.ActivityManagerShellCommand.runStartActivity:412

11-14 17:11:21.950  4211  5504 I ActivityManager: Killing 21586:com.wallapop/u0a313 (adj 900): stop com.wallapop,from pid 22157 caller com.android.server.am.ActivityManagerShellCommand.runStartActivity:412

11-14 17:11:21.969  4211  4211 D SamsungAlarmManager: Remove alarm for next reason : android.intent.action.PACKAGE_RESTARTED : package: com.wallapop

11-14 17:11:21.979  4211  4227 W BroadcastQueue: Background execution not allowed: receiving Intent { act=android.intent.action.PACKAGE_RESTARTED dat=package:com.wallapop flg=0x10 (has extras) } to android/com.kddi.android.CpaNotiReceiver

11-14 17:11:22.225  4211  5504 I ActivityManager: START u0 {act=null typ=null flg=0x10000000 cmp=ComponentInfo{com.wallapop/com.rewallapop.ui.main.MainActivity}} from uid 2000

11-14 17:11:22.234  4211  5504 I ActivityManager: [IOP] sourceDir : /data/app/com.wallapop-N9ua0QKKrjIAApR3SfN52w== in ActivityStacksupervisor

11-14 17:11:22.245  3727  3727 I SurfaceFlinger: id=28083 createSurf (4440x4440),2 flag=4, AppWindowToken{52bdb13 token=Token{39a8602 ActivityRecord{4e45b4d u0 com.wallapop/com.rewallapop.ui.main.MainActivity t2190}}}#0

11-14 17:11:22.258  3727  3727 I SurfaceFlinger: id=28084 createSurf (4440x4440),2 flag=4, 2a64514 Splash Screen com.wallapop#0

11-14 17:11:22.263  4211  4808 D StorageManagerService: getExternalStorageMountMode : final mountMode=1, uid : 10313, packageName : com.wallapop

11-14 17:11:22.263  4211  4808 I ApplicationPolicy: isApplicationExternalStorageWhitelisted:com.wallapop user:0

11-14 17:11:22.263  4211  4808 D ActivityManager: package  com.wallapop, user - 0 is SDcard whitelisted

11-14 17:11:22.263  4211  4808 I ApplicationPolicy: isApplicationExternalStorageBlacklisted:com.wallapop user:0

11-14 17:11:22.263  4211  4808 I ApplicationPolicy: isApplicationExternalStorageBlacklisted:com.wallapop user:0

11-14 17:11:22.265  4211  4211 D Telecom:SamsungPrebindingServiceImpl: onTopActivityChanged : ComponentInfo{com.wallapop/com.rewallapop.ui.main.MainActivity}

11-14 17:11:22.266  4211  4310 V WindowManager: Relayout Window{2a64514 u0 Splash Screen com.wallapop}: viewVisibility=0 req=1080x2220 {(0,0)(fillxfill) sim={adjust=pan} ty=APPLICATION_STARTING fmt=TRANSLUCENT wanim=0x10302fe

11-14 17:11:22.269  3727  3727 I SurfaceFlinger: id=28085 createSurf (1080x2220),1 flag=4, Splash Screen com.wallapop#0

11-14 17:11:22.271  4211  4310 D WindowManager: makeSurface duration=2 name=Splash Screen com.wallapop

11-14 17:11:22.273  4211  4808 V WindowManager: Resize reasons for w=Window{2a64514 u0 Splash Screen com.wallapop}:  contentInsetsChanged=false [0,63][0,126] visibleInsetsChanged=false [0,63][0,126] stableInsetsChanged=false [0,63][0,126] outsetsChanged=false [0,0][0,0] surfaceResized=false configChanged=false dragResizingChanged=false reportOrientationChanged=false displayCutoutChanged=false nextForceRelayoutToClient=false

11-14 17:11:22.288  4211  4229 I ActivityManager: Start proc 22163:com.wallapop/u0a313 for activity com.wallapop/com.rewallapop.ui.main.MainActivity

11-14 17:11:22.293 22163 22163 I com.wallapop: Late-enabling -Xcheck:jni

11-14 17:11:22.300  4211  4310 D WindowManager: finishDrawingWindow: Window{2a64514 u0 Splash Screen com.wallapop} mDrawState=DRAW_PENDING

11-14 17:11:22.302  4211  4310 I WindowManager: commitFinishDrawingLocked: mDrawState=READY_TO_SHOW Surface(name=Splash Screen com.wallapop)/@0x8218fe

11-14 17:11:22.326 22163 22163 I com.wallapop: report jit thread pid = 22168

11-14 17:11:22.329  4211  4310 D WindowManager: finishDrawingWindow: Window{2a64514 u0 Splash Screen com.wallapop} mDrawState=READY_TO_SHOW

11-14 17:11:22.342  4211  4808 I ActivityManager: DSS on for com.wallapop and scale is 1.0

11-14 17:11:22.346  4211  4808 I WindowManager: commitFinishDrawingLocked: mDrawState=READY_TO_SHOW Surface(name=Splash Screen com.wallapop)/@0x8218fe

11-14 17:11:22.349  4211  4808 D GamePkgDataHelper: notifyAppCreate(), pkgName: com.wallapop, sendRet: true

11-14 17:11:22.349  4211  4473 D GamePkgDataHelper: getGamePkgData(). com.wallapop

11-14 17:11:22.349  4211  4473 D GameManagerService: handleMessage(), MSG_APP_CREATE. ignore. pkgName: com.wallapop

11-14 17:11:22.353  4211  4310 I WindowManager: commitFinishDrawingLocked: mDrawState=READY_TO_SHOW Surface(name=Splash Screen com.wallapop)/@0x8218fe

11-14 17:11:22.354  4211  4808 D GameManagerService: noteResumeComponent(), resumeComponent: com.wallapop

11-14 17:11:22.354  4211  4808 D GamePkgDataHelper: getSosPolicy(). com.wallapop

11-14 17:11:22.354  4211  4473 D GameManagerService: handleForegroundChange(). pkgName: com.wallapop, clsName: com.rewallapop.ui.main.MainActivity,FgActivityName:com.wallapop/com.rewallapop.ui.main.MainActivity

11-14 17:11:22.354  4211  4473 D GameManagerService:   handleForegroundChange(). set mFgApp: com.wallapop

11-14 17:11:22.354  4211  4473 D GameManagerService: notifyResumePause(). pkg: com.wallapop, type: 4, isMinimized: false, isTunableApp: false

11-14 17:11:22.354  4211  4808 D GameManagerService: identifyGamePackage. com.wallapop

11-14 17:11:22.355  4211  6757 D GamePkgDataHelper: getGamePkgDataIncServer(). com.wallapop

11-14 17:11:22.355  4211  4808 D GamePkgDataHelper: getGamePkgData(). com.wallapop

11-14 17:11:22.355  4211  4808 D MARsPolicyManager: onPackageResumedFG pkgName = com.wallapop, userId = 0

11-14 17:11:22.357  4211  4310 I WindowManager: commitFinishDrawingLocked: mDrawState=READY_TO_SHOW Surface(name=Splash Screen com.wallapop)/@0x8218fe

11-14 17:11:22.367  4211  4310 I WindowManager: Cancelling animation restarting=true, leash=null, surface=Surface(name=AppWindowToken{52bdb13 token=Token{39a8602 ActivityRecord{4e45b4d u0 com.wallapop/com.rewallapop.ui.main.MainActivity t2190}}})/@0xacc5ef3, parent=Surface(name=Task=2190)/@0xe4a7b0

11-14 17:11:22.367  4211  4310 I WindowManager: Reparenting to leash, surface=Surface(name=AppWindowToken{52bdb13 token=Token{39a8602 ActivityRecord{4e45b4d u0 com.wallapop/com.rewallapop.ui.main.MainActivity t2190}}})/@0xacc5ef3

11-14 17:11:22.368  3727  3727 I SurfaceFlinger: id=28087 createSurf (4440x4440),2 flag=4, Surface(name=AppWindowToken{52bdb13 token=Token{39a8602 ActivityRecord{4e45b4d u0 com.wallapop/com.rewallapop.ui.main.MainActivity t2190}}})/@0xacc5ef3 - animation-leash#0

11-14 17:11:22.370  4211  4310 D WindowManager: makeSurface duration=3 leash=Surface(name=Surface(name=AppWindowToken{52bdb13 token=Token{39a8602 ActivityRecord{4e45b4d u0 com.wallapop/com.rewallapop.ui.main.MainActivity t2190}}})/@0xacc5ef3 - animation-leash)/@0xe933629

11-14 17:11:22.370  4211  4310 D SurfaceControl: reparent is called, sc=Surface(name=AppWindowToken{52bdb13 token=Token{39a8602 ActivityRecord{4e45b4d u0 com.wallapop/com.rewallapop.ui.main.MainActivity t2190}}})/@0xacc5ef3, newParentHandle=android.os.BinderProxy@be4bdae, transaction=android.view.SurfaceControl$Transaction@4c3f74f

11-14 17:11:22.371  4211  4310 V WindowManager: performShowLocked: mDrawState=HAS_DRAWN in Window{2a64514 u0 Splash Screen com.wallapop}

11-14 17:11:22.374  3727  5001 D Layer   : [AppWindowToken{52bdb13 token=Token{39a8602 ActivityRecord{4e45b4d u0 com.wallapop/com.rewallapop.ui.main.MainActivity t2190}}}#0]::reparent oldParent:[Task=2190#0], newParent:[Surface(name=AppWindowToken{52bdb13 token=Token{39a8602 ActivityRecord{4e45b4d u0 com.wallapop/com.rewallapop.ui.main.MainActivity t2190}}})/@0xacc5ef3 - animation-leash#0]

11-14 17:11:22.378  4211  6757 D GamePkgDataHelper: getSosPolicy(). com.wallapop

11-14 17:11:22.380  4211  6757 D GameManagerService: identifyGamePackage. com.wallapop

11-14 17:11:22.380  4211  6757 D GamePkgDataHelper: getGamePkgData(). com.wallapop

11-14 17:11:22.381  4211  4228 D CodecSolution: isMaxAspectPackageEx: com.wallapop : true(2)

11-14 17:11:22.382  4211  4228 D WindowManager: setSystemUiVisibility: vis= 0xa018, fullscreenVis= 0x2000, dockedVis= 0x0, win=Window{2a64514 u0 Splash Screen com.wallapop}

11-14 17:11:22.386  4211  4808 D GameManagerService: identifyGamePackage. com.wallapop

11-14 17:11:22.386  4211  4808 D GamePkgDataHelper: getGamePkgData(). com.wallapop

11-14 17:11:22.387 22163 22163 I com.wallapop: The ClassLoaderContext is a special shared library.

11-14 17:11:22.481  3727  3727 I SurfaceFlinger:      Device | 0x70dda20bc0 | 0000 | RGBA_8888 |   0.0    1.0 1080.0 2219.0 |   89  184  991 2036 | Splash Screen com.wallapop#0

11-14 17:11:22.488  4211  4669 D MdnieScenarioControlService:  packageName : com.wallapop    className : com.rewallapop.ui.main.MainActivity

11-14 17:11:22.521  3727  3727 I SurfaceFlinger:      Device | 0x70dda20bc0 | 0000 | RGBA_8888 |   0.0    0.0 1080.0 2220.0 |   50  103 1030 2117 | Splash Screen com.wallapop#0

11-14 17:11:22.614  4211  4310 I WindowManager: reset, Reparenting to original parent, shouldDeferScheduleAnimation=false, destroyLeash=true, surface=Surface(name=AppWindowToken{52bdb13 token=Token{39a8602 ActivityRecord{4e45b4d u0 com.wallapop/com.rewallapop.ui.main.MainActivity t2190}}})/@0xacc5ef3, parent=Surface(name=Task=2190)/@0xe4a7b0, parentNativeHandle=android.os.BinderProxy@cf2b96b, caller=com.android.server.wm.SurfaceAnimator.lambda$getFinishedCallback$0:97 com.android.server.wm.-$$Lambda$SurfaceAnimator$SIBia0mND666K8lMCPsoid8pUTI.run:4 com.android.server.wm.SurfaceAnimator.lambda$getFinishedCallback$1:104 com.android.server.wm.-$$Lambda$SurfaceAnimator$vdRZk66hQVbQCvVXEaQCT1kVmFc.onAnimationFinished:4 com.android.server.wm.LocalAnimationAdapter.lambda$startAnimation$0:74

11-14 17:11:22.614  4211  4310 D SurfaceControl: reparent is called, sc=Surface(name=AppWindowToken{52bdb13 token=Token{39a8602 ActivityRecord{4e45b4d u0 com.wallapop/com.rewallapop.ui.main.MainActivity t2190}}})/@0xacc5ef3, newParentHandle=android.os.BinderProxy@cf2b96b, transaction=android.view.SurfaceControl$Transaction@4c3f74f

11-14 17:11:22.615  4211  4310 D SurfaceControl: destroy(transaction), animation-leash is destroyed, sc=Surface(name=Surface(name=AppWindowToken{52bdb13 token=Token{39a8602 ActivityRecord{4e45b4d u0 com.wallapop/com.rewallapop.ui.main.MainActivity t2190}}})/@0xacc5ef3 - animation-leash)/@0xe933629, transaction=android.view.SurfaceControl$Transaction@4c3f74f, caller=com.android.server.wm.SurfaceAnimator.reset:338 com.android.server.wm.SurfaceAnimator.lambda$getFinishedCallback$0:97 com.android.server.wm.-$$Lambda$SurfaceAnimator$SIBia0mND666K8lMCPsoid8pUTI.run:4 com.android.server.wm.SurfaceAnimator.lambda$getFinishedCallback$1:104 com.android.server.wm.-$$Lambda$SurfaceAnimator$vdRZk66hQVbQCvVXEaQCT1kVmFc.onAnimationFinished:4 com.android.server.wm.LocalAnimationAdapter.lambda$startAnimation$0:74 com.android.server.wm.-$$Lambda$LocalAnimationAdapter$X--EomqUvw4qy89IeeTFTH7aCMo.run:4

11-14 17:11:22.619  3727  3770 D Layer   : [AppWindowToken{52bdb13 token=Token{39a8602 ActivityRecord{4e45b4d u0 com.wallapop/com.rewallapop.ui.main.MainActivity t2190}}}#0]::reparent oldParent:[Surface(name=AppWindowToken{52bdb13 token=Token{39a8602 ActivityRecord{4e45b4d u0 com.wallapop/com.rewallapop.ui.main.MainActivity t2190}}})/@0xacc5ef3 - animation-leash#0], newParent:[Task=2190#0]

11-14 17:11:22.619  3727  3770 I SurfaceFlinger: id=28087 Removed Surface(name=AppWindowToken{52bdb13 token=Token{39a8602 ActivityRecord{4e45b4d u0 com.wallapop/com.rewallapop.ui.main.MainActivity t2190}}})/@0xacc5ef3 - animation-leash#0 (0/65)

11-14 17:11:22.631  3727  3727 I Layer   : id=28087 onRemoved Surface(name=AppWindowToken{52bdb13 token=Token{39a8602 ActivityRecord{4e45b4d u0 com.wallapop/com.rewallapop.ui.main.MainActivity t2190}}})/@0xacc5ef3 - animation-leash#0

11-14 17:11:22.676  3727  3727 I SurfaceFlinger:      Device | 0x70dda20bc0 | 0000 | RGBA_8888 |   0.0    0.0 1080.0 2220.0 |    0    0 1080 2220 | Splash Screen com.wallapop#0

11-14 17:11:22.759 22163 22198 W com.wallapop: Unsupported class loader

11-14 17:11:22.762 22163 22198 W com.wallapop: Skipping duplicate class check due to unsupported classloader

11-14 17:11:22.815 22163 22198 W com.wallapop: Unsupported class loader

11-14 17:11:22.839 22163 22185 I FA      :   adb shell setprop debug.firebase.analytics.app com.wallapop

11-14 17:11:22.893 22163 22198 I com.wallapop: Waiting for a blocking GC ClassLinker

11-14 17:11:22.945 22163 22174 I com.wallapop: Background concurrent copying GC freed 33350(4MB) AllocSpace objects, 42(1196KB) LOS objects, 70% free, 2MB/8MB, paused 230us total 134.661ms

11-14 17:11:22.945 22163 22198 I com.wallapop: WaitForGcToComplete blocked ClassLinker on ClassLinker for 51.880ms

11-14 17:11:24.898 22163 22234 I stetho  : Listening on @stetho_com.wallapop_devtools_remote

11-14 17:11:24.978 22163 22240 W com.wallapop: Accessing hidden field Lsun/misc/Unsafe;->theUnsafe:Lsun/misc/Unsafe; (light greylist, reflection)

11-14 17:11:25.006 22163 22241 W com.wallapop: Accessing hidden field Ljava/nio/Buffer;->address:J (light greylist, reflection)

11-14 17:11:25.076 22163 22163 I com.wallapop: The ClassLoaderContext is a special shared library.

11-14 17:11:25.080 22163 22163 I chatty  : uid=10313(com.wallapop) identical 1 line

11-14 17:11:25.083 22163 22163 I com.wallapop: The ClassLoaderContext is a special shared library.

11-14 17:11:25.396  4211  4390 D WifiTrafficPoller: TrafficStats TxPkts=968335 RxPkts=1701441 TxBytes=208315950 RxBytes=1624737859 , Foreground uid=10313 pkgName=com.wallapop TxPackets=55149 RxPackets=49779 TxBytes=11353165 RxBytes=35396315

11-14 17:11:25.526 22163 22265 W com.wallapop: Accessing hidden method Landroid/content/Context;->bindServiceAsUser(Landroid/content/Intent;Landroid/content/ServiceConnection;ILandroid/os/Handler;Landroid/os/UserHandle;)Z (light greylist, reflection)

11-14 17:11:25.531  4211  4808 I ApplicationPolicy: isApplicationExternalStorageWhitelisted:com.wallapop user:0

11-14 17:11:25.531  4211  4808 D ActivityManager: package  com.wallapop, user - 0 is SDcard whitelisted

11-14 17:11:25.531  4211  4808 I ApplicationPolicy: isApplicationExternalStorageBlacklisted:com.wallapop user:0

11-14 17:11:25.531  4211  4808 I ApplicationPolicy: isApplicationExternalStorageBlacklisted:com.wallapop user:0

11-14 17:11:25.547  4211  4229 I ActivityManager: Start proc 22268:com.android.chrome:sandboxed_process0/u0i906 for webview_service com.wallapop/org.chromium.content.app.SandboxedProcessService0

11-14 17:11:25.583  4211  4808 I ActivityManager: DSS on for com.wallapop and scale is 1.0

11-14 17:11:25.584  4211  4808 D MultiDisplayManager: init process display: set packageProcessId, displayId=0, same_package_proc=ProcessRecord{80ad486d0 22163:com.wallapop/u0a313}, app=ProcessRecord{2e18470d0 22268:com.android.chrome:sandboxed_process0/u0a313i906}

11-14 17:11:25.594  4211  5514 D WifiPermissionsUtil: canAccessScanResults: pkgName = com.wallapop, uid = 10313

11-14 17:11:25.666 22163 22163 W com.wallapop: Accessing hidden method Landroid/view/textclassifier/logging/SmartSelectionEventTracker;-><init>(Landroid/content/Context;I)V (light greylist, reflection)

11-14 17:11:25.666 22163 22163 W com.wallapop: Accessing hidden method Landroid/view/textclassifier/logging/SmartSelectionEventTracker;->logEvent(Landroid/view/textclassifier/logging/SmartSelectionEventTracker$SelectionEvent;)V (light greylist, reflection)

11-14 17:11:25.666 22163 22163 W com.wallapop: Accessing hidden method Landroid/view/textclassifier/logging/SmartSelectionEventTracker$SelectionEvent;->selectionStarted(I)Landroid/view/textclassifier/logging/SmartSelectionEventTracker$SelectionEvent; (light greylist, reflection)

11-14 17:11:25.666 22163 22163 W com.wallapop: Accessing hidden method Landroid/view/textclassifier/logging/SmartSelectionEventTracker$SelectionEvent;->selectionModified(II)Landroid/view/textclassifier/logging/SmartSelectionEventTracker$SelectionEvent; (light greylist, reflection)

11-14 17:11:25.666 22163 22163 W com.wallapop: Accessing hidden method Landroid/view/textclassifier/logging/SmartSelectionEventTracker$SelectionEvent;->selectionModified(IILandroid/view/textclassifier/TextClassification;)Landroid/view/textclassifier/logging/SmartSelectionEventTracker$SelectionEvent; (light greylist, reflection)

11-14 17:11:25.666 22163 22163 W com.wallapop: Accessing hidden method Landroid/view/textclassifier/logging/SmartSelectionEventTracker$SelectionEvent;->selectionModified(IILandroid/view/textclassifier/TextSelection;)Landroid/view/textclassifier/logging/SmartSelectionEventTracker$SelectionEvent; (light greylist, reflection)

11-14 17:11:25.666 22163 22163 W com.wallapop: Accessing hidden method Landroid/view/textclassifier/logging/SmartSelectionEventTracker$SelectionEvent;->selectionAction(III)Landroid/view/textclassifier/logging/SmartSelectionEventTracker$SelectionEvent; (light greylist, reflection)

11-14 17:11:25.666 22163 22163 W com.wallapop: Accessing hidden method Landroid/view/textclassifier/logging/SmartSelectionEventTracker$SelectionEvent;->selectionAction(IIILandroid/view/textclassifier/TextClassification;)Landroid/view/textclassifier/logging/SmartSelectionEventTracker$SelectionEvent; (light greylist, reflection)

11-14 17:11:25.710 22163 22286 W com.wallapop: Accessing hidden method Landroid/media/AudioManager;->getOutputLatency(I)I (light greylist, reflection)

11-14 17:11:25.765 22163 22163 W com.wallapop: Accessing hidden method Landroid/app/ActivityThread;->currentPackageName()Ljava/lang/String; (light greylist, reflection)

11-14 17:11:26.084 22163 22334 W com.wallapop: Accessing hidden method Lcom/android/org/conscrypt/OpenSSLSocketImpl;->setAlpnProtocols([B)V (light greylist, reflection)

11-14 17:11:26.477 22163 22334 W com.wallapop: Accessing hidden method Lcom/android/org/conscrypt/OpenSSLSocketImpl;->getAlpnSelectedProtocol()[B (light greylist, reflection)

11-14 17:11:28.040  4211  4808 D SamsungAlarmManager: Cancel Alarm calling from uid:10313 pid :22163 / op:PendingIntent{92c9ecd: PendingIntentRecord{3750a4b com.wallapop broadcastIntent}}

11-14 17:11:28.292 22163 22163 W com.wallapop: Accessing hidden method Landroid/view/View;->computeFitSystemWindows(Landroid/graphics/Rect;Landroid/graphics/Rect;)Z (light greylist, reflection)

11-14 17:11:28.296 22163 22163 W com.wallapop: Accessing hidden method Landroid/view/ViewGroup;->makeOptionalFitsSystemWindows()V (light greylist, reflection)

11-14 17:11:28.315 22163 22163 W com.wallapop: Accessing hidden field Landroid/view/ViewGroup;->mOnHierarchyChangeListener:Landroid/view/ViewGroup$OnHierarchyChangeListener; (light greylist, reflection)

11-14 17:11:28.362  4211  4808 D SamsungAlarmManager: Cancel Alarm calling from uid:10313 pid :22163 / op:PendingIntent{3d49a01: PendingIntentRecord{63810a6 com.wallapop broadcastIntent}}

11-14 17:11:28.386  4211  7608 D GameManagerService: identifyGamePackage. com.wallapop

11-14 17:11:28.386  4211  7608 D GamePkgDataHelper: getGamePkgData(). com.wallapop

11-14 17:11:28.467 22163 22163 I chatty  : uid=10313(com.wallapop) identical 14 lines

11-14 17:11:28.468 22163 22163 I chatty  : uid=10313(com.wallapop) identical 1 line

11-14 17:11:28.471 22163 22163 I chatty  : uid=10313(com.wallapop) identical 6 lines

11-14 17:11:28.597  4211  5518 I ActivityManager: START u0 {act=null typ=null flg=0x0 cmp=ComponentInfo{com.wallapop/com.rewallapop.ui.wall.WallActivity}} from uid 10313

11-14 17:11:28.611 22163 22174 I com.wallapop: Background concurrent copying GC freed 96919(6MB) AllocSpace objects, 36(1784KB) LOS objects, 49% free, 9MB/19MB, paused 272us total 475.425ms

11-14 17:11:28.611  3727  3727 I SurfaceFlinger: id=28088 createSurf (4440x4440),2 flag=4, AppWindowToken{8449132 token=Token{9efd53d ActivityRecord{feac694 u0 com.wallapop/com.rewallapop.ui.wall.WallActivity t2190}}}#0

11-14 17:11:28.615  4211  5518 D SurfaceControl: reparent is called, sc=Surface(name=2a64514 Splash Screen com.wallapop)/@0x81b3e83, newParentHandle=android.os.BinderProxy@cf7b800, transaction=android.view.SurfaceControl$Transaction@f898839

11-14 17:11:28.621  4211  4228 D WindowManager: setSystemUiVisibility: vis= 0xa018, fullscreenVis= 0x2000, dockedVis= 0x0, win=Window{2a64514 u0 Splash Screen com.wallapop}

11-14 17:11:28.623  3727  5001 D Layer   : [2a64514 Splash Screen com.wallapop#0]::reparent oldParent:[AppWindowToken{52bdb13 token=Token{39a8602 ActivityRecord{4e45b4d u0 com.wallapop/com.rewallapop.ui.main.MainActivity t2190}}}#0], newParent:[AppWindowToken{8449132 token=Token{9efd53d ActivityRecord{feac694 u0 com.wallapop/com.rewallapop.ui.wall.WallActivity t2190}}}#0]

11-14 17:11:28.627  4211  4211 D Telecom:SamsungPrebindingServiceImpl: onTopActivityChanged : ComponentInfo{com.wallapop/com.rewallapop.ui.wall.WallActivity}

11-14 17:11:28.775 22163 22414 I com.wallapop: The ClassLoaderContext is a special shared library.

11-14 17:11:28.871  4211  4227 D ApplicationPolicy: isStatusBarNotificationAllowedAsUser: packageName = com.wallapop,userId = 0

11-14 17:11:28.871  4211  4227 D ApplicationPolicy: isStatusBarNotificationAllowedAsUser: packageName = com.wallapop,userId = 0

11-14 17:11:28.879  4211  4473 D GamePkgDataHelper: getGamePkgData(). com.wallapop

11-14 17:11:28.879  4211  6757 D GamePkgDataHelper: notifyAppCreate(), pkgName: com.wallapop, sendRet: true

11-14 17:11:28.879  4211  4473 D GameManagerService: handleMessage(), MSG_APP_CREATE. ignore. pkgName: com.wallapop

11-14 17:11:28.882  4211  6757 D GameManagerService: noteResumeComponent(), resumeComponent: com.wallapop

11-14 17:11:28.882  4211  6757 D MARsPolicyManager: onPackageResumedFG pkgName = com.wallapop, userId = 0

11-14 17:11:28.882  4211  4473 D GameManagerService: handleForegroundChange(). pkgName: com.wallapop, clsName: com.rewallapop.ui.wall.WallActivity,FgActivityName:com.wallapop/com.rewallapop.ui.wall.WallActivity

11-14 17:11:28.885  4211  4211 D Telecom:SamsungPrebindingServiceImpl: onTopActivityChanged : ComponentInfo{com.wallapop/com.rewallapop.ui.wall.WallActivity}

11-14 17:11:28.887  4211  6757 I WindowManager: Cancelling animation restarting=true, leash=null, surface=Surface(name=AppWindowToken{52bdb13 token=Token{39a8602 ActivityRecord{4e45b4d u0 com.wallapop/com.rewallapop.ui.main.MainActivity t2190}}})/@0xacc5ef3, parent=Surface(name=Task=2190)/@0xe4a7b0

11-14 17:11:28.888  4211  6757 I WindowManager: Reparenting to leash, surface=Surface(name=AppWindowToken{52bdb13 token=Token{39a8602 ActivityRecord{4e45b4d u0 com.wallapop/com.rewallapop.ui.main.MainActivity t2190}}})/@0xacc5ef3

11-14 17:11:28.888  3727  3727 I SurfaceFlinger: id=28089 createSurf (4440x4440),2 flag=4, Surface(name=AppWindowToken{52bdb13 token=Token{39a8602 ActivityRecord{4e45b4d u0 com.wallapop/com.rewallapop.ui.main.MainActivity t2190}}})/@0xacc5ef3 - animation-leash#0

11-14 17:11:28.890  4211  6757 D WindowManager: makeSurface duration=3 leash=Surface(name=Surface(name=AppWindowToken{52bdb13 token=Token{39a8602 ActivityRecord{4e45b4d u0 com.wallapop/com.rewallapop.ui.main.MainActivity t2190}}})/@0xacc5ef3 - animation-leash)/@0x51932e

11-14 17:11:28.891  4211  6757 D SurfaceControl: reparent is called, sc=Surface(name=AppWindowToken{52bdb13 token=Token{39a8602 ActivityRecord{4e45b4d u0 com.wallapop/com.rewallapop.ui.main.MainActivity t2190}}})/@0xacc5ef3, newParentHandle=android.os.BinderProxy@127decf, transaction=android.view.SurfaceControl$Transaction@4c3f74f

11-14 17:11:28.895  3727  3771 D Layer   : [AppWindowToken{52bdb13 token=Token{39a8602 ActivityRecord{4e45b4d u0 com.wallapop/com.rewallapop.ui.main.MainActivity t2190}}}#0]::reparent oldParent:[Task=2190#0], newParent:[Surface(name=AppWindowToken{52bdb13 token=Token{39a8602 ActivityRecord{4e45b4d u0 com.wallapop/com.rewallapop.ui.main.MainActivity t2190}}})/@0xacc5ef3 - animation-leash#0]

11-14 17:11:28.930 22163 22232 W com.wallapop: Accessing hidden method Ldalvik/system/VMRuntime;->getRuntime()Ldalvik/system/VMRuntime; (light greylist, reflection)

11-14 17:11:28.930 22163 22232 W com.wallapop: Accessing hidden method Ldalvik/system/VMRuntime;->vmInstructionSet()Ljava/lang/String; (light greylist, reflection)

11-14 17:11:28.958 19377 20028 I Finsky  : [9630] fxs.d(3): com.wallapop: Account determined from installer data - [rJj4Md76H4LxoN-B4dnoZM7XaXDDBcXGlC-caOCi6Uc]

11-14 17:11:28.958 19377 20028 I Finsky  : [9630] fxs.d(14): com.wallapop: Account from preferred account - [rJj4Md76H4LxoN-B4dnoZM7XaXDDBcXGlC-caOCi6Uc]

11-14 17:11:28.960 19377 20028 I Finsky  : [9630] fxs.d(3): com.wallapop: Account determined from installer data - [rJj4Md76H4LxoN-B4dnoZM7XaXDDBcXGlC-caOCi6Uc]

11-14 17:11:28.960 19377 20028 I Finsky  : [9630] fxs.d(14): com.wallapop: Account from preferred account - [rJj4Md76H4LxoN-B4dnoZM7XaXDDBcXGlC-caOCi6Uc]

11-14 17:11:28.966 19377 20028 I Finsky  : [9630] fxs.d(3): com.wallapop: Account determined from installer data - [rJj4Md76H4LxoN-B4dnoZM7XaXDDBcXGlC-caOCi6Uc]

11-14 17:11:28.966 19377 20028 I Finsky  : [9630] fxs.d(14): com.wallapop: Account from preferred account - [rJj4Md76H4LxoN-B4dnoZM7XaXDDBcXGlC-caOCi6Uc]

