11-14 16:03:27.118  4211  4310 D SurfaceControl: destroy(transaction), animation-leash is destroyed, sc=Surface(name=Surface(name=AppWindowToken{48a1ba token=Token{ff32e5 ActivityRecord{25bf1dc u0 com.wallapop/com.rewallapop.ui.main.MainActivity t2182}}})/@0x9235228 - animation-leash)/@0x8460dfd, transaction=android.view.SurfaceControl$Transaction@46f68d4, caller=com.android.server.wm.SurfaceAnimator.reset:338 com.android.server.wm.SurfaceAnimator.lambda$getFinishedCallback$0:97 com.android.server.wm.-$$Lambda$SurfaceAnimator$SIBia0mND666K8lMCPsoid8pUTI.run:4 com.android.server.wm.SurfaceAnimator.lambda$getFinishedCallback$1:104 com.android.server.wm.-$$Lambda$SurfaceAnimator$vdRZk66hQVbQCvVXEaQCT1kVmFc.onAnimationFinished:4 com.android.server.wm.LocalAnimationAdapter.lambda$startAnimation$0:74 com.android.server.wm.-$$Lambda$LocalAnimationAdapter$X--EomqUvw4qy89IeeTFTH7aCMo.run:4

11-14 16:03:27.132  3727  5386 D Layer   : [AppWindowToken{48a1ba token=Token{ff32e5 ActivityRecord{25bf1dc u0 com.wallapop/com.rewallapop.ui.main.MainActivity t2182}}}#0]::reparent oldParent:[Surface(name=AppWindowToken{48a1ba token=Token{ff32e5 ActivityRecord{25bf1dc u0 com.wallapop/com.rewallapop.ui.main.MainActivity t2182}}})/@0x9235228 - animation-leash#0], newParent:[Task=2182#0]

11-14 16:03:27.132  3727  5386 I SurfaceFlinger: id=27403 Removed Surface(name=AppWindowToken{48a1ba token=Token{ff32e5 ActivityRecord{25bf1dc u0 com.wallapop/com.rewallapop.ui.main.MainActivity t2182}}})/@0x9235228 - animation-leash#0 (0/63)

11-14 16:03:27.148  3727  3727 I Layer   : id=27403 onRemoved Surface(name=AppWindowToken{48a1ba token=Token{ff32e5 ActivityRecord{25bf1dc u0 com.wallapop/com.rewallapop.ui.main.MainActivity t2182}}})/@0x9235228 - animation-leash#0

11-14 16:03:27.274  4211  4222 D SamsungAlarmManager: Cancel Alarm calling from uid:10313 pid :2385 / op:PendingIntent{1cd364a: PendingIntentRecord{35310b6 com.wallapop broadcastIntent}}

11-14 16:03:27.441  2385  2385 W com.wallapop: Accessing hidden method Landroid/widget/TextView;->getTextDirectionHeuristic()Landroid/text/TextDirectionHeuristic; (light greylist, linking)

11-14 16:03:27.449  2385  2385 W com.wallapop: Accessing hidden method Landroid/graphics/FontFamily;-><init>()V (light greylist, reflection)

11-14 16:03:27.453  2385  2385 W com.wallapop: Accessing hidden method Landroid/graphics/FontFamily;->addFontFromAssetManager(Landroid/content/res/AssetManager;Ljava/lang/String;IZIII[Landroid/graphics/fonts/FontVariationAxis;)Z (light greylist, reflection)

11-14 16:03:27.453  2385  2385 W com.wallapop: Accessing hidden method Landroid/graphics/FontFamily;->addFontFromBuffer(Ljava/nio/ByteBuffer;I[Landroid/graphics/fonts/FontVariationAxis;II)Z (light greylist, reflection)

11-14 16:03:27.453  2385  2385 W com.wallapop: Accessing hidden method Landroid/graphics/FontFamily;->freeze()Z (light greylist, reflection)

11-14 16:03:27.453  2385  2385 W com.wallapop: Accessing hidden method Landroid/graphics/FontFamily;->abortCreation()V (light greylist, reflection)

11-14 16:03:27.454  2385  2385 W com.wallapop: Accessing hidden method Landroid/graphics/Typeface;->createFromFamiliesWithDefault([Landroid/graphics/FontFamily;Ljava/lang/String;II)Landroid/graphics/Typeface; (light greylist, reflection)

11-14 16:03:27.494  2385  2396 I com.wallapop: Background concurrent copying GC freed 159794(8MB) AllocSpace objects, 38(2MB) LOS objects, 49% free, 13MB/26MB, paused 363us total 198.494ms

11-14 16:03:28.038  2385  2577 I com.wallapop: The ClassLoaderContext is a special shared library.

11-14 16:03:28.151  3727  3727 I SurfaceFlinger: id=27404 createSurf (4440x4440),2 flag=4, 2b24d11 com.wallapop/com.rewallapop.ui.wall.WallActivity#0

11-14 16:03:28.181 25561 31996 I Finsky  : [9537] fxs.d(3): com.wallapop: Account determined from installer data - [rJj4Md76H4LxoN-B4dnoZM7XaXDDBcXGlC-caOCi6Uc]

11-14 16:03:28.182 25561 31996 I Finsky  : [9537] fxs.d(14): com.wallapop: Account from preferred account - [rJj4Md76H4LxoN-B4dnoZM7XaXDDBcXGlC-caOCi6Uc]

11-14 16:03:28.285 25561 31996 I Finsky  : [9537] fxs.d(3): com.wallapop: Account determined from installer data - [rJj4Md76H4LxoN-B4dnoZM7XaXDDBcXGlC-caOCi6Uc]

11-14 16:03:28.286 25561 31996 I Finsky  : [9537] fxs.d(14): com.wallapop: Account from preferred account - [rJj4Md76H4LxoN-B4dnoZM7XaXDDBcXGlC-caOCi6Uc]

11-14 16:03:28.356 25561 31996 I Finsky  : [9537] fxs.d(3): com.wallapop: Account determined from installer data - [rJj4Md76H4LxoN-B4dnoZM7XaXDDBcXGlC-caOCi6Uc]

11-14 16:03:28.357 25561 31996 I Finsky  : [9537] fxs.d(14): com.wallapop: Account from preferred account - [rJj4Md76H4LxoN-B4dnoZM7XaXDDBcXGlC-caOCi6Uc]

11-14 16:03:28.436 25561 31996 I Finsky  : [9537] fxs.d(3): com.wallapop: Account determined from installer data - [rJj4Md76H4LxoN-B4dnoZM7XaXDDBcXGlC-caOCi6Uc]

11-14 16:03:28.436 25561 31996 I Finsky  : [9537] fxs.d(14): com.wallapop: Account from preferred account - [rJj4Md76H4LxoN-B4dnoZM7XaXDDBcXGlC-caOCi6Uc]

11-14 16:03:28.501  4211  5239 D ActivityManagerPerformance: Received MSG_DISABLE_ACT_START, r: ActivityRecord{2fdfaea u0 com.wallapop/com.rewallapop.ui.wall.WallActivity t2182}

11-14 16:03:28.966  4211  4808 V WindowManager: Relayout Window{2b24d11 u0 com.wallapop/com.rewallapop.ui.wall.WallActivity}: viewVisibility=0 req=1080x2220 {(0,0)(fillxfill) sim={adjust=resize forwardNavigation} ty=BASE_APPLICATION wanim=0x10302fe

11-14 16:03:28.971  3727  3727 I SurfaceFlinger: id=27405 createSurf (1080x2220),1 flag=404, com.wallapop/com.rewallapop.ui.wall.WallActivity[2385]#0

11-14 16:03:28.973  4211  4808 D WindowManager: makeSurface duration=4 name=com.wallapop/com.rewallapop.ui.wall.WallActivity[2385]

11-14 16:03:28.974  4211  4808 V WindowManager: Changing focus from null to Window{2b24d11 u0 com.wallapop/com.rewallapop.ui.wall.WallActivity} Callers=com.android.server.wm.WindowManagerService.relayoutWindow:2526 com.android.server.wm.Session.relayoutForTranslate:302 android.view.IWindowSession$Stub.onTransact:518 com.android.server.wm.Session.onTransact:186

11-14 16:03:28.974  4211  4228 D WindowManager: setSystemUiVisibility: vis= 0xa518, fullscreenVis= 0x2000, dockedVis= 0x0, win=Window{2b24d11 u0 com.wallapop/com.rewallapop.ui.wall.WallActivity}

11-14 16:03:28.977  4211  4242 D WindowManager: reportFocusChangedSerialized, focused=true, inTouchMode=true, win=Window{2b24d11 u0 com.wallapop/com.rewallapop.ui.wall.WallActivity}

11-14 16:03:29.121 25561 25573 I Finsky  : [9439] fxs.d(3): com.wallapop: Account determined from installer data - [rJj4Md76H4LxoN-B4dnoZM7XaXDDBcXGlC-caOCi6Uc]

11-14 16:03:29.122 25561 25573 I Finsky  : [9439] fxs.d(14): com.wallapop: Account from preferred account - [rJj4Md76H4LxoN-B4dnoZM7XaXDDBcXGlC-caOCi6Uc]

11-14 16:03:29.591  4211  4221 D WindowManager: finishDrawingWindow: Window{2b24d11 u0 com.wallapop/com.rewallapop.ui.wall.WallActivity} mDrawState=DRAW_PENDING

11-14 16:03:29.594  4211  4310 I WindowManager: commitFinishDrawingLocked: mDrawState=READY_TO_SHOW Surface(name=com.wallapop/com.rewallapop.ui.wall.WallActivity[2385])/@0x4475e6e

11-14 16:03:29.594  4211  4310 V WindowManager: Resize reasons for w=Window{2b24d11 u0 com.wallapop/com.rewallapop.ui.wall.WallActivity}:  contentInsetsChanged=false [0,63][0,126] visibleInsetsChanged=false [0,63][0,126] stableInsetsChanged=false [0,63][0,126] outsetsChanged=false [0,0][0,0] surfaceResized=false configChanged=false dragResizingChanged=false reportOrientationChanged=false displayCutoutChanged=false nextForceRelayoutToClient=false

11-14 16:03:29.600  4211  4310 I WindowManager: commitFinishDrawingLocked: mDrawState=READY_TO_SHOW Surface(name=com.wallapop/com.rewallapop.ui.wall.WallActivity[2385])/@0x4475e6e

11-14 16:03:29.601  4211  4310 I WindowManager: Cancelling animation restarting=false, leash=null, surface=Surface(name=2b24d11 com.wallapop/com.rewallapop.ui.wall.WallActivity)/@0x83ce90f, parent=Surface(name=AppWindowToken{30cc478 token=Token{39351db ActivityRecord{2fdfaea u0 com.wallapop/com.rewallapop.ui.wall.WallActivity t2182}}})/@0x18bfd9c

11-14 16:03:29.601  4211  4310 V WindowManager: performShowLocked: mDrawState=HAS_DRAWN in Window{2b24d11 u0 com.wallapop/com.rewallapop.ui.wall.WallActivity}

11-14 16:03:29.613  4211  4242 I ActivityManager: Displayed com.wallapop/com.rewallapop.ui.wall.WallActivity: +2s786ms (total +9s881ms)

11-14 16:03:29.613  2385  2396 I com.wallapop: Background concurrent copying GC freed 193965(13MB) AllocSpace objects, 42(1856KB) LOS objects, 49% free, 11MB/23MB, paused 8.020ms total 422.682ms

11-14 16:03:29.613  4211  4310 V WindowManager: Remove Window{494213f u0 Splash Screen com.wallapop}: mSurfaceController=Surface(name=Splash Screen com.wallapop[2385])/@0x3647636 mAnimatingExit=false mRemoveOnExit=false mHasSurface=true surfaceShowing=true isAnimationSet=false app-animation=false mWillReplaceWindow=false inPendingTransaction=false mDisplayFrozen=false callers=com.android.server.wm.WindowState.removeIfPossible:2764 com.android.server.wm.WindowManagerService.removeWindow:1943 com.android.server.wm.Session.remove:268 android.view.ViewRootImpl.dispatchDetachedFromWindow:4565 android.view.ViewRootImpl.doDie:7996 android.view.ViewRootImpl$ViewRootHandler.handleMessage:4987

11-14 16:03:29.614  4211  4310 I WindowManager: Cancelling animation restarting=true, leash=null, surface=Surface(name=494213f Splash Screen com.wallapop)/@0xd1c6751, parent=Surface(name=AppWindowToken{30cc478 token=Token{39351db ActivityRecord{2fdfaea u0 com.wallapop/com.rewallapop.ui.wall.WallActivity t2182}}})/@0x18bfd9c

11-14 16:03:29.614  4211  4310 I WindowManager: Reparenting to leash, surface=Surface(name=494213f Splash Screen com.wallapop)/@0xd1c6751

11-14 16:03:29.617  3727  3727 I SurfaceFlinger:      Device | 0x70dda1ff00 | 0002 | RGBA_8888 |   0.0    0.0 1080.0 2220.0 |    0    0 1080 2220 | com.wallapop/com.rewallapop.ui.wall.WallActivity[2385]#0

11-14 16:03:29.617  3727  3727 I SurfaceFlinger:      Device | 0x70dda205c0 | 0000 | RGBA_8888 |   0.0    0.0 1080.0 2220.0 |    0    0 1080 2220 | Splash Screen com.wallapop[2385]#0

11-14 16:03:29.618  3727  3727 I SurfaceFlinger: id=27406 createSurf (4440x4440),2 flag=4, Surface(name=494213f Splash Screen com.wallapop)/@0xd1c6751 - animation-leash#0

11-14 16:03:29.622  4211  4310 D WindowManager: makeSurface duration=9 leash=Surface(name=Surface(name=494213f Splash Screen com.wallapop)/@0xd1c6751 - animation-leash)/@0x18ef37a

11-14 16:03:29.623  4211  4310 D SurfaceControl: reparent is called, sc=Surface(name=494213f Splash Screen com.wallapop)/@0xd1c6751, newParentHandle=android.os.BinderProxy@269072b, transaction=android.view.SurfaceControl$Transaction@deb30b7

11-14 16:03:29.628  3727  5386 D Layer   : [494213f Splash Screen com.wallapop#0]::reparent oldParent:[AppWindowToken{30cc478 token=Token{39351db ActivityRecord{2fdfaea u0 com.wallapop/com.rewallapop.ui.wall.WallActivity t2182}}}#0], newParent:[Surface(name=494213f Splash Screen com.wallapop)/@0xd1c6751 - animation-leash#0]

11-14 16:03:29.730  2385  2385 V InputMethodManager: Starting input: tba=com.wallapop ic=null mNaviBarColor -1 mIsGetNaviBarColorSuccess true , NavVisible : true , NavTrans : false

11-14 16:03:29.733  4211  6757 V InputMethodManagerService: windowGainedFocus : reason=WINDOW_FOCUS_GAIN client=android.os.BinderProxy@f697c95 inputContext=null missingMethods= attribute=android.view.inputmethod.EditorInfo@ca5b2b8 nm = com.wallapop controlFlags=#104 softInputMode=#110 windowFlags=#81810100

11-14 16:03:29.788  4211  4310 I WindowManager: reset, Reparenting to original parent, shouldDeferScheduleAnimation=false, destroyLeash=true, surface=Surface(name=494213f Splash Screen com.wallapop)/@0xd1c6751, parent=Surface(name=AppWindowToken{30cc478 token=Token{39351db ActivityRecord{2fdfaea u0 com.wallapop/com.rewallapop.ui.wall.WallActivity t2182}}})/@0x18bfd9c, parentNativeHandle=android.os.BinderProxy@638dbb6, caller=com.android.server.wm.SurfaceAnimator.lambda$getFinishedCallback$0:97 com.android.server.wm.-$$Lambda$SurfaceAnimator$SIBia0mND666K8lMCPsoid8pUTI.run:4 com.android.server.wm.SurfaceAnimator.lambda$getFinishedCallback$1:104 com.android.server.wm.-$$Lambda$SurfaceAnimator$vdRZk66hQVbQCvVXEaQCT1kVmFc.onAnimationFinished:4 com.android.server.wm.LocalAnimationAdapter.lambda$startAnimation$0:74

11-14 16:03:29.789  4211  4310 D SurfaceControl: reparent is called, sc=Surface(name=494213f Splash Screen com.wallapop)/@0xd1c6751, newParentHandle=android.os.BinderProxy@638dbb6, transaction=android.view.SurfaceControl$Transaction@deb30b7

11-14 16:03:29.790  4211  4310 D SurfaceControl: destroy(transaction), animation-leash is destroyed, sc=Surface(name=Surface(name=494213f Splash Screen com.wallapop)/@0xd1c6751 - animation-leash)/@0x18ef37a, transaction=android.view.SurfaceControl$Transaction@deb30b7, caller=com.android.server.wm.SurfaceAnimator.reset:338 com.android.server.wm.SurfaceAnimator.lambda$getFinishedCallback$0:97 com.android.server.wm.-$$Lambda$SurfaceAnimator$SIBia0mND666K8lMCPsoid8pUTI.run:4 com.android.server.wm.SurfaceAnimator.lambda$getFinishedCallback$1:104 com.android.server.wm.-$$Lambda$SurfaceAnimator$vdRZk66hQVbQCvVXEaQCT1kVmFc.onAnimationFinished:4 com.android.server.wm.LocalAnimationAdapter.lambda$startAnimation$0:74 com.android.server.wm.-$$Lambda$LocalAnimationAdapter$X--EomqUvw4qy89IeeTFTH7aCMo.run:4

11-14 16:03:29.791  4211  4310 E WindowManager: win=Window{494213f u0 Splash Screen com.wallapop EXITING} destroySurfaces: appStopped=false win.mWindowRemovalAllowed=true win.mRemoveOnExit=true win.mViewVisibility=0 caller=com.android.server.wm.AppWindowToken.destroySurfaces:870 com.android.server.wm.AppWindowToken.destroySurfaces:851 com.android.server.wm.WindowState.onExitAnimationDone:5436 com.android.server.wm.WindowStateAnimator.onAnimationFinished:319 com.android.server.wm.WindowState.onAnimationFinished:5858 com.android.server.wm.-$$Lambda$yVRF8YoeNdTa8GR1wDStVsHu8xM.run:2 com.android.server.wm.SurfaceAnimator.lambda$getFinishedCallback$0:100

11-14 16:03:29.791  4211  4310 I WindowManager: Destroying surface Surface(name=Splash Screen com.wallapop[2385])/@0x3647636 called by com.android.server.wm.WindowStateAnimator.destroySurface:1901 com.android.server.wm.WindowStateAnimator.destroySurfaceLocked:838 com.android.server.wm.WindowState.destroySurfaceUnchecked:3839 com.android.server.wm.WindowState.destroySurface:3820 com.android.server.wm.AppWindowToken.destroySurfaces:870 com.android.server.wm.AppWindowToken.destroySurfaces:851 com.android.server.wm.WindowState.onExitAnimationDone:5436 com.android.server.wm.WindowStateAnimator.onAnimationFinished:319

11-14 16:03:29.791  3727  3964 I SurfaceFlinger: id=27399 Removed Splash Screen com.wallapop[2385]#0 (0/65)

11-14 16:03:29.799  3727  5386 W SurfaceFlinger: Attempting to set client state on removed layer: Splash Screen com.wallapop[2385]#0 [s.what : 40]

11-14 16:03:29.799  3727  5386 D Layer   : [494213f Splash Screen com.wallapop#0]::reparent oldParent:[Surface(name=494213f Splash Screen com.wallapop)/@0xd1c6751 - animation-leash#0], newParent:[AppWindowToken{30cc478 token=Token{39351db ActivityRecord{2fdfaea u0 com.wallapop/com.rewallapop.ui.wall.WallActivity t2182}}}#0]

11-14 16:03:29.799  3727  5386 W SurfaceFlinger: Attempting to destroy on removed layer: Splash Screen com.wallapop[2385]#0

11-14 16:03:29.799  3727  5386 I SurfaceFlinger: id=27406 Removed Surface(name=494213f Splash Screen com.wallapop)/@0xd1c6751 - animation-leash#0 (2/64)

11-14 16:03:29.799  3727  5386 I SurfaceFlinger: id=27398 Removed 494213f Splash Screen com.wallapop#0 (1/63)

11-14 16:03:29.805  3727  3727 I Layer   : id=27399 onRemoved Splash Screen com.wallapop[2385]#0

11-14 16:03:29.806  3727  3727 I Layer   : id=27406 onRemoved Surface(name=494213f Splash Screen com.wallapop)/@0xd1c6751 - animation-leash#0

11-14 16:03:29.806  3727  3727 I Layer   : id=27398 onRemoved 494213f Splash Screen com.wallapop#0

11-14 16:03:29.812  3727  3727 I SurfaceFlinger:      Device | 0x70dda1ff00 | 0002 | RGBA_8888 |   0.0    0.0 1080.0 2220.0 |    0    0 1080 2220 | com.wallapop/com.rewallapop.ui.wall.WallActivity[2385]#0

11-14 16:03:29.905 25561 25573 I Finsky  : [9439] fxs.d(3): com.wallapop: Account determined from installer data - [rJj4Md76H4LxoN-B4dnoZM7XaXDDBcXGlC-caOCi6Uc]

11-14 16:03:29.906 25561 25573 I Finsky  : [9439] fxs.d(14): com.wallapop: Account from preferred account - [rJj4Md76H4LxoN-B4dnoZM7XaXDDBcXGlC-caOCi6Uc]

11-14 16:03:29.930  2385  2385 V InputMethodManager: Starting input: tba=com.wallapop ic=null mNaviBarColor -1 mIsGetNaviBarColorSuccess true , NavVisible : true , NavTrans : false

11-14 16:03:29.935 25561 31996 I Finsky  : [9537] fxs.d(3): com.wallapop: Account determined from installer data - [rJj4Md76H4LxoN-B4dnoZM7XaXDDBcXGlC-caOCi6Uc]

11-14 16:03:29.936 25561 31996 I Finsky  : [9537] fxs.d(14): com.wallapop: Account from preferred account - [rJj4Md76H4LxoN-B4dnoZM7XaXDDBcXGlC-caOCi6Uc]

11-14 16:03:30.001  4622  4682 E RequestManager_FLP: [FusedLocationApi] Location request 34ec746(Listener) PRIORITY_BALANCED_POWER_ACCURACY interval=300000 from com.wallapop

11-14 16:03:30.106  4211  4227 I WindowManager: Cancelling animation restarting=false, leash=null, surface=Surface(name=AppWindowToken{74f9e8b token=Token{1ddcc5a ActivityRecord{c99e405 u0 com.wallapop/com.rewallapop.ui.item.ItemDetailActivity t2176}}})/@0xf127fba, parent=Surface(name=Task=2176)/@0x7846e20

11-14 16:03:30.119  3727  3964 W SurfaceFlinger: Attempting to destroy on removed layer: AppWindowToken{74f9e8b token=Token{1ddcc5a ActivityRecord{c99e405 u0 com.wallapop/com.rewallapop.ui.item.ItemDetailActivity t2176}}}#0

11-14 16:03:30.122  3727  3727 I Layer   : id=27358 onRemoved AppWindowToken{74f9e8b token=Token{1ddcc5a ActivityRecord{c99e405 u0 com.wallapop/com.rewallapop.ui.item.ItemDetailActivity t2176}}}#0

11-14 16:03:30.154  4211  6758 I WindowManager: Cancelling animation restarting=false, leash=null, surface=Surface(name=AppWindowToken{48a1ba token=Token{ff32e5 ActivityRecord{25bf1dc u0 com.wallapop/com.rewallapop.ui.main.MainActivity t2182}}})/@0x9235228, parent=Surface(name=Task=2182)/@0xa025b41

11-14 16:03:30.158  3727  3964 I SurfaceFlinger: id=27397 Removed AppWindowToken{48a1ba token=Token{ff32e5 ActivityRecord{25bf1dc u0 com.wallapop/com.rewallapop.ui.main.MainActivity t2182}}}#0 (0/58)

11-14 16:03:30.160  4211  4228 D CodecSolution: isMaxAspectPackageEx: com.wallapop : true(2)

11-14 16:03:30.172  3727  3727 I Layer   : id=27397 onRemoved AppWindowToken{48a1ba token=Token{ff32e5 ActivityRecord{25bf1dc u0 com.wallapop/com.rewallapop.ui.main.MainActivity t2182}}}#0

11-14 16:03:30.287  4211  4669 D MdnieScenarioControlService:  packageName : com.wallapop    className : com.rewallapop.ui.wall.WallActivity

11-14 16:03:30.623  4622  4682 D ListenerMonitor_FLP: removeListener, type : 0 , packageName : com.wallapop , listener count : 0

11-14 16:03:30.623  4622  4682 E RequestManager_FLP: [LocationManagerService] Location remove 44930af from com.wallapop

11-14 16:03:30.670  2385  2385 W com.wallapop: Accessing hidden field Landroid/view/View;->mAccessibilityDelegate:Landroid/view/View$AccessibilityDelegate; (light greylist, reflection)

11-14 16:03:31.437  2385  2390 I com.wallapop: Compiler allocated 4MB to compile void android.widget.TextView.<init>(android.content.Context, android.util.AttributeSet, int, int)

11-14 16:03:31.505  2385  2385 W View    : requestLayout() improperly called by com.wallapop.design.view.WallapopTextView{3c5e736 V.ED..... ......ID 47,26-47,86 #7f0a0904 app:id/wp__home__tv_bubble} during layout: running second layout pass

11-14 16:03:31.917  2385  2396 I com.wallapop: Background concurrent copying GC freed 122924(8MB) AllocSpace objects, 31(884KB) LOS objects, 49% free, 14MB/28MB, paused 4.139ms total 230.309ms

11-14 16:03:32.247  2385  2390 I com.wallapop: Compiler allocated 4MB to compile void android.widget.TextView.<init>(android.content.Context, android.util.AttributeSet, int, int)

11-14 16:03:33.408  4211  6758 D WifiPermissionsUtil: canAccessScanResults: pkgName = com.wallapop, uid = 10313

11-14 16:03:33.981  2385  2710 D Amazon DTB Ads API: with query params:[?dt=android&app=app&dinfo=%7B%22os%22%3A%22Android%22%2C%22model%22%3A%22SM-A750FN%22%2C%22make%22%3A%22samsung%22%2C%22osVersion%22%3A%229%22%2C%22connectionType%22%3A%2213%22%2C%22country%22%3A%22ES%22%2C%22scalingFactor%22%3A%222.625%22%2C%22carrier%22%3A%22JAZZTEL%22%2C%22language%22%3A%22es%22%2C%22screenSize%22%3A%221080x2094%22%2C%22orientation%22%3A%22portrait%22%7D&oo=0&aud=3p&idfa=bf505ce3-e614-4d9a-a4d7-9c324edc6560&appId=d2ba46e2d5ef4c9883051d9c8d0125d5&sdkVer=aps-android-7.4.3&ua=Dalvik%2F2.1.0%20%28Linux%3B%20U%3B%20Android%209%3B%20SM-A750FN%20Build%2FPPR1.180610.011%29&pkg=%7B%22lbl%22%3A%22_Wallapop_%22%2C%22pn%22%3A%22com.wallapop%22%2C%22v%22%3A%221850000%22%2C%22vn%22%3A%221.85.0-d1910251130%22%7D]

11-14 16:03:34.492  2385  2710 D Amazon DTB Ads API: Error while connecting to remote server: https://s.amazon-adsystem.com/api3/generate_did?dt=android&app=app&dinfo=%7B%22os%22%3A%22Android%22%2C%22model%22%3A%22SM-A750FN%22%2C%22make%22%3A%22samsung%22%2C%22osVersion%22%3A%229%22%2C%22connectionType%22%3A%2213%22%2C%22country%22%3A%22ES%22%2C%22scalingFactor%22%3A%222.625%22%2C%22carrier%22%3A%22JAZZTEL%22%2C%22language%22%3A%22es%22%2C%22screenSize%22%3A%221080x2094%22%2C%22orientation%22%3A%22portrait%22%7D&oo=0&aud=3p&idfa=bf505ce3-e614-4d9a-a4d7-9c324edc6560&appId=d2ba46e2d5ef4c9883051d9c8d0125d5&sdkVer=aps-android-7.4.3&ua=Dalvik%2F2.1.0%20%28Linux%3B%20U%3B%20Android%209%3B%20SM-A750FN%20Build%2FPPR1.180610.011%29&pkg=%7B%22lbl%22%3A%22_Wallapop_%22%2C%22pn%22%3A%22com.wallapop%22%2C%22v%22%3A%221850000%22%2C%22vn%22%3A%221.85.0-d1910251130%22%7D with error:Chain validation failed

11-14 16:03:34.494  2385  2710 E Amazon DTB Ads API: 	at com.wallapop.thirdparty.ads.b.a.a(SourceFile:43)

11-14 16:03:34.494  2385  2710 E Amazon DTB Ads API: 	at com.wallapop.thirdparty.ads.b.a$b$1.invokeSuspend(SourceFile:34)

11-14 16:03:34.494  2385  2710 E Amazon DTB Ads API: 	at com.wallapop.thirdparty.ads.b.a$b$1.invoke(Unknown Source:10)

11-14 16:03:34.494  2385  2710 E Amazon DTB Ads API: 	at com.wallapop.thirdparty.ads.b.a$b.invokeSuspend(SourceFile:33)

11-14 16:03:34.603  2385  3033 D Amazon DTB Ads API: with query params:[?dt=android&app=app&dinfo=%7B%22os%22%3A%22Android%22%2C%22model%22%3A%22SM-A750FN%22%2C%22make%22%3A%22samsung%22%2C%22osVersion%22%3A%229%22%2C%22connectionType%22%3A%2213%22%2C%22country%22%3A%22ES%22%2C%22scalingFactor%22%3A%222.625%22%2C%22carrier%22%3A%22JAZZTEL%22%2C%22language%22%3A%22es%22%2C%22screenSize%22%3A%221080x2094%22%2C%22orientation%22%3A%22portrait%22%7D&oo=0&aud=3p&idfa=bf505ce3-e614-4d9a-a4d7-9c324edc6560&appId=d2ba46e2d5ef4c9883051d9c8d0125d5&sdkVer=aps-android-7.4.3&ua=Dalvik%2F2.1.0%20%28Linux%3B%20U%3B%20Android%209%3B%20SM-A750FN%20Build%2FPPR1.180610.011%29&pkg=%7B%22lbl%22%3A%22_Wallapop_%22%2C%22pn%22%3A%22com.wallapop%22%2C%22v%22%3A%221850000%22%2C%22vn%22%3A%221.85.0-d1910251130%22%7D]

11-14 16:03:34.777  2385  2396 I com.wallapop: Background concurrent copying GC freed 220037(11MB) AllocSpace objects, 63(2MB) LOS objects, 50% free, 17MB/34MB, paused 327us total 254.891ms

11-14 16:03:35.109  2385  3033 D Amazon DTB Ads API: Error while connecting to remote server: https://s.amazon-adsystem.com/api3/generate_did?dt=android&app=app&dinfo=%7B%22os%22%3A%22Android%22%2C%22model%22%3A%22SM-A750FN%22%2C%22make%22%3A%22samsung%22%2C%22osVersion%22%3A%229%22%2C%22connectionType%22%3A%2213%22%2C%22country%22%3A%22ES%22%2C%22scalingFactor%22%3A%222.625%22%2C%22carrier%22%3A%22JAZZTEL%22%2C%22language%22%3A%22es%22%2C%22screenSize%22%3A%221080x2094%22%2C%22orientation%22%3A%22portrait%22%7D&oo=0&aud=3p&idfa=bf505ce3-e614-4d9a-a4d7-9c324edc6560&appId=d2ba46e2d5ef4c9883051d9c8d0125d5&sdkVer=aps-android-7.4.3&ua=Dalvik%2F2.1.0%20%28Linux%3B%20U%3B%20Android%209%3B%20SM-A750FN%20Build%2FPPR1.180610.011%29&pkg=%7B%22lbl%22%3A%22_Wallapop_%22%2C%22pn%22%3A%22com.wallapop%22%2C%22v%22%3A%221850000%22%2C%22vn%22%3A%221.85.0-d1910251130%22%7D with error:Chain validation failed

11-14 16:03:35.153  2385  3033 D Amazon DTB Ads API: with json params:[{"oo":"false","dinfo":{"os":"Android","model":"SM-A750FN","make":"samsung","osVersion":"9","connectionType":"13","country":"ES","scalingFactor":"2.625","carrier":"JAZZTEL","language":"es","screenSize":"1080x2094","orientation":"portrait"},"adsdk":"aps-android-7.4.3","slots":[{"sz":"320x50","slot":"f414d83c-ab9f-4e02-9c59-5137663ee6c7","slotId":1,"supportedMediaTypes":["DISPLAY"]}],"mraid":["1.0","2.0","3.0"],"appId":"d2ba46e2d5ef4c9883051d9c8d0125d5","idfa":"bf505ce3-e614-4d9a-a4d7-9c324edc6560","geoloc":"41.4058162,2.1864397,19.11","isDTBMobile":"true","ua":"Dalvik\/2.1.0 (Linux; U; Android 9; SM-A750FN Build\/PPR1.180610.011)","pkg":{"lbl":"_Wallapop_","pn":"com.wallapop","v":"1850000","vn":"1.85.0-d1910251130"},"gdpr":{"e":"1","c":"BOR0xKKOR0xKKABABAENBZ-AAAAfZ7_______9______9uz_Gv_v_f__33e8__9v_l_7_-___u_-33d4-_1vX99yfm1-7ftr3tp_86ues2vHqK9ZoA"}}]

11-14 16:03:37.618  2385  2396 I com.wallapop: Background concurrent copying GC freed 253208(11MB) AllocSpace objects, 153(7MB) LOS objects, 49% free, 15MB/31MB, paused 534us total 205.762ms


