Executed '[C740] Help: Access and sections' on 26-06-2019
---------------------------------------------------------------------------------
06-26 15:41:47.948   874  1015 I LocationManagerService: remove 5376d66 by com.wallapop

06-26 15:41:47.948   874  1015 I AppOps  : sendInfoToFLP, code=41 , uid=10265 , packageName=com.wallapop , type=finishOp

06-26 15:43:12.158   874  1220 I ActivityManager: Force stopping com.wallapop appid=10265 user=0: from pid 6060

06-26 15:43:12.158   874  1220 I ActivityManager: Killing 4649:com.wallapop/u0a265 (adj 15): stop com.wallapop cause from pid 6060

06-26 15:43:12.158   874  1220 D ActivityManager: isAutoRunBlockedApp:: com.wallapop, Auto Run ON

06-26 15:43:12.168   874   874 V AlarmManager: Remove alarm for next reason : android.intent.action.PACKAGE_RESTARTED : package: com.wallapop

06-26 15:43:12.188 25967 25967 I ClearDataReceiver: [#DCM#] Intent Data: package:com.wallapop

06-26 15:43:12.428   874  2732 V WindowManager: addAppToken: AppWindowToken{ebbb575 token=Token{3a5a4ac ActivityRecord{347825f u0 com.wallapop/com.rewallapop.ui.main.MainActivity t801}}} to stack=1 task=801 at 0

06-26 15:43:12.438   874  1132 D ISSUE_DEBUG: InputChannelName : 98589b0 Starting com.wallapop

06-26 15:43:12.448   874  1723 I ActivityManager: Start proc 6101:com.wallapop/u0a265 for activity com.wallapop/com.rewallapop.ui.main.MainActivity

06-26 15:43:12.468  6101  6101 W SELinux : SELinux: seapp_context_lookup: seinfo=default, level=s0:c512,c768, pkgname=com.wallapop

06-26 15:43:12.468   874  1132 V WindowStateAnimator: Finishing drawing window Window{98589b0 u0 d0 Starting com.wallapop}: mDrawState=DRAW_PENDING

06-26 15:43:12.508   874  1721 D ActivityManager:  Launching com.wallapop, updated priority

06-26 15:43:12.528  6101  6101 W ResourcesManager: getTopLevelResources: /data/app/com.wallapop-1/base.apk / 1.0 running in com.wallapop rsrc of package null

06-26 15:43:12.528   874  1028 D StatusBarManagerService: manageDisableList userId=0 what=0x0 pkg=Window{98589b0 u0 d0 Starting com.wallapop}

06-26 15:43:12.528   874  1027 V MARsPolicyManager: updatePackagesScore PackageInfo name -- com.wallapop

06-26 15:43:12.678  6101  6118 W ResourcesManager: getTopLevelResources: /data/app/com.wallapop-1/base.apk / 1.0 running in com.wallapop rsrc of package null

06-26 15:43:12.688  6101  6118 I FA      :   adb shell setprop debug.firebase.analytics.app com.wallapop

06-26 15:43:12.698   874   892 V AlarmManager:  remove PendingIntent] PendingIntent{413fb61: PendingIntentRecord{11fc686 com.wallapop broadcastIntent}}

06-26 15:43:12.698  6101  6101 W ResourcesManager: getTopLevelResources: /data/app/com.wallapop-1/base.apk / 1.0 running in com.wallapop rsrc of package null

06-26 15:43:12.698  6101  6126 W ResourcesManager: getTopLevelResources: /data/app/com.google.android.gms-1/base.apk / 1.0 running in com.wallapop rsrc of package null

06-26 15:43:12.698  6101  6120 W ResourcesManager: getTopLevelResources: /data/app/com.google.android.gms-1/base.apk / 1.0 running in com.wallapop rsrc of package null

06-26 15:43:12.708  6101  6128 W System.err: remove failed: ENOENT (No such file or directory) : /data/user/0/com.wallapop/files/AppEventsLogger.persistedevents

06-26 15:43:12.708  6101  6101 W ResourcesManager: getTopLevelResources: /data/app/com.wallapop-1/base.apk / 1.0 running in com.wallapop rsrc of package null

06-26 15:43:12.718  6101  6101 W ResourcesManager: getTopLevelResources: /data/app/com.wallapop-1/base.apk / 1.0 running in com.wallapop rsrc of package null

06-26 15:43:13.068  6101  6101 W System.err: mkdir failed: EEXIST (File exists) : /data/user/0/com.wallapop/cache/okhttp

06-26 15:43:14.118  6101  6153 I stetho  : Listening on @stetho_com.wallapop_devtools_remote

06-26 15:43:14.128  6101  6101 I art     : Rejecting re-init on previously-failed class java.lang.Class<com.wallapop.clickstream.JobIntentService$f>

06-26 15:43:14.128  6101  6101 I art     : Rejecting re-init on previously-failed class java.lang.Class<com.wallapop.clickstream.JobIntentService$f>

06-26 15:43:14.248  6101  6101 W ResourcesManager: getTopLevelResources: /data/app/com.google.android.gms-1/base.apk / 1.0 running in com.wallapop rsrc of package null

06-26 15:43:14.338  6101  6101 W ResourcesManager: getTopLevelResources: /data/app/com.google.android.gms-1/base.apk / 1.0 running in com.wallapop rsrc of package null

06-26 15:43:14.358  6101  6155 W System.err: remove failed: ENOENT (No such file or directory) : /data/user/0/com.wallapop/files/tfidf.db

06-26 15:43:14.358  6101  6101 W ResourcesManager: getTopLevelResources: /data/data/com.google.android.gms/app_chimera/m/00000034/dl-AdsFdrDynamite.integ_20290000008.apk / 1.0 running in com.wallapop rsrc of package null

06-26 15:43:14.368  6101  6101 W ResourcesManager: getTopLevelResources: /data/data/com.google.android.gms/app_chimera/m/00000034/dl-AdsFdrDynamite.integ_20290000008.apk / 1.0 running in com.wallapop rsrc of package null

06-26 15:43:14.378  6101  6155 W System.err: remove failed: ENOENT (No such file or directory) : /data/user/0/com.wallapop/databases/__hs__db_error_reports

06-26 15:43:14.378  6101  6155 W System.err: remove failed: ENOENT (No such file or directory) : /data/user/0/com.wallapop/databases/__hs__db_error_reports-journal

06-26 15:43:14.378  6101  6155 W System.err: remove failed: ENOENT (No such file or directory) : /data/user/0/com.wallapop/databases/__hs__db_error_reports-shm

06-26 15:43:14.378  6101  6155 W System.err: remove failed: ENOENT (No such file or directory) : /data/user/0/com.wallapop/databases/__hs__db_error_reports-wal

06-26 15:43:14.498  6101  6101 W ResourcesManager: getTopLevelResources: /data/app/com.google.android.webview-2/base.apk / 1.0 running in com.wallapop rsrc of package null

06-26 15:43:14.558  6101  6170 W ResourcesManager: getTopLevelResources: /data/app/com.google.android.webview-2/base.apk / 1.0 running in com.wallapop rsrc of package null

06-26 15:43:17.098  6101  6267 W ResourcesManager: getTopLevelResources: /data/app/com.google.android.gms-1/base.apk / 1.0 running in com.wallapop rsrc of package null

06-26 15:43:17.158  6101  6101 W ResourcesManager: getTopLevelResources: /data/app/com.wallapop-1/base.apk / 1.0 running in com.wallapop rsrc of package null

06-26 15:43:17.168   874  1914 V AlarmManager:  remove PendingIntent] PendingIntent{1ecd582: PendingIntentRecord{4c3f453 com.wallapop broadcastIntent}}

06-26 15:43:17.168  6101  6101 W ResourcesManager: getTopLevelResources: /data/app/com.wallapop-1/base.apk / 1.0 running in com.wallapop rsrc of package null

06-26 15:43:17.448   874  1914 V AlarmManager:  remove PendingIntent] PendingIntent{216c7ce: PendingIntentRecord{be806ef com.wallapop broadcastIntent}}

06-26 15:43:17.458   874  1714 D LocationManagerService: request fc1f5fc passive Request[POWER_NONE passive fastest=0 num=1] from com.wallapop(10265)

06-26 15:43:17.458   874  1714 I AppOps  : sendInfoToFLP, code=41 , uid=10265 , packageName=com.wallapop , type=startOp

06-26 15:43:17.568  6101  6101 W System.err: remove failed: ENOENT (No such file or directory) : /data/user/0/com.wallapop/cache/okhttp/journal.tmp

06-26 15:43:17.588  6101  6101 I Timeline: Timeline: Activity_launch_request id:com.wallapop time:11195618

06-26 15:43:17.608   874  1913 V WindowManager: addAppToken: AppWindowToken{163e4e7 token=Token{8f002a6 ActivityRecord{38d1401 u0 com.wallapop/com.rewallapop.ui.wall.WallActivity t801}}} to stack=1 task=801 at 1

06-26 15:43:17.608   874  1028 D StatusBarManagerService: manageDisableList userId=0 what=0x0 pkg=Window{98589b0 u0 d0 Starting com.wallapop}

06-26 15:43:17.728  6101  6146 W ResourcesManager: getTopLevelResources: /data/app/com.google.android.gms-1/base.apk / 1.0 running in com.wallapop rsrc of package null

06-26 15:43:17.928   874  1027 D ApplicationPolicy: isStatusBarNotificationAllowedAsUser: packageName = com.wallapop,userId = 0

06-26 15:43:17.948   874   874 D MARsPolicyManager: NotificationListenerService OngoingNotificationPosted : com.wallapop

06-26 15:43:17.948   874  1027 V MARsPolicyManager: updatePackagesScore PackageInfo name -- com.wallapop

06-26 15:43:17.948  1391  1391 W ResourcesManager: getTopLevelResources: /data/app/com.wallapop-1/base.apk / 1.0 running in com.android.systemui rsrc of package null

06-26 15:43:17.978  1391  1391 W ResourcesManager: getTopLevelResources: /data/app/com.wallapop-1/base.apk / 1.0 running in com.android.systemui rsrc of package null

06-26 15:43:17.978  6101  6101 W ResourcesManager: getTopLevelResources: /data/app/com.wallapop-1/base.apk / 1.0 running in com.wallapop rsrc of package null

06-26 15:43:17.988  6101  6101 W ResourcesManager: getTopLevelResources: /data/app/com.wallapop-1/base.apk / 1.0 running in com.wallapop rsrc of package null

06-26 15:43:17.988  1391  1391 W ResourcesManager: getTopLevelResources: /data/app/com.wallapop-1/base.apk / 1.0 running in com.android.systemui rsrc of package null

06-26 15:43:18.008  1391  1391 W ResourcesManager: getTopLevelResources: /data/app/com.wallapop-1/base.apk / 1.0 running in com.android.systemui rsrc of package null

06-26 15:43:18.008  6101  6217 W System.err: mkdir failed: EEXIST (File exists) : /data/user/0/com.wallapop/cache/WebView/Crash Reports

06-26 15:43:18.068   874  1714 V AlarmManager:  remove PendingIntent] PendingIntent{d201a00: PendingIntentRecord{be806ef com.wallapop broadcastIntent}}

06-26 15:43:18.318  6101  6350 W ResourcesManager: getTopLevelResources: /data/app/com.google.android.gms-1/base.apk / 1.0 running in com.wallapop rsrc of package null

06-26 15:43:18.488  6101  6128 W System.err: remove failed: ENOENT (No such file or directory) : /data/user/0/com.wallapop/files/AppEventsLogger.persistedevents

06-26 15:43:18.528   874  3012 D ISSUE_DEBUG: InputChannelName : e460f4 com.wallapop/com.rewallapop.ui.wall.WallActivity

06-26 15:43:18.548 21819 21830 I Finsky  : [2685] eth.b(2): com.wallapop: Account determined from installer data - [E7ZhE6RtwBr6ZrivWaTWep8klQM]

06-26 15:43:18.548 21819 21830 I Finsky  : [2685] eth.b(9): com.wallapop: Account from preferred account - [E7ZhE6RtwBr6ZrivWaTWep8klQM]

06-26 15:43:18.558 21819 24782 I Finsky  : [2762] eth.b(2): com.wallapop: Account determined from installer data - [E7ZhE6RtwBr6ZrivWaTWep8klQM]

06-26 15:43:18.558 21819 24782 I Finsky  : [2762] eth.b(9): com.wallapop: Account from preferred account - [E7ZhE6RtwBr6ZrivWaTWep8klQM]

06-26 15:43:18.588  6101  6350 D Amazon DTB Ads API: with json params:[{"adsdk":"aps-android-7.4.3","gdpr":{"e":"1","c":"BAAAAAAOa0ob7AcABBENBtAAAAAh6AAA"},"oo":"false","mraid":["1.0","2.0","3.0"],"ua":"Dalvik\/2.1.0 (Linux; U; Android 6.0.1; SM-G900F Build\/MMB29M)","geoloc":"41.4058945,2.1864856,20.0","idfa":"1e214c05-ac1e-4c82-ae75-fb207f9c9c8a","appId":"d2ba46e2d5ef4c9883051d9c8d0125d5","ad-id":"A-6j1GeULkCtsqbiEmqTO1M","slots":[{"sz":"320x50","slot":"f414d83c-ab9f-4e02-9c59-5137663ee6c7","slotId":1,"supportedMediaTypes":["DISPLAY"]}],"dinfo":{"os":"Android","model":"SM-G900F","make":"samsung","osVersion":"6.0.1","connectionType":"Wifi","country":"ES","scalingFactor":"3.0","carrier":"JAZZTEL","language":"es","screenSize":"1080x1920","orientation":"portrait"},"pkg":{"lbl":"_Wallapop_","pn":"com.wallapop","v":"1760000","vn":"1.76.0-d1906251551"},"isDTBMobile":"true"}]

06-26 15:43:18.778   874  1028 D StatusBarManagerService: manageDisableList userId=0 what=0x0 pkg=Window{e460f4 u0 d0 com.wallapop/com.rewallapop.ui.wall.WallActivity}

06-26 15:43:19.018 21819 24782 I Finsky  : [2762] eth.b(2): com.wallapop: Account determined from installer data - [E7ZhE6RtwBr6ZrivWaTWep8klQM]

06-26 15:43:19.018 21819 24782 I Finsky  : [2762] eth.b(9): com.wallapop: Account from preferred account - [E7ZhE6RtwBr6ZrivWaTWep8klQM]

06-26 15:43:19.028 21819 21830 I Finsky  : [2685] eth.b(2): com.wallapop: Account determined from installer data - [E7ZhE6RtwBr6ZrivWaTWep8klQM]

06-26 15:43:19.028 21819 21830 I Finsky  : [2685] eth.b(9): com.wallapop: Account from preferred account - [E7ZhE6RtwBr6ZrivWaTWep8klQM]

06-26 15:43:19.048 21819 21829 I Finsky  : [2684] eth.b(2): com.wallapop: Account determined from installer data - [E7ZhE6RtwBr6ZrivWaTWep8klQM]

06-26 15:43:19.048 21819 21829 I Finsky  : [2684] eth.b(9): com.wallapop: Account from preferred account - [E7ZhE6RtwBr6ZrivWaTWep8klQM]

06-26 15:43:19.058 21819 24783 I Finsky  : [2763] eth.b(2): com.wallapop: Account determined from installer data - [E7ZhE6RtwBr6ZrivWaTWep8klQM]

06-26 15:43:19.058 21819 24783 I Finsky  : [2763] eth.b(9): com.wallapop: Account from preferred account - [E7ZhE6RtwBr6ZrivWaTWep8klQM]

06-26 15:43:19.098   874  1914 V WindowStateAnimator: Finishing drawing window Window{e460f4 u0 d0 com.wallapop/com.rewallapop.ui.wall.WallActivity}: mDrawState=DRAW_PENDING

06-26 15:43:19.108   874  1132 I ActivityManager: Displayed com.wallapop/com.rewallapop.ui.wall.WallActivity: +1s176ms (total +13m6s958ms)

06-26 15:43:19.108   874  1132 I Timeline: Timeline: Activity_windows_visible id: ActivityRecord{38d1401 u0 com.wallapop/com.rewallapop.ui.wall.WallActivity t801} time:11197139

06-26 15:43:19.168   874  1220 V WindowStateAnimator: Finishing drawing window Window{e460f4 u0 d0 com.wallapop/com.rewallapop.ui.wall.WallActivity}: mDrawState=HAS_DRAWN

06-26 15:43:19.188 21819 24782 I Finsky  : [2762] eth.b(2): com.wallapop: Account determined from installer data - [E7ZhE6RtwBr6ZrivWaTWep8klQM]

06-26 15:43:19.188 21819 24782 I Finsky  : [2762] eth.b(9): com.wallapop: Account from preferred account - [E7ZhE6RtwBr6ZrivWaTWep8klQM]

06-26 15:43:19.208   874  2732 I AppOps  : sendInfoToFLP, code=41 , uid=10265 , packageName=com.wallapop , type=startOp

06-26 15:43:19.218  6101  6101 W ResourcesManager: getTopLevelResources: /data/app/com.google.android.gms-1/base.apk / 1.0 running in com.wallapop rsrc of package null

06-26 15:43:19.318  6101  6403 W ResourcesManager: getTopLevelResources: /data/data/com.google.android.gms/app_chimera/m/00000034/dl-AdsFdrDynamite.integ_20290000008.apk / 1.0 running in com.wallapop rsrc of package null

06-26 15:43:19.488 21819 21830 I Finsky  : [2685] eth.b(2): com.wallapop: Account determined from installer data - [E7ZhE6RtwBr6ZrivWaTWep8klQM]

06-26 15:43:19.488 21819 21830 I Finsky  : [2685] eth.b(9): com.wallapop: Account from preferred account - [E7ZhE6RtwBr6ZrivWaTWep8klQM]

06-26 15:43:19.488 21819 21829 I Finsky  : [2684] eth.b(2): com.wallapop: Account determined from installer data - [E7ZhE6RtwBr6ZrivWaTWep8klQM]

06-26 15:43:19.488 21819 21829 I Finsky  : [2684] eth.b(9): com.wallapop: Account from preferred account - [E7ZhE6RtwBr6ZrivWaTWep8klQM]

06-26 15:43:19.758  6101  6322 W ResourcesManager: getTopLevelResources: /data/app/com.google.android.gms-1/base.apk / 1.0 running in com.wallapop rsrc of package null

06-26 15:43:20.508  6101  6101 W View    : requestLayout() improperly called by com.wallapop.design.view.WallapopTextView{4615fbc V.ED..... ......ID 54,30-54,92 #7f0a08d7 app:id/wp__home__tv_bubble} during layout: running second layout pass

06-26 15:43:21.238  6101  6128 W System.err: remove failed: ENOENT (No such file or directory) : /data/user/0/com.wallapop/files/AppEventsLogger.persistedevents


