Executed '[C740] Help: Access and sections' on 26-06-2019
---------------------------------------------------------------------------------
06-26 15:17:48.268   874  1723 I ActivityManager: Force stopping com.wallapop appid=10265 user=0: from pid 767

06-26 15:17:48.268   874  1723 I ActivityManager: Killing 31088:com.wallapop/u0a265 (adj 15): stop com.wallapop cause from pid 767

06-26 15:17:48.268   874  1723 D ActivityManager: isAutoRunBlockedApp:: com.wallapop, Auto Run ON

06-26 15:17:48.278   874   874 V AlarmManager: Remove alarm for next reason : android.intent.action.PACKAGE_RESTARTED : package: com.wallapop

06-26 15:17:48.298 25967 25967 I ClearDataReceiver: [#DCM#] Intent Data: package:com.wallapop

06-26 15:17:48.438   874  1914 W BroadcastQueue: Skipping deliver [sec] BroadcastRecord{7004fd9 u-1 android.intent.action.SCREEN_ON qIdx=1}, state= (IDLE) to ReceiverList{ae9247f 31088 com.wallapop/10265/u0 remote:baa19e}: filter unregistered

06-26 15:17:48.528   874  1914 V WindowManager: addAppToken: AppWindowToken{12e077 token=Token{ff67276 ActivityRecord{f0b2111 u0 com.wallapop/com.rewallapop.ui.main.MainActivity t798}}} to stack=1 task=798 at 0

06-26 15:17:48.538   874  1132 D ISSUE_DEBUG: InputChannelName : ad0cd5a Starting com.wallapop

06-26 15:17:48.558   874   894 I ActivityManager: Start proc 822:com.wallapop/u0a265 for activity com.wallapop/com.rewallapop.ui.main.MainActivity

06-26 15:17:48.568   822   822 W SELinux : SELinux: seapp_context_lookup: seinfo=default, level=s0:c512,c768, pkgname=com.wallapop

06-26 15:17:48.608   874  1132 V WindowStateAnimator: Finishing drawing window Window{ad0cd5a u0 d0 Starting com.wallapop}: mDrawState=DRAW_PENDING

06-26 15:17:48.638   874  2732 D ActivityManager:  Launching com.wallapop, updated priority

06-26 15:17:48.668   874  1027 V MARsPolicyManager: updatePackagesScore PackageInfo name -- com.wallapop

06-26 15:17:48.668   874  1028 D StatusBarManagerService: manageDisableList userId=0 what=0x0 pkg=Window{ad0cd5a u0 d0 Starting com.wallapop}

06-26 15:17:48.678   822   822 W ResourcesManager: getTopLevelResources: /data/app/com.wallapop-1/base.apk / 1.0 running in com.wallapop rsrc of package null

06-26 15:17:48.858   822   837 W ResourcesManager: getTopLevelResources: /data/app/com.wallapop-1/base.apk / 1.0 running in com.wallapop rsrc of package null

06-26 15:17:48.858   822   839 W ResourcesManager: getTopLevelResources: /data/app/com.google.android.gms-1/base.apk / 1.0 running in com.wallapop rsrc of package null

06-26 15:17:48.868   822   822 W ResourcesManager: getTopLevelResources: /data/app/com.wallapop-1/base.apk / 1.0 running in com.wallapop rsrc of package null

06-26 15:17:48.888   822   845 W ResourcesManager: getTopLevelResources: /data/app/com.google.android.gms-1/base.apk / 1.0 running in com.wallapop rsrc of package null

06-26 15:17:48.898   822   822 W ResourcesManager: getTopLevelResources: /data/app/com.wallapop-1/base.apk / 1.0 running in com.wallapop rsrc of package null

06-26 15:17:48.898   822   837 I FA      :   adb shell setprop debug.firebase.analytics.app com.wallapop

06-26 15:17:48.898   822   847 W System.err: remove failed: ENOENT (No such file or directory) : /data/user/0/com.wallapop/files/AppEventsLogger.persistedevents

06-26 15:17:48.898   822   822 W ResourcesManager: getTopLevelResources: /data/app/com.wallapop-1/base.apk / 1.0 running in com.wallapop rsrc of package null

06-26 15:17:48.908   874  1661 V AlarmManager:  remove PendingIntent] PendingIntent{92bed12: PendingIntentRecord{7db9ce3 com.wallapop broadcastIntent}}

06-26 15:17:49.358   822   822 W System.err: mkdir failed: EEXIST (File exists) : /data/user/0/com.wallapop/cache/okhttp

06-26 15:17:50.438   822   873 I stetho  : Listening on @stetho_com.wallapop_devtools_remote

06-26 15:17:50.448   822   822 I art     : Rejecting re-init on previously-failed class java.lang.Class<com.wallapop.clickstream.JobIntentService$f>

06-26 15:17:50.448   822   822 I art     : Rejecting re-init on previously-failed class java.lang.Class<com.wallapop.clickstream.JobIntentService$f>

06-26 15:17:50.558   822   822 W ResourcesManager: getTopLevelResources: /data/app/com.google.android.gms-1/base.apk / 1.0 running in com.wallapop rsrc of package null

06-26 15:17:50.648   822   822 W ResourcesManager: getTopLevelResources: /data/app/com.google.android.gms-1/base.apk / 1.0 running in com.wallapop rsrc of package null

06-26 15:17:50.668   822   822 W ResourcesManager: getTopLevelResources: /data/data/com.google.android.gms/app_chimera/m/00000034/dl-AdsFdrDynamite.integ_20290000008.apk / 1.0 running in com.wallapop rsrc of package null

06-26 15:17:50.678   822   822 W ResourcesManager: getTopLevelResources: /data/data/com.google.android.gms/app_chimera/m/00000034/dl-AdsFdrDynamite.integ_20290000008.apk / 1.0 running in com.wallapop rsrc of package null

06-26 15:17:50.698   822   876 W System.err: remove failed: ENOENT (No such file or directory) : /data/user/0/com.wallapop/files/tfidf.db

06-26 15:17:50.708   822   876 W System.err: remove failed: ENOENT (No such file or directory) : /data/user/0/com.wallapop/databases/__hs__db_error_reports

06-26 15:17:50.708   822   876 W System.err: remove failed: ENOENT (No such file or directory) : /data/user/0/com.wallapop/databases/__hs__db_error_reports-journal

06-26 15:17:50.708   822   876 W System.err: remove failed: ENOENT (No such file or directory) : /data/user/0/com.wallapop/databases/__hs__db_error_reports-shm

06-26 15:17:50.708   822   876 W System.err: remove failed: ENOENT (No such file or directory) : /data/user/0/com.wallapop/databases/__hs__db_error_reports-wal

06-26 15:17:50.848   822   822 W ResourcesManager: getTopLevelResources: /data/app/com.google.android.webview-2/base.apk / 1.0 running in com.wallapop rsrc of package null

06-26 15:17:53.578   822   990 W ResourcesManager: getTopLevelResources: /data/app/com.google.android.gms-1/base.apk / 1.0 running in com.wallapop rsrc of package null

06-26 15:17:53.638   874  1721 V AlarmManager:  remove PendingIntent] PendingIntent{3aee6bc: PendingIntentRecord{4c3f453 com.wallapop broadcastIntent}}

06-26 15:17:53.638   822   822 W ResourcesManager: getTopLevelResources: /data/app/com.wallapop-1/base.apk / 1.0 running in com.wallapop rsrc of package null

06-26 15:17:53.658   822   822 W ResourcesManager: getTopLevelResources: /data/app/com.wallapop-1/base.apk / 1.0 running in com.wallapop rsrc of package null

06-26 15:17:53.888   874  1722 V AlarmManager:  remove PendingIntent] PendingIntent{9e1b2a8: PendingIntentRecord{f7871c1 com.wallapop broadcastIntent}}

06-26 15:17:53.898   874  4874 D LocationManagerService: request 5376d66 passive Request[POWER_NONE passive fastest=0 num=1] from com.wallapop(10265)

06-26 15:17:53.898   874  4874 I AppOps  : sendInfoToFLP, code=41 , uid=10265 , packageName=com.wallapop , type=startOp

06-26 15:17:53.988   822   822 W System.err: remove failed: ENOENT (No such file or directory) : /data/user/0/com.wallapop/cache/okhttp/journal.tmp

06-26 15:17:54.008   822   822 I Timeline: Timeline: Activity_launch_request id:com.wallapop time:9672038

06-26 15:17:54.028   874  2020 V WindowManager: addAppToken: AppWindowToken{95897f9 token=Token{de2ec0 ActivityRecord{1ca5843 u0 com.wallapop/com.rewallapop.ui.wall.WallActivity t798}}} to stack=1 task=798 at 1

06-26 15:17:54.028   874  1028 D StatusBarManagerService: manageDisableList userId=0 what=0x0 pkg=Window{ad0cd5a u0 d0 Starting com.wallapop}

06-26 15:17:54.158   822   865 W ResourcesManager: getTopLevelResources: /data/app/com.google.android.gms-1/base.apk / 1.0 running in com.wallapop rsrc of package null

06-26 15:17:54.158   874  1027 D ApplicationPolicy: isStatusBarNotificationAllowedAsUser: packageName = com.wallapop,userId = 0

06-26 15:17:54.158   874   874 D MARsPolicyManager: NotificationListenerService OngoingNotificationPosted : com.wallapop

06-26 15:17:54.168   874  1027 V MARsPolicyManager: updatePackagesScore PackageInfo name -- com.wallapop

06-26 15:17:54.168  1391  1391 W ResourcesManager: getTopLevelResources: /data/app/com.wallapop-1/base.apk / 1.0 running in com.android.systemui rsrc of package null

06-26 15:17:54.198  1391  1391 W ResourcesManager: getTopLevelResources: /data/app/com.wallapop-1/base.apk / 1.0 running in com.android.systemui rsrc of package null

06-26 15:17:54.228  1391  1391 W ResourcesManager: getTopLevelResources: /data/app/com.wallapop-1/base.apk / 1.0 running in com.android.systemui rsrc of package null

06-26 15:17:54.238   822   822 W ResourcesManager: getTopLevelResources: /data/app/com.wallapop-1/base.apk / 1.0 running in com.wallapop rsrc of package null

06-26 15:17:54.238  1391  1391 W ResourcesManager: getTopLevelResources: /data/app/com.wallapop-1/base.apk / 1.0 running in com.android.systemui rsrc of package null

06-26 15:17:54.248   822   948 W System.err: mkdir failed: EEXIST (File exists) : /data/user/0/com.wallapop/cache/WebView/Crash Reports

06-26 15:17:54.248   822   822 W ResourcesManager: getTopLevelResources: /data/app/com.wallapop-1/base.apk / 1.0 running in com.wallapop rsrc of package null

06-26 15:17:54.428   874   894 V AlarmManager:  remove PendingIntent] PendingIntent{91dd54a: PendingIntentRecord{f7871c1 com.wallapop broadcastIntent}}

06-26 15:17:54.778   822  1084 W ResourcesManager: getTopLevelResources: /data/app/com.google.android.gms-1/base.apk / 1.0 running in com.wallapop rsrc of package null

06-26 15:17:55.028   822   847 W System.err: remove failed: ENOENT (No such file or directory) : /data/user/0/com.wallapop/files/AppEventsLogger.persistedevents

06-26 15:17:55.068   874  2732 D ISSUE_DEBUG: InputChannelName : a38ef7f com.wallapop/com.rewallapop.ui.wall.WallActivity

06-26 15:17:55.168 21819 21829 I Finsky  : [2684] eth.b(2): com.wallapop: Account determined from installer data - [E7ZhE6RtwBr6ZrivWaTWep8klQM]

06-26 15:17:55.168 21819 21829 I Finsky  : [2684] eth.b(9): com.wallapop: Account from preferred account - [E7ZhE6RtwBr6ZrivWaTWep8klQM]

06-26 15:17:55.168 21819 21830 I Finsky  : [2685] eth.b(2): com.wallapop: Account determined from installer data - [E7ZhE6RtwBr6ZrivWaTWep8klQM]

06-26 15:17:55.168 21819 21830 I Finsky  : [2685] eth.b(9): com.wallapop: Account from preferred account - [E7ZhE6RtwBr6ZrivWaTWep8klQM]

06-26 15:17:55.298   822  1084 D Amazon DTB Ads API: with json params:[{"adsdk":"aps-android-7.4.3","gdpr":{"e":"1","c":"BAAAAAAOa0ob7AcABBENBtAAAAAh6AAA"},"oo":"false","mraid":["1.0","2.0","3.0"],"ua":"Dalvik\/2.1.0 (Linux; U; Android 6.0.1; SM-G900F Build\/MMB29M)","geoloc":"41.4058676,2.1864555,16.832","idfa":"1e214c05-ac1e-4c82-ae75-fb207f9c9c8a","appId":"d2ba46e2d5ef4c9883051d9c8d0125d5","ad-id":"A-6j1GeULkCtsqbiEmqTO1M","slots":[{"sz":"320x50","slot":"f414d83c-ab9f-4e02-9c59-5137663ee6c7","slotId":1,"supportedMediaTypes":["DISPLAY"]}],"dinfo":{"os":"Android","model":"SM-G900F","make":"samsung","osVersion":"6.0.1","connectionType":"Wifi","country":"ES","scalingFactor":"3.0","carrier":"JAZZTEL","language":"es","screenSize":"1080x1920","orientation":"portrait"},"pkg":{"lbl":"_Wallapop_","pn":"com.wallapop","v":"1760000","vn":"1.76.0-d1906251551"},"isDTBMobile":"true"}]

06-26 15:17:55.488   874  1028 D StatusBarManagerService: manageDisableList userId=0 what=0x0 pkg=Window{a38ef7f u0 d0 com.wallapop/com.rewallapop.ui.wall.WallActivity}

06-26 15:17:55.738 21819 21829 I Finsky  : [2684] eth.b(2): com.wallapop: Account determined from installer data - [E7ZhE6RtwBr6ZrivWaTWep8klQM]

06-26 15:17:55.738 21819 21829 I Finsky  : [2684] eth.b(9): com.wallapop: Account from preferred account - [E7ZhE6RtwBr6ZrivWaTWep8klQM]

06-26 15:17:55.798 21819 24782 I Finsky  : [2762] eth.b(2): com.wallapop: Account determined from installer data - [E7ZhE6RtwBr6ZrivWaTWep8klQM]

06-26 15:17:55.798 21819 24782 I Finsky  : [2762] eth.b(9): com.wallapop: Account from preferred account - [E7ZhE6RtwBr6ZrivWaTWep8klQM]

06-26 15:17:55.848 21819 21830 I Finsky  : [2685] eth.b(2): com.wallapop: Account determined from installer data - [E7ZhE6RtwBr6ZrivWaTWep8klQM]

06-26 15:17:55.848 21819 21830 I Finsky  : [2685] eth.b(9): com.wallapop: Account from preferred account - [E7ZhE6RtwBr6ZrivWaTWep8klQM]

06-26 15:17:55.858 21819 24783 I Finsky  : [2763] eth.b(2): com.wallapop: Account determined from installer data - [E7ZhE6RtwBr6ZrivWaTWep8klQM]

06-26 15:17:55.858 21819 24783 I Finsky  : [2763] eth.b(9): com.wallapop: Account from preferred account - [E7ZhE6RtwBr6ZrivWaTWep8klQM]

06-26 15:17:55.878   874   892 V WindowStateAnimator: Finishing drawing window Window{a38ef7f u0 d0 com.wallapop/com.rewallapop.ui.wall.WallActivity}: mDrawState=DRAW_PENDING

06-26 15:17:55.888   874  1132 I ActivityManager: Displayed com.wallapop/com.rewallapop.ui.wall.WallActivity: +1s731ms (total +19m1s278ms)

06-26 15:17:55.898   874  1132 I Timeline: Timeline: Activity_windows_visible id: ActivityRecord{1ca5843 u0 com.wallapop/com.rewallapop.ui.wall.WallActivity t798} time:9673921

06-26 15:17:55.978   874  1422 V WindowStateAnimator: Finishing drawing window Window{a38ef7f u0 d0 com.wallapop/com.rewallapop.ui.wall.WallActivity}: mDrawState=HAS_DRAWN

06-26 15:17:55.988   822   822 W ResourcesManager: getTopLevelResources: /data/app/com.google.android.gms-1/base.apk / 1.0 running in com.wallapop rsrc of package null

06-26 15:17:56.108   822  1147 W ResourcesManager: getTopLevelResources: /data/data/com.google.android.gms/app_chimera/m/00000034/dl-AdsFdrDynamite.integ_20290000008.apk / 1.0 running in com.wallapop rsrc of package null

06-26 15:17:56.198 21819 21829 I Finsky  : [2684] eth.b(2): com.wallapop: Account determined from installer data - [E7ZhE6RtwBr6ZrivWaTWep8klQM]

06-26 15:17:56.198 21819 21829 I Finsky  : [2684] eth.b(9): com.wallapop: Account from preferred account - [E7ZhE6RtwBr6ZrivWaTWep8klQM]

06-26 15:17:56.198   874  4874 I AppOps  : sendInfoToFLP, code=41 , uid=10265 , packageName=com.wallapop , type=startOp

06-26 15:17:56.328 21819 24782 I Finsky  : [2762] eth.b(2): com.wallapop: Account determined from installer data - [E7ZhE6RtwBr6ZrivWaTWep8klQM]

06-26 15:17:56.328 21819 24782 I Finsky  : [2762] eth.b(9): com.wallapop: Account from preferred account - [E7ZhE6RtwBr6ZrivWaTWep8klQM]

06-26 15:17:56.338 21819 21830 I Finsky  : [2685] eth.b(2): com.wallapop: Account determined from installer data - [E7ZhE6RtwBr6ZrivWaTWep8klQM]

06-26 15:17:56.338 21819 21830 I Finsky  : [2685] eth.b(9): com.wallapop: Account from preferred account - [E7ZhE6RtwBr6ZrivWaTWep8klQM]

06-26 15:17:57.538   822   822 W View    : requestLayout() improperly called by com.wallapop.design.view.WallapopTextView{3dcc7c6 V.ED..... ......ID 54,30-54,92 #7f0a08d7 app:id/wp__home__tv_bubble} during layout: running second layout pass

06-26 15:17:58.448   822   847 W System.err: remove failed: ENOENT (No such file or directory) : /data/user/0/com.wallapop/files/AppEventsLogger.persistedevents


