Executed '[C754] Contact us: Open a Helpshift ticket from the FAQs' on 02-07-2019
---------------------------------------------------------------------------------
07-02 17:10:25.243   874   892 I ActivityManager: Force stopping com.wallapop appid=10267 user=0: from pid 24564

07-02 17:10:25.243   874   892 I ActivityManager: Killing 23883:com.wallapop/u0a267 (adj 15): stop com.wallapop cause from pid 24564

07-02 17:10:25.253   874   892 D ActivityManager: isAutoRunBlockedApp:: com.wallapop, Auto Run ON

07-02 17:10:25.263   874   874 V AlarmManager: Remove alarm for next reason : android.intent.action.PACKAGE_RESTARTED : package: com.wallapop

07-02 17:10:25.283 10821 10821 I ClearDataReceiver: [#DCM#] Intent Data: package:com.wallapop

07-02 17:10:25.513   874  1723 V WindowManager: addAppToken: AppWindowToken{3b61ad5 token=Token{7dec38c ActivityRecord{d0850bf u0 com.wallapop/com.rewallapop.ui.main.MainActivity t861}}} to stack=1 task=861 at 0

07-02 17:10:25.533   874  1132 D ISSUE_DEBUG: InputChannelName : 4de7290 Starting com.wallapop

07-02 17:10:25.553   874  3012 I ActivityManager: Start proc 24588:com.wallapop/u0a267 for activity com.wallapop/com.rewallapop.ui.main.MainActivity

07-02 17:10:25.553 24588 24588 W SELinux : SELinux: seapp_context_lookup: seinfo=default, level=s0:c512,c768, pkgname=com.wallapop

07-02 17:10:25.583   874  1132 V WindowStateAnimator: Finishing drawing window Window{4de7290 u0 d0 Starting com.wallapop}: mDrawState=DRAW_PENDING

07-02 17:10:25.593   874  2020 D ActivityManager:  Launching com.wallapop, updated priority

07-02 17:10:25.623   874  1027 V MARsPolicyManager: updatePackagesScore PackageInfo name -- com.wallapop

07-02 17:10:25.623 24588 24588 W ResourcesManager: getTopLevelResources: /data/app/com.wallapop-1/base.apk / 1.0 running in com.wallapop rsrc of package null

07-02 17:10:25.623   874  1028 D StatusBarManagerService: manageDisableList userId=0 what=0x0 pkg=Window{4de7290 u0 d0 Starting com.wallapop}

07-02 17:10:25.743 24588 24604 W ResourcesManager: getTopLevelResources: /data/app/com.wallapop-1/base.apk / 1.0 running in com.wallapop rsrc of package null

07-02 17:10:25.763 24588 24604 I FA      :   adb shell setprop debug.firebase.analytics.app com.wallapop

07-02 17:10:25.763 24588 24588 W ResourcesManager: getTopLevelResources: /data/app/com.wallapop-1/base.apk / 1.0 running in com.wallapop rsrc of package null

07-02 17:10:25.763 24588 24606 W ResourcesManager: getTopLevelResources: /data/app/com.google.android.gms-1/base.apk / 1.0 running in com.wallapop rsrc of package null

07-02 17:10:25.773 24588 24612 W ResourcesManager: getTopLevelResources: /data/app/com.google.android.gms-1/base.apk / 1.0 running in com.wallapop rsrc of package null

07-02 17:10:25.773   874  3012 V AlarmManager:  remove PendingIntent] PendingIntent{7fceec1: PendingIntentRecord{1b6a666 com.wallapop broadcastIntent}}

07-02 17:10:25.773 24588 24588 W ResourcesManager: getTopLevelResources: /data/app/com.wallapop-1/base.apk / 1.0 running in com.wallapop rsrc of package null

07-02 17:10:25.783 24588 24614 W System.err: remove failed: ENOENT (No such file or directory) : /data/user/0/com.wallapop/files/AppEventsLogger.persistedevents

07-02 17:10:25.783 24588 24588 W ResourcesManager: getTopLevelResources: /data/app/com.wallapop-1/base.apk / 1.0 running in com.wallapop rsrc of package null

07-02 17:10:26.003 24588 24630 W ResourcesManager: getTopLevelResources: /data/app/com.google.android.gms-1/base.apk / 1.0 running in com.wallapop rsrc of package null

07-02 17:10:26.173 24588 24588 W System.err: mkdir failed: EEXIST (File exists) : /data/user/0/com.wallapop/cache/okhttp

07-02 17:10:27.193 24588 24637 I stetho  : Listening on @stetho_com.wallapop_devtools_remote

07-02 17:10:27.203 24588 24588 I art     : Rejecting re-init on previously-failed class java.lang.Class<com.wallapop.clickstream.JobIntentService$f>

07-02 17:10:27.203 24588 24588 I art     : Rejecting re-init on previously-failed class java.lang.Class<com.wallapop.clickstream.JobIntentService$f>

07-02 17:10:27.323 24588 24588 W ResourcesManager: getTopLevelResources: /data/app/com.google.android.gms-1/base.apk / 1.0 running in com.wallapop rsrc of package null

07-02 17:10:27.393 24588 24588 W ResourcesManager: getTopLevelResources: /data/app/com.google.android.gms-1/base.apk / 1.0 running in com.wallapop rsrc of package null

07-02 17:10:27.413 24588 24588 W ResourcesManager: getTopLevelResources: /data/app/com.google.android.gms-1/base.apk / 1.0 running in com.wallapop rsrc of package null

07-02 17:10:27.433 24588 24588 W ResourcesManager: getTopLevelResources: /data/data/com.google.android.gms/app_chimera/m/0000003f/dl-AdsFdrDynamite.integ_20300000008.apk / 1.0 running in com.wallapop rsrc of package null

07-02 17:10:27.433 24588 24588 W ResourcesManager: getTopLevelResources: /data/data/com.google.android.gms/app_chimera/m/0000003f/dl-AdsFdrDynamite.integ_20300000008.apk / 1.0 running in com.wallapop rsrc of package null

07-02 17:10:27.453 24588 24640 W System.err: remove failed: ENOENT (No such file or directory) : /data/user/0/com.wallapop/files/tfidf.db

07-02 17:10:27.473 24588 24640 W System.err: remove failed: ENOENT (No such file or directory) : /data/user/0/com.wallapop/databases/__hs__db_error_reports

07-02 17:10:27.473 24588 24640 W System.err: remove failed: ENOENT (No such file or directory) : /data/user/0/com.wallapop/databases/__hs__db_error_reports-journal

07-02 17:10:27.473 24588 24640 W System.err: remove failed: ENOENT (No such file or directory) : /data/user/0/com.wallapop/databases/__hs__db_error_reports-shm

07-02 17:10:27.473 24588 24640 W System.err: remove failed: ENOENT (No such file or directory) : /data/user/0/com.wallapop/databases/__hs__db_error_reports-wal

07-02 17:10:27.563 24588 24588 W ResourcesManager: getTopLevelResources: /data/app/com.google.android.webview-2/base.apk / 1.0 running in com.wallapop rsrc of package null

07-02 17:10:30.143 24588 24729 W ResourcesManager: getTopLevelResources: /data/app/com.google.android.gms-1/base.apk / 1.0 running in com.wallapop rsrc of package null

07-02 17:10:30.193 24588 24588 W ResourcesManager: getTopLevelResources: /data/app/com.wallapop-1/base.apk / 1.0 running in com.wallapop rsrc of package null

07-02 17:10:30.203 24588 24588 W ResourcesManager: getTopLevelResources: /data/app/com.wallapop-1/base.apk / 1.0 running in com.wallapop rsrc of package null

07-02 17:10:30.203   874  1914 V AlarmManager:  remove PendingIntent] PendingIntent{a8e2944: PendingIntentRecord{f7554b8 com.wallapop broadcastIntent}}

07-02 17:10:30.453   874  1914 V AlarmManager:  remove PendingIntent] PendingIntent{fe695b0: PendingIntentRecord{ce98c29 com.wallapop broadcastIntent}}

07-02 17:10:30.543 24588 24588 W System.err: remove failed: ENOENT (No such file or directory) : /data/user/0/com.wallapop/cache/okhttp/journal.tmp

07-02 17:10:30.563 24588 24588 I Timeline: Timeline: Activity_launch_request id:com.wallapop time:45827812

07-02 17:10:30.573   874  1422 V WindowManager: addAppToken: AppWindowToken{f2b6ac8 token=Token{e265f6b ActivityRecord{98584ba u0 com.wallapop/com.rewallapop.ui.wall.WallActivity t861}}} to stack=1 task=861 at 1

07-02 17:10:30.573   874  1028 D StatusBarManagerService: manageDisableList userId=0 what=0x0 pkg=Window{4de7290 u0 d0 Starting com.wallapop}

07-02 17:10:30.683   874  1027 D ApplicationPolicy: isStatusBarNotificationAllowedAsUser: packageName = com.wallapop,userId = 0

07-02 17:10:30.693   874  1027 V MARsPolicyManager: updatePackagesScore PackageInfo name -- com.wallapop

07-02 17:10:30.693   874   874 D MARsPolicyManager: NotificationListenerService OngoingNotificationPosted : com.wallapop

07-02 17:10:30.703  1391  1391 W ResourcesManager: getTopLevelResources: /data/app/com.wallapop-1/base.apk / 1.0 running in com.android.systemui rsrc of package null

07-02 17:10:30.713 24588 24588 W ResourcesManager: getTopLevelResources: /data/app/com.wallapop-1/base.apk / 1.0 running in com.wallapop rsrc of package null

07-02 17:10:30.713  1391  1391 W ResourcesManager: getTopLevelResources: /data/app/com.wallapop-1/base.apk / 1.0 running in com.android.systemui rsrc of package null

07-02 17:10:30.723 24588 24588 W ResourcesManager: getTopLevelResources: /data/app/com.wallapop-1/base.apk / 1.0 running in com.wallapop rsrc of package null

07-02 17:10:30.733  1391  1391 W ResourcesManager: getTopLevelResources: /data/app/com.wallapop-1/base.apk / 1.0 running in com.android.systemui rsrc of package null

07-02 17:10:30.743  1391  1391 W ResourcesManager: getTopLevelResources: /data/app/com.wallapop-1/base.apk / 1.0 running in com.android.systemui rsrc of package null

07-02 17:10:30.753 24588 24689 W System.err: mkdir failed: EEXIST (File exists) : /data/user/0/com.wallapop/cache/WebView/Crash Reports

07-02 17:10:30.783   874  2732 V AlarmManager:  remove PendingIntent] PendingIntent{d3489d: PendingIntentRecord{ce98c29 com.wallapop broadcastIntent}}

07-02 17:10:31.313 24588 24614 W System.err: remove failed: ENOENT (No such file or directory) : /data/user/0/com.wallapop/files/AppEventsLogger.persistedevents

07-02 17:10:31.383   874  1220 D ISSUE_DEBUG: InputChannelName : 63de81a com.wallapop/com.rewallapop.ui.wall.WallActivity

07-02 17:10:31.483 16056 16067 I Finsky  : [4929] eth.b(2): com.wallapop: Account determined from installer data - [E7ZhE6RtwBr6ZrivWaTWep8klQM]

07-02 17:10:31.483 16056 16067 I Finsky  : [4929] eth.b(9): com.wallapop: Account from preferred account - [E7ZhE6RtwBr6ZrivWaTWep8klQM]

07-02 17:10:31.483 16056 16226 I Finsky  : [4986] eth.b(2): com.wallapop: Account determined from installer data - [E7ZhE6RtwBr6ZrivWaTWep8klQM]

07-02 17:10:31.483 16056 16226 I Finsky  : [4986] eth.b(9): com.wallapop: Account from preferred account - [E7ZhE6RtwBr6ZrivWaTWep8klQM]

07-02 17:10:31.653 24588 24838 W ResourcesManager: getTopLevelResources: /data/app/com.google.android.gms-1/base.apk / 1.0 running in com.wallapop rsrc of package null

07-02 17:10:31.763   874  1028 D StatusBarManagerService: manageDisableList userId=0 what=0x0 pkg=Window{63de81a u0 d0 com.wallapop/com.rewallapop.ui.wall.WallActivity}

07-02 17:10:31.933 16056 16225 I Finsky  : [4985] eth.b(2): com.wallapop: Account determined from installer data - [E7ZhE6RtwBr6ZrivWaTWep8klQM]

07-02 17:10:31.933 16056 16225 I Finsky  : [4985] eth.b(9): com.wallapop: Account from preferred account - [E7ZhE6RtwBr6ZrivWaTWep8klQM]

07-02 17:10:31.963 16056 16066 I Finsky  : [4928] eth.b(2): com.wallapop: Account determined from installer data - [E7ZhE6RtwBr6ZrivWaTWep8klQM]

07-02 17:10:31.963 16056 16066 I Finsky  : [4928] eth.b(9): com.wallapop: Account from preferred account - [E7ZhE6RtwBr6ZrivWaTWep8klQM]

07-02 17:10:31.983 16056  9767 I Finsky  : [5096] eth.b(2): com.wallapop: Account determined from installer data - [E7ZhE6RtwBr6ZrivWaTWep8klQM]

07-02 17:10:31.983 16056  9767 I Finsky  : [5096] eth.b(9): com.wallapop: Account from preferred account - [E7ZhE6RtwBr6ZrivWaTWep8klQM]

07-02 17:10:31.993 24588 24838 D Amazon DTB Ads API: with json params:[{"adsdk":"aps-android-7.4.3","gdpr":{"e":"1","c":"BAAAAAAOa0ob7AcABBENBtAAAAAh6AAA"},"oo":"false","mraid":["1.0","2.0","3.0"],"ua":"Dalvik\/2.1.0 (Linux; U; Android 6.0.1; SM-G900F Build\/MMB29M)","geoloc":"41.4058712,2.1864581,17.862","idfa":"1e214c05-ac1e-4c82-ae75-fb207f9c9c8a","appId":"d2ba46e2d5ef4c9883051d9c8d0125d5","ad-id":"A-6j1GeULkCtsqbiEmqTO1M","slots":[{"sz":"320x50","slot":"f414d83c-ab9f-4e02-9c59-5137663ee6c7","slotId":1,"supportedMediaTypes":["DISPLAY"]}],"dinfo":{"os":"Android","model":"SM-G900F","make":"samsung","osVersion":"6.0.1","connectionType":"13","country":"ES","scalingFactor":"3.0","carrier":"JAZZTEL","language":"es","screenSize":"1080x1920","orientation":"portrait"},"pkg":{"lbl":"_Wallapop_","pn":"com.wallapop","v":"1770000","vn":"1.77.0-d1907021319"},"isDTBMobile":"true"}]

07-02 17:10:32.003 16056 16067 I Finsky  : [4929] eth.b(2): com.wallapop: Account determined from installer data - [E7ZhE6RtwBr6ZrivWaTWep8klQM]

07-02 17:10:32.003 16056 16067 I Finsky  : [4929] eth.b(9): com.wallapop: Account from preferred account - [E7ZhE6RtwBr6ZrivWaTWep8klQM]

07-02 17:10:32.033   874  1914 V WindowStateAnimator: Finishing drawing window Window{63de81a u0 d0 com.wallapop/com.rewallapop.ui.wall.WallActivity}: mDrawState=DRAW_PENDING

07-02 17:10:32.053   874  1132 I ActivityManager: Displayed com.wallapop/com.rewallapop.ui.wall.WallActivity: +1s365ms (total +3m13s315ms)

07-02 17:10:32.053   874  1132 I Timeline: Timeline: Activity_windows_visible id: ActivityRecord{98584ba u0 com.wallapop/com.rewallapop.ui.wall.WallActivity t861} time:45829305

07-02 17:10:32.103   874  1661 V WindowStateAnimator: Finishing drawing window Window{63de81a u0 d0 com.wallapop/com.rewallapop.ui.wall.WallActivity}: mDrawState=HAS_DRAWN

07-02 17:10:32.133 16056 16226 I Finsky  : [4986] eth.b(2): com.wallapop: Account determined from installer data - [E7ZhE6RtwBr6ZrivWaTWep8klQM]

07-02 17:10:32.133 16056 16226 I Finsky  : [4986] eth.b(9): com.wallapop: Account from preferred account - [E7ZhE6RtwBr6ZrivWaTWep8klQM]

07-02 17:10:32.143   874  1422 I AppOps  : sendInfoToFLP, code=41 , uid=10267 , packageName=com.wallapop , type=startOp

07-02 17:10:32.183 16056 16225 I Finsky  : [4985] eth.b(2): com.wallapop: Account determined from installer data - [E7ZhE6RtwBr6ZrivWaTWep8klQM]

07-02 17:10:32.183 16056 16225 I Finsky  : [4985] eth.b(9): com.wallapop: Account from preferred account - [E7ZhE6RtwBr6ZrivWaTWep8klQM]

07-02 17:10:32.193 16056 16066 I Finsky  : [4928] eth.b(2): com.wallapop: Account determined from installer data - [E7ZhE6RtwBr6ZrivWaTWep8klQM]

07-02 17:10:32.193 16056 16066 I Finsky  : [4928] eth.b(9): com.wallapop: Account from preferred account - [E7ZhE6RtwBr6ZrivWaTWep8klQM]

07-02 17:10:33.193 24588 24588 W View    : requestLayout() improperly called by com.wallapop.design.view.WallapopTextView{c8a35a7 V.ED..... ......ID 54,30-54,92 #7f0a08d2 app:id/wp__home__tv_bubble} during layout: running second layout pass

07-02 17:10:33.313 24588 24588 W ResourcesManager: getTopLevelResources: /data/app/com.google.android.gms-1/base.apk / 1.0 running in com.wallapop rsrc of package null

07-02 17:10:33.513 24588 24884 W ResourcesManager: getTopLevelResources: /data/data/com.google.android.gms/app_chimera/m/0000003f/dl-AdsFdrDynamite.integ_20300000008.apk / 1.0 running in com.wallapop rsrc of package null

07-02 17:10:34.023 24588 24838 D Amazon DTB Ads API: with json params:[{"adsdk":"aps-android-7.4.3","gdpr":{"e":"1","c":"BAAAAAAOa0ob7AcABBENBtAAAAAh6AAA"},"oo":"false","mraid":["1.0","2.0","3.0"],"ua":"Dalvik\/2.1.0 (Linux; U; Android 6.0.1; SM-G900F Build\/MMB29M)","geoloc":"41.4058712,2.1864581,17.862","idfa":"1e214c05-ac1e-4c82-ae75-fb207f9c9c8a","appId":"d2ba46e2d5ef4c9883051d9c8d0125d5","ad-id":"A-6j1GeULkCtsqbiEmqTO1M","slots":[{"sz":"320x50","slot":"f414d83c-ab9f-4e02-9c59-5137663ee6c7","slotId":1,"supportedMediaTypes":["DISPLAY"]}],"dinfo":{"os":"Android","model":"SM-G900F","make":"samsung","osVersion":"6.0.1","connectionType":"13","country":"ES","scalingFactor":"3.0","carrier":"JAZZTEL","language":"es","screenSize":"1080x1920","orientation":"portrait"},"pkg":{"lbl":"_Wallapop_","pn":"com.wallapop","v":"1770000","vn":"1.77.0-d1907021319"},"isDTBMobile":"true"}]

07-02 17:10:34.273 24588 24614 W System.err: remove failed: ENOENT (No such file or directory) : /data/user/0/com.wallapop/files/AppEventsLogger.persistedevents

07-02 17:10:35.443 24588 24984 W ResourcesManager: getTopLevelResources: /data/app/com.google.android.gms-1/base.apk / 1.0 running in com.wallapop rsrc of package null

07-02 17:10:37.493 24588 24987 W ResourcesManager: getTopLevelResources: /data/app/com.google.android.gms-1/base.apk / 1.0 running in com.wallapop rsrc of package null

07-02 17:10:41.803 24588 24588 I Timeline: Timeline: Activity_launch_request id:com.wallapop time:45839058

07-02 17:10:41.833   874  1422 V WindowManager: addAppToken: AppWindowToken{158c908 token=Token{bd14eab ActivityRecord{cd5a8fa u0 com.wallapop/.activities.PreferencesActivity t861}}} to stack=1 task=861 at 1

07-02 17:10:41.873   874  1027 V MARsPolicyManager: updatePackagesScore PackageInfo name -- com.wallapop

07-02 17:10:41.883 24588 24588 W ResourcesManager: getTopLevelResources: /data/app/com.wallapop-1/base.apk / 1.0 running in com.wallapop rsrc of package null

07-02 17:10:41.893 24588 24588 W ResourcesManager: getTopLevelResources: /data/app/com.wallapop-1/base.apk / 1.0 running in com.wallapop rsrc of package null

07-02 17:10:41.893 24588 24588 W ResourcesManager: getTopLevelResources: /data/app/com.wallapop-1/base.apk / 1.0 running in com.wallapop rsrc of package null

07-02 17:10:41.963   874  1714 V AlarmManager:  remove PendingIntent] PendingIntent{53ee823: PendingIntentRecord{ce98c29 com.wallapop broadcastIntent}}

07-02 17:10:42.043   874  4874 D ISSUE_DEBUG: InputChannelName : 446cb95 com.wallapop/com.wallapop.activities.PreferencesActivity

07-02 17:10:42.063   874  1028 D StatusBarManagerService: manageDisableList userId=0 what=0x0 pkg=Window{446cb95 u0 d0 com.wallapop/com.wallapop.activities.PreferencesActivity}

07-02 17:10:42.173   874  1913 V WindowStateAnimator: Finishing drawing window Window{446cb95 u0 d0 com.wallapop/com.wallapop.activities.PreferencesActivity}: mDrawState=DRAW_PENDING

07-02 17:10:42.183   874  1132 I ActivityManager: Displayed com.wallapop/.activities.PreferencesActivity: +325ms

07-02 17:10:42.203   874  1714 V WindowStateAnimator: Finishing drawing window Window{446cb95 u0 d0 com.wallapop/com.wallapop.activities.PreferencesActivity}: mDrawState=HAS_DRAWN

07-02 17:10:42.443   874  1132 I Timeline: Timeline: Activity_windows_visible id: ActivityRecord{cd5a8fa u0 com.wallapop/.activities.PreferencesActivity t861} time:45839690

07-02 17:10:42.483   874  5340 I AppOps  : sendInfoToFLP, code=41 , uid=10267 , packageName=com.wallapop , type=finishOp

07-02 17:10:42.483 24588 24588 V ActivityThread: updateVisibility : ActivityRecord{37b97a2 token=android.os.BinderProxy@21181d2 {com.wallapop/com.rewallapop.ui.wall.WallActivity}} show : false

07-02 17:10:42.553 24588 24597 W REALM_JAVA: Remember to call close() on all Realm instances. Realm /data/data/com.wallapop/files/feature_flags is being finalized without being closed, this can lead to running out of native memory.

07-02 17:10:43.043 24536 24871 W ByMatcher: Node returned null child: android.view.accessibility.AccessibilityNodeInfo@800075f5; boundsInParent: Rect(0, 0 - 1080, 1920); boundsInScreen: Rect(0, 0 - 1080, 1920); packageName: com.wallapop; className: android.widget.FrameLayout; text: null; error: null; maxTextLength: -1; contentDescription: null; viewIdResName: null; checkable: false; checked: false; focusable: false; focused: false; selected: false; clickable: false; longClickable: false; contextClickable: false; enabled: true; password: false; scrollable: false; actions: [AccessibilityAction: ACTION_SELECT - null, AccessibilityAction: ACTION_CLEAR_SELECTION - null, AccessibilityAction: ACTION_ACCESSIBILITY_FOCUS - null, AccessibilityAction: ACTION_UNKNOWN - null]

07-02 17:10:43.043 24536 24871 W ByMatcher: Node returned null child: android.view.accessibility.AccessibilityNodeInfo@800075f5; boundsInParent: Rect(0, 0 - 1080, 1920); boundsInScreen: Rect(0, 0 - 1080, 1920); packageName: com.wallapop; className: android.widget.FrameLayout; text: null; error: null; maxTextLength: -1; contentDescription: null; viewIdResName: null; checkable: false; checked: false; focusable: false; focused: false; selected: false; clickable: false; longClickable: false; contextClickable: false; enabled: true; password: false; scrollable: false; actions: [AccessibilityAction: ACTION_SELECT - null, AccessibilityAction: ACTION_CLEAR_SELECTION - null, AccessibilityAction: ACTION_ACCESSIBILITY_FOCUS - null, AccessibilityAction: ACTION_UNKNOWN - null]

07-02 17:10:44.673 24588 24588 I Timeline: Timeline: Activity_launch_request id:com.wallapop time:45841928

07-02 17:10:44.693   874  1722 V WindowManager: addAppToken: AppWindowToken{bcc937c token=Token{c2caa6f ActivityRecord{6c1c94e u0 com.wallapop/com.helpshift.support.activities.ParentActivity t861}}} to stack=1 task=861 at 2

07-02 17:10:44.723   874  1027 V MARsPolicyManager: updatePackagesScore PackageInfo name -- com.wallapop

07-02 17:10:44.723 24588 24588 W ResourcesManager: getTopLevelResources: /data/app/com.wallapop-1/base.apk / 1.0 running in com.wallapop rsrc of package null

07-02 17:10:44.733 24588 24588 W ResourcesManager: getTopLevelResources: /data/app/com.wallapop-1/base.apk / 1.0 running in com.wallapop rsrc of package null

07-02 17:10:44.773   874  2732 V AlarmManager:  remove PendingIntent] PendingIntent{8f2c405: PendingIntentRecord{ce98c29 com.wallapop broadcastIntent}}

07-02 17:10:44.853   874  1661 D ISSUE_DEBUG: InputChannelName : 4c9b426 com.wallapop/com.helpshift.support.activities.ParentActivity

07-02 17:10:44.863   874  1028 D StatusBarManagerService: manageDisableList userId=0 what=0x0 pkg=Window{4c9b426 u0 d0 com.wallapop/com.helpshift.support.activities.ParentActivity}

07-02 17:10:45.023   874  1914 V WindowStateAnimator: Finishing drawing window Window{4c9b426 u0 d0 com.wallapop/com.helpshift.support.activities.ParentActivity}: mDrawState=DRAW_PENDING

07-02 17:10:45.033   874  1132 I ActivityManager: Displayed com.wallapop/com.helpshift.support.activities.ParentActivity: +330ms

07-02 17:10:45.073   874  1220 V WindowStateAnimator: Finishing drawing window Window{4c9b426 u0 d0 com.wallapop/com.helpshift.support.activities.ParentActivity}: mDrawState=HAS_DRAWN

07-02 17:10:45.283   874  1132 I Timeline: Timeline: Activity_windows_visible id: ActivityRecord{6c1c94e u0 com.wallapop/com.helpshift.support.activities.ParentActivity t861} time:45842534

07-02 17:10:45.313 24588 24588 V ActivityThread: updateVisibility : ActivityRecord{59ad75a token=android.os.BinderProxy@5714f59 {com.wallapop/com.wallapop.activities.PreferencesActivity}} show : false

07-02 17:10:49.793 24588 24987 W ResourcesManager: getTopLevelResources: /data/app/com.google.android.gms-1/base.apk / 1.0 running in com.wallapop rsrc of package null

07-02 17:10:52.183   874  1027 V BroadcastQueue: [background] Process cur broadcast BroadcastRecord{28ac12 u0 com.appboy.action.receiver.DATA_SYNC qIdx=4}, state= (APP_RECEIVE) DELIVERED for app ProcessRecord{a5c1da7 24588:com.wallapop/u0a267}

07-02 17:10:53.383   874  5340 V WindowManager: addAppToken: AppWindowToken{ae1775e token=Token{6ed0899 ActivityRecord{3717de0 u0 com.wallapop/com.rewallapop.ui.main.MainActivity t861}}} to stack=1 task=861 at 3

07-02 17:10:53.443   874  1027 V MARsPolicyManager: updatePackagesScore PackageInfo name -- com.wallapop

07-02 17:10:53.443 24588 24588 W ResourcesManager: getTopLevelResources: /data/app/com.wallapop-1/base.apk / 1.0 running in com.wallapop rsrc of package null

07-02 17:10:53.453 24588 24588 W ResourcesManager: getTopLevelResources: /data/app/com.wallapop-1/base.apk / 1.0 running in com.wallapop rsrc of package null

07-02 17:10:53.483   874  1722 V AlarmManager:  remove PendingIntent] PendingIntent{5c528f8: PendingIntentRecord{ce98c29 com.wallapop broadcastIntent}}

07-02 17:10:53.523 24588 24588 I Timeline: Timeline: Activity_launch_request id:com.wallapop time:45850772

07-02 17:10:53.523   874  2732 W ActivityManager: startActivity called from finishing ActivityRecord{3717de0 u0 com.wallapop/com.rewallapop.ui.main.MainActivity t861 f}; forcing Intent.FLAG_ACTIVITY_NEW_TASK for: Intent { cmp=com.wallapop/com.helpshift.support.activities.ParentActivity (has extras) }

07-02 17:10:53.533   874  1027 V MARsPolicyManager: updatePackagesScore PackageInfo name -- com.wallapop

07-02 17:10:53.903 24588 24614 W System.err: remove failed: ENOENT (No such file or directory) : /data/user/0/com.wallapop/files/AppEventsLogger.persistedevents

07-02 17:10:53.903   874  1422 V AlarmManager:  remove PendingIntent] PendingIntent{501f10: PendingIntentRecord{f7554b8 com.wallapop broadcastIntent}}


