Executed '[C740] Help: Access and sections' on 26-06-2019
---------------------------------------------------------------------------------
06-26 14:43:17.668   874  4874 I ActivityManager: Force stopping com.wallapop appid=10265 user=0: from pid 26952

06-26 14:43:17.668   874  4874 I ActivityManager: Killing 26138:com.wallapop/u0a265 (adj 2): stop com.wallapop cause from pid 26952

06-26 14:43:17.678   874  4874 D ActivityManager: isAutoRunBlockedApp:: com.wallapop, Auto Run ON

06-26 14:43:17.678   874  4874 I ActivityManager: isWidgetUsingPkg : com.wallapop no widget is using.

06-26 14:43:17.688   874   874 D MARsPolicyManager: NotificationListenerService OngoingNotificationRemoved : com.wallapop

06-26 14:43:17.698   874  4874 I ActivityManager: Start proc 26993:com.wallapop/u0a265 for activity com.wallapop/.activities.PreferencesActivity

06-26 14:43:17.708 26993 26993 W SELinux : SELinux: seapp_context_lookup: seinfo=default, level=s0:c512,c768, pkgname=com.wallapop

06-26 14:43:17.708   874  4874 I ActivityManager:   Force finishing activity ActivityRecord{de03a63 u0 com.wallapop/com.rewallapop.ui.wall.WallActivity t794}

06-26 14:43:17.708   874  4874 I ActivityManager:   Force finishing activity ActivityRecord{9d26a90 u0 com.wallapop/.activities.PreferencesActivity t794}

06-26 14:43:17.758   874   874 V AlarmManager: Remove alarm for next reason : android.intent.action.PACKAGE_RESTARTED : package: com.wallapop

06-26 14:43:17.798 26993 26993 W ResourcesManager: getTopLevelResources: /data/app/com.wallapop-1/base.apk / 1.0 running in com.wallapop rsrc of package null

06-26 14:43:17.808 25967 25967 I ClearDataReceiver: [#DCM#] Intent Data: package:com.wallapop

06-26 14:43:18.018 26993 27013 I FA      :   adb shell setprop debug.firebase.analytics.app com.wallapop

06-26 14:43:18.018 26993 27013 W ResourcesManager: getTopLevelResources: /data/app/com.wallapop-1/base.apk / 1.0 running in com.wallapop rsrc of package null

06-26 14:43:18.028   874   894 V AlarmManager:  remove PendingIntent] PendingIntent{f37b3ed: PendingIntentRecord{9d80222 com.wallapop broadcastIntent}}

06-26 14:43:18.058 26993 26993 W ResourcesManager: getTopLevelResources: /data/app/com.wallapop-1/base.apk / 1.0 running in com.wallapop rsrc of package null

06-26 14:43:18.058 26993 26993 W ResourcesManager: getTopLevelResources: /data/app/com.wallapop-1/base.apk / 1.0 running in com.wallapop rsrc of package null

06-26 14:43:18.068 26993 27015 W ResourcesManager: getTopLevelResources: /data/app/com.google.android.gms-1/base.apk / 1.0 running in com.wallapop rsrc of package null

06-26 14:43:18.068 26993 27021 W ResourcesManager: getTopLevelResources: /data/app/com.google.android.gms-1/base.apk / 1.0 running in com.wallapop rsrc of package null

06-26 14:43:18.078 26993 26993 W ResourcesManager: getTopLevelResources: /data/app/com.wallapop-1/base.apk / 1.0 running in com.wallapop rsrc of package null

06-26 14:43:18.508 26993 26993 W System.err: mkdir failed: EEXIST (File exists) : /data/user/0/com.wallapop/cache/okhttp

06-26 14:43:19.608 26993 27052 I stetho  : Listening on @stetho_com.wallapop_devtools_remote

06-26 14:43:19.618 26993 26993 I art     : Rejecting re-init on previously-failed class java.lang.Class<com.wallapop.clickstream.JobIntentService$f>

06-26 14:43:19.618 26993 26993 I art     : Rejecting re-init on previously-failed class java.lang.Class<com.wallapop.clickstream.JobIntentService$f>

06-26 14:43:19.728 26993 26993 W ResourcesManager: getTopLevelResources: /data/app/com.google.android.gms-1/base.apk / 1.0 running in com.wallapop rsrc of package null

06-26 14:43:19.898 26993 27054 W System.err: remove failed: ENOENT (No such file or directory) : /data/user/0/com.wallapop/files/tfidf.db

06-26 14:43:19.918 26993 27054 W System.err: remove failed: ENOENT (No such file or directory) : /data/user/0/com.wallapop/databases/__hs__db_error_reports

06-26 14:43:19.918 26993 27054 W System.err: remove failed: ENOENT (No such file or directory) : /data/user/0/com.wallapop/databases/__hs__db_error_reports-journal

06-26 14:43:19.918 26993 27054 W System.err: remove failed: ENOENT (No such file or directory) : /data/user/0/com.wallapop/databases/__hs__db_error_reports-shm

06-26 14:43:19.918 26993 27054 W System.err: remove failed: ENOENT (No such file or directory) : /data/user/0/com.wallapop/databases/__hs__db_error_reports-wal

06-26 14:43:19.938 26993 26993 W ResourcesManager: getTopLevelResources: /data/app/com.google.android.gms-1/base.apk / 1.0 running in com.wallapop rsrc of package null

06-26 14:43:19.958 26993 26993 W ResourcesManager: getTopLevelResources: /data/data/com.google.android.gms/app_chimera/m/00000034/dl-AdsFdrDynamite.integ_20290000008.apk / 1.0 running in com.wallapop rsrc of package null

06-26 14:43:19.968 26993 26993 W ResourcesManager: getTopLevelResources: /data/data/com.google.android.gms/app_chimera/m/00000034/dl-AdsFdrDynamite.integ_20290000008.apk / 1.0 running in com.wallapop rsrc of package null

06-26 14:43:19.998 26993 26993 W ResourcesManager: getTopLevelResources: /data/app/com.google.android.gms-1/base.apk / 1.0 running in com.wallapop rsrc of package null

06-26 14:43:20.108 26993 26993 W ResourcesManager: getTopLevelResources: /data/app/com.google.android.webview-2/base.apk / 1.0 running in com.wallapop rsrc of package null

06-26 14:43:23.138 26993 27169 W ResourcesManager: getTopLevelResources: /data/app/com.google.android.gms-1/base.apk / 1.0 running in com.wallapop rsrc of package null

06-26 14:43:23.248   874  5340 V AlarmManager:  remove PendingIntent] PendingIntent{ecb37bf: PendingIntentRecord{4c3f453 com.wallapop broadcastIntent}}

06-26 14:43:23.278 26993 27107 W System.err: mkdir failed: EEXIST (File exists) : /data/user/0/com.wallapop/cache/WebView/Crash Reports

06-26 14:43:38.258 26993 27023 W System.err: remove failed: ENOENT (No such file or directory) : /data/user/0/com.wallapop/files/AppEventsLogger.persistedevents

06-26 14:48:08.498   874  5340 I ActivityManager: Force stopping com.wallapop appid=10265 user=0: from pid 27665

06-26 14:48:08.498   874  5340 I ActivityManager: Killing 26993:com.wallapop/u0a265 (adj 15): stop com.wallapop cause from pid 27665

06-26 14:48:08.498   874  5340 D ActivityManager: isAutoRunBlockedApp:: com.wallapop, Auto Run ON

06-26 14:48:08.508   874   874 V AlarmManager: Remove alarm for next reason : android.intent.action.PACKAGE_RESTARTED : package: com.wallapop

06-26 14:48:08.528 25967 25967 I ClearDataReceiver: [#DCM#] Intent Data: package:com.wallapop

06-26 14:48:08.758   874  1422 V WindowManager: addAppToken: AppWindowToken{3882ed4 token=Token{362bc27 ActivityRecord{f52aee6 u0 com.wallapop/com.rewallapop.ui.main.MainActivity t795}}} to stack=1 task=795 at 0

06-26 14:48:08.778   874  1132 D ISSUE_DEBUG: InputChannelName : 3c17b58 Starting com.wallapop

06-26 14:48:08.788   874  1913 I ActivityManager: Start proc 27688:com.wallapop/u0a265 for activity com.wallapop/com.rewallapop.ui.main.MainActivity

06-26 14:48:08.788 27688 27688 W SELinux : SELinux: seapp_context_lookup: seinfo=default, level=s0:c512,c768, pkgname=com.wallapop

06-26 14:48:08.818   874  1132 V WindowStateAnimator: Finishing drawing window Window{3c17b58 u0 d0 Starting com.wallapop}: mDrawState=DRAW_PENDING

06-26 14:48:08.828   874  1914 D ActivityManager:  Launching com.wallapop, updated priority

06-26 14:48:08.858   874  1027 V MARsPolicyManager: updatePackagesScore PackageInfo name -- com.wallapop

06-26 14:48:08.868   874  1028 D StatusBarManagerService: manageDisableList userId=0 what=0x0 pkg=Window{3c17b58 u0 d0 Starting com.wallapop}

06-26 14:48:08.868 27688 27688 W ResourcesManager: getTopLevelResources: /data/app/com.wallapop-1/base.apk / 1.0 running in com.wallapop rsrc of package null

06-26 14:48:09.008 27688 27703 W ResourcesManager: getTopLevelResources: /data/app/com.wallapop-1/base.apk / 1.0 running in com.wallapop rsrc of package null

06-26 14:48:09.028 27688 27688 W ResourcesManager: getTopLevelResources: /data/app/com.wallapop-1/base.apk / 1.0 running in com.wallapop rsrc of package null

06-26 14:48:09.038 27688 27688 W ResourcesManager: getTopLevelResources: /data/app/com.wallapop-1/base.apk / 1.0 running in com.wallapop rsrc of package null

06-26 14:48:09.038 27688 27703 I FA      :   adb shell setprop debug.firebase.analytics.app com.wallapop

06-26 14:48:09.038   874  5340 V AlarmManager:  remove PendingIntent] PendingIntent{6785d70: PendingIntentRecord{25818e9 com.wallapop broadcastIntent}}

06-26 14:48:09.038 27688 27688 W ResourcesManager: getTopLevelResources: /data/app/com.wallapop-1/base.apk / 1.0 running in com.wallapop rsrc of package null

06-26 14:48:09.048 27688 27713 W System.err: remove failed: ENOENT (No such file or directory) : /data/user/0/com.wallapop/files/AppEventsLogger.persistedevents

06-26 14:48:09.048 27688 27705 W ResourcesManager: getTopLevelResources: /data/app/com.google.android.gms-1/base.apk / 1.0 running in com.wallapop rsrc of package null

06-26 14:48:09.048 27688 27711 W ResourcesManager: getTopLevelResources: /data/app/com.google.android.gms-1/base.apk / 1.0 running in com.wallapop rsrc of package null

06-26 14:48:09.058 27688 27713 W ResourcesManager: getTopLevelResources: /data/app/com.google.android.gms-1/base.apk / 1.0 running in com.wallapop rsrc of package null

06-26 14:48:09.428 27688 27688 W System.err: mkdir failed: EEXIST (File exists) : /data/user/0/com.wallapop/cache/okhttp

06-26 14:48:10.458 27688 27739 I stetho  : Listening on @stetho_com.wallapop_devtools_remote

06-26 14:48:10.478 27688 27688 I art     : Rejecting re-init on previously-failed class java.lang.Class<com.wallapop.clickstream.JobIntentService$f>

06-26 14:48:10.478 27688 27688 I art     : Rejecting re-init on previously-failed class java.lang.Class<com.wallapop.clickstream.JobIntentService$f>

06-26 14:48:10.568 27688 27688 W ResourcesManager: getTopLevelResources: /data/app/com.google.android.gms-1/base.apk / 1.0 running in com.wallapop rsrc of package null

06-26 14:48:10.648 27688 27688 W ResourcesManager: getTopLevelResources: /data/app/com.google.android.gms-1/base.apk / 1.0 running in com.wallapop rsrc of package null

06-26 14:48:10.668 27688 27688 W ResourcesManager: getTopLevelResources: /data/data/com.google.android.gms/app_chimera/m/00000034/dl-AdsFdrDynamite.integ_20290000008.apk / 1.0 running in com.wallapop rsrc of package null

06-26 14:48:10.678 27688 27688 W ResourcesManager: getTopLevelResources: /data/data/com.google.android.gms/app_chimera/m/00000034/dl-AdsFdrDynamite.integ_20290000008.apk / 1.0 running in com.wallapop rsrc of package null

06-26 14:48:10.698 27688 27741 W System.err: remove failed: ENOENT (No such file or directory) : /data/user/0/com.wallapop/files/tfidf.db

06-26 14:48:10.718 27688 27741 W System.err: remove failed: ENOENT (No such file or directory) : /data/user/0/com.wallapop/databases/__hs__db_error_reports

06-26 14:48:10.718 27688 27741 W System.err: remove failed: ENOENT (No such file or directory) : /data/user/0/com.wallapop/databases/__hs__db_error_reports-journal

06-26 14:48:10.718 27688 27741 W System.err: remove failed: ENOENT (No such file or directory) : /data/user/0/com.wallapop/databases/__hs__db_error_reports-shm

06-26 14:48:10.718 27688 27741 W System.err: remove failed: ENOENT (No such file or directory) : /data/user/0/com.wallapop/databases/__hs__db_error_reports-wal

06-26 14:48:10.798 27688 27688 W ResourcesManager: getTopLevelResources: /data/app/com.google.android.webview-2/base.apk / 1.0 running in com.wallapop rsrc of package null

06-26 14:48:13.388 27688 27826 W ResourcesManager: getTopLevelResources: /data/app/com.google.android.gms-1/base.apk / 1.0 running in com.wallapop rsrc of package null

06-26 14:48:13.488 27688 27688 W ResourcesManager: getTopLevelResources: /data/app/com.wallapop-1/base.apk / 1.0 running in com.wallapop rsrc of package null

06-26 14:48:13.498 27688 27688 W ResourcesManager: getTopLevelResources: /data/app/com.wallapop-1/base.apk / 1.0 running in com.wallapop rsrc of package null

06-26 14:48:13.518   874  2732 V AlarmManager:  remove PendingIntent] PendingIntent{13364de: PendingIntentRecord{4c3f453 com.wallapop broadcastIntent}}

06-26 14:48:13.768   874   894 V AlarmManager:  remove PendingIntent] PendingIntent{b0cf0ea: PendingIntentRecord{4e60fdb com.wallapop broadcastIntent}}

06-26 14:48:13.908 27688 27688 W System.err: remove failed: ENOENT (No such file or directory) : /data/user/0/com.wallapop/cache/okhttp/journal.tmp

06-26 14:48:13.948 27688 27688 I Timeline: Timeline: Activity_launch_request id:com.wallapop time:7891973

06-26 14:48:13.968   874   894 V WindowManager: addAppToken: AppWindowToken{fa6b342 token=Token{67bf58d ActivityRecord{eacf624 u0 com.wallapop/com.rewallapop.ui.wall.WallActivity t795}}} to stack=1 task=795 at 1

06-26 14:48:13.968   874  1028 D StatusBarManagerService: manageDisableList userId=0 what=0x0 pkg=Window{3c17b58 u0 d0 Starting com.wallapop}

06-26 14:48:14.048 27688 27730 W ResourcesManager: getTopLevelResources: /data/app/com.google.android.gms-1/base.apk / 1.0 running in com.wallapop rsrc of package null

06-26 14:48:14.098   874  1027 D ApplicationPolicy: isStatusBarNotificationAllowedAsUser: packageName = com.wallapop,userId = 0

06-26 14:48:14.108   874   874 D MARsPolicyManager: NotificationListenerService OngoingNotificationPosted : com.wallapop

06-26 14:48:14.118  1391  1391 W ResourcesManager: getTopLevelResources: /data/app/com.wallapop-1/base.apk / 1.0 running in com.android.systemui rsrc of package null

06-26 14:48:14.128   874  1027 V MARsPolicyManager: updatePackagesScore PackageInfo name -- com.wallapop

06-26 14:48:14.138 27688 27760 W System.err: mkdir failed: EEXIST (File exists) : /data/user/0/com.wallapop/cache/WebView/Crash Reports

06-26 14:48:14.138 27688 27688 W ResourcesManager: getTopLevelResources: /data/app/com.wallapop-1/base.apk / 1.0 running in com.wallapop rsrc of package null

06-26 14:48:14.148 27688 27688 W ResourcesManager: getTopLevelResources: /data/app/com.wallapop-1/base.apk / 1.0 running in com.wallapop rsrc of package null

06-26 14:48:14.168  1391  1391 W ResourcesManager: getTopLevelResources: /data/app/com.wallapop-1/base.apk / 1.0 running in com.android.systemui rsrc of package null

06-26 14:48:14.168  1391  1391 W ResourcesManager: getTopLevelResources: /data/app/com.wallapop-1/base.apk / 1.0 running in com.android.systemui rsrc of package null

06-26 14:48:14.178  1391  1391 W ResourcesManager: getTopLevelResources: /data/app/com.wallapop-1/base.apk / 1.0 running in com.android.systemui rsrc of package null

06-26 14:48:14.208   874  1722 V AlarmManager:  remove PendingIntent] PendingIntent{d4fddaf: PendingIntentRecord{4e6e5bc com.wallapop broadcastIntent}}

06-26 14:48:14.658 27688 27916 W ResourcesManager: getTopLevelResources: /data/app/com.google.android.gms-1/base.apk / 1.0 running in com.wallapop rsrc of package null

06-26 14:48:14.708 27688 27713 W System.err: remove failed: ENOENT (No such file or directory) : /data/user/0/com.wallapop/files/AppEventsLogger.persistedevents

06-26 14:48:14.768   874  4874 D ISSUE_DEBUG: InputChannelName : dd456f0 com.wallapop/com.rewallapop.ui.wall.WallActivity

06-26 14:48:14.778 21819 24783 I Finsky  : [2763] eth.b(2): com.wallapop: Account determined from installer data - [E7ZhE6RtwBr6ZrivWaTWep8klQM]

06-26 14:48:14.778 21819 24783 I Finsky  : [2763] eth.b(9): com.wallapop: Account from preferred account - [E7ZhE6RtwBr6ZrivWaTWep8klQM]

06-26 14:48:14.798 21819 21830 I Finsky  : [2685] eth.b(2): com.wallapop: Account determined from installer data - [E7ZhE6RtwBr6ZrivWaTWep8klQM]

06-26 14:48:14.798 21819 21830 I Finsky  : [2685] eth.b(9): com.wallapop: Account from preferred account - [E7ZhE6RtwBr6ZrivWaTWep8klQM]

06-26 14:48:14.988 27688 27916 D Amazon DTB Ads API: with json params:[{"adsdk":"aps-android-7.4.3","gdpr":{"e":"1","c":"BAAAAAAOa0ob7AcABBENBtAAAAAh6AAA"},"oo":"false","mraid":["1.0","2.0","3.0"],"ua":"Dalvik\/2.1.0 (Linux; U; Android 6.0.1; SM-G900F Build\/MMB29M)","geoloc":"41.4058945,2.1864856,20.0","idfa":"1e214c05-ac1e-4c82-ae75-fb207f9c9c8a","appId":"d2ba46e2d5ef4c9883051d9c8d0125d5","ad-id":"A-6j1GeULkCtsqbiEmqTO1M","slots":[{"sz":"320x50","slot":"f414d83c-ab9f-4e02-9c59-5137663ee6c7","slotId":1,"supportedMediaTypes":["DISPLAY"]}],"dinfo":{"os":"Android","model":"SM-G900F","make":"samsung","osVersion":"6.0.1","connectionType":"Wifi","country":"ES","scalingFactor":"3.0","carrier":"JAZZTEL","language":"es","screenSize":"1080x1920","orientation":"portrait"},"pkg":{"lbl":"_Wallapop_","pn":"com.wallapop","v":"1760000","vn":"1.76.0-d1906251551"},"isDTBMobile":"true"}]

06-26 14:48:15.158   874  1028 D StatusBarManagerService: manageDisableList userId=0 what=0x0 pkg=Window{dd456f0 u0 d0 com.wallapop/com.rewallapop.ui.wall.WallActivity}

06-26 14:48:15.388 21819 24782 I Finsky  : [2762] eth.b(2): com.wallapop: Account determined from installer data - [E7ZhE6RtwBr6ZrivWaTWep8klQM]

06-26 14:48:15.388 21819 24782 I Finsky  : [2762] eth.b(9): com.wallapop: Account from preferred account - [E7ZhE6RtwBr6ZrivWaTWep8klQM]

06-26 14:48:15.438 21819 24783 I Finsky  : [2763] eth.b(2): com.wallapop: Account determined from installer data - [E7ZhE6RtwBr6ZrivWaTWep8klQM]

06-26 14:48:15.438 21819 24783 I Finsky  : [2763] eth.b(9): com.wallapop: Account from preferred account - [E7ZhE6RtwBr6ZrivWaTWep8klQM]

06-26 14:48:15.448 21819 21830 I Finsky  : [2685] eth.b(2): com.wallapop: Account determined from installer data - [E7ZhE6RtwBr6ZrivWaTWep8klQM]

06-26 14:48:15.448 21819 21830 I Finsky  : [2685] eth.b(9): com.wallapop: Account from preferred account - [E7ZhE6RtwBr6ZrivWaTWep8klQM]

06-26 14:48:15.458 21819 21829 I Finsky  : [2684] eth.b(2): com.wallapop: Account determined from installer data - [E7ZhE6RtwBr6ZrivWaTWep8klQM]

06-26 14:48:15.458 21819 21829 I Finsky  : [2684] eth.b(9): com.wallapop: Account from preferred account - [E7ZhE6RtwBr6ZrivWaTWep8klQM]

06-26 14:48:15.488   874  2020 V WindowStateAnimator: Finishing drawing window Window{dd456f0 u0 d0 com.wallapop/com.rewallapop.ui.wall.WallActivity}: mDrawState=DRAW_PENDING

06-26 14:48:15.498   874  1132 I ActivityManager: Displayed com.wallapop/com.rewallapop.ui.wall.WallActivity: +1s391ms (total +4m57s812ms)

06-26 14:48:15.508   874  1132 I Timeline: Timeline: Activity_windows_visible id: ActivityRecord{eacf624 u0 com.wallapop/com.rewallapop.ui.wall.WallActivity t795} time:7893530

06-26 14:48:15.588   874  1913 V WindowStateAnimator: Finishing drawing window Window{dd456f0 u0 d0 com.wallapop/com.rewallapop.ui.wall.WallActivity}: mDrawState=HAS_DRAWN

06-26 14:48:15.598 21819 24782 I Finsky  : [2762] eth.b(2): com.wallapop: Account determined from installer data - [E7ZhE6RtwBr6ZrivWaTWep8klQM]

06-26 14:48:15.598 21819 24782 I Finsky  : [2762] eth.b(9): com.wallapop: Account from preferred account - [E7ZhE6RtwBr6ZrivWaTWep8klQM]

06-26 14:48:15.608 27688 27688 W ResourcesManager: getTopLevelResources: /data/app/com.google.android.gms-1/base.apk / 1.0 running in com.wallapop rsrc of package null

06-26 14:48:15.738 27688 27970 W ResourcesManager: getTopLevelResources: /data/data/com.google.android.gms/app_chimera/m/00000034/dl-AdsFdrDynamite.integ_20290000008.apk / 1.0 running in com.wallapop rsrc of package null

06-26 14:48:15.818   874  1914 I AppOps  : sendInfoToFLP, code=41 , uid=10265 , packageName=com.wallapop , type=startOp

06-26 14:48:15.988 21819 24783 I Finsky  : [2763] eth.b(2): com.wallapop: Account determined from installer data - [E7ZhE6RtwBr6ZrivWaTWep8klQM]

06-26 14:48:15.988 21819 24783 I Finsky  : [2763] eth.b(9): com.wallapop: Account from preferred account - [E7ZhE6RtwBr6ZrivWaTWep8klQM]

06-26 14:48:15.998 21819 21830 I Finsky  : [2685] eth.b(2): com.wallapop: Account determined from installer data - [E7ZhE6RtwBr6ZrivWaTWep8klQM]

06-26 14:48:15.998 21819 21830 I Finsky  : [2685] eth.b(9): com.wallapop: Account from preferred account - [E7ZhE6RtwBr6ZrivWaTWep8klQM]

06-26 14:48:16.858 27688 27688 W View    : requestLayout() improperly called by com.wallapop.design.view.WallapopTextView{230ed16 V.ED..... ......ID 54,30-54,92 #7f0a08d7 app:id/wp__home__tv_bubble} during layout: running second layout pass

06-26 14:48:17.648 27688 27713 W System.err: remove failed: ENOENT (No such file or directory) : /data/user/0/com.wallapop/files/AppEventsLogger.persistedevents

06-26 14:48:19.028 27688 28095 W ResourcesManager: getTopLevelResources: /data/app/com.google.android.gms-1/base.apk / 1.0 running in com.wallapop rsrc of package null

06-26 14:48:19.218 27688 28098 W ResourcesManager: getTopLevelResources: /data/app/com.google.android.gms-1/base.apk / 1.0 running in com.wallapop rsrc of package null

06-26 14:48:19.878 27688 28095 W ResourcesManager: getTopLevelResources: /data/app/com.google.android.gms-1/base.apk / 1.0 running in com.wallapop rsrc of package null

06-26 14:48:24.058   874  1027 V BroadcastQueue: [background] Process cur broadcast BroadcastRecord{6b7ec17 u0 com.appboy.action.receiver.DATA_SYNC qIdx=4}, state= (APP_RECEIVE) DELIVERED for app ProcessRecord{44fc96e 27688:com.wallapop/u0a265}

06-26 14:48:28.128 27688 27688 I Timeline: Timeline: Activity_launch_request id:com.wallapop time:7906157

06-26 14:48:28.148   874  3012 V WindowManager: addAppToken: AppWindowToken{14532b3 token=Token{fa9f822 ActivityRecord{ddfc1ed u0 com.wallapop/.activities.PreferencesActivity t795}}} to stack=1 task=795 at 1

06-26 14:48:28.188   874  1027 V MARsPolicyManager: updatePackagesScore PackageInfo name -- com.wallapop

06-26 14:48:28.198 27688 27688 W ResourcesManager: getTopLevelResources: /data/app/com.wallapop-1/base.apk / 1.0 running in com.wallapop rsrc of package null

06-26 14:48:28.208 27688 27688 W ResourcesManager: getTopLevelResources: /data/app/com.wallapop-1/base.apk / 1.0 running in com.wallapop rsrc of package null

06-26 14:48:28.208 27688 27688 W ResourcesManager: getTopLevelResources: /data/app/com.wallapop-1/base.apk / 1.0 running in com.wallapop rsrc of package null

06-26 14:48:28.258   874  2732 V AlarmManager:  remove PendingIntent] PendingIntent{486697a: PendingIntentRecord{4e6e5bc com.wallapop broadcastIntent}}

06-26 14:48:28.338   874  1914 D ISSUE_DEBUG: InputChannelName : ca4add2 com.wallapop/com.wallapop.activities.PreferencesActivity

06-26 14:48:28.368   874  1028 D StatusBarManagerService: manageDisableList userId=0 what=0x0 pkg=Window{ca4add2 u0 d0 com.wallapop/com.wallapop.activities.PreferencesActivity}

06-26 14:48:28.428   874  2020 V WindowStateAnimator: Finishing drawing window Window{ca4add2 u0 d0 com.wallapop/com.wallapop.activities.PreferencesActivity}: mDrawState=DRAW_PENDING

06-26 14:48:28.438   874  1132 I ActivityManager: Displayed com.wallapop/.activities.PreferencesActivity: +261ms

06-26 14:48:28.458   874   894 V WindowStateAnimator: Finishing drawing window Window{ca4add2 u0 d0 com.wallapop/com.wallapop.activities.PreferencesActivity}: mDrawState=HAS_DRAWN

06-26 14:48:28.698   874  1132 I Timeline: Timeline: Activity_windows_visible id: ActivityRecord{ddfc1ed u0 com.wallapop/.activities.PreferencesActivity t795} time:7906723

06-26 14:48:28.738   874  1722 I AppOps  : sendInfoToFLP, code=41 , uid=10265 , packageName=com.wallapop , type=finishOp

06-26 14:48:28.748 27688 27688 V ActivityThread: updateVisibility : ActivityRecord{6d74e20 token=android.os.BinderProxy@5865092 {com.wallapop/com.rewallapop.ui.wall.WallActivity}} show : false

06-26 14:48:29.298 27592 27983 W ByMatcher: Node returned null child: android.view.accessibility.AccessibilityNodeInfo@800074a5; boundsInParent: Rect(0, 0 - 1080, 1920); boundsInScreen: Rect(0, 0 - 1080, 1920); packageName: com.wallapop; className: android.widget.FrameLayout; text: null; error: null; maxTextLength: -1; contentDescription: null; viewIdResName: null; checkable: false; checked: false; focusable: false; focused: false; selected: false; clickable: false; longClickable: false; contextClickable: false; enabled: true; password: false; scrollable: false; actions: [AccessibilityAction: ACTION_SELECT - null, AccessibilityAction: ACTION_CLEAR_SELECTION - null, AccessibilityAction: ACTION_ACCESSIBILITY_FOCUS - null, AccessibilityAction: ACTION_UNKNOWN - null]

06-26 14:48:29.298 27592 27983 W ByMatcher: Node returned null child: android.view.accessibility.AccessibilityNodeInfo@800074a5; boundsInParent: Rect(0, 0 - 1080, 1920); boundsInScreen: Rect(0, 0 - 1080, 1920); packageName: com.wallapop; className: android.widget.FrameLayout; text: null; error: null; maxTextLength: -1; contentDescription: null; viewIdResName: null; checkable: false; checked: false; focusable: false; focused: false; selected: false; clickable: false; longClickable: false; contextClickable: false; enabled: true; password: false; scrollable: false; actions: [AccessibilityAction: ACTION_SELECT - null, AccessibilityAction: ACTION_CLEAR_SELECTION - null, AccessibilityAction: ACTION_ACCESSIBILITY_FOCUS - null, AccessibilityAction: ACTION_UNKNOWN - null]


