Executed '[C740] Help: Access and sections' on 26-06-2019
---------------------------------------------------------------------------------
06-26 15:18:07.248   822   830 W REALM_JAVA: Remember to call close() on all Realm instances. Realm /data/data/com.wallapop/files/feature_flags is being finalized without being closed, this can lead to running out of native memory.

06-26 15:18:07.248   822   830 W REALM_JAVA: Remember to call close() on all Realm instances. Realm /data/data/com.wallapop/files/chat_inbox_7v6g4wr3o76e is being finalized without being closed, this can lead to running out of native memory.

06-26 15:18:07.248   822   830 W REALM_JAVA: Remember to call close() on all Realm instances. Realm /data/data/com.wallapop/files/pending_events_queue_7v6g4wr3o76e is being finalized without being closed, this can lead to running out of native memory.

06-26 15:18:07.958   874  2020 I ActivityManager: Force stopping com.wallapop appid=10265 user=0: from pid 1559

06-26 15:18:07.958   874  2020 I ActivityManager: Killing 822:com.wallapop/u0a265 (adj 2): stop com.wallapop cause from pid 1559

06-26 15:18:07.978   874  2020 D ActivityManager: isAutoRunBlockedApp:: com.wallapop, Auto Run ON

06-26 15:18:07.978   874  2020 I ActivityManager: isWidgetUsingPkg : com.wallapop no widget is using.

06-26 15:18:07.988   874   874 D MARsPolicyManager: NotificationListenerService OngoingNotificationRemoved : com.wallapop

06-26 15:18:08.018  1621  1621 W SELinux : SELinux: seapp_context_lookup: seinfo=default, level=s0:c512,c768, pkgname=com.wallapop

06-26 15:18:08.018   874  2020 I ActivityManager: Start proc 1621:com.wallapop/u0a265 for activity com.wallapop/com.rewallapop.ui.wall.WallActivity

06-26 15:18:08.018   874  2020 I ActivityManager:   Force finishing activity ActivityRecord{1ca5843 u0 com.wallapop/com.rewallapop.ui.wall.WallActivity t798}

06-26 15:18:08.068   874   874 V AlarmManager: Remove alarm for next reason : android.intent.action.PACKAGE_RESTARTED : package: com.wallapop

06-26 15:18:08.108 25967 25967 I ClearDataReceiver: [#DCM#] Intent Data: package:com.wallapop

06-26 15:18:08.108  1621  1621 W ResourcesManager: getTopLevelResources: /data/app/com.wallapop-1/base.apk / 1.0 running in com.wallapop rsrc of package null

06-26 15:18:08.298  1621  1668 W ResourcesManager: getTopLevelResources: /data/app/com.wallapop-1/base.apk / 1.0 running in com.wallapop rsrc of package null

06-26 15:18:08.318  1621  1668 I FA      :   adb shell setprop debug.firebase.analytics.app com.wallapop

06-26 15:18:08.328  1621  1621 W ResourcesManager: getTopLevelResources: /data/app/com.wallapop-1/base.apk / 1.0 running in com.wallapop rsrc of package null

06-26 15:18:08.328  1621  1670 W ResourcesManager: getTopLevelResources: /data/app/com.google.android.gms-1/base.apk / 1.0 running in com.wallapop rsrc of package null

06-26 15:18:08.328  1621  1621 W ResourcesManager: getTopLevelResources: /data/app/com.wallapop-1/base.apk / 1.0 running in com.wallapop rsrc of package null

06-26 15:18:08.338  1621  1621 W ResourcesManager: getTopLevelResources: /data/app/com.wallapop-1/base.apk / 1.0 running in com.wallapop rsrc of package null

06-26 15:18:08.338   874  2020 V AlarmManager:  remove PendingIntent] PendingIntent{3b999cb: PendingIntentRecord{e485a8 com.wallapop broadcastIntent}}

06-26 15:18:08.718  1621  1621 W System.err: mkdir failed: EEXIST (File exists) : /data/user/0/com.wallapop/cache/okhttp

06-26 15:18:09.778  1621  1737 I stetho  : Listening on @stetho_com.wallapop_devtools_remote

06-26 15:18:09.798  1621  1621 I art     : Rejecting re-init on previously-failed class java.lang.Class<com.wallapop.clickstream.JobIntentService$f>

06-26 15:18:09.798  1621  1621 I art     : Rejecting re-init on previously-failed class java.lang.Class<com.wallapop.clickstream.JobIntentService$f>

06-26 15:18:09.908  1621  1621 W ResourcesManager: getTopLevelResources: /data/app/com.google.android.gms-1/base.apk / 1.0 running in com.wallapop rsrc of package null

06-26 15:18:09.998  1621  1621 W ResourcesManager: getTopLevelResources: /data/app/com.google.android.gms-1/base.apk / 1.0 running in com.wallapop rsrc of package null

06-26 15:18:10.018  1621  1621 W ResourcesManager: getTopLevelResources: /data/data/com.google.android.gms/app_chimera/m/00000034/dl-AdsFdrDynamite.integ_20290000008.apk / 1.0 running in com.wallapop rsrc of package null

06-26 15:18:10.028  1621  1621 W ResourcesManager: getTopLevelResources: /data/data/com.google.android.gms/app_chimera/m/00000034/dl-AdsFdrDynamite.integ_20290000008.apk / 1.0 running in com.wallapop rsrc of package null

06-26 15:18:10.038  1621  1739 W System.err: remove failed: ENOENT (No such file or directory) : /data/user/0/com.wallapop/files/tfidf.db

06-26 15:18:10.048  1621  1739 W System.err: remove failed: ENOENT (No such file or directory) : /data/user/0/com.wallapop/databases/__hs__db_error_reports

06-26 15:18:10.048  1621  1739 W System.err: remove failed: ENOENT (No such file or directory) : /data/user/0/com.wallapop/databases/__hs__db_error_reports-journal

06-26 15:18:10.048  1621  1739 W System.err: remove failed: ENOENT (No such file or directory) : /data/user/0/com.wallapop/databases/__hs__db_error_reports-shm

06-26 15:18:10.048  1621  1739 W System.err: remove failed: ENOENT (No such file or directory) : /data/user/0/com.wallapop/databases/__hs__db_error_reports-wal

06-26 15:18:10.178  1621  1621 W ResourcesManager: getTopLevelResources: /data/app/com.google.android.webview-2/base.apk / 1.0 running in com.wallapop rsrc of package null

06-26 15:18:12.948  1621  1705 W ResourcesManager: getTopLevelResources: /data/app/com.google.android.gms-1/base.apk / 1.0 running in com.wallapop rsrc of package null

06-26 15:18:13.038  1621  1780 W System.err: mkdir failed: EEXIST (File exists) : /data/user/0/com.wallapop/cache/WebView/Crash Reports

06-26 15:18:13.078   874  2020 V AlarmManager:  remove PendingIntent] PendingIntent{c23f42d: PendingIntentRecord{4c3f453 com.wallapop broadcastIntent}}

06-26 15:18:27.988  1621  1681 W System.err: remove failed: ENOENT (No such file or directory) : /data/user/0/com.wallapop/files/AppEventsLogger.persistedevents

06-26 15:23:07.248   874  1914 I ActivityManager: Force stopping com.wallapop appid=10265 user=0: from pid 2609

06-26 15:23:07.248   874  1914 I ActivityManager: Killing 1621:com.wallapop/u0a265 (adj 15): stop com.wallapop cause from pid 2609

06-26 15:23:07.258   874  1914 D ActivityManager: isAutoRunBlockedApp:: com.wallapop, Auto Run ON

06-26 15:23:07.268   874   874 V AlarmManager: Remove alarm for next reason : android.intent.action.PACKAGE_RESTARTED : package: com.wallapop

06-26 15:23:07.288 25967 25967 I ClearDataReceiver: [#DCM#] Intent Data: package:com.wallapop

06-26 15:23:07.528   874   894 V WindowManager: addAppToken: AppWindowToken{28015ed token=Token{b65dc04 ActivityRecord{3832017 u0 com.wallapop/com.rewallapop.ui.main.MainActivity t799}}} to stack=1 task=799 at 0

06-26 15:23:07.538   874  1132 D ISSUE_DEBUG: InputChannelName : e846721 Starting com.wallapop

06-26 15:23:07.558   874  1220 I ActivityManager: Start proc 2627:com.wallapop/u0a265 for activity com.wallapop/com.rewallapop.ui.main.MainActivity

06-26 15:23:07.558  2627  2627 W SELinux : SELinux: seapp_context_lookup: seinfo=default, level=s0:c512,c768, pkgname=com.wallapop

06-26 15:23:07.588   874  1132 V WindowStateAnimator: Finishing drawing window Window{e846721 u0 d0 Starting com.wallapop}: mDrawState=DRAW_PENDING

06-26 15:23:07.618   874  1722 D ActivityManager:  Launching com.wallapop, updated priority

06-26 15:23:07.648   874  1028 D StatusBarManagerService: manageDisableList userId=0 what=0x0 pkg=Window{e846721 u0 d0 Starting com.wallapop}

06-26 15:23:07.648   874  1027 V MARsPolicyManager: updatePackagesScore PackageInfo name -- com.wallapop

06-26 15:23:07.658  2627  2627 W ResourcesManager: getTopLevelResources: /data/app/com.wallapop-1/base.apk / 1.0 running in com.wallapop rsrc of package null

06-26 15:23:07.818  2627  2654 W ResourcesManager: getTopLevelResources: /data/app/com.wallapop-1/base.apk / 1.0 running in com.wallapop rsrc of package null

06-26 15:23:07.828  2627  2654 I FA      :   adb shell setprop debug.firebase.analytics.app com.wallapop

06-26 15:23:07.838  2627  2627 W ResourcesManager: getTopLevelResources: /data/app/com.wallapop-1/base.apk / 1.0 running in com.wallapop rsrc of package null

06-26 15:23:07.848   874  1422 V AlarmManager:  remove PendingIntent] PendingIntent{24b3e7e: PendingIntentRecord{a882fdf com.wallapop broadcastIntent}}

06-26 15:23:07.848  2627  2656 W ResourcesManager: getTopLevelResources: /data/app/com.google.android.gms-1/base.apk / 1.0 running in com.wallapop rsrc of package null

06-26 15:23:07.848  2627  2663 W ResourcesManager: getTopLevelResources: /data/app/com.google.android.gms-1/base.apk / 1.0 running in com.wallapop rsrc of package null

06-26 15:23:07.848  2627  2627 W ResourcesManager: getTopLevelResources: /data/app/com.wallapop-1/base.apk / 1.0 running in com.wallapop rsrc of package null

06-26 15:23:07.858  2627  2627 W ResourcesManager: getTopLevelResources: /data/app/com.wallapop-1/base.apk / 1.0 running in com.wallapop rsrc of package null

06-26 15:23:07.858  2627  2665 W System.err: remove failed: ENOENT (No such file or directory) : /data/user/0/com.wallapop/files/AppEventsLogger.persistedevents

06-26 15:23:08.228  2627  2627 W System.err: mkdir failed: EEXIST (File exists) : /data/user/0/com.wallapop/cache/okhttp

06-26 15:23:09.248  2627  2695 I stetho  : Listening on @stetho_com.wallapop_devtools_remote

06-26 15:23:09.258  2627  2627 I art     : Rejecting re-init on previously-failed class java.lang.Class<com.wallapop.clickstream.JobIntentService$f>

06-26 15:23:09.258  2627  2627 I art     : Rejecting re-init on previously-failed class java.lang.Class<com.wallapop.clickstream.JobIntentService$f>

06-26 15:23:09.368  2627  2627 W ResourcesManager: getTopLevelResources: /data/app/com.google.android.gms-1/base.apk / 1.0 running in com.wallapop rsrc of package null

06-26 15:23:09.438  2627  2627 W ResourcesManager: getTopLevelResources: /data/app/com.google.android.gms-1/base.apk / 1.0 running in com.wallapop rsrc of package null

06-26 15:23:09.458  2627  2627 W ResourcesManager: getTopLevelResources: /data/data/com.google.android.gms/app_chimera/m/00000034/dl-AdsFdrDynamite.integ_20290000008.apk / 1.0 running in com.wallapop rsrc of package null

06-26 15:23:09.468  2627  2627 W ResourcesManager: getTopLevelResources: /data/data/com.google.android.gms/app_chimera/m/00000034/dl-AdsFdrDynamite.integ_20290000008.apk / 1.0 running in com.wallapop rsrc of package null

06-26 15:23:09.478  2627  2698 W System.err: remove failed: ENOENT (No such file or directory) : /data/user/0/com.wallapop/files/tfidf.db

06-26 15:23:09.498  2627  2698 W System.err: remove failed: ENOENT (No such file or directory) : /data/user/0/com.wallapop/databases/__hs__db_error_reports

06-26 15:23:09.498  2627  2698 W System.err: remove failed: ENOENT (No such file or directory) : /data/user/0/com.wallapop/databases/__hs__db_error_reports-journal

06-26 15:23:09.498  2627  2698 W System.err: remove failed: ENOENT (No such file or directory) : /data/user/0/com.wallapop/databases/__hs__db_error_reports-shm

06-26 15:23:09.498  2627  2698 W System.err: remove failed: ENOENT (No such file or directory) : /data/user/0/com.wallapop/databases/__hs__db_error_reports-wal

06-26 15:23:09.598  2627  2627 W ResourcesManager: getTopLevelResources: /data/app/com.google.android.webview-2/base.apk / 1.0 running in com.wallapop rsrc of package null

06-26 15:23:12.168  2627  2800 W ResourcesManager: getTopLevelResources: /data/app/com.google.android.gms-1/base.apk / 1.0 running in com.wallapop rsrc of package null

06-26 15:23:12.238   874  1913 V AlarmManager:  remove PendingIntent] PendingIntent{47ab91c: PendingIntentRecord{4c3f453 com.wallapop broadcastIntent}}

06-26 15:23:12.238  2627  2627 W ResourcesManager: getTopLevelResources: /data/app/com.wallapop-1/base.apk / 1.0 running in com.wallapop rsrc of package null

06-26 15:23:12.248  2627  2627 W ResourcesManager: getTopLevelResources: /data/app/com.wallapop-1/base.apk / 1.0 running in com.wallapop rsrc of package null

06-26 15:23:12.518   874  1914 V AlarmManager:  remove PendingIntent] PendingIntent{3084b08: PendingIntentRecord{f7871c1 com.wallapop broadcastIntent}}

06-26 15:23:12.548   874  4874 D LocationManagerService: request 5376d66 passive Request[POWER_NONE passive fastest=0 num=1] from com.wallapop(10265)

06-26 15:23:12.638  2627  2627 W System.err: remove failed: ENOENT (No such file or directory) : /data/user/0/com.wallapop/cache/okhttp/journal.tmp

06-26 15:23:12.668  2627  2627 I Timeline: Timeline: Activity_launch_request id:com.wallapop time:9990699

06-26 15:23:12.688   874  1722 V WindowManager: addAppToken: AppWindowToken{ed27223 token=Token{98fcf52 ActivityRecord{3c6b7dd u0 com.wallapop/com.rewallapop.ui.wall.WallActivity t799}}} to stack=1 task=799 at 1

06-26 15:23:12.688   874  1028 D StatusBarManagerService: manageDisableList userId=0 what=0x0 pkg=Window{e846721 u0 d0 Starting com.wallapop}

06-26 15:23:12.738  2627  2682 W ResourcesManager: getTopLevelResources: /data/app/com.google.android.gms-1/base.apk / 1.0 running in com.wallapop rsrc of package null

06-26 15:23:12.868   874  1027 D ApplicationPolicy: isStatusBarNotificationAllowedAsUser: packageName = com.wallapop,userId = 0

06-26 15:23:12.868   874   874 D MARsPolicyManager: NotificationListenerService OngoingNotificationPosted : com.wallapop

06-26 15:23:12.878  1391  1391 W ResourcesManager: getTopLevelResources: /data/app/com.wallapop-1/base.apk / 1.0 running in com.android.systemui rsrc of package null

06-26 15:23:12.888   874  1027 V MARsPolicyManager: updatePackagesScore PackageInfo name -- com.wallapop

06-26 15:23:12.898  1391  1391 W ResourcesManager: getTopLevelResources: /data/app/com.wallapop-1/base.apk / 1.0 running in com.android.systemui rsrc of package null

06-26 15:23:12.908  2627  2627 W ResourcesManager: getTopLevelResources: /data/app/com.wallapop-1/base.apk / 1.0 running in com.wallapop rsrc of package null

06-26 15:23:12.908  2627  2627 W ResourcesManager: getTopLevelResources: /data/app/com.wallapop-1/base.apk / 1.0 running in com.wallapop rsrc of package null

06-26 15:23:12.918  1391  1391 W ResourcesManager: getTopLevelResources: /data/app/com.wallapop-1/base.apk / 1.0 running in com.android.systemui rsrc of package null

06-26 15:23:12.938  1391  1391 W ResourcesManager: getTopLevelResources: /data/app/com.wallapop-1/base.apk / 1.0 running in com.android.systemui rsrc of package null

06-26 15:23:12.988   874  1913 V AlarmManager:  remove PendingIntent] PendingIntent{eeca14c: PendingIntentRecord{f7871c1 com.wallapop broadcastIntent}}

06-26 15:23:13.038  2627  2749 W System.err: mkdir failed: EEXIST (File exists) : /data/user/0/com.wallapop/cache/WebView/Crash Reports

06-26 15:23:13.488  2627  2893 W ResourcesManager: getTopLevelResources: /data/app/com.google.android.gms-1/base.apk / 1.0 running in com.wallapop rsrc of package null

06-26 15:23:13.528  2627  2665 W System.err: remove failed: ENOENT (No such file or directory) : /data/user/0/com.wallapop/files/AppEventsLogger.persistedevents

06-26 15:23:13.578   874  1723 D ISSUE_DEBUG: InputChannelName : b170180 com.wallapop/com.rewallapop.ui.wall.WallActivity

06-26 15:23:13.598 21819 24783 I Finsky  : [2763] eth.b(2): com.wallapop: Account determined from installer data - [E7ZhE6RtwBr6ZrivWaTWep8klQM]

06-26 15:23:13.598 21819 24783 I Finsky  : [2763] eth.b(9): com.wallapop: Account from preferred account - [E7ZhE6RtwBr6ZrivWaTWep8klQM]

06-26 15:23:13.598 21819 24782 I Finsky  : [2762] eth.b(2): com.wallapop: Account determined from installer data - [E7ZhE6RtwBr6ZrivWaTWep8klQM]

06-26 15:23:13.598 21819 24782 I Finsky  : [2762] eth.b(9): com.wallapop: Account from preferred account - [E7ZhE6RtwBr6ZrivWaTWep8klQM]

06-26 15:23:13.638  2627  2893 D Amazon DTB Ads API: with json params:[{"adsdk":"aps-android-7.4.3","gdpr":{"e":"1","c":"BAAAAAAOa0ob7AcABBENBtAAAAAh6AAA"},"oo":"false","mraid":["1.0","2.0","3.0"],"ua":"Dalvik\/2.1.0 (Linux; U; Android 6.0.1; SM-G900F Build\/MMB29M)","geoloc":"41.4058676,2.1864555,16.832","idfa":"1e214c05-ac1e-4c82-ae75-fb207f9c9c8a","appId":"d2ba46e2d5ef4c9883051d9c8d0125d5","ad-id":"A-6j1GeULkCtsqbiEmqTO1M","slots":[{"sz":"320x50","slot":"f414d83c-ab9f-4e02-9c59-5137663ee6c7","slotId":1,"supportedMediaTypes":["DISPLAY"]}],"dinfo":{"os":"Android","model":"SM-G900F","make":"samsung","osVersion":"6.0.1","connectionType":"Wifi","country":"ES","scalingFactor":"3.0","carrier":"JAZZTEL","language":"es","screenSize":"1080x1920","orientation":"portrait"},"pkg":{"lbl":"_Wallapop_","pn":"com.wallapop","v":"1760000","vn":"1.76.0-d1906251551"},"isDTBMobile":"true"}]

06-26 15:23:13.798   874  1028 D StatusBarManagerService: manageDisableList userId=0 what=0x0 pkg=Window{b170180 u0 d0 com.wallapop/com.rewallapop.ui.wall.WallActivity}

06-26 15:23:14.028 21819 21829 I Finsky  : [2684] eth.b(2): com.wallapop: Account determined from installer data - [E7ZhE6RtwBr6ZrivWaTWep8klQM]

06-26 15:23:14.038 21819 21829 I Finsky  : [2684] eth.b(9): com.wallapop: Account from preferred account - [E7ZhE6RtwBr6ZrivWaTWep8klQM]

06-26 15:23:14.058 21819 24782 I Finsky  : [2762] eth.b(2): com.wallapop: Account determined from installer data - [E7ZhE6RtwBr6ZrivWaTWep8klQM]

06-26 15:23:14.058 21819 24782 I Finsky  : [2762] eth.b(9): com.wallapop: Account from preferred account - [E7ZhE6RtwBr6ZrivWaTWep8klQM]

06-26 15:23:14.098 21819 24783 I Finsky  : [2763] eth.b(2): com.wallapop: Account determined from installer data - [E7ZhE6RtwBr6ZrivWaTWep8klQM]

06-26 15:23:14.098 21819 24783 I Finsky  : [2763] eth.b(9): com.wallapop: Account from preferred account - [E7ZhE6RtwBr6ZrivWaTWep8klQM]

06-26 15:23:14.108 21819 21830 I Finsky  : [2685] eth.b(2): com.wallapop: Account determined from installer data - [E7ZhE6RtwBr6ZrivWaTWep8klQM]

06-26 15:23:14.108 21819 21830 I Finsky  : [2685] eth.b(9): com.wallapop: Account from preferred account - [E7ZhE6RtwBr6ZrivWaTWep8klQM]

06-26 15:23:14.138   874  1422 V WindowStateAnimator: Finishing drawing window Window{b170180 u0 d0 com.wallapop/com.rewallapop.ui.wall.WallActivity}: mDrawState=DRAW_PENDING

06-26 15:23:14.148   874  1132 I ActivityManager: Displayed com.wallapop/com.rewallapop.ui.wall.WallActivity: +1s270ms (total +5m6s154ms)

06-26 15:23:14.148   874  1132 I Timeline: Timeline: Activity_windows_visible id: ActivityRecord{3c6b7dd u0 com.wallapop/com.rewallapop.ui.wall.WallActivity t799} time:9992177

06-26 15:23:14.268   874  2020 V WindowStateAnimator: Finishing drawing window Window{b170180 u0 d0 com.wallapop/com.rewallapop.ui.wall.WallActivity}: mDrawState=HAS_DRAWN

06-26 15:23:14.298 21819 21829 I Finsky  : [2684] eth.b(2): com.wallapop: Account determined from installer data - [E7ZhE6RtwBr6ZrivWaTWep8klQM]

06-26 15:23:14.298 21819 21829 I Finsky  : [2684] eth.b(9): com.wallapop: Account from preferred account - [E7ZhE6RtwBr6ZrivWaTWep8klQM]

06-26 15:23:14.318   874  3012 I AppOps  : sendInfoToFLP, code=41 , uid=10265 , packageName=com.wallapop , type=startOp

06-26 15:23:14.328  2627  2627 W ResourcesManager: getTopLevelResources: /data/app/com.google.android.gms-1/base.apk / 1.0 running in com.wallapop rsrc of package null

06-26 15:23:14.498  2627  2941 W ResourcesManager: getTopLevelResources: /data/data/com.google.android.gms/app_chimera/m/00000034/dl-AdsFdrDynamite.integ_20290000008.apk / 1.0 running in com.wallapop rsrc of package null

06-26 15:23:14.638 21819 24782 I Finsky  : [2762] eth.b(2): com.wallapop: Account determined from installer data - [E7ZhE6RtwBr6ZrivWaTWep8klQM]

06-26 15:23:14.638 21819 24782 I Finsky  : [2762] eth.b(9): com.wallapop: Account from preferred account - [E7ZhE6RtwBr6ZrivWaTWep8klQM]

06-26 15:23:14.648 21819 24783 I Finsky  : [2763] eth.b(2): com.wallapop: Account determined from installer data - [E7ZhE6RtwBr6ZrivWaTWep8klQM]

06-26 15:23:14.648 21819 24783 I Finsky  : [2763] eth.b(9): com.wallapop: Account from preferred account - [E7ZhE6RtwBr6ZrivWaTWep8klQM]

06-26 15:23:15.578  2627  2627 W View    : requestLayout() improperly called by com.wallapop.design.view.WallapopTextView{575f06d V.ED..... ......ID 54,30-54,92 #7f0a08d7 app:id/wp__home__tv_bubble} during layout: running second layout pass

06-26 15:23:16.298  2627  2665 W System.err: remove failed: ENOENT (No such file or directory) : /data/user/0/com.wallapop/files/AppEventsLogger.persistedevents

06-26 15:23:16.728  2627  3051 W ResourcesManager: getTopLevelResources: /data/app/com.google.android.gms-1/base.apk / 1.0 running in com.wallapop rsrc of package null

06-26 15:23:17.488  2627  3051 W ResourcesManager: getTopLevelResources: /data/app/com.google.android.gms-1/base.apk / 1.0 running in com.wallapop rsrc of package null

06-26 15:23:18.518  2627  3069 W ResourcesManager: getTopLevelResources: /data/app/com.google.android.gms-1/base.apk / 1.0 running in com.wallapop rsrc of package null


