11-14 09:34:05.802  4211  4228 D WindowManager: setSystemUiVisibility: vis= 0xa518, fullscreenVis= 0x2000, dockedVis= 0x0, win=Window{abcfe52 u0 com.wallapop/com.rewallapop.ui.wall.WallActivity}

11-14 09:34:05.803  4211  4242 D WindowManager: reportFocusChangedSerialized, focused=true, inTouchMode=true, win=Window{abcfe52 u0 com.wallapop/com.rewallapop.ui.wall.WallActivity}

11-14 09:34:05.909 18995 20265 I Finsky  : [9260] fxs.d(3): com.wallapop: Account determined from installer data - [rJj4Md76H4LxoN-B4dnoZM7XaXDDBcXGlC-caOCi6Uc]

11-14 09:34:05.909 18995 20265 I Finsky  : [9260] fxs.d(14): com.wallapop: Account from preferred account - [rJj4Md76H4LxoN-B4dnoZM7XaXDDBcXGlC-caOCi6Uc]

11-14 09:34:06.028 18995 20265 I Finsky  : [9260] fxs.d(3): com.wallapop: Account determined from installer data - [rJj4Md76H4LxoN-B4dnoZM7XaXDDBcXGlC-caOCi6Uc]

11-14 09:34:06.029 18995 20265 I Finsky  : [9260] fxs.d(14): com.wallapop: Account from preferred account - [rJj4Md76H4LxoN-B4dnoZM7XaXDDBcXGlC-caOCi6Uc]

11-14 09:34:06.156  4211  5505 D WindowManager: finishDrawingWindow: Window{abcfe52 u0 com.wallapop/com.rewallapop.ui.wall.WallActivity} mDrawState=DRAW_PENDING

11-14 09:34:06.159  4211  4310 I WindowManager: commitFinishDrawingLocked: mDrawState=READY_TO_SHOW Surface(name=com.wallapop/com.rewallapop.ui.wall.WallActivity[31621])/@0x37f52fe

11-14 09:34:06.159  4211  4310 V WindowManager: Resize reasons for w=Window{abcfe52 u0 com.wallapop/com.rewallapop.ui.wall.WallActivity}:  contentInsetsChanged=false [0,63][0,126] visibleInsetsChanged=false [0,63][0,126] stableInsetsChanged=false [0,63][0,126] outsetsChanged=false [0,0][0,0] surfaceResized=false configChanged=false dragResizingChanged=false reportOrientationChanged=false displayCutoutChanged=false nextForceRelayoutToClient=false

11-14 09:34:06.165  4211  4310 I WindowManager: commitFinishDrawingLocked: mDrawState=READY_TO_SHOW Surface(name=com.wallapop/com.rewallapop.ui.wall.WallActivity[31621])/@0x37f52fe

11-14 09:34:06.165  4211  4310 I WindowManager: Cancelling animation restarting=false, leash=null, surface=Surface(name=abcfe52 com.wallapop/com.rewallapop.ui.wall.WallActivity)/@0xbbdecac, parent=Surface(name=AppWindowToken{7e4b11d token=Token{c3c25f4 ActivityRecord{c5d9bc7 u0 com.wallapop/com.rewallapop.ui.wall.WallActivity t2160}}})/@0x7025d75

11-14 09:34:06.166  4211  4310 V WindowManager: performShowLocked: mDrawState=HAS_DRAWN in Window{abcfe52 u0 com.wallapop/com.rewallapop.ui.wall.WallActivity}

11-14 09:34:06.186  3727  3727 I SurfaceFlinger:      Device | 0x70dda1f300 | 0002 | RGBA_8888 |   0.0    0.0 1080.0 2220.0 |    0    0 1080 2220 | com.wallapop/com.rewallapop.ui.wall.WallActivity[31621]#0

11-14 09:34:06.186  3727  3727 I SurfaceFlinger:      Device | 0x70dda1fcc0 | 0000 | RGBA_8888 |   0.0    0.0 1080.0 2220.0 |    0    0 1080 2220 | Splash Screen com.wallapop#0

11-14 09:34:06.188  4211  4242 I ActivityManager: Displayed com.wallapop/com.rewallapop.ui.wall.WallActivity: +2s652ms (total +11s301ms)

11-14 09:34:06.190  4211  4310 V WindowManager: Remove Window{f94c6b u0 Splash Screen com.wallapop}: mSurfaceController=Surface(name=Splash Screen com.wallapop)/@0xa86cd9d mAnimatingExit=false mRemoveOnExit=false mHasSurface=true surfaceShowing=true isAnimationSet=false app-animation=false mWillReplaceWindow=false inPendingTransaction=false mDisplayFrozen=false callers=com.android.server.wm.WindowState.removeIfPossible:2764 com.android.server.wm.WindowManagerService.removeWindow:1943 com.android.server.wm.Session.remove:268 android.view.ViewRootImpl.dispatchDetachedFromWindow:4565 android.view.ViewRootImpl.doDie:7996 android.view.ViewRootImpl$ViewRootHandler.handleMessage:4987

11-14 09:34:06.191  4211  4310 I WindowManager: Cancelling animation restarting=true, leash=null, surface=Surface(name=f94c6b Splash Screen com.wallapop)/@0x3c46f92, parent=Surface(name=AppWindowToken{7e4b11d token=Token{c3c25f4 ActivityRecord{c5d9bc7 u0 com.wallapop/com.rewallapop.ui.wall.WallActivity t2160}}})/@0x7025d75

11-14 09:34:06.192  4211  4310 I WindowManager: Reparenting to leash, surface=Surface(name=f94c6b Splash Screen com.wallapop)/@0x3c46f92

11-14 09:34:06.197  3727  3727 I SurfaceFlinger: id=25911 createSurf (4440x4440),2 flag=4, Surface(name=f94c6b Splash Screen com.wallapop)/@0x3c46f92 - animation-leash#0

11-14 09:34:06.203  4211  4310 D WindowManager: makeSurface duration=11 leash=Surface(name=Surface(name=f94c6b Splash Screen com.wallapop)/@0x3c46f92 - animation-leash)/@0xe16cd7b

11-14 09:34:06.203  4211  4310 D SurfaceControl: reparent is called, sc=Surface(name=f94c6b Splash Screen com.wallapop)/@0x3c46f92, newParentHandle=android.os.BinderProxy@a732798, transaction=android.view.SurfaceControl$Transaction@8efad60

11-14 09:34:06.208  3727  3964 D Layer   : [f94c6b Splash Screen com.wallapop#0]::reparent oldParent:[AppWindowToken{7e4b11d token=Token{c3c25f4 ActivityRecord{c5d9bc7 u0 com.wallapop/com.rewallapop.ui.wall.WallActivity t2160}}}#0], newParent:[Surface(name=f94c6b Splash Screen com.wallapop)/@0x3c46f92 - animation-leash#0]

11-14 09:34:06.242 18995 19018 I Finsky  : [9172] fxs.d(3): com.wallapop: Account determined from installer data - [rJj4Md76H4LxoN-B4dnoZM7XaXDDBcXGlC-caOCi6Uc]

11-14 09:34:06.244 18995 19018 I Finsky  : [9172] fxs.d(14): com.wallapop: Account from preferred account - [rJj4Md76H4LxoN-B4dnoZM7XaXDDBcXGlC-caOCi6Uc]

11-14 09:34:06.308 31621 31621 V InputMethodManager: Starting input: tba=com.wallapop ic=null mNaviBarColor -1 mIsGetNaviBarColorSuccess true , NavVisible : true , NavTrans : false

11-14 09:34:06.312  4211  4494 V InputMethodManagerService: windowGainedFocus : reason=WINDOW_FOCUS_GAIN client=android.os.BinderProxy@902e6b4 inputContext=null missingMethods= attribute=android.view.inputmethod.EditorInfo@d354762 nm = com.wallapop controlFlags=#104 softInputMode=#110 windowFlags=#81810100

11-14 09:34:06.373  4211  4310 I WindowManager: reset, Reparenting to original parent, shouldDeferScheduleAnimation=false, destroyLeash=true, surface=Surface(name=f94c6b Splash Screen com.wallapop)/@0x3c46f92, parent=Surface(name=AppWindowToken{7e4b11d token=Token{c3c25f4 ActivityRecord{c5d9bc7 u0 com.wallapop/com.rewallapop.ui.wall.WallActivity t2160}}})/@0x7025d75, parentNativeHandle=android.os.BinderProxy@18e2d63, caller=com.android.server.wm.SurfaceAnimator.lambda$getFinishedCallback$0:97 com.android.server.wm.-$$Lambda$SurfaceAnimator$SIBia0mND666K8lMCPsoid8pUTI.run:4 com.android.server.wm.SurfaceAnimator.lambda$getFinishedCallback$1:104 com.android.server.wm.-$$Lambda$SurfaceAnimator$vdRZk66hQVbQCvVXEaQCT1kVmFc.onAnimationFinished:4 com.android.server.wm.LocalAnimationAdapter.lambda$startAnimation$0:74

11-14 09:34:06.374  4211  4310 D SurfaceControl: reparent is called, sc=Surface(name=f94c6b Splash Screen com.wallapop)/@0x3c46f92, newParentHandle=android.os.BinderProxy@18e2d63, transaction=android.view.SurfaceControl$Transaction@8efad60

11-14 09:34:06.374  4211  4310 D SurfaceControl: destroy(transaction), animation-leash is destroyed, sc=Surface(name=Surface(name=f94c6b Splash Screen com.wallapop)/@0x3c46f92 - animation-leash)/@0xe16cd7b, transaction=android.view.SurfaceControl$Transaction@8efad60, caller=com.android.server.wm.SurfaceAnimator.reset:338 com.android.server.wm.SurfaceAnimator.lambda$getFinishedCallback$0:97 com.android.server.wm.-$$Lambda$SurfaceAnimator$SIBia0mND666K8lMCPsoid8pUTI.run:4 com.android.server.wm.SurfaceAnimator.lambda$getFinishedCallback$1:104 com.android.server.wm.-$$Lambda$SurfaceAnimator$vdRZk66hQVbQCvVXEaQCT1kVmFc.onAnimationFinished:4 com.android.server.wm.LocalAnimationAdapter.lambda$startAnimation$0:74 com.android.server.wm.-$$Lambda$LocalAnimationAdapter$X--EomqUvw4qy89IeeTFTH7aCMo.run:4

11-14 09:34:06.375  4211  4310 E WindowManager: win=Window{f94c6b u0 Splash Screen com.wallapop EXITING} destroySurfaces: appStopped=false win.mWindowRemovalAllowed=true win.mRemoveOnExit=true win.mViewVisibility=0 caller=com.android.server.wm.AppWindowToken.destroySurfaces:870 com.android.server.wm.AppWindowToken.destroySurfaces:851 com.android.server.wm.WindowState.onExitAnimationDone:5436 com.android.server.wm.WindowStateAnimator.onAnimationFinished:319 com.android.server.wm.WindowState.onAnimationFinished:5858 com.android.server.wm.-$$Lambda$yVRF8YoeNdTa8GR1wDStVsHu8xM.run:2 com.android.server.wm.SurfaceAnimator.lambda$getFinishedCallback$0:100

11-14 09:34:06.375  4211  4310 I WindowManager: Destroying surface Surface(name=Splash Screen com.wallapop)/@0xa86cd9d called by com.android.server.wm.WindowStateAnimator.destroySurface:1901 com.android.server.wm.WindowStateAnimator.destroySurfaceLocked:838 com.android.server.wm.WindowState.destroySurfaceUnchecked:3839 com.android.server.wm.WindowState.destroySurface:3820 com.android.server.wm.AppWindowToken.destroySurfaces:870 com.android.server.wm.AppWindowToken.destroySurfaces:851 com.android.server.wm.WindowState.onExitAnimationDone:5436 com.android.server.wm.WindowStateAnimator.onAnimationFinished:319

11-14 09:34:06.379  3727  3964 I SurfaceFlinger: id=25904 Removed Splash Screen com.wallapop#0 (0/61)

11-14 09:34:06.385  3727  5386 W SurfaceFlinger: Attempting to set client state on removed layer: Splash Screen com.wallapop#0 [s.what : 40]

11-14 09:34:06.385  3727  5386 D Layer   : [f94c6b Splash Screen com.wallapop#0]::reparent oldParent:[Surface(name=f94c6b Splash Screen com.wallapop)/@0x3c46f92 - animation-leash#0], newParent:[AppWindowToken{7e4b11d token=Token{c3c25f4 ActivityRecord{c5d9bc7 u0 com.wallapop/com.rewallapop.ui.wall.WallActivity t2160}}}#0]

11-14 09:34:06.385  3727  5386 I SurfaceFlinger: id=25911 Removed Surface(name=f94c6b Splash Screen com.wallapop)/@0x3c46f92 - animation-leash#0 (2/60)

11-14 09:34:06.386  3727  5386 W SurfaceFlinger: Attempting to destroy on removed layer: Splash Screen com.wallapop#0

11-14 09:34:06.386  3727  5386 I SurfaceFlinger: id=25903 Removed f94c6b Splash Screen com.wallapop#0 (1/59)

11-14 09:34:06.388  3727  3727 I Layer   : id=25904 onRemoved Splash Screen com.wallapop#0

11-14 09:34:06.392  3727  3727 I Layer   : id=25903 onRemoved f94c6b Splash Screen com.wallapop#0

11-14 09:34:06.392  3727  3727 I Layer   : id=25911 onRemoved Surface(name=f94c6b Splash Screen com.wallapop)/@0x3c46f92 - animation-leash#0

11-14 09:34:06.395 31621 31621 V InputMethodManager: Starting input: tba=com.wallapop ic=null mNaviBarColor -1 mIsGetNaviBarColorSuccess true , NavVisible : true , NavTrans : false

11-14 09:34:06.398  3727  3727 I SurfaceFlinger:      Device | 0x70ddb920c0 | 0002 | RGBA_8888 |   0.0    0.0 1080.0 2220.0 |    0    0 1080 2220 | com.wallapop/com.rewallapop.ui.wall.WallActivity[31621]#0

11-14 09:34:06.465 18995 19018 I Finsky  : [9172] fxs.d(3): com.wallapop: Account determined from installer data - [rJj4Md76H4LxoN-B4dnoZM7XaXDDBcXGlC-caOCi6Uc]

11-14 09:34:06.466 18995 19018 I Finsky  : [9172] fxs.d(14): com.wallapop: Account from preferred account - [rJj4Md76H4LxoN-B4dnoZM7XaXDDBcXGlC-caOCi6Uc]

11-14 09:34:06.601  4211  5505 I WindowManager: Cancelling animation restarting=false, leash=null, surface=Surface(name=AppWindowToken{a9e78d6 token=Token{c8fc4f1 ActivityRecord{b229498 u0 com.wallapop/com.rewallapop.ui.main.MainActivity t2160}}})/@0x7eb1a36, parent=Surface(name=Task=2160)/@0xcdacd37

11-14 09:34:06.609  3727  5001 I SurfaceFlinger: id=25902 Removed AppWindowToken{a9e78d6 token=Token{c8fc4f1 ActivityRecord{b229498 u0 com.wallapop/com.rewallapop.ui.main.MainActivity t2160}}}#0 (0/58)

11-14 09:34:06.621  3727  3727 I Layer   : id=25902 onRemoved AppWindowToken{a9e78d6 token=Token{c8fc4f1 ActivityRecord{b229498 u0 com.wallapop/com.rewallapop.ui.main.MainActivity t2160}}}#0

11-14 09:34:06.624  4211  4228 D CodecSolution: isMaxAspectPackageEx: com.wallapop : true(2)

11-14 09:34:06.647 18995 19018 I Finsky  : [9172] fxs.d(3): com.wallapop: Account determined from installer data - [rJj4Md76H4LxoN-B4dnoZM7XaXDDBcXGlC-caOCi6Uc]

11-14 09:34:06.647 18995 19018 I Finsky  : [9172] fxs.d(14): com.wallapop: Account from preferred account - [rJj4Md76H4LxoN-B4dnoZM7XaXDDBcXGlC-caOCi6Uc]

11-14 09:34:06.747  4211  4669 D MdnieScenarioControlService:  packageName : com.wallapop    className : com.rewallapop.ui.wall.WallActivity

11-14 09:34:06.760 31621 31633 I com.wallapop: Background concurrent copying GC freed 212528(15MB) AllocSpace objects, 44(2MB) LOS objects, 49% free, 17MB/35MB, paused 527us total 274.228ms

11-14 09:34:06.815 18995 19018 I Finsky  : [9172] fxs.d(3): com.wallapop: Account determined from installer data - [rJj4Md76H4LxoN-B4dnoZM7XaXDDBcXGlC-caOCi6Uc]

11-14 09:34:06.817 18995 19018 I Finsky  : [9172] fxs.d(14): com.wallapop: Account from preferred account - [rJj4Md76H4LxoN-B4dnoZM7XaXDDBcXGlC-caOCi6Uc]

11-14 09:34:06.835 18995 19018 I Finsky  : [9172] fxs.d(3): com.wallapop: Account determined from installer data - [rJj4Md76H4LxoN-B4dnoZM7XaXDDBcXGlC-caOCi6Uc]

11-14 09:34:06.836 18995 19018 I Finsky  : [9172] fxs.d(14): com.wallapop: Account from preferred account - [rJj4Md76H4LxoN-B4dnoZM7XaXDDBcXGlC-caOCi6Uc]

11-14 09:34:07.024 31621 31621 W com.wallapop: Accessing hidden field Landroid/view/View;->mAccessibilityDelegate:Landroid/view/View$AccessibilityDelegate; (light greylist, reflection)

11-14 09:34:07.897 31621 31621 W View    : requestLayout() improperly called by com.wallapop.design.view.WallapopTextView{e0dd8c8 V.ED..... ......ID 47,26-47,86 #7f0a0904 app:id/wp__home__tv_bubble} during layout: running second layout pass

11-14 09:34:09.499  4211  4809 D WifiPermissionsUtil: canAccessScanResults: pkgName = com.wallapop, uid = 10313

11-14 09:34:10.120 31621 31633 I com.wallapop: Background concurrent copying GC freed 200478(11MB) AllocSpace objects, 74(3MB) LOS objects, 49% free, 22MB/44MB, paused 2.078ms total 283.455ms

11-14 09:34:10.180 31621 31912 D Amazon DTB Ads API: with query params:[?dt=android&app=app&dinfo=%7B%22os%22%3A%22Android%22%2C%22model%22%3A%22SM-A750FN%22%2C%22make%22%3A%22samsung%22%2C%22osVersion%22%3A%229%22%2C%22connectionType%22%3A%2213%22%2C%22country%22%3A%22ES%22%2C%22scalingFactor%22%3A%222.625%22%2C%22carrier%22%3A%22JAZZTEL%22%2C%22language%22%3A%22es%22%2C%22screenSize%22%3A%221080x2094%22%2C%22orientation%22%3A%22portrait%22%7D&oo=0&aud=3p&idfa=bf505ce3-e614-4d9a-a4d7-9c324edc6560&appId=d2ba46e2d5ef4c9883051d9c8d0125d5&sdkVer=aps-android-7.4.3&ua=Dalvik%2F2.1.0%20%28Linux%3B%20U%3B%20Android%209%3B%20SM-A750FN%20Build%2FPPR1.180610.011%29&pkg=%7B%22lbl%22%3A%22_Wallapop_%22%2C%22pn%22%3A%22com.wallapop%22%2C%22v%22%3A%221850000%22%2C%22vn%22%3A%221.85.0-d1910251130%22%7D]

11-14 09:34:10.808 31621 31912 D Amazon DTB Ads API: Error while connecting to remote server: https://s.amazon-adsystem.com/api3/generate_did?dt=android&app=app&dinfo=%7B%22os%22%3A%22Android%22%2C%22model%22%3A%22SM-A750FN%22%2C%22make%22%3A%22samsung%22%2C%22osVersion%22%3A%229%22%2C%22connectionType%22%3A%2213%22%2C%22country%22%3A%22ES%22%2C%22scalingFactor%22%3A%222.625%22%2C%22carrier%22%3A%22JAZZTEL%22%2C%22language%22%3A%22es%22%2C%22screenSize%22%3A%221080x2094%22%2C%22orientation%22%3A%22portrait%22%7D&oo=0&aud=3p&idfa=bf505ce3-e614-4d9a-a4d7-9c324edc6560&appId=d2ba46e2d5ef4c9883051d9c8d0125d5&sdkVer=aps-android-7.4.3&ua=Dalvik%2F2.1.0%20%28Linux%3B%20U%3B%20Android%209%3B%20SM-A750FN%20Build%2FPPR1.180610.011%29&pkg=%7B%22lbl%22%3A%22_Wallapop_%22%2C%22pn%22%3A%22com.wallapop%22%2C%22v%22%3A%221850000%22%2C%22vn%22%3A%221.85.0-d1910251130%22%7D with error:Chain validation failed

11-14 09:34:10.811 31621 31912 E Amazon DTB Ads API: 	at com.wallapop.thirdparty.ads.b.a.a(SourceFile:43)

11-14 09:34:10.811 31621 31912 E Amazon DTB Ads API: 	at com.wallapop.thirdparty.ads.b.a$b$1.invokeSuspend(SourceFile:34)

11-14 09:34:10.811 31621 31912 E Amazon DTB Ads API: 	at com.wallapop.thirdparty.ads.b.a$b$1.invoke(Unknown Source:10)

11-14 09:34:10.811 31621 31912 E Amazon DTB Ads API: 	at com.wallapop.thirdparty.ads.b.a$b.invokeSuspend(SourceFile:33)

11-14 09:34:10.953 31621 32153 D Amazon DTB Ads API: with query params:[?dt=android&app=app&dinfo=%7B%22os%22%3A%22Android%22%2C%22model%22%3A%22SM-A750FN%22%2C%22make%22%3A%22samsung%22%2C%22osVersion%22%3A%229%22%2C%22connectionType%22%3A%2213%22%2C%22country%22%3A%22ES%22%2C%22scalingFactor%22%3A%222.625%22%2C%22carrier%22%3A%22JAZZTEL%22%2C%22language%22%3A%22es%22%2C%22screenSize%22%3A%221080x2094%22%2C%22orientation%22%3A%22portrait%22%7D&oo=0&aud=3p&idfa=bf505ce3-e614-4d9a-a4d7-9c324edc6560&appId=d2ba46e2d5ef4c9883051d9c8d0125d5&sdkVer=aps-android-7.4.3&ua=Dalvik%2F2.1.0%20%28Linux%3B%20U%3B%20Android%209%3B%20SM-A750FN%20Build%2FPPR1.180610.011%29&pkg=%7B%22lbl%22%3A%22_Wallapop_%22%2C%22pn%22%3A%22com.wallapop%22%2C%22v%22%3A%221850000%22%2C%22vn%22%3A%221.85.0-d1910251130%22%7D]

11-14 09:34:11.475 31621 32153 D Amazon DTB Ads API: Error while connecting to remote server: https://s.amazon-adsystem.com/api3/generate_did?dt=android&app=app&dinfo=%7B%22os%22%3A%22Android%22%2C%22model%22%3A%22SM-A750FN%22%2C%22make%22%3A%22samsung%22%2C%22osVersion%22%3A%229%22%2C%22connectionType%22%3A%2213%22%2C%22country%22%3A%22ES%22%2C%22scalingFactor%22%3A%222.625%22%2C%22carrier%22%3A%22JAZZTEL%22%2C%22language%22%3A%22es%22%2C%22screenSize%22%3A%221080x2094%22%2C%22orientation%22%3A%22portrait%22%7D&oo=0&aud=3p&idfa=bf505ce3-e614-4d9a-a4d7-9c324edc6560&appId=d2ba46e2d5ef4c9883051d9c8d0125d5&sdkVer=aps-android-7.4.3&ua=Dalvik%2F2.1.0%20%28Linux%3B%20U%3B%20Android%209%3B%20SM-A750FN%20Build%2FPPR1.180610.011%29&pkg=%7B%22lbl%22%3A%22_Wallapop_%22%2C%22pn%22%3A%22com.wallapop%22%2C%22v%22%3A%221850000%22%2C%22vn%22%3A%221.85.0-d1910251130%22%7D with error:Chain validation failed

11-14 09:34:11.511 31621 32153 D Amazon DTB Ads API: with json params:[{"oo":"false","dinfo":{"os":"Android","model":"SM-A750FN","make":"samsung","osVersion":"9","connectionType":"13","country":"ES","scalingFactor":"2.625","carrier":"JAZZTEL","language":"es","screenSize":"1080x2094","orientation":"portrait"},"adsdk":"aps-android-7.4.3","slots":[{"sz":"320x50","slot":"f414d83c-ab9f-4e02-9c59-5137663ee6c7","slotId":1,"supportedMediaTypes":["DISPLAY"]}],"mraid":["1.0","2.0","3.0"],"appId":"d2ba46e2d5ef4c9883051d9c8d0125d5","idfa":"bf505ce3-e614-4d9a-a4d7-9c324edc6560","isDTBMobile":"true","ua":"Dalvik\/2.1.0 (Linux; U; Android 9; SM-A750FN Build\/PPR1.180610.011)","pkg":{"lbl":"_Wallapop_","pn":"com.wallapop","v":"1850000","vn":"1.85.0-d1910251130"},"gdpr":{"e":"1","c":"BOR0xKKOR0xKKABABAENBZ-AAAAfZ7_______9______9uz_Gv_v_f__33e8__9v_l_7_-___u_-33d4-_1vX99yfm1-7ftr3tp_86ues2vHqK9ZoA"}}]

11-14 09:34:12.055 31621 31633 I com.wallapop: Background concurrent copying GC freed 305080(13MB) AllocSpace objects, 136(11MB) LOS objects, 49% free, 22MB/45MB, paused 735us total 199.318ms


