07-08 00:25:47.060  4948  5100 I WindowManager: Focus moving from null to Window{3d7febc u0 com.wallapop/com.wallapop.activities.PreferencesActivity} displayId=0

07-08 00:25:47.060  4948  5100 D WindowManager: w is invisible : b7b7bc1 com.wallapop/com.rewallapop.ui.wall.WallActivity

07-08 00:25:47.060  4948  5100 D WindowManager: w is invisible : 3d7febc com.wallapop/com.wallapop.activities.PreferencesActivity

07-08 00:25:47.060  4948  5100 D WindowManager: windowMattersToAccessibility, check : 3d7febc com.wallapop/com.wallapop.activities.PreferencesActivity

07-08 00:25:47.060  4948  5100 I WindowManager: Gaining focus: Window{3d7febc u0 com.wallapop/com.wallapop.activities.PreferencesActivity}

07-08 00:25:47.067  4948 12966 D WindowManager: w is invisible : b7b7bc1 com.wallapop/com.rewallapop.ui.wall.WallActivity

07-08 00:25:47.067  4948 12966 D WindowManager: w is invisible : 3d7febc com.wallapop/com.wallapop.activities.PreferencesActivity

07-08 00:25:47.067  4948 12966 D WindowManager: windowMattersToAccessibility, check : 3d7febc com.wallapop/com.wallapop.activities.PreferencesActivity

07-08 00:25:47.080  4948 12966 D WindowManager: finishDrawingWindow: Window{3d7febc u0 com.wallapop/com.wallapop.activities.PreferencesActivity} mDrawState=DRAW_PENDING

07-08 00:25:47.082  4948  5101 I WindowManager: Reparenting to leash, surface=Surface(name=AppWindowToken{66d2acd token=Token{ff8b864 ActivityRecord{32031f7 u0 com.wallapop/com.rewallapop.ui.wall.WallActivity t1302}}})/@0xbccfee5

07-08 00:25:47.082  4382  4439 I SurfaceFlinger: id=1391 createSurf (0x0),-1 flag=80004, Surface(name=AppWindowToken{66d2acd token=Token{ff8b864 ActivityRecord{32031f7 u0 com.wallapop/com.rewallapop.ui.wall.WallActivity t1302}}})/@0xbccfee5 - animation-leash#0

07-08 00:25:47.083  4948  5101 D WindowManager: makeSurface duration=1 leash=Surface(name=Surface(name=AppWindowToken{66d2acd token=Token{ff8b864 ActivityRecord{32031f7 u0 com.wallapop/com.rewallapop.ui.wall.WallActivity t1302}}})/@0xbccfee5 - animation-leash)/@0xf276954

07-08 00:25:47.083  4382  4439 I SurfaceFlinger: id=1392 createSurf (0x0),-1 flag=80004, Surface(name=AppWindowToken{66d2acd token=Token{ff8b864 ActivityRecord{32031f7 u0 com.wallapop/com.rewallapop.ui.wall.WallActivity t1302}}})/@0xbccfee5 - animation-bounds#0

07-08 00:25:47.086  4948  5101 I WindowManager: Reparenting to leash, surface=Surface(name=AppWindowToken{335e5d5 token=Token{7a2da8c ActivityRecord{58263bf u0 com.wallapop/.activities.PreferencesActivity t1302}}})/@0xb8ef2b5

07-08 00:25:47.086  4382  4439 I SurfaceFlinger: id=1395 createSurf (0x0),-1 flag=80004, Surface(name=AppWindowToken{335e5d5 token=Token{7a2da8c ActivityRecord{58263bf u0 com.wallapop/.activities.PreferencesActivity t1302}}})/@0xb8ef2b5 - animation-leash#0

07-08 00:25:47.087  4948  5101 D WindowManager: makeSurface duration=1 leash=Surface(name=Surface(name=AppWindowToken{335e5d5 token=Token{7a2da8c ActivityRecord{58263bf u0 com.wallapop/.activities.PreferencesActivity t1302}}})/@0xb8ef2b5 - animation-leash)/@0x6cead4a

07-08 00:25:47.087  4382  4439 I SurfaceFlinger: id=1396 createSurf (0x0),-1 flag=80004, Surface(name=AppWindowToken{335e5d5 token=Token{7a2da8c ActivityRecord{58263bf u0 com.wallapop/.activities.PreferencesActivity t1302}}})/@0xb8ef2b5 - animation-bounds#0

07-08 00:25:47.088  4948  5101 D PkgPredictorService: pkg:com.wallapop activity:com.wallapop.activities.PreferencesActivity thisTime:-1

07-08 00:25:47.091 24802 24802 V InputMethodManager: Starting input: tba=com.wallapop ic=null mNaviBarColor -1 mIsGetNaviBarColorSuccess true , NavVisible : true , NavTrans : false

07-08 00:25:47.111  4382  4382 I SurfaceFlinger:      DEVICE | 0x7afdfc7080 | 0002 | RGBA_8888 |   0.0    1.0 1080.0 2220.0 |    0    0 1080 2220 | com.wallapop/com.rewallapop.ui.wall.WallActivity$_24802#0

07-08 00:25:47.111  4382  4382 I SurfaceFlinger:      DEVICE | 0x7b1b8aed40 | 0002 | RGBA_8888 |   0.0    0.0 1080.0 1701.0 |    0  519 1080 2220 | com.wallapop/com.wallapop.activities.PreferencesActivity$_24802#0

07-08 00:25:47.128  4382  4382 I SurfaceFlinger:      DEVICE | 0x7afdfc7080 | 0002 | RGBA_8888 |   0.0    4.0 1080.0 2220.0 |    0    0 1080 2217 | com.wallapop/com.rewallapop.ui.wall.WallActivity$_24802#0

07-08 00:25:47.128  4382  4382 I SurfaceFlinger:      DEVICE | 0x7b1b8adf80 | 0002 | RGBA_8888 |   0.0    0.0 1080.0 1723.0 |    0  496 1080 2220 | com.wallapop/com.wallapop.activities.PreferencesActivity$_24802#0

07-08 00:25:47.189  4948  5100 D WindowManager: w is invisible : b7b7bc1 com.wallapop/com.rewallapop.ui.wall.WallActivity

07-08 00:25:47.189  4948  5100 D WindowManager: w is invisible : 3d7febc com.wallapop/com.wallapop.activities.PreferencesActivity

07-08 00:25:47.189  4948  5100 D WindowManager: windowMattersToAccessibility, check : 3d7febc com.wallapop/com.wallapop.activities.PreferencesActivity

07-08 00:25:47.317 24802 24846 W com.wallapop: Accessing hidden method Lsun/misc/Unsafe;->getObject(Ljava/lang/Object;J)Ljava/lang/Object; (greylist, linking, allowed)

07-08 00:25:47.317 24802 24846 W com.wallapop: Accessing hidden method Lsun/misc/Unsafe;->putObject(Ljava/lang/Object;JLjava/lang/Object;)V (greylist, linking, allowed)

07-08 00:25:47.318 24802 24846 W com.wallapop: Accessing hidden method Lsun/misc/Unsafe;->getInt(Ljava/lang/Object;J)I (greylist, linking, allowed)

07-08 00:25:47.318 24802 24846 W com.wallapop: Accessing hidden method Lsun/misc/Unsafe;->putInt(Ljava/lang/Object;JI)V (greylist, linking, allowed)

07-08 00:25:47.318 24802 24846 W com.wallapop: Accessing hidden method Lsun/misc/Unsafe;->putLong(Ljava/lang/Object;JJ)V (greylist, linking, allowed)

07-08 00:25:47.318 24802 24905 W com.wallapop: Accessing hidden method Lsun/misc/Unsafe;->putInt(Ljava/lang/Object;JI)V (greylist, linking, allowed)

07-08 00:25:47.376  4948  5101 I WindowManager: Reparenting to original parent: Surface(name=Task=1302)/@0x5edf637, destroyLeash=true, surface=Surface(name=AppWindowToken{66d2acd token=Token{ff8b864 ActivityRecord{32031f7 u0 com.wallapop/com.rewallapop.ui.wall.WallActivity t1302}}})/@0xbccfee5

07-08 00:25:47.376  4948  5101 V WindowManager: Setting visibility of Window{b7b7bc1 u0 com.wallapop/com.rewallapop.ui.wall.WallActivity}: false, caller=com.android.server.wm.WindowContainer.sendAppVisibilityToClients:640 com.android.server.wm.AppWindowToken.setClientHidden:639 com.android.server.wm.AppWindowToken.onAnimationFinished:3839 com.android.server.wm.-$$Lambda$yVRF8YoeNdTa8GR1wDStVsHu8xM.run:2 com.android.server.wm.SurfaceAnimator.lambda$getFinishedCallback$0$SurfaceAnimator:100

07-08 00:25:47.377  4948  5101 I WindowManager: Reparenting to original parent: Surface(name=Task=1302)/@0x5edf637, destroyLeash=true, surface=Surface(name=AppWindowToken{335e5d5 token=Token{7a2da8c ActivityRecord{58263bf u0 com.wallapop/.activities.PreferencesActivity t1302}}})/@0xb8ef2b5

07-08 00:25:47.380  4382  4439 I Layer   : id=1389 removeFromCurrentState 3d7febc com.wallapop/com.wallapop.activities.PreferencesActivity#0 (63)

07-08 00:25:47.380  4382  4439 I Layer   : id=1390 removeFromCurrentState com.wallapop/com.wallapop.activities.PreferencesActivity$_24802#0 (63)

07-08 00:25:47.380  4382  4439 I Layer   : id=1395 removeFromCurrentState Surface(name=AppWindowToken{335e5d5 token=Token{7a2da8c ActivityRecord{58263bf u0 com.wallapop/.activities.PreferencesActivity t1302}}})/@0xb8ef2b5 - animation-leash#0 (63)

07-08 00:25:47.380  4382  4439 I Layer   : id=1388 removeFromCurrentState AppWindowToken{335e5d5 token=Token{7a2da8c ActivityRecord{58263bf u0 com.wallapop/.activities.PreferencesActivity t1302}}}#0 (63)

07-08 00:25:47.380  4382  4439 I Layer   : id=1391 removeFromCurrentState Surface(name=AppWindowToken{66d2acd token=Token{ff8b864 ActivityRecord{32031f7 u0 com.wallapop/com.rewallapop.ui.wall.WallActivity t1302}}})/@0xbccfee5 - animation-leash#0 (63)

07-08 00:25:47.380  4382  4439 I Layer   : id=1392 removeFromCurrentState Surface(name=AppWindowToken{66d2acd token=Token{ff8b864 ActivityRecord{32031f7 u0 com.wallapop/com.rewallapop.ui.wall.WallActivity t1302}}})/@0xbccfee5 - animation-bounds#0 (63)

07-08 00:25:47.380  4382  4439 I Layer   : id=1396 removeFromCurrentState Surface(name=AppWindowToken{335e5d5 token=Token{7a2da8c ActivityRecord{58263bf u0 com.wallapop/.activities.PreferencesActivity t1302}}})/@0xb8ef2b5 - animation-bounds#0 (63)

07-08 00:25:47.381  4382  4440 I SurfaceFlinger: id=1395 Removed Surface(name=AppWindowToken{335e5d5 token=Token{7a2da8c ActivityRecord{58263bf u0 com.wallapop/.activities.PreferencesActivity t1302}}})/@0xb8ef2b5 - animation-leash#0 (63)

07-08 00:25:47.381  4382  5775 I SurfaceFlinger: id=1396 Removed Surface(name=AppWindowToken{335e5d5 token=Token{7a2da8c ActivityRecord{58263bf u0 com.wallapop/.activities.PreferencesActivity t1302}}})/@0xb8ef2b5 - animation-bounds#0 (63)

07-08 00:25:47.381  4382  4439 I SurfaceFlinger: id=1391 Removed Surface(name=AppWindowToken{66d2acd token=Token{ff8b864 ActivityRecord{32031f7 u0 com.wallapop/com.rewallapop.ui.wall.WallActivity t1302}}})/@0xbccfee5 - animation-leash#0 (63)

07-08 00:25:47.381  4382  4439 I SurfaceFlinger: id=1392 Removed Surface(name=AppWindowToken{66d2acd token=Token{ff8b864 ActivityRecord{32031f7 u0 com.wallapop/com.rewallapop.ui.wall.WallActivity t1302}}})/@0xbccfee5 - animation-bounds#0 (63)

07-08 00:25:47.393  4382  4382 I Layer   : id=1392[1] Destroyed Surface(name=AppWindowToken{66d2acd token=Token{ff8b864 ActivityRecord{32031f7 u0 com.wallapop/com.rewallapop.ui.wall.WallActivity t1302}}})/@0xbccfee5 - animation-bounds#0

07-08 00:25:47.393  4382  4382 I Layer   : id=1391[1] Destroyed Surface(name=AppWindowToken{66d2acd token=Token{ff8b864 ActivityRecord{32031f7 u0 com.wallapop/com.rewallapop.ui.wall.WallActivity t1302}}})/@0xbccfee5 - animation-leash#0

07-08 00:25:47.393  4382  4382 I Layer   : id=1396[1] Destroyed Surface(name=AppWindowToken{335e5d5 token=Token{7a2da8c ActivityRecord{58263bf u0 com.wallapop/.activities.PreferencesActivity t1302}}})/@0xb8ef2b5 - animation-bounds#0

07-08 00:25:47.393  4382  4382 I Layer   : id=1395[1] Destroyed Surface(name=AppWindowToken{335e5d5 token=Token{7a2da8c ActivityRecord{58263bf u0 com.wallapop/.activities.PreferencesActivity t1302}}})/@0xb8ef2b5 - animation-leash#0

07-08 00:25:47.395  4382  4382 I SurfaceFlinger:      DEVICE | 0x7b1b8aed40 | 0002 | RGBA_8888 |   0.0    0.0 1080.0 2220.0 |    0    0 1080 2220 | com.wallapop/com.wallapop.activities.PreferencesActivity$_24802#0

07-08 00:25:47.396  4382  5775 E BufferQueueProducer: [com.wallapop/com.rewallapop.ui.wall.WallActivity$_24802#0] disconnect: not connected (req=1)

07-08 00:25:47.397  4948 12966 V WindowManager: Relayout Window{b7b7bc1 u0 com.wallapop/com.rewallapop.ui.wall.WallActivity}: viewVisibility=8 req=1080x2220

07-08 00:25:47.407 24802 25209 W com.wallapop: Accessing hidden method Lsun/misc/Unsafe;->compareAndSwapObject(Ljava/lang/Object;JLjava/lang/Object;Ljava/lang/Object;)Z (greylist, linking, allowed)

07-08 00:25:47.412 12945 12986 E RequestManager_FLP: [FusedLocationApi] Location remove 7059b38 from com.wallapop

07-08 00:25:47.421 24802 25227 W com.wallapop: Accessing hidden method Lsun/misc/Unsafe;->compareAndSwapObject(Ljava/lang/Object;JLjava/lang/Object;Ljava/lang/Object;)Z (greylist, linking, allowed)

07-08 00:25:47.428 24802 25227 W com.wallapop: Accessing hidden method Lsun/misc/Unsafe;->compareAndSwapObject(Ljava/lang/Object;JLjava/lang/Object;Ljava/lang/Object;)Z (greylist, linking, allowed)

07-08 00:25:47.431 24802 25209 W com.wallapop: Accessing hidden method Lsun/misc/Unsafe;->compareAndSwapObject(Ljava/lang/Object;JLjava/lang/Object;Ljava/lang/Object;)Z (greylist, linking, allowed)

07-08 00:25:47.432  4948 15039 V WindowManager: Relayout Window{b7b7bc1 u0 com.wallapop/com.rewallapop.ui.wall.WallActivity}: viewVisibility=8 req=1080x2220

07-08 00:25:47.439  4948 15039 E WindowManager: win=Window{b7b7bc1 u0 com.wallapop/com.rewallapop.ui.wall.WallActivity} destroySurfaces: appStopped=true win.mWindowRemovalAllowed=false win.mRemoveOnExit=false win.mViewVisibility=8 caller=com.android.server.wm.AppWindowToken.destroySurfaces:1234 com.android.server.wm.AppWindowToken.destroySurfaces:1215 com.android.server.wm.AppWindowToken.notifyAppStopped:1270 com.android.server.wm.ActivityRecord.activityStoppedLocked:2653 com.android.server.wm.ActivityTaskManagerService.activityStopped:2483 android.app.IActivityTaskManager$Stub.onTransact:2224 android.os.Binder.execTransactInternal:1056

07-08 00:25:47.439  4948 15039 I WindowManager: Destroying surface Surface(name=com.wallapop/com.rewallapop.ui.wall.WallActivity$_24802)/@0x8ddd4e called by com.android.server.wm.WindowStateAnimator.destroySurface:1790 com.android.server.wm.WindowStateAnimator.destroySurfaceLocked:720 com.android.server.wm.WindowState.destroySurfaceUnchecked:3540 com.android.server.wm.WindowState.destroySurface:3514 com.android.server.wm.AppWindowToken.destroySurfaces:1234 com.android.server.wm.AppWindowToken.destroySurfaces:1215 com.android.server.wm.AppWindowToken.notifyAppStopped:1270 com.android.server.wm.ActivityRecord.activityStoppedLocked:2653

07-08 00:25:47.439  4382  5775 I Layer   : id=1386 removeFromCurrentState com.wallapop/com.rewallapop.ui.wall.WallActivity$_24802#0 (57)

07-08 00:25:47.444  4382  5775 I SurfaceFlinger: id=1386 Removed com.wallapop/com.rewallapop.ui.wall.WallActivity$_24802#0 (57)

07-08 00:25:47.460  4382  4382 I Layer   : id=1386[1] Destroyed com.wallapop/com.rewallapop.ui.wall.WallActivity$_24802#0

07-08 00:25:47.477  4948  5100 D WindowManager: w is invisible : b7b7bc1 com.wallapop/com.rewallapop.ui.wall.WallActivity

07-08 00:25:47.477  4948  5100 D WindowManager: w is invisible : b7b7bc1 com.wallapop/com.rewallapop.ui.wall.WallActivity

07-08 00:25:47.477  4948  5100 D WindowManager: w is invisible : 3d7febc com.wallapop/com.wallapop.activities.PreferencesActivity

07-08 00:25:47.477  4948  5100 D WindowManager: windowMattersToAccessibility, check : 3d7febc com.wallapop/com.wallapop.activities.PreferencesActivity

07-08 00:25:47.814 24802 24887 W com.wallapop: Accessing hidden method Lsun/misc/Unsafe;->putInt(Ljava/lang/Object;JI)V (greylist, linking, allowed)

07-08 00:25:47.814 24802 24887 W com.wallapop: Accessing hidden method Lsun/misc/Unsafe;->putLong(Ljava/lang/Object;JJ)V (greylist, linking, allowed)

07-08 00:25:47.818 24802 24905 W com.wallapop: Accessing hidden method Lsun/misc/Unsafe;->putInt(Ljava/lang/Object;JI)V (greylist, linking, allowed)

07-08 00:25:47.966 24802 25395 W com.wallapop: Accessing hidden method Lcom/android/org/conscrypt/ConscryptFileDescriptorSocket;->setUseSessionTickets(Z)V (greylist,core-platform-api, reflection, allowed)

07-08 00:25:47.966 24802 25395 W com.wallapop: Accessing hidden method Lcom/android/org/conscrypt/ConscryptFileDescriptorSocket;->setHostname(Ljava/lang/String;)V (greylist,core-platform-api, reflection, allowed)

07-08 00:25:47.966 24802 25395 W com.wallapop: Accessing hidden method Lcom/android/org/conscrypt/OpenSSLSocketImpl;->setAlpnProtocols([B)V (greylist,core-platform-api, reflection, allowed)

07-08 00:25:48.069 24802 25395 W com.wallapop: Accessing hidden method Lcom/android/org/conscrypt/OpenSSLSocketImpl;->getAlpnSelectedProtocol()[B (greylist,core-platform-api, reflection, allowed)

07-08 00:25:48.167 24802 24905 W com.wallapop: Accessing hidden method Lsun/misc/Unsafe;->putInt(Ljava/lang/Object;JI)V (greylist, linking, allowed)

07-08 00:25:49.524 24802 25352 W com.wallapop: Accessing hidden method Lsun/misc/Unsafe;->compareAndSwapObject(Ljava/lang/Object;JLjava/lang/Object;Ljava/lang/Object;)Z (greylist, linking, allowed)


