11-14 17:59:34.681 19377 19389 I Finsky  : [9558] fxs.d(14): com.wallapop: Account from preferred account - [rJj4Md76H4LxoN-B4dnoZM7XaXDDBcXGlC-caOCi6Uc]

11-14 17:59:34.684  6607  6679 W com.wallapop: Accessing hidden method Ldalvik/system/VMRuntime;->getRuntime()Ldalvik/system/VMRuntime; (light greylist, reflection)

11-14 17:59:34.684  6607  6679 W com.wallapop: Accessing hidden method Ldalvik/system/VMRuntime;->vmInstructionSet()Ljava/lang/String; (light greylist, reflection)

11-14 17:59:34.689 23911 23911 D Notification.Badge: [valid] onNotificationPosted : StatusBarNotification(pkg=com.wallapop user=UserHandle{0} id=999 tag=null key=0|com.wallapop|999|null|10313: Notification(channel=wallapop_channel pri=-2 contentView=null vibrate=null sound=null defaults=0x0 flags=0x62 color=0x00000000 vis=PRIVATE semFlags=0x0 semPriority=0 semMissedCount=0))

11-14 17:59:34.689 23911 23911 D Notification.Badge: notificationKey : 0|com.wallapop|999|null|10313, count : 0, this.count : 1

11-14 17:59:34.689 23911 23978 D Notification.Badge: LauncherModel:onNotificationPosted() : com.wallapop, count : [0], shouldBeFilteredOut : [false]

11-14 17:59:34.689 23911 23978 D Notification.Badge: notificationKey : 0|com.wallapop|999|null|10313, count : 1, mTotalCount : 1

11-14 17:59:34.696 23911 23978 D Notification.Badge: updateLauncherIconBadges() item : [IconInfo(title=_Wallapop_ intent=Intent { act=android.intent.action.MAIN cat=[android.intent.category.LAUNCHER] flg=0x10200000 cmp=com.wallapop/.activities.HomeActivity (has extras) } id=162 type=0 container=-102 screen=1 cellX=3 cellY=0 spanX=1 spanY=1 rank=3 hidden=0 dropPos=null user=UserHandle{0} screenType=0)], mShowBadge : [true], item.mBadgeCount : [1]

11-14 17:59:34.700 23911 23911 D RecommendedView: updateBadgeItems: [IconInfo(title=_Wallapop_ intent=Intent { act=android.intent.action.MAIN cat=[android.intent.category.LAUNCHER] flg=0x10200000 cmp=com.wallapop/.activities.HomeActivity (has extras) } id=162 type=0 container=-102 screen=1 cellX=3 cellY=0 spanX=1 spanY=1 rank=3 hidden=0 dropPos=null user=UserHandle{0} screenType=0)]

11-14 17:59:34.766  6607  6619 I com.wallapop: Background concurrent copying GC freed 58698(4MB) AllocSpace objects, 40(1168KB) LOS objects, 49% free, 10MB/21MB, paused 1.494ms total 419.072ms

11-14 17:59:34.766  6607  6892 I com.wallapop: WaitForGcToComplete blocked ClassLinker on HeapTrim for 302.171ms

11-14 17:59:34.905  4211  4310 I WindowManager: reset, Reparenting to original parent, shouldDeferScheduleAnimation=false, destroyLeash=true, surface=Surface(name=AppWindowToken{d695729 token=Token{4aaacb0 ActivityRecord{b8357f3 u0 com.wallapop/com.rewallapop.ui.main.MainActivity t2205}}})/@0xd6d9e09, parent=Surface(name=Task=2205)/@0x1c9380e, parentNativeHandle=android.os.BinderProxy@9ae0541, caller=com.android.server.wm.SurfaceAnimator.lambda$getFinishedCallback$0:97 com.android.server.wm.-$$Lambda$SurfaceAnimator$SIBia0mND666K8lMCPsoid8pUTI.run:4 com.android.server.wm.SurfaceAnimator.lambda$getFinishedCallback$1:104 com.android.server.wm.-$$Lambda$SurfaceAnimator$vdRZk66hQVbQCvVXEaQCT1kVmFc.onAnimationFinished:4 com.android.server.wm.LocalAnimationAdapter.lambda$startAnimation$0:74

11-14 17:59:34.906  4211  4554 D SamsungAlarmManager: Cancel Alarm calling from uid:10313 pid :6607 / op:PendingIntent{6b657fd: PendingIntentRecord{e6613f4 com.wallapop broadcastIntent}}

11-14 17:59:34.906  4211  4310 D SurfaceControl: reparent is called, sc=Surface(name=AppWindowToken{d695729 token=Token{4aaacb0 ActivityRecord{b8357f3 u0 com.wallapop/com.rewallapop.ui.main.MainActivity t2205}}})/@0xd6d9e09, newParentHandle=android.os.BinderProxy@9ae0541, transaction=android.view.SurfaceControl$Transaction@e4911c5

11-14 17:59:34.906  4211  4310 D SurfaceControl: destroy(transaction), animation-leash is destroyed, sc=Surface(name=Surface(name=AppWindowToken{d695729 token=Token{4aaacb0 ActivityRecord{b8357f3 u0 com.wallapop/com.rewallapop.ui.main.MainActivity t2205}}})/@0xd6d9e09 - animation-leash)/@0x76bd1bc, transaction=android.view.SurfaceControl$Transaction@e4911c5, caller=com.android.server.wm.SurfaceAnimator.reset:338 com.android.server.wm.SurfaceAnimator.lambda$getFinishedCallback$0:97 com.android.server.wm.-$$Lambda$SurfaceAnimator$SIBia0mND666K8lMCPsoid8pUTI.run:4 com.android.server.wm.SurfaceAnimator.lambda$getFinishedCallback$1:104 com.android.server.wm.-$$Lambda$SurfaceAnimator$vdRZk66hQVbQCvVXEaQCT1kVmFc.onAnimationFinished:4 com.android.server.wm.LocalAnimationAdapter.lambda$startAnimation$0:74 com.android.server.wm.-$$Lambda$LocalAnimationAdapter$X--EomqUvw4qy89IeeTFTH7aCMo.run:4

11-14 17:59:34.922  3727  5386 D Layer   : [AppWindowToken{d695729 token=Token{4aaacb0 ActivityRecord{b8357f3 u0 com.wallapop/com.rewallapop.ui.main.MainActivity t2205}}}#0]::reparent oldParent:[Surface(name=AppWindowToken{d695729 token=Token{4aaacb0 ActivityRecord{b8357f3 u0 com.wallapop/com.rewallapop.ui.main.MainActivity t2205}}})/@0xd6d9e09 - animation-leash#0], newParent:[Task=2205#0]

11-14 17:59:34.922  3727  5386 I SurfaceFlinger: id=28349 Removed Surface(name=AppWindowToken{d695729 token=Token{4aaacb0 ActivityRecord{b8357f3 u0 com.wallapop/com.rewallapop.ui.main.MainActivity t2205}}})/@0xd6d9e09 - animation-leash#0 (0/64)

11-14 17:59:34.938  3727  3727 I Layer   : id=28349 onRemoved Surface(name=AppWindowToken{d695729 token=Token{4aaacb0 ActivityRecord{b8357f3 u0 com.wallapop/com.rewallapop.ui.main.MainActivity t2205}}})/@0xd6d9e09 - animation-leash#0

11-14 17:59:35.018  6607  6607 W com.wallapop: Accessing hidden method Landroid/widget/TextView;->getTextDirectionHeuristic()Landroid/text/TextDirectionHeuristic; (light greylist, linking)

11-14 17:59:35.022  6607  6607 W com.wallapop: Accessing hidden method Landroid/graphics/FontFamily;-><init>()V (light greylist, reflection)

11-14 17:59:35.022  6607  6607 W com.wallapop: Accessing hidden method Landroid/graphics/FontFamily;->addFontFromAssetManager(Landroid/content/res/AssetManager;Ljava/lang/String;IZIII[Landroid/graphics/fonts/FontVariationAxis;)Z (light greylist, reflection)

11-14 17:59:35.022  6607  6607 W com.wallapop: Accessing hidden method Landroid/graphics/FontFamily;->addFontFromBuffer(Ljava/nio/ByteBuffer;I[Landroid/graphics/fonts/FontVariationAxis;II)Z (light greylist, reflection)

11-14 17:59:35.022  6607  6607 W com.wallapop: Accessing hidden method Landroid/graphics/FontFamily;->freeze()Z (light greylist, reflection)

11-14 17:59:35.022  6607  6607 W com.wallapop: Accessing hidden method Landroid/graphics/FontFamily;->abortCreation()V (light greylist, reflection)

11-14 17:59:35.022  6607  6607 W com.wallapop: Accessing hidden method Landroid/graphics/Typeface;->createFromFamiliesWithDefault([Landroid/graphics/FontFamily;Ljava/lang/String;II)Landroid/graphics/Typeface; (light greylist, reflection)

11-14 17:59:35.733  3727  3727 I SurfaceFlinger: id=28350 createSurf (4440x4440),2 flag=4, 395c008 com.wallapop/com.rewallapop.ui.wall.WallActivity#0

11-14 17:59:35.769 19377 19389 I Finsky  : [9558] fxs.d(3): com.wallapop: Account determined from installer data - [rJj4Md76H4LxoN-B4dnoZM7XaXDDBcXGlC-caOCi6Uc]

11-14 17:59:35.770 19377 19389 I Finsky  : [9558] fxs.d(14): com.wallapop: Account from preferred account - [rJj4Md76H4LxoN-B4dnoZM7XaXDDBcXGlC-caOCi6Uc]

11-14 17:59:35.862 19377 19389 I Finsky  : [9558] fxs.d(3): com.wallapop: Account determined from installer data - [rJj4Md76H4LxoN-B4dnoZM7XaXDDBcXGlC-caOCi6Uc]

11-14 17:59:35.862 19377 19389 I Finsky  : [9558] fxs.d(14): com.wallapop: Account from preferred account - [rJj4Md76H4LxoN-B4dnoZM7XaXDDBcXGlC-caOCi6Uc]

11-14 17:59:35.927 19377 19389 I Finsky  : [9558] fxs.d(3): com.wallapop: Account determined from installer data - [rJj4Md76H4LxoN-B4dnoZM7XaXDDBcXGlC-caOCi6Uc]

11-14 17:59:35.927 19377 19389 I Finsky  : [9558] fxs.d(14): com.wallapop: Account from preferred account - [rJj4Md76H4LxoN-B4dnoZM7XaXDDBcXGlC-caOCi6Uc]

11-14 17:59:35.976 19377 19389 I Finsky  : [9558] fxs.d(3): com.wallapop: Account determined from installer data - [rJj4Md76H4LxoN-B4dnoZM7XaXDDBcXGlC-caOCi6Uc]

11-14 17:59:35.976 19377 19389 I Finsky  : [9558] fxs.d(14): com.wallapop: Account from preferred account - [rJj4Md76H4LxoN-B4dnoZM7XaXDDBcXGlC-caOCi6Uc]

11-14 17:59:36.043  6607  6943 I com.wallapop: The ClassLoaderContext is a special shared library.

11-14 17:59:36.086  6607  6964 I com.wallapop: Waiting for a blocking GC ClassLinker

11-14 17:59:36.087  6607  6974 I com.wallapop: Waiting for a blocking GC ClassLinker

11-14 17:59:36.094  6607  6973 I com.wallapop: Waiting for a blocking GC ClassLinker

11-14 17:59:36.099  6607  6972 I com.wallapop: Waiting for a blocking GC ClassLinker

11-14 17:59:36.100  6607  6975 I com.wallapop: Waiting for a blocking GC ClassLinker

11-14 17:59:36.109  6607  6976 I com.wallapop: Waiting for a blocking GC ClassLinker

11-14 17:59:36.123  6607  6977 I com.wallapop: Waiting for a blocking GC ClassLinker

11-14 17:59:36.123  6607  6978 I com.wallapop: Waiting for a blocking GC ClassLinker

11-14 17:59:36.125  6607  6980 I com.wallapop: Waiting for a blocking GC ClassLinker

11-14 17:59:36.128  6607  6979 I com.wallapop: Waiting for a blocking GC ClassLinker

11-14 17:59:36.131  6607  6983 I com.wallapop: Waiting for a blocking GC ClassLinker

11-14 17:59:36.134  6607  6981 I com.wallapop: Waiting for a blocking GC ClassLinker

11-14 17:59:36.135  6607  6984 I com.wallapop: Waiting for a blocking GC ClassLinker

11-14 17:59:36.136  6607  6982 I com.wallapop: Waiting for a blocking GC ClassLinker

11-14 17:59:36.139  6607  6985 I com.wallapop: Waiting for a blocking GC ClassLinker

11-14 17:59:36.141  6607  6986 I com.wallapop: Waiting for a blocking GC ClassLinker

11-14 17:59:36.147  6607  6987 I com.wallapop: Waiting for a blocking GC ClassLinker

11-14 17:59:36.158  6607  6989 I com.wallapop: Waiting for a blocking GC ClassLinker

11-14 17:59:36.165  6607  6988 I com.wallapop: Waiting for a blocking GC ClassLinker

11-14 17:59:36.166  6607  6991 I com.wallapop: Waiting for a blocking GC ClassLinker

11-14 17:59:36.170  6607  6992 I com.wallapop: Waiting for a blocking GC ClassLinker

11-14 17:59:36.170  6607  6990 I com.wallapop: Waiting for a blocking GC ClassLinker

11-14 17:59:36.172  6607  6994 I com.wallapop: Waiting for a blocking GC ClassLinker

11-14 17:59:36.173  6607  6995 I com.wallapop: Waiting for a blocking GC ClassLinker

11-14 17:59:36.174  6607  6993 I com.wallapop: Waiting for a blocking GC ClassLinker

11-14 17:59:36.269  4211  5239 D ActivityManagerPerformance: Received MSG_DISABLE_ACT_START, r: ActivityRecord{c230d92 u0 com.wallapop/com.rewallapop.ui.wall.WallActivity t2205}

11-14 17:59:36.413  4211  4554 V WindowManager: Relayout Window{395c008 u0 com.wallapop/com.rewallapop.ui.wall.WallActivity}: viewVisibility=0 req=1080x2220 {(0,0)(fillxfill) sim={adjust=resize forwardNavigation} ty=BASE_APPLICATION wanim=0x10302fe

11-14 17:59:36.417  3727  3727 I SurfaceFlinger: id=28351 createSurf (1080x2220),1 flag=404, com.wallapop/com.rewallapop.ui.wall.WallActivity[6607]#0

11-14 17:59:36.420  4211  4554 D WindowManager: makeSurface duration=3 name=com.wallapop/com.rewallapop.ui.wall.WallActivity[6607]

11-14 17:59:36.420  4211  4554 V WindowManager: Changing focus from null to Window{395c008 u0 com.wallapop/com.rewallapop.ui.wall.WallActivity} Callers=com.android.server.wm.WindowManagerService.relayoutWindow:2526 com.android.server.wm.Session.relayoutForTranslate:302 android.view.IWindowSession$Stub.onTransact:518 com.android.server.wm.Session.onTransact:186

11-14 17:59:36.421  4211  4228 D WindowManager: setSystemUiVisibility: vis= 0xa518, fullscreenVis= 0x2000, dockedVis= 0x0, win=Window{395c008 u0 com.wallapop/com.rewallapop.ui.wall.WallActivity}

11-14 17:59:36.424  4211  4242 D WindowManager: reportFocusChangedSerialized, focused=true, inTouchMode=true, win=Window{395c008 u0 com.wallapop/com.rewallapop.ui.wall.WallActivity}

11-14 17:59:36.430  6607  6619 I com.wallapop: Background concurrent copying GC freed 87038(5MB) AllocSpace objects, 31(1524KB) LOS objects, 49% free, 14MB/29MB, paused 837us total 446.139ms

11-14 17:59:36.430  6607  6964 I com.wallapop: WaitForGcToComplete blocked ClassLinker on ClassLinker for 344.083ms

11-14 17:59:36.430  6607  6974 I com.wallapop: Waiting for a blocking GC ClassLinker

11-14 17:59:36.430  6607  6973 I com.wallapop: Waiting for a blocking GC ClassLinker

11-14 17:59:36.430  6607  6972 I com.wallapop: Waiting for a blocking GC ClassLinker

11-14 17:59:36.430  6607  6975 I com.wallapop: Waiting for a blocking GC ClassLinker

11-14 17:59:36.431  6607  6976 I com.wallapop: Waiting for a blocking GC ClassLinker

11-14 17:59:36.431  6607  6977 I com.wallapop: Waiting for a blocking GC ClassLinker

11-14 17:59:36.431  6607  6978 I com.wallapop: Waiting for a blocking GC ClassLinker

11-14 17:59:36.431  6607  6980 I com.wallapop: Waiting for a blocking GC ClassLinker

11-14 17:59:36.431  6607  6979 I com.wallapop: Waiting for a blocking GC ClassLinker

11-14 17:59:36.431  6607  6983 I com.wallapop: Waiting for a blocking GC ClassLinker

11-14 17:59:36.431  6607  6981 I com.wallapop: Waiting for a blocking GC ClassLinker

11-14 17:59:36.431  6607  6984 I com.wallapop: Waiting for a blocking GC ClassLinker

11-14 17:59:36.431  6607  6982 I com.wallapop: Waiting for a blocking GC ClassLinker

11-14 17:59:36.431  6607  6985 I com.wallapop: Waiting for a blocking GC ClassLinker

11-14 17:59:36.431  6607  6986 I com.wallapop: Waiting for a blocking GC ClassLinker

11-14 17:59:36.431  6607  6987 I com.wallapop: Waiting for a blocking GC ClassLinker

11-14 17:59:36.431  6607  6989 I com.wallapop: Waiting for a blocking GC ClassLinker

11-14 17:59:36.432  6607  6988 I com.wallapop: Waiting for a blocking GC ClassLinker

11-14 17:59:36.432  6607  6991 I com.wallapop: Waiting for a blocking GC ClassLinker

11-14 17:59:36.432  6607  6992 I com.wallapop: Waiting for a blocking GC ClassLinker

11-14 17:59:36.432  6607  6990 I com.wallapop: Waiting for a blocking GC ClassLinker

11-14 17:59:36.432  6607  6994 I com.wallapop: Waiting for a blocking GC ClassLinker

11-14 17:59:36.432  6607  6995 I com.wallapop: Waiting for a blocking GC ClassLinker

11-14 17:59:36.432  6607  6993 I com.wallapop: Waiting for a blocking GC ClassLinker

11-14 17:59:36.432  6607  6974 I com.wallapop: WaitForGcToComplete blocked ClassLinker on ClassLinker for 344.856ms

11-14 17:59:36.433  6607  6973 I com.wallapop: Waiting for a blocking GC ClassLinker

11-14 17:59:36.433  6607  6972 I com.wallapop: Waiting for a blocking GC ClassLinker

11-14 17:59:36.433  6607  6975 I com.wallapop: Waiting for a blocking GC ClassLinker

11-14 17:59:36.433  6607  6976 I com.wallapop: Waiting for a blocking GC ClassLinker

11-14 17:59:36.433  6607  6977 I com.wallapop: Waiting for a blocking GC ClassLinker

11-14 17:59:36.433  6607  6978 I com.wallapop: Waiting for a blocking GC ClassLinker

11-14 17:59:36.433  6607  6980 I com.wallapop: Waiting for a blocking GC ClassLinker

11-14 17:59:36.433  6607  6979 I com.wallapop: Waiting for a blocking GC ClassLinker

11-14 17:59:36.433  6607  6983 I com.wallapop: Waiting for a blocking GC ClassLinker

11-14 17:59:36.433  6607  6981 I com.wallapop: Waiting for a blocking GC ClassLinker

11-14 17:59:36.433  6607  6984 I com.wallapop: Waiting for a blocking GC ClassLinker

11-14 17:59:36.433  6607  6982 I com.wallapop: Waiting for a blocking GC ClassLinker

11-14 17:59:36.434  6607  6985 I com.wallapop: Waiting for a blocking GC ClassLinker

11-14 17:59:36.434  6607  6986 I com.wallapop: Waiting for a blocking GC ClassLinker

11-14 17:59:36.434  6607  6987 I com.wallapop: Waiting for a blocking GC ClassLinker

11-14 17:59:36.434  6607  6989 I com.wallapop: Waiting for a blocking GC ClassLinker

11-14 17:59:36.434  6607  6988 I com.wallapop: Waiting for a blocking GC ClassLinker

11-14 17:59:36.434  6607  6991 I com.wallapop: Waiting for a blocking GC ClassLinker

11-14 17:59:36.434  6607  6992 I com.wallapop: Waiting for a blocking GC ClassLinker

11-14 17:59:36.434  6607  6990 I com.wallapop: Waiting for a blocking GC ClassLinker

11-14 17:59:36.434  6607  6994 I com.wallapop: Waiting for a blocking GC ClassLinker

11-14 17:59:36.434  6607  6995 I com.wallapop: Waiting for a blocking GC ClassLinker

11-14 17:59:36.434  6607  6993 I com.wallapop: Waiting for a blocking GC ClassLinker

11-14 17:59:36.434  6607  6973 I com.wallapop: WaitForGcToComplete blocked ClassLinker on ClassLinker for 340.564ms

11-14 17:59:36.434  6607  6972 I com.wallapop: WaitForGcToComplete blocked ClassLinker on ClassLinker for 335.138ms

11-14 17:59:36.435  6607  6977 I com.wallapop: WaitForGcToComplete blocked ClassLinker on ClassLinker for 311.605ms

11-14 17:59:36.435  6607  6978 I com.wallapop: Waiting for a blocking GC ClassLinker

11-14 17:59:36.435  6607  6980 I com.wallapop: Waiting for a blocking GC ClassLinker

11-14 17:59:36.435  6607  6975 I com.wallapop: Waiting for a blocking GC ClassLinker

11-14 17:59:36.435  6607  6983 I com.wallapop: Waiting for a blocking GC ClassLinker

11-14 17:59:36.435  6607  6981 I com.wallapop: Waiting for a blocking GC ClassLinker

11-14 17:59:36.435  6607  6984 I com.wallapop: Waiting for a blocking GC ClassLinker

11-14 17:59:36.435  6607  6982 I com.wallapop: Waiting for a blocking GC ClassLinker

11-14 17:59:36.435  6607  6985 I com.wallapop: Waiting for a blocking GC ClassLinker

11-14 17:59:36.436  6607  6986 I com.wallapop: Waiting for a blocking GC ClassLinker

11-14 17:59:36.436  6607  6987 I com.wallapop: Waiting for a blocking GC ClassLinker

11-14 17:59:36.436  6607  6989 I com.wallapop: Waiting for a blocking GC ClassLinker

11-14 17:59:36.436  6607  6988 I com.wallapop: Waiting for a blocking GC ClassLinker

11-14 17:59:36.436  6607  6991 I com.wallapop: Waiting for a blocking GC ClassLinker

11-14 17:59:36.436  6607  6992 I com.wallapop: Waiting for a blocking GC ClassLinker

11-14 17:59:36.436  6607  6990 I com.wallapop: Waiting for a blocking GC ClassLinker

11-14 17:59:36.436  6607  6994 I com.wallapop: Waiting for a blocking GC ClassLinker

11-14 17:59:36.436  6607  6995 I com.wallapop: Waiting for a blocking GC ClassLinker

11-14 17:59:36.436  6607  6993 I com.wallapop: Waiting for a blocking GC ClassLinker

11-14 17:59:36.436  6607  6979 I com.wallapop: WaitForGcToComplete blocked ClassLinker on ClassLinker for 308.539ms

11-14 17:59:36.436  6607  6976 I com.wallapop: WaitForGcToComplete blocked ClassLinker on ClassLinker for 327.575ms

11-14 17:59:36.436  6607  6975 I com.wallapop: WaitForGcToComplete blocked ClassLinker on ClassLinker for 335.926ms

11-14 17:59:36.436  6607  6981 I com.wallapop: WaitForGcToComplete blocked ClassLinker on ClassLinker for 302.649ms

11-14 17:59:36.436  6607  6984 I com.wallapop: WaitForGcToComplete blocked ClassLinker on ClassLinker for 301.475ms

11-14 17:59:36.437  6607  6985 I com.wallapop: WaitForGcToComplete blocked ClassLinker on ClassLinker for 297.381ms

11-14 17:59:36.437  6607  6989 I com.wallapop: WaitForGcToComplete blocked ClassLinker on ClassLinker for 278.501ms

11-14 17:59:36.437  6607  6988 I com.wallapop: WaitForGcToComplete blocked ClassLinker on ClassLinker for 272.813ms

11-14 17:59:36.437  6607  6991 I com.wallapop: Waiting for a blocking GC ClassLinker

11-14 17:59:36.437  6607  6990 I com.wallapop: Waiting for a blocking GC ClassLinker

11-14 17:59:36.437  6607  6994 I com.wallapop: Waiting for a blocking GC ClassLinker

11-14 17:59:36.437  6607  6995 I com.wallapop: Waiting for a blocking GC ClassLinker

11-14 17:59:36.437  6607  6993 I com.wallapop: Waiting for a blocking GC ClassLinker

11-14 17:59:36.437  6607  6978 I com.wallapop: Waiting for a blocking GC ClassLinker

11-14 17:59:36.437  6607  6980 I com.wallapop: Waiting for a blocking GC ClassLinker

11-14 17:59:36.437  6607  6983 I com.wallapop: Waiting for a blocking GC ClassLinker

11-14 17:59:36.438  6607  6987 I com.wallapop: Waiting for a blocking GC ClassLinker

11-14 17:59:36.438  6607  6992 I com.wallapop: WaitForGcToComplete blocked ClassLinker on ClassLinker for 267.552ms

11-14 17:59:36.438  6607  6986 I com.wallapop: Waiting for a blocking GC ClassLinker

11-14 17:59:36.438  6607  6982 I com.wallapop: Waiting for a blocking GC ClassLinker

11-14 17:59:36.438  6607  6991 I com.wallapop: Waiting for a blocking GC ClassLinker

11-14 17:59:36.438  6607  6990 I com.wallapop: Waiting for a blocking GC ClassLinker

11-14 17:59:36.438  6607  6994 I com.wallapop: Waiting for a blocking GC ClassLinker

11-14 17:59:36.438  6607  6995 I com.wallapop: Waiting for a blocking GC ClassLinker

11-14 17:59:36.438  6607  6993 I com.wallapop: Waiting for a blocking GC ClassLinker

11-14 17:59:36.438  6607  6978 I com.wallapop: Waiting for a blocking GC ClassLinker

11-14 17:59:36.438  6607  6980 I com.wallapop: Waiting for a blocking GC ClassLinker

11-14 17:59:36.438  6607  6983 I com.wallapop: Waiting for a blocking GC ClassLinker

11-14 17:59:36.438  6607  6987 I com.wallapop: Waiting for a blocking GC ClassLinker

11-14 17:59:36.438  6607  6986 I com.wallapop: WaitForGcToComplete blocked ClassLinker on ClassLinker for 296.821ms

11-14 17:59:36.438  6607  6982 I com.wallapop: WaitForGcToComplete blocked ClassLinker on ClassLinker for 302.033ms

11-14 17:59:36.438  6607  6990 I com.wallapop: Waiting for a blocking GC ClassLinker

11-14 17:59:36.438  6607  6994 I com.wallapop: Waiting for a blocking GC ClassLinker

11-14 17:59:36.438  6607  6995 I com.wallapop: Waiting for a blocking GC ClassLinker

11-14 17:59:36.439  6607  6993 I com.wallapop: Waiting for a blocking GC ClassLinker

11-14 17:59:36.439  6607  6978 I com.wallapop: Waiting for a blocking GC ClassLinker

11-14 17:59:36.439  6607  6980 I com.wallapop: Waiting for a blocking GC ClassLinker

11-14 17:59:36.439  6607  6983 I com.wallapop: Waiting for a blocking GC ClassLinker

11-14 17:59:36.439  6607  6987 I com.wallapop: Waiting for a blocking GC ClassLinker

11-14 17:59:36.439  6607  6991 I com.wallapop: Waiting for a blocking GC ClassLinker

11-14 17:59:36.439  6607  6990 I com.wallapop: WaitForGcToComplete blocked ClassLinker on ClassLinker for 268.306ms

11-14 17:59:36.439  6607  6994 I com.wallapop: WaitForGcToComplete blocked ClassLinker on ClassLinker for 266.309ms

11-14 17:59:36.439  6607  6993 I com.wallapop: Waiting for a blocking GC ClassLinker

11-14 17:59:36.439  6607  6978 I com.wallapop: Waiting for a blocking GC ClassLinker

11-14 17:59:36.439  6607  6980 I com.wallapop: Waiting for a blocking GC ClassLinker

11-14 17:59:36.439  6607  6983 I com.wallapop: Waiting for a blocking GC ClassLinker

11-14 17:59:36.439  6607  6987 I com.wallapop: Waiting for a blocking GC ClassLinker

11-14 17:59:36.439  6607  6991 I com.wallapop: Waiting for a blocking GC ClassLinker

11-14 17:59:36.439  6607  6995 I com.wallapop: Waiting for a blocking GC ClassLinker

11-14 17:59:36.439  6607  6993 I com.wallapop: WaitForGcToComplete blocked ClassLinker on ClassLinker for 265.054ms

11-14 17:59:36.439  6607  6978 I com.wallapop: WaitForGcToComplete blocked ClassLinker on ClassLinker for 315.804ms

11-14 17:59:36.439  6607  6983 I com.wallapop: Waiting for a blocking GC ClassLinker

11-14 17:59:36.439  6607  6987 I com.wallapop: Waiting for a blocking GC ClassLinker

11-14 17:59:36.439  6607  6991 I com.wallapop: Waiting for a blocking GC ClassLinker

11-14 17:59:36.439  6607  6995 I com.wallapop: Waiting for a blocking GC ClassLinker

11-14 17:59:36.440  6607  6980 I com.wallapop: Waiting for a blocking GC ClassLinker

11-14 17:59:36.440  6607  6983 I com.wallapop: WaitForGcToComplete blocked ClassLinker on ClassLinker for 309.011ms

11-14 17:59:36.440  6607  6987 I com.wallapop: WaitForGcToComplete blocked ClassLinker on ClassLinker for 293.803ms

11-14 17:59:36.440  6607  6995 I com.wallapop: Waiting for a blocking GC ClassLinker

11-14 17:59:36.441  6607  6980 I com.wallapop: Waiting for a blocking GC ClassLinker

11-14 17:59:36.441  6607  6991 I com.wallapop: Waiting for a blocking GC ClassLinker

11-14 17:59:36.441  6607  6995 I com.wallapop: WaitForGcToComplete blocked ClassLinker on ClassLinker for 267.750ms

11-14 17:59:36.443  6607  6980 I com.wallapop: WaitForGcToComplete blocked ClassLinker on ClassLinker for 315.919ms

11-14 17:59:36.443  6607  6991 I com.wallapop: Waiting for a blocking GC ClassLinker

11-14 17:59:36.443  6607  6991 I com.wallapop: WaitForGcToComplete blocked ClassLinker on ClassLinker for 277.535ms

11-14 17:59:36.598 19377 19389 I Finsky  : [9558] fxs.d(3): com.wallapop: Account determined from installer data - [rJj4Md76H4LxoN-B4dnoZM7XaXDDBcXGlC-caOCi6Uc]

11-14 17:59:36.599 19377 19389 I Finsky  : [9558] fxs.d(14): com.wallapop: Account from preferred account - [rJj4Md76H4LxoN-B4dnoZM7XaXDDBcXGlC-caOCi6Uc]

11-14 17:59:36.723  4211  6755 D WindowManager: finishDrawingWindow: Window{395c008 u0 com.wallapop/com.rewallapop.ui.wall.WallActivity} mDrawState=DRAW_PENDING

11-14 17:59:36.726  4211  4310 I WindowManager: commitFinishDrawingLocked: mDrawState=READY_TO_SHOW Surface(name=com.wallapop/com.rewallapop.ui.wall.WallActivity[6607])/@0xa036d6f

11-14 17:59:36.726  4211  4310 V WindowManager: Resize reasons for w=Window{395c008 u0 com.wallapop/com.rewallapop.ui.wall.WallActivity}:  contentInsetsChanged=false [0,63][0,126] visibleInsetsChanged=false [0,63][0,126] stableInsetsChanged=false [0,63][0,126] outsetsChanged=false [0,0][0,0] surfaceResized=false configChanged=false dragResizingChanged=false reportOrientationChanged=false displayCutoutChanged=false nextForceRelayoutToClient=false

11-14 17:59:36.731  4211  4310 I WindowManager: commitFinishDrawingLocked: mDrawState=READY_TO_SHOW Surface(name=com.wallapop/com.rewallapop.ui.wall.WallActivity[6607])/@0xa036d6f

11-14 17:59:36.731  4211  4310 I WindowManager: Cancelling animation restarting=false, leash=null, surface=Surface(name=395c008 com.wallapop/com.rewallapop.ui.wall.WallActivity)/@0x1a79a7c, parent=Surface(name=AppWindowToken{eca7b60 token=Token{9fb7363 ActivityRecord{c230d92 u0 com.wallapop/com.rewallapop.ui.wall.WallActivity t2205}}})/@0xd56bf05

11-14 17:59:36.731  4211  4310 V WindowManager: performShowLocked: mDrawState=HAS_DRAWN in Window{395c008 u0 com.wallapop/com.rewallapop.ui.wall.WallActivity}

11-14 17:59:36.745  4211  4242 I ActivityManager: Displayed com.wallapop/com.rewallapop.ui.wall.WallActivity: +2s145ms (total +8s701ms)

11-14 17:59:36.754  3727  3727 I SurfaceFlinger:      Device | 0x70ddae1000 | 0002 | RGBA_8888 |   0.0    0.0 1080.0 2220.0 |    0    0 1080 2220 | com.wallapop/com.rewallapop.ui.wall.WallActivity[6607]#0

11-14 17:59:36.754  3727  3727 I SurfaceFlinger:      Device | 0x70d6734900 | 0000 | RGBA_8888 |   0.0    0.0 1080.0 2220.0 |    0    0 1080 2220 | Splash Screen com.wallapop#0

11-14 17:59:36.761  4211  4310 V WindowManager: Remove Window{73c3012 u0 Splash Screen com.wallapop}: mSurfaceController=Surface(name=Splash Screen com.wallapop)/@0x577fc0c mAnimatingExit=false mRemoveOnExit=false mHasSurface=true surfaceShowing=true isAnimationSet=false app-animation=false mWillReplaceWindow=false inPendingTransaction=false mDisplayFrozen=false callers=com.android.server.wm.WindowState.removeIfPossible:2764 com.android.server.wm.WindowManagerService.removeWindow:1943 com.android.server.wm.Session.remove:268 android.view.ViewRootImpl.dispatchDetachedFromWindow:4565 android.view.ViewRootImpl.doDie:7996 android.view.ViewRootImpl$ViewRootHandler.handleMessage:4987

11-14 17:59:36.762  4211  4310 I WindowManager: Cancelling animation restarting=true, leash=null, surface=Surface(name=73c3012 Splash Screen com.wallapop)/@0xa0df819, parent=Surface(name=AppWindowToken{eca7b60 token=Token{9fb7363 ActivityRecord{c230d92 u0 com.wallapop/com.rewallapop.ui.wall.WallActivity t2205}}})/@0xd56bf05

11-14 17:59:36.762  4211  4310 I WindowManager: Reparenting to leash, surface=Surface(name=73c3012 Splash Screen com.wallapop)/@0xa0df819

11-14 17:59:36.763  3727  3727 I SurfaceFlinger: id=28352 createSurf (4440x4440),2 flag=4, Surface(name=73c3012 Splash Screen com.wallapop)/@0xa0df819 - animation-leash#0

11-14 17:59:36.765  4211  4310 D WindowManager: makeSurface duration=3 leash=Surface(name=Surface(name=73c3012 Splash Screen com.wallapop)/@0xa0df819 - animation-leash)/@0x683718b

11-14 17:59:36.766  4211  4310 D SurfaceControl: reparent is called, sc=Surface(name=73c3012 Splash Screen com.wallapop)/@0xa0df819, newParentHandle=android.os.BinderProxy@f11e268, transaction=android.view.SurfaceControl$Transaction@ca7e2bf

11-14 17:59:36.769  3727  3770 D Layer   : [73c3012 Splash Screen com.wallapop#0]::reparent oldParent:[AppWindowToken{eca7b60 token=Token{9fb7363 ActivityRecord{c230d92 u0 com.wallapop/com.rewallapop.ui.wall.WallActivity t2205}}}#0], newParent:[Surface(name=73c3012 Splash Screen com.wallapop)/@0xa0df819 - animation-leash#0]

11-14 17:59:36.925  4211  4310 I WindowManager: reset, Reparenting to original parent, shouldDeferScheduleAnimation=false, destroyLeash=true, surface=Surface(name=73c3012 Splash Screen com.wallapop)/@0xa0df819, parent=Surface(name=AppWindowToken{eca7b60 token=Token{9fb7363 ActivityRecord{c230d92 u0 com.wallapop/com.rewallapop.ui.wall.WallActivity t2205}}})/@0xd56bf05, parentNativeHandle=android.os.BinderProxy@5e070de, caller=com.android.server.wm.SurfaceAnimator.lambda$getFinishedCallback$0:97 com.android.server.wm.-$$Lambda$SurfaceAnimator$SIBia0mND666K8lMCPsoid8pUTI.run:4 com.android.server.wm.SurfaceAnimator.lambda$getFinishedCallback$1:104 com.android.server.wm.-$$Lambda$SurfaceAnimator$vdRZk66hQVbQCvVXEaQCT1kVmFc.onAnimationFinished:4 com.android.server.wm.LocalAnimationAdapter.lambda$startAnimation$0:74

11-14 17:59:36.925  4211  4310 D SurfaceControl: reparent is called, sc=Surface(name=73c3012 Splash Screen com.wallapop)/@0xa0df819, newParentHandle=android.os.BinderProxy@5e070de, transaction=android.view.SurfaceControl$Transaction@ca7e2bf

11-14 17:59:36.925  4211  4310 D SurfaceControl: destroy(transaction), animation-leash is destroyed, sc=Surface(name=Surface(name=73c3012 Splash Screen com.wallapop)/@0xa0df819 - animation-leash)/@0x683718b, transaction=android.view.SurfaceControl$Transaction@ca7e2bf, caller=com.android.server.wm.SurfaceAnimator.reset:338 com.android.server.wm.SurfaceAnimator.lambda$getFinishedCallback$0:97 com.android.server.wm.-$$Lambda$SurfaceAnimator$SIBia0mND666K8lMCPsoid8pUTI.run:4 com.android.server.wm.SurfaceAnimator.lambda$getFinishedCallback$1:104 com.android.server.wm.-$$Lambda$SurfaceAnimator$vdRZk66hQVbQCvVXEaQCT1kVmFc.onAnimationFinished:4 com.android.server.wm.LocalAnimationAdapter.lambda$startAnimation$0:74 com.android.server.wm.-$$Lambda$LocalAnimationAdapter$X--EomqUvw4qy89IeeTFTH7aCMo.run:4

11-14 17:59:36.925  4211  4310 E WindowManager: win=Window{73c3012 u0 Splash Screen com.wallapop EXITING} destroySurfaces: appStopped=false win.mWindowRemovalAllowed=true win.mRemoveOnExit=true win.mViewVisibility=0 caller=com.android.server.wm.AppWindowToken.destroySurfaces:870 com.android.server.wm.AppWindowToken.destroySurfaces:851 com.android.server.wm.WindowState.onExitAnimationDone:5436 com.android.server.wm.WindowStateAnimator.onAnimationFinished:319 com.android.server.wm.WindowState.onAnimationFinished:5858 com.android.server.wm.-$$Lambda$yVRF8YoeNdTa8GR1wDStVsHu8xM.run:2 com.android.server.wm.SurfaceAnimator.lambda$getFinishedCallback$0:100

11-14 17:59:36.926  4211  4310 I WindowManager: Destroying surface Surface(name=Splash Screen com.wallapop)/@0x577fc0c called by com.android.server.wm.WindowStateAnimator.destroySurface:1901 com.android.server.wm.WindowStateAnimator.destroySurfaceLocked:838 com.android.server.wm.WindowState.destroySurfaceUnchecked:3839 com.android.server.wm.WindowState.destroySurface:3820 com.android.server.wm.AppWindowToken.destroySurfaces:870 com.android.server.wm.AppWindowToken.destroySurfaces:851 com.android.server.wm.WindowState.onExitAnimationDone:5436 com.android.server.wm.WindowStateAnimator.onAnimationFinished:319

11-14 17:59:36.926  3727  5386 I SurfaceFlinger: id=28345 Removed Splash Screen com.wallapop#0 (0/66)

11-14 17:59:36.931  3727  3770 W SurfaceFlinger: Attempting to set client state on removed layer: Splash Screen com.wallapop#0 [s.what : 40]

11-14 17:59:36.931  3727  3770 D Layer   : [73c3012 Splash Screen com.wallapop#0]::reparent oldParent:[Surface(name=73c3012 Splash Screen com.wallapop)/@0xa0df819 - animation-leash#0], newParent:[AppWindowToken{eca7b60 token=Token{9fb7363 ActivityRecord{c230d92 u0 com.wallapop/com.rewallapop.ui.wall.WallActivity t2205}}}#0]

11-14 17:59:36.931  3727  3770 W SurfaceFlinger: Attempting to destroy on removed layer: Splash Screen com.wallapop#0

11-14 17:59:36.931  3727  3770 I SurfaceFlinger: id=28352 Removed Surface(name=73c3012 Splash Screen com.wallapop)/@0xa0df819 - animation-leash#0 (2/65)

11-14 17:59:36.931  3727  3770 I SurfaceFlinger: id=28344 Removed 73c3012 Splash Screen com.wallapop#0 (1/64)

11-14 17:59:36.941  3727  3727 I Layer   : id=28352 onRemoved Surface(name=73c3012 Splash Screen com.wallapop)/@0xa0df819 - animation-leash#0

11-14 17:59:36.941  3727  3727 I Layer   : id=28344 onRemoved 73c3012 Splash Screen com.wallapop#0

11-14 17:59:36.941  3727  3727 I Layer   : id=28345 onRemoved Splash Screen com.wallapop#0

11-14 17:59:36.947  3727  3727 I SurfaceFlinger:      Device | 0x70ddae1000 | 0002 | RGBA_8888 |   0.0    0.0 1080.0 2220.0 |    0    0 1080 2220 | com.wallapop/com.rewallapop.ui.wall.WallActivity[6607]#0

11-14 17:59:37.046  6607  6607 V InputMethodManager: Starting input: tba=com.wallapop ic=null mNaviBarColor -1 mIsGetNaviBarColorSuccess true , NavVisible : true , NavTrans : false

11-14 17:59:37.049  4211  6756 V InputMethodManagerService: windowGainedFocus : reason=WINDOW_FOCUS_GAIN client=android.os.BinderProxy@24607fa inputContext=null missingMethods= attribute=android.view.inputmethod.EditorInfo@db59b67 nm = com.wallapop controlFlags=#104 softInputMode=#110 windowFlags=#81810100

11-14 17:59:37.129  6607  6607 V InputMethodManager: Starting input: tba=com.wallapop ic=null mNaviBarColor -1 mIsGetNaviBarColorSuccess true , NavVisible : true , NavTrans : false

11-14 17:59:37.155 19377 19613 I Finsky  : [9616] fxs.d(3): com.wallapop: Account determined from installer data - [rJj4Md76H4LxoN-B4dnoZM7XaXDDBcXGlC-caOCi6Uc]

11-14 17:59:37.156 19377 19613 I Finsky  : [9616] fxs.d(14): com.wallapop: Account from preferred account - [rJj4Md76H4LxoN-B4dnoZM7XaXDDBcXGlC-caOCi6Uc]

11-14 17:59:37.157  4622  4682 E RequestManager_FLP: [FusedLocationApi] Location request 1aeccc4(Listener) PRIORITY_BALANCED_POWER_ACCURACY interval=300000 from com.wallapop

11-14 17:59:37.169 19377 19613 I Finsky  : [9616] fxs.d(3): com.wallapop: Account determined from installer data - [rJj4Md76H4LxoN-B4dnoZM7XaXDDBcXGlC-caOCi6Uc]

11-14 17:59:37.169 19377 19613 I Finsky  : [9616] fxs.d(14): com.wallapop: Account from preferred account - [rJj4Md76H4LxoN-B4dnoZM7XaXDDBcXGlC-caOCi6Uc]

11-14 17:59:37.635  6607  6607 W com.wallapop: Accessing hidden field Landroid/view/View;->mAccessibilityDelegate:Landroid/view/View$AccessibilityDelegate; (light greylist, reflection)

11-14 17:59:38.059  4211  4228 D CodecSolution: isMaxAspectPackageEx: com.wallapop : true(2)

11-14 17:59:38.188  4211  4669 D MdnieScenarioControlService:  packageName : com.wallapop    className : com.rewallapop.ui.wall.WallActivity

11-14 17:59:38.323  4211  4390 D WifiTrafficPoller: TrafficStats TxPkts=985128 RxPkts=1720115 TxBytes=212744312 RxBytes=1633832419 , Foreground uid=10313 pkgName=com.wallapop TxPackets=68583 RxPackets=62323 TxBytes=14570446 RxBytes=41854780

11-14 17:59:38.460  6607  6613 I com.wallapop: Compiler allocated 4MB to compile void android.widget.TextView.<init>(android.content.Context, android.util.AttributeSet, int, int)

11-14 17:59:38.564  6607  6607 W View    : requestLayout() improperly called by com.wallapop.design.view.WallapopTextView{598e455 V.ED..... ......ID 47,26-47,86 #7f0a0904 app:id/wp__home__tv_bubble} during layout: running second layout pass

11-14 17:59:38.899  4211  4554 I WindowManager: Cancelling animation restarting=false, leash=null, surface=Surface(name=AppWindowToken{d695729 token=Token{4aaacb0 ActivityRecord{b8357f3 u0 com.wallapop/com.rewallapop.ui.main.MainActivity t2205}}})/@0xd6d9e09, parent=Surface(name=Task=2205)/@0x1c9380e

11-14 17:59:38.912  3727  3770 I SurfaceFlinger: id=28343 Removed AppWindowToken{d695729 token=Token{4aaacb0 ActivityRecord{b8357f3 u0 com.wallapop/com.rewallapop.ui.main.MainActivity t2205}}}#0 (0/63)

11-14 17:59:38.927  3727  3727 I Layer   : id=28343 onRemoved AppWindowToken{d695729 token=Token{4aaacb0 ActivityRecord{b8357f3 u0 com.wallapop/com.rewallapop.ui.main.MainActivity t2205}}}#0

11-14 17:59:39.148  6607  6613 I com.wallapop: Compiler allocated 4MB to compile void android.widget.TextView.<init>(android.content.Context, android.util.AttributeSet, int, int)

11-14 17:59:39.279  6607  6619 I com.wallapop: Background concurrent copying GC freed 204350(13MB) AllocSpace objects, 41(2MB) LOS objects, 49% free, 14MB/29MB, paused 826us total 319.329ms

11-14 17:59:40.630  4211  8761 D WifiPermissionsUtil: canAccessScanResults: pkgName = com.wallapop, uid = 10313

11-14 17:59:41.179  6607  6948 D Amazon DTB Ads API: with query params:[?dt=android&app=app&dinfo=%7B%22os%22%3A%22Android%22%2C%22model%22%3A%22SM-A750FN%22%2C%22make%22%3A%22samsung%22%2C%22osVersion%22%3A%229%22%2C%22connectionType%22%3A%22Wifi%22%2C%22country%22%3A%22ES%22%2C%22scalingFactor%22%3A%222.625%22%2C%22carrier%22%3A%22JAZZTEL%22%2C%22language%22%3A%22es%22%2C%22screenSize%22%3A%221080x2094%22%2C%22orientation%22%3A%22portrait%22%7D&oo=0&aud=3p&idfa=bf505ce3-e614-4d9a-a4d7-9c324edc6560&appId=d2ba46e2d5ef4c9883051d9c8d0125d5&sdkVer=aps-android-7.4.3&ua=Dalvik%2F2.1.0%20%28Linux%3B%20U%3B%20Android%209%3B%20SM-A750FN%20Build%2FPPR1.180610.011%29&pkg=%7B%22lbl%22%3A%22_Wallapop_%22%2C%22pn%22%3A%22com.wallapop%22%2C%22v%22%3A%221850000%22%2C%22vn%22%3A%221.85.0-d1910251130%22%7D]

11-14 17:59:41.689  6607  6619 I com.wallapop: Background concurrent copying GC freed 206178(10MB) AllocSpace objects, 98(4MB) LOS objects, 50% free, 17MB/34MB, paused 731us total 218.839ms

11-14 17:59:41.723  6607  6948 D Amazon DTB Ads API: Error while connecting to remote server: https://s.amazon-adsystem.com/api3/generate_did?dt=android&app=app&dinfo=%7B%22os%22%3A%22Android%22%2C%22model%22%3A%22SM-A750FN%22%2C%22make%22%3A%22samsung%22%2C%22osVersion%22%3A%229%22%2C%22connectionType%22%3A%22Wifi%22%2C%22country%22%3A%22ES%22%2C%22scalingFactor%22%3A%222.625%22%2C%22carrier%22%3A%22JAZZTEL%22%2C%22language%22%3A%22es%22%2C%22screenSize%22%3A%221080x2094%22%2C%22orientation%22%3A%22portrait%22%7D&oo=0&aud=3p&idfa=bf505ce3-e614-4d9a-a4d7-9c324edc6560&appId=d2ba46e2d5ef4c9883051d9c8d0125d5&sdkVer=aps-android-7.4.3&ua=Dalvik%2F2.1.0%20%28Linux%3B%20U%3B%20Android%209%3B%20SM-A750FN%20Build%2FPPR1.180610.011%29&pkg=%7B%22lbl%22%3A%22_Wallapop_%22%2C%22pn%22%3A%22com.wallapop%22%2C%22v%22%3A%221850000%22%2C%22vn%22%3A%221.85.0-d1910251130%22%7D with error:Chain validation failed

11-14 17:59:41.726  6607  6948 E Amazon DTB Ads API: 	at com.wallapop.thirdparty.ads.b.a.a(SourceFile:43)

11-14 17:59:41.726  6607  6948 E Amazon DTB Ads API: 	at com.wallapop.thirdparty.ads.b.a$b$1.invokeSuspend(SourceFile:34)

11-14 17:59:41.726  6607  6948 E Amazon DTB Ads API: 	at com.wallapop.thirdparty.ads.b.a$b$1.invoke(Unknown Source:10)

11-14 17:59:41.726  6607  6948 E Amazon DTB Ads API: 	at com.wallapop.thirdparty.ads.b.a$b.invokeSuspend(SourceFile:33)

11-14 17:59:41.831  6607  7232 D Amazon DTB Ads API: with query params:[?dt=android&app=app&dinfo=%7B%22os%22%3A%22Android%22%2C%22model%22%3A%22SM-A750FN%22%2C%22make%22%3A%22samsung%22%2C%22osVersion%22%3A%229%22%2C%22connectionType%22%3A%22Wifi%22%2C%22country%22%3A%22ES%22%2C%22scalingFactor%22%3A%222.625%22%2C%22carrier%22%3A%22JAZZTEL%22%2C%22language%22%3A%22es%22%2C%22screenSize%22%3A%221080x2094%22%2C%22orientation%22%3A%22portrait%22%7D&oo=0&aud=3p&idfa=bf505ce3-e614-4d9a-a4d7-9c324edc6560&appId=d2ba46e2d5ef4c9883051d9c8d0125d5&sdkVer=aps-android-7.4.3&ua=Dalvik%2F2.1.0%20%28Linux%3B%20U%3B%20Android%209%3B%20SM-A750FN%20Build%2FPPR1.180610.011%29&pkg=%7B%22lbl%22%3A%22_Wallapop_%22%2C%22pn%22%3A%22com.wallapop%22%2C%22v%22%3A%221850000%22%2C%22vn%22%3A%221.85.0-d1910251130%22%7D]

11-14 17:59:42.327  6607  7232 D Amazon DTB Ads API: Error while connecting to remote server: https://s.amazon-adsystem.com/api3/generate_did?dt=android&app=app&dinfo=%7B%22os%22%3A%22Android%22%2C%22model%22%3A%22SM-A750FN%22%2C%22make%22%3A%22samsung%22%2C%22osVersion%22%3A%229%22%2C%22connectionType%22%3A%22Wifi%22%2C%22country%22%3A%22ES%22%2C%22scalingFactor%22%3A%222.625%22%2C%22carrier%22%3A%22JAZZTEL%22%2C%22language%22%3A%22es%22%2C%22screenSize%22%3A%221080x2094%22%2C%22orientation%22%3A%22portrait%22%7D&oo=0&aud=3p&idfa=bf505ce3-e614-4d9a-a4d7-9c324edc6560&appId=d2ba46e2d5ef4c9883051d9c8d0125d5&sdkVer=aps-android-7.4.3&ua=Dalvik%2F2.1.0%20%28Linux%3B%20U%3B%20Android%209%3B%20SM-A750FN%20Build%2FPPR1.180610.011%29&pkg=%7B%22lbl%22%3A%22_Wallapop_%22%2C%22pn%22%3A%22com.wallapop%22%2C%22v%22%3A%221850000%22%2C%22vn%22%3A%221.85.0-d1910251130%22%7D with error:Chain validation failed

11-14 17:59:42.361  6607  7232 D Amazon DTB Ads API: with json params:[{"oo":"false","dinfo":{"os":"Android","model":"SM-A750FN","make":"samsung","osVersion":"9","connectionType":"Wifi","country":"ES","scalingFactor":"2.625","carrier":"JAZZTEL","language":"es","screenSize":"1080x2094","orientation":"portrait"},"adsdk":"aps-android-7.4.3","slots":[{"sz":"320x50","slot":"f414d83c-ab9f-4e02-9c59-5137663ee6c7","slotId":1,"supportedMediaTypes":["DISPLAY"]}],"mraid":["1.0","2.0","3.0"],"appId":"d2ba46e2d5ef4c9883051d9c8d0125d5","idfa":"bf505ce3-e614-4d9a-a4d7-9c324edc6560","geoloc":"41.4058684,2.1865172,18.145","isDTBMobile":"true","ua":"Dalvik\/2.1.0 (Linux; U; Android 9; SM-A750FN Build\/PPR1.180610.011)","pkg":{"lbl":"_Wallapop_","pn":"com.wallapop","v":"1850000","vn":"1.85.0-d1910251130"},"gdpr":{"e":"1","c":"BOR0xKKOR0xKKABABAENBZ-AAAAfZ7_______9______9uz_Gv_v_f__33e8__9v_l_7_-___u_-33d4-_1vX99yfm1-7ftr3tp_86ues2vHqK9ZoA"}}]

11-14 17:59:42.381  4211  4390 D WifiTrafficPoller: TrafficStats TxPkts=985437 RxPkts=1720431 TxBytes=212828489 RxBytes=1634042419 , Foreground uid=10313 pkgName=com.wallapop TxPackets=68831 RxPackets=62546 TxBytes=14619426 RxBytes=41998629

11-14 17:59:42.657  6607  6607 W com.wallapop: Accessing hidden method Landroid/media/AudioTrack;->getLatency()I (light greylist, reflection)

11-14 17:59:43.132  4211  4475 I CodecSolution: pid(6607) pkg(com.wallapop)

11-14 17:59:43.134  4211  4475 I CodecSolution: pid(6607) pkg(com.wallapop)

11-14 17:59:43.144  4211  8761 D CodecSolution: topName : com.wallapop

11-14 17:59:43.144  4211  8761 I CodecSolution: Top : com.wallapop

11-14 17:59:43.144  4211  8761 D SCPMHelper: getPackageInfo(com.wallapop)

11-14 17:59:43.146  4211  4679 D CodecSolution: topName : com.wallapop

11-14 17:59:43.146  4211  4679 I CodecSolution: Top : com.wallapop

11-14 17:59:43.146  4211  4679 D SCPMHelper: getPackageInfo(com.wallapop)

11-14 17:59:43.257  6607  7257 I chatty  : uid=10313(com.wallapop) CodecLooper identical 1 line

11-14 17:59:43.368  6607  6619 I com.wallapop: Background concurrent copying GC freed 261696(11MB) AllocSpace objects, 102(4MB) LOS objects, 50% free, 19MB/38MB, paused 649us total 251.846ms

11-14 17:59:44.029  6607  7257 I chatty  : uid=10313(com.wallapop) CodecLooper identical 1 line

11-14 17:59:44.047  6607  7259 I chatty  : uid=10313(com.wallapop) CodecLooper identical 1 line

11-14 17:59:44.251  4211  4475 I CodecSolution: pid(6607) pkg(com.wallapop)

11-14 17:59:44.261  4211  8761 D CodecSolution: topName : com.wallapop

11-14 17:59:44.261  4211  8761 I CodecSolution: Top : com.wallapop

11-14 17:59:44.262  4211  8761 D SCPMHelper: getPackageInfo(com.wallapop)

11-14 17:59:44.324  6607  7291 I chatty  : uid=10313(com.wallapop) CodecLooper identical 1 line

11-14 17:59:45.199  6607  7291 I chatty  : uid=10313(com.wallapop) CodecLooper identical 1 line


