Executed '[C740] Help: Access and sections' on 26-06-2019
---------------------------------------------------------------------------------
06-26 16:59:43.348   874  1027 V MARsPolicyManager: updatePackagesScore PackageInfo name -- com.wallapop

06-26 16:59:43.378   874  1721 V AlarmManager:  remove PendingIntent] PendingIntent{b478629: PendingIntentRecord{bd292e6 com.wallapop broadcastIntent}}

06-26 16:59:43.408   874  1028 D StatusBarManagerService: manageDisableList userId=0 what=0x0 pkg=Window{6128225 u0 d0 com.wallapop/com.wallapop.activities.PreferencesActivity}

06-26 16:59:43.488   874  1422 V WindowStateAnimator: Finishing drawing window Window{6128225 u0 d0 com.wallapop/com.wallapop.activities.PreferencesActivity}: mDrawState=DRAW_PENDING

06-26 16:59:43.508   874  1132 I ActivityManager: Displayed com.wallapop/.activities.PreferencesActivity: +160ms (total +8s577ms)

06-26 16:59:43.748   874  1132 I Timeline: Timeline: Activity_windows_visible id: ActivityRecord{f361af0 u0 com.wallapop/.activities.PreferencesActivity t809} time:15781779

06-26 16:59:44.518   874  1027 V MARsPolicyManager: updatePackagesScore PackageInfo name -- com.wallapop

06-26 16:59:44.598   874  1913 V AlarmManager:  remove PendingIntent] PendingIntent{4a0ece0: PendingIntentRecord{bd292e6 com.wallapop broadcastIntent}}

06-26 16:59:44.648   874  1028 D StatusBarManagerService: manageDisableList userId=0 what=0x0 pkg=Window{5a3accc u0 d0 com.wallapop/com.rewallapop.ui.wall.WallActivity}

06-26 16:59:44.768   874  3012 V WindowStateAnimator: Finishing drawing window Window{5a3accc u0 d0 com.wallapop/com.rewallapop.ui.wall.WallActivity}: mDrawState=DRAW_PENDING

06-26 16:59:44.798   874  1132 I ActivityManager: Displayed com.wallapop/com.rewallapop.ui.wall.WallActivity: +278ms

06-26 16:59:44.948 19511 19511 W View    : requestLayout() improperly called by com.wallapop.design.view.WallapopTextView{3c6c4a2 V.ED..... ......ID 54,30-634,92 #7f0a08d7 app:id/wp__home__tv_bubble} during layout: running second layout pass

06-26 16:59:45.048   874  1132 I Timeline: Timeline: Activity_windows_visible id: ActivityRecord{b08d379 u0 com.wallapop/com.rewallapop.ui.wall.WallActivity t809} time:15783076

06-26 16:59:52.128 19511 19519 W REALM_JAVA: Remember to call close() on all Realm instances. Realm /data/data/com.wallapop/files/feature_flags is being finalized without being closed, this can lead to running out of native memory.

06-26 16:59:52.168 19511 19511 I Timeline: Timeline: Activity_launch_request id:com.wallapop time:15790194

06-26 16:59:52.178   874  4874 V WindowManager: addAppToken: AppWindowToken{79e5535 token=Token{f73eb6c ActivityRecord{75bac1f u0 com.wallapop/.activities.PreferencesActivity t809}}} to stack=1 task=809 at 1

06-26 16:59:52.218   874  1027 V MARsPolicyManager: updatePackagesScore PackageInfo name -- com.wallapop

06-26 16:59:52.228 19511 19511 W ResourcesManager: getTopLevelResources: /data/app/com.wallapop-1/base.apk / 1.0 running in com.wallapop rsrc of package null

06-26 16:59:52.228 19511 19511 W ResourcesManager: getTopLevelResources: /data/app/com.wallapop-1/base.apk / 1.0 running in com.wallapop rsrc of package null

06-26 16:59:52.258   874  1914 V AlarmManager:  remove PendingIntent] PendingIntent{85e9dca: PendingIntentRecord{bd292e6 com.wallapop broadcastIntent}}

06-26 16:59:52.308   874  1913 D ISSUE_DEBUG: InputChannelName : b6a5258 com.wallapop/com.wallapop.activities.PreferencesActivity

06-26 16:59:52.318   874  1028 D StatusBarManagerService: manageDisableList userId=0 what=0x0 pkg=Window{b6a5258 u0 d0 com.wallapop/com.wallapop.activities.PreferencesActivity}

06-26 16:59:52.378   874  4874 V WindowStateAnimator: Finishing drawing window Window{b6a5258 u0 d0 com.wallapop/com.wallapop.activities.PreferencesActivity}: mDrawState=DRAW_PENDING

06-26 16:59:52.388   874  1132 I ActivityManager: Displayed com.wallapop/.activities.PreferencesActivity: +184ms

06-26 16:59:52.408   874  1661 V WindowStateAnimator: Finishing drawing window Window{b6a5258 u0 d0 com.wallapop/com.wallapop.activities.PreferencesActivity}: mDrawState=HAS_DRAWN

06-26 16:59:52.638   874  1132 I Timeline: Timeline: Activity_windows_visible id: ActivityRecord{75bac1f u0 com.wallapop/.activities.PreferencesActivity t809} time:15790664

06-26 16:59:52.668 19511 19511 W GmsClientEvents: unregisterConnectionFailedListener(): listener GooglePlayServicesHeadlessFragment{9fd4253 (126cb6ec-00d3-4d01-873e-4656bf2907fb) com.wallapop.fragments.headless.GooglePlayServicesHeadlessFragment} not found

06-26 16:59:52.668 19511 19511 W GmsClientEvents: unregisterConnectionCallbacks(): listener GooglePlayServicesHeadlessFragment{9fd4253 (126cb6ec-00d3-4d01-873e-4656bf2907fb) com.wallapop.fragments.headless.GooglePlayServicesHeadlessFragment} not found

06-26 16:59:52.668 19511 19511 V ActivityThread: updateVisibility : ActivityRecord{e96f07a token=android.os.BinderProxy@e1f06a7 {com.wallapop/com.rewallapop.ui.wall.WallActivity}} show : false

06-26 16:59:53.238 19461 19796 W ByMatcher: Node returned null child: android.view.accessibility.AccessibilityNodeInfo@80007526; boundsInParent: Rect(0, 0 - 1080, 1920); boundsInScreen: Rect(0, 0 - 1080, 1920); packageName: com.wallapop; className: android.widget.FrameLayout; text: null; error: null; maxTextLength: -1; contentDescription: null; viewIdResName: null; checkable: false; checked: false; focusable: false; focused: false; selected: false; clickable: false; longClickable: false; contextClickable: false; enabled: true; password: false; scrollable: false; actions: [AccessibilityAction: ACTION_SELECT - null, AccessibilityAction: ACTION_CLEAR_SELECTION - null, AccessibilityAction: ACTION_ACCESSIBILITY_FOCUS - null, AccessibilityAction: ACTION_UNKNOWN - null]

06-26 16:59:53.248 19461 19796 W ByMatcher: Node returned null child: android.view.accessibility.AccessibilityNodeInfo@80007526; boundsInParent: Rect(0, 0 - 1080, 1920); boundsInScreen: Rect(0, 0 - 1080, 1920); packageName: com.wallapop; className: android.widget.FrameLayout; text: null; error: null; maxTextLength: -1; contentDescription: null; viewIdResName: null; checkable: false; checked: false; focusable: false; focused: false; selected: false; clickable: false; longClickable: false; contextClickable: false; enabled: true; password: false; scrollable: false; actions: [AccessibilityAction: ACTION_SELECT - null, AccessibilityAction: ACTION_CLEAR_SELECTION - null, AccessibilityAction: ACTION_ACCESSIBILITY_FOCUS - null, AccessibilityAction: ACTION_UNKNOWN - null]


