11-10 10:28:00.416  4211  6755 I ActivityManager: START u0 {act=null typ=null flg=0x0 cmp=ComponentInfo{com.wallapop/com.rewallapop.ui.wall.WallActivity}} from uid 10311

11-10 10:28:00.426  3727  3727 I SurfaceFlinger: id=23662 createSurf (4440x4440),2 flag=4, AppWindowToken{ada034b token=Token{b3cc1a ActivityRecord{a8d0ac5 u0 com.wallapop/com.rewallapop.ui.wall.WallActivity t2122}}}#0

11-10 10:28:00.429  4211  6755 D SurfaceControl: reparent is called, sc=Surface(name=4dc7690 Splash Screen com.wallapop)/@0x2d67128, newParentHandle=android.os.BinderProxy@8b88e41, transaction=android.view.SurfaceControl$Transaction@9328fe6

11-10 10:28:00.434  4211  4228 D WindowManager: setSystemUiVisibility: vis= 0xa018, fullscreenVis= 0x2000, dockedVis= 0x0, win=Window{4dc7690 u0 Splash Screen com.wallapop}

11-10 10:28:00.435  3727  3770 D Layer   : [4dc7690 Splash Screen com.wallapop#0]::reparent oldParent:[AppWindowToken{df424bf token=Token{b8c7ade ActivityRecord{e1bea19 u0 com.wallapop/com.rewallapop.ui.main.MainActivity t2122}}}#0], newParent:[AppWindowToken{ada034b token=Token{b3cc1a ActivityRecord{a8d0ac5 u0 com.wallapop/com.rewallapop.ui.wall.WallActivity t2122}}}#0]

11-10 10:28:00.439  4211  4211 D Telecom:SamsungPrebindingServiceImpl: onTopActivityChanged : ComponentInfo{com.wallapop/com.rewallapop.ui.wall.WallActivity}

11-10 10:28:00.541 10835 10846 I com.wallapop: Background concurrent copying GC freed 93730(7MB) AllocSpace objects, 45(1892KB) LOS objects, 50% free, 12MB/25MB, paused 423us total 187.572ms

11-10 10:28:00.642 10835 11085 I com.wallapop: The ClassLoaderContext is a special shared library.

11-10 10:28:00.644  4211  4227 D ApplicationPolicy: isStatusBarNotificationAllowedAsUser: packageName = com.wallapop,userId = 0

11-10 10:28:00.644  4211  4227 D ApplicationPolicy: isStatusBarNotificationAllowedAsUser: packageName = com.wallapop,userId = 0

11-10 10:28:00.652  4211  5662 D GamePkgDataHelper: notifyAppCreate(), pkgName: com.wallapop, sendRet: true

11-10 10:28:00.652  4211  4473 D GamePkgDataHelper: getGamePkgData(). com.wallapop

11-10 10:28:00.652  4211  4473 D GameManagerService: handleMessage(), MSG_APP_CREATE. ignore. pkgName: com.wallapop

11-10 10:28:00.655  4211  5662 D GameManagerService: noteResumeComponent(), resumeComponent: com.wallapop

11-10 10:28:00.655  4211  5662 D MARsPolicyManager: onPackageResumedFG pkgName = com.wallapop, userId = 0

11-10 10:28:00.658  4211  4211 D Telecom:SamsungPrebindingServiceImpl: onTopActivityChanged : ComponentInfo{com.wallapop/com.rewallapop.ui.wall.WallActivity}

11-10 10:28:00.658  4211  4473 D GameManagerService: handleForegroundChange(). pkgName: com.wallapop, clsName: com.rewallapop.ui.wall.WallActivity,FgActivityName:com.wallapop/com.rewallapop.ui.wall.WallActivity

11-10 10:28:00.664  4211  5662 I WindowManager: Cancelling animation restarting=true, leash=null, surface=Surface(name=AppWindowToken{df424bf token=Token{b8c7ade ActivityRecord{e1bea19 u0 com.wallapop/com.rewallapop.ui.main.MainActivity t2122}}})/@0xe62ee9f, parent=Surface(name=Task=2122)/@0x2ce3bec

11-10 10:28:00.664  4211  5662 I WindowManager: Reparenting to leash, surface=Surface(name=AppWindowToken{df424bf token=Token{b8c7ade ActivityRecord{e1bea19 u0 com.wallapop/com.rewallapop.ui.main.MainActivity t2122}}})/@0xe62ee9f

11-10 10:28:00.665  3727  3727 I SurfaceFlinger: id=23663 createSurf (4440x4440),2 flag=4, Surface(name=AppWindowToken{df424bf token=Token{b8c7ade ActivityRecord{e1bea19 u0 com.wallapop/com.rewallapop.ui.main.MainActivity t2122}}})/@0xe62ee9f - animation-leash#0

11-10 10:28:00.668  4211  5662 D WindowManager: makeSurface duration=4 leash=Surface(name=Surface(name=AppWindowToken{df424bf token=Token{b8c7ade ActivityRecord{e1bea19 u0 com.wallapop/com.rewallapop.ui.main.MainActivity t2122}}})/@0xe62ee9f - animation-leash)/@0x48b0a17

11-10 10:28:00.668  4211  5662 D SurfaceControl: reparent is called, sc=Surface(name=AppWindowToken{df424bf token=Token{b8c7ade ActivityRecord{e1bea19 u0 com.wallapop/com.rewallapop.ui.main.MainActivity t2122}}})/@0xe62ee9f, newParentHandle=android.os.BinderProxy@1107e04, transaction=android.view.SurfaceControl$Transaction@911d5bb

11-10 10:28:00.672  3727  5001 D Layer   : [AppWindowToken{df424bf token=Token{b8c7ade ActivityRecord{e1bea19 u0 com.wallapop/com.rewallapop.ui.main.MainActivity t2122}}}#0]::reparent oldParent:[Task=2122#0], newParent:[Surface(name=AppWindowToken{df424bf token=Token{b8c7ade ActivityRecord{e1bea19 u0 com.wallapop/com.rewallapop.ui.main.MainActivity t2122}}})/@0xe62ee9f - animation-leash#0]

11-10 10:28:00.718 10835 10904 W com.wallapop: Accessing hidden method Ldalvik/system/VMRuntime;->getRuntime()Ldalvik/system/VMRuntime; (light greylist, reflection)

11-10 10:28:00.722 10835 10904 W com.wallapop: Accessing hidden method Ldalvik/system/VMRuntime;->vmInstructionSet()Ljava/lang/String; (light greylist, reflection)

11-10 10:28:00.751  3562  5667 I Finsky  : [8330] fxs.d(3): com.wallapop: Account determined from installer data - [rJj4Md76H4LxoN-B4dnoZM7XaXDDBcXGlC-caOCi6Uc]

11-10 10:28:00.751  3562  5667 I Finsky  : [8330] fxs.d(14): com.wallapop: Account from preferred account - [rJj4Md76H4LxoN-B4dnoZM7XaXDDBcXGlC-caOCi6Uc]

11-10 10:28:00.751 23911 23911 D Notification.Badge: [valid] onNotificationPosted : StatusBarNotification(pkg=com.wallapop user=UserHandle{0} id=999 tag=null key=0|com.wallapop|999|null|10311: Notification(channel=wallapop_channel pri=-2 contentView=null vibrate=null sound=null defaults=0x0 flags=0x62 color=0x00000000 vis=PRIVATE semFlags=0x0 semPriority=0 semMissedCount=0))

11-10 10:28:00.751 23911 23911 D Notification.Badge: notificationKey : 0|com.wallapop|999|null|10311, count : 0, this.count : 1

11-10 10:28:00.752 23911 23978 D Notification.Badge: LauncherModel:onNotificationPosted() : com.wallapop, count : [0], shouldBeFilteredOut : [false]

11-10 10:28:00.752 23911 23978 D Notification.Badge: notificationKey : 0|com.wallapop|999|null|10311, count : 1, mTotalCount : 1

11-10 10:28:00.756 23911 23978 D Notification.Badge: updateLauncherIconBadges() item : [IconInfo(title=_Wallapop_ intent=Intent { act=android.intent.action.MAIN cat=[android.intent.category.LAUNCHER] flg=0x10200000 cmp=com.wallapop/.activities.HomeActivity (has extras) } id=160 type=0 container=-102 screen=1 cellX=3 cellY=0 spanX=1 spanY=1 rank=3 hidden=0 dropPos=null user=UserHandle{0} screenType=0)], mShowBadge : [true], item.mBadgeCount : [1]

11-10 10:28:00.761 23911 23911 D RecommendedView: updateBadgeItems: [IconInfo(title=_Wallapop_ intent=Intent { act=android.intent.action.MAIN cat=[android.intent.category.LAUNCHER] flg=0x10200000 cmp=com.wallapop/.activities.HomeActivity (has extras) } id=160 type=0 container=-102 screen=1 cellX=3 cellY=0 spanX=1 spanY=1 rank=3 hidden=0 dropPos=null user=UserHandle{0} screenType=0)]

11-10 10:28:00.762  3562  5667 I Finsky  : [8330] fxs.d(3): com.wallapop: Account determined from installer data - [rJj4Md76H4LxoN-B4dnoZM7XaXDDBcXGlC-caOCi6Uc]

11-10 10:28:00.763  3562  5667 I Finsky  : [8330] fxs.d(14): com.wallapop: Account from preferred account - [rJj4Md76H4LxoN-B4dnoZM7XaXDDBcXGlC-caOCi6Uc]

11-10 10:28:00.769  3562  5667 I Finsky  : [8330] fxs.d(3): com.wallapop: Account determined from installer data - [rJj4Md76H4LxoN-B4dnoZM7XaXDDBcXGlC-caOCi6Uc]

11-10 10:28:00.769  3562  5667 I Finsky  : [8330] fxs.d(14): com.wallapop: Account from preferred account - [rJj4Md76H4LxoN-B4dnoZM7XaXDDBcXGlC-caOCi6Uc]

11-10 10:28:00.775  3562  5667 I Finsky  : [8330] fxs.d(3): com.wallapop: Account determined from installer data - [rJj4Md76H4LxoN-B4dnoZM7XaXDDBcXGlC-caOCi6Uc]

11-10 10:28:00.775  3562  5667 I Finsky  : [8330] fxs.d(14): com.wallapop: Account from preferred account - [rJj4Md76H4LxoN-B4dnoZM7XaXDDBcXGlC-caOCi6Uc]

11-10 10:28:00.971  4211  4310 I WindowManager: reset, Reparenting to original parent, shouldDeferScheduleAnimation=false, destroyLeash=true, surface=Surface(name=AppWindowToken{df424bf token=Token{b8c7ade ActivityRecord{e1bea19 u0 com.wallapop/com.rewallapop.ui.main.MainActivity t2122}}})/@0xe62ee9f, parent=Surface(name=Task=2122)/@0x2ce3bec, parentNativeHandle=android.os.BinderProxy@ea21c84, caller=com.android.server.wm.SurfaceAnimator.lambda$getFinishedCallback$0:97 com.android.server.wm.-$$Lambda$SurfaceAnimator$SIBia0mND666K8lMCPsoid8pUTI.run:4 com.android.server.wm.SurfaceAnimator.lambda$getFinishedCallback$1:104 com.android.server.wm.-$$Lambda$SurfaceAnimator$vdRZk66hQVbQCvVXEaQCT1kVmFc.onAnimationFinished:4 com.android.server.wm.LocalAnimationAdapter.lambda$startAnimation$0:74

11-10 10:28:00.971  4211  4310 D SurfaceControl: reparent is called, sc=Surface(name=AppWindowToken{df424bf token=Token{b8c7ade ActivityRecord{e1bea19 u0 com.wallapop/com.rewallapop.ui.main.MainActivity t2122}}})/@0xe62ee9f, newParentHandle=android.os.BinderProxy@ea21c84, transaction=android.view.SurfaceControl$Transaction@911d5bb

11-10 10:28:00.972  4211  4310 D SurfaceControl: destroy(transaction), animation-leash is destroyed, sc=Surface(name=Surface(name=AppWindowToken{df424bf token=Token{b8c7ade ActivityRecord{e1bea19 u0 com.wallapop/com.rewallapop.ui.main.MainActivity t2122}}})/@0xe62ee9f - animation-leash)/@0x48b0a17, transaction=android.view.SurfaceControl$Transaction@911d5bb, caller=com.android.server.wm.SurfaceAnimator.reset:338 com.android.server.wm.SurfaceAnimator.lambda$getFinishedCallback$0:97 com.android.server.wm.-$$Lambda$SurfaceAnimator$SIBia0mND666K8lMCPsoid8pUTI.run:4 com.android.server.wm.SurfaceAnimator.lambda$getFinishedCallback$1:104 com.android.server.wm.-$$Lambda$SurfaceAnimator$vdRZk66hQVbQCvVXEaQCT1kVmFc.onAnimationFinished:4 com.android.server.wm.LocalAnimationAdapter.lambda$startAnimation$0:74 com.android.server.wm.-$$Lambda$LocalAnimationAdapter$X--EomqUvw4qy89IeeTFTH7aCMo.run:4

11-10 10:28:00.988  3727  5001 D Layer   : [AppWindowToken{df424bf token=Token{b8c7ade ActivityRecord{e1bea19 u0 com.wallapop/com.rewallapop.ui.main.MainActivity t2122}}}#0]::reparent oldParent:[Surface(name=AppWindowToken{df424bf token=Token{b8c7ade ActivityRecord{e1bea19 u0 com.wallapop/com.rewallapop.ui.main.MainActivity t2122}}})/@0xe62ee9f - animation-leash#0], newParent:[Task=2122#0]

11-10 10:28:00.988  3727  5001 I SurfaceFlinger: id=23663 Removed Surface(name=AppWindowToken{df424bf token=Token{b8c7ade ActivityRecord{e1bea19 u0 com.wallapop/com.rewallapop.ui.main.MainActivity t2122}}})/@0xe62ee9f - animation-leash#0 (0/53)

11-10 10:28:01.004  3727  3727 I Layer   : id=23663 onRemoved Surface(name=AppWindowToken{df424bf token=Token{b8c7ade ActivityRecord{e1bea19 u0 com.wallapop/com.rewallapop.ui.main.MainActivity t2122}}})/@0xe62ee9f - animation-leash#0

11-10 10:28:01.012  4211  6758 D SamsungAlarmManager: Cancel Alarm calling from uid:10311 pid :10835 / op:PendingIntent{377899c: PendingIntentRecord{c20632f com.wallapop broadcastIntent}}

11-10 10:28:01.251 10835 10835 W com.wallapop: Accessing hidden method Landroid/widget/TextView;->getTextDirectionHeuristic()Landroid/text/TextDirectionHeuristic; (light greylist, linking)

11-10 10:28:01.257 10835 10835 W com.wallapop: Accessing hidden method Landroid/graphics/FontFamily;-><init>()V (light greylist, reflection)

11-10 10:28:01.257 10835 10835 W com.wallapop: Accessing hidden method Landroid/graphics/FontFamily;->addFontFromAssetManager(Landroid/content/res/AssetManager;Ljava/lang/String;IZIII[Landroid/graphics/fonts/FontVariationAxis;)Z (light greylist, reflection)

11-10 10:28:01.257 10835 10835 W com.wallapop: Accessing hidden method Landroid/graphics/FontFamily;->addFontFromBuffer(Ljava/nio/ByteBuffer;I[Landroid/graphics/fonts/FontVariationAxis;II)Z (light greylist, reflection)

11-10 10:28:01.257 10835 10835 W com.wallapop: Accessing hidden method Landroid/graphics/FontFamily;->freeze()Z (light greylist, reflection)

11-10 10:28:01.257 10835 10835 W com.wallapop: Accessing hidden method Landroid/graphics/FontFamily;->abortCreation()V (light greylist, reflection)

11-10 10:28:01.257 10835 10835 W com.wallapop: Accessing hidden method Landroid/graphics/Typeface;->createFromFamiliesWithDefault([Landroid/graphics/FontFamily;Ljava/lang/String;II)Landroid/graphics/Typeface; (light greylist, reflection)

11-10 10:28:01.470 10835 11081 I com.wallapop: The ClassLoaderContext is a special shared library.

11-10 10:28:02.173  4211  4390 D WifiTrafficPoller: TrafficStats TxPkts=766581 RxPkts=1361903 TxBytes=174816791 RxBytes=1289498879 , Foreground uid=10311 pkgName=com.wallapop TxPackets=63711 RxPackets=72122 TxBytes=9810054 RxBytes=71179542

11-10 10:28:02.243 10835 10840 I com.wallapop: Compiler allocated 4MB to compile void android.widget.TextView.<init>(android.content.Context, android.util.AttributeSet, int, int)

11-10 10:28:02.424  4211  5239 D ActivityManagerPerformance: Received MSG_DISABLE_ACT_START, r: ActivityRecord{a8d0ac5 u0 com.wallapop/com.rewallapop.ui.wall.WallActivity t2122}

11-10 10:28:02.425  3727  3727 I SurfaceFlinger: id=23664 createSurf (4440x4440),2 flag=4, 36d92a6 com.wallapop/com.rewallapop.ui.wall.WallActivity#0

11-10 10:28:02.457  3562  5667 I Finsky  : [8330] fxs.d(3): com.wallapop: Account determined from installer data - [rJj4Md76H4LxoN-B4dnoZM7XaXDDBcXGlC-caOCi6Uc]

11-10 10:28:02.458  3562  5667 I Finsky  : [8330] fxs.d(14): com.wallapop: Account from preferred account - [rJj4Md76H4LxoN-B4dnoZM7XaXDDBcXGlC-caOCi6Uc]

11-10 10:28:02.666  3562  5667 I Finsky  : [8330] fxs.d(3): com.wallapop: Account determined from installer data - [rJj4Md76H4LxoN-B4dnoZM7XaXDDBcXGlC-caOCi6Uc]

11-10 10:28:02.667  3562  5667 I Finsky  : [8330] fxs.d(14): com.wallapop: Account from preferred account - [rJj4Md76H4LxoN-B4dnoZM7XaXDDBcXGlC-caOCi6Uc]

11-10 10:28:02.766  3562  5667 I Finsky  : [8330] fxs.d(3): com.wallapop: Account determined from installer data - [rJj4Md76H4LxoN-B4dnoZM7XaXDDBcXGlC-caOCi6Uc]

11-10 10:28:02.767  3562  5667 I Finsky  : [8330] fxs.d(14): com.wallapop: Account from preferred account - [rJj4Md76H4LxoN-B4dnoZM7XaXDDBcXGlC-caOCi6Uc]

11-10 10:28:02.841  3562  5667 I Finsky  : [8330] fxs.d(3): com.wallapop: Account determined from installer data - [rJj4Md76H4LxoN-B4dnoZM7XaXDDBcXGlC-caOCi6Uc]

11-10 10:28:02.842  3562  5667 I Finsky  : [8330] fxs.d(14): com.wallapop: Account from preferred account - [rJj4Md76H4LxoN-B4dnoZM7XaXDDBcXGlC-caOCi6Uc]

11-10 10:28:02.860 10835 10846 I com.wallapop: Background concurrent copying GC freed 124913(8MB) AllocSpace objects, 39(2MB) LOS objects, 50% free, 18MB/36MB, paused 963us total 238.767ms

11-10 10:28:03.211  4211  5662 V WindowManager: Relayout Window{36d92a6 u0 com.wallapop/com.rewallapop.ui.wall.WallActivity}: viewVisibility=0 req=1080x2220 {(0,0)(fillxfill) sim={adjust=resize forwardNavigation} ty=BASE_APPLICATION wanim=0x10302fe

11-10 10:28:03.216  3727  3727 I SurfaceFlinger: id=23665 createSurf (1080x2220),1 flag=404, com.wallapop/com.rewallapop.ui.wall.WallActivity[10835]#0

11-10 10:28:03.218  4211  5662 D WindowManager: makeSurface duration=3 name=com.wallapop/com.rewallapop.ui.wall.WallActivity[10835]

11-10 10:28:03.219  4211  5662 V WindowManager: Changing focus from null to Window{36d92a6 u0 com.wallapop/com.rewallapop.ui.wall.WallActivity} Callers=com.android.server.wm.WindowManagerService.relayoutWindow:2526 com.android.server.wm.Session.relayoutForTranslate:302 android.view.IWindowSession$Stub.onTransact:518 com.android.server.wm.Session.onTransact:186

11-10 10:28:03.219  4211  4228 D WindowManager: setSystemUiVisibility: vis= 0xa518, fullscreenVis= 0x2000, dockedVis= 0x0, win=Window{36d92a6 u0 com.wallapop/com.rewallapop.ui.wall.WallActivity}

11-10 10:28:03.222  4211  4242 D WindowManager: reportFocusChangedSerialized, focused=true, inTouchMode=true, win=Window{36d92a6 u0 com.wallapop/com.rewallapop.ui.wall.WallActivity}

11-10 10:28:03.325  3562  5667 I Finsky  : [8330] fxs.d(3): com.wallapop: Account determined from installer data - [rJj4Md76H4LxoN-B4dnoZM7XaXDDBcXGlC-caOCi6Uc]

11-10 10:28:03.329  3562  5667 I Finsky  : [8330] fxs.d(14): com.wallapop: Account from preferred account - [rJj4Md76H4LxoN-B4dnoZM7XaXDDBcXGlC-caOCi6Uc]

11-10 10:28:03.580  4211  6758 D WindowManager: finishDrawingWindow: Window{36d92a6 u0 com.wallapop/com.rewallapop.ui.wall.WallActivity} mDrawState=DRAW_PENDING

11-10 10:28:03.583  4211  4310 I WindowManager: commitFinishDrawingLocked: mDrawState=READY_TO_SHOW Surface(name=com.wallapop/com.rewallapop.ui.wall.WallActivity[10835])/@0x84c70f4

11-10 10:28:03.583  4211  4310 V WindowManager: Resize reasons for w=Window{36d92a6 u0 com.wallapop/com.rewallapop.ui.wall.WallActivity}:  contentInsetsChanged=false [0,63][0,126] visibleInsetsChanged=false [0,63][0,126] stableInsetsChanged=false [0,63][0,126] outsetsChanged=false [0,0][0,0] surfaceResized=false configChanged=false dragResizingChanged=false reportOrientationChanged=false displayCutoutChanged=false nextForceRelayoutToClient=false

11-10 10:28:03.589  4211  4310 I WindowManager: commitFinishDrawingLocked: mDrawState=READY_TO_SHOW Surface(name=com.wallapop/com.rewallapop.ui.wall.WallActivity[10835])/@0x84c70f4

11-10 10:28:03.589  4211  4310 I WindowManager: Cancelling animation restarting=false, leash=null, surface=Surface(name=36d92a6 com.wallapop/com.rewallapop.ui.wall.WallActivity)/@0x3aea01d, parent=Surface(name=AppWindowToken{ada034b token=Token{b3cc1a ActivityRecord{a8d0ac5 u0 com.wallapop/com.rewallapop.ui.wall.WallActivity t2122}}})/@0x9913292

11-10 10:28:03.590  4211  4310 V WindowManager: performShowLocked: mDrawState=HAS_DRAWN in Window{36d92a6 u0 com.wallapop/com.rewallapop.ui.wall.WallActivity}

11-10 10:28:03.602  4211  4242 I ActivityManager: Displayed com.wallapop/com.rewallapop.ui.wall.WallActivity: +2s943ms (total +11s636ms)

11-10 10:28:03.616  4211  4310 V WindowManager: Remove Window{4dc7690 u0 Splash Screen com.wallapop}: mSurfaceController=Surface(name=Splash Screen com.wallapop)/@0xc995e9a mAnimatingExit=false mRemoveOnExit=false mHasSurface=true surfaceShowing=true isAnimationSet=false app-animation=false mWillReplaceWindow=false inPendingTransaction=false mDisplayFrozen=false callers=com.android.server.wm.WindowState.removeIfPossible:2764 com.android.server.wm.WindowManagerService.removeWindow:1943 com.android.server.wm.Session.remove:268 android.view.ViewRootImpl.dispatchDetachedFromWindow:4565 android.view.ViewRootImpl.doDie:7996 android.view.ViewRootImpl$ViewRootHandler.handleMessage:4987

11-10 10:28:03.617  4211  4310 I WindowManager: Cancelling animation restarting=true, leash=null, surface=Surface(name=4dc7690 Splash Screen com.wallapop)/@0x2d67128, parent=Surface(name=AppWindowToken{ada034b token=Token{b3cc1a ActivityRecord{a8d0ac5 u0 com.wallapop/com.rewallapop.ui.wall.WallActivity t2122}}})/@0x9913292

11-10 10:28:03.617  4211  4310 I WindowManager: Reparenting to leash, surface=Surface(name=4dc7690 Splash Screen com.wallapop)/@0x2d67128

11-10 10:28:03.625  3727  3727 I SurfaceFlinger:      Device | 0x70dda20b00 | 0002 | RGBA_8888 |   0.0    0.0 1080.0 2220.0 |    0    0 1080 2220 | com.wallapop/com.rewallapop.ui.wall.WallActivity[10835]#0

11-10 10:28:03.625  3727  3727 I SurfaceFlinger:      Device | 0x70dda1f240 | 0000 | RGBA_8888 |   0.0    0.0 1080.0 2220.0 |    0    0 1080 2220 | Splash Screen com.wallapop#0

11-10 10:28:03.626  3727  3727 I SurfaceFlinger: id=23666 createSurf (4440x4440),2 flag=4, Surface(name=4dc7690 Splash Screen com.wallapop)/@0x2d67128 - animation-leash#0

11-10 10:28:03.633  4211  4310 D WindowManager: makeSurface duration=16 leash=Surface(name=Surface(name=4dc7690 Splash Screen com.wallapop)/@0x2d67128 - animation-leash)/@0xd39a860

11-10 10:28:03.633  4211  4310 D SurfaceControl: reparent is called, sc=Surface(name=4dc7690 Splash Screen com.wallapop)/@0x2d67128, newParentHandle=android.os.BinderProxy@d1a2119, transaction=android.view.SurfaceControl$Transaction@9328fe6

11-10 10:28:03.640  3727  3770 D Layer   : [4dc7690 Splash Screen com.wallapop#0]::reparent oldParent:[AppWindowToken{ada034b token=Token{b3cc1a ActivityRecord{a8d0ac5 u0 com.wallapop/com.rewallapop.ui.wall.WallActivity t2122}}}#0], newParent:[Surface(name=4dc7690 Splash Screen com.wallapop)/@0x2d67128 - animation-leash#0]

11-10 10:28:03.791  4211  4310 I WindowManager: reset, Reparenting to original parent, shouldDeferScheduleAnimation=false, destroyLeash=true, surface=Surface(name=4dc7690 Splash Screen com.wallapop)/@0x2d67128, parent=Surface(name=AppWindowToken{ada034b token=Token{b3cc1a ActivityRecord{a8d0ac5 u0 com.wallapop/com.rewallapop.ui.wall.WallActivity t2122}}})/@0x9913292, parentNativeHandle=android.os.BinderProxy@8b88e41, caller=com.android.server.wm.SurfaceAnimator.lambda$getFinishedCallback$0:97 com.android.server.wm.-$$Lambda$SurfaceAnimator$SIBia0mND666K8lMCPsoid8pUTI.run:4 com.android.server.wm.SurfaceAnimator.lambda$getFinishedCallback$1:104 com.android.server.wm.-$$Lambda$SurfaceAnimator$vdRZk66hQVbQCvVXEaQCT1kVmFc.onAnimationFinished:4 com.android.server.wm.LocalAnimationAdapter.lambda$startAnimation$0:74

11-10 10:28:03.792  4211  4310 D SurfaceControl: reparent is called, sc=Surface(name=4dc7690 Splash Screen com.wallapop)/@0x2d67128, newParentHandle=android.os.BinderProxy@8b88e41, transaction=android.view.SurfaceControl$Transaction@9328fe6

11-10 10:28:03.792  4211  4310 D SurfaceControl: destroy(transaction), animation-leash is destroyed, sc=Surface(name=Surface(name=4dc7690 Splash Screen com.wallapop)/@0x2d67128 - animation-leash)/@0xd39a860, transaction=android.view.SurfaceControl$Transaction@9328fe6, caller=com.android.server.wm.SurfaceAnimator.reset:338 com.android.server.wm.SurfaceAnimator.lambda$getFinishedCallback$0:97 com.android.server.wm.-$$Lambda$SurfaceAnimator$SIBia0mND666K8lMCPsoid8pUTI.run:4 com.android.server.wm.SurfaceAnimator.lambda$getFinishedCallback$1:104 com.android.server.wm.-$$Lambda$SurfaceAnimator$vdRZk66hQVbQCvVXEaQCT1kVmFc.onAnimationFinished:4 com.android.server.wm.LocalAnimationAdapter.lambda$startAnimation$0:74 com.android.server.wm.-$$Lambda$LocalAnimationAdapter$X--EomqUvw4qy89IeeTFTH7aCMo.run:4

11-10 10:28:03.793  4211  4310 E WindowManager: win=Window{4dc7690 u0 Splash Screen com.wallapop EXITING} destroySurfaces: appStopped=false win.mWindowRemovalAllowed=true win.mRemoveOnExit=true win.mViewVisibility=0 caller=com.android.server.wm.AppWindowToken.destroySurfaces:870 com.android.server.wm.AppWindowToken.destroySurfaces:851 com.android.server.wm.WindowState.onExitAnimationDone:5436 com.android.server.wm.WindowStateAnimator.onAnimationFinished:319 com.android.server.wm.WindowState.onAnimationFinished:5858 com.android.server.wm.-$$Lambda$yVRF8YoeNdTa8GR1wDStVsHu8xM.run:2 com.android.server.wm.SurfaceAnimator.lambda$getFinishedCallback$0:100

11-10 10:28:03.794  4211  4310 I WindowManager: Destroying surface Surface(name=Splash Screen com.wallapop)/@0xc995e9a called by com.android.server.wm.WindowStateAnimator.destroySurface:1901 com.android.server.wm.WindowStateAnimator.destroySurfaceLocked:838 com.android.server.wm.WindowState.destroySurfaceUnchecked:3839 com.android.server.wm.WindowState.destroySurface:3820 com.android.server.wm.AppWindowToken.destroySurfaces:870 com.android.server.wm.AppWindowToken.destroySurfaces:851 com.android.server.wm.WindowState.onExitAnimationDone:5436 com.android.server.wm.WindowStateAnimator.onAnimationFinished:319

11-10 10:28:03.794  3727  3770 I SurfaceFlinger: id=23659 Removed Splash Screen com.wallapop#0 (0/55)

11-10 10:28:03.808  3727  3727 I Layer   : id=23659 onRemoved Splash Screen com.wallapop#0

11-10 10:28:03.808  3727  3770 W SurfaceFlinger: Attempting to set client state on removed layer: Splash Screen com.wallapop#0 [s.what : 40]

11-10 10:28:03.809  3727  3770 D Layer   : [4dc7690 Splash Screen com.wallapop#0]::reparent oldParent:[Surface(name=4dc7690 Splash Screen com.wallapop)/@0x2d67128 - animation-leash#0], newParent:[AppWindowToken{ada034b token=Token{b3cc1a ActivityRecord{a8d0ac5 u0 com.wallapop/com.rewallapop.ui.wall.WallActivity t2122}}}#0]

11-10 10:28:03.809  3727  3770 W SurfaceFlinger: Attempting to destroy on removed layer: Splash Screen com.wallapop#0

11-10 10:28:03.809  3727  3770 I SurfaceFlinger: id=23666 Removed Surface(name=4dc7690 Splash Screen com.wallapop)/@0x2d67128 - animation-leash#0 (2/54)

11-10 10:28:03.809  3727  3770 I SurfaceFlinger: id=23658 Removed 4dc7690 Splash Screen com.wallapop#0 (1/53)

11-10 10:28:03.813  3727  3727 I SurfaceFlinger:      Device | 0x70dda20b00 | 0002 | RGBA_8888 |   0.0    0.0 1080.0 2220.0 |    0    0 1080 2220 | com.wallapop/com.rewallapop.ui.wall.WallActivity[10835]#0

11-10 10:28:03.820 10835 10835 V InputMethodManager: Starting input: tba=com.wallapop ic=null mNaviBarColor -1 mIsGetNaviBarColorSuccess true , NavVisible : true , NavTrans : false

11-10 10:28:03.824  4211  6758 V InputMethodManagerService: windowGainedFocus : reason=WINDOW_FOCUS_GAIN client=android.os.BinderProxy@4a022da inputContext=null missingMethods= attribute=android.view.inputmethod.EditorInfo@9e5da51 nm = com.wallapop controlFlags=#104 softInputMode=#110 windowFlags=#81810100

11-10 10:28:03.824  3727  3727 I Layer   : id=23666 onRemoved Surface(name=4dc7690 Splash Screen com.wallapop)/@0x2d67128 - animation-leash#0

11-10 10:28:03.824  3727  3727 I Layer   : id=23658 onRemoved 4dc7690 Splash Screen com.wallapop#0

11-10 10:28:04.015 10835 10835 V InputMethodManager: Starting input: tba=com.wallapop ic=null mNaviBarColor -1 mIsGetNaviBarColorSuccess true , NavVisible : true , NavTrans : false

11-10 10:28:04.024  3562  5667 I Finsky  : [8330] fxs.d(3): com.wallapop: Account determined from installer data - [rJj4Md76H4LxoN-B4dnoZM7XaXDDBcXGlC-caOCi6Uc]

11-10 10:28:04.025  3562  5667 I Finsky  : [8330] fxs.d(14): com.wallapop: Account from preferred account - [rJj4Md76H4LxoN-B4dnoZM7XaXDDBcXGlC-caOCi6Uc]

11-10 10:28:04.036  3562  5667 I Finsky  : [8330] fxs.d(3): com.wallapop: Account determined from installer data - [rJj4Md76H4LxoN-B4dnoZM7XaXDDBcXGlC-caOCi6Uc]

11-10 10:28:04.038  3562  5667 I Finsky  : [8330] fxs.d(14): com.wallapop: Account from preferred account - [rJj4Md76H4LxoN-B4dnoZM7XaXDDBcXGlC-caOCi6Uc]

11-10 10:28:04.105  4622  4682 E RequestManager_FLP: [FusedLocationApi] Location request f9001c0(Listener) PRIORITY_BALANCED_POWER_ACCURACY interval=300000 from com.wallapop

11-10 10:28:04.148  4211  6755 I WindowManager: Cancelling animation restarting=false, leash=null, surface=Surface(name=AppWindowToken{df424bf token=Token{b8c7ade ActivityRecord{e1bea19 u0 com.wallapop/com.rewallapop.ui.main.MainActivity t2122}}})/@0xe62ee9f, parent=Surface(name=Task=2122)/@0x2ce3bec

11-10 10:28:04.159  3727  5386 I SurfaceFlinger: id=23657 Removed AppWindowToken{df424bf token=Token{b8c7ade ActivityRecord{e1bea19 u0 com.wallapop/com.rewallapop.ui.main.MainActivity t2122}}}#0 (0/52)

11-10 10:28:04.170  4211  4228 D CodecSolution: isMaxAspectPackageEx: com.wallapop : true(2)

11-10 10:28:04.175  3727  3727 I Layer   : id=23657 onRemoved AppWindowToken{df424bf token=Token{b8c7ade ActivityRecord{e1bea19 u0 com.wallapop/com.rewallapop.ui.main.MainActivity t2122}}}#0

11-10 10:28:04.299  4211  4669 D MdnieScenarioControlService:  packageName : com.wallapop    className : com.rewallapop.ui.wall.WallActivity

11-10 10:28:04.499 10835 10835 W com.wallapop: Accessing hidden field Landroid/view/View;->mAccessibilityDelegate:Landroid/view/View$AccessibilityDelegate; (light greylist, reflection)

11-10 10:28:04.735 10835 10846 I com.wallapop: Background concurrent copying GC freed 157250(10MB) AllocSpace objects, 94(8MB) LOS objects, 38% free, 38MB/62MB, paused 462us total 213.247ms

11-10 10:28:05.410 10835 10835 W View    : requestLayout() improperly called by com.wallapop.design.view.WallapopTextView{b2a554b V.ED..... ......ID 47,26-47,86 #7f0a0904 app:id/wp__home__tv_bubble} during layout: running second layout pass

11-10 10:28:06.272  4211  4390 D WifiTrafficPoller: TrafficStats TxPkts=766812 RxPkts=1362147 TxBytes=174874250 RxBytes=1289616455 , Foreground uid=10311 pkgName=com.wallapop TxPackets=63901 RxPackets=72307 TxBytes=9843756 RxBytes=71283852

11-10 10:28:07.455  4211  6758 D WifiPermissionsUtil: canAccessScanResults: pkgName = com.wallapop, uid = 10311

11-10 10:28:07.990 10835 11118 D Amazon DTB Ads API: with query params:[?dt=android&app=app&dinfo=%7B%22os%22%3A%22Android%22%2C%22model%22%3A%22SM-A750FN%22%2C%22make%22%3A%22samsung%22%2C%22osVersion%22%3A%229%22%2C%22connectionType%22%3A%22Wifi%22%2C%22country%22%3A%22ES%22%2C%22scalingFactor%22%3A%222.625%22%2C%22carrier%22%3A%22JAZZTEL%22%2C%22language%22%3A%22es%22%2C%22screenSize%22%3A%221080x2094%22%2C%22orientation%22%3A%22portrait%22%7D&oo=0&aud=3p&idfa=bf505ce3-e614-4d9a-a4d7-9c324edc6560&appId=d2ba46e2d5ef4c9883051d9c8d0125d5&sdkVer=aps-android-7.4.3&ua=Dalvik%2F2.1.0%20%28Linux%3B%20U%3B%20Android%209%3B%20SM-A750FN%20Build%2FPPR1.180610.011%29&pkg=%7B%22lbl%22%3A%22_Wallapop_%22%2C%22pn%22%3A%22com.wallapop%22%2C%22v%22%3A%221850000%22%2C%22vn%22%3A%221.85.0-d1910251130%22%7D]

11-10 10:28:08.497 10835 11118 D Amazon DTB Ads API: Error while connecting to remote server: https://s.amazon-adsystem.com/api3/generate_did?dt=android&app=app&dinfo=%7B%22os%22%3A%22Android%22%2C%22model%22%3A%22SM-A750FN%22%2C%22make%22%3A%22samsung%22%2C%22osVersion%22%3A%229%22%2C%22connectionType%22%3A%22Wifi%22%2C%22country%22%3A%22ES%22%2C%22scalingFactor%22%3A%222.625%22%2C%22carrier%22%3A%22JAZZTEL%22%2C%22language%22%3A%22es%22%2C%22screenSize%22%3A%221080x2094%22%2C%22orientation%22%3A%22portrait%22%7D&oo=0&aud=3p&idfa=bf505ce3-e614-4d9a-a4d7-9c324edc6560&appId=d2ba46e2d5ef4c9883051d9c8d0125d5&sdkVer=aps-android-7.4.3&ua=Dalvik%2F2.1.0%20%28Linux%3B%20U%3B%20Android%209%3B%20SM-A750FN%20Build%2FPPR1.180610.011%29&pkg=%7B%22lbl%22%3A%22_Wallapop_%22%2C%22pn%22%3A%22com.wallapop%22%2C%22v%22%3A%221850000%22%2C%22vn%22%3A%221.85.0-d1910251130%22%7D with error:Chain validation failed

11-10 10:28:08.499 10835 11118 E Amazon DTB Ads API: 	at com.wallapop.thirdparty.ads.b.a.a(SourceFile:43)

11-10 10:28:08.499 10835 11118 E Amazon DTB Ads API: 	at com.wallapop.thirdparty.ads.b.a$b$1.invokeSuspend(SourceFile:34)

11-10 10:28:08.499 10835 11118 E Amazon DTB Ads API: 	at com.wallapop.thirdparty.ads.b.a$b$1.invoke(Unknown Source:10)

11-10 10:28:08.499 10835 11118 E Amazon DTB Ads API: 	at com.wallapop.thirdparty.ads.b.a$b.invokeSuspend(SourceFile:33)

11-10 10:28:08.632 10835 11377 D Amazon DTB Ads API: with query params:[?dt=android&app=app&dinfo=%7B%22os%22%3A%22Android%22%2C%22model%22%3A%22SM-A750FN%22%2C%22make%22%3A%22samsung%22%2C%22osVersion%22%3A%229%22%2C%22connectionType%22%3A%22Wifi%22%2C%22country%22%3A%22ES%22%2C%22scalingFactor%22%3A%222.625%22%2C%22carrier%22%3A%22JAZZTEL%22%2C%22language%22%3A%22es%22%2C%22screenSize%22%3A%221080x2094%22%2C%22orientation%22%3A%22portrait%22%7D&oo=0&aud=3p&idfa=bf505ce3-e614-4d9a-a4d7-9c324edc6560&appId=d2ba46e2d5ef4c9883051d9c8d0125d5&sdkVer=aps-android-7.4.3&ua=Dalvik%2F2.1.0%20%28Linux%3B%20U%3B%20Android%209%3B%20SM-A750FN%20Build%2FPPR1.180610.011%29&pkg=%7B%22lbl%22%3A%22_Wallapop_%22%2C%22pn%22%3A%22com.wallapop%22%2C%22v%22%3A%221850000%22%2C%22vn%22%3A%221.85.0-d1910251130%22%7D]

11-10 10:28:09.167 10835 10846 I com.wallapop: Background concurrent copying GC freed 391682(21MB) AllocSpace objects, 165(21MB) LOS objects, 50% free, 23MB/46MB, paused 2.224ms total 230.807ms

11-10 10:28:09.179 10835 11377 D Amazon DTB Ads API: Error while connecting to remote server: https://s.amazon-adsystem.com/api3/generate_did?dt=android&app=app&dinfo=%7B%22os%22%3A%22Android%22%2C%22model%22%3A%22SM-A750FN%22%2C%22make%22%3A%22samsung%22%2C%22osVersion%22%3A%229%22%2C%22connectionType%22%3A%22Wifi%22%2C%22country%22%3A%22ES%22%2C%22scalingFactor%22%3A%222.625%22%2C%22carrier%22%3A%22JAZZTEL%22%2C%22language%22%3A%22es%22%2C%22screenSize%22%3A%221080x2094%22%2C%22orientation%22%3A%22portrait%22%7D&oo=0&aud=3p&idfa=bf505ce3-e614-4d9a-a4d7-9c324edc6560&appId=d2ba46e2d5ef4c9883051d9c8d0125d5&sdkVer=aps-android-7.4.3&ua=Dalvik%2F2.1.0%20%28Linux%3B%20U%3B%20Android%209%3B%20SM-A750FN%20Build%2FPPR1.180610.011%29&pkg=%7B%22lbl%22%3A%22_Wallapop_%22%2C%22pn%22%3A%22com.wallapop%22%2C%22v%22%3A%221850000%22%2C%22vn%22%3A%221.85.0-d1910251130%22%7D with error:Chain validation failed

11-10 10:28:09.310 10835 11377 D Amazon DTB Ads API: with json params:[{"oo":"false","dinfo":{"os":"Android","model":"SM-A750FN","make":"samsung","osVersion":"9","connectionType":"Wifi","country":"ES","scalingFactor":"2.625","carrier":"JAZZTEL","language":"es","screenSize":"1080x2094","orientation":"portrait"},"adsdk":"aps-android-7.4.3","slots":[{"sz":"320x50","slot":"f414d83c-ab9f-4e02-9c59-5137663ee6c7","slotId":1,"supportedMediaTypes":["DISPLAY"]}],"mraid":["1.0","2.0","3.0"],"appId":"d2ba46e2d5ef4c9883051d9c8d0125d5","idfa":"bf505ce3-e614-4d9a-a4d7-9c324edc6560","geoloc":"41.4058221,2.1864421,18.994","isDTBMobile":"true","ua":"Dalvik\/2.1.0 (Linux; U; Android 9; SM-A750FN Build\/PPR1.180610.011)","pkg":{"lbl":"_Wallapop_","pn":"com.wallapop","v":"1850000","vn":"1.85.0-d1910251130"},"gdpr":{"e":"1","c":"BOR0xKKOR0xKKABABAENBZ-AAAAfZ7_______9______9uz_Gv_v_f__33e8__9v_l_7_-___u_-33d4-_1vX99yfm1-7ftr3tp_86ues2vHqK9ZoA"}}]

11-10 10:28:09.553 10835 10835 W com.wallapop: Accessing hidden method Landroid/media/AudioTrack;->getLatency()I (light greylist, reflection)

11-10 10:28:09.957  4211  4475 I CodecSolution: pid(10835) pkg(com.wallapop)

11-10 10:28:09.982  4211  6755 D CodecSolution: topName : com.wallapop

11-10 10:28:09.982  4211  6755 I CodecSolution: Top : com.wallapop

11-10 10:28:09.982  4211  6755 D SCPMHelper: getPackageInfo(com.wallapop)

11-10 10:28:10.355  4211  4390 D WifiTrafficPoller: TrafficStats TxPkts=767163 RxPkts=1362562 TxBytes=174965359 RxBytes=1289869015 , Foreground uid=10311 pkgName=com.wallapop TxPackets=64199 RxPackets=72602 TxBytes=9906045 RxBytes=71487698

11-10 10:28:10.482  4211  4475 I CodecSolution: pid(10835) pkg(com.wallapop)

11-10 10:28:10.492  4211  4809 D CodecSolution: topName : com.wallapop

11-10 10:28:10.493  4211  4809 I CodecSolution: Top : com.wallapop

11-10 10:28:10.493  4211  4809 D SCPMHelper: getPackageInfo(com.wallapop)

11-10 10:28:10.547 10835 11412 I chatty  : uid=10311(com.wallapop) CodecLooper identical 1 line

11-10 10:28:10.890 10835 11394 I chatty  : uid=10311(com.wallapop) CodecLooper identical 1 line

11-10 10:28:11.383 10835 11412 I chatty  : uid=10311(com.wallapop) CodecLooper identical 1 line

11-10 10:28:14.166 10835 10846 I com.wallapop: Background concurrent copying GC freed 262288(14MB) AllocSpace objects, 193(8MB) LOS objects, 49% free, 24MB/48MB, paused 407us total 203.355ms

11-10 10:28:14.341  4211  4349 V SamsungAlarmManager: Sending to uid : 10311 action=com.appboy.action.receiver.DATA_SYNC alarm=Alarm{a35ff72 type 1 when 1573378094338 com.wallapop}

11-10 10:28:14.410  4211  4390 D WifiTrafficPoller: TrafficStats TxPkts=767285 RxPkts=1362775 TxBytes=175015475 RxBytes=1289977423 , Foreground uid=10311 pkgName=com.wallapop TxPackets=64299 RxPackets=72707 TxBytes=9944557 RxBytes=71533770


