Executed '[C58894] Chat: Active conversations - Conversations information' on 29-10-2019
---------------------------------------------------------------------------------
11-08 23:33:13.523 25850 25899 I appium  : AppiumResponse: {"sessionId":"4bffa069-3a16-4c4c-ada6-0a149b2f2e94","value":{"sessionId":"4bffa069-3a16-4c4c-ada6-0a149b2f2e94","capabilities":{"firstMatch":[{"platform":"LINUX","webStorageEnabled":false,"takesScreenshot":true,"javascriptEnabled":true,"databaseEnabled":false,"networkConnectionEnabled":true,"locationContextEnabled":false,"warnings":{},"desired":{"platformName":"android","normalizeTagNames":true,"androidInstallTimeout":150000,"app":"","appActivity":"com.rewallapop.ui.main.MainActivity","appPackage":"com.wallapop","isHeadless":false,"skipDeviceInitialization":true,"autoAcceptAlerts":true,"autoGrantPermissions":true,"automationName":"UiAutomator2","avd":"","deviceName":"3200f02dc0aab5db","deviceReadyTimeout":1,"fullReset":false,"ignoreUnimportantViews":true,"newCommandTimeout":60,"noReset":true,"systemPort":8223,"udid":"3200f02dc0aab5db"},"platformName":"android","normalizeTagNames":true,"androidInstallTimeout":150000,"app":"","appActivity":"com.rewallapop.ui.main.MainActivity","appPackage":"com.wallapop","isHeadless":false,"skipDeviceInitialization":true,"autoAcceptAlerts":true,"autoGrantPermissions":true,"automationName":"UiAutomator2","avd":"","deviceName":"3200f02dc0aab5db","deviceReadyTimeout":1,"fullReset":false,"ignoreUnimportantViews":true,"newCommandTimeout":60,"noReset":true,"systemPort":8223,"udid":"3200f02dc0aab5db","deviceUDID":"3200f02dc0aab5db"}],"alwaysMatch":{}}}}

11-08 23:33:14.126  4211  6393 I ActivityManager: Force stopping com.wallapop appid=10308 user=0: from pid 25906 caller com.android.server.am.ActivityManagerShellCommand.runStartActivity:412

11-08 23:33:14.128  4211  6393 I ActivityManager: Killing 25317:com.wallapop/u0a308 (adj 904): stop com.wallapop,from pid 25906 caller com.android.server.am.ActivityManagerShellCommand.runStartActivity:412

11-08 23:33:14.159  4211  4227 W BroadcastQueue: Background execution not allowed: receiving Intent { act=android.intent.action.PACKAGE_RESTARTED dat=package:com.wallapop flg=0x10 (has extras) } to android/com.kddi.android.CpaNotiReceiver

11-08 23:33:14.160  4211  4211 D SamsungAlarmManager: Remove alarm for next reason : android.intent.action.PACKAGE_RESTARTED : package: com.wallapop

11-08 23:33:14.168  4211  4211 W NotificationListeners: Not binding notification listener service ComponentInfo{com.wallapop.app/com.wallapop.mylistener}: service not found

11-08 23:33:14.168  4211  4211 W NotificationListeners: Not binding notification listener service ComponentInfo{com.wallapop/com.wallapop.mylistener}: service not found

11-08 23:33:14.405  4211  6393 I ActivityManager: START u0 {act=null typ=null flg=0x10000000 cmp=ComponentInfo{com.wallapop/com.rewallapop.ui.main.MainActivity}} from uid 2000

11-08 23:33:14.410  4211  6393 I ActivityManager: [IOP] sourceDir : /data/app/com.wallapop-nN61LgWkU31ss5nH-FafhQ== in ActivityStacksupervisor

11-08 23:33:14.428  3727  3727 I SurfaceFlinger: id=21792 createSurf (4440x4440),2 flag=4, AppWindowToken{557ad55 token=Token{c99100c ActivityRecord{741ff3f u0 com.wallapop/com.rewallapop.ui.main.MainActivity t2066}}}#0

11-08 23:33:14.445  3727  3727 I SurfaceFlinger: id=21793 createSurf (4440x4440),2 flag=4, edc2c0e Splash Screen com.wallapop#0

11-08 23:33:14.445  4211  6759 D StorageManagerService: getExternalStorageMountMode : final mountMode=1, uid : 10308, packageName : com.wallapop

11-08 23:33:14.446  4211  6759 I ApplicationPolicy: isApplicationExternalStorageWhitelisted:com.wallapop user:0

11-08 23:33:14.446  4211  6759 D ActivityManager: package  com.wallapop, user - 0 is SDcard whitelisted

11-08 23:33:14.446  4211  6759 I ApplicationPolicy: isApplicationExternalStorageBlacklisted:com.wallapop user:0

11-08 23:33:14.446  4211  6759 I ApplicationPolicy: isApplicationExternalStorageBlacklisted:com.wallapop user:0

11-08 23:33:14.448  4211  4211 D Telecom:SamsungPrebindingServiceImpl: onTopActivityChanged : ComponentInfo{com.wallapop/com.rewallapop.ui.main.MainActivity}

11-08 23:33:14.453  4211  4310 V WindowManager: Relayout Window{edc2c0e u0 Splash Screen com.wallapop}: viewVisibility=0 req=1080x2220 {(0,0)(fillxfill) sim={adjust=pan} ty=APPLICATION_STARTING fmt=TRANSLUCENT wanim=0x10302fe

11-08 23:33:14.457  3727  3727 I SurfaceFlinger: id=21794 createSurf (1080x2220),1 flag=4, Splash Screen com.wallapop#0

11-08 23:33:14.458  4211  4310 D WindowManager: makeSurface duration=3 name=Splash Screen com.wallapop

11-08 23:33:14.465  4211  6759 V WindowManager: Resize reasons for w=Window{edc2c0e u0 Splash Screen com.wallapop}:  contentInsetsChanged=false [0,63][0,126] visibleInsetsChanged=false [0,63][0,126] stableInsetsChanged=false [0,63][0,126] outsetsChanged=false [0,0][0,0] surfaceResized=false configChanged=false dragResizingChanged=false reportOrientationChanged=false displayCutoutChanged=false nextForceRelayoutToClient=false

11-08 23:33:14.465  4211  4229 I ActivityManager: Start proc 25912:com.wallapop/u0a308 for activity com.wallapop/com.rewallapop.ui.main.MainActivity

11-08 23:33:14.470 25912 25912 I com.wallapop: Late-enabling -Xcheck:jni

11-08 23:33:14.497  4211  4310 D WindowManager: finishDrawingWindow: Window{edc2c0e u0 Splash Screen com.wallapop} mDrawState=DRAW_PENDING

11-08 23:33:14.498  4211  4310 I WindowManager: commitFinishDrawingLocked: mDrawState=READY_TO_SHOW Surface(name=Splash Screen com.wallapop)/@0xf46b828

11-08 23:33:14.502 25912 25912 I com.wallapop: report jit thread pid = 25917

11-08 23:33:14.516  4211  4554 I ActivityManager: DSS on for com.wallapop and scale is 1.0

11-08 23:33:14.520  4211  4554 I WindowManager: commitFinishDrawingLocked: mDrawState=READY_TO_SHOW Surface(name=Splash Screen com.wallapop)/@0xf46b828

11-08 23:33:14.523  4211  4554 D GamePkgDataHelper: notifyAppCreate(), pkgName: com.wallapop, sendRet: true

11-08 23:33:14.523  4211  4473 D GamePkgDataHelper: getGamePkgData(). com.wallapop

11-08 23:33:14.524  4211  4473 D GameManagerService: handleMessage(), MSG_APP_CREATE. ignore. pkgName: com.wallapop

11-08 23:33:14.526  4211  4310 I WindowManager: commitFinishDrawingLocked: mDrawState=READY_TO_SHOW Surface(name=Splash Screen com.wallapop)/@0xf46b828

11-08 23:33:14.528  4211  4554 D GameManagerService: noteResumeComponent(), resumeComponent: com.wallapop

11-08 23:33:14.528  4211  4473 D GameManagerService: handleForegroundChange(). pkgName: com.wallapop, clsName: com.rewallapop.ui.main.MainActivity,FgActivityName:com.wallapop/com.rewallapop.ui.main.MainActivity

11-08 23:33:14.528  4211  4554 D GamePkgDataHelper: getSosPolicy(). com.wallapop

11-08 23:33:14.529  4211  4473 D GameManagerService:   handleForegroundChange(). set mFgApp: com.wallapop

11-08 23:33:14.529  4211  4473 D GameManagerService: notifyResumePause(). pkg: com.wallapop, type: 4, isMinimized: false, isTunableApp: false

11-08 23:33:14.530  4211  7552 D GamePkgDataHelper: getGamePkgDataIncServer(). com.wallapop

11-08 23:33:14.530  4211  4554 D GameManagerService: identifyGamePackage. com.wallapop

11-08 23:33:14.530  4211  4554 D GamePkgDataHelper: getGamePkgData(). com.wallapop

11-08 23:33:14.530  4211  4554 D MARsPolicyManager: onPackageResumedFG pkgName = com.wallapop, userId = 0

11-08 23:33:14.532  4211  4310 I WindowManager: commitFinishDrawingLocked: mDrawState=READY_TO_SHOW Surface(name=Splash Screen com.wallapop)/@0xf46b828

11-08 23:33:14.541  4211  4310 I WindowManager: Cancelling animation restarting=true, leash=null, surface=Surface(name=AppWindowToken{557ad55 token=Token{c99100c ActivityRecord{741ff3f u0 com.wallapop/com.rewallapop.ui.main.MainActivity t2066}}})/@0xb2a7a35, parent=Surface(name=Task=2066)/@0xc505eca

11-08 23:33:14.541  4211  4310 I WindowManager: Reparenting to leash, surface=Surface(name=AppWindowToken{557ad55 token=Token{c99100c ActivityRecord{741ff3f u0 com.wallapop/com.rewallapop.ui.main.MainActivity t2066}}})/@0xb2a7a35

11-08 23:33:14.542  3727  3727 I SurfaceFlinger: id=21796 createSurf (4440x4440),2 flag=4, Surface(name=AppWindowToken{557ad55 token=Token{c99100c ActivityRecord{741ff3f u0 com.wallapop/com.rewallapop.ui.main.MainActivity t2066}}})/@0xb2a7a35 - animation-leash#0

11-08 23:33:14.543  4211  4310 D WindowManager: makeSurface duration=2 leash=Surface(name=Surface(name=AppWindowToken{557ad55 token=Token{c99100c ActivityRecord{741ff3f u0 com.wallapop/com.rewallapop.ui.main.MainActivity t2066}}})/@0xb2a7a35 - animation-leash)/@0x556183b

11-08 23:33:14.543  4211  4310 D SurfaceControl: reparent is called, sc=Surface(name=AppWindowToken{557ad55 token=Token{c99100c ActivityRecord{741ff3f u0 com.wallapop/com.rewallapop.ui.main.MainActivity t2066}}})/@0xb2a7a35, newParentHandle=android.os.BinderProxy@9ac7b58, transaction=android.view.SurfaceControl$Transaction@a1584b1

11-08 23:33:14.544  4211  4310 V WindowManager: performShowLocked: mDrawState=HAS_DRAWN in Window{edc2c0e u0 Splash Screen com.wallapop}

11-08 23:33:14.547  3727  3770 D Layer   : [AppWindowToken{557ad55 token=Token{c99100c ActivityRecord{741ff3f u0 com.wallapop/com.rewallapop.ui.main.MainActivity t2066}}}#0]::reparent oldParent:[Task=2066#0], newParent:[Surface(name=AppWindowToken{557ad55 token=Token{c99100c ActivityRecord{741ff3f u0 com.wallapop/com.rewallapop.ui.main.MainActivity t2066}}})/@0xb2a7a35 - animation-leash#0]

11-08 23:33:14.552  4211  5504 D GamePkgDataHelper: getSosPolicy(). com.wallapop

11-08 23:33:14.553  4211  4228 D CodecSolution: isMaxAspectPackageEx: com.wallapop : true(2)

11-08 23:33:14.554  4211  4554 D GameManagerService: identifyGamePackage. com.wallapop

11-08 23:33:14.555  4211  4554 D GamePkgDataHelper: getGamePkgData(). com.wallapop

11-08 23:33:14.556  4211  4228 D WindowManager: setSystemUiVisibility: vis= 0xa018, fullscreenVis= 0x2000, dockedVis= 0x0, win=Window{edc2c0e u0 Splash Screen com.wallapop}

11-08 23:33:14.559 25912 25912 I com.wallapop: The ClassLoaderContext is a special shared library.

11-08 23:33:14.560  4211  6759 D GameManagerService: identifyGamePackage. com.wallapop

11-08 23:33:14.560  4211  6759 D GamePkgDataHelper: getGamePkgData(). com.wallapop

11-08 23:33:14.641  3727  3727 I SurfaceFlinger:      Client | 0x70dda20b00 | 0000 | RGBA_8888 |   0.0    1.0 1080.0 2219.0 |   89  184  991 2036 | Splash Screen com.wallapop#0

11-08 23:33:14.682  4211  4669 D MdnieScenarioControlService:  packageName : com.wallapop    className : com.rewallapop.ui.main.MainActivity

11-08 23:33:14.683  3727  3727 I SurfaceFlinger:      Device | 0x70dda20b00 | 0000 | RGBA_8888 |   0.0    0.0 1080.0 2220.0 |   50  103 1030 2117 | Splash Screen com.wallapop#0

11-08 23:33:14.783  4211  4310 I WindowManager: reset, Reparenting to original parent, shouldDeferScheduleAnimation=false, destroyLeash=true, surface=Surface(name=AppWindowToken{557ad55 token=Token{c99100c ActivityRecord{741ff3f u0 com.wallapop/com.rewallapop.ui.main.MainActivity t2066}}})/@0xb2a7a35, parent=Surface(name=Task=2066)/@0xc505eca, parentNativeHandle=android.os.BinderProxy@8ccbaed, caller=com.android.server.wm.SurfaceAnimator.lambda$getFinishedCallback$0:97 com.android.server.wm.-$$Lambda$SurfaceAnimator$SIBia0mND666K8lMCPsoid8pUTI.run:4 com.android.server.wm.SurfaceAnimator.lambda$getFinishedCallback$1:104 com.android.server.wm.-$$Lambda$SurfaceAnimator$vdRZk66hQVbQCvVXEaQCT1kVmFc.onAnimationFinished:4 com.android.server.wm.LocalAnimationAdapter.lambda$startAnimation$0:74

11-08 23:33:14.783  4211  4310 D SurfaceControl: reparent is called, sc=Surface(name=AppWindowToken{557ad55 token=Token{c99100c ActivityRecord{741ff3f u0 com.wallapop/com.rewallapop.ui.main.MainActivity t2066}}})/@0xb2a7a35, newParentHandle=android.os.BinderProxy@8ccbaed, transaction=android.view.SurfaceControl$Transaction@a1584b1

11-08 23:33:14.784  4211  4310 D SurfaceControl: destroy(transaction), animation-leash is destroyed, sc=Surface(name=Surface(name=AppWindowToken{557ad55 token=Token{c99100c ActivityRecord{741ff3f u0 com.wallapop/com.rewallapop.ui.main.MainActivity t2066}}})/@0xb2a7a35 - animation-leash)/@0x556183b, transaction=android.view.SurfaceControl$Transaction@a1584b1, caller=com.android.server.wm.SurfaceAnimator.reset:338 com.android.server.wm.SurfaceAnimator.lambda$getFinishedCallback$0:97 com.android.server.wm.-$$Lambda$SurfaceAnimator$SIBia0mND666K8lMCPsoid8pUTI.run:4 com.android.server.wm.SurfaceAnimator.lambda$getFinishedCallback$1:104 com.android.server.wm.-$$Lambda$SurfaceAnimator$vdRZk66hQVbQCvVXEaQCT1kVmFc.onAnimationFinished:4 com.android.server.wm.LocalAnimationAdapter.lambda$startAnimation$0:74 com.android.server.wm.-$$Lambda$LocalAnimationAdapter$X--EomqUvw4qy89IeeTFTH7aCMo.run:4

11-08 23:33:14.788  3727  5386 D Layer   : [AppWindowToken{557ad55 token=Token{c99100c ActivityRecord{741ff3f u0 com.wallapop/com.rewallapop.ui.main.MainActivity t2066}}}#0]::reparent oldParent:[Surface(name=AppWindowToken{557ad55 token=Token{c99100c ActivityRecord{741ff3f u0 com.wallapop/com.rewallapop.ui.main.MainActivity t2066}}})/@0xb2a7a35 - animation-leash#0], newParent:[Task=2066#0]

11-08 23:33:14.788  3727  5386 I SurfaceFlinger: id=21796 Removed Surface(name=AppWindowToken{557ad55 token=Token{c99100c ActivityRecord{741ff3f u0 com.wallapop/com.rewallapop.ui.main.MainActivity t2066}}})/@0xb2a7a35 - animation-leash#0 (0/72)

11-08 23:33:14.799  3727  3727 I Layer   : id=21796 onRemoved Surface(name=AppWindowToken{557ad55 token=Token{c99100c ActivityRecord{741ff3f u0 com.wallapop/com.rewallapop.ui.main.MainActivity t2066}}})/@0xb2a7a35 - animation-leash#0

11-08 23:33:14.847  3727  3727 I SurfaceFlinger:      Device | 0x70dda20b00 | 0000 | RGBA_8888 |   0.0    0.0 1080.0 2220.0 |    0    0 1080 2220 | Splash Screen com.wallapop#0

11-08 23:33:14.917 25912 25947 W com.wallapop: Unsupported class loader

11-08 23:33:14.924 25912 25947 W com.wallapop: Skipping duplicate class check due to unsupported classloader

11-08 23:33:14.926 25912 25947 I com.wallapop: Waiting for a blocking GC ClassLinker

11-08 23:33:14.950 25912 25947 I com.wallapop: WaitForGcToComplete blocked ClassLinker on AddRemoveAppImageSpace for 24.226ms

11-08 23:33:15.001 25912 25934 I FA      :   adb shell setprop debug.firebase.analytics.app com.wallapop

11-08 23:33:15.004 25912 25947 W com.wallapop: Unsupported class loader

11-08 23:33:15.439 25912 25980 I stetho  : Listening on @stetho_com.wallapop_devtools_remote

11-08 23:33:15.566 25912 25987 W com.wallapop: Accessing hidden field Lsun/misc/Unsafe;->theUnsafe:Lsun/misc/Unsafe; (light greylist, reflection)

11-08 23:33:15.605 25912 25988 W com.wallapop: Accessing hidden field Ljava/nio/Buffer;->address:J (light greylist, reflection)

11-08 23:33:15.689 25912 25912 I com.wallapop: The ClassLoaderContext is a special shared library.

11-08 23:33:15.694 25912 25912 I chatty  : uid=10308(com.wallapop) identical 1 line

11-08 23:33:15.699 25912 25912 I com.wallapop: The ClassLoaderContext is a special shared library.

11-08 23:33:16.089 25912 26017 W com.wallapop: Accessing hidden method Landroid/content/Context;->bindServiceAsUser(Landroid/content/Intent;Landroid/content/ServiceConnection;ILandroid/os/Handler;Landroid/os/UserHandle;)Z (light greylist, reflection)

11-08 23:33:16.093  4211  9311 I ApplicationPolicy: isApplicationExternalStorageWhitelisted:com.wallapop user:0

11-08 23:33:16.094  4211  9311 D ActivityManager: package  com.wallapop, user - 0 is SDcard whitelisted

11-08 23:33:16.094  4211  9311 I ApplicationPolicy: isApplicationExternalStorageBlacklisted:com.wallapop user:0

11-08 23:33:16.094  4211  9311 I ApplicationPolicy: isApplicationExternalStorageBlacklisted:com.wallapop user:0

11-08 23:33:16.112  4211  4229 I ActivityManager: Start proc 26020:com.android.chrome:sandboxed_process0/u0i682 for webview_service com.wallapop/org.chromium.content.app.SandboxedProcessService0

11-08 23:33:16.143  4211  9311 I ActivityManager: DSS on for com.wallapop and scale is 1.0

11-08 23:33:16.144  4211  9311 D MultiDisplayManager: init process display: set packageProcessId, displayId=0, same_package_proc=ProcessRecord{ec35d70d0 25912:com.wallapop/u0a308}, app=ProcessRecord{7bf7fbd0 26020:com.android.chrome:sandboxed_process0/u0a308i682}

11-08 23:33:16.274 25912 25912 W com.wallapop: Accessing hidden method Landroid/view/textclassifier/logging/SmartSelectionEventTracker;-><init>(Landroid/content/Context;I)V (light greylist, reflection)

11-08 23:33:16.274 25912 25912 W com.wallapop: Accessing hidden method Landroid/view/textclassifier/logging/SmartSelectionEventTracker;->logEvent(Landroid/view/textclassifier/logging/SmartSelectionEventTracker$SelectionEvent;)V (light greylist, reflection)

11-08 23:33:16.275 25912 25912 W com.wallapop: Accessing hidden method Landroid/view/textclassifier/logging/SmartSelectionEventTracker$SelectionEvent;->selectionStarted(I)Landroid/view/textclassifier/logging/SmartSelectionEventTracker$SelectionEvent; (light greylist, reflection)

11-08 23:33:16.275 25912 25912 W com.wallapop: Accessing hidden method Landroid/view/textclassifier/logging/SmartSelectionEventTracker$SelectionEvent;->selectionModified(II)Landroid/view/textclassifier/logging/SmartSelectionEventTracker$SelectionEvent; (light greylist, reflection)

11-08 23:33:16.275 25912 25912 W com.wallapop: Accessing hidden method Landroid/view/textclassifier/logging/SmartSelectionEventTracker$SelectionEvent;->selectionModified(IILandroid/view/textclassifier/TextClassification;)Landroid/view/textclassifier/logging/SmartSelectionEventTracker$SelectionEvent; (light greylist, reflection)

11-08 23:33:16.275 25912 25912 W com.wallapop: Accessing hidden method Landroid/view/textclassifier/logging/SmartSelectionEventTracker$SelectionEvent;->selectionModified(IILandroid/view/textclassifier/TextSelection;)Landroid/view/textclassifier/logging/SmartSelectionEventTracker$SelectionEvent; (light greylist, reflection)

11-08 23:33:16.275 25912 25912 W com.wallapop: Accessing hidden method Landroid/view/textclassifier/logging/SmartSelectionEventTracker$SelectionEvent;->selectionAction(III)Landroid/view/textclassifier/logging/SmartSelectionEventTracker$SelectionEvent; (light greylist, reflection)

11-08 23:33:16.275 25912 25912 W com.wallapop: Accessing hidden method Landroid/view/textclassifier/logging/SmartSelectionEventTracker$SelectionEvent;->selectionAction(IIILandroid/view/textclassifier/TextClassification;)Landroid/view/textclassifier/logging/SmartSelectionEventTracker$SelectionEvent; (light greylist, reflection)

11-08 23:33:16.326 25912 26042 W com.wallapop: Accessing hidden method Landroid/media/AudioManager;->getOutputLatency(I)I (light greylist, reflection)

11-08 23:33:16.387 25912 25912 W com.wallapop: Accessing hidden method Landroid/app/ActivityThread;->currentPackageName()Ljava/lang/String; (light greylist, reflection)

11-08 23:33:16.955 25912 26089 W com.wallapop: Accessing hidden method Lcom/android/org/conscrypt/OpenSSLSocketImpl;->setAlpnProtocols([B)V (light greylist, reflection)

11-08 23:33:17.307 25912 26089 W com.wallapop: Accessing hidden method Lcom/android/org/conscrypt/OpenSSLSocketImpl;->getAlpnSelectedProtocol()[B (light greylist, reflection)

11-08 23:33:18.889  4211  9311 D SamsungAlarmManager: Cancel Alarm calling from uid:10308 pid :25912 / op:PendingIntent{4c7f624: PendingIntentRecord{8adb75c com.wallapop broadcastIntent}}

11-08 23:33:19.080 25912 25912 W com.wallapop: Accessing hidden method Landroid/view/View;->computeFitSystemWindows(Landroid/graphics/Rect;Landroid/graphics/Rect;)Z (light greylist, reflection)

11-08 23:33:19.082 25912 25912 W com.wallapop: Accessing hidden method Landroid/view/ViewGroup;->makeOptionalFitsSystemWindows()V (light greylist, reflection)

11-08 23:33:19.087 25912 25912 W com.wallapop: Accessing hidden field Landroid/view/ViewGroup;->mOnHierarchyChangeListener:Landroid/view/ViewGroup$OnHierarchyChangeListener; (light greylist, reflection)

11-08 23:33:19.113  4211  6759 D SamsungAlarmManager: Cancel Alarm calling from uid:10308 pid :25912 / op:PendingIntent{42e689a: PendingIntentRecord{cbda5cb com.wallapop broadcastIntent}}

11-08 23:33:19.155  4211  6759 D LocationManagerService: request 1e50efb passive Request[POWER_NONE passive fastest=0 num=1 lowPowerMode=false] from com.wallapop(10308 foreground)

11-08 23:33:19.156  4622  4682 E RequestManager_FLP: [LocationManagerService] Location request 1e50efb(PendingIntent) passive interval=0 from com.wallapop(10308)

11-08 23:33:19.218 25912 25912 I chatty  : uid=10308(com.wallapop) identical 9 lines

11-08 23:33:19.243 25912 25912 I chatty  : uid=10308(com.wallapop) identical 3 lines

11-08 23:33:19.244 25912 25912 I chatty  : uid=10308(com.wallapop) identical 1 line

11-08 23:33:19.246 25912 25912 I chatty  : uid=10308(com.wallapop) identical 8 lines

11-08 23:33:19.507  4211  7552 I ActivityManager: START u0 {act=null typ=null flg=0x0 cmp=ComponentInfo{com.wallapop/com.rewallapop.ui.wall.WallActivity}} from uid 10308

11-08 23:33:19.522  3727  3727 I SurfaceFlinger: id=21797 createSurf (4440x4440),2 flag=4, AppWindowToken{fed3a7 token=Token{2fa7466 ActivityRecord{3d734c1 u0 com.wallapop/com.rewallapop.ui.wall.WallActivity t2066}}}#0

11-08 23:33:19.525  4211  7552 D SurfaceControl: reparent is called, sc=Surface(name=edc2c0e Splash Screen com.wallapop)/@0xb273054, newParentHandle=android.os.BinderProxy@5615bfd, transaction=android.view.SurfaceControl$Transaction@72970f2

11-08 23:33:19.527  3727  3771 D Layer   : [edc2c0e Splash Screen com.wallapop#0]::reparent oldParent:[AppWindowToken{557ad55 token=Token{c99100c ActivityRecord{741ff3f u0 com.wallapop/com.rewallapop.ui.main.MainActivity t2066}}}#0], newParent:[AppWindowToken{fed3a7 token=Token{2fa7466 ActivityRecord{3d734c1 u0 com.wallapop/com.rewallapop.ui.wall.WallActivity t2066}}}#0]

11-08 23:33:19.532  4211  4228 D WindowManager: setSystemUiVisibility: vis= 0xa018, fullscreenVis= 0x2000, dockedVis= 0x0, win=Window{edc2c0e u0 Splash Screen com.wallapop}

11-08 23:33:19.535  4211  4211 D Telecom:SamsungPrebindingServiceImpl: onTopActivityChanged : ComponentInfo{com.wallapop/com.rewallapop.ui.wall.WallActivity}

11-08 23:33:19.593 25912 25928 I com.wallapop: Waiting for a blocking GC ProfileSaver

11-08 23:33:19.702 25912 25923 I com.wallapop: Background concurrent copying GC freed 54020(3MB) AllocSpace objects, 50(1432KB) LOS objects, 49% free, 7MB/14MB, paused 1.142ms total 333.053ms

11-08 23:33:19.704 25912 25928 I com.wallapop: WaitForGcToComplete blocked ProfileSaver on ClassLinker for 110.642ms

11-08 23:33:19.812  4211  4227 D ApplicationPolicy: isStatusBarNotificationAllowedAsUser: packageName = com.wallapop,userId = 0

11-08 23:33:19.813  4211  4227 D ApplicationPolicy: isStatusBarNotificationAllowedAsUser: packageName = com.wallapop,userId = 0

11-08 23:33:19.820  4211  4473 D GamePkgDataHelper: getGamePkgData(). com.wallapop

11-08 23:33:19.820  4211  7552 D GamePkgDataHelper: notifyAppCreate(), pkgName: com.wallapop, sendRet: true

11-08 23:33:19.820  4211  4473 D GameManagerService: handleMessage(), MSG_APP_CREATE. ignore. pkgName: com.wallapop

11-08 23:33:19.822  4211  7552 D GameManagerService: noteResumeComponent(), resumeComponent: com.wallapop

11-08 23:33:19.822  4211  7552 D MARsPolicyManager: onPackageResumedFG pkgName = com.wallapop, userId = 0

11-08 23:33:19.822  4211  4473 D GameManagerService: handleForegroundChange(). pkgName: com.wallapop, clsName: com.rewallapop.ui.wall.WallActivity,FgActivityName:com.wallapop/com.rewallapop.ui.wall.WallActivity

11-08 23:33:19.823  4211  4211 D Telecom:SamsungPrebindingServiceImpl: onTopActivityChanged : ComponentInfo{com.wallapop/com.rewallapop.ui.wall.WallActivity}

11-08 23:33:19.827  4211  7552 I WindowManager: Cancelling animation restarting=true, leash=null, surface=Surface(name=AppWindowToken{557ad55 token=Token{c99100c ActivityRecord{741ff3f u0 com.wallapop/com.rewallapop.ui.main.MainActivity t2066}}})/@0xb2a7a35, parent=Surface(name=Task=2066)/@0xc505eca

11-08 23:33:19.827  4211  7552 I WindowManager: Reparenting to leash, surface=Surface(name=AppWindowToken{557ad55 token=Token{c99100c ActivityRecord{741ff3f u0 com.wallapop/com.rewallapop.ui.main.MainActivity t2066}}})/@0xb2a7a35

11-08 23:33:19.827  3727  3727 I SurfaceFlinger: id=21798 createSurf (4440x4440),2 flag=4, Surface(name=AppWindowToken{557ad55 token=Token{c99100c ActivityRecord{741ff3f u0 com.wallapop/com.rewallapop.ui.main.MainActivity t2066}}})/@0xb2a7a35 - animation-leash#0

11-08 23:33:19.829  4211  7552 D WindowManager: makeSurface duration=3 leash=Surface(name=Surface(name=AppWindowToken{557ad55 token=Token{c99100c ActivityRecord{741ff3f u0 com.wallapop/com.rewallapop.ui.main.MainActivity t2066}}})/@0xb2a7a35 - animation-leash)/@0xd9bfaa2

11-08 23:33:19.829  4211  7552 D SurfaceControl: reparent is called, sc=Surface(name=AppWindowToken{557ad55 token=Token{c99100c ActivityRecord{741ff3f u0 com.wallapop/com.rewallapop.ui.main.MainActivity t2066}}})/@0xb2a7a35, newParentHandle=android.os.BinderProxy@d134333, transaction=android.view.SurfaceControl$Transaction@a1584b1

11-08 23:33:19.833  3727  3770 D Layer   : [AppWindowToken{557ad55 token=Token{c99100c ActivityRecord{741ff3f u0 com.wallapop/com.rewallapop.ui.main.MainActivity t2066}}}#0]::reparent oldParent:[Task=2066#0], newParent:[Surface(name=AppWindowToken{557ad55 token=Token{c99100c ActivityRecord{741ff3f u0 com.wallapop/com.rewallapop.ui.main.MainActivity t2066}}})/@0xb2a7a35 - animation-leash#0]

11-08 23:33:19.882 25912 25978 W com.wallapop: Accessing hidden method Ldalvik/system/VMRuntime;->getRuntime()Ldalvik/system/VMRuntime; (light greylist, reflection)

11-08 23:33:19.882 25912 25978 W com.wallapop: Accessing hidden method Ldalvik/system/VMRuntime;->vmInstructionSet()Ljava/lang/String; (light greylist, reflection)

11-08 23:33:19.919 23911 23911 D Notification.Badge: [valid] onNotificationPosted : StatusBarNotification(pkg=com.wallapop user=UserHandle{0} id=999 tag=null key=0|com.wallapop|999|null|10308: Notification(channel=wallapop_channel pri=-2 contentView=null vibrate=null sound=null defaults=0x0 flags=0x62 color=0x00000000 vis=PRIVATE semFlags=0x0 semPriority=0 semMissedCount=0))

11-08 23:33:19.919 23911 23911 D Notification.Badge: notificationKey : 0|com.wallapop|999|null|10308, count : 0, this.count : 1

11-08 23:33:19.920 23911 23978 D Notification.Badge: LauncherModel:onNotificationPosted() : com.wallapop, count : [0], shouldBeFilteredOut : [false]

11-08 23:33:19.920 23911 23978 D Notification.Badge: notificationKey : 0|com.wallapop|999|null|10308, count : 1, mTotalCount : 1

11-08 23:33:19.923 23911 23978 D Notification.Badge: updateLauncherIconBadges() item : [IconInfo(title=_Wallapop_ intent=Intent { act=android.intent.action.MAIN cat=[android.intent.category.LAUNCHER] flg=0x10200000 cmp=com.wallapop/.activities.HomeActivity (has extras) } id=156 type=0 container=-102 screen=1 cellX=3 cellY=0 spanX=1 spanY=1 rank=3 hidden=0 dropPos=null user=UserHandle{0} screenType=0)], mShowBadge : [true], item.mBadgeCount : [1]

11-08 23:33:19.923 23911 23978 D Notification.Badge: updateLauncherIconBadges() item : [IconInfo(title=_Wallapop_ intent=Intent { act=android.intent.action.MAIN cat=[android.intent.category.LAUNCHER] flg=0x10200000 cmp=com.wallapop/.activities.HomeActivity (has extras) } id=157 type=0 container=-100 screen=0 cellX=2 cellY=3 spanX=1 spanY=1 rank=3 hidden=0 dropPos=null user=UserHandle{0} screenType=0)], mShowBadge : [true], item.mBadgeCount : [1]

11-08 23:33:19.937 23911 23911 D RecommendedView: updateBadgeItems: [IconInfo(title=_Wallapop_ intent=Intent { act=android.intent.action.MAIN cat=[android.intent.category.LAUNCHER] flg=0x10200000 cmp=com.wallapop/.activities.HomeActivity (has extras) } id=156 type=0 container=-102 screen=1 cellX=3 cellY=0 spanX=1 spanY=1 rank=3 hidden=0 dropPos=null user=UserHandle{0} screenType=0), IconInfo(title=_Wallapop_ intent=Intent { act=android.intent.action.MAIN cat=[android.intent.category.LAUNCHER] flg=0x10200000 cmp=com.wallapop/.activities.HomeActivity (has extras) } id=157 type=0 container=-100 screen=0 cellX=2 cellY=3 spanX=1 spanY=1 rank=3 hidden=0 dropPos=null user=UserHandle{0} screenType=0)]

11-08 23:33:19.939 17724 17850 I Finsky  : [7315] fxx.d(21): com.wallapop: Account from first account - [rJj4Md76H4LxoN-B4dnoZM7XaXDDBcXGlC-caOCi6Uc]

11-08 23:33:19.942 17724 17850 I Finsky  : [7315] fxx.d(21): com.wallapop: Account from first account - [rJj4Md76H4LxoN-B4dnoZM7XaXDDBcXGlC-caOCi6Uc]

11-08 23:33:19.944 17724 17850 I Finsky  : [7315] fxx.d(21): com.wallapop: Account from first account - [rJj4Md76H4LxoN-B4dnoZM7XaXDDBcXGlC-caOCi6Uc]

11-08 23:33:19.946 17724 17850 I Finsky  : [7315] fxx.d(21): com.wallapop: Account from first account - [rJj4Md76H4LxoN-B4dnoZM7XaXDDBcXGlC-caOCi6Uc]

11-08 23:33:20.126  4211  4310 I WindowManager: reset, Reparenting to original parent, shouldDeferScheduleAnimation=false, destroyLeash=true, surface=Surface(name=AppWindowToken{557ad55 token=Token{c99100c ActivityRecord{741ff3f u0 com.wallapop/com.rewallapop.ui.main.MainActivity t2066}}})/@0xb2a7a35, parent=Surface(name=Task=2066)/@0xc505eca, parentNativeHandle=android.os.BinderProxy@8ccbaed, caller=com.android.server.wm.SurfaceAnimator.lambda$getFinishedCallback$0:97 com.android.server.wm.-$$Lambda$SurfaceAnimator$SIBia0mND666K8lMCPsoid8pUTI.run:4 com.android.server.wm.SurfaceAnimator.lambda$getFinishedCallback$1:104 com.android.server.wm.-$$Lambda$SurfaceAnimator$vdRZk66hQVbQCvVXEaQCT1kVmFc.onAnimationFinished:4 com.android.server.wm.LocalAnimationAdapter.lambda$startAnimation$0:74

11-08 23:33:20.126  4211  4310 D SurfaceControl: reparent is called, sc=Surface(name=AppWindowToken{557ad55 token=Token{c99100c ActivityRecord{741ff3f u0 com.wallapop/com.rewallapop.ui.main.MainActivity t2066}}})/@0xb2a7a35, newParentHandle=android.os.BinderProxy@8ccbaed, transaction=android.view.SurfaceControl$Transaction@a1584b1

11-08 23:33:20.127  4211  4310 D SurfaceControl: destroy(transaction), animation-leash is destroyed, sc=Surface(name=Surface(name=AppWindowToken{557ad55 token=Token{c99100c ActivityRecord{741ff3f u0 com.wallapop/com.rewallapop.ui.main.MainActivity t2066}}})/@0xb2a7a35 - animation-leash)/@0xd9bfaa2, transaction=android.view.SurfaceControl$Transaction@a1584b1, caller=com.android.server.wm.SurfaceAnimator.reset:338 com.android.server.wm.SurfaceAnimator.lambda$getFinishedCallback$0:97 com.android.server.wm.-$$Lambda$SurfaceAnimator$SIBia0mND666K8lMCPsoid8pUTI.run:4 com.android.server.wm.SurfaceAnimator.lambda$getFinishedCallback$1:104 com.android.server.wm.-$$Lambda$SurfaceAnimator$vdRZk66hQVbQCvVXEaQCT1kVmFc.onAnimationFinished:4 com.android.server.wm.LocalAnimationAdapter.lambda$startAnimation$0:74 com.android.server.wm.-$$Lambda$LocalAnimationAdapter$X--EomqUvw4qy89IeeTFTH7aCMo.run:4

11-08 23:33:20.137 25912 26181 I com.wallapop: The ClassLoaderContext is a special shared library.

11-08 23:33:20.143  3727  3771 D Layer   : [AppWindowToken{557ad55 token=Token{c99100c ActivityRecord{741ff3f u0 com.wallapop/com.rewallapop.ui.main.MainActivity t2066}}}#0]::reparent oldParent:[Surface(name=AppWindowToken{557ad55 token=Token{c99100c ActivityRecord{741ff3f u0 com.wallapop/com.rewallapop.ui.main.MainActivity t2066}}})/@0xb2a7a35 - animation-leash#0], newParent:[Task=2066#0]

11-08 23:33:20.143  3727  3771 I SurfaceFlinger: id=21798 Removed Surface(name=AppWindowToken{557ad55 token=Token{c99100c ActivityRecord{741ff3f u0 com.wallapop/com.rewallapop.ui.main.MainActivity t2066}}})/@0xb2a7a35 - animation-leash#0 (0/71)

11-08 23:33:20.158  3727  3727 I Layer   : id=21798 onRemoved Surface(name=AppWindowToken{557ad55 token=Token{c99100c ActivityRecord{741ff3f u0 com.wallapop/com.rewallapop.ui.main.MainActivity t2066}}})/@0xb2a7a35 - animation-leash#0

11-08 23:33:20.354  4211  6759 D SamsungAlarmManager: Cancel Alarm calling from uid:10308 pid :25912 / op:PendingIntent{429e5ab: PendingIntentRecord{cbda5cb com.wallapop broadcastIntent}}

11-08 23:33:20.561  4211  7608 D GameManagerService: identifyGamePackage. com.wallapop

11-08 23:33:20.561  4211  7608 D GamePkgDataHelper: getGamePkgData(). com.wallapop

11-08 23:33:20.564 25912 25912 W com.wallapop: Accessing hidden method Landroid/widget/TextView;->getTextDirectionHeuristic()Landroid/text/TextDirectionHeuristic; (light greylist, linking)

11-08 23:33:20.573 25912 25912 W com.wallapop: Accessing hidden method Landroid/graphics/FontFamily;-><init>()V (light greylist, reflection)

11-08 23:33:20.573 25912 25912 W com.wallapop: Accessing hidden method Landroid/graphics/FontFamily;->addFontFromAssetManager(Landroid/content/res/AssetManager;Ljava/lang/String;IZIII[Landroid/graphics/fonts/FontVariationAxis;)Z (light greylist, reflection)

11-08 23:33:20.574 25912 25912 W com.wallapop: Accessing hidden method Landroid/graphics/FontFamily;->addFontFromBuffer(Ljava/nio/ByteBuffer;I[Landroid/graphics/fonts/FontVariationAxis;II)Z (light greylist, reflection)

11-08 23:33:20.574 25912 25912 W com.wallapop: Accessing hidden method Landroid/graphics/FontFamily;->freeze()Z (light greylist, reflection)

11-08 23:33:20.574 25912 25912 W com.wallapop: Accessing hidden method Landroid/graphics/FontFamily;->abortCreation()V (light greylist, reflection)

11-08 23:33:20.575 25912 25912 W com.wallapop: Accessing hidden method Landroid/graphics/Typeface;->createFromFamiliesWithDefault([Landroid/graphics/FontFamily;Ljava/lang/String;II)Landroid/graphics/Typeface; (light greylist, reflection)

11-08 23:33:20.598 25912 25923 I com.wallapop: Background concurrent copying GC freed 151237(7MB) AllocSpace objects, 27(868KB) LOS objects, 50% free, 10MB/20MB, paused 3.670ms total 212.735ms

11-08 23:33:20.700 25912 26200 I com.wallapop: The ClassLoaderContext is a special shared library.

11-08 23:33:21.463 25912 25917 I com.wallapop: Compiler allocated 4MB to compile void android.widget.TextView.<init>(android.content.Context, android.util.AttributeSet, int, int)

11-08 23:33:21.515  4211  5239 D ActivityManagerPerformance: Received MSG_DISABLE_ACT_START, r: ActivityRecord{3d734c1 u0 com.wallapop/com.rewallapop.ui.wall.WallActivity t2066}

11-08 23:33:21.580  3727  3727 I SurfaceFlinger: id=21799 createSurf (4440x4440),2 flag=4, b51cdbd com.wallapop/com.rewallapop.ui.wall.WallActivity#0

11-08 23:33:21.605 17724 17850 I Finsky  : [7315] fxx.d(21): com.wallapop: Account from first account - [rJj4Md76H4LxoN-B4dnoZM7XaXDDBcXGlC-caOCi6Uc]

11-08 23:33:21.667 17724 17850 I Finsky  : [7315] fxx.d(21): com.wallapop: Account from first account - [rJj4Md76H4LxoN-B4dnoZM7XaXDDBcXGlC-caOCi6Uc]

11-08 23:33:21.721 17724 17850 I Finsky  : [7315] fxx.d(21): com.wallapop: Account from first account - [rJj4Md76H4LxoN-B4dnoZM7XaXDDBcXGlC-caOCi6Uc]

11-08 23:33:21.796 17724 17850 I Finsky  : [7315] fxx.d(21): com.wallapop: Account from first account - [rJj4Md76H4LxoN-B4dnoZM7XaXDDBcXGlC-caOCi6Uc]

11-08 23:33:21.968 25912 25923 I com.wallapop: Background concurrent copying GC freed 72093(4MB) AllocSpace objects, 35(2MB) LOS objects, 49% free, 11MB/23MB, paused 9.610ms total 210.574ms

11-08 23:33:22.271  4211  5504 V WindowManager: Relayout Window{b51cdbd u0 com.wallapop/com.rewallapop.ui.wall.WallActivity}: viewVisibility=0 req=1080x2220 {(0,0)(fillxfill) sim={adjust=resize forwardNavigation} ty=BASE_APPLICATION wanim=0x10302fe

11-08 23:33:22.277  3727  3727 I SurfaceFlinger: id=21800 createSurf (1080x2220),1 flag=404, com.wallapop/com.rewallapop.ui.wall.WallActivity[25912]#0

11-08 23:33:22.279  4211  5504 D WindowManager: makeSurface duration=4 name=com.wallapop/com.rewallapop.ui.wall.WallActivity[25912]

11-08 23:33:22.279  4211  5504 V WindowManager: Changing focus from null to Window{b51cdbd u0 com.wallapop/com.rewallapop.ui.wall.WallActivity} Callers=com.android.server.wm.WindowManagerService.relayoutWindow:2526 com.android.server.wm.Session.relayoutForTranslate:302 android.view.IWindowSession$Stub.onTransact:518 com.android.server.wm.Session.onTransact:186

11-08 23:33:22.280  4211  4228 D WindowManager: setSystemUiVisibility: vis= 0xa518, fullscreenVis= 0x2000, dockedVis= 0x0, win=Window{b51cdbd u0 com.wallapop/com.rewallapop.ui.wall.WallActivity}

11-08 23:33:22.286  4211  4242 D WindowManager: reportFocusChangedSerialized, focused=true, inTouchMode=true, win=Window{b51cdbd u0 com.wallapop/com.rewallapop.ui.wall.WallActivity}

11-08 23:33:22.428 17724 17807 I Finsky  : [7300] fxx.d(21): com.wallapop: Account from first account - [rJj4Md76H4LxoN-B4dnoZM7XaXDDBcXGlC-caOCi6Uc]

11-08 23:33:22.617  4211  6753 D WindowManager: finishDrawingWindow: Window{b51cdbd u0 com.wallapop/com.rewallapop.ui.wall.WallActivity} mDrawState=DRAW_PENDING

11-08 23:33:22.620  4211  4310 I WindowManager: commitFinishDrawingLocked: mDrawState=READY_TO_SHOW Surface(name=com.wallapop/com.rewallapop.ui.wall.WallActivity[25912])/@0xe92b56b

11-08 23:33:22.621  4211  4310 V WindowManager: Resize reasons for w=Window{b51cdbd u0 com.wallapop/com.rewallapop.ui.wall.WallActivity}:  contentInsetsChanged=false [0,63][0,126] visibleInsetsChanged=false [0,63][0,126] stableInsetsChanged=false [0,63][0,126] outsetsChanged=false [0,0][0,0] surfaceResized=false configChanged=false dragResizingChanged=false reportOrientationChanged=false displayCutoutChanged=false nextForceRelayoutToClient=false

11-08 23:33:22.628  4211  4310 I WindowManager: commitFinishDrawingLocked: mDrawState=READY_TO_SHOW Surface(name=com.wallapop/com.rewallapop.ui.wall.WallActivity[25912])/@0xe92b56b

11-08 23:33:22.628  4211  4310 I WindowManager: Cancelling animation restarting=false, leash=null, surface=Surface(name=b51cdbd com.wallapop/com.rewallapop.ui.wall.WallActivity)/@0x38008c8, parent=Surface(name=AppWindowToken{fed3a7 token=Token{2fa7466 ActivityRecord{3d734c1 u0 com.wallapop/com.rewallapop.ui.wall.WallActivity t2066}}})/@0x2e0dd61

11-08 23:33:22.629  4211  4310 V WindowManager: performShowLocked: mDrawState=HAS_DRAWN in Window{b51cdbd u0 com.wallapop/com.rewallapop.ui.wall.WallActivity}

11-08 23:33:22.648  4211  4242 I ActivityManager: Displayed com.wallapop/com.rewallapop.ui.wall.WallActivity: +2s811ms (total +8s188ms)

11-08 23:33:22.650  4211  4310 V WindowManager: Remove Window{edc2c0e u0 Splash Screen com.wallapop}: mSurfaceController=Surface(name=Splash Screen com.wallapop)/@0xf46b828 mAnimatingExit=false mRemoveOnExit=false mHasSurface=true surfaceShowing=true isAnimationSet=false app-animation=false mWillReplaceWindow=false inPendingTransaction=false mDisplayFrozen=false callers=com.android.server.wm.WindowState.removeIfPossible:2764 com.android.server.wm.WindowManagerService.removeWindow:1943 com.android.server.wm.Session.remove:268 android.view.ViewRootImpl.dispatchDetachedFromWindow:4565 android.view.ViewRootImpl.doDie:7996 android.view.ViewRootImpl$ViewRootHandler.handleMessage:4987

11-08 23:33:22.654  4211  4310 I WindowManager: Cancelling animation restarting=true, leash=null, surface=Surface(name=edc2c0e Splash Screen com.wallapop)/@0xb273054, parent=Surface(name=AppWindowToken{fed3a7 token=Token{2fa7466 ActivityRecord{3d734c1 u0 com.wallapop/com.rewallapop.ui.wall.WallActivity t2066}}})/@0x2e0dd61

11-08 23:33:22.654  4211  4310 I WindowManager: Reparenting to leash, surface=Surface(name=edc2c0e Splash Screen com.wallapop)/@0xb273054

11-08 23:33:22.659  3727  3727 I SurfaceFlinger:      Device | 0x70de034580 | 0002 | RGBA_8888 |   0.0    0.0 1080.0 2220.0 |    0    0 1080 2220 | com.wallapop/com.rewallapop.ui.wall.WallActivity[25912]#0

11-08 23:33:22.659  3727  3727 I SurfaceFlinger:      Device | 0x70dda20b00 | 0000 | RGBA_8888 |   0.0    0.0 1080.0 2220.0 |    0    0 1080 2220 | Splash Screen com.wallapop#0

11-08 23:33:22.662  3727  3727 I SurfaceFlinger: id=21801 createSurf (4440x4440),2 flag=4, Surface(name=edc2c0e Splash Screen com.wallapop)/@0xb273054 - animation-leash#0

11-08 23:33:22.665  4211  4310 D WindowManager: makeSurface duration=11 leash=Surface(name=Surface(name=edc2c0e Splash Screen com.wallapop)/@0xb273054 - animation-leash)/@0xa53d47

11-08 23:33:22.666  4211  4310 D SurfaceControl: reparent is called, sc=Surface(name=edc2c0e Splash Screen com.wallapop)/@0xb273054, newParentHandle=android.os.BinderProxy@af0e974, transaction=android.view.SurfaceControl$Transaction@72970f2

11-08 23:33:22.671  3727  3771 D Layer   : [edc2c0e Splash Screen com.wallapop#0]::reparent oldParent:[AppWindowToken{fed3a7 token=Token{2fa7466 ActivityRecord{3d734c1 u0 com.wallapop/com.rewallapop.ui.wall.WallActivity t2066}}}#0], newParent:[Surface(name=edc2c0e Splash Screen com.wallapop)/@0xb273054 - animation-leash#0]

11-08 23:33:22.763 25912 25912 V InputMethodManager: Starting input: tba=com.wallapop ic=null mNaviBarColor -1 mIsGetNaviBarColorSuccess true , NavVisible : true , NavTrans : false

11-08 23:33:22.770  4211  5504 V InputMethodManagerService: windowGainedFocus : reason=WINDOW_FOCUS_GAIN client=android.os.BinderProxy@7b00a81 inputContext=null missingMethods= attribute=android.view.inputmethod.EditorInfo@62ffe6a nm = com.wallapop controlFlags=#104 softInputMode=#110 windowFlags=#81810100

11-08 23:33:22.830  4211  4310 I WindowManager: reset, Reparenting to original parent, shouldDeferScheduleAnimation=false, destroyLeash=true, surface=Surface(name=edc2c0e Splash Screen com.wallapop)/@0xb273054, parent=Surface(name=AppWindowToken{fed3a7 token=Token{2fa7466 ActivityRecord{3d734c1 u0 com.wallapop/com.rewallapop.ui.wall.WallActivity t2066}}})/@0x2e0dd61, parentNativeHandle=android.os.BinderProxy@5615bfd, caller=com.android.server.wm.SurfaceAnimator.lambda$getFinishedCallback$0:97 com.android.server.wm.-$$Lambda$SurfaceAnimator$SIBia0mND666K8lMCPsoid8pUTI.run:4 com.android.server.wm.SurfaceAnimator.lambda$getFinishedCallback$1:104 com.android.server.wm.-$$Lambda$SurfaceAnimator$vdRZk66hQVbQCvVXEaQCT1kVmFc.onAnimationFinished:4 com.android.server.wm.LocalAnimationAdapter.lambda$startAnimation$0:74

11-08 23:33:22.830  4211  4310 D SurfaceControl: reparent is called, sc=Surface(name=edc2c0e Splash Screen com.wallapop)/@0xb273054, newParentHandle=android.os.BinderProxy@5615bfd, transaction=android.view.SurfaceControl$Transaction@72970f2

11-08 23:33:22.831  4211  4310 D SurfaceControl: destroy(transaction), animation-leash is destroyed, sc=Surface(name=Surface(name=edc2c0e Splash Screen com.wallapop)/@0xb273054 - animation-leash)/@0xa53d47, transaction=android.view.SurfaceControl$Transaction@72970f2, caller=com.android.server.wm.SurfaceAnimator.reset:338 com.android.server.wm.SurfaceAnimator.lambda$getFinishedCallback$0:97 com.android.server.wm.-$$Lambda$SurfaceAnimator$SIBia0mND666K8lMCPsoid8pUTI.run:4 com.android.server.wm.SurfaceAnimator.lambda$getFinishedCallback$1:104 com.android.server.wm.-$$Lambda$SurfaceAnimator$vdRZk66hQVbQCvVXEaQCT1kVmFc.onAnimationFinished:4 com.android.server.wm.LocalAnimationAdapter.lambda$startAnimation$0:74 com.android.server.wm.-$$Lambda$LocalAnimationAdapter$X--EomqUvw4qy89IeeTFTH7aCMo.run:4

11-08 23:33:22.832  4211  4310 E WindowManager: win=Window{edc2c0e u0 Splash Screen com.wallapop EXITING} destroySurfaces: appStopped=false win.mWindowRemovalAllowed=true win.mRemoveOnExit=true win.mViewVisibility=0 caller=com.android.server.wm.AppWindowToken.destroySurfaces:870 com.android.server.wm.AppWindowToken.destroySurfaces:851 com.android.server.wm.WindowState.onExitAnimationDone:5436 com.android.server.wm.WindowStateAnimator.onAnimationFinished:319 com.android.server.wm.WindowState.onAnimationFinished:5858 com.android.server.wm.-$$Lambda$yVRF8YoeNdTa8GR1wDStVsHu8xM.run:2 com.android.server.wm.SurfaceAnimator.lambda$getFinishedCallback$0:100

11-08 23:33:22.832  4211  4310 I WindowManager: Destroying surface Surface(name=Splash Screen com.wallapop)/@0xf46b828 called by com.android.server.wm.WindowStateAnimator.destroySurface:1901 com.android.server.wm.WindowStateAnimator.destroySurfaceLocked:838 com.android.server.wm.WindowState.destroySurfaceUnchecked:3839 com.android.server.wm.WindowState.destroySurface:3820 com.android.server.wm.AppWindowToken.destroySurfaces:870 com.android.server.wm.AppWindowToken.destroySurfaces:851 com.android.server.wm.WindowState.onExitAnimationDone:5436 com.android.server.wm.WindowStateAnimator.onAnimationFinished:319

11-08 23:33:22.832  3727  3771 I SurfaceFlinger: id=21794 Removed Splash Screen com.wallapop#0 (0/73)

11-08 23:33:22.847  3727  3727 I Layer   : id=21794 onRemoved Splash Screen com.wallapop#0

11-08 23:33:22.848  3727  3771 W SurfaceFlinger: Attempting to set client state on removed layer: Splash Screen com.wallapop#0 [s.what : 40]

11-08 23:33:22.849  3727  3771 D Layer   : [edc2c0e Splash Screen com.wallapop#0]::reparent oldParent:[Surface(name=edc2c0e Splash Screen com.wallapop)/@0xb273054 - animation-leash#0], newParent:[AppWindowToken{fed3a7 token=Token{2fa7466 ActivityRecord{3d734c1 u0 com.wallapop/com.rewallapop.ui.wall.WallActivity t2066}}}#0]

11-08 23:33:22.849  3727  3771 W SurfaceFlinger: Attempting to destroy on removed layer: Splash Screen com.wallapop#0

11-08 23:33:22.849  3727  3771 I SurfaceFlinger: id=21801 Removed Surface(name=edc2c0e Splash Screen com.wallapop)/@0xb273054 - animation-leash#0 (2/72)

11-08 23:33:22.849  3727  3771 I SurfaceFlinger: id=21793 Removed edc2c0e Splash Screen com.wallapop#0 (1/71)

11-08 23:33:22.855  3727  3727 I SurfaceFlinger:      Device | 0x70de034400 | 0002 | RGBA_8888 |   0.0    0.0 1080.0 2220.0 |    0    0 1080 2220 | com.wallapop/com.rewallapop.ui.wall.WallActivity[25912]#0

11-08 23:33:22.863  3727  3727 I Layer   : id=21801 onRemoved Surface(name=edc2c0e Splash Screen com.wallapop)/@0xb273054 - animation-leash#0

11-08 23:33:22.863  3727  3727 I Layer   : id=21793 onRemoved edc2c0e Splash Screen com.wallapop#0

11-08 23:33:23.019 17724 17807 I Finsky  : [7300] fxx.d(21): com.wallapop: Account from first account - [rJj4Md76H4LxoN-B4dnoZM7XaXDDBcXGlC-caOCi6Uc]

11-08 23:33:23.050 25912 25912 V InputMethodManager: Starting input: tba=com.wallapop ic=null mNaviBarColor -1 mIsGetNaviBarColorSuccess true , NavVisible : true , NavTrans : false

11-08 23:33:23.051 17724 17807 I Finsky  : [7300] fxx.d(21): com.wallapop: Account from first account - [rJj4Md76H4LxoN-B4dnoZM7XaXDDBcXGlC-caOCi6Uc]

11-08 23:33:23.147  4622  4682 E RequestManager_FLP: [FusedLocationApi] Location request 8ca58be(Listener) PRIORITY_BALANCED_POWER_ACCURACY interval=300000 from com.wallapop

11-08 23:33:23.230  4211  4554 I WindowManager: Cancelling animation restarting=false, leash=null, surface=Surface(name=AppWindowToken{557ad55 token=Token{c99100c ActivityRecord{741ff3f u0 com.wallapop/com.rewallapop.ui.main.MainActivity t2066}}})/@0xb2a7a35, parent=Surface(name=Task=2066)/@0xc505eca

11-08 23:33:23.249  3727  3771 I SurfaceFlinger: id=21792 Removed AppWindowToken{557ad55 token=Token{c99100c ActivityRecord{741ff3f u0 com.wallapop/com.rewallapop.ui.main.MainActivity t2066}}}#0 (0/70)

11-08 23:33:23.264  3727  3727 I Layer   : id=21792 onRemoved AppWindowToken{557ad55 token=Token{c99100c ActivityRecord{741ff3f u0 com.wallapop/com.rewallapop.ui.main.MainActivity t2066}}}#0

11-08 23:33:23.283  4211  4228 D CodecSolution: isMaxAspectPackageEx: com.wallapop : true(2)

11-08 23:33:23.331  4211  4669 D MdnieScenarioControlService:  packageName : com.wallapop    className : com.rewallapop.ui.wall.WallActivity

11-08 23:33:23.346 25912 25923 I com.wallapop: Background concurrent copying GC freed 136336(7MB) AllocSpace objects, 78(7MB) LOS objects, 50% free, 19MB/39MB, paused 2.890ms total 514.324ms

11-08 23:33:23.589 25912 25912 W com.wallapop: Accessing hidden field Landroid/view/View;->mAccessibilityDelegate:Landroid/view/View$AccessibilityDelegate; (light greylist, reflection)

11-08 23:33:24.416 25912 25912 W View    : requestLayout() improperly called by com.wallapop.design.view.WallapopTextView{c33f171 V.ED..... ......ID 47,26-47,86 #7f0a090e app:id/wp__home__tv_bubble} during layout: running second layout pass

11-08 23:33:26.365  4211  4554 D WifiPermissionsUtil: canAccessScanResults: pkgName = com.wallapop, uid = 10308

11-08 23:33:26.404 25912 26432 D com.amazon.device.ads.r:c:87: with json params:[{"oo":"false","dinfo":{"os":"Android","model":"SM-A750FN","make":"samsung","osVersion":"9","connectionType":"13","country":"ES","scalingFactor":"2.625","carrier":"JAZZTEL","language":"es","screenSize":"1080x2094","orientation":"portrait"},"ad-id":"Axre2l7KcE-wgekH3W8Q1Es","mraid":["1.0","2.0","3.0"],"idfa":"bf505ce3-e614-4d9a-a4d7-9c324edc6560","geoloc":"41.4479515,2.2383642,23.942","isDTBMobile":"true","ua":"Dalvik\/2.1.0 (Linux; U; Android 9; SM-A750FN Build\/PPR1.180610.011)","pkg":{"lbl":"_Wallapop_","pn":"com.wallapop","v":"1840200","vn":"1.84.2-d1910281408"},"gdpr":{"e":"1","c":"BOR0xKKOR0xKKABABAENBZ-AAAAfZ7_______9______9uz_Gv_v_f__33e8__9v_l_7_-___u_-33d4-_1vX99yfm1-7ftr3tp_86ues2vHqK9ZoA"},"adsdk":"aps-android-7.4.3","slots":[{"sz":"320x50","slot":"f414d83c-ab9f-4e02-9c59-5137663ee6c7","slotId":1,"supportedMediaTypes":["DISPLAY"]}],"isTest":"true","appId":"d2ba46e2d5ef4c9883051d9c8d0125d5"}]

11-08 23:33:26.862 25912 25923 I com.wallapop: Background concurrent copying GC freed 356862(19MB) AllocSpace objects, 88(4MB) LOS objects, 49% free, 16MB/33MB, paused 594us total 228.369ms

11-08 23:33:28.470 25912 25923 I com.wallapop: Background concurrent copying GC freed 188226(8MB) AllocSpace objects, 103(8MB) LOS objects, 50% free, 16MB/33MB, paused 502us total 170.966ms

11-08 23:33:32.143 25912 25923 I com.wallapop: Background concurrent copying GC freed 186828(12MB) AllocSpace objects, 121(6MB) LOS objects, 50% free, 16MB/33MB, paused 633us total 199.507ms


