Executed '[C754] Contact us: Open a Helpshift ticket from the FAQs' on 02-07-2019
---------------------------------------------------------------------------------
07-02 16:50:49.114   874  5340 I ActivityManager: Force stopping com.wallapop appid=10267 user=0: from pid 18478

07-02 16:50:49.114   874  5340 I ActivityManager: Killing 17268:com.wallapop/u0a267 (adj 0): stop com.wallapop cause from pid 18478

07-02 16:50:49.124   874  5340 D ActivityManager: isAutoRunBlockedApp:: com.wallapop, Auto Run ON

07-02 16:50:49.124   874  5340 I ActivityManager: isWidgetUsingPkg : com.wallapop no widget is using.

07-02 16:50:49.124   874   874 D MARsPolicyManager: NotificationListenerService OngoingNotificationRemoved : com.wallapop

07-02 16:50:49.124   874  5340 W ActivityManager: Force removing ActivityRecord{9b197c2 u0 com.wallapop/com.rewallapop.ui.wall.WallActivity t856}: app died, no saved state

07-02 16:50:49.274   874  2732 I AppOps  : sendInfoToFLP, code=41 , uid=10267 , packageName=com.wallapop , type=finishOp

07-02 16:50:49.284   874   874 V AlarmManager: Remove alarm for next reason : android.intent.action.PACKAGE_RESTARTED : package: com.wallapop

07-02 16:50:49.324 10821 10821 I ClearDataReceiver: [#DCM#] Intent Data: package:com.wallapop

07-02 16:50:49.534   874  2020 V WindowManager: addAppToken: AppWindowToken{1665a43 token=Token{31fc3f2 ActivityRecord{6c11afd u0 com.wallapop/com.rewallapop.ui.main.MainActivity t857}}} to stack=1 task=857 at 0

07-02 16:50:49.544   874  1132 D ISSUE_DEBUG: InputChannelName : b4a616 Starting com.wallapop

07-02 16:50:49.594   874  1132 V WindowStateAnimator: Finishing drawing window Window{b4a616 u0 d0 Starting com.wallapop}: mDrawState=DRAW_PENDING

07-02 16:50:49.594   874  2732 I ActivityManager: Start proc 18508:com.wallapop/u0a267 for activity com.wallapop/com.rewallapop.ui.main.MainActivity

07-02 16:50:49.594 18508 18508 W SELinux : SELinux: seapp_context_lookup: seinfo=default, level=s0:c512,c768, pkgname=com.wallapop

07-02 16:50:49.604   874  1132 V WindowStateAnimator: Finishing drawing window Window{b4a616 u0 d0 Starting com.wallapop}: mDrawState=READY_TO_SHOW

07-02 16:50:49.634   874  1220 D ActivityManager:  Launching com.wallapop, updated priority

07-02 16:50:49.654   874  1027 V MARsPolicyManager: updatePackagesScore PackageInfo name -- com.wallapop

07-02 16:50:49.654 18508 18508 W ResourcesManager: getTopLevelResources: /data/app/com.wallapop-1/base.apk / 1.0 running in com.wallapop rsrc of package null

07-02 16:50:49.664   874  1028 D StatusBarManagerService: manageDisableList userId=0 what=0x0 pkg=Window{b4a616 u0 d0 Starting com.wallapop}

07-02 16:50:49.814 18508 18523 W ResourcesManager: getTopLevelResources: /data/app/com.wallapop-1/base.apk / 1.0 running in com.wallapop rsrc of package null

07-02 16:50:49.814 18508 18508 W ResourcesManager: getTopLevelResources: /data/app/com.wallapop-1/base.apk / 1.0 running in com.wallapop rsrc of package null

07-02 16:50:49.814 18508 18508 W ResourcesManager: getTopLevelResources: /data/app/com.wallapop-1/base.apk / 1.0 running in com.wallapop rsrc of package null

07-02 16:50:49.824 18508 18531 W ResourcesManager: getTopLevelResources: /data/app/com.google.android.gms-1/base.apk / 1.0 running in com.wallapop rsrc of package null

07-02 16:50:49.824 18508 18508 W ResourcesManager: getTopLevelResources: /data/app/com.wallapop-1/base.apk / 1.0 running in com.wallapop rsrc of package null

07-02 16:50:49.824 18508 18525 W ResourcesManager: getTopLevelResources: /data/app/com.google.android.gms-1/base.apk / 1.0 running in com.wallapop rsrc of package null

07-02 16:50:49.824 18508 18523 I FA      :   adb shell setprop debug.firebase.analytics.app com.wallapop

07-02 16:50:49.824 18508 18533 W System.err: remove failed: ENOENT (No such file or directory) : /data/user/0/com.wallapop/files/AppEventsLogger.persistedevents

07-02 16:50:49.834   874  1913 V AlarmManager:  remove PendingIntent] PendingIntent{89bc369: PendingIntentRecord{c1261ee com.wallapop broadcastIntent}}

07-02 16:50:49.844 18508 18533 W ResourcesManager: getTopLevelResources: /data/app/com.google.android.gms-1/base.apk / 1.0 running in com.wallapop rsrc of package null

07-02 16:50:50.234 18508 18508 W System.err: mkdir failed: EEXIST (File exists) : /data/user/0/com.wallapop/cache/okhttp

07-02 16:50:50.754   874  4119 D SurveyLogging: app_id = com.android.server.ssrm, feature = SIOP, extra = {"SIOP":"2", "PST_TMP":"470", "BAT_TMP":"339", "CHG_TMP":"0", "PA_TMP":"0", "BAT_LV":"100", "BAT_CUR":"1000", "RSSI":"-87", "RAD_DAT":"27837", "WIFI_DAT":"10726", "BRI":"86", "CHR_TYPE":"2", "KNOX":"false", "SCRN":"true", "RAD":"1", "CALL":"false", "CF":"-1", "GF":"-1", "CG":"70", "TOP_PROC":"system_server", "TOP_USE":"5", "FOR_PKG":"com.wallapop"}

07-02 16:50:51.314 18508 18591 I stetho  : Listening on @stetho_com.wallapop_devtools_remote

07-02 16:50:51.324 18508 18508 I art     : Rejecting re-init on previously-failed class java.lang.Class<com.wallapop.clickstream.JobIntentService$f>

07-02 16:50:51.324 18508 18508 I art     : Rejecting re-init on previously-failed class java.lang.Class<com.wallapop.clickstream.JobIntentService$f>

07-02 16:50:51.454 18508 18508 W ResourcesManager: getTopLevelResources: /data/app/com.google.android.gms-1/base.apk / 1.0 running in com.wallapop rsrc of package null

07-02 16:50:51.564 18508 18508 W ResourcesManager: getTopLevelResources: /data/app/com.google.android.gms-1/base.apk / 1.0 running in com.wallapop rsrc of package null

07-02 16:50:51.584 18508 18593 W System.err: remove failed: ENOENT (No such file or directory) : /data/user/0/com.wallapop/files/tfidf.db

07-02 16:50:51.594 18508 18508 W ResourcesManager: getTopLevelResources: /data/data/com.google.android.gms/app_chimera/m/0000003f/dl-AdsFdrDynamite.integ_20300000008.apk / 1.0 running in com.wallapop rsrc of package null

07-02 16:50:51.604 18508 18508 W ResourcesManager: getTopLevelResources: /data/data/com.google.android.gms/app_chimera/m/0000003f/dl-AdsFdrDynamite.integ_20300000008.apk / 1.0 running in com.wallapop rsrc of package null

07-02 16:50:51.614 18508 18593 W System.err: remove failed: ENOENT (No such file or directory) : /data/user/0/com.wallapop/databases/__hs__db_error_reports

07-02 16:50:51.614 18508 18593 W System.err: remove failed: ENOENT (No such file or directory) : /data/user/0/com.wallapop/databases/__hs__db_error_reports-journal

07-02 16:50:51.614 18508 18593 W System.err: remove failed: ENOENT (No such file or directory) : /data/user/0/com.wallapop/databases/__hs__db_error_reports-shm

07-02 16:50:51.614 18508 18593 W System.err: remove failed: ENOENT (No such file or directory) : /data/user/0/com.wallapop/databases/__hs__db_error_reports-wal

07-02 16:50:51.684 18508 18508 W ResourcesManager: getTopLevelResources: /data/app/com.google.android.gms-1/base.apk / 1.0 running in com.wallapop rsrc of package null

07-02 16:50:51.764 18508 18508 W ResourcesManager: getTopLevelResources: /data/app/com.google.android.webview-2/base.apk / 1.0 running in com.wallapop rsrc of package null

07-02 16:50:54.464 18508 18700 W ResourcesManager: getTopLevelResources: /data/app/com.google.android.gms-1/base.apk / 1.0 running in com.wallapop rsrc of package null

07-02 16:50:54.494 18508 18508 W ResourcesManager: getTopLevelResources: /data/app/com.wallapop-1/base.apk / 1.0 running in com.wallapop rsrc of package null

07-02 16:50:54.504   874  1721 V AlarmManager:  remove PendingIntent] PendingIntent{af1d304: PendingIntentRecord{d9b16d3 com.wallapop broadcastIntent}}

07-02 16:50:54.514 18508 18508 W ResourcesManager: getTopLevelResources: /data/app/com.wallapop-1/base.apk / 1.0 running in com.wallapop rsrc of package null

07-02 16:50:54.704   874   894 V AlarmManager:  remove PendingIntent] PendingIntent{23b1b70: PendingIntentRecord{e26fee9 com.wallapop broadcastIntent}}

07-02 16:50:54.784 18508 18508 W System.err: remove failed: ENOENT (No such file or directory) : /data/user/0/com.wallapop/cache/okhttp/journal.tmp

07-02 16:50:54.824 18508 18508 I Timeline: Timeline: Activity_launch_request id:com.wallapop time:44939641

07-02 16:50:54.844   874   892 V WindowManager: addAppToken: AppWindowToken{352e888 token=Token{1ea3c2b ActivityRecord{82fdc7a u0 com.wallapop/com.rewallapop.ui.wall.WallActivity t857}}} to stack=1 task=857 at 1

07-02 16:50:54.844   874  1028 D StatusBarManagerService: manageDisableList userId=0 what=0x0 pkg=Window{b4a616 u0 d0 Starting com.wallapop}

07-02 16:50:54.964   874  1027 D ApplicationPolicy: isStatusBarNotificationAllowedAsUser: packageName = com.wallapop,userId = 0

07-02 16:50:54.974   874  1027 V MARsPolicyManager: updatePackagesScore PackageInfo name -- com.wallapop

07-02 16:50:54.984   874   874 D MARsPolicyManager: NotificationListenerService OngoingNotificationPosted : com.wallapop

07-02 16:50:54.984  1391  1391 W ResourcesManager: getTopLevelResources: /data/app/com.wallapop-1/base.apk / 1.0 running in com.android.systemui rsrc of package null

07-02 16:50:54.994 18508 18508 W ResourcesManager: getTopLevelResources: /data/app/com.wallapop-1/base.apk / 1.0 running in com.wallapop rsrc of package null

07-02 16:50:54.994 18508 18508 W ResourcesManager: getTopLevelResources: /data/app/com.wallapop-1/base.apk / 1.0 running in com.wallapop rsrc of package null

07-02 16:50:55.024  1391  1391 W ResourcesManager: getTopLevelResources: /data/app/com.wallapop-1/base.apk / 1.0 running in com.android.systemui rsrc of package null

07-02 16:50:55.044  1391  1391 W ResourcesManager: getTopLevelResources: /data/app/com.wallapop-1/base.apk / 1.0 running in com.android.systemui rsrc of package null

07-02 16:50:55.054  1391  1391 W ResourcesManager: getTopLevelResources: /data/app/com.wallapop-1/base.apk / 1.0 running in com.android.systemui rsrc of package null

07-02 16:50:55.074 18508 18653 W System.err: mkdir failed: EEXIST (File exists) : /data/user/0/com.wallapop/cache/WebView/Crash Reports

07-02 16:50:55.084   874  1721 V AlarmManager:  remove PendingIntent] PendingIntent{f5a3f5d: PendingIntentRecord{e26fee9 com.wallapop broadcastIntent}}

07-02 16:50:55.654 18508 18782 W ResourcesManager: getTopLevelResources: /data/app/com.google.android.gms-1/base.apk / 1.0 running in com.wallapop rsrc of package null

07-02 16:50:55.704 18508 18533 W System.err: remove failed: ENOENT (No such file or directory) : /data/user/0/com.wallapop/files/AppEventsLogger.persistedevents

07-02 16:50:55.774   874   894 D ISSUE_DEBUG: InputChannelName : b8d4ae8 com.wallapop/com.rewallapop.ui.wall.WallActivity

07-02 16:50:55.944 16056 16066 I Finsky  : [4928] eth.b(2): com.wallapop: Account determined from installer data - [E7ZhE6RtwBr6ZrivWaTWep8klQM]

07-02 16:50:55.944 16056 16066 I Finsky  : [4928] eth.b(9): com.wallapop: Account from preferred account - [E7ZhE6RtwBr6ZrivWaTWep8klQM]

07-02 16:50:55.954 16056  9767 I Finsky  : [5096] eth.b(2): com.wallapop: Account determined from installer data - [E7ZhE6RtwBr6ZrivWaTWep8klQM]

07-02 16:50:55.954 16056  9767 I Finsky  : [5096] eth.b(9): com.wallapop: Account from preferred account - [E7ZhE6RtwBr6ZrivWaTWep8klQM]

07-02 16:50:55.974 18508 18782 D Amazon DTB Ads API: with json params:[{"adsdk":"aps-android-7.4.3","gdpr":{"e":"1","c":"BAAAAAAOa0ob7AcABBENBtAAAAAh6AAA"},"oo":"false","mraid":["1.0","2.0","3.0"],"ua":"Dalvik\/2.1.0 (Linux; U; Android 6.0.1; SM-G900F Build\/MMB29M)","geoloc":"41.4058712,2.1864581,17.862","idfa":"1e214c05-ac1e-4c82-ae75-fb207f9c9c8a","appId":"d2ba46e2d5ef4c9883051d9c8d0125d5","ad-id":"A-6j1GeULkCtsqbiEmqTO1M","slots":[{"sz":"320x50","slot":"f414d83c-ab9f-4e02-9c59-5137663ee6c7","slotId":1,"supportedMediaTypes":["DISPLAY"]}],"dinfo":{"os":"Android","model":"SM-G900F","make":"samsung","osVersion":"6.0.1","connectionType":"13","country":"ES","scalingFactor":"3.0","carrier":"JAZZTEL","language":"es","screenSize":"1080x1920","orientation":"portrait"},"pkg":{"lbl":"_Wallapop_","pn":"com.wallapop","v":"1770000","vn":"1.77.0-d1907021319"},"isDTBMobile":"true"}]

07-02 16:50:56.144   874  1028 D StatusBarManagerService: manageDisableList userId=0 what=0x0 pkg=Window{b8d4ae8 u0 d0 com.wallapop/com.rewallapop.ui.wall.WallActivity}

07-02 16:50:56.394 16056 16067 I Finsky  : [4929] eth.b(2): com.wallapop: Account determined from installer data - [E7ZhE6RtwBr6ZrivWaTWep8klQM]

07-02 16:50:56.394 16056 16067 I Finsky  : [4929] eth.b(9): com.wallapop: Account from preferred account - [E7ZhE6RtwBr6ZrivWaTWep8klQM]

07-02 16:50:56.434 16056 16226 I Finsky  : [4986] eth.b(2): com.wallapop: Account determined from installer data - [E7ZhE6RtwBr6ZrivWaTWep8klQM]

07-02 16:50:56.434 16056 16226 I Finsky  : [4986] eth.b(9): com.wallapop: Account from preferred account - [E7ZhE6RtwBr6ZrivWaTWep8klQM]

07-02 16:50:56.484 16056 16225 I Finsky  : [4985] eth.b(2): com.wallapop: Account determined from installer data - [E7ZhE6RtwBr6ZrivWaTWep8klQM]

07-02 16:50:56.484 16056 16225 I Finsky  : [4985] eth.b(9): com.wallapop: Account from preferred account - [E7ZhE6RtwBr6ZrivWaTWep8klQM]

07-02 16:50:56.504 16056 16066 I Finsky  : [4928] eth.b(2): com.wallapop: Account determined from installer data - [E7ZhE6RtwBr6ZrivWaTWep8klQM]

07-02 16:50:56.504 16056 16066 I Finsky  : [4928] eth.b(9): com.wallapop: Account from preferred account - [E7ZhE6RtwBr6ZrivWaTWep8klQM]

07-02 16:50:56.534   874   894 V WindowStateAnimator: Finishing drawing window Window{b8d4ae8 u0 d0 com.wallapop/com.rewallapop.ui.wall.WallActivity}: mDrawState=DRAW_PENDING

07-02 16:50:56.544   874  1132 I ActivityManager: Displayed com.wallapop/com.rewallapop.ui.wall.WallActivity: +1s580ms (total +6s964ms)

07-02 16:50:56.554   874  1132 I Timeline: Timeline: Activity_windows_visible id: ActivityRecord{82fdc7a u0 com.wallapop/com.rewallapop.ui.wall.WallActivity t857} time:44941370

07-02 16:50:56.644   874   892 V WindowStateAnimator: Finishing drawing window Window{b8d4ae8 u0 d0 com.wallapop/com.rewallapop.ui.wall.WallActivity}: mDrawState=HAS_DRAWN

07-02 16:50:56.674 16056  9767 I Finsky  : [5096] eth.b(2): com.wallapop: Account determined from installer data - [E7ZhE6RtwBr6ZrivWaTWep8klQM]

07-02 16:50:56.674 16056  9767 I Finsky  : [5096] eth.b(9): com.wallapop: Account from preferred account - [E7ZhE6RtwBr6ZrivWaTWep8klQM]

07-02 16:50:56.684   874   892 I AppOps  : sendInfoToFLP, code=41 , uid=10267 , packageName=com.wallapop , type=startOp

07-02 16:50:56.704 18508 18508 W ResourcesManager: getTopLevelResources: /data/app/com.google.android.gms-1/base.apk / 1.0 running in com.wallapop rsrc of package null

07-02 16:50:56.824 18508 18833 W ResourcesManager: getTopLevelResources: /data/data/com.google.android.gms/app_chimera/m/0000003f/dl-AdsFdrDynamite.integ_20300000008.apk / 1.0 running in com.wallapop rsrc of package null

07-02 16:50:57.034 16056 16067 I Finsky  : [4929] eth.b(2): com.wallapop: Account determined from installer data - [E7ZhE6RtwBr6ZrivWaTWep8klQM]

07-02 16:50:57.034 16056 16067 I Finsky  : [4929] eth.b(9): com.wallapop: Account from preferred account - [E7ZhE6RtwBr6ZrivWaTWep8klQM]

07-02 16:50:57.044 16056 16226 I Finsky  : [4986] eth.b(2): com.wallapop: Account determined from installer data - [E7ZhE6RtwBr6ZrivWaTWep8klQM]

07-02 16:50:57.044 16056 16226 I Finsky  : [4986] eth.b(9): com.wallapop: Account from preferred account - [E7ZhE6RtwBr6ZrivWaTWep8klQM]

07-02 16:50:58.264 18508 18508 W View    : requestLayout() improperly called by com.wallapop.design.view.WallapopTextView{c8a35a7 V.ED..... ......ID 54,30-54,92 #7f0a08d2 app:id/wp__home__tv_bubble} during layout: running second layout pass

07-02 16:50:58.984 18508 18533 W System.err: remove failed: ENOENT (No such file or directory) : /data/user/0/com.wallapop/files/AppEventsLogger.persistedevents

07-02 16:50:59.604 18508 18956 W ResourcesManager: getTopLevelResources: /data/app/com.google.android.gms-1/base.apk / 1.0 running in com.wallapop rsrc of package null

07-02 16:51:00.534 18508 18956 W ResourcesManager: getTopLevelResources: /data/app/com.google.android.gms-1/base.apk / 1.0 running in com.wallapop rsrc of package null

07-02 16:51:01.174 18508 18956 W ResourcesManager: getTopLevelResources: /data/app/com.google.android.gms-1/base.apk / 1.0 running in com.wallapop rsrc of package null

07-02 16:51:01.944 18508 18956 W ResourcesManager: getTopLevelResources: /data/app/com.google.android.gms-1/base.apk / 1.0 running in com.wallapop rsrc of package null

07-02 16:51:06.994 18508 18508 I Timeline: Timeline: Activity_launch_request id:com.wallapop time:44951818

07-02 16:51:07.024   874  1714 V WindowManager: addAppToken: AppWindowToken{2f2bbf1 token=Token{7eb0798 ActivityRecord{9022d7b u0 com.wallapop/.activities.PreferencesActivity t857}}} to stack=1 task=857 at 1

07-02 16:51:07.074   874  1027 V MARsPolicyManager: updatePackagesScore PackageInfo name -- com.wallapop

07-02 16:51:07.084 18508 18508 W ResourcesManager: getTopLevelResources: /data/app/com.wallapop-1/base.apk / 1.0 running in com.wallapop rsrc of package null

07-02 16:51:07.084 18508 18508 W ResourcesManager: getTopLevelResources: /data/app/com.wallapop-1/base.apk / 1.0 running in com.wallapop rsrc of package null

07-02 16:51:07.084 18508 18508 W ResourcesManager: getTopLevelResources: /data/app/com.wallapop-1/base.apk / 1.0 running in com.wallapop rsrc of package null

07-02 16:51:07.144   874   892 V AlarmManager:  remove PendingIntent] PendingIntent{43f31b0: PendingIntentRecord{e26fee9 com.wallapop broadcastIntent}}

07-02 16:51:07.214   874  1913 D ISSUE_DEBUG: InputChannelName : b940ba com.wallapop/com.wallapop.activities.PreferencesActivity

07-02 16:51:07.244   874  1028 D StatusBarManagerService: manageDisableList userId=0 what=0x0 pkg=Window{b940ba u0 d0 com.wallapop/com.wallapop.activities.PreferencesActivity}

07-02 16:51:07.344   874   894 V WindowStateAnimator: Finishing drawing window Window{b940ba u0 d0 com.wallapop/com.wallapop.activities.PreferencesActivity}: mDrawState=DRAW_PENDING

07-02 16:51:07.374   874  1132 I ActivityManager: Displayed com.wallapop/.activities.PreferencesActivity: +316ms

07-02 16:51:07.384   874  5340 V WindowStateAnimator: Finishing drawing window Window{b940ba u0 d0 com.wallapop/com.wallapop.activities.PreferencesActivity}: mDrawState=HAS_DRAWN

07-02 16:51:07.624   874  1132 I Timeline: Timeline: Activity_windows_visible id: ActivityRecord{9022d7b u0 com.wallapop/.activities.PreferencesActivity t857} time:44952444

07-02 16:51:07.664   874  2020 I AppOps  : sendInfoToFLP, code=41 , uid=10267 , packageName=com.wallapop , type=finishOp

07-02 16:51:07.674 18508 18508 V ActivityThread: updateVisibility : ActivityRecord{3b92c2 token=android.os.BinderProxy@164b1a9 {com.wallapop/com.rewallapop.ui.wall.WallActivity}} show : false

07-02 16:51:08.224 18453 18847 W ByMatcher: Node returned null child: android.view.accessibility.AccessibilityNodeInfo@800075be; boundsInParent: Rect(0, 0 - 1080, 1920); boundsInScreen: Rect(0, 0 - 1080, 1920); packageName: com.wallapop; className: android.widget.FrameLayout; text: null; error: null; maxTextLength: -1; contentDescription: null; viewIdResName: null; checkable: false; checked: false; focusable: false; focused: false; selected: false; clickable: false; longClickable: false; contextClickable: false; enabled: true; password: false; scrollable: false; actions: [AccessibilityAction: ACTION_SELECT - null, AccessibilityAction: ACTION_CLEAR_SELECTION - null, AccessibilityAction: ACTION_ACCESSIBILITY_FOCUS - null, AccessibilityAction: ACTION_UNKNOWN - null]

07-02 16:51:08.224 18453 18847 W ByMatcher: Node returned null child: android.view.accessibility.AccessibilityNodeInfo@800075be; boundsInParent: Rect(0, 0 - 1080, 1920); boundsInScreen: Rect(0, 0 - 1080, 1920); packageName: com.wallapop; className: android.widget.FrameLayout; text: null; error: null; maxTextLength: -1; contentDescription: null; viewIdResName: null; checkable: false; checked: false; focusable: false; focused: false; selected: false; clickable: false; longClickable: false; contextClickable: false; enabled: true; password: false; scrollable: false; actions: [AccessibilityAction: ACTION_SELECT - null, AccessibilityAction: ACTION_CLEAR_SELECTION - null, AccessibilityAction: ACTION_ACCESSIBILITY_FOCUS - null, AccessibilityAction: ACTION_UNKNOWN - null]

07-02 16:51:09.164 18508 18508 I Timeline: Timeline: Activity_launch_request id:com.wallapop time:44953989

07-02 16:51:09.184   874  1913 V WindowManager: addAppToken: AppWindowToken{7c41a55 token=Token{e6f110c ActivityRecord{c9b643f u0 com.wallapop/com.helpshift.support.activities.ParentActivity t857}}} to stack=1 task=857 at 2

07-02 16:51:09.214   874  1027 V MARsPolicyManager: updatePackagesScore PackageInfo name -- com.wallapop

07-02 16:51:09.214 18508 18508 W ResourcesManager: getTopLevelResources: /data/app/com.wallapop-1/base.apk / 1.0 running in com.wallapop rsrc of package null

07-02 16:51:09.214 18508 18508 W ResourcesManager: getTopLevelResources: /data/app/com.wallapop-1/base.apk / 1.0 running in com.wallapop rsrc of package null

07-02 16:51:09.244   874  5340 V AlarmManager:  remove PendingIntent] PendingIntent{1434c6a: PendingIntentRecord{e26fee9 com.wallapop broadcastIntent}}

07-02 16:51:09.324   874  1721 D ISSUE_DEBUG: InputChannelName : 4a475a4 com.wallapop/com.helpshift.support.activities.ParentActivity

07-02 16:51:09.344   874  1028 D StatusBarManagerService: manageDisableList userId=0 what=0x0 pkg=Window{4a475a4 u0 d0 com.wallapop/com.helpshift.support.activities.ParentActivity}

07-02 16:51:09.464   874   892 V WindowStateAnimator: Finishing drawing window Window{4a475a4 u0 d0 com.wallapop/com.helpshift.support.activities.ParentActivity}: mDrawState=DRAW_PENDING

07-02 16:51:09.474   874  1132 I ActivityManager: Displayed com.wallapop/com.helpshift.support.activities.ParentActivity: +276ms

07-02 16:51:09.724   874  1132 I Timeline: Timeline: Activity_windows_visible id: ActivityRecord{c9b643f u0 com.wallapop/com.helpshift.support.activities.ParentActivity t857} time:44954548

07-02 16:51:09.754 18508 18508 V ActivityThread: updateVisibility : ActivityRecord{9947b6a token=android.os.BinderProxy@f29de69 {com.wallapop/com.wallapop.activities.PreferencesActivity}} show : false

07-02 16:51:09.884 18508 19066 W System.err: remove failed: ENOENT (No such file or directory) : /data/user/0/com.wallapop/files/fullIndex.db

07-02 16:51:12.554   874   892 D VoldConnector: SND -> {9 volume mkdirs /storage/emulated/0/Android/data/com.wallapop/cache/}

07-02 16:51:12.564   259   597 D VoldCmdListener: volume mkdirs /storage/emulated/0/Android/data/com.wallapop/cache/

07-02 16:51:13.924 18508 18956 W ResourcesManager: getTopLevelResources: /data/app/com.google.android.gms-1/base.apk / 1.0 running in com.wallapop rsrc of package null

07-02 16:51:14.804 18508 18956 W ResourcesManager: getTopLevelResources: /data/app/com.google.android.gms-1/base.apk / 1.0 running in com.wallapop rsrc of package null

07-02 16:51:14.904 18508 18516 W REALM_JAVA: Remember to call close() on all Realm instances. Realm /data/data/com.wallapop/files/feature_flags is being finalized without being closed, this can lead to running out of native memory.

07-02 16:51:14.904 18508 18516 W REALM_JAVA: Remember to call close() on all Realm instances. Realm /data/data/com.wallapop/files/feature_flags is being finalized without being closed, this can lead to running out of native memory.

07-02 16:51:18.404   874  1914 V WindowManager: addAppToken: AppWindowToken{71c28b3 token=Token{74b0622 ActivityRecord{64447ed u0 com.wallapop/com.rewallapop.ui.main.MainActivity t857}}} to stack=1 task=857 at 3

07-02 16:51:18.454   874  1027 V MARsPolicyManager: updatePackagesScore PackageInfo name -- com.wallapop

07-02 16:51:18.454 18508 18508 W ResourcesManager: getTopLevelResources: /data/app/com.wallapop-1/base.apk / 1.0 running in com.wallapop rsrc of package null

07-02 16:51:18.464 18508 18508 W ResourcesManager: getTopLevelResources: /data/app/com.wallapop-1/base.apk / 1.0 running in com.wallapop rsrc of package null

07-02 16:51:18.484   874  4874 V AlarmManager:  remove PendingIntent] PendingIntent{5a69d0f: PendingIntentRecord{e26fee9 com.wallapop broadcastIntent}}

07-02 16:51:18.524 18508 18508 I Timeline: Timeline: Activity_launch_request id:com.wallapop time:44963342

07-02 16:51:18.534   874   894 W ActivityManager: startActivity called from finishing ActivityRecord{64447ed u0 com.wallapop/com.rewallapop.ui.main.MainActivity t857 f}; forcing Intent.FLAG_ACTIVITY_NEW_TASK for: Intent { cmp=com.wallapop/com.helpshift.support.activities.ParentActivity (has extras) }

07-02 16:51:18.544   874  1027 V MARsPolicyManager: updatePackagesScore PackageInfo name -- com.wallapop

07-02 16:51:18.934 18508 18533 W System.err: remove failed: ENOENT (No such file or directory) : /data/user/0/com.wallapop/files/AppEventsLogger.persistedevents

07-02 16:51:18.944   874   894 V AlarmManager:  remove PendingIntent] PendingIntent{8f55146: PendingIntentRecord{d9b16d3 com.wallapop broadcastIntent}}


