Executed '[C740] Help: Access and sections' on 26-06-2019
---------------------------------------------------------------------------------
06-26 16:14:56.418   874  1027 V MARsPolicyManager: updatePackagesScore PackageInfo name -- com.wallapop

06-26 16:14:56.438   874   894 V AlarmManager:  remove PendingIntent] PendingIntent{cf2afa0: PendingIntentRecord{eecb1f com.wallapop broadcastIntent}}

06-26 16:14:56.468   874  1028 D StatusBarManagerService: manageDisableList userId=0 what=0x0 pkg=Window{5be8c7f u0 d0 com.wallapop/com.wallapop.activities.PreferencesActivity}

06-26 16:14:56.528   874  1914 V WindowStateAnimator: Finishing drawing window Window{5be8c7f u0 d0 com.wallapop/com.wallapop.activities.PreferencesActivity}: mDrawState=DRAW_PENDING

06-26 16:14:56.548   874  1132 I ActivityManager: Displayed com.wallapop/.activities.PreferencesActivity: +139ms (total +16s26ms)

06-26 16:14:56.788   874  1132 I Timeline: Timeline: Activity_windows_visible id: ActivityRecord{8113a52 u0 com.wallapop/.activities.PreferencesActivity t805} time:13094819

06-26 16:14:57.108   874  1027 V MARsPolicyManager: updatePackagesScore PackageInfo name -- com.wallapop

06-26 16:14:57.148   874  1722 V AlarmManager:  remove PendingIntent] PendingIntent{fa52893: PendingIntentRecord{eecb1f com.wallapop broadcastIntent}}

06-26 16:14:57.198   874  1028 D StatusBarManagerService: manageDisableList userId=0 what=0x0 pkg=Window{153d4f7 u0 d0 com.wallapop/com.rewallapop.ui.wall.WallActivity}

06-26 16:14:57.278   874  1422 V WindowStateAnimator: Finishing drawing window Window{153d4f7 u0 d0 com.wallapop/com.rewallapop.ui.wall.WallActivity}: mDrawState=DRAW_PENDING

06-26 16:14:57.308   874  1132 I ActivityManager: Displayed com.wallapop/com.rewallapop.ui.wall.WallActivity: +205ms

06-26 16:14:57.518 12262 12262 W View    : requestLayout() improperly called by com.wallapop.design.view.WallapopTextView{9f088ee V.ED..... ......ID 54,30-634,92 #7f0a08d7 app:id/wp__home__tv_bubble} during layout: running second layout pass

06-26 16:14:57.538 12262 12270 W REALM_JAVA: Remember to call close() on all Realm instances. Realm /data/data/com.wallapop/files/feature_flags is being finalized without being closed, this can lead to running out of native memory.

06-26 16:14:57.538 12262 12270 W REALM_JAVA: Remember to call close() on all Realm instances. Realm /data/data/com.wallapop/files/feature_flags is being finalized without being closed, this can lead to running out of native memory.

06-26 16:14:57.548   874  1132 I Timeline: Timeline: Activity_windows_visible id: ActivityRecord{330b558 u0 com.wallapop/com.rewallapop.ui.wall.WallActivity t805} time:13095577

06-26 16:15:04.548 12262 12262 I Timeline: Timeline: Activity_launch_request id:com.wallapop time:13102576

06-26 16:15:04.568   874   894 V WindowManager: addAppToken: AppWindowToken{529c65c token=Token{f855ccf ActivityRecord{bde492e u0 com.wallapop/.activities.PreferencesActivity t805}}} to stack=1 task=805 at 1

06-26 16:15:04.598   874  1027 V MARsPolicyManager: updatePackagesScore PackageInfo name -- com.wallapop

06-26 16:15:04.608 12262 12262 W ResourcesManager: getTopLevelResources: /data/app/com.wallapop-1/base.apk / 1.0 running in com.wallapop rsrc of package null

06-26 16:15:04.608 12262 12262 W ResourcesManager: getTopLevelResources: /data/app/com.wallapop-1/base.apk / 1.0 running in com.wallapop rsrc of package null

06-26 16:15:04.638   874   892 V AlarmManager:  remove PendingIntent] PendingIntent{461ad65: PendingIntentRecord{eecb1f com.wallapop broadcastIntent}}

06-26 16:15:04.688   874  2020 D ISSUE_DEBUG: InputChannelName : 624f6eb com.wallapop/com.wallapop.activities.PreferencesActivity

06-26 16:15:04.708   874  1028 D StatusBarManagerService: manageDisableList userId=0 what=0x0 pkg=Window{624f6eb u0 d0 com.wallapop/com.wallapop.activities.PreferencesActivity}

06-26 16:15:04.768   874   894 V WindowStateAnimator: Finishing drawing window Window{624f6eb u0 d0 com.wallapop/com.wallapop.activities.PreferencesActivity}: mDrawState=DRAW_PENDING

06-26 16:15:04.778   874  1132 I ActivityManager: Displayed com.wallapop/.activities.PreferencesActivity: +197ms

06-26 16:15:04.788   874   892 V WindowStateAnimator: Finishing drawing window Window{624f6eb u0 d0 com.wallapop/com.wallapop.activities.PreferencesActivity}: mDrawState=HAS_DRAWN

06-26 16:15:05.038   874  1132 I Timeline: Timeline: Activity_windows_visible id: ActivityRecord{bde492e u0 com.wallapop/.activities.PreferencesActivity t805} time:13103064

06-26 16:15:05.068 12262 12262 W GmsClientEvents: unregisterConnectionFailedListener(): listener GooglePlayServicesHeadlessFragment{94f979a (f23a6a57-28a1-4f2a-a0f2-7dd3b7c7dc15) com.wallapop.fragments.headless.GooglePlayServicesHeadlessFragment} not found

06-26 16:15:05.068 12262 12262 W GmsClientEvents: unregisterConnectionCallbacks(): listener GooglePlayServicesHeadlessFragment{94f979a (f23a6a57-28a1-4f2a-a0f2-7dd3b7c7dc15) com.wallapop.fragments.headless.GooglePlayServicesHeadlessFragment} not found

06-26 16:15:05.078 12262 12262 V ActivityThread: updateVisibility : ActivityRecord{1228910 token=android.os.BinderProxy@f524c0 {com.wallapop/com.rewallapop.ui.wall.WallActivity}} show : false

06-26 16:15:05.638 12147 12549 W ByMatcher: Node returned null child: android.view.accessibility.AccessibilityNodeInfo@80007501; boundsInParent: Rect(0, 0 - 1080, 1920); boundsInScreen: Rect(0, 0 - 1080, 1920); packageName: com.wallapop; className: android.widget.FrameLayout; text: null; error: null; maxTextLength: -1; contentDescription: null; viewIdResName: null; checkable: false; checked: false; focusable: false; focused: false; selected: false; clickable: false; longClickable: false; contextClickable: false; enabled: true; password: false; scrollable: false; actions: [AccessibilityAction: ACTION_SELECT - null, AccessibilityAction: ACTION_CLEAR_SELECTION - null, AccessibilityAction: ACTION_ACCESSIBILITY_FOCUS - null, AccessibilityAction: ACTION_UNKNOWN - null]

06-26 16:15:05.638 12147 12549 W ByMatcher: Node returned null child: android.view.accessibility.AccessibilityNodeInfo@80007501; boundsInParent: Rect(0, 0 - 1080, 1920); boundsInScreen: Rect(0, 0 - 1080, 1920); packageName: com.wallapop; className: android.widget.FrameLayout; text: null; error: null; maxTextLength: -1; contentDescription: null; viewIdResName: null; checkable: false; checked: false; focusable: false; focused: false; selected: false; clickable: false; longClickable: false; contextClickable: false; enabled: true; password: false; scrollable: false; actions: [AccessibilityAction: ACTION_SELECT - null, AccessibilityAction: ACTION_CLEAR_SELECTION - null, AccessibilityAction: ACTION_ACCESSIBILITY_FOCUS - null, AccessibilityAction: ACTION_UNKNOWN - null]

06-26 16:15:06.468   874  1027 V BroadcastQueue: [background] Process cur broadcast BroadcastRecord{97f1324 u0 com.appboy.action.receiver.DATA_SYNC qIdx=4}, state= (APP_RECEIVE) DELIVERED for app ProcessRecord{34e6102 12262:com.wallapop/u0a265}


