Executed '[C58894] Chat: Active conversations - Conversations information' on 29-10-2019
---------------------------------------------------------------------------------
11-08 23:07:39.749 23911 23978 D Notification.Badge: notificationKey : 0|com.wallapop|999|null|10308, count : 0, this.count : 1

11-08 23:07:39.749 23911 23978 D Notification.Badge: notificationKey : 0|com.wallapop|999|null|10308, count : 1, mTotalCount : 1

11-08 23:07:39.750 23911 23978 D Notification.Badge: LauncherModel:onNotificationFullRefresh() not need to update, updatedBadges.remove[com.wallapop], count : [1]

11-08 23:07:40.813 21035 21087 I appium  : AppiumResponse: {"sessionId":"c9e675af-2269-4ece-83f8-3d2327d6d1a6","value":{"sessionId":"c9e675af-2269-4ece-83f8-3d2327d6d1a6","capabilities":{"firstMatch":[{"platform":"LINUX","webStorageEnabled":false,"takesScreenshot":true,"javascriptEnabled":true,"databaseEnabled":false,"networkConnectionEnabled":true,"locationContextEnabled":false,"warnings":{},"desired":{"platformName":"android","normalizeTagNames":true,"androidInstallTimeout":150000,"app":"","appActivity":"com.rewallapop.ui.main.MainActivity","appPackage":"com.wallapop","isHeadless":false,"skipDeviceInitialization":true,"autoAcceptAlerts":true,"autoGrantPermissions":true,"automationName":"UiAutomator2","avd":"","deviceName":"3200f02dc0aab5db","deviceReadyTimeout":1,"fullReset":false,"ignoreUnimportantViews":true,"newCommandTimeout":60,"noReset":true,"systemPort":8223,"udid":"3200f02dc0aab5db"},"platformName":"android","normalizeTagNames":true,"androidInstallTimeout":150000,"app":"","appActivity":"com.rewallapop.ui.main.MainActivity","appPackage":"com.wallapop","isHeadless":false,"skipDeviceInitialization":true,"autoAcceptAlerts":true,"autoGrantPermissions":true,"automationName":"UiAutomator2","avd":"","deviceName":"3200f02dc0aab5db","deviceReadyTimeout":1,"fullReset":false,"ignoreUnimportantViews":true,"newCommandTimeout":60,"noReset":true,"systemPort":8223,"udid":"3200f02dc0aab5db","deviceUDID":"3200f02dc0aab5db"}],"alwaysMatch":{}}}}

11-08 23:07:41.406  4211  4680 I ActivityManager: Force stopping com.wallapop appid=10308 user=0: from pid 21094 caller com.android.server.am.ActivityManagerShellCommand.runStartActivity:412

11-08 23:07:41.409  4211  4680 I ActivityManager: Killing 19556:com.wallapop/u0a308 (adj 200): stop com.wallapop,from pid 21094 caller com.android.server.am.ActivityManagerShellCommand.runStartActivity:412

11-08 23:07:41.422  4211  4680 W ActivityManager: Scheduling restart of crashed service com.wallapop/com.rewallapop.ui.debug.view.DebugActivity$Service in 1000ms

11-08 23:07:41.428 23911 23911 D Notification.Badge: [valid] onNotificationRemoved : StatusBarNotification(pkg=com.wallapop user=UserHandle{0} id=999 tag=null key=0|com.wallapop|999|null|10308: Notification(channel=wallapop_channel pri=-2 contentView=null vibrate=null sound=null defaults=0x0 flags=0x62 color=0x00000000 vis=PRIVATE semFlags=0x0 semPriority=0 semMissedCount=0))

11-08 23:07:41.428 23911 23911 D Notification.Badge: notificationKey : 0|com.wallapop|999|null|10308, count : 0, this.count : 1

11-08 23:07:41.429 23911 23978 D Notification.Badge: LauncherModel:onNotificationRemoved() : com.wallapop

11-08 23:07:41.430 23911 23978 D Notification.Badge: updateLauncherIconBadges() item : [IconInfo(title=_Wallapop_ intent=Intent { act=android.intent.action.MAIN cat=[android.intent.category.LAUNCHER] flg=0x10200000 cmp=com.wallapop/.activities.HomeActivity (has extras) } id=156 type=0 container=-102 screen=1 cellX=3 cellY=0 spanX=1 spanY=1 rank=3 hidden=0 dropPos=null user=UserHandle{0} screenType=0)], mShowBadge : [false], item.mBadgeCount : [0]

11-08 23:07:41.430 23911 23978 D Notification.Badge: updateLauncherIconBadges() item : [IconInfo(title=_Wallapop_ intent=Intent { act=android.intent.action.MAIN cat=[android.intent.category.LAUNCHER] flg=0x10200000 cmp=com.wallapop/.activities.HomeActivity (has extras) } id=157 type=0 container=-100 screen=0 cellX=2 cellY=3 spanX=1 spanY=1 rank=3 hidden=0 dropPos=null user=UserHandle{0} screenType=0)], mShowBadge : [false], item.mBadgeCount : [0]

11-08 23:07:41.432  4211  4680 I ActivityManager:   Force finishing activity ActivityRecord{6a83971 u0 com.wallapop/com.rewallapop.ui.wall.WallActivity t2061}

11-08 23:07:41.433 23911 23911 D RecommendedView: updateBadgeItems: [IconInfo(title=_Wallapop_ intent=Intent { act=android.intent.action.MAIN cat=[android.intent.category.LAUNCHER] flg=0x10200000 cmp=com.wallapop/.activities.HomeActivity (has extras) } id=156 type=0 container=-102 screen=1 cellX=3 cellY=0 spanX=1 spanY=1 rank=3 hidden=0 dropPos=null user=UserHandle{0} screenType=0), IconInfo(title=_Wallapop_ intent=Intent { act=android.intent.action.MAIN cat=[android.intent.category.LAUNCHER] flg=0x10200000 cmp=com.wallapop/.activities.HomeActivity (has extras) } id=157 type=0 container=-100 screen=0 cellX=2 cellY=3 spanX=1 spanY=1 rank=3 hidden=0 dropPos=null user=UserHandle{0} screenType=0)]

11-08 23:07:41.450  4211  4227 I WindowManager: Cancelling animation restarting=false, leash=null, surface=Surface(name=AppWindowToken{ceb9fd7 token=Token{5871356 ActivityRecord{6a83971 u0 com.wallapop/com.rewallapop.ui.wall.WallActivity t2061}}})/@0xe02564d, parent=Surface(name=Task=2061)/@0xc54bcfe

11-08 23:07:41.451  4211  4227 V WindowManager: Remove Window{68ba369 u0 com.wallapop/com.rewallapop.ui.wall.WallActivity}: mSurfaceController=null mAnimatingExit=false mRemoveOnExit=false mHasSurface=false surfaceShowing=false isAnimationSet=false app-animation=false mWillReplaceWindow=false inPendingTransaction=false mDisplayFrozen=false callers=com.android.server.wm.WindowState.removeIfPossible:2764 com.android.server.wm.WindowToken.removeAllWindowsIfPossible:150 com.android.server.wm.AppWindowToken.removeIfPossible:743 com.android.server.wm.AppWindowToken.onRemovedFromDisplay:819 com.android.server.wm.DisplayContent.removeAppToken:1079 com.android.server.wm.AppWindowContainerController.removeContainer:305

11-08 23:07:41.458  3727  3771 I SurfaceFlinger: id=21663 Removed 68ba369 com.wallapop/com.rewallapop.ui.wall.WallActivity#0 (0/69)

11-08 23:07:41.463  3727  3771 I SurfaceFlinger: id=21661 Removed AppWindowToken{ceb9fd7 token=Token{5871356 ActivityRecord{6a83971 u0 com.wallapop/com.rewallapop.ui.wall.WallActivity t2061}}}#0 (0/68)

11-08 23:07:41.475  3727  3727 I Layer   : id=21663 onRemoved 68ba369 com.wallapop/com.rewallapop.ui.wall.WallActivity#0

11-08 23:07:41.475  3727  3727 I Layer   : id=21661 onRemoved AppWindowToken{ceb9fd7 token=Token{5871356 ActivityRecord{6a83971 u0 com.wallapop/com.rewallapop.ui.wall.WallActivity t2061}}}#0

11-08 23:07:41.507  4211  4227 W BroadcastQueue: Background execution not allowed: receiving Intent { act=android.intent.action.PACKAGE_RESTARTED dat=package:com.wallapop flg=0x10 (has extras) } to android/com.kddi.android.CpaNotiReceiver

11-08 23:07:41.509  4211  4211 D SamsungAlarmManager: Remove alarm for next reason : android.intent.action.PACKAGE_RESTARTED : package: com.wallapop

11-08 23:07:41.514  4211  4211 W NotificationListeners: Not binding notification listener service ComponentInfo{com.wallapop.app/com.wallapop.mylistener}: service not found

11-08 23:07:41.514  4211  4211 W NotificationListeners: Not binding notification listener service ComponentInfo{com.wallapop/com.wallapop.mylistener}: service not found

11-08 23:07:41.700  4211  4680 I ActivityManager: START u0 {act=null typ=null flg=0x10000000 cmp=ComponentInfo{com.wallapop/com.rewallapop.ui.main.MainActivity}} from uid 2000

11-08 23:07:41.706  4211  4680 I ActivityManager: [IOP] sourceDir : /data/app/com.wallapop-nN61LgWkU31ss5nH-FafhQ== in ActivityStacksupervisor

11-08 23:07:41.716  3727  3727 I SurfaceFlinger: id=21724 createSurf (4440x4440),2 flag=4, AppWindowToken{14928d7 token=Token{c312056 ActivityRecord{6ae5a71 u0 com.wallapop/com.rewallapop.ui.main.MainActivity t2062}}}#0

11-08 23:07:41.734  3727  3727 I SurfaceFlinger: id=21725 createSurf (4440x4440),2 flag=4, 213af48 Splash Screen com.wallapop#0

11-08 23:07:41.738  4211  6758 D StorageManagerService: getExternalStorageMountMode : final mountMode=1, uid : 10308, packageName : com.wallapop

11-08 23:07:41.739  4211  6758 I ApplicationPolicy: isApplicationExternalStorageWhitelisted:com.wallapop user:0

11-08 23:07:41.739  4211  6758 D ActivityManager: package  com.wallapop, user - 0 is SDcard whitelisted

11-08 23:07:41.739  4211  6758 I ApplicationPolicy: isApplicationExternalStorageBlacklisted:com.wallapop user:0

11-08 23:07:41.739  4211  6758 I ApplicationPolicy: isApplicationExternalStorageBlacklisted:com.wallapop user:0

11-08 23:07:41.740  4211  4211 D Telecom:SamsungPrebindingServiceImpl: onTopActivityChanged : ComponentInfo{com.wallapop/com.rewallapop.ui.main.MainActivity}

11-08 23:07:41.749  4211  4310 V WindowManager: Relayout Window{213af48 u0 Splash Screen com.wallapop}: viewVisibility=0 req=1080x2220 {(0,0)(fillxfill) sim={adjust=pan} ty=APPLICATION_STARTING fmt=TRANSLUCENT wanim=0x10302fe

11-08 23:07:41.753  3727  3727 I SurfaceFlinger: id=21726 createSurf (1080x2220),1 flag=4, Splash Screen com.wallapop#0

11-08 23:07:41.754  4211  4310 D WindowManager: makeSurface duration=3 name=Splash Screen com.wallapop

11-08 23:07:41.762  4211  4229 I ActivityManager: Start proc 21101:com.wallapop/u0a308 for activity com.wallapop/com.rewallapop.ui.main.MainActivity

11-08 23:07:41.765 21101 21101 I com.wallapop: Late-enabling -Xcheck:jni

11-08 23:07:41.774  4211  4310 D WindowManager: finishDrawingWindow: Window{213af48 u0 Splash Screen com.wallapop} mDrawState=DRAW_PENDING

11-08 23:07:41.775  4211  4310 I WindowManager: commitFinishDrawingLocked: mDrawState=READY_TO_SHOW Surface(name=Splash Screen com.wallapop)/@0x1b61192

11-08 23:07:41.776  4211  4310 V WindowManager: Resize reasons for w=Window{213af48 u0 Splash Screen com.wallapop}:  contentInsetsChanged=false [0,63][0,126] visibleInsetsChanged=false [0,63][0,126] stableInsetsChanged=false [0,63][0,126] outsetsChanged=false [0,0][0,0] surfaceResized=false configChanged=false dragResizingChanged=false reportOrientationChanged=false displayCutoutChanged=false nextForceRelayoutToClient=false

11-08 23:07:41.795 21101 21101 I com.wallapop: report jit thread pid = 21106

11-08 23:07:41.810  4211  6758 I ActivityManager: DSS on for com.wallapop and scale is 1.0

11-08 23:07:41.814  4211  6758 I WindowManager: commitFinishDrawingLocked: mDrawState=READY_TO_SHOW Surface(name=Splash Screen com.wallapop)/@0x1b61192

11-08 23:07:41.823  4211  4310 I WindowManager: commitFinishDrawingLocked: mDrawState=READY_TO_SHOW Surface(name=Splash Screen com.wallapop)/@0x1b61192

11-08 23:07:41.823  4211  6758 D GamePkgDataHelper: notifyAppCreate(), pkgName: com.wallapop, sendRet: true

11-08 23:07:41.823  4211  4473 D GamePkgDataHelper: getGamePkgData(). com.wallapop

11-08 23:07:41.823  4211  4473 D GameManagerService: handleMessage(), MSG_APP_CREATE. ignore. pkgName: com.wallapop

11-08 23:07:41.829  4211  6758 D GameManagerService: noteResumeComponent(), resumeComponent: com.wallapop

11-08 23:07:41.829  4211  4473 D GameManagerService: handleForegroundChange(). pkgName: com.wallapop, clsName: com.rewallapop.ui.main.MainActivity,FgActivityName:com.wallapop/com.rewallapop.ui.main.MainActivity

11-08 23:07:41.829  4211  4473 D GameManagerService:   handleForegroundChange(). set mFgApp: com.wallapop

11-08 23:07:41.829  4211  6758 D GamePkgDataHelper: getSosPolicy(). com.wallapop

11-08 23:07:41.829  4211  4473 D GameManagerService: notifyResumePause(). pkg: com.wallapop, type: 4, isMinimized: false, isTunableApp: false

11-08 23:07:41.829  4211  5662 D GamePkgDataHelper: getGamePkgDataIncServer(). com.wallapop

11-08 23:07:41.830  4211  6758 D GameManagerService: identifyGamePackage. com.wallapop

11-08 23:07:41.830  4211  6758 D GamePkgDataHelper: getGamePkgData(). com.wallapop

11-08 23:07:41.830  4211  6758 D MARsPolicyManager: onPackageResumedFG pkgName = com.wallapop, userId = 0

11-08 23:07:41.832  4211  4310 I WindowManager: commitFinishDrawingLocked: mDrawState=READY_TO_SHOW Surface(name=Splash Screen com.wallapop)/@0x1b61192

11-08 23:07:41.838  4211  4310 I WindowManager: Cancelling animation restarting=true, leash=null, surface=Surface(name=AppWindowToken{14928d7 token=Token{c312056 ActivityRecord{6ae5a71 u0 com.wallapop/com.rewallapop.ui.main.MainActivity t2062}}})/@0x4dbdeb7, parent=Surface(name=Task=2062)/@0x803c624

11-08 23:07:41.838  4211  4310 I WindowManager: Reparenting to leash, surface=Surface(name=AppWindowToken{14928d7 token=Token{c312056 ActivityRecord{6ae5a71 u0 com.wallapop/com.rewallapop.ui.main.MainActivity t2062}}})/@0x4dbdeb7

11-08 23:07:41.839  3727  3727 I SurfaceFlinger: id=21728 createSurf (4440x4440),2 flag=4, Surface(name=AppWindowToken{14928d7 token=Token{c312056 ActivityRecord{6ae5a71 u0 com.wallapop/com.rewallapop.ui.main.MainActivity t2062}}})/@0x4dbdeb7 - animation-leash#0

11-08 23:07:41.841  4211  4310 D WindowManager: makeSurface duration=2 leash=Surface(name=Surface(name=AppWindowToken{14928d7 token=Token{c312056 ActivityRecord{6ae5a71 u0 com.wallapop/com.rewallapop.ui.main.MainActivity t2062}}})/@0x4dbdeb7 - animation-leash)/@0x3d2858d

11-08 23:07:41.841  4211  4310 D SurfaceControl: reparent is called, sc=Surface(name=AppWindowToken{14928d7 token=Token{c312056 ActivityRecord{6ae5a71 u0 com.wallapop/com.rewallapop.ui.main.MainActivity t2062}}})/@0x4dbdeb7, newParentHandle=android.os.BinderProxy@d620342, transaction=android.view.SurfaceControl$Transaction@6c5af53

11-08 23:07:41.841  4211  4310 V WindowManager: performShowLocked: mDrawState=HAS_DRAWN in Window{213af48 u0 Splash Screen com.wallapop}

11-08 23:07:41.846  3727  5386 D Layer   : [AppWindowToken{14928d7 token=Token{c312056 ActivityRecord{6ae5a71 u0 com.wallapop/com.rewallapop.ui.main.MainActivity t2062}}}#0]::reparent oldParent:[Task=2062#0], newParent:[Surface(name=AppWindowToken{14928d7 token=Token{c312056 ActivityRecord{6ae5a71 u0 com.wallapop/com.rewallapop.ui.main.MainActivity t2062}}})/@0x4dbdeb7 - animation-leash#0]

11-08 23:07:41.849  4211  5662 D GamePkgDataHelper: getSosPolicy(). com.wallapop

11-08 23:07:41.850  4211  4228 D CodecSolution: isMaxAspectPackageEx: com.wallapop : true(2)

11-08 23:07:41.851  4211  5505 D GameManagerService: identifyGamePackage. com.wallapop

11-08 23:07:41.851  4211  5505 D GamePkgDataHelper: getGamePkgData(). com.wallapop

11-08 23:07:41.853  4211  4228 D WindowManager: setSystemUiVisibility: vis= 0xa018, fullscreenVis= 0x2000, dockedVis= 0x0, win=Window{213af48 u0 Splash Screen com.wallapop}

11-08 23:07:41.855 21101 21101 I com.wallapop: The ClassLoaderContext is a special shared library.

11-08 23:07:41.862  4211  5500 D GameManagerService: identifyGamePackage. com.wallapop

11-08 23:07:41.862  4211  5500 D GamePkgDataHelper: getGamePkgData(). com.wallapop

11-08 23:07:41.951  3727  3727 I SurfaceFlinger:      Client | 0x70dda1ff00 | 0000 | RGBA_8888 |   0.0    1.0 1080.0 2219.0 |   89  184  991 2036 | Splash Screen com.wallapop#0

11-08 23:07:41.975  3727  3727 I SurfaceFlinger:      Device | 0x70dda1ff00 | 0000 | RGBA_8888 |   0.0    0.0 1080.0 2220.0 |   67  137 1013 2083 | Splash Screen com.wallapop#0

11-08 23:07:41.980  4211  4669 D MdnieScenarioControlService:  packageName : com.wallapop    className : com.rewallapop.ui.main.MainActivity

11-08 23:07:42.093  4211  4310 I WindowManager: reset, Reparenting to original parent, shouldDeferScheduleAnimation=false, destroyLeash=true, surface=Surface(name=AppWindowToken{14928d7 token=Token{c312056 ActivityRecord{6ae5a71 u0 com.wallapop/com.rewallapop.ui.main.MainActivity t2062}}})/@0x4dbdeb7, parent=Surface(name=Task=2062)/@0x803c624, parentNativeHandle=android.os.BinderProxy@171edaf, caller=com.android.server.wm.SurfaceAnimator.lambda$getFinishedCallback$0:97 com.android.server.wm.-$$Lambda$SurfaceAnimator$SIBia0mND666K8lMCPsoid8pUTI.run:4 com.android.server.wm.SurfaceAnimator.lambda$getFinishedCallback$1:104 com.android.server.wm.-$$Lambda$SurfaceAnimator$vdRZk66hQVbQCvVXEaQCT1kVmFc.onAnimationFinished:4 com.android.server.wm.LocalAnimationAdapter.lambda$startAnimation$0:74

11-08 23:07:42.093  4211  4310 D SurfaceControl: reparent is called, sc=Surface(name=AppWindowToken{14928d7 token=Token{c312056 ActivityRecord{6ae5a71 u0 com.wallapop/com.rewallapop.ui.main.MainActivity t2062}}})/@0x4dbdeb7, newParentHandle=android.os.BinderProxy@171edaf, transaction=android.view.SurfaceControl$Transaction@6c5af53

11-08 23:07:42.093  4211  4310 D SurfaceControl: destroy(transaction), animation-leash is destroyed, sc=Surface(name=Surface(name=AppWindowToken{14928d7 token=Token{c312056 ActivityRecord{6ae5a71 u0 com.wallapop/com.rewallapop.ui.main.MainActivity t2062}}})/@0x4dbdeb7 - animation-leash)/@0x3d2858d, transaction=android.view.SurfaceControl$Transaction@6c5af53, caller=com.android.server.wm.SurfaceAnimator.reset:338 com.android.server.wm.SurfaceAnimator.lambda$getFinishedCallback$0:97 com.android.server.wm.-$$Lambda$SurfaceAnimator$SIBia0mND666K8lMCPsoid8pUTI.run:4 com.android.server.wm.SurfaceAnimator.lambda$getFinishedCallback$1:104 com.android.server.wm.-$$Lambda$SurfaceAnimator$vdRZk66hQVbQCvVXEaQCT1kVmFc.onAnimationFinished:4 com.android.server.wm.LocalAnimationAdapter.lambda$startAnimation$0:74 com.android.server.wm.-$$Lambda$LocalAnimationAdapter$X--EomqUvw4qy89IeeTFTH7aCMo.run:4

11-08 23:07:42.097  3727  3770 D Layer   : [AppWindowToken{14928d7 token=Token{c312056 ActivityRecord{6ae5a71 u0 com.wallapop/com.rewallapop.ui.main.MainActivity t2062}}}#0]::reparent oldParent:[Surface(name=AppWindowToken{14928d7 token=Token{c312056 ActivityRecord{6ae5a71 u0 com.wallapop/com.rewallapop.ui.main.MainActivity t2062}}})/@0x4dbdeb7 - animation-leash#0], newParent:[Task=2062#0]

11-08 23:07:42.097  3727  3770 I SurfaceFlinger: id=21728 Removed Surface(name=AppWindowToken{14928d7 token=Token{c312056 ActivityRecord{6ae5a71 u0 com.wallapop/com.rewallapop.ui.main.MainActivity t2062}}})/@0x4dbdeb7 - animation-leash#0 (0/72)

11-08 23:07:42.109  3727  3727 I Layer   : id=21728 onRemoved Surface(name=AppWindowToken{14928d7 token=Token{c312056 ActivityRecord{6ae5a71 u0 com.wallapop/com.rewallapop.ui.main.MainActivity t2062}}})/@0x4dbdeb7 - animation-leash#0

11-08 23:07:42.152  3727  3727 I SurfaceFlinger:      Device | 0x70dda1ff00 | 0000 | RGBA_8888 |   0.0    0.0 1080.0 2220.0 |    0    0 1080 2220 | Splash Screen com.wallapop#0

11-08 23:07:42.208 21101 21134 W com.wallapop: Unsupported class loader

11-08 23:07:42.212 21101 21134 W com.wallapop: Skipping duplicate class check due to unsupported classloader

11-08 23:07:42.267 21101 21134 W com.wallapop: Unsupported class loader

11-08 23:07:42.304 21101 21123 I FA      :   adb shell setprop debug.firebase.analytics.app com.wallapop

11-08 23:07:42.676 21101 21170 I stetho  : Listening on @stetho_com.wallapop_devtools_remote

11-08 23:07:42.845 21101 21178 W com.wallapop: Accessing hidden field Lsun/misc/Unsafe;->theUnsafe:Lsun/misc/Unsafe; (light greylist, reflection)

11-08 23:07:42.849 21101 21177 W com.wallapop: Accessing hidden field Ljava/nio/Buffer;->address:J (light greylist, reflection)

11-08 23:07:42.979 21101 21101 I com.wallapop: The ClassLoaderContext is a special shared library.

11-08 23:07:42.983 21101 21101 I chatty  : uid=10308(com.wallapop) identical 1 line

11-08 23:07:42.988 21101 21101 I com.wallapop: The ClassLoaderContext is a special shared library.

11-08 23:07:43.402 21101 21204 W com.wallapop: Accessing hidden method Landroid/content/Context;->bindServiceAsUser(Landroid/content/Intent;Landroid/content/ServiceConnection;ILandroid/os/Handler;Landroid/os/UserHandle;)Z (light greylist, reflection)

11-08 23:07:43.405  4211  5500 I ApplicationPolicy: isApplicationExternalStorageWhitelisted:com.wallapop user:0

11-08 23:07:43.405  4211  5500 D ActivityManager: package  com.wallapop, user - 0 is SDcard whitelisted

11-08 23:07:43.405  4211  5500 I ApplicationPolicy: isApplicationExternalStorageBlacklisted:com.wallapop user:0

11-08 23:07:43.406  4211  5500 I ApplicationPolicy: isApplicationExternalStorageBlacklisted:com.wallapop user:0

11-08 23:07:43.423  4211  4229 I ActivityManager: Start proc 21207:com.android.chrome:sandboxed_process0/u0i674 for webview_service com.wallapop/org.chromium.content.app.SandboxedProcessService0

11-08 23:07:43.458  4211  5500 I ActivityManager: DSS on for com.wallapop and scale is 1.0

11-08 23:07:43.460  4211  5500 D MultiDisplayManager: init process display: set packageProcessId, displayId=0, same_package_proc=ProcessRecord{590b89ad0 21101:com.wallapop/u0a308}, app=ProcessRecord{3cf074dd0 21207:com.android.chrome:sandboxed_process0/u0a308i674}

11-08 23:07:43.568 21101 21101 W com.wallapop: Accessing hidden method Landroid/view/textclassifier/logging/SmartSelectionEventTracker;-><init>(Landroid/content/Context;I)V (light greylist, reflection)

11-08 23:07:43.568 21101 21101 W com.wallapop: Accessing hidden method Landroid/view/textclassifier/logging/SmartSelectionEventTracker;->logEvent(Landroid/view/textclassifier/logging/SmartSelectionEventTracker$SelectionEvent;)V (light greylist, reflection)

11-08 23:07:43.569 21101 21101 W com.wallapop: Accessing hidden method Landroid/view/textclassifier/logging/SmartSelectionEventTracker$SelectionEvent;->selectionStarted(I)Landroid/view/textclassifier/logging/SmartSelectionEventTracker$SelectionEvent; (light greylist, reflection)

11-08 23:07:43.569 21101 21101 W com.wallapop: Accessing hidden method Landroid/view/textclassifier/logging/SmartSelectionEventTracker$SelectionEvent;->selectionModified(II)Landroid/view/textclassifier/logging/SmartSelectionEventTracker$SelectionEvent; (light greylist, reflection)

11-08 23:07:43.569 21101 21101 W com.wallapop: Accessing hidden method Landroid/view/textclassifier/logging/SmartSelectionEventTracker$SelectionEvent;->selectionModified(IILandroid/view/textclassifier/TextClassification;)Landroid/view/textclassifier/logging/SmartSelectionEventTracker$SelectionEvent; (light greylist, reflection)

11-08 23:07:43.569 21101 21101 W com.wallapop: Accessing hidden method Landroid/view/textclassifier/logging/SmartSelectionEventTracker$SelectionEvent;->selectionModified(IILandroid/view/textclassifier/TextSelection;)Landroid/view/textclassifier/logging/SmartSelectionEventTracker$SelectionEvent; (light greylist, reflection)

11-08 23:07:43.569 21101 21101 W com.wallapop: Accessing hidden method Landroid/view/textclassifier/logging/SmartSelectionEventTracker$SelectionEvent;->selectionAction(III)Landroid/view/textclassifier/logging/SmartSelectionEventTracker$SelectionEvent; (light greylist, reflection)

11-08 23:07:43.569 21101 21101 W com.wallapop: Accessing hidden method Landroid/view/textclassifier/logging/SmartSelectionEventTracker$SelectionEvent;->selectionAction(IIILandroid/view/textclassifier/TextClassification;)Landroid/view/textclassifier/logging/SmartSelectionEventTracker$SelectionEvent; (light greylist, reflection)

11-08 23:07:43.624 21101 21227 W com.wallapop: Accessing hidden method Landroid/media/AudioManager;->getOutputLatency(I)I (light greylist, reflection)

11-08 23:07:43.673 21101 21101 W com.wallapop: Accessing hidden method Landroid/app/ActivityThread;->currentPackageName()Ljava/lang/String; (light greylist, reflection)

11-08 23:07:44.270 21101 21277 W com.wallapop: Accessing hidden method Lcom/android/org/conscrypt/OpenSSLSocketImpl;->setAlpnProtocols([B)V (light greylist, reflection)

11-08 23:07:44.654 21101 21277 W com.wallapop: Accessing hidden method Lcom/android/org/conscrypt/OpenSSLSocketImpl;->getAlpnSelectedProtocol()[B (light greylist, reflection)

11-08 23:07:46.180  4211  5662 D SamsungAlarmManager: Cancel Alarm calling from uid:10308 pid :21101 / op:PendingIntent{f5db9ae: PendingIntentRecord{d49c3b2 com.wallapop broadcastIntent}}

11-08 23:07:46.354 21101 21101 W com.wallapop: Accessing hidden method Landroid/view/View;->computeFitSystemWindows(Landroid/graphics/Rect;Landroid/graphics/Rect;)Z (light greylist, reflection)

11-08 23:07:46.356 21101 21101 W com.wallapop: Accessing hidden method Landroid/view/ViewGroup;->makeOptionalFitsSystemWindows()V (light greylist, reflection)

11-08 23:07:46.384 21101 21101 W com.wallapop: Accessing hidden field Landroid/view/ViewGroup;->mOnHierarchyChangeListener:Landroid/view/ViewGroup$OnHierarchyChangeListener; (light greylist, reflection)

11-08 23:07:46.418  4211  5662 D SamsungAlarmManager: Cancel Alarm calling from uid:10308 pid :21101 / op:PendingIntent{538b974: PendingIntentRecord{5607e9d com.wallapop broadcastIntent}}

11-08 23:07:46.458  4211  5662 D LocationManagerService: request 1e50efb passive Request[POWER_NONE passive fastest=0 num=1 lowPowerMode=false] from com.wallapop(10308 foreground)

11-08 23:07:46.459  4622  4682 E RequestManager_FLP: [LocationManagerService] Location request 1e50efb(PendingIntent) passive interval=0 from com.wallapop(10308)

11-08 23:07:46.521 21101 21101 I chatty  : uid=10308(com.wallapop) identical 14 lines

11-08 23:07:46.521 21101 21101 I chatty  : uid=10308(com.wallapop) identical 1 line

11-08 23:07:46.525 21101 21101 I chatty  : uid=10308(com.wallapop) identical 6 lines

11-08 23:07:46.657  4211  6758 I ActivityManager: START u0 {act=null typ=null flg=0x0 cmp=ComponentInfo{com.wallapop/com.rewallapop.ui.wall.WallActivity}} from uid 10308

11-08 23:07:46.671  3727  3727 I SurfaceFlinger: id=21729 createSurf (4440x4440),2 flag=4, AppWindowToken{e4b6799 token=Token{3e1f8e0 ActivityRecord{df476e3 u0 com.wallapop/com.rewallapop.ui.wall.WallActivity t2062}}}#0

11-08 23:07:46.673  4211  6758 D SurfaceControl: reparent is called, sc=Surface(name=213af48 Splash Screen com.wallapop)/@0x901ea5e, newParentHandle=android.os.BinderProxy@ded9e3f, transaction=android.view.SurfaceControl$Transaction@81dc30c

11-08 23:07:46.676  4211  4228 D WindowManager: setSystemUiVisibility: vis= 0xa018, fullscreenVis= 0x2000, dockedVis= 0x0, win=Window{213af48 u0 Splash Screen com.wallapop}

11-08 23:07:46.677  3727  3770 D Layer   : [213af48 Splash Screen com.wallapop#0]::reparent oldParent:[AppWindowToken{14928d7 token=Token{c312056 ActivityRecord{6ae5a71 u0 com.wallapop/com.rewallapop.ui.main.MainActivity t2062}}}#0], newParent:[AppWindowToken{e4b6799 token=Token{3e1f8e0 ActivityRecord{df476e3 u0 com.wallapop/com.rewallapop.ui.wall.WallActivity t2062}}}#0]

11-08 23:07:46.680  4211  4211 D Telecom:SamsungPrebindingServiceImpl: onTopActivityChanged : ComponentInfo{com.wallapop/com.rewallapop.ui.wall.WallActivity}

11-08 23:07:46.782 21101 21112 I com.wallapop: Background concurrent copying GC freed 50264(3MB) AllocSpace objects, 59(1624KB) LOS objects, 51% free, 5MB/11MB, paused 199us total 118.653ms

11-08 23:07:46.879 21101 21367 I com.wallapop: The ClassLoaderContext is a special shared library.

11-08 23:07:46.917  4211  4227 D ApplicationPolicy: isStatusBarNotificationAllowedAsUser: packageName = com.wallapop,userId = 0

11-08 23:07:46.918  4211  4227 D ApplicationPolicy: isStatusBarNotificationAllowedAsUser: packageName = com.wallapop,userId = 0

11-08 23:07:46.924  4211  5662 D GamePkgDataHelper: notifyAppCreate(), pkgName: com.wallapop, sendRet: true

11-08 23:07:46.924  4211  4473 D GamePkgDataHelper: getGamePkgData(). com.wallapop

11-08 23:07:46.924  4211  4473 D GameManagerService: handleMessage(), MSG_APP_CREATE. ignore. pkgName: com.wallapop

11-08 23:07:46.927  4211  5662 D GameManagerService: noteResumeComponent(), resumeComponent: com.wallapop

11-08 23:07:46.927  4211  5662 D MARsPolicyManager: onPackageResumedFG pkgName = com.wallapop, userId = 0

11-08 23:07:46.927  4211  4473 D GameManagerService: handleForegroundChange(). pkgName: com.wallapop, clsName: com.rewallapop.ui.wall.WallActivity,FgActivityName:com.wallapop/com.rewallapop.ui.wall.WallActivity

11-08 23:07:46.929  4211  4211 D Telecom:SamsungPrebindingServiceImpl: onTopActivityChanged : ComponentInfo{com.wallapop/com.rewallapop.ui.wall.WallActivity}

11-08 23:07:46.932  4211  5662 I WindowManager: Cancelling animation restarting=true, leash=null, surface=Surface(name=AppWindowToken{14928d7 token=Token{c312056 ActivityRecord{6ae5a71 u0 com.wallapop/com.rewallapop.ui.main.MainActivity t2062}}})/@0x4dbdeb7, parent=Surface(name=Task=2062)/@0x803c624

11-08 23:07:46.932  4211  5662 I WindowManager: Reparenting to leash, surface=Surface(name=AppWindowToken{14928d7 token=Token{c312056 ActivityRecord{6ae5a71 u0 com.wallapop/com.rewallapop.ui.main.MainActivity t2062}}})/@0x4dbdeb7

11-08 23:07:46.933  3727  3727 I SurfaceFlinger: id=21730 createSurf (4440x4440),2 flag=4, Surface(name=AppWindowToken{14928d7 token=Token{c312056 ActivityRecord{6ae5a71 u0 com.wallapop/com.rewallapop.ui.main.MainActivity t2062}}})/@0x4dbdeb7 - animation-leash#0

11-08 23:07:46.934  4211  5662 D WindowManager: makeSurface duration=2 leash=Surface(name=Surface(name=AppWindowToken{14928d7 token=Token{c312056 ActivityRecord{6ae5a71 u0 com.wallapop/com.rewallapop.ui.main.MainActivity t2062}}})/@0x4dbdeb7 - animation-leash)/@0x60ded3

11-08 23:07:46.935  4211  5662 D SurfaceControl: reparent is called, sc=Surface(name=AppWindowToken{14928d7 token=Token{c312056 ActivityRecord{6ae5a71 u0 com.wallapop/com.rewallapop.ui.main.MainActivity t2062}}})/@0x4dbdeb7, newParentHandle=android.os.BinderProxy@7555a10, transaction=android.view.SurfaceControl$Transaction@6c5af53

11-08 23:07:46.938  3727  3770 D Layer   : [AppWindowToken{14928d7 token=Token{c312056 ActivityRecord{6ae5a71 u0 com.wallapop/com.rewallapop.ui.main.MainActivity t2062}}}#0]::reparent oldParent:[Task=2062#0], newParent:[Surface(name=AppWindowToken{14928d7 token=Token{c312056 ActivityRecord{6ae5a71 u0 com.wallapop/com.rewallapop.ui.main.MainActivity t2062}}})/@0x4dbdeb7 - animation-leash#0]

11-08 23:07:47.013 21101 21168 W com.wallapop: Accessing hidden method Ldalvik/system/VMRuntime;->getRuntime()Ldalvik/system/VMRuntime; (light greylist, reflection)

11-08 23:07:47.013 21101 21168 W com.wallapop: Accessing hidden method Ldalvik/system/VMRuntime;->vmInstructionSet()Ljava/lang/String; (light greylist, reflection)

11-08 23:07:47.026 23911 23911 D Notification.Badge: [valid] onNotificationPosted : StatusBarNotification(pkg=com.wallapop user=UserHandle{0} id=999 tag=null key=0|com.wallapop|999|null|10308: Notification(channel=wallapop_channel pri=-2 contentView=null vibrate=null sound=null defaults=0x0 flags=0x62 color=0x00000000 vis=PRIVATE semFlags=0x0 semPriority=0 semMissedCount=0))

11-08 23:07:47.026 23911 23911 D Notification.Badge: notificationKey : 0|com.wallapop|999|null|10308, count : 0, this.count : 1

11-08 23:07:47.027 23911 23978 D Notification.Badge: LauncherModel:onNotificationPosted() : com.wallapop, count : [0], shouldBeFilteredOut : [false]

11-08 23:07:47.027 23911 23978 D Notification.Badge: notificationKey : 0|com.wallapop|999|null|10308, count : 1, mTotalCount : 1

11-08 23:07:47.034 23911 23978 D Notification.Badge: updateLauncherIconBadges() item : [IconInfo(title=_Wallapop_ intent=Intent { act=android.intent.action.MAIN cat=[android.intent.category.LAUNCHER] flg=0x10200000 cmp=com.wallapop/.activities.HomeActivity (has extras) } id=156 type=0 container=-102 screen=1 cellX=3 cellY=0 spanX=1 spanY=1 rank=3 hidden=0 dropPos=null user=UserHandle{0} screenType=0)], mShowBadge : [true], item.mBadgeCount : [1]

11-08 23:07:47.034 23911 23978 D Notification.Badge: updateLauncherIconBadges() item : [IconInfo(title=_Wallapop_ intent=Intent { act=android.intent.action.MAIN cat=[android.intent.category.LAUNCHER] flg=0x10200000 cmp=com.wallapop/.activities.HomeActivity (has extras) } id=157 type=0 container=-100 screen=0 cellX=2 cellY=3 spanX=1 spanY=1 rank=3 hidden=0 dropPos=null user=UserHandle{0} screenType=0)], mShowBadge : [true], item.mBadgeCount : [1]

11-08 23:07:47.043 23911 23911 D RecommendedView: updateBadgeItems: [IconInfo(title=_Wallapop_ intent=Intent { act=android.intent.action.MAIN cat=[android.intent.category.LAUNCHER] flg=0x10200000 cmp=com.wallapop/.activities.HomeActivity (has extras) } id=156 type=0 container=-102 screen=1 cellX=3 cellY=0 spanX=1 spanY=1 rank=3 hidden=0 dropPos=null user=UserHandle{0} screenType=0), IconInfo(title=_Wallapop_ intent=Intent { act=android.intent.action.MAIN cat=[android.intent.category.LAUNCHER] flg=0x10200000 cmp=com.wallapop/.activities.HomeActivity (has extras) } id=157 type=0 container=-100 screen=0 cellX=2 cellY=3 spanX=1 spanY=1 rank=3 hidden=0 dropPos=null user=UserHandle{0} screenType=0)]

11-08 23:07:47.233  4211  4310 I WindowManager: reset, Reparenting to original parent, shouldDeferScheduleAnimation=false, destroyLeash=true, surface=Surface(name=AppWindowToken{14928d7 token=Token{c312056 ActivityRecord{6ae5a71 u0 com.wallapop/com.rewallapop.ui.main.MainActivity t2062}}})/@0x4dbdeb7, parent=Surface(name=Task=2062)/@0x803c624, parentNativeHandle=android.os.BinderProxy@171edaf, caller=com.android.server.wm.SurfaceAnimator.lambda$getFinishedCallback$0:97 com.android.server.wm.-$$Lambda$SurfaceAnimator$SIBia0mND666K8lMCPsoid8pUTI.run:4 com.android.server.wm.SurfaceAnimator.lambda$getFinishedCallback$1:104 com.android.server.wm.-$$Lambda$SurfaceAnimator$vdRZk66hQVbQCvVXEaQCT1kVmFc.onAnimationFinished:4 com.android.server.wm.LocalAnimationAdapter.lambda$startAnimation$0:74

11-08 23:07:47.233  4211  4310 D SurfaceControl: reparent is called, sc=Surface(name=AppWindowToken{14928d7 token=Token{c312056 ActivityRecord{6ae5a71 u0 com.wallapop/com.rewallapop.ui.main.MainActivity t2062}}})/@0x4dbdeb7, newParentHandle=android.os.BinderProxy@171edaf, transaction=android.view.SurfaceControl$Transaction@6c5af53

11-08 23:07:47.234  4211  4310 D SurfaceControl: destroy(transaction), animation-leash is destroyed, sc=Surface(name=Surface(name=AppWindowToken{14928d7 token=Token{c312056 ActivityRecord{6ae5a71 u0 com.wallapop/com.rewallapop.ui.main.MainActivity t2062}}})/@0x4dbdeb7 - animation-leash)/@0x60ded3, transaction=android.view.SurfaceControl$Transaction@6c5af53, caller=com.android.server.wm.SurfaceAnimator.reset:338 com.android.server.wm.SurfaceAnimator.lambda$getFinishedCallback$0:97 com.android.server.wm.-$$Lambda$SurfaceAnimator$SIBia0mND666K8lMCPsoid8pUTI.run:4 com.android.server.wm.SurfaceAnimator.lambda$getFinishedCallback$1:104 com.android.server.wm.-$$Lambda$SurfaceAnimator$vdRZk66hQVbQCvVXEaQCT1kVmFc.onAnimationFinished:4 com.android.server.wm.LocalAnimationAdapter.lambda$startAnimation$0:74 com.android.server.wm.-$$Lambda$LocalAnimationAdapter$X--EomqUvw4qy89IeeTFTH7aCMo.run:4

11-08 23:07:47.252  3727  5386 D Layer   : [AppWindowToken{14928d7 token=Token{c312056 ActivityRecord{6ae5a71 u0 com.wallapop/com.rewallapop.ui.main.MainActivity t2062}}}#0]::reparent oldParent:[Surface(name=AppWindowToken{14928d7 token=Token{c312056 ActivityRecord{6ae5a71 u0 com.wallapop/com.rewallapop.ui.main.MainActivity t2062}}})/@0x4dbdeb7 - animation-leash#0], newParent:[Task=2062#0]

11-08 23:07:47.252  3727  5386 I SurfaceFlinger: id=21730 Removed Surface(name=AppWindowToken{14928d7 token=Token{c312056 ActivityRecord{6ae5a71 u0 com.wallapop/com.rewallapop.ui.main.MainActivity t2062}}})/@0x4dbdeb7 - animation-leash#0 (0/71)

11-08 23:07:47.266  3727  3727 I Layer   : id=21730 onRemoved Surface(name=AppWindowToken{14928d7 token=Token{c312056 ActivityRecord{6ae5a71 u0 com.wallapop/com.rewallapop.ui.main.MainActivity t2062}}})/@0x4dbdeb7 - animation-leash#0

11-08 23:07:47.280  4211  5500 D SamsungAlarmManager: Cancel Alarm calling from uid:10308 pid :21101 / op:PendingIntent{2e58f7d: PendingIntentRecord{5607e9d com.wallapop broadcastIntent}}

11-08 23:07:47.558 21101 21101 W com.wallapop: Accessing hidden method Landroid/widget/TextView;->getTextDirectionHeuristic()Landroid/text/TextDirectionHeuristic; (light greylist, linking)

11-08 23:07:47.572 21101 21101 W com.wallapop: Accessing hidden method Landroid/graphics/FontFamily;-><init>()V (light greylist, reflection)

11-08 23:07:47.572 21101 21101 W com.wallapop: Accessing hidden method Landroid/graphics/FontFamily;->addFontFromAssetManager(Landroid/content/res/AssetManager;Ljava/lang/String;IZIII[Landroid/graphics/fonts/FontVariationAxis;)Z (light greylist, reflection)

11-08 23:07:47.572 21101 21101 W com.wallapop: Accessing hidden method Landroid/graphics/FontFamily;->addFontFromBuffer(Ljava/nio/ByteBuffer;I[Landroid/graphics/fonts/FontVariationAxis;II)Z (light greylist, reflection)

11-08 23:07:47.573 21101 21101 W com.wallapop: Accessing hidden method Landroid/graphics/FontFamily;->freeze()Z (light greylist, reflection)

11-08 23:07:47.573 21101 21101 W com.wallapop: Accessing hidden method Landroid/graphics/FontFamily;->abortCreation()V (light greylist, reflection)

11-08 23:07:47.573 21101 21101 W com.wallapop: Accessing hidden method Landroid/graphics/Typeface;->createFromFamiliesWithDefault([Landroid/graphics/FontFamily;Ljava/lang/String;II)Landroid/graphics/Typeface; (light greylist, reflection)

11-08 23:07:47.625 21101 21112 I com.wallapop: Background concurrent copying GC freed 106382(5MB) AllocSpace objects, 13(384KB) LOS objects, 49% free, 9MB/18MB, paused 409us total 292.964ms

11-08 23:07:47.860  4211  7608 D GameManagerService: identifyGamePackage. com.wallapop

11-08 23:07:47.860  4211  7608 D GamePkgDataHelper: getGamePkgData(). com.wallapop

11-08 23:07:47.886 21101 21358 I com.wallapop: The ClassLoaderContext is a special shared library.

11-08 23:07:48.270 21101 21112 I com.wallapop: Background concurrent copying GC freed 118729(10MB) AllocSpace objects, 22(1012KB) LOS objects, 49% free, 8MB/16MB, paused 456us total 115.945ms

11-08 23:07:48.437 21101 21106 I com.wallapop: Compiler allocated 4MB to compile void android.widget.TextView.<init>(android.content.Context, android.util.AttributeSet, int, int)

11-08 23:07:48.542  3727  3727 I SurfaceFlinger: id=21731 createSurf (4440x4440),2 flag=4, afed559 com.wallapop/com.rewallapop.ui.wall.WallActivity#0

11-08 23:07:48.564 17724 17806 I Finsky  : [7299] fxx.d(21): com.wallapop: Account from first account - [rJj4Md76H4LxoN-B4dnoZM7XaXDDBcXGlC-caOCi6Uc]

11-08 23:07:48.568 17724 17806 I Finsky  : [7299] fxx.d(21): com.wallapop: Account from first account - [rJj4Md76H4LxoN-B4dnoZM7XaXDDBcXGlC-caOCi6Uc]

11-08 23:07:48.571 17724 17806 I Finsky  : [7299] fxx.d(21): com.wallapop: Account from first account - [rJj4Md76H4LxoN-B4dnoZM7XaXDDBcXGlC-caOCi6Uc]

11-08 23:07:48.573 17724 17806 I Finsky  : [7299] fxx.d(21): com.wallapop: Account from first account - [rJj4Md76H4LxoN-B4dnoZM7XaXDDBcXGlC-caOCi6Uc]

11-08 23:07:48.664  4211  5239 D ActivityManagerPerformance: Received MSG_DISABLE_ACT_START, r: ActivityRecord{df476e3 u0 com.wallapop/com.rewallapop.ui.wall.WallActivity t2062}

11-08 23:07:48.985 21101 21112 I com.wallapop: Background concurrent copying GC freed 76657(6MB) AllocSpace objects, 29(2MB) LOS objects, 50% free, 10MB/21MB, paused 349us total 151.478ms

11-08 23:07:49.181  4211  5505 V WindowManager: Relayout Window{afed559 u0 com.wallapop/com.rewallapop.ui.wall.WallActivity}: viewVisibility=0 req=1080x2220 {(0,0)(fillxfill) sim={adjust=resize forwardNavigation} ty=BASE_APPLICATION wanim=0x10302fe

11-08 23:07:49.185  3727  3727 I SurfaceFlinger: id=21732 createSurf (1080x2220),1 flag=404, com.wallapop/com.rewallapop.ui.wall.WallActivity[21101]#0

11-08 23:07:49.187  4211  5505 D WindowManager: makeSurface duration=2 name=com.wallapop/com.rewallapop.ui.wall.WallActivity[21101]

11-08 23:07:49.187  4211  5505 V WindowManager: Changing focus from null to Window{afed559 u0 com.wallapop/com.rewallapop.ui.wall.WallActivity} Callers=com.android.server.wm.WindowManagerService.relayoutWindow:2526 com.android.server.wm.Session.relayoutForTranslate:302 android.view.IWindowSession$Stub.onTransact:518 com.android.server.wm.Session.onTransact:186

11-08 23:07:49.187  4211  4228 D WindowManager: setSystemUiVisibility: vis= 0xa518, fullscreenVis= 0x2000, dockedVis= 0x0, win=Window{afed559 u0 com.wallapop/com.rewallapop.ui.wall.WallActivity}

11-08 23:07:49.190  4211  4242 D WindowManager: reportFocusChangedSerialized, focused=true, inTouchMode=true, win=Window{afed559 u0 com.wallapop/com.rewallapop.ui.wall.WallActivity}

11-08 23:07:49.297 17724 17806 I Finsky  : [7299] fxx.d(21): com.wallapop: Account from first account - [rJj4Md76H4LxoN-B4dnoZM7XaXDDBcXGlC-caOCi6Uc]

11-08 23:07:49.458 17724 17806 I Finsky  : [7299] fxx.d(21): com.wallapop: Account from first account - [rJj4Md76H4LxoN-B4dnoZM7XaXDDBcXGlC-caOCi6Uc]

11-08 23:07:49.511  4211  6751 D WindowManager: finishDrawingWindow: Window{afed559 u0 com.wallapop/com.rewallapop.ui.wall.WallActivity} mDrawState=DRAW_PENDING

11-08 23:07:49.514  4211  4310 I WindowManager: commitFinishDrawingLocked: mDrawState=READY_TO_SHOW Surface(name=com.wallapop/com.rewallapop.ui.wall.WallActivity[21101])/@0x200b02c

11-08 23:07:49.514  4211  4310 V WindowManager: Resize reasons for w=Window{afed559 u0 com.wallapop/com.rewallapop.ui.wall.WallActivity}:  contentInsetsChanged=false [0,63][0,126] visibleInsetsChanged=false [0,63][0,126] stableInsetsChanged=false [0,63][0,126] outsetsChanged=false [0,0][0,0] surfaceResized=false configChanged=false dragResizingChanged=false reportOrientationChanged=false displayCutoutChanged=false nextForceRelayoutToClient=false

11-08 23:07:49.525  4211  4310 I WindowManager: commitFinishDrawingLocked: mDrawState=READY_TO_SHOW Surface(name=com.wallapop/com.rewallapop.ui.wall.WallActivity[21101])/@0x200b02c

11-08 23:07:49.525  4211  4310 I WindowManager: Cancelling animation restarting=false, leash=null, surface=Surface(name=afed559 com.wallapop/com.rewallapop.ui.wall.WallActivity)/@0xe009af5, parent=Surface(name=AppWindowToken{e4b6799 token=Token{3e1f8e0 ActivityRecord{df476e3 u0 com.wallapop/com.rewallapop.ui.wall.WallActivity t2062}}})/@0x3f6d08a

11-08 23:07:49.526  4211  4310 V WindowManager: performShowLocked: mDrawState=HAS_DRAWN in Window{afed559 u0 com.wallapop/com.rewallapop.ui.wall.WallActivity}

11-08 23:07:49.546  3727  3727 I SurfaceFlinger:      Device | 0x70d67352c0 | 0002 | RGBA_8888 |   0.0    0.0 1080.0 2220.0 |    0    0 1080 2220 | com.wallapop/com.rewallapop.ui.wall.WallActivity[21101]#0

11-08 23:07:49.546  3727  3727 I SurfaceFlinger:      Device | 0x70dda1ff00 | 0000 | RGBA_8888 |   0.0    0.0 1080.0 2220.0 |    0    0 1080 2220 | Splash Screen com.wallapop#0

11-08 23:07:49.551  4211  4242 I ActivityManager: Displayed com.wallapop/com.rewallapop.ui.wall.WallActivity: +2s605ms (total +18m21s410ms)

11-08 23:07:49.552  4211  4310 V WindowManager: Remove Window{213af48 u0 Splash Screen com.wallapop}: mSurfaceController=Surface(name=Splash Screen com.wallapop)/@0x1b61192 mAnimatingExit=false mRemoveOnExit=false mHasSurface=true surfaceShowing=true isAnimationSet=false app-animation=false mWillReplaceWindow=false inPendingTransaction=false mDisplayFrozen=false callers=com.android.server.wm.WindowState.removeIfPossible:2764 com.android.server.wm.WindowManagerService.removeWindow:1943 com.android.server.wm.Session.remove:268 android.view.ViewRootImpl.dispatchDetachedFromWindow:4565 android.view.ViewRootImpl.doDie:7996 android.view.ViewRootImpl$ViewRootHandler.handleMessage:4987

11-08 23:07:49.553  4211  4310 I WindowManager: Cancelling animation restarting=true, leash=null, surface=Surface(name=213af48 Splash Screen com.wallapop)/@0x901ea5e, parent=Surface(name=AppWindowToken{e4b6799 token=Token{3e1f8e0 ActivityRecord{df476e3 u0 com.wallapop/com.rewallapop.ui.wall.WallActivity t2062}}})/@0x3f6d08a

11-08 23:07:49.553  4211  4310 I WindowManager: Reparenting to leash, surface=Surface(name=213af48 Splash Screen com.wallapop)/@0x901ea5e

11-08 23:07:49.555  3727  3727 I SurfaceFlinger: id=21733 createSurf (4440x4440),2 flag=4, Surface(name=213af48 Splash Screen com.wallapop)/@0x901ea5e - animation-leash#0

11-08 23:07:49.557  4211  4310 D WindowManager: makeSurface duration=4 leash=Surface(name=Surface(name=213af48 Splash Screen com.wallapop)/@0x901ea5e - animation-leash)/@0xeeb17d7

11-08 23:07:49.557  4211  4310 D SurfaceControl: reparent is called, sc=Surface(name=213af48 Splash Screen com.wallapop)/@0x901ea5e, newParentHandle=android.os.BinderProxy@2a6d8c4, transaction=android.view.SurfaceControl$Transaction@81dc30c

11-08 23:07:49.571  3727  3771 D Layer   : [213af48 Splash Screen com.wallapop#0]::reparent oldParent:[AppWindowToken{e4b6799 token=Token{3e1f8e0 ActivityRecord{df476e3 u0 com.wallapop/com.rewallapop.ui.wall.WallActivity t2062}}}#0], newParent:[Surface(name=213af48 Splash Screen com.wallapop)/@0x901ea5e - animation-leash#0]

11-08 23:07:49.647 21101 21101 V InputMethodManager: Starting input: tba=com.wallapop ic=null mNaviBarColor -1 mIsGetNaviBarColorSuccess true , NavVisible : true , NavTrans : false

11-08 23:07:49.653  4211  6751 V InputMethodManagerService: windowGainedFocus : reason=WINDOW_FOCUS_GAIN client=android.os.BinderProxy@ded3ea3 inputContext=null missingMethods= attribute=android.view.inputmethod.EditorInfo@ba75da9 nm = com.wallapop controlFlags=#104 softInputMode=#110 windowFlags=#81810100

11-08 23:07:49.724  4211  4310 I WindowManager: reset, Reparenting to original parent, shouldDeferScheduleAnimation=false, destroyLeash=true, surface=Surface(name=213af48 Splash Screen com.wallapop)/@0x901ea5e, parent=Surface(name=AppWindowToken{e4b6799 token=Token{3e1f8e0 ActivityRecord{df476e3 u0 com.wallapop/com.rewallapop.ui.wall.WallActivity t2062}}})/@0x3f6d08a, parentNativeHandle=android.os.BinderProxy@3ef2b65, caller=com.android.server.wm.SurfaceAnimator.lambda$getFinishedCallback$0:97 com.android.server.wm.-$$Lambda$SurfaceAnimator$SIBia0mND666K8lMCPsoid8pUTI.run:4 com.android.server.wm.SurfaceAnimator.lambda$getFinishedCallback$1:104 com.android.server.wm.-$$Lambda$SurfaceAnimator$vdRZk66hQVbQCvVXEaQCT1kVmFc.onAnimationFinished:4 com.android.server.wm.LocalAnimationAdapter.lambda$startAnimation$0:74

11-08 23:07:49.725  4211  4310 D SurfaceControl: reparent is called, sc=Surface(name=213af48 Splash Screen com.wallapop)/@0x901ea5e, newParentHandle=android.os.BinderProxy@3ef2b65, transaction=android.view.SurfaceControl$Transaction@81dc30c

11-08 23:07:49.725 17724 17850 I Finsky  : [7315] fxx.d(21): com.wallapop: Account from first account - [rJj4Md76H4LxoN-B4dnoZM7XaXDDBcXGlC-caOCi6Uc]

11-08 23:07:49.725  4211  4310 D SurfaceControl: destroy(transaction), animation-leash is destroyed, sc=Surface(name=Surface(name=213af48 Splash Screen com.wallapop)/@0x901ea5e - animation-leash)/@0xeeb17d7, transaction=android.view.SurfaceControl$Transaction@81dc30c, caller=com.android.server.wm.SurfaceAnimator.reset:338 com.android.server.wm.SurfaceAnimator.lambda$getFinishedCallback$0:97 com.android.server.wm.-$$Lambda$SurfaceAnimator$SIBia0mND666K8lMCPsoid8pUTI.run:4 com.android.server.wm.SurfaceAnimator.lambda$getFinishedCallback$1:104 com.android.server.wm.-$$Lambda$SurfaceAnimator$vdRZk66hQVbQCvVXEaQCT1kVmFc.onAnimationFinished:4 com.android.server.wm.LocalAnimationAdapter.lambda$startAnimation$0:74 com.android.server.wm.-$$Lambda$LocalAnimationAdapter$X--EomqUvw4qy89IeeTFTH7aCMo.run:4

11-08 23:07:49.726  4211  4310 E WindowManager: win=Window{213af48 u0 Splash Screen com.wallapop EXITING} destroySurfaces: appStopped=false win.mWindowRemovalAllowed=true win.mRemoveOnExit=true win.mViewVisibility=0 caller=com.android.server.wm.AppWindowToken.destroySurfaces:870 com.android.server.wm.AppWindowToken.destroySurfaces:851 com.android.server.wm.WindowState.onExitAnimationDone:5436 com.android.server.wm.WindowStateAnimator.onAnimationFinished:319 com.android.server.wm.WindowState.onAnimationFinished:5858 com.android.server.wm.-$$Lambda$yVRF8YoeNdTa8GR1wDStVsHu8xM.run:2 com.android.server.wm.SurfaceAnimator.lambda$getFinishedCallback$0:100

11-08 23:07:49.726  4211  4310 I WindowManager: Destroying surface Surface(name=Splash Screen com.wallapop)/@0x1b61192 called by com.android.server.wm.WindowStateAnimator.destroySurface:1901 com.android.server.wm.WindowStateAnimator.destroySurfaceLocked:838 com.android.server.wm.WindowState.destroySurfaceUnchecked:3839 com.android.server.wm.WindowState.destroySurface:3820 com.android.server.wm.AppWindowToken.destroySurfaces:870 com.android.server.wm.AppWindowToken.destroySurfaces:851 com.android.server.wm.WindowState.onExitAnimationDone:5436 com.android.server.wm.WindowStateAnimator.onAnimationFinished:319

11-08 23:07:49.726  3727  3771 I SurfaceFlinger: id=21726 Removed Splash Screen com.wallapop#0 (0/73)

11-08 23:07:49.733  3727  3771 W SurfaceFlinger: Attempting to set client state on removed layer: Splash Screen com.wallapop#0 [s.what : 40]

11-08 23:07:49.733  3727  3771 D Layer   : [213af48 Splash Screen com.wallapop#0]::reparent oldParent:[Surface(name=213af48 Splash Screen com.wallapop)/@0x901ea5e - animation-leash#0], newParent:[AppWindowToken{e4b6799 token=Token{3e1f8e0 ActivityRecord{df476e3 u0 com.wallapop/com.rewallapop.ui.wall.WallActivity t2062}}}#0]

11-08 23:07:49.733  3727  3771 W SurfaceFlinger: Attempting to destroy on removed layer: Splash Screen com.wallapop#0

11-08 23:07:49.733  3727  3771 I SurfaceFlinger: id=21733 Removed Surface(name=213af48 Splash Screen com.wallapop)/@0x901ea5e - animation-leash#0 (2/72)

11-08 23:07:49.733  3727  3771 I SurfaceFlinger: id=21725 Removed 213af48 Splash Screen com.wallapop#0 (1/71)

11-08 23:07:49.739  3727  3727 I Layer   : id=21733 onRemoved Surface(name=213af48 Splash Screen com.wallapop)/@0x901ea5e - animation-leash#0

11-08 23:07:49.740  3727  3727 I Layer   : id=21726 onRemoved Splash Screen com.wallapop#0

11-08 23:07:49.740  3727  3727 I Layer   : id=21725 onRemoved 213af48 Splash Screen com.wallapop#0

11-08 23:07:49.748  3727  3727 I SurfaceFlinger:      Device | 0x70d67352c0 | 0002 | RGBA_8888 |   0.0    0.0 1080.0 2220.0 |    0    0 1080 2220 | com.wallapop/com.rewallapop.ui.wall.WallActivity[21101]#0

