11-10 00:49:50.340  3727  3727 I SurfaceFlinger: id=23573 createSurf (4440x4440),2 flag=4, AppWindowToken{c062703 token=Token{bdfcbb2 ActivityRecord{b6169bd u0 com.wallapop/com.rewallapop.ui.wall.WallActivity t2117}}}#0

11-10 00:49:50.343  4211  5514 D SurfaceControl: reparent is called, sc=Surface(name=670463d Splash Screen com.wallapop)/@0xdd3b680, newParentHandle=android.os.BinderProxy@bbfe4b9, transaction=android.view.SurfaceControl$Transaction@87af0fe

11-10 00:49:50.346  4211  4228 D WindowManager: setSystemUiVisibility: vis= 0xa018, fullscreenVis= 0x2000, dockedVis= 0x0, win=Window{670463d u0 Splash Screen com.wallapop}

11-10 00:49:50.346  3727  3770 D Layer   : [670463d Splash Screen com.wallapop#0]::reparent oldParent:[AppWindowToken{b209fd0 token=Token{5aa393 ActivityRecord{39d2082 u0 com.wallapop/com.rewallapop.ui.main.MainActivity t2117}}}#0], newParent:[AppWindowToken{c062703 token=Token{bdfcbb2 ActivityRecord{b6169bd u0 com.wallapop/com.rewallapop.ui.wall.WallActivity t2117}}}#0]

11-10 00:49:50.349  4211  4211 D Telecom:SamsungPrebindingServiceImpl: onTopActivityChanged : ComponentInfo{com.wallapop/com.rewallapop.ui.wall.WallActivity}

11-10 00:49:50.357 26604 26615 I com.wallapop: Background concurrent copying GC freed 89740(6MB) AllocSpace objects, 43(1644KB) LOS objects, 49% free, 12MB/25MB, paused 681us total 195.404ms

11-10 00:49:50.564  4211  4227 D ApplicationPolicy: isStatusBarNotificationAllowedAsUser: packageName = com.wallapop,userId = 0

11-10 00:49:50.565  4211  4227 D ApplicationPolicy: isStatusBarNotificationAllowedAsUser: packageName = com.wallapop,userId = 0

11-10 00:49:50.604 26604 26853 I com.wallapop: The ClassLoaderContext is a special shared library.

11-10 00:49:50.645 26604 26604 W com.wallapop: Accessing hidden method Landroid/view/WindowManagerGlobal;->getInstance()Landroid/view/WindowManagerGlobal; (light greylist, reflection)

11-10 00:49:50.645 26604 26604 W com.wallapop: Accessing hidden field Landroid/view/WindowManagerGlobal;->mRoots:Ljava/util/ArrayList; (light greylist, reflection)

11-10 00:49:50.645 26604 26604 W com.wallapop: Accessing hidden field Landroid/view/ViewRootImpl;->mStopped:Z (light greylist, reflection)

11-10 00:49:50.676 23911 23911 D Notification.Badge: [valid] onNotificationPosted : StatusBarNotification(pkg=com.wallapop user=UserHandle{0} id=999 tag=null key=0|com.wallapop|999|null|10311: Notification(channel=wallapop_channel pri=-2 contentView=null vibrate=null sound=null defaults=0x0 flags=0x62 color=0x00000000 vis=PRIVATE semFlags=0x0 semPriority=0 semMissedCount=0))

11-10 00:49:50.677 23911 23911 D Notification.Badge: notificationKey : 0|com.wallapop|999|null|10311, count : 0, this.count : 1

11-10 00:49:50.677 23911 23978 D Notification.Badge: LauncherModel:onNotificationPosted() : com.wallapop, count : [0], shouldBeFilteredOut : [false]

11-10 00:49:50.677 23911 23978 D Notification.Badge: notificationKey : 0|com.wallapop|999|null|10311, count : 1, mTotalCount : 1

11-10 00:49:50.681 23911 23978 D Notification.Badge: updateLauncherIconBadges() item : [IconInfo(title=_Wallapop_ intent=Intent { act=android.intent.action.MAIN cat=[android.intent.category.LAUNCHER] flg=0x10200000 cmp=com.wallapop/.activities.HomeActivity (has extras) } id=160 type=0 container=-102 screen=1 cellX=3 cellY=0 spanX=1 spanY=1 rank=3 hidden=0 dropPos=null user=UserHandle{0} screenType=0)], mShowBadge : [true], item.mBadgeCount : [1]

11-10 00:49:50.689 23911 23911 D RecommendedView: updateBadgeItems: [IconInfo(title=_Wallapop_ intent=Intent { act=android.intent.action.MAIN cat=[android.intent.category.LAUNCHER] flg=0x10200000 cmp=com.wallapop/.activities.HomeActivity (has extras) } id=160 type=0 container=-102 screen=1 cellX=3 cellY=0 spanX=1 spanY=1 rank=3 hidden=0 dropPos=null user=UserHandle{0} screenType=0)]

11-10 00:49:50.773  4211  4808 D GamePkgDataHelper: notifyAppCreate(), pkgName: com.wallapop, sendRet: true

11-10 00:49:50.773  4211  4473 D GamePkgDataHelper: getGamePkgData(). com.wallapop

11-10 00:49:50.773  4211  4473 D GameManagerService: handleMessage(), MSG_APP_CREATE. ignore. pkgName: com.wallapop

11-10 00:49:50.776  4211  4808 D GameManagerService: noteResumeComponent(), resumeComponent: com.wallapop

11-10 00:49:50.776  4211  4808 D MARsPolicyManager: onPackageResumedFG pkgName = com.wallapop, userId = 0

11-10 00:49:50.776  4211  4473 D GameManagerService: handleForegroundChange(). pkgName: com.wallapop, clsName: com.rewallapop.ui.wall.WallActivity,FgActivityName:com.wallapop/com.rewallapop.ui.wall.WallActivity

11-10 00:49:50.779  4211  4211 D Telecom:SamsungPrebindingServiceImpl: onTopActivityChanged : ComponentInfo{com.wallapop/com.rewallapop.ui.wall.WallActivity}

11-10 00:49:50.782  4211  4808 I WindowManager: Cancelling animation restarting=true, leash=null, surface=Surface(name=AppWindowToken{b209fd0 token=Token{5aa393 ActivityRecord{39d2082 u0 com.wallapop/com.rewallapop.ui.main.MainActivity t2117}}})/@0x3784630, parent=Surface(name=Task=2117)/@0x8b8b2a9

11-10 00:49:50.782  4211  4808 I WindowManager: Reparenting to leash, surface=Surface(name=AppWindowToken{b209fd0 token=Token{5aa393 ActivityRecord{39d2082 u0 com.wallapop/com.rewallapop.ui.main.MainActivity t2117}}})/@0x3784630

11-10 00:49:50.785  3727  3727 I SurfaceFlinger: id=23574 createSurf (4440x4440),2 flag=4, Surface(name=AppWindowToken{b209fd0 token=Token{5aa393 ActivityRecord{39d2082 u0 com.wallapop/com.rewallapop.ui.main.MainActivity t2117}}})/@0x3784630 - animation-leash#0

11-10 00:49:50.786  4211  4808 D WindowManager: makeSurface duration=4 leash=Surface(name=Surface(name=AppWindowToken{b209fd0 token=Token{5aa393 ActivityRecord{39d2082 u0 com.wallapop/com.rewallapop.ui.main.MainActivity t2117}}})/@0x3784630 - animation-leash)/@0x73b26dc

11-10 00:49:50.786  4211  4808 D SurfaceControl: reparent is called, sc=Surface(name=AppWindowToken{b209fd0 token=Token{5aa393 ActivityRecord{39d2082 u0 com.wallapop/com.rewallapop.ui.main.MainActivity t2117}}})/@0x3784630, newParentHandle=android.os.BinderProxy@42ec3e5, transaction=android.view.SurfaceControl$Transaction@153955c

11-10 00:49:50.789  3727  3770 D Layer   : [AppWindowToken{b209fd0 token=Token{5aa393 ActivityRecord{39d2082 u0 com.wallapop/com.rewallapop.ui.main.MainActivity t2117}}}#0]::reparent oldParent:[Task=2117#0], newParent:[Surface(name=AppWindowToken{b209fd0 token=Token{5aa393 ActivityRecord{39d2082 u0 com.wallapop/com.rewallapop.ui.main.MainActivity t2117}}})/@0x3784630 - animation-leash#0]

11-10 00:49:50.838 26604 26672 W com.wallapop: Accessing hidden method Ldalvik/system/VMRuntime;->getRuntime()Ldalvik/system/VMRuntime; (light greylist, reflection)

11-10 00:49:50.839 26604 26672 W com.wallapop: Accessing hidden method Ldalvik/system/VMRuntime;->vmInstructionSet()Ljava/lang/String; (light greylist, reflection)

11-10 00:49:50.852  8649  8665 I Finsky  : [8044] fxs.d(3): com.wallapop: Account determined from installer data - [rJj4Md76H4LxoN-B4dnoZM7XaXDDBcXGlC-caOCi6Uc]

11-10 00:49:50.853  8649  8665 I Finsky  : [8044] fxs.d(14): com.wallapop: Account from preferred account - [rJj4Md76H4LxoN-B4dnoZM7XaXDDBcXGlC-caOCi6Uc]

11-10 00:49:50.859  8649  8665 I Finsky  : [8044] fxs.d(3): com.wallapop: Account determined from installer data - [rJj4Md76H4LxoN-B4dnoZM7XaXDDBcXGlC-caOCi6Uc]

11-10 00:49:50.859  8649  8665 I Finsky  : [8044] fxs.d(14): com.wallapop: Account from preferred account - [rJj4Md76H4LxoN-B4dnoZM7XaXDDBcXGlC-caOCi6Uc]

11-10 00:49:50.864  8649  8665 I Finsky  : [8044] fxs.d(3): com.wallapop: Account determined from installer data - [rJj4Md76H4LxoN-B4dnoZM7XaXDDBcXGlC-caOCi6Uc]

11-10 00:49:50.865  8649  8665 I Finsky  : [8044] fxs.d(14): com.wallapop: Account from preferred account - [rJj4Md76H4LxoN-B4dnoZM7XaXDDBcXGlC-caOCi6Uc]

11-10 00:49:50.869  8649  8665 I Finsky  : [8044] fxs.d(3): com.wallapop: Account determined from installer data - [rJj4Md76H4LxoN-B4dnoZM7XaXDDBcXGlC-caOCi6Uc]

11-10 00:49:50.870  8649  8665 I Finsky  : [8044] fxs.d(14): com.wallapop: Account from preferred account - [rJj4Md76H4LxoN-B4dnoZM7XaXDDBcXGlC-caOCi6Uc]

11-10 00:49:51.075  4211  4310 I WindowManager: reset, Reparenting to original parent, shouldDeferScheduleAnimation=false, destroyLeash=true, surface=Surface(name=AppWindowToken{b209fd0 token=Token{5aa393 ActivityRecord{39d2082 u0 com.wallapop/com.rewallapop.ui.main.MainActivity t2117}}})/@0x3784630, parent=Surface(name=Task=2117)/@0x8b8b2a9, parentNativeHandle=android.os.BinderProxy@c32ab48, caller=com.android.server.wm.SurfaceAnimator.lambda$getFinishedCallback$0:97 com.android.server.wm.-$$Lambda$SurfaceAnimator$SIBia0mND666K8lMCPsoid8pUTI.run:4 com.android.server.wm.SurfaceAnimator.lambda$getFinishedCallback$1:104 com.android.server.wm.-$$Lambda$SurfaceAnimator$vdRZk66hQVbQCvVXEaQCT1kVmFc.onAnimationFinished:4 com.android.server.wm.LocalAnimationAdapter.lambda$startAnimation$0:74

11-10 00:49:51.075  4211  4310 D SurfaceControl: reparent is called, sc=Surface(name=AppWindowToken{b209fd0 token=Token{5aa393 ActivityRecord{39d2082 u0 com.wallapop/com.rewallapop.ui.main.MainActivity t2117}}})/@0x3784630, newParentHandle=android.os.BinderProxy@c32ab48, transaction=android.view.SurfaceControl$Transaction@153955c

11-10 00:49:51.075  4211  4310 D SurfaceControl: destroy(transaction), animation-leash is destroyed, sc=Surface(name=Surface(name=AppWindowToken{b209fd0 token=Token{5aa393 ActivityRecord{39d2082 u0 com.wallapop/com.rewallapop.ui.main.MainActivity t2117}}})/@0x3784630 - animation-leash)/@0x73b26dc, transaction=android.view.SurfaceControl$Transaction@153955c, caller=com.android.server.wm.SurfaceAnimator.reset:338 com.android.server.wm.SurfaceAnimator.lambda$getFinishedCallback$0:97 com.android.server.wm.-$$Lambda$SurfaceAnimator$SIBia0mND666K8lMCPsoid8pUTI.run:4 com.android.server.wm.SurfaceAnimator.lambda$getFinishedCallback$1:104 com.android.server.wm.-$$Lambda$SurfaceAnimator$vdRZk66hQVbQCvVXEaQCT1kVmFc.onAnimationFinished:4 com.android.server.wm.LocalAnimationAdapter.lambda$startAnimation$0:74 com.android.server.wm.-$$Lambda$LocalAnimationAdapter$X--EomqUvw4qy89IeeTFTH7aCMo.run:4

11-10 00:49:51.078  4211  4808 D SamsungAlarmManager: Cancel Alarm calling from uid:10311 pid :26604 / op:PendingIntent{2837574: PendingIntentRecord{c0b3b67 com.wallapop broadcastIntent}}

11-10 00:49:51.091  3727  3964 D Layer   : [AppWindowToken{b209fd0 token=Token{5aa393 ActivityRecord{39d2082 u0 com.wallapop/com.rewallapop.ui.main.MainActivity t2117}}}#0]::reparent oldParent:[Surface(name=AppWindowToken{b209fd0 token=Token{5aa393 ActivityRecord{39d2082 u0 com.wallapop/com.rewallapop.ui.main.MainActivity t2117}}})/@0x3784630 - animation-leash#0], newParent:[Task=2117#0]

11-10 00:49:51.092  3727  3964 I SurfaceFlinger: id=23574 Removed Surface(name=AppWindowToken{b209fd0 token=Token{5aa393 ActivityRecord{39d2082 u0 com.wallapop/com.rewallapop.ui.main.MainActivity t2117}}})/@0x3784630 - animation-leash#0 (0/53)

11-10 00:49:51.106  3727  3727 I Layer   : id=23574 onRemoved Surface(name=AppWindowToken{b209fd0 token=Token{5aa393 ActivityRecord{39d2082 u0 com.wallapop/com.rewallapop.ui.main.MainActivity t2117}}})/@0x3784630 - animation-leash#0

11-10 00:49:51.379 26604 26615 I com.wallapop: Background concurrent copying GC freed 150593(9MB) AllocSpace objects, 44(2MB) LOS objects, 50% free, 15MB/30MB, paused 415us total 128.264ms

11-10 00:49:51.395 26604 26604 W com.wallapop: Accessing hidden method Landroid/widget/TextView;->getTextDirectionHeuristic()Landroid/text/TextDirectionHeuristic; (light greylist, linking)

11-10 00:49:51.401 26604 26604 W com.wallapop: Accessing hidden method Landroid/graphics/FontFamily;-><init>()V (light greylist, reflection)

11-10 00:49:51.401 26604 26604 W com.wallapop: Accessing hidden method Landroid/graphics/FontFamily;->addFontFromAssetManager(Landroid/content/res/AssetManager;Ljava/lang/String;IZIII[Landroid/graphics/fonts/FontVariationAxis;)Z (light greylist, reflection)

11-10 00:49:51.401 26604 26604 W com.wallapop: Accessing hidden method Landroid/graphics/FontFamily;->addFontFromBuffer(Ljava/nio/ByteBuffer;I[Landroid/graphics/fonts/FontVariationAxis;II)Z (light greylist, reflection)

11-10 00:49:51.401 26604 26604 W com.wallapop: Accessing hidden method Landroid/graphics/FontFamily;->freeze()Z (light greylist, reflection)

11-10 00:49:51.401 26604 26604 W com.wallapop: Accessing hidden method Landroid/graphics/FontFamily;->abortCreation()V (light greylist, reflection)

11-10 00:49:51.401 26604 26604 W com.wallapop: Accessing hidden method Landroid/graphics/Typeface;->createFromFamiliesWithDefault([Landroid/graphics/FontFamily;Ljava/lang/String;II)Landroid/graphics/Typeface; (light greylist, reflection)

11-10 00:49:51.443 26604 26896 I com.wallapop: The ClassLoaderContext is a special shared library.

11-10 00:49:51.585  4211  4390 D WifiTrafficPoller: TrafficStats TxPkts=754766 RxPkts=1346331 TxBytes=172016280 RxBytes=1281984901 , Foreground uid=10311 pkgName=com.wallapop TxPackets=57029 RxPackets=65616 TxBytes=8467331 RxBytes=66626810

11-10 00:49:51.947 26604 26615 I com.wallapop: Background concurrent copying GC freed 81915(9MB) AllocSpace objects, 54(5MB) LOS objects, 47% free, 26MB/50MB, paused 336us total 111.760ms

11-10 00:49:52.328 26604 26609 I com.wallapop: Compiler allocated 4MB to compile void android.widget.TextView.<init>(android.content.Context, android.util.AttributeSet, int, int)

11-10 00:49:52.338  4211  5239 D ActivityManagerPerformance: Received MSG_DISABLE_ACT_START, r: ActivityRecord{b6169bd u0 com.wallapop/com.rewallapop.ui.wall.WallActivity t2117}

11-10 00:49:52.499  3727  3727 I SurfaceFlinger: id=23575 createSurf (4440x4440),2 flag=4, ce3e340 com.wallapop/com.rewallapop.ui.wall.WallActivity#0

11-10 00:49:52.538  8649  8665 I Finsky  : [8044] fxs.d(3): com.wallapop: Account determined from installer data - [rJj4Md76H4LxoN-B4dnoZM7XaXDDBcXGlC-caOCi6Uc]

11-10 00:49:52.539  8649  8665 I Finsky  : [8044] fxs.d(14): com.wallapop: Account from preferred account - [rJj4Md76H4LxoN-B4dnoZM7XaXDDBcXGlC-caOCi6Uc]

11-10 00:49:52.613  8649  8665 I Finsky  : [8044] fxs.d(3): com.wallapop: Account determined from installer data - [rJj4Md76H4LxoN-B4dnoZM7XaXDDBcXGlC-caOCi6Uc]

11-10 00:49:52.614  8649  8665 I Finsky  : [8044] fxs.d(14): com.wallapop: Account from preferred account - [rJj4Md76H4LxoN-B4dnoZM7XaXDDBcXGlC-caOCi6Uc]

11-10 00:49:52.683  8649  8665 I Finsky  : [8044] fxs.d(3): com.wallapop: Account determined from installer data - [rJj4Md76H4LxoN-B4dnoZM7XaXDDBcXGlC-caOCi6Uc]

11-10 00:49:52.683  8649  8665 I Finsky  : [8044] fxs.d(14): com.wallapop: Account from preferred account - [rJj4Md76H4LxoN-B4dnoZM7XaXDDBcXGlC-caOCi6Uc]

11-10 00:49:52.745  8649  8665 I Finsky  : [8044] fxs.d(3): com.wallapop: Account determined from installer data - [rJj4Md76H4LxoN-B4dnoZM7XaXDDBcXGlC-caOCi6Uc]

11-10 00:49:52.745  8649  8665 I Finsky  : [8044] fxs.d(14): com.wallapop: Account from preferred account - [rJj4Md76H4LxoN-B4dnoZM7XaXDDBcXGlC-caOCi6Uc]

11-10 00:49:53.168  4211  6755 V WindowManager: Relayout Window{ce3e340 u0 com.wallapop/com.rewallapop.ui.wall.WallActivity}: viewVisibility=0 req=1080x2220 {(0,0)(fillxfill) sim={adjust=resize forwardNavigation} ty=BASE_APPLICATION wanim=0x10302fe

11-10 00:49:53.174  3727  3727 I SurfaceFlinger: id=23576 createSurf (1080x2220),1 flag=404, com.wallapop/com.rewallapop.ui.wall.WallActivity[26604]#0

11-10 00:49:53.176  4211  6755 D WindowManager: makeSurface duration=3 name=com.wallapop/com.rewallapop.ui.wall.WallActivity[26604]

11-10 00:49:53.176  4211  6755 V WindowManager: Changing focus from null to Window{ce3e340 u0 com.wallapop/com.rewallapop.ui.wall.WallActivity} Callers=com.android.server.wm.WindowManagerService.relayoutWindow:2526 com.android.server.wm.Session.relayoutForTranslate:302 android.view.IWindowSession$Stub.onTransact:518 com.android.server.wm.Session.onTransact:186

11-10 00:49:53.177  4211  4228 D WindowManager: setSystemUiVisibility: vis= 0xa518, fullscreenVis= 0x2000, dockedVis= 0x0, win=Window{ce3e340 u0 com.wallapop/com.rewallapop.ui.wall.WallActivity}

11-10 00:49:53.182  4211  4242 D WindowManager: reportFocusChangedSerialized, focused=true, inTouchMode=true, win=Window{ce3e340 u0 com.wallapop/com.rewallapop.ui.wall.WallActivity}

11-10 00:49:53.285  8649 17754 I Finsky  : [8154] fxs.d(3): com.wallapop: Account determined from installer data - [rJj4Md76H4LxoN-B4dnoZM7XaXDDBcXGlC-caOCi6Uc]

11-10 00:49:53.285  8649 17754 I Finsky  : [8154] fxs.d(14): com.wallapop: Account from preferred account - [rJj4Md76H4LxoN-B4dnoZM7XaXDDBcXGlC-caOCi6Uc]

11-10 00:49:53.493  4211  5514 D WindowManager: finishDrawingWindow: Window{ce3e340 u0 com.wallapop/com.rewallapop.ui.wall.WallActivity} mDrawState=DRAW_PENDING

11-10 00:49:53.496  4211  4310 I WindowManager: commitFinishDrawingLocked: mDrawState=READY_TO_SHOW Surface(name=com.wallapop/com.rewallapop.ui.wall.WallActivity[26604])/@0x54b2f21

11-10 00:49:53.497  4211  4310 V WindowManager: Resize reasons for w=Window{ce3e340 u0 com.wallapop/com.rewallapop.ui.wall.WallActivity}:  contentInsetsChanged=false [0,63][0,126] visibleInsetsChanged=false [0,63][0,126] stableInsetsChanged=false [0,63][0,126] outsetsChanged=false [0,0][0,0] surfaceResized=false configChanged=false dragResizingChanged=false reportOrientationChanged=false displayCutoutChanged=false nextForceRelayoutToClient=false

11-10 00:49:53.502  4211  4310 I WindowManager: commitFinishDrawingLocked: mDrawState=READY_TO_SHOW Surface(name=com.wallapop/com.rewallapop.ui.wall.WallActivity[26604])/@0x54b2f21

11-10 00:49:53.503  4211  4310 I WindowManager: Cancelling animation restarting=false, leash=null, surface=Surface(name=ce3e340 com.wallapop/com.rewallapop.ui.wall.WallActivity)/@0xde54f46, parent=Surface(name=AppWindowToken{c062703 token=Token{bdfcbb2 ActivityRecord{b6169bd u0 com.wallapop/com.rewallapop.ui.wall.WallActivity t2117}}})/@0xeee4507

11-10 00:49:53.503  4211  4310 V WindowManager: performShowLocked: mDrawState=HAS_DRAWN in Window{ce3e340 u0 com.wallapop/com.rewallapop.ui.wall.WallActivity}

11-10 00:49:53.524  4211  4242 I ActivityManager: Displayed com.wallapop/com.rewallapop.ui.wall.WallActivity: +2s734ms (total +12s73ms)

11-10 00:49:53.526  4211  4310 V WindowManager: Remove Window{670463d u0 Splash Screen com.wallapop}: mSurfaceController=Surface(name=Splash Screen com.wallapop)/@0x9e28df mAnimatingExit=false mRemoveOnExit=false mHasSurface=true surfaceShowing=true isAnimationSet=false app-animation=false mWillReplaceWindow=false inPendingTransaction=false mDisplayFrozen=false callers=com.android.server.wm.WindowState.removeIfPossible:2764 com.android.server.wm.WindowManagerService.removeWindow:1943 com.android.server.wm.Session.remove:268 android.view.ViewRootImpl.dispatchDetachedFromWindow:4565 android.view.ViewRootImpl.doDie:7996 android.view.ViewRootImpl$ViewRootHandler.handleMessage:4987

11-10 00:49:53.527  3727  3727 I SurfaceFlinger:      Device | 0x70de034a00 | 0002 | RGBA_8888 |   0.0    0.0 1080.0 2220.0 |    0    0 1080 2220 | com.wallapop/com.rewallapop.ui.wall.WallActivity[26604]#0

11-10 00:49:53.527  3727  3727 I SurfaceFlinger:      Device | 0x70de034400 | 0000 | RGBA_8888 |   0.0    0.0 1080.0 2220.0 |    0    0 1080 2220 | Splash Screen com.wallapop#0

11-10 00:49:53.527  4211  4310 I WindowManager: Cancelling animation restarting=true, leash=null, surface=Surface(name=670463d Splash Screen com.wallapop)/@0xdd3b680, parent=Surface(name=AppWindowToken{c062703 token=Token{bdfcbb2 ActivityRecord{b6169bd u0 com.wallapop/com.rewallapop.ui.wall.WallActivity t2117}}})/@0xeee4507

11-10 00:49:53.527  4211  4310 I WindowManager: Reparenting to leash, surface=Surface(name=670463d Splash Screen com.wallapop)/@0xdd3b680

11-10 00:49:53.529  3727  3727 I SurfaceFlinger: id=23577 createSurf (4440x4440),2 flag=4, Surface(name=670463d Splash Screen com.wallapop)/@0xdd3b680 - animation-leash#0

11-10 00:49:53.534  4211  4310 D WindowManager: makeSurface duration=6 leash=Surface(name=Surface(name=670463d Splash Screen com.wallapop)/@0xdd3b680 - animation-leash)/@0x58a9c5d

11-10 00:49:53.534  4211  4310 D SurfaceControl: reparent is called, sc=Surface(name=670463d Splash Screen com.wallapop)/@0xdd3b680, newParentHandle=android.os.BinderProxy@49719d2, transaction=android.view.SurfaceControl$Transaction@87af0fe

11-10 00:49:53.538  3727  3771 D Layer   : [670463d Splash Screen com.wallapop#0]::reparent oldParent:[AppWindowToken{c062703 token=Token{bdfcbb2 ActivityRecord{b6169bd u0 com.wallapop/com.rewallapop.ui.wall.WallActivity t2117}}}#0], newParent:[Surface(name=670463d Splash Screen com.wallapop)/@0xdd3b680 - animation-leash#0]

11-10 00:49:53.660 26604 26604 V InputMethodManager: Starting input: tba=com.wallapop ic=null mNaviBarColor -1 mIsGetNaviBarColorSuccess true , NavVisible : true , NavTrans : false

11-10 00:49:53.664  4211  6755 V InputMethodManagerService: windowGainedFocus : reason=WINDOW_FOCUS_GAIN client=android.os.BinderProxy@ba17a72 inputContext=null missingMethods= attribute=android.view.inputmethod.EditorInfo@22a64b8 nm = com.wallapop controlFlags=#104 softInputMode=#110 windowFlags=#81810100

11-10 00:49:53.694  4211  4310 I WindowManager: reset, Reparenting to original parent, shouldDeferScheduleAnimation=false, destroyLeash=true, surface=Surface(name=670463d Splash Screen com.wallapop)/@0xdd3b680, parent=Surface(name=AppWindowToken{c062703 token=Token{bdfcbb2 ActivityRecord{b6169bd u0 com.wallapop/com.rewallapop.ui.wall.WallActivity t2117}}})/@0xeee4507, parentNativeHandle=android.os.BinderProxy@bbfe4b9, caller=com.android.server.wm.SurfaceAnimator.lambda$getFinishedCallback$0:97 com.android.server.wm.-$$Lambda$SurfaceAnimator$SIBia0mND666K8lMCPsoid8pUTI.run:4 com.android.server.wm.SurfaceAnimator.lambda$getFinishedCallback$1:104 com.android.server.wm.-$$Lambda$SurfaceAnimator$vdRZk66hQVbQCvVXEaQCT1kVmFc.onAnimationFinished:4 com.android.server.wm.LocalAnimationAdapter.lambda$startAnimation$0:74

11-10 00:49:53.694  4211  4310 D SurfaceControl: reparent is called, sc=Surface(name=670463d Splash Screen com.wallapop)/@0xdd3b680, newParentHandle=android.os.BinderProxy@bbfe4b9, transaction=android.view.SurfaceControl$Transaction@87af0fe

11-10 00:49:53.695  4211  4310 D SurfaceControl: destroy(transaction), animation-leash is destroyed, sc=Surface(name=Surface(name=670463d Splash Screen com.wallapop)/@0xdd3b680 - animation-leash)/@0x58a9c5d, transaction=android.view.SurfaceControl$Transaction@87af0fe, caller=com.android.server.wm.SurfaceAnimator.reset:338 com.android.server.wm.SurfaceAnimator.lambda$getFinishedCallback$0:97 com.android.server.wm.-$$Lambda$SurfaceAnimator$SIBia0mND666K8lMCPsoid8pUTI.run:4 com.android.server.wm.SurfaceAnimator.lambda$getFinishedCallback$1:104 com.android.server.wm.-$$Lambda$SurfaceAnimator$vdRZk66hQVbQCvVXEaQCT1kVmFc.onAnimationFinished:4 com.android.server.wm.LocalAnimationAdapter.lambda$startAnimation$0:74 com.android.server.wm.-$$Lambda$LocalAnimationAdapter$X--EomqUvw4qy89IeeTFTH7aCMo.run:4

11-10 00:49:53.696  4211  4310 E WindowManager: win=Window{670463d u0 Splash Screen com.wallapop EXITING} destroySurfaces: appStopped=false win.mWindowRemovalAllowed=true win.mRemoveOnExit=true win.mViewVisibility=0 caller=com.android.server.wm.AppWindowToken.destroySurfaces:870 com.android.server.wm.AppWindowToken.destroySurfaces:851 com.android.server.wm.WindowState.onExitAnimationDone:5436 com.android.server.wm.WindowStateAnimator.onAnimationFinished:319 com.android.server.wm.WindowState.onAnimationFinished:5858 com.android.server.wm.-$$Lambda$yVRF8YoeNdTa8GR1wDStVsHu8xM.run:2 com.android.server.wm.SurfaceAnimator.lambda$getFinishedCallback$0:100

11-10 00:49:53.696  4211  4310 I WindowManager: Destroying surface Surface(name=Splash Screen com.wallapop)/@0x9e28df called by com.android.server.wm.WindowStateAnimator.destroySurface:1901 com.android.server.wm.WindowStateAnimator.destroySurfaceLocked:838 com.android.server.wm.WindowState.destroySurfaceUnchecked:3839 com.android.server.wm.WindowState.destroySurface:3820 com.android.server.wm.AppWindowToken.destroySurfaces:870 com.android.server.wm.AppWindowToken.destroySurfaces:851 com.android.server.wm.WindowState.onExitAnimationDone:5436 com.android.server.wm.WindowStateAnimator.onAnimationFinished:319

11-10 00:49:53.697  3727  3964 I SurfaceFlinger: id=23570 Removed Splash Screen com.wallapop#0 (0/55)

11-10 00:49:53.705  3727  3771 W SurfaceFlinger: Attempting to set client state on removed layer: Splash Screen com.wallapop#0 [s.what : 40]

11-10 00:49:53.705  3727  3771 D Layer   : [670463d Splash Screen com.wallapop#0]::reparent oldParent:[Surface(name=670463d Splash Screen com.wallapop)/@0xdd3b680 - animation-leash#0], newParent:[AppWindowToken{c062703 token=Token{bdfcbb2 ActivityRecord{b6169bd u0 com.wallapop/com.rewallapop.ui.wall.WallActivity t2117}}}#0]

11-10 00:49:53.705  3727  3771 W SurfaceFlinger: Attempting to destroy on removed layer: Splash Screen com.wallapop#0

11-10 00:49:53.705  3727  3771 I SurfaceFlinger: id=23577 Removed Surface(name=670463d Splash Screen com.wallapop)/@0xdd3b680 - animation-leash#0 (2/54)

11-10 00:49:53.706  3727  3771 I SurfaceFlinger: id=23569 Removed 670463d Splash Screen com.wallapop#0 (1/53)

11-10 00:49:53.709  3727  3727 I Layer   : id=23577 onRemoved Surface(name=670463d Splash Screen com.wallapop)/@0xdd3b680 - animation-leash#0

11-10 00:49:53.709  3727  3727 I Layer   : id=23569 onRemoved 670463d Splash Screen com.wallapop#0

11-10 00:49:53.710  3727  3727 I Layer   : id=23570 onRemoved Splash Screen com.wallapop#0

11-10 00:49:53.715  3727  3727 I SurfaceFlinger:      Device | 0x70de034a00 | 0002 | RGBA_8888 |   0.0    0.0 1080.0 2220.0 |    0    0 1080 2220 | com.wallapop/com.rewallapop.ui.wall.WallActivity[26604]#0

11-10 00:49:53.791 26604 26604 V InputMethodManager: Starting input: tba=com.wallapop ic=null mNaviBarColor -1 mIsGetNaviBarColorSuccess true , NavVisible : true , NavTrans : false

11-10 00:49:53.818  8649  8665 I Finsky  : [8044] fxs.d(3): com.wallapop: Account determined from installer data - [rJj4Md76H4LxoN-B4dnoZM7XaXDDBcXGlC-caOCi6Uc]

11-10 00:49:53.818  8649  8665 I Finsky  : [8044] fxs.d(14): com.wallapop: Account from preferred account - [rJj4Md76H4LxoN-B4dnoZM7XaXDDBcXGlC-caOCi6Uc]

11-10 00:49:53.854  8649  8665 I Finsky  : [8044] fxs.d(3): com.wallapop: Account determined from installer data - [rJj4Md76H4LxoN-B4dnoZM7XaXDDBcXGlC-caOCi6Uc]

11-10 00:49:53.855  8649  8665 I Finsky  : [8044] fxs.d(14): com.wallapop: Account from preferred account - [rJj4Md76H4LxoN-B4dnoZM7XaXDDBcXGlC-caOCi6Uc]

11-10 00:49:53.883  4622  4682 E RequestManager_FLP: [FusedLocationApi] Location request f84d4ea(Listener) PRIORITY_BALANCED_POWER_ACCURACY interval=300000 from com.wallapop

11-10 00:49:53.930  4211  5500 I WindowManager: Cancelling animation restarting=false, leash=null, surface=Surface(name=AppWindowToken{b209fd0 token=Token{5aa393 ActivityRecord{39d2082 u0 com.wallapop/com.rewallapop.ui.main.MainActivity t2117}}})/@0x3784630, parent=Surface(name=Task=2117)/@0x8b8b2a9

11-10 00:49:53.944  3727  3771 I SurfaceFlinger: id=23568 Removed AppWindowToken{b209fd0 token=Token{5aa393 ActivityRecord{39d2082 u0 com.wallapop/com.rewallapop.ui.main.MainActivity t2117}}}#0 (0/52)

11-10 00:49:53.954  4211  4228 D CodecSolution: isMaxAspectPackageEx: com.wallapop : true(2)

11-10 00:49:53.960  3727  3727 I Layer   : id=23568 onRemoved AppWindowToken{b209fd0 token=Token{5aa393 ActivityRecord{39d2082 u0 com.wallapop/com.rewallapop.ui.main.MainActivity t2117}}}#0

11-10 00:49:54.081  4211  4669 D MdnieScenarioControlService:  packageName : com.wallapop    className : com.rewallapop.ui.wall.WallActivity

11-10 00:49:54.333 26604 26604 W com.wallapop: Accessing hidden field Landroid/view/View;->mAccessibilityDelegate:Landroid/view/View$AccessibilityDelegate; (light greylist, reflection)

11-10 00:49:55.175 26604 26604 W View    : requestLayout() improperly called by com.wallapop.design.view.WallapopTextView{daf952f V.ED..... ......ID 47,26-47,86 #7f0a0904 app:id/wp__home__tv_bubble} during layout: running second layout pass

11-10 00:49:55.671  4211  4390 D WifiTrafficPoller: TrafficStats TxPkts=754946 RxPkts=1346511 TxBytes=172066259 RxBytes=1282074042 , Foreground uid=10311 pkgName=com.wallapop TxPackets=57165 RxPackets=65751 TxBytes=8493862 RxBytes=66705848

11-10 00:49:56.133 26604 26615 I com.wallapop: Background concurrent copying GC freed 292798(18MB) AllocSpace objects, 98(11MB) LOS objects, 49% free, 21MB/42MB, paused 435us total 251.199ms

11-10 00:49:57.126  4211  5518 D WifiPermissionsUtil: canAccessScanResults: pkgName = com.wallapop, uid = 10311

11-10 00:49:57.657 26604 26895 D Amazon DTB Ads API: with query params:[?dt=android&app=app&dinfo=%7B%22os%22%3A%22Android%22%2C%22model%22%3A%22SM-A750FN%22%2C%22make%22%3A%22samsung%22%2C%22osVersion%22%3A%229%22%2C%22connectionType%22%3A%22Wifi%22%2C%22country%22%3A%22ES%22%2C%22scalingFactor%22%3A%222.625%22%2C%22carrier%22%3A%22JAZZTEL%22%2C%22language%22%3A%22es%22%2C%22screenSize%22%3A%221080x2094%22%2C%22orientation%22%3A%22portrait%22%7D&oo=0&aud=3p&idfa=bf505ce3-e614-4d9a-a4d7-9c324edc6560&appId=d2ba46e2d5ef4c9883051d9c8d0125d5&sdkVer=aps-android-7.4.3&ua=Dalvik%2F2.1.0%20%28Linux%3B%20U%3B%20Android%209%3B%20SM-A750FN%20Build%2FPPR1.180610.011%29&pkg=%7B%22lbl%22%3A%22_Wallapop_%22%2C%22pn%22%3A%22com.wallapop%22%2C%22v%22%3A%221850000%22%2C%22vn%22%3A%221.85.0-d1910251130%22%7D]

11-10 00:49:58.151 26604 26895 D Amazon DTB Ads API: Error while connecting to remote server: https://s.amazon-adsystem.com/api3/generate_did?dt=android&app=app&dinfo=%7B%22os%22%3A%22Android%22%2C%22model%22%3A%22SM-A750FN%22%2C%22make%22%3A%22samsung%22%2C%22osVersion%22%3A%229%22%2C%22connectionType%22%3A%22Wifi%22%2C%22country%22%3A%22ES%22%2C%22scalingFactor%22%3A%222.625%22%2C%22carrier%22%3A%22JAZZTEL%22%2C%22language%22%3A%22es%22%2C%22screenSize%22%3A%221080x2094%22%2C%22orientation%22%3A%22portrait%22%7D&oo=0&aud=3p&idfa=bf505ce3-e614-4d9a-a4d7-9c324edc6560&appId=d2ba46e2d5ef4c9883051d9c8d0125d5&sdkVer=aps-android-7.4.3&ua=Dalvik%2F2.1.0%20%28Linux%3B%20U%3B%20Android%209%3B%20SM-A750FN%20Build%2FPPR1.180610.011%29&pkg=%7B%22lbl%22%3A%22_Wallapop_%22%2C%22pn%22%3A%22com.wallapop%22%2C%22v%22%3A%221850000%22%2C%22vn%22%3A%221.85.0-d1910251130%22%7D with error:Chain validation failed

11-10 00:49:58.154 26604 26895 E Amazon DTB Ads API: 	at com.wallapop.thirdparty.ads.b.a.a(SourceFile:43)

11-10 00:49:58.154 26604 26895 E Amazon DTB Ads API: 	at com.wallapop.thirdparty.ads.b.a$b$1.invokeSuspend(SourceFile:34)

11-10 00:49:58.154 26604 26895 E Amazon DTB Ads API: 	at com.wallapop.thirdparty.ads.b.a$b$1.invoke(Unknown Source:10)

11-10 00:49:58.154 26604 26895 E Amazon DTB Ads API: 	at com.wallapop.thirdparty.ads.b.a$b.invokeSuspend(SourceFile:33)

11-10 00:49:58.363 26604 27134 D Amazon DTB Ads API: with query params:[?dt=android&app=app&dinfo=%7B%22os%22%3A%22Android%22%2C%22model%22%3A%22SM-A750FN%22%2C%22make%22%3A%22samsung%22%2C%22osVersion%22%3A%229%22%2C%22connectionType%22%3A%22Wifi%22%2C%22country%22%3A%22ES%22%2C%22scalingFactor%22%3A%222.625%22%2C%22carrier%22%3A%22JAZZTEL%22%2C%22language%22%3A%22es%22%2C%22screenSize%22%3A%221080x2094%22%2C%22orientation%22%3A%22portrait%22%7D&oo=0&aud=3p&idfa=bf505ce3-e614-4d9a-a4d7-9c324edc6560&appId=d2ba46e2d5ef4c9883051d9c8d0125d5&sdkVer=aps-android-7.4.3&ua=Dalvik%2F2.1.0%20%28Linux%3B%20U%3B%20Android%209%3B%20SM-A750FN%20Build%2FPPR1.180610.011%29&pkg=%7B%22lbl%22%3A%22_Wallapop_%22%2C%22pn%22%3A%22com.wallapop%22%2C%22v%22%3A%221850000%22%2C%22vn%22%3A%221.85.0-d1910251130%22%7D]

11-10 00:49:58.849 26604 27134 D Amazon DTB Ads API: Error while connecting to remote server: https://s.amazon-adsystem.com/api3/generate_did?dt=android&app=app&dinfo=%7B%22os%22%3A%22Android%22%2C%22model%22%3A%22SM-A750FN%22%2C%22make%22%3A%22samsung%22%2C%22osVersion%22%3A%229%22%2C%22connectionType%22%3A%22Wifi%22%2C%22country%22%3A%22ES%22%2C%22scalingFactor%22%3A%222.625%22%2C%22carrier%22%3A%22JAZZTEL%22%2C%22language%22%3A%22es%22%2C%22screenSize%22%3A%221080x2094%22%2C%22orientation%22%3A%22portrait%22%7D&oo=0&aud=3p&idfa=bf505ce3-e614-4d9a-a4d7-9c324edc6560&appId=d2ba46e2d5ef4c9883051d9c8d0125d5&sdkVer=aps-android-7.4.3&ua=Dalvik%2F2.1.0%20%28Linux%3B%20U%3B%20Android%209%3B%20SM-A750FN%20Build%2FPPR1.180610.011%29&pkg=%7B%22lbl%22%3A%22_Wallapop_%22%2C%22pn%22%3A%22com.wallapop%22%2C%22v%22%3A%221850000%22%2C%22vn%22%3A%221.85.0-d1910251130%22%7D with error:Chain validation failed

11-10 00:49:58.950 26604 26615 I com.wallapop: Background concurrent copying GC freed 304918(14MB) AllocSpace objects, 127(6MB) LOS objects, 50% free, 22MB/45MB, paused 531us total 148.633ms

11-10 00:49:59.113 26604 27134 D Amazon DTB Ads API: with json params:[{"oo":"false","dinfo":{"os":"Android","model":"SM-A750FN","make":"samsung","osVersion":"9","connectionType":"Wifi","country":"ES","scalingFactor":"2.625","carrier":"JAZZTEL","language":"es","screenSize":"1080x2094","orientation":"portrait"},"adsdk":"aps-android-7.4.3","slots":[{"sz":"320x50","slot":"f414d83c-ab9f-4e02-9c59-5137663ee6c7","slotId":1,"supportedMediaTypes":["DISPLAY"]}],"mraid":["1.0","2.0","3.0"],"appId":"d2ba46e2d5ef4c9883051d9c8d0125d5","idfa":"bf505ce3-e614-4d9a-a4d7-9c324edc6560","geoloc":"41.4479223,2.2381893,19.744","isDTBMobile":"true","ua":"Dalvik\/2.1.0 (Linux; U; Android 9; SM-A750FN Build\/PPR1.180610.011)","pkg":{"lbl":"_Wallapop_","pn":"com.wallapop","v":"1850000","vn":"1.85.0-d1910251130"},"gdpr":{"e":"1","c":"BOR0xKKOR0xKKABABAENBZ-AAAAfZ7_______9______9uz_Gv_v_f__33e8__9v_l_7_-___u_-33d4-_1vX99yfm1-7ftr3tp_86ues2vHqK9ZoA"}}]

11-10 00:49:59.728  4211  4390 D WifiTrafficPoller: TrafficStats TxPkts=755280 RxPkts=1346844 TxBytes=172148036 RxBytes=1282359236 , Foreground uid=10311 pkgName=com.wallapop TxPackets=57406 RxPackets=65978 TxBytes=8546658 RxBytes=66895460

11-10 00:50:02.656 26604 26604 W com.wallapop: Accessing hidden method Landroid/text/SpannableStringInternal;->length()I (light greylist, linking)

11-10 00:50:03.790  4211  4390 D WifiTrafficPoller: TrafficStats TxPkts=755376 RxPkts=1346944 TxBytes=172193836 RxBytes=1282408638 , Foreground uid=10311 pkgName=com.wallapop TxPackets=57491 RxPackets=66065 TxBytes=8585847 RxBytes=66948235

11-10 00:50:05.126 26604 26615 I com.wallapop: Background concurrent copying GC freed 252235(13MB) AllocSpace objects, 190(10MB) LOS objects, 49% free, 24MB/48MB, paused 504us total 187.798ms


