Executed '[C58894] Chat: Active conversations - Conversations information' on 31-10-2019
---------------------------------------------------------------------------------
11-10 00:47:00.660  4211  4808 D WifiPermissionsUtil: canAccessScanResults: pkgName = com.wallapop, uid = 10311

11-10 00:47:01.216 25538 25721 D Amazon DTB Ads API: with query params:[?dt=android&app=app&dinfo=%7B%22os%22%3A%22Android%22%2C%22model%22%3A%22SM-A750FN%22%2C%22make%22%3A%22samsung%22%2C%22osVersion%22%3A%229%22%2C%22connectionType%22%3A%22Wifi%22%2C%22country%22%3A%22ES%22%2C%22scalingFactor%22%3A%222.625%22%2C%22carrier%22%3A%22JAZZTEL%22%2C%22language%22%3A%22es%22%2C%22screenSize%22%3A%221080x2094%22%2C%22orientation%22%3A%22portrait%22%7D&oo=0&aud=3p&idfa=bf505ce3-e614-4d9a-a4d7-9c324edc6560&appId=d2ba46e2d5ef4c9883051d9c8d0125d5&sdkVer=aps-android-7.4.3&ua=Dalvik%2F2.1.0%20%28Linux%3B%20U%3B%20Android%209%3B%20SM-A750FN%20Build%2FPPR1.180610.011%29&pkg=%7B%22lbl%22%3A%22_Wallapop_%22%2C%22pn%22%3A%22com.wallapop%22%2C%22v%22%3A%221850000%22%2C%22vn%22%3A%221.85.0-d1910251130%22%7D]

11-10 00:47:01.425  4211  4390 D WifiTrafficPoller: TrafficStats TxPkts=753914 RxPkts=1345599 TxBytes=171805074 RxBytes=1281584060 , Foreground uid=10311 pkgName=com.wallapop TxPackets=56402 RxPackets=65105 TxBytes=8294588 RxBytes=66321605

11-10 00:47:01.813 25538 25721 D Amazon DTB Ads API: Error while connecting to remote server: https://s.amazon-adsystem.com/api3/generate_did?dt=android&app=app&dinfo=%7B%22os%22%3A%22Android%22%2C%22model%22%3A%22SM-A750FN%22%2C%22make%22%3A%22samsung%22%2C%22osVersion%22%3A%229%22%2C%22connectionType%22%3A%22Wifi%22%2C%22country%22%3A%22ES%22%2C%22scalingFactor%22%3A%222.625%22%2C%22carrier%22%3A%22JAZZTEL%22%2C%22language%22%3A%22es%22%2C%22screenSize%22%3A%221080x2094%22%2C%22orientation%22%3A%22portrait%22%7D&oo=0&aud=3p&idfa=bf505ce3-e614-4d9a-a4d7-9c324edc6560&appId=d2ba46e2d5ef4c9883051d9c8d0125d5&sdkVer=aps-android-7.4.3&ua=Dalvik%2F2.1.0%20%28Linux%3B%20U%3B%20Android%209%3B%20SM-A750FN%20Build%2FPPR1.180610.011%29&pkg=%7B%22lbl%22%3A%22_Wallapop_%22%2C%22pn%22%3A%22com.wallapop%22%2C%22v%22%3A%221850000%22%2C%22vn%22%3A%221.85.0-d1910251130%22%7D with error:Chain validation failed

11-10 00:47:01.815 25538 25721 E Amazon DTB Ads API: 	at com.wallapop.thirdparty.ads.b.a.a(SourceFile:43)

11-10 00:47:01.815 25538 25721 E Amazon DTB Ads API: 	at com.wallapop.thirdparty.ads.b.a$b$1.invokeSuspend(SourceFile:34)

11-10 00:47:01.815 25538 25721 E Amazon DTB Ads API: 	at com.wallapop.thirdparty.ads.b.a$b$1.invoke(Unknown Source:10)

11-10 00:47:01.815 25538 25721 E Amazon DTB Ads API: 	at com.wallapop.thirdparty.ads.b.a$b.invokeSuspend(SourceFile:33)

11-10 00:47:01.917 25538 26068 D Amazon DTB Ads API: with query params:[?dt=android&app=app&dinfo=%7B%22os%22%3A%22Android%22%2C%22model%22%3A%22SM-A750FN%22%2C%22make%22%3A%22samsung%22%2C%22osVersion%22%3A%229%22%2C%22connectionType%22%3A%22Wifi%22%2C%22country%22%3A%22ES%22%2C%22scalingFactor%22%3A%222.625%22%2C%22carrier%22%3A%22JAZZTEL%22%2C%22language%22%3A%22es%22%2C%22screenSize%22%3A%221080x2094%22%2C%22orientation%22%3A%22portrait%22%7D&oo=0&aud=3p&idfa=bf505ce3-e614-4d9a-a4d7-9c324edc6560&appId=d2ba46e2d5ef4c9883051d9c8d0125d5&sdkVer=aps-android-7.4.3&ua=Dalvik%2F2.1.0%20%28Linux%3B%20U%3B%20Android%209%3B%20SM-A750FN%20Build%2FPPR1.180610.011%29&pkg=%7B%22lbl%22%3A%22_Wallapop_%22%2C%22pn%22%3A%22com.wallapop%22%2C%22v%22%3A%221850000%22%2C%22vn%22%3A%221.85.0-d1910251130%22%7D]

11-10 00:47:02.359 25538 26068 D Amazon DTB Ads API: Error while connecting to remote server: https://s.amazon-adsystem.com/api3/generate_did?dt=android&app=app&dinfo=%7B%22os%22%3A%22Android%22%2C%22model%22%3A%22SM-A750FN%22%2C%22make%22%3A%22samsung%22%2C%22osVersion%22%3A%229%22%2C%22connectionType%22%3A%22Wifi%22%2C%22country%22%3A%22ES%22%2C%22scalingFactor%22%3A%222.625%22%2C%22carrier%22%3A%22JAZZTEL%22%2C%22language%22%3A%22es%22%2C%22screenSize%22%3A%221080x2094%22%2C%22orientation%22%3A%22portrait%22%7D&oo=0&aud=3p&idfa=bf505ce3-e614-4d9a-a4d7-9c324edc6560&appId=d2ba46e2d5ef4c9883051d9c8d0125d5&sdkVer=aps-android-7.4.3&ua=Dalvik%2F2.1.0%20%28Linux%3B%20U%3B%20Android%209%3B%20SM-A750FN%20Build%2FPPR1.180610.011%29&pkg=%7B%22lbl%22%3A%22_Wallapop_%22%2C%22pn%22%3A%22com.wallapop%22%2C%22v%22%3A%221850000%22%2C%22vn%22%3A%221.85.0-d1910251130%22%7D with error:Chain validation failed

11-10 00:47:02.395 25538 26068 D Amazon DTB Ads API: with json params:[{"oo":"false","dinfo":{"os":"Android","model":"SM-A750FN","make":"samsung","osVersion":"9","connectionType":"Wifi","country":"ES","scalingFactor":"2.625","carrier":"JAZZTEL","language":"es","screenSize":"1080x2094","orientation":"portrait"},"adsdk":"aps-android-7.4.3","slots":[{"sz":"320x50","slot":"f414d83c-ab9f-4e02-9c59-5137663ee6c7","slotId":1,"supportedMediaTypes":["DISPLAY"]}],"mraid":["1.0","2.0","3.0"],"appId":"d2ba46e2d5ef4c9883051d9c8d0125d5","idfa":"bf505ce3-e614-4d9a-a4d7-9c324edc6560","geoloc":"41.4479223,2.2381893,19.744","isDTBMobile":"true","ua":"Dalvik\/2.1.0 (Linux; U; Android 9; SM-A750FN Build\/PPR1.180610.011)","pkg":{"lbl":"_Wallapop_","pn":"com.wallapop","v":"1850000","vn":"1.85.0-d1910251130"},"gdpr":{"e":"1","c":"BOR0xKKOR0xKKABABAENBZ-AAAAfZ7_______9______9uz_Gv_v_f__33e8__9v_l_7_-___u_-33d4-_1vX99yfm1-7ftr3tp_86ues2vHqK9ZoA"}}]

11-10 00:47:02.506 25538 25549 I com.wallapop: Background concurrent copying GC freed 292106(13MB) AllocSpace objects, 112(6MB) LOS objects, 49% free, 21MB/42MB, paused 1.986ms total 178.906ms

11-10 00:47:05.492  4211  4390 D WifiTrafficPoller: TrafficStats TxPkts=754102 RxPkts=1345780 TxBytes=171865587 RxBytes=1281705583 , Foreground uid=10311 pkgName=com.wallapop TxPackets=56567 RxPackets=65260 TxBytes=8345803 RxBytes=66439139

11-10 00:47:06.669 25538 25549 I com.wallapop: Background concurrent copying GC freed 226119(11MB) AllocSpace objects, 173(10MB) LOS objects, 49% free, 21MB/42MB, paused 790us total 188.103ms

11-10 00:47:09.550  4211  4390 D WifiTrafficPoller: TrafficStats TxPkts=754204 RxPkts=1345908 TxBytes=171908706 RxBytes=1281820452 , Foreground uid=10311 pkgName=com.wallapop TxPackets=56638 RxPackets=65328 TxBytes=8377965 RxBytes=66477914

11-10 00:47:15.655  4211  4390 D WifiTrafficPoller: TrafficStats TxPkts=754219 RxPkts=1345919 TxBytes=171914153 RxBytes=1281822803 , Foreground uid=10311 pkgName=com.wallapop TxPackets=56644 RxPackets=65334 TxBytes=8379546 RxBytes=66479231

11-10 00:47:19.743  4211  4390 D WifiTrafficPoller: TrafficStats TxPkts=754221 RxPkts=1345921 TxBytes=171914269 RxBytes=1281822915 , Foreground uid=10311 pkgName=com.wallapop TxPackets=56646 RxPackets=65336 TxBytes=8379662 RxBytes=66479343

11-10 00:47:22.249 25538 25538 V InputMethodManager: Starting input: tba=com.wallapop ic=null mNaviBarColor -1 mIsGetNaviBarColorSuccess true , NavVisible : true , NavTrans : false

11-10 00:47:22.697  4211  4211 D Telecom:SamsungPrebindingServiceImpl: onTopActivityChanged : ComponentInfo{com.wallapop/com.rewallapop.ui.wall.WallActivity}

11-10 00:47:22.825  4211  4808 D SamsungAlarmManager: Cancel Alarm calling from uid:10311 pid :25538 / op:PendingIntent{af566c2: PendingIntentRecord{1c77620 com.wallapop broadcastIntent}}

11-10 00:47:22.835  4622  4682 E RequestManager_FLP: [FusedLocationApi] Location remove e6e458c from com.wallapop

11-10 00:47:23.038 25538 25549 I com.wallapop: Background concurrent copying GC freed 176386(8MB) AllocSpace objects, 149(11MB) LOS objects, 50% free, 21MB/43MB, paused 3.200ms total 205.936ms

11-10 00:47:33.087  4211  7552 D SamsungAlarmManager: Cancel Alarm calling from uid:10311 pid :25538 / op:PendingIntent{4820479: PendingIntentRecord{1c77620 com.wallapop broadcastIntent}}

11-10 00:47:37.829  4211  7552 D SamsungAlarmManager: Cancel Alarm calling from uid:10311 pid :25538 / op:PendingIntent{500afca: PendingIntentRecord{794f505 com.wallapop broadcastIntent}}

11-10 00:48:23.464  4211  5519 I ActivityManager: Force stopping com.wallapop appid=10311 user=0: from pid 26160 caller com.android.server.am.ActivityManagerShellCommand.runForceStop:967

11-10 00:48:23.466  4211  5519 I ActivityManager: Killing 25538:com.wallapop/u0a311 (adj 200): stop com.wallapop,from pid 26160 caller com.android.server.am.ActivityManagerShellCommand.runForceStop:967

11-10 00:48:23.478  4211  5519 W ActivityManager: Scheduling restart of crashed service com.wallapop/com.rewallapop.ui.debug.view.DebugActivity$Service in 1000ms

11-10 00:48:23.486  4211  5519 D StorageManagerService: getExternalStorageMountMode : final mountMode=1, uid : 10311, packageName : com.wallapop

11-10 00:48:23.486  4211  5519 I ApplicationPolicy: isApplicationExternalStorageWhitelisted:com.wallapop user:0

11-10 00:48:23.486  4211  5519 D ActivityManager: package  com.wallapop, user - 0 is SDcard whitelisted

11-10 00:48:23.487  4211  5519 I ApplicationPolicy: isApplicationExternalStorageBlacklisted:com.wallapop user:0

11-10 00:48:23.487  4211  5519 I ApplicationPolicy: isApplicationExternalStorageBlacklisted:com.wallapop user:0

11-10 00:48:23.493 23911 23911 D Notification.Badge: [invalid] onNotificationRemoved : StatusBarNotification(pkg=com.wallapop user=UserHandle{0} id=999 tag=null key=0|com.wallapop|999|null|10311: Notification(channel=wallapop_channel pri=-2 contentView=null vibrate=null sound=null defaults=0x0 flags=0x62 color=0x00000000 vis=PRIVATE semFlags=0x0 semPriority=0 semMissedCount=0))

11-10 00:48:23.503  4211  5519 I ActivityManager:   Force finishing activity ActivityRecord{fcde6b0 u0 com.wallapop/com.rewallapop.ui.wall.WallActivity t2116}

11-10 00:48:23.508  4211  5519 I WindowManager: Cancelling animation restarting=false, leash=null, surface=Surface(name=1b7a69c com.wallapop/com.rewallapop.ui.wall.WallActivity)/@0x313b9d0, parent=Surface(name=AppWindowToken{77594ae token=Token{3150929 ActivityRecord{fcde6b0 u0 com.wallapop/com.rewallapop.ui.wall.WallActivity t2116}}})/@0x8e3adc9

11-10 00:48:23.509  4211  5519 V WindowManager: Changing focus from Window{1b7a69c u0 com.wallapop/com.rewallapop.ui.wall.WallActivity} to null Callers=com.android.server.wm.AppWindowToken.setVisibility:536 com.android.server.wm.AppWindowContainerController.setVisibility:495 com.android.server.am.ActivityRecord.setVisibility:1917 com.android.server.am.ActivityStack.prepareActivityHideTransitionAnimation:4429

11-10 00:48:23.511  4211  5519 V WindowManager: Setting visibility of Window{1b7a69c u0 com.wallapop/com.rewallapop.ui.wall.WallActivity}: false, caller=com.android.server.wm.WindowContainer.sendAppVisibilityToClients:615 com.android.server.wm.AppWindowToken.setClientHidden:460 com.android.server.wm.AppWindowToken.onAnimationFinished:2383 com.android.server.wm.AppWindowToken.setVisibility:551 com.android.server.wm.AppWindowContainerController.setVisibility:495

11-10 00:48:23.512  4211  4242 D WindowManager: reportFocusChangedSerialized, focused=false, inTouchMode=true, win=Window{1b7a69c u0 com.wallapop/com.rewallapop.ui.wall.WallActivity}

11-10 00:48:23.526  4211  5519 I ActivityManager:   Force finishing activity ActivityRecord{fcde6b0 u0 com.wallapop/com.rewallapop.ui.wall.WallActivity t2116 f}

11-10 00:48:23.526  4211  5519 W ActivityManager: Duplicate finish request for ActivityRecord{fcde6b0 u0 com.wallapop/com.rewallapop.ui.wall.WallActivity t2116 f}

11-10 00:48:23.578  4211  4227 I WindowManager: Cancelling animation restarting=false, leash=null, surface=Surface(name=AppWindowToken{77594ae token=Token{3150929 ActivityRecord{fcde6b0 u0 com.wallapop/com.rewallapop.ui.wall.WallActivity t2116}}})/@0x8e3adc9, parent=Surface(name=Task=2116)/@0xb9fa7d5

11-10 00:48:23.578  4211  4227 V WindowManager: Remove Window{1b7a69c u0 com.wallapop/com.rewallapop.ui.wall.WallActivity}: mSurfaceController=Surface(name=com.wallapop/com.rewallapop.ui.wall.WallActivity[25538])/@0x621e593 mAnimatingExit=false mRemoveOnExit=false mHasSurface=true surfaceShowing=false isAnimationSet=false app-animation=false mWillReplaceWindow=false inPendingTransaction=false mDisplayFrozen=false callers=com.android.server.wm.WindowState.removeIfPossible:2764 com.android.server.wm.WindowToken.removeAllWindowsIfPossible:150 com.android.server.wm.AppWindowToken.removeIfPossible:743 com.android.server.wm.AppWindowToken.onRemovedFromDisplay:819 com.android.server.wm.DisplayContent.removeAppToken:1079 com.android.server.wm.AppWindowContainerController.removeContainer:305

11-10 00:48:23.579  4211  4227 I WindowManager: Destroying surface Surface(name=com.wallapop/com.rewallapop.ui.wall.WallActivity[25538])/@0x621e593 called by com.android.server.wm.WindowStateAnimator.destroySurface:1901 com.android.server.wm.WindowStateAnimator.destroySurfaceLocked:838 com.android.server.wm.WindowState.removeImmediately:2743 com.android.server.wm.WindowState.removeIfPossible:2893 com.android.server.wm.WindowState.removeIfPossible:2764 com.android.server.wm.WindowToken.removeAllWindowsIfPossible:150 com.android.server.wm.AppWindowToken.removeIfPossible:743 com.android.server.wm.AppWindowToken.onRemovedFromDisplay:819

11-10 00:48:23.580  3727  5001 I SurfaceFlinger: id=23559 Removed com.wallapop/com.rewallapop.ui.wall.WallActivity[25538]#0 (0/52)

11-10 00:48:23.585  3727  5001 I SurfaceFlinger: id=23558 Removed 1b7a69c com.wallapop/com.rewallapop.ui.wall.WallActivity#0 (0/51)

11-10 00:48:23.592  3727  5001 W SurfaceFlinger: Attempting to destroy on removed layer: AppWindowToken{77594ae token=Token{3150929 ActivityRecord{fcde6b0 u0 com.wallapop/com.rewallapop.ui.wall.WallActivity t2116}}}#0

11-10 00:48:23.593  3727  3727 I Layer   : id=23558 onRemoved 1b7a69c com.wallapop/com.rewallapop.ui.wall.WallActivity#0

11-10 00:48:23.593  3727  3727 I Layer   : id=23556 onRemoved AppWindowToken{77594ae token=Token{3150929 ActivityRecord{fcde6b0 u0 com.wallapop/com.rewallapop.ui.wall.WallActivity t2116}}}#0

11-10 00:48:23.593  3727  3727 I Layer   : id=23559 onRemoved com.wallapop/com.rewallapop.ui.wall.WallActivity[25538]#0

11-10 00:48:23.632  4211  4227 W BroadcastQueue: Background execution not allowed: receiving Intent { act=android.intent.action.PACKAGE_RESTARTED dat=package:com.wallapop flg=0x10 (has extras) } to android/com.kddi.android.CpaNotiReceiver

11-10 00:48:23.649  4211  4211 D SamsungAlarmManager: Remove alarm for next reason : android.intent.action.PACKAGE_RESTARTED : package: com.wallapop

11-10 00:48:23.667  4211  4229 I ActivityManager: Start proc 26165:com.wallapop/u0a311 for activity com.wallapop/com.rewallapop.ui.wall.WallActivity

11-10 00:48:23.681 23911 17128 I AppIconSolution: load=com.wallapop, bg=144-144, dr=126-126, forDefault=true, density=0

11-10 00:48:23.685 23911 17128 I AppIconSolution: load=com.wallapop-contain, bg=166-166, dr=126-126

11-10 00:48:23.687 26165 26165 I com.wallapop: Late-enabling -Xcheck:jni

11-10 00:48:23.700 23911 23978 D Notification.Badge: updateLauncherIconBadges() item : [IconInfo(title=_Wallapop_ intent=Intent { act=android.intent.action.MAIN cat=[android.intent.category.LAUNCHER] flg=0x10200000 cmp=com.wallapop/.activities.HomeActivity (has extras) } id=160 type=0 container=-102 screen=1 cellX=3 cellY=0 spanX=1 spanY=1 rank=3 hidden=0 dropPos=null user=UserHandle{0} screenType=0)], mShowBadge : [false], item.mBadgeCount : [0]

11-10 00:48:23.767 26165 26165 I com.wallapop: report jit thread pid = 26170

11-10 00:48:23.770 23911 23911 D RecommendedView: updateBadgeItems: [IconInfo(title=_Wallapop_ intent=Intent { act=android.intent.action.MAIN cat=[android.intent.category.LAUNCHER] flg=0x10200000 cmp=com.wallapop/.activities.HomeActivity (has extras) } id=160 type=0 container=-102 screen=1 cellX=3 cellY=0 spanX=1 spanY=1 rank=3 hidden=0 dropPos=null user=UserHandle{0} screenType=0)]

11-10 00:48:23.792  4211  4680 I ActivityManager: DSS on for com.wallapop and scale is 1.0

11-10 00:48:23.908 26165 26165 I com.wallapop: The ClassLoaderContext is a special shared library.

11-10 00:48:29.968 26165 26220 W com.wallapop: Unsupported class loader

11-10 00:48:29.975 26165 26220 W com.wallapop: Skipping duplicate class check due to unsupported classloader

11-10 00:48:30.111 26165 26220 W com.wallapop: Unsupported class loader

11-10 00:48:30.544 26165 26220 I com.wallapop: Waiting for a blocking GC ClassLinker

11-10 00:48:30.563 26165 26165 I com.wallapop: Waiting for a blocking GC ClassLinker

11-10 00:48:30.835 26165 26220 I com.wallapop: WaitForGcToComplete blocked ClassLinker on ClassLinker for 291.403ms

11-10 00:48:30.838 26165 26165 I com.wallapop: WaitForGcToComplete blocked ClassLinker on ClassLinker for 274.976ms

11-10 00:48:30.868 26165 26165 W com.wallapop: Verification of void com.rewallapop.app.di.a.b.<init>(com.rewallapop.app.di.module.d, com.rewallapop.app.di.module.submodule.PolicyModule, com.rewallapop.app.di.module.ApplicationPresentationModule, com.rewallapop.app.di.module.ApplicationUseCasesModule, com.rewallapop.app.di.module.BillingModule, com.rewallapop.app.di.module.DataSourceModule, com.rewallapop.app.di.module.submodule.ads.AdsDataSourceModule, com.rewallapop.app.di.module.submodule.verticals.VerticalsDataSourceModule, com.rewallapop.app.di.module.ExecutorsModule, com.rewallapop.app.di.module.HelpshiftModule, com.rewallapop.app.di.module.MappersModule, com.rewallapop.app.di.module.submodule.ApiModelMapperModule, com.rewallapop.app.di.module.submodule.ApiV2ModelMapperModule, com.rewallapop.app.di.module.submodule.DataMapperModule, com.rewallapop.app.di.module.submodule.ViewModelMapperModule, com.rewallapop.app.di.module.RepositoryModule, com.rewallapop.app.di.module.submodule.ads.AdsRepositoryModule, com.rewallapop.app.di.module.RestModule, com.re

11-10 00:48:31.045 26165 26165 W com.wallapop: Verification of void com.rewallapop.app.di.a.b.a(com.rewallapop.app.di.module.d, com.rewallapop.app.di.module.submodule.PolicyModule, com.rewallapop.app.di.module.ApplicationPresentationModule, com.rewallapop.app.di.module.ApplicationUseCasesModule, com.rewallapop.app.di.module.BillingModule, com.rewallapop.app.di.module.DataSourceModule, com.rewallapop.app.di.module.submodule.ads.AdsDataSourceModule, com.rewallapop.app.di.module.submodule.verticals.VerticalsDataSourceModule, com.rewallapop.app.di.module.ExecutorsModule, com.rewallapop.app.di.module.HelpshiftModule, com.rewallapop.app.di.module.MappersModule, com.rewallapop.app.di.module.submodule.ApiModelMapperModule, com.rewallapop.app.di.module.submodule.ApiV2ModelMapperModule, com.rewallapop.app.di.module.submodule.DataMapperModule, com.rewallapop.app.di.module.submodule.ViewModelMapperModule, com.rewallapop.app.di.module.RepositoryModule, com.rewallapop.app.di.module.submodule.ads.AdsRepositoryModule, com.rewallapop.app.di.module.RestModule, com.rewalla

11-10 00:48:31.376 26165 26165 W com.wallapop: Verification of void com.rewallapop.app.di.a.b.b(com.rewallapop.app.di.module.d, com.rewallapop.app.di.module.submodule.PolicyModule, com.rewallapop.app.di.module.ApplicationPresentationModule, com.rewallapop.app.di.module.ApplicationUseCasesModule, com.rewallapop.app.di.module.BillingModule, com.rewallapop.app.di.module.DataSourceModule, com.rewallapop.app.di.module.submodule.ads.AdsDataSourceModule, com.rewallapop.app.di.module.submodule.verticals.VerticalsDataSourceModule, com.rewallapop.app.di.module.ExecutorsModule, com.rewallapop.app.di.module.HelpshiftModule, com.rewallapop.app.di.module.MappersModule, com.rewallapop.app.di.module.submodule.ApiModelMapperModule, com.rewallapop.app.di.module.submodule.ApiV2ModelMapperModule, com.rewallapop.app.di.module.submodule.DataMapperModule, com.rewallapop.app.di.module.submodule.ViewModelMapperModule, com.rewallapop.app.di.module.RepositoryModule, com.rewallapop.app.di.module.submodule.ads.AdsRepositoryModule, com.rewallapop.app.di.module.RestModule, com.rewalla

11-10 00:48:31.607 26165 26165 W com.wallapop: Verification of void com.rewallapop.app.di.a.b.c(com.rewallapop.app.di.module.d, com.rewallapop.app.di.module.submodule.PolicyModule, com.rewallapop.app.di.module.ApplicationPresentationModule, com.rewallapop.app.di.module.ApplicationUseCasesModule, com.rewallapop.app.di.module.BillingModule, com.rewallapop.app.di.module.DataSourceModule, com.rewallapop.app.di.module.submodule.ads.AdsDataSourceModule, com.rewallapop.app.di.module.submodule.verticals.VerticalsDataSourceModule, com.rewallapop.app.di.module.ExecutorsModule, com.rewallapop.app.di.module.HelpshiftModule, com.rewallapop.app.di.module.MappersModule, com.rewallapop.app.di.module.submodule.ApiModelMapperModule, com.rewallapop.app.di.module.submodule.ApiV2ModelMapperModule, com.rewallapop.app.di.module.submodule.DataMapperModule, com.rewallapop.app.di.module.submodule.ViewModelMapperModule, com.rewallapop.app.di.module.RepositoryModule, com.rewallapop.app.di.module.submodule.ads.AdsRepositoryModule, com.rewallapop.app.di.module.RestModule, com.rewalla

11-10 00:48:31.747 26165 26165 W com.wallapop: Verification of void com.rewallapop.app.di.a.b.d(com.rewallapop.app.di.module.d, com.rewallapop.app.di.module.submodule.PolicyModule, com.rewallapop.app.di.module.ApplicationPresentationModule, com.rewallapop.app.di.module.ApplicationUseCasesModule, com.rewallapop.app.di.module.BillingModule, com.rewallapop.app.di.module.DataSourceModule, com.rewallapop.app.di.module.submodule.ads.AdsDataSourceModule, com.rewallapop.app.di.module.submodule.verticals.VerticalsDataSourceModule, com.rewallapop.app.di.module.ExecutorsModule, com.rewallapop.app.di.module.HelpshiftModule, com.rewallapop.app.di.module.MappersModule, com.rewallapop.app.di.module.submodule.ApiModelMapperModule, com.rewallapop.app.di.module.submodule.ApiV2ModelMapperModule, com.rewallapop.app.di.module.submodule.DataMapperModule, com.rewallapop.app.di.module.submodule.ViewModelMapperModule, com.rewallapop.app.di.module.RepositoryModule, com.rewallapop.app.di.module.submodule.ads.AdsRepositoryModule, com.rewallapop.app.di.module.RestModule, com.rewalla

11-10 00:48:32.553 26165 26207 I FA      :   adb shell setprop debug.firebase.analytics.app com.wallapop

11-10 00:48:33.052 26165 26165 W com.wallapop: Verification of java.util.Map com.rewallapop.app.di.module.TrackingModule.a() took 188.626ms

11-10 00:48:36.529 26165 26253 I stetho  : Listening on @stetho_com.wallapop_devtools_remote

11-10 00:48:36.838 26165 26259 W com.wallapop: Accessing hidden field Lsun/misc/Unsafe;->theUnsafe:Lsun/misc/Unsafe; (light greylist, reflection)

11-10 00:48:36.961 26165 26261 W com.wallapop: Accessing hidden field Ljava/nio/Buffer;->address:J (light greylist, reflection)

11-10 00:48:37.075 26165 26165 I com.wallapop: The ClassLoaderContext is a special shared library.

11-10 00:48:37.079 26165 26165 I chatty  : uid=10311(com.wallapop) identical 1 line

11-10 00:48:37.083 26165 26165 I com.wallapop: The ClassLoaderContext is a special shared library.

11-10 00:48:37.104 26165 26165 I com.wallapop: Waiting for a blocking GC ClassLinker

11-10 00:48:37.135 26165 26165 I com.wallapop: WaitForGcToComplete blocked ClassLinker on HeapTrim for 30.174ms

11-10 00:48:37.368 26165 26165 I com.wallapop: Waiting for a blocking GC ClassLinker

11-10 00:48:37.381 26165 26165 I com.wallapop: WaitForGcToComplete blocked ClassLinker on ClassLinker for 13.419ms

11-10 00:48:37.485 26165 26284 W com.wallapop: Accessing hidden method Landroid/content/Context;->bindServiceAsUser(Landroid/content/Intent;Landroid/content/ServiceConnection;ILandroid/os/Handler;Landroid/os/UserHandle;)Z (light greylist, reflection)

11-10 00:48:37.489  4211  5504 I ApplicationPolicy: isApplicationExternalStorageWhitelisted:com.wallapop user:0

11-10 00:48:37.489  4211  5504 D ActivityManager: package  com.wallapop, user - 0 is SDcard whitelisted

11-10 00:48:37.489  4211  5504 I ApplicationPolicy: isApplicationExternalStorageBlacklisted:com.wallapop user:0

11-10 00:48:37.489  4211  5504 I ApplicationPolicy: isApplicationExternalStorageBlacklisted:com.wallapop user:0

11-10 00:48:37.510  4211  4229 I ActivityManager: Start proc 26287:com.android.chrome:sandboxed_process0/u0i763 for webview_service com.wallapop/org.chromium.content.app.SandboxedProcessService0

11-10 00:48:37.540  4211  6257 D WifiPermissionsUtil: canAccessScanResults: pkgName = com.wallapop, uid = 10311

11-10 00:48:37.551  4211  4808 I ActivityManager: DSS on for com.wallapop and scale is 1.0

11-10 00:48:37.606 26165 26165 W com.wallapop: Accessing hidden method Landroid/view/textclassifier/logging/SmartSelectionEventTracker;-><init>(Landroid/content/Context;I)V (light greylist, reflection)

11-10 00:48:37.607 26165 26165 W com.wallapop: Accessing hidden method Landroid/view/textclassifier/logging/SmartSelectionEventTracker;->logEvent(Landroid/view/textclassifier/logging/SmartSelectionEventTracker$SelectionEvent;)V (light greylist, reflection)

11-10 00:48:37.607 26165 26165 W com.wallapop: Accessing hidden method Landroid/view/textclassifier/logging/SmartSelectionEventTracker$SelectionEvent;->selectionStarted(I)Landroid/view/textclassifier/logging/SmartSelectionEventTracker$SelectionEvent; (light greylist, reflection)

11-10 00:48:37.607 26165 26165 W com.wallapop: Accessing hidden method Landroid/view/textclassifier/logging/SmartSelectionEventTracker$SelectionEvent;->selectionModified(II)Landroid/view/textclassifier/logging/SmartSelectionEventTracker$SelectionEvent; (light greylist, reflection)

11-10 00:48:37.607 26165 26165 W com.wallapop: Accessing hidden method Landroid/view/textclassifier/logging/SmartSelectionEventTracker$SelectionEvent;->selectionModified(IILandroid/view/textclassifier/TextClassification;)Landroid/view/textclassifier/logging/SmartSelectionEventTracker$SelectionEvent; (light greylist, reflection)

11-10 00:48:37.607 26165 26165 W com.wallapop: Accessing hidden method Landroid/view/textclassifier/logging/SmartSelectionEventTracker$SelectionEvent;->selectionModified(IILandroid/view/textclassifier/TextSelection;)Landroid/view/textclassifier/logging/SmartSelectionEventTracker$SelectionEvent; (light greylist, reflection)

11-10 00:48:37.607 26165 26165 W com.wallapop: Accessing hidden method Landroid/view/textclassifier/logging/SmartSelectionEventTracker$SelectionEvent;->selectionAction(III)Landroid/view/textclassifier/logging/SmartSelectionEventTracker$SelectionEvent; (light greylist, reflection)

11-10 00:48:37.607 26165 26165 W com.wallapop: Accessing hidden method Landroid/view/textclassifier/logging/SmartSelectionEventTracker$SelectionEvent;->selectionAction(IIILandroid/view/textclassifier/TextClassification;)Landroid/view/textclassifier/logging/SmartSelectionEventTracker$SelectionEvent; (light greylist, reflection)

11-10 00:48:37.667 26165 26297 W com.wallapop: Accessing hidden method Landroid/media/AudioManager;->getOutputLatency(I)I (light greylist, reflection)

11-10 00:48:37.769 26165 26165 W com.wallapop: Accessing hidden method Landroid/app/ActivityThread;->currentPackageName()Ljava/lang/String; (light greylist, reflection)

11-10 00:48:38.243 26165 26353 W com.wallapop: Accessing hidden method Lcom/android/org/conscrypt/OpenSSLSocketImpl;->setAlpnProtocols([B)V (light greylist, reflection)

11-10 00:48:38.607 26165 26353 W com.wallapop: Accessing hidden method Lcom/android/org/conscrypt/OpenSSLSocketImpl;->getAlpnSelectedProtocol()[B (light greylist, reflection)

11-10 00:48:40.224  4211  5504 D SamsungAlarmManager: Cancel Alarm calling from uid:10311 pid :26165 / op:PendingIntent{44703dc: PendingIntentRecord{1c77620 com.wallapop broadcastIntent}}

11-10 00:48:40.953 26165 26251 W com.wallapop: Accessing hidden method Ldalvik/system/VMRuntime;->getRuntime()Ldalvik/system/VMRuntime; (light greylist, reflection)

11-10 00:48:40.954 26165 26251 W com.wallapop: Accessing hidden method Ldalvik/system/VMRuntime;->vmInstructionSet()Ljava/lang/String; (light greylist, reflection)

11-10 00:48:41.048 26165 26389 I com.wallapop: The ClassLoaderContext is a special shared library.

11-10 00:48:41.073 26165 26389 I com.wallapop: Waiting for a blocking GC ClassLinker

11-10 00:48:41.974 26165 26389 I com.wallapop: WaitForGcToComplete blocked ClassLinker on HeapTrim for 901.559ms

11-10 00:49:40.577 26538 26593 I appium  : AppiumResponse: {"sessionId":"dccc849d-4d12-4963-b474-1c1fe35b7b35","value":{"sessionId":"dccc849d-4d12-4963-b474-1c1fe35b7b35","capabilities":{"firstMatch":[{"platform":"LINUX","webStorageEnabled":false,"takesScreenshot":true,"javascriptEnabled":true,"databaseEnabled":false,"networkConnectionEnabled":true,"locationContextEnabled":false,"warnings":{},"desired":{"platformName":"android","normalizeTagNames":true,"androidInstallTimeout":150000,"app":"","appActivity":"com.rewallapop.ui.main.MainActivity","appPackage":"com.wallapop","isHeadless":false,"skipDeviceInitialization":true,"autoAcceptAlerts":true,"autoGrantPermissions":true,"automationName":"UiAutomator2","avd":"","deviceName":"3200f02dc0aab5db","deviceReadyTimeout":1,"fullReset":false,"ignoreUnimportantViews":true,"newCommandTimeout":60,"noReset":true,"systemPort":8223,"udid":"3200f02dc0aab5db"},"platformName":"android","normalizeTagNames":true,"androidInstallTimeout":150000,"app":"","appActivity":"com.rewallapop.ui.main.MainActivity","appPackage":"com.wallapop","isHeadless":false,"skipDeviceInitialization":true,"autoAcceptAlerts":true,"autoGrantPermissions":true,"automationName":"UiAutomator2","avd":"","deviceName":"3200f02dc0aab5db","deviceReadyTimeout":1,"fullReset":false,"ignoreUnimportantViews":true,"newCommandTimeout":60,"noReset":true,"systemPort":8223,"udid":"3200f02dc0aab5db","deviceUDID":"3200f02dc0aab5db"}],"alwaysMatch":{}}}}

11-10 00:49:41.113  4211  6257 I ActivityManager: Force stopping com.wallapop appid=10311 user=0: from pid 26600 caller com.android.server.am.ActivityManagerShellCommand.runStartActivity:412

11-10 00:49:41.116  4211  6257 I ActivityManager: Killing 26165:com.wallapop/u0a311 (adj 900): stop com.wallapop,from pid 26600 caller com.android.server.am.ActivityManagerShellCommand.runStartActivity:412

11-10 00:49:41.142  4211  4211 D SamsungAlarmManager: Remove alarm for next reason : android.intent.action.PACKAGE_RESTARTED : package: com.wallapop

11-10 00:49:41.149  4211  4227 W BroadcastQueue: Background execution not allowed: receiving Intent { act=android.intent.action.PACKAGE_RESTARTED dat=package:com.wallapop flg=0x10 (has extras) } to android/com.kddi.android.CpaNotiReceiver

11-10 00:49:41.397  4211  6257 I ActivityManager: START u0 {act=null typ=null flg=0x10000000 cmp=ComponentInfo{com.wallapop/com.rewallapop.ui.main.MainActivity}} from uid 2000

11-10 00:49:41.407  4211  6257 I ActivityManager: [IOP] sourceDir : /data/app/com.wallapop-YuY1orTsl_VIwwe6m0TquQ== in ActivityStacksupervisor

11-10 00:49:41.419  3727  3727 I SurfaceFlinger: id=23568 createSurf (4440x4440),2 flag=4, AppWindowToken{b209fd0 token=Token{5aa393 ActivityRecord{39d2082 u0 com.wallapop/com.rewallapop.ui.main.MainActivity t2117}}}#0

11-10 00:49:41.432  4211  5500 D StorageManagerService: getExternalStorageMountMode : final mountMode=1, uid : 10311, packageName : com.wallapop

11-10 00:49:41.432  3727  3727 I SurfaceFlinger: id=23569 createSurf (4440x4440),2 flag=4, 670463d Splash Screen com.wallapop#0

11-10 00:49:41.432  4211  5500 I ApplicationPolicy: isApplicationExternalStorageWhitelisted:com.wallapop user:0

11-10 00:49:41.432  4211  5500 D ActivityManager: package  com.wallapop, user - 0 is SDcard whitelisted

11-10 00:49:41.432  4211  5500 I ApplicationPolicy: isApplicationExternalStorageBlacklisted:com.wallapop user:0

11-10 00:49:41.432  4211  5500 I ApplicationPolicy: isApplicationExternalStorageBlacklisted:com.wallapop user:0

11-10 00:49:41.434  4211  4211 D Telecom:SamsungPrebindingServiceImpl: onTopActivityChanged : ComponentInfo{com.wallapop/com.rewallapop.ui.main.MainActivity}

11-10 00:49:41.453  4211  4229 I ActivityManager: Start proc 26604:com.wallapop/u0a311 for activity com.wallapop/com.rewallapop.ui.main.MainActivity

11-10 00:49:41.453  4211  4310 V WindowManager: Relayout Window{670463d u0 Splash Screen com.wallapop}: viewVisibility=0 req=1080x2220 {(0,0)(fillxfill) sim={adjust=pan} ty=APPLICATION_STARTING fmt=TRANSLUCENT wanim=0x10302fe

11-10 00:49:41.455 26604 26604 I com.wallapop: Late-enabling -Xcheck:jni

11-10 00:49:41.457  3727  3727 I SurfaceFlinger: id=23570 createSurf (1080x2220),1 flag=4, Splash Screen com.wallapop#0

11-10 00:49:41.458  4211  4310 D WindowManager: makeSurface duration=2 name=Splash Screen com.wallapop

11-10 00:49:41.478  4211  4310 D WindowManager: finishDrawingWindow: Window{670463d u0 Splash Screen com.wallapop} mDrawState=DRAW_PENDING

11-10 00:49:41.479  4211  4310 I WindowManager: commitFinishDrawingLocked: mDrawState=READY_TO_SHOW Surface(name=Splash Screen com.wallapop)/@0x9e28df

11-10 00:49:41.479  4211  4310 V WindowManager: Resize reasons for w=Window{670463d u0 Splash Screen com.wallapop}:  contentInsetsChanged=false [0,63][0,126] visibleInsetsChanged=false [0,63][0,126] stableInsetsChanged=false [0,63][0,126] outsetsChanged=false [0,0][0,0] surfaceResized=false configChanged=false dragResizingChanged=false reportOrientationChanged=false displayCutoutChanged=false nextForceRelayoutToClient=false

11-10 00:49:41.485 26604 26604 I com.wallapop: report jit thread pid = 26609

11-10 00:49:41.500  4211  5500 I ActivityManager: DSS on for com.wallapop and scale is 1.0

11-10 00:49:41.504  4211  5500 I WindowManager: commitFinishDrawingLocked: mDrawState=READY_TO_SHOW Surface(name=Splash Screen com.wallapop)/@0x9e28df

11-10 00:49:41.508  4211  5500 D GamePkgDataHelper: notifyAppCreate(), pkgName: com.wallapop, sendRet: true

11-10 00:49:41.508  4211  4473 D GamePkgDataHelper: getGamePkgData(). com.wallapop

11-10 00:49:41.508  4211  4473 D GameManagerService: handleMessage(), MSG_APP_CREATE. ignore. pkgName: com.wallapop

11-10 00:49:41.511  4211  4310 I WindowManager: commitFinishDrawingLocked: mDrawState=READY_TO_SHOW Surface(name=Splash Screen com.wallapop)/@0x9e28df

11-10 00:49:41.515  4211  5500 D GameManagerService: noteResumeComponent(), resumeComponent: com.wallapop

11-10 00:49:41.515  4211  5500 D GamePkgDataHelper: getSosPolicy(). com.wallapop

11-10 00:49:41.515  4211  4808 D GamePkgDataHelper: getGamePkgDataIncServer(). com.wallapop

11-10 00:49:41.516  4211  5500 D GameManagerService: identifyGamePackage. com.wallapop

11-10 00:49:41.516  4211  5500 D GamePkgDataHelper: getGamePkgData(). com.wallapop

11-10 00:49:41.516  4211  4473 D GameManagerService: handleForegroundChange(). pkgName: com.wallapop, clsName: com.rewallapop.ui.main.MainActivity,FgActivityName:com.wallapop/com.rewallapop.ui.main.MainActivity

11-10 00:49:41.516  4211  4473 D GameManagerService:   handleForegroundChange(). set mFgApp: com.wallapop

11-10 00:49:41.516  4211  5500 D MARsPolicyManager: onPackageResumedFG pkgName = com.wallapop, userId = 0

11-10 00:49:41.516  4211  4473 D GameManagerService: notifyResumePause(). pkg: com.wallapop, type: 4, isMinimized: false, isTunableApp: false

11-10 00:49:41.518  4211  4310 I WindowManager: commitFinishDrawingLocked: mDrawState=READY_TO_SHOW Surface(name=Splash Screen com.wallapop)/@0x9e28df

11-10 00:49:41.526  4211  4310 I WindowManager: Cancelling animation restarting=true, leash=null, surface=Surface(name=AppWindowToken{b209fd0 token=Token{5aa393 ActivityRecord{39d2082 u0 com.wallapop/com.rewallapop.ui.main.MainActivity t2117}}})/@0x3784630, parent=Surface(name=Task=2117)/@0x8b8b2a9

11-10 00:49:41.526  4211  4310 I WindowManager: Reparenting to leash, surface=Surface(name=AppWindowToken{b209fd0 token=Token{5aa393 ActivityRecord{39d2082 u0 com.wallapop/com.rewallapop.ui.main.MainActivity t2117}}})/@0x3784630

11-10 00:49:41.526  3727  3727 I SurfaceFlinger: id=23572 createSurf (4440x4440),2 flag=4, Surface(name=AppWindowToken{b209fd0 token=Token{5aa393 ActivityRecord{39d2082 u0 com.wallapop/com.rewallapop.ui.main.MainActivity t2117}}})/@0x3784630 - animation-leash#0

11-10 00:49:41.527  4211  4310 D WindowManager: makeSurface duration=2 leash=Surface(name=Surface(name=AppWindowToken{b209fd0 token=Token{5aa393 ActivityRecord{39d2082 u0 com.wallapop/com.rewallapop.ui.main.MainActivity t2117}}})/@0x3784630 - animation-leash)/@0x4c9c02e

11-10 00:49:41.528  4211  4310 D SurfaceControl: reparent is called, sc=Surface(name=AppWindowToken{b209fd0 token=Token{5aa393 ActivityRecord{39d2082 u0 com.wallapop/com.rewallapop.ui.main.MainActivity t2117}}})/@0x3784630, newParentHandle=android.os.BinderProxy@40907cf, transaction=android.view.SurfaceControl$Transaction@153955c

11-10 00:49:41.528  4211  4310 V WindowManager: performShowLocked: mDrawState=HAS_DRAWN in Window{670463d u0 Splash Screen com.wallapop}

11-10 00:49:41.532  3727  3771 D Layer   : [AppWindowToken{b209fd0 token=Token{5aa393 ActivityRecord{39d2082 u0 com.wallapop/com.rewallapop.ui.main.MainActivity t2117}}}#0]::reparent oldParent:[Task=2117#0], newParent:[Surface(name=AppWindowToken{b209fd0 token=Token{5aa393 ActivityRecord{39d2082 u0 com.wallapop/com.rewallapop.ui.main.MainActivity t2117}}})/@0x3784630 - animation-leash#0]

11-10 00:49:41.536  4211  5518 D GamePkgDataHelper: getSosPolicy(). com.wallapop

11-10 00:49:41.539  4211  5518 D GameManagerService: identifyGamePackage. com.wallapop

11-10 00:49:41.539  4211  5518 D GamePkgDataHelper: getGamePkgData(). com.wallapop

11-10 00:49:41.540 26604 26604 I com.wallapop: The ClassLoaderContext is a special shared library.

11-10 00:49:41.542  4211  4228 D CodecSolution: isMaxAspectPackageEx: com.wallapop : true(2)

11-10 00:49:41.544  4211  4228 D WindowManager: setSystemUiVisibility: vis= 0xa018, fullscreenVis= 0x2000, dockedVis= 0x0, win=Window{670463d u0 Splash Screen com.wallapop}

11-10 00:49:41.549  4211  5500 D GameManagerService: identifyGamePackage. com.wallapop

11-10 00:49:41.549  4211  5500 D GamePkgDataHelper: getGamePkgData(). com.wallapop

11-10 00:49:41.638  3727  3727 I SurfaceFlinger:      Client | 0x70de034400 | 0000 | RGBA_8888 |   0.0    0.0 1080.0 2220.0 |   91  186  989 2034 | Splash Screen com.wallapop#0

11-10 00:49:41.666  4211  4669 D MdnieScenarioControlService:  packageName : com.wallapop    className : com.rewallapop.ui.main.MainActivity

11-10 00:49:41.678  3727  3727 I SurfaceFlinger:      Device | 0x70de034400 | 0000 | RGBA_8888 |   0.0    0.0 1080.0 2220.0 |   50  103 1030 2117 | Splash Screen com.wallapop#0

11-10 00:49:41.796  4211  4310 I WindowManager: reset, Reparenting to original parent, shouldDeferScheduleAnimation=false, destroyLeash=true, surface=Surface(name=AppWindowToken{b209fd0 token=Token{5aa393 ActivityRecord{39d2082 u0 com.wallapop/com.rewallapop.ui.main.MainActivity t2117}}})/@0x3784630, parent=Surface(name=Task=2117)/@0x8b8b2a9, parentNativeHandle=android.os.BinderProxy@c32ab48, caller=com.android.server.wm.SurfaceAnimator.lambda$getFinishedCallback$0:97 com.android.server.wm.-$$Lambda$SurfaceAnimator$SIBia0mND666K8lMCPsoid8pUTI.run:4 com.android.server.wm.SurfaceAnimator.lambda$getFinishedCallback$1:104 com.android.server.wm.-$$Lambda$SurfaceAnimator$vdRZk66hQVbQCvVXEaQCT1kVmFc.onAnimationFinished:4 com.android.server.wm.LocalAnimationAdapter.lambda$startAnimation$0:74

11-10 00:49:41.796  4211  4310 D SurfaceControl: reparent is called, sc=Surface(name=AppWindowToken{b209fd0 token=Token{5aa393 ActivityRecord{39d2082 u0 com.wallapop/com.rewallapop.ui.main.MainActivity t2117}}})/@0x3784630, newParentHandle=android.os.BinderProxy@c32ab48, transaction=android.view.SurfaceControl$Transaction@153955c

11-10 00:49:41.797  4211  4310 D SurfaceControl: destroy(transaction), animation-leash is destroyed, sc=Surface(name=Surface(name=AppWindowToken{b209fd0 token=Token{5aa393 ActivityRecord{39d2082 u0 com.wallapop/com.rewallapop.ui.main.MainActivity t2117}}})/@0x3784630 - animation-leash)/@0x4c9c02e, transaction=android.view.SurfaceControl$Transaction@153955c, caller=com.android.server.wm.SurfaceAnimator.reset:338 com.android.server.wm.SurfaceAnimator.lambda$getFinishedCallback$0:97 com.android.server.wm.-$$Lambda$SurfaceAnimator$SIBia0mND666K8lMCPsoid8pUTI.run:4 com.android.server.wm.SurfaceAnimator.lambda$getFinishedCallback$1:104 com.android.server.wm.-$$Lambda$SurfaceAnimator$vdRZk66hQVbQCvVXEaQCT1kVmFc.onAnimationFinished:4 com.android.server.wm.LocalAnimationAdapter.lambda$startAnimation$0:74 com.android.server.wm.-$$Lambda$LocalAnimationAdapter$X--EomqUvw4qy89IeeTFTH7aCMo.run:4

11-10 00:49:41.800  3727  3771 D Layer   : [AppWindowToken{b209fd0 token=Token{5aa393 ActivityRecord{39d2082 u0 com.wallapop/com.rewallapop.ui.main.MainActivity t2117}}}#0]::reparent oldParent:[Surface(name=AppWindowToken{b209fd0 token=Token{5aa393 ActivityRecord{39d2082 u0 com.wallapop/com.rewallapop.ui.main.MainActivity t2117}}})/@0x3784630 - animation-leash#0], newParent:[Task=2117#0]

11-10 00:49:41.800  3727  3771 I SurfaceFlinger: id=23572 Removed Surface(name=AppWindowToken{b209fd0 token=Token{5aa393 ActivityRecord{39d2082 u0 com.wallapop/com.rewallapop.ui.main.MainActivity t2117}}})/@0x3784630 - animation-leash#0 (0/54)

11-10 00:49:41.812  3727  3727 I Layer   : id=23572 onRemoved Surface(name=AppWindowToken{b209fd0 token=Token{5aa393 ActivityRecord{39d2082 u0 com.wallapop/com.rewallapop.ui.main.MainActivity t2117}}})/@0x3784630 - animation-leash#0

11-10 00:49:41.836  3727  3727 I SurfaceFlinger:      Device | 0x70de034400 | 0000 | RGBA_8888 |   0.0    0.0 1080.0 2220.0 |    0    0 1080 2220 | Splash Screen com.wallapop#0

11-10 00:49:43.472  4211  4390 D WifiTrafficPoller: TrafficStats TxPkts=754560 RxPkts=1346147 TxBytes=171970419 RxBytes=1281888716 , Foreground uid=10311 pkgName=com.wallapop TxPackets=56846 RxPackets=65458 TxBytes=8422560 RxBytes=66533449

11-10 00:49:43.803 26604 26626 I FA      :   adb shell setprop debug.firebase.analytics.app com.wallapop

11-10 00:49:43.834 26604 26639 W com.wallapop: Unsupported class loader

11-10 00:49:43.839 26604 26639 W com.wallapop: Skipping duplicate class check due to unsupported classloader

11-10 00:49:43.909 26604 26639 W com.wallapop: Unsupported class loader

11-10 00:49:44.564 26604 26604 I com.wallapop: Waiting for a blocking GC ClassLinker

11-10 00:49:44.589 26604 26604 I com.wallapop: WaitForGcToComplete blocked ClassLinker on ClassLinker for 24.655ms

11-10 00:49:45.775 26604 26674 I stetho  : Listening on @stetho_com.wallapop_devtools_remote

11-10 00:49:45.953 26604 26680 W com.wallapop: Accessing hidden field Lsun/misc/Unsafe;->theUnsafe:Lsun/misc/Unsafe; (light greylist, reflection)

11-10 00:49:46.065 26604 26682 W com.wallapop: Accessing hidden field Ljava/nio/Buffer;->address:J (light greylist, reflection)

11-10 00:49:46.192 26604 26604 I com.wallapop: The ClassLoaderContext is a special shared library.

11-10 00:49:46.196 26604 26604 I chatty  : uid=10311(com.wallapop) identical 1 line

11-10 00:49:46.200 26604 26604 I com.wallapop: The ClassLoaderContext is a special shared library.

11-10 00:49:46.548 26604 26705 W com.wallapop: Accessing hidden method Landroid/content/Context;->bindServiceAsUser(Landroid/content/Intent;Landroid/content/ServiceConnection;ILandroid/os/Handler;Landroid/os/UserHandle;)Z (light greylist, reflection)

11-10 00:49:46.552  4211  6755 I ApplicationPolicy: isApplicationExternalStorageWhitelisted:com.wallapop user:0

11-10 00:49:46.552  4211  6755 D ActivityManager: package  com.wallapop, user - 0 is SDcard whitelisted

11-10 00:49:46.552  4211  6755 I ApplicationPolicy: isApplicationExternalStorageBlacklisted:com.wallapop user:0

11-10 00:49:46.552  4211  6755 I ApplicationPolicy: isApplicationExternalStorageBlacklisted:com.wallapop user:0

11-10 00:49:46.570  4211  4229 I ActivityManager: Start proc 26708:com.android.chrome:sandboxed_process0/u0i764 for webview_service com.wallapop/org.chromium.content.app.SandboxedProcessService0

11-10 00:49:46.611  4211  6755 D WifiPermissionsUtil: canAccessScanResults: pkgName = com.wallapop, uid = 10311

11-10 00:49:46.612  4211  5514 I ActivityManager: DSS on for com.wallapop and scale is 1.0

11-10 00:49:46.614  4211  5514 D MultiDisplayManager: init process display: set packageProcessId, displayId=0, same_package_proc=ProcessRecord{ec821c7d0 26604:com.wallapop/u0a311}, app=ProcessRecord{b8761abd0 26708:com.android.chrome:sandboxed_process0/u0a311i764}

11-10 00:49:46.676 26604 26604 W com.wallapop: Accessing hidden method Landroid/view/textclassifier/logging/SmartSelectionEventTracker;-><init>(Landroid/content/Context;I)V (light greylist, reflection)

11-10 00:49:46.676 26604 26604 W com.wallapop: Accessing hidden method Landroid/view/textclassifier/logging/SmartSelectionEventTracker;->logEvent(Landroid/view/textclassifier/logging/SmartSelectionEventTracker$SelectionEvent;)V (light greylist, reflection)

11-10 00:49:46.677 26604 26604 W com.wallapop: Accessing hidden method Landroid/view/textclassifier/logging/SmartSelectionEventTracker$SelectionEvent;->selectionStarted(I)Landroid/view/textclassifier/logging/SmartSelectionEventTracker$SelectionEvent; (light greylist, reflection)

11-10 00:49:46.677 26604 26604 W com.wallapop: Accessing hidden method Landroid/view/textclassifier/logging/SmartSelectionEventTracker$SelectionEvent;->selectionModified(II)Landroid/view/textclassifier/logging/SmartSelectionEventTracker$SelectionEvent; (light greylist, reflection)

11-10 00:49:46.677 26604 26604 W com.wallapop: Accessing hidden method Landroid/view/textclassifier/logging/SmartSelectionEventTracker$SelectionEvent;->selectionModified(IILandroid/view/textclassifier/TextClassification;)Landroid/view/textclassifier/logging/SmartSelectionEventTracker$SelectionEvent; (light greylist, reflection)

11-10 00:49:46.677 26604 26604 W com.wallapop: Accessing hidden method Landroid/view/textclassifier/logging/SmartSelectionEventTracker$SelectionEvent;->selectionModified(IILandroid/view/textclassifier/TextSelection;)Landroid/view/textclassifier/logging/SmartSelectionEventTracker$SelectionEvent; (light greylist, reflection)

11-10 00:49:46.677 26604 26604 W com.wallapop: Accessing hidden method Landroid/view/textclassifier/logging/SmartSelectionEventTracker$SelectionEvent;->selectionAction(III)Landroid/view/textclassifier/logging/SmartSelectionEventTracker$SelectionEvent; (light greylist, reflection)

11-10 00:49:46.677 26604 26604 W com.wallapop: Accessing hidden method Landroid/view/textclassifier/logging/SmartSelectionEventTracker$SelectionEvent;->selectionAction(IIILandroid/view/textclassifier/TextClassification;)Landroid/view/textclassifier/logging/SmartSelectionEventTracker$SelectionEvent; (light greylist, reflection)

11-10 00:49:46.723 26604 26720 W com.wallapop: Accessing hidden method Landroid/media/AudioManager;->getOutputLatency(I)I (light greylist, reflection)

11-10 00:49:46.798 26604 26604 W com.wallapop: Accessing hidden method Landroid/app/ActivityThread;->currentPackageName()Ljava/lang/String; (light greylist, reflection)

11-10 00:49:47.018 26604 26615 I com.wallapop: Background concurrent copying GC freed 241083(16MB) AllocSpace objects, 54(6MB) LOS objects, 49% free, 10MB/20MB, paused 286us total 144.057ms

11-10 00:49:47.247 26604 26774 W com.wallapop: Accessing hidden method Lcom/android/org/conscrypt/OpenSSLSocketImpl;->setAlpnProtocols([B)V (light greylist, reflection)

11-10 00:49:47.547  4211  7608 D GameManagerService: identifyGamePackage. com.wallapop

11-10 00:49:47.547  4211  7608 D GamePkgDataHelper: getGamePkgData(). com.wallapop

11-10 00:49:47.556  4211  4390 D WifiTrafficPoller: TrafficStats TxPkts=754588 RxPkts=1346172 TxBytes=171972271 RxBytes=1281901450 , Foreground uid=10311 pkgName=com.wallapop TxPackets=56863 RxPackets=65470 TxBytes=8423965 RxBytes=66544694

11-10 00:49:47.580 26604 26774 W com.wallapop: Accessing hidden method Lcom/android/org/conscrypt/OpenSSLSocketImpl;->getAlpnSelectedProtocol()[B (light greylist, reflection)

11-10 00:49:49.234  4211  5514 D SamsungAlarmManager: Cancel Alarm calling from uid:10311 pid :26604 / op:PendingIntent{5c50d6f: PendingIntentRecord{1c77620 com.wallapop broadcastIntent}}

11-10 00:49:49.341 26604 26604 W com.wallapop: Accessing hidden method Landroid/graphics/drawable/Drawable;->getOpticalInsets()Landroid/graphics/Insets; (light greylist, linking)

11-10 00:49:49.341 26604 26604 W com.wallapop: Accessing hidden field Landroid/graphics/Insets;->left:I (light greylist, linking)

11-10 00:49:49.341 26604 26604 W com.wallapop: Accessing hidden field Landroid/graphics/Insets;->right:I (light greylist, linking)

11-10 00:49:49.341 26604 26604 W com.wallapop: Accessing hidden field Landroid/graphics/Insets;->top:I (light greylist, linking)

11-10 00:49:49.341 26604 26604 W com.wallapop: Accessing hidden field Landroid/graphics/Insets;->bottom:I (light greylist, linking)

11-10 00:49:49.894 26604 26604 W com.wallapop: Accessing hidden method Landroid/view/View;->computeFitSystemWindows(Landroid/graphics/Rect;Landroid/graphics/Rect;)Z (light greylist, reflection)

11-10 00:49:49.897 26604 26604 W com.wallapop: Accessing hidden method Landroid/view/ViewGroup;->makeOptionalFitsSystemWindows()V (light greylist, reflection)

11-10 00:49:49.925 26604 26604 W com.wallapop: Accessing hidden field Landroid/view/ViewGroup;->mOnHierarchyChangeListener:Landroid/view/ViewGroup$OnHierarchyChangeListener; (light greylist, reflection)

11-10 00:49:49.934  4211  6755 D SamsungAlarmManager: Cancel Alarm calling from uid:10311 pid :26604 / op:PendingIntent{bdca326: PendingIntentRecord{c0b3b67 com.wallapop broadcastIntent}}

11-10 00:49:50.081 26604 26604 I chatty  : uid=10311(com.wallapop) identical 14 lines

11-10 00:49:50.082 26604 26604 I chatty  : uid=10311(com.wallapop) identical 1 line

11-10 00:49:50.085 26604 26604 I chatty  : uid=10311(com.wallapop) identical 8 lines

11-10 00:49:50.331  4211  5514 I ActivityManager: START u0 {act=null typ=null flg=0x0 cmp=ComponentInfo{com.wallapop/com.rewallapop.ui.wall.WallActivity}} from uid 10311

