Executed '[C740] Help: Access and sections' on 08-07-2020
---------------------------------------------------------------------------------
07-08 01:07:05.097 30955 31101 W com.wallapop: Accessing hidden method Lsun/misc/Unsafe;->putInt(Ljava/lang/Object;JI)V (greylist, linking, allowed)

07-08 01:07:07.029  4948  5095 D WindowManager: w is invisible : 3cab995 com.wallapop/com.rewallapop.ui.wall.WallActivity

07-08 01:07:07.029  4948  5095 D WindowManager: windowMattersToAccessibility, check : 3cab995 com.wallapop/com.rewallapop.ui.wall.WallActivity

07-08 01:07:07.444  4948  5727 V SamsungAlarmManager: Sending to uid : 10385 action=com.appboy.action.receiver.DATA_SYNC alarm=Alarm{662d073 type 1 when 1594163224916 com.wallapop}

07-08 01:07:07.799 30955 31467 W com.wallapop: Accessing hidden method Lsun/misc/Unsafe;->putInt(Ljava/lang/Object;JI)V (greylist, linking, allowed)

07-08 01:07:07.808 30955 31101 W com.wallapop: Accessing hidden method Lsun/misc/Unsafe;->putInt(Ljava/lang/Object;JI)V (greylist, linking, allowed)

07-08 01:07:08.267  4948  5095 I ActivityTaskManager: START u0 {cmp=com.wallapop/.activities.PreferencesActivity (has extras)} from uid 10385

07-08 01:07:08.276  4382  5787 I SurfaceFlinger: id=1603 createSurf (0x0),-1 flag=80004, AppWindowToken{e5ae81d token=Token{c5cd8f4 ActivityRecord{8953ac7 u0 com.wallapop/.activities.PreferencesActivity t1308}}}#0

07-08 01:07:08.281  4948  5095 D WindowManager: w is invisible : 3cab995 com.wallapop/com.rewallapop.ui.wall.WallActivity

07-08 01:07:08.282  4948  5095 D WindowManager: windowMattersToAccessibility, check : 3cab995 com.wallapop/com.rewallapop.ui.wall.WallActivity

07-08 01:07:08.284 30955 30955 W com.wallapop: Accessing hidden method Lsun/misc/Unsafe;->getObjectVolatile(Ljava/lang/Object;J)Ljava/lang/Object; (greylist, linking, allowed)

07-08 01:07:08.284 30955 30955 W com.wallapop: Accessing hidden method Lsun/misc/Unsafe;->putOrderedLong(Ljava/lang/Object;JJ)V (greylist, linking, allowed)

07-08 01:07:08.290  4948 15823 D GamePkgDataHelper: notifyAppCreate(), pkgName: com.wallapop, sendRet: true

07-08 01:07:08.290  4948 12772 D GameManagerService: onLooperPrepared(), msg: { when=0 what=10010 obj=com.wallapop target=com.samsung.android.game.GameManagerService$FgCheckThread$1 }

07-08 01:07:08.290  4948 12772 D GameManagerService: handleMessage(), MSG_APP_CREATE. pkgName: com.wallapop

07-08 01:07:08.290  4948 15823 V WindowManager: Changing focus from Window{3cab995 u0 com.wallapop/com.rewallapop.ui.wall.WallActivity} to null displayId=0 Callers=com.android.server.wm.RootWindowContainer.updateFocusedWindowLocked:202 com.android.server.wm.WindowManagerService.updateFocusedWindowLocked:6282 com.android.server.wm.ActivityDisplay.setFocusedApp:1583 com.android.server.wm.ActivityTaskManagerService.setResumedActivityUncheckLocked:6860 com.android.server.wm.ActivityStack.onActivityStateChanged:653 com.android.server.wm.TaskRecord.onActivityStateChanged:2248

07-08 01:07:08.291  4948 15823 D MARsPolicyManager: onPackageResumedFG pkgName = com.wallapop, userId = 0

07-08 01:07:08.293  4948  5100 D GameManagerService: notePauseComponent(), pauseComponent: com.wallapop

07-08 01:07:08.295  4948  5100 I WindowManager: Focus moving from Window{3cab995 u0 com.wallapop/com.rewallapop.ui.wall.WallActivity} to null displayId=0

07-08 01:07:08.295  4948  5100 I WindowManager: Losing focus: Window{3cab995 u0 com.wallapop/com.rewallapop.ui.wall.WallActivity}

07-08 01:07:08.298  4948  5100 D GameManagerService: noteResumeComponent(), resumeComponent: com.wallapop

07-08 01:07:08.298  4948 12772 D GameManagerService: onLooperPrepared(), msg: { when=0 what=10000 obj=ComponentInfo{com.wallapop/com.wallapop.activities.PreferencesActivity} target=com.samsung.android.game.GameManagerService$FgCheckThread$1 }

07-08 01:07:08.298  4948 12772 D GameManagerService: notifyResumePause(). pkg: com.wallapop, type: 4, isMinimized: false, isTunableApp: false

07-08 01:07:08.343  4948 15823 D SamsungAlarmManager: Cancel Alarm calling from uid:10385 pid :30955 / op:PendingIntent{ce429ea: PendingIntentRecord{73e536 com.wallapop broadcastIntent}}

07-08 01:07:08.345  4948 15823 D SamsungAlarmManager: Cancel Alarm calling from uid:10385 pid :30955 / op:PendingIntent{6e754db: PendingIntentRecord{73e536 com.wallapop broadcastIntent}}

07-08 01:07:08.389  4382  5787 I SurfaceFlinger: id=1604 createSurf (0x0),-1 flag=80004, a5fa251 com.wallapop/com.wallapop.activities.PreferencesActivity#0

07-08 01:07:08.413  4948 12938 V WindowManager: Relayout Window{a5fa251 u0 com.wallapop/com.wallapop.activities.PreferencesActivity}: viewVisibility=0 req=1080x2220

07-08 01:07:08.415  4382  5787 I SurfaceFlinger: id=1605 createSurf (1080x2220),1 flag=404, com.wallapop/com.wallapop.activities.PreferencesActivity$_30955#0

07-08 01:07:08.416  4948 12938 D WindowManager: makeSurface duration=1 name=com.wallapop/com.wallapop.activities.PreferencesActivity$_30955

07-08 01:07:08.416  4948 12938 V WindowManager: Changing focus from null to Window{a5fa251 u0 com.wallapop/com.wallapop.activities.PreferencesActivity} displayId=0 Callers=com.android.server.wm.RootWindowContainer.updateFocusedWindowLocked:202 com.android.server.wm.WindowManagerService.updateFocusedWindowLocked:6282 com.android.server.wm.WindowManagerService.relayoutWindow:2574 com.android.server.wm.Session.relayout:202 android.view.IWindowSession$Stub.onTransact:708 com.android.server.wm.Session.onTransact:142

07-08 01:07:08.416  4948  5098 D WindowManager: setSystemUiVisibility: displayId=0, vis=0xa018, fullVis=0x2000, dockVis=0x0, win=Window{a5fa251 u0 com.wallapop/com.wallapop.activities.PreferencesActivity}

07-08 01:07:08.417  4948  5100 I WindowManager: Focus moving from null to Window{a5fa251 u0 com.wallapop/com.wallapop.activities.PreferencesActivity} displayId=0

07-08 01:07:08.418  4948  5100 D WindowManager: w is invisible : 3cab995 com.wallapop/com.rewallapop.ui.wall.WallActivity

07-08 01:07:08.419  4948  5100 D WindowManager: w is invisible : a5fa251 com.wallapop/com.wallapop.activities.PreferencesActivity

07-08 01:07:08.419  4948  5100 D WindowManager: windowMattersToAccessibility, check : a5fa251 com.wallapop/com.wallapop.activities.PreferencesActivity

07-08 01:07:08.419  4948  5100 I WindowManager: Gaining focus: Window{a5fa251 u0 com.wallapop/com.wallapop.activities.PreferencesActivity}

07-08 01:07:08.429  4948 12938 D WindowManager: w is invisible : 3cab995 com.wallapop/com.rewallapop.ui.wall.WallActivity

07-08 01:07:08.429  4948 12938 D WindowManager: w is invisible : a5fa251 com.wallapop/com.wallapop.activities.PreferencesActivity

07-08 01:07:08.429  4948 12938 D WindowManager: windowMattersToAccessibility, check : a5fa251 com.wallapop/com.wallapop.activities.PreferencesActivity

07-08 01:07:08.440  4948 15823 D WindowManager: finishDrawingWindow: Window{a5fa251 u0 com.wallapop/com.wallapop.activities.PreferencesActivity} mDrawState=DRAW_PENDING

07-08 01:07:08.442  4948  5101 I WindowManager: Reparenting to leash, surface=Surface(name=AppWindowToken{ba5d5a9 token=Token{5281530 ActivityRecord{6b1273 u0 com.wallapop/com.rewallapop.ui.wall.WallActivity t1308}}})/@0x2147cca

07-08 01:07:08.442  4382  5787 I SurfaceFlinger: id=1606 createSurf (0x0),-1 flag=80004, Surface(name=AppWindowToken{ba5d5a9 token=Token{5281530 ActivityRecord{6b1273 u0 com.wallapop/com.rewallapop.ui.wall.WallActivity t1308}}})/@0x2147cca - animation-leash#0

07-08 01:07:08.443  4948  5101 D WindowManager: makeSurface duration=1 leash=Surface(name=Surface(name=AppWindowToken{ba5d5a9 token=Token{5281530 ActivityRecord{6b1273 u0 com.wallapop/com.rewallapop.ui.wall.WallActivity t1308}}})/@0x2147cca - animation-leash)/@0xb976bc

07-08 01:07:08.443  4382  5787 I SurfaceFlinger: id=1607 createSurf (0x0),-1 flag=80004, Surface(name=AppWindowToken{ba5d5a9 token=Token{5281530 ActivityRecord{6b1273 u0 com.wallapop/com.rewallapop.ui.wall.WallActivity t1308}}})/@0x2147cca - animation-bounds#0

07-08 01:07:08.446  4948  5101 I WindowManager: Reparenting to leash, surface=Surface(name=AppWindowToken{e5ae81d token=Token{c5cd8f4 ActivityRecord{8953ac7 u0 com.wallapop/.activities.PreferencesActivity t1308}}})/@0xe4409f2

07-08 01:07:08.446  4382  5787 I SurfaceFlinger: id=1610 createSurf (0x0),-1 flag=80004, Surface(name=AppWindowToken{e5ae81d token=Token{c5cd8f4 ActivityRecord{8953ac7 u0 com.wallapop/.activities.PreferencesActivity t1308}}})/@0xe4409f2 - animation-leash#0

07-08 01:07:08.447  4948  5101 D WindowManager: makeSurface duration=1 leash=Surface(name=Surface(name=AppWindowToken{e5ae81d token=Token{c5cd8f4 ActivityRecord{8953ac7 u0 com.wallapop/.activities.PreferencesActivity t1308}}})/@0xe4409f2 - animation-leash)/@0xae3bec0

07-08 01:07:08.447  4382  5787 I SurfaceFlinger: id=1611 createSurf (0x0),-1 flag=80004, Surface(name=AppWindowToken{e5ae81d token=Token{c5cd8f4 ActivityRecord{8953ac7 u0 com.wallapop/.activities.PreferencesActivity t1308}}})/@0xe4409f2 - animation-bounds#0

07-08 01:07:08.448  4948  5101 D PkgPredictorService: pkg:com.wallapop activity:com.wallapop.activities.PreferencesActivity thisTime:-1

07-08 01:07:08.451 30955 30955 V InputMethodManager: Starting input: tba=com.wallapop ic=null mNaviBarColor -1 mIsGetNaviBarColorSuccess true , NavVisible : true , NavTrans : false

07-08 01:07:08.478  4382  4382 I SurfaceFlinger:      DEVICE | 0x7afdfc8480 | 0002 | RGBA_8888 |   0.0    1.0 1080.0 2220.0 |    0    0 1080 2220 | com.wallapop/com.rewallapop.ui.wall.WallActivity$_30955#0

07-08 01:07:08.478  4382  4382 I SurfaceFlinger:      DEVICE | 0x7afdfc7f80 | 0002 | RGBA_8888 |   0.0    0.0 1080.0 1701.0 |    0  519 1080 2220 | com.wallapop/com.wallapop.activities.PreferencesActivity$_30955#0

07-08 01:07:08.492  4382  4382 I SurfaceFlinger:      DEVICE | 0x7afdfc8480 | 0002 | RGBA_8888 |   0.0    3.0 1080.0 2220.0 |    0    0 1080 2217 | com.wallapop/com.rewallapop.ui.wall.WallActivity$_30955#0

07-08 01:07:08.492  4382  4382 I SurfaceFlinger:      DEVICE | 0x7afc34f900 | 0002 | RGBA_8888 |   0.0    0.0 1080.0 1721.0 |    0  498 1080 2220 | com.wallapop/com.wallapop.activities.PreferencesActivity$_30955#0

07-08 01:07:08.549  4948  5100 D WindowManager: w is invisible : 3cab995 com.wallapop/com.rewallapop.ui.wall.WallActivity

07-08 01:07:08.549  4948  5100 D WindowManager: w is invisible : a5fa251 com.wallapop/com.wallapop.activities.PreferencesActivity

07-08 01:07:08.549  4948  5100 D WindowManager: windowMattersToAccessibility, check : a5fa251 com.wallapop/com.wallapop.activities.PreferencesActivity

07-08 01:07:08.657 30955 31019 W com.wallapop: Accessing hidden method Lsun/misc/Unsafe;->getObject(Ljava/lang/Object;J)Ljava/lang/Object; (greylist, linking, allowed)

07-08 01:07:08.658 30955 31019 W com.wallapop: Accessing hidden method Lsun/misc/Unsafe;->putObject(Ljava/lang/Object;JLjava/lang/Object;)V (greylist, linking, allowed)

07-08 01:07:08.658 30955 31019 W com.wallapop: Accessing hidden method Lsun/misc/Unsafe;->getInt(Ljava/lang/Object;J)I (greylist, linking, allowed)

07-08 01:07:08.658 30955 31019 W com.wallapop: Accessing hidden method Lsun/misc/Unsafe;->putInt(Ljava/lang/Object;JI)V (greylist, linking, allowed)

07-08 01:07:08.659 30955 31019 W com.wallapop: Accessing hidden method Lsun/misc/Unsafe;->putLong(Ljava/lang/Object;JJ)V (greylist, linking, allowed)

07-08 01:07:08.659 30955 31101 W com.wallapop: Accessing hidden method Lsun/misc/Unsafe;->putInt(Ljava/lang/Object;JI)V (greylist, linking, allowed)

07-08 01:07:08.740  4948  5101 I WindowManager: Reparenting to original parent: Surface(name=Task=1308)/@0x29ce022, destroyLeash=true, surface=Surface(name=AppWindowToken{ba5d5a9 token=Token{5281530 ActivityRecord{6b1273 u0 com.wallapop/com.rewallapop.ui.wall.WallActivity t1308}}})/@0x2147cca

07-08 01:07:08.740  4948  5101 V WindowManager: Setting visibility of Window{3cab995 u0 com.wallapop/com.rewallapop.ui.wall.WallActivity}: false, caller=com.android.server.wm.WindowContainer.sendAppVisibilityToClients:640 com.android.server.wm.AppWindowToken.setClientHidden:639 com.android.server.wm.AppWindowToken.onAnimationFinished:3839 com.android.server.wm.-$$Lambda$yVRF8YoeNdTa8GR1wDStVsHu8xM.run:2 com.android.server.wm.SurfaceAnimator.lambda$getFinishedCallback$0$SurfaceAnimator:100

07-08 01:07:08.740  4948  5101 I WindowManager: Reparenting to original parent: Surface(name=Task=1308)/@0x29ce022, destroyLeash=true, surface=Surface(name=AppWindowToken{e5ae81d token=Token{c5cd8f4 ActivityRecord{8953ac7 u0 com.wallapop/.activities.PreferencesActivity t1308}}})/@0xe4409f2

07-08 01:07:08.743  4382  4439 I Layer   : id=1606 removeFromCurrentState Surface(name=AppWindowToken{ba5d5a9 token=Token{5281530 ActivityRecord{6b1273 u0 com.wallapop/com.rewallapop.ui.wall.WallActivity t1308}}})/@0x2147cca - animation-leash#0 (65)

07-08 01:07:08.743  4382  4439 I Layer   : id=1607 removeFromCurrentState Surface(name=AppWindowToken{ba5d5a9 token=Token{5281530 ActivityRecord{6b1273 u0 com.wallapop/com.rewallapop.ui.wall.WallActivity t1308}}})/@0x2147cca - animation-bounds#0 (65)

07-08 01:07:08.743  4382  4439 I Layer   : id=1610 removeFromCurrentState Surface(name=AppWindowToken{e5ae81d token=Token{c5cd8f4 ActivityRecord{8953ac7 u0 com.wallapop/.activities.PreferencesActivity t1308}}})/@0xe4409f2 - animation-leash#0 (65)

07-08 01:07:08.743  4382  4439 I Layer   : id=1611 removeFromCurrentState Surface(name=AppWindowToken{e5ae81d token=Token{c5cd8f4 ActivityRecord{8953ac7 u0 com.wallapop/.activities.PreferencesActivity t1308}}})/@0xe4409f2 - animation-bounds#0 (65)

07-08 01:07:08.744  4382  4439 I SurfaceFlinger: id=1606 Removed Surface(name=AppWindowToken{ba5d5a9 token=Token{5281530 ActivityRecord{6b1273 u0 com.wallapop/com.rewallapop.ui.wall.WallActivity t1308}}})/@0x2147cca - animation-leash#0 (65)

07-08 01:07:08.744  4382  4439 I SurfaceFlinger: id=1607 Removed Surface(name=AppWindowToken{ba5d5a9 token=Token{5281530 ActivityRecord{6b1273 u0 com.wallapop/com.rewallapop.ui.wall.WallActivity t1308}}})/@0x2147cca - animation-bounds#0 (65)

07-08 01:07:08.744  4382  4439 I SurfaceFlinger: id=1610 Removed Surface(name=AppWindowToken{e5ae81d token=Token{c5cd8f4 ActivityRecord{8953ac7 u0 com.wallapop/.activities.PreferencesActivity t1308}}})/@0xe4409f2 - animation-leash#0 (65)

07-08 01:07:08.744  4382  4440 I SurfaceFlinger: id=1611 Removed Surface(name=AppWindowToken{e5ae81d token=Token{c5cd8f4 ActivityRecord{8953ac7 u0 com.wallapop/.activities.PreferencesActivity t1308}}})/@0xe4409f2 - animation-bounds#0 (65)

07-08 01:07:08.756  4382  4382 I Layer   : id=1607[1] Destroyed Surface(name=AppWindowToken{ba5d5a9 token=Token{5281530 ActivityRecord{6b1273 u0 com.wallapop/com.rewallapop.ui.wall.WallActivity t1308}}})/@0x2147cca - animation-bounds#0

07-08 01:07:08.756  4382  4382 I Layer   : id=1606[1] Destroyed Surface(name=AppWindowToken{ba5d5a9 token=Token{5281530 ActivityRecord{6b1273 u0 com.wallapop/com.rewallapop.ui.wall.WallActivity t1308}}})/@0x2147cca - animation-leash#0

07-08 01:07:08.756  4382  4382 I Layer   : id=1611[1] Destroyed Surface(name=AppWindowToken{e5ae81d token=Token{c5cd8f4 ActivityRecord{8953ac7 u0 com.wallapop/.activities.PreferencesActivity t1308}}})/@0xe4409f2 - animation-bounds#0

07-08 01:07:08.756  4382  4382 I Layer   : id=1610[1] Destroyed Surface(name=AppWindowToken{e5ae81d token=Token{c5cd8f4 ActivityRecord{8953ac7 u0 com.wallapop/.activities.PreferencesActivity t1308}}})/@0xe4409f2 - animation-leash#0

07-08 01:07:08.760  4382  4440 E BufferQueueProducer: [com.wallapop/com.rewallapop.ui.wall.WallActivity$_30955#0] disconnect: not connected (req=1)

07-08 01:07:08.760  4948 15823 V WindowManager: Relayout Window{3cab995 u0 com.wallapop/com.rewallapop.ui.wall.WallActivity}: viewVisibility=8 req=1080x2220

07-08 01:07:08.761  4382  4382 I SurfaceFlinger:      DEVICE | 0x7afc34e500 | 0002 | RGBA_8888 |   0.0    0.0 1080.0 2220.0 |    0    0 1080 2220 | com.wallapop/com.wallapop.activities.PreferencesActivity$_30955#0

07-08 01:07:08.771 12945 12986 E RequestManager_FLP: [FusedLocationApi] Location remove b01fa7c from com.wallapop

07-08 01:07:08.791  4948 15823 V WindowManager: Relayout Window{3cab995 u0 com.wallapop/com.rewallapop.ui.wall.WallActivity}: viewVisibility=8 req=1080x2220

07-08 01:07:08.797  4948 15823 E WindowManager: win=Window{3cab995 u0 com.wallapop/com.rewallapop.ui.wall.WallActivity} destroySurfaces: appStopped=true win.mWindowRemovalAllowed=false win.mRemoveOnExit=false win.mViewVisibility=8 caller=com.android.server.wm.AppWindowToken.destroySurfaces:1234 com.android.server.wm.AppWindowToken.destroySurfaces:1215 com.android.server.wm.AppWindowToken.notifyAppStopped:1270 com.android.server.wm.ActivityRecord.activityStoppedLocked:2653 com.android.server.wm.ActivityTaskManagerService.activityStopped:2483 android.app.IActivityTaskManager$Stub.onTransact:2224 android.os.Binder.execTransactInternal:1056

07-08 01:07:08.798  4948 15823 I WindowManager: Destroying surface Surface(name=com.wallapop/com.rewallapop.ui.wall.WallActivity$_30955)/@0xe68687 called by com.android.server.wm.WindowStateAnimator.destroySurface:1790 com.android.server.wm.WindowStateAnimator.destroySurfaceLocked:720 com.android.server.wm.WindowState.destroySurfaceUnchecked:3540 com.android.server.wm.WindowState.destroySurface:3514 com.android.server.wm.AppWindowToken.destroySurfaces:1234 com.android.server.wm.AppWindowToken.destroySurfaces:1215 com.android.server.wm.AppWindowToken.notifyAppStopped:1270 com.android.server.wm.ActivityRecord.activityStoppedLocked:2653

07-08 01:07:08.798  4382  4440 I Layer   : id=1601 removeFromCurrentState com.wallapop/com.rewallapop.ui.wall.WallActivity$_30955#0 (59)

07-08 01:07:08.807  4382  4440 I SurfaceFlinger: id=1601 Removed com.wallapop/com.rewallapop.ui.wall.WallActivity$_30955#0 (59)

07-08 01:07:08.823  4382  4382 I Layer   : id=1601[1] Destroyed com.wallapop/com.rewallapop.ui.wall.WallActivity$_30955#0

07-08 01:07:08.841  4948  5100 D WindowManager: w is invisible : 3cab995 com.wallapop/com.rewallapop.ui.wall.WallActivity

07-08 01:07:08.841  4948  5100 D WindowManager: w is invisible : 3cab995 com.wallapop/com.rewallapop.ui.wall.WallActivity

07-08 01:07:08.841  4948  5100 D WindowManager: w is invisible : a5fa251 com.wallapop/com.wallapop.activities.PreferencesActivity

07-08 01:07:08.841  4948  5100 D WindowManager: windowMattersToAccessibility, check : a5fa251 com.wallapop/com.wallapop.activities.PreferencesActivity

07-08 01:07:09.169 30955 31064 W com.wallapop: Accessing hidden method Lsun/misc/Unsafe;->putInt(Ljava/lang/Object;JI)V (greylist, linking, allowed)

07-08 01:07:09.169 30955 31064 W com.wallapop: Accessing hidden method Lsun/misc/Unsafe;->putLong(Ljava/lang/Object;JJ)V (greylist, linking, allowed)

07-08 01:07:09.175 30955 31101 W com.wallapop: Accessing hidden method Lsun/misc/Unsafe;->putInt(Ljava/lang/Object;JI)V (greylist, linking, allowed)

07-08 01:07:10.261 30955 30961 I com.wallapop: Compiler allocated 4171KB to compile void android.view.ViewRootImpl.performTraversals()

07-08 01:07:10.427  4948  4948 D GameManagerService: identifyGamePackage. com.wallapop, mCurrentUserId: 0, callerUserId: 0

07-08 01:07:10.427  4948  4948 D GamePkgDataHelper: getGamePkgData(). com.wallapop

07-08 01:07:12.970  4948  5119 I PowerManagerService: [PWL]       PARTIAL_WAKE_LOCK              '*job*/com.wallapop/androidx.work.impl.background.systemjob.SystemJobService' ACQ=-18s57ms (uid=1000 pid=4948 pkg=android ws=WorkSource{10385})

07-08 01:07:12.983 30955 30955 V InputMethodManager: Starting input: tba=com.wallapop ic=null mNaviBarColor -1 mIsGetNaviBarColorSuccess true , NavVisible : true , NavTrans : false

07-08 01:07:13.437 30955 30955 W com.wallapop: Accessing hidden method Lsun/misc/Unsafe;->getObjectVolatile(Ljava/lang/Object;J)Ljava/lang/Object; (greylist, linking, allowed)

07-08 01:07:13.437 30955 30955 W com.wallapop: Accessing hidden method Lsun/misc/Unsafe;->putOrderedLong(Ljava/lang/Object;JJ)V (greylist, linking, allowed)

07-08 01:07:13.456  4948  5100 D GameManagerService: notePauseComponent(), pauseComponent: com.wallapop

07-08 01:07:13.498 30955 30955 W com.wallapop: Accessing hidden method Lsun/misc/Unsafe;->putObject(Ljava/lang/Object;JLjava/lang/Object;)V (greylist, linking, allowed)

07-08 01:07:13.500 30955 31101 W com.wallapop: Accessing hidden method Lsun/misc/Unsafe;->putInt(Ljava/lang/Object;JI)V (greylist, linking, allowed)

07-08 01:07:13.504  4948 12938 D SamsungAlarmManager: Cancel Alarm calling from uid:10385 pid :30955 / op:PendingIntent{8e55003: PendingIntentRecord{83386e0 com.wallapop broadcastIntent}}

07-08 01:07:13.502 30955 31101 W com.wallapop: Accessing hidden method Lsun/misc/Unsafe;->putInt(Ljava/lang/Object;JI)V (greylist, linking, allowed)

07-08 01:07:13.650  4948  5779 V WindowManager: Changing focus from Window{a5fa251 u0 com.wallapop/com.wallapop.activities.PreferencesActivity} to null displayId=0 Callers=com.android.server.wm.RootWindowContainer.updateFocusedWindowLocked:202 com.android.server.wm.WindowManagerService.updateFocusedWindowLocked:6282 com.android.server.wm.AppWindowToken.commitVisibility:878 com.android.server.wm.AppWindowToken.setVisibility:801 com.android.server.wm.ActivityRecord.setVisibility:2169 com.android.server.wm.ActivityRecord.setVisible:2183

07-08 01:07:13.656  4948  5779 V WindowManager: Setting visibility of Window{a5fa251 u0 com.wallapop/com.wallapop.activities.PreferencesActivity}: false, caller=com.android.server.wm.WindowContainer.sendAppVisibilityToClients:640 com.android.server.wm.AppWindowToken.setClientHidden:639 com.android.server.wm.AppWindowToken.onAnimationFinished:3839 com.android.server.wm.AppWindowToken.commitVisibility:894 com.android.server.wm.AppWindowToken.setVisibility:801

07-08 01:07:13.666  4948  5100 I WindowManager: Focus moving from Window{a5fa251 u0 com.wallapop/com.wallapop.activities.PreferencesActivity} to null displayId=0

07-08 01:07:13.666  4948  5100 I WindowManager: Losing focus: Window{a5fa251 u0 com.wallapop/com.wallapop.activities.PreferencesActivity}

07-08 01:07:13.680  4382  5787 E BufferQueueProducer: [com.wallapop/com.wallapop.activities.PreferencesActivity$_30955#0] disconnect: not connected (req=1)

07-08 01:07:13.681  4948 12938 V WindowManager: Relayout Window{a5fa251 u0 com.wallapop/com.wallapop.activities.PreferencesActivity}: viewVisibility=8 req=1080x2220

07-08 01:07:13.681  4948 12938 E WindowManager: win=Window{a5fa251 u0 com.wallapop/com.wallapop.activities.PreferencesActivity} destroySurfaces: appStopped=true win.mWindowRemovalAllowed=false win.mRemoveOnExit=false win.mViewVisibility=8 caller=com.android.server.wm.WindowManagerService.tryStartExitingAnimation:2756 com.android.server.wm.WindowManagerService.relayoutWindow:2504 com.android.server.wm.Session.relayout:202 android.view.IWindowSession$Stub.onTransact:708 com.android.server.wm.Session.onTransact:142 android.os.Binder.execTransactInternal:1056 android.os.Binder.execTransact:1029

07-08 01:07:13.682  4948 12938 I WindowManager: Destroying surface Surface(name=com.wallapop/com.wallapop.activities.PreferencesActivity$_30955)/@0x84a3ff3 called by com.android.server.wm.WindowStateAnimator.destroySurface:1790 com.android.server.wm.WindowStateAnimator.destroySurfaceLocked:720 com.android.server.wm.WindowState.destroySurfaceUnchecked:3540 com.android.server.wm.WindowState.destroySurface:3514 com.android.server.wm.WindowManagerService.tryStartExitingAnimation:2756 com.android.server.wm.WindowManagerService.relayoutWindow:2504 com.android.server.wm.Session.relayout:202 android.view.IWindowSession$Stub.onTransact:708

07-08 01:07:13.682  4382  5787 I Layer   : id=1605 removeFromCurrentState com.wallapop/com.wallapop.activities.PreferencesActivity$_30955#0 (60)

07-08 01:07:13.683  4382  5787 I SurfaceFlinger: id=1605 Removed com.wallapop/com.wallapop.activities.PreferencesActivity$_30955#0 (60)

07-08 01:07:13.684  4382  4382 I Layer   : id=1605[1] Destroyed com.wallapop/com.wallapop.activities.PreferencesActivity$_30955#0

07-08 01:07:13.714  4948 15823 V WindowManager: Relayout Window{a5fa251 u0 com.wallapop/com.wallapop.activities.PreferencesActivity}: viewVisibility=8 req=1080x2220

07-08 01:07:13.754 30955 31184 W com.wallapop: Accessing hidden method Lsun/misc/Unsafe;->getObject(Ljava/lang/Object;J)Ljava/lang/Object; (greylist, linking, allowed)

07-08 01:07:13.754 30955 31184 W com.wallapop: Accessing hidden method Lsun/misc/Unsafe;->putObject(Ljava/lang/Object;JLjava/lang/Object;)V (greylist, linking, allowed)

07-08 01:07:13.755 30955 31184 W com.wallapop: Accessing hidden method Lsun/misc/Unsafe;->getInt(Ljava/lang/Object;J)I (greylist, linking, allowed)

07-08 01:07:13.755 30955 31184 W com.wallapop: Accessing hidden method Lsun/misc/Unsafe;->putInt(Ljava/lang/Object;JI)V (greylist, linking, allowed)

07-08 01:07:13.755 30955 31184 W com.wallapop: Accessing hidden method Lsun/misc/Unsafe;->putLong(Ljava/lang/Object;JJ)V (greylist, linking, allowed)

07-08 01:07:13.757 30955 31101 W com.wallapop: Accessing hidden method Lsun/misc/Unsafe;->putInt(Ljava/lang/Object;JI)V (greylist, linking, allowed)

07-08 01:07:13.959  4948  5100 D WindowManager: w is invisible : 3cab995 com.wallapop/com.rewallapop.ui.wall.WallActivity

07-08 01:07:13.959  4948  5100 D WindowManager: w is invisible : a5fa251 com.wallapop/com.wallapop.activities.PreferencesActivity

07-08 01:07:13.959  4948  5100 D WindowManager: w is invisible : 3cab995 com.wallapop/com.rewallapop.ui.wall.WallActivity

07-08 01:07:13.959  4948  5100 D WindowManager: w is invisible : a5fa251 com.wallapop/com.wallapop.activities.PreferencesActivity

07-08 01:07:14.010  4948 12938 D WindowManager: w is invisible : 3cab995 com.wallapop/com.rewallapop.ui.wall.WallActivity

07-08 01:07:14.010  4948 12938 D WindowManager: w is invisible : a5fa251 com.wallapop/com.wallapop.activities.PreferencesActivity

07-08 01:07:14.010  4948 12938 D WindowManager: w is invisible : 3cab995 com.wallapop/com.rewallapop.ui.wall.WallActivity

07-08 01:07:14.010  4948 12938 D WindowManager: w is invisible : a5fa251 com.wallapop/com.wallapop.activities.PreferencesActivity

07-08 01:07:14.113  4948  5098 D CodecSolution: isMaxAspectPackageEx: com.wallapop : true(2)

07-08 01:07:14.126  4948  5098 D CodecSolution: isMaxAspectPackageEx: com.wallapop : true(2)

07-08 01:07:14.126  4948  5098 I PerfSDKService: Current foregroundpackage name : com.wallapop

07-08 01:07:14.254  4948 12848 D MdnieScenarioControlService:  packageName : com.wallapop    className : com.wallapop.activities.PreferencesActivity

07-08 01:07:15.388 30955 31072 W com.wallapop: Accessing hidden method Lsun/misc/Unsafe;->getInt(Ljava/lang/Object;J)I (greylist, linking, allowed)

07-08 01:07:15.388 30955 31072 W com.wallapop: Accessing hidden method Lsun/misc/Unsafe;->putInt(Ljava/lang/Object;JI)V (greylist, linking, allowed)

07-08 01:07:15.389 30955 31101 W com.wallapop: Accessing hidden method Lsun/misc/Unsafe;->putInt(Ljava/lang/Object;JI)V (greylist, linking, allowed)

07-08 01:07:15.474 30955 31232 W com.wallapop: Accessing hidden method Lsun/misc/Unsafe;->putObject(Ljava/lang/Object;JLjava/lang/Object;)V (greylist, linking, allowed)

07-08 01:07:15.484 30955 31137 I WM-WorkerWrapper: Worker result FAILURE for Work [ id=3a135d7e-d46f-4fdd-bf87-eaf712b088a5, tags={ com.wallapop.thirdparty.tracker.metrics.MetricsRequestWorker, metrics_tracker_work } ]

07-08 01:07:15.486 30955 31101 W com.wallapop: Accessing hidden method Lsun/misc/Unsafe;->putObject(Ljava/lang/Object;JLjava/lang/Object;)V (greylist, linking, allowed)

07-08 01:07:15.486 30955 31101 W com.wallapop: Accessing hidden method Lsun/misc/Unsafe;->putInt(Ljava/lang/Object;JI)V (greylist, linking, allowed)

07-08 01:07:15.512  4948  5098 D CodecSolution: isMaxAspectPackageEx: com.wallapop : true(2)

07-08 01:07:15.520  4948  5098 D CodecSolution: isMaxAspectPackageEx: com.wallapop : true(2)

07-08 01:07:15.521  4948  5098 I PerfSDKService: Current foregroundpackage name : com.wallapop

07-08 01:07:15.648  4948 12848 D MdnieScenarioControlService:  packageName : com.wallapop    className : com.wallapop.activities.PreferencesActivity

07-08 01:07:29.136  4382  4440 I SurfaceFlinger: id=1588 Removed AppWindowToken{5f47faa token=Token{4f91295 ActivityRecord{a77c24c u0 com.wallapop/com.rewallapop.ui.main.MainActivity t1308}}}#0 (58)

07-08 01:07:29.149  4382  4382 I Layer   : id=1588[1] Destroyed AppWindowToken{5f47faa token=Token{4f91295 ActivityRecord{a77c24c u0 com.wallapop/com.rewallapop.ui.main.MainActivity t1308}}}#0

07-08 01:07:29.151  4948  5098 D CodecSolution: isMaxAspectPackageEx: com.wallapop : true(2)

07-08 01:07:29.154  4948 12938 D SamsungAlarmManager: Cancel Alarm calling from uid:10385 pid :30955 / op:PendingIntent{c689e35: PendingIntentRecord{4d55e05 com.wallapop broadcastIntent}}

07-08 01:07:29.157  4948  5098 D CodecSolution: isMaxAspectPackageEx: com.wallapop : true(2)

07-08 01:07:29.157  4948  5098 I PerfSDKService: Current foregroundpackage name : com.wallapop

07-08 01:07:29.287  4948 12848 D MdnieScenarioControlService:  packageName : com.wallapop    className : com.wallapop.activities.PreferencesActivity

07-08 01:07:43.491 12945 12986 V PermissionManager_FLP: onOpChanged, op=0 / packageName=com.wallapop

07-08 01:07:54.287  4948  5098 D CodecSolution: isMaxAspectPackageEx: com.wallapop : true(2)

07-08 01:07:54.304  4948  5098 D CodecSolution: isMaxAspectPackageEx: com.wallapop : true(2)

07-08 01:07:54.306  4948  5098 I PerfSDKService: Current foregroundpackage name : com.wallapop

07-08 01:07:54.428  4948 12848 D MdnieScenarioControlService:  packageName : com.wallapop    className : com.wallapop.activities.PreferencesActivity

07-08 01:07:54.491  4948  5098 D CodecSolution: isMaxAspectPackageEx: com.wallapop : true(2)

07-08 01:07:54.499  4948  5098 D CodecSolution: isMaxAspectPackageEx: com.wallapop : true(2)

07-08 01:07:54.500  4948  5098 I PerfSDKService: Current foregroundpackage name : com.wallapop

07-08 01:07:54.627  4948 12848 D MdnieScenarioControlService:  packageName : com.wallapop    className : com.wallapop.activities.PreferencesActivity

07-08 01:08:28.972 30955 31032 W com.wallapop: Accessing hidden method Lsun/misc/Unsafe;->getObject(Ljava/lang/Object;J)Ljava/lang/Object; (greylist, linking, allowed)

07-08 01:08:28.972 30955 31032 W com.wallapop: Accessing hidden method Lsun/misc/Unsafe;->putObject(Ljava/lang/Object;JLjava/lang/Object;)V (greylist, linking, allowed)

07-08 01:08:28.974 30955 31032 W com.wallapop: Accessing hidden method Lsun/misc/Unsafe;->putInt(Ljava/lang/Object;JI)V (greylist, linking, allowed)

07-08 01:08:28.974 30955 31032 W com.wallapop: Accessing hidden method Lsun/misc/Unsafe;->putLong(Ljava/lang/Object;JJ)V (greylist, linking, allowed)

07-08 01:08:28.977 30955 31672 W com.wallapop: Accessing hidden method Lsun/misc/Unsafe;->putInt(Ljava/lang/Object;JI)V (greylist, linking, allowed)

07-08 01:08:43.387  4948 12938 I ActivityManager: Force stopping com.wallapop appid=10385 user=0: from pid 31756

07-08 01:08:43.388  4948 12938 I ActivityManager: Killing 30955:com.wallapop/u0a385 (adj 200): stop com.wallapop

07-08 01:08:43.398  4948 12938 W ActivityManager: Scheduling restart of crashed service com.wallapop/com.rewallapop.ui.debug.view.DebugActivity$Service in 1000ms

07-08 01:08:43.399  4948  4948 D EdgeLightingManager: hideForNotification : packageName = com.wallapop

07-08 01:08:43.399  4948  4948 D EdgeLightingPolicyManager:NotificationGroup: remove : sbn : StatusBarNotification(pkg=com.wallapop user=UserHandle{0} id=999 tag=null key=0|com.wallapop|999|null|10385: Notification(channel=wallapop_channel pri=-2 contentView=null vibrate=null sound=null defaults=0x0 flags=0x62 color=0x00000000 vis=PRIVATE semFlags=0x0 semPriority=0 semMissedCount=0))

07-08 01:08:43.399  4948  4948 D EdgeLightingPolicyManager: isAcceptableApplication:  pkg=com.wallapop , range=1 , includeAllApp=false , userId=0 , infoRange=0 , infoCategory=0

07-08 01:08:43.400  4948 12938 W ActivityTaskManager: Force removing ActivityRecord{8953ac7 u0 com.wallapop/.activities.PreferencesActivity t1308 f}: app died, no saved state

07-08 01:08:43.405  4382  4439 I Layer   : id=1604 removeFromCurrentState a5fa251 com.wallapop/com.wallapop.activities.PreferencesActivity#0 (57)

07-08 01:08:43.406  4382  4439 I SurfaceFlinger: id=1604 Removed a5fa251 com.wallapop/com.wallapop.activities.PreferencesActivity#0 (57)

07-08 01:08:43.406  4948 12938 W ActivityTaskManager: Force removing ActivityRecord{6b1273 u0 com.wallapop/com.rewallapop.ui.wall.WallActivity t1308 f}: app died, no saved state

07-08 01:08:43.410 12945 12986 V NotificationManager_FLP: Notification for foreground service is removed, 0|com.wallapop|999|null|10385

07-08 01:08:43.410  4382  4440 I Layer   : id=1603 removeFromCurrentState AppWindowToken{e5ae81d token=Token{c5cd8f4 ActivityRecord{8953ac7 u0 com.wallapop/.activities.PreferencesActivity t1308}}}#0 (57)

07-08 01:08:43.410  4382  4440 I Layer   : id=1600 removeFromCurrentState 3cab995 com.wallapop/com.rewallapop.ui.wall.WallActivity#0 (57)

07-08 01:08:43.411  4382  4440 I SurfaceFlinger: id=1603 Removed AppWindowToken{e5ae81d token=Token{c5cd8f4 ActivityRecord{8953ac7 u0 com.wallapop/.activities.PreferencesActivity t1308}}}#0 (57)

07-08 01:08:43.411  4382  4440 I SurfaceFlinger: id=1600 Removed 3cab995 com.wallapop/com.rewallapop.ui.wall.WallActivity#0 (57)

07-08 01:08:43.411 13050 13050 D Launcher.NotificationListener: onNotificationRemoved : StatusBarNotification(pkg=com.wallapop user=UserHandle{0} id=999 tag=null key=0|com.wallapop|999|null|10385: Notification(channel=wallapop_channel pri=-2 contentView=null vibrate=null sound=null defaults=0x0 flags=0x62 color=0x00000000 vis=PRIVATE semFlags=0x0 semPriority=0 semMissedCount=0)) listener : null

07-08 01:08:43.414  4382  4439 I Layer   : id=1595 removeFromCurrentState AppWindowToken{ba5d5a9 token=Token{5281530 ActivityRecord{6b1273 u0 com.wallapop/com.rewallapop.ui.wall.WallActivity t1308}}}#0 (57)

07-08 01:08:43.415  4382  4439 I SurfaceFlinger: id=1595 Removed AppWindowToken{ba5d5a9 token=Token{5281530 ActivityRecord{6b1273 u0 com.wallapop/com.rewallapop.ui.wall.WallActivity t1308}}}#0 (57)

07-08 01:08:43.418  4382  4382 I Layer   : id=1604[1] Destroyed a5fa251 com.wallapop/com.wallapop.activities.PreferencesActivity#0

07-08 01:08:43.419  4382  4382 I Layer   : id=1600[1] Destroyed 3cab995 com.wallapop/com.rewallapop.ui.wall.WallActivity#0

07-08 01:08:43.419  4382  4382 I Layer   : id=1595[1] Destroyed AppWindowToken{ba5d5a9 token=Token{5281530 ActivityRecord{6b1273 u0 com.wallapop/com.rewallapop.ui.wall.WallActivity t1308}}}#0

07-08 01:08:43.419  4382  4382 I Layer   : id=1603[1] Destroyed AppWindowToken{e5ae81d token=Token{c5cd8f4 ActivityRecord{8953ac7 u0 com.wallapop/.activities.PreferencesActivity t1308}}}#0

07-08 01:08:43.442  4948  5106 W BroadcastQueue: Background execution not allowed: receiving Intent { act=android.intent.action.PACKAGE_RESTARTED dat=package:com.wallapop flg=0x10 (has extras) } to android/com.kddi.android.CpaNotiReceiver

07-08 01:08:43.454  4948  4948 D SamsungAlarmManager: Remove alarm for next reason : android.intent.action.PACKAGE_RESTARTED : package: com.wallapop

07-08 01:08:48.090  4948  4948 D GameManagerService: identifyGamePackage. com.wallapop, mCurrentUserId: 0, callerUserId: 0

07-08 01:08:48.090  4948  4948 D GamePkgDataHelper: getGamePkgData(). com.wallapop

07-08 01:08:49.110  4948 15823 I ActivityManager: Force stopping com.wallapop appid=10385 user=0: from pid 31923

07-08 01:08:49.112  4948  4948 D SamsungAlarmManager: Remove alarm for next reason : android.intent.action.PACKAGE_RESTARTED : package: com.wallapop

07-08 01:08:49.116  4948  5106 W BroadcastQueue: Background execution not allowed: receiving Intent { act=android.intent.action.PACKAGE_RESTARTED dat=package:com.wallapop flg=0x10 (has extras) } to android/com.kddi.android.CpaNotiReceiver

07-08 01:08:49.363  4948 15823 I ActivityTaskManager: START u0 {flg=0x10000000 cmp=com.wallapop/com.rewallapop.ui.main.MainActivity} from uid 2000

07-08 01:08:49.373  4382  4633 I SurfaceFlinger: id=1624 createSurf (0x0),-1 flag=80004, AppWindowToken{8603c64 token=Token{e2345f7 ActivityRecord{31afdf6 u0 com.wallapop/com.rewallapop.ui.main.MainActivity t1309}}}#0

07-08 01:08:49.375  4948  5100 D GameSDKService: MultiWindowEventListener.onFocusStackChanged(), state=0, top=ComponentInfo{com.wallapop/com.rewallapop.ui.main.MainActivity}

07-08 01:08:49.376  4948  5100 D GameSDKService: MultiWindowEventListener.onFocusStackChanged(): com.wallapop

07-08 01:08:49.379  4948  5100 D GameManagerService: MultiWindowEventListener.onFocusedStackChanged(), state=0, top=ComponentInfo{com.wallapop/com.rewallapop.ui.main.MainActivity}

07-08 01:08:49.379  4948  5100 D GameManagerService: MultiWindowEventListener.onFocusedStackChanged(), pkgName: com.wallapop, clsName: com.rewallapop.ui.main.MainActivity, FgActivityName:com.wallapop/com.rewallapop.ui.main.MainActivity, userID:0

07-08 01:08:49.380  4948  5101 D PhoneWindow: forceLight changed to true [Splash Screen com.wallapop] from com.android.internal.policy.PhoneWindow.updateForceLightNavigationBar:4268 com.android.internal.policy.DecorView.updateColorViews:1513 com.android.internal.policy.PhoneWindow.dispatchWindowAttributesChanged:3246 android.view.Window.setFlags:1148 com.android.internal.policy.PhoneWindow.generateLayout:2474

07-08 01:08:49.380  4948  5100 I ApplicationPolicy: isApplicationExternalStorageWhitelisted:com.wallapop user:0

07-08 01:08:49.380  4948  5101 D PhoneWindow: forceLight changed to false [Splash Screen com.wallapop] from com.android.internal.policy.PhoneWindow.updateForceLightNavigationBar:4274 com.android.internal.policy.DecorView.updateColorViews:1513 com.android.internal.policy.PhoneWindow.dispatchWindowAttributesChanged:3246 android.view.Window.setFlags:1148 com.android.internal.policy.PhoneWindow.generateLayout:2620

07-08 01:08:49.380  4948  5100 D ActivityManager: package  com.wallapop, user - 0 is SDcard whitelisted

07-08 01:08:49.380  4948  5100 I ApplicationPolicy: isApplicationExternalStorageBlacklisted:com.wallapop user:0

07-08 01:08:49.380  4948  5100 I ApplicationPolicy: isApplicationExternalStorageBlacklisted:com.wallapop user:0

07-08 01:08:49.383  4382  5775 I SurfaceFlinger: id=1625 createSurf (0x0),-1 flag=80004, f406ae2 Splash Screen com.wallapop#0

07-08 01:08:49.386  4948  5101 D WindowManager: w is invisible : f406ae2 Splash Screen com.wallapop

07-08 01:08:49.387  4948  5101 D WindowManager: w is invisible : f406ae2 Splash Screen com.wallapop

07-08 01:08:49.396  4948  5107 I ActivityManager: Start proc 31926:com.wallapop/u0a385 for activity {com.wallapop/com.rewallapop.ui.main.MainActivity}

07-08 01:08:49.399  4948  5101 V WindowManager: Relayout Window{f406ae2 u0 Splash Screen com.wallapop}: viewVisibility=0 req=1080x2220

07-08 01:08:49.401  4382  5787 I SurfaceFlinger: id=1626 createSurf (1080x2220),1 flag=4, Splash Screen com.wallapop#0

07-08 01:08:49.402  4948  5101 D WindowManager: makeSurface duration=2 name=Splash Screen com.wallapop

07-08 01:08:49.402 31926 31926 I com.wallapop: Late-enabling -Xcheck:jni

07-08 01:08:49.411  4948  5101 D WindowManager: finishDrawingWindow: Window{f406ae2 u0 Splash Screen com.wallapop} mDrawState=DRAW_PENDING

07-08 01:08:49.413  4948  5101 V WindowManager: performShow on Window{f406ae2 u0 Splash Screen com.wallapop}: mDrawState=READY_TO_SHOW readyForDisplay=false starting=true during animation: policyVis=true parentHidden=false tok.hiddenRequested=false tok.hidden=true animating=true tok animating=true Callers=com.android.server.wm.WindowState.performShowLocked:4731 com.android.server.wm.WindowStateAnimator.commitFinishDrawingLocked:401 com.android.server.wm.DisplayContent.lambda$new$8$DisplayContent:990 com.android.server.wm.-$$Lambda$DisplayContent$qxt4izS31fb0LF2uo_OF9DMa7gc.accept:4

07-08 01:08:49.423 31926 31926 E com.wallapop: Unknown bits set in runtime_flags: 0x8000

07-08 01:08:49.438  4948 14601 I ActivityManager: DSS OFF for com.wallapop

07-08 01:08:49.442  4948 14601 V WindowManager: performShow on Window{f406ae2 u0 Splash Screen com.wallapop}: mDrawState=READY_TO_SHOW readyForDisplay=false starting=true during animation: policyVis=true parentHidden=false tok.hiddenRequested=false tok.hidden=true animating=true tok animating=true Callers=com.android.server.wm.WindowState.performShowLocked:4731 com.android.server.wm.WindowStateAnimator.commitFinishDrawingLocked:401 com.android.server.wm.DisplayContent.lambda$new$8$DisplayContent:990 com.android.server.wm.-$$Lambda$DisplayContent$qxt4izS31fb0LF2uo_OF9DMa7gc.accept:4

07-08 01:08:49.443  4948 14601 D GamePkgDataHelper: notifyAppCreate(), pkgName: com.wallapop, sendRet: true

07-08 01:08:49.443  4948 12772 D GameManagerService: onLooperPrepared(), msg: { when=0 what=10010 obj=com.wallapop target=com.samsung.android.game.GameManagerService$FgCheckThread$1 }

07-08 01:08:49.443  4948 12772 D GameManagerService: handleMessage(), MSG_APP_CREATE. pkgName: com.wallapop

07-08 01:08:49.444  4948 14601 D MARsPolicyManager: onPackageResumedFG pkgName = com.wallapop, userId = 0

07-08 01:08:49.446  4948  5101 V WindowManager: performShow on Window{f406ae2 u0 Splash Screen com.wallapop}: mDrawState=READY_TO_SHOW readyForDisplay=false starting=true during animation: policyVis=true parentHidden=false tok.hiddenRequested=false tok.hidden=true animating=true tok animating=true Callers=com.android.server.wm.WindowState.performShowLocked:4731 com.android.server.wm.WindowStateAnimator.commitFinishDrawingLocked:401 com.android.server.wm.DisplayContent.lambda$new$8$DisplayContent:990 com.android.server.wm.-$$Lambda$DisplayContent$qxt4izS31fb0LF2uo_OF9DMa7gc.accept:4

07-08 01:08:49.450  4948  5101 I WindowManager: Reparenting to leash, surface=Surface(name=AppWindowToken{8603c64 token=Token{e2345f7 ActivityRecord{31afdf6 u0 com.wallapop/com.rewallapop.ui.main.MainActivity t1309}}})/@0xdb46fc1

07-08 01:08:49.450  4382  5775 I SurfaceFlinger: id=1629 createSurf (0x0),-1 flag=80004, Surface(name=AppWindowToken{8603c64 token=Token{e2345f7 ActivityRecord{31afdf6 u0 com.wallapop/com.rewallapop.ui.main.MainActivity t1309}}})/@0xdb46fc1 - animation-leash#0

07-08 01:08:49.450  4948  5101 D WindowManager: makeSurface duration=0 leash=Surface(name=Surface(name=AppWindowToken{8603c64 token=Token{e2345f7 ActivityRecord{31afdf6 u0 com.wallapop/com.rewallapop.ui.main.MainActivity t1309}}})/@0xdb46fc1 - animation-leash)/@0x269366

07-08 01:08:49.450  4382  5775 I SurfaceFlinger: id=1630 createSurf (0x0),-1 flag=80004, Surface(name=AppWindowToken{8603c64 token=Token{e2345f7 ActivityRecord{31afdf6 u0 com.wallapop/com.rewallapop.ui.main.MainActivity t1309}}})/@0xdb46fc1 - animation-bounds#0

07-08 01:08:49.452  4948  5098 D WindowManager: setSystemUiVisibility: displayId=0, vis=0xa018, fullVis=0x2000, dockVis=0x0, win=Window{f406ae2 u0 Splash Screen com.wallapop}

07-08 01:08:49.458  4948  5100 D GamePkgDataHelper: getSosPolicy(). com.wallapop

07-08 01:08:49.459  4948 12703 D PkgPredictorService: com.wallapop go to foreground!

07-08 01:08:49.459  4948 12703 D PkgPredictorService: previous pkgs: com.wallapop,com.wallapop,com.wallapop running pkg: com.wallapop, uid: 0 is system: false

07-08 01:08:49.459  4948 12703 D PkgPredictorService-Collector:  (hour:1 day:4 previous:[com.wallapop, com.wallapop, com.wallapop] activityName:unknown running:com.wallapop userId:0 screenOrientation:0 wifi:1 bt:0 predictTime:1 apkVersion:1.102.0-d2007061006 consumeTime:-1 preloaded:false>)

07-08 01:08:49.459  4948 12703 D PkgPredictorService-NapPreloadController: User using: com.wallapop

07-08 01:08:49.459  4948  5100 D GameManagerService: identifyGamePackage. com.wallapop, mCurrentUserId: 0, callerUserId: 0

07-08 01:08:49.459 12945 12986 V PermissionManager_FLP: onOpChanged, op=0 / packageName=com.wallapop

07-08 01:08:49.459  4948  5100 D GamePkgDataHelper: getGamePkgData(). com.wallapop

07-08 01:08:49.459  4948 12703 D PkgPredictorService-NapClassifier: Predict result: 17.0,2.0,29.0, - [0_&_com.wallapop, 0_&_com.android.vending, 0_&_com.Slack]

07-08 01:08:49.460  4948 12703 D PkgPredictorService-NapPreloadController: preloadWithUid pkg: [com.wallapop] Uid: [0]

07-08 01:08:49.460  4948 14321 D GamePkgDataHelper: getSosPolicy(). com.wallapop

07-08 01:08:49.462  4948  5100 D GameManagerService: noteResumeComponent(), resumeComponent: com.wallapop

07-08 01:08:49.463  4948 12772 D GameManagerService: onLooperPrepared(), msg: { when=0 what=10000 obj=ComponentInfo{com.wallapop/com.rewallapop.ui.main.MainActivity} target=com.samsung.android.game.GameManagerService$FgCheckThread$1 }

07-08 01:08:49.463  4948 12772 D GameManagerService: notifyResumePause(). pkg: com.wallapop, type: 4, isMinimized: false, isTunableApp: false

07-08 01:08:49.463  4948  5098 D CodecSolution: isMaxAspectPackageEx: com.wallapop : true(2)

07-08 01:08:49.463  4948  5098 I PerfSDKService: Current foregroundpackage name : com.wallapop

07-08 01:08:49.486 31926 31926 I com.wallapop: The ClassLoaderContext is a special shared library.

07-08 01:08:49.556  4382  4382 I SurfaceFlinger:      DEVICE | 0x7b1b8ae0c0 | 0000 | RGBA_8888 |   0.0    0.0 1080.0 2220.0 |   89  183  991 2037 | Splash Screen com.wallapop#0

07-08 01:08:49.572  4382  4382 I SurfaceFlinger:      DEVICE | 0x7b1b8ae0c0 | 0000 | RGBA_8888 |   0.0    0.0 1080.0 2220.0 |   66  137 1014 2083 | Splash Screen com.wallapop#0

07-08 01:08:49.589  4948 12848 D MdnieScenarioControlService:  packageName : com.wallapop    className : com.rewallapop.ui.main.MainActivity

07-08 01:08:49.601 31926 31948 W com.wallapop: Unsupported class loader

07-08 01:08:49.700  4948  5101 I WindowManager: Reparenting to original parent: Surface(name=Task=1309)/@0x7b3db08, destroyLeash=true, surface=Surface(name=AppWindowToken{8603c64 token=Token{e2345f7 ActivityRecord{31afdf6 u0 com.wallapop/com.rewallapop.ui.main.MainActivity t1309}}})/@0xdb46fc1

07-08 01:08:49.702  4382  5787 I Layer   : id=1629 removeFromCurrentState Surface(name=AppWindowToken{8603c64 token=Token{e2345f7 ActivityRecord{31afdf6 u0 com.wallapop/com.rewallapop.ui.main.MainActivity t1309}}})/@0xdb46fc1 - animation-leash#0 (60)

07-08 01:08:49.702  4382  5787 I Layer   : id=1630 removeFromCurrentState Surface(name=AppWindowToken{8603c64 token=Token{e2345f7 ActivityRecord{31afdf6 u0 com.wallapop/com.rewallapop.ui.main.MainActivity t1309}}})/@0xdb46fc1 - animation-bounds#0 (60)

07-08 01:08:49.703  4382  5775 I SurfaceFlinger: id=1629 Removed Surface(name=AppWindowToken{8603c64 token=Token{e2345f7 ActivityRecord{31afdf6 u0 com.wallapop/com.rewallapop.ui.main.MainActivity t1309}}})/@0xdb46fc1 - animation-leash#0 (60)

07-08 01:08:49.703  4382  5775 I SurfaceFlinger: id=1630 Removed Surface(name=AppWindowToken{8603c64 token=Token{e2345f7 ActivityRecord{31afdf6 u0 com.wallapop/com.rewallapop.ui.main.MainActivity t1309}}})/@0xdb46fc1 - animation-bounds#0 (60)

07-08 01:08:49.716  4382  4382 I Layer   : id=1630[1] Destroyed Surface(name=AppWindowToken{8603c64 token=Token{e2345f7 ActivityRecord{31afdf6 u0 com.wallapop/com.rewallapop.ui.main.MainActivity t1309}}})/@0xdb46fc1 - animation-bounds#0

07-08 01:08:49.716  4382  4382 I Layer   : id=1629[1] Destroyed Surface(name=AppWindowToken{8603c64 token=Token{e2345f7 ActivityRecord{31afdf6 u0 com.wallapop/com.rewallapop.ui.main.MainActivity t1309}}})/@0xdb46fc1 - animation-leash#0

07-08 01:08:49.746 31926 31954 I FA      :   adb shell setprop debug.firebase.analytics.app com.wallapop

07-08 01:08:49.755  4382  4382 I SurfaceFlinger:      DEVICE | 0x7b1b8ae0c0 | 0000 | RGBA_8888 |   0.0    0.0 1080.0 2220.0 |    0    0 1080 2220 | Splash Screen com.wallapop#0

07-08 01:08:49.782 31926 31926 W com.wallapop: Accessing hidden method Ldalvik/system/CloseGuard;->get()Ldalvik/system/CloseGuard; (greylist,core-platform-api, reflection, allowed)

07-08 01:08:49.782 31926 31926 W com.wallapop: Accessing hidden method Ldalvik/system/CloseGuard;->open(Ljava/lang/String;)V (greylist,core-platform-api, reflection, allowed)

07-08 01:08:49.782 31926 31926 W com.wallapop: Accessing hidden method Ldalvik/system/CloseGuard;->warnIfOpen()V (greylist,core-platform-api, reflection, allowed)

07-08 01:08:49.812 31926 31981 I stetho  : Listening on @stetho_com.wallapop_devtools_remote

07-08 01:08:49.839  4948 14321 D PackageManager: setEnabledSetting : userId = 0 packageName = com.wallapop cmp = androidx.work.impl.background.systemjob.SystemJobService newState = 1 callingPackage = 10385/com.wallapop

07-08 01:08:50.025 31926 32010 W com.wallapop: Accessing hidden field Lsun/misc/Unsafe;->theUnsafe:Lsun/misc/Unsafe; (greylist, reflection, allowed)

07-08 01:08:50.026 31926 32010 W com.wallapop: Accessing hidden method Lsun/misc/Unsafe;->arrayIndexScale(Ljava/lang/Class;)I (greylist, linking, allowed)

07-08 01:08:50.026 31926 32010 W com.wallapop: Accessing hidden method Lsun/misc/Unsafe;->arrayBaseOffset(Ljava/lang/Class;)I (greylist,core-platform-api, linking, allowed)

07-08 01:08:50.026 31926 32010 W com.wallapop: Accessing hidden method Lsun/misc/Unsafe;->objectFieldOffset(Ljava/lang/reflect/Field;)J (greylist,core-platform-api, linking, allowed)

07-08 01:08:50.038 31926 32016 W com.wallapop: Accessing hidden method Lsun/misc/Unsafe;->getObjectVolatile(Ljava/lang/Object;J)Ljava/lang/Object; (greylist, linking, allowed)

07-08 01:08:50.038 31926 32016 W com.wallapop: Accessing hidden method Lsun/misc/Unsafe;->putOrderedObject(Ljava/lang/Object;JLjava/lang/Object;)V (greylist, linking, allowed)

07-08 01:08:50.038 31926 32016 W com.wallapop: Accessing hidden method Lsun/misc/Unsafe;->putOrderedLong(Ljava/lang/Object;JJ)V (greylist, linking, allowed)

