07-08 01:08:53.236 31926 32019 W com.wallapop: Accessing hidden method Lsun/misc/Unsafe;->putInt(Ljava/lang/Object;JI)V (greylist, linking, allowed)

07-08 01:08:53.241 31926 32361 W com.wallapop: Accessing hidden method Lsun/misc/Unsafe;->putObject(Ljava/lang/Object;JLjava/lang/Object;)V (greylist, linking, allowed)

07-08 01:08:53.281 31926 32346 W com.wallapop: Accessing hidden method Lsun/misc/Unsafe;->compareAndSwapObject(Ljava/lang/Object;JLjava/lang/Object;Ljava/lang/Object;)Z (greylist, linking, allowed)

07-08 01:08:53.283 31926 32346 W com.wallapop: Accessing hidden method Lsun/misc/Unsafe;->compareAndSwapObject(Ljava/lang/Object;JLjava/lang/Object;Ljava/lang/Object;)Z (greylist, linking, allowed)

07-08 01:08:53.297 31926 32346 W com.wallapop: Accessing hidden method Lsun/misc/Unsafe;->compareAndSwapObject(Ljava/lang/Object;JLjava/lang/Object;Ljava/lang/Object;)Z (greylist, linking, allowed)

07-08 01:08:53.301 31926 32349 W com.wallapop: Accessing hidden method Lsun/misc/Unsafe;->compareAndSwapObject(Ljava/lang/Object;JLjava/lang/Object;Ljava/lang/Object;)Z (greylist, linking, allowed)

07-08 01:08:53.302 31926 32332 W com.wallapop: Accessing hidden method Lsun/misc/Unsafe;->compareAndSwapObject(Ljava/lang/Object;JLjava/lang/Object;Ljava/lang/Object;)Z (greylist, linking, allowed)

07-08 01:08:53.381 31926 32357 W com.wallapop: Accessing hidden method Lsun/misc/Unsafe;->compareAndSwapObject(Ljava/lang/Object;JLjava/lang/Object;Ljava/lang/Object;)Z (greylist, linking, allowed)

07-08 01:08:53.382 31926 32346 W com.wallapop: Accessing hidden method Lsun/misc/Unsafe;->compareAndSwapObject(Ljava/lang/Object;JLjava/lang/Object;Ljava/lang/Object;)Z (greylist, linking, allowed)

07-08 01:08:53.383 31926 32346 W com.wallapop: Accessing hidden method Lsun/misc/Unsafe;->compareAndSwapObject(Ljava/lang/Object;JLjava/lang/Object;Ljava/lang/Object;)Z (greylist, linking, allowed)

07-08 01:08:53.480 31926 32346 W com.wallapop: Accessing hidden method Lsun/misc/Unsafe;->compareAndSwapObject(Ljava/lang/Object;JLjava/lang/Object;Ljava/lang/Object;)Z (greylist, linking, allowed)

07-08 01:08:53.482 31926 32357 W com.wallapop: Accessing hidden method Lsun/misc/Unsafe;->compareAndSwapObject(Ljava/lang/Object;JLjava/lang/Object;Ljava/lang/Object;)Z (greylist, linking, allowed)

07-08 01:08:53.620 31926 32336 W com.wallapop: Accessing hidden method Lsun/misc/Unsafe;->compareAndSwapObject(Ljava/lang/Object;JLjava/lang/Object;Ljava/lang/Object;)Z (greylist, linking, allowed)

07-08 01:08:53.623 31926 32186 W com.wallapop: Accessing hidden method Lsun/misc/Unsafe;->compareAndSwapObject(Ljava/lang/Object;JLjava/lang/Object;Ljava/lang/Object;)Z (greylist, linking, allowed)

07-08 01:08:53.777 31926 31939 I com.wallapop: Background concurrent copying GC freed 300998(18MB) AllocSpace objects, 137(4892KB) LOS objects, 49% free, 17MB/34MB, paused 100us total 111.968ms

07-08 01:08:53.794 31926 32336 W com.wallapop: Accessing hidden method Lsun/misc/Unsafe;->compareAndSwapObject(Ljava/lang/Object;JLjava/lang/Object;Ljava/lang/Object;)Z (greylist, linking, allowed)

07-08 01:08:53.795 31926 32356 W com.wallapop: Accessing hidden method Lsun/misc/Unsafe;->compareAndSwapObject(Ljava/lang/Object;JLjava/lang/Object;Ljava/lang/Object;)Z (greylist, linking, allowed)

07-08 01:08:54.014 31926 31926 W com.wallapop: Accessing hidden method Lsun/misc/Unsafe;->compareAndSwapObject(Ljava/lang/Object;JLjava/lang/Object;Ljava/lang/Object;)Z (greylist, linking, allowed)

07-08 01:08:54.015 31926 32356 W com.wallapop: Accessing hidden method Lsun/misc/Unsafe;->compareAndSwapObject(Ljava/lang/Object;JLjava/lang/Object;Ljava/lang/Object;)Z (greylist, linking, allowed)

07-08 01:08:54.017 31926 32355 W com.wallapop: Accessing hidden method Lsun/misc/Unsafe;->compareAndSwapObject(Ljava/lang/Object;JLjava/lang/Object;Ljava/lang/Object;)Z (greylist, linking, allowed)

07-08 01:08:54.029 31926 32357 W com.wallapop: Accessing hidden method Lsun/misc/Unsafe;->compareAndSwapObject(Ljava/lang/Object;JLjava/lang/Object;Ljava/lang/Object;)Z (greylist, linking, allowed)

07-08 01:08:54.115  4948 20618 D GameManagerService: identifyGamePackage. com.wallapop, mCurrentUserId: 0, callerUserId: 0

07-08 01:08:54.115  4948 20618 D GamePkgDataHelper: getGamePkgData(). com.wallapop

07-08 01:08:54.166 31926 32351 W com.wallapop: Accessing hidden method Lsun/misc/Unsafe;->compareAndSwapObject(Ljava/lang/Object;JLjava/lang/Object;Ljava/lang/Object;)Z (greylist, linking, allowed)

07-08 01:08:54.207 31926 32355 W com.wallapop: Accessing hidden method Lsun/misc/Unsafe;->compareAndSwapObject(Ljava/lang/Object;JLjava/lang/Object;Ljava/lang/Object;)Z (greylist, linking, allowed)

07-08 01:08:54.216 31926 32346 W com.wallapop: Accessing hidden method Lsun/misc/Unsafe;->compareAndSwapObject(Ljava/lang/Object;JLjava/lang/Object;Ljava/lang/Object;)Z (greylist, linking, allowed)

07-08 01:08:54.219 31926 32356 W com.wallapop: Accessing hidden method Lsun/misc/Unsafe;->getObject(Ljava/lang/Object;J)Ljava/lang/Object; (greylist, linking, allowed)

07-08 01:08:54.219 31926 32346 W com.wallapop: Accessing hidden method Lsun/misc/Unsafe;->compareAndSwapObject(Ljava/lang/Object;JLjava/lang/Object;Ljava/lang/Object;)Z (greylist, linking, allowed)

07-08 01:08:54.219 31926 32356 W com.wallapop: Accessing hidden method Lsun/misc/Unsafe;->getLong(Ljava/lang/Object;J)J (greylist,core-platform-api, linking, allowed)

07-08 01:08:54.220 31926 32356 W com.wallapop: Accessing hidden method Lsun/misc/Unsafe;->putInt(Ljava/lang/Object;JI)V (greylist, linking, allowed)

07-08 01:08:54.382 31926 32346 W com.wallapop: Accessing hidden method Lsun/misc/Unsafe;->compareAndSwapObject(Ljava/lang/Object;JLjava/lang/Object;Ljava/lang/Object;)Z (greylist, linking, allowed)

07-08 01:08:54.384 31926 32351 W com.wallapop: Accessing hidden method Lsun/misc/Unsafe;->compareAndSwapObject(Ljava/lang/Object;JLjava/lang/Object;Ljava/lang/Object;)Z (greylist, linking, allowed)

07-08 01:08:54.385 31926 32351 W com.wallapop: Accessing hidden method Lsun/misc/Unsafe;->compareAndSwapObject(Ljava/lang/Object;JLjava/lang/Object;Ljava/lang/Object;)Z (greylist, linking, allowed)

07-08 01:08:54.387 31926 32356 W com.wallapop: Accessing hidden method Lsun/misc/Unsafe;->compareAndSwapObject(Ljava/lang/Object;JLjava/lang/Object;Ljava/lang/Object;)Z (greylist, linking, allowed)

07-08 01:08:54.462  4948 12703 D PkgPredictorService-NapPreloadController: Sent pkg = com.wallapop type: ml

07-08 01:08:54.462  4948 13109 D ActivityManager: [ML] packageName : com.wallapop uid : 0 type : ml

07-08 01:08:54.942 31926 32355 W com.wallapop: Accessing hidden method Lsun/misc/Unsafe;->compareAndSwapObject(Ljava/lang/Object;JLjava/lang/Object;Ljava/lang/Object;)Z (greylist, linking, allowed)

07-08 01:08:54.943 31926 32345 W com.wallapop: Accessing hidden method Lsun/misc/Unsafe;->compareAndSwapObject(Ljava/lang/Object;JLjava/lang/Object;Ljava/lang/Object;)Z (greylist, linking, allowed)

07-08 01:08:54.946 31926 32356 W com.wallapop: Accessing hidden method Lsun/misc/Unsafe;->compareAndSwapObject(Ljava/lang/Object;JLjava/lang/Object;Ljava/lang/Object;)Z (greylist, linking, allowed)

07-08 01:08:55.280 31926 32355 W com.wallapop: Accessing hidden method Lsun/misc/Unsafe;->compareAndSwapObject(Ljava/lang/Object;JLjava/lang/Object;Ljava/lang/Object;)Z (greylist, linking, allowed)

07-08 01:08:55.282 31926 32345 W com.wallapop: Accessing hidden method Lsun/misc/Unsafe;->compareAndSwapObject(Ljava/lang/Object;JLjava/lang/Object;Ljava/lang/Object;)Z (greylist, linking, allowed)

07-08 01:08:55.292 31926 32355 W com.wallapop: Accessing hidden method Lsun/misc/Unsafe;->compareAndSwapObject(Ljava/lang/Object;JLjava/lang/Object;Ljava/lang/Object;)Z (greylist, linking, allowed)

07-08 01:08:55.462  4948 20618 D GameManagerService: identifyGamePackage. com.wallapop, mCurrentUserId: 0, callerUserId: 0

07-08 01:08:55.463  4948 20618 D GamePkgDataHelper: getGamePkgData(). com.wallapop

07-08 01:08:55.610 31926 32345 W com.wallapop: Accessing hidden method Lsun/misc/Unsafe;->compareAndSwapObject(Ljava/lang/Object;JLjava/lang/Object;Ljava/lang/Object;)Z (greylist, linking, allowed)

07-08 01:08:55.611 31926 32357 W com.wallapop: Accessing hidden method Lsun/misc/Unsafe;->compareAndSwapObject(Ljava/lang/Object;JLjava/lang/Object;Ljava/lang/Object;)Z (greylist, linking, allowed)

07-08 01:08:55.616 31926 32187 W com.wallapop: Accessing hidden method Lsun/misc/Unsafe;->compareAndSwapObject(Ljava/lang/Object;JLjava/lang/Object;Ljava/lang/Object;)Z (greylist, linking, allowed)

07-08 01:08:55.922 31926 32357 W com.wallapop: Accessing hidden method Lsun/misc/Unsafe;->compareAndSwapObject(Ljava/lang/Object;JLjava/lang/Object;Ljava/lang/Object;)Z (greylist, linking, allowed)

07-08 01:08:55.923 31926 32187 W com.wallapop: Accessing hidden method Lsun/misc/Unsafe;->compareAndSwapObject(Ljava/lang/Object;JLjava/lang/Object;Ljava/lang/Object;)Z (greylist, linking, allowed)

07-08 01:08:55.927 31926 32356 W com.wallapop: Accessing hidden method Lsun/misc/Unsafe;->compareAndSwapObject(Ljava/lang/Object;JLjava/lang/Object;Ljava/lang/Object;)Z (greylist, linking, allowed)

07-08 01:08:56.128 31926 32356 W com.wallapop: Accessing hidden method Lsun/misc/Unsafe;->compareAndSwapObject(Ljava/lang/Object;JLjava/lang/Object;Ljava/lang/Object;)Z (greylist, linking, allowed)

07-08 01:08:56.128 31926 32355 W com.wallapop: Accessing hidden method Lsun/misc/Unsafe;->compareAndSwapObject(Ljava/lang/Object;JLjava/lang/Object;Ljava/lang/Object;)Z (greylist, linking, allowed)

07-08 01:08:56.299 31926 32346 W com.wallapop: Accessing hidden method Lsun/misc/Unsafe;->compareAndSwapObject(Ljava/lang/Object;JLjava/lang/Object;Ljava/lang/Object;)Z (greylist, linking, allowed)

07-08 01:08:56.486 31926 31926 W com.wallapop: Accessing hidden method Lsun/misc/Unsafe;->compareAndSwapObject(Ljava/lang/Object;JLjava/lang/Object;Ljava/lang/Object;)Z (greylist, linking, allowed)

07-08 01:08:56.486 31926 32356 W com.wallapop: Accessing hidden method Lsun/misc/Unsafe;->compareAndSwapObject(Ljava/lang/Object;JLjava/lang/Object;Ljava/lang/Object;)Z (greylist, linking, allowed)

07-08 01:08:56.486 31926 32346 W com.wallapop: Accessing hidden method Lsun/misc/Unsafe;->compareAndSwapObject(Ljava/lang/Object;JLjava/lang/Object;Ljava/lang/Object;)Z (greylist, linking, allowed)

07-08 01:08:56.488 31926 32351 W com.wallapop: Accessing hidden method Lsun/misc/Unsafe;->compareAndSwapObject(Ljava/lang/Object;JLjava/lang/Object;Ljava/lang/Object;)Z (greylist, linking, allowed)

07-08 01:08:56.726 31926 32336 W com.wallapop: Accessing hidden method Lsun/misc/Unsafe;->compareAndSwapObject(Ljava/lang/Object;JLjava/lang/Object;Ljava/lang/Object;)Z (greylist, linking, allowed)

07-08 01:08:56.728 31926 32355 W com.wallapop: Accessing hidden method Lsun/misc/Unsafe;->compareAndSwapObject(Ljava/lang/Object;JLjava/lang/Object;Ljava/lang/Object;)Z (greylist, linking, allowed)

07-08 01:08:56.729 31926 32356 W com.wallapop: Accessing hidden method Lsun/misc/Unsafe;->compareAndSwapObject(Ljava/lang/Object;JLjava/lang/Object;Ljava/lang/Object;)Z (greylist, linking, allowed)

07-08 01:08:56.760 31926 31926 W com.wallapop: Accessing hidden method Lsun/misc/Unsafe;->compareAndSwapObject(Ljava/lang/Object;JLjava/lang/Object;Ljava/lang/Object;)Z (greylist, linking, allowed)

07-08 01:08:56.978 31926 31926 W com.wallapop: Accessing hidden method Landroid/media/AudioTrack;->getLatency()I (greylist, reflection, allowed)

07-08 01:08:57.079 31926 31926 W com.wallapop: Accessing hidden method Lsun/misc/Unsafe;->compareAndSwapObject(Ljava/lang/Object;JLjava/lang/Object;Ljava/lang/Object;)Z (greylist, linking, allowed)

07-08 01:08:57.094 31926 32346 W com.wallapop: Accessing hidden method Lsun/misc/Unsafe;->compareAndSwapObject(Ljava/lang/Object;JLjava/lang/Object;Ljava/lang/Object;)Z (greylist, linking, allowed)

07-08 01:08:57.094 31926 32357 W com.wallapop: Accessing hidden method Lsun/misc/Unsafe;->compareAndSwapObject(Ljava/lang/Object;JLjava/lang/Object;Ljava/lang/Object;)Z (greylist, linking, allowed)

07-08 01:08:57.095 31926 32346 W com.wallapop: Accessing hidden method Lsun/misc/Unsafe;->compareAndSwapObject(Ljava/lang/Object;JLjava/lang/Object;Ljava/lang/Object;)Z (greylist, linking, allowed)

07-08 01:08:57.121 31926 31926 W com.wallapop: Accessing hidden method Lsun/misc/Unsafe;->compareAndSwapObject(Ljava/lang/Object;JLjava/lang/Object;Ljava/lang/Object;)Z (greylist, linking, allowed)

07-08 01:08:57.157  4948 12774 I CodecSolution: pid(31926) pkg(com.wallapop)

07-08 01:08:57.166  4948 14603 D CodecSolution: topName : com.wallapop

07-08 01:08:57.166  4948 14603 I CodecSolution: Top : com.wallapop

07-08 01:08:57.166  4948 14603 D SCPMHelper: getPackageInfo(com.wallapop)

07-08 01:08:57.193 31926 32187 W com.wallapop: Accessing hidden method Lsun/misc/Unsafe;->compareAndSwapObject(Ljava/lang/Object;JLjava/lang/Object;Ljava/lang/Object;)Z (greylist, linking, allowed)

07-08 01:08:57.199 31926 32187 W com.wallapop: Accessing hidden method Lsun/misc/Unsafe;->compareAndSwapObject(Ljava/lang/Object;JLjava/lang/Object;Ljava/lang/Object;)Z (greylist, linking, allowed)

07-08 01:08:57.229 31926 31926 W com.wallapop: Accessing hidden method Lsun/misc/Unsafe;->compareAndSwapObject(Ljava/lang/Object;JLjava/lang/Object;Ljava/lang/Object;)Z (greylist, linking, allowed)

07-08 01:08:57.487 31926 32351 W com.wallapop: Accessing hidden method Lsun/misc/Unsafe;->compareAndSwapObject(Ljava/lang/Object;JLjava/lang/Object;Ljava/lang/Object;)Z (greylist, linking, allowed)

07-08 01:08:57.487 31926 32346 W com.wallapop: Accessing hidden method Lsun/misc/Unsafe;->compareAndSwapObject(Ljava/lang/Object;JLjava/lang/Object;Ljava/lang/Object;)Z (greylist, linking, allowed)

07-08 01:08:57.488 31926 32356 W com.wallapop: Accessing hidden method Lsun/misc/Unsafe;->compareAndSwapObject(Ljava/lang/Object;JLjava/lang/Object;Ljava/lang/Object;)Z (greylist, linking, allowed)

07-08 01:08:57.490 31926 32356 W com.wallapop: Accessing hidden method Lsun/misc/Unsafe;->compareAndSwapObject(Ljava/lang/Object;JLjava/lang/Object;Ljava/lang/Object;)Z (greylist, linking, allowed)

07-08 01:08:57.570  4948 12774 I CodecSolution: pid(31926) pkg(com.wallapop)

07-08 01:08:57.579  4948 15823 D CodecSolution: topName : com.wallapop

07-08 01:08:57.579  4948 15823 I CodecSolution: Top : com.wallapop

07-08 01:08:57.579  4948 15823 D SCPMHelper: getPackageInfo(com.wallapop)

07-08 01:08:57.804 31926 31926 W com.wallapop: Accessing hidden method Lsun/misc/Unsafe;->compareAndSwapObject(Ljava/lang/Object;JLjava/lang/Object;Ljava/lang/Object;)Z (greylist, linking, allowed)

07-08 01:08:57.876 31926 31926 W com.wallapop: Accessing hidden method Lsun/misc/Unsafe;->compareAndSwapObject(Ljava/lang/Object;JLjava/lang/Object;Ljava/lang/Object;)Z (greylist, linking, allowed)

07-08 01:08:57.922  4948 12774 I CodecSolution: pid(31926) pkg(com.wallapop)

07-08 01:08:57.932  4948 15039 D CodecSolution: topName : com.wallapop

07-08 01:08:57.932  4948 15039 I CodecSolution: Top : com.wallapop

07-08 01:08:57.932  4948 15039 D SCPMHelper: getPackageInfo(com.wallapop)

07-08 01:08:57.958 31926 32481 I chatty  : uid=10385(com.wallapop) CodecLooper identical 1 line

07-08 01:08:58.065 31926 32444 I chatty  : uid=10385(com.wallapop) CodecLooper identical 3 lines

07-08 01:08:58.519 31926 32462 I chatty  : uid=10385(com.wallapop) CodecLooper identical 3 lines

07-08 01:08:58.899 31926 32481 I chatty  : uid=10385(com.wallapop) CodecLooper identical 1 line

07-08 01:09:00.578 31926 31991 W com.wallapop: Accessing hidden method Lsun/misc/Unsafe;->putObject(Ljava/lang/Object;JLjava/lang/Object;)V (greylist, linking, allowed)

07-08 01:09:00.580 31926 31991 W com.wallapop: Accessing hidden method Lsun/misc/Unsafe;->getInt(Ljava/lang/Object;J)I (greylist, linking, allowed)

07-08 01:09:00.580 31926 31991 W com.wallapop: Accessing hidden method Lsun/misc/Unsafe;->putInt(Ljava/lang/Object;JI)V (greylist, linking, allowed)

07-08 01:09:00.580 31926 31991 W com.wallapop: Accessing hidden method Lsun/misc/Unsafe;->putLong(Ljava/lang/Object;JJ)V (greylist, linking, allowed)

07-08 01:09:00.580 31926 32019 W com.wallapop: Accessing hidden method Lsun/misc/Unsafe;->putInt(Ljava/lang/Object;JI)V (greylist, linking, allowed)

07-08 01:09:00.922 31926 31991 W com.wallapop: Accessing hidden method Lsun/misc/Unsafe;->putInt(Ljava/lang/Object;JI)V (greylist, linking, allowed)

07-08 01:09:00.923 31926 32019 W com.wallapop: Accessing hidden method Lsun/misc/Unsafe;->putInt(Ljava/lang/Object;JI)V (greylist, linking, allowed)

07-08 01:09:01.083 31926 31991 W com.wallapop: Accessing hidden method Lsun/misc/Unsafe;->putInt(Ljava/lang/Object;JI)V (greylist, linking, allowed)

07-08 01:09:01.086 31926 32019 W com.wallapop: Accessing hidden method Lsun/misc/Unsafe;->putInt(Ljava/lang/Object;JI)V (greylist, linking, allowed)

07-08 01:09:03.098  4948  5727 V SamsungAlarmManager: Sending to uid : 10385 action=com.appboy.action.receiver.DATA_SYNC alarm=Alarm{49c91b9 type 1 when 1594163340493 com.wallapop}

07-08 01:09:03.188 31926 32405 W com.wallapop: Accessing hidden method Lsun/misc/Unsafe;->putInt(Ljava/lang/Object;JI)V (greylist, linking, allowed)

07-08 01:09:03.195 31926 32019 W com.wallapop: Accessing hidden method Lsun/misc/Unsafe;->putInt(Ljava/lang/Object;JI)V (greylist, linking, allowed)

07-08 01:09:03.566  4948 15039 D WindowManager: w is invisible : 2437f64 com.wallapop/com.rewallapop.ui.wall.WallActivity

07-08 01:09:03.567  4948 15039 D WindowManager: windowMattersToAccessibility, check : 2437f64 com.wallapop/com.rewallapop.ui.wall.WallActivity

07-08 01:09:04.956  4948 14527 I ActivityTaskManager: START u0 {cmp=com.wallapop/.activities.PreferencesActivity (has extras)} from uid 10385

07-08 01:09:04.970  4382  5787 I SurfaceFlinger: id=1639 createSurf (0x0),-1 flag=80004, AppWindowToken{241bbf3 token=Token{489de62 ActivityRecord{6d2592d u0 com.wallapop/.activities.PreferencesActivity t1309}}}#0

07-08 01:09:04.975  4948 14527 D WindowManager: w is invisible : 2437f64 com.wallapop/com.rewallapop.ui.wall.WallActivity

07-08 01:09:04.975  4948 14527 D WindowManager: windowMattersToAccessibility, check : 2437f64 com.wallapop/com.rewallapop.ui.wall.WallActivity

07-08 01:09:04.977 31926 31926 W com.wallapop: Accessing hidden method Lsun/misc/Unsafe;->getObjectVolatile(Ljava/lang/Object;J)Ljava/lang/Object; (greylist, linking, allowed)

07-08 01:09:04.977 31926 31926 W com.wallapop: Accessing hidden method Lsun/misc/Unsafe;->putOrderedLong(Ljava/lang/Object;JJ)V (greylist, linking, allowed)

07-08 01:09:04.982  4948 14527 D GamePkgDataHelper: notifyAppCreate(), pkgName: com.wallapop, sendRet: true

07-08 01:09:04.982  4948 12772 D GameManagerService: onLooperPrepared(), msg: { when=0 what=10010 obj=com.wallapop target=com.samsung.android.game.GameManagerService$FgCheckThread$1 }

07-08 01:09:04.982  4948 12772 D GameManagerService: handleMessage(), MSG_APP_CREATE. pkgName: com.wallapop

07-08 01:09:04.983  4948 14527 V WindowManager: Changing focus from Window{2437f64 u0 com.wallapop/com.rewallapop.ui.wall.WallActivity} to null displayId=0 Callers=com.android.server.wm.RootWindowContainer.updateFocusedWindowLocked:202 com.android.server.wm.WindowManagerService.updateFocusedWindowLocked:6282 com.android.server.wm.ActivityDisplay.setFocusedApp:1583 com.android.server.wm.ActivityTaskManagerService.setResumedActivityUncheckLocked:6860 com.android.server.wm.ActivityStack.onActivityStateChanged:653 com.android.server.wm.TaskRecord.onActivityStateChanged:2248

07-08 01:09:04.983  4948 14527 D MARsPolicyManager: onPackageResumedFG pkgName = com.wallapop, userId = 0

07-08 01:09:04.985  4948  5100 D GameManagerService: notePauseComponent(), pauseComponent: com.wallapop

07-08 01:09:04.991  4948  5100 I WindowManager: Focus moving from Window{2437f64 u0 com.wallapop/com.rewallapop.ui.wall.WallActivity} to null displayId=0

07-08 01:09:04.991  4948  5100 I WindowManager: Losing focus: Window{2437f64 u0 com.wallapop/com.rewallapop.ui.wall.WallActivity}

07-08 01:09:04.994  4948  5100 D GameManagerService: noteResumeComponent(), resumeComponent: com.wallapop

07-08 01:09:04.994  4948 12772 D GameManagerService: onLooperPrepared(), msg: { when=-1ms what=10000 obj=ComponentInfo{com.wallapop/com.wallapop.activities.PreferencesActivity} target=com.samsung.android.game.GameManagerService$FgCheckThread$1 }

07-08 01:09:04.995  4948 12772 D GameManagerService: notifyResumePause(). pkg: com.wallapop, type: 4, isMinimized: false, isTunableApp: false

07-08 01:09:05.034  4948 12838 D SamsungAlarmManager: Cancel Alarm calling from uid:10385 pid :31926 / op:PendingIntent{4e84e47: PendingIntentRecord{73e536 com.wallapop broadcastIntent}}

07-08 01:09:05.035  4948 12838 D SamsungAlarmManager: Cancel Alarm calling from uid:10385 pid :31926 / op:PendingIntent{ad2674: PendingIntentRecord{73e536 com.wallapop broadcastIntent}}

07-08 01:09:05.081  4382  5775 I SurfaceFlinger: id=1640 createSurf (0x0),-1 flag=80004, 16aa412 com.wallapop/com.wallapop.activities.PreferencesActivity#0

07-08 01:09:05.097  4948 12838 V WindowManager: Relayout Window{16aa412 u0 com.wallapop/com.wallapop.activities.PreferencesActivity}: viewVisibility=0 req=1080x2220

07-08 01:09:05.099  4382  5775 I SurfaceFlinger: id=1641 createSurf (1080x2220),1 flag=404, com.wallapop/com.wallapop.activities.PreferencesActivity$_31926#0

07-08 01:09:05.099  4948 12838 D WindowManager: makeSurface duration=1 name=com.wallapop/com.wallapop.activities.PreferencesActivity$_31926

07-08 01:09:05.100  4948 12838 V WindowManager: Changing focus from null to Window{16aa412 u0 com.wallapop/com.wallapop.activities.PreferencesActivity} displayId=0 Callers=com.android.server.wm.RootWindowContainer.updateFocusedWindowLocked:202 com.android.server.wm.WindowManagerService.updateFocusedWindowLocked:6282 com.android.server.wm.WindowManagerService.relayoutWindow:2574 com.android.server.wm.Session.relayout:202 android.view.IWindowSession$Stub.onTransact:708 com.android.server.wm.Session.onTransact:142

07-08 01:09:05.100  4948  5098 D WindowManager: setSystemUiVisibility: displayId=0, vis=0xa018, fullVis=0x2000, dockVis=0x0, win=Window{16aa412 u0 com.wallapop/com.wallapop.activities.PreferencesActivity}

07-08 01:09:05.101  4948  5100 I WindowManager: Focus moving from null to Window{16aa412 u0 com.wallapop/com.wallapop.activities.PreferencesActivity} displayId=0

07-08 01:09:05.101  4948  5100 D WindowManager: w is invisible : 2437f64 com.wallapop/com.rewallapop.ui.wall.WallActivity

07-08 01:09:05.101  4948  5100 D WindowManager: w is invisible : 16aa412 com.wallapop/com.wallapop.activities.PreferencesActivity

07-08 01:09:05.102  4948  5100 D WindowManager: windowMattersToAccessibility, check : 16aa412 com.wallapop/com.wallapop.activities.PreferencesActivity

07-08 01:09:05.102  4948  5100 I WindowManager: Gaining focus: Window{16aa412 u0 com.wallapop/com.wallapop.activities.PreferencesActivity}

07-08 01:09:05.109  4948 12838 D WindowManager: w is invisible : 2437f64 com.wallapop/com.rewallapop.ui.wall.WallActivity

07-08 01:09:05.109  4948 12838 D WindowManager: w is invisible : 16aa412 com.wallapop/com.wallapop.activities.PreferencesActivity

07-08 01:09:05.109  4948 12838 D WindowManager: windowMattersToAccessibility, check : 16aa412 com.wallapop/com.wallapop.activities.PreferencesActivity

07-08 01:09:05.122  4948 12838 D WindowManager: finishDrawingWindow: Window{16aa412 u0 com.wallapop/com.wallapop.activities.PreferencesActivity} mDrawState=DRAW_PENDING

07-08 01:09:05.124  4948  5101 I WindowManager: Reparenting to leash, surface=Surface(name=AppWindowToken{5bfcfc8 token=Token{c69386b ActivityRecord{81821ba u0 com.wallapop/com.rewallapop.ui.wall.WallActivity t1309}}})/@0xb97ed16

07-08 01:09:05.125  4382  5775 I SurfaceFlinger: id=1642 createSurf (0x0),-1 flag=80004, Surface(name=AppWindowToken{5bfcfc8 token=Token{c69386b ActivityRecord{81821ba u0 com.wallapop/com.rewallapop.ui.wall.WallActivity t1309}}})/@0xb97ed16 - animation-leash#0

07-08 01:09:05.125  4948  5101 D WindowManager: makeSurface duration=0 leash=Surface(name=Surface(name=AppWindowToken{5bfcfc8 token=Token{c69386b ActivityRecord{81821ba u0 com.wallapop/com.rewallapop.ui.wall.WallActivity t1309}}})/@0xb97ed16 - animation-leash)/@0x78abf3f

07-08 01:09:05.125  4382  5775 I SurfaceFlinger: id=1643 createSurf (0x0),-1 flag=80004, Surface(name=AppWindowToken{5bfcfc8 token=Token{c69386b ActivityRecord{81821ba u0 com.wallapop/com.rewallapop.ui.wall.WallActivity t1309}}})/@0xb97ed16 - animation-bounds#0

07-08 01:09:05.127  4948  5101 I WindowManager: Reparenting to leash, surface=Surface(name=AppWindowToken{241bbf3 token=Token{489de62 ActivityRecord{6d2592d u0 com.wallapop/.activities.PreferencesActivity t1309}}})/@0x72114a4

07-08 01:09:05.127  4382  5775 I SurfaceFlinger: id=1646 createSurf (0x0),-1 flag=80004, Surface(name=AppWindowToken{241bbf3 token=Token{489de62 ActivityRecord{6d2592d u0 com.wallapop/.activities.PreferencesActivity t1309}}})/@0x72114a4 - animation-leash#0

07-08 01:09:05.128  4948  5101 D WindowManager: makeSurface duration=0 leash=Surface(name=Surface(name=AppWindowToken{241bbf3 token=Token{489de62 ActivityRecord{6d2592d u0 com.wallapop/.activities.PreferencesActivity t1309}}})/@0x72114a4 - animation-leash)/@0x837f20d

07-08 01:09:05.128  4382  5775 I SurfaceFlinger: id=1647 createSurf (0x0),-1 flag=80004, Surface(name=AppWindowToken{241bbf3 token=Token{489de62 ActivityRecord{6d2592d u0 com.wallapop/.activities.PreferencesActivity t1309}}})/@0x72114a4 - animation-bounds#0

07-08 01:09:05.129  4948  5101 D PkgPredictorService: pkg:com.wallapop activity:com.wallapop.activities.PreferencesActivity thisTime:-1

07-08 01:09:05.133 31926 31926 V InputMethodManager: Starting input: tba=com.wallapop ic=null mNaviBarColor -1 mIsGetNaviBarColorSuccess true , NavVisible : true , NavTrans : false

07-08 01:09:05.159  4382  4382 I SurfaceFlinger:      DEVICE | 0x7afdfc7800 | 0002 | RGBA_8888 |   0.0    1.0 1080.0 2220.0 |    0    0 1080 2220 | com.wallapop/com.rewallapop.ui.wall.WallActivity$_31926#0

07-08 01:09:05.159  4382  4382 I SurfaceFlinger:      DEVICE | 0x7afc34f900 | 0002 | RGBA_8888 |   0.0    0.0 1080.0 1701.0 |    0  519 1080 2220 | com.wallapop/com.wallapop.activities.PreferencesActivity$_31926#0

07-08 01:09:05.176  4382  4382 I SurfaceFlinger:      DEVICE | 0x7afdfc7800 | 0002 | RGBA_8888 |   0.0    3.0 1080.0 2220.0 |    0    0 1080 2217 | com.wallapop/com.rewallapop.ui.wall.WallActivity$_31926#0

07-08 01:09:05.176  4382  4382 I SurfaceFlinger:      DEVICE | 0x7afc34fb80 | 0002 | RGBA_8888 |   0.0    0.0 1080.0 1721.0 |    0  498 1080 2220 | com.wallapop/com.wallapop.activities.PreferencesActivity$_31926#0

07-08 01:09:05.230  4948  5100 D WindowManager: w is invisible : 2437f64 com.wallapop/com.rewallapop.ui.wall.WallActivity

07-08 01:09:05.230  4948  5100 D WindowManager: w is invisible : 16aa412 com.wallapop/com.wallapop.activities.PreferencesActivity

07-08 01:09:05.230  4948  5100 D WindowManager: windowMattersToAccessibility, check : 16aa412 com.wallapop/com.wallapop.activities.PreferencesActivity

07-08 01:09:05.423  4948  5101 I WindowManager: Reparenting to original parent: Surface(name=Task=1309)/@0x7b3db08, destroyLeash=true, surface=Surface(name=AppWindowToken{5bfcfc8 token=Token{c69386b ActivityRecord{81821ba u0 com.wallapop/com.rewallapop.ui.wall.WallActivity t1309}}})/@0xb97ed16

07-08 01:09:05.423  4948  5101 V WindowManager: Setting visibility of Window{2437f64 u0 com.wallapop/com.rewallapop.ui.wall.WallActivity}: false, caller=com.android.server.wm.WindowContainer.sendAppVisibilityToClients:640 com.android.server.wm.AppWindowToken.setClientHidden:639 com.android.server.wm.AppWindowToken.onAnimationFinished:3839 com.android.server.wm.-$$Lambda$yVRF8YoeNdTa8GR1wDStVsHu8xM.run:2 com.android.server.wm.SurfaceAnimator.lambda$getFinishedCallback$0$SurfaceAnimator:100

07-08 01:09:05.424  4948  5101 I WindowManager: Reparenting to original parent: Surface(name=Task=1309)/@0x7b3db08, destroyLeash=true, surface=Surface(name=AppWindowToken{241bbf3 token=Token{489de62 ActivityRecord{6d2592d u0 com.wallapop/.activities.PreferencesActivity t1309}}})/@0x72114a4

07-08 01:09:05.427  4382  5787 I Layer   : id=1642 removeFromCurrentState Surface(name=AppWindowToken{5bfcfc8 token=Token{c69386b ActivityRecord{81821ba u0 com.wallapop/com.rewallapop.ui.wall.WallActivity t1309}}})/@0xb97ed16 - animation-leash#0 (63)

07-08 01:09:05.427  4382  5787 I Layer   : id=1643 removeFromCurrentState Surface(name=AppWindowToken{5bfcfc8 token=Token{c69386b ActivityRecord{81821ba u0 com.wallapop/com.rewallapop.ui.wall.WallActivity t1309}}})/@0xb97ed16 - animation-bounds#0 (63)

07-08 01:09:05.427  4382  5787 I Layer   : id=1646 removeFromCurrentState Surface(name=AppWindowToken{241bbf3 token=Token{489de62 ActivityRecord{6d2592d u0 com.wallapop/.activities.PreferencesActivity t1309}}})/@0x72114a4 - animation-leash#0 (63)

07-08 01:09:05.427  4382  5787 I Layer   : id=1640 removeFromCurrentState 16aa412 com.wallapop/com.wallapop.activities.PreferencesActivity#0 (63)

07-08 01:09:05.427  4382  5787 I Layer   : id=1641 removeFromCurrentState com.wallapop/com.wallapop.activities.PreferencesActivity$_31926#0 (63)

07-08 01:09:05.427  4382  5787 I Layer   : id=1639 removeFromCurrentState AppWindowToken{241bbf3 token=Token{489de62 ActivityRecord{6d2592d u0 com.wallapop/.activities.PreferencesActivity t1309}}}#0 (63)

07-08 01:09:05.427  4382  5787 I Layer   : id=1642 removeFromCurrentState Surface(name=AppWindowToken{5bfcfc8 token=Token{c69386b ActivityRecord{81821ba u0 com.wallapop/com.rewallapop.ui.wall.WallActivity t1309}}})/@0xb97ed16 - animation-leash#0 (63)

07-08 01:09:05.427  4382  5787 I Layer   : id=1647 removeFromCurrentState Surface(name=AppWindowToken{241bbf3 token=Token{489de62 ActivityRecord{6d2592d u0 com.wallapop/.activities.PreferencesActivity t1309}}})/@0x72114a4 - animation-bounds#0 (63)

07-08 01:09:05.427  4382  5787 I SurfaceFlinger: id=1643 Removed Surface(name=AppWindowToken{5bfcfc8 token=Token{c69386b ActivityRecord{81821ba u0 com.wallapop/com.rewallapop.ui.wall.WallActivity t1309}}})/@0xb97ed16 - animation-bounds#0 (63)

07-08 01:09:05.427  4382  5787 I SurfaceFlinger: id=1646 Removed Surface(name=AppWindowToken{241bbf3 token=Token{489de62 ActivityRecord{6d2592d u0 com.wallapop/.activities.PreferencesActivity t1309}}})/@0x72114a4 - animation-leash#0 (63)

07-08 01:09:05.427  4382  5787 I SurfaceFlinger: id=1642 Removed Surface(name=AppWindowToken{5bfcfc8 token=Token{c69386b ActivityRecord{81821ba u0 com.wallapop/com.rewallapop.ui.wall.WallActivity t1309}}})/@0xb97ed16 - animation-leash#0 (63)

07-08 01:09:05.427  4382  4439 I SurfaceFlinger: id=1647 Removed Surface(name=AppWindowToken{241bbf3 token=Token{489de62 ActivityRecord{6d2592d u0 com.wallapop/.activities.PreferencesActivity t1309}}})/@0x72114a4 - animation-bounds#0 (63)

07-08 01:09:05.440  4382  4382 I Layer   : id=1643[1] Destroyed Surface(name=AppWindowToken{5bfcfc8 token=Token{c69386b ActivityRecord{81821ba u0 com.wallapop/com.rewallapop.ui.wall.WallActivity t1309}}})/@0xb97ed16 - animation-bounds#0

07-08 01:09:05.440  4382  4382 I Layer   : id=1642[1] Destroyed Surface(name=AppWindowToken{5bfcfc8 token=Token{c69386b ActivityRecord{81821ba u0 com.wallapop/com.rewallapop.ui.wall.WallActivity t1309}}})/@0xb97ed16 - animation-leash#0

07-08 01:09:05.440  4382  4382 I Layer   : id=1647[1] Destroyed Surface(name=AppWindowToken{241bbf3 token=Token{489de62 ActivityRecord{6d2592d u0 com.wallapop/.activities.PreferencesActivity t1309}}})/@0x72114a4 - animation-bounds#0

07-08 01:09:05.440  4382  4382 I Layer   : id=1646[1] Destroyed Surface(name=AppWindowToken{241bbf3 token=Token{489de62 ActivityRecord{6d2592d u0 com.wallapop/.activities.PreferencesActivity t1309}}})/@0x72114a4 - animation-leash#0

07-08 01:09:05.443  4382  4382 I SurfaceFlinger:      DEVICE | 0x7afc34f900 | 0002 | RGBA_8888 |   0.0    0.0 1080.0 2220.0 |    0    0 1080 2220 | com.wallapop/com.wallapop.activities.PreferencesActivity$_31926#0

07-08 01:09:05.443  4382  5787 E BufferQueueProducer: [com.wallapop/com.rewallapop.ui.wall.WallActivity$_31926#0] disconnect: not connected (req=1)

07-08 01:09:05.444  4948 12838 V WindowManager: Relayout Window{2437f64 u0 com.wallapop/com.rewallapop.ui.wall.WallActivity}: viewVisibility=8 req=1080x2220

07-08 01:09:05.454 12945 12986 E RequestManager_FLP: [FusedLocationApi] Location remove 2d26b5a from com.wallapop

07-08 01:09:05.474  4948 12838 V WindowManager: Relayout Window{2437f64 u0 com.wallapop/com.rewallapop.ui.wall.WallActivity}: viewVisibility=8 req=1080x2220

07-08 01:09:05.480  4948 12838 E WindowManager: win=Window{2437f64 u0 com.wallapop/com.rewallapop.ui.wall.WallActivity} destroySurfaces: appStopped=true win.mWindowRemovalAllowed=false win.mRemoveOnExit=false win.mViewVisibility=8 caller=com.android.server.wm.AppWindowToken.destroySurfaces:1234 com.android.server.wm.AppWindowToken.destroySurfaces:1215 com.android.server.wm.AppWindowToken.notifyAppStopped:1270 com.android.server.wm.ActivityRecord.activityStoppedLocked:2653 com.android.server.wm.ActivityTaskManagerService.activityStopped:2483 android.app.IActivityTaskManager$Stub.onTransact:2224 android.os.Binder.execTransactInternal:1056

07-08 01:09:05.481  4948 12838 I WindowManager: Destroying surface Surface(name=com.wallapop/com.rewallapop.ui.wall.WallActivity$_31926)/@0x7b2bc21 called by com.android.server.wm.WindowStateAnimator.destroySurface:1790 com.android.server.wm.WindowStateAnimator.destroySurfaceLocked:720 com.android.server.wm.WindowState.destroySurfaceUnchecked:3540 com.android.server.wm.WindowState.destroySurface:3514 com.android.server.wm.AppWindowToken.destroySurfaces:1234 com.android.server.wm.AppWindowToken.destroySurfaces:1215 com.android.server.wm.AppWindowToken.notifyAppStopped:1270 com.android.server.wm.ActivityRecord.activityStoppedLocked:2653

07-08 01:09:05.481  4382  5787 I Layer   : id=1637 removeFromCurrentState com.wallapop/com.rewallapop.ui.wall.WallActivity$_31926#0 (57)

07-08 01:09:05.491  4382  5787 I SurfaceFlinger: id=1637 Removed com.wallapop/com.rewallapop.ui.wall.WallActivity$_31926#0 (57)

07-08 01:09:05.507  4382  4382 I Layer   : id=1637[1] Destroyed com.wallapop/com.rewallapop.ui.wall.WallActivity$_31926#0

07-08 01:09:05.524  4948  5100 D WindowManager: w is invisible : 2437f64 com.wallapop/com.rewallapop.ui.wall.WallActivity

07-08 01:09:05.524  4948  5100 D WindowManager: w is invisible : 2437f64 com.wallapop/com.rewallapop.ui.wall.WallActivity

07-08 01:09:05.524  4948  5100 D WindowManager: w is invisible : 16aa412 com.wallapop/com.wallapop.activities.PreferencesActivity

07-08 01:09:05.524  4948  5100 D WindowManager: windowMattersToAccessibility, check : 16aa412 com.wallapop/com.wallapop.activities.PreferencesActivity

07-08 01:09:06.460 31926 31968 W com.wallapop: Accessing hidden method Lsun/misc/Unsafe;->getObject(Ljava/lang/Object;J)Ljava/lang/Object; (greylist, linking, allowed)

07-08 01:09:06.460 31926 31968 W com.wallapop: Accessing hidden method Lsun/misc/Unsafe;->putObject(Ljava/lang/Object;JLjava/lang/Object;)V (greylist, linking, allowed)

07-08 01:09:06.462 31926 31968 W com.wallapop: Accessing hidden method Lsun/misc/Unsafe;->getInt(Ljava/lang/Object;J)I (greylist, linking, allowed)

07-08 01:09:06.462 31926 31968 W com.wallapop: Accessing hidden method Lsun/misc/Unsafe;->putInt(Ljava/lang/Object;JI)V (greylist, linking, allowed)

07-08 01:09:06.462 31926 31968 W com.wallapop: Accessing hidden method Lsun/misc/Unsafe;->putLong(Ljava/lang/Object;JJ)V (greylist, linking, allowed)

07-08 01:09:06.466 31926 32019 W com.wallapop: Accessing hidden method Lsun/misc/Unsafe;->putInt(Ljava/lang/Object;JI)V (greylist, linking, allowed)

07-08 01:09:07.045 31926 31932 I com.wallapop: Compiler allocated 4171KB to compile void android.view.ViewRootImpl.performTraversals()

07-08 01:09:07.447  4948  4948 D GameManagerService: identifyGamePackage. com.wallapop, mCurrentUserId: 0, callerUserId: 0

07-08 01:09:07.447  4948  4948 D GamePkgDataHelper: getGamePkgData(). com.wallapop

07-08 01:09:07.949 31926 31982 W com.wallapop: Accessing hidden method Lsun/misc/Unsafe;->putInt(Ljava/lang/Object;JI)V (greylist, linking, allowed)

07-08 01:09:07.950 31926 32019 W com.wallapop: Accessing hidden method Lsun/misc/Unsafe;->putInt(Ljava/lang/Object;JI)V (greylist, linking, allowed)


