07-08 01:08:50.051 31926 32019 W com.wallapop: Accessing hidden method Llibcore/io/Memory;->peekLong(JZ)J (greylist, reflection, allowed)

07-08 01:08:50.051 31926 32019 W com.wallapop: Accessing hidden method Llibcore/io/Memory;->pokeLong(JJZ)V (greylist, reflection, allowed)

07-08 01:08:50.051 31926 32019 W com.wallapop: Accessing hidden method Llibcore/io/Memory;->pokeInt(JIZ)V (greylist, reflection, allowed)

07-08 01:08:50.051 31926 32019 W com.wallapop: Accessing hidden method Llibcore/io/Memory;->peekInt(JZ)I (greylist, reflection, allowed)

07-08 01:08:50.051 31926 32019 W com.wallapop: Accessing hidden method Llibcore/io/Memory;->pokeByte(JB)V (greylist, reflection, allowed)

07-08 01:08:50.052 31926 32019 W com.wallapop: Accessing hidden method Llibcore/io/Memory;->peekByte(J)B (greylist, reflection, allowed)

07-08 01:08:50.052 31926 32019 W com.wallapop: Accessing hidden method Llibcore/io/Memory;->pokeByteArray(J[BII)V (greylist, reflection, allowed)

07-08 01:08:50.052 31926 32019 W com.wallapop: Accessing hidden method Llibcore/io/Memory;->peekByteArray(J[BII)V (greylist, reflection, allowed)

07-08 01:08:50.052 31926 32019 W com.wallapop: Accessing hidden method Lsun/misc/Unsafe;->getLong(Ljava/lang/Object;J)J (greylist,core-platform-api, reflection, allowed)

07-08 01:08:50.052 31926 32019 W com.wallapop: Accessing hidden field Ljava/nio/Buffer;->address:J (greylist, reflection, allowed)

07-08 01:08:50.052 31926 32019 W com.wallapop: Accessing hidden method Lsun/misc/Unsafe;->getInt(Ljava/lang/Object;J)I (greylist, reflection, allowed)

07-08 01:08:50.052 31926 32019 W com.wallapop: Accessing hidden method Lsun/misc/Unsafe;->putInt(Ljava/lang/Object;JI)V (greylist, reflection, allowed)

07-08 01:08:50.052 31926 32019 W com.wallapop: Accessing hidden method Lsun/misc/Unsafe;->getLong(Ljava/lang/Object;J)J (greylist,core-platform-api, reflection, allowed)

07-08 01:08:50.052 31926 32019 W com.wallapop: Accessing hidden method Lsun/misc/Unsafe;->putLong(Ljava/lang/Object;JJ)V (greylist, reflection, allowed)

07-08 01:08:50.052 31926 32019 W com.wallapop: Accessing hidden method Lsun/misc/Unsafe;->getObject(Ljava/lang/Object;J)Ljava/lang/Object; (greylist, reflection, allowed)

07-08 01:08:50.053 31926 32019 W com.wallapop: Accessing hidden method Lsun/misc/Unsafe;->putObject(Ljava/lang/Object;JLjava/lang/Object;)V (greylist, reflection, allowed)

07-08 01:08:50.140  4948 15033 D PackageManager: setEnabledSetting : userId = 0 packageName = com.wallapop cmp = androidx.work.impl.background.systemalarm.RescheduleReceiver newState = 1 callingPackage = 10385/com.wallapop

07-08 01:08:50.153  4948 14527 D SamsungAlarmManager: Cancel Alarm calling from uid:10385 pid :31926 / op:PendingIntent{40c988b: PendingIntentRecord{83386e0 com.wallapop broadcastIntent}}

07-08 01:08:50.190 31926 31982 W com.wallapop: Accessing hidden method Lsun/misc/Unsafe;->allocateInstance(Ljava/lang/Class;)Ljava/lang/Object; (greylist, reflection, allowed)

07-08 01:08:50.202  4948 14527 D BaseRestrictionMgr: Package: com.android.vending, userid: 0, hostingType: bindService is allowed by freecess, caller is: com.wallapop

07-08 01:08:50.282  4948 15033 D SamsungAlarmManager: Cancel Alarm calling from uid:10385 pid :31926 / op:PendingIntent{435e862: PendingIntentRecord{73e536 com.wallapop broadcastIntent}}

07-08 01:08:50.302 31926 31926 I chatty  : uid=10385(com.wallapop) identical 5 lines

07-08 01:08:50.304 31926 31926 I chatty  : uid=10385(com.wallapop) identical 1 line

07-08 01:08:50.304 31926 31926 I chatty  : uid=10385(com.wallapop) identical 1 line

07-08 01:08:50.305 31926 31926 I chatty  : uid=10385(com.wallapop) identical 6 lines

07-08 01:08:50.346  4948 14527 I ActivityTaskManager: START u0 {cmp=com.wallapop/com.rewallapop.ui.wall.WallActivity (has extras)} from uid 10385

07-08 01:08:50.351  4382  5775 I SurfaceFlinger: id=1631 createSurf (0x0),-1 flag=80004, AppWindowToken{5bfcfc8 token=Token{c69386b ActivityRecord{81821ba u0 com.wallapop/com.rewallapop.ui.wall.WallActivity t1309}}}#0

07-08 01:08:50.354  4948  5098 D WindowManager: setSystemUiVisibility: displayId=0, vis=0xa018, fullVis=0x2000, dockVis=0x0, win=Window{f406ae2 u0 Splash Screen com.wallapop}

07-08 01:08:50.367 31926 32013 W com.wallapop: Accessing hidden method Lsun/misc/Unsafe;->getObject(Ljava/lang/Object;J)Ljava/lang/Object; (greylist, linking, allowed)

07-08 01:08:50.370 31926 32013 W com.wallapop: Accessing hidden method Lsun/misc/Unsafe;->putObject(Ljava/lang/Object;JLjava/lang/Object;)V (greylist, linking, allowed)

07-08 01:08:50.372 31926 32019 W com.wallapop: Accessing hidden method Lsun/misc/Unsafe;->putObject(Ljava/lang/Object;JLjava/lang/Object;)V (greylist, linking, allowed)

07-08 01:08:50.378 31926 31926 W com.wallapop: Accessing hidden method Landroid/view/View;->computeFitSystemWindows(Landroid/graphics/Rect;Landroid/graphics/Rect;)Z (greylist, reflection, allowed)

07-08 01:08:50.379 31926 31926 W com.wallapop: Accessing hidden method Landroid/view/ViewGroup;->makeOptionalFitsSystemWindows()V (greylist, reflection, allowed)

07-08 01:08:50.444 31926 31991 W com.wallapop: Accessing hidden method Lsun/misc/Unsafe;->putObject(Ljava/lang/Object;JLjava/lang/Object;)V (greylist, linking, allowed)

07-08 01:08:50.445 31926 31991 W com.wallapop: Accessing hidden method Lsun/misc/Unsafe;->getInt(Ljava/lang/Object;J)I (greylist, linking, allowed)

07-08 01:08:50.445 31926 31991 W com.wallapop: Accessing hidden method Lsun/misc/Unsafe;->putInt(Ljava/lang/Object;JI)V (greylist, linking, allowed)

07-08 01:08:50.445 31926 31991 W com.wallapop: Accessing hidden method Lsun/misc/Unsafe;->getLong(Ljava/lang/Object;J)J (greylist,core-platform-api, linking, allowed)

07-08 01:08:50.445 31926 31991 W com.wallapop: Accessing hidden method Lsun/misc/Unsafe;->putLong(Ljava/lang/Object;JJ)V (greylist, linking, allowed)

07-08 01:08:50.445 31926 32019 W com.wallapop: Accessing hidden method Lsun/misc/Unsafe;->putInt(Ljava/lang/Object;JI)V (greylist, linking, allowed)

07-08 01:08:50.488 31926 31926 W com.wallapop: Accessing hidden method Lsun/misc/Unsafe;->getObjectVolatile(Ljava/lang/Object;J)Ljava/lang/Object; (greylist, linking, allowed)

07-08 01:08:50.488 31926 31926 W com.wallapop: Accessing hidden method Lsun/misc/Unsafe;->putOrderedObject(Ljava/lang/Object;JLjava/lang/Object;)V (greylist, linking, allowed)

07-08 01:08:50.488 31926 31926 W com.wallapop: Accessing hidden method Lsun/misc/Unsafe;->putOrderedLong(Ljava/lang/Object;JJ)V (greylist, linking, allowed)

07-08 01:08:50.524  4948  5106 D ApplicationPolicy: isStatusBarNotificationAllowedAsUser: packageName = com.wallapop,userId = 0

07-08 01:08:50.525  4948  5106 D ApplicationPolicy: isStatusBarNotificationAllowedAsUser: packageName = com.wallapop,userId = 0

07-08 01:08:50.534  4948 14527 D GamePkgDataHelper: notifyAppCreate(), pkgName: com.wallapop, sendRet: true

07-08 01:08:50.534  4948 12772 D GameManagerService: onLooperPrepared(), msg: { when=0 what=10010 obj=com.wallapop target=com.samsung.android.game.GameManagerService$FgCheckThread$1 }

07-08 01:08:50.534  4948 12772 D GameManagerService: handleMessage(), MSG_APP_CREATE. pkgName: com.wallapop

07-08 01:08:50.534  4948 14527 D MARsPolicyManager: onPackageResumedFG pkgName = com.wallapop, userId = 0

07-08 01:08:50.537  4948 14527 I WindowManager: Reparenting to leash, surface=Surface(name=AppWindowToken{8603c64 token=Token{e2345f7 ActivityRecord{31afdf6 u0 com.wallapop/com.rewallapop.ui.main.MainActivity t1309}}})/@0xdb46fc1

07-08 01:08:50.538  4382  5787 I SurfaceFlinger: id=1632 createSurf (0x0),-1 flag=80004, Surface(name=AppWindowToken{8603c64 token=Token{e2345f7 ActivityRecord{31afdf6 u0 com.wallapop/com.rewallapop.ui.main.MainActivity t1309}}})/@0xdb46fc1 - animation-leash#0

07-08 01:08:50.538  4948 14527 D WindowManager: makeSurface duration=1 leash=Surface(name=Surface(name=AppWindowToken{8603c64 token=Token{e2345f7 ActivityRecord{31afdf6 u0 com.wallapop/com.rewallapop.ui.main.MainActivity t1309}}})/@0xdb46fc1 - animation-leash)/@0x9d3484b

07-08 01:08:50.539  4382  5787 I SurfaceFlinger: id=1633 createSurf (0x0),-1 flag=80004, Surface(name=AppWindowToken{8603c64 token=Token{e2345f7 ActivityRecord{31afdf6 u0 com.wallapop/com.rewallapop.ui.main.MainActivity t1309}}})/@0xdb46fc1 - animation-bounds#0

07-08 01:08:50.549  4948  5100 D GameManagerService: notePauseComponent(), pauseComponent: com.wallapop

07-08 01:08:50.555  4948  5100 D GameManagerService: noteResumeComponent(), resumeComponent: com.wallapop

07-08 01:08:50.556  4948 12772 D GameManagerService: onLooperPrepared(), msg: { when=0 what=10000 obj=ComponentInfo{com.wallapop/com.rewallapop.ui.wall.WallActivity} target=com.samsung.android.game.GameManagerService$FgCheckThread$1 }

07-08 01:08:50.556  4948 12772 D GameManagerService: notifyResumePause(). pkg: com.wallapop, type: 4, isMinimized: false, isTunableApp: false

07-08 01:08:50.566 13273 13293 I Finsky  : [285] bmc.a(53): com.wallapop: Account from first account - [rJj4Md76H4LxoN-B4dnoZM7XaXDDBcXGlC-caOCi6Uc]

07-08 01:08:50.568 13273 13293 I Finsky  : [285] bmc.a(53): com.wallapop: Account from first account - [rJj4Md76H4LxoN-B4dnoZM7XaXDDBcXGlC-caOCi6Uc]

07-08 01:08:50.609  4948 14601 D SamsungAlarmManager: Cancel Alarm calling from uid:10385 pid :31926 / op:PendingIntent{79cab1f: PendingIntentRecord{73e536 com.wallapop broadcastIntent}}

07-08 01:08:50.612  4948 14601 D SamsungAlarmManager: Cancel Alarm calling from uid:10385 pid :31926 / op:PendingIntent{2d27e6c: PendingIntentRecord{73e536 com.wallapop broadcastIntent}}

07-08 01:08:50.631  4948  4948 D EdgeLightingManager: showForNotification : isInteractive=true, isHeadUp=false, color=0, sbn = StatusBarNotification(pkg=com.wallapop user=UserHandle{0} id=999 tag=null key=0|com.wallapop|999|null|10385: Notification(channel=wallapop_channel pri=-2 contentView=null vibrate=null sound=null defaults=0x0 flags=0x62 color=0x00000000 vis=PRIVATE semFlags=0x0 semPriority=0 semMissedCount=0))

07-08 01:08:50.631  4948  4948 D EdgeLightingPolicyManager: isAcceptableApplication:  pkg=com.wallapop , range=256 , includeAllApp=false , userId=0 , infoRange=0 , infoCategory=0

07-08 01:08:50.631  4948  4948 D EdgeLightingPolicyManager.NotificationGroup: group key = 0|com.wallapop|999|null|10385 ,value= summary : null , child : 1key = 0|com.wallapop|999|null|10385 , value =  NotificationData { tag= null } , }

07-08 01:08:50.631  4948  4948 D EdgeLightingPolicyManager: isAcceptableApplication:  pkg=com.wallapop , range=1 , includeAllApp=false , userId=0 , infoRange=0 , infoCategory=0

07-08 01:08:50.631  4948  4948 D NotificationService: 0|com.wallapop|999|null|10385: granting content://settings/system/notification_sound

07-08 01:08:50.634 13050 13050 D Launcher.NotificationListener: onNotificationPosted : StatusBarNotification(pkg=com.wallapop user=UserHandle{0} id=999 tag=null key=0|com.wallapop|999|null|10385: Notification(channel=wallapop_channel pri=-2 contentView=null vibrate=null sound=null defaults=0x0 flags=0x62 color=0x00000000 vis=PRIVATE semFlags=0x0 semPriority=0 semMissedCount=0)) number : 0 listener : null

07-08 01:08:50.634 13050 13050 D Launcher.NotificationListener: shouldBeFilteredOut : com.wallapop missingTitleAndText : false isGroupHeader : false

07-08 01:08:50.635 12945 12986 V NotificationManager_FLP: Notification for foreground service is posted, 0|com.wallapop|999|null|10385

07-08 01:08:50.675 31926 32088 W com.wallapop: Accessing hidden method Lsun/misc/Unsafe;->putObject(Ljava/lang/Object;JLjava/lang/Object;)V (greylist, linking, allowed)

07-08 01:08:50.676 31926 32019 W com.wallapop: Accessing hidden method Lsun/misc/Unsafe;->getInt(Ljava/lang/Object;J)I (greylist, linking, allowed)

07-08 01:08:50.676 31926 32019 W com.wallapop: Accessing hidden method Lsun/misc/Unsafe;->putInt(Ljava/lang/Object;JI)V (greylist, linking, allowed)

07-08 01:08:50.807 31926 31970 W com.wallapop: Accessing hidden method Lsun/misc/Unsafe;->putInt(Ljava/lang/Object;JI)V (greylist, linking, allowed)

07-08 01:08:50.807 31926 31970 W com.wallapop: Accessing hidden method Lsun/misc/Unsafe;->putLong(Ljava/lang/Object;JJ)V (greylist, linking, allowed)

07-08 01:08:50.808 31926 32019 W com.wallapop: Accessing hidden method Lsun/misc/Unsafe;->putInt(Ljava/lang/Object;JI)V (greylist, linking, allowed)

07-08 01:08:50.811 31926 31968 W com.wallapop: Accessing hidden method Lsun/misc/Unsafe;->putInt(Ljava/lang/Object;JI)V (greylist, linking, allowed)

07-08 01:08:50.811 31926 32019 W com.wallapop: Accessing hidden method Lsun/misc/Unsafe;->putInt(Ljava/lang/Object;JI)V (greylist, linking, allowed)

07-08 01:08:50.632  4948  4948 D NotificationService: 0|com.wallapop|999|null|10385: granting content://settings/system/notification_sound

07-08 01:08:50.835  4948  5101 I WindowManager: Reparenting to original parent: Surface(name=Task=1309)/@0x7b3db08, destroyLeash=true, surface=Surface(name=AppWindowToken{8603c64 token=Token{e2345f7 ActivityRecord{31afdf6 u0 com.wallapop/com.rewallapop.ui.main.MainActivity t1309}}})/@0xdb46fc1

07-08 01:08:50.852  4382  5775 I Layer   : id=1632 removeFromCurrentState Surface(name=AppWindowToken{8603c64 token=Token{e2345f7 ActivityRecord{31afdf6 u0 com.wallapop/com.rewallapop.ui.main.MainActivity t1309}}})/@0xdb46fc1 - animation-leash#0 (59)

07-08 01:08:50.852  4382  5775 I Layer   : id=1633 removeFromCurrentState Surface(name=AppWindowToken{8603c64 token=Token{e2345f7 ActivityRecord{31afdf6 u0 com.wallapop/com.rewallapop.ui.main.MainActivity t1309}}})/@0xdb46fc1 - animation-bounds#0 (59)

07-08 01:08:50.853  4382  5787 I SurfaceFlinger: id=1632 Removed Surface(name=AppWindowToken{8603c64 token=Token{e2345f7 ActivityRecord{31afdf6 u0 com.wallapop/com.rewallapop.ui.main.MainActivity t1309}}})/@0xdb46fc1 - animation-leash#0 (59)

07-08 01:08:50.853  4382  5787 I SurfaceFlinger: id=1633 Removed Surface(name=AppWindowToken{8603c64 token=Token{e2345f7 ActivityRecord{31afdf6 u0 com.wallapop/com.rewallapop.ui.main.MainActivity t1309}}})/@0xdb46fc1 - animation-bounds#0 (59)

07-08 01:08:50.869  4382  4382 I Layer   : id=1633[1] Destroyed Surface(name=AppWindowToken{8603c64 token=Token{e2345f7 ActivityRecord{31afdf6 u0 com.wallapop/com.rewallapop.ui.main.MainActivity t1309}}})/@0xdb46fc1 - animation-bounds#0

07-08 01:08:50.869  4382  4382 I Layer   : id=1632[1] Destroyed Surface(name=AppWindowToken{8603c64 token=Token{e2345f7 ActivityRecord{31afdf6 u0 com.wallapop/com.rewallapop.ui.main.MainActivity t1309}}})/@0xdb46fc1 - animation-leash#0

07-08 01:08:50.911 31926 31926 W com.wallapop: Accessing hidden method Lsun/misc/Unsafe;->putObject(Ljava/lang/Object;JLjava/lang/Object;)V (greylist, linking, allowed)

07-08 01:08:50.913 31926 32019 W com.wallapop: Accessing hidden method Lsun/misc/Unsafe;->getInt(Ljava/lang/Object;J)I (greylist, linking, allowed)

07-08 01:08:50.913 31926 32019 W com.wallapop: Accessing hidden method Lsun/misc/Unsafe;->putObject(Ljava/lang/Object;JLjava/lang/Object;)V (greylist, linking, allowed)

07-08 01:08:50.913 31926 32019 W com.wallapop: Accessing hidden method Lsun/misc/Unsafe;->putInt(Ljava/lang/Object;JI)V (greylist, linking, allowed)

07-08 01:08:50.914 31926 31926 W com.wallapop: Accessing hidden method Lsun/misc/Unsafe;->getObjectVolatile(Ljava/lang/Object;J)Ljava/lang/Object; (greylist, linking, allowed)

07-08 01:08:50.925 31926 32019 W com.wallapop: Accessing hidden method Lsun/misc/Unsafe;->putInt(Ljava/lang/Object;JI)V (greylist, linking, allowed)

07-08 01:08:50.937 31926 31991 W com.wallapop: Accessing hidden method Lsun/misc/Unsafe;->putObject(Ljava/lang/Object;JLjava/lang/Object;)V (greylist, linking, allowed)

07-08 01:08:50.943 31926 31991 W com.wallapop: Accessing hidden method Lsun/misc/Unsafe;->putObject(Ljava/lang/Object;JLjava/lang/Object;)V (greylist, linking, allowed)

07-08 01:08:50.943 31926 31991 W com.wallapop: Accessing hidden method Lsun/misc/Unsafe;->putInt(Ljava/lang/Object;JI)V (greylist, linking, allowed)

07-08 01:08:50.943 31926 31991 W com.wallapop: Accessing hidden method Lsun/misc/Unsafe;->getLong(Ljava/lang/Object;J)J (greylist,core-platform-api, linking, allowed)

07-08 01:08:50.943 31926 31991 W com.wallapop: Accessing hidden method Lsun/misc/Unsafe;->putLong(Ljava/lang/Object;JJ)V (greylist, linking, allowed)

07-08 01:08:50.966  4382  4440 I SurfaceFlinger: id=1636 createSurf (0x0),-1 flag=80004, 2437f64 com.wallapop/com.rewallapop.ui.wall.WallActivity#0

07-08 01:08:50.971 31926 31926 W com.wallapop: Accessing hidden method Lsun/misc/Unsafe;->getObjectVolatile(Ljava/lang/Object;J)Ljava/lang/Object; (greylist, linking, allowed)

07-08 01:08:50.973 31926 32019 W com.wallapop: Accessing hidden method Lsun/misc/Unsafe;->putObject(Ljava/lang/Object;JLjava/lang/Object;)V (greylist, linking, allowed)

07-08 01:08:50.973 31926 32019 W com.wallapop: Accessing hidden method Lsun/misc/Unsafe;->putInt(Ljava/lang/Object;JI)V (greylist, linking, allowed)

07-08 01:08:50.979 13273 13298 I Finsky  : [288] bmc.a(53): com.wallapop: Account from first account - [rJj4Md76H4LxoN-B4dnoZM7XaXDDBcXGlC-caOCi6Uc]

07-08 01:08:51.007 13273 13298 I Finsky  : [288] bmc.a(53): com.wallapop: Account from first account - [rJj4Md76H4LxoN-B4dnoZM7XaXDDBcXGlC-caOCi6Uc]

07-08 01:08:51.007 31926 31926 W com.wallapop: Accessing hidden method Lsun/misc/Unsafe;->getObjectVolatile(Ljava/lang/Object;J)Ljava/lang/Object; (greylist, linking, allowed)

07-08 01:08:51.013 31926 31926 W com.wallapop: Accessing hidden method Lsun/misc/Unsafe;->getObjectVolatile(Ljava/lang/Object;J)Ljava/lang/Object; (greylist, linking, allowed)

07-08 01:08:51.013 31926 31926 W com.wallapop: Accessing hidden method Lsun/misc/Unsafe;->putOrderedLong(Ljava/lang/Object;JJ)V (greylist, linking, allowed)

07-08 01:08:51.028 31926 31926 W com.wallapop: Accessing hidden method Lsun/misc/Unsafe;->getObjectVolatile(Ljava/lang/Object;J)Ljava/lang/Object; (greylist, linking, allowed)

07-08 01:08:51.038 31926 32126 I com.wallapop: The ClassLoaderContext is a special shared library.

07-08 01:08:51.043 31926 32126 I com.wallapop: The ClassLoaderContext is a special shared library.

07-08 01:08:51.058 31926 32161 W com.wallapop: Accessing hidden method Lsun/misc/Unsafe;->getObject(Ljava/lang/Object;J)Ljava/lang/Object; (greylist, linking, allowed)

07-08 01:08:51.058 31926 32161 W com.wallapop: Accessing hidden method Lsun/misc/Unsafe;->putObject(Ljava/lang/Object;JLjava/lang/Object;)V (greylist, linking, allowed)

07-08 01:08:51.060 31926 32019 W com.wallapop: Accessing hidden method Lsun/misc/Unsafe;->getInt(Ljava/lang/Object;J)I (greylist, linking, allowed)

07-08 01:08:51.060 31926 32019 W com.wallapop: Accessing hidden method Lsun/misc/Unsafe;->putInt(Ljava/lang/Object;JI)V (greylist, linking, allowed)

07-08 01:08:51.083  4948 14527 V WindowManager: Relayout Window{2437f64 u0 com.wallapop/com.rewallapop.ui.wall.WallActivity}: viewVisibility=0 req=1080x2220

07-08 01:08:51.086  4382  4440 I SurfaceFlinger: id=1637 createSurf (1080x2220),1 flag=404, com.wallapop/com.rewallapop.ui.wall.WallActivity$_31926#0

07-08 01:08:51.087  4948 14527 D WindowManager: makeSurface duration=1 name=com.wallapop/com.rewallapop.ui.wall.WallActivity$_31926

07-08 01:08:51.087  4948 14527 V WindowManager: Changing focus from null to Window{2437f64 u0 com.wallapop/com.rewallapop.ui.wall.WallActivity} displayId=0 Callers=com.android.server.wm.RootWindowContainer.updateFocusedWindowLocked:202 com.android.server.wm.WindowManagerService.updateFocusedWindowLocked:6282 com.android.server.wm.WindowManagerService.relayoutWindow:2574 com.android.server.wm.Session.relayout:202 android.view.IWindowSession$Stub.onTransact:708 com.android.server.wm.Session.onTransact:142

07-08 01:08:51.088  4948  5098 D WindowManager: setSystemUiVisibility: displayId=0, vis=0xa518, fullVis=0x2000, dockVis=0x0, win=Window{2437f64 u0 com.wallapop/com.rewallapop.ui.wall.WallActivity}

07-08 01:08:51.089  4948  5100 I WindowManager: Focus moving from null to Window{2437f64 u0 com.wallapop/com.rewallapop.ui.wall.WallActivity} displayId=0

07-08 01:08:51.090  4948  5100 D WindowManager: w is invisible : 2437f64 com.wallapop/com.rewallapop.ui.wall.WallActivity

07-08 01:08:51.090  4948  5100 D WindowManager: w is invisible : f406ae2 Splash Screen com.wallapop

07-08 01:08:51.090  4948  5100 D WindowManager: windowMattersToAccessibility, check : f406ae2 Splash Screen com.wallapop

07-08 01:08:51.090  4948  5100 D WindowManager: windowMattersToAccessibility : f406ae2 Splash Screen com.wallapop

07-08 01:08:51.090  4948  5100 D WindowManager: windowMattersToAccessibility, check : 2437f64 com.wallapop/com.rewallapop.ui.wall.WallActivity

07-08 01:08:51.090  4948  5100 I WindowManager: Gaining focus: Window{2437f64 u0 com.wallapop/com.rewallapop.ui.wall.WallActivity}

07-08 01:08:51.115 31926 32126 W com.wallapop: Accessing hidden method Lsun/misc/Unsafe;->getUnsafe()Lsun/misc/Unsafe; (greylist,core-platform-api, linking, allowed)

07-08 01:08:51.115 31926 32126 W com.wallapop: Accessing hidden method Lsun/misc/Unsafe;->putObject(Ljava/lang/Object;JLjava/lang/Object;)V (greylist, linking, allowed)

07-08 01:08:51.115 31926 32126 W com.wallapop: Accessing hidden method Lsun/misc/Unsafe;->compareAndSwapObject(Ljava/lang/Object;JLjava/lang/Object;Ljava/lang/Object;)Z (greylist, linking, allowed)

07-08 01:08:51.121  4948 14527 D WindowManager: w is invisible : 2437f64 com.wallapop/com.rewallapop.ui.wall.WallActivity

07-08 01:08:51.121  4948 14527 D WindowManager: w is invisible : f406ae2 Splash Screen com.wallapop

07-08 01:08:51.121  4948 14527 D WindowManager: windowMattersToAccessibility, check : f406ae2 Splash Screen com.wallapop

07-08 01:08:51.121  4948 14527 D WindowManager: windowMattersToAccessibility : f406ae2 Splash Screen com.wallapop

07-08 01:08:51.121  4948 14527 D WindowManager: windowMattersToAccessibility, check : 2437f64 com.wallapop/com.rewallapop.ui.wall.WallActivity

07-08 01:08:51.142 31926 32192 W com.wallapop: Accessing hidden method Lsun/misc/Unsafe;->compareAndSwapObject(Ljava/lang/Object;JLjava/lang/Object;Ljava/lang/Object;)Z (greylist, linking, allowed)

07-08 01:08:51.142 31926 32192 W com.wallapop: Accessing hidden method Lsun/misc/Unsafe;->compareAndSwapObject(Ljava/lang/Object;JLjava/lang/Object;Ljava/lang/Object;)Z (greylist, linking, allowed)

07-08 01:08:51.143 31926 32126 W com.wallapop: Accessing hidden method Lsun/misc/Unsafe;->compareAndSwapObject(Ljava/lang/Object;JLjava/lang/Object;Ljava/lang/Object;)Z (greylist, linking, allowed)

07-08 01:08:51.145 31926 32192 W com.wallapop: Accessing hidden method Lsun/misc/Unsafe;->compareAndSwapObject(Ljava/lang/Object;JLjava/lang/Object;Ljava/lang/Object;)Z (greylist, linking, allowed)

07-08 01:08:51.149 31926 31970 W com.wallapop: Accessing hidden method Lsun/misc/Unsafe;->putObject(Ljava/lang/Object;JLjava/lang/Object;)V (greylist, linking, allowed)

07-08 01:08:51.150 31926 31970 W com.wallapop: Accessing hidden method Lsun/misc/Unsafe;->putInt(Ljava/lang/Object;JI)V (greylist, linking, allowed)

07-08 01:08:51.150 31926 31970 W com.wallapop: Accessing hidden method Lsun/misc/Unsafe;->putLong(Ljava/lang/Object;JJ)V (greylist, linking, allowed)

07-08 01:08:51.153 31926 32019 W com.wallapop: Accessing hidden method Lsun/misc/Unsafe;->putInt(Ljava/lang/Object;JI)V (greylist, linking, allowed)

07-08 01:08:51.154  4948 14601 D WindowManager: finishDrawingWindow: Window{2437f64 u0 com.wallapop/com.rewallapop.ui.wall.WallActivity} mDrawState=DRAW_PENDING

07-08 01:08:51.156  4948  5101 D PkgPredictorService: pkg:com.wallapop activity:com.rewallapop.ui.wall.WallActivity thisTime:1794

07-08 01:08:51.167  4948  5101 I WindowManager: Reparenting to leash, surface=Surface(name=f406ae2 Splash Screen com.wallapop)/@0xc279963

07-08 01:08:51.167  4382  5787 I SurfaceFlinger: id=1638 createSurf (0x0),-1 flag=80004, Surface(name=f406ae2 Splash Screen com.wallapop)/@0xc279963 - animation-leash#0

07-08 01:08:51.167  4948  5101 D WindowManager: makeSurface duration=1 leash=Surface(name=Surface(name=f406ae2 Splash Screen com.wallapop)/@0xc279963 - animation-leash)/@0xc7068bf

07-08 01:08:51.173  4382  4382 I SurfaceFlinger:      DEVICE | 0x7afdfc7800 | 0002 | RGBA_8888 |   0.0    0.0 1080.0 2220.0 |    0    0 1080 2220 | com.wallapop/com.rewallapop.ui.wall.WallActivity$_31926#0

07-08 01:08:51.173  4382  4382 I SurfaceFlinger:      DEVICE | 0x7b1b8ae0c0 | 0000 | RGBA_8888 |   0.0    0.0 1080.0 2220.0 |    0    0 1080 2220 | Splash Screen com.wallapop#0

07-08 01:08:51.177  4948  5105 I ActivityTaskManager: Displayed com.wallapop/com.rewallapop.ui.wall.WallActivity: +1s794ms

07-08 01:08:51.204 13273 13293 I Finsky  : [285] bmc.a(53): com.wallapop: Account from first account - [rJj4Md76H4LxoN-B4dnoZM7XaXDDBcXGlC-caOCi6Uc]

07-08 01:08:51.210 31926 31926 D EmergencyMode: [EmergencyManager] android createPackageContext successful: com.wallapop

07-08 01:08:51.213 31926 31926 V InputMethodManager: Starting input: tba=com.wallapop ic=null mNaviBarColor -1 mIsGetNaviBarColorSuccess true , NavVisible : true , NavTrans : false

07-08 01:08:51.219  4948  5101 I WindowManager: Reparenting to original parent: Surface(name=AppWindowToken{5bfcfc8 token=Token{c69386b ActivityRecord{81821ba u0 com.wallapop/com.rewallapop.ui.wall.WallActivity t1309}}})/@0xb97ed16, destroyLeash=true, surface=Surface(name=f406ae2 Splash Screen com.wallapop)/@0xc279963

07-08 01:08:51.220  4948  5101 E WindowManager: win=Window{f406ae2 u0 Splash Screen com.wallapop EXITING} destroySurfaces: appStopped=false win.mWindowRemovalAllowed=true win.mRemoveOnExit=true win.mViewVisibility=0 caller=com.android.server.wm.AppWindowToken.destroySurfaces:1234 com.android.server.wm.AppWindowToken.destroySurfaces:1215 com.android.server.wm.WindowState.onExitAnimationDone:5100 com.android.server.wm.WindowStateAnimator.onAnimationFinished:308 com.android.server.wm.WindowState.onAnimationFinished:5541 com.android.server.wm.-$$Lambda$yVRF8YoeNdTa8GR1wDStVsHu8xM.run:2 com.android.server.wm.SurfaceAnimator.lambda$getFinishedCallback$0$SurfaceAnimator:100

07-08 01:08:51.220  4948  5101 I WindowManager: Destroying surface Surface(name=Splash Screen com.wallapop)/@0xef0d697 called by com.android.server.wm.WindowStateAnimator.destroySurface:1790 com.android.server.wm.WindowStateAnimator.destroySurfaceLocked:720 com.android.server.wm.WindowState.destroySurfaceUnchecked:3540 com.android.server.wm.WindowState.destroySurface:3514 com.android.server.wm.AppWindowToken.destroySurfaces:1234 com.android.server.wm.AppWindowToken.destroySurfaces:1215 com.android.server.wm.WindowState.onExitAnimationDone:5100 com.android.server.wm.WindowStateAnimator.onAnimationFinished:308

07-08 01:08:51.220  4382  4440 I Layer   : id=1626 removeFromCurrentState Splash Screen com.wallapop#0 (59)

07-08 01:08:51.222  4382  4440 I Layer   : id=1625 removeFromCurrentState f406ae2 Splash Screen com.wallapop#0 (59)

07-08 01:08:51.222  4382  4440 I Layer   : id=1638 removeFromCurrentState Surface(name=f406ae2 Splash Screen com.wallapop)/@0xc279963 - animation-leash#0 (59)

07-08 01:08:51.224  4382  4440 I SurfaceFlinger: id=1625 Removed f406ae2 Splash Screen com.wallapop#0 (59)

07-08 01:08:51.224  4382  4440 I SurfaceFlinger: id=1638 Removed Surface(name=f406ae2 Splash Screen com.wallapop)/@0xc279963 - animation-leash#0 (59)

07-08 01:08:51.224  4382  4440 I SurfaceFlinger: id=1626 Removed Splash Screen com.wallapop#0 (59)

07-08 01:08:51.226 31926 32190 W com.wallapop: Accessing hidden method Lsun/misc/Unsafe;->compareAndSwapObject(Ljava/lang/Object;JLjava/lang/Object;Ljava/lang/Object;)Z (greylist, linking, allowed)

07-08 01:08:51.230 13273 13293 I Finsky  : [285] bmc.a(53): com.wallapop: Account from first account - [rJj4Md76H4LxoN-B4dnoZM7XaXDDBcXGlC-caOCi6Uc]

07-08 01:08:51.236  4382  4382 I Layer   : id=1638[1] Destroyed Surface(name=f406ae2 Splash Screen com.wallapop)/@0xc279963 - animation-leash#0

07-08 01:08:51.236  4382  4382 I Layer   : id=1625[1] Destroyed f406ae2 Splash Screen com.wallapop#0

07-08 01:08:51.237 13273 13293 I Finsky  : [285] bmc.a(53): com.wallapop: Account from first account - [rJj4Md76H4LxoN-B4dnoZM7XaXDDBcXGlC-caOCi6Uc]

07-08 01:08:51.238  4382  4382 I Layer   : id=1626[1] Destroyed Splash Screen com.wallapop#0

07-08 01:08:51.240  4382  4382 I SurfaceFlinger:      DEVICE | 0x7afdfc9d80 | 0002 | RGBA_8888 |   0.0    0.0 1080.0 2220.0 |    0    0 1080 2220 | com.wallapop/com.rewallapop.ui.wall.WallActivity$_31926#0

07-08 01:08:51.240 31926 32110 W com.wallapop: Accessing hidden method Lsun/misc/Unsafe;->getObject(Ljava/lang/Object;J)Ljava/lang/Object; (greylist, linking, allowed)

07-08 01:08:51.240 31926 32110 W com.wallapop: Accessing hidden method Lsun/misc/Unsafe;->putObject(Ljava/lang/Object;JLjava/lang/Object;)V (greylist, linking, allowed)

07-08 01:08:51.241 31926 32019 W com.wallapop: Accessing hidden method Lsun/misc/Unsafe;->getInt(Ljava/lang/Object;J)I (greylist, linking, allowed)

07-08 01:08:51.241 31926 32110 W com.wallapop: Accessing hidden method Lsun/misc/Unsafe;->getInt(Ljava/lang/Object;J)I (greylist, linking, allowed)

07-08 01:08:51.242 31926 32110 W com.wallapop: Accessing hidden method Lsun/misc/Unsafe;->putInt(Ljava/lang/Object;JI)V (greylist, linking, allowed)

07-08 01:08:51.242 31926 32110 W com.wallapop: Accessing hidden method Lsun/misc/Unsafe;->putLong(Ljava/lang/Object;JJ)V (greylist, linking, allowed)

07-08 01:08:51.242 31926 32019 W com.wallapop: Accessing hidden method Lsun/misc/Unsafe;->putInt(Ljava/lang/Object;JI)V (greylist, linking, allowed)

07-08 01:08:51.248 31926 32019 W com.wallapop: Accessing hidden method Lsun/misc/Unsafe;->putInt(Ljava/lang/Object;JI)V (greylist, linking, allowed)

07-08 01:08:51.248 13273 13293 I Finsky  : [285] bmc.a(53): com.wallapop: Account from first account - [rJj4Md76H4LxoN-B4dnoZM7XaXDDBcXGlC-caOCi6Uc]

07-08 01:08:51.255 13273 13293 I Finsky  : [285] bmc.a(53): com.wallapop: Account from first account - [rJj4Md76H4LxoN-B4dnoZM7XaXDDBcXGlC-caOCi6Uc]

07-08 01:08:51.256  4948  5100 D WindowManager: w is invisible : 2437f64 com.wallapop/com.rewallapop.ui.wall.WallActivity

07-08 01:08:51.256  4948  5100 D WindowManager: windowMattersToAccessibility, check : 2437f64 com.wallapop/com.rewallapop.ui.wall.WallActivity

07-08 01:08:51.263 31926 32080 W com.wallapop: Accessing hidden method Lsun/misc/Unsafe;->putInt(Ljava/lang/Object;JI)V (greylist, linking, allowed)

07-08 01:08:51.263 31926 32019 W com.wallapop: Accessing hidden method Lsun/misc/Unsafe;->putInt(Ljava/lang/Object;JI)V (greylist, linking, allowed)

07-08 01:08:51.293 31926 32205 W com.wallapop: Accessing hidden method Llibcore/io/Memory;->pokeByte(JB)V (greylist, reflection, allowed)

07-08 01:08:51.294 31926 32205 W com.wallapop: Accessing hidden method Llibcore/io/Memory;->peekByte(J)B (greylist, reflection, allowed)

07-08 01:08:51.294 31926 32205 W com.wallapop: Accessing hidden method Lsun/misc/Unsafe;->getLong(Ljava/lang/Object;J)J (greylist,core-platform-api, reflection, allowed)

07-08 01:08:51.294 31926 32205 W com.wallapop: Accessing hidden method Lsun/misc/Unsafe;->getInt(Ljava/lang/Object;J)I (greylist, reflection, allowed)

07-08 01:08:51.294 31926 32205 W com.wallapop: Accessing hidden method Lsun/misc/Unsafe;->putInt(Ljava/lang/Object;JI)V (greylist, reflection, allowed)

07-08 01:08:51.294 31926 32205 W com.wallapop: Accessing hidden method Lsun/misc/Unsafe;->getLong(Ljava/lang/Object;J)J (greylist,core-platform-api, reflection, allowed)

07-08 01:08:51.294 31926 32205 W com.wallapop: Accessing hidden method Lsun/misc/Unsafe;->putLong(Ljava/lang/Object;JJ)V (greylist, reflection, allowed)

07-08 01:08:51.294 31926 32205 W com.wallapop: Accessing hidden method Lsun/misc/Unsafe;->getObject(Ljava/lang/Object;J)Ljava/lang/Object; (greylist, reflection, allowed)

07-08 01:08:51.294 31926 32205 W com.wallapop: Accessing hidden method Lsun/misc/Unsafe;->putObject(Ljava/lang/Object;JLjava/lang/Object;)V (greylist, reflection, allowed)

07-08 01:08:51.295 31926 32205 W com.wallapop: Accessing hidden method Lsun/misc/Unsafe;->putObject(Ljava/lang/Object;JLjava/lang/Object;)V (greylist, linking, allowed)

07-08 01:08:51.295 31926 32205 W com.wallapop: Accessing hidden method Lsun/misc/Unsafe;->getInt(Ljava/lang/Object;J)I (greylist, linking, allowed)

07-08 01:08:51.295 31926 32205 W com.wallapop: Accessing hidden method Lsun/misc/Unsafe;->putInt(Ljava/lang/Object;JI)V (greylist, linking, allowed)

07-08 01:08:51.295 31926 32205 W com.wallapop: Accessing hidden method Lsun/misc/Unsafe;->putLong(Ljava/lang/Object;JJ)V (greylist, linking, allowed)

07-08 01:08:51.316 31926 32111 W com.wallapop: Accessing hidden method Lsun/misc/Unsafe;->putInt(Ljava/lang/Object;JI)V (greylist, linking, allowed)

07-08 01:08:51.317 31926 32019 W com.wallapop: Accessing hidden method Lsun/misc/Unsafe;->putInt(Ljava/lang/Object;JI)V (greylist, linking, allowed)

07-08 01:08:51.321 31926 31975 W com.wallapop: Accessing hidden method Lsun/misc/Unsafe;->putInt(Ljava/lang/Object;JI)V (greylist, linking, allowed)

07-08 01:08:51.323 31926 32019 W com.wallapop: Accessing hidden method Lsun/misc/Unsafe;->putInt(Ljava/lang/Object;JI)V (greylist, linking, allowed)

07-08 01:08:51.326 31926 32019 W com.wallapop: Accessing hidden method Lsun/misc/Unsafe;->putInt(Ljava/lang/Object;JI)V (greylist, linking, allowed)

07-08 01:08:51.339  4948 15823 I ApplicationPolicy: isApplicationExternalStorageWhitelisted:com.wallapop user:0

07-08 01:08:51.340  4948 15823 D ActivityManager: package  com.wallapop, user - 0 is SDcard whitelisted

07-08 01:08:51.340  4948 15823 I ApplicationPolicy: isApplicationExternalStorageBlacklisted:com.wallapop user:0

07-08 01:08:51.340  4948 15823 I ApplicationPolicy: isApplicationExternalStorageBlacklisted:com.wallapop user:0

07-08 01:08:51.352  4948  5107 I ActivityManager: Start proc 32209:com.google.android.webview:sandboxed_process0:org.chromium.content.app.SandboxedProcessService0:0/u0i29 for  {com.wallapop/org.chromium.content.app.SandboxedProcessService0:0}

07-08 01:08:51.352  4948  5107 I ActivityManager: check webview name : com.google.android.webview:sandboxed_process0:org.chromium.content.app.SandboxedProcessService0:0check hostingname webview : {com.wallapop/org.chromium.content.app.SandboxedProcessService0:0}

07-08 01:08:51.360 31926 32113 W com.wallapop: Accessing hidden method Lsun/misc/Unsafe;->putInt(Ljava/lang/Object;JI)V (greylist, linking, allowed)

07-08 01:08:51.361 31926 32019 W com.wallapop: Accessing hidden method Lsun/misc/Unsafe;->putInt(Ljava/lang/Object;JI)V (greylist, linking, allowed)

07-08 01:08:51.383  4948 15823 I ActivityManager: DSS OFF for com.wallapop

07-08 01:08:51.448 31926 32226 W com.wallapop: Accessing hidden method Landroid/media/AudioManager;->getOutputLatency(I)I (greylist, reflection, allowed)

07-08 01:08:51.549 31926 31926 V InputMethodManager: Starting input: tba=com.wallapop ic=null mNaviBarColor -1 mIsGetNaviBarColorSuccess true , NavVisible : true , NavTrans : false

07-08 01:08:51.553 31926 32247 I chatty  : uid=10385(com.wallapop) Chrome_InProcGp identical 1 line

07-08 01:08:51.561 31926 32250 I com.wallapop: Waiting for a blocking GC ClassLinker

07-08 01:08:51.577 13273 13293 I Finsky  : [285] bmc.a(53): com.wallapop: Account from first account - [rJj4Md76H4LxoN-B4dnoZM7XaXDDBcXGlC-caOCi6Uc]

07-08 01:08:51.599 31926 32126 W com.wallapop: Accessing hidden method Lsun/misc/Unsafe;->getObject(Ljava/lang/Object;J)Ljava/lang/Object; (greylist, linking, allowed)

07-08 01:08:51.600 31926 32019 W com.wallapop: Accessing hidden method Lsun/misc/Unsafe;->putInt(Ljava/lang/Object;JI)V (greylist, linking, allowed)

07-08 01:08:51.609 12945 12986 V PermissionManager_FLP: checkLocationAccess for com.wallapop[GMS_FUSED,300000,100], result is true

07-08 01:08:51.609 12945 12986 E RequestManager_FLP: [FusedLocationApi] Location request  2d26b5a(Listener) PRIORITY_BALANCED_POWER_ACCURACY interval=300000 from com.wallapop (10385 foreground)

07-08 01:08:51.659  4948  5098 D CodecSolution: isMaxAspectPackageEx: com.wallapop : true(2)

07-08 01:08:51.692 31926 32013 W com.wallapop: Accessing hidden method Lsun/misc/Unsafe;->getObject(Ljava/lang/Object;J)Ljava/lang/Object; (greylist, linking, allowed)

07-08 01:08:51.695 31926 32019 W com.wallapop: Accessing hidden method Lsun/misc/Unsafe;->getInt(Ljava/lang/Object;J)I (greylist, linking, allowed)

07-08 01:08:51.695 31926 32019 W com.wallapop: Accessing hidden method Lsun/misc/Unsafe;->putInt(Ljava/lang/Object;JI)V (greylist, linking, allowed)

07-08 01:08:51.705  4382  5787 I Layer   : id=1624 removeFromCurrentState AppWindowToken{8603c64 token=Token{e2345f7 ActivityRecord{31afdf6 u0 com.wallapop/com.rewallapop.ui.main.MainActivity t1309}}}#0 (55)

07-08 01:08:51.705  4382  5787 I SurfaceFlinger: id=1624 Removed AppWindowToken{8603c64 token=Token{e2345f7 ActivityRecord{31afdf6 u0 com.wallapop/com.rewallapop.ui.main.MainActivity t1309}}}#0 (55)

07-08 01:08:51.720  4382  4382 I Layer   : id=1624[1] Destroyed AppWindowToken{8603c64 token=Token{e2345f7 ActivityRecord{31afdf6 u0 com.wallapop/com.rewallapop.ui.main.MainActivity t1309}}}#0

07-08 01:08:51.774 31926 31939 I com.wallapop: Background young concurrent copying GC freed 829358(48MB) AllocSpace objects, 1663(319MB) LOS objects, 58% free, 16MB/40MB, paused 323us total 350.202ms

07-08 01:08:51.774 31926 32250 I com.wallapop: WaitForGcToComplete blocked ClassLinker on ClassLinker for 212.665ms

07-08 01:08:51.789  4948 12848 D MdnieScenarioControlService:  packageName : com.wallapop    className : com.rewallapop.ui.wall.WallActivity

07-08 01:08:51.863 31926 32192 W com.wallapop: Accessing hidden method Lsun/misc/Unsafe;->compareAndSwapObject(Ljava/lang/Object;JLjava/lang/Object;Ljava/lang/Object;)Z (greylist, linking, allowed)

07-08 01:08:51.878 31926 32269 W com.wallapop: Accessing hidden method Lsun/misc/Unsafe;->getInt(Ljava/lang/Object;J)I (greylist, linking, allowed)

07-08 01:08:51.878 31926 32269 W com.wallapop: Accessing hidden method Lsun/misc/Unsafe;->getObject(Ljava/lang/Object;J)Ljava/lang/Object; (greylist, linking, allowed)

07-08 01:08:51.878 31926 32269 W com.wallapop: Accessing hidden method Lsun/misc/Unsafe;->putObject(Ljava/lang/Object;JLjava/lang/Object;)V (greylist, linking, allowed)

07-08 01:08:51.878 31926 32269 W com.wallapop: Accessing hidden method Lsun/misc/Unsafe;->putInt(Ljava/lang/Object;JI)V (greylist, linking, allowed)

07-08 01:08:51.881 31926 32269 W com.wallapop: Accessing hidden method Lsun/misc/Unsafe;->getInt(Ljava/lang/Object;J)I (greylist, linking, allowed)

07-08 01:08:51.881 31926 32269 W com.wallapop: Accessing hidden method Lsun/misc/Unsafe;->getLong(Ljava/lang/Object;J)J (greylist,core-platform-api, linking, allowed)

07-08 01:08:51.881 31926 32269 W com.wallapop: Accessing hidden method Lsun/misc/Unsafe;->putLong(Ljava/lang/Object;JJ)V (greylist, linking, allowed)

07-08 01:08:51.882 31926 32269 W com.wallapop: Accessing hidden method Lsun/misc/Unsafe;->getInt(Ljava/lang/Object;J)I (greylist, linking, allowed)

07-08 01:08:51.885 31926 32269 W com.wallapop: Accessing hidden method Lsun/misc/Unsafe;->getInt(Ljava/lang/Object;J)I (greylist, linking, allowed)

07-08 01:08:51.888 31926 32269 W com.wallapop: Accessing hidden method Llibcore/io/Memory;->pokeByte(JB)V (greylist, reflection, allowed)

07-08 01:08:51.888 31926 32269 W com.wallapop: Accessing hidden method Llibcore/io/Memory;->peekByte(J)B (greylist, reflection, allowed)

07-08 01:08:51.888 31926 32269 W com.wallapop: Accessing hidden method Lsun/misc/Unsafe;->getLong(Ljava/lang/Object;J)J (greylist,core-platform-api, reflection, allowed)

07-08 01:08:51.888 31926 32269 W com.wallapop: Accessing hidden method Lsun/misc/Unsafe;->getInt(Ljava/lang/Object;J)I (greylist, reflection, allowed)

07-08 01:08:51.888 31926 32269 W com.wallapop: Accessing hidden method Lsun/misc/Unsafe;->putInt(Ljava/lang/Object;JI)V (greylist, reflection, allowed)

07-08 01:08:51.888 31926 32269 W com.wallapop: Accessing hidden method Lsun/misc/Unsafe;->getLong(Ljava/lang/Object;J)J (greylist,core-platform-api, reflection, allowed)

07-08 01:08:51.888 31926 32269 W com.wallapop: Accessing hidden method Lsun/misc/Unsafe;->putLong(Ljava/lang/Object;JJ)V (greylist, reflection, allowed)

07-08 01:08:51.888 31926 32269 W com.wallapop: Accessing hidden method Lsun/misc/Unsafe;->getObject(Ljava/lang/Object;J)Ljava/lang/Object; (greylist, reflection, allowed)

07-08 01:08:51.888 31926 32269 W com.wallapop: Accessing hidden method Lsun/misc/Unsafe;->putObject(Ljava/lang/Object;JLjava/lang/Object;)V (greylist, reflection, allowed)

07-08 01:08:51.990 31926 32145 W com.wallapop: Accessing hidden method Lsun/misc/Unsafe;->getInt(Ljava/lang/Object;J)I (greylist, linking, allowed)

07-08 01:08:51.990 31926 32145 W com.wallapop: Accessing hidden method Lsun/misc/Unsafe;->putInt(Ljava/lang/Object;JI)V (greylist, linking, allowed)

07-08 01:08:51.990 31926 32145 W com.wallapop: Accessing hidden method Lsun/misc/Unsafe;->putLong(Ljava/lang/Object;JJ)V (greylist, linking, allowed)

07-08 01:08:51.991 31926 32019 W com.wallapop: Accessing hidden method Lsun/misc/Unsafe;->putInt(Ljava/lang/Object;JI)V (greylist, linking, allowed)

07-08 01:08:52.073 31926 32333 W com.wallapop: Accessing hidden method Lsun/misc/Unsafe;->compareAndSwapObject(Ljava/lang/Object;JLjava/lang/Object;Ljava/lang/Object;)Z (greylist, linking, allowed)

07-08 01:08:52.082 31926 32336 W com.wallapop: Accessing hidden method Lsun/misc/Unsafe;->compareAndSwapObject(Ljava/lang/Object;JLjava/lang/Object;Ljava/lang/Object;)Z (greylist, linking, allowed)

07-08 01:08:52.082 31926 32290 W com.wallapop: Long monitor contention with owner gads-17 (32299) at int libcore.io.ForwardingOs.read(java.io.FileDescriptor, byte[], int, int)(ForwardingOs.java:177) waiters=0 in void com.google.android.ads.tasks.d.a() for 147ms

07-08 01:08:52.083 31926 32187 W com.wallapop: Accessing hidden method Lsun/misc/Unsafe;->getObject(Ljava/lang/Object;J)Ljava/lang/Object; (greylist, linking, allowed)

07-08 01:08:52.092 31926 32192 W com.wallapop: Accessing hidden method Lsun/misc/Unsafe;->getLong(Ljava/lang/Object;J)J (greylist,core-platform-api, linking, allowed)

07-08 01:08:52.093 31926 32192 W com.wallapop: Accessing hidden method Lsun/misc/Unsafe;->getInt(Ljava/lang/Object;J)I (greylist, linking, allowed)

07-08 01:08:52.093 31926 32308 W com.wallapop: Accessing hidden method Lsun/misc/Unsafe;->getInt(Ljava/lang/Object;J)I (greylist, linking, allowed)

07-08 01:08:52.095 31926 32192 W com.wallapop: Accessing hidden method Lsun/misc/Unsafe;->putInt(Ljava/lang/Object;JI)V (greylist, linking, allowed)

07-08 01:08:52.095 31926 32187 W com.wallapop: Accessing hidden method Lsun/misc/Unsafe;->getLong(Ljava/lang/Object;J)J (greylist,core-platform-api, linking, allowed)

07-08 01:08:52.096 31926 32192 W com.wallapop: Accessing hidden method Lsun/misc/Unsafe;->getInt(Ljava/lang/Object;J)I (greylist, linking, allowed)

07-08 01:08:52.097 31926 32186 W com.wallapop: Accessing hidden method Lsun/misc/Unsafe;->getInt(Ljava/lang/Object;J)I (greylist, linking, allowed)

07-08 01:08:52.131 31926 32307 W com.wallapop: Accessing hidden method Lsun/misc/Unsafe;->getInt(Ljava/lang/Object;J)I (greylist, linking, allowed)

07-08 01:08:52.284 31926 32145 W com.wallapop: Accessing hidden method Lsun/misc/Unsafe;->putInt(Ljava/lang/Object;JI)V (greylist, linking, allowed)

07-08 01:08:52.286 31926 32019 W com.wallapop: Accessing hidden method Lsun/misc/Unsafe;->putInt(Ljava/lang/Object;JI)V (greylist, linking, allowed)

07-08 01:08:52.325 31926 31926 W View    : requestLayout() improperly called by com.wallapop.design.view.WallapopTextView{ab57687 V.ED..... ......ID 47,26-47,81 #7f0a0a85 app:id/wp__home__tv_bubble} during layout: running second layout pass

07-08 01:08:52.385 31926 32282 W com.wallapop: Accessing hidden method Lsun/misc/Unsafe;->getInt(Ljava/lang/Object;J)I (greylist, linking, allowed)

07-08 01:08:52.385 31926 32282 W com.wallapop: Accessing hidden method Lsun/misc/Unsafe;->putObject(Ljava/lang/Object;JLjava/lang/Object;)V (greylist, linking, allowed)

07-08 01:08:52.385 31926 32282 W com.wallapop: Accessing hidden method Lsun/misc/Unsafe;->putInt(Ljava/lang/Object;JI)V (greylist, linking, allowed)

07-08 01:08:52.385 31926 32282 W com.wallapop: Accessing hidden method Lsun/misc/Unsafe;->putLong(Ljava/lang/Object;JJ)V (greylist, linking, allowed)

07-08 01:08:52.385 31926 32282 W com.wallapop: Accessing hidden method Lsun/misc/Unsafe;->getObject(Ljava/lang/Object;J)Ljava/lang/Object; (greylist, linking, allowed)

07-08 01:08:52.440 31926 32019 W com.wallapop: Accessing hidden method Lsun/misc/Unsafe;->putInt(Ljava/lang/Object;JI)V (greylist, linking, allowed)

07-08 01:08:52.640 31926 32336 W com.wallapop: Accessing hidden method Lsun/misc/Unsafe;->compareAndSwapObject(Ljava/lang/Object;JLjava/lang/Object;Ljava/lang/Object;)Z (greylist, linking, allowed)

07-08 01:08:52.649 31926 32358 W com.wallapop: Accessing hidden method Lsun/misc/Unsafe;->getObject(Ljava/lang/Object;J)Ljava/lang/Object; (greylist, linking, allowed)

07-08 01:08:52.649 31926 32358 W com.wallapop: Accessing hidden method Lsun/misc/Unsafe;->getInt(Ljava/lang/Object;J)I (greylist, linking, allowed)

07-08 01:08:52.649 31926 32358 W com.wallapop: Accessing hidden method Lsun/misc/Unsafe;->getLong(Ljava/lang/Object;J)J (greylist,core-platform-api, linking, allowed)

07-08 01:08:52.650 31926 32358 W com.wallapop: Accessing hidden method Lsun/misc/Unsafe;->putInt(Ljava/lang/Object;JI)V (greylist, linking, allowed)

07-08 01:08:52.698 31926 32391 D Amazon DTB Ads API: with json params:[{"oo":"false","dinfo":{"os":"Android","model":"SM-G965F","make":"samsung","osVersion":"10","connectionType":"Wifi","country":"ES","scalingFactor":"2.625","carrier":"","language":"es","screenSize":"1080x2094","orientation":"portrait"},"ad-id":"A03863gai0nboYBq_wzHL-w","mraid":["1.0","2.0","3.0"],"idfa":"a3fe49b3-a5e8-4500-bb3d-2a76dd7c7301","geoloc":"41.4479521,2.2382348,14.296","isDTBMobile":"true","ua":"Dalvik\/2.1.0 (Linux; U; Android 10; SM-G965F Build\/QP1A.190711.020)","pkg":{"lbl":"_Wallapop_","pn":"com.wallapop","v":"10102000","vn":"1.102.0-d2007061006"},"gdpr":{"e":"1","c":"BO13wEuO13wRSAHABAktCb-AAAAo1rv___7__9_-____9uz7Ov_v_f__33e8779v_h_7_-___u_-3zd4u_1vf99yfm1-7ctr3tp_87uesm_Xur__59__3z3_9phP78k89r7337Ew4MA"},"adsdk":"aps-android-7.4.3","slots":[{"sz":"320x50","slot":"f414d83c-ab9f-4e02-9c59-5137663ee6c7","slotId":1,"supportedMediaTypes":["DISPLAY"]},{"sz":"320x100","slot":"f414d83c-ab9f-4e02-9c59-5137663ee6c7","slotId":2,"supportedMediaTypes":["DISPLAY"]},{"sz":"320x200","slot":"f414d83c-ab9f-4e02-9c59-5137663ee6c7","slotId":3,"supportedMediaTypes":["DISPLAY"]}],"appId":"d2ba46e2d5ef4c9883051d9c8d0125d5"}]

07-08 01:08:52.972 31926 31926 W com.wallapop: Accessing hidden method Lsun/misc/Unsafe;->compareAndSwapObject(Ljava/lang/Object;JLjava/lang/Object;Ljava/lang/Object;)Z (greylist, linking, allowed)

07-08 01:08:52.983 31926 31968 W com.wallapop: Accessing hidden method Lsun/misc/Unsafe;->getInt(Ljava/lang/Object;J)I (greylist, linking, allowed)

07-08 01:08:52.983 31926 31968 W com.wallapop: Accessing hidden method Lsun/misc/Unsafe;->putInt(Ljava/lang/Object;JI)V (greylist, linking, allowed)

07-08 01:08:52.985 31926 32019 W com.wallapop: Accessing hidden method Lsun/misc/Unsafe;->putInt(Ljava/lang/Object;JI)V (greylist, linking, allowed)

07-08 01:08:52.989 31926 31970 W com.wallapop: Accessing hidden method Lsun/misc/Unsafe;->putInt(Ljava/lang/Object;JI)V (greylist, linking, allowed)

07-08 01:08:52.995 31926 32019 W com.wallapop: Accessing hidden method Lsun/misc/Unsafe;->putInt(Ljava/lang/Object;JI)V (greylist, linking, allowed)

07-08 01:08:53.035 31926 32391 W com.wallapop: Accessing hidden method Lsun/misc/Unsafe;->putInt(Ljava/lang/Object;JI)V (greylist, linking, allowed)

07-08 01:08:53.040 31926 32019 W com.wallapop: Accessing hidden method Lsun/misc/Unsafe;->putInt(Ljava/lang/Object;JI)V (greylist, linking, allowed)

07-08 01:08:53.055 31926 31968 W com.wallapop: Accessing hidden method Lsun/misc/Unsafe;->putInt(Ljava/lang/Object;JI)V (greylist, linking, allowed)

07-08 01:08:53.064 31926 32019 W com.wallapop: Accessing hidden method Lsun/misc/Unsafe;->putInt(Ljava/lang/Object;JI)V (greylist, linking, allowed)

07-08 01:08:53.134 31926 32355 W com.wallapop: Accessing hidden method Lsun/misc/Unsafe;->compareAndSwapObject(Ljava/lang/Object;JLjava/lang/Object;Ljava/lang/Object;)Z (greylist, linking, allowed)

07-08 01:08:53.173 31926 32349 W com.wallapop: Accessing hidden method Lsun/misc/Unsafe;->compareAndSwapObject(Ljava/lang/Object;JLjava/lang/Object;Ljava/lang/Object;)Z (greylist, linking, allowed)

07-08 01:08:53.176 31926 32358 W com.wallapop: Accessing hidden method Lsun/misc/Unsafe;->getObject(Ljava/lang/Object;J)Ljava/lang/Object; (greylist, linking, allowed)

07-08 01:08:53.177 31926 32358 W com.wallapop: Accessing hidden method Lsun/misc/Unsafe;->getInt(Ljava/lang/Object;J)I (greylist, linking, allowed)

07-08 01:08:53.177 31926 32358 W com.wallapop: Accessing hidden method Lsun/misc/Unsafe;->getLong(Ljava/lang/Object;J)J (greylist,core-platform-api, linking, allowed)

07-08 01:08:53.177 31926 32358 W com.wallapop: Accessing hidden method Lsun/misc/Unsafe;->putInt(Ljava/lang/Object;JI)V (greylist, linking, allowed)

07-08 01:08:53.235 31926 31968 W com.wallapop: Accessing hidden method Lsun/misc/Unsafe;->getInt(Ljava/lang/Object;J)I (greylist, linking, allowed)

07-08 01:08:53.235 31926 31968 W com.wallapop: Accessing hidden method Lsun/misc/Unsafe;->putInt(Ljava/lang/Object;JI)V (greylist, linking, allowed)

