11-14 14:50:57.695 28456 28456 W com.wallapop: Accessing hidden method Landroid/graphics/Typeface;->createFromFamiliesWithDefault([Landroid/graphics/FontFamily;Ljava/lang/String;II)Landroid/graphics/Typeface; (light greylist, reflection)

11-14 14:50:57.959 28456 28467 I com.wallapop: Background concurrent copying GC freed 129861(9MB) AllocSpace objects, 18(680KB) LOS objects, 49% free, 9MB/18MB, paused 175us total 120.384ms

11-14 14:50:58.002 28456 28738 I com.wallapop: The ClassLoaderContext is a special shared library.

11-14 14:50:58.607  3727  3727 I SurfaceFlinger: id=27020 createSurf (4440x4440),2 flag=4, 987ef3a com.wallapop/com.rewallapop.ui.wall.WallActivity#0

11-14 14:50:58.658 25561 25575 I Finsky  : [9440] fxs.d(3): com.wallapop: Account determined from installer data - [rJj4Md76H4LxoN-B4dnoZM7XaXDDBcXGlC-caOCi6Uc]

11-14 14:50:58.658 25561 25575 I Finsky  : [9440] fxs.d(14): com.wallapop: Account from preferred account - [rJj4Md76H4LxoN-B4dnoZM7XaXDDBcXGlC-caOCi6Uc]

11-14 14:50:58.662 25561 25575 I Finsky  : [9440] fxs.d(3): com.wallapop: Account determined from installer data - [rJj4Md76H4LxoN-B4dnoZM7XaXDDBcXGlC-caOCi6Uc]

11-14 14:50:58.663 25561 25575 I Finsky  : [9440] fxs.d(14): com.wallapop: Account from preferred account - [rJj4Md76H4LxoN-B4dnoZM7XaXDDBcXGlC-caOCi6Uc]

11-14 14:50:58.666 25561 26016 I Finsky  : [9514] fxs.d(3): com.wallapop: Account determined from installer data - [rJj4Md76H4LxoN-B4dnoZM7XaXDDBcXGlC-caOCi6Uc]

11-14 14:50:58.667 25561 26016 I Finsky  : [9514] fxs.d(14): com.wallapop: Account from preferred account - [rJj4Md76H4LxoN-B4dnoZM7XaXDDBcXGlC-caOCi6Uc]

11-14 14:50:58.671 25561 26016 I Finsky  : [9514] fxs.d(3): com.wallapop: Account determined from installer data - [rJj4Md76H4LxoN-B4dnoZM7XaXDDBcXGlC-caOCi6Uc]

11-14 14:50:58.672 25561 26016 I Finsky  : [9514] fxs.d(14): com.wallapop: Account from preferred account - [rJj4Md76H4LxoN-B4dnoZM7XaXDDBcXGlC-caOCi6Uc]

11-14 14:50:58.965  4211  5239 D ActivityManagerPerformance: Received MSG_DISABLE_ACT_START, r: ActivityRecord{c66536e u0 com.wallapop/com.rewallapop.ui.wall.WallActivity t2174}

11-14 14:50:59.239  4211  6751 V WindowManager: Relayout Window{987ef3a u0 com.wallapop/com.rewallapop.ui.wall.WallActivity}: viewVisibility=0 req=1080x2220 {(0,0)(fillxfill) sim={adjust=resize forwardNavigation} ty=BASE_APPLICATION wanim=0x10302fe

11-14 14:50:59.242  3727  3727 I SurfaceFlinger: id=27021 createSurf (1080x2220),1 flag=404, com.wallapop/com.rewallapop.ui.wall.WallActivity[28456]#0

11-14 14:50:59.244  4211  6751 D WindowManager: makeSurface duration=2 name=com.wallapop/com.rewallapop.ui.wall.WallActivity[28456]

11-14 14:50:59.244  4211  6751 V WindowManager: Changing focus from null to Window{987ef3a u0 com.wallapop/com.rewallapop.ui.wall.WallActivity} Callers=com.android.server.wm.WindowManagerService.relayoutWindow:2526 com.android.server.wm.Session.relayoutForTranslate:302 android.view.IWindowSession$Stub.onTransact:518 com.android.server.wm.Session.onTransact:186

11-14 14:50:59.245  4211  4228 D WindowManager: setSystemUiVisibility: vis= 0xa518, fullscreenVis= 0x2000, dockedVis= 0x0, win=Window{987ef3a u0 com.wallapop/com.rewallapop.ui.wall.WallActivity}

11-14 14:50:59.247  4211  4242 D WindowManager: reportFocusChangedSerialized, focused=true, inTouchMode=true, win=Window{987ef3a u0 com.wallapop/com.rewallapop.ui.wall.WallActivity}

11-14 14:50:59.355 25561 26016 I Finsky  : [9514] fxs.d(3): com.wallapop: Account determined from installer data - [rJj4Md76H4LxoN-B4dnoZM7XaXDDBcXGlC-caOCi6Uc]

11-14 14:50:59.356 25561 26016 I Finsky  : [9514] fxs.d(14): com.wallapop: Account from preferred account - [rJj4Md76H4LxoN-B4dnoZM7XaXDDBcXGlC-caOCi6Uc]

11-14 14:50:59.420 25561 26016 I Finsky  : [9514] fxs.d(3): com.wallapop: Account determined from installer data - [rJj4Md76H4LxoN-B4dnoZM7XaXDDBcXGlC-caOCi6Uc]

11-14 14:50:59.420 25561 26016 I Finsky  : [9514] fxs.d(14): com.wallapop: Account from preferred account - [rJj4Md76H4LxoN-B4dnoZM7XaXDDBcXGlC-caOCi6Uc]

11-14 14:50:59.516 25561 26016 I Finsky  : [9514] fxs.d(3): com.wallapop: Account determined from installer data - [rJj4Md76H4LxoN-B4dnoZM7XaXDDBcXGlC-caOCi6Uc]

11-14 14:50:59.517 25561 26016 I Finsky  : [9514] fxs.d(14): com.wallapop: Account from preferred account - [rJj4Md76H4LxoN-B4dnoZM7XaXDDBcXGlC-caOCi6Uc]

11-14 14:50:59.529  4211  5514 D WindowManager: finishDrawingWindow: Window{987ef3a u0 com.wallapop/com.rewallapop.ui.wall.WallActivity} mDrawState=DRAW_PENDING

11-14 14:50:59.532  4211  4310 I WindowManager: commitFinishDrawingLocked: mDrawState=READY_TO_SHOW Surface(name=com.wallapop/com.rewallapop.ui.wall.WallActivity[28456])/@0xdfd50b7

11-14 14:50:59.532  4211  4310 V WindowManager: Resize reasons for w=Window{987ef3a u0 com.wallapop/com.rewallapop.ui.wall.WallActivity}:  contentInsetsChanged=false [0,63][0,126] visibleInsetsChanged=false [0,63][0,126] stableInsetsChanged=false [0,63][0,126] outsetsChanged=false [0,0][0,0] surfaceResized=false configChanged=false dragResizingChanged=false reportOrientationChanged=false displayCutoutChanged=false nextForceRelayoutToClient=false

11-14 14:50:59.538  4211  4310 I WindowManager: commitFinishDrawingLocked: mDrawState=READY_TO_SHOW Surface(name=com.wallapop/com.rewallapop.ui.wall.WallActivity[28456])/@0xdfd50b7

11-14 14:50:59.538  4211  4310 I WindowManager: Cancelling animation restarting=false, leash=null, surface=Surface(name=987ef3a com.wallapop/com.rewallapop.ui.wall.WallActivity)/@0x7fd5024, parent=Surface(name=AppWindowToken{fa07a9c token=Token{a113a0f ActivityRecord{c66536e u0 com.wallapop/com.rewallapop.ui.wall.WallActivity t2174}}})/@0x51e478d

11-14 14:50:59.539  4211  4310 V WindowManager: performShowLocked: mDrawState=HAS_DRAWN in Window{987ef3a u0 com.wallapop/com.rewallapop.ui.wall.WallActivity}

11-14 14:50:59.557  3727  3727 I SurfaceFlinger:      Device | 0x70d664e300 | 0002 | RGBA_8888 |   0.0    0.0 1080.0 2220.0 |    0    0 1080 2220 | com.wallapop/com.rewallapop.ui.wall.WallActivity[28456]#0

11-14 14:50:59.557  3727  3727 I SurfaceFlinger:      Device | 0x70dda1ffc0 | 0000 | RGBA_8888 |   0.0    0.0 1080.0 2220.0 |    0    0 1080 2220 | Splash Screen com.wallapop#0

11-14 14:50:59.564  4211  4242 I ActivityManager: Displayed com.wallapop/com.rewallapop.ui.wall.WallActivity: +2s368ms (total +8s899ms)

11-14 14:50:59.565  4211  4310 V WindowManager: Remove Window{7a05df0 u0 Splash Screen com.wallapop}: mSurfaceController=Surface(name=Splash Screen com.wallapop)/@0x2cdfb08 mAnimatingExit=false mRemoveOnExit=false mHasSurface=true surfaceShowing=true isAnimationSet=false app-animation=false mWillReplaceWindow=false inPendingTransaction=false mDisplayFrozen=false callers=com.android.server.wm.WindowState.removeIfPossible:2764 com.android.server.wm.WindowManagerService.removeWindow:1943 com.android.server.wm.Session.remove:268 android.view.ViewRootImpl.dispatchDetachedFromWindow:4565 android.view.ViewRootImpl.doDie:7996 android.view.ViewRootImpl$ViewRootHandler.handleMessage:4987

11-14 14:50:59.566  4211  4310 I WindowManager: Cancelling animation restarting=true, leash=null, surface=Surface(name=7a05df0 Splash Screen com.wallapop)/@0xd57eca5, parent=Surface(name=AppWindowToken{fa07a9c token=Token{a113a0f ActivityRecord{c66536e u0 com.wallapop/com.rewallapop.ui.wall.WallActivity t2174}}})/@0x51e478d

11-14 14:50:59.566  4211  4310 I WindowManager: Reparenting to leash, surface=Surface(name=7a05df0 Splash Screen com.wallapop)/@0xd57eca5

11-14 14:50:59.567  3727  3727 I SurfaceFlinger: id=27022 createSurf (4440x4440),2 flag=4, Surface(name=7a05df0 Splash Screen com.wallapop)/@0xd57eca5 - animation-leash#0

11-14 14:50:59.583  4211  4310 D WindowManager: makeSurface duration=17 leash=Surface(name=Surface(name=7a05df0 Splash Screen com.wallapop)/@0xd57eca5 - animation-leash)/@0x634cf89

11-14 14:50:59.583  4211  4310 D SurfaceControl: reparent is called, sc=Surface(name=7a05df0 Splash Screen com.wallapop)/@0xd57eca5, newParentHandle=android.os.BinderProxy@8ae4b8e, transaction=android.view.SurfaceControl$Transaction@bb1682b

11-14 14:50:59.594  3727  3771 D Layer   : [7a05df0 Splash Screen com.wallapop#0]::reparent oldParent:[AppWindowToken{fa07a9c token=Token{a113a0f ActivityRecord{c66536e u0 com.wallapop/com.rewallapop.ui.wall.WallActivity t2174}}}#0], newParent:[Surface(name=7a05df0 Splash Screen com.wallapop)/@0xd57eca5 - animation-leash#0]

11-14 14:50:59.647 28456 28456 V InputMethodManager: Starting input: tba=com.wallapop ic=null mNaviBarColor -1 mIsGetNaviBarColorSuccess true , NavVisible : true , NavTrans : false

11-14 14:50:59.652  4211  6751 V InputMethodManagerService: windowGainedFocus : reason=WINDOW_FOCUS_GAIN client=android.os.BinderProxy@320235c inputContext=null missingMethods= attribute=android.view.inputmethod.EditorInfo@af9e6c1 nm = com.wallapop controlFlags=#104 softInputMode=#110 windowFlags=#81810100

11-14 14:50:59.746  4211  4310 I WindowManager: reset, Reparenting to original parent, shouldDeferScheduleAnimation=false, destroyLeash=true, surface=Surface(name=7a05df0 Splash Screen com.wallapop)/@0xd57eca5, parent=Surface(name=AppWindowToken{fa07a9c token=Token{a113a0f ActivityRecord{c66536e u0 com.wallapop/com.rewallapop.ui.wall.WallActivity t2174}}})/@0x51e478d, parentNativeHandle=android.os.BinderProxy@528387a, caller=com.android.server.wm.SurfaceAnimator.lambda$getFinishedCallback$0:97 com.android.server.wm.-$$Lambda$SurfaceAnimator$SIBia0mND666K8lMCPsoid8pUTI.run:4 com.android.server.wm.SurfaceAnimator.lambda$getFinishedCallback$1:104 com.android.server.wm.-$$Lambda$SurfaceAnimator$vdRZk66hQVbQCvVXEaQCT1kVmFc.onAnimationFinished:4 com.android.server.wm.LocalAnimationAdapter.lambda$startAnimation$0:74

11-14 14:50:59.746  4211  4310 D SurfaceControl: reparent is called, sc=Surface(name=7a05df0 Splash Screen com.wallapop)/@0xd57eca5, newParentHandle=android.os.BinderProxy@528387a, transaction=android.view.SurfaceControl$Transaction@bb1682b

11-14 14:50:59.747  4211  4310 D SurfaceControl: destroy(transaction), animation-leash is destroyed, sc=Surface(name=Surface(name=7a05df0 Splash Screen com.wallapop)/@0xd57eca5 - animation-leash)/@0x634cf89, transaction=android.view.SurfaceControl$Transaction@bb1682b, caller=com.android.server.wm.SurfaceAnimator.reset:338 com.android.server.wm.SurfaceAnimator.lambda$getFinishedCallback$0:97 com.android.server.wm.-$$Lambda$SurfaceAnimator$SIBia0mND666K8lMCPsoid8pUTI.run:4 com.android.server.wm.SurfaceAnimator.lambda$getFinishedCallback$1:104 com.android.server.wm.-$$Lambda$SurfaceAnimator$vdRZk66hQVbQCvVXEaQCT1kVmFc.onAnimationFinished:4 com.android.server.wm.LocalAnimationAdapter.lambda$startAnimation$0:74 com.android.server.wm.-$$Lambda$LocalAnimationAdapter$X--EomqUvw4qy89IeeTFTH7aCMo.run:4

11-14 14:50:59.748  4211  4310 E WindowManager: win=Window{7a05df0 u0 Splash Screen com.wallapop EXITING} destroySurfaces: appStopped=false win.mWindowRemovalAllowed=true win.mRemoveOnExit=true win.mViewVisibility=0 caller=com.android.server.wm.AppWindowToken.destroySurfaces:870 com.android.server.wm.AppWindowToken.destroySurfaces:851 com.android.server.wm.WindowState.onExitAnimationDone:5436 com.android.server.wm.WindowStateAnimator.onAnimationFinished:319 com.android.server.wm.WindowState.onAnimationFinished:5858 com.android.server.wm.-$$Lambda$yVRF8YoeNdTa8GR1wDStVsHu8xM.run:2 com.android.server.wm.SurfaceAnimator.lambda$getFinishedCallback$0:100

11-14 14:50:59.748  4211  4310 I WindowManager: Destroying surface Surface(name=Splash Screen com.wallapop)/@0x2cdfb08 called by com.android.server.wm.WindowStateAnimator.destroySurface:1901 com.android.server.wm.WindowStateAnimator.destroySurfaceLocked:838 com.android.server.wm.WindowState.destroySurfaceUnchecked:3839 com.android.server.wm.WindowState.destroySurface:3820 com.android.server.wm.AppWindowToken.destroySurfaces:870 com.android.server.wm.AppWindowToken.destroySurfaces:851 com.android.server.wm.WindowState.onExitAnimationDone:5436 com.android.server.wm.WindowStateAnimator.onAnimationFinished:319

11-14 14:50:59.750  3727  5386 I SurfaceFlinger: id=27015 Removed Splash Screen com.wallapop#0 (0/61)

11-14 14:50:59.756  3727  3771 W SurfaceFlinger: Attempting to set client state on removed layer: Splash Screen com.wallapop#0 [s.what : 40]

11-14 14:50:59.756  3727  3771 D Layer   : [7a05df0 Splash Screen com.wallapop#0]::reparent oldParent:[Surface(name=7a05df0 Splash Screen com.wallapop)/@0xd57eca5 - animation-leash#0], newParent:[AppWindowToken{fa07a9c token=Token{a113a0f ActivityRecord{c66536e u0 com.wallapop/com.rewallapop.ui.wall.WallActivity t2174}}}#0]

11-14 14:50:59.756  3727  3771 W SurfaceFlinger: Attempting to destroy on removed layer: Splash Screen com.wallapop#0

11-14 14:50:59.756  3727  3771 I SurfaceFlinger: id=27022 Removed Surface(name=7a05df0 Splash Screen com.wallapop)/@0xd57eca5 - animation-leash#0 (2/60)

11-14 14:50:59.756  3727  3771 I SurfaceFlinger: id=27014 Removed 7a05df0 Splash Screen com.wallapop#0 (1/59)

11-14 14:50:59.760  3727  3727 I Layer   : id=27015 onRemoved Splash Screen com.wallapop#0

11-14 14:50:59.761  3727  3727 I Layer   : id=27014 onRemoved 7a05df0 Splash Screen com.wallapop#0

11-14 14:50:59.761  3727  3727 I Layer   : id=27022 onRemoved Surface(name=7a05df0 Splash Screen com.wallapop)/@0xd57eca5 - animation-leash#0

11-14 14:50:59.766  3727  3727 I SurfaceFlinger:      Device | 0x70d664e300 | 0002 | RGBA_8888 |   0.0    0.0 1080.0 2220.0 |    0    0 1080 2220 | com.wallapop/com.rewallapop.ui.wall.WallActivity[28456]#0

11-14 14:50:59.773 25561 26016 I Finsky  : [9514] fxs.d(3): com.wallapop: Account determined from installer data - [rJj4Md76H4LxoN-B4dnoZM7XaXDDBcXGlC-caOCi6Uc]

11-14 14:50:59.775 25561 26016 I Finsky  : [9514] fxs.d(14): com.wallapop: Account from preferred account - [rJj4Md76H4LxoN-B4dnoZM7XaXDDBcXGlC-caOCi6Uc]

11-14 14:50:59.813 28456 28456 V InputMethodManager: Starting input: tba=com.wallapop ic=null mNaviBarColor -1 mIsGetNaviBarColorSuccess true , NavVisible : true , NavTrans : false

11-14 14:50:59.906  4622  4682 E RequestManager_FLP: [FusedLocationApi] Location request d5f2b3b(Listener) PRIORITY_BALANCED_POWER_ACCURACY interval=300000 from com.wallapop

11-14 14:50:59.943 25561 26016 I Finsky  : [9514] fxs.d(3): com.wallapop: Account determined from installer data - [rJj4Md76H4LxoN-B4dnoZM7XaXDDBcXGlC-caOCi6Uc]

11-14 14:50:59.944 25561 26016 I Finsky  : [9514] fxs.d(14): com.wallapop: Account from preferred account - [rJj4Md76H4LxoN-B4dnoZM7XaXDDBcXGlC-caOCi6Uc]

11-14 14:50:59.957  4211  6751 I WindowManager: Cancelling animation restarting=false, leash=null, surface=Surface(name=AppWindowToken{2bc39f token=Token{a35c93e ActivityRecord{539f5f9 u0 com.wallapop/com.rewallapop.ui.main.MainActivity t2174}}})/@0x6b6f595, parent=Surface(name=Task=2174)/@0xf826aa

11-14 14:50:59.966  3727  3771 I SurfaceFlinger: id=27013 Removed AppWindowToken{2bc39f token=Token{a35c93e ActivityRecord{539f5f9 u0 com.wallapop/com.rewallapop.ui.main.MainActivity t2174}}}#0 (0/58)

11-14 14:50:59.975  4211  4228 D CodecSolution: isMaxAspectPackageEx: com.wallapop : true(2)

11-14 14:50:59.978  3727  3727 I Layer   : id=27013 onRemoved AppWindowToken{2bc39f token=Token{a35c93e ActivityRecord{539f5f9 u0 com.wallapop/com.rewallapop.ui.main.MainActivity t2174}}}#0

11-14 14:51:00.106  4211  4669 D MdnieScenarioControlService:  packageName : com.wallapop    className : com.rewallapop.ui.wall.WallActivity

11-14 14:51:00.125 25561 26016 I Finsky  : [9514] fxs.d(3): com.wallapop: Account determined from installer data - [rJj4Md76H4LxoN-B4dnoZM7XaXDDBcXGlC-caOCi6Uc]

11-14 14:51:00.126 25561 26016 I Finsky  : [9514] fxs.d(14): com.wallapop: Account from preferred account - [rJj4Md76H4LxoN-B4dnoZM7XaXDDBcXGlC-caOCi6Uc]

11-14 14:51:00.211 25561 26016 I Finsky  : [9514] fxs.d(3): com.wallapop: Account determined from installer data - [rJj4Md76H4LxoN-B4dnoZM7XaXDDBcXGlC-caOCi6Uc]

11-14 14:51:00.211 25561 26016 I Finsky  : [9514] fxs.d(14): com.wallapop: Account from preferred account - [rJj4Md76H4LxoN-B4dnoZM7XaXDDBcXGlC-caOCi6Uc]

11-14 14:51:00.288 28456 28467 I com.wallapop: Background concurrent copying GC freed 120337(6MB) AllocSpace objects, 36(2MB) LOS objects, 49% free, 11MB/23MB, paused 480us total 202.152ms

11-14 14:51:00.334 28456 28456 W com.wallapop: Accessing hidden field Landroid/view/View;->mAccessibilityDelegate:Landroid/view/View$AccessibilityDelegate; (light greylist, reflection)

11-14 14:51:01.142 28456 28461 I com.wallapop: Compiler allocated 4MB to compile void android.widget.TextView.<init>(android.content.Context, android.util.AttributeSet, int, int)

11-14 14:51:01.242 28456 28456 W View    : requestLayout() improperly called by com.wallapop.design.view.WallapopTextView{ed070d1 V.ED..... ......ID 47,26-47,86 #7f0a0904 app:id/wp__home__tv_bubble} during layout: running second layout pass

11-14 14:51:01.712 28456 28461 I com.wallapop: Compiler allocated 4MB to compile void android.widget.TextView.<init>(android.content.Context, android.util.AttributeSet, int, int)

11-14 14:51:01.721 28456 28467 I com.wallapop: Background concurrent copying GC freed 87168(5MB) AllocSpace objects, 49(3MB) LOS objects, 50% free, 16MB/33MB, paused 230us total 227.757ms

11-14 14:51:02.104  4211  5504 I ActivityManager: Force stopping com.wallapop appid=10313 user=0: from pid 28942 caller com.android.server.am.ActivityManagerShellCommand.runForceStop:967

11-14 14:51:02.107  4211  5504 I ActivityManager: Killing 28456:com.wallapop/u0a313 (adj 0): stop com.wallapop,from pid 28942 caller com.android.server.am.ActivityManagerShellCommand.runForceStop:967

11-14 14:51:02.119  4211  5504 W ActivityManager: Scheduling restart of crashed service com.wallapop/com.rewallapop.ui.debug.view.DebugActivity$Service in 1000ms

11-14 14:51:02.120  4211  5504 W ActivityManager: Scheduling restart of crashed service com.wallapop/.clickstream.ClickStreamService in 1000ms

11-14 14:51:02.121  4211  5504 W ActivityManager: Force removing ActivityRecord{c66536e u0 com.wallapop/com.rewallapop.ui.wall.WallActivity t2174}: app died, no saved state

11-14 14:51:02.123  4211  5504 V WindowManager: Changing focus from Window{987ef3a u0 com.wallapop/com.rewallapop.ui.wall.WallActivity} to null Callers=com.android.server.wm.AppWindowToken.setVisibility:536 com.android.server.wm.AppWindowToken.onRemovedFromDisplay:766 com.android.server.wm.DisplayContent.removeAppToken:1079 com.android.server.wm.AppWindowContainerController.removeContainer:305

11-14 14:51:02.127 23911 23911 D Notification.Badge: [invalid] onNotificationRemoved : StatusBarNotification(pkg=com.wallapop user=UserHandle{0} id=999 tag=null key=0|com.wallapop|999|null|10313: Notification(channel=wallapop_channel pri=-2 contentView=null vibrate=null sound=null defaults=0x0 flags=0x62 color=0x00000000 vis=PRIVATE semFlags=0x0 semPriority=0 semMissedCount=0))

11-14 14:51:02.129  4211  5504 V WindowManager: Setting visibility of Window{987ef3a u0 com.wallapop/com.rewallapop.ui.wall.WallActivity}: false, caller=com.android.server.wm.WindowContainer.sendAppVisibilityToClients:615 com.android.server.wm.AppWindowToken.setClientHidden:460 com.android.server.wm.AppWindowToken.onAnimationFinished:2383 com.android.server.wm.AppWindowToken.setVisibility:551 com.android.server.wm.AppWindowToken.onRemovedFromDisplay:766

11-14 14:51:02.130  4211  5504 I WindowManager: Cancelling animation restarting=false, leash=null, surface=Surface(name=AppWindowToken{fa07a9c token=Token{a113a0f ActivityRecord{c66536e u0 com.wallapop/com.rewallapop.ui.wall.WallActivity t2174}}})/@0x51e478d, parent=Surface(name=Task=2174)/@0xf826aa

11-14 14:51:02.131  4211  5504 V WindowManager: Remove Window{987ef3a u0 com.wallapop/com.rewallapop.ui.wall.WallActivity}: mSurfaceController=Surface(name=com.wallapop/com.rewallapop.ui.wall.WallActivity[28456])/@0xdfd50b7 mAnimatingExit=false mRemoveOnExit=false mHasSurface=true surfaceShowing=false isAnimationSet=false app-animation=false mWillReplaceWindow=false inPendingTransaction=false mDisplayFrozen=false callers=com.android.server.wm.WindowState.removeIfPossible:2764 com.android.server.wm.WindowToken.removeAllWindowsIfPossible:150 com.android.server.wm.AppWindowToken.removeIfPossible:743 com.android.server.wm.AppWindowToken.onRemovedFromDisplay:819 com.android.server.wm.DisplayContent.removeAppToken:1079 com.android.server.wm.AppWindowContainerController.removeContainer:305

11-14 14:51:02.132  4211  5504 I WindowManager: Destroying surface Surface(name=com.wallapop/com.rewallapop.ui.wall.WallActivity[28456])/@0xdfd50b7 called by com.android.server.wm.WindowStateAnimator.destroySurface:1901 com.android.server.wm.WindowStateAnimator.destroySurfaceLocked:838 com.android.server.wm.WindowState.removeImmediately:2743 com.android.server.wm.WindowState.removeIfPossible:2893 com.android.server.wm.WindowState.removeIfPossible:2764 com.android.server.wm.WindowToken.removeAllWindowsIfPossible:150 com.android.server.wm.AppWindowToken.removeIfPossible:743 com.android.server.wm.AppWindowToken.onRemovedFromDisplay:819

11-14 14:51:02.133  3727  3771 I SurfaceFlinger: id=27021 Removed com.wallapop/com.rewallapop.ui.wall.WallActivity[28456]#0 (0/57)

11-14 14:51:02.137  3727  3771 I SurfaceFlinger: id=27020 Removed 987ef3a com.wallapop/com.rewallapop.ui.wall.WallActivity#0 (0/56)

11-14 14:51:02.141  3727  3771 I SurfaceFlinger: id=27018 Removed AppWindowToken{fa07a9c token=Token{a113a0f ActivityRecord{c66536e u0 com.wallapop/com.rewallapop.ui.wall.WallActivity t2174}}}#0 (0/55)

11-14 14:51:02.142  4211  4242 D WindowManager: reportFocusChangedSerialized, focused=false, inTouchMode=true, win=Window{987ef3a u0 com.wallapop/com.rewallapop.ui.wall.WallActivity}

11-14 14:51:02.147  3727  3727 I Layer   : id=27018 onRemoved AppWindowToken{fa07a9c token=Token{a113a0f ActivityRecord{c66536e u0 com.wallapop/com.rewallapop.ui.wall.WallActivity t2174}}}#0

11-14 14:51:02.147  3727  3727 I Layer   : id=27020 onRemoved 987ef3a com.wallapop/com.rewallapop.ui.wall.WallActivity#0

11-14 14:51:02.147  3727  3727 I Layer   : id=27021 onRemoved com.wallapop/com.rewallapop.ui.wall.WallActivity[28456]#0

11-14 14:51:02.185  4211  5504 I ActivityManager:   Force stopping service ServiceRecord{cf6d11 u0 com.wallapop/.clickstream.ClickStreamService}

11-14 14:51:02.219  4211  4227 W BroadcastQueue: Background execution not allowed: receiving Intent { act=android.intent.action.PACKAGE_RESTARTED dat=package:com.wallapop flg=0x10 (has extras) } to android/com.kddi.android.CpaNotiReceiver

11-14 14:51:02.235 23911 23978 D Notification.Badge: updateLauncherIconBadges() item : [IconInfo(title=_Wallapop_ intent=Intent { act=android.intent.action.MAIN cat=[android.intent.category.LAUNCHER] flg=0x10200000 cmp=com.wallapop/.activities.HomeActivity (has extras) } id=162 type=0 container=-102 screen=1 cellX=3 cellY=0 spanX=1 spanY=1 rank=3 hidden=0 dropPos=null user=UserHandle{0} screenType=0)], mShowBadge : [false], item.mBadgeCount : [0]

11-14 14:51:02.237  4211  4211 D SamsungAlarmManager: Remove alarm for next reason : android.intent.action.PACKAGE_RESTARTED : package: com.wallapop

11-14 14:51:02.263  4622 11977 E RequestManager_FLP: [FusedLocationApi] Location remove d5f2b3b from com.wallapop

11-14 14:51:02.274 23911 23911 D RecommendedView: updateBadgeItems: [IconInfo(title=_Wallapop_ intent=Intent { act=android.intent.action.MAIN cat=[android.intent.category.LAUNCHER] flg=0x10200000 cmp=com.wallapop/.activities.HomeActivity (has extras) } id=162 type=0 container=-102 screen=1 cellX=3 cellY=0 spanX=1 spanY=1 rank=3 hidden=0 dropPos=null user=UserHandle{0} screenType=0)]

11-14 14:51:02.282 23911 27641 I AppIconSolution: load=com.wallapop, bg=144-144, dr=126-126, forDefault=true, density=0

11-14 14:51:02.284 23911 27641 I AppIconSolution: load=com.wallapop-contain, bg=166-166, dr=126-126


