Executed 'TestRailTest_01()' on 04-11-2019
---------------------------------------------------------------------------------
11-14 14:49:40.714 27532 27582 I appium  : AppiumResponse: {"sessionId":"e1ff0750-b6c0-420f-a28c-3c358d48e6d1","value":{"sessionId":"e1ff0750-b6c0-420f-a28c-3c358d48e6d1","capabilities":{"firstMatch":[{"platform":"LINUX","webStorageEnabled":false,"takesScreenshot":true,"javascriptEnabled":true,"databaseEnabled":false,"networkConnectionEnabled":true,"locationContextEnabled":false,"warnings":{},"desired":{"platformName":"android","normalizeTagNames":true,"androidInstallTimeout":150000,"app":"","appActivity":"com.rewallapop.ui.main.MainActivity","appPackage":"com.wallapop","isHeadless":false,"skipDeviceInitialization":true,"autoAcceptAlerts":true,"autoGrantPermissions":true,"automationName":"UiAutomator2","avd":"","deviceName":"3200f02dc0aab5db","deviceReadyTimeout":1,"fullReset":false,"ignoreUnimportantViews":true,"newCommandTimeout":60,"noReset":true,"systemPort":8223,"udid":"3200f02dc0aab5db"},"platformName":"android","normalizeTagNames":true,"androidInstallTimeout":150000,"app":"","appActivity":"com.rewallapop.ui.main.MainActivity","appPackage":"com.wallapop","isHeadless":false,"skipDeviceInitialization":true,"autoAcceptAlerts":true,"autoGrantPermissions":true,"automationName":"UiAutomator2","avd":"","deviceName":"3200f02dc0aab5db","deviceReadyTimeout":1,"fullReset":false,"ignoreUnimportantViews":true,"newCommandTimeout":60,"noReset":true,"systemPort":8223,"udid":"3200f02dc0aab5db","deviceUDID":"3200f02dc0aab5db"}],"alwaysMatch":{}}}}

11-14 14:49:41.291  4211  6753 I ActivityManager: Force stopping com.wallapop appid=10313 user=0: from pid 27590 caller com.android.server.am.ActivityManagerShellCommand.runStartActivity:412

11-14 14:49:41.293  4211  6753 I ActivityManager: Killing 27164:com.wallapop/u0a313 (adj 900): stop com.wallapop,from pid 27590 caller com.android.server.am.ActivityManagerShellCommand.runStartActivity:412

11-14 14:49:41.315  4211  4211 D SamsungAlarmManager: Remove alarm for next reason : android.intent.action.PACKAGE_RESTARTED : package: com.wallapop

11-14 14:49:41.327  4211  4227 W BroadcastQueue: Background execution not allowed: receiving Intent { act=android.intent.action.PACKAGE_RESTARTED dat=package:com.wallapop flg=0x10 (has extras) } to android/com.kddi.android.CpaNotiReceiver

11-14 14:49:41.573  4211  6753 I ActivityManager: START u0 {act=null typ=null flg=0x10000000 cmp=ComponentInfo{com.wallapop/com.rewallapop.ui.main.MainActivity}} from uid 2000

11-14 14:49:41.582  4211  6753 I ActivityManager: [IOP] sourceDir : /data/app/com.wallapop-N9ua0QKKrjIAApR3SfN52w== in ActivityStacksupervisor

11-14 14:49:41.601  3727  3727 I SurfaceFlinger: id=26995 createSurf (4440x4440),2 flag=4, AppWindowToken{123cd0f token=Token{eab526e ActivityRecord{3825e9 u0 com.wallapop/com.rewallapop.ui.main.MainActivity t2173}}}#0

11-14 14:49:41.614  4211  6751 D StorageManagerService: getExternalStorageMountMode : final mountMode=1, uid : 10313, packageName : com.wallapop

11-14 14:49:41.615  4211  6751 I ApplicationPolicy: isApplicationExternalStorageWhitelisted:com.wallapop user:0

11-14 14:49:41.615  3727  3727 I SurfaceFlinger: id=26996 createSurf (4440x4440),2 flag=4, bf463a0 Splash Screen com.wallapop#0

11-14 14:49:41.615  4211  6751 D ActivityManager: package  com.wallapop, user - 0 is SDcard whitelisted

11-14 14:49:41.615  4211  6751 I ApplicationPolicy: isApplicationExternalStorageBlacklisted:com.wallapop user:0

11-14 14:49:41.615  4211  6751 I ApplicationPolicy: isApplicationExternalStorageBlacklisted:com.wallapop user:0

11-14 14:49:41.618  4211  4211 D Telecom:SamsungPrebindingServiceImpl: onTopActivityChanged : ComponentInfo{com.wallapop/com.rewallapop.ui.main.MainActivity}

11-14 14:49:41.635  4211  4310 V WindowManager: Relayout Window{bf463a0 u0 Splash Screen com.wallapop}: viewVisibility=0 req=1080x2220 {(0,0)(fillxfill) sim={adjust=pan} ty=APPLICATION_STARTING fmt=TRANSLUCENT wanim=0x10302fe

11-14 14:49:41.637  4211  4229 I ActivityManager: Start proc 27595:com.wallapop/u0a313 for activity com.wallapop/com.rewallapop.ui.main.MainActivity

11-14 14:49:41.640 27595 27595 I com.wallapop: Late-enabling -Xcheck:jni

11-14 14:49:41.641  3727  3727 I SurfaceFlinger: id=26997 createSurf (1080x2220),1 flag=4, Splash Screen com.wallapop#0

11-14 14:49:41.643  4211  4310 D WindowManager: makeSurface duration=3 name=Splash Screen com.wallapop

11-14 14:49:41.668  4211  4310 D WindowManager: finishDrawingWindow: Window{bf463a0 u0 Splash Screen com.wallapop} mDrawState=DRAW_PENDING

11-14 14:49:41.669  4211  4310 I WindowManager: commitFinishDrawingLocked: mDrawState=READY_TO_SHOW Surface(name=Splash Screen com.wallapop)/@0xe2f632a

11-14 14:49:41.669  4211  4310 V WindowManager: Resize reasons for w=Window{bf463a0 u0 Splash Screen com.wallapop}:  contentInsetsChanged=false [0,63][0,126] visibleInsetsChanged=false [0,63][0,126] stableInsetsChanged=false [0,63][0,126] outsetsChanged=false [0,0][0,0] surfaceResized=false configChanged=false dragResizingChanged=false reportOrientationChanged=false displayCutoutChanged=false nextForceRelayoutToClient=false

11-14 14:49:41.673 27595 27595 I com.wallapop: report jit thread pid = 27600

11-14 14:49:41.689  4211  6751 I ActivityManager: DSS on for com.wallapop and scale is 1.0

11-14 14:49:41.693  4211  6751 I WindowManager: commitFinishDrawingLocked: mDrawState=READY_TO_SHOW Surface(name=Splash Screen com.wallapop)/@0xe2f632a

11-14 14:49:41.699  4211  4473 D GamePkgDataHelper: getGamePkgData(). com.wallapop

11-14 14:49:41.699  4211  6751 D GamePkgDataHelper: notifyAppCreate(), pkgName: com.wallapop, sendRet: true

11-14 14:49:41.699  4211  4473 D GameManagerService: handleMessage(), MSG_APP_CREATE. ignore. pkgName: com.wallapop

11-14 14:49:41.699  4211  4310 I WindowManager: commitFinishDrawingLocked: mDrawState=READY_TO_SHOW Surface(name=Splash Screen com.wallapop)/@0xe2f632a

11-14 14:49:41.703  4211  6751 D GameManagerService: noteResumeComponent(), resumeComponent: com.wallapop

11-14 14:49:41.703  4211  6751 D GamePkgDataHelper: getSosPolicy(). com.wallapop

11-14 14:49:41.703  4211  4473 D GameManagerService: handleForegroundChange(). pkgName: com.wallapop, clsName: com.rewallapop.ui.main.MainActivity,FgActivityName:com.wallapop/com.rewallapop.ui.main.MainActivity

11-14 14:49:41.703  4211  4473 D GameManagerService:   handleForegroundChange(). set mFgApp: com.wallapop

11-14 14:49:41.704  4211  4680 D GamePkgDataHelper: getGamePkgDataIncServer(). com.wallapop

11-14 14:49:41.704  4211  4473 D GameManagerService: notifyResumePause(). pkg: com.wallapop, type: 4, isMinimized: false, isTunableApp: false

11-14 14:49:41.704  4211  6751 D GameManagerService: identifyGamePackage. com.wallapop

11-14 14:49:41.704  4211  6751 D GamePkgDataHelper: getGamePkgData(). com.wallapop

11-14 14:49:41.704  4211  6751 D MARsPolicyManager: onPackageResumedFG pkgName = com.wallapop, userId = 0

11-14 14:49:41.707  4211  4310 I WindowManager: commitFinishDrawingLocked: mDrawState=READY_TO_SHOW Surface(name=Splash Screen com.wallapop)/@0xe2f632a

11-14 14:49:41.715  4211  4310 I WindowManager: Cancelling animation restarting=true, leash=null, surface=Surface(name=AppWindowToken{123cd0f token=Token{eab526e ActivityRecord{3825e9 u0 com.wallapop/com.rewallapop.ui.main.MainActivity t2173}}})/@0xecfeef, parent=Surface(name=Task=2173)/@0x66f8dfc

11-14 14:49:41.715  4211  4310 I WindowManager: Reparenting to leash, surface=Surface(name=AppWindowToken{123cd0f token=Token{eab526e ActivityRecord{3825e9 u0 com.wallapop/com.rewallapop.ui.main.MainActivity t2173}}})/@0xecfeef

11-14 14:49:41.716  3727  3727 I SurfaceFlinger: id=26999 createSurf (4440x4440),2 flag=4, Surface(name=AppWindowToken{123cd0f token=Token{eab526e ActivityRecord{3825e9 u0 com.wallapop/com.rewallapop.ui.main.MainActivity t2173}}})/@0xecfeef - animation-leash#0

11-14 14:49:41.717  4211  4310 D WindowManager: makeSurface duration=3 leash=Surface(name=Surface(name=AppWindowToken{123cd0f token=Token{eab526e ActivityRecord{3825e9 u0 com.wallapop/com.rewallapop.ui.main.MainActivity t2173}}})/@0xecfeef - animation-leash)/@0x7aa6c85

11-14 14:49:41.718  4211  4310 D SurfaceControl: reparent is called, sc=Surface(name=AppWindowToken{123cd0f token=Token{eab526e ActivityRecord{3825e9 u0 com.wallapop/com.rewallapop.ui.main.MainActivity t2173}}})/@0xecfeef, newParentHandle=android.os.BinderProxy@47eeada, transaction=android.view.SurfaceControl$Transaction@4349b0b

11-14 14:49:41.718  4211  4310 V WindowManager: performShowLocked: mDrawState=HAS_DRAWN in Window{bf463a0 u0 Splash Screen com.wallapop}

11-14 14:49:41.723  3727  3770 D Layer   : [AppWindowToken{123cd0f token=Token{eab526e ActivityRecord{3825e9 u0 com.wallapop/com.rewallapop.ui.main.MainActivity t2173}}}#0]::reparent oldParent:[Task=2173#0], newParent:[Surface(name=AppWindowToken{123cd0f token=Token{eab526e ActivityRecord{3825e9 u0 com.wallapop/com.rewallapop.ui.main.MainActivity t2173}}})/@0xecfeef - animation-leash#0]

11-14 14:49:41.727  4211  5514 D GamePkgDataHelper: getSosPolicy(). com.wallapop

11-14 14:49:41.731  4211  6751 D GameManagerService: identifyGamePackage. com.wallapop

11-14 14:49:41.731  4211  4228 D CodecSolution: isMaxAspectPackageEx: com.wallapop : true(2)

11-14 14:49:41.731 27595 27595 I com.wallapop: The ClassLoaderContext is a special shared library.

11-14 14:49:41.731  4211  6751 D GamePkgDataHelper: getGamePkgData(). com.wallapop

11-14 14:49:41.734  4211  4228 D WindowManager: setSystemUiVisibility: vis= 0xa018, fullscreenVis= 0x2000, dockedVis= 0x0, win=Window{bf463a0 u0 Splash Screen com.wallapop}

11-14 14:49:41.738  4211  6751 D GameManagerService: identifyGamePackage. com.wallapop

11-14 14:49:41.738  4211  6751 D GamePkgDataHelper: getGamePkgData(). com.wallapop

11-14 14:49:41.837  3727  3727 I SurfaceFlinger:      Device | 0x70d664e840 | 0000 | RGBA_8888 |   0.0    1.0 1080.0 2219.0 |   89  184  991 2036 | Splash Screen com.wallapop#0

11-14 14:49:41.857  4211  4669 D MdnieScenarioControlService:  packageName : com.wallapop    className : com.rewallapop.ui.main.MainActivity

11-14 14:49:41.860  3727  3727 I SurfaceFlinger:      Device | 0x70d664e840 | 0000 | RGBA_8888 |   0.0    0.0 1080.0 2220.0 |   67  137 1013 2083 | Splash Screen com.wallapop#0

11-14 14:49:41.970  4211  4310 I WindowManager: reset, Reparenting to original parent, shouldDeferScheduleAnimation=false, destroyLeash=true, surface=Surface(name=AppWindowToken{123cd0f token=Token{eab526e ActivityRecord{3825e9 u0 com.wallapop/com.rewallapop.ui.main.MainActivity t2173}}})/@0xecfeef, parent=Surface(name=Task=2173)/@0x66f8dfc, parentNativeHandle=android.os.BinderProxy@30fdce7, caller=com.android.server.wm.SurfaceAnimator.lambda$getFinishedCallback$0:97 com.android.server.wm.-$$Lambda$SurfaceAnimator$SIBia0mND666K8lMCPsoid8pUTI.run:4 com.android.server.wm.SurfaceAnimator.lambda$getFinishedCallback$1:104 com.android.server.wm.-$$Lambda$SurfaceAnimator$vdRZk66hQVbQCvVXEaQCT1kVmFc.onAnimationFinished:4 com.android.server.wm.LocalAnimationAdapter.lambda$startAnimation$0:74

11-14 14:49:41.970  4211  4310 D SurfaceControl: reparent is called, sc=Surface(name=AppWindowToken{123cd0f token=Token{eab526e ActivityRecord{3825e9 u0 com.wallapop/com.rewallapop.ui.main.MainActivity t2173}}})/@0xecfeef, newParentHandle=android.os.BinderProxy@30fdce7, transaction=android.view.SurfaceControl$Transaction@4349b0b

11-14 14:49:41.971  4211  4310 D SurfaceControl: destroy(transaction), animation-leash is destroyed, sc=Surface(name=Surface(name=AppWindowToken{123cd0f token=Token{eab526e ActivityRecord{3825e9 u0 com.wallapop/com.rewallapop.ui.main.MainActivity t2173}}})/@0xecfeef - animation-leash)/@0x7aa6c85, transaction=android.view.SurfaceControl$Transaction@4349b0b, caller=com.android.server.wm.SurfaceAnimator.reset:338 com.android.server.wm.SurfaceAnimator.lambda$getFinishedCallback$0:97 com.android.server.wm.-$$Lambda$SurfaceAnimator$SIBia0mND666K8lMCPsoid8pUTI.run:4 com.android.server.wm.SurfaceAnimator.lambda$getFinishedCallback$1:104 com.android.server.wm.-$$Lambda$SurfaceAnimator$vdRZk66hQVbQCvVXEaQCT1kVmFc.onAnimationFinished:4 com.android.server.wm.LocalAnimationAdapter.lambda$startAnimation$0:74 com.android.server.wm.-$$Lambda$LocalAnimationAdapter$X--EomqUvw4qy89IeeTFTH7aCMo.run:4

11-14 14:49:41.975  3727  5386 D Layer   : [AppWindowToken{123cd0f token=Token{eab526e ActivityRecord{3825e9 u0 com.wallapop/com.rewallapop.ui.main.MainActivity t2173}}}#0]::reparent oldParent:[Surface(name=AppWindowToken{123cd0f token=Token{eab526e ActivityRecord{3825e9 u0 com.wallapop/com.rewallapop.ui.main.MainActivity t2173}}})/@0xecfeef - animation-leash#0], newParent:[Task=2173#0]

11-14 14:49:41.975  3727  5386 I SurfaceFlinger: id=26999 Removed Surface(name=AppWindowToken{123cd0f token=Token{eab526e ActivityRecord{3825e9 u0 com.wallapop/com.rewallapop.ui.main.MainActivity t2173}}})/@0xecfeef - animation-leash#0 (0/60)

11-14 14:49:41.986  3727  3727 I Layer   : id=26999 onRemoved Surface(name=AppWindowToken{123cd0f token=Token{eab526e ActivityRecord{3825e9 u0 com.wallapop/com.rewallapop.ui.main.MainActivity t2173}}})/@0xecfeef - animation-leash#0

11-14 14:49:42.027  3727  3727 I SurfaceFlinger:      Device | 0x70d664e840 | 0000 | RGBA_8888 |   0.0    0.0 1080.0 2220.0 |    0    0 1080 2220 | Splash Screen com.wallapop#0

11-14 14:49:42.133 27595 27628 W com.wallapop: Unsupported class loader

11-14 14:49:42.139 27595 27628 W com.wallapop: Skipping duplicate class check due to unsupported classloader

11-14 14:49:42.191 27595 27617 I FA      :   adb shell setprop debug.firebase.analytics.app com.wallapop

11-14 14:49:42.199 27595 27628 W com.wallapop: Unsupported class loader

11-14 14:49:44.206 27595 27669 I stetho  : Listening on @stetho_com.wallapop_devtools_remote

11-14 14:49:44.305 27595 27675 W com.wallapop: Accessing hidden field Lsun/misc/Unsafe;->theUnsafe:Lsun/misc/Unsafe; (light greylist, reflection)

11-14 14:49:44.329 27595 27676 W com.wallapop: Accessing hidden field Ljava/nio/Buffer;->address:J (light greylist, reflection)

11-14 14:49:44.410 27595 27595 I com.wallapop: The ClassLoaderContext is a special shared library.

11-14 14:49:44.413 27595 27595 I chatty  : uid=10313(com.wallapop) identical 1 line

11-14 14:49:44.415 27595 27595 I com.wallapop: The ClassLoaderContext is a special shared library.

11-14 14:49:44.799 27595 27703 W com.wallapop: Accessing hidden method Landroid/content/Context;->bindServiceAsUser(Landroid/content/Intent;Landroid/content/ServiceConnection;ILandroid/os/Handler;Landroid/os/UserHandle;)Z (light greylist, reflection)

11-14 14:49:44.803  4211  5514 I ApplicationPolicy: isApplicationExternalStorageWhitelisted:com.wallapop user:0

11-14 14:49:44.803  4211  5514 D ActivityManager: package  com.wallapop, user - 0 is SDcard whitelisted

11-14 14:49:44.803  4211  5514 I ApplicationPolicy: isApplicationExternalStorageBlacklisted:com.wallapop user:0

11-14 14:49:44.803  4211  5514 I ApplicationPolicy: isApplicationExternalStorageBlacklisted:com.wallapop user:0

11-14 14:49:44.824  4211  4229 I ActivityManager: Start proc 27706:com.android.chrome:sandboxed_process0/u0i880 for webview_service com.wallapop/org.chromium.content.app.SandboxedProcessService0

11-14 14:49:44.856  4211  4680 I ActivityManager: DSS on for com.wallapop and scale is 1.0

11-14 14:49:44.858  4211  4680 D MultiDisplayManager: init process display: set packageProcessId, displayId=0, same_package_proc=ProcessRecord{43ffb32d0 27595:com.wallapop/u0a313}, app=ProcessRecord{8e196bcd0 27706:com.android.chrome:sandboxed_process0/u0a313i880}

11-14 14:49:44.923 27595 27606 I com.wallapop: Background concurrent copying GC freed 56660(4MB) AllocSpace objects, 15(348KB) LOS objects, 49% free, 6MB/12MB, paused 130us total 102.817ms

11-14 14:49:44.989 27595 27595 W com.wallapop: Accessing hidden method Landroid/view/textclassifier/logging/SmartSelectionEventTracker;-><init>(Landroid/content/Context;I)V (light greylist, reflection)

11-14 14:49:44.989 27595 27595 W com.wallapop: Accessing hidden method Landroid/view/textclassifier/logging/SmartSelectionEventTracker;->logEvent(Landroid/view/textclassifier/logging/SmartSelectionEventTracker$SelectionEvent;)V (light greylist, reflection)

11-14 14:49:44.990 27595 27595 W com.wallapop: Accessing hidden method Landroid/view/textclassifier/logging/SmartSelectionEventTracker$SelectionEvent;->selectionStarted(I)Landroid/view/textclassifier/logging/SmartSelectionEventTracker$SelectionEvent; (light greylist, reflection)

11-14 14:49:44.990 27595 27595 W com.wallapop: Accessing hidden method Landroid/view/textclassifier/logging/SmartSelectionEventTracker$SelectionEvent;->selectionModified(II)Landroid/view/textclassifier/logging/SmartSelectionEventTracker$SelectionEvent; (light greylist, reflection)

11-14 14:49:44.990 27595 27595 W com.wallapop: Accessing hidden method Landroid/view/textclassifier/logging/SmartSelectionEventTracker$SelectionEvent;->selectionModified(IILandroid/view/textclassifier/TextClassification;)Landroid/view/textclassifier/logging/SmartSelectionEventTracker$SelectionEvent; (light greylist, reflection)

11-14 14:49:44.990 27595 27595 W com.wallapop: Accessing hidden method Landroid/view/textclassifier/logging/SmartSelectionEventTracker$SelectionEvent;->selectionModified(IILandroid/view/textclassifier/TextSelection;)Landroid/view/textclassifier/logging/SmartSelectionEventTracker$SelectionEvent; (light greylist, reflection)

11-14 14:49:44.990 27595 27595 W com.wallapop: Accessing hidden method Landroid/view/textclassifier/logging/SmartSelectionEventTracker$SelectionEvent;->selectionAction(III)Landroid/view/textclassifier/logging/SmartSelectionEventTracker$SelectionEvent; (light greylist, reflection)

11-14 14:49:44.990 27595 27595 W com.wallapop: Accessing hidden method Landroid/view/textclassifier/logging/SmartSelectionEventTracker$SelectionEvent;->selectionAction(IIILandroid/view/textclassifier/TextClassification;)Landroid/view/textclassifier/logging/SmartSelectionEventTracker$SelectionEvent; (light greylist, reflection)

11-14 14:49:45.038 27595 27727 W com.wallapop: Accessing hidden method Landroid/media/AudioManager;->getOutputLatency(I)I (light greylist, reflection)

11-14 14:49:45.085 27595 27595 W com.wallapop: Accessing hidden method Landroid/app/ActivityThread;->currentPackageName()Ljava/lang/String; (light greylist, reflection)

11-14 14:49:45.383 27595 27606 I com.wallapop: Background concurrent copying GC freed 52137(4MB) AllocSpace objects, 15(1292KB) LOS objects, 49% free, 6MB/12MB, paused 233us total 146.017ms

11-14 14:49:45.452 27595 27772 W com.wallapop: Accessing hidden method Lcom/android/org/conscrypt/OpenSSLSocketImpl;->setAlpnProtocols([B)V (light greylist, reflection)

11-14 14:49:45.883 27595 27772 W com.wallapop: Accessing hidden method Lcom/android/org/conscrypt/OpenSSLSocketImpl;->getAlpnSelectedProtocol()[B (light greylist, reflection)

11-14 14:49:47.363  4211  6751 D SamsungAlarmManager: Cancel Alarm calling from uid:10313 pid :27595 / op:PendingIntent{c9f348f: PendingIntentRecord{27798a6 com.wallapop broadcastIntent}}

11-14 14:49:47.577 27595 27595 W com.wallapop: Accessing hidden method Landroid/view/View;->computeFitSystemWindows(Landroid/graphics/Rect;Landroid/graphics/Rect;)Z (light greylist, reflection)

11-14 14:49:47.581 27595 27595 W com.wallapop: Accessing hidden method Landroid/view/ViewGroup;->makeOptionalFitsSystemWindows()V (light greylist, reflection)

11-14 14:49:47.596 27595 27595 W com.wallapop: Accessing hidden field Landroid/view/ViewGroup;->mOnHierarchyChangeListener:Landroid/view/ViewGroup$OnHierarchyChangeListener; (light greylist, reflection)

11-14 14:49:47.608  4211  6751 D SamsungAlarmManager: Cancel Alarm calling from uid:10313 pid :27595 / op:PendingIntent{26ec6c6: PendingIntentRecord{cdf2687 com.wallapop broadcastIntent}}

11-14 14:49:47.683 27595 27595 I chatty  : uid=10313(com.wallapop) identical 14 lines

11-14 14:49:47.683 27595 27595 I chatty  : uid=10313(com.wallapop) identical 1 line

11-14 14:49:47.685 27595 27595 I chatty  : uid=10313(com.wallapop) identical 8 lines

11-14 14:49:47.734  4211  7608 D GameManagerService: identifyGamePackage. com.wallapop

11-14 14:49:47.735  4211  7608 D GamePkgDataHelper: getGamePkgData(). com.wallapop

11-14 14:49:47.810  4211  6751 I ActivityManager: START u0 {act=null typ=null flg=0x0 cmp=ComponentInfo{com.wallapop/com.rewallapop.ui.wall.WallActivity}} from uid 10313

11-14 14:49:47.823  3727  3727 I SurfaceFlinger: id=27000 createSurf (4440x4440),2 flag=4, AppWindowToken{f79e89e token=Token{e4776d9 ActivityRecord{993bd20 u0 com.wallapop/com.rewallapop.ui.wall.WallActivity t2173}}}#0

11-14 14:49:47.826  4211  6751 D SurfaceControl: reparent is called, sc=Surface(name=bf463a0 Splash Screen com.wallapop)/@0x3fc5f7f, newParentHandle=android.os.BinderProxy@2c78b4c, transaction=android.view.SurfaceControl$Transaction@42fa795

11-14 14:49:47.829  3727  5386 D Layer   : [bf463a0 Splash Screen com.wallapop#0]::reparent oldParent:[AppWindowToken{123cd0f token=Token{eab526e ActivityRecord{3825e9 u0 com.wallapop/com.rewallapop.ui.main.MainActivity t2173}}}#0], newParent:[AppWindowToken{f79e89e token=Token{e4776d9 ActivityRecord{993bd20 u0 com.wallapop/com.rewallapop.ui.wall.WallActivity t2173}}}#0]

11-14 14:49:47.834  4211  4228 D WindowManager: setSystemUiVisibility: vis= 0xa018, fullscreenVis= 0x2000, dockedVis= 0x0, win=Window{bf463a0 u0 Splash Screen com.wallapop}

11-14 14:49:47.839  4211  4211 D Telecom:SamsungPrebindingServiceImpl: onTopActivityChanged : ComponentInfo{com.wallapop/com.rewallapop.ui.wall.WallActivity}

11-14 14:49:48.049 27595 27855 I com.wallapop: The ClassLoaderContext is a special shared library.

11-14 14:49:48.051 27595 27855 I com.wallapop: Waiting for a blocking GC ClassLinker

11-14 14:49:48.060 27595 27606 I com.wallapop: Background concurrent copying GC freed 58434(4MB) AllocSpace objects, 40(1168KB) LOS objects, 49% free, 8MB/16MB, paused 995us total 192.406ms

11-14 14:49:48.060 27595 27855 I com.wallapop: WaitForGcToComplete blocked ClassLinker on HeapTrim for 8.183ms

11-14 14:49:48.075  4211  4227 D ApplicationPolicy: isStatusBarNotificationAllowedAsUser: packageName = com.wallapop,userId = 0

11-14 14:49:48.078  4211  9311 D GamePkgDataHelper: notifyAppCreate(), pkgName: com.wallapop, sendRet: true

11-14 14:49:48.078  4211  4473 D GamePkgDataHelper: getGamePkgData(). com.wallapop

11-14 14:49:48.078  4211  4473 D GameManagerService: handleMessage(), MSG_APP_CREATE. ignore. pkgName: com.wallapop

11-14 14:49:48.080  4211  9311 D GameManagerService: noteResumeComponent(), resumeComponent: com.wallapop

11-14 14:49:48.081  4211  9311 D MARsPolicyManager: onPackageResumedFG pkgName = com.wallapop, userId = 0

11-14 14:49:48.081  4211  4473 D GameManagerService: handleForegroundChange(). pkgName: com.wallapop, clsName: com.rewallapop.ui.wall.WallActivity,FgActivityName:com.wallapop/com.rewallapop.ui.wall.WallActivity

11-14 14:49:48.083  4211  4211 D Telecom:SamsungPrebindingServiceImpl: onTopActivityChanged : ComponentInfo{com.wallapop/com.rewallapop.ui.wall.WallActivity}

11-14 14:49:48.085  4211  9311 I WindowManager: Cancelling animation restarting=true, leash=null, surface=Surface(name=AppWindowToken{123cd0f token=Token{eab526e ActivityRecord{3825e9 u0 com.wallapop/com.rewallapop.ui.main.MainActivity t2173}}})/@0xecfeef, parent=Surface(name=Task=2173)/@0x66f8dfc

11-14 14:49:48.086  4211  9311 I WindowManager: Reparenting to leash, surface=Surface(name=AppWindowToken{123cd0f token=Token{eab526e ActivityRecord{3825e9 u0 com.wallapop/com.rewallapop.ui.main.MainActivity t2173}}})/@0xecfeef

11-14 14:49:48.086  3727  3727 I SurfaceFlinger: id=27001 createSurf (4440x4440),2 flag=4, Surface(name=AppWindowToken{123cd0f token=Token{eab526e ActivityRecord{3825e9 u0 com.wallapop/com.rewallapop.ui.main.MainActivity t2173}}})/@0xecfeef - animation-leash#0

11-14 14:49:48.090  4211  9311 D WindowManager: makeSurface duration=4 leash=Surface(name=Surface(name=AppWindowToken{123cd0f token=Token{eab526e ActivityRecord{3825e9 u0 com.wallapop/com.rewallapop.ui.main.MainActivity t2173}}})/@0xecfeef - animation-leash)/@0xc20ae50

11-14 14:49:48.090  4211  9311 D SurfaceControl: reparent is called, sc=Surface(name=AppWindowToken{123cd0f token=Token{eab526e ActivityRecord{3825e9 u0 com.wallapop/com.rewallapop.ui.main.MainActivity t2173}}})/@0xecfeef, newParentHandle=android.os.BinderProxy@e6c849, transaction=android.view.SurfaceControl$Transaction@4349b0b

11-14 14:49:48.099  3727  5386 D Layer   : [AppWindowToken{123cd0f token=Token{eab526e ActivityRecord{3825e9 u0 com.wallapop/com.rewallapop.ui.main.MainActivity t2173}}}#0]::reparent oldParent:[Task=2173#0], newParent:[Surface(name=AppWindowToken{123cd0f token=Token{eab526e ActivityRecord{3825e9 u0 com.wallapop/com.rewallapop.ui.main.MainActivity t2173}}})/@0xecfeef - animation-leash#0]

11-14 14:49:48.101  4211  4227 D ApplicationPolicy: isStatusBarNotificationAllowedAsUser: packageName = com.wallapop,userId = 0

11-14 14:49:48.172 27595 27667 W com.wallapop: Accessing hidden method Ldalvik/system/VMRuntime;->getRuntime()Ldalvik/system/VMRuntime; (light greylist, reflection)

11-14 14:49:48.173 27595 27667 W com.wallapop: Accessing hidden method Ldalvik/system/VMRuntime;->vmInstructionSet()Ljava/lang/String; (light greylist, reflection)

11-14 14:49:48.210 23911 23911 D Notification.Badge: [valid] onNotificationPosted : StatusBarNotification(pkg=com.wallapop user=UserHandle{0} id=999 tag=null key=0|com.wallapop|999|null|10313: Notification(channel=wallapop_channel pri=-2 contentView=null vibrate=null sound=null defaults=0x0 flags=0x62 color=0x00000000 vis=PRIVATE semFlags=0x0 semPriority=0 semMissedCount=0))

11-14 14:49:48.210 23911 23911 D Notification.Badge: notificationKey : 0|com.wallapop|999|null|10313, count : 0, this.count : 1

11-14 14:49:48.210 23911 23978 D Notification.Badge: LauncherModel:onNotificationPosted() : com.wallapop, count : [0], shouldBeFilteredOut : [false]

11-14 14:49:48.210 23911 23978 D Notification.Badge: notificationKey : 0|com.wallapop|999|null|10313, count : 1, mTotalCount : 1

11-14 14:49:48.214 23911 23978 D Notification.Badge: updateLauncherIconBadges() item : [IconInfo(title=_Wallapop_ intent=Intent { act=android.intent.action.MAIN cat=[android.intent.category.LAUNCHER] flg=0x10200000 cmp=com.wallapop/.activities.HomeActivity (has extras) } id=162 type=0 container=-102 screen=1 cellX=3 cellY=0 spanX=1 spanY=1 rank=3 hidden=0 dropPos=null user=UserHandle{0} screenType=0)], mShowBadge : [true], item.mBadgeCount : [1]

11-14 14:49:48.220 23911 23911 D RecommendedView: updateBadgeItems: [IconInfo(title=_Wallapop_ intent=Intent { act=android.intent.action.MAIN cat=[android.intent.category.LAUNCHER] flg=0x10200000 cmp=com.wallapop/.activities.HomeActivity (has extras) } id=162 type=0 container=-102 screen=1 cellX=3 cellY=0 spanX=1 spanY=1 rank=3 hidden=0 dropPos=null user=UserHandle{0} screenType=0)]

11-14 14:49:48.333  4211  9311 D SamsungAlarmManager: Cancel Alarm calling from uid:10313 pid :27595 / op:PendingIntent{2e718b2: PendingIntentRecord{cdf2687 com.wallapop broadcastIntent}}

11-14 14:49:48.377  4211  4310 I WindowManager: reset, Reparenting to original parent, shouldDeferScheduleAnimation=false, destroyLeash=true, surface=Surface(name=AppWindowToken{123cd0f token=Token{eab526e ActivityRecord{3825e9 u0 com.wallapop/com.rewallapop.ui.main.MainActivity t2173}}})/@0xecfeef, parent=Surface(name=Task=2173)/@0x66f8dfc, parentNativeHandle=android.os.BinderProxy@30fdce7, caller=com.android.server.wm.SurfaceAnimator.lambda$getFinishedCallback$0:97 com.android.server.wm.-$$Lambda$SurfaceAnimator$SIBia0mND666K8lMCPsoid8pUTI.run:4 com.android.server.wm.SurfaceAnimator.lambda$getFinishedCallback$1:104 com.android.server.wm.-$$Lambda$SurfaceAnimator$vdRZk66hQVbQCvVXEaQCT1kVmFc.onAnimationFinished:4 com.android.server.wm.LocalAnimationAdapter.lambda$startAnimation$0:74

11-14 14:49:48.378  4211  4310 D SurfaceControl: reparent is called, sc=Surface(name=AppWindowToken{123cd0f token=Token{eab526e ActivityRecord{3825e9 u0 com.wallapop/com.rewallapop.ui.main.MainActivity t2173}}})/@0xecfeef, newParentHandle=android.os.BinderProxy@30fdce7, transaction=android.view.SurfaceControl$Transaction@4349b0b

11-14 14:49:48.378  4211  4310 D SurfaceControl: destroy(transaction), animation-leash is destroyed, sc=Surface(name=Surface(name=AppWindowToken{123cd0f token=Token{eab526e ActivityRecord{3825e9 u0 com.wallapop/com.rewallapop.ui.main.MainActivity t2173}}})/@0xecfeef - animation-leash)/@0xc20ae50, transaction=android.view.SurfaceControl$Transaction@4349b0b, caller=com.android.server.wm.SurfaceAnimator.reset:338 com.android.server.wm.SurfaceAnimator.lambda$getFinishedCallback$0:97 com.android.server.wm.-$$Lambda$SurfaceAnimator$SIBia0mND666K8lMCPsoid8pUTI.run:4 com.android.server.wm.SurfaceAnimator.lambda$getFinishedCallback$1:104 com.android.server.wm.-$$Lambda$SurfaceAnimator$vdRZk66hQVbQCvVXEaQCT1kVmFc.onAnimationFinished:4 com.android.server.wm.LocalAnimationAdapter.lambda$startAnimation$0:74 com.android.server.wm.-$$Lambda$LocalAnimationAdapter$X--EomqUvw4qy89IeeTFTH7aCMo.run:4

11-14 14:49:48.394  3727  3771 D Layer   : [AppWindowToken{123cd0f token=Token{eab526e ActivityRecord{3825e9 u0 com.wallapop/com.rewallapop.ui.main.MainActivity t2173}}}#0]::reparent oldParent:[Surface(name=AppWindowToken{123cd0f token=Token{eab526e ActivityRecord{3825e9 u0 com.wallapop/com.rewallapop.ui.main.MainActivity t2173}}})/@0xecfeef - animation-leash#0], newParent:[Task=2173#0]

11-14 14:49:48.394  3727  3771 I SurfaceFlinger: id=27001 Removed Surface(name=AppWindowToken{123cd0f token=Token{eab526e ActivityRecord{3825e9 u0 com.wallapop/com.rewallapop.ui.main.MainActivity t2173}}})/@0xecfeef - animation-leash#0 (0/59)

11-14 14:49:48.410  3727  3727 I Layer   : id=27001 onRemoved Surface(name=AppWindowToken{123cd0f token=Token{eab526e ActivityRecord{3825e9 u0 com.wallapop/com.rewallapop.ui.main.MainActivity t2173}}})/@0xecfeef - animation-leash#0

11-14 14:49:48.493 27595 27595 W com.wallapop: Accessing hidden method Landroid/widget/TextView;->getTextDirectionHeuristic()Landroid/text/TextDirectionHeuristic; (light greylist, linking)

11-14 14:49:48.497 27595 27595 W com.wallapop: Accessing hidden method Landroid/graphics/FontFamily;-><init>()V (light greylist, reflection)

11-14 14:49:48.497 27595 27595 W com.wallapop: Accessing hidden method Landroid/graphics/FontFamily;->addFontFromAssetManager(Landroid/content/res/AssetManager;Ljava/lang/String;IZIII[Landroid/graphics/fonts/FontVariationAxis;)Z (light greylist, reflection)

11-14 14:49:48.497 27595 27595 W com.wallapop: Accessing hidden method Landroid/graphics/FontFamily;->addFontFromBuffer(Ljava/nio/ByteBuffer;I[Landroid/graphics/fonts/FontVariationAxis;II)Z (light greylist, reflection)

11-14 14:49:48.497 27595 27595 W com.wallapop: Accessing hidden method Landroid/graphics/FontFamily;->freeze()Z (light greylist, reflection)

11-14 14:49:48.497 27595 27595 W com.wallapop: Accessing hidden method Landroid/graphics/FontFamily;->abortCreation()V (light greylist, reflection)

11-14 14:49:48.499 27595 27595 W com.wallapop: Accessing hidden method Landroid/graphics/Typeface;->createFromFamiliesWithDefault([Landroid/graphics/FontFamily;Ljava/lang/String;II)Landroid/graphics/Typeface; (light greylist, reflection)

11-14 14:49:48.690 27595 27606 I com.wallapop: Background concurrent copying GC freed 125381(6MB) AllocSpace objects, 20(716KB) LOS objects, 49% free, 10MB/21MB, paused 267us total 171.911ms

11-14 14:49:48.920 27595 27890 I com.wallapop: The ClassLoaderContext is a special shared library.

11-14 14:49:49.425  3727  3727 I SurfaceFlinger: id=27002 createSurf (4440x4440),2 flag=4, a5d233f com.wallapop/com.rewallapop.ui.wall.WallActivity#0

11-14 14:49:49.447 25561 26016 I Finsky  : [9514] fxs.d(3): com.wallapop: Account determined from installer data - [rJj4Md76H4LxoN-B4dnoZM7XaXDDBcXGlC-caOCi6Uc]

11-14 14:49:49.448 25561 26016 I Finsky  : [9514] fxs.d(14): com.wallapop: Account from preferred account - [rJj4Md76H4LxoN-B4dnoZM7XaXDDBcXGlC-caOCi6Uc]

11-14 14:49:49.452 25561 26016 I Finsky  : [9514] fxs.d(3): com.wallapop: Account determined from installer data - [rJj4Md76H4LxoN-B4dnoZM7XaXDDBcXGlC-caOCi6Uc]

11-14 14:49:49.452 25561 26016 I Finsky  : [9514] fxs.d(14): com.wallapop: Account from preferred account - [rJj4Md76H4LxoN-B4dnoZM7XaXDDBcXGlC-caOCi6Uc]

11-14 14:49:49.456 25561 26016 I Finsky  : [9514] fxs.d(3): com.wallapop: Account determined from installer data - [rJj4Md76H4LxoN-B4dnoZM7XaXDDBcXGlC-caOCi6Uc]

11-14 14:49:49.456 25561 26016 I Finsky  : [9514] fxs.d(14): com.wallapop: Account from preferred account - [rJj4Md76H4LxoN-B4dnoZM7XaXDDBcXGlC-caOCi6Uc]

11-14 14:49:49.461 25561 26016 I Finsky  : [9514] fxs.d(3): com.wallapop: Account determined from installer data - [rJj4Md76H4LxoN-B4dnoZM7XaXDDBcXGlC-caOCi6Uc]

11-14 14:49:49.461 25561 26016 I Finsky  : [9514] fxs.d(14): com.wallapop: Account from preferred account - [rJj4Md76H4LxoN-B4dnoZM7XaXDDBcXGlC-caOCi6Uc]

11-14 14:49:49.621 27595 27606 I com.wallapop: Background concurrent copying GC freed 128413(10MB) AllocSpace objects, 20(892KB) LOS objects, 49% free, 12MB/24MB, paused 467us total 168.911ms

11-14 14:49:49.817  4211  5239 D ActivityManagerPerformance: Received MSG_DISABLE_ACT_START, r: ActivityRecord{993bd20 u0 com.wallapop/com.rewallapop.ui.wall.WallActivity t2173}

11-14 14:49:50.039  4211  5514 V WindowManager: Relayout Window{a5d233f u0 com.wallapop/com.rewallapop.ui.wall.WallActivity}: viewVisibility=0 req=1080x2220 {(0,0)(fillxfill) sim={adjust=resize forwardNavigation} ty=BASE_APPLICATION wanim=0x10302fe

11-14 14:49:50.042  3727  3727 I SurfaceFlinger: id=27003 createSurf (1080x2220),1 flag=404, com.wallapop/com.rewallapop.ui.wall.WallActivity[27595]#0

11-14 14:49:50.043  4211  5514 D WindowManager: makeSurface duration=3 name=com.wallapop/com.rewallapop.ui.wall.WallActivity[27595]

11-14 14:49:50.044  4211  5514 V WindowManager: Changing focus from null to Window{a5d233f u0 com.wallapop/com.rewallapop.ui.wall.WallActivity} Callers=com.android.server.wm.WindowManagerService.relayoutWindow:2526 com.android.server.wm.Session.relayoutForTranslate:302 android.view.IWindowSession$Stub.onTransact:518 com.android.server.wm.Session.onTransact:186

11-14 14:49:50.044  4211  4228 D WindowManager: setSystemUiVisibility: vis= 0xa518, fullscreenVis= 0x2000, dockedVis= 0x0, win=Window{a5d233f u0 com.wallapop/com.rewallapop.ui.wall.WallActivity}

11-14 14:49:50.048  4211  4242 D WindowManager: reportFocusChangedSerialized, focused=true, inTouchMode=true, win=Window{a5d233f u0 com.wallapop/com.rewallapop.ui.wall.WallActivity}

11-14 14:49:50.146 25561 26016 I Finsky  : [9514] fxs.d(3): com.wallapop: Account determined from installer data - [rJj4Md76H4LxoN-B4dnoZM7XaXDDBcXGlC-caOCi6Uc]

11-14 14:49:50.146 25561 26016 I Finsky  : [9514] fxs.d(14): com.wallapop: Account from preferred account - [rJj4Md76H4LxoN-B4dnoZM7XaXDDBcXGlC-caOCi6Uc]

11-14 14:49:50.239 25561 26016 I Finsky  : [9514] fxs.d(3): com.wallapop: Account determined from installer data - [rJj4Md76H4LxoN-B4dnoZM7XaXDDBcXGlC-caOCi6Uc]

11-14 14:49:50.240 25561 26016 I Finsky  : [9514] fxs.d(14): com.wallapop: Account from preferred account - [rJj4Md76H4LxoN-B4dnoZM7XaXDDBcXGlC-caOCi6Uc]

11-14 14:49:50.329 25561 26016 I Finsky  : [9514] fxs.d(3): com.wallapop: Account determined from installer data - [rJj4Md76H4LxoN-B4dnoZM7XaXDDBcXGlC-caOCi6Uc]

11-14 14:49:50.329 25561 26016 I Finsky  : [9514] fxs.d(14): com.wallapop: Account from preferred account - [rJj4Md76H4LxoN-B4dnoZM7XaXDDBcXGlC-caOCi6Uc]

11-14 14:49:50.350  4211  5518 D WindowManager: finishDrawingWindow: Window{a5d233f u0 com.wallapop/com.rewallapop.ui.wall.WallActivity} mDrawState=DRAW_PENDING

11-14 14:49:50.352  4211  4310 I WindowManager: commitFinishDrawingLocked: mDrawState=READY_TO_SHOW Surface(name=com.wallapop/com.rewallapop.ui.wall.WallActivity[27595])/@0x1f5d86c

11-14 14:49:50.352  4211  4310 V WindowManager: Resize reasons for w=Window{a5d233f u0 com.wallapop/com.rewallapop.ui.wall.WallActivity}:  contentInsetsChanged=false [0,63][0,126] visibleInsetsChanged=false [0,63][0,126] stableInsetsChanged=false [0,63][0,126] outsetsChanged=false [0,0][0,0] surfaceResized=false configChanged=false dragResizingChanged=false reportOrientationChanged=false displayCutoutChanged=false nextForceRelayoutToClient=false

11-14 14:49:50.355  4211  4310 I WindowManager: commitFinishDrawingLocked: mDrawState=READY_TO_SHOW Surface(name=com.wallapop/com.rewallapop.ui.wall.WallActivity[27595])/@0x1f5d86c

11-14 14:49:50.355  4211  4310 I WindowManager: Cancelling animation restarting=false, leash=null, surface=Surface(name=a5d233f com.wallapop/com.rewallapop.ui.wall.WallActivity)/@0xd263e35, parent=Surface(name=AppWindowToken{f79e89e token=Token{e4776d9 ActivityRecord{993bd20 u0 com.wallapop/com.rewallapop.ui.wall.WallActivity t2173}}})/@0x23ad2ca

11-14 14:49:50.355  4211  4310 V WindowManager: performShowLocked: mDrawState=HAS_DRAWN in Window{a5d233f u0 com.wallapop/com.rewallapop.ui.wall.WallActivity}

11-14 14:49:50.361  4211  4310 V WindowManager: Remove Window{bf463a0 u0 Splash Screen com.wallapop}: mSurfaceController=Surface(name=Splash Screen com.wallapop)/@0xe2f632a mAnimatingExit=false mRemoveOnExit=false mHasSurface=true surfaceShowing=true isAnimationSet=false app-animation=false mWillReplaceWindow=false inPendingTransaction=false mDisplayFrozen=false callers=com.android.server.wm.WindowState.removeIfPossible:2764 com.android.server.wm.WindowManagerService.removeWindow:1943 com.android.server.wm.Session.remove:268 android.view.ViewRootImpl.dispatchDetachedFromWindow:4565 android.view.ViewRootImpl.doDie:7996 android.view.ViewRootImpl$ViewRootHandler.handleMessage:4987

11-14 14:49:50.362  4211  4310 I WindowManager: Cancelling animation restarting=true, leash=null, surface=Surface(name=bf463a0 Splash Screen com.wallapop)/@0x3fc5f7f, parent=Surface(name=AppWindowToken{f79e89e token=Token{e4776d9 ActivityRecord{993bd20 u0 com.wallapop/com.rewallapop.ui.wall.WallActivity t2173}}})/@0x23ad2ca

11-14 14:49:50.362  4211  4310 I WindowManager: Reparenting to leash, surface=Surface(name=bf463a0 Splash Screen com.wallapop)/@0x3fc5f7f

11-14 14:49:50.364  3727  3727 I SurfaceFlinger: id=27004 createSurf (4440x4440),2 flag=4, Surface(name=bf463a0 Splash Screen com.wallapop)/@0x3fc5f7f - animation-leash#0

11-14 14:49:50.368  4211  4310 D WindowManager: makeSurface duration=5 leash=Surface(name=Surface(name=bf463a0 Splash Screen com.wallapop)/@0x3fc5f7f - animation-leash)/@0x89e0f58

11-14 14:49:50.368  4211  4310 D SurfaceControl: reparent is called, sc=Surface(name=bf463a0 Splash Screen com.wallapop)/@0x3fc5f7f, newParentHandle=android.os.BinderProxy@a0988b1, transaction=android.view.SurfaceControl$Transaction@42fa795

11-14 14:49:50.373  3727  5386 D Layer   : [bf463a0 Splash Screen com.wallapop#0]::reparent oldParent:[AppWindowToken{f79e89e token=Token{e4776d9 ActivityRecord{993bd20 u0 com.wallapop/com.rewallapop.ui.wall.WallActivity t2173}}}#0], newParent:[Surface(name=bf463a0 Splash Screen com.wallapop)/@0x3fc5f7f - animation-leash#0]

11-14 14:49:50.377  3727  3727 I SurfaceFlinger:      Device | 0x70de034940 | 0002 | RGBA_8888 |   0.0    0.0 1080.0 2220.0 |    0    0 1080 2220 | com.wallapop/com.rewallapop.ui.wall.WallActivity[27595]#0

11-14 14:49:50.377  3727  3727 I SurfaceFlinger:      Device | 0x70d664e840 | 0000 | RGBA_8888 |   0.0    0.0 1080.0 2220.0 |    0    0 1080 2220 | Splash Screen com.wallapop#0

11-14 14:49:50.398  4211  4242 I ActivityManager: Displayed com.wallapop/com.rewallapop.ui.wall.WallActivity: +2s279ms (total +8s742ms)

11-14 14:49:50.472 27595 27595 V InputMethodManager: Starting input: tba=com.wallapop ic=null mNaviBarColor -1 mIsGetNaviBarColorSuccess true , NavVisible : true , NavTrans : false

11-14 14:49:50.475  4211  4680 V InputMethodManagerService: windowGainedFocus : reason=WINDOW_FOCUS_GAIN client=android.os.BinderProxy@d3c2499 inputContext=null missingMethods= attribute=android.view.inputmethod.EditorInfo@fd37170 nm = com.wallapop controlFlags=#104 softInputMode=#110 windowFlags=#81810100

11-14 14:49:50.498 25561 26016 I Finsky  : [9514] fxs.d(3): com.wallapop: Account determined from installer data - [rJj4Md76H4LxoN-B4dnoZM7XaXDDBcXGlC-caOCi6Uc]

11-14 14:49:50.498 25561 26016 I Finsky  : [9514] fxs.d(14): com.wallapop: Account from preferred account - [rJj4Md76H4LxoN-B4dnoZM7XaXDDBcXGlC-caOCi6Uc]

11-14 14:49:50.530  4211  4310 I WindowManager: reset, Reparenting to original parent, shouldDeferScheduleAnimation=false, destroyLeash=true, surface=Surface(name=bf463a0 Splash Screen com.wallapop)/@0x3fc5f7f, parent=Surface(name=AppWindowToken{f79e89e token=Token{e4776d9 ActivityRecord{993bd20 u0 com.wallapop/com.rewallapop.ui.wall.WallActivity t2173}}})/@0x23ad2ca, parentNativeHandle=android.os.BinderProxy@2c78b4c, caller=com.android.server.wm.SurfaceAnimator.lambda$getFinishedCallback$0:97 com.android.server.wm.-$$Lambda$SurfaceAnimator$SIBia0mND666K8lMCPsoid8pUTI.run:4 com.android.server.wm.SurfaceAnimator.lambda$getFinishedCallback$1:104 com.android.server.wm.-$$Lambda$SurfaceAnimator$vdRZk66hQVbQCvVXEaQCT1kVmFc.onAnimationFinished:4 com.android.server.wm.LocalAnimationAdapter.lambda$startAnimation$0:74

11-14 14:49:50.530  4211  4310 D SurfaceControl: reparent is called, sc=Surface(name=bf463a0 Splash Screen com.wallapop)/@0x3fc5f7f, newParentHandle=android.os.BinderProxy@2c78b4c, transaction=android.view.SurfaceControl$Transaction@42fa795

11-14 14:49:50.531  4211  4310 D SurfaceControl: destroy(transaction), animation-leash is destroyed, sc=Surface(name=Surface(name=bf463a0 Splash Screen com.wallapop)/@0x3fc5f7f - animation-leash)/@0x89e0f58, transaction=android.view.SurfaceControl$Transaction@42fa795, caller=com.android.server.wm.SurfaceAnimator.reset:338 com.android.server.wm.SurfaceAnimator.lambda$getFinishedCallback$0:97 com.android.server.wm.-$$Lambda$SurfaceAnimator$SIBia0mND666K8lMCPsoid8pUTI.run:4 com.android.server.wm.SurfaceAnimator.lambda$getFinishedCallback$1:104 com.android.server.wm.-$$Lambda$SurfaceAnimator$vdRZk66hQVbQCvVXEaQCT1kVmFc.onAnimationFinished:4 com.android.server.wm.LocalAnimationAdapter.lambda$startAnimation$0:74 com.android.server.wm.-$$Lambda$LocalAnimationAdapter$X--EomqUvw4qy89IeeTFTH7aCMo.run:4

11-14 14:49:50.531  4211  4310 E WindowManager: win=Window{bf463a0 u0 Splash Screen com.wallapop EXITING} destroySurfaces: appStopped=false win.mWindowRemovalAllowed=true win.mRemoveOnExit=true win.mViewVisibility=0 caller=com.android.server.wm.AppWindowToken.destroySurfaces:870 com.android.server.wm.AppWindowToken.destroySurfaces:851 com.android.server.wm.WindowState.onExitAnimationDone:5436 com.android.server.wm.WindowStateAnimator.onAnimationFinished:319 com.android.server.wm.WindowState.onAnimationFinished:5858 com.android.server.wm.-$$Lambda$yVRF8YoeNdTa8GR1wDStVsHu8xM.run:2 com.android.server.wm.SurfaceAnimator.lambda$getFinishedCallback$0:100

11-14 14:49:50.532  4211  4310 I WindowManager: Destroying surface Surface(name=Splash Screen com.wallapop)/@0xe2f632a called by com.android.server.wm.WindowStateAnimator.destroySurface:1901 com.android.server.wm.WindowStateAnimator.destroySurfaceLocked:838 com.android.server.wm.WindowState.destroySurfaceUnchecked:3839 com.android.server.wm.WindowState.destroySurface:3820 com.android.server.wm.AppWindowToken.destroySurfaces:870 com.android.server.wm.AppWindowToken.destroySurfaces:851 com.android.server.wm.WindowState.onExitAnimationDone:5436 com.android.server.wm.WindowStateAnimator.onAnimationFinished:319

11-14 14:49:50.532  3727  3771 I SurfaceFlinger: id=26997 Removed Splash Screen com.wallapop#0 (0/61)

11-14 14:49:50.540  3727  5386 W SurfaceFlinger: Attempting to set client state on removed layer: Splash Screen com.wallapop#0 [s.what : 40]

11-14 14:49:50.540  3727  5386 D Layer   : [bf463a0 Splash Screen com.wallapop#0]::reparent oldParent:[Surface(name=bf463a0 Splash Screen com.wallapop)/@0x3fc5f7f - animation-leash#0], newParent:[AppWindowToken{f79e89e token=Token{e4776d9 ActivityRecord{993bd20 u0 com.wallapop/com.rewallapop.ui.wall.WallActivity t2173}}}#0]

11-14 14:49:50.540  3727  5386 W SurfaceFlinger: Attempting to destroy on removed layer: Splash Screen com.wallapop#0

11-14 14:49:50.540  3727  5386 I SurfaceFlinger: id=27004 Removed Surface(name=bf463a0 Splash Screen com.wallapop)/@0x3fc5f7f - animation-leash#0 (2/60)

11-14 14:49:50.540  3727  5386 I SurfaceFlinger: id=26996 Removed bf463a0 Splash Screen com.wallapop#0 (1/59)

11-14 14:49:50.546  3727  3727 I Layer   : id=26996 onRemoved bf463a0 Splash Screen com.wallapop#0

11-14 14:49:50.546  3727  3727 I Layer   : id=26997 onRemoved Splash Screen com.wallapop#0

11-14 14:49:50.550  3727  3727 I Layer   : id=27004 onRemoved Surface(name=bf463a0 Splash Screen com.wallapop)/@0x3fc5f7f - animation-leash#0

11-14 14:49:50.555  3727  3727 I SurfaceFlinger:      Device | 0x70de034940 | 0002 | RGBA_8888 |   0.0    0.0 1080.0 2220.0 |    0    0 1080 2220 | com.wallapop/com.rewallapop.ui.wall.WallActivity[27595]#0

11-14 14:49:50.604 27595 27595 V InputMethodManager: Starting input: tba=com.wallapop ic=null mNaviBarColor -1 mIsGetNaviBarColorSuccess true , NavVisible : true , NavTrans : false

11-14 14:49:50.711  4622  4682 E RequestManager_FLP: [FusedLocationApi] Location request 6ea9535(Listener) PRIORITY_BALANCED_POWER_ACCURACY interval=300000 from com.wallapop

11-14 14:49:50.712 25561 25575 I Finsky  : [9440] fxs.d(3): com.wallapop: Account determined from installer data - [rJj4Md76H4LxoN-B4dnoZM7XaXDDBcXGlC-caOCi6Uc]

11-14 14:49:50.712 25561 25575 I Finsky  : [9440] fxs.d(14): com.wallapop: Account from preferred account - [rJj4Md76H4LxoN-B4dnoZM7XaXDDBcXGlC-caOCi6Uc]

11-14 14:49:50.782  4211  5514 I WindowManager: Cancelling animation restarting=false, leash=null, surface=Surface(name=AppWindowToken{123cd0f token=Token{eab526e ActivityRecord{3825e9 u0 com.wallapop/com.rewallapop.ui.main.MainActivity t2173}}})/@0xecfeef, parent=Surface(name=Task=2173)/@0x66f8dfc

11-14 14:49:50.800  3727  3770 I SurfaceFlinger: id=26995 Removed AppWindowToken{123cd0f token=Token{eab526e ActivityRecord{3825e9 u0 com.wallapop/com.rewallapop.ui.main.MainActivity t2173}}}#0 (0/58)

11-14 14:49:50.813  3727  3727 I Layer   : id=26995 onRemoved AppWindowToken{123cd0f token=Token{eab526e ActivityRecord{3825e9 u0 com.wallapop/com.rewallapop.ui.main.MainActivity t2173}}}#0

11-14 14:49:50.815  4211  4228 D CodecSolution: isMaxAspectPackageEx: com.wallapop : true(2)

11-14 14:49:50.891 25561 25575 I Finsky  : [9440] fxs.d(3): com.wallapop: Account determined from installer data - [rJj4Md76H4LxoN-B4dnoZM7XaXDDBcXGlC-caOCi6Uc]

11-14 14:49:50.892 25561 25575 I Finsky  : [9440] fxs.d(14): com.wallapop: Account from preferred account - [rJj4Md76H4LxoN-B4dnoZM7XaXDDBcXGlC-caOCi6Uc]

11-14 14:49:50.900 25561 25575 I Finsky  : [9440] fxs.d(3): com.wallapop: Account determined from installer data - [rJj4Md76H4LxoN-B4dnoZM7XaXDDBcXGlC-caOCi6Uc]

11-14 14:49:50.901 25561 25575 I Finsky  : [9440] fxs.d(14): com.wallapop: Account from preferred account - [rJj4Md76H4LxoN-B4dnoZM7XaXDDBcXGlC-caOCi6Uc]

11-14 14:49:50.946  4211  4669 D MdnieScenarioControlService:  packageName : com.wallapop    className : com.rewallapop.ui.wall.WallActivity

11-14 14:49:51.086 27595 27595 W com.wallapop: Accessing hidden field Landroid/view/View;->mAccessibilityDelegate:Landroid/view/View$AccessibilityDelegate; (light greylist, reflection)

11-14 14:49:51.590 27595 27606 I com.wallapop: Background concurrent copying GC freed 174406(9MB) AllocSpace objects, 65(3MB) LOS objects, 49% free, 14MB/28MB, paused 658us total 327.768ms

11-14 14:49:52.012 27595 27600 I com.wallapop: Compiler allocated 4MB to compile void android.widget.TextView.<init>(android.content.Context, android.util.AttributeSet, int, int)

11-14 14:49:52.115 27595 27595 W View    : requestLayout() improperly called by com.wallapop.design.view.WallapopTextView{94a67a4 V.ED..... ......ID 47,26-47,86 #7f0a0904 app:id/wp__home__tv_bubble} during layout: running second layout pass

11-14 14:49:53.002 27595 27606 I com.wallapop: Background concurrent copying GC freed 127715(6MB) AllocSpace objects, 60(6MB) LOS objects, 50% free, 16MB/33MB, paused 510us total 163.824ms

11-14 14:49:53.154 27595 27600 I com.wallapop: Compiler allocated 4MB to compile void android.widget.TextView.<init>(android.content.Context, android.util.AttributeSet, int, int)

11-14 14:49:54.050  4211  6751 D WifiPermissionsUtil: canAccessScanResults: pkgName = com.wallapop, uid = 10313

11-14 14:49:54.667 27595 27894 D Amazon DTB Ads API: with query params:[?dt=android&app=app&dinfo=%7B%22os%22%3A%22Android%22%2C%22model%22%3A%22SM-A750FN%22%2C%22make%22%3A%22samsung%22%2C%22osVersion%22%3A%229%22%2C%22connectionType%22%3A%2213%22%2C%22country%22%3A%22ES%22%2C%22scalingFactor%22%3A%222.625%22%2C%22carrier%22%3A%22JAZZTEL%22%2C%22language%22%3A%22es%22%2C%22screenSize%22%3A%221080x2094%22%2C%22orientation%22%3A%22portrait%22%7D&oo=0&aud=3p&idfa=bf505ce3-e614-4d9a-a4d7-9c324edc6560&appId=d2ba46e2d5ef4c9883051d9c8d0125d5&sdkVer=aps-android-7.4.3&ua=Dalvik%2F2.1.0%20%28Linux%3B%20U%3B%20Android%209%3B%20SM-A750FN%20Build%2FPPR1.180610.011%29&pkg=%7B%22lbl%22%3A%22_Wallapop_%22%2C%22pn%22%3A%22com.wallapop%22%2C%22v%22%3A%221850000%22%2C%22vn%22%3A%221.85.0-d1910251130%22%7D]

