11-09 22:34:14.820  1132  1953 I Finsky  : [8103] fxs.d(3): com.wallapop: Account determined from installer data - [rJj4Md76H4LxoN-B4dnoZM7XaXDDBcXGlC-caOCi6Uc]

11-09 22:34:14.821  1132  1953 I Finsky  : [8103] fxs.d(14): com.wallapop: Account from preferred account - [rJj4Md76H4LxoN-B4dnoZM7XaXDDBcXGlC-caOCi6Uc]

11-09 22:34:14.825  1132  1953 I Finsky  : [8103] fxs.d(3): com.wallapop: Account determined from installer data - [rJj4Md76H4LxoN-B4dnoZM7XaXDDBcXGlC-caOCi6Uc]

11-09 22:34:14.826  1132  1953 I Finsky  : [8103] fxs.d(14): com.wallapop: Account from preferred account - [rJj4Md76H4LxoN-B4dnoZM7XaXDDBcXGlC-caOCi6Uc]

11-09 22:34:14.838  1132  1953 I Finsky  : [8103] fxs.d(3): com.wallapop: Account determined from installer data - [rJj4Md76H4LxoN-B4dnoZM7XaXDDBcXGlC-caOCi6Uc]

11-09 22:34:14.843  1132  1953 I Finsky  : [8103] fxs.d(14): com.wallapop: Account from preferred account - [rJj4Md76H4LxoN-B4dnoZM7XaXDDBcXGlC-caOCi6Uc]

11-09 22:34:14.852 23911 23911 D Notification.Badge: [valid] onNotificationPosted : StatusBarNotification(pkg=com.wallapop user=UserHandle{0} id=999 tag=null key=0|com.wallapop|999|null|10311: Notification(channel=wallapop_channel pri=-2 contentView=null vibrate=null sound=null defaults=0x0 flags=0x62 color=0x00000000 vis=PRIVATE semFlags=0x0 semPriority=0 semMissedCount=0))

11-09 22:34:14.852 23911 23911 D Notification.Badge: notificationKey : 0|com.wallapop|999|null|10311, count : 0, this.count : 1

11-09 22:34:14.853 23911 23978 D Notification.Badge: LauncherModel:onNotificationPosted() : com.wallapop, count : [0], shouldBeFilteredOut : [false]

11-09 22:34:14.853 23911 23978 D Notification.Badge: notificationKey : 0|com.wallapop|999|null|10311, count : 1, mTotalCount : 1

11-09 22:34:14.868 23911 23978 D Notification.Badge: updateLauncherIconBadges() item : [IconInfo(title=_Wallapop_ intent=Intent { act=android.intent.action.MAIN cat=[android.intent.category.LAUNCHER] flg=0x10200000 cmp=com.wallapop/.activities.HomeActivity (has extras) } id=160 type=0 container=-102 screen=1 cellX=3 cellY=0 spanX=1 spanY=1 rank=3 hidden=0 dropPos=null user=UserHandle{0} screenType=0)], mShowBadge : [true], item.mBadgeCount : [1]

11-09 22:34:14.873 23911 23911 D RecommendedView: updateBadgeItems: [IconInfo(title=_Wallapop_ intent=Intent { act=android.intent.action.MAIN cat=[android.intent.category.LAUNCHER] flg=0x10200000 cmp=com.wallapop/.activities.HomeActivity (has extras) } id=160 type=0 container=-102 screen=1 cellX=3 cellY=0 spanX=1 spanY=1 rank=3 hidden=0 dropPos=null user=UserHandle{0} screenType=0)]

11-09 22:34:14.944  6463  6475 I com.wallapop: Background concurrent copying GC freed 80416(6MB) AllocSpace objects, 40(1424KB) LOS objects, 49% free, 15MB/30MB, paused 428us total 324.873ms

11-09 22:34:15.039  4211  4310 I WindowManager: reset, Reparenting to original parent, shouldDeferScheduleAnimation=false, destroyLeash=true, surface=Surface(name=AppWindowToken{cc50e35 token=Token{48de86c ActivityRecord{adb7d1f u0 com.wallapop/com.rewallapop.ui.main.MainActivity t2099}}})/@0xd19cb15, parent=Surface(name=Task=2099)/@0x71a0e2a, parentNativeHandle=android.os.BinderProxy@17947cd, caller=com.android.server.wm.SurfaceAnimator.lambda$getFinishedCallback$0:97 com.android.server.wm.-$$Lambda$SurfaceAnimator$SIBia0mND666K8lMCPsoid8pUTI.run:4 com.android.server.wm.SurfaceAnimator.lambda$getFinishedCallback$1:104 com.android.server.wm.-$$Lambda$SurfaceAnimator$vdRZk66hQVbQCvVXEaQCT1kVmFc.onAnimationFinished:4 com.android.server.wm.LocalAnimationAdapter.lambda$startAnimation$0:74

11-09 22:34:15.040  4211  4310 D SurfaceControl: reparent is called, sc=Surface(name=AppWindowToken{cc50e35 token=Token{48de86c ActivityRecord{adb7d1f u0 com.wallapop/com.rewallapop.ui.main.MainActivity t2099}}})/@0xd19cb15, newParentHandle=android.os.BinderProxy@17947cd, transaction=android.view.SurfaceControl$Transaction@9590391

11-09 22:34:15.040  4211  4310 D SurfaceControl: destroy(transaction), animation-leash is destroyed, sc=Surface(name=Surface(name=AppWindowToken{cc50e35 token=Token{48de86c ActivityRecord{adb7d1f u0 com.wallapop/com.rewallapop.ui.main.MainActivity t2099}}})/@0xd19cb15 - animation-leash)/@0x45c3338, transaction=android.view.SurfaceControl$Transaction@9590391, caller=com.android.server.wm.SurfaceAnimator.reset:338 com.android.server.wm.SurfaceAnimator.lambda$getFinishedCallback$0:97 com.android.server.wm.-$$Lambda$SurfaceAnimator$SIBia0mND666K8lMCPsoid8pUTI.run:4 com.android.server.wm.SurfaceAnimator.lambda$getFinishedCallback$1:104 com.android.server.wm.-$$Lambda$SurfaceAnimator$vdRZk66hQVbQCvVXEaQCT1kVmFc.onAnimationFinished:4 com.android.server.wm.LocalAnimationAdapter.lambda$startAnimation$0:74 com.android.server.wm.-$$Lambda$LocalAnimationAdapter$X--EomqUvw4qy89IeeTFTH7aCMo.run:4

11-09 22:34:15.057  3727  3771 D Layer   : [AppWindowToken{cc50e35 token=Token{48de86c ActivityRecord{adb7d1f u0 com.wallapop/com.rewallapop.ui.main.MainActivity t2099}}}#0]::reparent oldParent:[Surface(name=AppWindowToken{cc50e35 token=Token{48de86c ActivityRecord{adb7d1f u0 com.wallapop/com.rewallapop.ui.main.MainActivity t2099}}})/@0xd19cb15 - animation-leash#0], newParent:[Task=2099#0]

11-09 22:34:15.057  3727  3771 I SurfaceFlinger: id=23283 Removed Surface(name=AppWindowToken{cc50e35 token=Token{48de86c ActivityRecord{adb7d1f u0 com.wallapop/com.rewallapop.ui.main.MainActivity t2099}}})/@0xd19cb15 - animation-leash#0 (0/53)

11-09 22:34:15.072  3727  3727 I Layer   : id=23283 onRemoved Surface(name=AppWindowToken{cc50e35 token=Token{48de86c ActivityRecord{adb7d1f u0 com.wallapop/com.rewallapop.ui.main.MainActivity t2099}}})/@0xd19cb15 - animation-leash#0

11-09 22:34:15.102  4211  4312 D SamsungAlarmManager: Cancel Alarm calling from uid:10311 pid :6463 / op:PendingIntent{bb98f49: PendingIntentRecord{6d27af0 com.wallapop broadcastIntent}}

11-09 22:34:15.252  6463  6463 W com.wallapop: Accessing hidden method Landroid/widget/TextView;->getTextDirectionHeuristic()Landroid/text/TextDirectionHeuristic; (light greylist, linking)

11-09 22:34:15.258  6463  6463 W com.wallapop: Accessing hidden method Landroid/graphics/FontFamily;-><init>()V (light greylist, reflection)

11-09 22:34:15.258  6463  6463 W com.wallapop: Accessing hidden method Landroid/graphics/FontFamily;->addFontFromAssetManager(Landroid/content/res/AssetManager;Ljava/lang/String;IZIII[Landroid/graphics/fonts/FontVariationAxis;)Z (light greylist, reflection)

11-09 22:34:15.258  6463  6463 W com.wallapop: Accessing hidden method Landroid/graphics/FontFamily;->addFontFromBuffer(Ljava/nio/ByteBuffer;I[Landroid/graphics/fonts/FontVariationAxis;II)Z (light greylist, reflection)

11-09 22:34:15.258  6463  6463 W com.wallapop: Accessing hidden method Landroid/graphics/FontFamily;->freeze()Z (light greylist, reflection)

11-09 22:34:15.258  6463  6463 W com.wallapop: Accessing hidden method Landroid/graphics/FontFamily;->abortCreation()V (light greylist, reflection)

11-09 22:34:15.259  6463  6463 W com.wallapop: Accessing hidden method Landroid/graphics/Typeface;->createFromFamiliesWithDefault([Landroid/graphics/FontFamily;Ljava/lang/String;II)Landroid/graphics/Typeface; (light greylist, reflection)

11-09 22:34:15.617  6463  6632 I com.wallapop: The ClassLoaderContext is a special shared library.

11-09 22:34:16.186  6463  6469 I com.wallapop: Compiler allocated 4MB to compile void android.widget.TextView.<init>(android.content.Context, android.util.AttributeSet, int, int)

11-09 22:34:16.225  4211  4390 D WifiTrafficPoller: TrafficStats TxPkts=720760 RxPkts=1304324 TxBytes=166040555 RxBytes=1240755766 , Foreground uid=10311 pkgName=com.wallapop TxPackets=39465 RxPackets=48911 TxBytes=5000075 RxBytes=54374068

11-09 22:34:16.402  3727  3727 I SurfaceFlinger: id=23284 createSurf (4440x4440),2 flag=4, 992696b com.wallapop/com.rewallapop.ui.wall.WallActivity#0

11-09 22:34:16.441  1132  1163 I Finsky  : [8029] fxs.d(3): com.wallapop: Account determined from installer data - [rJj4Md76H4LxoN-B4dnoZM7XaXDDBcXGlC-caOCi6Uc]

11-09 22:34:16.445  1132  1163 I Finsky  : [8029] fxs.d(14): com.wallapop: Account from preferred account - [rJj4Md76H4LxoN-B4dnoZM7XaXDDBcXGlC-caOCi6Uc]

11-09 22:34:16.457  4211  5239 D ActivityManagerPerformance: Received MSG_DISABLE_ACT_START, r: ActivityRecord{a04e2ee u0 com.wallapop/com.rewallapop.ui.wall.WallActivity t2099}

11-09 22:34:16.461  6463  6475 I com.wallapop: Background concurrent copying GC freed 190819(14MB) AllocSpace objects, 27(932KB) LOS objects, 49% free, 18MB/37MB, paused 426us total 214.947ms

11-09 22:34:16.542  1132  1163 I Finsky  : [8029] fxs.d(3): com.wallapop: Account determined from installer data - [rJj4Md76H4LxoN-B4dnoZM7XaXDDBcXGlC-caOCi6Uc]

11-09 22:34:16.542  1132  1163 I Finsky  : [8029] fxs.d(14): com.wallapop: Account from preferred account - [rJj4Md76H4LxoN-B4dnoZM7XaXDDBcXGlC-caOCi6Uc]

11-09 22:34:16.657  1132  1163 I Finsky  : [8029] fxs.d(3): com.wallapop: Account determined from installer data - [rJj4Md76H4LxoN-B4dnoZM7XaXDDBcXGlC-caOCi6Uc]

11-09 22:34:16.658  1132  1163 I Finsky  : [8029] fxs.d(14): com.wallapop: Account from preferred account - [rJj4Md76H4LxoN-B4dnoZM7XaXDDBcXGlC-caOCi6Uc]

11-09 22:34:16.732  1132  1163 I Finsky  : [8029] fxs.d(3): com.wallapop: Account determined from installer data - [rJj4Md76H4LxoN-B4dnoZM7XaXDDBcXGlC-caOCi6Uc]

11-09 22:34:16.733  1132  1163 I Finsky  : [8029] fxs.d(14): com.wallapop: Account from preferred account - [rJj4Md76H4LxoN-B4dnoZM7XaXDDBcXGlC-caOCi6Uc]

11-09 22:34:17.077  4211  5593 V WindowManager: Relayout Window{992696b u0 com.wallapop/com.rewallapop.ui.wall.WallActivity}: viewVisibility=0 req=1080x2220 {(0,0)(fillxfill) sim={adjust=resize forwardNavigation} ty=BASE_APPLICATION wanim=0x10302fe

11-09 22:34:17.083  3727  3727 I SurfaceFlinger: id=23285 createSurf (1080x2220),1 flag=404, com.wallapop/com.rewallapop.ui.wall.WallActivity[6463]#0

11-09 22:34:17.085  4211  5593 D WindowManager: makeSurface duration=2 name=com.wallapop/com.rewallapop.ui.wall.WallActivity[6463]

11-09 22:34:17.085  4211  5593 V WindowManager: Changing focus from null to Window{992696b u0 com.wallapop/com.rewallapop.ui.wall.WallActivity} Callers=com.android.server.wm.WindowManagerService.relayoutWindow:2526 com.android.server.wm.Session.relayoutForTranslate:302 android.view.IWindowSession$Stub.onTransact:518 com.android.server.wm.Session.onTransact:186

11-09 22:34:17.086  4211  4228 D WindowManager: setSystemUiVisibility: vis= 0xa518, fullscreenVis= 0x2000, dockedVis= 0x0, win=Window{992696b u0 com.wallapop/com.rewallapop.ui.wall.WallActivity}

11-09 22:34:17.089  4211  4242 D WindowManager: reportFocusChangedSerialized, focused=true, inTouchMode=true, win=Window{992696b u0 com.wallapop/com.rewallapop.ui.wall.WallActivity}

11-09 22:34:17.205  1132  1163 I Finsky  : [8029] fxs.d(3): com.wallapop: Account determined from installer data - [rJj4Md76H4LxoN-B4dnoZM7XaXDDBcXGlC-caOCi6Uc]

11-09 22:34:17.205  1132  1163 I Finsky  : [8029] fxs.d(14): com.wallapop: Account from preferred account - [rJj4Md76H4LxoN-B4dnoZM7XaXDDBcXGlC-caOCi6Uc]

11-09 22:34:17.364  4211  5514 D WindowManager: finishDrawingWindow: Window{992696b u0 com.wallapop/com.rewallapop.ui.wall.WallActivity} mDrawState=DRAW_PENDING

11-09 22:34:17.367  4211  4310 I WindowManager: commitFinishDrawingLocked: mDrawState=READY_TO_SHOW Surface(name=com.wallapop/com.rewallapop.ui.wall.WallActivity[6463])/@0xf7174c2

11-09 22:34:17.368  4211  4310 V WindowManager: Resize reasons for w=Window{992696b u0 com.wallapop/com.rewallapop.ui.wall.WallActivity}:  contentInsetsChanged=false [0,63][0,126] visibleInsetsChanged=false [0,63][0,126] stableInsetsChanged=false [0,63][0,126] outsetsChanged=false [0,0][0,0] surfaceResized=false configChanged=false dragResizingChanged=false reportOrientationChanged=false displayCutoutChanged=false nextForceRelayoutToClient=false

11-09 22:34:17.375  4211  4310 I WindowManager: commitFinishDrawingLocked: mDrawState=READY_TO_SHOW Surface(name=com.wallapop/com.rewallapop.ui.wall.WallActivity[6463])/@0xf7174c2

11-09 22:34:17.375  4211  4310 I WindowManager: Cancelling animation restarting=false, leash=null, surface=Surface(name=992696b com.wallapop/com.rewallapop.ui.wall.WallActivity)/@0x4ee02d3, parent=Surface(name=AppWindowToken{6fc561c token=Token{34d538f ActivityRecord{a04e2ee u0 com.wallapop/com.rewallapop.ui.wall.WallActivity t2099}}})/@0x65ae10

11-09 22:34:17.375  4211  4310 V WindowManager: performShowLocked: mDrawState=HAS_DRAWN in Window{992696b u0 com.wallapop/com.rewallapop.ui.wall.WallActivity}

11-09 22:34:17.387  4211  4242 I ActivityManager: Displayed com.wallapop/com.rewallapop.ui.wall.WallActivity: +2s660ms (total +11s299ms)

11-09 22:34:17.406  3727  3727 I SurfaceFlinger:      Device | 0x70dda21a00 | 0002 | RGBA_8888 |   0.0    0.0 1080.0 2220.0 |    0    0 1080 2220 | com.wallapop/com.rewallapop.ui.wall.WallActivity[6463]#0

11-09 22:34:17.406  3727  3727 I SurfaceFlinger:      Device | 0x70d67346c0 | 0000 | RGBA_8888 |   0.0    0.0 1080.0 2220.0 |    0    0 1080 2220 | Splash Screen com.wallapop#0

11-09 22:34:17.409  4211  4310 V WindowManager: Remove Window{16c8d6e u0 Splash Screen com.wallapop}: mSurfaceController=Surface(name=Splash Screen com.wallapop)/@0xd4d0e88 mAnimatingExit=false mRemoveOnExit=false mHasSurface=true surfaceShowing=true isAnimationSet=false app-animation=false mWillReplaceWindow=false inPendingTransaction=false mDisplayFrozen=false callers=com.android.server.wm.WindowState.removeIfPossible:2764 com.android.server.wm.WindowManagerService.removeWindow:1943 com.android.server.wm.Session.remove:268 android.view.ViewRootImpl.dispatchDetachedFromWindow:4565 android.view.ViewRootImpl.doDie:7996 android.view.ViewRootImpl$ViewRootHandler.handleMessage:4987

11-09 22:34:17.410  4211  4310 I WindowManager: Cancelling animation restarting=true, leash=null, surface=Surface(name=16c8d6e Splash Screen com.wallapop)/@0x1556225, parent=Surface(name=AppWindowToken{6fc561c token=Token{34d538f ActivityRecord{a04e2ee u0 com.wallapop/com.rewallapop.ui.wall.WallActivity t2099}}})/@0x65ae10

11-09 22:34:17.410  4211  4310 I WindowManager: Reparenting to leash, surface=Surface(name=16c8d6e Splash Screen com.wallapop)/@0x1556225

11-09 22:34:17.412  3727  3727 I SurfaceFlinger: id=23286 createSurf (4440x4440),2 flag=4, Surface(name=16c8d6e Splash Screen com.wallapop)/@0x1556225 - animation-leash#0

11-09 22:34:17.420  4211  4310 D WindowManager: makeSurface duration=9 leash=Surface(name=Surface(name=16c8d6e Splash Screen com.wallapop)/@0x1556225 - animation-leash)/@0xe661b0e

11-09 22:34:17.420  4211  4310 D SurfaceControl: reparent is called, sc=Surface(name=16c8d6e Splash Screen com.wallapop)/@0x1556225, newParentHandle=android.os.BinderProxy@88bf92f, transaction=android.view.SurfaceControl$Transaction@25599ab

11-09 22:34:17.425  3727  5001 D Layer   : [16c8d6e Splash Screen com.wallapop#0]::reparent oldParent:[AppWindowToken{6fc561c token=Token{34d538f ActivityRecord{a04e2ee u0 com.wallapop/com.rewallapop.ui.wall.WallActivity t2099}}}#0], newParent:[Surface(name=16c8d6e Splash Screen com.wallapop)/@0x1556225 - animation-leash#0]

11-09 22:34:17.530  6463  6463 V InputMethodManager: Starting input: tba=com.wallapop ic=null mNaviBarColor -1 mIsGetNaviBarColorSuccess true , NavVisible : true , NavTrans : false

11-09 22:34:17.532  4211  6755 V InputMethodManagerService: windowGainedFocus : reason=WINDOW_FOCUS_GAIN client=android.os.BinderProxy@dc8a74f inputContext=null missingMethods= attribute=android.view.inputmethod.EditorInfo@b66137d nm = com.wallapop controlFlags=#104 softInputMode=#110 windowFlags=#81810100

11-09 22:34:17.577  4211  4310 I WindowManager: reset, Reparenting to original parent, shouldDeferScheduleAnimation=false, destroyLeash=true, surface=Surface(name=16c8d6e Splash Screen com.wallapop)/@0x1556225, parent=Surface(name=AppWindowToken{6fc561c token=Token{34d538f ActivityRecord{a04e2ee u0 com.wallapop/com.rewallapop.ui.wall.WallActivity t2099}}})/@0x65ae10, parentNativeHandle=android.os.BinderProxy@2e03ffa, caller=com.android.server.wm.SurfaceAnimator.lambda$getFinishedCallback$0:97 com.android.server.wm.-$$Lambda$SurfaceAnimator$SIBia0mND666K8lMCPsoid8pUTI.run:4 com.android.server.wm.SurfaceAnimator.lambda$getFinishedCallback$1:104 com.android.server.wm.-$$Lambda$SurfaceAnimator$vdRZk66hQVbQCvVXEaQCT1kVmFc.onAnimationFinished:4 com.android.server.wm.LocalAnimationAdapter.lambda$startAnimation$0:74

11-09 22:34:17.578  4211  4310 D SurfaceControl: reparent is called, sc=Surface(name=16c8d6e Splash Screen com.wallapop)/@0x1556225, newParentHandle=android.os.BinderProxy@2e03ffa, transaction=android.view.SurfaceControl$Transaction@25599ab

11-09 22:34:17.578  4211  4310 D SurfaceControl: destroy(transaction), animation-leash is destroyed, sc=Surface(name=Surface(name=16c8d6e Splash Screen com.wallapop)/@0x1556225 - animation-leash)/@0xe661b0e, transaction=android.view.SurfaceControl$Transaction@25599ab, caller=com.android.server.wm.SurfaceAnimator.reset:338 com.android.server.wm.SurfaceAnimator.lambda$getFinishedCallback$0:97 com.android.server.wm.-$$Lambda$SurfaceAnimator$SIBia0mND666K8lMCPsoid8pUTI.run:4 com.android.server.wm.SurfaceAnimator.lambda$getFinishedCallback$1:104 com.android.server.wm.-$$Lambda$SurfaceAnimator$vdRZk66hQVbQCvVXEaQCT1kVmFc.onAnimationFinished:4 com.android.server.wm.LocalAnimationAdapter.lambda$startAnimation$0:74 com.android.server.wm.-$$Lambda$LocalAnimationAdapter$X--EomqUvw4qy89IeeTFTH7aCMo.run:4

11-09 22:34:17.579  4211  4310 E WindowManager: win=Window{16c8d6e u0 Splash Screen com.wallapop EXITING} destroySurfaces: appStopped=false win.mWindowRemovalAllowed=true win.mRemoveOnExit=true win.mViewVisibility=0 caller=com.android.server.wm.AppWindowToken.destroySurfaces:870 com.android.server.wm.AppWindowToken.destroySurfaces:851 com.android.server.wm.WindowState.onExitAnimationDone:5436 com.android.server.wm.WindowStateAnimator.onAnimationFinished:319 com.android.server.wm.WindowState.onAnimationFinished:5858 com.android.server.wm.-$$Lambda$yVRF8YoeNdTa8GR1wDStVsHu8xM.run:2 com.android.server.wm.SurfaceAnimator.lambda$getFinishedCallback$0:100

11-09 22:34:17.580  4211  4310 I WindowManager: Destroying surface Surface(name=Splash Screen com.wallapop)/@0xd4d0e88 called by com.android.server.wm.WindowStateAnimator.destroySurface:1901 com.android.server.wm.WindowStateAnimator.destroySurfaceLocked:838 com.android.server.wm.WindowState.destroySurfaceUnchecked:3839 com.android.server.wm.WindowState.destroySurface:3820 com.android.server.wm.AppWindowToken.destroySurfaces:870 com.android.server.wm.AppWindowToken.destroySurfaces:851 com.android.server.wm.WindowState.onExitAnimationDone:5436 com.android.server.wm.WindowStateAnimator.onAnimationFinished:319

11-09 22:34:17.583  3727  3771 I SurfaceFlinger: id=23279 Removed Splash Screen com.wallapop#0 (0/55)

11-09 22:34:17.594  3727  3727 I Layer   : id=23279 onRemoved Splash Screen com.wallapop#0

11-09 22:34:17.596  3727  3770 W SurfaceFlinger: Attempting to set client state on removed layer: Splash Screen com.wallapop#0 [s.what : 40]

11-09 22:34:17.596  3727  3770 D Layer   : [16c8d6e Splash Screen com.wallapop#0]::reparent oldParent:[Surface(name=16c8d6e Splash Screen com.wallapop)/@0x1556225 - animation-leash#0], newParent:[AppWindowToken{6fc561c token=Token{34d538f ActivityRecord{a04e2ee u0 com.wallapop/com.rewallapop.ui.wall.WallActivity t2099}}}#0]

11-09 22:34:17.596  3727  3770 W SurfaceFlinger: Attempting to destroy on removed layer: Splash Screen com.wallapop#0

11-09 22:34:17.596  3727  3770 I SurfaceFlinger: id=23286 Removed Surface(name=16c8d6e Splash Screen com.wallapop)/@0x1556225 - animation-leash#0 (2/54)

11-09 22:34:17.597  3727  3770 I SurfaceFlinger: id=23278 Removed 16c8d6e Splash Screen com.wallapop#0 (1/53)

11-09 22:34:17.603  3727  3727 I SurfaceFlinger:      Device | 0x70dda1fc00 | 0002 | RGBA_8888 |   0.0    0.0 1080.0 2220.0 |    0    0 1080 2220 | com.wallapop/com.rewallapop.ui.wall.WallActivity[6463]#0

11-09 22:34:17.610  3727  3727 I Layer   : id=23278 onRemoved 16c8d6e Splash Screen com.wallapop#0

11-09 22:34:17.610  3727  3727 I Layer   : id=23286 onRemoved Surface(name=16c8d6e Splash Screen com.wallapop)/@0x1556225 - animation-leash#0

11-09 22:34:17.649  6463  6463 V InputMethodManager: Starting input: tba=com.wallapop ic=null mNaviBarColor -1 mIsGetNaviBarColorSuccess true , NavVisible : true , NavTrans : false

11-09 22:34:17.755  1132  1163 I Finsky  : [8029] fxs.d(3): com.wallapop: Account determined from installer data - [rJj4Md76H4LxoN-B4dnoZM7XaXDDBcXGlC-caOCi6Uc]

11-09 22:34:17.756  1132  1163 I Finsky  : [8029] fxs.d(14): com.wallapop: Account from preferred account - [rJj4Md76H4LxoN-B4dnoZM7XaXDDBcXGlC-caOCi6Uc]

11-09 22:34:17.768  1132  1163 I Finsky  : [8029] fxs.d(3): com.wallapop: Account determined from installer data - [rJj4Md76H4LxoN-B4dnoZM7XaXDDBcXGlC-caOCi6Uc]

11-09 22:34:17.769  1132  1163 I Finsky  : [8029] fxs.d(14): com.wallapop: Account from preferred account - [rJj4Md76H4LxoN-B4dnoZM7XaXDDBcXGlC-caOCi6Uc]

11-09 22:34:17.772  4622  4682 E RequestManager_FLP: [FusedLocationApi] Location request 7e2c12c(Listener) PRIORITY_BALANCED_POWER_ACCURACY interval=300000 from com.wallapop

11-09 22:34:17.811  4211  5593 I WindowManager: Cancelling animation restarting=false, leash=null, surface=Surface(name=AppWindowToken{cc50e35 token=Token{48de86c ActivityRecord{adb7d1f u0 com.wallapop/com.rewallapop.ui.main.MainActivity t2099}}})/@0xd19cb15, parent=Surface(name=Task=2099)/@0x71a0e2a

11-09 22:34:17.828  3727  3770 I SurfaceFlinger: id=23277 Removed AppWindowToken{cc50e35 token=Token{48de86c ActivityRecord{adb7d1f u0 com.wallapop/com.rewallapop.ui.main.MainActivity t2099}}}#0 (0/52)

11-09 22:34:17.843  3727  3727 I Layer   : id=23277 onRemoved AppWindowToken{cc50e35 token=Token{48de86c ActivityRecord{adb7d1f u0 com.wallapop/com.rewallapop.ui.main.MainActivity t2099}}}#0

11-09 22:34:17.870  4211  4228 D CodecSolution: isMaxAspectPackageEx: com.wallapop : true(2)

11-09 22:34:17.984  4211  4669 D MdnieScenarioControlService:  packageName : com.wallapop    className : com.rewallapop.ui.wall.WallActivity

11-09 22:34:18.179  6463  6463 W com.wallapop: Accessing hidden field Landroid/view/View;->mAccessibilityDelegate:Landroid/view/View$AccessibilityDelegate; (light greylist, reflection)

11-09 22:34:19.038  6463  6463 W View    : requestLayout() improperly called by com.wallapop.design.view.WallapopTextView{7ae18b9 V.ED..... ......ID 47,26-47,86 #7f0a0904 app:id/wp__home__tv_bubble} during layout: running second layout pass

11-09 22:34:20.296  4211  4390 D WifiTrafficPoller: TrafficStats TxPkts=720946 RxPkts=1304536 TxBytes=166101922 RxBytes=1240860993 , Foreground uid=10311 pkgName=com.wallapop TxPackets=39609 RxPackets=49070 TxBytes=5032148 RxBytes=54468482

11-09 22:34:20.498  6463  6475 I com.wallapop: Background concurrent copying GC freed 235426(14MB) AllocSpace objects, 55(3MB) LOS objects, 49% free, 21MB/42MB, paused 445us total 473.567ms

11-09 22:34:20.896  4211  6751 D WifiPermissionsUtil: canAccessScanResults: pkgName = com.wallapop, uid = 10311

11-09 22:34:21.478  6463  6982 D Amazon DTB Ads API: with query params:[?dt=android&app=app&dinfo=%7B%22os%22%3A%22Android%22%2C%22model%22%3A%22SM-A750FN%22%2C%22make%22%3A%22samsung%22%2C%22osVersion%22%3A%229%22%2C%22connectionType%22%3A%22Wifi%22%2C%22country%22%3A%22ES%22%2C%22scalingFactor%22%3A%222.625%22%2C%22carrier%22%3A%22JAZZTEL%22%2C%22language%22%3A%22es%22%2C%22screenSize%22%3A%221080x2094%22%2C%22orientation%22%3A%22portrait%22%7D&oo=0&aud=3p&idfa=bf505ce3-e614-4d9a-a4d7-9c324edc6560&appId=d2ba46e2d5ef4c9883051d9c8d0125d5&sdkVer=aps-android-7.4.3&ua=Dalvik%2F2.1.0%20%28Linux%3B%20U%3B%20Android%209%3B%20SM-A750FN%20Build%2FPPR1.180610.011%29&pkg=%7B%22lbl%22%3A%22_Wallapop_%22%2C%22pn%22%3A%22com.wallapop%22%2C%22v%22%3A%221850000%22%2C%22vn%22%3A%221.85.0-d1910251130%22%7D]

11-09 22:34:21.997  6463  6982 D Amazon DTB Ads API: Error while connecting to remote server: https://s.amazon-adsystem.com/api3/generate_did?dt=android&app=app&dinfo=%7B%22os%22%3A%22Android%22%2C%22model%22%3A%22SM-A750FN%22%2C%22make%22%3A%22samsung%22%2C%22osVersion%22%3A%229%22%2C%22connectionType%22%3A%22Wifi%22%2C%22country%22%3A%22ES%22%2C%22scalingFactor%22%3A%222.625%22%2C%22carrier%22%3A%22JAZZTEL%22%2C%22language%22%3A%22es%22%2C%22screenSize%22%3A%221080x2094%22%2C%22orientation%22%3A%22portrait%22%7D&oo=0&aud=3p&idfa=bf505ce3-e614-4d9a-a4d7-9c324edc6560&appId=d2ba46e2d5ef4c9883051d9c8d0125d5&sdkVer=aps-android-7.4.3&ua=Dalvik%2F2.1.0%20%28Linux%3B%20U%3B%20Android%209%3B%20SM-A750FN%20Build%2FPPR1.180610.011%29&pkg=%7B%22lbl%22%3A%22_Wallapop_%22%2C%22pn%22%3A%22com.wallapop%22%2C%22v%22%3A%221850000%22%2C%22vn%22%3A%221.85.0-d1910251130%22%7D with error:Chain validation failed

11-09 22:34:21.999  6463  6982 E Amazon DTB Ads API: 	at com.wallapop.thirdparty.ads.b.a.a(SourceFile:43)

11-09 22:34:21.999  6463  6982 E Amazon DTB Ads API: 	at com.wallapop.thirdparty.ads.b.a$b$1.invokeSuspend(SourceFile:34)

11-09 22:34:21.999  6463  6982 E Amazon DTB Ads API: 	at com.wallapop.thirdparty.ads.b.a$b$1.invoke(Unknown Source:10)

11-09 22:34:21.999  6463  6982 E Amazon DTB Ads API: 	at com.wallapop.thirdparty.ads.b.a$b.invokeSuspend(SourceFile:33)

11-09 22:34:22.133  6463  7023 D Amazon DTB Ads API: with query params:[?dt=android&app=app&dinfo=%7B%22os%22%3A%22Android%22%2C%22model%22%3A%22SM-A750FN%22%2C%22make%22%3A%22samsung%22%2C%22osVersion%22%3A%229%22%2C%22connectionType%22%3A%22Wifi%22%2C%22country%22%3A%22ES%22%2C%22scalingFactor%22%3A%222.625%22%2C%22carrier%22%3A%22JAZZTEL%22%2C%22language%22%3A%22es%22%2C%22screenSize%22%3A%221080x2094%22%2C%22orientation%22%3A%22portrait%22%7D&oo=0&aud=3p&idfa=bf505ce3-e614-4d9a-a4d7-9c324edc6560&appId=d2ba46e2d5ef4c9883051d9c8d0125d5&sdkVer=aps-android-7.4.3&ua=Dalvik%2F2.1.0%20%28Linux%3B%20U%3B%20Android%209%3B%20SM-A750FN%20Build%2FPPR1.180610.011%29&pkg=%7B%22lbl%22%3A%22_Wallapop_%22%2C%22pn%22%3A%22com.wallapop%22%2C%22v%22%3A%221850000%22%2C%22vn%22%3A%221.85.0-d1910251130%22%7D]

11-09 22:34:22.603  6463  6475 I com.wallapop: Background concurrent copying GC freed 281968(13MB) AllocSpace objects, 149(7MB) LOS objects, 49% free, 23MB/46MB, paused 696us total 174.581ms

11-09 22:34:22.650  6463  7023 D Amazon DTB Ads API: Error while connecting to remote server: https://s.amazon-adsystem.com/api3/generate_did?dt=android&app=app&dinfo=%7B%22os%22%3A%22Android%22%2C%22model%22%3A%22SM-A750FN%22%2C%22make%22%3A%22samsung%22%2C%22osVersion%22%3A%229%22%2C%22connectionType%22%3A%22Wifi%22%2C%22country%22%3A%22ES%22%2C%22scalingFactor%22%3A%222.625%22%2C%22carrier%22%3A%22JAZZTEL%22%2C%22language%22%3A%22es%22%2C%22screenSize%22%3A%221080x2094%22%2C%22orientation%22%3A%22portrait%22%7D&oo=0&aud=3p&idfa=bf505ce3-e614-4d9a-a4d7-9c324edc6560&appId=d2ba46e2d5ef4c9883051d9c8d0125d5&sdkVer=aps-android-7.4.3&ua=Dalvik%2F2.1.0%20%28Linux%3B%20U%3B%20Android%209%3B%20SM-A750FN%20Build%2FPPR1.180610.011%29&pkg=%7B%22lbl%22%3A%22_Wallapop_%22%2C%22pn%22%3A%22com.wallapop%22%2C%22v%22%3A%221850000%22%2C%22vn%22%3A%221.85.0-d1910251130%22%7D with error:Chain validation failed

11-09 22:34:22.723  6463  7023 D Amazon DTB Ads API: with json params:[{"oo":"false","dinfo":{"os":"Android","model":"SM-A750FN","make":"samsung","osVersion":"9","connectionType":"Wifi","country":"ES","scalingFactor":"2.625","carrier":"JAZZTEL","language":"es","screenSize":"1080x2094","orientation":"portrait"},"adsdk":"aps-android-7.4.3","slots":[{"sz":"320x50","slot":"f414d83c-ab9f-4e02-9c59-5137663ee6c7","slotId":1,"supportedMediaTypes":["DISPLAY"]}],"mraid":["1.0","2.0","3.0"],"appId":"d2ba46e2d5ef4c9883051d9c8d0125d5","idfa":"bf505ce3-e614-4d9a-a4d7-9c324edc6560","geoloc":"41.4479223,2.2381893,19.744","isDTBMobile":"true","ua":"Dalvik\/2.1.0 (Linux; U; Android 9; SM-A750FN Build\/PPR1.180610.011)","pkg":{"lbl":"_Wallapop_","pn":"com.wallapop","v":"1850000","vn":"1.85.0-d1910251130"},"gdpr":{"e":"1","c":"BOR0xKKOR0xKKABABAENBZ-AAAAfZ7_______9______9uz_Gv_v_f__33e8__9v_l_7_-___u_-33d4-_1vX99yfm1-7ftr3tp_86ues2vHqK9ZoA"}}]

11-09 22:34:23.494  6463  6463 W com.wallapop: Accessing hidden method Landroid/media/AudioTrack;->getLatency()I (light greylist, reflection)

11-09 22:34:24.000  4211  4475 I CodecSolution: pid(6463) pkg(com.wallapop)

11-09 22:34:24.006  4211  4475 I CodecSolution: pid(6463) pkg(com.wallapop)

11-09 22:34:24.012  4211  4809 D CodecSolution: topName : com.wallapop

11-09 22:34:24.012  4211  4809 I CodecSolution: Top : com.wallapop

11-09 22:34:24.012  4211  4809 D SCPMHelper: getPackageInfo(com.wallapop)

11-09 22:34:24.021  4211  5593 D CodecSolution: topName : com.wallapop

11-09 22:34:24.021  4211  5593 I CodecSolution: Top : com.wallapop

11-09 22:34:24.021  4211  5593 D SCPMHelper: getPackageInfo(com.wallapop)

11-09 22:34:24.356  4211  4390 D WifiTrafficPoller: TrafficStats TxPkts=721369 RxPkts=1304968 TxBytes=166200327 RxBytes=1241156138 , Foreground uid=10311 pkgName=com.wallapop TxPackets=39985 RxPackets=49437 TxBytes=5108923 RxBytes=54712176

11-09 22:34:24.908  6463  7066 I chatty  : uid=10311(com.wallapop) CodecLooper identical 3 lines

11-09 22:34:25.142  6463  6475 I com.wallapop: Background concurrent copying GC freed 246602(11MB) AllocSpace objects, 151(10MB) LOS objects, 48% free, 25MB/49MB, paused 288us total 187.248ms


