Executed '[C58894] Chat: Active conversations - Conversations information' on 31-10-2019
---------------------------------------------------------------------------------
11-10 00:42:14.115  4211  6751 D WifiPermissionsUtil: canAccessScanResults: pkgName = com.wallapop, uid = 10311

11-10 00:42:14.692 24302 24591 D Amazon DTB Ads API: with query params:[?dt=android&app=app&dinfo=%7B%22os%22%3A%22Android%22%2C%22model%22%3A%22SM-A750FN%22%2C%22make%22%3A%22samsung%22%2C%22osVersion%22%3A%229%22%2C%22connectionType%22%3A%22Wifi%22%2C%22country%22%3A%22ES%22%2C%22scalingFactor%22%3A%222.625%22%2C%22carrier%22%3A%22JAZZTEL%22%2C%22language%22%3A%22es%22%2C%22screenSize%22%3A%221080x2094%22%2C%22orientation%22%3A%22portrait%22%7D&oo=0&aud=3p&idfa=bf505ce3-e614-4d9a-a4d7-9c324edc6560&appId=d2ba46e2d5ef4c9883051d9c8d0125d5&sdkVer=aps-android-7.4.3&ua=Dalvik%2F2.1.0%20%28Linux%3B%20U%3B%20Android%209%3B%20SM-A750FN%20Build%2FPPR1.180610.011%29&pkg=%7B%22lbl%22%3A%22_Wallapop_%22%2C%22pn%22%3A%22com.wallapop%22%2C%22v%22%3A%221850000%22%2C%22vn%22%3A%221.85.0-d1910251130%22%7D]

11-10 00:42:15.154 24302 24591 D Amazon DTB Ads API: Error while connecting to remote server: https://s.amazon-adsystem.com/api3/generate_did?dt=android&app=app&dinfo=%7B%22os%22%3A%22Android%22%2C%22model%22%3A%22SM-A750FN%22%2C%22make%22%3A%22samsung%22%2C%22osVersion%22%3A%229%22%2C%22connectionType%22%3A%22Wifi%22%2C%22country%22%3A%22ES%22%2C%22scalingFactor%22%3A%222.625%22%2C%22carrier%22%3A%22JAZZTEL%22%2C%22language%22%3A%22es%22%2C%22screenSize%22%3A%221080x2094%22%2C%22orientation%22%3A%22portrait%22%7D&oo=0&aud=3p&idfa=bf505ce3-e614-4d9a-a4d7-9c324edc6560&appId=d2ba46e2d5ef4c9883051d9c8d0125d5&sdkVer=aps-android-7.4.3&ua=Dalvik%2F2.1.0%20%28Linux%3B%20U%3B%20Android%209%3B%20SM-A750FN%20Build%2FPPR1.180610.011%29&pkg=%7B%22lbl%22%3A%22_Wallapop_%22%2C%22pn%22%3A%22com.wallapop%22%2C%22v%22%3A%221850000%22%2C%22vn%22%3A%221.85.0-d1910251130%22%7D with error:Chain validation failed

11-10 00:42:15.156 24302 24591 E Amazon DTB Ads API: 	at com.wallapop.thirdparty.ads.b.a.a(SourceFile:43)

11-10 00:42:15.156 24302 24591 E Amazon DTB Ads API: 	at com.wallapop.thirdparty.ads.b.a$b$1.invokeSuspend(SourceFile:34)

11-10 00:42:15.156 24302 24591 E Amazon DTB Ads API: 	at com.wallapop.thirdparty.ads.b.a$b$1.invoke(Unknown Source:10)

11-10 00:42:15.156 24302 24591 E Amazon DTB Ads API: 	at com.wallapop.thirdparty.ads.b.a$b.invokeSuspend(SourceFile:33)

11-10 00:42:15.295 24302 24862 D Amazon DTB Ads API: with query params:[?dt=android&app=app&dinfo=%7B%22os%22%3A%22Android%22%2C%22model%22%3A%22SM-A750FN%22%2C%22make%22%3A%22samsung%22%2C%22osVersion%22%3A%229%22%2C%22connectionType%22%3A%22Wifi%22%2C%22country%22%3A%22ES%22%2C%22scalingFactor%22%3A%222.625%22%2C%22carrier%22%3A%22JAZZTEL%22%2C%22language%22%3A%22es%22%2C%22screenSize%22%3A%221080x2094%22%2C%22orientation%22%3A%22portrait%22%7D&oo=0&aud=3p&idfa=bf505ce3-e614-4d9a-a4d7-9c324edc6560&appId=d2ba46e2d5ef4c9883051d9c8d0125d5&sdkVer=aps-android-7.4.3&ua=Dalvik%2F2.1.0%20%28Linux%3B%20U%3B%20Android%209%3B%20SM-A750FN%20Build%2FPPR1.180610.011%29&pkg=%7B%22lbl%22%3A%22_Wallapop_%22%2C%22pn%22%3A%22com.wallapop%22%2C%22v%22%3A%221850000%22%2C%22vn%22%3A%221.85.0-d1910251130%22%7D]

11-10 00:42:15.477 24302 24315 I com.wallapop: Background concurrent copying GC freed 304515(14MB) AllocSpace objects, 126(7MB) LOS objects, 49% free, 23MB/46MB, paused 1.884ms total 218.856ms

11-10 00:42:15.793 24302 24862 D Amazon DTB Ads API: Error while connecting to remote server: https://s.amazon-adsystem.com/api3/generate_did?dt=android&app=app&dinfo=%7B%22os%22%3A%22Android%22%2C%22model%22%3A%22SM-A750FN%22%2C%22make%22%3A%22samsung%22%2C%22osVersion%22%3A%229%22%2C%22connectionType%22%3A%22Wifi%22%2C%22country%22%3A%22ES%22%2C%22scalingFactor%22%3A%222.625%22%2C%22carrier%22%3A%22JAZZTEL%22%2C%22language%22%3A%22es%22%2C%22screenSize%22%3A%221080x2094%22%2C%22orientation%22%3A%22portrait%22%7D&oo=0&aud=3p&idfa=bf505ce3-e614-4d9a-a4d7-9c324edc6560&appId=d2ba46e2d5ef4c9883051d9c8d0125d5&sdkVer=aps-android-7.4.3&ua=Dalvik%2F2.1.0%20%28Linux%3B%20U%3B%20Android%209%3B%20SM-A750FN%20Build%2FPPR1.180610.011%29&pkg=%7B%22lbl%22%3A%22_Wallapop_%22%2C%22pn%22%3A%22com.wallapop%22%2C%22v%22%3A%221850000%22%2C%22vn%22%3A%221.85.0-d1910251130%22%7D with error:Chain validation failed

11-10 00:42:15.825 24302 24862 D Amazon DTB Ads API: with json params:[{"oo":"false","dinfo":{"os":"Android","model":"SM-A750FN","make":"samsung","osVersion":"9","connectionType":"Wifi","country":"ES","scalingFactor":"2.625","carrier":"JAZZTEL","language":"es","screenSize":"1080x2094","orientation":"portrait"},"adsdk":"aps-android-7.4.3","slots":[{"sz":"320x50","slot":"f414d83c-ab9f-4e02-9c59-5137663ee6c7","slotId":1,"supportedMediaTypes":["DISPLAY"]}],"mraid":["1.0","2.0","3.0"],"appId":"d2ba46e2d5ef4c9883051d9c8d0125d5","idfa":"bf505ce3-e614-4d9a-a4d7-9c324edc6560","geoloc":"41.4479223,2.2381893,19.744","isDTBMobile":"true","ua":"Dalvik\/2.1.0 (Linux; U; Android 9; SM-A750FN Build\/PPR1.180610.011)","pkg":{"lbl":"_Wallapop_","pn":"com.wallapop","v":"1850000","vn":"1.85.0-d1910251130"},"gdpr":{"e":"1","c":"BOR0xKKOR0xKKABABAENBZ-AAAAfZ7_______9______9uz_Gv_v_f__33e8__9v_l_7_-___u_-33d4-_1vX99yfm1-7ftr3tp_86ues2vHqK9ZoA"}}]

11-10 00:42:17.350  4211  4390 D WifiTrafficPoller: TrafficStats TxPkts=752838 RxPkts=1344529 TxBytes=171547605 RxBytes=1280843834 , Foreground uid=10311 pkgName=com.wallapop TxPackets=55659 RxPackets=64356 TxBytes=8129867 RxBytes=65727629

11-10 00:42:21.188 24302 24315 I com.wallapop: Background concurrent copying GC freed 260069(13MB) AllocSpace objects, 180(11MB) LOS objects, 49% free, 21MB/42MB, paused 481us total 177.751ms

11-10 00:42:21.417  4211  4390 D WifiTrafficPoller: TrafficStats TxPkts=752919 RxPkts=1344623 TxBytes=171580761 RxBytes=1280919502 , Foreground uid=10311 pkgName=com.wallapop TxPackets=55723 RxPackets=64417 TxBytes=8157227 RxBytes=65765570

11-10 00:42:25.509  4211  4390 D WifiTrafficPoller: TrafficStats TxPkts=752992 RxPkts=1344728 TxBytes=171587663 RxBytes=1281038098 , Foreground uid=10311 pkgName=com.wallapop TxPackets=55789 RxPackets=64514 TxBytes=8163787 RxBytes=65883454

11-10 00:42:30.576  4211  4390 D WifiTrafficPoller: TrafficStats TxPkts=753006 RxPkts=1344739 TxBytes=171589192 RxBytes=1281039255 , Foreground uid=10311 pkgName=com.wallapop TxPackets=55789 RxPackets=64514 TxBytes=8163787 RxBytes=65883454

11-10 00:42:33.141 24302 24302 V InputMethodManager: Starting input: tba=com.wallapop ic=null mNaviBarColor -1 mIsGetNaviBarColorSuccess true , NavVisible : true , NavTrans : false

11-10 00:42:33.530  4211  4211 D Telecom:SamsungPrebindingServiceImpl: onTopActivityChanged : ComponentInfo{com.wallapop/com.rewallapop.ui.wall.WallActivity}

11-10 00:42:33.656  4622  4682 E RequestManager_FLP: [FusedLocationApi] Location remove d3508de from com.wallapop

11-10 00:42:33.662  4211  4222 D SamsungAlarmManager: Cancel Alarm calling from uid:10311 pid :24302 / op:PendingIntent{b0d609c: PendingIntentRecord{1c77620 com.wallapop broadcastIntent}}

11-10 00:42:34.120  4211  6751 I ActivityManager: Force stopping com.wallapop appid=10311 user=0: from pid 25059 caller com.android.server.am.ActivityManagerShellCommand.runForceStop:967

11-10 00:42:34.123  4211  6751 I ActivityManager: Killing 24302:com.wallapop/u0a311 (adj 200): stop com.wallapop,from pid 25059 caller com.android.server.am.ActivityManagerShellCommand.runForceStop:967

11-10 00:42:34.147  4211  6751 W ActivityManager: Scheduling restart of crashed service com.wallapop/com.rewallapop.ui.debug.view.DebugActivity$Service in 1000ms

11-10 00:42:34.154 23911 23911 D Notification.Badge: [invalid] onNotificationRemoved : StatusBarNotification(pkg=com.wallapop user=UserHandle{0} id=999 tag=null key=0|com.wallapop|999|null|10311: Notification(channel=wallapop_channel pri=-2 contentView=null vibrate=null sound=null defaults=0x0 flags=0x62 color=0x00000000 vis=PRIVATE semFlags=0x0 semPriority=0 semMissedCount=0))

11-10 00:42:34.161  4211  6751 D StorageManagerService: getExternalStorageMountMode : final mountMode=1, uid : 10311, packageName : com.wallapop

11-10 00:42:34.162  4211  6751 I ApplicationPolicy: isApplicationExternalStorageWhitelisted:com.wallapop user:0

11-10 00:42:34.162  4211  6751 D ActivityManager: package  com.wallapop, user - 0 is SDcard whitelisted

11-10 00:42:34.162  4211  6751 I ApplicationPolicy: isApplicationExternalStorageBlacklisted:com.wallapop user:0

11-10 00:42:34.162  4211  6751 I ApplicationPolicy: isApplicationExternalStorageBlacklisted:com.wallapop user:0

11-10 00:42:34.174  4211  6751 I ActivityManager:   Force finishing activity ActivityRecord{d786e76 u0 com.wallapop/com.rewallapop.ui.wall.WallActivity t2115}

11-10 00:42:34.186  4211  6751 I WindowManager: Cancelling animation restarting=false, leash=null, surface=Surface(name=b0a2410 com.wallapop/com.rewallapop.ui.wall.WallActivity)/@0x5ccd335, parent=Surface(name=AppWindowToken{f6060e4 token=Token{3332c77 ActivityRecord{d786e76 u0 com.wallapop/com.rewallapop.ui.wall.WallActivity t2115}}})/@0x8e43ca

11-10 00:42:34.187  4211  6751 V WindowManager: Changing focus from Window{b0a2410 u0 com.wallapop/com.rewallapop.ui.wall.WallActivity} to null Callers=com.android.server.wm.AppWindowToken.setVisibility:536 com.android.server.wm.AppWindowContainerController.setVisibility:495 com.android.server.am.ActivityRecord.setVisibility:1917 com.android.server.am.ActivityStack.prepareActivityHideTransitionAnimation:4429

11-10 00:42:34.189  4211  6751 V WindowManager: Setting visibility of Window{b0a2410 u0 com.wallapop/com.rewallapop.ui.wall.WallActivity}: false, caller=com.android.server.wm.WindowContainer.sendAppVisibilityToClients:615 com.android.server.wm.AppWindowToken.setClientHidden:460 com.android.server.wm.AppWindowToken.onAnimationFinished:2383 com.android.server.wm.AppWindowToken.setVisibility:551 com.android.server.wm.AppWindowContainerController.setVisibility:495

11-10 00:42:34.190  4211  4242 D WindowManager: reportFocusChangedSerialized, focused=false, inTouchMode=true, win=Window{b0a2410 u0 com.wallapop/com.rewallapop.ui.wall.WallActivity}

11-10 00:42:34.207  4211  6751 I ActivityManager:   Force finishing activity ActivityRecord{d786e76 u0 com.wallapop/com.rewallapop.ui.wall.WallActivity t2115 f}

11-10 00:42:34.208  4211  6751 W ActivityManager: Duplicate finish request for ActivityRecord{d786e76 u0 com.wallapop/com.rewallapop.ui.wall.WallActivity t2115 f}

11-10 00:42:34.300  4211  4227 I WindowManager: Cancelling animation restarting=false, leash=null, surface=Surface(name=AppWindowToken{f6060e4 token=Token{3332c77 ActivityRecord{d786e76 u0 com.wallapop/com.rewallapop.ui.wall.WallActivity t2115}}})/@0x8e43ca, parent=Surface(name=Task=2115)/@0x63e0bef

11-10 00:42:34.301  4211  4227 V WindowManager: Remove Window{b0a2410 u0 com.wallapop/com.rewallapop.ui.wall.WallActivity}: mSurfaceController=Surface(name=com.wallapop/com.rewallapop.ui.wall.WallActivity[24302])/@0x375a16c mAnimatingExit=false mRemoveOnExit=false mHasSurface=true surfaceShowing=false isAnimationSet=false app-animation=false mWillReplaceWindow=false inPendingTransaction=false mDisplayFrozen=false callers=com.android.server.wm.WindowState.removeIfPossible:2764 com.android.server.wm.WindowToken.removeAllWindowsIfPossible:150 com.android.server.wm.AppWindowToken.removeIfPossible:743 com.android.server.wm.AppWindowToken.onRemovedFromDisplay:819 com.android.server.wm.DisplayContent.removeAppToken:1079 com.android.server.wm.AppWindowContainerController.removeContainer:305

11-10 00:42:34.302  4211  4227 I WindowManager: Destroying surface Surface(name=com.wallapop/com.rewallapop.ui.wall.WallActivity[24302])/@0x375a16c called by com.android.server.wm.WindowStateAnimator.destroySurface:1901 com.android.server.wm.WindowStateAnimator.destroySurfaceLocked:838 com.android.server.wm.WindowState.removeImmediately:2743 com.android.server.wm.WindowState.removeIfPossible:2893 com.android.server.wm.WindowState.removeIfPossible:2764 com.android.server.wm.WindowToken.removeAllWindowsIfPossible:150 com.android.server.wm.AppWindowToken.removeIfPossible:743 com.android.server.wm.AppWindowToken.onRemovedFromDisplay:819

11-10 00:42:34.303  3727  3771 I SurfaceFlinger: id=23542 Removed com.wallapop/com.rewallapop.ui.wall.WallActivity[24302]#0 (0/52)

11-10 00:42:34.308  3727  3727 I Layer   : id=23542 onRemoved com.wallapop/com.rewallapop.ui.wall.WallActivity[24302]#0

11-10 00:42:34.309  3727  5386 I SurfaceFlinger: id=23541 Removed b0a2410 com.wallapop/com.rewallapop.ui.wall.WallActivity#0 (0/51)

11-10 00:42:34.313  3727  3771 I SurfaceFlinger: id=23539 Removed AppWindowToken{f6060e4 token=Token{3332c77 ActivityRecord{d786e76 u0 com.wallapop/com.rewallapop.ui.wall.WallActivity t2115}}}#0 (0/50)

11-10 00:42:34.320 25068 25068 I com.wallapop: Late-enabling -Xcheck:jni

11-10 00:42:34.324  3727  3727 I Layer   : id=23541 onRemoved b0a2410 com.wallapop/com.rewallapop.ui.wall.WallActivity#0

11-10 00:42:34.325  3727  3727 I Layer   : id=23539 onRemoved AppWindowToken{f6060e4 token=Token{3332c77 ActivityRecord{d786e76 u0 com.wallapop/com.rewallapop.ui.wall.WallActivity t2115}}}#0

11-10 00:42:34.328  4211  4229 I ActivityManager: Start proc 25068:com.wallapop/u0a311 for activity com.wallapop/com.rewallapop.ui.wall.WallActivity

11-10 00:42:34.341  4211  4227 W BroadcastQueue: Background execution not allowed: receiving Intent { act=android.intent.action.PACKAGE_RESTARTED dat=package:com.wallapop flg=0x10 (has extras) } to android/com.kddi.android.CpaNotiReceiver

11-10 00:42:34.345  4211  4211 D SamsungAlarmManager: Remove alarm for next reason : android.intent.action.PACKAGE_RESTARTED : package: com.wallapop

11-10 00:42:34.379 23911 23978 D Notification.Badge: updateLauncherIconBadges() item : [IconInfo(title=_Wallapop_ intent=Intent { act=android.intent.action.MAIN cat=[android.intent.category.LAUNCHER] flg=0x10200000 cmp=com.wallapop/.activities.HomeActivity (has extras) } id=160 type=0 container=-102 screen=1 cellX=3 cellY=0 spanX=1 spanY=1 rank=3 hidden=0 dropPos=null user=UserHandle{0} screenType=0)], mShowBadge : [false], item.mBadgeCount : [0]

11-10 00:42:34.400 23911 17128 I AppIconSolution: load=com.wallapop, bg=144-144, dr=126-126, forDefault=true, density=0

11-10 00:42:34.417 23911 17128 I AppIconSolution: load=com.wallapop-contain, bg=166-166, dr=126-126

11-10 00:42:34.419 25068 25068 I com.wallapop: report jit thread pid = 25075

11-10 00:42:34.461  4211  6393 I ActivityManager: DSS on for com.wallapop and scale is 1.0

11-10 00:42:34.496 23911 23911 D RecommendedView: updateBadgeItems: [IconInfo(title=_Wallapop_ intent=Intent { act=android.intent.action.MAIN cat=[android.intent.category.LAUNCHER] flg=0x10200000 cmp=com.wallapop/.activities.HomeActivity (has extras) } id=160 type=0 container=-102 screen=1 cellX=3 cellY=0 spanX=1 spanY=1 rank=3 hidden=0 dropPos=null user=UserHandle{0} screenType=0)]

11-10 00:42:34.639 25068 25068 I com.wallapop: The ClassLoaderContext is a special shared library.

11-10 00:42:40.770 25068 25123 W com.wallapop: Unsupported class loader

11-10 00:42:40.775 25068 25123 W com.wallapop: Skipping duplicate class check due to unsupported classloader

11-10 00:42:40.819 25068 25136 W com.wallapop: Verification of io.fabric.sdk.android.services.settings.q io.fabric.sdk.android.services.settings.q.a(io.fabric.sdk.android.Kit, io.fabric.sdk.android.services.common.IdManager, io.fabric.sdk.android.services.network.d, java.lang.String, java.lang.String, java.lang.String) took 102.377ms

11-10 00:42:40.962 25068 25123 W com.wallapop: Unsupported class loader

11-10 00:42:41.208 25068 25068 I com.wallapop: Waiting for a blocking GC ClassLinker

11-10 00:42:41.410 25068 25123 I com.wallapop: Waiting for a blocking GC ClassLinker

11-10 00:42:41.627 25068 25068 I com.wallapop: WaitForGcToComplete blocked ClassLinker on ClassLinker for 419.388ms

11-10 00:42:41.634 25068 25068 W com.wallapop: Verification of void com.rewallapop.app.di.a.b.<init>(com.rewallapop.app.di.module.d, com.rewallapop.app.di.module.submodule.PolicyModule, com.rewallapop.app.di.module.ApplicationPresentationModule, com.rewallapop.app.di.module.ApplicationUseCasesModule, com.rewallapop.app.di.module.BillingModule, com.rewallapop.app.di.module.DataSourceModule, com.rewallapop.app.di.module.submodule.ads.AdsDataSourceModule, com.rewallapop.app.di.module.submodule.verticals.VerticalsDataSourceModule, com.rewallapop.app.di.module.ExecutorsModule, com.rewallapop.app.di.module.HelpshiftModule, com.rewallapop.app.di.module.MappersModule, com.rewallapop.app.di.module.submodule.ApiModelMapperModule, com.rewallapop.app.di.module.submodule.ApiV2ModelMapperModule, com.rewallapop.app.di.module.submodule.DataMapperModule, com.rewallapop.app.di.module.submodule.ViewModelMapperModule, com.rewallapop.app.di.module.RepositoryModule, com.rewallapop.app.di.module.submodule.ads.AdsRepositoryModule, com.rewallapop.app.di.module.RestModule, com.re

11-10 00:42:41.635 25068 25123 I com.wallapop: WaitForGcToComplete blocked ClassLinker on ClassLinker for 225.836ms

11-10 00:42:41.889 25068 25068 W com.wallapop: Verification of void com.rewallapop.app.di.a.b.a(com.rewallapop.app.di.module.d, com.rewallapop.app.di.module.submodule.PolicyModule, com.rewallapop.app.di.module.ApplicationPresentationModule, com.rewallapop.app.di.module.ApplicationUseCasesModule, com.rewallapop.app.di.module.BillingModule, com.rewallapop.app.di.module.DataSourceModule, com.rewallapop.app.di.module.submodule.ads.AdsDataSourceModule, com.rewallapop.app.di.module.submodule.verticals.VerticalsDataSourceModule, com.rewallapop.app.di.module.ExecutorsModule, com.rewallapop.app.di.module.HelpshiftModule, com.rewallapop.app.di.module.MappersModule, com.rewallapop.app.di.module.submodule.ApiModelMapperModule, com.rewallapop.app.di.module.submodule.ApiV2ModelMapperModule, com.rewallapop.app.di.module.submodule.DataMapperModule, com.rewallapop.app.di.module.submodule.ViewModelMapperModule, com.rewallapop.app.di.module.RepositoryModule, com.rewallapop.app.di.module.submodule.ads.AdsRepositoryModule, com.rewallapop.app.di.module.RestModule, com.rewalla

11-10 00:42:42.031 25068 25068 W com.wallapop: Verification of void com.rewallapop.app.di.a.b.b(com.rewallapop.app.di.module.d, com.rewallapop.app.di.module.submodule.PolicyModule, com.rewallapop.app.di.module.ApplicationPresentationModule, com.rewallapop.app.di.module.ApplicationUseCasesModule, com.rewallapop.app.di.module.BillingModule, com.rewallapop.app.di.module.DataSourceModule, com.rewallapop.app.di.module.submodule.ads.AdsDataSourceModule, com.rewallapop.app.di.module.submodule.verticals.VerticalsDataSourceModule, com.rewallapop.app.di.module.ExecutorsModule, com.rewallapop.app.di.module.HelpshiftModule, com.rewallapop.app.di.module.MappersModule, com.rewallapop.app.di.module.submodule.ApiModelMapperModule, com.rewallapop.app.di.module.submodule.ApiV2ModelMapperModule, com.rewallapop.app.di.module.submodule.DataMapperModule, com.rewallapop.app.di.module.submodule.ViewModelMapperModule, com.rewallapop.app.di.module.RepositoryModule, com.rewallapop.app.di.module.submodule.ads.AdsRepositoryModule, com.rewallapop.app.di.module.RestModule, com.rewalla

11-10 00:42:42.279 25068 25068 W com.wallapop: Verification of void com.rewallapop.app.di.a.b.c(com.rewallapop.app.di.module.d, com.rewallapop.app.di.module.submodule.PolicyModule, com.rewallapop.app.di.module.ApplicationPresentationModule, com.rewallapop.app.di.module.ApplicationUseCasesModule, com.rewallapop.app.di.module.BillingModule, com.rewallapop.app.di.module.DataSourceModule, com.rewallapop.app.di.module.submodule.ads.AdsDataSourceModule, com.rewallapop.app.di.module.submodule.verticals.VerticalsDataSourceModule, com.rewallapop.app.di.module.ExecutorsModule, com.rewallapop.app.di.module.HelpshiftModule, com.rewallapop.app.di.module.MappersModule, com.rewallapop.app.di.module.submodule.ApiModelMapperModule, com.rewallapop.app.di.module.submodule.ApiV2ModelMapperModule, com.rewallapop.app.di.module.submodule.DataMapperModule, com.rewallapop.app.di.module.submodule.ViewModelMapperModule, com.rewallapop.app.di.module.RepositoryModule, com.rewallapop.app.di.module.submodule.ads.AdsRepositoryModule, com.rewallapop.app.di.module.RestModule, com.rewalla

11-10 00:42:42.335 25068 25110 W com.wallapop: Verification of void com.google.android.gms.internal.measurement.zzjc.<init>() took 124.617ms

11-10 00:42:42.512 25068 25068 W com.wallapop: Verification of void com.rewallapop.app.di.a.b.d(com.rewallapop.app.di.module.d, com.rewallapop.app.di.module.submodule.PolicyModule, com.rewallapop.app.di.module.ApplicationPresentationModule, com.rewallapop.app.di.module.ApplicationUseCasesModule, com.rewallapop.app.di.module.BillingModule, com.rewallapop.app.di.module.DataSourceModule, com.rewallapop.app.di.module.submodule.ads.AdsDataSourceModule, com.rewallapop.app.di.module.submodule.verticals.VerticalsDataSourceModule, com.rewallapop.app.di.module.ExecutorsModule, com.rewallapop.app.di.module.HelpshiftModule, com.rewallapop.app.di.module.MappersModule, com.rewallapop.app.di.module.submodule.ApiModelMapperModule, com.rewallapop.app.di.module.submodule.ApiV2ModelMapperModule, com.rewallapop.app.di.module.submodule.DataMapperModule, com.rewallapop.app.di.module.submodule.ViewModelMapperModule, com.rewallapop.app.di.module.RepositoryModule, com.rewallapop.app.di.module.submodule.ads.AdsRepositoryModule, com.rewallapop.app.di.module.RestModule, com.rewalla

11-10 00:42:42.793 25068 25068 W com.wallapop: Verification of void com.rewallapop.app.di.a.b.e(com.rewallapop.app.di.module.d, com.rewallapop.app.di.module.submodule.PolicyModule, com.rewallapop.app.di.module.ApplicationPresentationModule, com.rewallapop.app.di.module.ApplicationUseCasesModule, com.rewallapop.app.di.module.BillingModule, com.rewallapop.app.di.module.DataSourceModule, com.rewallapop.app.di.module.submodule.ads.AdsDataSourceModule, com.rewallapop.app.di.module.submodule.verticals.VerticalsDataSourceModule, com.rewallapop.app.di.module.ExecutorsModule, com.rewallapop.app.di.module.HelpshiftModule, com.rewallapop.app.di.module.MappersModule, com.rewallapop.app.di.module.submodule.ApiModelMapperModule, com.rewallapop.app.di.module.submodule.ApiV2ModelMapperModule, com.rewallapop.app.di.module.submodule.DataMapperModule, com.rewallapop.app.di.module.submodule.ViewModelMapperModule, com.rewallapop.app.di.module.RepositoryModule, com.rewallapop.app.di.module.submodule.ads.AdsRepositoryModule, com.rewallapop.app.di.module.RestModule, com.rewalla

11-10 00:42:42.919 25068 25068 W com.wallapop: Verification of void com.rewallapop.app.di.a.b.f(com.rewallapop.app.di.module.d, com.rewallapop.app.di.module.submodule.PolicyModule, com.rewallapop.app.di.module.ApplicationPresentationModule, com.rewallapop.app.di.module.ApplicationUseCasesModule, com.rewallapop.app.di.module.BillingModule, com.rewallapop.app.di.module.DataSourceModule, com.rewallapop.app.di.module.submodule.ads.AdsDataSourceModule, com.rewallapop.app.di.module.submodule.verticals.VerticalsDataSourceModule, com.rewallapop.app.di.module.ExecutorsModule, com.rewallapop.app.di.module.HelpshiftModule, com.rewallapop.app.di.module.MappersModule, com.rewallapop.app.di.module.submodule.ApiModelMapperModule, com.rewallapop.app.di.module.submodule.ApiV2ModelMapperModule, com.rewallapop.app.di.module.submodule.DataMapperModule, com.rewallapop.app.di.module.submodule.ViewModelMapperModule, com.rewallapop.app.di.module.RepositoryModule, com.rewallapop.app.di.module.submodule.ads.AdsRepositoryModule, com.rewallapop.app.di.module.RestModule, com.rewalla

11-10 00:42:43.535 25068 25110 I FA      :   adb shell setprop debug.firebase.analytics.app com.wallapop

11-10 00:42:44.072 25068 25068 W com.wallapop: Verification of java.util.Map com.rewallapop.app.di.module.TrackingModule.a() took 192.183ms

11-10 00:42:47.592 25068 25159 I stetho  : Listening on @stetho_com.wallapop_devtools_remote

11-10 00:42:47.894 25068 25165 W com.wallapop: Accessing hidden field Lsun/misc/Unsafe;->theUnsafe:Lsun/misc/Unsafe; (light greylist, reflection)

11-10 00:42:48.013 25068 25167 W com.wallapop: Accessing hidden field Ljava/nio/Buffer;->address:J (light greylist, reflection)

11-10 00:42:48.123 25068 25068 I com.wallapop: The ClassLoaderContext is a special shared library.

11-10 00:42:48.128 25068 25068 I chatty  : uid=10311(com.wallapop) identical 1 line

11-10 00:42:48.133 25068 25068 I com.wallapop: The ClassLoaderContext is a special shared library.

11-10 00:42:48.152 25068 25068 I com.wallapop: Waiting for a blocking GC ClassLinker

11-10 00:42:48.175 25068 25068 I com.wallapop: WaitForGcToComplete blocked ClassLinker on HeapTrim for 22.499ms

11-10 00:42:48.383 25068 25164 I com.wallapop: Waiting for a blocking GC ClassLinker

11-10 00:42:48.394 25068 25164 I com.wallapop: WaitForGcToComplete blocked ClassLinker on ClassLinker for 11.413ms

11-10 00:42:48.510 25068 25190 W com.wallapop: Accessing hidden method Landroid/content/Context;->bindServiceAsUser(Landroid/content/Intent;Landroid/content/ServiceConnection;ILandroid/os/Handler;Landroid/os/UserHandle;)Z (light greylist, reflection)

11-10 00:42:48.514  4211  6257 I ApplicationPolicy: isApplicationExternalStorageWhitelisted:com.wallapop user:0

11-10 00:42:48.515  4211  6257 D ActivityManager: package  com.wallapop, user - 0 is SDcard whitelisted

11-10 00:42:48.515  4211  6257 I ApplicationPolicy: isApplicationExternalStorageBlacklisted:com.wallapop user:0

11-10 00:42:48.515  4211  6257 I ApplicationPolicy: isApplicationExternalStorageBlacklisted:com.wallapop user:0

11-10 00:42:48.532  4211  4229 I ActivityManager: Start proc 25193:com.android.chrome:sandboxed_process0/u0i761 for webview_service com.wallapop/org.chromium.content.app.SandboxedProcessService0

11-10 00:42:48.565  4211  4222 D WifiPermissionsUtil: canAccessScanResults: pkgName = com.wallapop, uid = 10311

11-10 00:42:48.579  4211  6257 I ActivityManager: DSS on for com.wallapop and scale is 1.0

11-10 00:42:48.637 25068 25068 W com.wallapop: Accessing hidden method Landroid/view/textclassifier/logging/SmartSelectionEventTracker;-><init>(Landroid/content/Context;I)V (light greylist, reflection)

11-10 00:42:48.637 25068 25068 W com.wallapop: Accessing hidden method Landroid/view/textclassifier/logging/SmartSelectionEventTracker;->logEvent(Landroid/view/textclassifier/logging/SmartSelectionEventTracker$SelectionEvent;)V (light greylist, reflection)

11-10 00:42:48.638 25068 25068 W com.wallapop: Accessing hidden method Landroid/view/textclassifier/logging/SmartSelectionEventTracker$SelectionEvent;->selectionStarted(I)Landroid/view/textclassifier/logging/SmartSelectionEventTracker$SelectionEvent; (light greylist, reflection)

11-10 00:42:48.638 25068 25068 W com.wallapop: Accessing hidden method Landroid/view/textclassifier/logging/SmartSelectionEventTracker$SelectionEvent;->selectionModified(II)Landroid/view/textclassifier/logging/SmartSelectionEventTracker$SelectionEvent; (light greylist, reflection)

11-10 00:42:48.638 25068 25068 W com.wallapop: Accessing hidden method Landroid/view/textclassifier/logging/SmartSelectionEventTracker$SelectionEvent;->selectionModified(IILandroid/view/textclassifier/TextClassification;)Landroid/view/textclassifier/logging/SmartSelectionEventTracker$SelectionEvent; (light greylist, reflection)

11-10 00:42:48.638 25068 25068 W com.wallapop: Accessing hidden method Landroid/view/textclassifier/logging/SmartSelectionEventTracker$SelectionEvent;->selectionModified(IILandroid/view/textclassifier/TextSelection;)Landroid/view/textclassifier/logging/SmartSelectionEventTracker$SelectionEvent; (light greylist, reflection)

11-10 00:42:48.638 25068 25068 W com.wallapop: Accessing hidden method Landroid/view/textclassifier/logging/SmartSelectionEventTracker$SelectionEvent;->selectionAction(III)Landroid/view/textclassifier/logging/SmartSelectionEventTracker$SelectionEvent; (light greylist, reflection)

11-10 00:42:48.638 25068 25068 W com.wallapop: Accessing hidden method Landroid/view/textclassifier/logging/SmartSelectionEventTracker$SelectionEvent;->selectionAction(IIILandroid/view/textclassifier/TextClassification;)Landroid/view/textclassifier/logging/SmartSelectionEventTracker$SelectionEvent; (light greylist, reflection)

11-10 00:42:48.698 25068 25204 W com.wallapop: Accessing hidden method Landroid/media/AudioManager;->getOutputLatency(I)I (light greylist, reflection)

11-10 00:42:48.769 25068 25068 W com.wallapop: Accessing hidden method Landroid/app/ActivityThread;->currentPackageName()Ljava/lang/String; (light greylist, reflection)

11-10 00:42:49.247 25068 25260 W com.wallapop: Accessing hidden method Lcom/android/org/conscrypt/OpenSSLSocketImpl;->setAlpnProtocols([B)V (light greylist, reflection)

11-10 00:42:49.647 25068 25260 W com.wallapop: Accessing hidden method Lcom/android/org/conscrypt/OpenSSLSocketImpl;->getAlpnSelectedProtocol()[B (light greylist, reflection)

11-10 00:42:51.194  4211  6257 D SamsungAlarmManager: Cancel Alarm calling from uid:10311 pid :25068 / op:PendingIntent{78d2c4e: PendingIntentRecord{1c77620 com.wallapop broadcastIntent}}

11-10 00:42:51.719 25068 25299 I com.wallapop: The ClassLoaderContext is a special shared library.

11-10 00:42:51.770 25068 25299 I com.wallapop: Waiting for a blocking GC ClassLinker

11-10 00:42:52.028 25068 25157 W com.wallapop: Accessing hidden method Ldalvik/system/VMRuntime;->getRuntime()Ldalvik/system/VMRuntime; (light greylist, reflection)

11-10 00:42:52.029 25068 25157 W com.wallapop: Accessing hidden method Ldalvik/system/VMRuntime;->vmInstructionSet()Ljava/lang/String; (light greylist, reflection)

11-10 00:42:52.902 25068 25299 I com.wallapop: WaitForGcToComplete blocked ClassLinker on HeapTrim for 1.132s

11-10 00:42:53.383 25068 25157 W com.wallapop: Verification of java.lang.String com.adjust.sdk.ActivityPackage.getExtendedString() took 104.826ms

11-10 00:42:53.674 25068 25157 W com.wallapop: Verification of void com.adjust.sdk.TimerOnce.startIn(long) took 180.579ms

11-10 00:46:44.236 25480 25525 I appium  : AppiumResponse: {"sessionId":"69938fb9-476e-4fcb-9080-174f6171871e","value":{"sessionId":"69938fb9-476e-4fcb-9080-174f6171871e","capabilities":{"firstMatch":[{"platform":"LINUX","webStorageEnabled":false,"takesScreenshot":true,"javascriptEnabled":true,"databaseEnabled":false,"networkConnectionEnabled":true,"locationContextEnabled":false,"warnings":{},"desired":{"platformName":"android","normalizeTagNames":true,"androidInstallTimeout":150000,"app":"","appActivity":"com.rewallapop.ui.main.MainActivity","appPackage":"com.wallapop","isHeadless":false,"skipDeviceInitialization":true,"autoAcceptAlerts":true,"autoGrantPermissions":true,"automationName":"UiAutomator2","avd":"","deviceName":"3200f02dc0aab5db","deviceReadyTimeout":1,"fullReset":false,"ignoreUnimportantViews":true,"newCommandTimeout":60,"noReset":true,"systemPort":8223,"udid":"3200f02dc0aab5db"},"platformName":"android","normalizeTagNames":true,"androidInstallTimeout":150000,"app":"","appActivity":"com.rewallapop.ui.main.MainActivity","appPackage":"com.wallapop","isHeadless":false,"skipDeviceInitialization":true,"autoAcceptAlerts":true,"autoGrantPermissions":true,"automationName":"UiAutomator2","avd":"","deviceName":"3200f02dc0aab5db","deviceReadyTimeout":1,"fullReset":false,"ignoreUnimportantViews":true,"newCommandTimeout":60,"noReset":true,"systemPort":8223,"udid":"3200f02dc0aab5db","deviceUDID":"3200f02dc0aab5db"}],"alwaysMatch":{}}}}

11-10 00:46:44.801  4211  4808 I ActivityManager: Force stopping com.wallapop appid=10311 user=0: from pid 25532 caller com.android.server.am.ActivityManagerShellCommand.runStartActivity:412

11-10 00:46:44.804  4211  4808 I ActivityManager: Killing 25068:com.wallapop/u0a311 (adj 900): stop com.wallapop,from pid 25532 caller com.android.server.am.ActivityManagerShellCommand.runStartActivity:412

11-10 00:46:44.830  4211  4211 D SamsungAlarmManager: Remove alarm for next reason : android.intent.action.PACKAGE_RESTARTED : package: com.wallapop

11-10 00:46:44.840  4211  4227 W BroadcastQueue: Background execution not allowed: receiving Intent { act=android.intent.action.PACKAGE_RESTARTED dat=package:com.wallapop flg=0x10 (has extras) } to android/com.kddi.android.CpaNotiReceiver

11-10 00:46:45.081  4211  4808 I ActivityManager: START u0 {act=null typ=null flg=0x10000000 cmp=ComponentInfo{com.wallapop/com.rewallapop.ui.main.MainActivity}} from uid 2000

11-10 00:46:45.090  4211  4808 I ActivityManager: [IOP] sourceDir : /data/app/com.wallapop-YuY1orTsl_VIwwe6m0TquQ== in ActivityStacksupervisor

11-10 00:46:45.105  3727  3727 I SurfaceFlinger: id=23551 createSurf (4440x4440),2 flag=4, AppWindowToken{72b602c token=Token{9a8fbdf ActivityRecord{17fba7e u0 com.wallapop/com.rewallapop.ui.main.MainActivity t2116}}}#0

11-10 00:46:45.118  4211  5518 D StorageManagerService: getExternalStorageMountMode : final mountMode=1, uid : 10311, packageName : com.wallapop

11-10 00:46:45.118  4211  5518 I ApplicationPolicy: isApplicationExternalStorageWhitelisted:com.wallapop user:0

11-10 00:46:45.118  4211  5518 D ActivityManager: package  com.wallapop, user - 0 is SDcard whitelisted

11-10 00:46:45.118  4211  5518 I ApplicationPolicy: isApplicationExternalStorageBlacklisted:com.wallapop user:0

11-10 00:46:45.118  4211  5518 I ApplicationPolicy: isApplicationExternalStorageBlacklisted:com.wallapop user:0

11-10 00:46:45.119  3727  3727 I SurfaceFlinger: id=23552 createSurf (4440x4440),2 flag=4, 3e14da9 Splash Screen com.wallapop#0

11-10 00:46:45.122  4211  4211 D Telecom:SamsungPrebindingServiceImpl: onTopActivityChanged : ComponentInfo{com.wallapop/com.rewallapop.ui.main.MainActivity}

11-10 00:46:45.135  4211  4310 V WindowManager: Relayout Window{3e14da9 u0 Splash Screen com.wallapop}: viewVisibility=0 req=1080x2220 {(0,0)(fillxfill) sim={adjust=pan} ty=APPLICATION_STARTING fmt=TRANSLUCENT wanim=0x10302fe

11-10 00:46:45.139  3727  3727 I SurfaceFlinger: id=23553 createSurf (1080x2220),1 flag=4, Splash Screen com.wallapop#0

11-10 00:46:45.140  4211  4229 I ActivityManager: Start proc 25538:com.wallapop/u0a311 for activity com.wallapop/com.rewallapop.ui.main.MainActivity

11-10 00:46:45.141  4211  4310 D WindowManager: makeSurface duration=3 name=Splash Screen com.wallapop

11-10 00:46:45.144 25538 25538 I com.wallapop: Late-enabling -Xcheck:jni

11-10 00:46:45.163  4211  4310 D WindowManager: finishDrawingWindow: Window{3e14da9 u0 Splash Screen com.wallapop} mDrawState=DRAW_PENDING

11-10 00:46:45.165  4211  4310 I WindowManager: commitFinishDrawingLocked: mDrawState=READY_TO_SHOW Surface(name=Splash Screen com.wallapop)/@0x1e414eb

11-10 00:46:45.165  4211  4310 V WindowManager: Resize reasons for w=Window{3e14da9 u0 Splash Screen com.wallapop}:  contentInsetsChanged=false [0,63][0,126] visibleInsetsChanged=false [0,63][0,126] stableInsetsChanged=false [0,63][0,126] outsetsChanged=false [0,0][0,0] surfaceResized=false configChanged=false dragResizingChanged=false reportOrientationChanged=false displayCutoutChanged=false nextForceRelayoutToClient=false

11-10 00:46:45.174 25538 25538 I com.wallapop: report jit thread pid = 25543

11-10 00:46:45.189  4211  5518 I ActivityManager: DSS on for com.wallapop and scale is 1.0

11-10 00:46:45.193  4211  5518 I WindowManager: commitFinishDrawingLocked: mDrawState=READY_TO_SHOW Surface(name=Splash Screen com.wallapop)/@0x1e414eb

11-10 00:46:45.197  4211  4310 I WindowManager: commitFinishDrawingLocked: mDrawState=READY_TO_SHOW Surface(name=Splash Screen com.wallapop)/@0x1e414eb

11-10 00:46:45.203  4211  4473 D GamePkgDataHelper: getGamePkgData(). com.wallapop

11-10 00:46:45.203  4211  5518 D GamePkgDataHelper: notifyAppCreate(), pkgName: com.wallapop, sendRet: true

11-10 00:46:45.203  4211  4473 D GameManagerService: handleMessage(), MSG_APP_CREATE. ignore. pkgName: com.wallapop

11-10 00:46:45.206  4211  5518 D GameManagerService: noteResumeComponent(), resumeComponent: com.wallapop

11-10 00:46:45.206  4211  5518 D GamePkgDataHelper: getSosPolicy(). com.wallapop

11-10 00:46:45.206  4211  4473 D GameManagerService: handleForegroundChange(). pkgName: com.wallapop, clsName: com.rewallapop.ui.main.MainActivity,FgActivityName:com.wallapop/com.rewallapop.ui.main.MainActivity

11-10 00:46:45.206  4211  4473 D GameManagerService:   handleForegroundChange(). set mFgApp: com.wallapop

11-10 00:46:45.207  4211  6753 D GamePkgDataHelper: getGamePkgDataIncServer(). com.wallapop

11-10 00:46:45.207  4211  4473 D GameManagerService: notifyResumePause(). pkg: com.wallapop, type: 4, isMinimized: false, isTunableApp: false

11-10 00:46:45.207  4211  5518 D GameManagerService: identifyGamePackage. com.wallapop

11-10 00:46:45.207  4211  5518 D GamePkgDataHelper: getGamePkgData(). com.wallapop

11-10 00:46:45.207  4211  5518 D MARsPolicyManager: onPackageResumedFG pkgName = com.wallapop, userId = 0

11-10 00:46:45.209  4211  4310 I WindowManager: commitFinishDrawingLocked: mDrawState=READY_TO_SHOW Surface(name=Splash Screen com.wallapop)/@0x1e414eb

11-10 00:46:45.216  4211  4310 I WindowManager: Cancelling animation restarting=true, leash=null, surface=Surface(name=AppWindowToken{72b602c token=Token{9a8fbdf ActivityRecord{17fba7e u0 com.wallapop/com.rewallapop.ui.main.MainActivity t2116}}})/@0x72648c, parent=Surface(name=Task=2116)/@0xb9fa7d5

11-10 00:46:45.216  4211  4310 I WindowManager: Reparenting to leash, surface=Surface(name=AppWindowToken{72b602c token=Token{9a8fbdf ActivityRecord{17fba7e u0 com.wallapop/com.rewallapop.ui.main.MainActivity t2116}}})/@0x72648c

11-10 00:46:45.218  3727  3727 I SurfaceFlinger: id=23555 createSurf (4440x4440),2 flag=4, Surface(name=AppWindowToken{72b602c token=Token{9a8fbdf ActivityRecord{17fba7e u0 com.wallapop/com.rewallapop.ui.main.MainActivity t2116}}})/@0x72648c - animation-leash#0

11-10 00:46:45.219  4211  4310 D WindowManager: makeSurface duration=4 leash=Surface(name=Surface(name=AppWindowToken{72b602c token=Token{9a8fbdf ActivityRecord{17fba7e u0 com.wallapop/com.rewallapop.ui.main.MainActivity t2116}}})/@0x72648c - animation-leash)/@0xbdb8bea

11-10 00:46:45.219  4211  4310 D SurfaceControl: reparent is called, sc=Surface(name=AppWindowToken{72b602c token=Token{9a8fbdf ActivityRecord{17fba7e u0 com.wallapop/com.rewallapop.ui.main.MainActivity t2116}}})/@0x72648c, newParentHandle=android.os.BinderProxy@2180edb, transaction=android.view.SurfaceControl$Transaction@1273d78

11-10 00:46:45.220  4211  4310 V WindowManager: performShowLocked: mDrawState=HAS_DRAWN in Window{3e14da9 u0 Splash Screen com.wallapop}

11-10 00:46:45.223  3727  5001 D Layer   : [AppWindowToken{72b602c token=Token{9a8fbdf ActivityRecord{17fba7e u0 com.wallapop/com.rewallapop.ui.main.MainActivity t2116}}}#0]::reparent oldParent:[Task=2116#0], newParent:[Surface(name=AppWindowToken{72b602c token=Token{9a8fbdf ActivityRecord{17fba7e u0 com.wallapop/com.rewallapop.ui.main.MainActivity t2116}}})/@0x72648c - animation-leash#0]

11-10 00:46:45.226  4211  6753 D GamePkgDataHelper: getSosPolicy(). com.wallapop

11-10 00:46:45.227  4211  4228 D CodecSolution: isMaxAspectPackageEx: com.wallapop : true(2)

11-10 00:46:45.230  4211  4494 D GameManagerService: identifyGamePackage. com.wallapop

11-10 00:46:45.230  4211  4494 D GamePkgDataHelper: getGamePkgData(). com.wallapop

11-10 00:46:45.231  4211  4228 D WindowManager: setSystemUiVisibility: vis= 0xa018, fullscreenVis= 0x2000, dockedVis= 0x0, win=Window{3e14da9 u0 Splash Screen com.wallapop}

11-10 00:46:45.236  4211  6755 D GameManagerService: identifyGamePackage. com.wallapop

11-10 00:46:45.236  4211  6755 D GamePkgDataHelper: getGamePkgData(). com.wallapop

11-10 00:46:45.237 25538 25538 I com.wallapop: The ClassLoaderContext is a special shared library.

11-10 00:46:45.323  3727  3727 I SurfaceFlinger:      Client | 0x70dda20bc0 | 0000 | RGBA_8888 |   0.0    0.0 1080.0 2220.0 |   91  186  989 2034 | Splash Screen com.wallapop#0

11-10 00:46:45.357  4211  4669 D MdnieScenarioControlService:  packageName : com.wallapop    className : com.rewallapop.ui.main.MainActivity

11-10 00:46:45.366  3727  3727 I SurfaceFlinger:      Device | 0x70dda20bc0 | 0000 | RGBA_8888 |   0.0    0.0 1080.0 2220.0 |   50  103 1030 2117 | Splash Screen com.wallapop#0

11-10 00:46:45.482  4211  4310 I WindowManager: reset, Reparenting to original parent, shouldDeferScheduleAnimation=false, destroyLeash=true, surface=Surface(name=AppWindowToken{72b602c token=Token{9a8fbdf ActivityRecord{17fba7e u0 com.wallapop/com.rewallapop.ui.main.MainActivity t2116}}})/@0x72648c, parent=Surface(name=Task=2116)/@0xb9fa7d5, parentNativeHandle=android.os.BinderProxy@24eb924, caller=com.android.server.wm.SurfaceAnimator.lambda$getFinishedCallback$0:97 com.android.server.wm.-$$Lambda$SurfaceAnimator$SIBia0mND666K8lMCPsoid8pUTI.run:4 com.android.server.wm.SurfaceAnimator.lambda$getFinishedCallback$1:104 com.android.server.wm.-$$Lambda$SurfaceAnimator$vdRZk66hQVbQCvVXEaQCT1kVmFc.onAnimationFinished:4 com.android.server.wm.LocalAnimationAdapter.lambda$startAnimation$0:74

11-10 00:46:45.482  4211  4310 D SurfaceControl: reparent is called, sc=Surface(name=AppWindowToken{72b602c token=Token{9a8fbdf ActivityRecord{17fba7e u0 com.wallapop/com.rewallapop.ui.main.MainActivity t2116}}})/@0x72648c, newParentHandle=android.os.BinderProxy@24eb924, transaction=android.view.SurfaceControl$Transaction@1273d78

11-10 00:46:45.482  4211  4310 D SurfaceControl: destroy(transaction), animation-leash is destroyed, sc=Surface(name=Surface(name=AppWindowToken{72b602c token=Token{9a8fbdf ActivityRecord{17fba7e u0 com.wallapop/com.rewallapop.ui.main.MainActivity t2116}}})/@0x72648c - animation-leash)/@0xbdb8bea, transaction=android.view.SurfaceControl$Transaction@1273d78, caller=com.android.server.wm.SurfaceAnimator.reset:338 com.android.server.wm.SurfaceAnimator.lambda$getFinishedCallback$0:97 com.android.server.wm.-$$Lambda$SurfaceAnimator$SIBia0mND666K8lMCPsoid8pUTI.run:4 com.android.server.wm.SurfaceAnimator.lambda$getFinishedCallback$1:104 com.android.server.wm.-$$Lambda$SurfaceAnimator$vdRZk66hQVbQCvVXEaQCT1kVmFc.onAnimationFinished:4 com.android.server.wm.LocalAnimationAdapter.lambda$startAnimation$0:74 com.android.server.wm.-$$Lambda$LocalAnimationAdapter$X--EomqUvw4qy89IeeTFTH7aCMo.run:4

11-10 00:46:45.485  3727  3964 D Layer   : [AppWindowToken{72b602c token=Token{9a8fbdf ActivityRecord{17fba7e u0 com.wallapop/com.rewallapop.ui.main.MainActivity t2116}}}#0]::reparent oldParent:[Surface(name=AppWindowToken{72b602c token=Token{9a8fbdf ActivityRecord{17fba7e u0 com.wallapop/com.rewallapop.ui.main.MainActivity t2116}}})/@0x72648c - animation-leash#0], newParent:[Task=2116#0]

11-10 00:46:45.485  3727  3964 I SurfaceFlinger: id=23555 Removed Surface(name=AppWindowToken{72b602c token=Token{9a8fbdf ActivityRecord{17fba7e u0 com.wallapop/com.rewallapop.ui.main.MainActivity t2116}}})/@0x72648c - animation-leash#0 (0/54)

11-10 00:46:45.498  3727  3727 I Layer   : id=23555 onRemoved Surface(name=AppWindowToken{72b602c token=Token{9a8fbdf ActivityRecord{17fba7e u0 com.wallapop/com.rewallapop.ui.main.MainActivity t2116}}})/@0x72648c - animation-leash#0

11-10 00:46:45.523  3727  3727 I SurfaceFlinger:      Device | 0x70dda20bc0 | 0000 | RGBA_8888 |   0.0    0.0 1080.0 2220.0 |    0    0 1080 2220 | Splash Screen com.wallapop#0

11-10 00:46:47.416 25538 25577 W com.wallapop: Unsupported class loader

11-10 00:46:47.420 25538 25577 W com.wallapop: Skipping duplicate class check due to unsupported classloader

11-10 00:46:47.445 25538 25564 I FA      :   adb shell setprop debug.firebase.analytics.app com.wallapop

11-10 00:46:47.470 25538 25577 W com.wallapop: Unsupported class loader

11-10 00:46:47.515 25538 25538 I com.wallapop: Waiting for a blocking GC ClassLinker

11-10 00:46:47.535 25538 25538 I com.wallapop: WaitForGcToComplete blocked ClassLinker on ClassLinker for 19.669ms

11-10 00:46:49.163 25538 25613 I stetho  : Listening on @stetho_com.wallapop_devtools_remote

11-10 00:46:49.197  4211  4390 D WifiTrafficPoller: TrafficStats TxPkts=753236 RxPkts=1344937 TxBytes=171630708 RxBytes=1281096343 , Foreground uid=10311 pkgName=com.wallapop TxPackets=55924 RxPackets=64620 TxBytes=8198636 RxBytes=65929640

11-10 00:46:49.327 25538 25619 W com.wallapop: Accessing hidden field Lsun/misc/Unsafe;->theUnsafe:Lsun/misc/Unsafe; (light greylist, reflection)

11-10 00:46:49.454 25538 25621 W com.wallapop: Accessing hidden field Ljava/nio/Buffer;->address:J (light greylist, reflection)

11-10 00:46:49.552 25538 25538 I com.wallapop: The ClassLoaderContext is a special shared library.

11-10 00:46:49.557 25538 25538 I chatty  : uid=10311(com.wallapop) identical 1 line

11-10 00:46:49.561 25538 25538 I com.wallapop: The ClassLoaderContext is a special shared library.

11-10 00:46:49.880 25538 25644 W com.wallapop: Accessing hidden method Landroid/content/Context;->bindServiceAsUser(Landroid/content/Intent;Landroid/content/ServiceConnection;ILandroid/os/Handler;Landroid/os/UserHandle;)Z (light greylist, reflection)

11-10 00:46:49.886  4211  6754 I ApplicationPolicy: isApplicationExternalStorageWhitelisted:com.wallapop user:0

11-10 00:46:49.886  4211  6754 D ActivityManager: package  com.wallapop, user - 0 is SDcard whitelisted

11-10 00:46:49.886  4211  6754 I ApplicationPolicy: isApplicationExternalStorageBlacklisted:com.wallapop user:0

11-10 00:46:49.887  4211  6754 I ApplicationPolicy: isApplicationExternalStorageBlacklisted:com.wallapop user:0

11-10 00:46:49.906  4211  4229 I ActivityManager: Start proc 25648:com.android.chrome:sandboxed_process0/u0i762 for webview_service com.wallapop/org.chromium.content.app.SandboxedProcessService0

11-10 00:46:49.942  4211  6754 D WifiPermissionsUtil: canAccessScanResults: pkgName = com.wallapop, uid = 10311

11-10 00:46:49.948  4211  6754 I ActivityManager: DSS on for com.wallapop and scale is 1.0

11-10 00:46:49.951  4211  6754 D MultiDisplayManager: init process display: set packageProcessId, displayId=0, same_package_proc=ProcessRecord{f377e53d0 25538:com.wallapop/u0a311}, app=ProcessRecord{9917e4dd0 25648:com.android.chrome:sandboxed_process0/u0a311i762}

11-10 00:46:50.012 25538 25538 W com.wallapop: Accessing hidden method Landroid/view/textclassifier/logging/SmartSelectionEventTracker;-><init>(Landroid/content/Context;I)V (light greylist, reflection)

11-10 00:46:50.013 25538 25538 W com.wallapop: Accessing hidden method Landroid/view/textclassifier/logging/SmartSelectionEventTracker;->logEvent(Landroid/view/textclassifier/logging/SmartSelectionEventTracker$SelectionEvent;)V (light greylist, reflection)

11-10 00:46:50.013 25538 25538 W com.wallapop: Accessing hidden method Landroid/view/textclassifier/logging/SmartSelectionEventTracker$SelectionEvent;->selectionStarted(I)Landroid/view/textclassifier/logging/SmartSelectionEventTracker$SelectionEvent; (light greylist, reflection)

11-10 00:46:50.013 25538 25538 W com.wallapop: Accessing hidden method Landroid/view/textclassifier/logging/SmartSelectionEventTracker$SelectionEvent;->selectionModified(II)Landroid/view/textclassifier/logging/SmartSelectionEventTracker$SelectionEvent; (light greylist, reflection)

11-10 00:46:50.013 25538 25538 W com.wallapop: Accessing hidden method Landroid/view/textclassifier/logging/SmartSelectionEventTracker$SelectionEvent;->selectionModified(IILandroid/view/textclassifier/TextClassification;)Landroid/view/textclassifier/logging/SmartSelectionEventTracker$SelectionEvent; (light greylist, reflection)

11-10 00:46:50.013 25538 25538 W com.wallapop: Accessing hidden method Landroid/view/textclassifier/logging/SmartSelectionEventTracker$SelectionEvent;->selectionModified(IILandroid/view/textclassifier/TextSelection;)Landroid/view/textclassifier/logging/SmartSelectionEventTracker$SelectionEvent; (light greylist, reflection)

11-10 00:46:50.013 25538 25538 W com.wallapop: Accessing hidden method Landroid/view/textclassifier/logging/SmartSelectionEventTracker$SelectionEvent;->selectionAction(III)Landroid/view/textclassifier/logging/SmartSelectionEventTracker$SelectionEvent; (light greylist, reflection)

11-10 00:46:50.013 25538 25538 W com.wallapop: Accessing hidden method Landroid/view/textclassifier/logging/SmartSelectionEventTracker$SelectionEvent;->selectionAction(IIILandroid/view/textclassifier/TextClassification;)Landroid/view/textclassifier/logging/SmartSelectionEventTracker$SelectionEvent; (light greylist, reflection)

11-10 00:46:50.071 25538 25659 W com.wallapop: Accessing hidden method Landroid/media/AudioManager;->getOutputLatency(I)I (light greylist, reflection)

11-10 00:46:50.144 25538 25538 W com.wallapop: Accessing hidden method Landroid/app/ActivityThread;->currentPackageName()Ljava/lang/String; (light greylist, reflection)

11-10 00:46:50.530 25538 25714 W com.wallapop: Accessing hidden method Lcom/android/org/conscrypt/OpenSSLSocketImpl;->setAlpnProtocols([B)V (light greylist, reflection)

11-10 00:46:50.892 25538 25714 W com.wallapop: Accessing hidden method Lcom/android/org/conscrypt/OpenSSLSocketImpl;->getAlpnSelectedProtocol()[B (light greylist, reflection)

11-10 00:46:51.239  4211  7608 D GameManagerService: identifyGamePackage. com.wallapop

11-10 00:46:51.240  4211  7608 D GamePkgDataHelper: getGamePkgData(). com.wallapop

11-10 00:46:52.576  4211  6755 D SamsungAlarmManager: Cancel Alarm calling from uid:10311 pid :25538 / op:PendingIntent{a56767b: PendingIntentRecord{1c77620 com.wallapop broadcastIntent}}

11-10 00:46:52.665 25538 25549 I com.wallapop: Background concurrent copying GC freed 270609(17MB) AllocSpace objects, 70(6MB) LOS objects, 50% free, 10MB/21MB, paused 309us total 228.438ms

