11-10 00:46:52.672 25538 25538 W com.wallapop: Accessing hidden method Landroid/graphics/drawable/Drawable;->getOpticalInsets()Landroid/graphics/Insets; (light greylist, linking)

11-10 00:46:52.673 25538 25538 W com.wallapop: Accessing hidden field Landroid/graphics/Insets;->left:I (light greylist, linking)

11-10 00:46:52.673 25538 25538 W com.wallapop: Accessing hidden field Landroid/graphics/Insets;->right:I (light greylist, linking)

11-10 00:46:52.673 25538 25538 W com.wallapop: Accessing hidden field Landroid/graphics/Insets;->top:I (light greylist, linking)

11-10 00:46:52.673 25538 25538 W com.wallapop: Accessing hidden field Landroid/graphics/Insets;->bottom:I (light greylist, linking)

11-10 00:46:53.237 25538 25538 W com.wallapop: Accessing hidden method Landroid/view/View;->computeFitSystemWindows(Landroid/graphics/Rect;Landroid/graphics/Rect;)Z (light greylist, reflection)

11-10 00:46:53.238 25538 25538 W com.wallapop: Accessing hidden method Landroid/view/ViewGroup;->makeOptionalFitsSystemWindows()V (light greylist, reflection)

11-10 00:46:53.272  4211  4390 D WifiTrafficPoller: TrafficStats TxPkts=753330 RxPkts=1345058 TxBytes=171655807 RxBytes=1281225770 , Foreground uid=10311 pkgName=com.wallapop TxPackets=56009 RxPackets=64736 TxBytes=8223819 RxBytes=66079560

11-10 00:46:53.272 25538 25538 W com.wallapop: Accessing hidden field Landroid/view/ViewGroup;->mOnHierarchyChangeListener:Landroid/view/ViewGroup$OnHierarchyChangeListener; (light greylist, reflection)

11-10 00:46:53.279  4211  4311 D SamsungAlarmManager: Cancel Alarm calling from uid:10311 pid :25538 / op:PendingIntent{b3e9462: PendingIntentRecord{929f80f com.wallapop broadcastIntent}}

11-10 00:46:53.392 25538 25538 I chatty  : uid=10311(com.wallapop) identical 3 lines

11-10 00:46:53.402 25538 25538 I chatty  : uid=10311(com.wallapop) identical 3 lines

11-10 00:46:53.407 25538 25538 I chatty  : uid=10311(com.wallapop) identical 3 lines

11-10 00:46:53.408 25538 25538 I chatty  : uid=10311(com.wallapop) identical 1 line

11-10 00:46:53.410 25538 25538 I chatty  : uid=10311(com.wallapop) identical 8 lines

11-10 00:46:53.525  4211  4494 I ActivityManager: START u0 {act=null typ=null flg=0x0 cmp=ComponentInfo{com.wallapop/com.rewallapop.ui.wall.WallActivity}} from uid 10311

11-10 00:46:53.539  3727  3727 I SurfaceFlinger: id=23556 createSurf (4440x4440),2 flag=4, AppWindowToken{77594ae token=Token{3150929 ActivityRecord{fcde6b0 u0 com.wallapop/com.rewallapop.ui.wall.WallActivity t2116}}}#0

11-10 00:46:53.544  4211  4494 D SurfaceControl: reparent is called, sc=Surface(name=3e14da9 Splash Screen com.wallapop)/@0xcf1824f, newParentHandle=android.os.BinderProxy@a2bddc, transaction=android.view.SurfaceControl$Transaction@f4c0ee5

11-10 00:46:53.549  4211  4228 D WindowManager: setSystemUiVisibility: vis= 0xa018, fullscreenVis= 0x2000, dockedVis= 0x0, win=Window{3e14da9 u0 Splash Screen com.wallapop}

11-10 00:46:53.551  3727  5001 D Layer   : [3e14da9 Splash Screen com.wallapop#0]::reparent oldParent:[AppWindowToken{72b602c token=Token{9a8fbdf ActivityRecord{17fba7e u0 com.wallapop/com.rewallapop.ui.main.MainActivity t2116}}}#0], newParent:[AppWindowToken{77594ae token=Token{3150929 ActivityRecord{fcde6b0 u0 com.wallapop/com.rewallapop.ui.wall.WallActivity t2116}}}#0]

11-10 00:46:53.554  4211  4211 D Telecom:SamsungPrebindingServiceImpl: onTopActivityChanged : ComponentInfo{com.wallapop/com.rewallapop.ui.wall.WallActivity}

11-10 00:46:53.667 25538 25792 I com.wallapop: The ClassLoaderContext is a special shared library.

11-10 00:46:53.792 25538 25538 W com.wallapop: Accessing hidden method Landroid/view/WindowManagerGlobal;->getInstance()Landroid/view/WindowManagerGlobal; (light greylist, reflection)

11-10 00:46:53.792 25538 25538 W com.wallapop: Accessing hidden field Landroid/view/WindowManagerGlobal;->mRoots:Ljava/util/ArrayList; (light greylist, reflection)

11-10 00:46:53.793 25538 25538 W com.wallapop: Accessing hidden field Landroid/view/ViewRootImpl;->mStopped:Z (light greylist, reflection)

11-10 00:46:53.983  4211  4227 D ApplicationPolicy: isStatusBarNotificationAllowedAsUser: packageName = com.wallapop,userId = 0

11-10 00:46:53.984  4211  4227 D ApplicationPolicy: isStatusBarNotificationAllowedAsUser: packageName = com.wallapop,userId = 0

11-10 00:46:53.995  4211  4311 D GamePkgDataHelper: notifyAppCreate(), pkgName: com.wallapop, sendRet: true

11-10 00:46:53.995  4211  4473 D GamePkgDataHelper: getGamePkgData(). com.wallapop

11-10 00:46:53.995  4211  4473 D GameManagerService: handleMessage(), MSG_APP_CREATE. ignore. pkgName: com.wallapop

11-10 00:46:53.997  4211  4311 D GameManagerService: noteResumeComponent(), resumeComponent: com.wallapop

11-10 00:46:53.997  4211  4311 D MARsPolicyManager: onPackageResumedFG pkgName = com.wallapop, userId = 0

11-10 00:46:53.997  4211  4473 D GameManagerService: handleForegroundChange(). pkgName: com.wallapop, clsName: com.rewallapop.ui.wall.WallActivity,FgActivityName:com.wallapop/com.rewallapop.ui.wall.WallActivity

11-10 00:46:53.998  4211  4211 D Telecom:SamsungPrebindingServiceImpl: onTopActivityChanged : ComponentInfo{com.wallapop/com.rewallapop.ui.wall.WallActivity}

11-10 00:46:54.001  4211  4311 I WindowManager: Cancelling animation restarting=true, leash=null, surface=Surface(name=AppWindowToken{72b602c token=Token{9a8fbdf ActivityRecord{17fba7e u0 com.wallapop/com.rewallapop.ui.main.MainActivity t2116}}})/@0x72648c, parent=Surface(name=Task=2116)/@0xb9fa7d5

11-10 00:46:54.001  4211  4311 I WindowManager: Reparenting to leash, surface=Surface(name=AppWindowToken{72b602c token=Token{9a8fbdf ActivityRecord{17fba7e u0 com.wallapop/com.rewallapop.ui.main.MainActivity t2116}}})/@0x72648c

11-10 00:46:54.002  3727  3727 I SurfaceFlinger: id=23557 createSurf (4440x4440),2 flag=4, Surface(name=AppWindowToken{72b602c token=Token{9a8fbdf ActivityRecord{17fba7e u0 com.wallapop/com.rewallapop.ui.main.MainActivity t2116}}})/@0x72648c - animation-leash#0

11-10 00:46:54.004  4211  4311 D WindowManager: makeSurface duration=2 leash=Surface(name=Surface(name=AppWindowToken{72b602c token=Token{9a8fbdf ActivityRecord{17fba7e u0 com.wallapop/com.rewallapop.ui.main.MainActivity t2116}}})/@0x72648c - animation-leash)/@0xe18ce5b

11-10 00:46:54.004  4211  4311 D SurfaceControl: reparent is called, sc=Surface(name=AppWindowToken{72b602c token=Token{9a8fbdf ActivityRecord{17fba7e u0 com.wallapop/com.rewallapop.ui.main.MainActivity t2116}}})/@0x72648c, newParentHandle=android.os.BinderProxy@4d1c6f8, transaction=android.view.SurfaceControl$Transaction@1273d78

11-10 00:46:54.007  3727  3964 D Layer   : [AppWindowToken{72b602c token=Token{9a8fbdf ActivityRecord{17fba7e u0 com.wallapop/com.rewallapop.ui.main.MainActivity t2116}}}#0]::reparent oldParent:[Task=2116#0], newParent:[Surface(name=AppWindowToken{72b602c token=Token{9a8fbdf ActivityRecord{17fba7e u0 com.wallapop/com.rewallapop.ui.main.MainActivity t2116}}})/@0x72648c - animation-leash#0]

11-10 00:46:54.069  8649  8665 I Finsky  : [8044] fxs.d(3): com.wallapop: Account determined from installer data - [rJj4Md76H4LxoN-B4dnoZM7XaXDDBcXGlC-caOCi6Uc]

11-10 00:46:54.070  8649  8665 I Finsky  : [8044] fxs.d(14): com.wallapop: Account from preferred account - [rJj4Md76H4LxoN-B4dnoZM7XaXDDBcXGlC-caOCi6Uc]

11-10 00:46:54.088 25538 25549 I com.wallapop: Background concurrent copying GC freed 84976(6MB) AllocSpace objects, 36(1392KB) LOS objects, 50% free, 17MB/35MB, paused 286us total 369.052ms

11-10 00:46:54.093  8649  8665 I Finsky  : [8044] fxs.d(3): com.wallapop: Account determined from installer data - [rJj4Md76H4LxoN-B4dnoZM7XaXDDBcXGlC-caOCi6Uc]

11-10 00:46:54.094  8649  8665 I Finsky  : [8044] fxs.d(14): com.wallapop: Account from preferred account - [rJj4Md76H4LxoN-B4dnoZM7XaXDDBcXGlC-caOCi6Uc]

11-10 00:46:54.099  8649  8665 I Finsky  : [8044] fxs.d(3): com.wallapop: Account determined from installer data - [rJj4Md76H4LxoN-B4dnoZM7XaXDDBcXGlC-caOCi6Uc]

11-10 00:46:54.099  8649  8665 I Finsky  : [8044] fxs.d(14): com.wallapop: Account from preferred account - [rJj4Md76H4LxoN-B4dnoZM7XaXDDBcXGlC-caOCi6Uc]

11-10 00:46:54.104 23911 23911 D Notification.Badge: [valid] onNotificationPosted : StatusBarNotification(pkg=com.wallapop user=UserHandle{0} id=999 tag=null key=0|com.wallapop|999|null|10311: Notification(channel=wallapop_channel pri=-2 contentView=null vibrate=null sound=null defaults=0x0 flags=0x62 color=0x00000000 vis=PRIVATE semFlags=0x0 semPriority=0 semMissedCount=0))

11-10 00:46:54.104 23911 23911 D Notification.Badge: notificationKey : 0|com.wallapop|999|null|10311, count : 0, this.count : 1

11-10 00:46:54.105 23911 23978 D Notification.Badge: LauncherModel:onNotificationPosted() : com.wallapop, count : [0], shouldBeFilteredOut : [false]

11-10 00:46:54.105 23911 23978 D Notification.Badge: notificationKey : 0|com.wallapop|999|null|10311, count : 1, mTotalCount : 1

11-10 00:46:54.109 23911 23978 D Notification.Badge: updateLauncherIconBadges() item : [IconInfo(title=_Wallapop_ intent=Intent { act=android.intent.action.MAIN cat=[android.intent.category.LAUNCHER] flg=0x10200000 cmp=com.wallapop/.activities.HomeActivity (has extras) } id=160 type=0 container=-102 screen=1 cellX=3 cellY=0 spanX=1 spanY=1 rank=3 hidden=0 dropPos=null user=UserHandle{0} screenType=0)], mShowBadge : [true], item.mBadgeCount : [1]

11-10 00:46:54.112  8649  8665 I Finsky  : [8044] fxs.d(3): com.wallapop: Account determined from installer data - [rJj4Md76H4LxoN-B4dnoZM7XaXDDBcXGlC-caOCi6Uc]

11-10 00:46:54.113 23911 23911 D RecommendedView: updateBadgeItems: [IconInfo(title=_Wallapop_ intent=Intent { act=android.intent.action.MAIN cat=[android.intent.category.LAUNCHER] flg=0x10200000 cmp=com.wallapop/.activities.HomeActivity (has extras) } id=160 type=0 container=-102 screen=1 cellX=3 cellY=0 spanX=1 spanY=1 rank=3 hidden=0 dropPos=null user=UserHandle{0} screenType=0)]

11-10 00:46:54.113  8649  8665 I Finsky  : [8044] fxs.d(14): com.wallapop: Account from preferred account - [rJj4Md76H4LxoN-B4dnoZM7XaXDDBcXGlC-caOCi6Uc]

11-10 00:46:54.159 25538 25611 W com.wallapop: Accessing hidden method Ldalvik/system/VMRuntime;->getRuntime()Ldalvik/system/VMRuntime; (light greylist, reflection)

11-10 00:46:54.160 25538 25611 W com.wallapop: Accessing hidden method Ldalvik/system/VMRuntime;->vmInstructionSet()Ljava/lang/String; (light greylist, reflection)

11-10 00:46:54.294  4211  4310 I WindowManager: reset, Reparenting to original parent, shouldDeferScheduleAnimation=false, destroyLeash=true, surface=Surface(name=AppWindowToken{72b602c token=Token{9a8fbdf ActivityRecord{17fba7e u0 com.wallapop/com.rewallapop.ui.main.MainActivity t2116}}})/@0x72648c, parent=Surface(name=Task=2116)/@0xb9fa7d5, parentNativeHandle=android.os.BinderProxy@24eb924, caller=com.android.server.wm.SurfaceAnimator.lambda$getFinishedCallback$0:97 com.android.server.wm.-$$Lambda$SurfaceAnimator$SIBia0mND666K8lMCPsoid8pUTI.run:4 com.android.server.wm.SurfaceAnimator.lambda$getFinishedCallback$1:104 com.android.server.wm.-$$Lambda$SurfaceAnimator$vdRZk66hQVbQCvVXEaQCT1kVmFc.onAnimationFinished:4 com.android.server.wm.LocalAnimationAdapter.lambda$startAnimation$0:74

11-10 00:46:54.294  4211  4310 D SurfaceControl: reparent is called, sc=Surface(name=AppWindowToken{72b602c token=Token{9a8fbdf ActivityRecord{17fba7e u0 com.wallapop/com.rewallapop.ui.main.MainActivity t2116}}})/@0x72648c, newParentHandle=android.os.BinderProxy@24eb924, transaction=android.view.SurfaceControl$Transaction@1273d78

11-10 00:46:54.295  4211  4310 D SurfaceControl: destroy(transaction), animation-leash is destroyed, sc=Surface(name=Surface(name=AppWindowToken{72b602c token=Token{9a8fbdf ActivityRecord{17fba7e u0 com.wallapop/com.rewallapop.ui.main.MainActivity t2116}}})/@0x72648c - animation-leash)/@0xe18ce5b, transaction=android.view.SurfaceControl$Transaction@1273d78, caller=com.android.server.wm.SurfaceAnimator.reset:338 com.android.server.wm.SurfaceAnimator.lambda$getFinishedCallback$0:97 com.android.server.wm.-$$Lambda$SurfaceAnimator$SIBia0mND666K8lMCPsoid8pUTI.run:4 com.android.server.wm.SurfaceAnimator.lambda$getFinishedCallback$1:104 com.android.server.wm.-$$Lambda$SurfaceAnimator$vdRZk66hQVbQCvVXEaQCT1kVmFc.onAnimationFinished:4 com.android.server.wm.LocalAnimationAdapter.lambda$startAnimation$0:74 com.android.server.wm.-$$Lambda$LocalAnimationAdapter$X--EomqUvw4qy89IeeTFTH7aCMo.run:4

11-10 00:46:54.310  3727  5001 D Layer   : [AppWindowToken{72b602c token=Token{9a8fbdf ActivityRecord{17fba7e u0 com.wallapop/com.rewallapop.ui.main.MainActivity t2116}}}#0]::reparent oldParent:[Surface(name=AppWindowToken{72b602c token=Token{9a8fbdf ActivityRecord{17fba7e u0 com.wallapop/com.rewallapop.ui.main.MainActivity t2116}}})/@0x72648c - animation-leash#0], newParent:[Task=2116#0]

11-10 00:46:54.310  3727  5001 I SurfaceFlinger: id=23557 Removed Surface(name=AppWindowToken{72b602c token=Token{9a8fbdf ActivityRecord{17fba7e u0 com.wallapop/com.rewallapop.ui.main.MainActivity t2116}}})/@0x72648c - animation-leash#0 (0/53)

11-10 00:46:54.328  3727  3727 I Layer   : id=23557 onRemoved Surface(name=AppWindowToken{72b602c token=Token{9a8fbdf ActivityRecord{17fba7e u0 com.wallapop/com.rewallapop.ui.main.MainActivity t2116}}})/@0x72648c - animation-leash#0

11-10 00:46:54.425  4211  7552 D SamsungAlarmManager: Cancel Alarm calling from uid:10311 pid :25538 / op:PendingIntent{74d020e: PendingIntentRecord{929f80f com.wallapop broadcastIntent}}

11-10 00:46:54.725 25538 25538 W com.wallapop: Accessing hidden method Landroid/widget/TextView;->getTextDirectionHeuristic()Landroid/text/TextDirectionHeuristic; (light greylist, linking)

11-10 00:46:54.743 25538 25538 W com.wallapop: Accessing hidden method Landroid/graphics/FontFamily;-><init>()V (light greylist, reflection)

11-10 00:46:54.743 25538 25538 W com.wallapop: Accessing hidden method Landroid/graphics/FontFamily;->addFontFromAssetManager(Landroid/content/res/AssetManager;Ljava/lang/String;IZIII[Landroid/graphics/fonts/FontVariationAxis;)Z (light greylist, reflection)

11-10 00:46:54.744 25538 25538 W com.wallapop: Accessing hidden method Landroid/graphics/FontFamily;->addFontFromBuffer(Ljava/nio/ByteBuffer;I[Landroid/graphics/fonts/FontVariationAxis;II)Z (light greylist, reflection)

11-10 00:46:54.744 25538 25538 W com.wallapop: Accessing hidden method Landroid/graphics/FontFamily;->freeze()Z (light greylist, reflection)

11-10 00:46:54.744 25538 25538 W com.wallapop: Accessing hidden method Landroid/graphics/FontFamily;->abortCreation()V (light greylist, reflection)

11-10 00:46:54.744 25538 25538 W com.wallapop: Accessing hidden method Landroid/graphics/Typeface;->createFromFamiliesWithDefault([Landroid/graphics/FontFamily;Ljava/lang/String;II)Landroid/graphics/Typeface; (light greylist, reflection)

11-10 00:46:54.862 25538 25837 I com.wallapop: The ClassLoaderContext is a special shared library.

11-10 00:46:55.335 25538 25549 I com.wallapop: Background concurrent copying GC freed 196568(14MB) AllocSpace objects, 78(5MB) LOS objects, 42% free, 32MB/56MB, paused 362us total 136.387ms

11-10 00:46:55.534  4211  5239 D ActivityManagerPerformance: Received MSG_DISABLE_ACT_START, r: ActivityRecord{fcde6b0 u0 com.wallapop/com.rewallapop.ui.wall.WallActivity t2116}

11-10 00:46:55.695 25538 25543 I com.wallapop: Compiler allocated 4MB to compile void android.widget.TextView.<init>(android.content.Context, android.util.AttributeSet, int, int)

11-10 00:46:55.823  3727  3727 I SurfaceFlinger: id=23558 createSurf (4440x4440),2 flag=4, 1b7a69c com.wallapop/com.rewallapop.ui.wall.WallActivity#0

11-10 00:46:55.865  8649 17754 I Finsky  : [8154] fxs.d(3): com.wallapop: Account determined from installer data - [rJj4Md76H4LxoN-B4dnoZM7XaXDDBcXGlC-caOCi6Uc]

11-10 00:46:55.865  8649 17754 I Finsky  : [8154] fxs.d(14): com.wallapop: Account from preferred account - [rJj4Md76H4LxoN-B4dnoZM7XaXDDBcXGlC-caOCi6Uc]

11-10 00:46:56.075  8649 17754 I Finsky  : [8154] fxs.d(3): com.wallapop: Account determined from installer data - [rJj4Md76H4LxoN-B4dnoZM7XaXDDBcXGlC-caOCi6Uc]

11-10 00:46:56.076  8649 17754 I Finsky  : [8154] fxs.d(14): com.wallapop: Account from preferred account - [rJj4Md76H4LxoN-B4dnoZM7XaXDDBcXGlC-caOCi6Uc]

11-10 00:46:56.138  8649 17754 I Finsky  : [8154] fxs.d(3): com.wallapop: Account determined from installer data - [rJj4Md76H4LxoN-B4dnoZM7XaXDDBcXGlC-caOCi6Uc]

11-10 00:46:56.139  8649 17754 I Finsky  : [8154] fxs.d(14): com.wallapop: Account from preferred account - [rJj4Md76H4LxoN-B4dnoZM7XaXDDBcXGlC-caOCi6Uc]

11-10 00:46:56.210  8649 17754 I Finsky  : [8154] fxs.d(3): com.wallapop: Account determined from installer data - [rJj4Md76H4LxoN-B4dnoZM7XaXDDBcXGlC-caOCi6Uc]

11-10 00:46:56.211  8649 17754 I Finsky  : [8154] fxs.d(14): com.wallapop: Account from preferred account - [rJj4Md76H4LxoN-B4dnoZM7XaXDDBcXGlC-caOCi6Uc]

11-10 00:46:56.467  4211  5514 V WindowManager: Relayout Window{1b7a69c u0 com.wallapop/com.rewallapop.ui.wall.WallActivity}: viewVisibility=0 req=1080x2220 {(0,0)(fillxfill) sim={adjust=resize forwardNavigation} ty=BASE_APPLICATION wanim=0x10302fe

11-10 00:46:56.473  3727  3727 I SurfaceFlinger: id=23559 createSurf (1080x2220),1 flag=404, com.wallapop/com.rewallapop.ui.wall.WallActivity[25538]#0

11-10 00:46:56.475  4211  5514 D WindowManager: makeSurface duration=4 name=com.wallapop/com.rewallapop.ui.wall.WallActivity[25538]

11-10 00:46:56.476  4211  5514 V WindowManager: Changing focus from null to Window{1b7a69c u0 com.wallapop/com.rewallapop.ui.wall.WallActivity} Callers=com.android.server.wm.WindowManagerService.relayoutWindow:2526 com.android.server.wm.Session.relayoutForTranslate:302 android.view.IWindowSession$Stub.onTransact:518 com.android.server.wm.Session.onTransact:186

11-10 00:46:56.477  4211  4228 D WindowManager: setSystemUiVisibility: vis= 0xa518, fullscreenVis= 0x2000, dockedVis= 0x0, win=Window{1b7a69c u0 com.wallapop/com.rewallapop.ui.wall.WallActivity}

11-10 00:46:56.484  4211  4242 D WindowManager: reportFocusChangedSerialized, focused=true, inTouchMode=true, win=Window{1b7a69c u0 com.wallapop/com.rewallapop.ui.wall.WallActivity}

11-10 00:46:56.615  8649 17754 I Finsky  : [8154] fxs.d(3): com.wallapop: Account determined from installer data - [rJj4Md76H4LxoN-B4dnoZM7XaXDDBcXGlC-caOCi6Uc]

11-10 00:46:56.616  8649 17754 I Finsky  : [8154] fxs.d(14): com.wallapop: Account from preferred account - [rJj4Md76H4LxoN-B4dnoZM7XaXDDBcXGlC-caOCi6Uc]

11-10 00:46:56.791  4211  5514 D WindowManager: finishDrawingWindow: Window{1b7a69c u0 com.wallapop/com.rewallapop.ui.wall.WallActivity} mDrawState=DRAW_PENDING

11-10 00:46:56.793  4211  4310 I WindowManager: commitFinishDrawingLocked: mDrawState=READY_TO_SHOW Surface(name=com.wallapop/com.rewallapop.ui.wall.WallActivity[25538])/@0x621e593

11-10 00:46:56.794  4211  4310 V WindowManager: Resize reasons for w=Window{1b7a69c u0 com.wallapop/com.rewallapop.ui.wall.WallActivity}:  contentInsetsChanged=false [0,63][0,126] visibleInsetsChanged=false [0,63][0,126] stableInsetsChanged=false [0,63][0,126] outsetsChanged=false [0,0][0,0] surfaceResized=false configChanged=false dragResizingChanged=false reportOrientationChanged=false displayCutoutChanged=false nextForceRelayoutToClient=false

11-10 00:46:56.806  4211  4310 I WindowManager: commitFinishDrawingLocked: mDrawState=READY_TO_SHOW Surface(name=com.wallapop/com.rewallapop.ui.wall.WallActivity[25538])/@0x621e593

11-10 00:46:56.806  4211  4310 I WindowManager: Cancelling animation restarting=false, leash=null, surface=Surface(name=1b7a69c com.wallapop/com.rewallapop.ui.wall.WallActivity)/@0x313b9d0, parent=Surface(name=AppWindowToken{77594ae token=Token{3150929 ActivityRecord{fcde6b0 u0 com.wallapop/com.rewallapop.ui.wall.WallActivity t2116}}})/@0x8e3adc9

11-10 00:46:56.807  4211  4310 V WindowManager: performShowLocked: mDrawState=HAS_DRAWN in Window{1b7a69c u0 com.wallapop/com.rewallapop.ui.wall.WallActivity}

11-10 00:46:56.835  4211  4242 I ActivityManager: Displayed com.wallapop/com.rewallapop.ui.wall.WallActivity: +2s814ms (total +11s691ms)

11-10 00:46:56.836  4211  4310 V WindowManager: Remove Window{3e14da9 u0 Splash Screen com.wallapop}: mSurfaceController=Surface(name=Splash Screen com.wallapop)/@0x1e414eb mAnimatingExit=false mRemoveOnExit=false mHasSurface=true surfaceShowing=true isAnimationSet=false app-animation=false mWillReplaceWindow=false inPendingTransaction=false mDisplayFrozen=false callers=com.android.server.wm.WindowState.removeIfPossible:2764 com.android.server.wm.WindowManagerService.removeWindow:1943 com.android.server.wm.Session.remove:268 android.view.ViewRootImpl.dispatchDetachedFromWindow:4565 android.view.ViewRootImpl.doDie:7996 android.view.ViewRootImpl$ViewRootHandler.handleMessage:4987

11-10 00:46:56.837  4211  4310 I WindowManager: Cancelling animation restarting=true, leash=null, surface=Surface(name=3e14da9 Splash Screen com.wallapop)/@0xcf1824f, parent=Surface(name=AppWindowToken{77594ae token=Token{3150929 ActivityRecord{fcde6b0 u0 com.wallapop/com.rewallapop.ui.wall.WallActivity t2116}}})/@0x8e3adc9

11-10 00:46:56.837  4211  4310 I WindowManager: Reparenting to leash, surface=Surface(name=3e14da9 Splash Screen com.wallapop)/@0xcf1824f

11-10 00:46:56.843  3727  3727 I SurfaceFlinger:      Device | 0x70dda217c0 | 0002 | RGBA_8888 |   0.0    0.0 1080.0 2220.0 |    0    0 1080 2220 | com.wallapop/com.rewallapop.ui.wall.WallActivity[25538]#0

11-10 00:46:56.843  3727  3727 I SurfaceFlinger:      Device | 0x70dda20bc0 | 0000 | RGBA_8888 |   0.0    0.0 1080.0 2220.0 |    0    0 1080 2220 | Splash Screen com.wallapop#0

11-10 00:46:56.844  3727  3727 I SurfaceFlinger: id=23560 createSurf (4440x4440),2 flag=4, Surface(name=3e14da9 Splash Screen com.wallapop)/@0xcf1824f - animation-leash#0

11-10 00:46:56.847  4211  4310 D WindowManager: makeSurface duration=10 leash=Surface(name=Surface(name=3e14da9 Splash Screen com.wallapop)/@0xcf1824f - animation-leash)/@0xafb47ef

11-10 00:46:56.847  4211  4310 D SurfaceControl: reparent is called, sc=Surface(name=3e14da9 Splash Screen com.wallapop)/@0xcf1824f, newParentHandle=android.os.BinderProxy@ec2a2fc, transaction=android.view.SurfaceControl$Transaction@f4c0ee5

11-10 00:46:56.852  3727  5001 D Layer   : [3e14da9 Splash Screen com.wallapop#0]::reparent oldParent:[AppWindowToken{77594ae token=Token{3150929 ActivityRecord{fcde6b0 u0 com.wallapop/com.rewallapop.ui.wall.WallActivity t2116}}}#0], newParent:[Surface(name=3e14da9 Splash Screen com.wallapop)/@0xcf1824f - animation-leash#0]

11-10 00:46:57.005 25538 25538 V InputMethodManager: Starting input: tba=com.wallapop ic=null mNaviBarColor -1 mIsGetNaviBarColorSuccess true , NavVisible : true , NavTrans : false

11-10 00:46:57.008  4211  4808 V InputMethodManagerService: windowGainedFocus : reason=WINDOW_FOCUS_GAIN client=android.os.BinderProxy@ea69f6e inputContext=null missingMethods= attribute=android.view.inputmethod.EditorInfo@b369b39 nm = com.wallapop controlFlags=#104 softInputMode=#110 windowFlags=#81810100

11-10 00:46:57.012  4211  4310 I WindowManager: reset, Reparenting to original parent, shouldDeferScheduleAnimation=false, destroyLeash=true, surface=Surface(name=3e14da9 Splash Screen com.wallapop)/@0xcf1824f, parent=Surface(name=AppWindowToken{77594ae token=Token{3150929 ActivityRecord{fcde6b0 u0 com.wallapop/com.rewallapop.ui.wall.WallActivity t2116}}})/@0x8e3adc9, parentNativeHandle=android.os.BinderProxy@a2bddc, caller=com.android.server.wm.SurfaceAnimator.lambda$getFinishedCallback$0:97 com.android.server.wm.-$$Lambda$SurfaceAnimator$SIBia0mND666K8lMCPsoid8pUTI.run:4 com.android.server.wm.SurfaceAnimator.lambda$getFinishedCallback$1:104 com.android.server.wm.-$$Lambda$SurfaceAnimator$vdRZk66hQVbQCvVXEaQCT1kVmFc.onAnimationFinished:4 com.android.server.wm.LocalAnimationAdapter.lambda$startAnimation$0:74

11-10 00:46:57.012  4211  4310 D SurfaceControl: reparent is called, sc=Surface(name=3e14da9 Splash Screen com.wallapop)/@0xcf1824f, newParentHandle=android.os.BinderProxy@a2bddc, transaction=android.view.SurfaceControl$Transaction@f4c0ee5

11-10 00:46:57.013  4211  4310 D SurfaceControl: destroy(transaction), animation-leash is destroyed, sc=Surface(name=Surface(name=3e14da9 Splash Screen com.wallapop)/@0xcf1824f - animation-leash)/@0xafb47ef, transaction=android.view.SurfaceControl$Transaction@f4c0ee5, caller=com.android.server.wm.SurfaceAnimator.reset:338 com.android.server.wm.SurfaceAnimator.lambda$getFinishedCallback$0:97 com.android.server.wm.-$$Lambda$SurfaceAnimator$SIBia0mND666K8lMCPsoid8pUTI.run:4 com.android.server.wm.SurfaceAnimator.lambda$getFinishedCallback$1:104 com.android.server.wm.-$$Lambda$SurfaceAnimator$vdRZk66hQVbQCvVXEaQCT1kVmFc.onAnimationFinished:4 com.android.server.wm.LocalAnimationAdapter.lambda$startAnimation$0:74 com.android.server.wm.-$$Lambda$LocalAnimationAdapter$X--EomqUvw4qy89IeeTFTH7aCMo.run:4

11-10 00:46:57.014  4211  4310 E WindowManager: win=Window{3e14da9 u0 Splash Screen com.wallapop EXITING} destroySurfaces: appStopped=false win.mWindowRemovalAllowed=true win.mRemoveOnExit=true win.mViewVisibility=0 caller=com.android.server.wm.AppWindowToken.destroySurfaces:870 com.android.server.wm.AppWindowToken.destroySurfaces:851 com.android.server.wm.WindowState.onExitAnimationDone:5436 com.android.server.wm.WindowStateAnimator.onAnimationFinished:319 com.android.server.wm.WindowState.onAnimationFinished:5858 com.android.server.wm.-$$Lambda$yVRF8YoeNdTa8GR1wDStVsHu8xM.run:2 com.android.server.wm.SurfaceAnimator.lambda$getFinishedCallback$0:100

11-10 00:46:57.016  4211  4310 I WindowManager: Destroying surface Surface(name=Splash Screen com.wallapop)/@0x1e414eb called by com.android.server.wm.WindowStateAnimator.destroySurface:1901 com.android.server.wm.WindowStateAnimator.destroySurfaceLocked:838 com.android.server.wm.WindowState.destroySurfaceUnchecked:3839 com.android.server.wm.WindowState.destroySurface:3820 com.android.server.wm.AppWindowToken.destroySurfaces:870 com.android.server.wm.AppWindowToken.destroySurfaces:851 com.android.server.wm.WindowState.onExitAnimationDone:5436 com.android.server.wm.WindowStateAnimator.onAnimationFinished:319

11-10 00:46:57.017  3727  3964 I SurfaceFlinger: id=23553 Removed Splash Screen com.wallapop#0 (0/55)

11-10 00:46:57.027  3727  5001 W SurfaceFlinger: Attempting to set client state on removed layer: Splash Screen com.wallapop#0 [s.what : 40]

11-10 00:46:57.027  3727  5001 D Layer   : [3e14da9 Splash Screen com.wallapop#0]::reparent oldParent:[Surface(name=3e14da9 Splash Screen com.wallapop)/@0xcf1824f - animation-leash#0], newParent:[AppWindowToken{77594ae token=Token{3150929 ActivityRecord{fcde6b0 u0 com.wallapop/com.rewallapop.ui.wall.WallActivity t2116}}}#0]

11-10 00:46:57.027  3727  5001 W SurfaceFlinger: Attempting to destroy on removed layer: Splash Screen com.wallapop#0

11-10 00:46:57.027  3727  5001 I SurfaceFlinger: id=23560 Removed Surface(name=3e14da9 Splash Screen com.wallapop)/@0xcf1824f - animation-leash#0 (2/54)

11-10 00:46:57.027  3727  5001 I SurfaceFlinger: id=23552 Removed 3e14da9 Splash Screen com.wallapop#0 (1/53)

11-10 00:46:57.028  3727  3727 I Layer   : id=23552 onRemoved 3e14da9 Splash Screen com.wallapop#0

11-10 00:46:57.028  3727  3727 I Layer   : id=23560 onRemoved Surface(name=3e14da9 Splash Screen com.wallapop)/@0xcf1824f - animation-leash#0

11-10 00:46:57.028  3727  3727 I Layer   : id=23553 onRemoved Splash Screen com.wallapop#0

11-10 00:46:57.034  3727  3727 I SurfaceFlinger:      Device | 0x70dda217c0 | 0002 | RGBA_8888 |   0.0    0.0 1080.0 2220.0 |    0    0 1080 2220 | com.wallapop/com.rewallapop.ui.wall.WallActivity[25538]#0

11-10 00:46:57.118 25538 25538 V InputMethodManager: Starting input: tba=com.wallapop ic=null mNaviBarColor -1 mIsGetNaviBarColorSuccess true , NavVisible : true , NavTrans : false

11-10 00:46:57.228  8649  8665 I Finsky  : [8044] fxs.d(3): com.wallapop: Account determined from installer data - [rJj4Md76H4LxoN-B4dnoZM7XaXDDBcXGlC-caOCi6Uc]

11-10 00:46:57.229  8649  8665 I Finsky  : [8044] fxs.d(14): com.wallapop: Account from preferred account - [rJj4Md76H4LxoN-B4dnoZM7XaXDDBcXGlC-caOCi6Uc]

11-10 00:46:57.231  4622  4682 E RequestManager_FLP: [FusedLocationApi] Location request e6e458c(Listener) PRIORITY_BALANCED_POWER_ACCURACY interval=300000 from com.wallapop

11-10 00:46:57.292  8649  8665 I Finsky  : [8044] fxs.d(3): com.wallapop: Account determined from installer data - [rJj4Md76H4LxoN-B4dnoZM7XaXDDBcXGlC-caOCi6Uc]

11-10 00:46:57.293  8649  8665 I Finsky  : [8044] fxs.d(14): com.wallapop: Account from preferred account - [rJj4Md76H4LxoN-B4dnoZM7XaXDDBcXGlC-caOCi6Uc]

11-10 00:46:57.343  4211  4808 I WindowManager: Cancelling animation restarting=false, leash=null, surface=Surface(name=AppWindowToken{72b602c token=Token{9a8fbdf ActivityRecord{17fba7e u0 com.wallapop/com.rewallapop.ui.main.MainActivity t2116}}})/@0x72648c, parent=Surface(name=Task=2116)/@0xb9fa7d5

11-10 00:46:57.346  4211  4228 D CodecSolution: isMaxAspectPackageEx: com.wallapop : true(2)

11-10 00:46:57.347  3727  5001 I SurfaceFlinger: id=23551 Removed AppWindowToken{72b602c token=Token{9a8fbdf ActivityRecord{17fba7e u0 com.wallapop/com.rewallapop.ui.main.MainActivity t2116}}}#0 (0/52)

11-10 00:46:57.362  3727  3727 I Layer   : id=23551 onRemoved AppWindowToken{72b602c token=Token{9a8fbdf ActivityRecord{17fba7e u0 com.wallapop/com.rewallapop.ui.main.MainActivity t2116}}}#0

11-10 00:46:57.365  4211  4390 D WifiTrafficPoller: TrafficStats TxPkts=753632 RxPkts=1345317 TxBytes=171729468 RxBytes=1281367461 , Foreground uid=10311 pkgName=com.wallapop TxPackets=56233 RxPackets=64938 TxBytes=8257787 RxBytes=66194011

11-10 00:46:57.489  4211  4669 D MdnieScenarioControlService:  packageName : com.wallapop    className : com.rewallapop.ui.wall.WallActivity

11-10 00:46:57.637 25538 25538 W com.wallapop: Accessing hidden field Landroid/view/View;->mAccessibilityDelegate:Landroid/view/View$AccessibilityDelegate; (light greylist, reflection)

11-10 00:46:58.522 25538 25538 W View    : requestLayout() improperly called by com.wallapop.design.view.WallapopTextView{1126799 V.ED..... ......ID 47,26-47,86 #7f0a0904 app:id/wp__home__tv_bubble} during layout: running second layout pass

11-10 00:46:59.496 25538 25549 I com.wallapop: Background concurrent copying GC freed 312450(21MB) AllocSpace objects, 113(15MB) LOS objects, 50% free, 20MB/40MB, paused 459us total 200.176ms

11-10 00:47:00.660  4211  4808 D WifiPermissionsUtil: canAccessScanResults: pkgName = com.wallapop, uid = 10311

11-10 00:47:01.216 25538 25721 D Amazon DTB Ads API: with query params:[?dt=android&app=app&dinfo=%7B%22os%22%3A%22Android%22%2C%22model%22%3A%22SM-A750FN%22%2C%22make%22%3A%22samsung%22%2C%22osVersion%22%3A%229%22%2C%22connectionType%22%3A%22Wifi%22%2C%22country%22%3A%22ES%22%2C%22scalingFactor%22%3A%222.625%22%2C%22carrier%22%3A%22JAZZTEL%22%2C%22language%22%3A%22es%22%2C%22screenSize%22%3A%221080x2094%22%2C%22orientation%22%3A%22portrait%22%7D&oo=0&aud=3p&idfa=bf505ce3-e614-4d9a-a4d7-9c324edc6560&appId=d2ba46e2d5ef4c9883051d9c8d0125d5&sdkVer=aps-android-7.4.3&ua=Dalvik%2F2.1.0%20%28Linux%3B%20U%3B%20Android%209%3B%20SM-A750FN%20Build%2FPPR1.180610.011%29&pkg=%7B%22lbl%22%3A%22_Wallapop_%22%2C%22pn%22%3A%22com.wallapop%22%2C%22v%22%3A%221850000%22%2C%22vn%22%3A%221.85.0-d1910251130%22%7D]

11-10 00:47:01.425  4211  4390 D WifiTrafficPoller: TrafficStats TxPkts=753914 RxPkts=1345599 TxBytes=171805074 RxBytes=1281584060 , Foreground uid=10311 pkgName=com.wallapop TxPackets=56402 RxPackets=65105 TxBytes=8294588 RxBytes=66321605

11-10 00:47:01.813 25538 25721 D Amazon DTB Ads API: Error while connecting to remote server: https://s.amazon-adsystem.com/api3/generate_did?dt=android&app=app&dinfo=%7B%22os%22%3A%22Android%22%2C%22model%22%3A%22SM-A750FN%22%2C%22make%22%3A%22samsung%22%2C%22osVersion%22%3A%229%22%2C%22connectionType%22%3A%22Wifi%22%2C%22country%22%3A%22ES%22%2C%22scalingFactor%22%3A%222.625%22%2C%22carrier%22%3A%22JAZZTEL%22%2C%22language%22%3A%22es%22%2C%22screenSize%22%3A%221080x2094%22%2C%22orientation%22%3A%22portrait%22%7D&oo=0&aud=3p&idfa=bf505ce3-e614-4d9a-a4d7-9c324edc6560&appId=d2ba46e2d5ef4c9883051d9c8d0125d5&sdkVer=aps-android-7.4.3&ua=Dalvik%2F2.1.0%20%28Linux%3B%20U%3B%20Android%209%3B%20SM-A750FN%20Build%2FPPR1.180610.011%29&pkg=%7B%22lbl%22%3A%22_Wallapop_%22%2C%22pn%22%3A%22com.wallapop%22%2C%22v%22%3A%221850000%22%2C%22vn%22%3A%221.85.0-d1910251130%22%7D with error:Chain validation failed

11-10 00:47:01.815 25538 25721 E Amazon DTB Ads API: 	at com.wallapop.thirdparty.ads.b.a.a(SourceFile:43)

11-10 00:47:01.815 25538 25721 E Amazon DTB Ads API: 	at com.wallapop.thirdparty.ads.b.a$b$1.invokeSuspend(SourceFile:34)

11-10 00:47:01.815 25538 25721 E Amazon DTB Ads API: 	at com.wallapop.thirdparty.ads.b.a$b$1.invoke(Unknown Source:10)

11-10 00:47:01.815 25538 25721 E Amazon DTB Ads API: 	at com.wallapop.thirdparty.ads.b.a$b.invokeSuspend(SourceFile:33)

11-10 00:47:01.917 25538 26068 D Amazon DTB Ads API: with query params:[?dt=android&app=app&dinfo=%7B%22os%22%3A%22Android%22%2C%22model%22%3A%22SM-A750FN%22%2C%22make%22%3A%22samsung%22%2C%22osVersion%22%3A%229%22%2C%22connectionType%22%3A%22Wifi%22%2C%22country%22%3A%22ES%22%2C%22scalingFactor%22%3A%222.625%22%2C%22carrier%22%3A%22JAZZTEL%22%2C%22language%22%3A%22es%22%2C%22screenSize%22%3A%221080x2094%22%2C%22orientation%22%3A%22portrait%22%7D&oo=0&aud=3p&idfa=bf505ce3-e614-4d9a-a4d7-9c324edc6560&appId=d2ba46e2d5ef4c9883051d9c8d0125d5&sdkVer=aps-android-7.4.3&ua=Dalvik%2F2.1.0%20%28Linux%3B%20U%3B%20Android%209%3B%20SM-A750FN%20Build%2FPPR1.180610.011%29&pkg=%7B%22lbl%22%3A%22_Wallapop_%22%2C%22pn%22%3A%22com.wallapop%22%2C%22v%22%3A%221850000%22%2C%22vn%22%3A%221.85.0-d1910251130%22%7D]

11-10 00:47:02.359 25538 26068 D Amazon DTB Ads API: Error while connecting to remote server: https://s.amazon-adsystem.com/api3/generate_did?dt=android&app=app&dinfo=%7B%22os%22%3A%22Android%22%2C%22model%22%3A%22SM-A750FN%22%2C%22make%22%3A%22samsung%22%2C%22osVersion%22%3A%229%22%2C%22connectionType%22%3A%22Wifi%22%2C%22country%22%3A%22ES%22%2C%22scalingFactor%22%3A%222.625%22%2C%22carrier%22%3A%22JAZZTEL%22%2C%22language%22%3A%22es%22%2C%22screenSize%22%3A%221080x2094%22%2C%22orientation%22%3A%22portrait%22%7D&oo=0&aud=3p&idfa=bf505ce3-e614-4d9a-a4d7-9c324edc6560&appId=d2ba46e2d5ef4c9883051d9c8d0125d5&sdkVer=aps-android-7.4.3&ua=Dalvik%2F2.1.0%20%28Linux%3B%20U%3B%20Android%209%3B%20SM-A750FN%20Build%2FPPR1.180610.011%29&pkg=%7B%22lbl%22%3A%22_Wallapop_%22%2C%22pn%22%3A%22com.wallapop%22%2C%22v%22%3A%221850000%22%2C%22vn%22%3A%221.85.0-d1910251130%22%7D with error:Chain validation failed

11-10 00:47:02.395 25538 26068 D Amazon DTB Ads API: with json params:[{"oo":"false","dinfo":{"os":"Android","model":"SM-A750FN","make":"samsung","osVersion":"9","connectionType":"Wifi","country":"ES","scalingFactor":"2.625","carrier":"JAZZTEL","language":"es","screenSize":"1080x2094","orientation":"portrait"},"adsdk":"aps-android-7.4.3","slots":[{"sz":"320x50","slot":"f414d83c-ab9f-4e02-9c59-5137663ee6c7","slotId":1,"supportedMediaTypes":["DISPLAY"]}],"mraid":["1.0","2.0","3.0"],"appId":"d2ba46e2d5ef4c9883051d9c8d0125d5","idfa":"bf505ce3-e614-4d9a-a4d7-9c324edc6560","geoloc":"41.4479223,2.2381893,19.744","isDTBMobile":"true","ua":"Dalvik\/2.1.0 (Linux; U; Android 9; SM-A750FN Build\/PPR1.180610.011)","pkg":{"lbl":"_Wallapop_","pn":"com.wallapop","v":"1850000","vn":"1.85.0-d1910251130"},"gdpr":{"e":"1","c":"BOR0xKKOR0xKKABABAENBZ-AAAAfZ7_______9______9uz_Gv_v_f__33e8__9v_l_7_-___u_-33d4-_1vX99yfm1-7ftr3tp_86ues2vHqK9ZoA"}}]

11-10 00:47:02.506 25538 25549 I com.wallapop: Background concurrent copying GC freed 292106(13MB) AllocSpace objects, 112(6MB) LOS objects, 49% free, 21MB/42MB, paused 1.986ms total 178.906ms

11-10 00:47:05.492  4211  4390 D WifiTrafficPoller: TrafficStats TxPkts=754102 RxPkts=1345780 TxBytes=171865587 RxBytes=1281705583 , Foreground uid=10311 pkgName=com.wallapop TxPackets=56567 RxPackets=65260 TxBytes=8345803 RxBytes=66439139

11-10 00:47:06.669 25538 25549 I com.wallapop: Background concurrent copying GC freed 226119(11MB) AllocSpace objects, 173(10MB) LOS objects, 49% free, 21MB/42MB, paused 790us total 188.103ms

11-10 00:47:09.550  4211  4390 D WifiTrafficPoller: TrafficStats TxPkts=754204 RxPkts=1345908 TxBytes=171908706 RxBytes=1281820452 , Foreground uid=10311 pkgName=com.wallapop TxPackets=56638 RxPackets=65328 TxBytes=8377965 RxBytes=66477914


