11-14 18:04:37.570  3727  3771 D Layer   : [AppWindowToken{9c4c761 token=Token{d395ac8 ActivityRecord{4f60f6b u0 com.wallapop/com.rewallapop.ui.main.MainActivity t2206}}}#0]::reparent oldParent:[Task=2206#0], newParent:[Surface(name=AppWindowToken{9c4c761 token=Token{d395ac8 ActivityRecord{4f60f6b u0 com.wallapop/com.rewallapop.ui.main.MainActivity t2206}}})/@0xe558a41 - animation-leash#0]

11-14 18:04:37.600  7921  7991 W com.wallapop: Accessing hidden method Ldalvik/system/VMRuntime;->getRuntime()Ldalvik/system/VMRuntime; (light greylist, reflection)

11-14 18:04:37.601  7921  7991 W com.wallapop: Accessing hidden method Ldalvik/system/VMRuntime;->vmInstructionSet()Ljava/lang/String; (light greylist, reflection)

11-14 18:04:37.637 19377 19613 I Finsky  : [9616] fxs.d(3): com.wallapop: Account determined from installer data - [rJj4Md76H4LxoN-B4dnoZM7XaXDDBcXGlC-caOCi6Uc]

11-14 18:04:37.638 19377 19613 I Finsky  : [9616] fxs.d(14): com.wallapop: Account from preferred account - [rJj4Md76H4LxoN-B4dnoZM7XaXDDBcXGlC-caOCi6Uc]

11-14 18:04:37.641 19377 19613 I Finsky  : [9616] fxs.d(3): com.wallapop: Account determined from installer data - [rJj4Md76H4LxoN-B4dnoZM7XaXDDBcXGlC-caOCi6Uc]

11-14 18:04:37.641 19377 19613 I Finsky  : [9616] fxs.d(14): com.wallapop: Account from preferred account - [rJj4Md76H4LxoN-B4dnoZM7XaXDDBcXGlC-caOCi6Uc]

11-14 18:04:37.645 19377 19613 I Finsky  : [9616] fxs.d(3): com.wallapop: Account determined from installer data - [rJj4Md76H4LxoN-B4dnoZM7XaXDDBcXGlC-caOCi6Uc]

11-14 18:04:37.645 19377 19613 I Finsky  : [9616] fxs.d(14): com.wallapop: Account from preferred account - [rJj4Md76H4LxoN-B4dnoZM7XaXDDBcXGlC-caOCi6Uc]

11-14 18:04:37.648 19377 19613 I Finsky  : [9616] fxs.d(3): com.wallapop: Account determined from installer data - [rJj4Md76H4LxoN-B4dnoZM7XaXDDBcXGlC-caOCi6Uc]

11-14 18:04:37.651 19377 19613 I Finsky  : [9616] fxs.d(14): com.wallapop: Account from preferred account - [rJj4Md76H4LxoN-B4dnoZM7XaXDDBcXGlC-caOCi6Uc]

11-14 18:04:37.655 23911 23911 D Notification.Badge: [valid] onNotificationPosted : StatusBarNotification(pkg=com.wallapop user=UserHandle{0} id=999 tag=null key=0|com.wallapop|999|null|10313: Notification(channel=wallapop_channel pri=-2 contentView=null vibrate=null sound=null defaults=0x0 flags=0x62 color=0x00000000 vis=PRIVATE semFlags=0x0 semPriority=0 semMissedCount=0))

11-14 18:04:37.655 23911 23911 D Notification.Badge: notificationKey : 0|com.wallapop|999|null|10313, count : 0, this.count : 1

11-14 18:04:37.655 23911 23978 D Notification.Badge: LauncherModel:onNotificationPosted() : com.wallapop, count : [0], shouldBeFilteredOut : [false]

11-14 18:04:37.655 23911 23978 D Notification.Badge: notificationKey : 0|com.wallapop|999|null|10313, count : 1, mTotalCount : 1

11-14 18:04:37.659 23911 23978 D Notification.Badge: updateLauncherIconBadges() item : [IconInfo(title=_Wallapop_ intent=Intent { act=android.intent.action.MAIN cat=[android.intent.category.LAUNCHER] flg=0x10200000 cmp=com.wallapop/.activities.HomeActivity (has extras) } id=162 type=0 container=-102 screen=1 cellX=3 cellY=0 spanX=1 spanY=1 rank=3 hidden=0 dropPos=null user=UserHandle{0} screenType=0)], mShowBadge : [true], item.mBadgeCount : [1]

11-14 18:04:37.665 23911 23911 D RecommendedView: updateBadgeItems: [IconInfo(title=_Wallapop_ intent=Intent { act=android.intent.action.MAIN cat=[android.intent.category.LAUNCHER] flg=0x10200000 cmp=com.wallapop/.activities.HomeActivity (has extras) } id=162 type=0 container=-102 screen=1 cellX=3 cellY=0 spanX=1 spanY=1 rank=3 hidden=0 dropPos=null user=UserHandle{0} screenType=0)]

11-14 18:04:37.861  4211  4310 I WindowManager: reset, Reparenting to original parent, shouldDeferScheduleAnimation=false, destroyLeash=true, surface=Surface(name=AppWindowToken{9c4c761 token=Token{d395ac8 ActivityRecord{4f60f6b u0 com.wallapop/com.rewallapop.ui.main.MainActivity t2206}}})/@0xe558a41, parent=Surface(name=Task=2206)/@0x9d1dbe6, parentNativeHandle=android.os.BinderProxy@2b04079, caller=com.android.server.wm.SurfaceAnimator.lambda$getFinishedCallback$0:97 com.android.server.wm.-$$Lambda$SurfaceAnimator$SIBia0mND666K8lMCPsoid8pUTI.run:4 com.android.server.wm.SurfaceAnimator.lambda$getFinishedCallback$1:104 com.android.server.wm.-$$Lambda$SurfaceAnimator$vdRZk66hQVbQCvVXEaQCT1kVmFc.onAnimationFinished:4 com.android.server.wm.LocalAnimationAdapter.lambda$startAnimation$0:74

11-14 18:04:37.861  4211  4310 D SurfaceControl: reparent is called, sc=Surface(name=AppWindowToken{9c4c761 token=Token{d395ac8 ActivityRecord{4f60f6b u0 com.wallapop/com.rewallapop.ui.main.MainActivity t2206}}})/@0xe558a41, newParentHandle=android.os.BinderProxy@2b04079, transaction=android.view.SurfaceControl$Transaction@52f897d

11-14 18:04:37.862  4211  4310 D SurfaceControl: destroy(transaction), animation-leash is destroyed, sc=Surface(name=Surface(name=AppWindowToken{9c4c761 token=Token{d395ac8 ActivityRecord{4f60f6b u0 com.wallapop/com.rewallapop.ui.main.MainActivity t2206}}})/@0xe558a41 - animation-leash)/@0xc81a554, transaction=android.view.SurfaceControl$Transaction@52f897d, caller=com.android.server.wm.SurfaceAnimator.reset:338 com.android.server.wm.SurfaceAnimator.lambda$getFinishedCallback$0:97 com.android.server.wm.-$$Lambda$SurfaceAnimator$SIBia0mND666K8lMCPsoid8pUTI.run:4 com.android.server.wm.SurfaceAnimator.lambda$getFinishedCallback$1:104 com.android.server.wm.-$$Lambda$SurfaceAnimator$vdRZk66hQVbQCvVXEaQCT1kVmFc.onAnimationFinished:4 com.android.server.wm.LocalAnimationAdapter.lambda$startAnimation$0:74 com.android.server.wm.-$$Lambda$LocalAnimationAdapter$X--EomqUvw4qy89IeeTFTH7aCMo.run:4

11-14 18:04:37.878  3727  5386 D Layer   : [AppWindowToken{9c4c761 token=Token{d395ac8 ActivityRecord{4f60f6b u0 com.wallapop/com.rewallapop.ui.main.MainActivity t2206}}}#0]::reparent oldParent:[Surface(name=AppWindowToken{9c4c761 token=Token{d395ac8 ActivityRecord{4f60f6b u0 com.wallapop/com.rewallapop.ui.main.MainActivity t2206}}})/@0xe558a41 - animation-leash#0], newParent:[Task=2206#0]

11-14 18:04:37.878  3727  5386 I SurfaceFlinger: id=28366 Removed Surface(name=AppWindowToken{9c4c761 token=Token{d395ac8 ActivityRecord{4f60f6b u0 com.wallapop/com.rewallapop.ui.main.MainActivity t2206}}})/@0xe558a41 - animation-leash#0 (0/64)

11-14 18:04:37.894  3727  3727 I Layer   : id=28366 onRemoved Surface(name=AppWindowToken{9c4c761 token=Token{d395ac8 ActivityRecord{4f60f6b u0 com.wallapop/com.rewallapop.ui.main.MainActivity t2206}}})/@0xe558a41 - animation-leash#0

11-14 18:04:37.936  4211  4390 D WifiTrafficPoller: TrafficStats TxPkts=986083 RxPkts=1721053 TxBytes=212979796 RxBytes=1634301636 , Foreground uid=10313 pkgName=com.wallapop TxPackets=69384 RxPackets=63065 TxBytes=14758876 RxBytes=42218987

11-14 18:04:37.936  4211  8761 D SamsungAlarmManager: Cancel Alarm calling from uid:10313 pid :7921 / op:PendingIntent{aa7feb5: PendingIntentRecord{e6613f4 com.wallapop broadcastIntent}}

11-14 18:04:38.107  7921  7921 W com.wallapop: Accessing hidden method Landroid/widget/TextView;->getTextDirectionHeuristic()Landroid/text/TextDirectionHeuristic; (light greylist, linking)

11-14 18:04:38.113  7921  7921 W com.wallapop: Accessing hidden method Landroid/graphics/FontFamily;-><init>()V (light greylist, reflection)

11-14 18:04:38.114  7921  7921 W com.wallapop: Accessing hidden method Landroid/graphics/FontFamily;->addFontFromAssetManager(Landroid/content/res/AssetManager;Ljava/lang/String;IZIII[Landroid/graphics/fonts/FontVariationAxis;)Z (light greylist, reflection)

11-14 18:04:38.114  7921  7921 W com.wallapop: Accessing hidden method Landroid/graphics/FontFamily;->addFontFromBuffer(Ljava/nio/ByteBuffer;I[Landroid/graphics/fonts/FontVariationAxis;II)Z (light greylist, reflection)

11-14 18:04:38.114  7921  7921 W com.wallapop: Accessing hidden method Landroid/graphics/FontFamily;->freeze()Z (light greylist, reflection)

11-14 18:04:38.114  7921  7921 W com.wallapop: Accessing hidden method Landroid/graphics/FontFamily;->abortCreation()V (light greylist, reflection)

11-14 18:04:38.117  7921  7921 W com.wallapop: Accessing hidden method Landroid/graphics/Typeface;->createFromFamiliesWithDefault([Landroid/graphics/FontFamily;Ljava/lang/String;II)Landroid/graphics/Typeface; (light greylist, reflection)

11-14 18:04:38.296  7921  7934 I com.wallapop: Background concurrent copying GC freed 153954(8MB) AllocSpace objects, 38(1488KB) LOS objects, 50% free, 13MB/26MB, paused 327us total 240.215ms

11-14 18:04:38.303  7921  8197 I com.wallapop: The ClassLoaderContext is a special shared library.

11-14 18:04:39.011  3727  3727 I SurfaceFlinger: id=28367 createSurf (4440x4440),2 flag=4, 2e0bc11 com.wallapop/com.rewallapop.ui.wall.WallActivity#0

11-14 18:04:39.039 19377 19613 I Finsky  : [9616] fxs.d(3): com.wallapop: Account determined from installer data - [rJj4Md76H4LxoN-B4dnoZM7XaXDDBcXGlC-caOCi6Uc]

11-14 18:04:39.040 19377 19613 I Finsky  : [9616] fxs.d(14): com.wallapop: Account from preferred account - [rJj4Md76H4LxoN-B4dnoZM7XaXDDBcXGlC-caOCi6Uc]

11-14 18:04:39.100 19377 19613 I Finsky  : [9616] fxs.d(3): com.wallapop: Account determined from installer data - [rJj4Md76H4LxoN-B4dnoZM7XaXDDBcXGlC-caOCi6Uc]

11-14 18:04:39.100 19377 19613 I Finsky  : [9616] fxs.d(14): com.wallapop: Account from preferred account - [rJj4Md76H4LxoN-B4dnoZM7XaXDDBcXGlC-caOCi6Uc]

11-14 18:04:39.204 19377 19613 I Finsky  : [9616] fxs.d(3): com.wallapop: Account determined from installer data - [rJj4Md76H4LxoN-B4dnoZM7XaXDDBcXGlC-caOCi6Uc]

11-14 18:04:39.205 19377 19613 I Finsky  : [9616] fxs.d(14): com.wallapop: Account from preferred account - [rJj4Md76H4LxoN-B4dnoZM7XaXDDBcXGlC-caOCi6Uc]

11-14 18:04:39.268 19377 19613 I Finsky  : [9616] fxs.d(3): com.wallapop: Account determined from installer data - [rJj4Md76H4LxoN-B4dnoZM7XaXDDBcXGlC-caOCi6Uc]

11-14 18:04:39.269 19377 19613 I Finsky  : [9616] fxs.d(14): com.wallapop: Account from preferred account - [rJj4Md76H4LxoN-B4dnoZM7XaXDDBcXGlC-caOCi6Uc]

11-14 18:04:39.293  4211  5239 D ActivityManagerPerformance: Received MSG_DISABLE_ACT_START, r: ActivityRecord{4cc0dea u0 com.wallapop/com.rewallapop.ui.wall.WallActivity t2206}

11-14 18:04:39.464  7921  7934 I com.wallapop: Background concurrent copying GC freed 175749(12MB) AllocSpace objects, 44(2MB) LOS objects, 50% free, 11MB/23MB, paused 2.219ms total 194.801ms

11-14 18:04:39.728  4211  4311 V WindowManager: Relayout Window{2e0bc11 u0 com.wallapop/com.rewallapop.ui.wall.WallActivity}: viewVisibility=0 req=1080x2220 {(0,0)(fillxfill) sim={adjust=resize forwardNavigation} ty=BASE_APPLICATION wanim=0x10302fe

11-14 18:04:39.732  3727  3727 I SurfaceFlinger: id=28368 createSurf (1080x2220),1 flag=404, com.wallapop/com.rewallapop.ui.wall.WallActivity[7921]#0

11-14 18:04:39.734  4211  4311 D WindowManager: makeSurface duration=3 name=com.wallapop/com.rewallapop.ui.wall.WallActivity[7921]

11-14 18:04:39.735  4211  4311 V WindowManager: Changing focus from null to Window{2e0bc11 u0 com.wallapop/com.rewallapop.ui.wall.WallActivity} Callers=com.android.server.wm.WindowManagerService.relayoutWindow:2526 com.android.server.wm.Session.relayoutForTranslate:302 android.view.IWindowSession$Stub.onTransact:518 com.android.server.wm.Session.onTransact:186

11-14 18:04:39.736  4211  4228 D WindowManager: setSystemUiVisibility: vis= 0xa518, fullscreenVis= 0x2000, dockedVis= 0x0, win=Window{2e0bc11 u0 com.wallapop/com.rewallapop.ui.wall.WallActivity}

11-14 18:04:39.738  4211  4242 D WindowManager: reportFocusChangedSerialized, focused=true, inTouchMode=true, win=Window{2e0bc11 u0 com.wallapop/com.rewallapop.ui.wall.WallActivity}

11-14 18:04:39.861 19377 19613 I Finsky  : [9616] fxs.d(3): com.wallapop: Account determined from installer data - [rJj4Md76H4LxoN-B4dnoZM7XaXDDBcXGlC-caOCi6Uc]

11-14 18:04:39.862 19377 19613 I Finsky  : [9616] fxs.d(14): com.wallapop: Account from preferred account - [rJj4Md76H4LxoN-B4dnoZM7XaXDDBcXGlC-caOCi6Uc]

11-14 18:04:40.044  4211  6758 D WindowManager: finishDrawingWindow: Window{2e0bc11 u0 com.wallapop/com.rewallapop.ui.wall.WallActivity} mDrawState=DRAW_PENDING

11-14 18:04:40.047  4211  4310 I WindowManager: commitFinishDrawingLocked: mDrawState=READY_TO_SHOW Surface(name=com.wallapop/com.rewallapop.ui.wall.WallActivity[7921])/@0x6b45517

11-14 18:04:40.048  4211  4310 V WindowManager: Resize reasons for w=Window{2e0bc11 u0 com.wallapop/com.rewallapop.ui.wall.WallActivity}:  contentInsetsChanged=false [0,63][0,126] visibleInsetsChanged=false [0,63][0,126] stableInsetsChanged=false [0,63][0,126] outsetsChanged=false [0,0][0,0] surfaceResized=false configChanged=false dragResizingChanged=false reportOrientationChanged=false displayCutoutChanged=false nextForceRelayoutToClient=false

11-14 18:04:40.054  4211  4310 I WindowManager: commitFinishDrawingLocked: mDrawState=READY_TO_SHOW Surface(name=com.wallapop/com.rewallapop.ui.wall.WallActivity[7921])/@0x6b45517

11-14 18:04:40.054  4211  4310 I WindowManager: Cancelling animation restarting=false, leash=null, surface=Surface(name=2e0bc11 com.wallapop/com.rewallapop.ui.wall.WallActivity)/@0x37f6d04, parent=Surface(name=AppWindowToken{e008f78 token=Token{41b68db ActivityRecord{4cc0dea u0 com.wallapop/com.rewallapop.ui.wall.WallActivity t2206}}})/@0x590d2ed

11-14 18:04:40.054  4211  4310 V WindowManager: performShowLocked: mDrawState=HAS_DRAWN in Window{2e0bc11 u0 com.wallapop/com.rewallapop.ui.wall.WallActivity}

11-14 18:04:40.078  3727  3727 I SurfaceFlinger:      Device | 0x70dda217c0 | 0002 | RGBA_8888 |   0.0    0.0 1080.0 2220.0 |    0    0 1080 2220 | com.wallapop/com.rewallapop.ui.wall.WallActivity[7921]#0

11-14 18:04:40.078  3727  3727 I SurfaceFlinger:      Device | 0x70de0335c0 | 0000 | RGBA_8888 |   0.0    0.0 1080.0 2220.0 |    0    0 1080 2220 | Splash Screen com.wallapop#0

11-14 18:04:40.084  4211  4242 I ActivityManager: Displayed com.wallapop/com.rewallapop.ui.wall.WallActivity: +2s502ms (total +9s223ms)

11-14 18:04:40.089  4211  4310 V WindowManager: Remove Window{725006a u0 Splash Screen com.wallapop}: mSurfaceController=Surface(name=Splash Screen com.wallapop)/@0x15889a4 mAnimatingExit=false mRemoveOnExit=false mHasSurface=true surfaceShowing=true isAnimationSet=false app-animation=false mWillReplaceWindow=false inPendingTransaction=false mDisplayFrozen=false callers=com.android.server.wm.WindowState.removeIfPossible:2764 com.android.server.wm.WindowManagerService.removeWindow:1943 com.android.server.wm.Session.remove:268 android.view.ViewRootImpl.dispatchDetachedFromWindow:4565 android.view.ViewRootImpl.doDie:7996 android.view.ViewRootImpl$ViewRootHandler.handleMessage:4987

11-14 18:04:40.090  4211  4310 I WindowManager: Cancelling animation restarting=true, leash=null, surface=Surface(name=725006a Splash Screen com.wallapop)/@0xc3d651, parent=Surface(name=AppWindowToken{e008f78 token=Token{41b68db ActivityRecord{4cc0dea u0 com.wallapop/com.rewallapop.ui.wall.WallActivity t2206}}})/@0x590d2ed

11-14 18:04:40.090  4211  4310 I WindowManager: Reparenting to leash, surface=Surface(name=725006a Splash Screen com.wallapop)/@0xc3d651

11-14 18:04:40.093  3727  3727 I SurfaceFlinger: id=28369 createSurf (4440x4440),2 flag=4, Surface(name=725006a Splash Screen com.wallapop)/@0xc3d651 - animation-leash#0

11-14 18:04:40.095  4211  4310 D WindowManager: makeSurface duration=4 leash=Surface(name=Surface(name=725006a Splash Screen com.wallapop)/@0xc3d651 - animation-leash)/@0x8f5589c

11-14 18:04:40.095  4211  4310 D SurfaceControl: reparent is called, sc=Surface(name=725006a Splash Screen com.wallapop)/@0xc3d651, newParentHandle=android.os.BinderProxy@61e72a5, transaction=android.view.SurfaceControl$Transaction@45db7b7

11-14 18:04:40.099  3727  5386 D Layer   : [725006a Splash Screen com.wallapop#0]::reparent oldParent:[AppWindowToken{e008f78 token=Token{41b68db ActivityRecord{4cc0dea u0 com.wallapop/com.rewallapop.ui.wall.WallActivity t2206}}}#0], newParent:[Surface(name=725006a Splash Screen com.wallapop)/@0xc3d651 - animation-leash#0]

11-14 18:04:40.229  7921  7921 V InputMethodManager: Starting input: tba=com.wallapop ic=null mNaviBarColor -1 mIsGetNaviBarColorSuccess true , NavVisible : true , NavTrans : false

11-14 18:04:40.233  4211  5504 V InputMethodManagerService: windowGainedFocus : reason=WINDOW_FOCUS_GAIN client=android.os.BinderProxy@d52e89b inputContext=null missingMethods= attribute=android.view.inputmethod.EditorInfo@59515d nm = com.wallapop controlFlags=#104 softInputMode=#110 windowFlags=#81810100

11-14 18:04:40.249  4211  4310 I WindowManager: reset, Reparenting to original parent, shouldDeferScheduleAnimation=false, destroyLeash=true, surface=Surface(name=725006a Splash Screen com.wallapop)/@0xc3d651, parent=Surface(name=AppWindowToken{e008f78 token=Token{41b68db ActivityRecord{4cc0dea u0 com.wallapop/com.rewallapop.ui.wall.WallActivity t2206}}})/@0x590d2ed, parentNativeHandle=android.os.BinderProxy@2551eb6, caller=com.android.server.wm.SurfaceAnimator.lambda$getFinishedCallback$0:97 com.android.server.wm.-$$Lambda$SurfaceAnimator$SIBia0mND666K8lMCPsoid8pUTI.run:4 com.android.server.wm.SurfaceAnimator.lambda$getFinishedCallback$1:104 com.android.server.wm.-$$Lambda$SurfaceAnimator$vdRZk66hQVbQCvVXEaQCT1kVmFc.onAnimationFinished:4 com.android.server.wm.LocalAnimationAdapter.lambda$startAnimation$0:74

11-14 18:04:40.250  4211  4310 D SurfaceControl: reparent is called, sc=Surface(name=725006a Splash Screen com.wallapop)/@0xc3d651, newParentHandle=android.os.BinderProxy@2551eb6, transaction=android.view.SurfaceControl$Transaction@45db7b7

11-14 18:04:40.250  4211  4310 D SurfaceControl: destroy(transaction), animation-leash is destroyed, sc=Surface(name=Surface(name=725006a Splash Screen com.wallapop)/@0xc3d651 - animation-leash)/@0x8f5589c, transaction=android.view.SurfaceControl$Transaction@45db7b7, caller=com.android.server.wm.SurfaceAnimator.reset:338 com.android.server.wm.SurfaceAnimator.lambda$getFinishedCallback$0:97 com.android.server.wm.-$$Lambda$SurfaceAnimator$SIBia0mND666K8lMCPsoid8pUTI.run:4 com.android.server.wm.SurfaceAnimator.lambda$getFinishedCallback$1:104 com.android.server.wm.-$$Lambda$SurfaceAnimator$vdRZk66hQVbQCvVXEaQCT1kVmFc.onAnimationFinished:4 com.android.server.wm.LocalAnimationAdapter.lambda$startAnimation$0:74 com.android.server.wm.-$$Lambda$LocalAnimationAdapter$X--EomqUvw4qy89IeeTFTH7aCMo.run:4

11-14 18:04:40.251  4211  4310 E WindowManager: win=Window{725006a u0 Splash Screen com.wallapop EXITING} destroySurfaces: appStopped=false win.mWindowRemovalAllowed=true win.mRemoveOnExit=true win.mViewVisibility=0 caller=com.android.server.wm.AppWindowToken.destroySurfaces:870 com.android.server.wm.AppWindowToken.destroySurfaces:851 com.android.server.wm.WindowState.onExitAnimationDone:5436 com.android.server.wm.WindowStateAnimator.onAnimationFinished:319 com.android.server.wm.WindowState.onAnimationFinished:5858 com.android.server.wm.-$$Lambda$yVRF8YoeNdTa8GR1wDStVsHu8xM.run:2 com.android.server.wm.SurfaceAnimator.lambda$getFinishedCallback$0:100

11-14 18:04:40.259  4211  4310 I WindowManager: Destroying surface Surface(name=Splash Screen com.wallapop)/@0x15889a4 called by com.android.server.wm.WindowStateAnimator.destroySurface:1901 com.android.server.wm.WindowStateAnimator.destroySurfaceLocked:838 com.android.server.wm.WindowState.destroySurfaceUnchecked:3839 com.android.server.wm.WindowState.destroySurface:3820 com.android.server.wm.AppWindowToken.destroySurfaces:870 com.android.server.wm.AppWindowToken.destroySurfaces:851 com.android.server.wm.WindowState.onExitAnimationDone:5436 com.android.server.wm.WindowStateAnimator.onAnimationFinished:319

11-14 18:04:40.259  3727  5386 I SurfaceFlinger: id=28362 Removed Splash Screen com.wallapop#0 (0/66)

11-14 18:04:40.265  3727  3727 I Layer   : id=28362 onRemoved Splash Screen com.wallapop#0

11-14 18:04:40.268  3727  3770 D Layer   : [725006a Splash Screen com.wallapop#0]::reparent oldParent:[Surface(name=725006a Splash Screen com.wallapop)/@0xc3d651 - animation-leash#0], newParent:[AppWindowToken{e008f78 token=Token{41b68db ActivityRecord{4cc0dea u0 com.wallapop/com.rewallapop.ui.wall.WallActivity t2206}}}#0]

11-14 18:04:40.268  3727  3770 I SurfaceFlinger: id=28369 Removed Surface(name=725006a Splash Screen com.wallapop)/@0xc3d651 - animation-leash#0 (2/65)

11-14 18:04:40.268  3727  3770 I SurfaceFlinger: id=28361 Removed 725006a Splash Screen com.wallapop#0 (1/64)

11-14 18:04:40.271  3727  5001 W SurfaceFlinger: Attempting to set client state on removed layer: Surface(name=725006a Splash Screen com.wallapop)/@0xc3d651 - animation-leash#0 [s.what : 119]

11-14 18:04:40.271  3727  5001 W SurfaceFlinger: Attempting to destroy on removed layer: Surface(name=725006a Splash Screen com.wallapop)/@0xc3d651 - animation-leash#0

11-14 18:04:40.271  3727  3727 I SurfaceFlinger:      Device | 0x70dda217c0 | 0002 | RGBA_8888 |   0.0    0.0 1080.0 2220.0 |    0    0 1080 2220 | com.wallapop/com.rewallapop.ui.wall.WallActivity[7921]#0

11-14 18:04:40.281  3727  3727 I Layer   : id=28369 onRemoved Surface(name=725006a Splash Screen com.wallapop)/@0xc3d651 - animation-leash#0

11-14 18:04:40.281  3727  3727 I Layer   : id=28361 onRemoved 725006a Splash Screen com.wallapop#0

11-14 18:04:40.372 19377 19613 I Finsky  : [9616] fxs.d(3): com.wallapop: Account determined from installer data - [rJj4Md76H4LxoN-B4dnoZM7XaXDDBcXGlC-caOCi6Uc]

11-14 18:04:40.372 19377 19613 I Finsky  : [9616] fxs.d(14): com.wallapop: Account from preferred account - [rJj4Md76H4LxoN-B4dnoZM7XaXDDBcXGlC-caOCi6Uc]

11-14 18:04:40.384  7921  7921 V InputMethodManager: Starting input: tba=com.wallapop ic=null mNaviBarColor -1 mIsGetNaviBarColorSuccess true , NavVisible : true , NavTrans : false

11-14 18:04:40.384 19377 19613 I Finsky  : [9616] fxs.d(3): com.wallapop: Account determined from installer data - [rJj4Md76H4LxoN-B4dnoZM7XaXDDBcXGlC-caOCi6Uc]

11-14 18:04:40.385 19377 19613 I Finsky  : [9616] fxs.d(14): com.wallapop: Account from preferred account - [rJj4Md76H4LxoN-B4dnoZM7XaXDDBcXGlC-caOCi6Uc]

11-14 18:04:40.471  4622  4682 E RequestManager_FLP: [FusedLocationApi] Location request 7c3fae2(Listener) PRIORITY_BALANCED_POWER_ACCURACY interval=300000 from com.wallapop

11-14 18:04:40.686  4211  4228 D CodecSolution: isMaxAspectPackageEx: com.wallapop : true(2)

11-14 18:04:40.814  4211  4669 D MdnieScenarioControlService:  packageName : com.wallapop    className : com.rewallapop.ui.wall.WallActivity

11-14 18:04:40.966  7921  7921 W com.wallapop: Accessing hidden field Landroid/view/View;->mAccessibilityDelegate:Landroid/view/View$AccessibilityDelegate; (light greylist, reflection)

11-14 18:04:41.863  7921  7928 I com.wallapop: Compiler allocated 4MB to compile void android.widget.TextView.<init>(android.content.Context, android.util.AttributeSet, int, int)

11-14 18:04:41.981  7921  7921 W View    : requestLayout() improperly called by com.wallapop.design.view.WallapopTextView{78c9e3f V.ED..... ......ID 47,26-47,86 #7f0a0904 app:id/wp__home__tv_bubble} during layout: running second layout pass

11-14 18:04:42.002  4211  4390 D WifiTrafficPoller: TrafficStats TxPkts=986309 RxPkts=1721254 TxBytes=213068167 RxBytes=1634369716 , Foreground uid=10313 pkgName=com.wallapop TxPackets=69501 RxPackets=63162 TxBytes=14784795 RxBytes=42263959

11-14 18:04:42.008  4211  6752 I WindowManager: Cancelling animation restarting=false, leash=null, surface=Surface(name=AppWindowToken{9c4c761 token=Token{d395ac8 ActivityRecord{4f60f6b u0 com.wallapop/com.rewallapop.ui.main.MainActivity t2206}}})/@0xe558a41, parent=Surface(name=Task=2206)/@0x9d1dbe6

11-14 18:04:42.022  3727  3770 I SurfaceFlinger: id=28360 Removed AppWindowToken{9c4c761 token=Token{d395ac8 ActivityRecord{4f60f6b u0 com.wallapop/com.rewallapop.ui.main.MainActivity t2206}}}#0 (0/63)

11-14 18:04:42.034  3727  3727 I Layer   : id=28360 onRemoved AppWindowToken{9c4c761 token=Token{d395ac8 ActivityRecord{4f60f6b u0 com.wallapop/com.rewallapop.ui.main.MainActivity t2206}}}#0

11-14 18:04:42.247  7921  7934 I com.wallapop: Background concurrent copying GC freed 157860(9MB) AllocSpace objects, 36(1236KB) LOS objects, 49% free, 15MB/30MB, paused 539us total 305.755ms

11-14 18:04:42.605  7921  7928 I com.wallapop: Compiler allocated 4MB to compile void android.widget.TextView.<init>(android.content.Context, android.util.AttributeSet, int, int)

11-14 18:04:44.390  4211  4311 D WifiPermissionsUtil: canAccessScanResults: pkgName = com.wallapop, uid = 10313

11-14 18:04:44.938  7921  8196 D Amazon DTB Ads API: with query params:[?dt=android&app=app&dinfo=%7B%22os%22%3A%22Android%22%2C%22model%22%3A%22SM-A750FN%22%2C%22make%22%3A%22samsung%22%2C%22osVersion%22%3A%229%22%2C%22connectionType%22%3A%22Wifi%22%2C%22country%22%3A%22ES%22%2C%22scalingFactor%22%3A%222.625%22%2C%22carrier%22%3A%22JAZZTEL%22%2C%22language%22%3A%22es%22%2C%22screenSize%22%3A%221080x2094%22%2C%22orientation%22%3A%22portrait%22%7D&oo=0&aud=3p&idfa=bf505ce3-e614-4d9a-a4d7-9c324edc6560&appId=d2ba46e2d5ef4c9883051d9c8d0125d5&sdkVer=aps-android-7.4.3&ua=Dalvik%2F2.1.0%20%28Linux%3B%20U%3B%20Android%209%3B%20SM-A750FN%20Build%2FPPR1.180610.011%29&pkg=%7B%22lbl%22%3A%22_Wallapop_%22%2C%22pn%22%3A%22com.wallapop%22%2C%22v%22%3A%221850000%22%2C%22vn%22%3A%221.85.0-d1910251130%22%7D]

11-14 18:04:45.418  7921  8196 D Amazon DTB Ads API: Error while connecting to remote server: https://s.amazon-adsystem.com/api3/generate_did?dt=android&app=app&dinfo=%7B%22os%22%3A%22Android%22%2C%22model%22%3A%22SM-A750FN%22%2C%22make%22%3A%22samsung%22%2C%22osVersion%22%3A%229%22%2C%22connectionType%22%3A%22Wifi%22%2C%22country%22%3A%22ES%22%2C%22scalingFactor%22%3A%222.625%22%2C%22carrier%22%3A%22JAZZTEL%22%2C%22language%22%3A%22es%22%2C%22screenSize%22%3A%221080x2094%22%2C%22orientation%22%3A%22portrait%22%7D&oo=0&aud=3p&idfa=bf505ce3-e614-4d9a-a4d7-9c324edc6560&appId=d2ba46e2d5ef4c9883051d9c8d0125d5&sdkVer=aps-android-7.4.3&ua=Dalvik%2F2.1.0%20%28Linux%3B%20U%3B%20Android%209%3B%20SM-A750FN%20Build%2FPPR1.180610.011%29&pkg=%7B%22lbl%22%3A%22_Wallapop_%22%2C%22pn%22%3A%22com.wallapop%22%2C%22v%22%3A%221850000%22%2C%22vn%22%3A%221.85.0-d1910251130%22%7D with error:Chain validation failed

11-14 18:04:45.421  7921  8196 E Amazon DTB Ads API: 	at com.wallapop.thirdparty.ads.b.a.a(SourceFile:43)

11-14 18:04:45.421  7921  8196 E Amazon DTB Ads API: 	at com.wallapop.thirdparty.ads.b.a$b$1.invokeSuspend(SourceFile:34)

11-14 18:04:45.421  7921  8196 E Amazon DTB Ads API: 	at com.wallapop.thirdparty.ads.b.a$b$1.invoke(Unknown Source:10)

11-14 18:04:45.421  7921  8196 E Amazon DTB Ads API: 	at com.wallapop.thirdparty.ads.b.a$b.invokeSuspend(SourceFile:33)

11-14 18:04:45.521  7921  8548 D Amazon DTB Ads API: with query params:[?dt=android&app=app&dinfo=%7B%22os%22%3A%22Android%22%2C%22model%22%3A%22SM-A750FN%22%2C%22make%22%3A%22samsung%22%2C%22osVersion%22%3A%229%22%2C%22connectionType%22%3A%22Wifi%22%2C%22country%22%3A%22ES%22%2C%22scalingFactor%22%3A%222.625%22%2C%22carrier%22%3A%22JAZZTEL%22%2C%22language%22%3A%22es%22%2C%22screenSize%22%3A%221080x2094%22%2C%22orientation%22%3A%22portrait%22%7D&oo=0&aud=3p&idfa=bf505ce3-e614-4d9a-a4d7-9c324edc6560&appId=d2ba46e2d5ef4c9883051d9c8d0125d5&sdkVer=aps-android-7.4.3&ua=Dalvik%2F2.1.0%20%28Linux%3B%20U%3B%20Android%209%3B%20SM-A750FN%20Build%2FPPR1.180610.011%29&pkg=%7B%22lbl%22%3A%22_Wallapop_%22%2C%22pn%22%3A%22com.wallapop%22%2C%22v%22%3A%221850000%22%2C%22vn%22%3A%221.85.0-d1910251130%22%7D]

11-14 18:04:45.521  7921  7934 I com.wallapop: Background concurrent copying GC freed 224502(12MB) AllocSpace objects, 87(3MB) LOS objects, 49% free, 17MB/35MB, paused 1.310ms total 220.028ms

11-14 18:04:45.980  7921  8548 D Amazon DTB Ads API: Error while connecting to remote server: https://s.amazon-adsystem.com/api3/generate_did?dt=android&app=app&dinfo=%7B%22os%22%3A%22Android%22%2C%22model%22%3A%22SM-A750FN%22%2C%22make%22%3A%22samsung%22%2C%22osVersion%22%3A%229%22%2C%22connectionType%22%3A%22Wifi%22%2C%22country%22%3A%22ES%22%2C%22scalingFactor%22%3A%222.625%22%2C%22carrier%22%3A%22JAZZTEL%22%2C%22language%22%3A%22es%22%2C%22screenSize%22%3A%221080x2094%22%2C%22orientation%22%3A%22portrait%22%7D&oo=0&aud=3p&idfa=bf505ce3-e614-4d9a-a4d7-9c324edc6560&appId=d2ba46e2d5ef4c9883051d9c8d0125d5&sdkVer=aps-android-7.4.3&ua=Dalvik%2F2.1.0%20%28Linux%3B%20U%3B%20Android%209%3B%20SM-A750FN%20Build%2FPPR1.180610.011%29&pkg=%7B%22lbl%22%3A%22_Wallapop_%22%2C%22pn%22%3A%22com.wallapop%22%2C%22v%22%3A%221850000%22%2C%22vn%22%3A%221.85.0-d1910251130%22%7D with error:Chain validation failed

11-14 18:04:46.023  7921  8548 D Amazon DTB Ads API: with json params:[{"oo":"false","dinfo":{"os":"Android","model":"SM-A750FN","make":"samsung","osVersion":"9","connectionType":"Wifi","country":"ES","scalingFactor":"2.625","carrier":"JAZZTEL","language":"es","screenSize":"1080x2094","orientation":"portrait"},"adsdk":"aps-android-7.4.3","slots":[{"sz":"320x50","slot":"f414d83c-ab9f-4e02-9c59-5137663ee6c7","slotId":1,"supportedMediaTypes":["DISPLAY"]}],"mraid":["1.0","2.0","3.0"],"appId":"d2ba46e2d5ef4c9883051d9c8d0125d5","idfa":"bf505ce3-e614-4d9a-a4d7-9c324edc6560","geoloc":"41.4058684,2.1865172,18.145","isDTBMobile":"true","ua":"Dalvik\/2.1.0 (Linux; U; Android 9; SM-A750FN Build\/PPR1.180610.011)","pkg":{"lbl":"_Wallapop_","pn":"com.wallapop","v":"1850000","vn":"1.85.0-d1910251130"},"gdpr":{"e":"1","c":"BOR0xKKOR0xKKABABAENBZ-AAAAfZ7_______9______9uz_Gv_v_f__33e8__9v_l_7_-___u_-33d4-_1vX99yfm1-7ftr3tp_86ues2vHqK9ZoA"}}]

11-14 18:04:46.062  4211  4390 D WifiTrafficPoller: TrafficStats TxPkts=986559 RxPkts=1721518 TxBytes=213156587 RxBytes=1634557252 , Foreground uid=10313 pkgName=com.wallapop TxPackets=69662 RxPackets=63323 TxBytes=14823938 RxBytes=42389861

11-14 18:04:46.933  7921  7921 W com.wallapop: Accessing hidden method Landroid/media/AudioTrack;->getLatency()I (light greylist, reflection)

11-14 18:04:47.366  4211  4475 I CodecSolution: pid(7921) pkg(com.wallapop)

11-14 18:04:47.377  4211  4680 D CodecSolution: topName : com.wallapop

11-14 18:04:47.377  4211  4680 I CodecSolution: Top : com.wallapop

11-14 18:04:47.377  4211  4680 D SCPMHelper: getPackageInfo(com.wallapop)

11-14 18:04:47.454  4211  4475 I CodecSolution: pid(7921) pkg(com.wallapop)

11-14 18:04:47.472  4211  4311 D CodecSolution: topName : com.wallapop

11-14 18:04:47.472  4211  4311 I CodecSolution: Top : com.wallapop

11-14 18:04:47.472  4211  4311 D SCPMHelper: getPackageInfo(com.wallapop)

11-14 18:04:47.548  7921  8575 I chatty  : uid=10313(com.wallapop) CodecLooper identical 1 line

11-14 18:04:47.673  7921  7934 I com.wallapop: Background concurrent copying GC freed 259259(12MB) AllocSpace objects, 117(5MB) LOS objects, 50% free, 18MB/37MB, paused 1.956ms total 226.398ms

11-14 18:04:48.343  7921  8575 I chatty  : uid=10313(com.wallapop) CodecLooper identical 1 line


