Executed '[C69] Conversation messages: Send chat messages' on 09-07-2019
---------------------------------------------------------------------------------
07-09 15:16:03.063 12895 13051 W ResourcesManager: getTopLevelResources: /data/app/com.google.android.gms-1/base.apk / 1.0 running in com.wallapop rsrc of package null

07-09 15:16:03.113 12895 12895 W ResourcesManager: getTopLevelResources: /data/app/com.wallapop-1/base.apk / 1.0 running in com.wallapop rsrc of package null

07-09 15:16:03.123 12895 12895 W ResourcesManager: getTopLevelResources: /data/app/com.wallapop-1/base.apk / 1.0 running in com.wallapop rsrc of package null

07-09 15:16:03.133   874   894 V AlarmManager:  remove PendingIntent] PendingIntent{2205161: PendingIntentRecord{7da1d19 com.wallapop broadcastIntent}}

07-09 15:16:03.343   874  1721 V AlarmManager:  remove PendingIntent] PendingIntent{1923ae3: PendingIntentRecord{7c66ce0 com.wallapop broadcastIntent}}

07-09 15:16:03.433 12895 12895 W System.err: remove failed: ENOENT (No such file or directory) : /data/user/0/com.wallapop/cache/okhttp/journal.tmp

07-09 15:16:03.453 12895 12895 I Timeline: Timeline: Activity_launch_request id:com.wallapop time:127368703

07-09 15:16:03.473   874  3012 V WindowManager: addAppToken: AppWindowToken{53a235b token=Token{19f226a ActivityRecord{f718855 u0 com.wallapop/com.rewallapop.ui.wall.WallActivity t984}}} to stack=1 task=984 at 1

07-09 15:16:03.473   874  1028 D StatusBarManagerService: manageDisableList userId=0 what=0x0 pkg=Window{ae60ffd u0 d0 Starting com.wallapop}

07-09 15:16:03.663   874  1027 D ApplicationPolicy: isStatusBarNotificationAllowedAsUser: packageName = com.wallapop,userId = 0

07-09 15:16:03.673   874   874 D MARsPolicyManager: NotificationListenerService OngoingNotificationPosted : com.wallapop

07-09 15:16:03.673  1391  1391 W ResourcesManager: getTopLevelResources: /data/app/com.wallapop-1/base.apk / 1.0 running in com.android.systemui rsrc of package null

07-09 15:16:03.683   874  1027 V MARsPolicyManager: updatePackagesScore PackageInfo name -- com.wallapop

07-09 15:16:03.713  1391  1391 W ResourcesManager: getTopLevelResources: /data/app/com.wallapop-1/base.apk / 1.0 running in com.android.systemui rsrc of package null

07-09 15:16:03.713  1391  1391 W ResourcesManager: getTopLevelResources: /data/app/com.wallapop-1/base.apk / 1.0 running in com.android.systemui rsrc of package null

07-09 15:16:03.723  1391  1391 W ResourcesManager: getTopLevelResources: /data/app/com.wallapop-1/base.apk / 1.0 running in com.android.systemui rsrc of package null

07-09 15:16:03.733 12895 12895 W ResourcesManager: getTopLevelResources: /data/app/com.wallapop-1/base.apk / 1.0 running in com.wallapop rsrc of package null

07-09 15:16:03.753 12895 12895 W ResourcesManager: getTopLevelResources: /data/app/com.wallapop-1/base.apk / 1.0 running in com.wallapop rsrc of package null

07-09 15:16:03.793 12895 13018 W System.err: mkdir failed: EEXIST (File exists) : /data/user/0/com.wallapop/cache/WebView/Crash Reports

07-09 15:16:03.863   874  1661 V AlarmManager:  remove PendingIntent] PendingIntent{bb19ba4: PendingIntentRecord{7c66ce0 com.wallapop broadcastIntent}}

07-09 15:16:04.353   874  5340 D ISSUE_DEBUG: InputChannelName : 67fd258 com.wallapop/com.rewallapop.ui.wall.WallActivity

07-09 15:16:04.383 25308 25318 I Finsky  : [13972] fmk.b(2): com.wallapop: Account determined from installer data - [E7ZhE6RtwBr6ZrivWaTWep8klQM]

07-09 15:16:04.393 25308 25318 I Finsky  : [13972] fmk.b(2): com.wallapop: Account from preferred account - [E7ZhE6RtwBr6ZrivWaTWep8klQM]

07-09 15:16:04.393 25308 25468 I Finsky  : [14026] fmk.b(2): com.wallapop: Account determined from installer data - [E7ZhE6RtwBr6ZrivWaTWep8klQM]

07-09 15:16:04.393 25308 25468 I Finsky  : [14026] fmk.b(2): com.wallapop: Account from preferred account - [E7ZhE6RtwBr6ZrivWaTWep8klQM]

07-09 15:16:04.453 12895 13135 D Amazon DTB Ads API: with json params:[{"adsdk":"aps-android-7.4.3","gdpr":{"e":"1","c":"BOR0xKKOR0xKKABABAENBZ-AAAAfZ7_______9______9uz_Gv_v_f__33e8__9v_l_7_-___u_-33d4-_1vX99yfm1-7ftr3tp_86ues2vHqK9ZoA"},"oo":"false","mraid":["1.0","2.0","3.0"],"ua":"Dalvik\/2.1.0 (Linux; U; Android 6.0.1; SM-G900F Build\/MMB29M)","geoloc":"41.4059127,2.1864395,17.414","idfa":"1e214c05-ac1e-4c82-ae75-fb207f9c9c8a","appId":"d2ba46e2d5ef4c9883051d9c8d0125d5","ad-id":"A-6j1GeULkCtsqbiEmqTO1M","slots":[{"sz":"320x50","slot":"f414d83c-ab9f-4e02-9c59-5137663ee6c7","slotId":1,"supportedMediaTypes":["DISPLAY"]}],"dinfo":{"os":"Android","model":"SM-G900F","make":"samsung","osVersion":"6.0.1","connectionType":"13","country":"ES","scalingFactor":"3.0","carrier":"JAZZTEL","language":"es","screenSize":"1080x1920","orientation":"portrait"},"pkg":{"lbl":"_Wallapop_","pn":"com.wallapop","v":"1770000","vn":"1.77.0-d1907050938"},"isDTBMobile":"true"}]

07-09 15:16:04.613   874  1028 D StatusBarManagerService: manageDisableList userId=0 what=0x0 pkg=Window{67fd258 u0 d0 com.wallapop/com.rewallapop.ui.wall.WallActivity}

07-09 15:16:04.743 25308 25319 I Finsky  : [13973] fmk.b(2): com.wallapop: Account determined from installer data - [E7ZhE6RtwBr6ZrivWaTWep8klQM]

07-09 15:16:04.743 25308 25319 I Finsky  : [13973] fmk.b(2): com.wallapop: Account from preferred account - [E7ZhE6RtwBr6ZrivWaTWep8klQM]

07-09 15:16:04.793 25308 25468 I Finsky  : [14026] fmk.b(2): com.wallapop: Account determined from installer data - [E7ZhE6RtwBr6ZrivWaTWep8klQM]

07-09 15:16:04.793 25308 25468 I Finsky  : [14026] fmk.b(2): com.wallapop: Account from preferred account - [E7ZhE6RtwBr6ZrivWaTWep8klQM]

07-09 15:16:04.803 25308 25318 I Finsky  : [13972] fmk.b(2): com.wallapop: Account determined from installer data - [E7ZhE6RtwBr6ZrivWaTWep8klQM]

07-09 15:16:04.803 25308 25318 I Finsky  : [13972] fmk.b(2): com.wallapop: Account from preferred account - [E7ZhE6RtwBr6ZrivWaTWep8klQM]

07-09 15:16:04.843 25308 25469 I Finsky  : [14028] fmk.b(2): com.wallapop: Account determined from installer data - [E7ZhE6RtwBr6ZrivWaTWep8klQM]

07-09 15:16:04.843 25308 25469 I Finsky  : [14028] fmk.b(2): com.wallapop: Account from preferred account - [E7ZhE6RtwBr6ZrivWaTWep8klQM]

07-09 15:16:04.883   874  1914 V WindowStateAnimator: Finishing drawing window Window{67fd258 u0 d0 com.wallapop/com.rewallapop.ui.wall.WallActivity}: mDrawState=DRAW_PENDING

07-09 15:16:04.893   874  1132 I ActivityManager: Displayed com.wallapop/com.rewallapop.ui.wall.WallActivity: +1s220ms (total +6s740ms)

07-09 15:16:04.903   874  1132 I Timeline: Timeline: Activity_windows_visible id: ActivityRecord{f718855 u0 com.wallapop/com.rewallapop.ui.wall.WallActivity t984} time:127370156

07-09 15:16:04.933   874  1722 V WindowStateAnimator: Finishing drawing window Window{67fd258 u0 d0 com.wallapop/com.rewallapop.ui.wall.WallActivity}: mDrawState=HAS_DRAWN

07-09 15:16:04.973 25308 25319 I Finsky  : [13973] fmk.b(2): com.wallapop: Account determined from installer data - [E7ZhE6RtwBr6ZrivWaTWep8klQM]

07-09 15:16:04.973 25308 25319 I Finsky  : [13973] fmk.b(2): com.wallapop: Account from preferred account - [E7ZhE6RtwBr6ZrivWaTWep8klQM]

07-09 15:16:04.983   874  1714 I AppOps  : sendInfoToFLP, code=41 , uid=10276 , packageName=com.wallapop , type=startOp

07-09 15:16:04.993 12895 12895 W ResourcesManager: getTopLevelResources: /data/app/com.google.android.gms-1/base.apk / 1.0 running in com.wallapop rsrc of package null

07-09 15:16:05.123 12895 13187 W ResourcesManager: getTopLevelResources: /data/data/com.google.android.gms/app_chimera/m/0000003f/dl-AdsFdrDynamite.integ_20300000008.apk / 1.0 running in com.wallapop rsrc of package null

07-09 15:16:05.243 25308 25468 I Finsky  : [14026] fmk.b(2): com.wallapop: Account determined from installer data - [E7ZhE6RtwBr6ZrivWaTWep8klQM]

07-09 15:16:05.243 25308 25468 I Finsky  : [14026] fmk.b(2): com.wallapop: Account from preferred account - [E7ZhE6RtwBr6ZrivWaTWep8klQM]

07-09 15:16:05.243 25308 25318 I Finsky  : [13972] fmk.b(2): com.wallapop: Account determined from installer data - [E7ZhE6RtwBr6ZrivWaTWep8klQM]

07-09 15:16:05.243 25308 25318 I Finsky  : [13972] fmk.b(2): com.wallapop: Account from preferred account - [E7ZhE6RtwBr6ZrivWaTWep8klQM]

07-09 15:16:06.163 12895 12895 W View    : requestLayout() improperly called by com.wallapop.design.view.WallapopTextView{7b88994 V.ED..... ......ID 54,30-54,92 #7f0a08d3 app:id/wp__home__tv_bubble} during layout: running second layout pass

07-09 15:16:06.803 12895 12927 W System.err: remove failed: ENOENT (No such file or directory) : /data/user/0/com.wallapop/files/AppEventsLogger.persistedevents

07-09 15:16:07.843 12895 13313 W ResourcesManager: getTopLevelResources: /data/app/com.google.android.gms-1/base.apk / 1.0 running in com.wallapop rsrc of package null

07-09 15:16:25.553 12895 12895 I Timeline: Timeline: Activity_launch_request id:com.wallapop time:127390807

07-09 15:16:25.573   874  1722 V WindowManager: addAppToken: AppWindowToken{a9d40af token=Token{759d08e ActivityRecord{ff74889 u0 com.wallapop/com.rewallapop.ui.user.profile.MyProfileActivity t984}}} to stack=1 task=984 at 1

07-09 15:16:25.613   874  1027 V MARsPolicyManager: updatePackagesScore PackageInfo name -- com.wallapop

07-09 15:16:25.643 12895 12895 W ResourcesManager: getTopLevelResources: /data/app/com.wallapop-1/base.apk / 1.0 running in com.wallapop rsrc of package null

07-09 15:16:25.643 12895 12895 W ResourcesManager: getTopLevelResources: /data/app/com.wallapop-1/base.apk / 1.0 running in com.wallapop rsrc of package null

07-09 15:16:25.673   874  3012 V AlarmManager:  remove PendingIntent] PendingIntent{5040cbc: PendingIntentRecord{7c66ce0 com.wallapop broadcastIntent}}

07-09 15:16:25.693   874  4874 D ISSUE_DEBUG: InputChannelName : 926679a com.wallapop/com.rewallapop.ui.user.profile.MyProfileActivity

07-09 15:16:25.703   874  1028 D StatusBarManagerService: manageDisableList userId=0 what=0x0 pkg=Window{926679a u0 d0 com.wallapop/com.rewallapop.ui.user.profile.MyProfileActivity}

07-09 15:16:25.743   874  1422 V WindowStateAnimator: Finishing drawing window Window{926679a u0 d0 com.wallapop/com.rewallapop.ui.user.profile.MyProfileActivity}: mDrawState=DRAW_PENDING

07-09 15:16:25.753 12895 12895 I Timeline: Timeline: Activity_launch_request id:com.wallapop time:127391006

07-09 15:16:25.753   874  1132 I ActivityManager: Displayed com.wallapop/com.rewallapop.ui.user.profile.MyProfileActivity: +153ms

07-09 15:16:25.763   874  5340 V WindowManager: addAppToken: AppWindowToken{ece96a7 token=Token{8f36366 ActivityRecord{9727fc1 u0 com.wallapop/com.rewallapop.ui.user.profile.ProfileActivity t984}}} to stack=1 task=984 at 2

07-09 15:16:25.773   874  1028 D StatusBarManagerService: manageDisableList userId=0 what=0x0 pkg=Window{67fd258 u0 d0 com.wallapop/com.rewallapop.ui.wall.WallActivity}

07-09 15:16:25.783   874  1220 V WindowStateAnimator: Finishing drawing window Window{926679a u0 d0 com.wallapop/com.rewallapop.ui.user.profile.MyProfileActivity}: mDrawState=HAS_DRAWN

07-09 15:16:25.803   874  1027 V MARsPolicyManager: updatePackagesScore PackageInfo name -- com.wallapop

07-09 15:16:25.803 12895 12895 W ResourcesManager: getTopLevelResources: /data/app/com.wallapop-1/base.apk / 1.0 running in com.wallapop rsrc of package null

07-09 15:16:25.813 12895 12895 W ResourcesManager: getTopLevelResources: /data/app/com.wallapop-1/base.apk / 1.0 running in com.wallapop rsrc of package null

07-09 15:16:25.873   874  5340 V AlarmManager:  remove PendingIntent] PendingIntent{ac665f9: PendingIntentRecord{7c66ce0 com.wallapop broadcastIntent}}

07-09 15:16:25.903   874   894 D ISSUE_DEBUG: InputChannelName : 2c21cec com.wallapop/com.rewallapop.ui.user.profile.ProfileActivity

07-09 15:16:25.923   874  1028 D StatusBarManagerService: manageDisableList userId=0 what=0x0 pkg=Window{2c21cec u0 d0 com.wallapop/com.rewallapop.ui.user.profile.ProfileActivity}

07-09 15:16:25.953 12895 12927 W System.err: remove failed: ENOENT (No such file or directory) : /data/user/0/com.wallapop/files/AppEventsLogger.persistedevents

07-09 15:16:26.043   874  1661 V WindowStateAnimator: Finishing drawing window Window{2c21cec u0 d0 com.wallapop/com.rewallapop.ui.user.profile.ProfileActivity}: mDrawState=DRAW_PENDING

07-09 15:16:26.063   874  1132 I ActivityManager: Displayed com.wallapop/com.rewallapop.ui.user.profile.ProfileActivity: +276ms

07-09 15:16:26.063   874  1132 I Timeline: Timeline: Activity_windows_visible id: ActivityRecord{ff74889 u0 com.wallapop/com.rewallapop.ui.user.profile.MyProfileActivity t984 f} time:127391319

07-09 15:16:26.083   874  1661 V WindowStateAnimator: Finishing drawing window Window{2c21cec u0 d0 com.wallapop/com.rewallapop.ui.user.profile.ProfileActivity}: mDrawState=HAS_DRAWN

07-09 15:16:26.313   874  1132 I Timeline: Timeline: Activity_windows_visible id: ActivityRecord{9727fc1 u0 com.wallapop/com.rewallapop.ui.user.profile.ProfileActivity t984} time:127391567

07-09 15:16:26.523   874  3012 I AppOps  : sendInfoToFLP, code=41 , uid=10276 , packageName=com.wallapop , type=finishOp

07-09 15:16:26.533 12895 12895 V ActivityThread: updateVisibility : ActivityRecord{2a3deb5 token=android.os.BinderProxy@b609ae7 {com.wallapop/com.rewallapop.ui.wall.WallActivity}} show : false

07-09 15:16:26.623 12895 13115 E WallapopError: 	at com.wallapop.kernel.l.a$a.a(SourceFile:5)

07-09 15:16:26.623 12895 13115 E WallapopError: 	at com.wallapop.kernel.l.g$a.a(SourceFile:8)

07-09 15:16:26.623 12895 13115 E WallapopError: 	at com.wallapop.kernel.l.a$a.b(SourceFile)

07-09 15:16:26.623 12895 13115 E WallapopError: 	at com.wallapop.kernel.extension.a.b(SourceFile:21)

07-09 15:16:27.073 12895 12895 W View    : requestLayout() improperly called by com.wallapop.design.view.WallapopTextView{24ab420 V.ED..... ..S..AID 0,23-285,105 #7f0a0255 app:id/counterView} during layout: running second layout pass

07-09 15:16:31.883   874  1028 D StatusBarManagerService: manageDisableList userId=0 what=0x0 pkg=Window{2c21cec u0 d0 com.wallapop/com.rewallapop.ui.user.profile.ProfileActivity}

07-09 15:16:31.913 12895 12895 I Timeline: Timeline: Activity_launch_request id:com.wallapop time:127397166

07-09 15:16:31.973   874  1027 V MARsPolicyManager: updatePackagesScore PackageInfo name -- com.wallapop

07-09 15:16:32.073   874  1661 V AlarmManager:  remove PendingIntent] PendingIntent{7d1ade4: PendingIntentRecord{99ab24d com.wallapop broadcastIntent}}

07-09 15:16:32.133   874  1028 D StatusBarManagerService: manageDisableList userId=0 what=0x0 pkg=Window{67fd258 u0 d0 com.wallapop/com.rewallapop.ui.wall.WallActivity}

07-09 15:16:32.233   874  2732 V AlarmManager:  remove PendingIntent] PendingIntent{d5ab46f: PendingIntentRecord{4659ef2 com.wallapop broadcastIntent}}

07-09 15:16:32.413   874  1913 V WindowStateAnimator: Finishing drawing window Window{67fd258 u0 d0 com.wallapop/com.rewallapop.ui.wall.WallActivity}: mDrawState=DRAW_PENDING

07-09 15:16:32.423   874  1132 I ActivityManager: Displayed com.wallapop/com.rewallapop.ui.wall.WallActivity: +460ms

07-09 15:16:32.673   874  1132 I Timeline: Timeline: Activity_windows_visible id: ActivityRecord{f718855 u0 com.wallapop/com.rewallapop.ui.wall.WallActivity t984} time:127397924

07-09 15:16:32.713 12895 12895 W View    : requestLayout() improperly called by com.wallapop.design.view.WallapopTextView{7b88994 V.ED..... ......ID 54,30-634,92 #7f0a08d3 app:id/wp__home__tv_bubble} during layout: running second layout pass

07-09 15:16:45.893 12895 12895 I Timeline: Timeline: Activity_launch_request id:com.wallapop time:127411146

07-09 15:16:45.923   874  1714 V WindowManager: addAppToken: AppWindowToken{96efe12 token=Token{f7e699d ActivityRecord{cbf7074 u0 com.wallapop/com.rewallapop.ui.login.OnboardingActivity t984}}} to stack=1 task=984 at 1

07-09 15:16:46.033   874  1027 V MARsPolicyManager: updatePackagesScore PackageInfo name -- com.wallapop

07-09 15:16:46.053 12895 12895 W ResourcesManager: getTopLevelResources: /data/app/com.wallapop-1/base.apk / 1.0 running in com.wallapop rsrc of package null

07-09 15:16:46.053 12895 12895 W ResourcesManager: getTopLevelResources: /data/app/com.wallapop-1/base.apk / 1.0 running in com.wallapop rsrc of package null

07-09 15:16:46.103   874  1723 V AlarmManager:  remove PendingIntent] PendingIntent{997d9e3: PendingIntentRecord{99ab24d com.wallapop broadcastIntent}}

07-09 15:16:46.233   874  1714 D ISSUE_DEBUG: InputChannelName : 73ae95e com.wallapop/com.rewallapop.ui.login.OnboardingActivity

07-09 15:16:46.263   874  1028 D StatusBarManagerService: manageDisableList userId=0 what=0x0 pkg=Window{73ae95e u0 d0 com.wallapop/com.rewallapop.ui.login.OnboardingActivity}

07-09 15:16:46.283   874  1723 V BroadcastQueue: [background] Process cur broadcast BroadcastRecord{6f36bd1 u0 com.appboy.action.receiver.DATA_SYNC qIdx=4}, state= (APP_RECEIVE) DELIVERED for app ProcessRecord{283ebbb 12895:com.wallapop/u0a276}

07-09 15:16:46.313 12842 12868 W ByMatcher: Node returned null child: android.view.accessibility.AccessibilityNodeInfo@8000e507; boundsInParent: Rect(0, 0 - 1080, 171); boundsInScreen: Rect(0, 72 - 1080, 243); packageName: com.wallapop; className: android.widget.LinearLayout; text: null; error: null; maxTextLength: -1; contentDescription: null; viewIdResName: com.wallapop:id/appBarLayout; checkable: false; checked: false; focusable: false; focused: false; selected: false; clickable: false; longClickable: false; contextClickable: false; enabled: true; password: false; scrollable: false; actions: [AccessibilityAction: ACTION_SELECT - null, AccessibilityAction: ACTION_CLEAR_SELECTION - null, AccessibilityAction: ACTION_ACCESSIBILITY_FOCUS - null, AccessibilityAction: ACTION_UNKNOWN - null]

07-09 15:16:46.323 12842 12868 W ByMatcher: Node returned null child: android.view.accessibility.AccessibilityNodeInfo@80008aef; boundsInParent: Rect(0, 0 - 1080, 1848); boundsInScreen: Rect(0, 72 - 1080, 1920); packageName: com.wallapop; className: android.view.ViewGroup; text: null; error: null; maxTextLength: -1; contentDescription: null; viewIdResName: com.wallapop:id/wall_coordinator; checkable: false; checked: false; focusable: false; focused: false; selected: false; clickable: false; longClickable: false; contextClickable: false; enabled: true; password: false; scrollable: false; actions: [AccessibilityAction: ACTION_SELECT - null, AccessibilityAction: ACTION_CLEAR_SELECTION - null, AccessibilityAction: ACTION_ACCESSIBILITY_FOCUS - null, AccessibilityAction: ACTION_UNKNOWN - null]

07-09 15:16:46.323 12842 12868 W ByMatcher: Node returned null child: android.view.accessibility.AccessibilityNodeInfo@80007beb; boundsInParent: Rect(0, 0 - 1080, 1920); boundsInScreen: Rect(0, 0 - 1080, 1920); packageName: com.wallapop; className: android.widget.FrameLayout; text: null; error: null; maxTextLength: -1; contentDescription: null; viewIdResName: null; checkable: false; checked: false; focusable: false; focused: false; selected: false; clickable: false; longClickable: false; contextClickable: false; enabled: true; password: false; scrollable: false; actions: [AccessibilityAction: ACTION_SELECT - null, AccessibilityAction: ACTION_CLEAR_SELECTION - null, AccessibilityAction: ACTION_ACCESSIBILITY_FOCUS - null, AccessibilityAction: ACTION_UNKNOWN - null]

07-09 15:16:46.323 12842 12868 W ByMatcher: Node returned null child: android.view.accessibility.AccessibilityNodeInfo@80007beb; boundsInParent: Rect(0, 0 - 1080, 1920); boundsInScreen: Rect(0, 0 - 1080, 1920); packageName: com.wallapop; className: android.widget.FrameLayout; text: null; error: null; maxTextLength: -1; contentDescription: null; viewIdResName: null; checkable: false; checked: false; focusable: false; focused: false; selected: false; clickable: false; longClickable: false; contextClickable: false; enabled: true; password: false; scrollable: false; actions: [AccessibilityAction: ACTION_SELECT - null, AccessibilityAction: ACTION_CLEAR_SELECTION - null, AccessibilityAction: ACTION_ACCESSIBILITY_FOCUS - null, AccessibilityAction: ACTION_UNKNOWN - null]

07-09 15:16:46.413   874  2732 V WindowStateAnimator: Finishing drawing window Window{73ae95e u0 d0 com.wallapop/com.rewallapop.ui.login.OnboardingActivity}: mDrawState=DRAW_PENDING

07-09 15:16:46.433   874  1132 I ActivityManager: Displayed com.wallapop/com.rewallapop.ui.login.OnboardingActivity: +414ms

07-09 15:16:46.463   874   894 V WindowStateAnimator: Finishing drawing window Window{73ae95e u0 d0 com.wallapop/com.rewallapop.ui.login.OnboardingActivity}: mDrawState=HAS_DRAWN

07-09 15:16:46.673   874  1132 I Timeline: Timeline: Activity_windows_visible id: ActivityRecord{cbf7074 u0 com.wallapop/com.rewallapop.ui.login.OnboardingActivity t984} time:127411922

07-09 15:16:46.773 12895 12895 W GmsClientEvents: unregisterConnectionFailedListener(): listener GooglePlayServicesHeadlessFragment{7314a93 (5edf61bb-780c-4589-b1c6-00761b3c41e3) com.wallapop.fragments.headless.GooglePlayServicesHeadlessFragment} not found

07-09 15:16:46.773 12895 12895 W GmsClientEvents: unregisterConnectionCallbacks(): listener GooglePlayServicesHeadlessFragment{7314a93 (5edf61bb-780c-4589-b1c6-00761b3c41e3) com.wallapop.fragments.headless.GooglePlayServicesHeadlessFragment} not found

07-09 15:16:46.773 12895 12895 V ActivityThread: updateVisibility : ActivityRecord{2a3deb5 token=android.os.BinderProxy@b609ae7 {com.wallapop/com.rewallapop.ui.wall.WallActivity}} show : false

07-09 15:16:47.833 12895 12895 I Timeline: Timeline: Activity_launch_request id:com.wallapop time:127413086

07-09 15:16:47.853   874  5340 V WindowManager: addAppToken: AppWindowToken{5861e21 token=Token{be2d488 ActivityRecord{c56582b u0 com.wallapop/com.rewallapop.ui.login.LoginActivity t984}}} to stack=1 task=984 at 2

07-09 15:16:47.903   874  1027 V MARsPolicyManager: updatePackagesScore PackageInfo name -- com.wallapop

07-09 15:16:47.913 12895 12895 W ResourcesManager: getTopLevelResources: /data/app/com.wallapop-1/base.apk / 1.0 running in com.wallapop rsrc of package null

07-09 15:16:47.913 12895 12895 W ResourcesManager: getTopLevelResources: /data/app/com.wallapop-1/base.apk / 1.0 running in com.wallapop rsrc of package null

07-09 15:16:47.943   874  3012 V AlarmManager:  remove PendingIntent] PendingIntent{5cf1246: PendingIntentRecord{99ab24d com.wallapop broadcastIntent}}

07-09 15:16:48.123   874   894 D ISSUE_DEBUG: InputChannelName : 9237059 com.wallapop/com.rewallapop.ui.login.LoginActivity

07-09 15:16:48.153   874  1028 D StatusBarManagerService: manageDisableList userId=0 what=0x0 pkg=Window{9237059 u0 d0 com.wallapop/com.rewallapop.ui.login.LoginActivity}

07-09 15:16:48.243   874  1220 V WindowStateAnimator: Finishing drawing window Window{9237059 u0 d0 com.wallapop/com.rewallapop.ui.login.LoginActivity}: mDrawState=DRAW_PENDING

07-09 15:16:48.273   874  1132 I ActivityManager: Displayed com.wallapop/com.rewallapop.ui.login.LoginActivity: +383ms

07-09 15:16:48.293   874  4874 V WindowStateAnimator: Finishing drawing window Window{9237059 u0 d0 com.wallapop/com.rewallapop.ui.login.LoginActivity}: mDrawState=HAS_DRAWN

07-09 15:16:48.503   874  1132 I Timeline: Timeline: Activity_windows_visible id: ActivityRecord{c56582b u0 com.wallapop/com.rewallapop.ui.login.LoginActivity t984} time:127413752

07-09 15:16:48.533 12895 12895 V ActivityThread: updateVisibility : ActivityRecord{224cd7f token=android.os.BinderProxy@3ecf35e {com.wallapop/com.rewallapop.ui.login.OnboardingActivity}} show : false

07-09 15:16:56.053 12895 12895 I Timeline: Timeline: Activity_launch_request id:com.wallapop time:127421309

07-09 15:16:56.073   874  3012 V WindowManager: addAppToken: AppWindowToken{e47ec3d token=Token{2c8d994 ActivityRecord{96459e7 u0 com.wallapop/com.rewallapop.ui.location.LocationPermissionActivity t984}}} to stack=1 task=984 at 3

07-09 15:16:56.093   874  1027 V MARsPolicyManager: updatePackagesScore PackageInfo name -- com.wallapop

07-09 15:16:56.123 12895 12895 W ResourcesManager: getTopLevelResources: /data/app/com.wallapop-1/base.apk / 1.0 running in com.wallapop rsrc of package null

07-09 15:16:56.123 12895 12895 W ResourcesManager: getTopLevelResources: /data/app/com.wallapop-1/base.apk / 1.0 running in com.wallapop rsrc of package null

07-09 15:16:56.143   874  1722 V AlarmManager:  remove PendingIntent] PendingIntent{6cc0f39: PendingIntentRecord{99ab24d com.wallapop broadcastIntent}}

07-09 15:16:56.203   874  1027 V MARsPolicyManager: updatePackagesScore PackageInfo name -- com.wallapop

07-09 15:16:56.233   874  1027 V MARsPolicyManager: updatePackagesScore PackageInfo name -- com.wallapop

07-09 15:16:56.283   874  1714 V AlarmManager:  remove PendingIntent] PendingIntent{7c249fb: PendingIntentRecord{99ab24d com.wallapop broadcastIntent}}

07-09 15:16:56.433   874  1028 D StatusBarManagerService: manageDisableList userId=0 what=0x0 pkg=Window{67fd258 u0 d0 com.wallapop/com.rewallapop.ui.wall.WallActivity}

07-09 15:16:56.763   874  2732 V WindowStateAnimator: Finishing drawing window Window{67fd258 u0 d0 com.wallapop/com.rewallapop.ui.wall.WallActivity}: mDrawState=DRAW_PENDING

07-09 15:16:56.793   874  1132 I ActivityManager: Displayed com.wallapop/com.rewallapop.ui.wall.WallActivity: +564ms (total +703ms)

07-09 15:16:57.033   874  1132 I Timeline: Timeline: Activity_windows_visible id: ActivityRecord{f718855 u0 com.wallapop/com.rewallapop.ui.wall.WallActivity t984} time:127422287

07-09 15:16:57.273 12895 12895 W View    : requestLayout() improperly called by com.wallapop.design.view.WallapopTextView{7b88994 V.ED..... ......ID 54,30-630,92 #7f0a08d3 app:id/wp__home__tv_bubble} during layout: running second layout pass

07-09 15:16:58.283 12895 12903 W REALM_JAVA: Remember to call close() on all Realm instances. Realm /data/data/com.wallapop/files/feature_flags is being finalized without being closed, this can lead to running out of native memory.

07-09 15:16:58.343 12895 12903 W REALM_JAVA: Remember to call close() on all Realm instances. Realm /data/data/com.wallapop/files/feature_flags is being finalized without being closed, this can lead to running out of native memory.

07-09 15:17:00.953   874  1722 D ApplicationPolicy: isStatusBarNotificationAllowedAsUser: packageName = com.wallapop,userId = 0

07-09 15:17:00.973   874   874 D EdgeLight: Turning on edge light for notification (NotificationRecord(0x0f6d8faf: pkg=com.wallapop user=UserHandle{0} id=0 tag=default score=20 key=0|com.wallapop|0|default|10276: Notification(pri=2 contentView=null vibrate=default sound=default tick defaults=0xffffffff flags=0x9 color=0xff13c1ac category=msg vis=PRIVATE secFlags=0x0 secPriority=0))) with color=ffffffff

07-09 15:17:00.983  1391  1391 W ResourcesManager: getTopLevelResources: /data/app/com.wallapop-1/base.apk / 1.0 running in com.android.systemui rsrc of package null

07-09 15:17:00.993  1391  1391 W ResourcesManager: getTopLevelResources: /data/app/com.wallapop-1/base.apk / 1.0 running in com.android.systemui rsrc of package null

07-09 15:17:01.013  1391  1391 W ResourcesManager: getTopLevelResources: /data/app/com.wallapop-1/base.apk / 1.0 running in com.android.systemui rsrc of package null

07-09 15:17:01.023  1391  1391 W ResourcesManager: getTopLevelResources: /data/app/com.wallapop-1/base.apk / 1.0 running in com.android.systemui rsrc of package null

07-09 15:17:01.403   874   874 D MARsPolicyManager: NotificationListenerService OngoingNotificationRemoved : com.wallapop

07-09 15:17:01.413   874  1714 D ApplicationPolicy: isStatusBarNotificationAllowedAsUser: packageName = com.wallapop,userId = 0

07-09 15:17:01.413   874   874 D EdgeLight: Turning on edge light for notification (NotificationRecord(0x03c7afbc: pkg=com.wallapop user=UserHandle{0} id=0 tag=default score=20 key=0|com.wallapop|0|default|10276: Notification(pri=2 contentView=null vibrate=default sound=default tick defaults=0xffffffff flags=0x9 color=0xff13c1ac category=msg vis=PRIVATE secFlags=0x0 secPriority=0))) with color=ffffffff

07-09 15:17:01.433  1391  1391 W ResourcesManager: getTopLevelResources: /data/app/com.wallapop-1/base.apk / 1.0 running in com.android.systemui rsrc of package null

07-09 15:17:01.463  1391  1391 W ResourcesManager: getTopLevelResources: /data/app/com.wallapop-1/base.apk / 1.0 running in com.android.systemui rsrc of package null

07-09 15:17:01.493  1391  1391 W ResourcesManager: getTopLevelResources: /data/app/com.wallapop-1/base.apk / 1.0 running in com.android.systemui rsrc of package null

07-09 15:17:01.503  1391  1391 W ResourcesManager: getTopLevelResources: /data/app/com.wallapop-1/base.apk / 1.0 running in com.android.systemui rsrc of package null

07-09 15:17:01.883   874  1722 D ApplicationPolicy: isStatusBarNotificationAllowedAsUser: packageName = com.wallapop,userId = 0

07-09 15:17:01.883   874   874 D EdgeLight: Turning on edge light for notification (NotificationRecord(0x0d72429a: pkg=com.wallapop user=UserHandle{0} id=0 tag=default score=20 key=0|com.wallapop|0|default|10276: Notification(pri=2 contentView=null vibrate=default sound=default tick defaults=0xffffffff flags=0x9 color=0xff13c1ac category=msg vis=PRIVATE secFlags=0x0 secPriority=0))) with color=ffffffff

07-09 15:17:01.893  1391  1391 W ResourcesManager: getTopLevelResources: /data/app/com.wallapop-1/base.apk / 1.0 running in com.android.systemui rsrc of package null

07-09 15:17:01.913  1391  1391 W ResourcesManager: getTopLevelResources: /data/app/com.wallapop-1/base.apk / 1.0 running in com.android.systemui rsrc of package null

07-09 15:17:01.953  1391  1391 W ResourcesManager: getTopLevelResources: /data/app/com.wallapop-1/base.apk / 1.0 running in com.android.systemui rsrc of package null

07-09 15:17:01.973  1391  1391 W ResourcesManager: getTopLevelResources: /data/app/com.wallapop-1/base.apk / 1.0 running in com.android.systemui rsrc of package null

07-09 15:17:02.343   874  1914 D ApplicationPolicy: isStatusBarNotificationAllowedAsUser: packageName = com.wallapop,userId = 0

07-09 15:17:02.343   874   874 D EdgeLight: Turning on edge light for notification (NotificationRecord(0x070d77cb: pkg=com.wallapop user=UserHandle{0} id=0 tag=default score=20 key=0|com.wallapop|0|default|10276: Notification(pri=2 contentView=null vibrate=default sound=default tick defaults=0xffffffff flags=0x9 color=0xff13c1ac category=msg vis=PRIVATE secFlags=0x0 secPriority=0))) with color=ffffffff

07-09 15:17:02.363  1391  1391 W ResourcesManager: getTopLevelResources: /data/app/com.wallapop-1/base.apk / 1.0 running in com.android.systemui rsrc of package null

07-09 15:17:02.383  1391  1391 W ResourcesManager: getTopLevelResources: /data/app/com.wallapop-1/base.apk / 1.0 running in com.android.systemui rsrc of package null

07-09 15:17:02.403  1391  1391 W ResourcesManager: getTopLevelResources: /data/app/com.wallapop-1/base.apk / 1.0 running in com.android.systemui rsrc of package null

07-09 15:17:02.413  1391  1391 W ResourcesManager: getTopLevelResources: /data/app/com.wallapop-1/base.apk / 1.0 running in com.android.systemui rsrc of package null

07-09 15:17:03.313   874  1723 D ApplicationPolicy: isStatusBarNotificationAllowedAsUser: packageName = com.wallapop,userId = 0

07-09 15:17:03.323   874   874 D EdgeLight: Turning on edge light for notification (NotificationRecord(0x0d3e0ba8: pkg=com.wallapop user=UserHandle{0} id=0 tag=default score=20 key=0|com.wallapop|0|default|10276: Notification(pri=2 contentView=null vibrate=default sound=default tick defaults=0xffffffff flags=0x9 color=0xff13c1ac category=msg vis=PRIVATE secFlags=0x0 secPriority=0))) with color=ffffffff

07-09 15:17:03.323  1391  1391 W ResourcesManager: getTopLevelResources: /data/app/com.wallapop-1/base.apk / 1.0 running in com.android.systemui rsrc of package null

07-09 15:17:03.353  1391  1391 W ResourcesManager: getTopLevelResources: /data/app/com.wallapop-1/base.apk / 1.0 running in com.android.systemui rsrc of package null

07-09 15:17:03.373  1391  1391 W ResourcesManager: getTopLevelResources: /data/app/com.wallapop-1/base.apk / 1.0 running in com.android.systemui rsrc of package null

07-09 15:17:03.383  1391  1391 W ResourcesManager: getTopLevelResources: /data/app/com.wallapop-1/base.apk / 1.0 running in com.android.systemui rsrc of package null

07-09 15:17:04.263   874  1722 D ApplicationPolicy: isStatusBarNotificationAllowedAsUser: packageName = com.wallapop,userId = 0

07-09 15:17:04.273   874   874 D EdgeLight: Turning on edge light for notification (NotificationRecord(0x06e856c1: pkg=com.wallapop user=UserHandle{0} id=0 tag=default score=20 key=0|com.wallapop|0|default|10276: Notification(pri=2 contentView=null vibrate=default sound=default tick defaults=0xffffffff flags=0x9 color=0xff13c1ac category=msg vis=PRIVATE secFlags=0x0 secPriority=0))) with color=ffffffff

07-09 15:17:04.283  1391  1391 W ResourcesManager: getTopLevelResources: /data/app/com.wallapop-1/base.apk / 1.0 running in com.android.systemui rsrc of package null

07-09 15:17:04.293  1391  1391 W ResourcesManager: getTopLevelResources: /data/app/com.wallapop-1/base.apk / 1.0 running in com.android.systemui rsrc of package null

07-09 15:17:04.323  1391  1391 W ResourcesManager: getTopLevelResources: /data/app/com.wallapop-1/base.apk / 1.0 running in com.android.systemui rsrc of package null

07-09 15:17:04.333  1391  1391 W ResourcesManager: getTopLevelResources: /data/app/com.wallapop-1/base.apk / 1.0 running in com.android.systemui rsrc of package null

07-09 15:17:04.733   874   892 D ApplicationPolicy: isStatusBarNotificationAllowedAsUser: packageName = com.wallapop,userId = 0

07-09 15:17:04.743   874   874 D EdgeLight: Turning on edge light for notification (NotificationRecord(0x05a1ee66: pkg=com.wallapop user=UserHandle{0} id=0 tag=default score=20 key=0|com.wallapop|0|default|10276: Notification(pri=2 contentView=null vibrate=default sound=default tick defaults=0xffffffff flags=0x9 color=0xff13c1ac category=msg vis=PRIVATE secFlags=0x0 secPriority=0))) with color=ffffffff

07-09 15:17:04.753  1391  1391 W ResourcesManager: getTopLevelResources: /data/app/com.wallapop-1/base.apk / 1.0 running in com.android.systemui rsrc of package null

07-09 15:17:04.763  1391  1391 W ResourcesManager: getTopLevelResources: /data/app/com.wallapop-1/base.apk / 1.0 running in com.android.systemui rsrc of package null

07-09 15:17:04.783  1391  1391 W ResourcesManager: getTopLevelResources: /data/app/com.wallapop-1/base.apk / 1.0 running in com.android.systemui rsrc of package null

07-09 15:17:04.793  1391  1391 W ResourcesManager: getTopLevelResources: /data/app/com.wallapop-1/base.apk / 1.0 running in com.android.systemui rsrc of package null

07-09 15:17:05.463   874  1913 D ApplicationPolicy: isStatusBarNotificationAllowedAsUser: packageName = com.wallapop,userId = 0

07-09 15:17:05.473   874   874 D EdgeLight: Turning on edge light for notification (NotificationRecord(0x0579c5a7: pkg=com.wallapop user=UserHandle{0} id=0 tag=default score=20 key=0|com.wallapop|0|default|10276: Notification(pri=2 contentView=null vibrate=default sound=default tick defaults=0xffffffff flags=0x9 color=0xff13c1ac category=msg vis=PRIVATE secFlags=0x0 secPriority=0))) with color=ffffffff

07-09 15:17:05.503  1391  1391 W ResourcesManager: getTopLevelResources: /data/app/com.wallapop-1/base.apk / 1.0 running in com.android.systemui rsrc of package null

07-09 15:17:05.543  1391  1391 W ResourcesManager: getTopLevelResources: /data/app/com.wallapop-1/base.apk / 1.0 running in com.android.systemui rsrc of package null

07-09 15:17:05.563  1391  1391 W ResourcesManager: getTopLevelResources: /data/app/com.wallapop-1/base.apk / 1.0 running in com.android.systemui rsrc of package null

07-09 15:17:05.583  1391  1391 W ResourcesManager: getTopLevelResources: /data/app/com.wallapop-1/base.apk / 1.0 running in com.android.systemui rsrc of package null

07-09 15:17:10.583 12895 12895 I Timeline: Timeline: Activity_launch_request id:com.wallapop time:127435833

07-09 15:17:10.593   874   892 V WindowManager: addAppToken: AppWindowToken{45b7938 token=Token{64ce19b ActivityRecord{ee8f1aa u0 com.wallapop/.chatui.inbox.InboxActivity t984}}} to stack=1 task=984 at 1

07-09 15:17:10.633   874  1027 V MARsPolicyManager: updatePackagesScore PackageInfo name -- com.wallapop

07-09 15:17:10.633 12895 12895 W ResourcesManager: getTopLevelResources: /data/app/com.wallapop-1/base.apk / 1.0 running in com.wallapop rsrc of package null

07-09 15:17:10.643 12895 12895 W ResourcesManager: getTopLevelResources: /data/app/com.wallapop-1/base.apk / 1.0 running in com.wallapop rsrc of package null

07-09 15:17:10.673   874  1914 V AlarmManager:  remove PendingIntent] PendingIntent{8eaf0e4: PendingIntentRecord{99ab24d com.wallapop broadcastIntent}}

07-09 15:17:10.773   874  1422 D ISSUE_DEBUG: InputChannelName : 96a0c02 com.wallapop/com.wallapop.chatui.inbox.InboxActivity

07-09 15:17:10.803   874  1028 D StatusBarManagerService: manageDisableList userId=0 what=0x0 pkg=Window{96a0c02 u0 d0 com.wallapop/com.wallapop.chatui.inbox.InboxActivity}

07-09 15:17:10.993   874  1913 V WindowStateAnimator: Finishing drawing window Window{96a0c02 u0 d0 com.wallapop/com.wallapop.chatui.inbox.InboxActivity}: mDrawState=DRAW_PENDING

07-09 15:17:11.023   874  1132 I ActivityManager: Displayed com.wallapop/.chatui.inbox.InboxActivity: +411ms

07-09 15:17:11.273   874  1132 I Timeline: Timeline: Activity_windows_visible id: ActivityRecord{ee8f1aa u0 com.wallapop/.chatui.inbox.InboxActivity t984} time:127436525

07-09 15:17:11.313 12895 12895 W GmsClientEvents: unregisterConnectionFailedListener(): listener GooglePlayServicesHeadlessFragment{7314a93 (5edf61bb-780c-4589-b1c6-00761b3c41e3) com.wallapop.fragments.headless.GooglePlayServicesHeadlessFragment} not found

07-09 15:17:11.313 12895 12895 W GmsClientEvents: unregisterConnectionCallbacks(): listener GooglePlayServicesHeadlessFragment{7314a93 (5edf61bb-780c-4589-b1c6-00761b3c41e3) com.wallapop.fragments.headless.GooglePlayServicesHeadlessFragment} not found

07-09 15:17:11.313 12895 12895 V ActivityThread: updateVisibility : ActivityRecord{2a3deb5 token=android.os.BinderProxy@b609ae7 {com.wallapop/com.rewallapop.ui.wall.WallActivity}} show : false

07-09 15:17:13.283 12895 12895 I Timeline: Timeline: Activity_launch_request id:com.wallapop time:127438534

07-09 15:17:13.303   874  1914 V WindowManager: addAppToken: AppWindowToken{e1f8ac token=Token{130a65f ActivityRecord{a097efe u0 com.wallapop/.activities.ChatActivity t984}}} to stack=1 task=984 at 2

07-09 15:17:13.343   874  1027 V MARsPolicyManager: updatePackagesScore PackageInfo name -- com.wallapop

07-09 15:17:13.353 12895 12895 W ResourcesManager: getTopLevelResources: /data/app/com.wallapop-1/base.apk / 1.0 running in com.wallapop rsrc of package null

07-09 15:17:13.353 12895 12895 W ResourcesManager: getTopLevelResources: /data/app/com.wallapop-1/base.apk / 1.0 running in com.wallapop rsrc of package null

07-09 15:17:13.363 12895 12895 W ResourcesManager: getTopLevelResources: /data/app/com.wallapop-1/base.apk / 1.0 running in com.wallapop rsrc of package null

07-09 15:17:13.473   874  2020 V AlarmManager:  remove PendingIntent] PendingIntent{99f37f1: PendingIntentRecord{99ab24d com.wallapop broadcastIntent}}

07-09 15:17:13.563 12895 13149 E WallapopError: com.wallapop.kernel.exception.NotFoundException:

07-09 15:17:13.563 12895 13149 E WallapopError: java.util.concurrent.ExecutionException: com.wallapop.kernel.exception.NotFoundException:

07-09 15:17:13.563 12895 13149 E WallapopError: Caused by: com.wallapop.kernel.exception.NotFoundException:

07-09 15:17:13.563 12895 13149 E WallapopError: 	at com.wallapop.thirdparty.retrofit.interceptor.ForceNetworkHeaderInterceptor.intercept(SourceFile:9)

07-09 15:17:13.563 12895 13149 E WallapopError: 	at com.wallapop.thirdparty.retrofit.AbsRetrofitApi.response(SourceFile:22)

07-09 15:17:13.563 12895 13149 E WallapopError: 	at com.wallapop.thirdparty.retrofit.AbsRetrofitApi.execute(SourceFile:19)

07-09 15:17:13.583   874  1722 D ISSUE_DEBUG: InputChannelName : 6530257 com.wallapop/com.wallapop.activities.ChatActivity

07-09 15:17:13.593   874  1028 D StatusBarManagerService: manageDisableList userId=0 what=0x0 pkg=Window{6530257 u0 d0 com.wallapop/com.wallapop.activities.ChatActivity}

07-09 15:17:13.623 12895 13157 E WallapopError: com.wallapop.kernel.exception.NotFoundException:

07-09 15:17:13.623 12895 13157 E WallapopError: 	at com.wallapop.thirdparty.retrofit.interceptor.ForceNetworkHeaderInterceptor.intercept(SourceFile:9)

07-09 15:17:13.623 12895 13157 E WallapopError: 	at com.wallapop.thirdparty.retrofit.AbsRetrofitApi.response(SourceFile:22)

07-09 15:17:13.623 12895 13157 E WallapopError: 	at com.wallapop.thirdparty.retrofit.AbsRetrofitApi.execute(SourceFile:19)

07-09 15:17:13.643 12895 12940 W System.err: remove failed: ENOENT (No such file or directory) : /data/user/0/com.wallapop/files/.Fabric/com.crashlytics.sdk.android.crashlytics-core/log-files/crashlytics-userlog-5D24938E02F1-0001-325F-8375A2DE8F28.temp

07-09 15:17:13.663 12895 13156 E WallapopError: com.wallapop.kernel.exception.NotFoundException:

07-09 15:17:13.663 12895 13156 E WallapopError: java.util.concurrent.ExecutionException: com.wallapop.kernel.exception.NotFoundException:

07-09 15:17:13.663 12895 13156 E WallapopError: Caused by: com.wallapop.kernel.exception.NotFoundException:

07-09 15:17:13.663 12895 13156 E WallapopError: 	at com.wallapop.thirdparty.retrofit.interceptor.ForceNetworkHeaderInterceptor.intercept(SourceFile:9)

07-09 15:17:13.663 12895 13156 E WallapopError: 	at com.wallapop.thirdparty.retrofit.AbsRetrofitApi.response(SourceFile:22)

07-09 15:17:13.663 12895 13156 E WallapopError: 	at com.wallapop.thirdparty.retrofit.AbsRetrofitApi.execute(SourceFile:19)

07-09 15:17:13.683   874  4874 V WindowStateAnimator: Finishing drawing window Window{6530257 u0 d0 com.wallapop/com.wallapop.activities.ChatActivity}: mDrawState=DRAW_PENDING

07-09 15:17:13.683   874  1132 I ActivityManager: Displayed com.wallapop/.activities.ChatActivity: +358ms

07-09 15:17:13.703 12895 12940 W System.err: remove failed: ENOENT (No such file or directory) : /data/user/0/com.wallapop/files/.Fabric/com.crashlytics.sdk.android.crashlytics-core/log-files/crashlytics-userlog-5D24938E02F1-0001-325F-8375A2DE8F28.temp

07-09 15:17:13.703   874  1220 V WindowStateAnimator: Finishing drawing window Window{6530257 u0 d0 com.wallapop/com.wallapop.activities.ChatActivity}: mDrawState=HAS_DRAWN

07-09 15:17:13.943   874  1132 I Timeline: Timeline: Activity_windows_visible id: ActivityRecord{a097efe u0 com.wallapop/.activities.ChatActivity t984} time:127439199

07-09 15:17:13.983 12895 12895 V ActivityThread: updateVisibility : ActivityRecord{5f5021d token=android.os.BinderProxy@2beb7f {com.wallapop/com.wallapop.chatui.inbox.InboxActivity}} show : false

07-09 15:17:23.553 12895 12895 E AndroidRuntime: Process: com.wallapop, PID: 12895

07-09 15:17:23.553   874  1422 W ActivityManager:   Force finishing activity com.wallapop/.activities.ChatActivity

07-09 15:17:23.593   874  1028 D ISSUE_DEBUG: InputChannelName : 2491df8 Application Error: com.wallapop

07-09 15:17:23.683   874  1028 D StatusBarManagerService: manageDisableList userId=0 what=0x0 pkg=Window{2491df8 u0 d0 Application Error: com.wallapop}

07-09 15:17:23.733   874  1028 V WindowStateAnimator: Finishing drawing window Window{2491df8 u0 d0 Application Error: com.wallapop}: mDrawState=DRAW_PENDING

07-09 15:17:23.743   874  1028 V WindowStateAnimator: Finishing drawing window Window{2491df8 u0 d0 Application Error: com.wallapop}: mDrawState=HAS_DRAWN

07-09 15:17:24.063   874  1027 W ActivityManager: Activity pause timeout for ActivityRecord{a097efe u0 com.wallapop/.activities.ChatActivity t984 f}

07-09 15:17:24.073   874  1027 V MARsPolicyManager: updatePackagesScore PackageInfo name -- com.wallapop

07-09 15:17:31.623 12895 12903 W REALM_JAVA: Remember to call close() on all Realm instances. Realm /data/data/com.wallapop/files/feature_flags is being finalized without being closed, this can lead to running out of native memory.


