11-10 10:10:03.547  4211  7552 D WindowManager: finishDrawingWindow: Window{e3603c8 u0 com.wallapop/com.rewallapop.ui.wall.WallActivity} mDrawState=DRAW_PENDING

11-10 10:10:03.550  4211  4310 I WindowManager: commitFinishDrawingLocked: mDrawState=READY_TO_SHOW Surface(name=com.wallapop/com.rewallapop.ui.wall.WallActivity[7087])/@0xf56023c

11-10 10:10:03.550  4211  4310 V WindowManager: Resize reasons for w=Window{e3603c8 u0 com.wallapop/com.rewallapop.ui.wall.WallActivity}:  contentInsetsChanged=false [0,63][0,126] visibleInsetsChanged=false [0,63][0,126] stableInsetsChanged=false [0,63][0,126] outsetsChanged=false [0,0][0,0] surfaceResized=false configChanged=false dragResizingChanged=false reportOrientationChanged=false displayCutoutChanged=false nextForceRelayoutToClient=false

11-10 10:10:03.557  4211  4310 I WindowManager: commitFinishDrawingLocked: mDrawState=READY_TO_SHOW Surface(name=com.wallapop/com.rewallapop.ui.wall.WallActivity[7087])/@0xf56023c

11-10 10:10:03.557  4211  4310 I WindowManager: Cancelling animation restarting=false, leash=null, surface=Surface(name=e3603c8 com.wallapop/com.rewallapop.ui.wall.WallActivity)/@0x2b56bc5, parent=Surface(name=AppWindowToken{c4f7352 token=Token{8ee6bdd ActivityRecord{84113b4 u0 com.wallapop/com.rewallapop.ui.wall.WallActivity t2119}}})/@0xd73191a

11-10 10:10:03.558  4211  4310 V WindowManager: performShowLocked: mDrawState=HAS_DRAWN in Window{e3603c8 u0 com.wallapop/com.rewallapop.ui.wall.WallActivity}

11-10 10:10:03.565  4211  4242 I ActivityManager: Displayed com.wallapop/com.rewallapop.ui.wall.WallActivity: +2s850ms (total +11s575ms)

11-10 10:10:03.565  4211  4310 V WindowManager: Remove Window{d3e6588 u0 Splash Screen com.wallapop}: mSurfaceController=Surface(name=Splash Screen com.wallapop)/@0x13115d2 mAnimatingExit=false mRemoveOnExit=false mHasSurface=true surfaceShowing=true isAnimationSet=false app-animation=false mWillReplaceWindow=false inPendingTransaction=false mDisplayFrozen=false callers=com.android.server.wm.WindowState.removeIfPossible:2764 com.android.server.wm.WindowManagerService.removeWindow:1943 com.android.server.wm.Session.remove:268 android.view.ViewRootImpl.dispatchDetachedFromWindow:4565 android.view.ViewRootImpl.doDie:7996 android.view.ViewRootImpl$ViewRootHandler.handleMessage:4987

11-10 10:10:03.566  4211  4310 I WindowManager: Cancelling animation restarting=true, leash=null, surface=Surface(name=d3e6588 Splash Screen com.wallapop)/@0x6634623, parent=Surface(name=AppWindowToken{c4f7352 token=Token{8ee6bdd ActivityRecord{84113b4 u0 com.wallapop/com.rewallapop.ui.wall.WallActivity t2119}}})/@0xd73191a

11-10 10:10:03.566  4211  4310 I WindowManager: Reparenting to leash, surface=Surface(name=d3e6588 Splash Screen com.wallapop)/@0x6634623

11-10 10:10:03.567  3727  3727 I SurfaceFlinger: id=23615 createSurf (4440x4440),2 flag=4, Surface(name=d3e6588 Splash Screen com.wallapop)/@0x6634623 - animation-leash#0

11-10 10:10:03.571  4211  4310 D WindowManager: makeSurface duration=5 leash=Surface(name=Surface(name=d3e6588 Splash Screen com.wallapop)/@0x6634623 - animation-leash)/@0xb9f0628

11-10 10:10:03.571  4211  4310 D SurfaceControl: reparent is called, sc=Surface(name=d3e6588 Splash Screen com.wallapop)/@0x6634623, newParentHandle=android.os.BinderProxy@185ff41, transaction=android.view.SurfaceControl$Transaction@2eae8d9

11-10 10:10:03.576  3727  3770 D Layer   : [d3e6588 Splash Screen com.wallapop#0]::reparent oldParent:[AppWindowToken{c4f7352 token=Token{8ee6bdd ActivityRecord{84113b4 u0 com.wallapop/com.rewallapop.ui.wall.WallActivity t2119}}}#0], newParent:[Surface(name=d3e6588 Splash Screen com.wallapop)/@0x6634623 - animation-leash#0]

11-10 10:10:03.581  3727  3727 I SurfaceFlinger:      Device | 0x70dda20d40 | 0002 | RGBA_8888 |   0.0    0.0 1080.0 2220.0 |    0    0 1080 2220 | com.wallapop/com.rewallapop.ui.wall.WallActivity[7087]#0

11-10 10:10:03.581  3727  3727 I SurfaceFlinger:      Device | 0x70dda21b80 | 0000 | RGBA_8888 |   0.0    0.0 1080.0 2220.0 |    0    0 1080 2220 | Splash Screen com.wallapop#0

11-10 10:10:03.699  7087  7087 V InputMethodManager: Starting input: tba=com.wallapop ic=null mNaviBarColor -1 mIsGetNaviBarColorSuccess true , NavVisible : true , NavTrans : false

11-10 10:10:03.702  4211  7552 V InputMethodManagerService: windowGainedFocus : reason=WINDOW_FOCUS_GAIN client=android.os.BinderProxy@c7a65dc inputContext=null missingMethods= attribute=android.view.inputmethod.EditorInfo@880e227 nm = com.wallapop controlFlags=#104 softInputMode=#110 windowFlags=#81810100

11-10 10:10:03.737  4211  4310 I WindowManager: reset, Reparenting to original parent, shouldDeferScheduleAnimation=false, destroyLeash=true, surface=Surface(name=d3e6588 Splash Screen com.wallapop)/@0x6634623, parent=Surface(name=AppWindowToken{c4f7352 token=Token{8ee6bdd ActivityRecord{84113b4 u0 com.wallapop/com.rewallapop.ui.wall.WallActivity t2119}}})/@0xd73191a, parentNativeHandle=android.os.BinderProxy@9b5b720, caller=com.android.server.wm.SurfaceAnimator.lambda$getFinishedCallback$0:97 com.android.server.wm.-$$Lambda$SurfaceAnimator$SIBia0mND666K8lMCPsoid8pUTI.run:4 com.android.server.wm.SurfaceAnimator.lambda$getFinishedCallback$1:104 com.android.server.wm.-$$Lambda$SurfaceAnimator$vdRZk66hQVbQCvVXEaQCT1kVmFc.onAnimationFinished:4 com.android.server.wm.LocalAnimationAdapter.lambda$startAnimation$0:74

11-10 10:10:03.737  4211  4310 D SurfaceControl: reparent is called, sc=Surface(name=d3e6588 Splash Screen com.wallapop)/@0x6634623, newParentHandle=android.os.BinderProxy@9b5b720, transaction=android.view.SurfaceControl$Transaction@2eae8d9

11-10 10:10:03.738  4211  4310 D SurfaceControl: destroy(transaction), animation-leash is destroyed, sc=Surface(name=Surface(name=d3e6588 Splash Screen com.wallapop)/@0x6634623 - animation-leash)/@0xb9f0628, transaction=android.view.SurfaceControl$Transaction@2eae8d9, caller=com.android.server.wm.SurfaceAnimator.reset:338 com.android.server.wm.SurfaceAnimator.lambda$getFinishedCallback$0:97 com.android.server.wm.-$$Lambda$SurfaceAnimator$SIBia0mND666K8lMCPsoid8pUTI.run:4 com.android.server.wm.SurfaceAnimator.lambda$getFinishedCallback$1:104 com.android.server.wm.-$$Lambda$SurfaceAnimator$vdRZk66hQVbQCvVXEaQCT1kVmFc.onAnimationFinished:4 com.android.server.wm.LocalAnimationAdapter.lambda$startAnimation$0:74 com.android.server.wm.-$$Lambda$LocalAnimationAdapter$X--EomqUvw4qy89IeeTFTH7aCMo.run:4

11-10 10:10:03.739  4211  4310 E WindowManager: win=Window{d3e6588 u0 Splash Screen com.wallapop EXITING} destroySurfaces: appStopped=false win.mWindowRemovalAllowed=true win.mRemoveOnExit=true win.mViewVisibility=0 caller=com.android.server.wm.AppWindowToken.destroySurfaces:870 com.android.server.wm.AppWindowToken.destroySurfaces:851 com.android.server.wm.WindowState.onExitAnimationDone:5436 com.android.server.wm.WindowStateAnimator.onAnimationFinished:319 com.android.server.wm.WindowState.onAnimationFinished:5858 com.android.server.wm.-$$Lambda$yVRF8YoeNdTa8GR1wDStVsHu8xM.run:2 com.android.server.wm.SurfaceAnimator.lambda$getFinishedCallback$0:100

11-10 10:10:03.739  4211  4310 I WindowManager: Destroying surface Surface(name=Splash Screen com.wallapop)/@0x13115d2 called by com.android.server.wm.WindowStateAnimator.destroySurface:1901 com.android.server.wm.WindowStateAnimator.destroySurfaceLocked:838 com.android.server.wm.WindowState.destroySurfaceUnchecked:3839 com.android.server.wm.WindowState.destroySurface:3820 com.android.server.wm.AppWindowToken.destroySurfaces:870 com.android.server.wm.AppWindowToken.destroySurfaces:851 com.android.server.wm.WindowState.onExitAnimationDone:5436 com.android.server.wm.WindowStateAnimator.onAnimationFinished:319

11-10 10:10:03.739  3727  3770 I SurfaceFlinger: id=23608 Removed Splash Screen com.wallapop#0 (0/55)

11-10 10:10:03.745  3727  3771 D Layer   : [d3e6588 Splash Screen com.wallapop#0]::reparent oldParent:[Surface(name=d3e6588 Splash Screen com.wallapop)/@0x6634623 - animation-leash#0], newParent:[AppWindowToken{c4f7352 token=Token{8ee6bdd ActivityRecord{84113b4 u0 com.wallapop/com.rewallapop.ui.wall.WallActivity t2119}}}#0]

11-10 10:10:03.745  3727  3771 W SurfaceFlinger: Attempting to set client state on removed layer: Splash Screen com.wallapop#0 [s.what : 40]

11-10 10:10:03.745  3727  3771 I SurfaceFlinger: id=23615 Removed Surface(name=d3e6588 Splash Screen com.wallapop)/@0x6634623 - animation-leash#0 (2/54)

11-10 10:10:03.745  3727  3771 I SurfaceFlinger: id=23607 Removed d3e6588 Splash Screen com.wallapop#0 (1/53)

11-10 10:10:03.745  3727  3771 W SurfaceFlinger: Attempting to destroy on removed layer: Splash Screen com.wallapop#0

11-10 10:10:03.753  3727  3727 I Layer   : id=23607 onRemoved d3e6588 Splash Screen com.wallapop#0

11-10 10:10:03.753  3727  3727 I Layer   : id=23608 onRemoved Splash Screen com.wallapop#0

11-10 10:10:03.755  3727  3727 I Layer   : id=23615 onRemoved Surface(name=d3e6588 Splash Screen com.wallapop)/@0x6634623 - animation-leash#0

11-10 10:10:03.760  3727  3727 I SurfaceFlinger:      Device | 0x70dda20d40 | 0002 | RGBA_8888 |   0.0    0.0 1080.0 2220.0 |    0    0 1080 2220 | com.wallapop/com.rewallapop.ui.wall.WallActivity[7087]#0

11-10 10:10:03.807  7087  7087 V InputMethodManager: Starting input: tba=com.wallapop ic=null mNaviBarColor -1 mIsGetNaviBarColorSuccess true , NavVisible : true , NavTrans : false

11-10 10:10:03.832  4622  4682 E RequestManager_FLP: [FusedLocationApi] Location request 3168c1(Listener) PRIORITY_BALANCED_POWER_ACCURACY interval=300000 from com.wallapop

11-10 10:10:03.836  3562  3587 I Finsky  : [8252] fxs.d(3): com.wallapop: Account determined from installer data - [rJj4Md76H4LxoN-B4dnoZM7XaXDDBcXGlC-caOCi6Uc]

11-10 10:10:03.837  3562  3587 I Finsky  : [8252] fxs.d(14): com.wallapop: Account from preferred account - [rJj4Md76H4LxoN-B4dnoZM7XaXDDBcXGlC-caOCi6Uc]

11-10 10:10:03.849  3562  3587 I Finsky  : [8252] fxs.d(3): com.wallapop: Account determined from installer data - [rJj4Md76H4LxoN-B4dnoZM7XaXDDBcXGlC-caOCi6Uc]

11-10 10:10:03.850  3562  3587 I Finsky  : [8252] fxs.d(14): com.wallapop: Account from preferred account - [rJj4Md76H4LxoN-B4dnoZM7XaXDDBcXGlC-caOCi6Uc]

11-10 10:10:04.020  4211  6393 I WindowManager: Cancelling animation restarting=false, leash=null, surface=Surface(name=AppWindowToken{5b9b417 token=Token{dabd096 ActivityRecord{a20a3b1 u0 com.wallapop/com.rewallapop.ui.main.MainActivity t2119}}})/@0x1f309f7, parent=Surface(name=Task=2119)/@0xd8eb064

11-10 10:10:04.038  3727  3770 I SurfaceFlinger: id=23606 Removed AppWindowToken{5b9b417 token=Token{dabd096 ActivityRecord{a20a3b1 u0 com.wallapop/com.rewallapop.ui.main.MainActivity t2119}}}#0 (0/52)

11-10 10:10:04.045  4211  4228 D CodecSolution: isMaxAspectPackageEx: com.wallapop : true(2)

11-10 10:10:04.054  3727  3727 I Layer   : id=23606 onRemoved AppWindowToken{5b9b417 token=Token{dabd096 ActivityRecord{a20a3b1 u0 com.wallapop/com.rewallapop.ui.main.MainActivity t2119}}}#0

11-10 10:10:04.175  4211  4669 D MdnieScenarioControlService:  packageName : com.wallapop    className : com.rewallapop.ui.wall.WallActivity

11-10 10:10:04.472  7087  7098 I com.wallapop: Background concurrent copying GC freed 185458(13MB) AllocSpace objects, 99(9MB) LOS objects, 44% free, 29MB/53MB, paused 509us total 156.036ms

11-10 10:10:04.591  7087  7087 W com.wallapop: Accessing hidden field Landroid/view/View;->mAccessibilityDelegate:Landroid/view/View$AccessibilityDelegate; (light greylist, reflection)

11-10 10:10:05.497  7087  7087 W View    : requestLayout() improperly called by com.wallapop.design.view.WallapopTextView{65c8cc5 V.ED..... ......ID 47,26-47,86 #7f0a0904 app:id/wp__home__tv_bubble} during layout: running second layout pass

11-10 10:10:07.128  4211  6257 D WifiPermissionsUtil: canAccessScanResults: pkgName = com.wallapop, uid = 10311

11-10 10:10:07.265  4211  4390 D WifiTrafficPoller: TrafficStats TxPkts=762800 RxPkts=1356833 TxBytes=173870252 RxBytes=1287046737 , Foreground uid=10311 pkgName=com.wallapop TxPackets=60715 RxPackets=69238 TxBytes=9152988 RxBytes=69351612

11-10 10:10:07.677  7087  7401 D Amazon DTB Ads API: with query params:[?dt=android&app=app&dinfo=%7B%22os%22%3A%22Android%22%2C%22model%22%3A%22SM-A750FN%22%2C%22make%22%3A%22samsung%22%2C%22osVersion%22%3A%229%22%2C%22connectionType%22%3A%22Wifi%22%2C%22country%22%3A%22ES%22%2C%22scalingFactor%22%3A%222.625%22%2C%22carrier%22%3A%22JAZZTEL%22%2C%22language%22%3A%22es%22%2C%22screenSize%22%3A%221080x2094%22%2C%22orientation%22%3A%22portrait%22%7D&oo=0&aud=3p&idfa=bf505ce3-e614-4d9a-a4d7-9c324edc6560&appId=d2ba46e2d5ef4c9883051d9c8d0125d5&sdkVer=aps-android-7.4.3&ua=Dalvik%2F2.1.0%20%28Linux%3B%20U%3B%20Android%209%3B%20SM-A750FN%20Build%2FPPR1.180610.011%29&pkg=%7B%22lbl%22%3A%22_Wallapop_%22%2C%22pn%22%3A%22com.wallapop%22%2C%22v%22%3A%221850000%22%2C%22vn%22%3A%221.85.0-d1910251130%22%7D]

11-10 10:10:08.122  7087  7401 D Amazon DTB Ads API: Error while connecting to remote server: https://s.amazon-adsystem.com/api3/generate_did?dt=android&app=app&dinfo=%7B%22os%22%3A%22Android%22%2C%22model%22%3A%22SM-A750FN%22%2C%22make%22%3A%22samsung%22%2C%22osVersion%22%3A%229%22%2C%22connectionType%22%3A%22Wifi%22%2C%22country%22%3A%22ES%22%2C%22scalingFactor%22%3A%222.625%22%2C%22carrier%22%3A%22JAZZTEL%22%2C%22language%22%3A%22es%22%2C%22screenSize%22%3A%221080x2094%22%2C%22orientation%22%3A%22portrait%22%7D&oo=0&aud=3p&idfa=bf505ce3-e614-4d9a-a4d7-9c324edc6560&appId=d2ba46e2d5ef4c9883051d9c8d0125d5&sdkVer=aps-android-7.4.3&ua=Dalvik%2F2.1.0%20%28Linux%3B%20U%3B%20Android%209%3B%20SM-A750FN%20Build%2FPPR1.180610.011%29&pkg=%7B%22lbl%22%3A%22_Wallapop_%22%2C%22pn%22%3A%22com.wallapop%22%2C%22v%22%3A%221850000%22%2C%22vn%22%3A%221.85.0-d1910251130%22%7D with error:Chain validation failed

11-10 10:10:08.124  7087  7401 E Amazon DTB Ads API: 	at com.wallapop.thirdparty.ads.b.a.a(SourceFile:43)

11-10 10:10:08.124  7087  7401 E Amazon DTB Ads API: 	at com.wallapop.thirdparty.ads.b.a$b$1.invokeSuspend(SourceFile:34)

11-10 10:10:08.124  7087  7401 E Amazon DTB Ads API: 	at com.wallapop.thirdparty.ads.b.a$b$1.invoke(Unknown Source:10)

11-10 10:10:08.124  7087  7401 E Amazon DTB Ads API: 	at com.wallapop.thirdparty.ads.b.a$b.invokeSuspend(SourceFile:33)

11-10 10:10:08.224  7087  7649 D Amazon DTB Ads API: with query params:[?dt=android&app=app&dinfo=%7B%22os%22%3A%22Android%22%2C%22model%22%3A%22SM-A750FN%22%2C%22make%22%3A%22samsung%22%2C%22osVersion%22%3A%229%22%2C%22connectionType%22%3A%22Wifi%22%2C%22country%22%3A%22ES%22%2C%22scalingFactor%22%3A%222.625%22%2C%22carrier%22%3A%22JAZZTEL%22%2C%22language%22%3A%22es%22%2C%22screenSize%22%3A%221080x2094%22%2C%22orientation%22%3A%22portrait%22%7D&oo=0&aud=3p&idfa=bf505ce3-e614-4d9a-a4d7-9c324edc6560&appId=d2ba46e2d5ef4c9883051d9c8d0125d5&sdkVer=aps-android-7.4.3&ua=Dalvik%2F2.1.0%20%28Linux%3B%20U%3B%20Android%209%3B%20SM-A750FN%20Build%2FPPR1.180610.011%29&pkg=%7B%22lbl%22%3A%22_Wallapop_%22%2C%22pn%22%3A%22com.wallapop%22%2C%22v%22%3A%221850000%22%2C%22vn%22%3A%221.85.0-d1910251130%22%7D]

11-10 10:10:08.595  7087  7098 I com.wallapop: Background concurrent copying GC freed 333228(18MB) AllocSpace objects, 143(13MB) LOS objects, 49% free, 22MB/44MB, paused 681us total 210.991ms

11-10 10:10:08.681  7087  7649 D Amazon DTB Ads API: Error while connecting to remote server: https://s.amazon-adsystem.com/api3/generate_did?dt=android&app=app&dinfo=%7B%22os%22%3A%22Android%22%2C%22model%22%3A%22SM-A750FN%22%2C%22make%22%3A%22samsung%22%2C%22osVersion%22%3A%229%22%2C%22connectionType%22%3A%22Wifi%22%2C%22country%22%3A%22ES%22%2C%22scalingFactor%22%3A%222.625%22%2C%22carrier%22%3A%22JAZZTEL%22%2C%22language%22%3A%22es%22%2C%22screenSize%22%3A%221080x2094%22%2C%22orientation%22%3A%22portrait%22%7D&oo=0&aud=3p&idfa=bf505ce3-e614-4d9a-a4d7-9c324edc6560&appId=d2ba46e2d5ef4c9883051d9c8d0125d5&sdkVer=aps-android-7.4.3&ua=Dalvik%2F2.1.0%20%28Linux%3B%20U%3B%20Android%209%3B%20SM-A750FN%20Build%2FPPR1.180610.011%29&pkg=%7B%22lbl%22%3A%22_Wallapop_%22%2C%22pn%22%3A%22com.wallapop%22%2C%22v%22%3A%221850000%22%2C%22vn%22%3A%221.85.0-d1910251130%22%7D with error:Chain validation failed

11-10 10:10:08.719  7087  7649 D Amazon DTB Ads API: with json params:[{"oo":"false","dinfo":{"os":"Android","model":"SM-A750FN","make":"samsung","osVersion":"9","connectionType":"Wifi","country":"ES","scalingFactor":"2.625","carrier":"JAZZTEL","language":"es","screenSize":"1080x2094","orientation":"portrait"},"adsdk":"aps-android-7.4.3","slots":[{"sz":"320x50","slot":"f414d83c-ab9f-4e02-9c59-5137663ee6c7","slotId":1,"supportedMediaTypes":["DISPLAY"]}],"mraid":["1.0","2.0","3.0"],"appId":"d2ba46e2d5ef4c9883051d9c8d0125d5","idfa":"bf505ce3-e614-4d9a-a4d7-9c324edc6560","geoloc":"41.4478705,2.2381724,18.664","isDTBMobile":"true","ua":"Dalvik\/2.1.0 (Linux; U; Android 9; SM-A750FN Build\/PPR1.180610.011)","pkg":{"lbl":"_Wallapop_","pn":"com.wallapop","v":"1850000","vn":"1.85.0-d1910251130"},"gdpr":{"e":"1","c":"BOR0xKKOR0xKKABABAENBZ-AAAAfZ7_______9______9uz_Gv_v_f__33e8__9v_l_7_-___u_-33d4-_1vX99yfm1-7ftr3tp_86ues2vHqK9ZoA"}}]

11-10 10:10:09.983  7087  7087 W com.wallapop: Accessing hidden method Landroid/media/AudioTrack;->getLatency()I (light greylist, reflection)

11-10 10:10:10.408  4211  4475 I CodecSolution: pid(7087) pkg(com.wallapop)

11-10 10:10:10.421  4211  6257 D CodecSolution: topName : com.wallapop

11-10 10:10:10.421  4211  6257 I CodecSolution: Top : com.wallapop

11-10 10:10:10.421  4211  6257 D SCPMHelper: getPackageInfo(com.wallapop)

11-10 10:10:10.446  4211  4475 I CodecSolution: pid(7087) pkg(com.wallapop)

11-10 10:10:10.451  4211  7552 D CodecSolution: topName : com.wallapop

11-10 10:10:10.451  4211  7552 I CodecSolution: Top : com.wallapop

11-10 10:10:10.451  4211  7552 D SCPMHelper: getPackageInfo(com.wallapop)

11-10 10:10:10.540  7087  7692 I chatty  : uid=10311(com.wallapop) CodecLooper identical 1 line

11-10 10:10:11.325  7087  7688 I chatty  : uid=10311(com.wallapop) CodecLooper identical 1 line

11-10 10:10:11.344  7087  7692 I chatty  : uid=10311(com.wallapop) CodecLooper identical 1 line

11-10 10:10:11.377  4211  4390 D WifiTrafficPoller: TrafficStats TxPkts=763073 RxPkts=1357120 TxBytes=173935912 RxBytes=1287176922 , Foreground uid=10311 pkgName=com.wallapop TxPackets=60970 RxPackets=69479 TxBytes=9212561 RxBytes=69470812

11-10 10:10:12.156  7087  7098 I com.wallapop: Background concurrent copying GC freed 264477(12MB) AllocSpace objects, 162(7MB) LOS objects, 47% free, 26MB/50MB, paused 437us total 183.213ms

11-10 10:10:15.453  4211  4390 D WifiTrafficPoller: TrafficStats TxPkts=763187 RxPkts=1357268 TxBytes=173970329 RxBytes=1287257586 , Foreground uid=10311 pkgName=com.wallapop TxPackets=61070 RxPackets=69584 TxBytes=9241587 RxBytes=69527387

11-10 10:10:15.722  4211  4475 I CodecSolution: pid(7087) pkg(com.wallapop)

11-10 10:10:15.733  4211  6257 D CodecSolution: topName : com.wallapop

11-10 10:10:15.733  4211  6257 I CodecSolution: Top : com.wallapop

11-10 10:10:15.733  4211  6257 D SCPMHelper: getPackageInfo(com.wallapop)

11-10 10:10:15.784  7087  7745 I chatty  : uid=10311(com.wallapop) CodecLooper identical 1 line

11-10 10:10:16.687  7087  7745 I chatty  : uid=10311(com.wallapop) CodecLooper identical 1 line


