Executed '[C58894] Chat: Active conversations - Conversations information' on 31-10-2019
---------------------------------------------------------------------------------
11-10 10:07:18.171  4211  5518 D GameManagerService: identifyGamePackage. com.wallapop

11-10 10:07:18.171  4211  5518 D GamePkgDataHelper: getGamePkgData(). com.wallapop

11-10 10:09:51.115  7011  7073 I appium  : AppiumResponse: {"sessionId":"cd01dc62-c5c8-4f5a-b810-b3e9f928c5a1","value":{"sessionId":"cd01dc62-c5c8-4f5a-b810-b3e9f928c5a1","capabilities":{"firstMatch":[{"platform":"LINUX","webStorageEnabled":false,"takesScreenshot":true,"javascriptEnabled":true,"databaseEnabled":false,"networkConnectionEnabled":true,"locationContextEnabled":false,"warnings":{},"desired":{"platformName":"android","normalizeTagNames":true,"androidInstallTimeout":150000,"app":"","appActivity":"com.rewallapop.ui.main.MainActivity","appPackage":"com.wallapop","isHeadless":false,"skipDeviceInitialization":true,"autoAcceptAlerts":true,"autoGrantPermissions":true,"automationName":"UiAutomator2","avd":"","deviceName":"3200f02dc0aab5db","deviceReadyTimeout":1,"fullReset":false,"ignoreUnimportantViews":true,"newCommandTimeout":60,"noReset":true,"systemPort":8223,"udid":"3200f02dc0aab5db"},"platformName":"android","normalizeTagNames":true,"androidInstallTimeout":150000,"app":"","appActivity":"com.rewallapop.ui.main.MainActivity","appPackage":"com.wallapop","isHeadless":false,"skipDeviceInitialization":true,"autoAcceptAlerts":true,"autoGrantPermissions":true,"automationName":"UiAutomator2","avd":"","deviceName":"3200f02dc0aab5db","deviceReadyTimeout":1,"fullReset":false,"ignoreUnimportantViews":true,"newCommandTimeout":60,"noReset":true,"systemPort":8223,"udid":"3200f02dc0aab5db","deviceUDID":"3200f02dc0aab5db"}],"alwaysMatch":{}}}}

11-10 10:09:51.676  4211  5504 I ActivityManager: Force stopping com.wallapop appid=10311 user=0: from pid 7080 caller com.android.server.am.ActivityManagerShellCommand.runStartActivity:412

11-10 10:09:51.678  4211  5504 I ActivityManager: Killing 5973:com.wallapop/u0a311 (adj 904): stop com.wallapop,from pid 7080 caller com.android.server.am.ActivityManagerShellCommand.runStartActivity:412

11-10 10:09:51.698  4211  4211 D SamsungAlarmManager: Remove alarm for next reason : android.intent.action.PACKAGE_RESTARTED : package: com.wallapop

11-10 10:09:51.705  4211  4227 W BroadcastQueue: Background execution not allowed: receiving Intent { act=android.intent.action.PACKAGE_RESTARTED dat=package:com.wallapop flg=0x10 (has extras) } to android/com.kddi.android.CpaNotiReceiver

11-10 10:09:51.947  4211  5504 I ActivityManager: START u0 {act=null typ=null flg=0x10000000 cmp=ComponentInfo{com.wallapop/com.rewallapop.ui.main.MainActivity}} from uid 2000

11-10 10:09:51.951  4211  5504 I ActivityManager: [IOP] sourceDir : /data/app/com.wallapop-YuY1orTsl_VIwwe6m0TquQ== in ActivityStacksupervisor

11-10 10:09:51.968  3727  3727 I SurfaceFlinger: id=23606 createSurf (4440x4440),2 flag=4, AppWindowToken{5b9b417 token=Token{dabd096 ActivityRecord{a20a3b1 u0 com.wallapop/com.rewallapop.ui.main.MainActivity t2119}}}#0

11-10 10:09:51.980  3727  3727 I SurfaceFlinger: id=23607 createSurf (4440x4440),2 flag=4, d3e6588 Splash Screen com.wallapop#0

11-10 10:09:51.985  4211  6257 D StorageManagerService: getExternalStorageMountMode : final mountMode=1, uid : 10311, packageName : com.wallapop

11-10 10:09:51.985  4211  6257 I ApplicationPolicy: isApplicationExternalStorageWhitelisted:com.wallapop user:0

11-10 10:09:51.985  4211  6257 D ActivityManager: package  com.wallapop, user - 0 is SDcard whitelisted

11-10 10:09:51.985  4211  6257 I ApplicationPolicy: isApplicationExternalStorageBlacklisted:com.wallapop user:0

11-10 10:09:51.985  4211  6257 I ApplicationPolicy: isApplicationExternalStorageBlacklisted:com.wallapop user:0

11-10 10:09:51.986  4211  4211 D Telecom:SamsungPrebindingServiceImpl: onTopActivityChanged : ComponentInfo{com.wallapop/com.rewallapop.ui.main.MainActivity}

11-10 10:09:52.001  4211  4229 I ActivityManager: Start proc 7087:com.wallapop/u0a311 for activity com.wallapop/com.rewallapop.ui.main.MainActivity

11-10 10:09:52.003  4211  4310 V WindowManager: Relayout Window{d3e6588 u0 Splash Screen com.wallapop}: viewVisibility=0 req=1080x2220 {(0,0)(fillxfill) sim={adjust=pan} ty=APPLICATION_STARTING fmt=TRANSLUCENT wanim=0x10302fe

11-10 10:09:52.006  3727  3727 I SurfaceFlinger: id=23608 createSurf (1080x2220),1 flag=4, Splash Screen com.wallapop#0

11-10 10:09:52.008  4211  4310 D WindowManager: makeSurface duration=2 name=Splash Screen com.wallapop

11-10 10:09:52.009  7087  7087 I com.wallapop: Late-enabling -Xcheck:jni

11-10 10:09:52.039  4211  4310 D WindowManager: finishDrawingWindow: Window{d3e6588 u0 Splash Screen com.wallapop} mDrawState=DRAW_PENDING

11-10 10:09:52.042  4211  4310 I WindowManager: commitFinishDrawingLocked: mDrawState=READY_TO_SHOW Surface(name=Splash Screen com.wallapop)/@0x13115d2

11-10 10:09:52.042  4211  4310 V WindowManager: Resize reasons for w=Window{d3e6588 u0 Splash Screen com.wallapop}:  contentInsetsChanged=false [0,63][0,126] visibleInsetsChanged=false [0,63][0,126] stableInsetsChanged=false [0,63][0,126] outsetsChanged=false [0,0][0,0] surfaceResized=false configChanged=false dragResizingChanged=false reportOrientationChanged=false displayCutoutChanged=false nextForceRelayoutToClient=false

11-10 10:09:52.046  7087  7087 I com.wallapop: report jit thread pid = 7092

11-10 10:09:52.061  4211  6393 I ActivityManager: DSS on for com.wallapop and scale is 1.0

11-10 10:09:52.065  4211  6393 I WindowManager: commitFinishDrawingLocked: mDrawState=READY_TO_SHOW Surface(name=Splash Screen com.wallapop)/@0x13115d2

11-10 10:09:52.069  4211  6393 D GamePkgDataHelper: notifyAppCreate(), pkgName: com.wallapop, sendRet: true

11-10 10:09:52.069  4211  4473 D GamePkgDataHelper: getGamePkgData(). com.wallapop

11-10 10:09:52.069  4211  4473 D GameManagerService: handleMessage(), MSG_APP_CREATE. ignore. pkgName: com.wallapop

11-10 10:09:52.071  4211  4310 I WindowManager: commitFinishDrawingLocked: mDrawState=READY_TO_SHOW Surface(name=Splash Screen com.wallapop)/@0x13115d2

11-10 10:09:52.075  4211  6393 D GameManagerService: noteResumeComponent(), resumeComponent: com.wallapop

11-10 10:09:52.075  4211  6393 D GamePkgDataHelper: getSosPolicy(). com.wallapop

11-10 10:09:52.075  4211  4473 D GameManagerService: handleForegroundChange(). pkgName: com.wallapop, clsName: com.rewallapop.ui.main.MainActivity,FgActivityName:com.wallapop/com.rewallapop.ui.main.MainActivity

11-10 10:09:52.076  4211  4473 D GameManagerService:   handleForegroundChange(). set mFgApp: com.wallapop

11-10 10:09:52.076  4211  4473 D GameManagerService: notifyResumePause(). pkg: com.wallapop, type: 4, isMinimized: false, isTunableApp: false

11-10 10:09:52.076  4211  6755 D GamePkgDataHelper: getGamePkgDataIncServer(). com.wallapop

11-10 10:09:52.076  4211  6393 D GameManagerService: identifyGamePackage. com.wallapop

11-10 10:09:52.077  4211  6393 D GamePkgDataHelper: getGamePkgData(). com.wallapop

11-10 10:09:52.077  4211  6393 D MARsPolicyManager: onPackageResumedFG pkgName = com.wallapop, userId = 0

11-10 10:09:52.078  4211  4310 I WindowManager: commitFinishDrawingLocked: mDrawState=READY_TO_SHOW Surface(name=Splash Screen com.wallapop)/@0x13115d2

11-10 10:09:52.079  4211  6756 D GamePkgDataHelper: getSosPolicy(). com.wallapop

11-10 10:09:52.085  4211  6756 D GameManagerService: identifyGamePackage. com.wallapop

11-10 10:09:52.085  4211  6756 D GamePkgDataHelper: getGamePkgData(). com.wallapop

11-10 10:09:52.088  4211  4310 I WindowManager: Cancelling animation restarting=true, leash=null, surface=Surface(name=AppWindowToken{5b9b417 token=Token{dabd096 ActivityRecord{a20a3b1 u0 com.wallapop/com.rewallapop.ui.main.MainActivity t2119}}})/@0x1f309f7, parent=Surface(name=Task=2119)/@0xd8eb064

11-10 10:09:52.088  4211  4310 I WindowManager: Reparenting to leash, surface=Surface(name=AppWindowToken{5b9b417 token=Token{dabd096 ActivityRecord{a20a3b1 u0 com.wallapop/com.rewallapop.ui.main.MainActivity t2119}}})/@0x1f309f7

11-10 10:09:52.089  3727  3727 I SurfaceFlinger: id=23610 createSurf (4440x4440),2 flag=4, Surface(name=AppWindowToken{5b9b417 token=Token{dabd096 ActivityRecord{a20a3b1 u0 com.wallapop/com.rewallapop.ui.main.MainActivity t2119}}})/@0x1f309f7 - animation-leash#0

11-10 10:09:52.091  4211  4310 D WindowManager: makeSurface duration=3 leash=Surface(name=Surface(name=AppWindowToken{5b9b417 token=Token{dabd096 ActivityRecord{a20a3b1 u0 com.wallapop/com.rewallapop.ui.main.MainActivity t2119}}})/@0x1f309f7 - animation-leash)/@0xd7c2cd

11-10 10:09:52.091  4211  4310 D SurfaceControl: reparent is called, sc=Surface(name=AppWindowToken{5b9b417 token=Token{dabd096 ActivityRecord{a20a3b1 u0 com.wallapop/com.rewallapop.ui.main.MainActivity t2119}}})/@0x1f309f7, newParentHandle=android.os.BinderProxy@c69782, transaction=android.view.SurfaceControl$Transaction@7444e93

11-10 10:09:52.091  4211  4310 V WindowManager: performShowLocked: mDrawState=HAS_DRAWN in Window{d3e6588 u0 Splash Screen com.wallapop}

11-10 10:09:52.094  3727  3771 D Layer   : [AppWindowToken{5b9b417 token=Token{dabd096 ActivityRecord{a20a3b1 u0 com.wallapop/com.rewallapop.ui.main.MainActivity t2119}}}#0]::reparent oldParent:[Task=2119#0], newParent:[Surface(name=AppWindowToken{5b9b417 token=Token{dabd096 ActivityRecord{a20a3b1 u0 com.wallapop/com.rewallapop.ui.main.MainActivity t2119}}})/@0x1f309f7 - animation-leash#0]

11-10 10:09:52.097  4211  4228 D CodecSolution: isMaxAspectPackageEx: com.wallapop : true(2)

11-10 10:09:52.102  4211  6756 D GameManagerService: identifyGamePackage. com.wallapop

11-10 10:09:52.102  4211  6756 D GamePkgDataHelper: getGamePkgData(). com.wallapop

11-10 10:09:52.102  4211  4228 D WindowManager: setSystemUiVisibility: vis= 0xa018, fullscreenVis= 0x2000, dockedVis= 0x0, win=Window{d3e6588 u0 Splash Screen com.wallapop}

11-10 10:09:52.102  7087  7087 I com.wallapop: The ClassLoaderContext is a special shared library.

11-10 10:09:52.198  3727  3727 I SurfaceFlinger:      Client | 0x70dda21b80 | 0000 | RGBA_8888 |   0.0    1.0 1080.0 2219.0 |   89  184  991 2036 | Splash Screen com.wallapop#0

11-10 10:09:52.209  4211  4669 D MdnieScenarioControlService:  packageName : com.wallapop    className : com.rewallapop.ui.main.MainActivity

11-10 10:09:52.223  3727  3727 I SurfaceFlinger:      Device | 0x70dda21b80 | 0000 | RGBA_8888 |   0.0    0.0 1080.0 2220.0 |   67  137 1013 2083 | Splash Screen com.wallapop#0

11-10 10:09:52.340  4211  4310 I WindowManager: reset, Reparenting to original parent, shouldDeferScheduleAnimation=false, destroyLeash=true, surface=Surface(name=AppWindowToken{5b9b417 token=Token{dabd096 ActivityRecord{a20a3b1 u0 com.wallapop/com.rewallapop.ui.main.MainActivity t2119}}})/@0x1f309f7, parent=Surface(name=Task=2119)/@0xd8eb064, parentNativeHandle=android.os.BinderProxy@65b40ef, caller=com.android.server.wm.SurfaceAnimator.lambda$getFinishedCallback$0:97 com.android.server.wm.-$$Lambda$SurfaceAnimator$SIBia0mND666K8lMCPsoid8pUTI.run:4 com.android.server.wm.SurfaceAnimator.lambda$getFinishedCallback$1:104 com.android.server.wm.-$$Lambda$SurfaceAnimator$vdRZk66hQVbQCvVXEaQCT1kVmFc.onAnimationFinished:4 com.android.server.wm.LocalAnimationAdapter.lambda$startAnimation$0:74

11-10 10:09:52.340  4211  4310 D SurfaceControl: reparent is called, sc=Surface(name=AppWindowToken{5b9b417 token=Token{dabd096 ActivityRecord{a20a3b1 u0 com.wallapop/com.rewallapop.ui.main.MainActivity t2119}}})/@0x1f309f7, newParentHandle=android.os.BinderProxy@65b40ef, transaction=android.view.SurfaceControl$Transaction@7444e93

11-10 10:09:52.341  4211  4310 D SurfaceControl: destroy(transaction), animation-leash is destroyed, sc=Surface(name=Surface(name=AppWindowToken{5b9b417 token=Token{dabd096 ActivityRecord{a20a3b1 u0 com.wallapop/com.rewallapop.ui.main.MainActivity t2119}}})/@0x1f309f7 - animation-leash)/@0xd7c2cd, transaction=android.view.SurfaceControl$Transaction@7444e93, caller=com.android.server.wm.SurfaceAnimator.reset:338 com.android.server.wm.SurfaceAnimator.lambda$getFinishedCallback$0:97 com.android.server.wm.-$$Lambda$SurfaceAnimator$SIBia0mND666K8lMCPsoid8pUTI.run:4 com.android.server.wm.SurfaceAnimator.lambda$getFinishedCallback$1:104 com.android.server.wm.-$$Lambda$SurfaceAnimator$vdRZk66hQVbQCvVXEaQCT1kVmFc.onAnimationFinished:4 com.android.server.wm.LocalAnimationAdapter.lambda$startAnimation$0:74 com.android.server.wm.-$$Lambda$LocalAnimationAdapter$X--EomqUvw4qy89IeeTFTH7aCMo.run:4

11-10 10:09:52.343  3727  3770 D Layer   : [AppWindowToken{5b9b417 token=Token{dabd096 ActivityRecord{a20a3b1 u0 com.wallapop/com.rewallapop.ui.main.MainActivity t2119}}}#0]::reparent oldParent:[Surface(name=AppWindowToken{5b9b417 token=Token{dabd096 ActivityRecord{a20a3b1 u0 com.wallapop/com.rewallapop.ui.main.MainActivity t2119}}})/@0x1f309f7 - animation-leash#0], newParent:[Task=2119#0]

11-10 10:09:52.343  3727  3770 I SurfaceFlinger: id=23610 Removed Surface(name=AppWindowToken{5b9b417 token=Token{dabd096 ActivityRecord{a20a3b1 u0 com.wallapop/com.rewallapop.ui.main.MainActivity t2119}}})/@0x1f309f7 - animation-leash#0 (0/54)

11-10 10:09:52.356  3727  3727 I Layer   : id=23610 onRemoved Surface(name=AppWindowToken{5b9b417 token=Token{dabd096 ActivityRecord{a20a3b1 u0 com.wallapop/com.rewallapop.ui.main.MainActivity t2119}}})/@0x1f309f7 - animation-leash#0

11-10 10:09:52.398  3727  3727 I SurfaceFlinger:      Device | 0x70dda21b80 | 0000 | RGBA_8888 |   0.0    0.0 1080.0 2220.0 |    0    0 1080 2220 | Splash Screen com.wallapop#0

11-10 10:09:54.272  7087  7113 I FA      :   adb shell setprop debug.firebase.analytics.app com.wallapop

11-10 10:09:54.286  7087  7126 W com.wallapop: Unsupported class loader

11-10 10:09:54.293  7087  7126 W com.wallapop: Skipping duplicate class check due to unsupported classloader

11-10 10:09:54.358  7087  7126 W com.wallapop: Unsupported class loader

11-10 10:09:54.367  7087  7087 I com.wallapop: Waiting for a blocking GC ClassLinker

11-10 10:09:55.058  4211  4390 D WifiTrafficPoller: TrafficStats TxPkts=762197 RxPkts=1356134 TxBytes=173726408 RxBytes=1286535821 , Foreground uid=10311 pkgName=com.wallapop TxPackets=60231 RxPackets=68748 TxBytes=9059389 RxBytes=68953506

11-10 10:09:56.066  7087  7161 I stetho  : Listening on @stetho_com.wallapop_devtools_remote

11-10 10:09:56.229  7087  7167 W com.wallapop: Accessing hidden field Lsun/misc/Unsafe;->theUnsafe:Lsun/misc/Unsafe; (light greylist, reflection)

11-10 10:09:56.369  7087  7169 W com.wallapop: Accessing hidden field Ljava/nio/Buffer;->address:J (light greylist, reflection)

11-10 10:09:56.457  7087  7087 I com.wallapop: The ClassLoaderContext is a special shared library.

11-10 10:09:56.462  7087  7087 I chatty  : uid=10311(com.wallapop) identical 1 line

11-10 10:09:56.466  7087  7087 I com.wallapop: The ClassLoaderContext is a special shared library.

11-10 10:09:56.787  7087  7192 W com.wallapop: Accessing hidden method Landroid/content/Context;->bindServiceAsUser(Landroid/content/Intent;Landroid/content/ServiceConnection;ILandroid/os/Handler;Landroid/os/UserHandle;)Z (light greylist, reflection)

11-10 10:09:56.793  4211  6756 I ApplicationPolicy: isApplicationExternalStorageWhitelisted:com.wallapop user:0

11-10 10:09:56.793  4211  6756 D ActivityManager: package  com.wallapop, user - 0 is SDcard whitelisted

11-10 10:09:56.793  4211  6756 I ApplicationPolicy: isApplicationExternalStorageBlacklisted:com.wallapop user:0

11-10 10:09:56.793  4211  6756 I ApplicationPolicy: isApplicationExternalStorageBlacklisted:com.wallapop user:0

11-10 10:09:56.812  4211  4229 I ActivityManager: Start proc 7194:com.android.chrome:sandboxed_process0/u0i774 for webview_service com.wallapop/org.chromium.content.app.SandboxedProcessService0

11-10 10:09:56.854  4211  6755 D WifiPermissionsUtil: canAccessScanResults: pkgName = com.wallapop, uid = 10311

11-10 10:09:56.857  4211  6755 I ActivityManager: DSS on for com.wallapop and scale is 1.0

11-10 10:09:56.859  4211  6755 D MultiDisplayManager: init process display: set packageProcessId, displayId=0, same_package_proc=ProcessRecord{deb94dad0 7087:com.wallapop/u0a311}, app=ProcessRecord{599b0bcd0 7194:com.android.chrome:sandboxed_process0/u0a311i774}

11-10 10:09:56.934  7087  7087 W com.wallapop: Accessing hidden method Landroid/view/textclassifier/logging/SmartSelectionEventTracker;-><init>(Landroid/content/Context;I)V (light greylist, reflection)

11-10 10:09:56.934  7087  7087 W com.wallapop: Accessing hidden method Landroid/view/textclassifier/logging/SmartSelectionEventTracker;->logEvent(Landroid/view/textclassifier/logging/SmartSelectionEventTracker$SelectionEvent;)V (light greylist, reflection)

11-10 10:09:56.935  7087  7087 W com.wallapop: Accessing hidden method Landroid/view/textclassifier/logging/SmartSelectionEventTracker$SelectionEvent;->selectionStarted(I)Landroid/view/textclassifier/logging/SmartSelectionEventTracker$SelectionEvent; (light greylist, reflection)

11-10 10:09:56.935  7087  7087 W com.wallapop: Accessing hidden method Landroid/view/textclassifier/logging/SmartSelectionEventTracker$SelectionEvent;->selectionModified(II)Landroid/view/textclassifier/logging/SmartSelectionEventTracker$SelectionEvent; (light greylist, reflection)

11-10 10:09:56.935  7087  7087 W com.wallapop: Accessing hidden method Landroid/view/textclassifier/logging/SmartSelectionEventTracker$SelectionEvent;->selectionModified(IILandroid/view/textclassifier/TextClassification;)Landroid/view/textclassifier/logging/SmartSelectionEventTracker$SelectionEvent; (light greylist, reflection)

11-10 10:09:56.935  7087  7087 W com.wallapop: Accessing hidden method Landroid/view/textclassifier/logging/SmartSelectionEventTracker$SelectionEvent;->selectionModified(IILandroid/view/textclassifier/TextSelection;)Landroid/view/textclassifier/logging/SmartSelectionEventTracker$SelectionEvent; (light greylist, reflection)

11-10 10:09:56.935  7087  7087 W com.wallapop: Accessing hidden method Landroid/view/textclassifier/logging/SmartSelectionEventTracker$SelectionEvent;->selectionAction(III)Landroid/view/textclassifier/logging/SmartSelectionEventTracker$SelectionEvent; (light greylist, reflection)

11-10 10:09:56.935  7087  7087 W com.wallapop: Accessing hidden method Landroid/view/textclassifier/logging/SmartSelectionEventTracker$SelectionEvent;->selectionAction(IIILandroid/view/textclassifier/TextClassification;)Landroid/view/textclassifier/logging/SmartSelectionEventTracker$SelectionEvent; (light greylist, reflection)

11-10 10:09:56.991  7087  7210 W com.wallapop: Accessing hidden method Landroid/media/AudioManager;->getOutputLatency(I)I (light greylist, reflection)

11-10 10:09:57.062  7087  7087 W com.wallapop: Accessing hidden method Landroid/app/ActivityThread;->currentPackageName()Ljava/lang/String; (light greylist, reflection)

11-10 10:09:57.509  7087  7261 W com.wallapop: Accessing hidden method Lcom/android/org/conscrypt/OpenSSLSocketImpl;->setAlpnProtocols([B)V (light greylist, reflection)

11-10 10:09:57.845  7087  7261 W com.wallapop: Accessing hidden method Lcom/android/org/conscrypt/OpenSSLSocketImpl;->getAlpnSelectedProtocol()[B (light greylist, reflection)

11-10 10:09:58.110  4211  7608 D GameManagerService: identifyGamePackage. com.wallapop

11-10 10:09:58.111  4211  7608 D GamePkgDataHelper: getGamePkgData(). com.wallapop

11-10 10:09:59.147  4211  4390 D WifiTrafficPoller: TrafficStats TxPkts=762227 RxPkts=1356188 TxBytes=173744963 RxBytes=1286554703 , Foreground uid=10311 pkgName=com.wallapop TxPackets=60258 RxPackets=68767 TxBytes=9077774 RxBytes=68965663

11-10 10:09:59.466  4211  6756 D SamsungAlarmManager: Cancel Alarm calling from uid:10311 pid :7087 / op:PendingIntent{305da2: PendingIntentRecord{11af541 com.wallapop broadcastIntent}}

11-10 10:09:59.478  7087  7098 I com.wallapop: Background concurrent copying GC freed 271780(17MB) AllocSpace objects, 64(6MB) LOS objects, 49% free, 10MB/20MB, paused 331us total 173.295ms

11-10 10:09:59.551  7087  7087 W com.wallapop: Accessing hidden method Landroid/graphics/drawable/Drawable;->getOpticalInsets()Landroid/graphics/Insets; (light greylist, linking)

11-10 10:09:59.551  7087  7087 W com.wallapop: Accessing hidden field Landroid/graphics/Insets;->left:I (light greylist, linking)

11-10 10:09:59.552  7087  7087 W com.wallapop: Accessing hidden field Landroid/graphics/Insets;->right:I (light greylist, linking)

11-10 10:09:59.552  7087  7087 W com.wallapop: Accessing hidden field Landroid/graphics/Insets;->top:I (light greylist, linking)

11-10 10:09:59.552  7087  7087 W com.wallapop: Accessing hidden field Landroid/graphics/Insets;->bottom:I (light greylist, linking)

11-10 10:10:00.152  7087  7087 W com.wallapop: Accessing hidden method Landroid/view/View;->computeFitSystemWindows(Landroid/graphics/Rect;Landroid/graphics/Rect;)Z (light greylist, reflection)

11-10 10:10:00.157  7087  7087 W com.wallapop: Accessing hidden method Landroid/view/ViewGroup;->makeOptionalFitsSystemWindows()V (light greylist, reflection)

11-10 10:10:00.213  7087  7087 W com.wallapop: Accessing hidden field Landroid/view/ViewGroup;->mOnHierarchyChangeListener:Landroid/view/ViewGroup$OnHierarchyChangeListener; (light greylist, reflection)

11-10 10:10:00.239  4211  6257 D SamsungAlarmManager: Cancel Alarm calling from uid:10311 pid :7087 / op:PendingIntent{3e906a1: PendingIntentRecord{bc310c6 com.wallapop broadcastIntent}}

11-10 10:10:00.254  4211  6756 D LocationManagerService: request c6206c passive Request[POWER_NONE passive fastest=0 num=1 lowPowerMode=false] from com.wallapop(10311 foreground)

11-10 10:10:00.255  4622  4682 E RequestManager_FLP: [LocationManagerService] Location request c6206c(PendingIntent) passive interval=0 from com.wallapop(10311)

11-10 10:10:00.272  7087  7087 I chatty  : uid=10311(com.wallapop) identical 5 lines

11-10 10:10:00.279  7087  7087 I chatty  : uid=10311(com.wallapop) identical 7 lines

11-10 10:10:00.279  7087  7087 I chatty  : uid=10311(com.wallapop) identical 1 line

11-10 10:10:00.280  7087  7087 I chatty  : uid=10311(com.wallapop) identical 4 lines

11-10 10:10:00.280  7087  7087 I chatty  : uid=10311(com.wallapop) identical 2 lines

11-10 10:10:00.377  4211  6756 I ActivityManager: START u0 {act=null typ=null flg=0x0 cmp=ComponentInfo{com.wallapop/com.rewallapop.ui.wall.WallActivity}} from uid 10311

11-10 10:10:00.386  3727  3727 I SurfaceFlinger: id=23611 createSurf (4440x4440),2 flag=4, AppWindowToken{c4f7352 token=Token{8ee6bdd ActivityRecord{84113b4 u0 com.wallapop/com.rewallapop.ui.wall.WallActivity t2119}}}#0

11-10 10:10:00.390  4211  6756 D SurfaceControl: reparent is called, sc=Surface(name=d3e6588 Splash Screen com.wallapop)/@0x6634623, newParentHandle=android.os.BinderProxy@9b5b720, transaction=android.view.SurfaceControl$Transaction@2eae8d9

11-10 10:10:00.392  4211  4228 D WindowManager: setSystemUiVisibility: vis= 0xa018, fullscreenVis= 0x2000, dockedVis= 0x0, win=Window{d3e6588 u0 Splash Screen com.wallapop}

11-10 10:10:00.393  3727  3770 D Layer   : [d3e6588 Splash Screen com.wallapop#0]::reparent oldParent:[AppWindowToken{5b9b417 token=Token{dabd096 ActivityRecord{a20a3b1 u0 com.wallapop/com.rewallapop.ui.main.MainActivity t2119}}}#0], newParent:[AppWindowToken{c4f7352 token=Token{8ee6bdd ActivityRecord{84113b4 u0 com.wallapop/com.rewallapop.ui.wall.WallActivity t2119}}}#0]

11-10 10:10:00.396  4211  4211 D Telecom:SamsungPrebindingServiceImpl: onTopActivityChanged : ComponentInfo{com.wallapop/com.rewallapop.ui.wall.WallActivity}

11-10 10:10:00.561  7087  7347 I com.wallapop: The ClassLoaderContext is a special shared library.

11-10 10:10:00.569  7087  7347 I com.wallapop: Waiting for a blocking GC ClassLinker

11-10 10:10:00.704  4211  4227 D ApplicationPolicy: isStatusBarNotificationAllowedAsUser: packageName = com.wallapop,userId = 0

11-10 10:10:00.704  4211  4227 D ApplicationPolicy: isStatusBarNotificationAllowedAsUser: packageName = com.wallapop,userId = 0

11-10 10:10:00.711  4211  6257 D GamePkgDataHelper: notifyAppCreate(), pkgName: com.wallapop, sendRet: true

11-10 10:10:00.711  4211  4473 D GamePkgDataHelper: getGamePkgData(). com.wallapop

11-10 10:10:00.711  4211  4473 D GameManagerService: handleMessage(), MSG_APP_CREATE. ignore. pkgName: com.wallapop

11-10 10:10:00.713  4211  6257 D GameManagerService: noteResumeComponent(), resumeComponent: com.wallapop

11-10 10:10:00.713  4211  6257 D MARsPolicyManager: onPackageResumedFG pkgName = com.wallapop, userId = 0

11-10 10:10:00.713  4211  4473 D GameManagerService: handleForegroundChange(). pkgName: com.wallapop, clsName: com.rewallapop.ui.wall.WallActivity,FgActivityName:com.wallapop/com.rewallapop.ui.wall.WallActivity

11-10 10:10:00.716  4211  4211 D Telecom:SamsungPrebindingServiceImpl: onTopActivityChanged : ComponentInfo{com.wallapop/com.rewallapop.ui.wall.WallActivity}

11-10 10:10:00.719  4211  6257 I WindowManager: Cancelling animation restarting=true, leash=null, surface=Surface(name=AppWindowToken{5b9b417 token=Token{dabd096 ActivityRecord{a20a3b1 u0 com.wallapop/com.rewallapop.ui.main.MainActivity t2119}}})/@0x1f309f7, parent=Surface(name=Task=2119)/@0xd8eb064

11-10 10:10:00.719  4211  6257 I WindowManager: Reparenting to leash, surface=Surface(name=AppWindowToken{5b9b417 token=Token{dabd096 ActivityRecord{a20a3b1 u0 com.wallapop/com.rewallapop.ui.main.MainActivity t2119}}})/@0x1f309f7

11-10 10:10:00.720  3727  3727 I SurfaceFlinger: id=23612 createSurf (4440x4440),2 flag=4, Surface(name=AppWindowToken{5b9b417 token=Token{dabd096 ActivityRecord{a20a3b1 u0 com.wallapop/com.rewallapop.ui.main.MainActivity t2119}}})/@0x1f309f7 - animation-leash#0

11-10 10:10:00.722  4211  6257 D WindowManager: makeSurface duration=3 leash=Surface(name=Surface(name=AppWindowToken{5b9b417 token=Token{dabd096 ActivityRecord{a20a3b1 u0 com.wallapop/com.rewallapop.ui.main.MainActivity t2119}}})/@0x1f309f7 - animation-leash)/@0x9bf4e

11-10 10:10:00.723  4211  6257 D SurfaceControl: reparent is called, sc=Surface(name=AppWindowToken{5b9b417 token=Token{dabd096 ActivityRecord{a20a3b1 u0 com.wallapop/com.rewallapop.ui.main.MainActivity t2119}}})/@0x1f309f7, newParentHandle=android.os.BinderProxy@c4686f, transaction=android.view.SurfaceControl$Transaction@7444e93

11-10 10:10:00.729  3727  3771 D Layer   : [AppWindowToken{5b9b417 token=Token{dabd096 ActivityRecord{a20a3b1 u0 com.wallapop/com.rewallapop.ui.main.MainActivity t2119}}}#0]::reparent oldParent:[Task=2119#0], newParent:[Surface(name=AppWindowToken{5b9b417 token=Token{dabd096 ActivityRecord{a20a3b1 u0 com.wallapop/com.rewallapop.ui.main.MainActivity t2119}}})/@0x1f309f7 - animation-leash#0]

11-10 10:10:00.780  7087  7159 W com.wallapop: Accessing hidden method Ldalvik/system/VMRuntime;->getRuntime()Ldalvik/system/VMRuntime; (light greylist, reflection)

11-10 10:10:00.781  7087  7159 W com.wallapop: Accessing hidden method Ldalvik/system/VMRuntime;->vmInstructionSet()Ljava/lang/String; (light greylist, reflection)

11-10 10:10:00.816 23911 23911 D Notification.Badge: [valid] onNotificationPosted : StatusBarNotification(pkg=com.wallapop user=UserHandle{0} id=999 tag=null key=0|com.wallapop|999|null|10311: Notification(channel=wallapop_channel pri=-2 contentView=null vibrate=null sound=null defaults=0x0 flags=0x62 color=0x00000000 vis=PRIVATE semFlags=0x0 semPriority=0 semMissedCount=0))

11-10 10:10:00.816 23911 23911 D Notification.Badge: notificationKey : 0|com.wallapop|999|null|10311, count : 0, this.count : 1

11-10 10:10:00.817 23911 23978 D Notification.Badge: LauncherModel:onNotificationPosted() : com.wallapop, count : [0], shouldBeFilteredOut : [false]

11-10 10:10:00.817 23911 23978 D Notification.Badge: notificationKey : 0|com.wallapop|999|null|10311, count : 1, mTotalCount : 1

11-10 10:10:00.822 23911 23978 D Notification.Badge: updateLauncherIconBadges() item : [IconInfo(title=_Wallapop_ intent=Intent { act=android.intent.action.MAIN cat=[android.intent.category.LAUNCHER] flg=0x10200000 cmp=com.wallapop/.activities.HomeActivity (has extras) } id=160 type=0 container=-102 screen=1 cellX=3 cellY=0 spanX=1 spanY=1 rank=3 hidden=0 dropPos=null user=UserHandle{0} screenType=0)], mShowBadge : [true], item.mBadgeCount : [1]

11-10 10:10:00.824 23911 23911 D RecommendedView: updateBadgeItems: [IconInfo(title=_Wallapop_ intent=Intent { act=android.intent.action.MAIN cat=[android.intent.category.LAUNCHER] flg=0x10200000 cmp=com.wallapop/.activities.HomeActivity (has extras) } id=160 type=0 container=-102 screen=1 cellX=3 cellY=0 spanX=1 spanY=1 rank=3 hidden=0 dropPos=null user=UserHandle{0} screenType=0)]

11-10 10:10:00.829  3562  3582 I Finsky  : [8251] fxs.d(3): com.wallapop: Account determined from installer data - [rJj4Md76H4LxoN-B4dnoZM7XaXDDBcXGlC-caOCi6Uc]

11-10 10:10:00.829  3562  3582 I Finsky  : [8251] fxs.d(14): com.wallapop: Account from preferred account - [rJj4Md76H4LxoN-B4dnoZM7XaXDDBcXGlC-caOCi6Uc]

11-10 10:10:00.838  3562  3582 I Finsky  : [8251] fxs.d(3): com.wallapop: Account determined from installer data - [rJj4Md76H4LxoN-B4dnoZM7XaXDDBcXGlC-caOCi6Uc]

11-10 10:10:00.839  3562  3582 I Finsky  : [8251] fxs.d(14): com.wallapop: Account from preferred account - [rJj4Md76H4LxoN-B4dnoZM7XaXDDBcXGlC-caOCi6Uc]

11-10 10:10:00.843  3562  3582 I Finsky  : [8251] fxs.d(3): com.wallapop: Account determined from installer data - [rJj4Md76H4LxoN-B4dnoZM7XaXDDBcXGlC-caOCi6Uc]

11-10 10:10:00.843  3562  3582 I Finsky  : [8251] fxs.d(14): com.wallapop: Account from preferred account - [rJj4Md76H4LxoN-B4dnoZM7XaXDDBcXGlC-caOCi6Uc]

11-10 10:10:00.847  3562  3582 I Finsky  : [8251] fxs.d(3): com.wallapop: Account determined from installer data - [rJj4Md76H4LxoN-B4dnoZM7XaXDDBcXGlC-caOCi6Uc]

11-10 10:10:00.847  3562  3582 I Finsky  : [8251] fxs.d(14): com.wallapop: Account from preferred account - [rJj4Md76H4LxoN-B4dnoZM7XaXDDBcXGlC-caOCi6Uc]

11-10 10:10:01.011  7087  7098 I com.wallapop: Background concurrent copying GC freed 77532(6MB) AllocSpace objects, 46(1656KB) LOS objects, 50% free, 16MB/33MB, paused 381us total 532.694ms

11-10 10:10:01.012  7087  7347 I com.wallapop: WaitForGcToComplete blocked ClassLinker on HeapTrim for 442.400ms

11-10 10:10:01.017  4211  4310 I WindowManager: reset, Reparenting to original parent, shouldDeferScheduleAnimation=false, destroyLeash=true, surface=Surface(name=AppWindowToken{5b9b417 token=Token{dabd096 ActivityRecord{a20a3b1 u0 com.wallapop/com.rewallapop.ui.main.MainActivity t2119}}})/@0x1f309f7, parent=Surface(name=Task=2119)/@0xd8eb064, parentNativeHandle=android.os.BinderProxy@65b40ef, caller=com.android.server.wm.SurfaceAnimator.lambda$getFinishedCallback$0:97 com.android.server.wm.-$$Lambda$SurfaceAnimator$SIBia0mND666K8lMCPsoid8pUTI.run:4 com.android.server.wm.SurfaceAnimator.lambda$getFinishedCallback$1:104 com.android.server.wm.-$$Lambda$SurfaceAnimator$vdRZk66hQVbQCvVXEaQCT1kVmFc.onAnimationFinished:4 com.android.server.wm.LocalAnimationAdapter.lambda$startAnimation$0:74

11-10 10:10:01.017  4211  4310 D SurfaceControl: reparent is called, sc=Surface(name=AppWindowToken{5b9b417 token=Token{dabd096 ActivityRecord{a20a3b1 u0 com.wallapop/com.rewallapop.ui.main.MainActivity t2119}}})/@0x1f309f7, newParentHandle=android.os.BinderProxy@65b40ef, transaction=android.view.SurfaceControl$Transaction@7444e93

11-10 10:10:01.018  4211  4310 D SurfaceControl: destroy(transaction), animation-leash is destroyed, sc=Surface(name=Surface(name=AppWindowToken{5b9b417 token=Token{dabd096 ActivityRecord{a20a3b1 u0 com.wallapop/com.rewallapop.ui.main.MainActivity t2119}}})/@0x1f309f7 - animation-leash)/@0x9bf4e, transaction=android.view.SurfaceControl$Transaction@7444e93, caller=com.android.server.wm.SurfaceAnimator.reset:338 com.android.server.wm.SurfaceAnimator.lambda$getFinishedCallback$0:97 com.android.server.wm.-$$Lambda$SurfaceAnimator$SIBia0mND666K8lMCPsoid8pUTI.run:4 com.android.server.wm.SurfaceAnimator.lambda$getFinishedCallback$1:104 com.android.server.wm.-$$Lambda$SurfaceAnimator$vdRZk66hQVbQCvVXEaQCT1kVmFc.onAnimationFinished:4 com.android.server.wm.LocalAnimationAdapter.lambda$startAnimation$0:74 com.android.server.wm.-$$Lambda$LocalAnimationAdapter$X--EomqUvw4qy89IeeTFTH7aCMo.run:4

11-10 10:10:01.034  3727  3770 D Layer   : [AppWindowToken{5b9b417 token=Token{dabd096 ActivityRecord{a20a3b1 u0 com.wallapop/com.rewallapop.ui.main.MainActivity t2119}}}#0]::reparent oldParent:[Surface(name=AppWindowToken{5b9b417 token=Token{dabd096 ActivityRecord{a20a3b1 u0 com.wallapop/com.rewallapop.ui.main.MainActivity t2119}}})/@0x1f309f7 - animation-leash#0], newParent:[Task=2119#0]

11-10 10:10:01.035  3727  3770 I SurfaceFlinger: id=23612 Removed Surface(name=AppWindowToken{5b9b417 token=Token{dabd096 ActivityRecord{a20a3b1 u0 com.wallapop/com.rewallapop.ui.main.MainActivity t2119}}})/@0x1f309f7 - animation-leash#0 (0/53)

11-10 10:10:01.050  3727  3727 I Layer   : id=23612 onRemoved Surface(name=AppWindowToken{5b9b417 token=Token{dabd096 ActivityRecord{a20a3b1 u0 com.wallapop/com.rewallapop.ui.main.MainActivity t2119}}})/@0x1f309f7 - animation-leash#0

11-10 10:10:01.127  4211  6393 D SamsungAlarmManager: Cancel Alarm calling from uid:10311 pid :7087 / op:PendingIntent{63af667: PendingIntentRecord{bc310c6 com.wallapop broadcastIntent}}

11-10 10:10:01.294  7087  7087 W com.wallapop: Accessing hidden method Landroid/widget/TextView;->getTextDirectionHeuristic()Landroid/text/TextDirectionHeuristic; (light greylist, linking)

11-10 10:10:01.300  7087  7087 W com.wallapop: Accessing hidden method Landroid/graphics/FontFamily;-><init>()V (light greylist, reflection)

11-10 10:10:01.301  7087  7087 W com.wallapop: Accessing hidden method Landroid/graphics/FontFamily;->addFontFromAssetManager(Landroid/content/res/AssetManager;Ljava/lang/String;IZIII[Landroid/graphics/fonts/FontVariationAxis;)Z (light greylist, reflection)

11-10 10:10:01.301  7087  7087 W com.wallapop: Accessing hidden method Landroid/graphics/FontFamily;->addFontFromBuffer(Ljava/nio/ByteBuffer;I[Landroid/graphics/fonts/FontVariationAxis;II)Z (light greylist, reflection)

11-10 10:10:01.301  7087  7087 W com.wallapop: Accessing hidden method Landroid/graphics/FontFamily;->freeze()Z (light greylist, reflection)

11-10 10:10:01.301  7087  7087 W com.wallapop: Accessing hidden method Landroid/graphics/FontFamily;->abortCreation()V (light greylist, reflection)

11-10 10:10:01.301  7087  7087 W com.wallapop: Accessing hidden method Landroid/graphics/Typeface;->createFromFamiliesWithDefault([Landroid/graphics/FontFamily;Ljava/lang/String;II)Landroid/graphics/Typeface; (light greylist, reflection)

11-10 10:10:01.992  7087  7092 I com.wallapop: Compiler allocated 4MB to compile void android.widget.TextView.<init>(android.content.Context, android.util.AttributeSet, int, int)

11-10 10:10:02.278  3727  3727 I SurfaceFlinger: id=23613 createSurf (4440x4440),2 flag=4, e3603c8 com.wallapop/com.rewallapop.ui.wall.WallActivity#0

11-10 10:10:02.309  3562  3582 I Finsky  : [8251] fxs.d(3): com.wallapop: Account determined from installer data - [rJj4Md76H4LxoN-B4dnoZM7XaXDDBcXGlC-caOCi6Uc]

11-10 10:10:02.310  3562  3582 I Finsky  : [8251] fxs.d(14): com.wallapop: Account from preferred account - [rJj4Md76H4LxoN-B4dnoZM7XaXDDBcXGlC-caOCi6Uc]

11-10 10:10:02.387  4211  5239 D ActivityManagerPerformance: Received MSG_DISABLE_ACT_START, r: ActivityRecord{84113b4 u0 com.wallapop/com.rewallapop.ui.wall.WallActivity t2119}

11-10 10:10:02.407  3562  3582 I Finsky  : [8251] fxs.d(3): com.wallapop: Account determined from installer data - [rJj4Md76H4LxoN-B4dnoZM7XaXDDBcXGlC-caOCi6Uc]

11-10 10:10:02.407  3562  3582 I Finsky  : [8251] fxs.d(14): com.wallapop: Account from preferred account - [rJj4Md76H4LxoN-B4dnoZM7XaXDDBcXGlC-caOCi6Uc]

11-10 10:10:02.444  7087  7396 I com.wallapop: The ClassLoaderContext is a special shared library.

11-10 10:10:02.471  7087  7416 I com.wallapop: Waiting for a blocking GC ClassLinker

11-10 10:10:02.473  7087  7420 I com.wallapop: Waiting for a blocking GC ClassLinker

11-10 10:10:02.478  7087  7421 I com.wallapop: Waiting for a blocking GC ClassLinker

11-10 10:10:02.482  7087  7422 I com.wallapop: Waiting for a blocking GC ClassLinker

11-10 10:10:02.484  7087  7423 I com.wallapop: Waiting for a blocking GC ClassLinker

11-10 10:10:02.485  7087  7425 I com.wallapop: Waiting for a blocking GC ClassLinker

11-10 10:10:02.486  7087  7424 I com.wallapop: Waiting for a blocking GC ClassLinker

11-10 10:10:02.487  7087  7426 I com.wallapop: Waiting for a blocking GC ClassLinker

11-10 10:10:02.488  7087  7427 I com.wallapop: Waiting for a blocking GC ClassLinker

11-10 10:10:02.490  7087  7428 I com.wallapop: Waiting for a blocking GC ClassLinker

11-10 10:10:02.492  7087  7429 I com.wallapop: Waiting for a blocking GC ClassLinker

11-10 10:10:02.498  3562  3582 I Finsky  : [8251] fxs.d(3): com.wallapop: Account determined from installer data - [rJj4Md76H4LxoN-B4dnoZM7XaXDDBcXGlC-caOCi6Uc]

11-10 10:10:02.498  3562  3582 I Finsky  : [8251] fxs.d(14): com.wallapop: Account from preferred account - [rJj4Md76H4LxoN-B4dnoZM7XaXDDBcXGlC-caOCi6Uc]

11-10 10:10:02.505  7087  7430 I com.wallapop: Waiting for a blocking GC ClassLinker

11-10 10:10:02.518  7087  7431 I com.wallapop: Waiting for a blocking GC ClassLinker

11-10 10:10:02.529  7087  7432 I com.wallapop: Waiting for a blocking GC ClassLinker

11-10 10:10:02.536  7087  7433 I com.wallapop: Waiting for a blocking GC ClassLinker

11-10 10:10:02.543  7087  7434 I com.wallapop: Waiting for a blocking GC ClassLinker

11-10 10:10:02.553  7087  7435 I com.wallapop: Waiting for a blocking GC ClassLinker

11-10 10:10:02.564  3562  3582 I Finsky  : [8251] fxs.d(3): com.wallapop: Account determined from installer data - [rJj4Md76H4LxoN-B4dnoZM7XaXDDBcXGlC-caOCi6Uc]

11-10 10:10:02.564  3562  3582 I Finsky  : [8251] fxs.d(14): com.wallapop: Account from preferred account - [rJj4Md76H4LxoN-B4dnoZM7XaXDDBcXGlC-caOCi6Uc]

11-10 10:10:02.577  7087  7436 I com.wallapop: Waiting for a blocking GC ClassLinker

11-10 10:10:02.583  7087  7437 I com.wallapop: Waiting for a blocking GC ClassLinker

11-10 10:10:02.589  7087  7438 I com.wallapop: Waiting for a blocking GC ClassLinker

11-10 10:10:02.593  7087  7440 I com.wallapop: Waiting for a blocking GC ClassLinker

11-10 10:10:02.598  7087  7441 I com.wallapop: Waiting for a blocking GC ClassLinker

11-10 10:10:02.600  7087  7442 I com.wallapop: Waiting for a blocking GC ClassLinker

11-10 10:10:02.601  7087  7443 I com.wallapop: Waiting for a blocking GC ClassLinker

11-10 10:10:02.602  7087  7444 I com.wallapop: Waiting for a blocking GC ClassLinker

11-10 10:10:02.686  7087  7098 I com.wallapop: Background concurrent copying GC freed 240782(16MB) AllocSpace objects, 56(2MB) LOS objects, 50% free, 20MB/40MB, paused 384us total 317.408ms

11-10 10:10:02.687  7087  7416 I com.wallapop: WaitForGcToComplete blocked ClassLinker on ClassLinker for 216.206ms

11-10 10:10:02.688  7087  7420 I com.wallapop: Waiting for a blocking GC ClassLinker

11-10 10:10:02.688  7087  7421 I com.wallapop: Waiting for a blocking GC ClassLinker

11-10 10:10:02.688  7087  7422 I com.wallapop: Waiting for a blocking GC ClassLinker

11-10 10:10:02.688  7087  7423 I com.wallapop: Waiting for a blocking GC ClassLinker

11-10 10:10:02.688  7087  7425 I com.wallapop: Waiting for a blocking GC ClassLinker

11-10 10:10:02.688  7087  7424 I com.wallapop: Waiting for a blocking GC ClassLinker

11-10 10:10:02.688  7087  7426 I com.wallapop: Waiting for a blocking GC ClassLinker

11-10 10:10:02.688  7087  7427 I com.wallapop: Waiting for a blocking GC ClassLinker

11-10 10:10:02.689  7087  7428 I com.wallapop: Waiting for a blocking GC ClassLinker

11-10 10:10:02.690  7087  7429 I com.wallapop: Waiting for a blocking GC ClassLinker

11-10 10:10:02.690  7087  7430 I com.wallapop: Waiting for a blocking GC ClassLinker

11-10 10:10:02.690  7087  7431 I com.wallapop: Waiting for a blocking GC ClassLinker

11-10 10:10:02.690  7087  7432 I com.wallapop: Waiting for a blocking GC ClassLinker

11-10 10:10:02.690  7087  7433 I com.wallapop: Waiting for a blocking GC ClassLinker

11-10 10:10:02.690  7087  7434 I com.wallapop: Waiting for a blocking GC ClassLinker

11-10 10:10:02.690  7087  7435 I com.wallapop: Waiting for a blocking GC ClassLinker

11-10 10:10:02.691  7087  7436 I com.wallapop: Waiting for a blocking GC ClassLinker

11-10 10:10:02.691  7087  7437 I com.wallapop: Waiting for a blocking GC ClassLinker

11-10 10:10:02.691  7087  7438 I com.wallapop: Waiting for a blocking GC ClassLinker

11-10 10:10:02.691  7087  7440 I com.wallapop: Waiting for a blocking GC ClassLinker

11-10 10:10:02.691  7087  7441 I com.wallapop: Waiting for a blocking GC ClassLinker

11-10 10:10:02.691  7087  7442 I com.wallapop: Waiting for a blocking GC ClassLinker

11-10 10:10:02.691  7087  7443 I com.wallapop: Waiting for a blocking GC ClassLinker

11-10 10:10:02.692  7087  7444 I com.wallapop: Waiting for a blocking GC ClassLinker

11-10 10:10:02.692  7087  7420 I com.wallapop: WaitForGcToComplete blocked ClassLinker on ClassLinker for 218.646ms

11-10 10:10:02.693  7087  7421 I com.wallapop: WaitForGcToComplete blocked ClassLinker on ClassLinker for 214.275ms

11-10 10:10:02.693  7087  7423 I com.wallapop: WaitForGcToComplete blocked ClassLinker on ClassLinker for 209.351ms

11-10 10:10:02.693  7087  7424 I com.wallapop: Waiting for a blocking GC ClassLinker

11-10 10:10:02.693  7087  7426 I com.wallapop: Waiting for a blocking GC ClassLinker

11-10 10:10:02.694  7087  7427 I com.wallapop: Waiting for a blocking GC ClassLinker

11-10 10:10:02.694  7087  7428 I com.wallapop: Waiting for a blocking GC ClassLinker

11-10 10:10:02.694  7087  7429 I com.wallapop: Waiting for a blocking GC ClassLinker

11-10 10:10:02.694  7087  7422 I com.wallapop: Waiting for a blocking GC ClassLinker

11-10 10:10:02.694  7087  7431 I com.wallapop: Waiting for a blocking GC ClassLinker

11-10 10:10:02.695  7087  7432 I com.wallapop: Waiting for a blocking GC ClassLinker

11-10 10:10:02.695  7087  7433 I com.wallapop: Waiting for a blocking GC ClassLinker

11-10 10:10:02.695  7087  7434 I com.wallapop: Waiting for a blocking GC ClassLinker

11-10 10:10:02.698  7087  7435 I com.wallapop: Waiting for a blocking GC ClassLinker

11-10 10:10:02.698  7087  7436 I com.wallapop: Waiting for a blocking GC ClassLinker

11-10 10:10:02.698  7087  7437 I com.wallapop: Waiting for a blocking GC ClassLinker

11-10 10:10:02.699  7087  7438 I com.wallapop: Waiting for a blocking GC ClassLinker

11-10 10:10:02.699  7087  7440 I com.wallapop: Waiting for a blocking GC ClassLinker

11-10 10:10:02.699  7087  7441 I com.wallapop: Waiting for a blocking GC ClassLinker

11-10 10:10:02.699  7087  7442 I com.wallapop: Waiting for a blocking GC ClassLinker

11-10 10:10:02.699  7087  7443 I com.wallapop: Waiting for a blocking GC ClassLinker

11-10 10:10:02.699  7087  7444 I com.wallapop: Waiting for a blocking GC ClassLinker

11-10 10:10:02.699  7087  7425 I com.wallapop: WaitForGcToComplete blocked ClassLinker on ClassLinker for 214.148ms

11-10 10:10:02.699  7087  7430 I com.wallapop: WaitForGcToComplete blocked ClassLinker on ClassLinker for 194.803ms

11-10 10:10:02.700  7087  7424 I com.wallapop: WaitForGcToComplete blocked ClassLinker on ClassLinker for 213.900ms

11-10 10:10:02.700  7087  7428 I com.wallapop: WaitForGcToComplete blocked ClassLinker on ClassLinker for 209.574ms

11-10 10:10:02.700  7087  7426 I com.wallapop: WaitForGcToComplete blocked ClassLinker on ClassLinker for 212.959ms

11-10 10:10:02.701  7087  7432 I com.wallapop: Waiting for a blocking GC ClassLinker

11-10 10:10:02.701  7087  7433 I com.wallapop: Waiting for a blocking GC ClassLinker

11-10 10:10:02.701  7087  7434 I com.wallapop: Waiting for a blocking GC ClassLinker

11-10 10:10:02.701  7087  7435 I com.wallapop: Waiting for a blocking GC ClassLinker

11-10 10:10:02.701  7087  7436 I com.wallapop: Waiting for a blocking GC ClassLinker

11-10 10:10:02.701  7087  7437 I com.wallapop: Waiting for a blocking GC ClassLinker

11-10 10:10:02.702  7087  7438 I com.wallapop: Waiting for a blocking GC ClassLinker

11-10 10:10:02.702  7087  7440 I com.wallapop: Waiting for a blocking GC ClassLinker

11-10 10:10:02.702  7087  7441 I com.wallapop: Waiting for a blocking GC ClassLinker

11-10 10:10:02.702  7087  7442 I com.wallapop: Waiting for a blocking GC ClassLinker

11-10 10:10:02.702  7087  7443 I com.wallapop: Waiting for a blocking GC ClassLinker

11-10 10:10:02.702  7087  7444 I com.wallapop: Waiting for a blocking GC ClassLinker

11-10 10:10:02.702  7087  7427 I com.wallapop: WaitForGcToComplete blocked ClassLinker on ClassLinker for 214.299ms

11-10 10:10:02.702  7087  7429 I com.wallapop: WaitForGcToComplete blocked ClassLinker on ClassLinker for 210.715ms

11-10 10:10:02.703  7087  7431 I com.wallapop: WaitForGcToComplete blocked ClassLinker on ClassLinker for 184.696ms

11-10 10:10:02.703  7087  7433 I com.wallapop: Waiting for a blocking GC ClassLinker

11-10 10:10:02.703  7087  7434 I com.wallapop: Waiting for a blocking GC ClassLinker

11-10 10:10:02.703  7087  7435 I com.wallapop: Waiting for a blocking GC ClassLinker

11-10 10:10:02.703  7087  7436 I com.wallapop: Waiting for a blocking GC ClassLinker

11-10 10:10:02.703  7087  7437 I com.wallapop: Waiting for a blocking GC ClassLinker

11-10 10:10:02.703  7087  7438 I com.wallapop: Waiting for a blocking GC ClassLinker

11-10 10:10:02.703  7087  7440 I com.wallapop: Waiting for a blocking GC ClassLinker

11-10 10:10:02.703  7087  7441 I com.wallapop: Waiting for a blocking GC ClassLinker

11-10 10:10:02.703  7087  7442 I com.wallapop: Waiting for a blocking GC ClassLinker

11-10 10:10:02.703  7087  7443 I com.wallapop: Waiting for a blocking GC ClassLinker

11-10 10:10:02.703  7087  7444 I com.wallapop: Waiting for a blocking GC ClassLinker

11-10 10:10:02.703  7087  7422 I com.wallapop: Waiting for a blocking GC ClassLinker

11-10 10:10:02.703  7087  7432 I com.wallapop: Waiting for a blocking GC ClassLinker

11-10 10:10:02.703  7087  7433 I com.wallapop: WaitForGcToComplete blocked ClassLinker on ClassLinker for 167.520ms

11-10 10:10:02.703  7087  7434 I com.wallapop: WaitForGcToComplete blocked ClassLinker on ClassLinker for 160.878ms

11-10 10:10:02.704  7087  7436 I com.wallapop: WaitForGcToComplete blocked ClassLinker on ClassLinker for 126.495ms

11-10 10:10:02.704  7087  7440 I com.wallapop: WaitForGcToComplete blocked ClassLinker on ClassLinker for 110.724ms

11-10 10:10:02.704  7087  7441 I com.wallapop: WaitForGcToComplete blocked ClassLinker on ClassLinker for 106.242ms

11-10 10:10:02.704  7087  7443 I com.wallapop: WaitForGcToComplete blocked ClassLinker on ClassLinker for 102.552ms

11-10 10:10:02.704  7087  7444 I com.wallapop: Waiting for a blocking GC ClassLinker

11-10 10:10:02.704  7087  7422 I com.wallapop: Waiting for a blocking GC ClassLinker

11-10 10:10:02.704  7087  7435 I com.wallapop: Waiting for a blocking GC ClassLinker

11-10 10:10:02.704  7087  7438 I com.wallapop: WaitForGcToComplete blocked ClassLinker on ClassLinker for 115.257ms

11-10 10:10:02.705  7087  7432 I com.wallapop: WaitForGcToComplete blocked ClassLinker on ClassLinker for 176.386ms

11-10 10:10:02.705  7087  7422 I com.wallapop: WaitForGcToComplete blocked ClassLinker on ClassLinker for 222.946ms

11-10 10:10:02.705  7087  7435 I com.wallapop: WaitForGcToComplete blocked ClassLinker on ClassLinker for 152.539ms

11-10 10:10:02.705  7087  7442 I com.wallapop: WaitForGcToComplete blocked ClassLinker on ClassLinker for 105.806ms

11-10 10:10:02.706  7087  7437 I com.wallapop: WaitForGcToComplete blocked ClassLinker on ClassLinker for 122.642ms

11-10 10:10:02.706  7087  7444 I com.wallapop: WaitForGcToComplete blocked ClassLinker on ClassLinker for 104.004ms

11-10 10:10:03.113  4211  6755 V WindowManager: Relayout Window{e3603c8 u0 com.wallapop/com.rewallapop.ui.wall.WallActivity}: viewVisibility=0 req=1080x2220 {(0,0)(fillxfill) sim={adjust=resize forwardNavigation} ty=BASE_APPLICATION wanim=0x10302fe

11-10 10:10:03.118  3727  3727 I SurfaceFlinger: id=23614 createSurf (1080x2220),1 flag=404, com.wallapop/com.rewallapop.ui.wall.WallActivity[7087]#0

11-10 10:10:03.120  4211  6755 D WindowManager: makeSurface duration=3 name=com.wallapop/com.rewallapop.ui.wall.WallActivity[7087]

11-10 10:10:03.121  4211  6755 V WindowManager: Changing focus from null to Window{e3603c8 u0 com.wallapop/com.rewallapop.ui.wall.WallActivity} Callers=com.android.server.wm.WindowManagerService.relayoutWindow:2526 com.android.server.wm.Session.relayoutForTranslate:302 android.view.IWindowSession$Stub.onTransact:518 com.android.server.wm.Session.onTransact:186

11-10 10:10:03.122  4211  4228 D WindowManager: setSystemUiVisibility: vis= 0xa518, fullscreenVis= 0x2000, dockedVis= 0x0, win=Window{e3603c8 u0 com.wallapop/com.rewallapop.ui.wall.WallActivity}

11-10 10:10:03.124  4211  4242 D WindowManager: reportFocusChangedSerialized, focused=true, inTouchMode=true, win=Window{e3603c8 u0 com.wallapop/com.rewallapop.ui.wall.WallActivity}

11-10 10:10:03.208  4211  4390 D WifiTrafficPoller: TrafficStats TxPkts=762490 RxPkts=1356481 TxBytes=173780407 RxBytes=1286785106 , Foreground uid=10311 pkgName=com.wallapop TxPackets=60502 RxPackets=69015 TxBytes=9112657 RxBytes=69189773

11-10 10:10:03.232  3562  3587 I Finsky  : [8252] fxs.d(3): com.wallapop: Account determined from installer data - [rJj4Md76H4LxoN-B4dnoZM7XaXDDBcXGlC-caOCi6Uc]

11-10 10:10:03.233  3562  3587 I Finsky  : [8252] fxs.d(14): com.wallapop: Account from preferred account - [rJj4Md76H4LxoN-B4dnoZM7XaXDDBcXGlC-caOCi6Uc]

