Executed '[C4261] Item upload: Upload a Real Estate item' on 03-07-2019
---------------------------------------------------------------------------------
07-03 17:51:27.543   874  1027 V MARsPolicyManager: updatePackagesScore PackageInfo name -- com.wallapop

07-03 17:51:27.643   874  1723 V AlarmManager:  remove PendingIntent] PendingIntent{959bb80: PendingIntentRecord{de40689 com.wallapop broadcastIntent}}

07-03 17:51:27.663 27090 27090 V ActivityThread: updateVisibility : ActivityRecord{5457f2b token=android.os.BinderProxy@adc0cb8 {com.wallapop/com.rewallapop.ui.wall.WallActivity}} show : true

07-03 17:51:27.733   874  1723 V AlarmManager:  remove PendingIntent] PendingIntent{b1efc0a: PendingIntentRecord{de40689 com.wallapop broadcastIntent}}

07-03 17:51:27.763   874  1028 D StatusBarManagerService: manageDisableList userId=0 what=0x0 pkg=Window{19c5b25 u0 d0 com.wallapop/com.rewallapop.ui.listing.v2.UnifiedListingActivity}

07-03 17:51:27.963   874  5340 V WindowStateAnimator: Finishing drawing window Window{19c5b25 u0 d0 com.wallapop/com.rewallapop.ui.listing.v2.UnifiedListingActivity}: mDrawState=DRAW_PENDING

07-03 17:51:28.123   874  3012 V WindowStateAnimator: Finishing drawing window Window{c2570b5 u0 d0 com.wallapop/com.rewallapop.ui.wall.WallActivity}: mDrawState=DRAW_PENDING

07-03 17:51:28.143   874  1132 I ActivityManager: Displayed com.wallapop/com.rewallapop.ui.listing.v2.UnifiedListingActivity: +606ms

07-03 17:51:28.403   874  1132 I Timeline: Timeline: Activity_windows_visible id: ActivityRecord{c4df54a u0 com.wallapop/com.rewallapop.ui.listing.v2.UnifiedListingActivity t880} time:56091101

07-03 17:51:28.403   874  1132 I Timeline: Timeline: Activity_windows_visible id: ActivityRecord{70e9bde u0 com.wallapop/com.rewallapop.ui.wall.WallActivity t880} time:56091101

07-03 17:51:34.923   874  3012 D ISSUE_DEBUG: InputChannelName : e767bba com.wallapop/com.rewallapop.ui.listing.v2.UnifiedListingActivity

07-03 17:51:34.923   874  1028 D StatusBarManagerService: manageDisableList userId=0 what=0x0 pkg=Window{e767bba u0 d0 com.wallapop/com.rewallapop.ui.listing.v2.UnifiedListingActivity}

07-03 17:51:34.973   874  1028 D StatusBarManagerService: manageDisableList userId=0 what=0x0 pkg=Window{e767bba u0 d0 com.wallapop/com.rewallapop.ui.listing.v2.UnifiedListingActivity}

07-03 17:51:35.053   874  1914 V WindowStateAnimator: Finishing drawing window Window{e767bba u0 d0 com.wallapop/com.rewallapop.ui.listing.v2.UnifiedListingActivity}: mDrawState=DRAW_PENDING

07-03 17:51:35.093   874   892 V WindowStateAnimator: Finishing drawing window Window{e767bba u0 d0 com.wallapop/com.rewallapop.ui.listing.v2.UnifiedListingActivity}: mDrawState=HAS_DRAWN

07-03 17:51:37.183   874  1028 D StatusBarManagerService: manageDisableList userId=0 what=0x0 pkg=Window{19c5b25 u0 d0 com.wallapop/com.rewallapop.ui.listing.v2.UnifiedListingActivity}

07-03 17:51:46.633   874  1721 D ISSUE_DEBUG: InputChannelName : d783a61 com.wallapop/com.rewallapop.ui.listing.v2.UnifiedListingActivity

07-03 17:51:46.633   874  1028 D StatusBarManagerService: manageDisableList userId=0 what=0x0 pkg=Window{d783a61 u0 d0 com.wallapop/com.rewallapop.ui.listing.v2.UnifiedListingActivity}

07-03 17:51:46.713   874  1028 D StatusBarManagerService: manageDisableList userId=0 what=0x0 pkg=Window{d783a61 u0 d0 com.wallapop/com.rewallapop.ui.listing.v2.UnifiedListingActivity}

07-03 17:51:46.793   874  1714 V WindowStateAnimator: Finishing drawing window Window{d783a61 u0 d0 com.wallapop/com.rewallapop.ui.listing.v2.UnifiedListingActivity}: mDrawState=DRAW_PENDING

07-03 17:51:46.823   874   892 V WindowStateAnimator: Finishing drawing window Window{d783a61 u0 d0 com.wallapop/com.rewallapop.ui.listing.v2.UnifiedListingActivity}: mDrawState=HAS_DRAWN

07-03 17:51:48.943   874  1028 D StatusBarManagerService: manageDisableList userId=0 what=0x0 pkg=Window{19c5b25 u0 d0 com.wallapop/com.rewallapop.ui.listing.v2.UnifiedListingActivity}

07-03 17:51:51.933 27090 27090 I Timeline: Timeline: Activity_launch_request id:com.wallapop time:56114636

07-03 17:51:51.953   874  3012 V WindowManager: addAppToken: AppWindowToken{941aa74 token=Token{ac6247 ActivityRecord{6009986 u0 com.wallapop/com.rewallapop.ui.listing.realestate.RealEstateLocationSelectorActivity t880}}} to stack=1 task=880 at 2

07-03 17:51:51.983   874  1027 V MARsPolicyManager: updatePackagesScore PackageInfo name -- com.wallapop

07-03 17:51:52.003 27090 27090 W ResourcesManager: getTopLevelResources: /data/app/com.wallapop-1/base.apk / 1.0 running in com.wallapop rsrc of package null

07-03 17:51:52.003 27090 27090 W ResourcesManager: getTopLevelResources: /data/app/com.wallapop-1/base.apk / 1.0 running in com.wallapop rsrc of package null

07-03 17:51:52.043   874  4874 V AlarmManager:  remove PendingIntent] PendingIntent{c9d1b9d: PendingIntentRecord{de40689 com.wallapop broadcastIntent}}

07-03 17:51:52.383 27090 27090 W System.err: mkdir failed: EEXIST (File exists) : /storage/emulated/0/Android/data/com.wallapop/cache

07-03 17:51:52.483   874  1220 D ISSUE_DEBUG: InputChannelName : 642dbe3 com.wallapop/com.rewallapop.ui.listing.realestate.RealEstateLocationSelectorActivity

07-03 17:51:52.503   874  1028 D StatusBarManagerService: manageDisableList userId=0 what=0x0 pkg=Window{642dbe3 u0 d0 com.wallapop/com.rewallapop.ui.listing.realestate.RealEstateLocationSelectorActivity}

07-03 17:51:52.553 27090 27090 I Timeline: Timeline: Activity_launch_request id:com.wallapop time:56115258

07-03 17:51:52.563   874  3012 V WindowManager: addAppToken: AppWindowToken{b9b535e token=Token{934d499 ActivityRecord{e08f9e0 u0 com.wallapop/com.rewallapop.ui.location.LocationPermissionActivity t880}}} to stack=1 task=880 at 3

07-03 17:51:52.563   874  1028 D StatusBarManagerService: manageDisableList userId=0 what=0x0 pkg=Window{19c5b25 u0 d0 com.wallapop/com.rewallapop.ui.listing.v2.UnifiedListingActivity}

07-03 17:51:52.613   874  1721 I AppOps  : sendInfoToFLP, code=41 , uid=10267 , packageName=com.wallapop , type=startOp

07-03 17:51:52.613   874  1913 I AppOps  : sendInfoToFLP, code=42 , uid=10267 , packageName=com.wallapop , type=startOp

07-03 17:51:52.653   874  1721 V WindowStateAnimator: Finishing drawing window Window{642dbe3 u0 d0 com.wallapop/com.rewallapop.ui.listing.realestate.RealEstateLocationSelectorActivity}: mDrawState=DRAW_PENDING

07-03 17:51:52.683 27090 31027 W System.err: remove failed: ENOENT (No such file or directory) : /data/user/0/com.wallapop/shared_prefs/MapviewInitializerPreferences.xml.bak

07-03 17:51:52.843   874  2020 I AppOps  : sendInfoToFLP, code=41 , uid=10267 , packageName=com.wallapop , type=finishOp

07-03 17:51:52.843   874  1220 I AppOps  : sendInfoToFLP, code=42 , uid=10267 , packageName=com.wallapop , type=finishOp

07-03 17:51:52.923   874  1027 V MARsPolicyManager: updatePackagesScore PackageInfo name -- com.wallapop

07-03 17:51:52.953   874   894 V WindowStateAnimator: Finishing drawing window Window{642dbe3 u0 d0 com.wallapop/com.rewallapop.ui.listing.realestate.RealEstateLocationSelectorActivity}: mDrawState=READY_TO_SHOW

07-03 17:51:52.993 27090 27090 W GmsClientEvents: unregisterConnectionFailedListener(): listener GooglePlayServicesHeadlessFragment{a2fde34 (b2deff5d-f37c-4d0b-95b0-4a26d940845a) com.wallapop.fragments.headless.GooglePlayServicesHeadlessFragment} not found

07-03 17:51:52.993 27090 27090 W GmsClientEvents: unregisterConnectionCallbacks(): listener GooglePlayServicesHeadlessFragment{a2fde34 (b2deff5d-f37c-4d0b-95b0-4a26d940845a) com.wallapop.fragments.headless.GooglePlayServicesHeadlessFragment} not found

07-03 17:51:53.003 27090 27090 V ActivityThread: updateVisibility : ActivityRecord{5457f2b token=android.os.BinderProxy@adc0cb8 {com.wallapop/com.rewallapop.ui.wall.WallActivity}} show : false

07-03 17:51:53.003 27090 27090 W ResourcesManager: getTopLevelResources: /data/app/com.wallapop-1/base.apk / 1.0 running in com.wallapop rsrc of package null

07-03 17:51:53.003 27090 27090 W ResourcesManager: getTopLevelResources: /data/app/com.wallapop-1/base.apk / 1.0 running in com.wallapop rsrc of package null

07-03 17:51:53.033   874  2020 V AlarmManager:  remove PendingIntent] PendingIntent{82eaeed: PendingIntentRecord{de40689 com.wallapop broadcastIntent}}

07-03 17:51:53.173   874  1422 I AppOps  : sendInfoToFLP, code=41 , uid=10267 , packageName=com.wallapop , type=startOp

07-03 17:51:53.193   874  1027 V MARsPolicyManager: updatePackagesScore PackageInfo name -- com.wallapop

07-03 17:51:53.193   874  1028 D StatusBarManagerService: manageDisableList userId=0 what=0x0 pkg=Window{642dbe3 u0 d0 com.wallapop/com.rewallapop.ui.listing.realestate.RealEstateLocationSelectorActivity}

07-03 17:51:53.193   874  1132 I ActivityManager: Displayed com.wallapop/com.rewallapop.ui.listing.realestate.RealEstateLocationSelectorActivity: +11ms (total +1s226ms)

07-03 17:51:53.213 27090 27090 V ActivityThread: updateVisibility : ActivityRecord{107ec83 token=android.os.BinderProxy@701716a {com.wallapop/com.rewallapop.ui.listing.v2.UnifiedListingActivity}} show : true

07-03 17:51:53.243   874  2020 V AlarmManager:  remove PendingIntent] PendingIntent{afd1a2b: PendingIntentRecord{de40689 com.wallapop broadcastIntent}}

07-03 17:51:53.253 27090 27090 V ActivityThread: updateVisibility : ActivityRecord{5457f2b token=android.os.BinderProxy@adc0cb8 {com.wallapop/com.rewallapop.ui.wall.WallActivity}} show : true

07-03 17:51:53.283   874  1723 I AppOps  : sendInfoToFLP, code=41 , uid=10267 , packageName=com.wallapop , type=startOp

07-03 17:51:53.283   874  1722 I AppOps  : sendInfoToFLP, code=42 , uid=10267 , packageName=com.wallapop , type=startOp

07-03 17:51:53.463   874  1132 I Timeline: Timeline: Activity_windows_visible id: ActivityRecord{6009986 u0 com.wallapop/com.rewallapop.ui.listing.realestate.RealEstateLocationSelectorActivity t880} time:56116163

07-03 17:51:53.493   874  1721 V WindowStateAnimator: Finishing drawing window Window{c2570b5 u0 d0 com.wallapop/com.rewallapop.ui.wall.WallActivity}: mDrawState=DRAW_PENDING

07-03 17:51:53.503   874  1132 I Timeline: Timeline: Activity_windows_visible id: ActivityRecord{70e9bde u0 com.wallapop/com.rewallapop.ui.wall.WallActivity t880} time:56116208

07-03 17:51:53.573 27090 27090 V ActivityThread: updateVisibility : ActivityRecord{107ec83 token=android.os.BinderProxy@701716a {com.wallapop/com.rewallapop.ui.listing.v2.UnifiedListingActivity}} show : true

07-03 17:51:54.083 27007 27382 W ByMatcher: Node returned null child: android.view.accessibility.AccessibilityNodeInfo@8028cdc0; boundsInParent: Rect(0, 0 - 1080, 1920); boundsInScreen: Rect(0, 0 - 1080, 1920); packageName: com.wallapop; className: android.widget.FrameLayout; text: null; error: null; maxTextLength: -1; contentDescription: null; viewIdResName: null; checkable: false; checked: false; focusable: false; focused: false; selected: false; clickable: false; longClickable: false; contextClickable: false; enabled: true; password: false; scrollable: false; actions: [AccessibilityAction: ACTION_SELECT - null, AccessibilityAction: ACTION_CLEAR_SELECTION - null, AccessibilityAction: ACTION_ACCESSIBILITY_FOCUS - null, AccessibilityAction: ACTION_UNKNOWN - null]

07-03 17:51:54.083 27007 27382 W ByMatcher: Node returned null child: android.view.accessibility.AccessibilityNodeInfo@8028cdc0; boundsInParent: Rect(0, 0 - 1080, 1920); boundsInScreen: Rect(0, 0 - 1080, 1920); packageName: com.wallapop; className: android.widget.FrameLayout; text: null; error: null; maxTextLength: -1; contentDescription: null; viewIdResName: null; checkable: false; checked: false; focusable: false; focused: false; selected: false; clickable: false; longClickable: false; contextClickable: false; enabled: true; password: false; scrollable: false; actions: [AccessibilityAction: ACTION_SELECT - null, AccessibilityAction: ACTION_CLEAR_SELECTION - null, AccessibilityAction: ACTION_ACCESSIBILITY_FOCUS - null, AccessibilityAction: ACTION_UNKNOWN - null]

07-03 17:51:54.823 27090 27098 W REALM_JAVA: Remember to call close() on all Realm instances. Realm /data/data/com.wallapop/files/feature_flags is being finalized without being closed, this can lead to running out of native memory.

07-03 17:51:54.823 27090 27098 W REALM_JAVA: Remember to call close() on all Realm instances. Realm /data/data/com.wallapop/files/feature_flags is being finalized without being closed, this can lead to running out of native memory.

07-03 17:51:54.823 27090 27098 W REALM_JAVA: Remember to call close() on all Realm instances. Realm /data/data/com.wallapop/files/feature_flags is being finalized without being closed, this can lead to running out of native memory.

07-03 17:52:04.413   874   874 D EdgeLight: Turning on edge light for notification (NotificationRecord(0x0f1fc199: pkg=com.wallapop user=UserHandle{0} id=0 tag=default score=20 key=0|com.wallapop|0|default|10267: Notification(pri=2 contentView=null vibrate=default sound=default tick defaults=0xffffffff flags=0x9 color=0xff13c1ac category=msg vis=PRIVATE secFlags=0x0 secPriority=0))) with color=ffffffff

07-03 17:52:12.043   874  4874 I AppOps  : sendInfoToFLP, code=41 , uid=10267 , packageName=com.wallapop , type=finishOp

07-03 17:52:12.043   874  1220 I AppOps  : sendInfoToFLP, code=42 , uid=10267 , packageName=com.wallapop , type=finishOp

07-03 17:52:12.083   874  1027 V MARsPolicyManager: updatePackagesScore PackageInfo name -- com.wallapop

07-03 17:52:12.093   874  1028 D StatusBarManagerService: manageDisableList userId=0 what=0x0 pkg=Window{19c5b25 u0 d0 com.wallapop/com.rewallapop.ui.listing.v2.UnifiedListingActivity}

07-03 17:52:12.223   874  2020 I AppOps  : sendInfoToFLP, code=41 , uid=10267 , packageName=com.wallapop , type=finishOp

07-03 17:52:22.163   874  1220 V BroadcastQueue: [background] Process cur broadcast BroadcastRecord{ec1be81 u0 com.appboy.action.receiver.DATA_SYNC qIdx=4}, state= (APP_RECEIVE) DELIVERED for app ProcessRecord{89317b1 27090:com.wallapop/u0a267}

07-03 17:52:27.103   874  1722 D ISSUE_DEBUG: InputChannelName : cdaf7b0 com.wallapop/com.rewallapop.ui.listing.v2.UnifiedListingActivity

07-03 17:52:27.103   874  1028 D StatusBarManagerService: manageDisableList userId=0 what=0x0 pkg=Window{cdaf7b0 u0 d0 com.wallapop/com.rewallapop.ui.listing.v2.UnifiedListingActivity}

07-03 17:52:27.163   874  1028 D StatusBarManagerService: manageDisableList userId=0 what=0x0 pkg=Window{cdaf7b0 u0 d0 com.wallapop/com.rewallapop.ui.listing.v2.UnifiedListingActivity}

07-03 17:52:27.253   874  1220 V WindowStateAnimator: Finishing drawing window Window{cdaf7b0 u0 d0 com.wallapop/com.rewallapop.ui.listing.v2.UnifiedListingActivity}: mDrawState=DRAW_PENDING

07-03 17:52:27.303   874  1714 V WindowStateAnimator: Finishing drawing window Window{cdaf7b0 u0 d0 com.wallapop/com.rewallapop.ui.listing.v2.UnifiedListingActivity}: mDrawState=HAS_DRAWN

07-03 17:52:29.973   874  1028 D StatusBarManagerService: manageDisableList userId=0 what=0x0 pkg=Window{19c5b25 u0 d0 com.wallapop/com.rewallapop.ui.listing.v2.UnifiedListingActivity}

07-03 17:52:49.013 27090 31352 D Retrofit: {"currency_code":"EUR","location":{"approximated_location":false,"latitude":"41.423336299999995","longitude":"2.1917949000000005"},"operation":"buy","type":"house","sale_price":"1000000","storytelling":"","surface":1200,"title":"Selling House in Barcelona","image":"/storage/emulated/0/Android/data/com.wallapop/files/Pictures/JPEG_20190703_175123_1111717439.jpg","listing_type":"REAL_ESTATE","mode":"UPLOAD","sale_conditions":{"fix_price":false,"exchange_allowed":false,"shipping_allowed":false}}

07-03 17:52:50.553 27090 27090 I Timeline: Timeline: Activity_launch_request id:com.wallapop time:56173254

07-03 17:52:50.573   874  4874 V WindowManager: addAppToken: AppWindowToken{fefdedc token=Token{caa874f ActivityRecord{b8dae u0 com.wallapop/com.rewallapop.ui.item.ItemDetailActivity t880}}} to stack=1 task=880 at 2

07-03 17:52:50.573 27090 27090 I Timeline: Timeline: Activity_launch_request id:com.wallapop time:56173279

07-03 17:52:50.583   874  1721 V WindowManager: addAppToken: AppWindowToken{4b2496b token=Token{886d6ba ActivityRecord{9311be5 u0 com.wallapop/com.rewallapop.ui.listing.BumpPopupActivity t880}}} to stack=1 task=880 at 3

07-03 17:52:50.633   874  1027 V MARsPolicyManager: updatePackagesScore PackageInfo name -- com.wallapop

07-03 17:52:50.663 27090 27090 W ResourcesManager: getTopLevelResources: /data/app/com.wallapop-1/base.apk / 1.0 running in com.wallapop rsrc of package null

07-03 17:52:50.663 27090 27090 W ResourcesManager: getTopLevelResources: /data/app/com.wallapop-1/base.apk / 1.0 running in com.wallapop rsrc of package null

07-03 17:52:50.693   874   894 V AlarmManager:  remove PendingIntent] PendingIntent{60a0cc8: PendingIntentRecord{de40689 com.wallapop broadcastIntent}}

07-03 17:52:50.743   874  1913 D ISSUE_DEBUG: InputChannelName : 3ba486 com.wallapop/com.rewallapop.ui.item.ItemDetailActivity

07-03 17:52:50.763 27090 27090 W GmsClientEvents: unregisterConnectionFailedListener(): listener GooglePlayServicesHeadlessFragment{a2fde34 (b2deff5d-f37c-4d0b-95b0-4a26d940845a) com.wallapop.fragments.headless.GooglePlayServicesHeadlessFragment} not found

07-03 17:52:50.763 27090 27090 W GmsClientEvents: unregisterConnectionCallbacks(): listener GooglePlayServicesHeadlessFragment{a2fde34 (b2deff5d-f37c-4d0b-95b0-4a26d940845a) com.wallapop.fragments.headless.GooglePlayServicesHeadlessFragment} not found

07-03 17:52:50.773 27090 27090 V ActivityThread: updateVisibility : ActivityRecord{5457f2b token=android.os.BinderProxy@adc0cb8 {com.wallapop/com.rewallapop.ui.wall.WallActivity}} show : false

07-03 17:52:50.773 27090 27090 W ResourcesManager: getTopLevelResources: /data/app/com.wallapop-1/base.apk / 1.0 running in com.wallapop rsrc of package null

07-03 17:52:50.773 27090 27090 W ResourcesManager: getTopLevelResources: /data/app/com.wallapop-1/base.apk / 1.0 running in com.wallapop rsrc of package null

07-03 17:52:50.793   874  1422 V AlarmManager:  remove PendingIntent] PendingIntent{b2a1147: PendingIntentRecord{de40689 com.wallapop broadcastIntent}}

07-03 17:52:50.803   874  2732 D ISSUE_DEBUG: InputChannelName : 36fe29d com.wallapop/com.rewallapop.ui.listing.BumpPopupActivity

07-03 17:52:50.873   874  1028 D StatusBarManagerService: manageDisableList userId=0 what=0x0 pkg=Window{36fe29d u0 d0 com.wallapop/com.rewallapop.ui.listing.BumpPopupActivity}

07-03 17:52:51.033   874  1721 V WindowStateAnimator: Finishing drawing window Window{3ba486 u0 d0 com.wallapop/com.rewallapop.ui.item.ItemDetailActivity}: mDrawState=DRAW_PENDING

07-03 17:52:51.033   874  1714 V WindowStateAnimator: Finishing drawing window Window{36fe29d u0 d0 com.wallapop/com.rewallapop.ui.listing.BumpPopupActivity}: mDrawState=DRAW_PENDING

07-03 17:52:51.043   874  1132 I ActivityManager: Displayed com.wallapop/com.rewallapop.ui.listing.BumpPopupActivity: +417ms (total +38s972ms)

07-03 17:52:51.063   874  1721 V WindowStateAnimator: Finishing drawing window Window{3ba486 u0 d0 com.wallapop/com.rewallapop.ui.item.ItemDetailActivity}: mDrawState=READY_TO_SHOW

07-03 17:52:51.063   874  1714 V WindowStateAnimator: Finishing drawing window Window{36fe29d u0 d0 com.wallapop/com.rewallapop.ui.listing.BumpPopupActivity}: mDrawState=HAS_DRAWN

07-03 17:52:51.083 27090 31352 W System.err: remove failed: ENOENT (No such file or directory) : /data/user/0/com.wallapop/cache/okhttp/7d5e9e8b84e03e14380129f0bfc952d7.0

07-03 17:52:51.083 27090 31352 W System.err: remove failed: ENOENT (No such file or directory) : /data/user/0/com.wallapop/cache/okhttp/7d5e9e8b84e03e14380129f0bfc952d7.1

07-03 17:52:51.103   874  2732 D ISSUE_DEBUG: InputChannelName : 4b3da37 com.wallapop/com.rewallapop.ui.listing.BumpPopupActivity

07-03 17:52:51.103   874  1028 D StatusBarManagerService: manageDisableList userId=0 what=0x0 pkg=Window{4b3da37 u0 d0 com.wallapop/com.rewallapop.ui.listing.BumpPopupActivity}

07-03 17:52:51.203   874  1913 V WindowStateAnimator: Finishing drawing window Window{4b3da37 u0 d0 com.wallapop/com.rewallapop.ui.listing.BumpPopupActivity}: mDrawState=DRAW_PENDING

07-03 17:52:51.223   874  1220 V WindowStateAnimator: Finishing drawing window Window{4b3da37 u0 d0 com.wallapop/com.rewallapop.ui.listing.BumpPopupActivity}: mDrawState=HAS_DRAWN

07-03 17:52:51.463   874  1132 I Timeline: Timeline: Activity_windows_visible id: ActivityRecord{9311be5 u0 com.wallapop/com.rewallapop.ui.listing.BumpPopupActivity t880} time:56174168

07-03 17:52:51.963 27090 31569 W System.err: remove failed: ENOENT (No such file or directory) : /data/user/0/com.wallapop/cache/okhttp/c8e8ff34f15dc6a1a230bd9c1dfb155a.0

07-03 17:52:51.973 27090 31569 W System.err: remove failed: ENOENT (No such file or directory) : /data/user/0/com.wallapop/cache/okhttp/c8e8ff34f15dc6a1a230bd9c1dfb155a.1

07-03 17:52:51.973 27090 27324 W System.err: remove failed: ENOENT (No such file or directory) : /data/user/0/com.wallapop/cache/okhttp/7f26680aa139148a9845e989fd441b64.0

07-03 17:52:51.973 27090 27324 W System.err: remove failed: ENOENT (No such file or directory) : /data/user/0/com.wallapop/cache/okhttp/7f26680aa139148a9845e989fd441b64.1

07-03 17:52:52.043 27090 31560 W System.err: remove failed: ENOENT (No such file or directory) : /data/user/0/com.wallapop/cache/okhttp/e73f0557389ed50c296092f0e8914602.0

07-03 17:52:52.043 27090 31560 W System.err: remove failed: ENOENT (No such file or directory) : /data/user/0/com.wallapop/cache/okhttp/e73f0557389ed50c296092f0e8914602.1


