Executed 'TestRailTest_01()' on 04-11-2019
---------------------------------------------------------------------------------
11-14 15:02:51.415 29301 29360 I appium  : AppiumResponse: {"sessionId":"cbe69e12-8f27-4084-bddd-f40fb45f0c16","value":{"sessionId":"cbe69e12-8f27-4084-bddd-f40fb45f0c16","capabilities":{"firstMatch":[{"platform":"LINUX","webStorageEnabled":false,"takesScreenshot":true,"javascriptEnabled":true,"databaseEnabled":false,"networkConnectionEnabled":true,"locationContextEnabled":false,"warnings":{},"desired":{"platformName":"android","normalizeTagNames":true,"androidInstallTimeout":150000,"app":"","appActivity":"com.rewallapop.ui.main.MainActivity","appPackage":"com.wallapop","isHeadless":false,"skipDeviceInitialization":true,"autoAcceptAlerts":true,"autoGrantPermissions":true,"automationName":"UiAutomator2","avd":"","deviceName":"3200f02dc0aab5db","deviceReadyTimeout":1,"fullReset":false,"ignoreUnimportantViews":true,"newCommandTimeout":60,"noReset":true,"systemPort":8223,"udid":"3200f02dc0aab5db"},"platformName":"android","normalizeTagNames":true,"androidInstallTimeout":150000,"app":"","appActivity":"com.rewallapop.ui.main.MainActivity","appPackage":"com.wallapop","isHeadless":false,"skipDeviceInitialization":true,"autoAcceptAlerts":true,"autoGrantPermissions":true,"automationName":"UiAutomator2","avd":"","deviceName":"3200f02dc0aab5db","deviceReadyTimeout":1,"fullReset":false,"ignoreUnimportantViews":true,"newCommandTimeout":60,"noReset":true,"systemPort":8223,"udid":"3200f02dc0aab5db","deviceUDID":"3200f02dc0aab5db"}],"alwaysMatch":{}}}}

11-14 15:02:51.973  4211  6757 I ActivityManager: Force stopping com.wallapop appid=10313 user=0: from pid 29368 caller com.android.server.am.ActivityManagerShellCommand.runStartActivity:412

11-14 15:02:51.978  4211  4211 D SamsungAlarmManager: Remove alarm for next reason : android.intent.action.PACKAGE_RESTARTED : package: com.wallapop

11-14 15:02:51.987  4211  4227 W BroadcastQueue: Background execution not allowed: receiving Intent { act=android.intent.action.PACKAGE_RESTARTED dat=package:com.wallapop flg=0x10 (has extras) } to android/com.kddi.android.CpaNotiReceiver

11-14 15:02:52.237  4211  6757 I ActivityManager: START u0 {act=null typ=null flg=0x10000000 cmp=ComponentInfo{com.wallapop/com.rewallapop.ui.main.MainActivity}} from uid 2000

11-14 15:02:52.248  4211  6757 I ActivityManager: [IOP] sourceDir : /data/app/com.wallapop-N9ua0QKKrjIAApR3SfN52w== in ActivityStacksupervisor

11-14 15:02:52.263  3727  3727 I SurfaceFlinger: id=27030 createSurf (4440x4440),2 flag=4, AppWindowToken{b2cb73 token=Token{3df7be2 ActivityRecord{cadfcad u0 com.wallapop/com.rewallapop.ui.main.MainActivity t2175}}}#0

11-14 15:02:52.278  4211  6754 D StorageManagerService: getExternalStorageMountMode : final mountMode=1, uid : 10313, packageName : com.wallapop

11-14 15:02:52.278  4211  6754 I ApplicationPolicy: isApplicationExternalStorageWhitelisted:com.wallapop user:0

11-14 15:02:52.278  4211  6754 D ActivityManager: package  com.wallapop, user - 0 is SDcard whitelisted

11-14 15:02:52.278  4211  6754 I ApplicationPolicy: isApplicationExternalStorageBlacklisted:com.wallapop user:0

11-14 15:02:52.278  4211  6754 I ApplicationPolicy: isApplicationExternalStorageBlacklisted:com.wallapop user:0

11-14 15:02:52.279  3727  3727 I SurfaceFlinger: id=27031 createSurf (4440x4440),2 flag=4, 12e87f4 Splash Screen com.wallapop#0

11-14 15:02:52.282  4211  4211 D Telecom:SamsungPrebindingServiceImpl: onTopActivityChanged : ComponentInfo{com.wallapop/com.rewallapop.ui.main.MainActivity}

11-14 15:02:52.298  4211  4229 I ActivityManager: Start proc 29371:com.wallapop/u0a313 for activity com.wallapop/com.rewallapop.ui.main.MainActivity

11-14 15:02:52.300  4211  4310 V WindowManager: Relayout Window{12e87f4 u0 Splash Screen com.wallapop}: viewVisibility=0 req=1080x2220 {(0,0)(fillxfill) sim={adjust=pan} ty=APPLICATION_STARTING fmt=TRANSLUCENT wanim=0x10302fe

11-14 15:02:52.302 29371 29371 I com.wallapop: Late-enabling -Xcheck:jni

11-14 15:02:52.304  3727  3727 I SurfaceFlinger: id=27032 createSurf (1080x2220),1 flag=4, Splash Screen com.wallapop#0

11-14 15:02:52.307  4211  4310 D WindowManager: makeSurface duration=3 name=Splash Screen com.wallapop

11-14 15:02:52.334 29371 29371 I com.wallapop: report jit thread pid = 29376

11-14 15:02:52.336  4211  4310 D WindowManager: finishDrawingWindow: Window{12e87f4 u0 Splash Screen com.wallapop} mDrawState=DRAW_PENDING

11-14 15:02:52.339  4211  4310 I WindowManager: commitFinishDrawingLocked: mDrawState=READY_TO_SHOW Surface(name=Splash Screen com.wallapop)/@0xa4544de

11-14 15:02:52.339  4211  4310 V WindowManager: Resize reasons for w=Window{12e87f4 u0 Splash Screen com.wallapop}:  contentInsetsChanged=false [0,63][0,126] visibleInsetsChanged=false [0,63][0,126] stableInsetsChanged=false [0,63][0,126] outsetsChanged=false [0,0][0,0] surfaceResized=false configChanged=false dragResizingChanged=false reportOrientationChanged=false displayCutoutChanged=false nextForceRelayoutToClient=false

11-14 15:02:52.351  4211  6754 I ActivityManager: DSS on for com.wallapop and scale is 1.0

11-14 15:02:52.355  4211  6754 I WindowManager: commitFinishDrawingLocked: mDrawState=READY_TO_SHOW Surface(name=Splash Screen com.wallapop)/@0xa4544de

11-14 15:02:52.361  4211  6754 D GamePkgDataHelper: notifyAppCreate(), pkgName: com.wallapop, sendRet: true

11-14 15:02:52.361  4211  4473 D GamePkgDataHelper: getGamePkgData(). com.wallapop

11-14 15:02:52.361  4211  4473 D GameManagerService: handleMessage(), MSG_APP_CREATE. ignore. pkgName: com.wallapop

11-14 15:02:52.362  4211  4310 I WindowManager: commitFinishDrawingLocked: mDrawState=READY_TO_SHOW Surface(name=Splash Screen com.wallapop)/@0xa4544de

11-14 15:02:52.366  4211  6754 D GameManagerService: noteResumeComponent(), resumeComponent: com.wallapop

11-14 15:02:52.367  4211  6754 D GamePkgDataHelper: getSosPolicy(). com.wallapop

11-14 15:02:52.367  4211  4473 D GameManagerService: handleForegroundChange(). pkgName: com.wallapop, clsName: com.rewallapop.ui.main.MainActivity,FgActivityName:com.wallapop/com.rewallapop.ui.main.MainActivity

11-14 15:02:52.367  4211  4473 D GameManagerService:   handleForegroundChange(). set mFgApp: com.wallapop

11-14 15:02:52.367  4211  4808 D GamePkgDataHelper: getGamePkgDataIncServer(). com.wallapop

11-14 15:02:52.367  4211  4473 D GameManagerService: notifyResumePause(). pkg: com.wallapop, type: 4, isMinimized: false, isTunableApp: false

11-14 15:02:52.367  4211  6754 D GameManagerService: identifyGamePackage. com.wallapop

11-14 15:02:52.367  4211  6754 D GamePkgDataHelper: getGamePkgData(). com.wallapop

11-14 15:02:52.367  4211  6754 D MARsPolicyManager: onPackageResumedFG pkgName = com.wallapop, userId = 0

11-14 15:02:52.370  4211  4310 I WindowManager: commitFinishDrawingLocked: mDrawState=READY_TO_SHOW Surface(name=Splash Screen com.wallapop)/@0xa4544de

11-14 15:02:52.380  4211  4310 I WindowManager: Cancelling animation restarting=true, leash=null, surface=Surface(name=AppWindowToken{b2cb73 token=Token{3df7be2 ActivityRecord{cadfcad u0 com.wallapop/com.rewallapop.ui.main.MainActivity t2175}}})/@0x5d2ff53, parent=Surface(name=Task=2175)/@0x1d43090

11-14 15:02:52.380  4211  4310 I WindowManager: Reparenting to leash, surface=Surface(name=AppWindowToken{b2cb73 token=Token{3df7be2 ActivityRecord{cadfcad u0 com.wallapop/com.rewallapop.ui.main.MainActivity t2175}}})/@0x5d2ff53

11-14 15:02:52.381  3727  3727 I SurfaceFlinger: id=27034 createSurf (4440x4440),2 flag=4, Surface(name=AppWindowToken{b2cb73 token=Token{3df7be2 ActivityRecord{cadfcad u0 com.wallapop/com.rewallapop.ui.main.MainActivity t2175}}})/@0x5d2ff53 - animation-leash#0

11-14 15:02:52.383  4211  4310 D WindowManager: makeSurface duration=3 leash=Surface(name=Surface(name=AppWindowToken{b2cb73 token=Token{3df7be2 ActivityRecord{cadfcad u0 com.wallapop/com.rewallapop.ui.main.MainActivity t2175}}})/@0x5d2ff53 - animation-leash)/@0xd84bd89

11-14 15:02:52.383  4211  4310 D SurfaceControl: reparent is called, sc=Surface(name=AppWindowToken{b2cb73 token=Token{3df7be2 ActivityRecord{cadfcad u0 com.wallapop/com.rewallapop.ui.main.MainActivity t2175}}})/@0x5d2ff53, newParentHandle=android.os.BinderProxy@43aa18e, transaction=android.view.SurfaceControl$Transaction@c043daf

11-14 15:02:52.383  4211  4310 V WindowManager: performShowLocked: mDrawState=HAS_DRAWN in Window{12e87f4 u0 Splash Screen com.wallapop}

11-14 15:02:52.386  3727  5386 D Layer   : [AppWindowToken{b2cb73 token=Token{3df7be2 ActivityRecord{cadfcad u0 com.wallapop/com.rewallapop.ui.main.MainActivity t2175}}}#0]::reparent oldParent:[Task=2175#0], newParent:[Surface(name=AppWindowToken{b2cb73 token=Token{3df7be2 ActivityRecord{cadfcad u0 com.wallapop/com.rewallapop.ui.main.MainActivity t2175}}})/@0x5d2ff53 - animation-leash#0]

11-14 15:02:52.390  4211  6754 D GamePkgDataHelper: getSosPolicy(). com.wallapop

11-14 15:02:52.390 29371 29371 I com.wallapop: The ClassLoaderContext is a special shared library.

11-14 15:02:52.392  4211  6754 D GameManagerService: identifyGamePackage. com.wallapop

11-14 15:02:52.392  4211  6754 D GamePkgDataHelper: getGamePkgData(). com.wallapop

11-14 15:02:52.394  4211  4228 D CodecSolution: isMaxAspectPackageEx: com.wallapop : true(2)

11-14 15:02:52.396  4211  4228 D WindowManager: setSystemUiVisibility: vis= 0xa018, fullscreenVis= 0x2000, dockedVis= 0x0, win=Window{12e87f4 u0 Splash Screen com.wallapop}

11-14 15:02:52.399  4211  4808 D GameManagerService: identifyGamePackage. com.wallapop

11-14 15:02:52.400  4211  4808 D GamePkgDataHelper: getGamePkgData(). com.wallapop

11-14 15:02:52.488  3727  3727 I SurfaceFlinger:      Device | 0x70dda1fcc0 | 0000 | RGBA_8888 |   0.0    0.0 1080.0 2220.0 |   91  186  989 2034 | Splash Screen com.wallapop#0

11-14 15:02:52.521  4211  4669 D MdnieScenarioControlService:  packageName : com.wallapop    className : com.rewallapop.ui.main.MainActivity

11-14 15:02:52.526  3727  3727 I SurfaceFlinger:      Device | 0x70dda1fcc0 | 0000 | RGBA_8888 |   0.0    0.0 1080.0 2220.0 |   50  103 1030 2117 | Splash Screen com.wallapop#0

11-14 15:02:52.639  4211  4310 I WindowManager: reset, Reparenting to original parent, shouldDeferScheduleAnimation=false, destroyLeash=true, surface=Surface(name=AppWindowToken{b2cb73 token=Token{3df7be2 ActivityRecord{cadfcad u0 com.wallapop/com.rewallapop.ui.main.MainActivity t2175}}})/@0x5d2ff53, parent=Surface(name=Task=2175)/@0x1d43090, parentNativeHandle=android.os.BinderProxy@16105cb, caller=com.android.server.wm.SurfaceAnimator.lambda$getFinishedCallback$0:97 com.android.server.wm.-$$Lambda$SurfaceAnimator$SIBia0mND666K8lMCPsoid8pUTI.run:4 com.android.server.wm.SurfaceAnimator.lambda$getFinishedCallback$1:104 com.android.server.wm.-$$Lambda$SurfaceAnimator$vdRZk66hQVbQCvVXEaQCT1kVmFc.onAnimationFinished:4 com.android.server.wm.LocalAnimationAdapter.lambda$startAnimation$0:74

11-14 15:02:52.639  4211  4310 D SurfaceControl: reparent is called, sc=Surface(name=AppWindowToken{b2cb73 token=Token{3df7be2 ActivityRecord{cadfcad u0 com.wallapop/com.rewallapop.ui.main.MainActivity t2175}}})/@0x5d2ff53, newParentHandle=android.os.BinderProxy@16105cb, transaction=android.view.SurfaceControl$Transaction@c043daf

11-14 15:02:52.640  4211  4310 D SurfaceControl: destroy(transaction), animation-leash is destroyed, sc=Surface(name=Surface(name=AppWindowToken{b2cb73 token=Token{3df7be2 ActivityRecord{cadfcad u0 com.wallapop/com.rewallapop.ui.main.MainActivity t2175}}})/@0x5d2ff53 - animation-leash)/@0xd84bd89, transaction=android.view.SurfaceControl$Transaction@c043daf, caller=com.android.server.wm.SurfaceAnimator.reset:338 com.android.server.wm.SurfaceAnimator.lambda$getFinishedCallback$0:97 com.android.server.wm.-$$Lambda$SurfaceAnimator$SIBia0mND666K8lMCPsoid8pUTI.run:4 com.android.server.wm.SurfaceAnimator.lambda$getFinishedCallback$1:104 com.android.server.wm.-$$Lambda$SurfaceAnimator$vdRZk66hQVbQCvVXEaQCT1kVmFc.onAnimationFinished:4 com.android.server.wm.LocalAnimationAdapter.lambda$startAnimation$0:74 com.android.server.wm.-$$Lambda$LocalAnimationAdapter$X--EomqUvw4qy89IeeTFTH7aCMo.run:4

11-14 15:02:52.645  3727  5386 D Layer   : [AppWindowToken{b2cb73 token=Token{3df7be2 ActivityRecord{cadfcad u0 com.wallapop/com.rewallapop.ui.main.MainActivity t2175}}}#0]::reparent oldParent:[Surface(name=AppWindowToken{b2cb73 token=Token{3df7be2 ActivityRecord{cadfcad u0 com.wallapop/com.rewallapop.ui.main.MainActivity t2175}}})/@0x5d2ff53 - animation-leash#0], newParent:[Task=2175#0]

11-14 15:02:52.645  3727  5386 I SurfaceFlinger: id=27034 Removed Surface(name=AppWindowToken{b2cb73 token=Token{3df7be2 ActivityRecord{cadfcad u0 com.wallapop/com.rewallapop.ui.main.MainActivity t2175}}})/@0x5d2ff53 - animation-leash#0 (0/60)

11-14 15:02:52.655  3727  3727 I Layer   : id=27034 onRemoved Surface(name=AppWindowToken{b2cb73 token=Token{3df7be2 ActivityRecord{cadfcad u0 com.wallapop/com.rewallapop.ui.main.MainActivity t2175}}})/@0x5d2ff53 - animation-leash#0

11-14 15:02:52.679  3727  3727 I SurfaceFlinger:      Device | 0x70dda1fcc0 | 0000 | RGBA_8888 |   0.0    0.0 1080.0 2220.0 |    0    0 1080 2220 | Splash Screen com.wallapop#0

11-14 15:02:52.743 29371 29382 I com.wallapop: Background concurrent copying GC freed 16379(4MB) AllocSpace objects, 26(876KB) LOS objects, 71% free, 2MB/8MB, paused 211us total 140.517ms

11-14 15:02:52.816 29371 29409 W com.wallapop: Unsupported class loader

11-14 15:02:52.822 29371 29409 W com.wallapop: Skipping duplicate class check due to unsupported classloader

11-14 15:02:52.857 29371 29394 I FA      :   adb shell setprop debug.firebase.analytics.app com.wallapop

11-14 15:02:52.882 29371 29409 W com.wallapop: Unsupported class loader

11-14 15:02:53.342 29371 29382 I com.wallapop: Background concurrent copying GC freed 65180(4MB) AllocSpace objects, 22(1392KB) LOS objects, 60% free, 3MB/9MB, paused 197us total 141.336ms

11-14 15:02:54.909 29371 29444 I stetho  : Listening on @stetho_com.wallapop_devtools_remote

11-14 15:02:54.985 29371 29450 W com.wallapop: Accessing hidden field Lsun/misc/Unsafe;->theUnsafe:Lsun/misc/Unsafe; (light greylist, reflection)

11-14 15:02:55.009 29371 29451 W com.wallapop: Accessing hidden field Ljava/nio/Buffer;->address:J (light greylist, reflection)

11-14 15:02:55.080 29371 29371 I com.wallapop: The ClassLoaderContext is a special shared library.

11-14 15:02:55.084 29371 29371 I chatty  : uid=10313(com.wallapop) identical 1 line

11-14 15:02:55.087 29371 29371 I com.wallapop: The ClassLoaderContext is a special shared library.

11-14 15:02:55.461 29371 29481 W com.wallapop: Accessing hidden method Landroid/content/Context;->bindServiceAsUser(Landroid/content/Intent;Landroid/content/ServiceConnection;ILandroid/os/Handler;Landroid/os/UserHandle;)Z (light greylist, reflection)

11-14 15:02:55.466  4211  6759 I ApplicationPolicy: isApplicationExternalStorageWhitelisted:com.wallapop user:0

11-14 15:02:55.466  4211  6759 D ActivityManager: package  com.wallapop, user - 0 is SDcard whitelisted

11-14 15:02:55.466  4211  6759 I ApplicationPolicy: isApplicationExternalStorageBlacklisted:com.wallapop user:0

11-14 15:02:55.466  4211  6759 I ApplicationPolicy: isApplicationExternalStorageBlacklisted:com.wallapop user:0

11-14 15:02:55.482  4211  4229 I ActivityManager: Start proc 29484:com.android.chrome:sandboxed_process0/u0i882 for webview_service com.wallapop/org.chromium.content.app.SandboxedProcessService0

11-14 15:02:55.510  4211  6754 I ActivityManager: DSS on for com.wallapop and scale is 1.0

11-14 15:02:55.511  4211  6754 D MultiDisplayManager: init process display: set packageProcessId, displayId=0, same_package_proc=ProcessRecord{4fd5466d0 29371:com.wallapop/u0a313}, app=ProcessRecord{e779b49d0 29484:com.android.chrome:sandboxed_process0/u0a313i882}

11-14 15:02:55.624 29371 29371 W com.wallapop: Accessing hidden method Landroid/view/textclassifier/logging/SmartSelectionEventTracker;-><init>(Landroid/content/Context;I)V (light greylist, reflection)

11-14 15:02:55.625 29371 29371 W com.wallapop: Accessing hidden method Landroid/view/textclassifier/logging/SmartSelectionEventTracker;->logEvent(Landroid/view/textclassifier/logging/SmartSelectionEventTracker$SelectionEvent;)V (light greylist, reflection)

11-14 15:02:55.625 29371 29371 W com.wallapop: Accessing hidden method Landroid/view/textclassifier/logging/SmartSelectionEventTracker$SelectionEvent;->selectionStarted(I)Landroid/view/textclassifier/logging/SmartSelectionEventTracker$SelectionEvent; (light greylist, reflection)

11-14 15:02:55.625 29371 29371 W com.wallapop: Accessing hidden method Landroid/view/textclassifier/logging/SmartSelectionEventTracker$SelectionEvent;->selectionModified(II)Landroid/view/textclassifier/logging/SmartSelectionEventTracker$SelectionEvent; (light greylist, reflection)

11-14 15:02:55.625 29371 29371 W com.wallapop: Accessing hidden method Landroid/view/textclassifier/logging/SmartSelectionEventTracker$SelectionEvent;->selectionModified(IILandroid/view/textclassifier/TextClassification;)Landroid/view/textclassifier/logging/SmartSelectionEventTracker$SelectionEvent; (light greylist, reflection)

11-14 15:02:55.625 29371 29371 W com.wallapop: Accessing hidden method Landroid/view/textclassifier/logging/SmartSelectionEventTracker$SelectionEvent;->selectionModified(IILandroid/view/textclassifier/TextSelection;)Landroid/view/textclassifier/logging/SmartSelectionEventTracker$SelectionEvent; (light greylist, reflection)

11-14 15:02:55.625 29371 29371 W com.wallapop: Accessing hidden method Landroid/view/textclassifier/logging/SmartSelectionEventTracker$SelectionEvent;->selectionAction(III)Landroid/view/textclassifier/logging/SmartSelectionEventTracker$SelectionEvent; (light greylist, reflection)

11-14 15:02:55.625 29371 29371 W com.wallapop: Accessing hidden method Landroid/view/textclassifier/logging/SmartSelectionEventTracker$SelectionEvent;->selectionAction(IIILandroid/view/textclassifier/TextClassification;)Landroid/view/textclassifier/logging/SmartSelectionEventTracker$SelectionEvent; (light greylist, reflection)

11-14 15:02:55.687 29371 29503 W com.wallapop: Accessing hidden method Landroid/media/AudioManager;->getOutputLatency(I)I (light greylist, reflection)

11-14 15:02:55.755 29371 29371 W com.wallapop: Accessing hidden method Landroid/app/ActivityThread;->currentPackageName()Ljava/lang/String; (light greylist, reflection)

11-14 15:02:56.084 29371 29554 W com.wallapop: Accessing hidden method Lcom/android/org/conscrypt/OpenSSLSocketImpl;->setAlpnProtocols([B)V (light greylist, reflection)

11-14 15:02:56.501 29371 29554 W com.wallapop: Accessing hidden method Lcom/android/org/conscrypt/OpenSSLSocketImpl;->getAlpnSelectedProtocol()[B (light greylist, reflection)

11-14 15:02:58.012  4211  4808 D SamsungAlarmManager: Cancel Alarm calling from uid:10313 pid :29371 / op:PendingIntent{69a52ba: PendingIntentRecord{ac6156b com.wallapop broadcastIntent}}

11-14 15:02:58.231 29371 29371 W com.wallapop: Accessing hidden method Landroid/view/View;->computeFitSystemWindows(Landroid/graphics/Rect;Landroid/graphics/Rect;)Z (light greylist, reflection)

11-14 15:02:58.234 29371 29371 W com.wallapop: Accessing hidden method Landroid/view/ViewGroup;->makeOptionalFitsSystemWindows()V (light greylist, reflection)

11-14 15:02:58.253 29371 29371 W com.wallapop: Accessing hidden field Landroid/view/ViewGroup;->mOnHierarchyChangeListener:Landroid/view/ViewGroup$OnHierarchyChangeListener; (light greylist, reflection)

11-14 15:02:58.291  4211  4808 D SamsungAlarmManager: Cancel Alarm calling from uid:10313 pid :29371 / op:PendingIntent{1bb2f5b: PendingIntentRecord{8313f8 com.wallapop broadcastIntent}}

11-14 15:02:58.319  4211  4808 D LocationManagerService: request 6927736 passive Request[POWER_NONE passive fastest=0 num=1 lowPowerMode=false] from com.wallapop(10313 foreground)

11-14 15:02:58.321  4622  4682 V ListenerMonitor_FLP: addListener, type : 0 packageName : com.wallapop , listener count : 1

11-14 15:02:58.321  4622  4682 E RequestManager_FLP: [LocationManagerService] Location request 6927736(PendingIntent) passive interval=0 from com.wallapop(10313)

11-14 15:02:58.358 29371 29371 I chatty  : uid=10313(com.wallapop) identical 3 lines

11-14 15:02:58.365 29371 29371 I chatty  : uid=10313(com.wallapop) identical 3 lines

11-14 15:02:58.384 29371 29371 I chatty  : uid=10313(com.wallapop) identical 3 lines

11-14 15:02:58.385 29371 29371 I chatty  : uid=10313(com.wallapop) identical 1 line

11-14 15:02:58.387 29371 29371 I chatty  : uid=10313(com.wallapop) identical 8 lines

11-14 15:02:58.399  4211  7608 D GameManagerService: identifyGamePackage. com.wallapop

11-14 15:02:58.399  4211  7608 D GamePkgDataHelper: getGamePkgData(). com.wallapop

11-14 15:02:58.635  4211  6759 I ActivityManager: START u0 {act=null typ=null flg=0x0 cmp=ComponentInfo{com.wallapop/com.rewallapop.ui.wall.WallActivity}} from uid 10313

11-14 15:02:58.648  3727  3727 I SurfaceFlinger: id=27035 createSurf (4440x4440),2 flag=4, AppWindowToken{1d1b61a token=Token{b285cc5 ActivityRecord{ea173c u0 com.wallapop/com.rewallapop.ui.wall.WallActivity t2175}}}#0

11-14 15:02:58.653  4211  6759 D SurfaceControl: reparent is called, sc=Surface(name=12e87f4 Splash Screen com.wallapop)/@0xde2a54b, newParentHandle=android.os.BinderProxy@adf6b28, transaction=android.view.SurfaceControl$Transaction@cb70041

11-14 15:02:58.656  4211  4228 D WindowManager: setSystemUiVisibility: vis= 0xa018, fullscreenVis= 0x2000, dockedVis= 0x0, win=Window{12e87f4 u0 Splash Screen com.wallapop}

11-14 15:02:58.657  3727  3964 D Layer   : [12e87f4 Splash Screen com.wallapop#0]::reparent oldParent:[AppWindowToken{b2cb73 token=Token{3df7be2 ActivityRecord{cadfcad u0 com.wallapop/com.rewallapop.ui.main.MainActivity t2175}}}#0], newParent:[AppWindowToken{1d1b61a token=Token{b285cc5 ActivityRecord{ea173c u0 com.wallapop/com.rewallapop.ui.wall.WallActivity t2175}}}#0]

11-14 15:02:58.665  4211  4211 D Telecom:SamsungPrebindingServiceImpl: onTopActivityChanged : ComponentInfo{com.wallapop/com.rewallapop.ui.wall.WallActivity}

11-14 15:02:59.038 29371 29673 I com.wallapop: The ClassLoaderContext is a special shared library.

11-14 15:02:59.044 29371 29673 I com.wallapop: Waiting for a blocking GC ClassLinker

11-14 15:02:59.062 29371 29382 I com.wallapop: Background concurrent copying GC freed 121327(7MB) AllocSpace objects, 42(2032KB) LOS objects, 49% free, 11MB/23MB, paused 1.185ms total 696.175ms

11-14 15:02:59.062 29371 29673 I com.wallapop: WaitForGcToComplete blocked ClassLinker on HeapTrim for 17.968ms

11-14 15:02:59.157  4211  4227 W ActivityManager: Activity pause timeout for ActivityRecord{cadfcad u0 com.wallapop/com.rewallapop.ui.main.MainActivity t2175 f}

11-14 15:02:59.230  4211  4227 D GamePkgDataHelper: notifyAppCreate(), pkgName: com.wallapop, sendRet: true

11-14 15:02:59.230  4211  4473 D GamePkgDataHelper: getGamePkgData(). com.wallapop

11-14 15:02:59.230  4211  4473 D GameManagerService: handleMessage(), MSG_APP_CREATE. ignore. pkgName: com.wallapop

11-14 15:02:59.233  4211  4227 D GameManagerService: noteResumeComponent(), resumeComponent: com.wallapop

11-14 15:02:59.233  4211  4473 D GameManagerService: handleForegroundChange(). pkgName: com.wallapop, clsName: com.rewallapop.ui.wall.WallActivity,FgActivityName:com.wallapop/com.rewallapop.ui.wall.WallActivity

11-14 15:02:59.233  4211  4227 D MARsPolicyManager: onPackageResumedFG pkgName = com.wallapop, userId = 0

11-14 15:02:59.238  4211  4227 I WindowManager: Cancelling animation restarting=true, leash=null, surface=Surface(name=AppWindowToken{b2cb73 token=Token{3df7be2 ActivityRecord{cadfcad u0 com.wallapop/com.rewallapop.ui.main.MainActivity t2175}}})/@0x5d2ff53, parent=Surface(name=Task=2175)/@0x1d43090

11-14 15:02:59.239  4211  4227 I WindowManager: Reparenting to leash, surface=Surface(name=AppWindowToken{b2cb73 token=Token{3df7be2 ActivityRecord{cadfcad u0 com.wallapop/com.rewallapop.ui.main.MainActivity t2175}}})/@0x5d2ff53

11-14 15:02:59.242  3727  3727 I SurfaceFlinger: id=27036 createSurf (4440x4440),2 flag=4, Surface(name=AppWindowToken{b2cb73 token=Token{3df7be2 ActivityRecord{cadfcad u0 com.wallapop/com.rewallapop.ui.main.MainActivity t2175}}})/@0x5d2ff53 - animation-leash#0

11-14 15:02:59.244  4211  4227 D WindowManager: makeSurface duration=5 leash=Surface(name=Surface(name=AppWindowToken{b2cb73 token=Token{3df7be2 ActivityRecord{cadfcad u0 com.wallapop/com.rewallapop.ui.main.MainActivity t2175}}})/@0x5d2ff53 - animation-leash)/@0xe666907

11-14 15:02:59.244  4211  4227 D SurfaceControl: reparent is called, sc=Surface(name=AppWindowToken{b2cb73 token=Token{3df7be2 ActivityRecord{cadfcad u0 com.wallapop/com.rewallapop.ui.main.MainActivity t2175}}})/@0x5d2ff53, newParentHandle=android.os.BinderProxy@8050a34, transaction=android.view.SurfaceControl$Transaction@c043daf

11-14 15:02:59.251  3727  3964 D Layer   : [AppWindowToken{b2cb73 token=Token{3df7be2 ActivityRecord{cadfcad u0 com.wallapop/com.rewallapop.ui.main.MainActivity t2175}}}#0]::reparent oldParent:[Task=2175#0], newParent:[Surface(name=AppWindowToken{b2cb73 token=Token{3df7be2 ActivityRecord{cadfcad u0 com.wallapop/com.rewallapop.ui.main.MainActivity t2175}}})/@0x5d2ff53 - animation-leash#0]

11-14 15:02:59.255  4211  4211 D Telecom:SamsungPrebindingServiceImpl: onTopActivityChanged : ComponentInfo{com.wallapop/com.rewallapop.ui.wall.WallActivity}

11-14 15:02:59.258  4211  4227 D ApplicationPolicy: isStatusBarNotificationAllowedAsUser: packageName = com.wallapop,userId = 0

11-14 15:02:59.258  4211  4227 D ApplicationPolicy: isStatusBarNotificationAllowedAsUser: packageName = com.wallapop,userId = 0

11-14 15:02:59.315 29371 29442 W com.wallapop: Accessing hidden method Ldalvik/system/VMRuntime;->getRuntime()Ldalvik/system/VMRuntime; (light greylist, reflection)

11-14 15:02:59.316 29371 29442 W com.wallapop: Accessing hidden method Ldalvik/system/VMRuntime;->vmInstructionSet()Ljava/lang/String; (light greylist, reflection)

11-14 15:02:59.370 23911 23911 D Notification.Badge: [valid] onNotificationPosted : StatusBarNotification(pkg=com.wallapop user=UserHandle{0} id=999 tag=null key=0|com.wallapop|999|null|10313: Notification(channel=wallapop_channel pri=-2 contentView=null vibrate=null sound=null defaults=0x0 flags=0x62 color=0x00000000 vis=PRIVATE semFlags=0x0 semPriority=0 semMissedCount=0))

11-14 15:02:59.370 23911 23911 D Notification.Badge: notificationKey : 0|com.wallapop|999|null|10313, count : 0, this.count : 1

11-14 15:02:59.371 23911 23978 D Notification.Badge: LauncherModel:onNotificationPosted() : com.wallapop, count : [0], shouldBeFilteredOut : [false]

11-14 15:02:59.371 23911 23978 D Notification.Badge: notificationKey : 0|com.wallapop|999|null|10313, count : 1, mTotalCount : 1

11-14 15:02:59.373 23911 23978 D Notification.Badge: updateLauncherIconBadges() item : [IconInfo(title=_Wallapop_ intent=Intent { act=android.intent.action.MAIN cat=[android.intent.category.LAUNCHER] flg=0x10200000 cmp=com.wallapop/.activities.HomeActivity (has extras) } id=162 type=0 container=-102 screen=1 cellX=3 cellY=0 spanX=1 spanY=1 rank=3 hidden=0 dropPos=null user=UserHandle{0} screenType=0)], mShowBadge : [true], item.mBadgeCount : [1]

11-14 15:02:59.380 23911 23911 D RecommendedView: updateBadgeItems: [IconInfo(title=_Wallapop_ intent=Intent { act=android.intent.action.MAIN cat=[android.intent.category.LAUNCHER] flg=0x10200000 cmp=com.wallapop/.activities.HomeActivity (has extras) } id=162 type=0 container=-102 screen=1 cellX=3 cellY=0 spanX=1 spanY=1 rank=3 hidden=0 dropPos=null user=UserHandle{0} screenType=0)]

11-14 15:02:59.530 29371 29371 W com.wallapop: Accessing hidden method Landroid/view/WindowManagerGlobal;->getInstance()Landroid/view/WindowManagerGlobal; (light greylist, reflection)

11-14 15:02:59.530 29371 29371 W com.wallapop: Accessing hidden field Landroid/view/WindowManagerGlobal;->mRoots:Ljava/util/ArrayList; (light greylist, reflection)

11-14 15:02:59.531 29371 29371 W com.wallapop: Accessing hidden field Landroid/view/ViewRootImpl;->mStopped:Z (light greylist, reflection)

11-14 15:02:59.538  4211  4310 I WindowManager: reset, Reparenting to original parent, shouldDeferScheduleAnimation=false, destroyLeash=true, surface=Surface(name=AppWindowToken{b2cb73 token=Token{3df7be2 ActivityRecord{cadfcad u0 com.wallapop/com.rewallapop.ui.main.MainActivity t2175}}})/@0x5d2ff53, parent=Surface(name=Task=2175)/@0x1d43090, parentNativeHandle=android.os.BinderProxy@16105cb, caller=com.android.server.wm.SurfaceAnimator.lambda$getFinishedCallback$0:97 com.android.server.wm.-$$Lambda$SurfaceAnimator$SIBia0mND666K8lMCPsoid8pUTI.run:4 com.android.server.wm.SurfaceAnimator.lambda$getFinishedCallback$1:104 com.android.server.wm.-$$Lambda$SurfaceAnimator$vdRZk66hQVbQCvVXEaQCT1kVmFc.onAnimationFinished:4 com.android.server.wm.LocalAnimationAdapter.lambda$startAnimation$0:74

11-14 15:02:59.538  4211  4310 D SurfaceControl: reparent is called, sc=Surface(name=AppWindowToken{b2cb73 token=Token{3df7be2 ActivityRecord{cadfcad u0 com.wallapop/com.rewallapop.ui.main.MainActivity t2175}}})/@0x5d2ff53, newParentHandle=android.os.BinderProxy@16105cb, transaction=android.view.SurfaceControl$Transaction@c043daf

11-14 15:02:59.539  4211  4310 D SurfaceControl: destroy(transaction), animation-leash is destroyed, sc=Surface(name=Surface(name=AppWindowToken{b2cb73 token=Token{3df7be2 ActivityRecord{cadfcad u0 com.wallapop/com.rewallapop.ui.main.MainActivity t2175}}})/@0x5d2ff53 - animation-leash)/@0xe666907, transaction=android.view.SurfaceControl$Transaction@c043daf, caller=com.android.server.wm.SurfaceAnimator.reset:338 com.android.server.wm.SurfaceAnimator.lambda$getFinishedCallback$0:97 com.android.server.wm.-$$Lambda$SurfaceAnimator$SIBia0mND666K8lMCPsoid8pUTI.run:4 com.android.server.wm.SurfaceAnimator.lambda$getFinishedCallback$1:104 com.android.server.wm.-$$Lambda$SurfaceAnimator$vdRZk66hQVbQCvVXEaQCT1kVmFc.onAnimationFinished:4 com.android.server.wm.LocalAnimationAdapter.lambda$startAnimation$0:74 com.android.server.wm.-$$Lambda$LocalAnimationAdapter$X--EomqUvw4qy89IeeTFTH7aCMo.run:4

11-14 15:02:59.556  3727  5386 D Layer   : [AppWindowToken{b2cb73 token=Token{3df7be2 ActivityRecord{cadfcad u0 com.wallapop/com.rewallapop.ui.main.MainActivity t2175}}}#0]::reparent oldParent:[Surface(name=AppWindowToken{b2cb73 token=Token{3df7be2 ActivityRecord{cadfcad u0 com.wallapop/com.rewallapop.ui.main.MainActivity t2175}}})/@0x5d2ff53 - animation-leash#0], newParent:[Task=2175#0]

11-14 15:02:59.556  3727  5386 I SurfaceFlinger: id=27036 Removed Surface(name=AppWindowToken{b2cb73 token=Token{3df7be2 ActivityRecord{cadfcad u0 com.wallapop/com.rewallapop.ui.main.MainActivity t2175}}})/@0x5d2ff53 - animation-leash#0 (0/59)

11-14 15:02:59.571  3727  3727 I Layer   : id=27036 onRemoved Surface(name=AppWindowToken{b2cb73 token=Token{3df7be2 ActivityRecord{cadfcad u0 com.wallapop/com.rewallapop.ui.main.MainActivity t2175}}})/@0x5d2ff53 - animation-leash#0

11-14 15:02:59.689 25561 26016 I Finsky  : [9514] fxs.d(3): com.wallapop: Account determined from installer data - [rJj4Md76H4LxoN-B4dnoZM7XaXDDBcXGlC-caOCi6Uc]

11-14 15:02:59.690 25561 26016 I Finsky  : [9514] fxs.d(14): com.wallapop: Account from preferred account - [rJj4Md76H4LxoN-B4dnoZM7XaXDDBcXGlC-caOCi6Uc]

11-14 15:02:59.697 25561 26016 I Finsky  : [9514] fxs.d(3): com.wallapop: Account determined from installer data - [rJj4Md76H4LxoN-B4dnoZM7XaXDDBcXGlC-caOCi6Uc]

11-14 15:02:59.698 25561 26016 I Finsky  : [9514] fxs.d(14): com.wallapop: Account from preferred account - [rJj4Md76H4LxoN-B4dnoZM7XaXDDBcXGlC-caOCi6Uc]

11-14 15:02:59.700 25561 26016 I Finsky  : [9514] fxs.d(3): com.wallapop: Account determined from installer data - [rJj4Md76H4LxoN-B4dnoZM7XaXDDBcXGlC-caOCi6Uc]

11-14 15:02:59.701 25561 26016 I Finsky  : [9514] fxs.d(14): com.wallapop: Account from preferred account - [rJj4Md76H4LxoN-B4dnoZM7XaXDDBcXGlC-caOCi6Uc]

11-14 15:02:59.707 25561 26016 I Finsky  : [9514] fxs.d(3): com.wallapop: Account determined from installer data - [rJj4Md76H4LxoN-B4dnoZM7XaXDDBcXGlC-caOCi6Uc]

11-14 15:02:59.708 25561 26016 I Finsky  : [9514] fxs.d(14): com.wallapop: Account from preferred account - [rJj4Md76H4LxoN-B4dnoZM7XaXDDBcXGlC-caOCi6Uc]

11-14 15:02:59.749 29371 29701 W com.wallapop: Verification of void com.google.android.gms.ads.nonagon.ad.nativead.h.<init>(com.google.android.gms.ads.nonagon.a, com.google.android.gms.ads.nonagon.ad.nativead.c, com.google.android.gms.ads.nonagon.ad.common.y, com.google.android.gms.ads.nonagon.util.appstats.a, com.google.android.gms.ads.nonagon.ad.common.at, com.google.android.gms.ads.nonagon.debug.c, com.google.android.gms.ads.nonagon.ad.event.bk, com.google.android.gms.ads.nonagon.ad.common.bb, com.google.android.gms.ads.nonagon.util.appstats.h, com.google.android.gms.ads.nonagon.transaction.i, com.google.android.gms.ads.nonagon.slot.common.s) took 100.302ms

11-14 15:02:59.808  4211  6754 D SamsungAlarmManager: Cancel Alarm calling from uid:10313 pid :29371 / op:PendingIntent{48b6bcc: PendingIntentRecord{8313f8 com.wallapop broadcastIntent}}

11-14 15:02:59.943 29371 29382 I com.wallapop: Background concurrent copying GC freed 214150(11MB) AllocSpace objects, 53(2MB) LOS objects, 49% free, 11MB/23MB, paused 348us total 188.229ms

11-14 15:02:59.999 29371 29701 I com.wallapop: The ClassLoaderContext is a special shared library.

11-14 15:03:00.004 29371 29371 W com.wallapop: Accessing hidden method Landroid/widget/TextView;->getTextDirectionHeuristic()Landroid/text/TextDirectionHeuristic; (light greylist, linking)

11-14 15:03:00.006 29371 29371 W com.wallapop: Accessing hidden method Landroid/graphics/FontFamily;-><init>()V (light greylist, reflection)

11-14 15:03:00.007 29371 29371 W com.wallapop: Accessing hidden method Landroid/graphics/FontFamily;->addFontFromAssetManager(Landroid/content/res/AssetManager;Ljava/lang/String;IZIII[Landroid/graphics/fonts/FontVariationAxis;)Z (light greylist, reflection)

11-14 15:03:00.007 29371 29371 W com.wallapop: Accessing hidden method Landroid/graphics/FontFamily;->addFontFromBuffer(Ljava/nio/ByteBuffer;I[Landroid/graphics/fonts/FontVariationAxis;II)Z (light greylist, reflection)

11-14 15:03:00.007 29371 29371 W com.wallapop: Accessing hidden method Landroid/graphics/FontFamily;->freeze()Z (light greylist, reflection)

11-14 15:03:00.007 29371 29371 W com.wallapop: Accessing hidden method Landroid/graphics/FontFamily;->abortCreation()V (light greylist, reflection)

11-14 15:03:00.007 29371 29371 W com.wallapop: Accessing hidden method Landroid/graphics/Typeface;->createFromFamiliesWithDefault([Landroid/graphics/FontFamily;Ljava/lang/String;II)Landroid/graphics/Typeface; (light greylist, reflection)

11-14 15:03:00.641  4211  5239 D ActivityManagerPerformance: Received MSG_DISABLE_ACT_START, r: ActivityRecord{ea173c u0 com.wallapop/com.rewallapop.ui.wall.WallActivity t2175}

11-14 15:03:00.842 29371 29376 I com.wallapop: Compiler allocated 4MB to compile void android.widget.TextView.<init>(android.content.Context, android.util.AttributeSet, int, int)

11-14 15:03:00.912  3727  3727 I SurfaceFlinger: id=27037 createSurf (4440x4440),2 flag=4, 44a8c5c com.wallapop/com.rewallapop.ui.wall.WallActivity#0

11-14 15:03:00.949 25561 26016 I Finsky  : [9514] fxs.d(3): com.wallapop: Account determined from installer data - [rJj4Md76H4LxoN-B4dnoZM7XaXDDBcXGlC-caOCi6Uc]

11-14 15:03:00.949 25561 26016 I Finsky  : [9514] fxs.d(14): com.wallapop: Account from preferred account - [rJj4Md76H4LxoN-B4dnoZM7XaXDDBcXGlC-caOCi6Uc]

11-14 15:03:01.012 25561 26016 I Finsky  : [9514] fxs.d(3): com.wallapop: Account determined from installer data - [rJj4Md76H4LxoN-B4dnoZM7XaXDDBcXGlC-caOCi6Uc]

11-14 15:03:01.013 25561 26016 I Finsky  : [9514] fxs.d(14): com.wallapop: Account from preferred account - [rJj4Md76H4LxoN-B4dnoZM7XaXDDBcXGlC-caOCi6Uc]

11-14 15:03:01.081 25561 26016 I Finsky  : [9514] fxs.d(3): com.wallapop: Account determined from installer data - [rJj4Md76H4LxoN-B4dnoZM7XaXDDBcXGlC-caOCi6Uc]

11-14 15:03:01.081 25561 26016 I Finsky  : [9514] fxs.d(14): com.wallapop: Account from preferred account - [rJj4Md76H4LxoN-B4dnoZM7XaXDDBcXGlC-caOCi6Uc]

11-14 15:03:01.164 25561 26016 I Finsky  : [9514] fxs.d(3): com.wallapop: Account determined from installer data - [rJj4Md76H4LxoN-B4dnoZM7XaXDDBcXGlC-caOCi6Uc]

11-14 15:03:01.164 25561 26016 I Finsky  : [9514] fxs.d(14): com.wallapop: Account from preferred account - [rJj4Md76H4LxoN-B4dnoZM7XaXDDBcXGlC-caOCi6Uc]

11-14 15:03:01.237 29371 29382 I com.wallapop: Background concurrent copying GC freed 159377(11MB) AllocSpace objects, 35(2MB) LOS objects, 49% free, 10MB/20MB, paused 3.164ms total 111.671ms

11-14 15:03:01.476  4211  4808 V WindowManager: Relayout Window{44a8c5c u0 com.wallapop/com.rewallapop.ui.wall.WallActivity}: viewVisibility=0 req=1080x2220 {(0,0)(fillxfill) sim={adjust=resize forwardNavigation} ty=BASE_APPLICATION wanim=0x10302fe

11-14 15:03:01.481  3727  3727 I SurfaceFlinger: id=27038 createSurf (1080x2220),1 flag=404, com.wallapop/com.rewallapop.ui.wall.WallActivity[29371]#0

11-14 15:03:01.483  4211  4808 D WindowManager: makeSurface duration=3 name=com.wallapop/com.rewallapop.ui.wall.WallActivity[29371]

11-14 15:03:01.483  4211  4808 V WindowManager: Changing focus from null to Window{44a8c5c u0 com.wallapop/com.rewallapop.ui.wall.WallActivity} Callers=com.android.server.wm.WindowManagerService.relayoutWindow:2526 com.android.server.wm.Session.relayoutForTranslate:302 android.view.IWindowSession$Stub.onTransact:518 com.android.server.wm.Session.onTransact:186

11-14 15:03:01.484  4211  4228 D WindowManager: setSystemUiVisibility: vis= 0xa518, fullscreenVis= 0x2000, dockedVis= 0x0, win=Window{44a8c5c u0 com.wallapop/com.rewallapop.ui.wall.WallActivity}

11-14 15:03:01.486  4211  4242 D WindowManager: reportFocusChangedSerialized, focused=true, inTouchMode=true, win=Window{44a8c5c u0 com.wallapop/com.rewallapop.ui.wall.WallActivity}

11-14 15:03:01.602 25561 26016 I Finsky  : [9514] fxs.d(3): com.wallapop: Account determined from installer data - [rJj4Md76H4LxoN-B4dnoZM7XaXDDBcXGlC-caOCi6Uc]

11-14 15:03:01.603 25561 26016 I Finsky  : [9514] fxs.d(14): com.wallapop: Account from preferred account - [rJj4Md76H4LxoN-B4dnoZM7XaXDDBcXGlC-caOCi6Uc]

11-14 15:03:01.760  4211  4554 D WindowManager: finishDrawingWindow: Window{44a8c5c u0 com.wallapop/com.rewallapop.ui.wall.WallActivity} mDrawState=DRAW_PENDING

11-14 15:03:01.763  4211  4310 I WindowManager: commitFinishDrawingLocked: mDrawState=READY_TO_SHOW Surface(name=com.wallapop/com.rewallapop.ui.wall.WallActivity[29371])/@0x6ee0e42

11-14 15:03:01.763  4211  4310 V WindowManager: Resize reasons for w=Window{44a8c5c u0 com.wallapop/com.rewallapop.ui.wall.WallActivity}:  contentInsetsChanged=false [0,63][0,126] visibleInsetsChanged=false [0,63][0,126] stableInsetsChanged=false [0,63][0,126] outsetsChanged=false [0,0][0,0] surfaceResized=false configChanged=false dragResizingChanged=false reportOrientationChanged=false displayCutoutChanged=false nextForceRelayoutToClient=false

11-14 15:03:01.768  4211  4310 I WindowManager: commitFinishDrawingLocked: mDrawState=READY_TO_SHOW Surface(name=com.wallapop/com.rewallapop.ui.wall.WallActivity[29371])/@0x6ee0e42

11-14 15:03:01.768  4211  4310 I WindowManager: Cancelling animation restarting=false, leash=null, surface=Surface(name=44a8c5c com.wallapop/com.rewallapop.ui.wall.WallActivity)/@0x4c05e53, parent=Surface(name=AppWindowToken{1d1b61a token=Token{b285cc5 ActivityRecord{ea173c u0 com.wallapop/com.rewallapop.ui.wall.WallActivity t2175}}})/@0x9d7a390

11-14 15:03:01.768  4211  4310 V WindowManager: performShowLocked: mDrawState=HAS_DRAWN in Window{44a8c5c u0 com.wallapop/com.rewallapop.ui.wall.WallActivity}

11-14 15:03:01.777  4211  4242 I ActivityManager: Displayed com.wallapop/com.rewallapop.ui.wall.WallActivity: +2s544ms (total +9s493ms)

11-14 15:03:01.784  3727  3727 I SurfaceFlinger:      Device | 0x70dda20680 | 0002 | RGBA_8888 |   0.0    0.0 1080.0 2220.0 |    0    0 1080 2220 | com.wallapop/com.rewallapop.ui.wall.WallActivity[29371]#0

11-14 15:03:01.784  3727  3727 I SurfaceFlinger:      Device | 0x70dda1fcc0 | 0000 | RGBA_8888 |   0.0    0.0 1080.0 2220.0 |    0    0 1080 2220 | Splash Screen com.wallapop#0

11-14 15:03:01.784  4211  4310 V WindowManager: Remove Window{12e87f4 u0 Splash Screen com.wallapop}: mSurfaceController=Surface(name=Splash Screen com.wallapop)/@0xa4544de mAnimatingExit=false mRemoveOnExit=false mHasSurface=true surfaceShowing=true isAnimationSet=false app-animation=false mWillReplaceWindow=false inPendingTransaction=false mDisplayFrozen=false callers=com.android.server.wm.WindowState.removeIfPossible:2764 com.android.server.wm.WindowManagerService.removeWindow:1943 com.android.server.wm.Session.remove:268 android.view.ViewRootImpl.dispatchDetachedFromWindow:4565 android.view.ViewRootImpl.doDie:7996 android.view.ViewRootImpl$ViewRootHandler.handleMessage:4987

11-14 15:03:01.787  4211  4310 I WindowManager: Cancelling animation restarting=true, leash=null, surface=Surface(name=12e87f4 Splash Screen com.wallapop)/@0xde2a54b, parent=Surface(name=AppWindowToken{1d1b61a token=Token{b285cc5 ActivityRecord{ea173c u0 com.wallapop/com.rewallapop.ui.wall.WallActivity t2175}}})/@0x9d7a390

11-14 15:03:01.787  4211  4310 I WindowManager: Reparenting to leash, surface=Surface(name=12e87f4 Splash Screen com.wallapop)/@0xde2a54b

11-14 15:03:01.788  3727  3727 I SurfaceFlinger: id=27039 createSurf (4440x4440),2 flag=4, Surface(name=12e87f4 Splash Screen com.wallapop)/@0xde2a54b - animation-leash#0

11-14 15:03:01.790  4211  4310 D WindowManager: makeSurface duration=3 leash=Surface(name=Surface(name=12e87f4 Splash Screen com.wallapop)/@0xde2a54b - animation-leash)/@0x6d2cc8e

11-14 15:03:01.790  4211  4310 D SurfaceControl: reparent is called, sc=Surface(name=12e87f4 Splash Screen com.wallapop)/@0xde2a54b, newParentHandle=android.os.BinderProxy@5e88caf, transaction=android.view.SurfaceControl$Transaction@cb70041

11-14 15:03:01.794  3727  3964 D Layer   : [12e87f4 Splash Screen com.wallapop#0]::reparent oldParent:[AppWindowToken{1d1b61a token=Token{b285cc5 ActivityRecord{ea173c u0 com.wallapop/com.rewallapop.ui.wall.WallActivity t2175}}}#0], newParent:[Surface(name=12e87f4 Splash Screen com.wallapop)/@0xde2a54b - animation-leash#0]

11-14 15:03:01.906 29371 29371 V InputMethodManager: Starting input: tba=com.wallapop ic=null mNaviBarColor -1 mIsGetNaviBarColorSuccess true , NavVisible : true , NavTrans : false

11-14 15:03:01.908  4211  6754 V InputMethodManagerService: windowGainedFocus : reason=WINDOW_FOCUS_GAIN client=android.os.BinderProxy@9e41f2e inputContext=null missingMethods= attribute=android.view.inputmethod.EditorInfo@21a02fd nm = com.wallapop controlFlags=#104 softInputMode=#110 windowFlags=#81810100

11-14 15:03:01.944  4211  4310 I WindowManager: reset, Reparenting to original parent, shouldDeferScheduleAnimation=false, destroyLeash=true, surface=Surface(name=12e87f4 Splash Screen com.wallapop)/@0xde2a54b, parent=Surface(name=AppWindowToken{1d1b61a token=Token{b285cc5 ActivityRecord{ea173c u0 com.wallapop/com.rewallapop.ui.wall.WallActivity t2175}}})/@0x9d7a390, parentNativeHandle=android.os.BinderProxy@988d1f9, caller=com.android.server.wm.SurfaceAnimator.lambda$getFinishedCallback$0:97 com.android.server.wm.-$$Lambda$SurfaceAnimator$SIBia0mND666K8lMCPsoid8pUTI.run:4 com.android.server.wm.SurfaceAnimator.lambda$getFinishedCallback$1:104 com.android.server.wm.-$$Lambda$SurfaceAnimator$vdRZk66hQVbQCvVXEaQCT1kVmFc.onAnimationFinished:4 com.android.server.wm.LocalAnimationAdapter.lambda$startAnimation$0:74

11-14 15:03:01.944  4211  4310 D SurfaceControl: reparent is called, sc=Surface(name=12e87f4 Splash Screen com.wallapop)/@0xde2a54b, newParentHandle=android.os.BinderProxy@988d1f9, transaction=android.view.SurfaceControl$Transaction@cb70041

11-14 15:03:01.945  4211  4310 D SurfaceControl: destroy(transaction), animation-leash is destroyed, sc=Surface(name=Surface(name=12e87f4 Splash Screen com.wallapop)/@0xde2a54b - animation-leash)/@0x6d2cc8e, transaction=android.view.SurfaceControl$Transaction@cb70041, caller=com.android.server.wm.SurfaceAnimator.reset:338 com.android.server.wm.SurfaceAnimator.lambda$getFinishedCallback$0:97 com.android.server.wm.-$$Lambda$SurfaceAnimator$SIBia0mND666K8lMCPsoid8pUTI.run:4 com.android.server.wm.SurfaceAnimator.lambda$getFinishedCallback$1:104 com.android.server.wm.-$$Lambda$SurfaceAnimator$vdRZk66hQVbQCvVXEaQCT1kVmFc.onAnimationFinished:4 com.android.server.wm.LocalAnimationAdapter.lambda$startAnimation$0:74 com.android.server.wm.-$$Lambda$LocalAnimationAdapter$X--EomqUvw4qy89IeeTFTH7aCMo.run:4

11-14 15:03:01.946  4211  4310 E WindowManager: win=Window{12e87f4 u0 Splash Screen com.wallapop EXITING} destroySurfaces: appStopped=false win.mWindowRemovalAllowed=true win.mRemoveOnExit=true win.mViewVisibility=0 caller=com.android.server.wm.AppWindowToken.destroySurfaces:870 com.android.server.wm.AppWindowToken.destroySurfaces:851 com.android.server.wm.WindowState.onExitAnimationDone:5436 com.android.server.wm.WindowStateAnimator.onAnimationFinished:319 com.android.server.wm.WindowState.onAnimationFinished:5858 com.android.server.wm.-$$Lambda$yVRF8YoeNdTa8GR1wDStVsHu8xM.run:2 com.android.server.wm.SurfaceAnimator.lambda$getFinishedCallback$0:100

11-14 15:03:01.946  4211  4310 I WindowManager: Destroying surface Surface(name=Splash Screen com.wallapop)/@0xa4544de called by com.android.server.wm.WindowStateAnimator.destroySurface:1901 com.android.server.wm.WindowStateAnimator.destroySurfaceLocked:838 com.android.server.wm.WindowState.destroySurfaceUnchecked:3839 com.android.server.wm.WindowState.destroySurface:3820 com.android.server.wm.AppWindowToken.destroySurfaces:870 com.android.server.wm.AppWindowToken.destroySurfaces:851 com.android.server.wm.WindowState.onExitAnimationDone:5436 com.android.server.wm.WindowStateAnimator.onAnimationFinished:319

11-14 15:03:01.954  3727  5386 I SurfaceFlinger: id=27032 Removed Splash Screen com.wallapop#0 (0/61)

11-14 15:03:01.964  3727  3770 W SurfaceFlinger: Attempting to set client state on removed layer: Splash Screen com.wallapop#0 [s.what : 40]

11-14 15:03:01.964  3727  3770 D Layer   : [12e87f4 Splash Screen com.wallapop#0]::reparent oldParent:[Surface(name=12e87f4 Splash Screen com.wallapop)/@0xde2a54b - animation-leash#0], newParent:[AppWindowToken{1d1b61a token=Token{b285cc5 ActivityRecord{ea173c u0 com.wallapop/com.rewallapop.ui.wall.WallActivity t2175}}}#0]

11-14 15:03:01.964  3727  3770 W SurfaceFlinger: Attempting to destroy on removed layer: Splash Screen com.wallapop#0

11-14 15:03:01.964  3727  3770 I SurfaceFlinger: id=27039 Removed Surface(name=12e87f4 Splash Screen com.wallapop)/@0xde2a54b - animation-leash#0 (2/60)

11-14 15:03:01.964  3727  3770 I SurfaceFlinger: id=27031 Removed 12e87f4 Splash Screen com.wallapop#0 (1/59)

11-14 15:03:01.968  3727  3727 I Layer   : id=27031 onRemoved 12e87f4 Splash Screen com.wallapop#0

11-14 15:03:01.968  3727  3727 I Layer   : id=27032 onRemoved Splash Screen com.wallapop#0

11-14 15:03:01.968  3727  3727 I Layer   : id=27039 onRemoved Surface(name=12e87f4 Splash Screen com.wallapop)/@0xde2a54b - animation-leash#0

11-14 15:03:01.974  3727  3727 I SurfaceFlinger:      Device | 0x70dda20680 | 0002 | RGBA_8888 |   0.0    0.0 1080.0 2220.0 |    0    0 1080 2220 | com.wallapop/com.rewallapop.ui.wall.WallActivity[29371]#0

11-14 15:03:02.051 29371 29371 V InputMethodManager: Starting input: tba=com.wallapop ic=null mNaviBarColor -1 mIsGetNaviBarColorSuccess true , NavVisible : true , NavTrans : false

11-14 15:03:02.068 25561 25575 I Finsky  : [9440] fxs.d(3): com.wallapop: Account determined from installer data - [rJj4Md76H4LxoN-B4dnoZM7XaXDDBcXGlC-caOCi6Uc]

11-14 15:03:02.069 25561 25575 I Finsky  : [9440] fxs.d(14): com.wallapop: Account from preferred account - [rJj4Md76H4LxoN-B4dnoZM7XaXDDBcXGlC-caOCi6Uc]

11-14 15:03:02.083 25561 25575 I Finsky  : [9440] fxs.d(3): com.wallapop: Account determined from installer data - [rJj4Md76H4LxoN-B4dnoZM7XaXDDBcXGlC-caOCi6Uc]

11-14 15:03:02.083 25561 25575 I Finsky  : [9440] fxs.d(14): com.wallapop: Account from preferred account - [rJj4Md76H4LxoN-B4dnoZM7XaXDDBcXGlC-caOCi6Uc]

11-14 15:03:02.209  4622  4682 E RequestManager_FLP: [FusedLocationApi] Location request 13c4fb1(Listener) PRIORITY_BALANCED_POWER_ACCURACY interval=300000 from com.wallapop

11-14 15:03:02.318  4211  6757 I WindowManager: Cancelling animation restarting=false, leash=null, surface=Surface(name=AppWindowToken{b2cb73 token=Token{3df7be2 ActivityRecord{cadfcad u0 com.wallapop/com.rewallapop.ui.main.MainActivity t2175}}})/@0x5d2ff53, parent=Surface(name=Task=2175)/@0x1d43090

11-14 15:03:02.329  3727  5386 I SurfaceFlinger: id=27030 Removed AppWindowToken{b2cb73 token=Token{3df7be2 ActivityRecord{cadfcad u0 com.wallapop/com.rewallapop.ui.main.MainActivity t2175}}}#0 (0/58)

11-14 15:03:02.345  3727  3727 I Layer   : id=27030 onRemoved AppWindowToken{b2cb73 token=Token{3df7be2 ActivityRecord{cadfcad u0 com.wallapop/com.rewallapop.ui.main.MainActivity t2175}}}#0

11-14 15:03:02.359  4211  4228 D CodecSolution: isMaxAspectPackageEx: com.wallapop : true(2)

11-14 15:03:02.472  4211  4669 D MdnieScenarioControlService:  packageName : com.wallapop    className : com.rewallapop.ui.wall.WallActivity

11-14 15:03:02.526  4622  4682 D ListenerMonitor_FLP: removeListener, type : 0 , packageName : com.wallapop , listener count : 0

11-14 15:03:02.526  4622  4682 E RequestManager_FLP: [LocationManagerService] Location remove 6927736 from com.wallapop

