Executed '[C673] Search Real Estate: Search with different filters getting results' on 09-07-2019
---------------------------------------------------------------------------------
07-09 15:33:43.203   874  2020 V BroadcastQueue: [background] Process cur broadcast BroadcastRecord{248edfc u0 com.appboy.action.receiver.DATA_SYNC qIdx=4}, state= (APP_RECEIVE) DELIVERED for app ProcessRecord{f314976 14321:com.wallapop/u0a276}

07-09 15:33:46.063 14321 14329 W REALM_JAVA: Remember to call close() on all Realm instances. Realm /data/data/com.wallapop/files/feature_flags is being finalized without being closed, this can lead to running out of native memory.

07-09 15:33:46.063 14321 14329 W REALM_JAVA: Remember to call close() on all Realm instances. Realm /data/data/com.wallapop/files/feature_flags is being finalized without being closed, this can lead to running out of native memory.

07-09 15:33:46.073 14321 14329 W REALM_JAVA: Remember to call close() on all Realm instances. Realm /data/data/com.wallapop/files/feature_flags is being finalized without being closed, this can lead to running out of native memory.

07-09 15:33:48.853   874  1027 V MARsPolicyManager: updatePackagesScore PackageInfo name -- com.wallapop

07-09 15:33:48.893   874  2020 V AlarmManager:  remove PendingIntent] PendingIntent{f3d3e3a: PendingIntentRecord{7380c79 com.wallapop broadcastIntent}}

07-09 15:33:48.913   874  1028 D StatusBarManagerService: manageDisableList userId=0 what=0x0 pkg=Window{1d8d7ed u0 d0 com.wallapop/com.rewallapop.ui.search.SearchActivity}

07-09 15:33:48.963   874  1714 V WindowStateAnimator: Finishing drawing window Window{1d8d7ed u0 d0 com.wallapop/com.rewallapop.ui.search.SearchActivity}: mDrawState=DRAW_PENDING

07-09 15:33:48.973   874  1132 I ActivityManager: Displayed com.wallapop/com.rewallapop.ui.search.SearchActivity: +121ms

07-09 15:33:49.403   874  1132 I Timeline: Timeline: Activity_windows_visible id: ActivityRecord{e301127 u0 com.wallapop/com.rewallapop.ui.search.SearchActivity t984} time:128434650

07-09 15:33:50.183   874  1027 V MARsPolicyManager: updatePackagesScore PackageInfo name -- com.wallapop

07-09 15:33:50.233   874  5340 V AlarmManager:  remove PendingIntent] PendingIntent{558b78: PendingIntentRecord{7380c79 com.wallapop broadcastIntent}}

07-09 15:33:50.283   874  1028 D StatusBarManagerService: manageDisableList userId=0 what=0x0 pkg=Window{b26056 u0 d0 com.wallapop/com.rewallapop.ui.wall.WallActivity}

07-09 15:33:50.423   874   894 V WindowStateAnimator: Finishing drawing window Window{b26056 u0 d0 com.wallapop/com.rewallapop.ui.wall.WallActivity}: mDrawState=DRAW_PENDING

07-09 15:33:50.433   874  1132 I ActivityManager: Displayed com.wallapop/com.rewallapop.ui.wall.WallActivity: +261ms

07-09 15:33:50.673   874  1132 I Timeline: Timeline: Activity_windows_visible id: ActivityRecord{f718855 u0 com.wallapop/com.rewallapop.ui.wall.WallActivity t984} time:128435927

07-09 15:33:50.823 14321 14321 W View    : requestLayout() improperly called by com.wallapop.design.view.WallapopTextView{877244f V.ED..... ......ID 54,30-630,92 #7f0a08d3 app:id/wp__home__tv_bubble} during layout: running second layout pass

07-09 15:33:52.883 14321 14321 I Timeline: Timeline: Activity_launch_request id:com.wallapop time:128438139

07-09 15:33:52.933   874   894 V WindowManager: addAppToken: AppWindowToken{1b41d31 token=Token{5bc25d8 ActivityRecord{f87dcbb u0 com.wallapop/com.rewallapop.ui.search.SearchActivity t984}}} to stack=1 task=984 at 1

07-09 15:33:52.973   874  1027 V MARsPolicyManager: updatePackagesScore PackageInfo name -- com.wallapop

07-09 15:33:52.983 14321 14321 W ResourcesManager: getTopLevelResources: /data/app/com.wallapop-1/base.apk / 1.0 running in com.wallapop rsrc of package null

07-09 15:33:52.993 14321 14321 W ResourcesManager: getTopLevelResources: /data/app/com.wallapop-1/base.apk / 1.0 running in com.wallapop rsrc of package null

07-09 15:33:53.013   874  1661 V AlarmManager:  remove PendingIntent] PendingIntent{1b9c784: PendingIntentRecord{7380c79 com.wallapop broadcastIntent}}

07-09 15:33:53.393   874  1661 D ISSUE_DEBUG: InputChannelName : 2f0b508 com.wallapop/com.rewallapop.ui.search.SearchActivity

07-09 15:33:53.423   874  1028 D StatusBarManagerService: manageDisableList userId=0 what=0x0 pkg=Window{2f0b508 u0 d0 com.wallapop/com.rewallapop.ui.search.SearchActivity}

07-09 15:33:53.483 12842 13195 W ByMatcher: Node returned null child: android.view.accessibility.AccessibilityNodeInfo@80010a9e; boundsInParent: Rect(0, 0 - 1080, 1848); boundsInScreen: Rect(0, 72 - 1080, 1920); packageName: com.wallapop; className: android.view.ViewGroup; text: null; error: null; maxTextLength: -1; contentDescription: null; viewIdResName: com.wallapop:id/wall_coordinator; checkable: false; checked: false; focusable: false; focused: false; selected: false; clickable: false; longClickable: false; contextClickable: false; enabled: true; password: false; scrollable: false; actions: [AccessibilityAction: ACTION_SELECT - null, AccessibilityAction: ACTION_CLEAR_SELECTION - null, AccessibilityAction: ACTION_ACCESSIBILITY_FOCUS - null, AccessibilityAction: ACTION_UNKNOWN - null]

07-09 15:33:53.493 12842 13195 W ByMatcher: Node returned null child: android.view.accessibility.AccessibilityNodeInfo@8000ff5b; boundsInParent: Rect(0, 0 - 1080, 1920); boundsInScreen: Rect(0, 0 - 1080, 1920); packageName: com.wallapop; className: android.widget.FrameLayout; text: null; error: null; maxTextLength: -1; contentDescription: null; viewIdResName: null; checkable: false; checked: false; focusable: false; focused: false; selected: false; clickable: false; longClickable: false; contextClickable: false; enabled: true; password: false; scrollable: false; actions: [AccessibilityAction: ACTION_SELECT - null, AccessibilityAction: ACTION_CLEAR_SELECTION - null, AccessibilityAction: ACTION_ACCESSIBILITY_FOCUS - null, AccessibilityAction: ACTION_UNKNOWN - null]

07-09 15:33:53.493 12842 13195 W ByMatcher: Node returned null child: android.view.accessibility.AccessibilityNodeInfo@8000ff5b; boundsInParent: Rect(0, 0 - 1080, 1920); boundsInScreen: Rect(0, 0 - 1080, 1920); packageName: com.wallapop; className: android.widget.FrameLayout; text: null; error: null; maxTextLength: -1; contentDescription: null; viewIdResName: null; checkable: false; checked: false; focusable: false; focused: false; selected: false; clickable: false; longClickable: false; contextClickable: false; enabled: true; password: false; scrollable: false; actions: [AccessibilityAction: ACTION_SELECT - null, AccessibilityAction: ACTION_CLEAR_SELECTION - null, AccessibilityAction: ACTION_ACCESSIBILITY_FOCUS - null, AccessibilityAction: ACTION_UNKNOWN - null]

07-09 15:33:53.573   874  1722 V WindowStateAnimator: Finishing drawing window Window{2f0b508 u0 d0 com.wallapop/com.rewallapop.ui.search.SearchActivity}: mDrawState=DRAW_PENDING

07-09 15:33:53.583   874  1132 I ActivityManager: Displayed com.wallapop/com.rewallapop.ui.search.SearchActivity: +622ms

07-09 15:33:53.623   874  2732 V WindowStateAnimator: Finishing drawing window Window{2f0b508 u0 d0 com.wallapop/com.rewallapop.ui.search.SearchActivity}: mDrawState=HAS_DRAWN

07-09 15:33:53.843   874  1132 I Timeline: Timeline: Activity_windows_visible id: ActivityRecord{f87dcbb u0 com.wallapop/com.rewallapop.ui.search.SearchActivity t984} time:128439090

07-09 15:33:53.883 14321 14321 W GmsClientEvents: unregisterConnectionFailedListener(): listener GooglePlayServicesHeadlessFragment{a8593f6 (5edf61bb-780c-4589-b1c6-00761b3c41e3) com.wallapop.fragments.headless.GooglePlayServicesHeadlessFragment} not found

07-09 15:33:53.883 14321 14321 W GmsClientEvents: unregisterConnectionCallbacks(): listener GooglePlayServicesHeadlessFragment{a8593f6 (5edf61bb-780c-4589-b1c6-00761b3c41e3) com.wallapop.fragments.headless.GooglePlayServicesHeadlessFragment} not found

07-09 15:33:53.883 14321 14321 V ActivityThread: updateVisibility : ActivityRecord{33e7f5f token=android.os.BinderProxy@513b9e8 {com.wallapop/com.rewallapop.ui.wall.WallActivity}} show : false

07-09 15:33:55.523 14321 14321 I Timeline: Timeline: Activity_launch_request id:com.wallapop time:128440779

07-09 15:33:55.553   874  1913 V WindowManager: addAppToken: AppWindowToken{b04489e token=Token{1ff56d9 ActivityRecord{bbf1d20 u0 com.wallapop/com.rewallapop.ui.search.VerticalListSelectorActivity t984}}} to stack=1 task=984 at 2

07-09 15:33:55.593   874  1027 V MARsPolicyManager: updatePackagesScore PackageInfo name -- com.wallapop

07-09 15:33:55.603 14321 14321 W ResourcesManager: getTopLevelResources: /data/app/com.wallapop-1/base.apk / 1.0 running in com.wallapop rsrc of package null

07-09 15:33:55.603 14321 14321 W ResourcesManager: getTopLevelResources: /data/app/com.wallapop-1/base.apk / 1.0 running in com.wallapop rsrc of package null

07-09 15:33:55.653   874  1661 V AlarmManager:  remove PendingIntent] PendingIntent{7273f7f: PendingIntentRecord{7380c79 com.wallapop broadcastIntent}}

07-09 15:33:55.683   874  1722 D ISSUE_DEBUG: InputChannelName : 77a549b com.wallapop/com.rewallapop.ui.search.VerticalListSelectorActivity

07-09 15:33:55.693   874  1028 D StatusBarManagerService: manageDisableList userId=0 what=0x0 pkg=Window{77a549b u0 d0 com.wallapop/com.rewallapop.ui.search.VerticalListSelectorActivity}

07-09 15:33:55.953   874  1721 V WindowStateAnimator: Finishing drawing window Window{77a549b u0 d0 com.wallapop/com.rewallapop.ui.search.VerticalListSelectorActivity}: mDrawState=DRAW_PENDING

07-09 15:33:55.963   874  1132 I ActivityManager: Displayed com.wallapop/com.rewallapop.ui.search.VerticalListSelectorActivity: +389ms

07-09 15:33:56.213   874  1132 I Timeline: Timeline: Activity_windows_visible id: ActivityRecord{bbf1d20 u0 com.wallapop/com.rewallapop.ui.search.VerticalListSelectorActivity t984} time:128441463

07-09 15:33:56.233 14321 14321 V ActivityThread: updateVisibility : ActivityRecord{33ec472 token=android.os.BinderProxy@59e74b5 {com.wallapop/com.rewallapop.ui.search.SearchActivity}} show : false

07-09 15:34:04.193   874  1027 V MARsPolicyManager: updatePackagesScore PackageInfo name -- com.wallapop

07-09 15:34:04.283   874   892 V AlarmManager:  remove PendingIntent] PendingIntent{256a849: PendingIntentRecord{7a2154e com.wallapop broadcastIntent}}

07-09 15:34:04.903   874  1028 D StatusBarManagerService: manageDisableList userId=0 what=0x0 pkg=Window{2f0b508 u0 d0 com.wallapop/com.rewallapop.ui.search.SearchActivity}

07-09 15:34:04.933 12842 13198 W ByMatcher: Node returned null child: android.view.accessibility.AccessibilityNodeInfo@804c8437; boundsInParent: Rect(0, 0 - 1080, 1848); boundsInScreen: Rect(0, 72 - 1080, 1920); packageName: com.wallapop; className: android.widget.LinearLayout; text: null; error: null; maxTextLength: -1; contentDescription: null; viewIdResName: null; checkable: false; checked: false; focusable: false; focused: false; selected: false; clickable: false; longClickable: false; contextClickable: false; enabled: true; password: false; scrollable: false; actions: [AccessibilityAction: ACTION_SELECT - null, AccessibilityAction: ACTION_CLEAR_SELECTION - null, AccessibilityAction: ACTION_ACCESSIBILITY_FOCUS - null, AccessibilityAction: ACTION_UNKNOWN - null]

07-09 15:34:04.933 12842 13198 W ByMatcher: Node returned null child: android.view.accessibility.AccessibilityNodeInfo@804c31a1; boundsInParent: Rect(0, 0 - 1080, 1920); boundsInScreen: Rect(0, 0 - 1080, 1920); packageName: com.wallapop; className: android.widget.FrameLayout; text: null; error: null; maxTextLength: -1; contentDescription: null; viewIdResName: null; checkable: false; checked: false; focusable: false; focused: false; selected: false; clickable: false; longClickable: false; contextClickable: false; enabled: true; password: false; scrollable: false; actions: [AccessibilityAction: ACTION_SELECT - null, AccessibilityAction: ACTION_CLEAR_SELECTION - null, AccessibilityAction: ACTION_ACCESSIBILITY_FOCUS - null, AccessibilityAction: ACTION_UNKNOWN - null]

07-09 15:34:04.933 12842 13198 W ByMatcher: Node returned null child: android.view.accessibility.AccessibilityNodeInfo@804c31a1; boundsInParent: Rect(0, 0 - 1080, 1920); boundsInScreen: Rect(0, 0 - 1080, 1920); packageName: com.wallapop; className: android.widget.FrameLayout; text: null; error: null; maxTextLength: -1; contentDescription: null; viewIdResName: null; checkable: false; checked: false; focusable: false; focused: false; selected: false; clickable: false; longClickable: false; contextClickable: false; enabled: true; password: false; scrollable: false; actions: [AccessibilityAction: ACTION_SELECT - null, AccessibilityAction: ACTION_CLEAR_SELECTION - null, AccessibilityAction: ACTION_ACCESSIBILITY_FOCUS - null, AccessibilityAction: ACTION_UNKNOWN - null]

07-09 15:34:05.103   874  1661 V WindowStateAnimator: Finishing drawing window Window{2f0b508 u0 d0 com.wallapop/com.rewallapop.ui.search.SearchActivity}: mDrawState=DRAW_PENDING

07-09 15:34:05.133   874  1132 I ActivityManager: Displayed com.wallapop/com.rewallapop.ui.search.SearchActivity: +947ms

07-09 15:34:05.323 14321 14329 W REALM_JAVA: Remember to call close() on all Realm instances. Realm /data/data/com.wallapop/files/feature_flags is being finalized without being closed, this can lead to running out of native memory.

07-09 15:34:05.353 14321 14329 W REALM_JAVA: Remember to call close() on all Realm instances. Realm /data/data/com.wallapop/files/feature_flags is being finalized without being closed, this can lead to running out of native memory.

07-09 15:34:05.373   874  1132 I Timeline: Timeline: Activity_windows_visible id: ActivityRecord{f87dcbb u0 com.wallapop/com.rewallapop.ui.search.SearchActivity t984} time:128450627


