Executed '[C740] Help: Access and sections' on 26-06-2019
---------------------------------------------------------------------------------
06-26 14:42:02.928   874  1722 I ActivityManager: Force stopping com.wallapop appid=10265 user=0: from pid 26121

06-26 14:42:02.928   874  1722 I ActivityManager: Killing 9858:com.wallapop/u0a265 (adj 15): stop com.wallapop cause from pid 26121

06-26 14:42:02.928   874  1722 D ActivityManager: isAutoRunBlockedApp:: com.wallapop, Auto Run ON

06-26 14:42:02.938   874   874 V AlarmManager: Remove alarm for next reason : android.intent.action.PACKAGE_RESTARTED : package: com.wallapop

06-26 14:42:02.958 25967 25967 I ClearDataReceiver: [#DCM#] Intent Data: package:com.wallapop

06-26 14:42:03.218   874  1721 V WindowManager: addAppToken: AppWindowToken{6bc4514 token=Token{b9c4367 ActivityRecord{a6ccb26 u0 com.wallapop/com.rewallapop.ui.main.MainActivity t794}}} to stack=1 task=794 at 0

06-26 14:42:03.238   874  1132 D ISSUE_DEBUG: InputChannelName : 4bdfb7b Starting com.wallapop

06-26 14:42:03.258   874   894 I ActivityManager: Start proc 26138:com.wallapop/u0a265 for activity com.wallapop/com.rewallapop.ui.main.MainActivity

06-26 14:42:03.258 26138 26138 W SELinux : SELinux: seapp_context_lookup: seinfo=default, level=s0:c512,c768, pkgname=com.wallapop

06-26 14:42:03.288   874  1132 V WindowStateAnimator: Finishing drawing window Window{4bdfb7b u0 d0 Starting com.wallapop}: mDrawState=DRAW_PENDING

06-26 14:42:03.308   874  3012 D ActivityManager:  Launching com.wallapop, updated priority

06-26 14:42:03.328   874  1027 V MARsPolicyManager: updatePackagesScore PackageInfo name -- com.wallapop

06-26 14:42:03.338   874  1028 D StatusBarManagerService: manageDisableList userId=0 what=0x0 pkg=Window{4bdfb7b u0 d0 Starting com.wallapop}

06-26 14:42:03.338 26138 26138 W ResourcesManager: getTopLevelResources: /data/app/com.wallapop-1/base.apk / 1.0 running in com.wallapop rsrc of package null

06-26 14:42:03.608   874  1722 W BroadcastQueue: Skipping deliver [sec] BroadcastRecord{caf8147 u-1 android.intent.action.SCREEN_ON qIdx=1}, state= (IDLE) to ReceiverList{5b218a3 9858 com.wallapop/10265/u0 remote:23ffd2}: filter unregistered

06-26 14:42:03.768 26138 26160 W ResourcesManager: getTopLevelResources: /data/app/com.wallapop-1/base.apk / 1.0 running in com.wallapop rsrc of package null

06-26 14:42:03.788 26138 26160 I FA      :   adb shell setprop debug.firebase.analytics.app com.wallapop

06-26 14:42:03.788   874  5340 V AlarmManager:  remove PendingIntent] PendingIntent{46aab0e: PendingIntentRecord{c5d492f com.wallapop broadcastIntent}}

06-26 14:42:03.828 26138 26168 W ResourcesManager: getTopLevelResources: /data/app/com.google.android.gms-1/base.apk / 1.0 running in com.wallapop rsrc of package null

06-26 14:42:03.838 26138 26162 W ResourcesManager: getTopLevelResources: /data/app/com.google.android.gms-1/base.apk / 1.0 running in com.wallapop rsrc of package null

06-26 14:42:03.838 26138 26138 W ResourcesManager: getTopLevelResources: /data/app/com.wallapop-1/base.apk / 1.0 running in com.wallapop rsrc of package null

06-26 14:42:03.858 26138 26171 W System.err: remove failed: ENOENT (No such file or directory) : /data/user/0/com.wallapop/files/AppEventsLogger.persistedevents

06-26 14:42:03.858 26138 26138 W ResourcesManager: getTopLevelResources: /data/app/com.wallapop-1/base.apk / 1.0 running in com.wallapop rsrc of package null

06-26 14:42:03.888 26138 26138 W ResourcesManager: getTopLevelResources: /data/app/com.wallapop-1/base.apk / 1.0 running in com.wallapop rsrc of package null

06-26 14:42:03.898 26138 26171 W ResourcesManager: getTopLevelResources: /data/app/com.google.android.gms-1/base.apk / 1.0 running in com.wallapop rsrc of package null

06-26 14:42:04.428 26138 26138 W System.err: mkdir failed: EEXIST (File exists) : /data/user/0/com.wallapop/cache/okhttp

06-26 14:42:04.988 26138 26189 I FirebasePerformance: Logging NetworkRequestMetric - https://settings.crashlytics.com/spi/v2/platforms/android/apps/com.wallapop/settings 1531b 904ms,

06-26 14:42:05.608 26138 26205 I stetho  : Listening on @stetho_com.wallapop_devtools_remote

06-26 14:42:05.628 26138 26138 I art     : Rejecting re-init on previously-failed class java.lang.Class<com.wallapop.clickstream.JobIntentService$f>

06-26 14:42:05.628 26138 26138 I art     : Rejecting re-init on previously-failed class java.lang.Class<com.wallapop.clickstream.JobIntentService$f>

06-26 14:42:05.758 26138 26138 W ResourcesManager: getTopLevelResources: /data/app/com.google.android.gms-1/base.apk / 1.0 running in com.wallapop rsrc of package null

06-26 14:42:05.948 26138 26138 W ResourcesManager: getTopLevelResources: /data/app/com.google.android.gms-1/base.apk / 1.0 running in com.wallapop rsrc of package null

06-26 14:42:05.968 26138 26207 W System.err: remove failed: ENOENT (No such file or directory) : /data/user/0/com.wallapop/files/tfidf.db

06-26 14:42:05.978 26138 26138 W ResourcesManager: getTopLevelResources: /data/data/com.google.android.gms/app_chimera/m/00000034/dl-AdsFdrDynamite.integ_20290000008.apk / 1.0 running in com.wallapop rsrc of package null

06-26 14:42:05.988 26138 26207 W System.err: remove failed: ENOENT (No such file or directory) : /data/user/0/com.wallapop/databases/__hs__db_error_reports

06-26 14:42:05.988 26138 26207 W System.err: remove failed: ENOENT (No such file or directory) : /data/user/0/com.wallapop/databases/__hs__db_error_reports-journal

06-26 14:42:05.988 26138 26207 W System.err: remove failed: ENOENT (No such file or directory) : /data/user/0/com.wallapop/databases/__hs__db_error_reports-shm

06-26 14:42:05.988 26138 26207 W System.err: remove failed: ENOENT (No such file or directory) : /data/user/0/com.wallapop/databases/__hs__db_error_reports-wal

06-26 14:42:06.008 26138 26138 W ResourcesManager: getTopLevelResources: /data/data/com.google.android.gms/app_chimera/m/00000034/dl-AdsFdrDynamite.integ_20290000008.apk / 1.0 running in com.wallapop rsrc of package null

06-26 14:42:06.198 26138 26138 W ResourcesManager: getTopLevelResources: /data/app/com.google.android.webview-2/base.apk / 1.0 running in com.wallapop rsrc of package null

06-26 14:42:06.288 26138 26237 W ResourcesManager: getTopLevelResources: /data/app/com.google.android.webview-2/base.apk / 1.0 running in com.wallapop rsrc of package null

06-26 14:42:09.018 26138 26307 W ResourcesManager: getTopLevelResources: /data/app/com.google.android.gms-1/base.apk / 1.0 running in com.wallapop rsrc of package null

06-26 14:42:09.118   874  2732 V AlarmManager:  remove PendingIntent] PendingIntent{b15decf: PendingIntentRecord{4c3f453 com.wallapop broadcastIntent}}

06-26 14:42:09.118 26138 26138 W ResourcesManager: getTopLevelResources: /data/app/com.wallapop-1/base.apk / 1.0 running in com.wallapop rsrc of package null

06-26 14:42:09.148 26138 26138 W ResourcesManager: getTopLevelResources: /data/app/com.wallapop-1/base.apk / 1.0 running in com.wallapop rsrc of package null

06-26 14:42:09.378   874  1714 V AlarmManager:  remove PendingIntent] PendingIntent{73b98eb: PendingIntentRecord{db9e648 com.wallapop broadcastIntent}}

06-26 14:42:09.398   874  4874 D LocationManagerService: request 332da06 passive Request[POWER_NONE passive fastest=0 num=1] from com.wallapop(10265)

06-26 14:42:09.398   874  4874 I AppOps  : sendInfoToFLP, code=41 , uid=10265 , packageName=com.wallapop , type=startOp

06-26 14:42:09.468 26138 26138 W System.err: remove failed: ENOENT (No such file or directory) : /data/user/0/com.wallapop/cache/okhttp/journal.tmp

06-26 14:42:09.478 26138 26138 I Timeline: Timeline: Activity_launch_request id:com.wallapop time:7527505

06-26 14:42:09.498   874  2732 V WindowManager: addAppToken: AppWindowToken{999719 token=Token{5d53660 ActivityRecord{de03a63 u0 com.wallapop/com.rewallapop.ui.wall.WallActivity t794}}} to stack=1 task=794 at 1

06-26 14:42:09.498   874  1028 D StatusBarManagerService: manageDisableList userId=0 what=0x0 pkg=Window{4bdfb7b u0 d0 Starting com.wallapop}

06-26 14:42:09.538 26138 26183 W ResourcesManager: getTopLevelResources: /data/app/com.google.android.gms-1/base.apk / 1.0 running in com.wallapop rsrc of package null

06-26 14:42:09.608   874  1027 D ApplicationPolicy: isStatusBarNotificationAllowedAsUser: packageName = com.wallapop,userId = 0

06-26 14:42:09.618   874  1027 V MARsPolicyManager: updatePackagesScore PackageInfo name -- com.wallapop

06-26 14:42:09.628   874   874 D MARsPolicyManager: NotificationListenerService OngoingNotificationPosted : com.wallapop

06-26 14:42:09.628 26138 26138 W ResourcesManager: getTopLevelResources: /data/app/com.wallapop-1/base.apk / 1.0 running in com.wallapop rsrc of package null

06-26 14:42:09.638 26138 26243 W System.err: mkdir failed: EEXIST (File exists) : /data/user/0/com.wallapop/cache/WebView/Crash Reports

06-26 14:42:09.638 26138 26138 W ResourcesManager: getTopLevelResources: /data/app/com.wallapop-1/base.apk / 1.0 running in com.wallapop rsrc of package null

06-26 14:42:09.648  1391  1391 W ResourcesManager: getTopLevelResources: /data/app/com.wallapop-1/base.apk / 1.0 running in com.android.systemui rsrc of package null

06-26 14:42:09.668  1391  1391 W ResourcesManager: getTopLevelResources: /data/app/com.wallapop-1/base.apk / 1.0 running in com.android.systemui rsrc of package null

06-26 14:42:09.678  1391  1391 W ResourcesManager: getTopLevelResources: /data/app/com.wallapop-1/base.apk / 1.0 running in com.android.systemui rsrc of package null

06-26 14:42:09.688  1391  1391 W ResourcesManager: getTopLevelResources: /data/app/com.wallapop-1/base.apk / 1.0 running in com.android.systemui rsrc of package null

06-26 14:42:09.748   874  1220 V AlarmManager:  remove PendingIntent] PendingIntent{e5892db: PendingIntentRecord{db9e648 com.wallapop broadcastIntent}}

06-26 14:42:10.328 26138 26171 W System.err: remove failed: ENOENT (No such file or directory) : /data/user/0/com.wallapop/files/AppEventsLogger.persistedevents

06-26 14:42:10.458   874  4874 D ISSUE_DEBUG: InputChannelName : 3b209a2 com.wallapop/com.rewallapop.ui.wall.WallActivity

06-26 14:42:10.468 26138 26414 W ResourcesManager: getTopLevelResources: /data/app/com.google.android.gms-1/base.apk / 1.0 running in com.wallapop rsrc of package null

06-26 14:42:10.558 21819 21830 I Finsky  : [2685] eth.b(2): com.wallapop: Account determined from installer data - [E7ZhE6RtwBr6ZrivWaTWep8klQM]

06-26 14:42:10.558 21819 21830 I Finsky  : [2685] eth.b(9): com.wallapop: Account from preferred account - [E7ZhE6RtwBr6ZrivWaTWep8klQM]

06-26 14:42:10.678 21819 24782 I Finsky  : [2762] eth.b(2): com.wallapop: Account determined from installer data - [E7ZhE6RtwBr6ZrivWaTWep8klQM]

06-26 14:42:10.678 21819 24782 I Finsky  : [2762] eth.b(9): com.wallapop: Account from preferred account - [E7ZhE6RtwBr6ZrivWaTWep8klQM]

06-26 14:42:10.958   874  1028 D StatusBarManagerService: manageDisableList userId=0 what=0x0 pkg=Window{3b209a2 u0 d0 com.wallapop/com.rewallapop.ui.wall.WallActivity}

06-26 14:42:11.248 21819 24782 I Finsky  : [2762] eth.b(2): com.wallapop: Account determined from installer data - [E7ZhE6RtwBr6ZrivWaTWep8klQM]

06-26 14:42:11.248 21819 24782 I Finsky  : [2762] eth.b(9): com.wallapop: Account from preferred account - [E7ZhE6RtwBr6ZrivWaTWep8klQM]

06-26 14:42:11.338 26138 26414 D Amazon DTB Ads API: with json params:[{"adsdk":"aps-android-7.4.3","gdpr":{"e":"1","c":"BAAAAAAOa0ob7AcABBENBtAAAAAh6AAA"},"oo":"false","mraid":["1.0","2.0","3.0"],"ua":"Dalvik\/2.1.0 (Linux; U; Android 6.0.1; SM-G900F Build\/MMB29M)","geoloc":"41.4058945,2.1864856,20.0","idfa":"1e214c05-ac1e-4c82-ae75-fb207f9c9c8a","appId":"d2ba46e2d5ef4c9883051d9c8d0125d5","ad-id":"A-6j1GeULkCtsqbiEmqTO1M","slots":[{"sz":"320x50","slot":"f414d83c-ab9f-4e02-9c59-5137663ee6c7","slotId":1,"supportedMediaTypes":["DISPLAY"]}],"dinfo":{"os":"Android","model":"SM-G900F","make":"samsung","osVersion":"6.0.1","connectionType":"Wifi","country":"ES","scalingFactor":"3.0","carrier":"JAZZTEL","language":"es","screenSize":"1080x1920","orientation":"portrait"},"pkg":{"lbl":"_Wallapop_","pn":"com.wallapop","v":"1760000","vn":"1.76.0-d1906251551"},"isDTBMobile":"true"}]

06-26 14:42:11.428   874  1220 V WindowStateAnimator: Finishing drawing window Window{3b209a2 u0 d0 com.wallapop/com.rewallapop.ui.wall.WallActivity}: mDrawState=DRAW_PENDING

06-26 14:42:11.458   874  1132 I ActivityManager: Displayed com.wallapop/com.rewallapop.ui.wall.WallActivity: +1s846ms (total +42m48s49ms)

06-26 14:42:11.458   874  1132 I Timeline: Timeline: Activity_windows_visible id: ActivityRecord{de03a63 u0 com.wallapop/com.rewallapop.ui.wall.WallActivity t794} time:7529488

06-26 14:42:11.558   874  1721 V WindowStateAnimator: Finishing drawing window Window{3b209a2 u0 d0 com.wallapop/com.rewallapop.ui.wall.WallActivity}: mDrawState=HAS_DRAWN

06-26 14:42:11.728 26138 26138 W ResourcesManager: getTopLevelResources: /data/app/com.google.android.gms-1/base.apk / 1.0 running in com.wallapop rsrc of package null

06-26 14:42:11.948 26138 26479 W ResourcesManager: getTopLevelResources: /data/data/com.google.android.gms/app_chimera/m/00000034/dl-AdsFdrDynamite.integ_20290000008.apk / 1.0 running in com.wallapop rsrc of package null

06-26 14:42:12.088   874  1721 I AppOps  : sendInfoToFLP, code=41 , uid=10265 , packageName=com.wallapop , type=startOp

06-26 14:42:12.308 21819 24783 I Finsky  : [2763] eth.b(2): com.wallapop: Account determined from installer data - [E7ZhE6RtwBr6ZrivWaTWep8klQM]

06-26 14:42:12.308 21819 24783 I Finsky  : [2763] eth.b(9): com.wallapop: Account from preferred account - [E7ZhE6RtwBr6ZrivWaTWep8klQM]

06-26 14:42:12.518 26138 26138 W ResourcesManager: getTopLevelResources: /data/app/com.google.android.gms-1/base.apk / 1.0 running in com.wallapop rsrc of package null

06-26 14:42:12.648 21819 21830 I Finsky  : [2685] eth.b(2): com.wallapop: Account determined from installer data - [E7ZhE6RtwBr6ZrivWaTWep8klQM]

06-26 14:42:12.648 21819 21830 I Finsky  : [2685] eth.b(9): com.wallapop: Account from preferred account - [E7ZhE6RtwBr6ZrivWaTWep8klQM]

06-26 14:42:12.778 21819 21829 I Finsky  : [2684] eth.b(2): com.wallapop: Account determined from installer data - [E7ZhE6RtwBr6ZrivWaTWep8klQM]

06-26 14:42:12.778 21819 21829 I Finsky  : [2684] eth.b(9): com.wallapop: Account from preferred account - [E7ZhE6RtwBr6ZrivWaTWep8klQM]

06-26 14:42:13.558 26138 26138 W View    : requestLayout() improperly called by com.wallapop.design.view.WallapopTextView{e0ef204 V.ED..... ......ID 54,30-54,92 #7f0a08d7 app:id/wp__home__tv_bubble} during layout: running second layout pass

06-26 14:42:13.768 21819 24782 I Finsky  : [2762] eth.b(2): com.wallapop: Account determined from installer data - [E7ZhE6RtwBr6ZrivWaTWep8klQM]

06-26 14:42:13.768 21819 24782 I Finsky  : [2762] eth.b(9): com.wallapop: Account from preferred account - [E7ZhE6RtwBr6ZrivWaTWep8klQM]

06-26 14:42:14.628 26138 26171 W System.err: remove failed: ENOENT (No such file or directory) : /data/user/0/com.wallapop/files/AppEventsLogger.persistedevents

06-26 14:42:14.698 21819 21830 I Finsky  : [2685] eth.b(2): com.wallapop: Account determined from installer data - [E7ZhE6RtwBr6ZrivWaTWep8klQM]

06-26 14:42:14.698 21819 21830 I Finsky  : [2685] eth.b(9): com.wallapop: Account from preferred account - [E7ZhE6RtwBr6ZrivWaTWep8klQM]

06-26 14:42:14.708 21819 21829 I Finsky  : [2684] eth.b(2): com.wallapop: Account determined from installer data - [E7ZhE6RtwBr6ZrivWaTWep8klQM]

06-26 14:42:14.708 21819 21829 I Finsky  : [2684] eth.b(9): com.wallapop: Account from preferred account - [E7ZhE6RtwBr6ZrivWaTWep8klQM]

06-26 14:42:15.958 26138 26631 W ResourcesManager: getTopLevelResources: /data/app/com.google.android.gms-1/base.apk / 1.0 running in com.wallapop rsrc of package null

06-26 14:42:17.528 26138 26634 W ResourcesManager: getTopLevelResources: /data/app/com.google.android.gms-1/base.apk / 1.0 running in com.wallapop rsrc of package null

06-26 14:42:18.298 26138 26634 W ResourcesManager: getTopLevelResources: /data/app/com.google.android.gms-1/base.apk / 1.0 running in com.wallapop rsrc of package null

06-26 14:42:19.598   874  1027 V BroadcastQueue: [background] Process cur broadcast BroadcastRecord{a13d963 u0 com.appboy.action.receiver.DATA_SYNC qIdx=4}, state= (APP_RECEIVE) DELIVERED for app ProcessRecord{1c9e37d 26138:com.wallapop/u0a265}

06-26 14:42:23.968 26138 26138 I Timeline: Timeline: Activity_launch_request id:com.wallapop time:7541996

06-26 14:42:23.988   874  1220 V WindowManager: addAppToken: AppWindowToken{e646b8e token=Token{66f6f89 ActivityRecord{9d26a90 u0 com.wallapop/.activities.PreferencesActivity t794}}} to stack=1 task=794 at 1

06-26 14:42:24.068   874  1027 V MARsPolicyManager: updatePackagesScore PackageInfo name -- com.wallapop

06-26 14:42:24.068 26138 26138 W ResourcesManager: getTopLevelResources: /data/app/com.wallapop-1/base.apk / 1.0 running in com.wallapop rsrc of package null

06-26 14:42:24.068 26138 26138 W ResourcesManager: getTopLevelResources: /data/app/com.wallapop-1/base.apk / 1.0 running in com.wallapop rsrc of package null

06-26 14:42:24.068 26138 26138 W ResourcesManager: getTopLevelResources: /data/app/com.wallapop-1/base.apk / 1.0 running in com.wallapop rsrc of package null

06-26 14:42:24.138   874  1220 V AlarmManager:  remove PendingIntent] PendingIntent{d565e66: PendingIntentRecord{76d75a7 com.wallapop broadcastIntent}}

06-26 14:42:24.228   874  1721 D ISSUE_DEBUG: InputChannelName : 988d43e com.wallapop/com.wallapop.activities.PreferencesActivity

06-26 14:42:24.248   874  1028 D StatusBarManagerService: manageDisableList userId=0 what=0x0 pkg=Window{988d43e u0 d0 com.wallapop/com.wallapop.activities.PreferencesActivity}

06-26 14:42:24.338   874   892 V WindowStateAnimator: Finishing drawing window Window{988d43e u0 d0 com.wallapop/com.wallapop.activities.PreferencesActivity}: mDrawState=DRAW_PENDING

06-26 14:42:24.358   874  1132 I ActivityManager: Displayed com.wallapop/.activities.PreferencesActivity: +317ms

06-26 14:42:24.368   874  1722 V WindowStateAnimator: Finishing drawing window Window{988d43e u0 d0 com.wallapop/com.wallapop.activities.PreferencesActivity}: mDrawState=HAS_DRAWN

06-26 14:42:24.598   874  1132 I Timeline: Timeline: Activity_windows_visible id: ActivityRecord{9d26a90 u0 com.wallapop/.activities.PreferencesActivity t794} time:7542629

06-26 14:42:24.638 26138 26171 W System.err: remove failed: ENOENT (No such file or directory) : /data/user/0/com.wallapop/files/AppEventsLogger.persistedevents

06-26 14:42:24.638   874  1220 I AppOps  : sendInfoToFLP, code=41 , uid=10265 , packageName=com.wallapop , type=finishOp

06-26 14:42:24.648 26138 26138 V ActivityThread: updateVisibility : ActivityRecord{7bea494 token=android.os.BinderProxy@855790b {com.wallapop/com.rewallapop.ui.wall.WallActivity}} show : false

06-26 14:42:25.198 26001 26469 W ByMatcher: Node returned null child: android.view.accessibility.AccessibilityNodeInfo@8000749b; boundsInParent: Rect(0, 0 - 1080, 1920); boundsInScreen: Rect(0, 0 - 1080, 1920); packageName: com.wallapop; className: android.widget.FrameLayout; text: null; error: null; maxTextLength: -1; contentDescription: null; viewIdResName: null; checkable: false; checked: false; focusable: false; focused: false; selected: false; clickable: false; longClickable: false; contextClickable: false; enabled: true; password: false; scrollable: false; actions: [AccessibilityAction: ACTION_SELECT - null, AccessibilityAction: ACTION_CLEAR_SELECTION - null, AccessibilityAction: ACTION_ACCESSIBILITY_FOCUS - null, AccessibilityAction: ACTION_UNKNOWN - null]

06-26 14:42:25.208 26001 26469 W ByMatcher: Node returned null child: android.view.accessibility.AccessibilityNodeInfo@8000749b; boundsInParent: Rect(0, 0 - 1080, 1920); boundsInScreen: Rect(0, 0 - 1080, 1920); packageName: com.wallapop; className: android.widget.FrameLayout; text: null; error: null; maxTextLength: -1; contentDescription: null; viewIdResName: null; checkable: false; checked: false; focusable: false; focused: false; selected: false; clickable: false; longClickable: false; contextClickable: false; enabled: true; password: false; scrollable: false; actions: [AccessibilityAction: ACTION_SELECT - null, AccessibilityAction: ACTION_CLEAR_SELECTION - null, AccessibilityAction: ACTION_ACCESSIBILITY_FOCUS - null, AccessibilityAction: ACTION_UNKNOWN - null]


