Executed '[C740] Help: Access and sections' on 26-06-2019
---------------------------------------------------------------------------------
06-26 15:43:27.808   874  1220 I ActivityManager: Force stopping com.wallapop appid=10265 user=0: from pid 6578

06-26 15:43:27.808   874  1220 I ActivityManager: Killing 6101:com.wallapop/u0a265 (adj 2): stop com.wallapop cause from pid 6578

06-26 15:43:27.828   874  1220 D ActivityManager: isAutoRunBlockedApp:: com.wallapop, Auto Run ON

06-26 15:43:27.828   874  1220 I ActivityManager: isWidgetUsingPkg : com.wallapop no widget is using.

06-26 15:43:27.838   874   874 D MARsPolicyManager: NotificationListenerService OngoingNotificationRemoved : com.wallapop

06-26 15:43:27.848   874  1220 I ActivityManager: Start proc 6610:com.wallapop/u0a265 for activity com.wallapop/com.rewallapop.ui.wall.WallActivity

06-26 15:43:27.858  6610  6610 W SELinux : SELinux: seapp_context_lookup: seinfo=default, level=s0:c512,c768, pkgname=com.wallapop

06-26 15:43:27.858   874  1220 I ActivityManager:   Force finishing activity ActivityRecord{38d1401 u0 com.wallapop/com.rewallapop.ui.wall.WallActivity t801}

06-26 15:43:27.898   874   874 V AlarmManager: Remove alarm for next reason : android.intent.action.PACKAGE_RESTARTED : package: com.wallapop

06-26 15:43:27.928 25967 25967 I ClearDataReceiver: [#DCM#] Intent Data: package:com.wallapop

06-26 15:43:27.988  6610  6610 W ResourcesManager: getTopLevelResources: /data/app/com.wallapop-1/base.apk / 1.0 running in com.wallapop rsrc of package null

06-26 15:43:28.158  6610  6636 W ResourcesManager: getTopLevelResources: /data/app/com.wallapop-1/base.apk / 1.0 running in com.wallapop rsrc of package null

06-26 15:43:28.168  6610  6636 I FA      :   adb shell setprop debug.firebase.analytics.app com.wallapop

06-26 15:43:28.168   874  1721 V AlarmManager:  remove PendingIntent] PendingIntent{b0bbfb3: PendingIntentRecord{fdb5970 com.wallapop broadcastIntent}}

06-26 15:43:28.178  6610  6610 W ResourcesManager: getTopLevelResources: /data/app/com.wallapop-1/base.apk / 1.0 running in com.wallapop rsrc of package null

06-26 15:43:28.178  6610  6638 W ResourcesManager: getTopLevelResources: /data/app/com.google.android.gms-1/base.apk / 1.0 running in com.wallapop rsrc of package null

06-26 15:43:28.188  6610  6644 W ResourcesManager: getTopLevelResources: /data/app/com.google.android.gms-1/base.apk / 1.0 running in com.wallapop rsrc of package null

06-26 15:43:28.188  6610  6610 W ResourcesManager: getTopLevelResources: /data/app/com.wallapop-1/base.apk / 1.0 running in com.wallapop rsrc of package null

06-26 15:43:28.198  6610  6610 W ResourcesManager: getTopLevelResources: /data/app/com.wallapop-1/base.apk / 1.0 running in com.wallapop rsrc of package null

06-26 15:43:28.588  6610  6610 W System.err: mkdir failed: EEXIST (File exists) : /data/user/0/com.wallapop/cache/okhttp

06-26 15:43:29.648  6610  6673 I stetho  : Listening on @stetho_com.wallapop_devtools_remote

06-26 15:43:29.658  6610  6610 I art     : Rejecting re-init on previously-failed class java.lang.Class<com.wallapop.clickstream.JobIntentService$f>

06-26 15:43:29.658  6610  6610 I art     : Rejecting re-init on previously-failed class java.lang.Class<com.wallapop.clickstream.JobIntentService$f>

06-26 15:43:29.788  6610  6610 W ResourcesManager: getTopLevelResources: /data/app/com.google.android.gms-1/base.apk / 1.0 running in com.wallapop rsrc of package null

06-26 15:43:29.908  6610  6610 W ResourcesManager: getTopLevelResources: /data/app/com.google.android.gms-1/base.apk / 1.0 running in com.wallapop rsrc of package null

06-26 15:43:29.928  6610  6675 W System.err: remove failed: ENOENT (No such file or directory) : /data/user/0/com.wallapop/files/tfidf.db

06-26 15:43:29.928  6610  6610 W ResourcesManager: getTopLevelResources: /data/data/com.google.android.gms/app_chimera/m/00000034/dl-AdsFdrDynamite.integ_20290000008.apk / 1.0 running in com.wallapop rsrc of package null

06-26 15:43:29.938  6610  6675 W System.err: remove failed: ENOENT (No such file or directory) : /data/user/0/com.wallapop/databases/__hs__db_error_reports

06-26 15:43:29.938  6610  6675 W System.err: remove failed: ENOENT (No such file or directory) : /data/user/0/com.wallapop/databases/__hs__db_error_reports-journal

06-26 15:43:29.938  6610  6675 W System.err: remove failed: ENOENT (No such file or directory) : /data/user/0/com.wallapop/databases/__hs__db_error_reports-shm

06-26 15:43:29.938  6610  6675 W System.err: remove failed: ENOENT (No such file or directory) : /data/user/0/com.wallapop/databases/__hs__db_error_reports-wal

06-26 15:43:29.938  6610  6610 W ResourcesManager: getTopLevelResources: /data/data/com.google.android.gms/app_chimera/m/00000034/dl-AdsFdrDynamite.integ_20290000008.apk / 1.0 running in com.wallapop rsrc of package null

06-26 15:43:29.958  6610  6610 W ResourcesManager: getTopLevelResources: /data/app/com.google.android.gms-1/base.apk / 1.0 running in com.wallapop rsrc of package null

06-26 15:43:30.068  6610  6610 W ResourcesManager: getTopLevelResources: /data/app/com.google.android.webview-2/base.apk / 1.0 running in com.wallapop rsrc of package null

06-26 15:43:32.808  6610  6781 W ResourcesManager: getTopLevelResources: /data/app/com.google.android.gms-1/base.apk / 1.0 running in com.wallapop rsrc of package null

06-26 15:43:32.948   874  1914 V AlarmManager:  remove PendingIntent] PendingIntent{bd08cd5: PendingIntentRecord{4c3f453 com.wallapop broadcastIntent}}

06-26 15:43:32.958  6610  6731 W System.err: mkdir failed: EEXIST (File exists) : /data/user/0/com.wallapop/cache/WebView/Crash Reports

06-26 15:43:47.968  6610  6646 W System.err: remove failed: ENOENT (No such file or directory) : /data/user/0/com.wallapop/files/AppEventsLogger.persistedevents

06-26 15:48:20.218   874   894 I ActivityManager: Force stopping com.wallapop appid=10265 user=0: from pid 7366

06-26 15:48:20.228   874   894 I ActivityManager: Killing 6610:com.wallapop/u0a265 (adj 15): stop com.wallapop cause from pid 7366

06-26 15:48:20.228   874   894 D ActivityManager: isAutoRunBlockedApp:: com.wallapop, Auto Run ON

06-26 15:48:20.238   874   874 V AlarmManager: Remove alarm for next reason : android.intent.action.PACKAGE_RESTARTED : package: com.wallapop

06-26 15:48:20.258 25967 25967 I ClearDataReceiver: [#DCM#] Intent Data: package:com.wallapop

06-26 15:48:20.498   874  1722 V WindowManager: addAppToken: AppWindowToken{7aeb30e token=Token{be02509 ActivityRecord{f668610 u0 com.wallapop/com.rewallapop.ui.main.MainActivity t802}}} to stack=1 task=802 at 0

06-26 15:48:20.508   874  1132 D ISSUE_DEBUG: InputChannelName : f508b7d Starting com.wallapop

06-26 15:48:20.528   874  1723 I ActivityManager: Start proc 7386:com.wallapop/u0a265 for activity com.wallapop/com.rewallapop.ui.main.MainActivity

06-26 15:48:20.528  7386  7386 W SELinux : SELinux: seapp_context_lookup: seinfo=default, level=s0:c512,c768, pkgname=com.wallapop

06-26 15:48:20.558   874  1132 V WindowStateAnimator: Finishing drawing window Window{f508b7d u0 d0 Starting com.wallapop}: mDrawState=DRAW_PENDING

06-26 15:48:20.578   874  1721 D ActivityManager:  Launching com.wallapop, updated priority

06-26 15:48:20.598   874  1027 V MARsPolicyManager: updatePackagesScore PackageInfo name -- com.wallapop

06-26 15:48:20.598   874  1028 D StatusBarManagerService: manageDisableList userId=0 what=0x0 pkg=Window{f508b7d u0 d0 Starting com.wallapop}

06-26 15:48:20.608  7386  7386 W ResourcesManager: getTopLevelResources: /data/app/com.wallapop-1/base.apk / 1.0 running in com.wallapop rsrc of package null

06-26 15:48:20.748  7386  7401 W ResourcesManager: getTopLevelResources: /data/app/com.wallapop-1/base.apk / 1.0 running in com.wallapop rsrc of package null

06-26 15:48:20.758  7386  7401 I FA      :   adb shell setprop debug.firebase.analytics.app com.wallapop

06-26 15:48:20.768  7386  7386 W ResourcesManager: getTopLevelResources: /data/app/com.wallapop-1/base.apk / 1.0 running in com.wallapop rsrc of package null

06-26 15:48:20.768   874  1914 V AlarmManager:  remove PendingIntent] PendingIntent{9b015ca: PendingIntentRecord{ad9033b com.wallapop broadcastIntent}}

06-26 15:48:20.768  7386  7403 W ResourcesManager: getTopLevelResources: /data/app/com.google.android.gms-1/base.apk / 1.0 running in com.wallapop rsrc of package null

06-26 15:48:20.778  7386  7409 W ResourcesManager: getTopLevelResources: /data/app/com.google.android.gms-1/base.apk / 1.0 running in com.wallapop rsrc of package null

06-26 15:48:20.778  7386  7386 W ResourcesManager: getTopLevelResources: /data/app/com.wallapop-1/base.apk / 1.0 running in com.wallapop rsrc of package null

06-26 15:48:20.778  7386  7411 W System.err: remove failed: ENOENT (No such file or directory) : /data/user/0/com.wallapop/files/AppEventsLogger.persistedevents

06-26 15:48:20.788  7386  7386 W ResourcesManager: getTopLevelResources: /data/app/com.wallapop-1/base.apk / 1.0 running in com.wallapop rsrc of package null

06-26 15:48:21.138  7386  7386 W System.err: mkdir failed: EEXIST (File exists) : /data/user/0/com.wallapop/cache/okhttp

06-26 15:48:22.178  7386  7436 I stetho  : Listening on @stetho_com.wallapop_devtools_remote

06-26 15:48:22.188  7386  7386 I art     : Rejecting re-init on previously-failed class java.lang.Class<com.wallapop.clickstream.JobIntentService$f>

06-26 15:48:22.188  7386  7386 I art     : Rejecting re-init on previously-failed class java.lang.Class<com.wallapop.clickstream.JobIntentService$f>

06-26 15:48:22.298  7386  7386 W ResourcesManager: getTopLevelResources: /data/app/com.google.android.gms-1/base.apk / 1.0 running in com.wallapop rsrc of package null

06-26 15:48:22.368  7386  7386 W ResourcesManager: getTopLevelResources: /data/app/com.google.android.gms-1/base.apk / 1.0 running in com.wallapop rsrc of package null

06-26 15:48:22.378  7386  7386 W ResourcesManager: getTopLevelResources: /data/data/com.google.android.gms/app_chimera/m/00000034/dl-AdsFdrDynamite.integ_20290000008.apk / 1.0 running in com.wallapop rsrc of package null

06-26 15:48:22.388  7386  7386 W ResourcesManager: getTopLevelResources: /data/data/com.google.android.gms/app_chimera/m/00000034/dl-AdsFdrDynamite.integ_20290000008.apk / 1.0 running in com.wallapop rsrc of package null

06-26 15:48:22.408  7386  7438 W System.err: remove failed: ENOENT (No such file or directory) : /data/user/0/com.wallapop/files/tfidf.db

06-26 15:48:22.428  7386  7438 W System.err: remove failed: ENOENT (No such file or directory) : /data/user/0/com.wallapop/databases/__hs__db_error_reports

06-26 15:48:22.428  7386  7438 W System.err: remove failed: ENOENT (No such file or directory) : /data/user/0/com.wallapop/databases/__hs__db_error_reports-journal

06-26 15:48:22.428  7386  7438 W System.err: remove failed: ENOENT (No such file or directory) : /data/user/0/com.wallapop/databases/__hs__db_error_reports-shm

06-26 15:48:22.428  7386  7438 W System.err: remove failed: ENOENT (No such file or directory) : /data/user/0/com.wallapop/databases/__hs__db_error_reports-wal

06-26 15:48:22.528  7386  7386 W ResourcesManager: getTopLevelResources: /data/app/com.google.android.webview-2/base.apk / 1.0 running in com.wallapop rsrc of package null

06-26 15:48:25.058  7386  7535 W ResourcesManager: getTopLevelResources: /data/app/com.google.android.gms-1/base.apk / 1.0 running in com.wallapop rsrc of package null

06-26 15:48:25.128  7386  7386 W ResourcesManager: getTopLevelResources: /data/app/com.wallapop-1/base.apk / 1.0 running in com.wallapop rsrc of package null

06-26 15:48:25.128   874  1721 V AlarmManager:  remove PendingIntent] PendingIntent{829ae48: PendingIntentRecord{4c3f453 com.wallapop broadcastIntent}}

06-26 15:48:25.138  7386  7386 W ResourcesManager: getTopLevelResources: /data/app/com.wallapop-1/base.apk / 1.0 running in com.wallapop rsrc of package null

06-26 15:48:25.428   874  5340 V AlarmManager:  remove PendingIntent] PendingIntent{44f66f4: PendingIntentRecord{be806ef com.wallapop broadcastIntent}}

06-26 15:48:25.448   874  4874 D LocationManagerService: request fc1f5fc passive Request[POWER_NONE passive fastest=0 num=1] from com.wallapop(10265)

06-26 15:48:25.548  7386  7386 W System.err: remove failed: ENOENT (No such file or directory) : /data/user/0/com.wallapop/cache/okhttp/journal.tmp

06-26 15:48:25.578  7386  7386 I Timeline: Timeline: Activity_launch_request id:com.wallapop time:11503605

06-26 15:48:25.588   874  1721 V WindowManager: addAppToken: AppWindowToken{f1f81bf token=Token{5072bde ActivityRecord{4febf19 u0 com.wallapop/com.rewallapop.ui.wall.WallActivity t802}}} to stack=1 task=802 at 1

06-26 15:48:25.598   874  1028 D StatusBarManagerService: manageDisableList userId=0 what=0x0 pkg=Window{f508b7d u0 d0 Starting com.wallapop}

06-26 15:48:25.658  7386  7423 W ResourcesManager: getTopLevelResources: /data/app/com.google.android.gms-1/base.apk / 1.0 running in com.wallapop rsrc of package null

06-26 15:48:25.728   874  1027 D ApplicationPolicy: isStatusBarNotificationAllowedAsUser: packageName = com.wallapop,userId = 0

06-26 15:48:25.738   874  1027 V MARsPolicyManager: updatePackagesScore PackageInfo name -- com.wallapop

06-26 15:48:25.748   874   874 D MARsPolicyManager: NotificationListenerService OngoingNotificationPosted : com.wallapop

06-26 15:48:25.758  1391  1391 W ResourcesManager: getTopLevelResources: /data/app/com.wallapop-1/base.apk / 1.0 running in com.android.systemui rsrc of package null

06-26 15:48:25.778  1391  1391 W ResourcesManager: getTopLevelResources: /data/app/com.wallapop-1/base.apk / 1.0 running in com.android.systemui rsrc of package null

06-26 15:48:25.788  1391  1391 W ResourcesManager: getTopLevelResources: /data/app/com.wallapop-1/base.apk / 1.0 running in com.android.systemui rsrc of package null

06-26 15:48:25.798  1391  1391 W ResourcesManager: getTopLevelResources: /data/app/com.wallapop-1/base.apk / 1.0 running in com.android.systemui rsrc of package null

06-26 15:48:25.978  7386  7386 W ResourcesManager: getTopLevelResources: /data/app/com.wallapop-1/base.apk / 1.0 running in com.wallapop rsrc of package null

06-26 15:48:25.988  7386  7386 W ResourcesManager: getTopLevelResources: /data/app/com.wallapop-1/base.apk / 1.0 running in com.wallapop rsrc of package null

06-26 15:48:26.008  7386  7485 W System.err: mkdir failed: EEXIST (File exists) : /data/user/0/com.wallapop/cache/WebView/Crash Reports

06-26 15:48:26.128   874   894 V AlarmManager:  remove PendingIntent] PendingIntent{a003851: PendingIntentRecord{be806ef com.wallapop broadcastIntent}}

06-26 15:48:26.578  7386  7632 W ResourcesManager: getTopLevelResources: /data/app/com.google.android.gms-1/base.apk / 1.0 running in com.wallapop rsrc of package null

06-26 15:48:26.608  7386  7411 W System.err: remove failed: ENOENT (No such file or directory) : /data/user/0/com.wallapop/files/AppEventsLogger.persistedevents

06-26 15:48:26.668   874  1721 D ISSUE_DEBUG: InputChannelName : 9cb40b5 com.wallapop/com.rewallapop.ui.wall.WallActivity

06-26 15:48:26.688 21819 24782 I Finsky  : [2762] eth.b(2): com.wallapop: Account determined from installer data - [E7ZhE6RtwBr6ZrivWaTWep8klQM]

06-26 15:48:26.688 21819 24782 I Finsky  : [2762] eth.b(9): com.wallapop: Account from preferred account - [E7ZhE6RtwBr6ZrivWaTWep8klQM]

06-26 15:48:26.698 21819 21829 I Finsky  : [2684] eth.b(2): com.wallapop: Account determined from installer data - [E7ZhE6RtwBr6ZrivWaTWep8klQM]

06-26 15:48:26.698 21819 21829 I Finsky  : [2684] eth.b(9): com.wallapop: Account from preferred account - [E7ZhE6RtwBr6ZrivWaTWep8klQM]

06-26 15:48:26.748  7386  7632 D Amazon DTB Ads API: with json params:[{"adsdk":"aps-android-7.4.3","gdpr":{"e":"1","c":"BAAAAAAOa0ob7AcABBENBtAAAAAh6AAA"},"oo":"false","mraid":["1.0","2.0","3.0"],"ua":"Dalvik\/2.1.0 (Linux; U; Android 6.0.1; SM-G900F Build\/MMB29M)","geoloc":"41.4058945,2.1864856,20.0","idfa":"1e214c05-ac1e-4c82-ae75-fb207f9c9c8a","appId":"d2ba46e2d5ef4c9883051d9c8d0125d5","ad-id":"A-6j1GeULkCtsqbiEmqTO1M","slots":[{"sz":"320x50","slot":"f414d83c-ab9f-4e02-9c59-5137663ee6c7","slotId":1,"supportedMediaTypes":["DISPLAY"]}],"dinfo":{"os":"Android","model":"SM-G900F","make":"samsung","osVersion":"6.0.1","connectionType":"Wifi","country":"ES","scalingFactor":"3.0","carrier":"JAZZTEL","language":"es","screenSize":"1080x1920","orientation":"portrait"},"pkg":{"lbl":"_Wallapop_","pn":"com.wallapop","v":"1760000","vn":"1.76.0-d1906251551"},"isDTBMobile":"true"}]

06-26 15:48:26.918   874  1028 D StatusBarManagerService: manageDisableList userId=0 what=0x0 pkg=Window{9cb40b5 u0 d0 com.wallapop/com.rewallapop.ui.wall.WallActivity}

06-26 15:48:27.248 21819 21830 I Finsky  : [2685] eth.b(2): com.wallapop: Account determined from installer data - [E7ZhE6RtwBr6ZrivWaTWep8klQM]

06-26 15:48:27.248 21819 21830 I Finsky  : [2685] eth.b(9): com.wallapop: Account from preferred account - [E7ZhE6RtwBr6ZrivWaTWep8klQM]

06-26 15:48:27.278 21819 24782 I Finsky  : [2762] eth.b(2): com.wallapop: Account determined from installer data - [E7ZhE6RtwBr6ZrivWaTWep8klQM]

06-26 15:48:27.278 21819 24782 I Finsky  : [2762] eth.b(9): com.wallapop: Account from preferred account - [E7ZhE6RtwBr6ZrivWaTWep8klQM]

06-26 15:48:27.298 21819 21829 I Finsky  : [2684] eth.b(2): com.wallapop: Account determined from installer data - [E7ZhE6RtwBr6ZrivWaTWep8klQM]

06-26 15:48:27.298 21819 21829 I Finsky  : [2684] eth.b(9): com.wallapop: Account from preferred account - [E7ZhE6RtwBr6ZrivWaTWep8klQM]

06-26 15:48:27.328 21819 24783 I Finsky  : [2763] eth.b(2): com.wallapop: Account determined from installer data - [E7ZhE6RtwBr6ZrivWaTWep8klQM]

06-26 15:48:27.328 21819 24783 I Finsky  : [2763] eth.b(9): com.wallapop: Account from preferred account - [E7ZhE6RtwBr6ZrivWaTWep8klQM]

06-26 15:48:27.398   874   892 V WindowStateAnimator: Finishing drawing window Window{9cb40b5 u0 d0 com.wallapop/com.rewallapop.ui.wall.WallActivity}: mDrawState=DRAW_PENDING

06-26 15:48:27.408   874  1132 I ActivityManager: Displayed com.wallapop/com.rewallapop.ui.wall.WallActivity: +1s680ms (total +4m59s575ms)

06-26 15:48:27.408   874  1132 I Timeline: Timeline: Activity_windows_visible id: ActivityRecord{4febf19 u0 com.wallapop/com.rewallapop.ui.wall.WallActivity t802} time:11505439

06-26 15:48:27.498   874  1714 V WindowStateAnimator: Finishing drawing window Window{9cb40b5 u0 d0 com.wallapop/com.rewallapop.ui.wall.WallActivity}: mDrawState=HAS_DRAWN

06-26 15:48:27.508 21819 21830 I Finsky  : [2685] eth.b(2): com.wallapop: Account determined from installer data - [E7ZhE6RtwBr6ZrivWaTWep8klQM]

06-26 15:48:27.508 21819 21830 I Finsky  : [2685] eth.b(9): com.wallapop: Account from preferred account - [E7ZhE6RtwBr6ZrivWaTWep8klQM]

06-26 15:48:27.538  7386  7386 W ResourcesManager: getTopLevelResources: /data/app/com.google.android.gms-1/base.apk / 1.0 running in com.wallapop rsrc of package null

06-26 15:48:27.658  7386  7697 W ResourcesManager: getTopLevelResources: /data/data/com.google.android.gms/app_chimera/m/00000034/dl-AdsFdrDynamite.integ_20290000008.apk / 1.0 running in com.wallapop rsrc of package null

06-26 15:48:27.768   874  1913 I AppOps  : sendInfoToFLP, code=41 , uid=10265 , packageName=com.wallapop , type=startOp

06-26 15:48:27.878 21819 24783 I Finsky  : [2763] eth.b(2): com.wallapop: Account determined from installer data - [E7ZhE6RtwBr6ZrivWaTWep8klQM]

06-26 15:48:27.878 21819 24783 I Finsky  : [2763] eth.b(9): com.wallapop: Account from preferred account - [E7ZhE6RtwBr6ZrivWaTWep8klQM]

06-26 15:48:27.878 21819 21830 I Finsky  : [2685] eth.b(2): com.wallapop: Account determined from installer data - [E7ZhE6RtwBr6ZrivWaTWep8klQM]

06-26 15:48:27.878 21819 21830 I Finsky  : [2685] eth.b(9): com.wallapop: Account from preferred account - [E7ZhE6RtwBr6ZrivWaTWep8klQM]

06-26 15:48:27.888  7386  7386 W ResourcesManager: getTopLevelResources: /data/app/com.google.android.gms-1/base.apk / 1.0 running in com.wallapop rsrc of package null

06-26 15:48:28.968  7386  7386 W View    : requestLayout() improperly called by com.wallapop.design.view.WallapopTextView{2d74533 V.ED..... ......ID 54,30-54,92 #7f0a08d7 app:id/wp__home__tv_bubble} during layout: running second layout pass

06-26 15:48:29.728  7386  7411 W System.err: remove failed: ENOENT (No such file or directory) : /data/user/0/com.wallapop/files/AppEventsLogger.persistedevents


