Executed 'TestRailTest_01()' on 03-11-2019
---------------------------------------------------------------------------------
11-03 23:03:22.848 11792 12057 E linker  : warning: unable to get realpath for the library "/data/data/com.wallapop/app_optimized/audience_network.dex". Will use given name.

11-03 23:03:24.481  3066  3388 E HwCHRWebMonitor: HwCHRWifiUIDWebSpeed [appName=com.wallapop UID=10196  WEBSENDSEGS=70  WEBRESENDSEGS=0  WEBRECVSEGS=58  WEBERRSEGS=0  WEBOUTRSTS=0  WEBESTABLISRST=0  WEBRTTDURATION=87  WEBRTTSEGS=29  WEBSNDDUPACKS=0  suckTimes=0 recovage_times=0]

11-03 23:03:53.492 12097 12097 I appproc : Command=app_process /system/bin com.android.commands.am.Am force-stop com.wallapop

11-03 23:09:37.298 12426 12457 I appium  : AppiumResponse: {"sessionId":"bc469195-6be0-4fdc-86dd-bb5cf45d5940","value":{"sessionId":"bc469195-6be0-4fdc-86dd-bb5cf45d5940","capabilities":{"firstMatch":[{"platform":"LINUX","webStorageEnabled":false,"takesScreenshot":true,"javascriptEnabled":true,"databaseEnabled":false,"networkConnectionEnabled":true,"locationContextEnabled":false,"warnings":{},"desired":{"platformName":"android","normalizeTagNames":true,"androidInstallTimeout":150000,"app":"","appActivity":"com.rewallapop.ui.main.MainActivity","appPackage":"com.wallapop","isHeadless":false,"skipDeviceInitialization":true,"autoAcceptAlerts":true,"autoGrantPermissions":true,"automationName":"UiAutomator2","avd":"","deviceName":"W3D7N16219018904","deviceReadyTimeout":1,"fullReset":false,"ignoreUnimportantViews":true,"newCommandTimeout":60,"noReset":true,"systemPort":8223,"udid":"W3D7N16219018904"},"platformName":"android","normalizeTagNames":true,"androidInstallTimeout":150000,"app":"","appActivity":"com.rewallapop.ui.main.MainActivity","appPackage":"com.wallapop","isHeadless":false,"skipDeviceInitialization":true,"autoAcceptAlerts":true,"autoGrantPermissions":true,"automationName":"UiAutomator2","avd":"","deviceName":"W3D7N16219018904","deviceReadyTimeout":1,"fullReset":false,"ignoreUnimportantViews":true,"newCommandTimeout":60,"noReset":true,"systemPort":8223,"udid":"W3D7N16219018904","deviceUDID":"W3D7N16219018904"}],"alwaysMatch":{}}}}

11-03 23:09:40.854 12512 12512 I appproc : Command=app_process /system/bin com.android.commands.am.Am start -W -n com.wallapop/com.rewallapop.ui.main.MainActivity -S

11-03 23:09:41.430  3986  4530 W PGApi_client: recv actoionId = 10000, action = com.huawei.pgmng.PGAction@e8d7246 actionId =10000 pkg =com.wallapop extend1 =16550 extend2 = flag =3 type =1

11-03 23:09:41.431  3986  4530 W PGMiddleWare: in handleAction, invoke client = com.huawei.pgmng.middleware.AudioEffectLowPowerImpl@1eaa45e, action = com.huawei.pgmng.PGAction@e8d7246 actionId =10000 pkg =com.wallapop extend1 =16550 extend2 = flag =3 type =1

11-03 23:09:41.940 12522 12606 I FA      :   adb shell setprop debug.firebase.analytics.app com.wallapop

11-03 23:09:43.458 12522 12522 I art     : Rejecting re-init on previously-failed class java.lang.Class<com.wallapop.clickstream.JobIntentService$f>

11-03 23:09:43.459 12522 12522 I art     : Rejecting re-init on previously-failed class java.lang.Class<com.wallapop.clickstream.JobIntentService$f>

11-03 23:09:47.566  3066  3388 E HwCHRWebMonitor: running processNamecom.wallapop

11-03 23:09:47.607  3066  3388 E HwCHRWebMonitor: HwCHRWifiUIDWebSpeed [appName=com.wallapop UID=10196  WEBSENDSEGS=95  WEBRESENDSEGS=0  WEBRECVSEGS=74  WEBERRSEGS=0  WEBOUTRSTS=0  WEBESTABLISRST=0  WEBRTTDURATION=253  WEBRTTSEGS=34  WEBSNDDUPACKS=0  suckTimes=0 recovage_times=0]

11-03 23:09:47.710 12522 12794 E linker  : warning: unable to get realpath for the library "/data/data/com.wallapop/app_optimized/audience_network.dex". Will use given name.

11-03 23:09:48.688 12522 12665 E linker  : warning: unable to get realpath for the library "/data/data/com.wallapop/cache/1570054248636.dex". Will use given name.

11-03 23:09:49.627  2423  2597 I Finsky  : [1072] fyd.d(3): com.wallapop: Account determined from installer data - [VoWxNn8b5rEQ16LF0i3-s5KcEVYDMATZSI2v8NbSQx0]

11-03 23:09:49.628  2423  2597 I Finsky  : [1072] fyd.d(14): com.wallapop: Account from preferred account - [VoWxNn8b5rEQ16LF0i3-s5KcEVYDMATZSI2v8NbSQx0]

11-03 23:09:49.663  2423  3967 I Finsky  : [1098] fyd.d(3): com.wallapop: Account determined from installer data - [VoWxNn8b5rEQ16LF0i3-s5KcEVYDMATZSI2v8NbSQx0]

11-03 23:09:49.664  2423  3967 I Finsky  : [1098] fyd.d(14): com.wallapop: Account from preferred account - [VoWxNn8b5rEQ16LF0i3-s5KcEVYDMATZSI2v8NbSQx0]

11-03 23:09:50.465  2423  3967 I Finsky  : [1098] fyd.d(3): com.wallapop: Account determined from installer data - [VoWxNn8b5rEQ16LF0i3-s5KcEVYDMATZSI2v8NbSQx0]

11-03 23:09:50.466  2423  3967 I Finsky  : [1098] fyd.d(14): com.wallapop: Account from preferred account - [VoWxNn8b5rEQ16LF0i3-s5KcEVYDMATZSI2v8NbSQx0]

11-03 23:09:50.604  2423  2433 I Finsky  : [990] fyd.d(3): com.wallapop: Account determined from installer data - [VoWxNn8b5rEQ16LF0i3-s5KcEVYDMATZSI2v8NbSQx0]

11-03 23:09:50.605  2423  2433 I Finsky  : [990] fyd.d(14): com.wallapop: Account from preferred account - [VoWxNn8b5rEQ16LF0i3-s5KcEVYDMATZSI2v8NbSQx0]

11-03 23:09:50.688  2423  2434 I Finsky  : [991] fyd.d(3): com.wallapop: Account determined from installer data - [VoWxNn8b5rEQ16LF0i3-s5KcEVYDMATZSI2v8NbSQx0]

11-03 23:09:50.689  2423  2434 I Finsky  : [991] fyd.d(14): com.wallapop: Account from preferred account - [VoWxNn8b5rEQ16LF0i3-s5KcEVYDMATZSI2v8NbSQx0]

11-03 23:09:50.725  3066  3085 I ActivityManager: Displayed com.wallapop/com.rewallapop.ui.wall.WallActivity: +2s937ms (total +9s430ms)

11-03 23:09:50.773  2423  3967 I Finsky  : [1098] fyd.d(3): com.wallapop: Account determined from installer data - [VoWxNn8b5rEQ16LF0i3-s5KcEVYDMATZSI2v8NbSQx0]

11-03 23:09:50.774  2423  3967 I Finsky  : [1098] fyd.d(14): com.wallapop: Account from preferred account - [VoWxNn8b5rEQ16LF0i3-s5KcEVYDMATZSI2v8NbSQx0]

11-03 23:09:51.214  2423  2597 I Finsky  : [1072] fyd.d(3): com.wallapop: Account determined from installer data - [VoWxNn8b5rEQ16LF0i3-s5KcEVYDMATZSI2v8NbSQx0]

11-03 23:09:51.215  2423  2597 I Finsky  : [1072] fyd.d(14): com.wallapop: Account from preferred account - [VoWxNn8b5rEQ16LF0i3-s5KcEVYDMATZSI2v8NbSQx0]

11-03 23:09:51.528  2423  2434 I Finsky  : [991] fyd.d(3): com.wallapop: Account determined from installer data - [VoWxNn8b5rEQ16LF0i3-s5KcEVYDMATZSI2v8NbSQx0]

11-03 23:09:51.528  2423  2434 I Finsky  : [991] fyd.d(14): com.wallapop: Account from preferred account - [VoWxNn8b5rEQ16LF0i3-s5KcEVYDMATZSI2v8NbSQx0]

11-03 23:09:51.547  2423  3967 I Finsky  : [1098] fyd.d(3): com.wallapop: Account determined from installer data - [VoWxNn8b5rEQ16LF0i3-s5KcEVYDMATZSI2v8NbSQx0]

11-03 23:09:51.547  2423  3967 I Finsky  : [1098] fyd.d(14): com.wallapop: Account from preferred account - [VoWxNn8b5rEQ16LF0i3-s5KcEVYDMATZSI2v8NbSQx0]

11-03 23:09:52.589  3066  3388 E HwCHRWebMonitor: running processNamecom.wallapop

11-03 23:09:52.590  3066  3388 E HwCHRWebMonitor: HwCHRWifiUIDWebSpeed [appName=com.wallapop UID=10196  WEBSENDSEGS=141  WEBRESENDSEGS=0  WEBRECVSEGS=127  WEBERRSEGS=0  WEBOUTRSTS=0  WEBESTABLISRST=0  WEBRTTDURATION=347  WEBRTTSEGS=51  WEBSNDDUPACKS=0  suckTimes=0 recovage_times=1]

11-03 23:09:53.033 12522 12522 W View    : requestLayout() improperly called by com.wallapop.design.view.WallapopTextView{7eab583 V.ED..... ......ID 36,20-36,61 #7f0a08f8 app:id/wp__home__tv_bubble} during layout: running second layout pass

11-03 23:09:57.615  3066  3388 E HwCHRWebMonitor: running processNamecom.wallapop

11-03 23:09:57.616  3066  3388 E HwCHRWebMonitor: HwCHRWifiUIDWebSpeed [appName=com.wallapop UID=10196  WEBSENDSEGS=451  WEBRESENDSEGS=0  WEBRECVSEGS=440  WEBERRSEGS=0  WEBOUTRSTS=0  WEBESTABLISRST=0  WEBRTTDURATION=460  WEBRTTSEGS=104  WEBSNDDUPACKS=0  suckTimes=0 recovage_times=2]

11-03 23:10:02.648  3066  3388 E HwCHRWebMonitor: running processNamecom.wallapop

11-03 23:10:02.649  3066  3388 E HwCHRWebMonitor: HwCHRWifiUIDWebSpeed [appName=com.wallapop UID=10196  WEBSENDSEGS=307  WEBRESENDSEGS=0  WEBRECVSEGS=318  WEBERRSEGS=0  WEBOUTRSTS=0  WEBESTABLISRST=0  WEBRTTDURATION=472  WEBRTTSEGS=110  WEBSNDDUPACKS=0  suckTimes=0 recovage_times=3]

11-03 23:10:07.686  3066  3388 E HwCHRWebMonitor: running processNamecom.wallapop

11-03 23:10:07.687  3066  3388 E HwCHRWebMonitor: HwCHRWifiUIDWebSpeed [appName=com.wallapop UID=10196  WEBSENDSEGS=76  WEBRESENDSEGS=0  WEBRECVSEGS=96  WEBERRSEGS=0  WEBOUTRSTS=0  WEBESTABLISRST=0  WEBRTTDURATION=294  WEBRTTSEGS=38  WEBSNDDUPACKS=0  suckTimes=0 recovage_times=4]

11-03 23:10:10.911 12522 12529 W REALM_JAVA: Remember to call close() on all Realm instances. Realm /data/data/com.wallapop/files/feature_flags is being finalized without being closed, this can lead to running out of native memory.

11-03 23:10:12.708  3066  3388 E HwCHRWebMonitor: running processNamecom.wallapop

11-03 23:10:12.708  3066  3388 E HwCHRWebMonitor: HwCHRWifiUIDWebSpeed [appName=com.wallapop UID=10196  WEBSENDSEGS=24  WEBRESENDSEGS=0  WEBRECVSEGS=17  WEBERRSEGS=0  WEBOUTRSTS=0  WEBESTABLISRST=0  WEBRTTDURATION=116  WEBRTTSEGS=8  WEBSNDDUPACKS=0  suckTimes=0 recovage_times=5]

11-03 23:10:47.926  3066  3388 E HwCHRWebMonitor: running processNamecom.wallapop

11-03 23:10:47.927  3066  3388 E HwCHRWebMonitor: HwCHRWifiUIDWebSpeed [appName=com.wallapop UID=10196  WEBSENDSEGS=33  WEBRESENDSEGS=0  WEBRECVSEGS=29  WEBERRSEGS=0  WEBOUTRSTS=0  WEBESTABLISRST=0  WEBRTTDURATION=73  WEBRTTSEGS=12  WEBSNDDUPACKS=0  suckTimes=0 recovage_times=0]

11-03 23:10:52.216 13508 13508 I appproc : Command=app_process /system/bin com.android.commands.am.Am force-stop com.wallapop

11-03 23:10:52.955  3066  3388 E HwCHRWebMonitor: HwCHRWifiUIDWebSpeed [appName=com.wallapop UID=10196  WEBSENDSEGS=2  WEBRESENDSEGS=0  WEBRECVSEGS=3  WEBERRSEGS=0  WEBOUTRSTS=0  WEBESTABLISRST=1  WEBRTTDURATION=0  WEBRTTSEGS=0  WEBSNDDUPACKS=0  suckTimes=0 recovage_times=1]

11-03 23:10:53.263 13531 13601 I FA      :   adb shell setprop debug.firebase.analytics.app com.wallapop

11-03 23:10:55.198 13531 13531 I art     : Rejecting re-init on previously-failed class java.lang.Class<com.wallapop.clickstream.JobIntentService$f>

11-03 23:10:55.199 13531 13531 I art     : Rejecting re-init on previously-failed class java.lang.Class<com.wallapop.clickstream.JobIntentService$f>

11-03 23:10:58.784 13531 13781 E linker  : warning: unable to get realpath for the library "/data/data/com.wallapop/app_optimized/audience_network.dex". Will use given name.

11-03 23:11:03.012  3066  3388 E HwCHRWebMonitor: HwCHRWifiUIDWebSpeed [appName=com.wallapop UID=10196  WEBSENDSEGS=69  WEBRESENDSEGS=0  WEBRECVSEGS=57  WEBERRSEGS=0  WEBOUTRSTS=0  WEBESTABLISRST=0  WEBRTTDURATION=86  WEBRTTSEGS=30  WEBSNDDUPACKS=0  suckTimes=0 recovage_times=0]

11-03 23:14:53.302 16546 18869 I HwSystemManager: SavingSettingUtil:the pkgname = com.wallapop is exist!

11-03 23:15:09.987  3066  3388 E HwCHRWebMonitor: HwCHRWifiUIDWebSpeed [appName=com.wallapop UID=10196  WEBSENDSEGS=6  WEBRESENDSEGS=0  WEBRECVSEGS=9  WEBERRSEGS=0  WEBOUTRSTS=0  WEBESTABLISRST=0  WEBRTTDURATION=9  WEBRTTSEGS=2  WEBSNDDUPACKS=0  suckTimes=0 recovage_times=0]

11-03 23:20:39.129 14522 14557 I appium  : AppiumResponse: {"sessionId":"1a4c6d66-2b47-409e-aaf8-6b7770d6a1cd","value":{"sessionId":"1a4c6d66-2b47-409e-aaf8-6b7770d6a1cd","capabilities":{"firstMatch":[{"platform":"LINUX","webStorageEnabled":false,"takesScreenshot":true,"javascriptEnabled":true,"databaseEnabled":false,"networkConnectionEnabled":true,"locationContextEnabled":false,"warnings":{},"desired":{"platformName":"android","normalizeTagNames":true,"androidInstallTimeout":150000,"app":"","appActivity":"com.rewallapop.ui.main.MainActivity","appPackage":"com.wallapop","isHeadless":false,"skipDeviceInitialization":true,"autoAcceptAlerts":true,"autoGrantPermissions":true,"automationName":"UiAutomator2","avd":"","deviceName":"W3D7N16219018904","deviceReadyTimeout":1,"fullReset":false,"ignoreUnimportantViews":true,"newCommandTimeout":60,"noReset":true,"systemPort":8223,"udid":"W3D7N16219018904"},"platformName":"android","normalizeTagNames":true,"androidInstallTimeout":150000,"app":"","appActivity":"com.rewallapop.ui.main.MainActivity","appPackage":"com.wallapop","isHeadless":false,"skipDeviceInitialization":true,"autoAcceptAlerts":true,"autoGrantPermissions":true,"automationName":"UiAutomator2","avd":"","deviceName":"W3D7N16219018904","deviceReadyTimeout":1,"fullReset":false,"ignoreUnimportantViews":true,"newCommandTimeout":60,"noReset":true,"systemPort":8223,"udid":"W3D7N16219018904","deviceUDID":"W3D7N16219018904"}],"alwaysMatch":{}}}}

11-03 23:20:42.511 14610 14610 I appproc : Command=app_process /system/bin com.android.commands.am.Am start -W -n com.wallapop/com.rewallapop.ui.main.MainActivity -S

11-03 23:20:43.076  3986  4530 W PGApi_client: recv actoionId = 10000, action = com.huawei.pgmng.PGAction@b1e6cd2 actionId =10000 pkg =com.wallapop extend1 =16550 extend2 = flag =3 type =1

11-03 23:20:43.076  3986  4530 W PGMiddleWare: in handleAction, invoke client = com.huawei.pgmng.middleware.AudioEffectLowPowerImpl@1eaa45e, action = com.huawei.pgmng.PGAction@b1e6cd2 actionId =10000 pkg =com.wallapop extend1 =16550 extend2 = flag =3 type =1

11-03 23:20:43.507 14619 14707 I FA      :   adb shell setprop debug.firebase.analytics.app com.wallapop

11-03 23:20:44.984 14619 14619 I art     : Rejecting re-init on previously-failed class java.lang.Class<com.wallapop.clickstream.JobIntentService$f>

11-03 23:20:44.984 14619 14619 I art     : Rejecting re-init on previously-failed class java.lang.Class<com.wallapop.clickstream.JobIntentService$f>

11-03 23:20:49.207 14619 14895 E linker  : warning: unable to get realpath for the library "/data/data/com.wallapop/app_optimized/audience_network.dex". Will use given name.

11-03 23:20:50.255 14619 14764 E linker  : warning: unable to get realpath for the library "/data/data/com.wallapop/cache/1570054248636.dex". Will use given name.

11-03 23:20:52.722  3066  3388 E HwCHRWebMonitor: running processNamecom.wallapop

11-03 23:20:52.724  3066  3388 E HwCHRWebMonitor: HwCHRWifiUIDWebSpeed [appName=com.wallapop UID=10196  WEBSENDSEGS=204  WEBRESENDSEGS=0  WEBRECVSEGS=165  WEBERRSEGS=0  WEBOUTRSTS=0  WEBESTABLISRST=0  WEBRTTDURATION=498  WEBRTTSEGS=71  WEBSNDDUPACKS=0  suckTimes=0 recovage_times=0]

11-03 23:20:53.087 14910 14922 I Finsky  : [1006] fyd.d(3): com.wallapop: Account determined from installer data - [VoWxNn8b5rEQ16LF0i3-s5KcEVYDMATZSI2v8NbSQx0]

11-03 23:20:53.088 14910 14922 I Finsky  : [1006] fyd.d(14): com.wallapop: Account from preferred account - [VoWxNn8b5rEQ16LF0i3-s5KcEVYDMATZSI2v8NbSQx0]

11-03 23:20:53.143 14910 14925 I Finsky  : [1007] fyd.d(3): com.wallapop: Account determined from installer data - [VoWxNn8b5rEQ16LF0i3-s5KcEVYDMATZSI2v8NbSQx0]

11-03 23:20:53.144 14910 14925 I Finsky  : [1007] fyd.d(14): com.wallapop: Account from preferred account - [VoWxNn8b5rEQ16LF0i3-s5KcEVYDMATZSI2v8NbSQx0]

11-03 23:20:53.421  3066  3085 I ActivityManager: Displayed com.wallapop/com.rewallapop.ui.wall.WallActivity: +4s110ms (total +10s433ms)

11-03 23:20:53.546 14910 14925 I Finsky  : [1007] fyd.d(3): com.wallapop: Account determined from installer data - [VoWxNn8b5rEQ16LF0i3-s5KcEVYDMATZSI2v8NbSQx0]

11-03 23:20:53.547 14910 14925 I Finsky  : [1007] fyd.d(14): com.wallapop: Account from preferred account - [VoWxNn8b5rEQ16LF0i3-s5KcEVYDMATZSI2v8NbSQx0]

11-03 23:20:53.614 14910 15105 I Finsky  : [1082] fyd.d(3): com.wallapop: Account determined from installer data - [VoWxNn8b5rEQ16LF0i3-s5KcEVYDMATZSI2v8NbSQx0]

11-03 23:20:53.615 14910 15105 I Finsky  : [1082] fyd.d(14): com.wallapop: Account from preferred account - [VoWxNn8b5rEQ16LF0i3-s5KcEVYDMATZSI2v8NbSQx0]

11-03 23:20:53.648 14910 15104 I Finsky  : [1081] fyd.d(3): com.wallapop: Account determined from installer data - [VoWxNn8b5rEQ16LF0i3-s5KcEVYDMATZSI2v8NbSQx0]

11-03 23:20:53.649 14910 15104 I Finsky  : [1081] fyd.d(14): com.wallapop: Account from preferred account - [VoWxNn8b5rEQ16LF0i3-s5KcEVYDMATZSI2v8NbSQx0]

11-03 23:20:53.679 14910 14925 I Finsky  : [1007] fyd.d(3): com.wallapop: Account determined from installer data - [VoWxNn8b5rEQ16LF0i3-s5KcEVYDMATZSI2v8NbSQx0]

11-03 23:20:53.679 14910 14925 I Finsky  : [1007] fyd.d(14): com.wallapop: Account from preferred account - [VoWxNn8b5rEQ16LF0i3-s5KcEVYDMATZSI2v8NbSQx0]

11-03 23:20:53.842 14910 14922 I Finsky  : [1006] fyd.d(3): com.wallapop: Account determined from installer data - [VoWxNn8b5rEQ16LF0i3-s5KcEVYDMATZSI2v8NbSQx0]

11-03 23:20:53.843 14910 14922 I Finsky  : [1006] fyd.d(14): com.wallapop: Account from preferred account - [VoWxNn8b5rEQ16LF0i3-s5KcEVYDMATZSI2v8NbSQx0]

11-03 23:20:54.326 14910 15105 I Finsky  : [1082] fyd.d(3): com.wallapop: Account determined from installer data - [VoWxNn8b5rEQ16LF0i3-s5KcEVYDMATZSI2v8NbSQx0]

11-03 23:20:54.326 14910 15105 I Finsky  : [1082] fyd.d(14): com.wallapop: Account from preferred account - [VoWxNn8b5rEQ16LF0i3-s5KcEVYDMATZSI2v8NbSQx0]

11-03 23:20:54.362 14910 15104 I Finsky  : [1081] fyd.d(3): com.wallapop: Account determined from installer data - [VoWxNn8b5rEQ16LF0i3-s5KcEVYDMATZSI2v8NbSQx0]

11-03 23:20:54.363 14910 15104 I Finsky  : [1081] fyd.d(14): com.wallapop: Account from preferred account - [VoWxNn8b5rEQ16LF0i3-s5KcEVYDMATZSI2v8NbSQx0]

11-03 23:20:56.536 14619 14619 W View    : requestLayout() improperly called by com.wallapop.design.view.WallapopTextView{74a500b V.ED..... ......ID 36,20-36,61 #7f0a08f8 app:id/wp__home__tv_bubble} during layout: running second layout pass

11-03 23:20:57.759  3066  3388 E HwCHRWebMonitor: running processNamecom.wallapop

11-03 23:20:57.761  3066  3388 E HwCHRWebMonitor: HwCHRWifiUIDWebSpeed [appName=com.wallapop UID=10196  WEBSENDSEGS=118  WEBRESENDSEGS=0  WEBRECVSEGS=103  WEBERRSEGS=0  WEBOUTRSTS=0  WEBESTABLISRST=0  WEBRTTDURATION=175  WEBRTTSEGS=34  WEBSNDDUPACKS=0  suckTimes=0 recovage_times=1]

11-03 23:21:02.783  3066  3388 E HwCHRWebMonitor: running processNamecom.wallapop

11-03 23:21:02.784  3066  3388 E HwCHRWebMonitor: HwCHRWifiUIDWebSpeed [appName=com.wallapop UID=10196  WEBSENDSEGS=289  WEBRESENDSEGS=0  WEBRECVSEGS=280  WEBERRSEGS=0  WEBOUTRSTS=0  WEBESTABLISRST=0  WEBRTTDURATION=353  WEBRTTSEGS=84  WEBSNDDUPACKS=0  suckTimes=0 recovage_times=2]


