Executed '[C740] Help: Access and sections' on 02-07-2019
---------------------------------------------------------------------------------
07-02 16:40:13.574   874   894 I ActivityManager: Force stopping com.wallapop appid=10267 user=0: from pid 11016

07-02 16:40:13.584   874   894 I ActivityManager: Killing 5798:com.wallapop/u0a267 (adj 2): stop com.wallapop cause from pid 11016

07-02 16:40:13.584   874   894 D ActivityManager: isAutoRunBlockedApp:: com.wallapop, Auto Run ON

07-02 16:40:13.584   874   894 I ActivityManager: isWidgetUsingPkg : com.wallapop no widget is using.

07-02 16:40:13.594   874   874 D MARsPolicyManager: NotificationListenerService OngoingNotificationRemoved : com.wallapop

07-02 16:40:13.594   874   894 I ActivityManager:   Force finishing activity ActivityRecord{3f4d62b u0 com.wallapop/com.rewallapop.ui.wall.WallActivity t848}

07-02 16:40:13.594   874   894 I ActivityManager:   Force finishing activity ActivityRecord{43c83b0 u0 com.wallapop/com.rewallapop.ui.searchwall.SearchWallActivity t848}

07-02 16:40:13.594   874   894 I ActivityManager:   Force finishing activity ActivityRecord{291dbc4 u0 com.wallapop/com.rewallapop.ui.item.ItemDetailActivity t848}

07-02 16:40:13.594   874   894 I ActivityManager:   Force finishing activity ActivityRecord{8184458 u0 com.wallapop/.activities.ChatActivity t848}

07-02 16:40:13.634   874   874 V AlarmManager: Remove alarm for next reason : android.intent.action.PACKAGE_RESTARTED : package: com.wallapop

07-02 16:40:13.674 10821 10821 I ClearDataReceiver: [#DCM#] Intent Data: package:com.wallapop

07-02 16:40:13.864   874  2732 V WindowManager: addAppToken: AppWindowToken{7b63539 token=Token{e66f900 ActivityRecord{2aae383 u0 com.wallapop/com.rewallapop.ui.main.MainActivity t852}}} to stack=1 task=852 at 0

07-02 16:40:13.884   874  4874 I ActivityManager: Start proc 11140:com.wallapop/u0a267 for activity com.wallapop/com.rewallapop.ui.main.MainActivity

07-02 16:40:13.894 11140 11140 W SELinux : SELinux: seapp_context_lookup: seinfo=default, level=s0:c512,c768, pkgname=com.wallapop

07-02 16:40:13.904   874  1132 D ISSUE_DEBUG: InputChannelName : fe2a4ad Starting com.wallapop

07-02 16:40:13.934   874  3012 D ActivityManager:  Launching com.wallapop, updated priority

07-02 16:40:13.964   874  1027 V MARsPolicyManager: updatePackagesScore PackageInfo name -- com.wallapop

07-02 16:40:13.974 11140 11140 W ResourcesManager: getTopLevelResources: /data/app/com.wallapop-1/base.apk / 1.0 running in com.wallapop rsrc of package null

07-02 16:40:13.984   874  1132 V WindowStateAnimator: Finishing drawing window Window{fe2a4ad u0 d0 Starting com.wallapop}: mDrawState=DRAW_PENDING

07-02 16:40:13.994   874  1028 D StatusBarManagerService: manageDisableList userId=0 what=0x0 pkg=Window{fe2a4ad u0 d0 Starting com.wallapop}

07-02 16:40:14.304 11140 11159 W ResourcesManager: getTopLevelResources: /data/app/com.wallapop-1/base.apk / 1.0 running in com.wallapop rsrc of package null

07-02 16:40:14.324 11140 11159 I FA      :   adb shell setprop debug.firebase.analytics.app com.wallapop

07-02 16:40:14.334   874   894 V AlarmManager:  remove PendingIntent] PendingIntent{f881deb: PendingIntentRecord{4d48748 com.wallapop broadcastIntent}}

07-02 16:40:14.354 11140 11169 W System.err: remove failed: ENOENT (No such file or directory) : /data/user/0/com.wallapop/files/AppEventsLogger.persistedevents

07-02 16:40:14.354 11140 11167 W ResourcesManager: getTopLevelResources: /data/app/com.google.android.gms-1/base.apk / 1.0 running in com.wallapop rsrc of package null

07-02 16:40:14.354 11140 11161 W ResourcesManager: getTopLevelResources: /data/app/com.google.android.gms-1/base.apk / 1.0 running in com.wallapop rsrc of package null

07-02 16:40:14.364 11140 11140 W ResourcesManager: getTopLevelResources: /data/app/com.wallapop-1/base.apk / 1.0 running in com.wallapop rsrc of package null

07-02 16:40:14.384 11140 11140 W ResourcesManager: getTopLevelResources: /data/app/com.wallapop-1/base.apk / 1.0 running in com.wallapop rsrc of package null

07-02 16:40:14.384 11140 11140 W ResourcesManager: getTopLevelResources: /data/app/com.wallapop-1/base.apk / 1.0 running in com.wallapop rsrc of package null

07-02 16:40:14.834   874   894 W BroadcastQueue: Skipping deliver [sec] BroadcastRecord{db75dec u-1 android.intent.action.SCREEN_ON qIdx=1}, state= (IDLE) to ReceiverList{a1cd191 5798 com.wallapop/10267/u0 remote:dff6fb8}: filter unregistered

07-02 16:40:14.844   874  1027 W BroadcastQueue: Skipping deliver [sec] BroadcastRecord{db75dec u-1 android.intent.action.SCREEN_ON qIdx=1}, state= (IDLE) to ReceiverList{3d347fb 5798 com.wallapop/10267/u0 remote:49758a}: filter unregistered

07-02 16:40:14.844   874  1027 W BroadcastQueue: Skipping deliver [sec] BroadcastRecord{db75dec u-1 android.intent.action.SCREEN_ON qIdx=1}, state= (IDLE) to ReceiverList{fa9be7c 5798 com.wallapop/10267/u0 remote:be7a16f}: filter unregistered

07-02 16:40:14.844   874  1027 W BroadcastQueue: Skipping deliver [sec] BroadcastRecord{db75dec u-1 android.intent.action.SCREEN_ON qIdx=1}, state= (IDLE) to ReceiverList{dbaf4e3 5798 com.wallapop/10267/u0 remote:811a512}: filter unregistered

07-02 16:40:14.844   874  1027 W BroadcastQueue: Skipping deliver [sec] BroadcastRecord{db75dec u-1 android.intent.action.SCREEN_ON qIdx=1}, state= (IDLE) to ReceiverList{ae1005e 5798 com.wallapop/10267/u0 remote:a811599}: filter unregistered

07-02 16:40:15.074 11140 11140 W System.err: mkdir failed: EEXIST (File exists) : /data/user/0/com.wallapop/cache/okhttp

07-02 16:40:16.264 11140 11226 I stetho  : Listening on @stetho_com.wallapop_devtools_remote

07-02 16:40:16.284 11140 11140 I art     : Rejecting re-init on previously-failed class java.lang.Class<com.wallapop.clickstream.JobIntentService$f>

07-02 16:40:16.284 11140 11140 I art     : Rejecting re-init on previously-failed class java.lang.Class<com.wallapop.clickstream.JobIntentService$f>

07-02 16:40:16.464 11140 11140 W ResourcesManager: getTopLevelResources: /data/app/com.google.android.gms-1/base.apk / 1.0 running in com.wallapop rsrc of package null

07-02 16:40:16.614 11140 11244 W System.err: remove failed: ENOENT (No such file or directory) : /data/user/0/com.wallapop/files/tfidf.db

07-02 16:40:16.634 11140 11244 W System.err: remove failed: ENOENT (No such file or directory) : /data/user/0/com.wallapop/databases/__hs__db_error_reports

07-02 16:40:16.634 11140 11244 W System.err: remove failed: ENOENT (No such file or directory) : /data/user/0/com.wallapop/databases/__hs__db_error_reports-journal

07-02 16:40:16.634 11140 11244 W System.err: remove failed: ENOENT (No such file or directory) : /data/user/0/com.wallapop/databases/__hs__db_error_reports-shm

07-02 16:40:16.634 11140 11244 W System.err: remove failed: ENOENT (No such file or directory) : /data/user/0/com.wallapop/databases/__hs__db_error_reports-wal

07-02 16:40:16.654 11140 11140 W ResourcesManager: getTopLevelResources: /data/app/com.google.android.gms-1/base.apk / 1.0 running in com.wallapop rsrc of package null

07-02 16:40:16.684 11140 11140 W ResourcesManager: getTopLevelResources: /data/data/com.google.android.gms/app_chimera/m/0000003f/dl-AdsFdrDynamite.integ_20300000008.apk / 1.0 running in com.wallapop rsrc of package null

07-02 16:40:16.704 11140 11140 W ResourcesManager: getTopLevelResources: /data/data/com.google.android.gms/app_chimera/m/0000003f/dl-AdsFdrDynamite.integ_20300000008.apk / 1.0 running in com.wallapop rsrc of package null

07-02 16:40:16.834 11140 11140 W ResourcesManager: getTopLevelResources: /data/app/com.google.android.webview-2/base.apk / 1.0 running in com.wallapop rsrc of package null

07-02 16:40:19.534 11140 11140 W ResourcesManager: getTopLevelResources: /data/app/com.wallapop-1/base.apk / 1.0 running in com.wallapop rsrc of package null

07-02 16:40:19.534   874  1721 V AlarmManager:  remove PendingIntent] PendingIntent{11658c2: PendingIntentRecord{d9b16d3 com.wallapop broadcastIntent}}

07-02 16:40:19.544 11140 11140 W ResourcesManager: getTopLevelResources: /data/app/com.wallapop-1/base.apk / 1.0 running in com.wallapop rsrc of package null

07-02 16:40:19.754   874  1714 V AlarmManager:  remove PendingIntent] PendingIntent{f64d2f: PendingIntentRecord{5bd5f3c com.wallapop broadcastIntent}}

07-02 16:40:19.774   874  1723 D LocationManagerService: request 5ca3e1a passive Request[POWER_NONE passive fastest=0 num=1] from com.wallapop(10267)

07-02 16:40:19.774   874  1723 I AppOps  : sendInfoToFLP, code=41 , uid=10267 , packageName=com.wallapop , type=startOp

07-02 16:40:19.854 11140 11140 W System.err: remove failed: ENOENT (No such file or directory) : /data/user/0/com.wallapop/cache/okhttp/journal.tmp

07-02 16:40:19.884 11140 11140 I Timeline: Timeline: Activity_launch_request id:com.wallapop time:44304700

07-02 16:40:19.894   874  1723 V WindowManager: addAppToken: AppWindowToken{725077d token=Token{b4859d4 ActivityRecord{cacb327 u0 com.wallapop/com.rewallapop.ui.wall.WallActivity t852}}} to stack=1 task=852 at 1

07-02 16:40:19.894   874  1028 D StatusBarManagerService: manageDisableList userId=0 what=0x0 pkg=Window{fe2a4ad u0 d0 Starting com.wallapop}

07-02 16:40:20.044   874  1027 D ApplicationPolicy: isStatusBarNotificationAllowedAsUser: packageName = com.wallapop,userId = 0

07-02 16:40:20.054   874   874 D MARsPolicyManager: NotificationListenerService OngoingNotificationPosted : com.wallapop

07-02 16:40:20.054  1391  1391 W ResourcesManager: getTopLevelResources: /data/app/com.wallapop-1/base.apk / 1.0 running in com.android.systemui rsrc of package null

07-02 16:40:20.054   874  1027 V MARsPolicyManager: updatePackagesScore PackageInfo name -- com.wallapop

07-02 16:40:20.074 11140 11140 W ResourcesManager: getTopLevelResources: /data/app/com.wallapop-1/base.apk / 1.0 running in com.wallapop rsrc of package null

07-02 16:40:20.084 11140 11140 W ResourcesManager: getTopLevelResources: /data/app/com.wallapop-1/base.apk / 1.0 running in com.wallapop rsrc of package null

07-02 16:40:20.084 11140 11312 W System.err: mkdir failed: EEXIST (File exists) : /data/user/0/com.wallapop/cache/WebView/Crash Reports

07-02 16:40:20.104  1391  1391 W ResourcesManager: getTopLevelResources: /data/app/com.wallapop-1/base.apk / 1.0 running in com.android.systemui rsrc of package null

07-02 16:40:20.114  1391  1391 W ResourcesManager: getTopLevelResources: /data/app/com.wallapop-1/base.apk / 1.0 running in com.android.systemui rsrc of package null

07-02 16:40:20.134  1391  1391 W ResourcesManager: getTopLevelResources: /data/app/com.wallapop-1/base.apk / 1.0 running in com.android.systemui rsrc of package null

07-02 16:40:20.174   874  1723 V AlarmManager:  remove PendingIntent] PendingIntent{3587be: PendingIntentRecord{5bd5f3c com.wallapop broadcastIntent}}

07-02 16:40:20.484 11140 11448 W System.err: remove failed: ENOENT (No such file or directory) : /data/user/0/com.wallapop/cache/okhttp/3e7f44355de6948a8cd1a4242b757b79.0

07-02 16:40:20.484 11140 11448 W System.err: remove failed: ENOENT (No such file or directory) : /data/user/0/com.wallapop/cache/okhttp/3e7f44355de6948a8cd1a4242b757b79.1

07-02 16:40:20.664 11140 11454 W ResourcesManager: getTopLevelResources: /data/app/com.google.android.gms-1/base.apk / 1.0 running in com.wallapop rsrc of package null

07-02 16:40:20.694 11140 11169 W System.err: remove failed: ENOENT (No such file or directory) : /data/user/0/com.wallapop/files/AppEventsLogger.persistedevents

07-02 16:40:20.754   874  1714 D ISSUE_DEBUG: InputChannelName : 9e0085d com.wallapop/com.rewallapop.ui.wall.WallActivity

07-02 16:40:20.914 16056 16067 I Finsky  : [4929] eth.b(2): com.wallapop: Account determined from installer data - [E7ZhE6RtwBr6ZrivWaTWep8klQM]

07-02 16:40:20.924 16056 16067 I Finsky  : [4929] eth.b(9): com.wallapop: Account from preferred account - [E7ZhE6RtwBr6ZrivWaTWep8klQM]

07-02 16:40:20.934 16056 16066 I Finsky  : [4928] eth.b(2): com.wallapop: Account determined from installer data - [E7ZhE6RtwBr6ZrivWaTWep8klQM]

07-02 16:40:20.934 16056 16066 I Finsky  : [4928] eth.b(9): com.wallapop: Account from preferred account - [E7ZhE6RtwBr6ZrivWaTWep8klQM]

07-02 16:40:20.984 11140 11454 D Amazon DTB Ads API: with json params:[{"adsdk":"aps-android-7.4.3","gdpr":{"e":"1","c":"BAAAAAAOa0ob7AcABBENBtAAAAAh6AAA"},"oo":"false","mraid":["1.0","2.0","3.0"],"ua":"Dalvik\/2.1.0 (Linux; U; Android 6.0.1; SM-G900F Build\/MMB29M)","geoloc":"41.4058878,2.1864864,17.667","idfa":"1e214c05-ac1e-4c82-ae75-fb207f9c9c8a","appId":"d2ba46e2d5ef4c9883051d9c8d0125d5","ad-id":"A-6j1GeULkCtsqbiEmqTO1M","slots":[{"sz":"320x50","slot":"f414d83c-ab9f-4e02-9c59-5137663ee6c7","slotId":1,"supportedMediaTypes":["DISPLAY"]}],"dinfo":{"os":"Android","model":"SM-G900F","make":"samsung","osVersion":"6.0.1","connectionType":"13","country":"ES","scalingFactor":"3.0","carrier":"JAZZTEL","language":"es","screenSize":"1080x1920","orientation":"portrait"},"pkg":{"lbl":"_Wallapop_","pn":"com.wallapop","v":"1770000","vn":"1.77.0-d1907021319"},"isDTBMobile":"true"}]

07-02 16:40:21.064   874  1028 D StatusBarManagerService: manageDisableList userId=0 what=0x0 pkg=Window{9e0085d u0 d0 com.wallapop/com.rewallapop.ui.wall.WallActivity}

07-02 16:40:21.274 16056 16226 I Finsky  : [4986] eth.b(2): com.wallapop: Account determined from installer data - [E7ZhE6RtwBr6ZrivWaTWep8klQM]

07-02 16:40:21.274 16056 16226 I Finsky  : [4986] eth.b(9): com.wallapop: Account from preferred account - [E7ZhE6RtwBr6ZrivWaTWep8klQM]

07-02 16:40:21.324 16056  9767 I Finsky  : [5096] eth.b(2): com.wallapop: Account determined from installer data - [E7ZhE6RtwBr6ZrivWaTWep8klQM]

07-02 16:40:21.324 16056  9767 I Finsky  : [5096] eth.b(9): com.wallapop: Account from preferred account - [E7ZhE6RtwBr6ZrivWaTWep8klQM]

07-02 16:40:21.374 16056 16225 I Finsky  : [4985] eth.b(2): com.wallapop: Account determined from installer data - [E7ZhE6RtwBr6ZrivWaTWep8klQM]

07-02 16:40:21.374 16056 16225 I Finsky  : [4985] eth.b(9): com.wallapop: Account from preferred account - [E7ZhE6RtwBr6ZrivWaTWep8klQM]

07-02 16:40:21.414   874  1422 V WindowStateAnimator: Finishing drawing window Window{9e0085d u0 d0 com.wallapop/com.rewallapop.ui.wall.WallActivity}: mDrawState=DRAW_PENDING

07-02 16:40:21.414 16056 16067 I Finsky  : [4929] eth.b(2): com.wallapop: Account determined from installer data - [E7ZhE6RtwBr6ZrivWaTWep8klQM]

07-02 16:40:21.414 16056 16067 I Finsky  : [4929] eth.b(9): com.wallapop: Account from preferred account - [E7ZhE6RtwBr6ZrivWaTWep8klQM]

07-02 16:40:21.424   874  1132 I ActivityManager: Displayed com.wallapop/com.rewallapop.ui.wall.WallActivity: +1s373ms (total +7s551ms)

07-02 16:40:21.424   874  1132 I Timeline: Timeline: Activity_windows_visible id: ActivityRecord{cacb327 u0 com.wallapop/com.rewallapop.ui.wall.WallActivity t852} time:44306246

07-02 16:40:21.514   874  1722 V WindowStateAnimator: Finishing drawing window Window{9e0085d u0 d0 com.wallapop/com.rewallapop.ui.wall.WallActivity}: mDrawState=HAS_DRAWN

07-02 16:40:21.544 16056 16066 I Finsky  : [4928] eth.b(2): com.wallapop: Account determined from installer data - [E7ZhE6RtwBr6ZrivWaTWep8klQM]

07-02 16:40:21.544 16056 16066 I Finsky  : [4928] eth.b(9): com.wallapop: Account from preferred account - [E7ZhE6RtwBr6ZrivWaTWep8klQM]

07-02 16:40:21.554   874  5340 I AppOps  : sendInfoToFLP, code=41 , uid=10267 , packageName=com.wallapop , type=startOp

07-02 16:40:21.564 11140 11140 W ResourcesManager: getTopLevelResources: /data/app/com.google.android.gms-1/base.apk / 1.0 running in com.wallapop rsrc of package null

07-02 16:40:21.704 11140 11506 W ResourcesManager: getTopLevelResources: /data/data/com.google.android.gms/app_chimera/m/0000003f/dl-AdsFdrDynamite.integ_20300000008.apk / 1.0 running in com.wallapop rsrc of package null

07-02 16:40:21.784 16056 16226 I Finsky  : [4986] eth.b(2): com.wallapop: Account determined from installer data - [E7ZhE6RtwBr6ZrivWaTWep8klQM]

07-02 16:40:21.784 16056 16226 I Finsky  : [4986] eth.b(9): com.wallapop: Account from preferred account - [E7ZhE6RtwBr6ZrivWaTWep8klQM]

07-02 16:40:21.804 16056  9767 I Finsky  : [5096] eth.b(2): com.wallapop: Account determined from installer data - [E7ZhE6RtwBr6ZrivWaTWep8klQM]

07-02 16:40:21.804 16056  9767 I Finsky  : [5096] eth.b(9): com.wallapop: Account from preferred account - [E7ZhE6RtwBr6ZrivWaTWep8klQM]

07-02 16:40:22.844 11140 11140 W View    : requestLayout() improperly called by com.wallapop.design.view.WallapopTextView{20d317d V.ED..... ......ID 54,30-54,92 #7f0a08d2 app:id/wp__home__tv_bubble} during layout: running second layout pass

07-02 16:40:23.824 11140 11169 W System.err: remove failed: ENOENT (No such file or directory) : /data/user/0/com.wallapop/files/AppEventsLogger.persistedevents

07-02 16:40:24.864 11140 11637 W ResourcesManager: getTopLevelResources: /data/app/com.google.android.gms-1/base.apk / 1.0 running in com.wallapop rsrc of package null

07-02 16:40:24.974 11140 11642 W ResourcesManager: getTopLevelResources: /data/app/com.google.android.gms-1/base.apk / 1.0 running in com.wallapop rsrc of package null


