11-10 10:44:25.614  4211  4310 I WindowManager: Destroying surface Surface(name=Splash Screen com.wallapop)/@0x70df1f3 called by com.android.server.wm.WindowStateAnimator.destroySurface:1901 com.android.server.wm.WindowStateAnimator.destroySurfaceLocked:838 com.android.server.wm.WindowState.destroySurfaceUnchecked:3839 com.android.server.wm.WindowState.destroySurface:3820 com.android.server.wm.AppWindowToken.destroySurfaces:870 com.android.server.wm.AppWindowToken.destroySurfaces:851 com.android.server.wm.WindowState.onExitAnimationDone:5436 com.android.server.wm.WindowStateAnimator.onAnimationFinished:319

11-10 10:44:25.615  3727  3964 I SurfaceFlinger: id=23693 Removed Splash Screen com.wallapop#0 (0/55)

11-10 10:44:25.625  3727  3771 W SurfaceFlinger: Attempting to set client state on removed layer: Splash Screen com.wallapop#0 [s.what : 40]

11-10 10:44:25.625  3727  3771 D Layer   : [96924f1 Splash Screen com.wallapop#0]::reparent oldParent:[Surface(name=96924f1 Splash Screen com.wallapop)/@0x4f23c4 - animation-leash#0], newParent:[AppWindowToken{229aed7 token=Token{5c7fe56 ActivityRecord{afdf071 u0 com.wallapop/com.rewallapop.ui.wall.WallActivity t2124}}}#0]

11-10 10:44:25.625  3727  3771 W SurfaceFlinger: Attempting to destroy on removed layer: Splash Screen com.wallapop#0

11-10 10:44:25.625  3727  3771 I SurfaceFlinger: id=23700 Removed Surface(name=96924f1 Splash Screen com.wallapop)/@0x4f23c4 - animation-leash#0 (2/54)

11-10 10:44:25.625  3727  3771 I SurfaceFlinger: id=23692 Removed 96924f1 Splash Screen com.wallapop#0 (1/53)

11-10 10:44:25.627  3727  3727 I Layer   : id=23692 onRemoved 96924f1 Splash Screen com.wallapop#0

11-10 10:44:25.628  3727  3727 I Layer   : id=23700 onRemoved Surface(name=96924f1 Splash Screen com.wallapop)/@0x4f23c4 - animation-leash#0

11-10 10:44:25.628  3727  3727 I Layer   : id=23693 onRemoved Splash Screen com.wallapop#0

11-10 10:44:25.634  3727  3727 I SurfaceFlinger:      Device | 0x70dda1f9c0 | 0002 | RGBA_8888 |   0.0    0.0 1080.0 2220.0 |    0    0 1080 2220 | com.wallapop/com.rewallapop.ui.wall.WallActivity[13514]#0

11-10 10:44:25.765  3562  5667 I Finsky  : [8330] fxs.d(3): com.wallapop: Account determined from installer data - [rJj4Md76H4LxoN-B4dnoZM7XaXDDBcXGlC-caOCi6Uc]

11-10 10:44:25.765  3562  5667 I Finsky  : [8330] fxs.d(14): com.wallapop: Account from preferred account - [rJj4Md76H4LxoN-B4dnoZM7XaXDDBcXGlC-caOCi6Uc]

11-10 10:44:25.784  3562  3587 I Finsky  : [8252] fxs.d(3): com.wallapop: Account determined from installer data - [rJj4Md76H4LxoN-B4dnoZM7XaXDDBcXGlC-caOCi6Uc]

11-10 10:44:25.785  3562  3587 I Finsky  : [8252] fxs.d(14): com.wallapop: Account from preferred account - [rJj4Md76H4LxoN-B4dnoZM7XaXDDBcXGlC-caOCi6Uc]

11-10 10:44:25.844 13514 13514 V InputMethodManager: Starting input: tba=com.wallapop ic=null mNaviBarColor -1 mIsGetNaviBarColorSuccess true , NavVisible : true , NavTrans : false

11-10 10:44:25.901  4622  4682 E RequestManager_FLP: [FusedLocationApi] Location request a5379ec(Listener) PRIORITY_BALANCED_POWER_ACCURACY interval=300000 from com.wallapop

11-10 10:44:25.964  4211  6751 I WindowManager: Cancelling animation restarting=false, leash=null, surface=Surface(name=AppWindowToken{f78ac14 token=Token{f7de667 ActivityRecord{e131a26 u0 com.wallapop/com.rewallapop.ui.main.MainActivity t2124}}})/@0x503c474, parent=Surface(name=Task=2124)/@0xe2e2d9d

11-10 10:44:25.969  4211  4228 D CodecSolution: isMaxAspectPackageEx: com.wallapop : true(2)

11-10 10:44:25.980  3727  3771 I SurfaceFlinger: id=23691 Removed AppWindowToken{f78ac14 token=Token{f7de667 ActivityRecord{e131a26 u0 com.wallapop/com.rewallapop.ui.main.MainActivity t2124}}}#0 (0/52)

11-10 10:44:25.995  3727  3727 I Layer   : id=23691 onRemoved AppWindowToken{f78ac14 token=Token{f7de667 ActivityRecord{e131a26 u0 com.wallapop/com.rewallapop.ui.main.MainActivity t2124}}}#0

11-10 10:44:26.108  4211  4669 D MdnieScenarioControlService:  packageName : com.wallapop    className : com.rewallapop.ui.wall.WallActivity

11-10 10:44:26.481 13514 13514 W com.wallapop: Accessing hidden field Landroid/view/View;->mAccessibilityDelegate:Landroid/view/View$AccessibilityDelegate; (light greylist, reflection)

11-10 10:44:27.299 13514 13514 W View    : requestLayout() improperly called by com.wallapop.design.view.WallapopTextView{8d1fa34 V.ED..... ......ID 47,26-47,86 #7f0a0904 app:id/wp__home__tv_bubble} during layout: running second layout pass

11-10 10:44:27.622  4211  4390 D WifiTrafficPoller: TrafficStats TxPkts=769858 RxPkts=1365850 TxBytes=175598882 RxBytes=1291605195 , Foreground uid=10311 pkgName=com.wallapop TxPackets=66304 RxPackets=74680 TxBytes=10379464 RxBytes=72738459

11-10 10:44:28.009 13514 13526 I com.wallapop: Background concurrent copying GC freed 271627(18MB) AllocSpace objects, 111(12MB) LOS objects, 50% free, 20MB/40MB, paused 1.288ms total 284.123ms

11-10 10:44:29.127  4211  5518 D WifiPermissionsUtil: canAccessScanResults: pkgName = com.wallapop, uid = 10311

11-10 10:44:29.679 13514 13802 D Amazon DTB Ads API: with query params:[?dt=android&app=app&dinfo=%7B%22os%22%3A%22Android%22%2C%22model%22%3A%22SM-A750FN%22%2C%22make%22%3A%22samsung%22%2C%22osVersion%22%3A%229%22%2C%22connectionType%22%3A%22Wifi%22%2C%22country%22%3A%22ES%22%2C%22scalingFactor%22%3A%222.625%22%2C%22carrier%22%3A%22JAZZTEL%22%2C%22language%22%3A%22es%22%2C%22screenSize%22%3A%221080x2094%22%2C%22orientation%22%3A%22portrait%22%7D&oo=0&aud=3p&idfa=bf505ce3-e614-4d9a-a4d7-9c324edc6560&appId=d2ba46e2d5ef4c9883051d9c8d0125d5&sdkVer=aps-android-7.4.3&ua=Dalvik%2F2.1.0%20%28Linux%3B%20U%3B%20Android%209%3B%20SM-A750FN%20Build%2FPPR1.180610.011%29&pkg=%7B%22lbl%22%3A%22_Wallapop_%22%2C%22pn%22%3A%22com.wallapop%22%2C%22v%22%3A%221850000%22%2C%22vn%22%3A%221.85.0-d1910251130%22%7D]

11-10 10:44:30.131 13514 13802 D Amazon DTB Ads API: Error while connecting to remote server: https://s.amazon-adsystem.com/api3/generate_did?dt=android&app=app&dinfo=%7B%22os%22%3A%22Android%22%2C%22model%22%3A%22SM-A750FN%22%2C%22make%22%3A%22samsung%22%2C%22osVersion%22%3A%229%22%2C%22connectionType%22%3A%22Wifi%22%2C%22country%22%3A%22ES%22%2C%22scalingFactor%22%3A%222.625%22%2C%22carrier%22%3A%22JAZZTEL%22%2C%22language%22%3A%22es%22%2C%22screenSize%22%3A%221080x2094%22%2C%22orientation%22%3A%22portrait%22%7D&oo=0&aud=3p&idfa=bf505ce3-e614-4d9a-a4d7-9c324edc6560&appId=d2ba46e2d5ef4c9883051d9c8d0125d5&sdkVer=aps-android-7.4.3&ua=Dalvik%2F2.1.0%20%28Linux%3B%20U%3B%20Android%209%3B%20SM-A750FN%20Build%2FPPR1.180610.011%29&pkg=%7B%22lbl%22%3A%22_Wallapop_%22%2C%22pn%22%3A%22com.wallapop%22%2C%22v%22%3A%221850000%22%2C%22vn%22%3A%221.85.0-d1910251130%22%7D with error:Chain validation failed

11-10 10:44:30.133 13514 13802 E Amazon DTB Ads API: 	at com.wallapop.thirdparty.ads.b.a.a(SourceFile:43)

11-10 10:44:30.133 13514 13802 E Amazon DTB Ads API: 	at com.wallapop.thirdparty.ads.b.a$b$1.invokeSuspend(SourceFile:34)

11-10 10:44:30.133 13514 13802 E Amazon DTB Ads API: 	at com.wallapop.thirdparty.ads.b.a$b$1.invoke(Unknown Source:10)

11-10 10:44:30.133 13514 13802 E Amazon DTB Ads API: 	at com.wallapop.thirdparty.ads.b.a$b.invokeSuspend(SourceFile:33)

11-10 10:44:30.206 13514 14051 D Amazon DTB Ads API: with query params:[?dt=android&app=app&dinfo=%7B%22os%22%3A%22Android%22%2C%22model%22%3A%22SM-A750FN%22%2C%22make%22%3A%22samsung%22%2C%22osVersion%22%3A%229%22%2C%22connectionType%22%3A%22Wifi%22%2C%22country%22%3A%22ES%22%2C%22scalingFactor%22%3A%222.625%22%2C%22carrier%22%3A%22JAZZTEL%22%2C%22language%22%3A%22es%22%2C%22screenSize%22%3A%221080x2094%22%2C%22orientation%22%3A%22portrait%22%7D&oo=0&aud=3p&idfa=bf505ce3-e614-4d9a-a4d7-9c324edc6560&appId=d2ba46e2d5ef4c9883051d9c8d0125d5&sdkVer=aps-android-7.4.3&ua=Dalvik%2F2.1.0%20%28Linux%3B%20U%3B%20Android%209%3B%20SM-A750FN%20Build%2FPPR1.180610.011%29&pkg=%7B%22lbl%22%3A%22_Wallapop_%22%2C%22pn%22%3A%22com.wallapop%22%2C%22v%22%3A%221850000%22%2C%22vn%22%3A%221.85.0-d1910251130%22%7D]

11-10 10:44:30.602 13514 13526 I com.wallapop: Background concurrent copying GC freed 286062(13MB) AllocSpace objects, 130(6MB) LOS objects, 50% free, 23MB/47MB, paused 2.375ms total 243.518ms

11-10 10:44:30.694 13514 14051 D Amazon DTB Ads API: Error while connecting to remote server: https://s.amazon-adsystem.com/api3/generate_did?dt=android&app=app&dinfo=%7B%22os%22%3A%22Android%22%2C%22model%22%3A%22SM-A750FN%22%2C%22make%22%3A%22samsung%22%2C%22osVersion%22%3A%229%22%2C%22connectionType%22%3A%22Wifi%22%2C%22country%22%3A%22ES%22%2C%22scalingFactor%22%3A%222.625%22%2C%22carrier%22%3A%22JAZZTEL%22%2C%22language%22%3A%22es%22%2C%22screenSize%22%3A%221080x2094%22%2C%22orientation%22%3A%22portrait%22%7D&oo=0&aud=3p&idfa=bf505ce3-e614-4d9a-a4d7-9c324edc6560&appId=d2ba46e2d5ef4c9883051d9c8d0125d5&sdkVer=aps-android-7.4.3&ua=Dalvik%2F2.1.0%20%28Linux%3B%20U%3B%20Android%209%3B%20SM-A750FN%20Build%2FPPR1.180610.011%29&pkg=%7B%22lbl%22%3A%22_Wallapop_%22%2C%22pn%22%3A%22com.wallapop%22%2C%22v%22%3A%221850000%22%2C%22vn%22%3A%221.85.0-d1910251130%22%7D with error:Chain validation failed

11-10 10:44:30.777 13514 14051 D Amazon DTB Ads API: with json params:[{"oo":"false","dinfo":{"os":"Android","model":"SM-A750FN","make":"samsung","osVersion":"9","connectionType":"Wifi","country":"ES","scalingFactor":"2.625","carrier":"JAZZTEL","language":"es","screenSize":"1080x2094","orientation":"portrait"},"adsdk":"aps-android-7.4.3","slots":[{"sz":"320x50","slot":"f414d83c-ab9f-4e02-9c59-5137663ee6c7","slotId":1,"supportedMediaTypes":["DISPLAY"]}],"mraid":["1.0","2.0","3.0"],"appId":"d2ba46e2d5ef4c9883051d9c8d0125d5","idfa":"bf505ce3-e614-4d9a-a4d7-9c324edc6560","geoloc":"41.4058221,2.1864421,18.994","isDTBMobile":"true","ua":"Dalvik\/2.1.0 (Linux; U; Android 9; SM-A750FN Build\/PPR1.180610.011)","pkg":{"lbl":"_Wallapop_","pn":"com.wallapop","v":"1850000","vn":"1.85.0-d1910251130"},"gdpr":{"e":"1","c":"BOR0xKKOR0xKKABABAENBZ-AAAAfZ7_______9______9uz_Gv_v_f__33e8__9v_l_7_-___u_-33d4-_1vX99yfm1-7ftr3tp_86ues2vHqK9ZoA"}}]

11-10 10:44:31.006 13514 13514 W com.wallapop: Accessing hidden method Landroid/media/AudioTrack;->getLatency()I (light greylist, reflection)

11-10 10:44:31.598  4211  4475 I CodecSolution: pid(13514) pkg(com.wallapop)

11-10 10:44:31.612  4211  5514 D CodecSolution: topName : com.wallapop

11-10 10:44:31.612  4211  5514 I CodecSolution: Top : com.wallapop

11-10 10:44:31.612  4211  5514 D SCPMHelper: getPackageInfo(com.wallapop)

11-10 10:44:31.632  4211  4475 I CodecSolution: pid(13514) pkg(com.wallapop)

11-10 10:44:31.647  4211  5514 D CodecSolution: topName : com.wallapop

11-10 10:44:31.647  4211  5514 I CodecSolution: Top : com.wallapop

11-10 10:44:31.647  4211  5514 D SCPMHelper: getPackageInfo(com.wallapop)

11-10 10:44:31.737  4211  4390 D WifiTrafficPoller: TrafficStats TxPkts=770285 RxPkts=1366335 TxBytes=175696738 RxBytes=1291882853 , Foreground uid=10311 pkgName=com.wallapop TxPackets=66678 RxPackets=75039 TxBytes=10448761 RxBytes=72954459

11-10 10:44:32.267  4211  4475 I CodecSolution: pid(13514) pkg(com.wallapop)

11-10 10:44:32.276  4211  5662 D CodecSolution: topName : com.wallapop

11-10 10:44:32.276  4211  5662 I CodecSolution: Top : com.wallapop

11-10 10:44:32.276  4211  5662 D SCPMHelper: getPackageInfo(com.wallapop)

11-10 10:44:33.217 13514 14104 I chatty  : uid=10311(com.wallapop) CodecLooper identical 1 line

11-10 10:44:35.653 13514 13526 I com.wallapop: Background concurrent copying GC freed 260661(13MB) AllocSpace objects, 162(7MB) LOS objects, 47% free, 27MB/51MB, paused 778us total 168.801ms

11-10 10:44:35.792  4211  4390 D WifiTrafficPoller: TrafficStats TxPkts=770395 RxPkts=1366523 TxBytes=175733780 RxBytes=1291950921 , Foreground uid=10311 pkgName=com.wallapop TxPackets=66769 RxPackets=75149 TxBytes=10480162 RxBytes=72991685


