Executed '[C58894] Chat: Active conversations - Conversations information' on 31-10-2019
---------------------------------------------------------------------------------
11-10 10:39:18.918 12837 12837 W com.wallapop: Accessing hidden method Landroid/view/textclassifier/logging/SmartSelectionEventTracker;-><init>(Landroid/content/Context;I)V (light greylist, reflection)

11-10 10:39:18.919 12837 12837 W com.wallapop: Accessing hidden method Landroid/view/textclassifier/logging/SmartSelectionEventTracker;->logEvent(Landroid/view/textclassifier/logging/SmartSelectionEventTracker$SelectionEvent;)V (light greylist, reflection)

11-10 10:39:18.919 12837 12837 W com.wallapop: Accessing hidden method Landroid/view/textclassifier/logging/SmartSelectionEventTracker$SelectionEvent;->selectionStarted(I)Landroid/view/textclassifier/logging/SmartSelectionEventTracker$SelectionEvent; (light greylist, reflection)

11-10 10:39:18.919 12837 12837 W com.wallapop: Accessing hidden method Landroid/view/textclassifier/logging/SmartSelectionEventTracker$SelectionEvent;->selectionModified(II)Landroid/view/textclassifier/logging/SmartSelectionEventTracker$SelectionEvent; (light greylist, reflection)

11-10 10:39:18.919 12837 12837 W com.wallapop: Accessing hidden method Landroid/view/textclassifier/logging/SmartSelectionEventTracker$SelectionEvent;->selectionModified(IILandroid/view/textclassifier/TextClassification;)Landroid/view/textclassifier/logging/SmartSelectionEventTracker$SelectionEvent; (light greylist, reflection)

11-10 10:39:18.919 12837 12837 W com.wallapop: Accessing hidden method Landroid/view/textclassifier/logging/SmartSelectionEventTracker$SelectionEvent;->selectionModified(IILandroid/view/textclassifier/TextSelection;)Landroid/view/textclassifier/logging/SmartSelectionEventTracker$SelectionEvent; (light greylist, reflection)

11-10 10:39:18.919 12837 12837 W com.wallapop: Accessing hidden method Landroid/view/textclassifier/logging/SmartSelectionEventTracker$SelectionEvent;->selectionAction(III)Landroid/view/textclassifier/logging/SmartSelectionEventTracker$SelectionEvent; (light greylist, reflection)

11-10 10:39:18.920 12837 12837 W com.wallapop: Accessing hidden method Landroid/view/textclassifier/logging/SmartSelectionEventTracker$SelectionEvent;->selectionAction(IIILandroid/view/textclassifier/TextClassification;)Landroid/view/textclassifier/logging/SmartSelectionEventTracker$SelectionEvent; (light greylist, reflection)

11-10 10:39:18.983 12837 12972 W com.wallapop: Accessing hidden method Landroid/media/AudioManager;->getOutputLatency(I)I (light greylist, reflection)

11-10 10:39:19.069 12837 12837 W com.wallapop: Accessing hidden method Landroid/app/ActivityThread;->currentPackageName()Ljava/lang/String; (light greylist, reflection)

11-10 10:39:19.584 12837 13030 W com.wallapop: Accessing hidden method Lcom/android/org/conscrypt/OpenSSLSocketImpl;->setAlpnProtocols([B)V (light greylist, reflection)

11-10 10:39:19.957 12837 13030 W com.wallapop: Accessing hidden method Lcom/android/org/conscrypt/OpenSSLSocketImpl;->getAlpnSelectedProtocol()[B (light greylist, reflection)

11-10 10:39:21.518  4211  4221 D SamsungAlarmManager: Cancel Alarm calling from uid:10311 pid :12837 / op:PendingIntent{70db517: PendingIntentRecord{4cd4d04 com.wallapop broadcastIntent}}

11-10 10:39:22.291 12837 12925 W com.wallapop: Accessing hidden method Ldalvik/system/VMRuntime;->getRuntime()Ldalvik/system/VMRuntime; (light greylist, reflection)

11-10 10:39:22.291 12837 12925 W com.wallapop: Accessing hidden method Ldalvik/system/VMRuntime;->vmInstructionSet()Ljava/lang/String; (light greylist, reflection)

11-10 10:39:22.550 12837 13066 I com.wallapop: The ClassLoaderContext is a special shared library.

11-10 10:39:22.558 12837 13066 I com.wallapop: Waiting for a blocking GC ClassLinker

11-10 10:39:23.215 12837 13066 I com.wallapop: WaitForGcToComplete blocked ClassLinker on HeapTrim for 656.135ms

11-10 10:44:12.556 13446 13500 I appium  : AppiumResponse: {"sessionId":"4d41ff8e-ba43-4e02-b305-5016b960f51b","value":{"sessionId":"4d41ff8e-ba43-4e02-b305-5016b960f51b","capabilities":{"firstMatch":[{"platform":"LINUX","webStorageEnabled":false,"takesScreenshot":true,"javascriptEnabled":true,"databaseEnabled":false,"networkConnectionEnabled":true,"locationContextEnabled":false,"warnings":{},"desired":{"platformName":"android","normalizeTagNames":true,"androidInstallTimeout":150000,"app":"","appActivity":"com.rewallapop.ui.main.MainActivity","appPackage":"com.wallapop","isHeadless":false,"skipDeviceInitialization":true,"autoAcceptAlerts":true,"autoGrantPermissions":true,"automationName":"UiAutomator2","avd":"","deviceName":"3200f02dc0aab5db","deviceReadyTimeout":1,"fullReset":false,"ignoreUnimportantViews":true,"newCommandTimeout":60,"noReset":true,"systemPort":8223,"udid":"3200f02dc0aab5db"},"platformName":"android","normalizeTagNames":true,"androidInstallTimeout":150000,"app":"","appActivity":"com.rewallapop.ui.main.MainActivity","appPackage":"com.wallapop","isHeadless":false,"skipDeviceInitialization":true,"autoAcceptAlerts":true,"autoGrantPermissions":true,"automationName":"UiAutomator2","avd":"","deviceName":"3200f02dc0aab5db","deviceReadyTimeout":1,"fullReset":false,"ignoreUnimportantViews":true,"newCommandTimeout":60,"noReset":true,"systemPort":8223,"udid":"3200f02dc0aab5db","deviceUDID":"3200f02dc0aab5db"}],"alwaysMatch":{}}}}

11-10 10:44:13.142  4211  6257 I ActivityManager: Force stopping com.wallapop appid=10311 user=0: from pid 13507 caller com.android.server.am.ActivityManagerShellCommand.runStartActivity:412

11-10 10:44:13.143  4211  6257 I ActivityManager: Killing 12837:com.wallapop/u0a311 (adj 900): stop com.wallapop,from pid 13507 caller com.android.server.am.ActivityManagerShellCommand.runStartActivity:412

11-10 10:44:13.162  4211  4211 D SamsungAlarmManager: Remove alarm for next reason : android.intent.action.PACKAGE_RESTARTED : package: com.wallapop

11-10 10:44:13.170  4211  4227 W BroadcastQueue: Background execution not allowed: receiving Intent { act=android.intent.action.PACKAGE_RESTARTED dat=package:com.wallapop flg=0x10 (has extras) } to android/com.kddi.android.CpaNotiReceiver

11-10 10:44:13.419  4211  6257 I ActivityManager: START u0 {act=null typ=null flg=0x10000000 cmp=ComponentInfo{com.wallapop/com.rewallapop.ui.main.MainActivity}} from uid 2000

11-10 10:44:13.429  4211  6257 I ActivityManager: [IOP] sourceDir : /data/app/com.wallapop-YuY1orTsl_VIwwe6m0TquQ== in ActivityStacksupervisor

11-10 10:44:13.443  3727  3727 I SurfaceFlinger: id=23691 createSurf (4440x4440),2 flag=4, AppWindowToken{f78ac14 token=Token{f7de667 ActivityRecord{e131a26 u0 com.wallapop/com.rewallapop.ui.main.MainActivity t2124}}}#0

11-10 10:44:13.455  3727  3727 I SurfaceFlinger: id=23692 createSurf (4440x4440),2 flag=4, 96924f1 Splash Screen com.wallapop#0

11-10 10:44:13.459  4211  6754 D StorageManagerService: getExternalStorageMountMode : final mountMode=1, uid : 10311, packageName : com.wallapop

11-10 10:44:13.459  4211  6754 I ApplicationPolicy: isApplicationExternalStorageWhitelisted:com.wallapop user:0

11-10 10:44:13.459  4211  6754 D ActivityManager: package  com.wallapop, user - 0 is SDcard whitelisted

11-10 10:44:13.459  4211  6754 I ApplicationPolicy: isApplicationExternalStorageBlacklisted:com.wallapop user:0

11-10 10:44:13.459  4211  6754 I ApplicationPolicy: isApplicationExternalStorageBlacklisted:com.wallapop user:0

11-10 10:44:13.460  4211  4211 D Telecom:SamsungPrebindingServiceImpl: onTopActivityChanged : ComponentInfo{com.wallapop/com.rewallapop.ui.main.MainActivity}

11-10 10:44:13.471  4211  4310 V WindowManager: Relayout Window{96924f1 u0 Splash Screen com.wallapop}: viewVisibility=0 req=1080x2220 {(0,0)(fillxfill) sim={adjust=pan} ty=APPLICATION_STARTING fmt=TRANSLUCENT wanim=0x10302fe

11-10 10:44:13.474  3727  3727 I SurfaceFlinger: id=23693 createSurf (1080x2220),1 flag=4, Splash Screen com.wallapop#0

11-10 10:44:13.475  4211  4310 D WindowManager: makeSurface duration=2 name=Splash Screen com.wallapop

11-10 10:44:13.481  4211  4229 I ActivityManager: Start proc 13514:com.wallapop/u0a311 for activity com.wallapop/com.rewallapop.ui.main.MainActivity

11-10 10:44:13.487 13514 13514 I com.wallapop: Late-enabling -Xcheck:jni

11-10 10:44:13.498  4211  4310 D WindowManager: finishDrawingWindow: Window{96924f1 u0 Splash Screen com.wallapop} mDrawState=DRAW_PENDING

11-10 10:44:13.501  4211  4310 I WindowManager: commitFinishDrawingLocked: mDrawState=READY_TO_SHOW Surface(name=Splash Screen com.wallapop)/@0x70df1f3

11-10 10:44:13.502  4211  4310 V WindowManager: Resize reasons for w=Window{96924f1 u0 Splash Screen com.wallapop}:  contentInsetsChanged=false [0,63][0,126] visibleInsetsChanged=false [0,63][0,126] stableInsetsChanged=false [0,63][0,126] outsetsChanged=false [0,0][0,0] surfaceResized=false configChanged=false dragResizingChanged=false reportOrientationChanged=false displayCutoutChanged=false nextForceRelayoutToClient=false

11-10 10:44:13.518 13514 13514 I com.wallapop: report jit thread pid = 13519

11-10 10:44:13.536  4211  5518 I ActivityManager: DSS on for com.wallapop and scale is 1.0

11-10 10:44:13.540  4211  5518 I WindowManager: commitFinishDrawingLocked: mDrawState=READY_TO_SHOW Surface(name=Splash Screen com.wallapop)/@0x70df1f3

11-10 10:44:13.542  4211  5518 D GamePkgDataHelper: notifyAppCreate(), pkgName: com.wallapop, sendRet: true

11-10 10:44:13.544  4211  4473 D GamePkgDataHelper: getGamePkgData(). com.wallapop

11-10 10:44:13.544  4211  4473 D GameManagerService: handleMessage(), MSG_APP_CREATE. ignore. pkgName: com.wallapop

11-10 10:44:13.545  4211  5518 D GameManagerService: noteResumeComponent(), resumeComponent: com.wallapop

11-10 10:44:13.545  4211  5518 D GamePkgDataHelper: getSosPolicy(). com.wallapop

11-10 10:44:13.545  4211  4473 D GameManagerService: handleForegroundChange(). pkgName: com.wallapop, clsName: com.rewallapop.ui.main.MainActivity,FgActivityName:com.wallapop/com.rewallapop.ui.main.MainActivity

11-10 10:44:13.545  4211  4473 D GameManagerService:   handleForegroundChange(). set mFgApp: com.wallapop

11-10 10:44:13.545  4211  4473 D GameManagerService: notifyResumePause(). pkg: com.wallapop, type: 4, isMinimized: false, isTunableApp: false

11-10 10:44:13.545  4211  5518 D GameManagerService: identifyGamePackage. com.wallapop

11-10 10:44:13.546  4211  5518 D GamePkgDataHelper: getGamePkgData(). com.wallapop

11-10 10:44:13.546  4211  5518 D MARsPolicyManager: onPackageResumedFG pkgName = com.wallapop, userId = 0

11-10 10:44:13.546  4211  4221 D GamePkgDataHelper: getGamePkgDataIncServer(). com.wallapop

11-10 10:44:13.547  4211  4310 I WindowManager: commitFinishDrawingLocked: mDrawState=READY_TO_SHOW Surface(name=Splash Screen com.wallapop)/@0x70df1f3

11-10 10:44:13.552  4211  4310 I WindowManager: commitFinishDrawingLocked: mDrawState=READY_TO_SHOW Surface(name=Splash Screen com.wallapop)/@0x70df1f3

11-10 10:44:13.560  4211  4310 I WindowManager: Cancelling animation restarting=true, leash=null, surface=Surface(name=AppWindowToken{f78ac14 token=Token{f7de667 ActivityRecord{e131a26 u0 com.wallapop/com.rewallapop.ui.main.MainActivity t2124}}})/@0x503c474, parent=Surface(name=Task=2124)/@0xe2e2d9d

11-10 10:44:13.560  4211  4310 I WindowManager: Reparenting to leash, surface=Surface(name=AppWindowToken{f78ac14 token=Token{f7de667 ActivityRecord{e131a26 u0 com.wallapop/com.rewallapop.ui.main.MainActivity t2124}}})/@0x503c474

11-10 10:44:13.561  3727  3727 I SurfaceFlinger: id=23695 createSurf (4440x4440),2 flag=4, Surface(name=AppWindowToken{f78ac14 token=Token{f7de667 ActivityRecord{e131a26 u0 com.wallapop/com.rewallapop.ui.main.MainActivity t2124}}})/@0x503c474 - animation-leash#0

11-10 10:44:13.562  4211  4310 D WindowManager: makeSurface duration=2 leash=Surface(name=Surface(name=AppWindowToken{f78ac14 token=Token{f7de667 ActivityRecord{e131a26 u0 com.wallapop/com.rewallapop.ui.main.MainActivity t2124}}})/@0x503c474 - animation-leash)/@0xffd7212

11-10 10:44:13.562  4211  4310 D SurfaceControl: reparent is called, sc=Surface(name=AppWindowToken{f78ac14 token=Token{f7de667 ActivityRecord{e131a26 u0 com.wallapop/com.rewallapop.ui.main.MainActivity t2124}}})/@0x503c474, newParentHandle=android.os.BinderProxy@3973de3, transaction=android.view.SurfaceControl$Transaction@cd2b3e0

11-10 10:44:13.563  4211  4310 V WindowManager: performShowLocked: mDrawState=HAS_DRAWN in Window{96924f1 u0 Splash Screen com.wallapop}

11-10 10:44:13.565  3727  3771 D Layer   : [AppWindowToken{f78ac14 token=Token{f7de667 ActivityRecord{e131a26 u0 com.wallapop/com.rewallapop.ui.main.MainActivity t2124}}}#0]::reparent oldParent:[Task=2124#0], newParent:[Surface(name=AppWindowToken{f78ac14 token=Token{f7de667 ActivityRecord{e131a26 u0 com.wallapop/com.rewallapop.ui.main.MainActivity t2124}}})/@0x503c474 - animation-leash#0]

11-10 10:44:13.569  4211  5518 D GamePkgDataHelper: getSosPolicy(). com.wallapop

11-10 10:44:13.573  4211  5518 D GameManagerService: identifyGamePackage. com.wallapop

11-10 10:44:13.573  4211  5518 D GamePkgDataHelper: getGamePkgData(). com.wallapop

11-10 10:44:13.575  4211  4228 D CodecSolution: isMaxAspectPackageEx: com.wallapop : true(2)

11-10 10:44:13.576 13514 13514 I com.wallapop: The ClassLoaderContext is a special shared library.

11-10 10:44:13.577  4211  4228 D WindowManager: setSystemUiVisibility: vis= 0xa018, fullscreenVis= 0x2000, dockedVis= 0x0, win=Window{96924f1 u0 Splash Screen com.wallapop}

11-10 10:44:13.580  4211  4221 D GameManagerService: identifyGamePackage. com.wallapop

11-10 10:44:13.580  4211  4221 D GamePkgDataHelper: getGamePkgData(). com.wallapop

11-10 10:44:13.657  3727  3727 I SurfaceFlinger:      Client | 0x70de034ac0 | 0000 | RGBA_8888 |   0.0    1.0 1080.0 2219.0 |   89  184  991 2036 | Splash Screen com.wallapop#0

11-10 10:44:13.680  3727  3727 I SurfaceFlinger:      Device | 0x70de034ac0 | 0000 | RGBA_8888 |   0.0    0.0 1080.0 2220.0 |   67  137 1013 2083 | Splash Screen com.wallapop#0

11-10 10:44:13.700  4211  4669 D MdnieScenarioControlService:  packageName : com.wallapop    className : com.rewallapop.ui.main.MainActivity

11-10 10:44:13.799  4211  4310 I WindowManager: reset, Reparenting to original parent, shouldDeferScheduleAnimation=false, destroyLeash=true, surface=Surface(name=AppWindowToken{f78ac14 token=Token{f7de667 ActivityRecord{e131a26 u0 com.wallapop/com.rewallapop.ui.main.MainActivity t2124}}})/@0x503c474, parent=Surface(name=Task=2124)/@0xe2e2d9d, parentNativeHandle=android.os.BinderProxy@edf2e0c, caller=com.android.server.wm.SurfaceAnimator.lambda$getFinishedCallback$0:97 com.android.server.wm.-$$Lambda$SurfaceAnimator$SIBia0mND666K8lMCPsoid8pUTI.run:4 com.android.server.wm.SurfaceAnimator.lambda$getFinishedCallback$1:104 com.android.server.wm.-$$Lambda$SurfaceAnimator$vdRZk66hQVbQCvVXEaQCT1kVmFc.onAnimationFinished:4 com.android.server.wm.LocalAnimationAdapter.lambda$startAnimation$0:74

11-10 10:44:13.799  4211  4310 D SurfaceControl: reparent is called, sc=Surface(name=AppWindowToken{f78ac14 token=Token{f7de667 ActivityRecord{e131a26 u0 com.wallapop/com.rewallapop.ui.main.MainActivity t2124}}})/@0x503c474, newParentHandle=android.os.BinderProxy@edf2e0c, transaction=android.view.SurfaceControl$Transaction@cd2b3e0

11-10 10:44:13.800  4211  4310 D SurfaceControl: destroy(transaction), animation-leash is destroyed, sc=Surface(name=Surface(name=AppWindowToken{f78ac14 token=Token{f7de667 ActivityRecord{e131a26 u0 com.wallapop/com.rewallapop.ui.main.MainActivity t2124}}})/@0x503c474 - animation-leash)/@0xffd7212, transaction=android.view.SurfaceControl$Transaction@cd2b3e0, caller=com.android.server.wm.SurfaceAnimator.reset:338 com.android.server.wm.SurfaceAnimator.lambda$getFinishedCallback$0:97 com.android.server.wm.-$$Lambda$SurfaceAnimator$SIBia0mND666K8lMCPsoid8pUTI.run:4 com.android.server.wm.SurfaceAnimator.lambda$getFinishedCallback$1:104 com.android.server.wm.-$$Lambda$SurfaceAnimator$vdRZk66hQVbQCvVXEaQCT1kVmFc.onAnimationFinished:4 com.android.server.wm.LocalAnimationAdapter.lambda$startAnimation$0:74 com.android.server.wm.-$$Lambda$LocalAnimationAdapter$X--EomqUvw4qy89IeeTFTH7aCMo.run:4

11-10 10:44:13.805  3727  3771 D Layer   : [AppWindowToken{f78ac14 token=Token{f7de667 ActivityRecord{e131a26 u0 com.wallapop/com.rewallapop.ui.main.MainActivity t2124}}}#0]::reparent oldParent:[Surface(name=AppWindowToken{f78ac14 token=Token{f7de667 ActivityRecord{e131a26 u0 com.wallapop/com.rewallapop.ui.main.MainActivity t2124}}})/@0x503c474 - animation-leash#0], newParent:[Task=2124#0]

11-10 10:44:13.805  3727  3771 I SurfaceFlinger: id=23695 Removed Surface(name=AppWindowToken{f78ac14 token=Token{f7de667 ActivityRecord{e131a26 u0 com.wallapop/com.rewallapop.ui.main.MainActivity t2124}}})/@0x503c474 - animation-leash#0 (0/54)

11-10 10:44:13.815  3727  3727 I Layer   : id=23695 onRemoved Surface(name=AppWindowToken{f78ac14 token=Token{f7de667 ActivityRecord{e131a26 u0 com.wallapop/com.rewallapop.ui.main.MainActivity t2124}}})/@0x503c474 - animation-leash#0

11-10 10:44:13.856  3727  3727 I SurfaceFlinger:      Device | 0x70de034ac0 | 0000 | RGBA_8888 |   0.0    0.0 1080.0 2220.0 |    0    0 1080 2220 | Splash Screen com.wallapop#0

11-10 10:44:15.458  4211  4390 D WifiTrafficPoller: TrafficStats TxPkts=769400 RxPkts=1365235 TxBytes=175492404 RxBytes=1291257338 , Foreground uid=10311 pkgName=com.wallapop TxPackets=65933 RxPackets=74312 TxBytes=10306195 RxBytes=72448735

11-10 10:44:15.806 13514 13550 W com.wallapop: Unsupported class loader

11-10 10:44:15.810 13514 13550 W com.wallapop: Skipping duplicate class check due to unsupported classloader

11-10 10:44:15.810 13514 13537 I FA      :   adb shell setprop debug.firebase.analytics.app com.wallapop

11-10 10:44:15.872 13514 13550 W com.wallapop: Unsupported class loader

11-10 10:44:16.390 13514 13514 W com.wallapop: Verification of java.util.Map com.rewallapop.app.di.module.TrackingModule.a() took 128.342ms

11-10 10:44:17.523 13514 13586 I stetho  : Listening on @stetho_com.wallapop_devtools_remote

11-10 10:44:17.682 13514 13592 W com.wallapop: Accessing hidden field Lsun/misc/Unsafe;->theUnsafe:Lsun/misc/Unsafe; (light greylist, reflection)

11-10 10:44:17.814 13514 13594 W com.wallapop: Accessing hidden field Ljava/nio/Buffer;->address:J (light greylist, reflection)

11-10 10:44:17.917 13514 13514 I com.wallapop: The ClassLoaderContext is a special shared library.

11-10 10:44:17.922 13514 13514 I chatty  : uid=10311(com.wallapop) identical 1 line

11-10 10:44:17.927 13514 13514 I com.wallapop: The ClassLoaderContext is a special shared library.

11-10 10:44:18.180 13514 13514 I com.wallapop: Waiting for a blocking GC ClassLinker

11-10 10:44:18.237 13514 13526 I com.wallapop: Background concurrent copying GC freed 213717(11MB) AllocSpace objects, 38(5MB) LOS objects, 49% free, 11MB/23MB, paused 414us total 136.447ms

11-10 10:44:18.237 13514 13514 I com.wallapop: WaitForGcToComplete blocked ClassLinker on ClassLinker for 56.778ms

11-10 10:44:18.392 13514 13617 W com.wallapop: Accessing hidden method Landroid/content/Context;->bindServiceAsUser(Landroid/content/Intent;Landroid/content/ServiceConnection;ILandroid/os/Handler;Landroid/os/UserHandle;)Z (light greylist, reflection)

11-10 10:44:18.399  4211  8761 I ApplicationPolicy: isApplicationExternalStorageWhitelisted:com.wallapop user:0

11-10 10:44:18.399  4211  8761 D ActivityManager: package  com.wallapop, user - 0 is SDcard whitelisted

11-10 10:44:18.399  4211  8761 I ApplicationPolicy: isApplicationExternalStorageBlacklisted:com.wallapop user:0

11-10 10:44:18.399  4211  8761 I ApplicationPolicy: isApplicationExternalStorageBlacklisted:com.wallapop user:0

11-10 10:44:18.421  4211  4229 I ActivityManager: Start proc 13620:com.android.chrome:sandboxed_process0/u0i784 for webview_service com.wallapop/org.chromium.content.app.SandboxedProcessService0

11-10 10:44:18.478  4211  6757 D WifiPermissionsUtil: canAccessScanResults: pkgName = com.wallapop, uid = 10311

11-10 10:44:18.479  4211  8761 I ActivityManager: DSS on for com.wallapop and scale is 1.0

11-10 10:44:18.481  4211  8761 D MultiDisplayManager: init process display: set packageProcessId, displayId=0, same_package_proc=ProcessRecord{c7c865bd0 13514:com.wallapop/u0a311}, app=ProcessRecord{ad9fd15d0 13620:com.android.chrome:sandboxed_process0/u0a311i784}

11-10 10:44:18.568 13514 13514 W com.wallapop: Accessing hidden method Landroid/view/textclassifier/logging/SmartSelectionEventTracker;-><init>(Landroid/content/Context;I)V (light greylist, reflection)

11-10 10:44:18.569 13514 13514 W com.wallapop: Accessing hidden method Landroid/view/textclassifier/logging/SmartSelectionEventTracker;->logEvent(Landroid/view/textclassifier/logging/SmartSelectionEventTracker$SelectionEvent;)V (light greylist, reflection)

11-10 10:44:18.569 13514 13514 W com.wallapop: Accessing hidden method Landroid/view/textclassifier/logging/SmartSelectionEventTracker$SelectionEvent;->selectionStarted(I)Landroid/view/textclassifier/logging/SmartSelectionEventTracker$SelectionEvent; (light greylist, reflection)

11-10 10:44:18.569 13514 13514 W com.wallapop: Accessing hidden method Landroid/view/textclassifier/logging/SmartSelectionEventTracker$SelectionEvent;->selectionModified(II)Landroid/view/textclassifier/logging/SmartSelectionEventTracker$SelectionEvent; (light greylist, reflection)

11-10 10:44:18.569 13514 13514 W com.wallapop: Accessing hidden method Landroid/view/textclassifier/logging/SmartSelectionEventTracker$SelectionEvent;->selectionModified(IILandroid/view/textclassifier/TextClassification;)Landroid/view/textclassifier/logging/SmartSelectionEventTracker$SelectionEvent; (light greylist, reflection)

11-10 10:44:18.569 13514 13514 W com.wallapop: Accessing hidden method Landroid/view/textclassifier/logging/SmartSelectionEventTracker$SelectionEvent;->selectionModified(IILandroid/view/textclassifier/TextSelection;)Landroid/view/textclassifier/logging/SmartSelectionEventTracker$SelectionEvent; (light greylist, reflection)

11-10 10:44:18.569 13514 13514 W com.wallapop: Accessing hidden method Landroid/view/textclassifier/logging/SmartSelectionEventTracker$SelectionEvent;->selectionAction(III)Landroid/view/textclassifier/logging/SmartSelectionEventTracker$SelectionEvent; (light greylist, reflection)

11-10 10:44:18.569 13514 13514 W com.wallapop: Accessing hidden method Landroid/view/textclassifier/logging/SmartSelectionEventTracker$SelectionEvent;->selectionAction(IIILandroid/view/textclassifier/TextClassification;)Landroid/view/textclassifier/logging/SmartSelectionEventTracker$SelectionEvent; (light greylist, reflection)

11-10 10:44:18.631 13514 13631 W com.wallapop: Accessing hidden method Landroid/media/AudioManager;->getOutputLatency(I)I (light greylist, reflection)

11-10 10:44:18.713 13514 13514 W com.wallapop: Accessing hidden method Landroid/app/ActivityThread;->currentPackageName()Ljava/lang/String; (light greylist, reflection)

11-10 10:44:19.096 13514 13686 W com.wallapop: Accessing hidden method Lcom/android/org/conscrypt/OpenSSLSocketImpl;->setAlpnProtocols([B)V (light greylist, reflection)

11-10 10:44:19.435 13514 13686 W com.wallapop: Accessing hidden method Lcom/android/org/conscrypt/OpenSSLSocketImpl;->getAlpnSelectedProtocol()[B (light greylist, reflection)

11-10 10:44:19.529  4211  4390 D WifiTrafficPoller: TrafficStats TxPkts=769429 RxPkts=1365340 TxBytes=175507704 RxBytes=1291282270 , Foreground uid=10311 pkgName=com.wallapop TxPackets=65957 RxPackets=74325 TxBytes=10321261 RxBytes=72460083

11-10 10:44:19.554  4211  7608 D GameManagerService: identifyGamePackage. com.wallapop

11-10 10:44:19.554  4211  7608 D GamePkgDataHelper: getGamePkgData(). com.wallapop

11-10 10:44:21.101  4211  8761 D SamsungAlarmManager: Cancel Alarm calling from uid:10311 pid :13514 / op:PendingIntent{3981183: PendingIntentRecord{4cd4d04 com.wallapop broadcastIntent}}

11-10 10:44:21.196 13514 13514 W com.wallapop: Accessing hidden method Landroid/graphics/drawable/Drawable;->getOpticalInsets()Landroid/graphics/Insets; (light greylist, linking)

11-10 10:44:21.196 13514 13514 W com.wallapop: Accessing hidden field Landroid/graphics/Insets;->left:I (light greylist, linking)

11-10 10:44:21.196 13514 13514 W com.wallapop: Accessing hidden field Landroid/graphics/Insets;->right:I (light greylist, linking)

11-10 10:44:21.196 13514 13514 W com.wallapop: Accessing hidden field Landroid/graphics/Insets;->top:I (light greylist, linking)

11-10 10:44:21.196 13514 13514 W com.wallapop: Accessing hidden field Landroid/graphics/Insets;->bottom:I (light greylist, linking)

11-10 10:44:21.659 13514 13526 I com.wallapop: Background concurrent copying GC freed 101199(10MB) AllocSpace objects, 42(2000KB) LOS objects, 49% free, 11MB/22MB, paused 279us total 110.717ms

11-10 10:44:21.781 13514 13514 W com.wallapop: Accessing hidden method Landroid/view/View;->computeFitSystemWindows(Landroid/graphics/Rect;Landroid/graphics/Rect;)Z (light greylist, reflection)

11-10 10:44:21.783 13514 13514 W com.wallapop: Accessing hidden method Landroid/view/ViewGroup;->makeOptionalFitsSystemWindows()V (light greylist, reflection)

11-10 10:44:21.849 13514 13514 W com.wallapop: Accessing hidden field Landroid/view/ViewGroup;->mOnHierarchyChangeListener:Landroid/view/ViewGroup$OnHierarchyChangeListener; (light greylist, reflection)

11-10 10:44:21.878  4211  5518 D SamsungAlarmManager: Cancel Alarm calling from uid:10311 pid :13514 / op:PendingIntent{f72338a: PendingIntentRecord{6102dfb com.wallapop broadcastIntent}}

11-10 10:44:21.910  4211  8761 D LocationManagerService: request 1f9dcad passive Request[POWER_NONE passive fastest=0 num=1 lowPowerMode=false] from com.wallapop(10311 foreground)

11-10 10:44:21.912  4622  4682 E RequestManager_FLP: [LocationManagerService] Location request 1f9dcad(PendingIntent) passive interval=0 from com.wallapop(10311)

11-10 10:44:21.932 13514 13514 I chatty  : uid=10311(com.wallapop) identical 11 lines

11-10 10:44:21.933 13514 13514 I chatty  : uid=10311(com.wallapop) identical 1 line

11-10 10:44:21.933 13514 13514 I chatty  : uid=10311(com.wallapop) identical 1 line

11-10 10:44:21.934 13514 13514 I chatty  : uid=10311(com.wallapop) identical 8 lines

11-10 10:44:22.050  4211  5518 I ActivityManager: START u0 {act=null typ=null flg=0x0 cmp=ComponentInfo{com.wallapop/com.rewallapop.ui.wall.WallActivity}} from uid 10311

11-10 10:44:22.065  3727  3727 I SurfaceFlinger: id=23696 createSurf (4440x4440),2 flag=4, AppWindowToken{229aed7 token=Token{5c7fe56 ActivityRecord{afdf071 u0 com.wallapop/com.rewallapop.ui.wall.WallActivity t2124}}}#0

11-10 10:44:22.068  4211  5518 D SurfaceControl: reparent is called, sc=Surface(name=96924f1 Splash Screen com.wallapop)/@0x4f23c4, newParentHandle=android.os.BinderProxy@c3022ad, transaction=android.view.SurfaceControl$Transaction@9dda9e2

11-10 10:44:22.071  3727  3771 D Layer   : [96924f1 Splash Screen com.wallapop#0]::reparent oldParent:[AppWindowToken{f78ac14 token=Token{f7de667 ActivityRecord{e131a26 u0 com.wallapop/com.rewallapop.ui.main.MainActivity t2124}}}#0], newParent:[AppWindowToken{229aed7 token=Token{5c7fe56 ActivityRecord{afdf071 u0 com.wallapop/com.rewallapop.ui.wall.WallActivity t2124}}}#0]

11-10 10:44:22.076  4211  4228 D WindowManager: setSystemUiVisibility: vis= 0xa018, fullscreenVis= 0x2000, dockedVis= 0x0, win=Window{96924f1 u0 Splash Screen com.wallapop}

11-10 10:44:22.083  4211  4211 D Telecom:SamsungPrebindingServiceImpl: onTopActivityChanged : ComponentInfo{com.wallapop/com.rewallapop.ui.wall.WallActivity}

11-10 10:44:22.257 13514 13769 I com.wallapop: The ClassLoaderContext is a special shared library.

11-10 10:44:22.363 13514 13514 W com.wallapop: Accessing hidden method Landroid/view/WindowManagerGlobal;->getInstance()Landroid/view/WindowManagerGlobal; (light greylist, reflection)

11-10 10:44:22.363 13514 13514 W com.wallapop: Accessing hidden field Landroid/view/WindowManagerGlobal;->mRoots:Ljava/util/ArrayList; (light greylist, reflection)

11-10 10:44:22.363 13514 13514 W com.wallapop: Accessing hidden field Landroid/view/ViewRootImpl;->mStopped:Z (light greylist, reflection)

11-10 10:44:22.525  4211  4227 D ApplicationPolicy: isStatusBarNotificationAllowedAsUser: packageName = com.wallapop,userId = 0

11-10 10:44:22.525  4211  4227 D ApplicationPolicy: isStatusBarNotificationAllowedAsUser: packageName = com.wallapop,userId = 0

11-10 10:44:22.532  4211  4221 D GamePkgDataHelper: notifyAppCreate(), pkgName: com.wallapop, sendRet: true

11-10 10:44:22.533  4211  4473 D GamePkgDataHelper: getGamePkgData(). com.wallapop

11-10 10:44:22.533  4211  4473 D GameManagerService: handleMessage(), MSG_APP_CREATE. ignore. pkgName: com.wallapop

11-10 10:44:22.534  4211  4221 D GameManagerService: noteResumeComponent(), resumeComponent: com.wallapop

11-10 10:44:22.535  4211  4473 D GameManagerService: handleForegroundChange(). pkgName: com.wallapop, clsName: com.rewallapop.ui.wall.WallActivity,FgActivityName:com.wallapop/com.rewallapop.ui.wall.WallActivity

11-10 10:44:22.535  4211  4221 D MARsPolicyManager: onPackageResumedFG pkgName = com.wallapop, userId = 0

11-10 10:44:22.537  4211  4211 D Telecom:SamsungPrebindingServiceImpl: onTopActivityChanged : ComponentInfo{com.wallapop/com.rewallapop.ui.wall.WallActivity}

11-10 10:44:22.542  4211  4221 I WindowManager: Cancelling animation restarting=true, leash=null, surface=Surface(name=AppWindowToken{f78ac14 token=Token{f7de667 ActivityRecord{e131a26 u0 com.wallapop/com.rewallapop.ui.main.MainActivity t2124}}})/@0x503c474, parent=Surface(name=Task=2124)/@0xe2e2d9d

11-10 10:44:22.542  4211  4221 I WindowManager: Reparenting to leash, surface=Surface(name=AppWindowToken{f78ac14 token=Token{f7de667 ActivityRecord{e131a26 u0 com.wallapop/com.rewallapop.ui.main.MainActivity t2124}}})/@0x503c474

11-10 10:44:22.543  3727  3727 I SurfaceFlinger: id=23697 createSurf (4440x4440),2 flag=4, Surface(name=AppWindowToken{f78ac14 token=Token{f7de667 ActivityRecord{e131a26 u0 com.wallapop/com.rewallapop.ui.main.MainActivity t2124}}})/@0x503c474 - animation-leash#0

11-10 10:44:22.545  4211  4221 D WindowManager: makeSurface duration=3 leash=Surface(name=Surface(name=AppWindowToken{f78ac14 token=Token{f7de667 ActivityRecord{e131a26 u0 com.wallapop/com.rewallapop.ui.main.MainActivity t2124}}})/@0x503c474 - animation-leash)/@0xbb48d63

11-10 10:44:22.546  4211  4221 D SurfaceControl: reparent is called, sc=Surface(name=AppWindowToken{f78ac14 token=Token{f7de667 ActivityRecord{e131a26 u0 com.wallapop/com.rewallapop.ui.main.MainActivity t2124}}})/@0x503c474, newParentHandle=android.os.BinderProxy@c868d60, transaction=android.view.SurfaceControl$Transaction@cd2b3e0

11-10 10:44:22.553  3727  3771 D Layer   : [AppWindowToken{f78ac14 token=Token{f7de667 ActivityRecord{e131a26 u0 com.wallapop/com.rewallapop.ui.main.MainActivity t2124}}}#0]::reparent oldParent:[Task=2124#0], newParent:[Surface(name=AppWindowToken{f78ac14 token=Token{f7de667 ActivityRecord{e131a26 u0 com.wallapop/com.rewallapop.ui.main.MainActivity t2124}}})/@0x503c474 - animation-leash#0]

11-10 10:44:22.634 23911 23911 D Notification.Badge: [valid] onNotificationPosted : StatusBarNotification(pkg=com.wallapop user=UserHandle{0} id=999 tag=null key=0|com.wallapop|999|null|10311: Notification(channel=wallapop_channel pri=-2 contentView=null vibrate=null sound=null defaults=0x0 flags=0x62 color=0x00000000 vis=PRIVATE semFlags=0x0 semPriority=0 semMissedCount=0))

11-10 10:44:22.634 23911 23911 D Notification.Badge: notificationKey : 0|com.wallapop|999|null|10311, count : 0, this.count : 1

11-10 10:44:22.635 23911 23978 D Notification.Badge: LauncherModel:onNotificationPosted() : com.wallapop, count : [0], shouldBeFilteredOut : [false]

11-10 10:44:22.635 23911 23978 D Notification.Badge: notificationKey : 0|com.wallapop|999|null|10311, count : 1, mTotalCount : 1

11-10 10:44:22.638 13514 13584 W com.wallapop: Accessing hidden method Ldalvik/system/VMRuntime;->getRuntime()Ldalvik/system/VMRuntime; (light greylist, reflection)

11-10 10:44:22.638 13514 13584 W com.wallapop: Accessing hidden method Ldalvik/system/VMRuntime;->vmInstructionSet()Ljava/lang/String; (light greylist, reflection)

11-10 10:44:22.639 23911 23978 D Notification.Badge: updateLauncherIconBadges() item : [IconInfo(title=_Wallapop_ intent=Intent { act=android.intent.action.MAIN cat=[android.intent.category.LAUNCHER] flg=0x10200000 cmp=com.wallapop/.activities.HomeActivity (has extras) } id=160 type=0 container=-102 screen=1 cellX=3 cellY=0 spanX=1 spanY=1 rank=3 hidden=0 dropPos=null user=UserHandle{0} screenType=0)], mShowBadge : [true], item.mBadgeCount : [1]

11-10 10:44:22.643 23911 23911 D RecommendedView: updateBadgeItems: [IconInfo(title=_Wallapop_ intent=Intent { act=android.intent.action.MAIN cat=[android.intent.category.LAUNCHER] flg=0x10200000 cmp=com.wallapop/.activities.HomeActivity (has extras) } id=160 type=0 container=-102 screen=1 cellX=3 cellY=0 spanX=1 spanY=1 rank=3 hidden=0 dropPos=null user=UserHandle{0} screenType=0)]

11-10 10:44:22.663  3562  5667 I Finsky  : [8330] fxs.d(3): com.wallapop: Account determined from installer data - [rJj4Md76H4LxoN-B4dnoZM7XaXDDBcXGlC-caOCi6Uc]

11-10 10:44:22.663  3562  5667 I Finsky  : [8330] fxs.d(14): com.wallapop: Account from preferred account - [rJj4Md76H4LxoN-B4dnoZM7XaXDDBcXGlC-caOCi6Uc]

11-10 10:44:22.668  3562  5667 I Finsky  : [8330] fxs.d(3): com.wallapop: Account determined from installer data - [rJj4Md76H4LxoN-B4dnoZM7XaXDDBcXGlC-caOCi6Uc]

11-10 10:44:22.668  3562  5667 I Finsky  : [8330] fxs.d(14): com.wallapop: Account from preferred account - [rJj4Md76H4LxoN-B4dnoZM7XaXDDBcXGlC-caOCi6Uc]

11-10 10:44:22.674  3562  5667 I Finsky  : [8330] fxs.d(3): com.wallapop: Account determined from installer data - [rJj4Md76H4LxoN-B4dnoZM7XaXDDBcXGlC-caOCi6Uc]

11-10 10:44:22.675  3562  5667 I Finsky  : [8330] fxs.d(14): com.wallapop: Account from preferred account - [rJj4Md76H4LxoN-B4dnoZM7XaXDDBcXGlC-caOCi6Uc]

11-10 10:44:22.681  3562  5667 I Finsky  : [8330] fxs.d(3): com.wallapop: Account determined from installer data - [rJj4Md76H4LxoN-B4dnoZM7XaXDDBcXGlC-caOCi6Uc]

11-10 10:44:22.682  3562  5667 I Finsky  : [8330] fxs.d(14): com.wallapop: Account from preferred account - [rJj4Md76H4LxoN-B4dnoZM7XaXDDBcXGlC-caOCi6Uc]

11-10 10:44:22.838  4211  4310 I WindowManager: reset, Reparenting to original parent, shouldDeferScheduleAnimation=false, destroyLeash=true, surface=Surface(name=AppWindowToken{f78ac14 token=Token{f7de667 ActivityRecord{e131a26 u0 com.wallapop/com.rewallapop.ui.main.MainActivity t2124}}})/@0x503c474, parent=Surface(name=Task=2124)/@0xe2e2d9d, parentNativeHandle=android.os.BinderProxy@edf2e0c, caller=com.android.server.wm.SurfaceAnimator.lambda$getFinishedCallback$0:97 com.android.server.wm.-$$Lambda$SurfaceAnimator$SIBia0mND666K8lMCPsoid8pUTI.run:4 com.android.server.wm.SurfaceAnimator.lambda$getFinishedCallback$1:104 com.android.server.wm.-$$Lambda$SurfaceAnimator$vdRZk66hQVbQCvVXEaQCT1kVmFc.onAnimationFinished:4 com.android.server.wm.LocalAnimationAdapter.lambda$startAnimation$0:74

11-10 10:44:22.838  4211  4310 D SurfaceControl: reparent is called, sc=Surface(name=AppWindowToken{f78ac14 token=Token{f7de667 ActivityRecord{e131a26 u0 com.wallapop/com.rewallapop.ui.main.MainActivity t2124}}})/@0x503c474, newParentHandle=android.os.BinderProxy@edf2e0c, transaction=android.view.SurfaceControl$Transaction@cd2b3e0

11-10 10:44:22.838  4211  4310 D SurfaceControl: destroy(transaction), animation-leash is destroyed, sc=Surface(name=Surface(name=AppWindowToken{f78ac14 token=Token{f7de667 ActivityRecord{e131a26 u0 com.wallapop/com.rewallapop.ui.main.MainActivity t2124}}})/@0x503c474 - animation-leash)/@0xbb48d63, transaction=android.view.SurfaceControl$Transaction@cd2b3e0, caller=com.android.server.wm.SurfaceAnimator.reset:338 com.android.server.wm.SurfaceAnimator.lambda$getFinishedCallback$0:97 com.android.server.wm.-$$Lambda$SurfaceAnimator$SIBia0mND666K8lMCPsoid8pUTI.run:4 com.android.server.wm.SurfaceAnimator.lambda$getFinishedCallback$1:104 com.android.server.wm.-$$Lambda$SurfaceAnimator$vdRZk66hQVbQCvVXEaQCT1kVmFc.onAnimationFinished:4 com.android.server.wm.LocalAnimationAdapter.lambda$startAnimation$0:74 com.android.server.wm.-$$Lambda$LocalAnimationAdapter$X--EomqUvw4qy89IeeTFTH7aCMo.run:4

11-10 10:44:22.855  3727  3771 D Layer   : [AppWindowToken{f78ac14 token=Token{f7de667 ActivityRecord{e131a26 u0 com.wallapop/com.rewallapop.ui.main.MainActivity t2124}}}#0]::reparent oldParent:[Surface(name=AppWindowToken{f78ac14 token=Token{f7de667 ActivityRecord{e131a26 u0 com.wallapop/com.rewallapop.ui.main.MainActivity t2124}}})/@0x503c474 - animation-leash#0], newParent:[Task=2124#0]

11-10 10:44:22.856  3727  3771 I SurfaceFlinger: id=23697 Removed Surface(name=AppWindowToken{f78ac14 token=Token{f7de667 ActivityRecord{e131a26 u0 com.wallapop/com.rewallapop.ui.main.MainActivity t2124}}})/@0x503c474 - animation-leash#0 (0/53)

11-10 10:44:22.870  3727  3727 I Layer   : id=23697 onRemoved Surface(name=AppWindowToken{f78ac14 token=Token{f7de667 ActivityRecord{e131a26 u0 com.wallapop/com.rewallapop.ui.main.MainActivity t2124}}})/@0x503c474 - animation-leash#0

11-10 10:44:23.071 13514 13526 I com.wallapop: Background concurrent copying GC freed 140764(7MB) AllocSpace objects, 40(1712KB) LOS objects, 49% free, 19MB/38MB, paused 394us total 629.448ms

11-10 10:44:23.095  4211  4221 D SamsungAlarmManager: Cancel Alarm calling from uid:10311 pid :13514 / op:PendingIntent{b7ca878: PendingIntentRecord{6102dfb com.wallapop broadcastIntent}}

11-10 10:44:23.267 13514 13693 I com.wallapop: The ClassLoaderContext is a special shared library.

11-10 10:44:23.276 13514 13514 W com.wallapop: Accessing hidden method Landroid/widget/TextView;->getTextDirectionHeuristic()Landroid/text/TextDirectionHeuristic; (light greylist, linking)

11-10 10:44:23.290 13514 13514 W com.wallapop: Accessing hidden method Landroid/graphics/FontFamily;-><init>()V (light greylist, reflection)

11-10 10:44:23.290 13514 13514 W com.wallapop: Accessing hidden method Landroid/graphics/FontFamily;->addFontFromAssetManager(Landroid/content/res/AssetManager;Ljava/lang/String;IZIII[Landroid/graphics/fonts/FontVariationAxis;)Z (light greylist, reflection)

11-10 10:44:23.290 13514 13514 W com.wallapop: Accessing hidden method Landroid/graphics/FontFamily;->addFontFromBuffer(Ljava/nio/ByteBuffer;I[Landroid/graphics/fonts/FontVariationAxis;II)Z (light greylist, reflection)

11-10 10:44:23.290 13514 13514 W com.wallapop: Accessing hidden method Landroid/graphics/FontFamily;->freeze()Z (light greylist, reflection)

11-10 10:44:23.290 13514 13514 W com.wallapop: Accessing hidden method Landroid/graphics/FontFamily;->abortCreation()V (light greylist, reflection)

11-10 10:44:23.290 13514 13514 W com.wallapop: Accessing hidden method Landroid/graphics/Typeface;->createFromFamiliesWithDefault([Landroid/graphics/FontFamily;Ljava/lang/String;II)Landroid/graphics/Typeface; (light greylist, reflection)

11-10 10:44:23.562  4211  4390 D WifiTrafficPoller: TrafficStats TxPkts=769657 RxPkts=1365631 TxBytes=175541559 RxBytes=1291492965 , Foreground uid=10311 pkgName=com.wallapop TxPackets=66166 RxPackets=74545 TxBytes=10354093 RxBytes=72659447

11-10 10:44:24.057  4211  5239 D ActivityManagerPerformance: Received MSG_DISABLE_ACT_START, r: ActivityRecord{afdf071 u0 com.wallapop/com.rewallapop.ui.wall.WallActivity t2124}

11-10 10:44:24.193 13514 13519 I com.wallapop: Compiler allocated 4MB to compile void android.widget.TextView.<init>(android.content.Context, android.util.AttributeSet, int, int)

11-10 10:44:24.363  3727  3727 I SurfaceFlinger: id=23698 createSurf (4440x4440),2 flag=4, 7303484 com.wallapop/com.rewallapop.ui.wall.WallActivity#0

11-10 10:44:24.399  3562  3587 I Finsky  : [8252] fxs.d(3): com.wallapop: Account determined from installer data - [rJj4Md76H4LxoN-B4dnoZM7XaXDDBcXGlC-caOCi6Uc]

11-10 10:44:24.400  3562  3587 I Finsky  : [8252] fxs.d(14): com.wallapop: Account from preferred account - [rJj4Md76H4LxoN-B4dnoZM7XaXDDBcXGlC-caOCi6Uc]

11-10 10:44:24.448  3562  3587 I Finsky  : [8252] fxs.d(3): com.wallapop: Account determined from installer data - [rJj4Md76H4LxoN-B4dnoZM7XaXDDBcXGlC-caOCi6Uc]

11-10 10:44:24.449  3562  3587 I Finsky  : [8252] fxs.d(14): com.wallapop: Account from preferred account - [rJj4Md76H4LxoN-B4dnoZM7XaXDDBcXGlC-caOCi6Uc]

11-10 10:44:24.567  3562  3587 I Finsky  : [8252] fxs.d(3): com.wallapop: Account determined from installer data - [rJj4Md76H4LxoN-B4dnoZM7XaXDDBcXGlC-caOCi6Uc]

11-10 10:44:24.568  3562  3587 I Finsky  : [8252] fxs.d(14): com.wallapop: Account from preferred account - [rJj4Md76H4LxoN-B4dnoZM7XaXDDBcXGlC-caOCi6Uc]

11-10 10:44:24.638  3562  3587 I Finsky  : [8252] fxs.d(3): com.wallapop: Account determined from installer data - [rJj4Md76H4LxoN-B4dnoZM7XaXDDBcXGlC-caOCi6Uc]

11-10 10:44:24.638  3562  3587 I Finsky  : [8252] fxs.d(14): com.wallapop: Account from preferred account - [rJj4Md76H4LxoN-B4dnoZM7XaXDDBcXGlC-caOCi6Uc]

11-10 10:44:25.001  4211  5514 V WindowManager: Relayout Window{7303484 u0 com.wallapop/com.rewallapop.ui.wall.WallActivity}: viewVisibility=0 req=1080x2220 {(0,0)(fillxfill) sim={adjust=resize forwardNavigation} ty=BASE_APPLICATION wanim=0x10302fe

11-10 10:44:25.006  3727  3727 I SurfaceFlinger: id=23699 createSurf (1080x2220),1 flag=404, com.wallapop/com.rewallapop.ui.wall.WallActivity[13514]#0

11-10 10:44:25.008  4211  5514 D WindowManager: makeSurface duration=3 name=com.wallapop/com.rewallapop.ui.wall.WallActivity[13514]

11-10 10:44:25.009  4211  5514 V WindowManager: Changing focus from null to Window{7303484 u0 com.wallapop/com.rewallapop.ui.wall.WallActivity} Callers=com.android.server.wm.WindowManagerService.relayoutWindow:2526 com.android.server.wm.Session.relayoutForTranslate:302 android.view.IWindowSession$Stub.onTransact:518 com.android.server.wm.Session.onTransact:186

11-10 10:44:25.009  4211  4228 D WindowManager: setSystemUiVisibility: vis= 0xa518, fullscreenVis= 0x2000, dockedVis= 0x0, win=Window{7303484 u0 com.wallapop/com.rewallapop.ui.wall.WallActivity}

11-10 10:44:25.014  4211  4242 D WindowManager: reportFocusChangedSerialized, focused=true, inTouchMode=true, win=Window{7303484 u0 com.wallapop/com.rewallapop.ui.wall.WallActivity}

11-10 10:44:25.124  3562  5667 I Finsky  : [8330] fxs.d(3): com.wallapop: Account determined from installer data - [rJj4Md76H4LxoN-B4dnoZM7XaXDDBcXGlC-caOCi6Uc]

11-10 10:44:25.125  3562  5667 I Finsky  : [8330] fxs.d(14): com.wallapop: Account from preferred account - [rJj4Md76H4LxoN-B4dnoZM7XaXDDBcXGlC-caOCi6Uc]

11-10 10:44:25.402  4211  6751 D WindowManager: finishDrawingWindow: Window{7303484 u0 com.wallapop/com.rewallapop.ui.wall.WallActivity} mDrawState=DRAW_PENDING

11-10 10:44:25.405  4211  4310 I WindowManager: commitFinishDrawingLocked: mDrawState=READY_TO_SHOW Surface(name=com.wallapop/com.rewallapop.ui.wall.WallActivity[13514])/@0x6398002

11-10 10:44:25.406  4211  4310 V WindowManager: Resize reasons for w=Window{7303484 u0 com.wallapop/com.rewallapop.ui.wall.WallActivity}:  contentInsetsChanged=false [0,63][0,126] visibleInsetsChanged=false [0,63][0,126] stableInsetsChanged=false [0,63][0,126] outsetsChanged=false [0,0][0,0] surfaceResized=false configChanged=false dragResizingChanged=false reportOrientationChanged=false displayCutoutChanged=false nextForceRelayoutToClient=false

11-10 10:44:25.412  4211  4310 I WindowManager: commitFinishDrawingLocked: mDrawState=READY_TO_SHOW Surface(name=com.wallapop/com.rewallapop.ui.wall.WallActivity[13514])/@0x6398002

11-10 10:44:25.413  4211  4310 I WindowManager: Cancelling animation restarting=false, leash=null, surface=Surface(name=7303484 com.wallapop/com.rewallapop.ui.wall.WallActivity)/@0xf084d13, parent=Surface(name=AppWindowToken{229aed7 token=Token{5c7fe56 ActivityRecord{afdf071 u0 com.wallapop/com.rewallapop.ui.wall.WallActivity t2124}}})/@0xdb6cb50

11-10 10:44:25.413  4211  4310 V WindowManager: performShowLocked: mDrawState=HAS_DRAWN in Window{7303484 u0 com.wallapop/com.rewallapop.ui.wall.WallActivity}

11-10 10:44:25.425  4211  4310 V WindowManager: Remove Window{96924f1 u0 Splash Screen com.wallapop}: mSurfaceController=Surface(name=Splash Screen com.wallapop)/@0x70df1f3 mAnimatingExit=false mRemoveOnExit=false mHasSurface=true surfaceShowing=true isAnimationSet=false app-animation=false mWillReplaceWindow=false inPendingTransaction=false mDisplayFrozen=false callers=com.android.server.wm.WindowState.removeIfPossible:2764 com.android.server.wm.WindowManagerService.removeWindow:1943 com.android.server.wm.Session.remove:268 android.view.ViewRootImpl.dispatchDetachedFromWindow:4565 android.view.ViewRootImpl.doDie:7996 android.view.ViewRootImpl$ViewRootHandler.handleMessage:4987

11-10 10:44:25.426  4211  4310 I WindowManager: Cancelling animation restarting=true, leash=null, surface=Surface(name=96924f1 Splash Screen com.wallapop)/@0x4f23c4, parent=Surface(name=AppWindowToken{229aed7 token=Token{5c7fe56 ActivityRecord{afdf071 u0 com.wallapop/com.rewallapop.ui.wall.WallActivity t2124}}})/@0xdb6cb50

11-10 10:44:25.426  4211  4310 I WindowManager: Reparenting to leash, surface=Surface(name=96924f1 Splash Screen com.wallapop)/@0x4f23c4

11-10 10:44:25.436  3727  3727 I SurfaceFlinger: id=23700 createSurf (4440x4440),2 flag=4, Surface(name=96924f1 Splash Screen com.wallapop)/@0x4f23c4 - animation-leash#0

11-10 10:44:25.441  4211  4310 D WindowManager: makeSurface duration=14 leash=Surface(name=Surface(name=96924f1 Splash Screen com.wallapop)/@0x4f23c4 - animation-leash)/@0x2c39a4e

11-10 10:44:25.441  4211  4310 D SurfaceControl: reparent is called, sc=Surface(name=96924f1 Splash Screen com.wallapop)/@0x4f23c4, newParentHandle=android.os.BinderProxy@ca0a76f, transaction=android.view.SurfaceControl$Transaction@9dda9e2

11-10 10:44:25.453  3727  5001 D Layer   : [96924f1 Splash Screen com.wallapop#0]::reparent oldParent:[AppWindowToken{229aed7 token=Token{5c7fe56 ActivityRecord{afdf071 u0 com.wallapop/com.rewallapop.ui.wall.WallActivity t2124}}}#0], newParent:[Surface(name=96924f1 Splash Screen com.wallapop)/@0x4f23c4 - animation-leash#0]

11-10 10:44:25.455  3727  3727 I SurfaceFlinger:      Device | 0x70dda1f9c0 | 0002 | RGBA_8888 |   0.0    0.0 1080.0 2220.0 |    0    0 1080 2220 | com.wallapop/com.rewallapop.ui.wall.WallActivity[13514]#0

11-10 10:44:25.455  3727  3727 I SurfaceFlinger:      Device | 0x70de034ac0 | 0000 | RGBA_8888 |   0.0    0.0 1080.0 2220.0 |    0    0 1080 2220 | Splash Screen com.wallapop#0

11-10 10:44:25.457  4211  4242 I ActivityManager: Displayed com.wallapop/com.rewallapop.ui.wall.WallActivity: +2s884ms (total +11s955ms)

11-10 10:44:25.595 13514 13514 V InputMethodManager: Starting input: tba=com.wallapop ic=null mNaviBarColor -1 mIsGetNaviBarColorSuccess true , NavVisible : true , NavTrans : false

11-10 10:44:25.598  4211  6751 V InputMethodManagerService: windowGainedFocus : reason=WINDOW_FOCUS_GAIN client=android.os.BinderProxy@a4ef116 inputContext=null missingMethods= attribute=android.view.inputmethod.EditorInfo@3acb081 nm = com.wallapop controlFlags=#104 softInputMode=#110 windowFlags=#81810100

11-10 10:44:25.611  4211  4310 I WindowManager: reset, Reparenting to original parent, shouldDeferScheduleAnimation=false, destroyLeash=true, surface=Surface(name=96924f1 Splash Screen com.wallapop)/@0x4f23c4, parent=Surface(name=AppWindowToken{229aed7 token=Token{5c7fe56 ActivityRecord{afdf071 u0 com.wallapop/com.rewallapop.ui.wall.WallActivity t2124}}})/@0xdb6cb50, parentNativeHandle=android.os.BinderProxy@c3022ad, caller=com.android.server.wm.SurfaceAnimator.lambda$getFinishedCallback$0:97 com.android.server.wm.-$$Lambda$SurfaceAnimator$SIBia0mND666K8lMCPsoid8pUTI.run:4 com.android.server.wm.SurfaceAnimator.lambda$getFinishedCallback$1:104 com.android.server.wm.-$$Lambda$SurfaceAnimator$vdRZk66hQVbQCvVXEaQCT1kVmFc.onAnimationFinished:4 com.android.server.wm.LocalAnimationAdapter.lambda$startAnimation$0:74

11-10 10:44:25.611  4211  4310 D SurfaceControl: reparent is called, sc=Surface(name=96924f1 Splash Screen com.wallapop)/@0x4f23c4, newParentHandle=android.os.BinderProxy@c3022ad, transaction=android.view.SurfaceControl$Transaction@9dda9e2

11-10 10:44:25.612  4211  4310 D SurfaceControl: destroy(transaction), animation-leash is destroyed, sc=Surface(name=Surface(name=96924f1 Splash Screen com.wallapop)/@0x4f23c4 - animation-leash)/@0x2c39a4e, transaction=android.view.SurfaceControl$Transaction@9dda9e2, caller=com.android.server.wm.SurfaceAnimator.reset:338 com.android.server.wm.SurfaceAnimator.lambda$getFinishedCallback$0:97 com.android.server.wm.-$$Lambda$SurfaceAnimator$SIBia0mND666K8lMCPsoid8pUTI.run:4 com.android.server.wm.SurfaceAnimator.lambda$getFinishedCallback$1:104 com.android.server.wm.-$$Lambda$SurfaceAnimator$vdRZk66hQVbQCvVXEaQCT1kVmFc.onAnimationFinished:4 com.android.server.wm.LocalAnimationAdapter.lambda$startAnimation$0:74 com.android.server.wm.-$$Lambda$LocalAnimationAdapter$X--EomqUvw4qy89IeeTFTH7aCMo.run:4

11-10 10:44:25.614  4211  4310 E WindowManager: win=Window{96924f1 u0 Splash Screen com.wallapop EXITING} destroySurfaces: appStopped=false win.mWindowRemovalAllowed=true win.mRemoveOnExit=true win.mViewVisibility=0 caller=com.android.server.wm.AppWindowToken.destroySurfaces:870 com.android.server.wm.AppWindowToken.destroySurfaces:851 com.android.server.wm.WindowState.onExitAnimationDone:5436 com.android.server.wm.WindowStateAnimator.onAnimationFinished:319 com.android.server.wm.WindowState.onAnimationFinished:5858 com.android.server.wm.-$$Lambda$yVRF8YoeNdTa8GR1wDStVsHu8xM.run:2 com.android.server.wm.SurfaceAnimator.lambda$getFinishedCallback$0:100

