Executed '[C365] Purchases: Buy a City Bump for an item and check the counter' on 03-07-2019
---------------------------------------------------------------------------------
07-03 17:57:33.813   874  1027 V MARsPolicyManager: updatePackagesScore PackageInfo name -- com.wallapop

07-03 17:57:33.853   874  1661 V AlarmManager:  remove PendingIntent] PendingIntent{598dd01: PendingIntentRecord{de40689 com.wallapop broadcastIntent}}

07-03 17:57:33.903   874  1028 D StatusBarManagerService: manageDisableList userId=0 what=0x0 pkg=Window{c2570b5 u0 d0 com.wallapop/com.rewallapop.ui.wall.WallActivity}

07-03 17:57:34.053   874  1422 V WindowStateAnimator: Finishing drawing window Window{c2570b5 u0 d0 com.wallapop/com.rewallapop.ui.wall.WallActivity}: mDrawState=DRAW_PENDING

07-03 17:57:34.063   874  1132 I ActivityManager: Displayed com.wallapop/com.rewallapop.ui.wall.WallActivity: +260ms

07-03 17:57:34.283 27090 27090 W View    : requestLayout() improperly called by com.wallapop.design.view.WallapopTextView{eca1d83 V.ED..... ......ID 54,30-630,92 #7f0a08d2 app:id/wp__home__tv_bubble} during layout: running second layout pass

07-03 17:57:34.313   874  1132 I Timeline: Timeline: Activity_windows_visible id: ActivityRecord{70e9bde u0 com.wallapop/com.rewallapop.ui.wall.WallActivity t880} time:56457016

07-03 17:57:36.943 27090 27098 W REALM_JAVA: Remember to call close() on all Realm instances. Realm /data/data/com.wallapop/files/feature_flags is being finalized without being closed, this can lead to running out of native memory.

07-03 17:57:38.983 27090 27090 I Timeline: Timeline: Activity_launch_request id:com.wallapop time:56461682

07-03 17:57:39.003   874  3012 V WindowManager: addAppToken: AppWindowToken{856e106 token=Token{8a4efe1 ActivityRecord{556d548 u0 com.wallapop/com.rewallapop.ui.user.profile.MyProfileActivity t880}}} to stack=1 task=880 at 1

07-03 17:57:39.043   874  1027 V MARsPolicyManager: updatePackagesScore PackageInfo name -- com.wallapop

07-03 17:57:39.073 27090 27090 W ResourcesManager: getTopLevelResources: /data/app/com.wallapop-1/base.apk / 1.0 running in com.wallapop rsrc of package null

07-03 17:57:39.073 27090 27090 W ResourcesManager: getTopLevelResources: /data/app/com.wallapop-1/base.apk / 1.0 running in com.wallapop rsrc of package null

07-03 17:57:39.093   874  4874 V AlarmManager:  remove PendingIntent] PendingIntent{631d3c7: PendingIntentRecord{de40689 com.wallapop broadcastIntent}}

07-03 17:57:39.113   874  1714 D ISSUE_DEBUG: InputChannelName : 99fa91d com.wallapop/com.rewallapop.ui.user.profile.MyProfileActivity

07-03 17:57:39.133   874  1028 D StatusBarManagerService: manageDisableList userId=0 what=0x0 pkg=Window{99fa91d u0 d0 com.wallapop/com.rewallapop.ui.user.profile.MyProfileActivity}

07-03 17:57:39.163   874  1220 V WindowStateAnimator: Finishing drawing window Window{99fa91d u0 d0 com.wallapop/com.rewallapop.ui.user.profile.MyProfileActivity}: mDrawState=DRAW_PENDING

07-03 17:57:39.173   874  1132 I ActivityManager: Displayed com.wallapop/com.rewallapop.ui.user.profile.MyProfileActivity: +138ms

07-03 17:57:39.183 27090 27090 I Timeline: Timeline: Activity_launch_request id:com.wallapop time:56461882

07-03 17:57:39.193   874  1913 V WindowManager: addAppToken: AppWindowToken{a830ade token=Token{b92ba19 ActivityRecord{8410560 u0 com.wallapop/com.rewallapop.ui.user.profile.ProfileActivity t880}}} to stack=1 task=880 at 2

07-03 17:57:39.193   874  1028 D StatusBarManagerService: manageDisableList userId=0 what=0x0 pkg=Window{c2570b5 u0 d0 com.wallapop/com.rewallapop.ui.wall.WallActivity}

07-03 17:57:39.213   874   892 V WindowStateAnimator: Finishing drawing window Window{99fa91d u0 d0 com.wallapop/com.rewallapop.ui.user.profile.MyProfileActivity}: mDrawState=HAS_DRAWN

07-03 17:57:39.243   874  1027 V MARsPolicyManager: updatePackagesScore PackageInfo name -- com.wallapop

07-03 17:57:39.243 27090 27090 W ResourcesManager: getTopLevelResources: /data/app/com.wallapop-1/base.apk / 1.0 running in com.wallapop rsrc of package null

07-03 17:57:39.243 27090 27090 W ResourcesManager: getTopLevelResources: /data/app/com.wallapop-1/base.apk / 1.0 running in com.wallapop rsrc of package null

07-03 17:57:39.293   874  1422 V AlarmManager:  remove PendingIntent] PendingIntent{50e2078: PendingIntentRecord{de40689 com.wallapop broadcastIntent}}

07-03 17:57:39.303   874   892 D ISSUE_DEBUG: InputChannelName : 4713cb7 com.wallapop/com.rewallapop.ui.user.profile.ProfileActivity

07-03 17:57:39.353   874  1028 D StatusBarManagerService: manageDisableList userId=0 what=0x0 pkg=Window{4713cb7 u0 d0 com.wallapop/com.rewallapop.ui.user.profile.ProfileActivity}

07-03 17:57:39.433   874  1723 V WindowStateAnimator: Finishing drawing window Window{4713cb7 u0 d0 com.wallapop/com.rewallapop.ui.user.profile.ProfileActivity}: mDrawState=DRAW_PENDING

07-03 17:57:39.463   874  1132 I ActivityManager: Displayed com.wallapop/com.rewallapop.ui.user.profile.ProfileActivity: +236ms

07-03 17:57:39.463   874  1132 I Timeline: Timeline: Activity_windows_visible id: ActivityRecord{556d548 u0 com.wallapop/com.rewallapop.ui.user.profile.MyProfileActivity t880 f} time:56462165

07-03 17:57:39.483   874  1220 V WindowStateAnimator: Finishing drawing window Window{4713cb7 u0 d0 com.wallapop/com.rewallapop.ui.user.profile.ProfileActivity}: mDrawState=HAS_DRAWN

07-03 17:57:39.713   874  1132 I Timeline: Timeline: Activity_windows_visible id: ActivityRecord{8410560 u0 com.wallapop/com.rewallapop.ui.user.profile.ProfileActivity t880} time:56462411

07-03 17:57:39.753 27090 27090 W GmsClientEvents: unregisterConnectionFailedListener(): listener GooglePlayServicesHeadlessFragment{a2fde34 (b2deff5d-f37c-4d0b-95b0-4a26d940845a) com.wallapop.fragments.headless.GooglePlayServicesHeadlessFragment} not found

07-03 17:57:39.753 27090 27090 W GmsClientEvents: unregisterConnectionCallbacks(): listener GooglePlayServicesHeadlessFragment{a2fde34 (b2deff5d-f37c-4d0b-95b0-4a26d940845a) com.wallapop.fragments.headless.GooglePlayServicesHeadlessFragment} not found

07-03 17:57:39.753 27090 27090 V ActivityThread: updateVisibility : ActivityRecord{5457f2b token=android.os.BinderProxy@adc0cb8 {com.wallapop/com.rewallapop.ui.wall.WallActivity}} show : false

07-03 17:57:39.783 27090  2161 E WallapopError: 	at com.wallapop.kernel.l.a$a.a(SourceFile:5)

07-03 17:57:39.783 27090  2161 E WallapopError: 	at com.wallapop.kernel.l.g$a.a(SourceFile:8)

07-03 17:57:39.783 27090  2161 E WallapopError: 	at com.wallapop.kernel.l.a$a.b(SourceFile)

07-03 17:57:39.783 27090  2161 E WallapopError: 	at com.wallapop.kernel.extension.a.b(SourceFile:21)

07-03 17:57:40.143 27090 27090 W View    : requestLayout() improperly called by com.wallapop.design.view.WallapopTextView{c34369b V.ED..... ..S..AID 0,23-285,105 #7f0a0255 app:id/counterView} during layout: running second layout pass


