Executed 'TestRailTest_01()' on 04-11-2019
---------------------------------------------------------------------------------
11-14 16:58:44.063  4211  4390 D WifiTrafficPoller: TrafficStats TxPkts=965155 RxPkts=1698102 TxBytes=207505442 RxBytes=1623133641 , Foreground uid=10313 pkgName=com.wallapop TxPackets=52884 RxPackets=47770 TxBytes=10854189 RxBytes=34312860

11-14 16:58:48.156  4211  4390 D WifiTrafficPoller: TrafficStats TxPkts=965164 RxPkts=1698116 TxBytes=207506224 RxBytes=1623135813 , Foreground uid=10313 pkgName=com.wallapop TxPackets=52888 RxPackets=47773 TxBytes=10854601 RxBytes=34313285

11-14 16:58:53.249  4211  4390 D WifiTrafficPoller: TrafficStats TxPkts=965175 RxPkts=1698129 TxBytes=207506934 RxBytes=1623140695 , Foreground uid=10313 pkgName=com.wallapop TxPackets=52896 RxPackets=47778 TxBytes=10855136 RxBytes=34317228

11-14 16:58:58.345  4211  4390 D WifiTrafficPoller: TrafficStats TxPkts=965184 RxPkts=1698139 TxBytes=207507509 RxBytes=1623145126 , Foreground uid=10313 pkgName=com.wallapop TxPackets=52904 RxPackets=47783 TxBytes=10855671 RxBytes=34321170

11-14 16:59:02.438  4211  4390 D WifiTrafficPoller: TrafficStats TxPkts=965195 RxPkts=1698154 TxBytes=207508148 RxBytes=1623150418 , Foreground uid=10313 pkgName=com.wallapop TxPackets=52912 RxPackets=47788 TxBytes=10856206 RxBytes=34325112

11-14 16:59:06.534  4211  4390 D WifiTrafficPoller: TrafficStats TxPkts=965206 RxPkts=1698164 TxBytes=207508933 RxBytes=1623155097 , Foreground uid=10313 pkgName=com.wallapop TxPackets=52920 RxPackets=47793 TxBytes=10856741 RxBytes=34329055

11-14 16:59:10.629  4211  4390 D WifiTrafficPoller: TrafficStats TxPkts=965232 RxPkts=1698197 TxBytes=207513599 RxBytes=1623168026 , Foreground uid=10313 pkgName=com.wallapop TxPackets=52928 RxPackets=47798 TxBytes=10857276 RxBytes=34332998

11-14 16:59:14.722  4211  4390 D WifiTrafficPoller: TrafficStats TxPkts=965232 RxPkts=1698208 TxBytes=207513599 RxBytes=1623170497 , Foreground uid=10313 pkgName=com.wallapop TxPackets=52928 RxPackets=47798 TxBytes=10857276 RxBytes=34332998

11-14 16:59:18.816  4211  4390 D WifiTrafficPoller: TrafficStats TxPkts=965241 RxPkts=1698229 TxBytes=207514174 RxBytes=1623177149 , Foreground uid=10313 pkgName=com.wallapop TxPackets=52936 RxPackets=47803 TxBytes=10857811 RxBytes=34336940

11-14 16:59:22.909  4211  4390 D WifiTrafficPoller: TrafficStats TxPkts=965252 RxPkts=1698258 TxBytes=207514813 RxBytes=1623184460 , Foreground uid=10313 pkgName=com.wallapop TxPackets=52944 RxPackets=47808 TxBytes=10858346 RxBytes=34340882

11-14 16:59:27.004  4211  4390 D WifiTrafficPoller: TrafficStats TxPkts=965263 RxPkts=1698293 TxBytes=207515598 RxBytes=1623195939 , Foreground uid=10313 pkgName=com.wallapop TxPackets=52952 RxPackets=47813 TxBytes=10858881 RxBytes=34344823

11-14 16:59:31.095  4211  4390 D WifiTrafficPoller: TrafficStats TxPkts=965272 RxPkts=1698325 TxBytes=207516173 RxBytes=1623206502 , Foreground uid=10313 pkgName=com.wallapop TxPackets=52960 RxPackets=47818 TxBytes=10859416 RxBytes=34348766

11-14 16:59:36.177  4211  4390 D WifiTrafficPoller: TrafficStats TxPkts=965278 RxPkts=1698334 TxBytes=207516621 RxBytes=1623210839 , Foreground uid=10313 pkgName=com.wallapop TxPackets=52966 RxPackets=47823 TxBytes=10859864 RxBytes=34352709

11-14 16:59:40.254  4211  4390 D WifiTrafficPoller: TrafficStats TxPkts=965283 RxPkts=1698343 TxBytes=207516812 RxBytes=1623211635 , Foreground uid=10313 pkgName=com.wallapop TxPackets=52968 RxPackets=47823 TxBytes=10859951 RxBytes=34352709

11-14 16:59:44.349  4211  4390 D WifiTrafficPoller: TrafficStats TxPkts=965291 RxPkts=1698364 TxBytes=207517347 RxBytes=1623218986 , Foreground uid=10313 pkgName=com.wallapop TxPackets=52976 RxPackets=47828 TxBytes=10860486 RxBytes=34356650

11-14 16:59:46.078 15596 18558 I chatty  : uid=10313(com.wallapop) identical 2 lines

11-14 16:59:48.416  4211  4390 D WifiTrafficPoller: TrafficStats TxPkts=965318 RxPkts=1698391 TxBytes=207520833 RxBytes=1623229445 , Foreground uid=10313 pkgName=com.wallapop TxPackets=52997 RxPackets=47844 TxBytes=10863534 RxBytes=34365477

11-14 16:59:52.518  4211  4390 D WifiTrafficPoller: TrafficStats TxPkts=965329 RxPkts=1698404 TxBytes=207521512 RxBytes=1623234764 , Foreground uid=10313 pkgName=com.wallapop TxPackets=53005 RxPackets=47849 TxBytes=10864069 RxBytes=34369419

11-14 16:59:56.612  4211  4390 D WifiTrafficPoller: TrafficStats TxPkts=965329 RxPkts=1698409 TxBytes=207521512 RxBytes=1623235564 , Foreground uid=10313 pkgName=com.wallapop TxPackets=53005 RxPackets=47849 TxBytes=10864069 RxBytes=34369419

11-14 17:00:00.674  4211  4390 D WifiTrafficPoller: TrafficStats TxPkts=965359 RxPkts=1698447 TxBytes=207532116 RxBytes=1623252526 , Foreground uid=10313 pkgName=com.wallapop TxPackets=53013 RxPackets=47854 TxBytes=10864604 RxBytes=34373361

11-14 17:00:04.752  4211  4390 D WifiTrafficPoller: TrafficStats TxPkts=965368 RxPkts=1698458 TxBytes=207532691 RxBytes=1623259923 , Foreground uid=10313 pkgName=com.wallapop TxPackets=53021 RxPackets=47859 TxBytes=10865139 RxBytes=34377303

11-14 17:00:08.820  4211  4390 D WifiTrafficPoller: TrafficStats TxPkts=965380 RxPkts=1698468 TxBytes=207533532 RxBytes=1623264452 , Foreground uid=10313 pkgName=com.wallapop TxPackets=53029 RxPackets=47864 TxBytes=10865674 RxBytes=34381245

11-14 17:00:12.918  4211  4390 D WifiTrafficPoller: TrafficStats TxPkts=965390 RxPkts=1698483 TxBytes=207534159 RxBytes=1623269491 , Foreground uid=10313 pkgName=com.wallapop TxPackets=53037 RxPackets=47869 TxBytes=10866209 RxBytes=34385187

11-14 17:00:17.012  4211  4390 D WifiTrafficPoller: TrafficStats TxPkts=965390 RxPkts=1698493 TxBytes=207534159 RxBytes=1623270885 , Foreground uid=10313 pkgName=com.wallapop TxPackets=53037 RxPackets=47869 TxBytes=10866209 RxBytes=34385187

11-14 17:00:18.139 15596 15607 I com.wallapop: Background concurrent copying GC freed 467048(18MB) AllocSpace objects, 1(68KB) LOS objects, 50% free, 17MB/34MB, paused 1.453ms total 206.973ms

11-14 17:00:22.107  4211  4390 D WifiTrafficPoller: TrafficStats TxPkts=965399 RxPkts=1698505 TxBytes=207534734 RxBytes=1623275726 , Foreground uid=10313 pkgName=com.wallapop TxPackets=53045 RxPackets=47874 TxBytes=10866744 RxBytes=34389129

11-14 17:00:26.201  4211  4390 D WifiTrafficPoller: TrafficStats TxPkts=965410 RxPkts=1698517 TxBytes=207535519 RxBytes=1623280558 , Foreground uid=10313 pkgName=com.wallapop TxPackets=53053 RxPackets=47879 TxBytes=10867279 RxBytes=34393071

11-14 17:00:31.302  4211  4390 D WifiTrafficPoller: TrafficStats TxPkts=965419 RxPkts=1698525 TxBytes=207536094 RxBytes=1623284894 , Foreground uid=10313 pkgName=com.wallapop TxPackets=53061 RxPackets=47884 TxBytes=10867814 RxBytes=34397012

11-14 17:00:35.402  4211  4390 D WifiTrafficPoller: TrafficStats TxPkts=965432 RxPkts=1698541 TxBytes=207537041 RxBytes=1623289797 , Foreground uid=10313 pkgName=com.wallapop TxPackets=53069 RxPackets=47889 TxBytes=10868349 RxBytes=34400954

11-14 17:00:39.500  4211  4390 D WifiTrafficPoller: TrafficStats TxPkts=965440 RxPkts=1698548 TxBytes=207537576 RxBytes=1623294016 , Foreground uid=10313 pkgName=com.wallapop TxPackets=53077 RxPackets=47894 TxBytes=10868884 RxBytes=34404896

11-14 17:00:43.589  4211  4390 D WifiTrafficPoller: TrafficStats TxPkts=965440 RxPkts=1698551 TxBytes=207537576 RxBytes=1623294488 , Foreground uid=10313 pkgName=com.wallapop TxPackets=53077 RxPackets=47894 TxBytes=10868884 RxBytes=34404896

11-14 17:00:47.686  4211  4390 D WifiTrafficPoller: TrafficStats TxPkts=965455 RxPkts=1698562 TxBytes=207538585 RxBytes=1623298862 , Foreground uid=10313 pkgName=com.wallapop TxPackets=53087 RxPackets=47901 TxBytes=10869523 RxBytes=34408973

11-14 17:00:51.781  4211  4390 D WifiTrafficPoller: TrafficStats TxPkts=965469 RxPkts=1698579 TxBytes=207539691 RxBytes=1623304230 , Foreground uid=10313 pkgName=com.wallapop TxPackets=53098 RxPackets=47910 TxBytes=10870461 RxBytes=34413453

11-14 17:00:56.887  4211  4390 D WifiTrafficPoller: TrafficStats TxPkts=965478 RxPkts=1698592 TxBytes=207540266 RxBytes=1623309383 , Foreground uid=10313 pkgName=com.wallapop TxPackets=53106 RxPackets=47915 TxBytes=10870996 RxBytes=34417395

11-14 17:00:58.052 15596 15596 V InputMethodManager: Starting input: tba=com.wallapop ic=null mNaviBarColor -1 mIsGetNaviBarColorSuccess true , NavVisible : true , NavTrans : false

11-14 17:00:58.483  4211  4211 D Telecom:SamsungPrebindingServiceImpl: onTopActivityChanged : ComponentInfo{com.wallapop/com.rewallapop.ui.wall.WallActivity}

11-14 17:00:58.646  4211  6257 D SamsungAlarmManager: Cancel Alarm calling from uid:10313 pid :15596 / op:PendingIntent{fe4b310: PendingIntentRecord{db9edd com.wallapop broadcastIntent}}

11-14 17:00:58.650 15596 15596 W GmsClientEvents: unregisterConnectionFailedListener(): listener GooglePlayServicesHeadlessFragment{750e408 (ed130c6b-4ba2-4942-a634-f5383f08eb66) com.wallapop.fragments.headless.GooglePlayServicesHeadlessFragment} not found

11-14 17:00:58.651 15596 15596 W GmsClientEvents: unregisterConnectionCallbacks(): listener GooglePlayServicesHeadlessFragment{750e408 (ed130c6b-4ba2-4942-a634-f5383f08eb66) com.wallapop.fragments.headless.GooglePlayServicesHeadlessFragment} not found

11-14 17:01:08.915  4211  6753 D SamsungAlarmManager: Cancel Alarm calling from uid:10313 pid :15596 / op:PendingIntent{9839ea0: PendingIntentRecord{db9edd com.wallapop broadcastIntent}}

11-14 17:01:13.639  4211  6753 D SamsungAlarmManager: Cancel Alarm calling from uid:10313 pid :15596 / op:PendingIntent{9446315: PendingIntentRecord{6dc8324 com.wallapop broadcastIntent}}

11-14 17:03:01.483 15596 15596 V InputMethodManager: Starting input: tba=com.wallapop ic=null mNaviBarColor -1 mIsGetNaviBarColorSuccess true , NavVisible : true , NavTrans : false

11-14 17:03:01.502  4211  4244 D GameManagerService: noteResumeComponent(), resumeComponent: com.wallapop

11-14 17:03:01.503  4211  4244 D MARsPolicyManager: onPackageResumedFG pkgName = com.wallapop, userId = 0

11-14 17:03:01.503  4211  4473 D GameManagerService: handleForegroundChange(). pkgName: com.wallapop, clsName: com.rewallapop.ui.wall.WallActivity,FgActivityName:com.wallapop/com.rewallapop.ui.wall.WallActivity

11-14 17:03:01.522  4211  4228 I WindowManager: Waiting for drawn Window{93bdd76 u0 com.wallapop/com.rewallapop.ui.wall.WallActivity}: removed=false visible=true mHasSurface=true drawState=1

11-14 17:03:01.524  4211  4310 V WindowManager: Resize reasons for w=Window{93bdd76 u0 com.wallapop/com.rewallapop.ui.wall.WallActivity}:  contentInsetsChanged=true [0,63][0,126] visibleInsetsChanged=false [0,63][0,126] stableInsetsChanged=false [0,63][0,126] outsetsChanged=false [0,0][0,0] surfaceResized=false configChanged=false dragResizingChanged=false reportOrientationChanged=false displayCutoutChanged=false nextForceRelayoutToClient=false

11-14 17:03:01.527  4211  4310 I WindowManager: Waiting for drawn Window{93bdd76 u0 com.wallapop/com.rewallapop.ui.wall.WallActivity}: removed=false visible=true mHasSurface=true drawState=1

11-14 17:03:01.541  4211  4310 I WindowManager: Waiting for drawn Window{93bdd76 u0 com.wallapop/com.rewallapop.ui.wall.WallActivity}: removed=false visible=true mHasSurface=true drawState=1

11-14 17:03:01.566  4211  4211 D MdnieScenarioControlService:  packageName : com.wallapop    className : com.rewallapop.ui.wall.WallActivity

11-14 17:03:01.567  4211  4473 D GameManagerService:   handleUserPresent(). resume signal is needed for com.wallapop

11-14 17:03:01.574  4211  4310 I WindowManager: Waiting for drawn Window{93bdd76 u0 com.wallapop/com.rewallapop.ui.wall.WallActivity}: removed=false visible=true mHasSurface=true drawState=1

11-14 17:03:01.575  4211  4211 D GameManagerService: identifyGamePackage. com.wallapop

11-14 17:03:01.575  4211  4211 D GamePkgDataHelper: getGamePkgData(). com.wallapop

11-14 17:03:01.631  4211  4390 D WifiTrafficPoller: TrafficStats TxPkts=965542 RxPkts=1698654 TxBytes=207550237 RxBytes=1623334727 , Foreground uid=10313 pkgName=com.wallapop TxPackets=53153 RxPackets=47953 TxBytes=10878695 RxBytes=34436729

11-14 17:03:01.663 15596 15596 E com.wallapop: No package ID 47 found for ID 0x47470002.

11-14 17:03:01.679  4211  5504 D SamsungAlarmManager: Cancel Alarm calling from uid:10313 pid :15596 / op:PendingIntent{44c21c4: PendingIntentRecord{8a1fbd3 com.wallapop broadcastIntent}}

11-14 17:03:01.748 15596 18926 W System.err: com.wallapop.kernel.exception.WallapopException

11-14 17:03:01.750 15596 18926 W System.err: 	at com.wallapop.thirdparty.featureflag.e.c(SourceFile:38)

11-14 17:03:01.750 15596 18926 W System.err: 	at com.wallapop.thirdparty.featureflag.e.a(SourceFile:24)

11-14 17:03:01.750 15596 18926 W System.err: 	at com.wallapop.featureflag.FeatureFlagRepository.e(SourceFile:28)

11-14 17:03:01.750 15596 18926 W System.err: 	at com.wallapop.featureflag.FeatureFlagRepository.a(SourceFile:20)

11-14 17:03:01.752 15596 18926 W System.err: 	at com.wallapop.featureflag.l.a(SourceFile:12)

11-14 17:03:01.752 15596 18926 W System.err: 	at com.wallapop.featureflag.n.a(SourceFile:9)

11-14 17:03:01.752 15596 18926 W System.err: 	at com.wallapop.featureflag.d.a(SourceFile:21)

11-14 17:03:02.025  4211  4680 D WindowManager: finishDrawingWindow: Window{93bdd76 u0 com.wallapop/com.rewallapop.ui.wall.WallActivity} mDrawState=DRAW_PENDING

11-14 17:03:02.027  4211  4310 I WindowManager: commitFinishDrawingLocked: mDrawState=READY_TO_SHOW Surface(name=com.wallapop/com.rewallapop.ui.wall.WallActivity[15596])/@0x6943a86

11-14 17:03:02.027  4211  4310 V WindowManager: performShowLocked: mDrawState=HAS_DRAWN in Window{93bdd76 u0 com.wallapop/com.rewallapop.ui.wall.WallActivity}

11-14 17:03:02.030  4211  4310 I WindowManager: Waiting for drawn Window{93bdd76 u0 com.wallapop/com.rewallapop.ui.wall.WallActivity}: removed=false visible=true mHasSurface=true drawState=4

11-14 17:03:02.030  4211  4310 D WindowManager: Window drawn win=Window{93bdd76 u0 com.wallapop/com.rewallapop.ui.wall.WallActivity}

11-14 17:03:02.065  3727  3727 I SurfaceFlinger:      Device | 0x70dda21400 | 0002 | RGBA_8888 |   0.0    0.0 1080.0 2220.0 |    0    0 1080 2220 | com.wallapop/com.rewallapop.ui.wall.WallActivity[15596]#0

11-14 17:03:02.370 19011 19098 I appium  : AppiumResponse: {"sessionId":"5a4c9845-63b3-4cba-be66-314ef8ba79b7","value":{"sessionId":"5a4c9845-63b3-4cba-be66-314ef8ba79b7","capabilities":{"firstMatch":[{"platform":"LINUX","webStorageEnabled":false,"takesScreenshot":true,"javascriptEnabled":true,"databaseEnabled":false,"networkConnectionEnabled":true,"locationContextEnabled":false,"warnings":{},"desired":{"platformName":"android","normalizeTagNames":true,"androidInstallTimeout":150000,"app":"","appActivity":"com.rewallapop.ui.main.MainActivity","appPackage":"com.wallapop","isHeadless":false,"skipDeviceInitialization":true,"autoAcceptAlerts":true,"autoGrantPermissions":true,"automationName":"UiAutomator2","avd":"","deviceName":"3200f02dc0aab5db","deviceReadyTimeout":1,"fullReset":false,"ignoreUnimportantViews":true,"newCommandTimeout":60,"noReset":true,"systemPort":8223,"udid":"3200f02dc0aab5db"},"platformName":"android","normalizeTagNames":true,"androidInstallTimeout":150000,"app":"","appActivity":"com.rewallapop.ui.main.MainActivity","appPackage":"com.wallapop","isHeadless":false,"skipDeviceInitialization":true,"autoAcceptAlerts":true,"autoGrantPermissions":true,"automationName":"UiAutomator2","avd":"","deviceName":"3200f02dc0aab5db","deviceReadyTimeout":1,"fullReset":false,"ignoreUnimportantViews":true,"newCommandTimeout":60,"noReset":true,"systemPort":8223,"udid":"3200f02dc0aab5db","deviceUDID":"3200f02dc0aab5db"}],"alwaysMatch":{}}}}

11-14 17:03:02.413 15596 15607 I com.wallapop: Background concurrent copying GC freed 318623(14MB) AllocSpace objects, 68(2MB) LOS objects, 50% free, 17MB/35MB, paused 360us total 128.680ms

11-14 17:03:02.415 15596 15596 W com.wallapop: Accessing hidden field Landroid/view/View;->mAccessibilityDelegate:Landroid/view/View$AccessibilityDelegate; (light greylist, reflection)

11-14 17:03:02.417 15596 15605 W REALM_JAVA: Remember to call close() on all Realm instances. Realm /data/data/com.wallapop/files/feature_flags is being finalized without being closed, this can lead to running out of native memory.

11-14 17:03:02.417 15596 15605 W REALM_JAVA: Remember to call close() on all Realm instances. Realm /data/data/com.wallapop/files/chat_inbox_mxzo705wv4j9 is being finalized without being closed, this can lead to running out of native memory.

11-14 17:03:02.418 15596 15605 W REALM_JAVA: Remember to call close() on all Realm instances. Realm /data/data/com.wallapop/files/feature_flags is being finalized without being closed, this can lead to running out of native memory.

11-14 17:03:02.419 15596 15605 W REALM_JAVA: Remember to call close() on all Realm instances. Realm /data/data/com.wallapop/files/feature_flags is being finalized without being closed, this can lead to running out of native memory.

11-14 17:03:02.419 15596 15605 W REALM_JAVA: Remember to call close() on all Realm instances. Realm /data/data/com.wallapop/files/pending_events_queue_vxpzpymr4z30 is being finalized without being closed, this can lead to running out of native memory.

11-14 17:03:02.477 15596 15596 W View    : requestLayout() improperly called by com.wallapop.design.view.WallapopTextView{d42abfe V.ED..... ......ID 47,26-611,86 #7f0a0904 app:id/wp__home__tv_bubble} during layout: running second layout pass

11-14 17:03:02.997 15596 15596 W com.wallapop: Accessing hidden method Landroid/view/WindowManagerGlobal;->getInstance()Landroid/view/WindowManagerGlobal; (light greylist, reflection)

11-14 17:03:02.998 15596 15596 W com.wallapop: Accessing hidden field Landroid/view/WindowManagerGlobal;->mRoots:Ljava/util/ArrayList; (light greylist, reflection)

11-14 17:03:02.998 15596 15596 W com.wallapop: Accessing hidden field Landroid/view/ViewRootImpl;->mStopped:Z (light greylist, reflection)

11-14 17:03:03.075  4211  5662 I ActivityManager: Force stopping com.wallapop appid=10313 user=0: from pid 19115 caller com.android.server.am.ActivityManagerShellCommand.runStartActivity:412

11-14 17:03:03.077  4211  5662 I ActivityManager: Killing 15596:com.wallapop/u0a313 (adj 0): stop com.wallapop,from pid 19115 caller com.android.server.am.ActivityManagerShellCommand.runStartActivity:412

11-14 17:03:03.085  4211  5662 W ActivityManager: Scheduling restart of crashed service com.wallapop/com.rewallapop.ui.debug.view.DebugActivity$Service in 1000ms

11-14 17:03:03.086  4211  5662 W ActivityManager: Force removing ActivityRecord{86644e5 u0 com.wallapop/com.rewallapop.ui.wall.WallActivity t2186}: app died, no saved state

11-14 17:03:03.091 23911 23911 D Notification.Badge: [invalid] onNotificationRemoved : StatusBarNotification(pkg=com.wallapop user=UserHandle{0} id=999 tag=null key=0|com.wallapop|999|null|10313: Notification(channel=wallapop_channel pri=-2 contentView=null vibrate=null sound=null defaults=0x0 flags=0x62 color=0x00000000 vis=PRIVATE semFlags=0x0 semPriority=0 semMissedCount=0))

11-14 17:03:03.092  4211  5662 V WindowManager: Changing focus from Window{93bdd76 u0 com.wallapop/com.rewallapop.ui.wall.WallActivity} to null Callers=com.android.server.wm.AppWindowToken.setVisibility:536 com.android.server.wm.AppWindowToken.onRemovedFromDisplay:766 com.android.server.wm.DisplayContent.removeAppToken:1079 com.android.server.wm.AppWindowContainerController.removeContainer:305

11-14 17:03:03.099  4211  5662 V WindowManager: Setting visibility of Window{93bdd76 u0 com.wallapop/com.rewallapop.ui.wall.WallActivity}: false, caller=com.android.server.wm.WindowContainer.sendAppVisibilityToClients:615 com.android.server.wm.AppWindowToken.setClientHidden:460 com.android.server.wm.AppWindowToken.onAnimationFinished:2383 com.android.server.wm.AppWindowToken.setVisibility:551 com.android.server.wm.AppWindowToken.onRemovedFromDisplay:766

11-14 17:03:03.100  4211  5662 I WindowManager: Cancelling animation restarting=false, leash=null, surface=Surface(name=AppWindowToken{e2a1a6b token=Token{aa74bba ActivityRecord{86644e5 u0 com.wallapop/com.rewallapop.ui.wall.WallActivity t2186}}})/@0x434d18, parent=Surface(name=Task=2186)/@0xcfb2083

11-14 17:03:03.101  4211  5662 V WindowManager: Remove Window{93bdd76 u0 com.wallapop/com.rewallapop.ui.wall.WallActivity}: mSurfaceController=Surface(name=com.wallapop/com.rewallapop.ui.wall.WallActivity[15596])/@0x6943a86 mAnimatingExit=false mRemoveOnExit=false mHasSurface=true surfaceShowing=false isAnimationSet=false app-animation=false mWillReplaceWindow=false inPendingTransaction=false mDisplayFrozen=false callers=com.android.server.wm.WindowState.removeIfPossible:2764 com.android.server.wm.WindowToken.removeAllWindowsIfPossible:150 com.android.server.wm.AppWindowToken.removeIfPossible:743 com.android.server.wm.AppWindowToken.onRemovedFromDisplay:819 com.android.server.wm.DisplayContent.removeAppToken:1079 com.android.server.wm.AppWindowContainerController.removeContainer:305

11-14 17:03:03.103  4211  5662 I WindowManager: Destroying surface Surface(name=com.wallapop/com.rewallapop.ui.wall.WallActivity[15596])/@0x6943a86 called by com.android.server.wm.WindowStateAnimator.destroySurface:1901 com.android.server.wm.WindowStateAnimator.destroySurfaceLocked:838 com.android.server.wm.WindowState.removeImmediately:2743 com.android.server.wm.WindowState.removeIfPossible:2893 com.android.server.wm.WindowState.removeIfPossible:2764 com.android.server.wm.WindowToken.removeAllWindowsIfPossible:150 com.android.server.wm.AppWindowToken.removeIfPossible:743 com.android.server.wm.AppWindowToken.onRemovedFromDisplay:819

11-14 17:03:03.103  3727  3771 I SurfaceFlinger: id=28031 Removed com.wallapop/com.rewallapop.ui.wall.WallActivity[15596]#0 (0/62)

11-14 17:03:03.106  3727  3727 I Layer   : id=28031 onRemoved com.wallapop/com.rewallapop.ui.wall.WallActivity[15596]#0

11-14 17:03:03.110  3727  3964 I SurfaceFlinger: id=27986 Removed 93bdd76 com.wallapop/com.rewallapop.ui.wall.WallActivity#0 (0/61)

11-14 17:03:03.115  3727  3964 I SurfaceFlinger: id=27711 Removed AppWindowToken{e2a1a6b token=Token{aa74bba ActivityRecord{86644e5 u0 com.wallapop/com.rewallapop.ui.wall.WallActivity t2186}}}#0 (0/60)

11-14 17:03:03.117  4211  4242 D WindowManager: reportFocusChangedSerialized, focused=false, inTouchMode=true, win=Window{93bdd76 u0 com.wallapop/com.rewallapop.ui.wall.WallActivity}

11-14 17:03:03.122  3727  3727 I Layer   : id=27711 onRemoved AppWindowToken{e2a1a6b token=Token{aa74bba ActivityRecord{86644e5 u0 com.wallapop/com.rewallapop.ui.wall.WallActivity t2186}}}#0

11-14 17:03:03.123  3727  3727 I Layer   : id=27986 onRemoved 93bdd76 com.wallapop/com.rewallapop.ui.wall.WallActivity#0

11-14 17:03:03.192  4211  4227 W BroadcastQueue: Background execution not allowed: receiving Intent { act=android.intent.action.PACKAGE_RESTARTED dat=package:com.wallapop flg=0x10 (has extras) } to android/com.kddi.android.CpaNotiReceiver

11-14 17:03:03.201  4211  4211 D SamsungAlarmManager: Remove alarm for next reason : android.intent.action.PACKAGE_RESTARTED : package: com.wallapop

11-14 17:03:03.213 23911 23978 D Notification.Badge: updateLauncherIconBadges() item : [IconInfo(title=_Wallapop_ intent=Intent { act=android.intent.action.MAIN cat=[android.intent.category.LAUNCHER] flg=0x10200000 cmp=com.wallapop/.activities.HomeActivity (has extras) } id=162 type=0 container=-102 screen=1 cellX=3 cellY=0 spanX=1 spanY=1 rank=3 hidden=0 dropPos=null user=UserHandle{0} screenType=0)], mShowBadge : [false], item.mBadgeCount : [0]

11-14 17:03:03.234 23911 20468 I AppIconSolution: load=com.wallapop, bg=144-144, dr=126-126, forDefault=true, density=0

11-14 17:03:03.236 23911 20468 I AppIconSolution: load=com.wallapop-contain, bg=166-166, dr=126-126

11-14 17:03:03.245 23911 23911 D RecommendedView: updateBadgeItems: [IconInfo(title=_Wallapop_ intent=Intent { act=android.intent.action.MAIN cat=[android.intent.category.LAUNCHER] flg=0x10200000 cmp=com.wallapop/.activities.HomeActivity (has extras) } id=162 type=0 container=-102 screen=1 cellX=3 cellY=0 spanX=1 spanY=1 rank=3 hidden=0 dropPos=null user=UserHandle{0} screenType=0)]

11-14 17:03:03.432  4211  5662 I ActivityManager: START u0 {act=null typ=null flg=0x10000000 cmp=ComponentInfo{com.wallapop/com.rewallapop.ui.main.MainActivity}} from uid 2000

11-14 17:03:03.436  4211  5662 I ActivityManager: [IOP] sourceDir : /data/app/com.wallapop-N9ua0QKKrjIAApR3SfN52w== in ActivityStacksupervisor

11-14 17:03:03.456  3727  3727 I SurfaceFlinger: id=28049 createSurf (4440x4440),2 flag=4, AppWindowToken{36b695 token=Token{355764c ActivityRecord{5b3167f u0 com.wallapop/com.rewallapop.ui.main.MainActivity t2188}}}#0

11-14 17:03:03.479  3727  3727 I SurfaceFlinger: id=28050 createSurf (4440x4440),2 flag=4, b85a84e Splash Screen com.wallapop#0

11-14 17:03:03.487  4211  4679 D StorageManagerService: getExternalStorageMountMode : final mountMode=1, uid : 10313, packageName : com.wallapop

11-14 17:03:03.487  4211  4679 I ApplicationPolicy: isApplicationExternalStorageWhitelisted:com.wallapop user:0

11-14 17:03:03.488  4211  4679 D ActivityManager: package  com.wallapop, user - 0 is SDcard whitelisted

11-14 17:03:03.488  4211  4679 I ApplicationPolicy: isApplicationExternalStorageBlacklisted:com.wallapop user:0

11-14 17:03:03.488  4211  4679 I ApplicationPolicy: isApplicationExternalStorageBlacklisted:com.wallapop user:0

11-14 17:03:03.489  4211  4211 D Telecom:SamsungPrebindingServiceImpl: onTopActivityChanged : ComponentInfo{com.wallapop/com.rewallapop.ui.main.MainActivity}

11-14 17:03:03.495  4211  4310 V WindowManager: Relayout Window{b85a84e u0 Splash Screen com.wallapop}: viewVisibility=0 req=1080x2220 {(0,0)(fillxfill) sim={adjust=pan} ty=APPLICATION_STARTING fmt=TRANSLUCENT wanim=0x10302fe

11-14 17:03:03.499  3727  3727 I SurfaceFlinger: id=28051 createSurf (1080x2220),1 flag=4, Splash Screen com.wallapop#0

11-14 17:03:03.502  4211  4310 D WindowManager: makeSurface duration=3 name=Splash Screen com.wallapop

11-14 17:03:03.511  4211  4679 V WindowManager: Resize reasons for w=Window{b85a84e u0 Splash Screen com.wallapop}:  contentInsetsChanged=false [0,63][0,126] visibleInsetsChanged=false [0,63][0,126] stableInsetsChanged=false [0,63][0,126] outsetsChanged=false [0,0][0,0] surfaceResized=false configChanged=false dragResizingChanged=false reportOrientationChanged=false displayCutoutChanged=false nextForceRelayoutToClient=false

11-14 17:03:03.512  4211  4229 I ActivityManager: Start proc 19123:com.wallapop/u0a313 for activity com.wallapop/com.rewallapop.ui.main.MainActivity

11-14 17:03:03.518 19123 19123 I com.wallapop: Late-enabling -Xcheck:jni

11-14 17:03:03.542  4211  4310 D WindowManager: finishDrawingWindow: Window{b85a84e u0 Splash Screen com.wallapop} mDrawState=DRAW_PENDING

11-14 17:03:03.544  4211  4310 I WindowManager: commitFinishDrawingLocked: mDrawState=READY_TO_SHOW Surface(name=Splash Screen com.wallapop)/@0x44a7326

11-14 17:03:03.550 19123 19123 I com.wallapop: report jit thread pid = 19128

11-14 17:03:03.560  4211  4310 I WindowManager: commitFinishDrawingLocked: mDrawState=READY_TO_SHOW Surface(name=Splash Screen com.wallapop)/@0x44a7326

11-14 17:03:03.568  4211  4679 I ActivityManager: DSS on for com.wallapop and scale is 1.0

11-14 17:03:03.572  4211  4679 I WindowManager: commitFinishDrawingLocked: mDrawState=READY_TO_SHOW Surface(name=Splash Screen com.wallapop)/@0x44a7326

11-14 17:03:03.578  4211  4679 D GamePkgDataHelper: notifyAppCreate(), pkgName: com.wallapop, sendRet: true

11-14 17:03:03.578  4211  4473 D GamePkgDataHelper: getGamePkgData(). com.wallapop

11-14 17:03:03.578  4211  4473 D GameManagerService: handleMessage(), MSG_APP_CREATE. ignore. pkgName: com.wallapop

11-14 17:03:03.581  4211  4679 D GameManagerService: noteResumeComponent(), resumeComponent: com.wallapop

11-14 17:03:03.581  4211  4679 D GamePkgDataHelper: getSosPolicy(). com.wallapop

11-14 17:03:03.581  4211  6759 D GamePkgDataHelper: getGamePkgDataIncServer(). com.wallapop

11-14 17:03:03.581  4211  4473 D GameManagerService: handleForegroundChange(). pkgName: com.wallapop, clsName: com.rewallapop.ui.main.MainActivity,FgActivityName:com.wallapop/com.rewallapop.ui.main.MainActivity

11-14 17:03:03.581  4211  4473 D GameManagerService:   handleForegroundChange(). set mFgApp: com.wallapop

11-14 17:03:03.581  4211  4473 D GameManagerService: notifyResumePause(). pkg: com.wallapop, type: 4, isMinimized: false, isTunableApp: false

11-14 17:03:03.581  4211  4679 D GameManagerService: identifyGamePackage. com.wallapop

11-14 17:03:03.581  4211  4679 D GamePkgDataHelper: getGamePkgData(). com.wallapop

11-14 17:03:03.582  4211  4679 D MARsPolicyManager: onPackageResumedFG pkgName = com.wallapop, userId = 0

11-14 17:03:03.583  4211  4310 I WindowManager: commitFinishDrawingLocked: mDrawState=READY_TO_SHOW Surface(name=Splash Screen com.wallapop)/@0x44a7326

11-14 17:03:03.584  4211  6759 D GamePkgDataHelper: getSosPolicy(). com.wallapop

11-14 17:03:03.585  4211  4228 D CodecSolution: isMaxAspectPackageEx: com.wallapop : true(2)

11-14 17:03:03.588  4211  6759 D GameManagerService: identifyGamePackage. com.wallapop

11-14 17:03:03.588  4211  6759 D GamePkgDataHelper: getGamePkgData(). com.wallapop

11-14 17:03:03.592  4211  4310 I WindowManager: Cancelling animation restarting=true, leash=null, surface=Surface(name=AppWindowToken{36b695 token=Token{355764c ActivityRecord{5b3167f u0 com.wallapop/com.rewallapop.ui.main.MainActivity t2188}}})/@0xde8037b, parent=Surface(name=Task=2188)/@0x8fb2598

11-14 17:03:03.592  4211  4310 I WindowManager: Reparenting to leash, surface=Surface(name=AppWindowToken{36b695 token=Token{355764c ActivityRecord{5b3167f u0 com.wallapop/com.rewallapop.ui.main.MainActivity t2188}}})/@0xde8037b

11-14 17:03:03.595  3727  3727 I SurfaceFlinger: id=28053 createSurf (4440x4440),2 flag=4, Surface(name=AppWindowToken{36b695 token=Token{355764c ActivityRecord{5b3167f u0 com.wallapop/com.rewallapop.ui.main.MainActivity t2188}}})/@0xde8037b - animation-leash#0

11-14 17:03:03.596  4211  4310 D WindowManager: makeSurface duration=4 leash=Surface(name=Surface(name=AppWindowToken{36b695 token=Token{355764c ActivityRecord{5b3167f u0 com.wallapop/com.rewallapop.ui.main.MainActivity t2188}}})/@0xde8037b - animation-leash)/@0x3f381f1

11-14 17:03:03.596  4211  4310 D SurfaceControl: reparent is called, sc=Surface(name=AppWindowToken{36b695 token=Token{355764c ActivityRecord{5b3167f u0 com.wallapop/com.rewallapop.ui.main.MainActivity t2188}}})/@0xde8037b, newParentHandle=android.os.BinderProxy@1abf1d6, transaction=android.view.SurfaceControl$Transaction@b695c57

11-14 17:03:03.597  4211  4310 V WindowManager: performShowLocked: mDrawState=HAS_DRAWN in Window{b85a84e u0 Splash Screen com.wallapop}

11-14 17:03:03.599  4211  4228 D WindowManager: setSystemUiVisibility: vis= 0xa018, fullscreenVis= 0x2000, dockedVis= 0x0, win=Window{b85a84e u0 Splash Screen com.wallapop}

11-14 17:03:03.600  3727  5001 D Layer   : [AppWindowToken{36b695 token=Token{355764c ActivityRecord{5b3167f u0 com.wallapop/com.rewallapop.ui.main.MainActivity t2188}}}#0]::reparent oldParent:[Task=2188#0], newParent:[Surface(name=AppWindowToken{36b695 token=Token{355764c ActivityRecord{5b3167f u0 com.wallapop/com.rewallapop.ui.main.MainActivity t2188}}})/@0xde8037b - animation-leash#0]

11-14 17:03:03.607  4211  6393 D GameManagerService: identifyGamePackage. com.wallapop

11-14 17:03:03.607  4211  6393 D GamePkgDataHelper: getGamePkgData(). com.wallapop

11-14 17:03:03.611 19123 19123 I com.wallapop: The ClassLoaderContext is a special shared library.

11-14 17:03:03.712  3727  3727 I SurfaceFlinger:      Device | 0x70de034ac0 | 0000 | RGBA_8888 |   0.0    1.0 1080.0 2219.0 |   89  184  991 2036 | Splash Screen com.wallapop#0

11-14 17:03:03.714  4211  4669 D MdnieScenarioControlService:  packageName : com.wallapop    className : com.rewallapop.ui.main.MainActivity

11-14 17:03:03.753  3727  3727 I SurfaceFlinger:      Device | 0x70de034ac0 | 0000 | RGBA_8888 |   0.0    0.0 1080.0 2220.0 |   50  103 1030 2117 | Splash Screen com.wallapop#0

11-14 17:03:03.857  4211  4310 I WindowManager: reset, Reparenting to original parent, shouldDeferScheduleAnimation=false, destroyLeash=true, surface=Surface(name=AppWindowToken{36b695 token=Token{355764c ActivityRecord{5b3167f u0 com.wallapop/com.rewallapop.ui.main.MainActivity t2188}}})/@0xde8037b, parent=Surface(name=Task=2188)/@0x8fb2598, parentNativeHandle=android.os.BinderProxy@93d66f3, caller=com.android.server.wm.SurfaceAnimator.lambda$getFinishedCallback$0:97 com.android.server.wm.-$$Lambda$SurfaceAnimator$SIBia0mND666K8lMCPsoid8pUTI.run:4 com.android.server.wm.SurfaceAnimator.lambda$getFinishedCallback$1:104 com.android.server.wm.-$$Lambda$SurfaceAnimator$vdRZk66hQVbQCvVXEaQCT1kVmFc.onAnimationFinished:4 com.android.server.wm.LocalAnimationAdapter.lambda$startAnimation$0:74

11-14 17:03:03.857  4211  4310 D SurfaceControl: reparent is called, sc=Surface(name=AppWindowToken{36b695 token=Token{355764c ActivityRecord{5b3167f u0 com.wallapop/com.rewallapop.ui.main.MainActivity t2188}}})/@0xde8037b, newParentHandle=android.os.BinderProxy@93d66f3, transaction=android.view.SurfaceControl$Transaction@b695c57

11-14 17:03:03.858  4211  4310 D SurfaceControl: destroy(transaction), animation-leash is destroyed, sc=Surface(name=Surface(name=AppWindowToken{36b695 token=Token{355764c ActivityRecord{5b3167f u0 com.wallapop/com.rewallapop.ui.main.MainActivity t2188}}})/@0xde8037b - animation-leash)/@0x3f381f1, transaction=android.view.SurfaceControl$Transaction@b695c57, caller=com.android.server.wm.SurfaceAnimator.reset:338 com.android.server.wm.SurfaceAnimator.lambda$getFinishedCallback$0:97 com.android.server.wm.-$$Lambda$SurfaceAnimator$SIBia0mND666K8lMCPsoid8pUTI.run:4 com.android.server.wm.SurfaceAnimator.lambda$getFinishedCallback$1:104 com.android.server.wm.-$$Lambda$SurfaceAnimator$vdRZk66hQVbQCvVXEaQCT1kVmFc.onAnimationFinished:4 com.android.server.wm.LocalAnimationAdapter.lambda$startAnimation$0:74 com.android.server.wm.-$$Lambda$LocalAnimationAdapter$X--EomqUvw4qy89IeeTFTH7aCMo.run:4

11-14 17:03:03.862  3727  3964 D Layer   : [AppWindowToken{36b695 token=Token{355764c ActivityRecord{5b3167f u0 com.wallapop/com.rewallapop.ui.main.MainActivity t2188}}}#0]::reparent oldParent:[Surface(name=AppWindowToken{36b695 token=Token{355764c ActivityRecord{5b3167f u0 com.wallapop/com.rewallapop.ui.main.MainActivity t2188}}})/@0xde8037b - animation-leash#0], newParent:[Task=2188#0]

11-14 17:03:03.862  3727  3964 I SurfaceFlinger: id=28053 Removed Surface(name=AppWindowToken{36b695 token=Token{355764c ActivityRecord{5b3167f u0 com.wallapop/com.rewallapop.ui.main.MainActivity t2188}}})/@0xde8037b - animation-leash#0 (0/65)

11-14 17:03:03.873  3727  3727 I Layer   : id=28053 onRemoved Surface(name=AppWindowToken{36b695 token=Token{355764c ActivityRecord{5b3167f u0 com.wallapop/com.rewallapop.ui.main.MainActivity t2188}}})/@0xde8037b - animation-leash#0

11-14 17:03:03.918  3727  3727 I SurfaceFlinger:      Device | 0x70de034ac0 | 0000 | RGBA_8888 |   0.0    0.0 1080.0 2220.0 |    0    0 1080 2220 | Splash Screen com.wallapop#0

11-14 17:03:03.978 19123 19154 W com.wallapop: Unsupported class loader

11-14 17:03:03.983 19123 19154 W com.wallapop: Skipping duplicate class check due to unsupported classloader

11-14 17:03:04.035 19123 19154 W com.wallapop: Unsupported class loader

11-14 17:03:04.061 19123 19145 I FA      :   adb shell setprop debug.firebase.analytics.app com.wallapop

11-14 17:03:04.170  4211  7608 D GameManagerService: identifyGamePackage. com.wallapop

11-14 17:03:04.170  4211  7608 D GamePkgDataHelper: getGamePkgData(). com.wallapop

11-14 17:03:04.270 19123 19134 I com.wallapop: Background concurrent copying GC freed 45070(3MB) AllocSpace objects, 42(1196KB) LOS objects, 66% free, 2MB/8MB, paused 239us total 138.407ms

11-14 17:03:04.853 19123 19134 I com.wallapop: Background concurrent copying GC freed 58267(3MB) AllocSpace objects, 8(1112KB) LOS objects, 59% free, 4MB/10MB, paused 193us total 129.415ms

11-14 17:03:05.660  4211  4390 D WifiTrafficPoller: TrafficStats TxPkts=965674 RxPkts=1698764 TxBytes=207569193 RxBytes=1623391058 , Foreground uid=10313 pkgName=com.wallapop TxPackets=53262 RxPackets=48044 TxBytes=10896244 RxBytes=34489610

11-14 17:03:06.129 19123 19192 I stetho  : Listening on @stetho_com.wallapop_devtools_remote

11-14 17:03:06.207 19123 19198 W com.wallapop: Accessing hidden field Lsun/misc/Unsafe;->theUnsafe:Lsun/misc/Unsafe; (light greylist, reflection)

11-14 17:03:06.229 19123 19199 W com.wallapop: Accessing hidden field Ljava/nio/Buffer;->address:J (light greylist, reflection)

11-14 17:03:06.307 19123 19123 I com.wallapop: The ClassLoaderContext is a special shared library.

11-14 17:03:06.310 19123 19123 I chatty  : uid=10313(com.wallapop) identical 1 line

11-14 17:03:06.313 19123 19123 I com.wallapop: The ClassLoaderContext is a special shared library.

11-14 17:03:06.727 19123 19225 W com.wallapop: Accessing hidden method Landroid/content/Context;->bindServiceAsUser(Landroid/content/Intent;Landroid/content/ServiceConnection;ILandroid/os/Handler;Landroid/os/UserHandle;)Z (light greylist, reflection)

11-14 17:03:06.733  4211  5514 I ApplicationPolicy: isApplicationExternalStorageWhitelisted:com.wallapop user:0

11-14 17:03:06.733  4211  5514 D ActivityManager: package  com.wallapop, user - 0 is SDcard whitelisted

11-14 17:03:06.733  4211  5514 I ApplicationPolicy: isApplicationExternalStorageBlacklisted:com.wallapop user:0

11-14 17:03:06.733  4211  5514 I ApplicationPolicy: isApplicationExternalStorageBlacklisted:com.wallapop user:0

11-14 17:03:06.746  4211  4229 I ActivityManager: Start proc 19228:com.android.chrome:sandboxed_process0/u0i902 for webview_service com.wallapop/org.chromium.content.app.SandboxedProcessService0

11-14 17:03:06.782  4211  5514 I ActivityManager: DSS on for com.wallapop and scale is 1.0

11-14 17:03:06.784  4211  5514 D MultiDisplayManager: init process display: set packageProcessId, displayId=0, same_package_proc=ProcessRecord{9bf7e29d0 19123:com.wallapop/u0a313}, app=ProcessRecord{28b233bd0 19228:com.android.chrome:sandboxed_process0/u0a313i902}

11-14 17:03:06.826  4211  5514 D WifiPermissionsUtil: canAccessScanResults: pkgName = com.wallapop, uid = 10313

11-14 17:03:06.894 19123 19123 W com.wallapop: Accessing hidden method Landroid/view/textclassifier/logging/SmartSelectionEventTracker;-><init>(Landroid/content/Context;I)V (light greylist, reflection)

11-14 17:03:06.894 19123 19123 W com.wallapop: Accessing hidden method Landroid/view/textclassifier/logging/SmartSelectionEventTracker;->logEvent(Landroid/view/textclassifier/logging/SmartSelectionEventTracker$SelectionEvent;)V (light greylist, reflection)

11-14 17:03:06.894 19123 19123 W com.wallapop: Accessing hidden method Landroid/view/textclassifier/logging/SmartSelectionEventTracker$SelectionEvent;->selectionStarted(I)Landroid/view/textclassifier/logging/SmartSelectionEventTracker$SelectionEvent; (light greylist, reflection)

11-14 17:03:06.894 19123 19123 W com.wallapop: Accessing hidden method Landroid/view/textclassifier/logging/SmartSelectionEventTracker$SelectionEvent;->selectionModified(II)Landroid/view/textclassifier/logging/SmartSelectionEventTracker$SelectionEvent; (light greylist, reflection)

11-14 17:03:06.894 19123 19123 W com.wallapop: Accessing hidden method Landroid/view/textclassifier/logging/SmartSelectionEventTracker$SelectionEvent;->selectionModified(IILandroid/view/textclassifier/TextClassification;)Landroid/view/textclassifier/logging/SmartSelectionEventTracker$SelectionEvent; (light greylist, reflection)

11-14 17:03:06.894 19123 19123 W com.wallapop: Accessing hidden method Landroid/view/textclassifier/logging/SmartSelectionEventTracker$SelectionEvent;->selectionModified(IILandroid/view/textclassifier/TextSelection;)Landroid/view/textclassifier/logging/SmartSelectionEventTracker$SelectionEvent; (light greylist, reflection)

11-14 17:03:06.894 19123 19123 W com.wallapop: Accessing hidden method Landroid/view/textclassifier/logging/SmartSelectionEventTracker$SelectionEvent;->selectionAction(III)Landroid/view/textclassifier/logging/SmartSelectionEventTracker$SelectionEvent; (light greylist, reflection)

11-14 17:03:06.894 19123 19123 W com.wallapop: Accessing hidden method Landroid/view/textclassifier/logging/SmartSelectionEventTracker$SelectionEvent;->selectionAction(IIILandroid/view/textclassifier/TextClassification;)Landroid/view/textclassifier/logging/SmartSelectionEventTracker$SelectionEvent; (light greylist, reflection)

11-14 17:03:06.938 19123 19247 W com.wallapop: Accessing hidden method Landroid/media/AudioManager;->getOutputLatency(I)I (light greylist, reflection)

11-14 17:03:06.988 19123 19123 W com.wallapop: Accessing hidden method Landroid/app/ActivityThread;->currentPackageName()Ljava/lang/String; (light greylist, reflection)

11-14 17:03:07.274 19123 19293 W com.wallapop: Accessing hidden method Lcom/android/org/conscrypt/OpenSSLSocketImpl;->setAlpnProtocols([B)V (light greylist, reflection)

11-14 17:03:07.594  4211  7608 D GameManagerService: identifyGamePackage. com.wallapop

11-14 17:03:07.595  4211  7608 D GamePkgDataHelper: getGamePkgData(). com.wallapop

11-14 17:03:07.622 19123 19293 W com.wallapop: Accessing hidden method Lcom/android/org/conscrypt/OpenSSLSocketImpl;->getAlpnSelectedProtocol()[B (light greylist, reflection)

11-14 17:03:09.275  4211  6759 D SamsungAlarmManager: Cancel Alarm calling from uid:10313 pid :19123 / op:PendingIntent{45ce12a: PendingIntentRecord{8a2db1b com.wallapop broadcastIntent}}

11-14 17:03:09.480 19123 19123 W com.wallapop: Accessing hidden method Landroid/view/View;->computeFitSystemWindows(Landroid/graphics/Rect;Landroid/graphics/Rect;)Z (light greylist, reflection)

11-14 17:03:09.483 19123 19123 W com.wallapop: Accessing hidden method Landroid/view/ViewGroup;->makeOptionalFitsSystemWindows()V (light greylist, reflection)

11-14 17:03:09.498 19123 19123 W com.wallapop: Accessing hidden field Landroid/view/ViewGroup;->mOnHierarchyChangeListener:Landroid/view/ViewGroup$OnHierarchyChangeListener; (light greylist, reflection)

11-14 17:03:09.513  4211  6759 D SamsungAlarmManager: Cancel Alarm calling from uid:10313 pid :19123 / op:PendingIntent{869a2c9: PendingIntentRecord{509bdce com.wallapop broadcastIntent}}

11-14 17:03:09.584  4211  7608 D GameManagerService: identifyGamePackage. com.wallapop

11-14 17:03:09.584  4211  7608 D GamePkgDataHelper: getGamePkgData(). com.wallapop

11-14 17:03:09.671 19123 19123 I chatty  : uid=10313(com.wallapop) identical 9 lines

11-14 17:03:09.675 19123 19123 I chatty  : uid=10313(com.wallapop) identical 3 lines

11-14 17:03:09.676 19123 19123 I chatty  : uid=10313(com.wallapop) identical 1 line

11-14 17:03:09.678 19123 19123 I chatty  : uid=10313(com.wallapop) identical 8 lines

11-14 17:03:09.726  4211  4390 D WifiTrafficPoller: TrafficStats TxPkts=965723 RxPkts=1698805 TxBytes=207591110 RxBytes=1623414646 , Foreground uid=10313 pkgName=com.wallapop TxPackets=53307 RxPackets=48077 TxBytes=10917969 RxBytes=34512313

11-14 17:03:09.837  4211  6759 I ActivityManager: START u0 {act=null typ=null flg=0x0 cmp=ComponentInfo{com.wallapop/com.rewallapop.ui.wall.WallActivity}} from uid 10313

11-14 17:03:09.851  3727  3727 I SurfaceFlinger: id=28054 createSurf (4440x4440),2 flag=4, AppWindowToken{807e8da token=Token{be0a285 ActivityRecord{964dbfc u0 com.wallapop/com.rewallapop.ui.wall.WallActivity t2188}}}#0

11-14 17:03:09.854  4211  6759 D SurfaceControl: reparent is called, sc=Surface(name=b85a84e Splash Screen com.wallapop)/@0x6ecc10b, newParentHandle=android.os.BinderProxy@f21bbe8, transaction=android.view.SurfaceControl$Transaction@60de201

11-14 17:03:09.855 19123 19134 I com.wallapop: Background concurrent copying GC freed 119868(7MB) AllocSpace objects, 41(1956KB) LOS objects, 50% free, 8MB/17MB, paused 867us total 346.319ms

11-14 17:03:09.856  3727  5386 D Layer   : [b85a84e Splash Screen com.wallapop#0]::reparent oldParent:[AppWindowToken{36b695 token=Token{355764c ActivityRecord{5b3167f u0 com.wallapop/com.rewallapop.ui.main.MainActivity t2188}}}#0], newParent:[AppWindowToken{807e8da token=Token{be0a285 ActivityRecord{964dbfc u0 com.wallapop/com.rewallapop.ui.wall.WallActivity t2188}}}#0]

11-14 17:03:09.860  4211  4228 D WindowManager: setSystemUiVisibility: vis= 0xa018, fullscreenVis= 0x2000, dockedVis= 0x0, win=Window{b85a84e u0 Splash Screen com.wallapop}

11-14 17:03:09.864  4211  4211 D Telecom:SamsungPrebindingServiceImpl: onTopActivityChanged : ComponentInfo{com.wallapop/com.rewallapop.ui.wall.WallActivity}

11-14 17:03:10.006 19123 19371 I com.wallapop: The ClassLoaderContext is a special shared library.

11-14 17:03:10.062  4211  4227 D ApplicationPolicy: isStatusBarNotificationAllowedAsUser: packageName = com.wallapop,userId = 0

11-14 17:03:10.062  4211  4227 D ApplicationPolicy: isStatusBarNotificationAllowedAsUser: packageName = com.wallapop,userId = 0

11-14 17:03:10.102  4211  6758 D GamePkgDataHelper: notifyAppCreate(), pkgName: com.wallapop, sendRet: true

11-14 17:03:10.103  4211  4473 D GamePkgDataHelper: getGamePkgData(). com.wallapop

11-14 17:03:10.103  4211  4473 D GameManagerService: handleMessage(), MSG_APP_CREATE. ignore. pkgName: com.wallapop

11-14 17:03:10.105  4211  6758 D GameManagerService: noteResumeComponent(), resumeComponent: com.wallapop

11-14 17:03:10.105  4211  6758 D MARsPolicyManager: onPackageResumedFG pkgName = com.wallapop, userId = 0

11-14 17:03:10.105  4211  4473 D GameManagerService: handleForegroundChange(). pkgName: com.wallapop, clsName: com.rewallapop.ui.wall.WallActivity,FgActivityName:com.wallapop/com.rewallapop.ui.wall.WallActivity

11-14 17:03:10.107  4211  4211 D Telecom:SamsungPrebindingServiceImpl: onTopActivityChanged : ComponentInfo{com.wallapop/com.rewallapop.ui.wall.WallActivity}

11-14 17:03:10.109  4211  6758 I WindowManager: Cancelling animation restarting=true, leash=null, surface=Surface(name=AppWindowToken{36b695 token=Token{355764c ActivityRecord{5b3167f u0 com.wallapop/com.rewallapop.ui.main.MainActivity t2188}}})/@0xde8037b, parent=Surface(name=Task=2188)/@0x8fb2598

11-14 17:03:10.109  4211  6758 I WindowManager: Reparenting to leash, surface=Surface(name=AppWindowToken{36b695 token=Token{355764c ActivityRecord{5b3167f u0 com.wallapop/com.rewallapop.ui.main.MainActivity t2188}}})/@0xde8037b

11-14 17:03:10.110  3727  3727 I SurfaceFlinger: id=28055 createSurf (4440x4440),2 flag=4, Surface(name=AppWindowToken{36b695 token=Token{355764c ActivityRecord{5b3167f u0 com.wallapop/com.rewallapop.ui.main.MainActivity t2188}}})/@0xde8037b - animation-leash#0

11-14 17:03:10.112  4211  6758 D WindowManager: makeSurface duration=3 leash=Surface(name=Surface(name=AppWindowToken{36b695 token=Token{355764c ActivityRecord{5b3167f u0 com.wallapop/com.rewallapop.ui.main.MainActivity t2188}}})/@0xde8037b - animation-leash)/@0x6c0e4c4

11-14 17:03:10.112  4211  6758 D SurfaceControl: reparent is called, sc=Surface(name=AppWindowToken{36b695 token=Token{355764c ActivityRecord{5b3167f u0 com.wallapop/com.rewallapop.ui.main.MainActivity t2188}}})/@0xde8037b, newParentHandle=android.os.BinderProxy@96d4fad, transaction=android.view.SurfaceControl$Transaction@b695c57

11-14 17:03:10.115  3727  5386 D Layer   : [AppWindowToken{36b695 token=Token{355764c ActivityRecord{5b3167f u0 com.wallapop/com.rewallapop.ui.main.MainActivity t2188}}}#0]::reparent oldParent:[Task=2188#0], newParent:[Surface(name=AppWindowToken{36b695 token=Token{355764c ActivityRecord{5b3167f u0 com.wallapop/com.rewallapop.ui.main.MainActivity t2188}}})/@0xde8037b - animation-leash#0]

11-14 17:03:10.149 19123 19190 W com.wallapop: Accessing hidden method Ldalvik/system/VMRuntime;->getRuntime()Ldalvik/system/VMRuntime; (light greylist, reflection)

11-14 17:03:10.149 19123 19190 W com.wallapop: Accessing hidden method Ldalvik/system/VMRuntime;->vmInstructionSet()Ljava/lang/String; (light greylist, reflection)

11-14 17:03:10.172  4211  7608 D GameManagerService: identifyGamePackage. com.wallapop

11-14 17:03:10.172  4211  7608 D GamePkgDataHelper: getGamePkgData(). com.wallapop

11-14 17:03:10.175 23911 23911 D Notification.Badge: [valid] onNotificationPosted : StatusBarNotification(pkg=com.wallapop user=UserHandle{0} id=999 tag=null key=0|com.wallapop|999|null|10313: Notification(channel=wallapop_channel pri=-2 contentView=null vibrate=null sound=null defaults=0x0 flags=0x62 color=0x00000000 vis=PRIVATE semFlags=0x0 semPriority=0 semMissedCount=0))

11-14 17:03:10.175 23911 23911 D Notification.Badge: notificationKey : 0|com.wallapop|999|null|10313, count : 0, this.count : 1

11-14 17:03:10.175 23911 23978 D Notification.Badge: LauncherModel:onNotificationPosted() : com.wallapop, count : [0], shouldBeFilteredOut : [false]

11-14 17:03:10.175 23911 23978 D Notification.Badge: notificationKey : 0|com.wallapop|999|null|10313, count : 1, mTotalCount : 1

11-14 17:03:10.179 23911 23978 D Notification.Badge: updateLauncherIconBadges() item : [IconInfo(title=_Wallapop_ intent=Intent { act=android.intent.action.MAIN cat=[android.intent.category.LAUNCHER] flg=0x10200000 cmp=com.wallapop/.activities.HomeActivity (has extras) } id=162 type=0 container=-102 screen=1 cellX=3 cellY=0 spanX=1 spanY=1 rank=3 hidden=0 dropPos=null user=UserHandle{0} screenType=0)], mShowBadge : [true], item.mBadgeCount : [1]

11-14 17:03:10.183 23911 23911 D RecommendedView: updateBadgeItems: [IconInfo(title=_Wallapop_ intent=Intent { act=android.intent.action.MAIN cat=[android.intent.category.LAUNCHER] flg=0x10200000 cmp=com.wallapop/.activities.HomeActivity (has extras) } id=162 type=0 container=-102 screen=1 cellX=3 cellY=0 spanX=1 spanY=1 rank=3 hidden=0 dropPos=null user=UserHandle{0} screenType=0)]

