11-14 17:03:10.370  4211  4679 D SamsungAlarmManager: Cancel Alarm calling from uid:10313 pid :19123 / op:PendingIntent{c76085c: PendingIntentRecord{509bdce com.wallapop broadcastIntent}}

11-14 17:03:10.401  4211  4310 I WindowManager: reset, Reparenting to original parent, shouldDeferScheduleAnimation=false, destroyLeash=true, surface=Surface(name=AppWindowToken{36b695 token=Token{355764c ActivityRecord{5b3167f u0 com.wallapop/com.rewallapop.ui.main.MainActivity t2188}}})/@0xde8037b, parent=Surface(name=Task=2188)/@0x8fb2598, parentNativeHandle=android.os.BinderProxy@93d66f3, caller=com.android.server.wm.SurfaceAnimator.lambda$getFinishedCallback$0:97 com.android.server.wm.-$$Lambda$SurfaceAnimator$SIBia0mND666K8lMCPsoid8pUTI.run:4 com.android.server.wm.SurfaceAnimator.lambda$getFinishedCallback$1:104 com.android.server.wm.-$$Lambda$SurfaceAnimator$vdRZk66hQVbQCvVXEaQCT1kVmFc.onAnimationFinished:4 com.android.server.wm.LocalAnimationAdapter.lambda$startAnimation$0:74

11-14 17:03:10.401  4211  4310 D SurfaceControl: reparent is called, sc=Surface(name=AppWindowToken{36b695 token=Token{355764c ActivityRecord{5b3167f u0 com.wallapop/com.rewallapop.ui.main.MainActivity t2188}}})/@0xde8037b, newParentHandle=android.os.BinderProxy@93d66f3, transaction=android.view.SurfaceControl$Transaction@b695c57

11-14 17:03:10.401  4211  4310 D SurfaceControl: destroy(transaction), animation-leash is destroyed, sc=Surface(name=Surface(name=AppWindowToken{36b695 token=Token{355764c ActivityRecord{5b3167f u0 com.wallapop/com.rewallapop.ui.main.MainActivity t2188}}})/@0xde8037b - animation-leash)/@0x6c0e4c4, transaction=android.view.SurfaceControl$Transaction@b695c57, caller=com.android.server.wm.SurfaceAnimator.reset:338 com.android.server.wm.SurfaceAnimator.lambda$getFinishedCallback$0:97 com.android.server.wm.-$$Lambda$SurfaceAnimator$SIBia0mND666K8lMCPsoid8pUTI.run:4 com.android.server.wm.SurfaceAnimator.lambda$getFinishedCallback$1:104 com.android.server.wm.-$$Lambda$SurfaceAnimator$vdRZk66hQVbQCvVXEaQCT1kVmFc.onAnimationFinished:4 com.android.server.wm.LocalAnimationAdapter.lambda$startAnimation$0:74 com.android.server.wm.-$$Lambda$LocalAnimationAdapter$X--EomqUvw4qy89IeeTFTH7aCMo.run:4

11-14 17:03:10.418  3727  3964 D Layer   : [AppWindowToken{36b695 token=Token{355764c ActivityRecord{5b3167f u0 com.wallapop/com.rewallapop.ui.main.MainActivity t2188}}}#0]::reparent oldParent:[Surface(name=AppWindowToken{36b695 token=Token{355764c ActivityRecord{5b3167f u0 com.wallapop/com.rewallapop.ui.main.MainActivity t2188}}})/@0xde8037b - animation-leash#0], newParent:[Task=2188#0]

11-14 17:03:10.418  3727  3964 I SurfaceFlinger: id=28055 Removed Surface(name=AppWindowToken{36b695 token=Token{355764c ActivityRecord{5b3167f u0 com.wallapop/com.rewallapop.ui.main.MainActivity t2188}}})/@0xde8037b - animation-leash#0 (0/64)

11-14 17:03:10.433  3727  3727 I Layer   : id=28055 onRemoved Surface(name=AppWindowToken{36b695 token=Token{355764c ActivityRecord{5b3167f u0 com.wallapop/com.rewallapop.ui.main.MainActivity t2188}}})/@0xde8037b - animation-leash#0

11-14 17:03:10.568 19123 19123 W com.wallapop: Accessing hidden method Landroid/widget/TextView;->getTextDirectionHeuristic()Landroid/text/TextDirectionHeuristic; (light greylist, linking)

11-14 17:03:10.572 19123 19123 W com.wallapop: Accessing hidden method Landroid/graphics/FontFamily;-><init>()V (light greylist, reflection)

11-14 17:03:10.572 19123 19123 W com.wallapop: Accessing hidden method Landroid/graphics/FontFamily;->addFontFromAssetManager(Landroid/content/res/AssetManager;Ljava/lang/String;IZIII[Landroid/graphics/fonts/FontVariationAxis;)Z (light greylist, reflection)

11-14 17:03:10.572 19123 19123 W com.wallapop: Accessing hidden method Landroid/graphics/FontFamily;->addFontFromBuffer(Ljava/nio/ByteBuffer;I[Landroid/graphics/fonts/FontVariationAxis;II)Z (light greylist, reflection)

11-14 17:03:10.572 19123 19123 W com.wallapop: Accessing hidden method Landroid/graphics/FontFamily;->freeze()Z (light greylist, reflection)

11-14 17:03:10.572 19123 19123 W com.wallapop: Accessing hidden method Landroid/graphics/FontFamily;->abortCreation()V (light greylist, reflection)

11-14 17:03:10.573 19123 19123 W com.wallapop: Accessing hidden method Landroid/graphics/Typeface;->createFromFamiliesWithDefault([Landroid/graphics/FontFamily;Ljava/lang/String;II)Landroid/graphics/Typeface; (light greylist, reflection)

11-14 17:03:10.873 19123 19134 I com.wallapop: Background concurrent copying GC freed 152851(8MB) AllocSpace objects, 38(1552KB) LOS objects, 50% free, 11MB/23MB, paused 339us total 387.505ms

11-14 17:03:11.440  3727  3727 I SurfaceFlinger: id=28056 createSurf (4440x4440),2 flag=4, 767c5ee com.wallapop/com.rewallapop.ui.wall.WallActivity#0

11-14 17:03:11.566 19377 19390 I Finsky  : [9559] fxs.d(3): com.wallapop: Account determined from installer data - [rJj4Md76H4LxoN-B4dnoZM7XaXDDBcXGlC-caOCi6Uc]

11-14 17:03:11.567 19377 19390 I Finsky  : [9559] fxs.d(14): com.wallapop: Account from preferred account - [rJj4Md76H4LxoN-B4dnoZM7XaXDDBcXGlC-caOCi6Uc]

11-14 17:03:11.582 19377 19390 I Finsky  : [9559] fxs.d(3): com.wallapop: Account determined from installer data - [rJj4Md76H4LxoN-B4dnoZM7XaXDDBcXGlC-caOCi6Uc]

11-14 17:03:11.583 19377 19390 I Finsky  : [9559] fxs.d(14): com.wallapop: Account from preferred account - [rJj4Md76H4LxoN-B4dnoZM7XaXDDBcXGlC-caOCi6Uc]

11-14 17:03:11.588 19377 19395 I Finsky  : [9560] fxs.d(3): com.wallapop: Account determined from installer data - [rJj4Md76H4LxoN-B4dnoZM7XaXDDBcXGlC-caOCi6Uc]

11-14 17:03:11.588 19377 19395 I Finsky  : [9560] fxs.d(14): com.wallapop: Account from preferred account - [rJj4Md76H4LxoN-B4dnoZM7XaXDDBcXGlC-caOCi6Uc]

11-14 17:03:11.596 19377 19395 I Finsky  : [9560] fxs.d(3): com.wallapop: Account determined from installer data - [rJj4Md76H4LxoN-B4dnoZM7XaXDDBcXGlC-caOCi6Uc]

11-14 17:03:11.596 19377 19395 I Finsky  : [9560] fxs.d(14): com.wallapop: Account from preferred account - [rJj4Md76H4LxoN-B4dnoZM7XaXDDBcXGlC-caOCi6Uc]

11-14 17:03:11.661 19123 19517 I com.wallapop: The ClassLoaderContext is a special shared library.

11-14 17:03:11.845  4211  5239 D ActivityManagerPerformance: Received MSG_DISABLE_ACT_START, r: ActivityRecord{964dbfc u0 com.wallapop/com.rewallapop.ui.wall.WallActivity t2188}

11-14 17:03:12.000  4211  6758 V WindowManager: Relayout Window{767c5ee u0 com.wallapop/com.rewallapop.ui.wall.WallActivity}: viewVisibility=0 req=1080x2220 {(0,0)(fillxfill) sim={adjust=resize forwardNavigation} ty=BASE_APPLICATION wanim=0x10302fe

11-14 17:03:12.004  3727  3727 I SurfaceFlinger: id=28057 createSurf (1080x2220),1 flag=404, com.wallapop/com.rewallapop.ui.wall.WallActivity[19123]#0

11-14 17:03:12.008  4211  6758 D WindowManager: makeSurface duration=5 name=com.wallapop/com.rewallapop.ui.wall.WallActivity[19123]

11-14 17:03:12.008  4211  6758 V WindowManager: Changing focus from null to Window{767c5ee u0 com.wallapop/com.rewallapop.ui.wall.WallActivity} Callers=com.android.server.wm.WindowManagerService.relayoutWindow:2526 com.android.server.wm.Session.relayoutForTranslate:302 android.view.IWindowSession$Stub.onTransact:518 com.android.server.wm.Session.onTransact:186

11-14 17:03:12.009  4211  4228 D WindowManager: setSystemUiVisibility: vis= 0xa518, fullscreenVis= 0x2000, dockedVis= 0x0, win=Window{767c5ee u0 com.wallapop/com.rewallapop.ui.wall.WallActivity}

11-14 17:03:12.010  4211  4242 D WindowManager: reportFocusChangedSerialized, focused=true, inTouchMode=true, win=Window{767c5ee u0 com.wallapop/com.rewallapop.ui.wall.WallActivity}

11-14 17:03:12.042 19123 19134 I com.wallapop: Background concurrent copying GC freed 152107(10MB) AllocSpace objects, 41(2MB) LOS objects, 49% free, 12MB/24MB, paused 582us total 264.075ms

11-14 17:03:12.195 19377 19395 I Finsky  : [9560] fxs.d(3): com.wallapop: Account determined from installer data - [rJj4Md76H4LxoN-B4dnoZM7XaXDDBcXGlC-caOCi6Uc]

11-14 17:03:12.196 19377 19395 I Finsky  : [9560] fxs.d(14): com.wallapop: Account from preferred account - [rJj4Md76H4LxoN-B4dnoZM7XaXDDBcXGlC-caOCi6Uc]

11-14 17:03:12.269  4211  6758 D WindowManager: finishDrawingWindow: Window{767c5ee u0 com.wallapop/com.rewallapop.ui.wall.WallActivity} mDrawState=DRAW_PENDING

11-14 17:03:12.270  4211  4310 I WindowManager: commitFinishDrawingLocked: mDrawState=READY_TO_SHOW Surface(name=com.wallapop/com.rewallapop.ui.wall.WallActivity[19123])/@0x5b0d34e

11-14 17:03:12.271  4211  4310 V WindowManager: Resize reasons for w=Window{767c5ee u0 com.wallapop/com.rewallapop.ui.wall.WallActivity}:  contentInsetsChanged=false [0,63][0,126] visibleInsetsChanged=false [0,63][0,126] stableInsetsChanged=false [0,63][0,126] outsetsChanged=false [0,0][0,0] surfaceResized=false configChanged=false dragResizingChanged=false reportOrientationChanged=false displayCutoutChanged=false nextForceRelayoutToClient=false

11-14 17:03:12.273  4211  4310 I WindowManager: commitFinishDrawingLocked: mDrawState=READY_TO_SHOW Surface(name=com.wallapop/com.rewallapop.ui.wall.WallActivity[19123])/@0x5b0d34e

11-14 17:03:12.273  4211  4310 I WindowManager: Cancelling animation restarting=false, leash=null, surface=Surface(name=767c5ee com.wallapop/com.rewallapop.ui.wall.WallActivity)/@0x8ffec6f, parent=Surface(name=AppWindowToken{807e8da token=Token{be0a285 ActivityRecord{964dbfc u0 com.wallapop/com.rewallapop.ui.wall.WallActivity t2188}}})/@0xbdbad7c

11-14 17:03:12.273  4211  4310 V WindowManager: performShowLocked: mDrawState=HAS_DRAWN in Window{767c5ee u0 com.wallapop/com.rewallapop.ui.wall.WallActivity}

11-14 17:03:12.280  4211  4310 V WindowManager: Remove Window{b85a84e u0 Splash Screen com.wallapop}: mSurfaceController=Surface(name=Splash Screen com.wallapop)/@0x44a7326 mAnimatingExit=false mRemoveOnExit=false mHasSurface=true surfaceShowing=true isAnimationSet=false app-animation=false mWillReplaceWindow=false inPendingTransaction=false mDisplayFrozen=false callers=com.android.server.wm.WindowState.removeIfPossible:2764 com.android.server.wm.WindowManagerService.removeWindow:1943 com.android.server.wm.Session.remove:268 android.view.ViewRootImpl.dispatchDetachedFromWindow:4565 android.view.ViewRootImpl.doDie:7996 android.view.ViewRootImpl$ViewRootHandler.handleMessage:4987

11-14 17:03:12.282  4211  4310 I WindowManager: Cancelling animation restarting=true, leash=null, surface=Surface(name=b85a84e Splash Screen com.wallapop)/@0x6ecc10b, parent=Surface(name=AppWindowToken{807e8da token=Token{be0a285 ActivityRecord{964dbfc u0 com.wallapop/com.rewallapop.ui.wall.WallActivity t2188}}})/@0xbdbad7c

11-14 17:03:12.282  4211  4310 I WindowManager: Reparenting to leash, surface=Surface(name=b85a84e Splash Screen com.wallapop)/@0x6ecc10b

11-14 17:03:12.285  3727  3727 I SurfaceFlinger: id=28058 createSurf (4440x4440),2 flag=4, Surface(name=b85a84e Splash Screen com.wallapop)/@0x6ecc10b - animation-leash#0

11-14 17:03:12.287  4211  4310 D WindowManager: makeSurface duration=5 leash=Surface(name=Surface(name=b85a84e Splash Screen com.wallapop)/@0x6ecc10b - animation-leash)/@0xd4ffe26

11-14 17:03:12.287  4211  4310 D SurfaceControl: reparent is called, sc=Surface(name=b85a84e Splash Screen com.wallapop)/@0x6ecc10b, newParentHandle=android.os.BinderProxy@1e2fa67, transaction=android.view.SurfaceControl$Transaction@60de201

11-14 17:03:12.289  3727  3770 D Layer   : [b85a84e Splash Screen com.wallapop#0]::reparent oldParent:[AppWindowToken{807e8da token=Token{be0a285 ActivityRecord{964dbfc u0 com.wallapop/com.rewallapop.ui.wall.WallActivity t2188}}}#0], newParent:[Surface(name=b85a84e Splash Screen com.wallapop)/@0x6ecc10b - animation-leash#0]

11-14 17:03:12.293  4211  4242 I ActivityManager: Displayed com.wallapop/com.rewallapop.ui.wall.WallActivity: +2s237ms (total +8s790ms)

11-14 17:03:12.301  3727  3727 I SurfaceFlinger:      Device | 0x70de034f40 | 0002 | RGBA_8888 |   0.0    0.0 1080.0 2220.0 |    0    0 1080 2220 | com.wallapop/com.rewallapop.ui.wall.WallActivity[19123]#0

11-14 17:03:12.301  3727  3727 I SurfaceFlinger:      Device | 0x70de034ac0 | 0000 | RGBA_8888 |   0.0    0.0 1080.0 2220.0 |    0    0 1080 2220 | Splash Screen com.wallapop#0

11-14 17:03:12.453  4211  4310 I WindowManager: reset, Reparenting to original parent, shouldDeferScheduleAnimation=false, destroyLeash=true, surface=Surface(name=b85a84e Splash Screen com.wallapop)/@0x6ecc10b, parent=Surface(name=AppWindowToken{807e8da token=Token{be0a285 ActivityRecord{964dbfc u0 com.wallapop/com.rewallapop.ui.wall.WallActivity t2188}}})/@0xbdbad7c, parentNativeHandle=android.os.BinderProxy@f21bbe8, caller=com.android.server.wm.SurfaceAnimator.lambda$getFinishedCallback$0:97 com.android.server.wm.-$$Lambda$SurfaceAnimator$SIBia0mND666K8lMCPsoid8pUTI.run:4 com.android.server.wm.SurfaceAnimator.lambda$getFinishedCallback$1:104 com.android.server.wm.-$$Lambda$SurfaceAnimator$vdRZk66hQVbQCvVXEaQCT1kVmFc.onAnimationFinished:4 com.android.server.wm.LocalAnimationAdapter.lambda$startAnimation$0:74

11-14 17:03:12.454  4211  4310 D SurfaceControl: reparent is called, sc=Surface(name=b85a84e Splash Screen com.wallapop)/@0x6ecc10b, newParentHandle=android.os.BinderProxy@f21bbe8, transaction=android.view.SurfaceControl$Transaction@60de201

11-14 17:03:12.454  4211  4310 D SurfaceControl: destroy(transaction), animation-leash is destroyed, sc=Surface(name=Surface(name=b85a84e Splash Screen com.wallapop)/@0x6ecc10b - animation-leash)/@0xd4ffe26, transaction=android.view.SurfaceControl$Transaction@60de201, caller=com.android.server.wm.SurfaceAnimator.reset:338 com.android.server.wm.SurfaceAnimator.lambda$getFinishedCallback$0:97 com.android.server.wm.-$$Lambda$SurfaceAnimator$SIBia0mND666K8lMCPsoid8pUTI.run:4 com.android.server.wm.SurfaceAnimator.lambda$getFinishedCallback$1:104 com.android.server.wm.-$$Lambda$SurfaceAnimator$vdRZk66hQVbQCvVXEaQCT1kVmFc.onAnimationFinished:4 com.android.server.wm.LocalAnimationAdapter.lambda$startAnimation$0:74 com.android.server.wm.-$$Lambda$LocalAnimationAdapter$X--EomqUvw4qy89IeeTFTH7aCMo.run:4

11-14 17:03:12.455  4211  4310 E WindowManager: win=Window{b85a84e u0 Splash Screen com.wallapop EXITING} destroySurfaces: appStopped=false win.mWindowRemovalAllowed=true win.mRemoveOnExit=true win.mViewVisibility=0 caller=com.android.server.wm.AppWindowToken.destroySurfaces:870 com.android.server.wm.AppWindowToken.destroySurfaces:851 com.android.server.wm.WindowState.onExitAnimationDone:5436 com.android.server.wm.WindowStateAnimator.onAnimationFinished:319 com.android.server.wm.WindowState.onAnimationFinished:5858 com.android.server.wm.-$$Lambda$yVRF8YoeNdTa8GR1wDStVsHu8xM.run:2 com.android.server.wm.SurfaceAnimator.lambda$getFinishedCallback$0:100

11-14 17:03:12.455  4211  4310 I WindowManager: Destroying surface Surface(name=Splash Screen com.wallapop)/@0x44a7326 called by com.android.server.wm.WindowStateAnimator.destroySurface:1901 com.android.server.wm.WindowStateAnimator.destroySurfaceLocked:838 com.android.server.wm.WindowState.destroySurfaceUnchecked:3839 com.android.server.wm.WindowState.destroySurface:3820 com.android.server.wm.AppWindowToken.destroySurfaces:870 com.android.server.wm.AppWindowToken.destroySurfaces:851 com.android.server.wm.WindowState.onExitAnimationDone:5436 com.android.server.wm.WindowStateAnimator.onAnimationFinished:319

11-14 17:03:12.456  3727  3770 I SurfaceFlinger: id=28051 Removed Splash Screen com.wallapop#0 (0/66)

11-14 17:03:12.462  3727  3964 W SurfaceFlinger: Attempting to set client state on removed layer: Splash Screen com.wallapop#0 [s.what : 40]

11-14 17:03:12.462  3727  3964 D Layer   : [b85a84e Splash Screen com.wallapop#0]::reparent oldParent:[Surface(name=b85a84e Splash Screen com.wallapop)/@0x6ecc10b - animation-leash#0], newParent:[AppWindowToken{807e8da token=Token{be0a285 ActivityRecord{964dbfc u0 com.wallapop/com.rewallapop.ui.wall.WallActivity t2188}}}#0]

11-14 17:03:12.462  3727  3964 W SurfaceFlinger: Attempting to destroy on removed layer: Splash Screen com.wallapop#0

11-14 17:03:12.462  3727  3964 I SurfaceFlinger: id=28058 Removed Surface(name=b85a84e Splash Screen com.wallapop)/@0x6ecc10b - animation-leash#0 (2/65)

11-14 17:03:12.462  3727  3964 I SurfaceFlinger: id=28050 Removed b85a84e Splash Screen com.wallapop#0 (1/64)

11-14 17:03:12.470  3727  3727 I Layer   : id=28050 onRemoved b85a84e Splash Screen com.wallapop#0

11-14 17:03:12.470  3727  3727 I Layer   : id=28051 onRemoved Splash Screen com.wallapop#0

11-14 17:03:12.471  3727  3727 I Layer   : id=28058 onRemoved Surface(name=b85a84e Splash Screen com.wallapop)/@0x6ecc10b - animation-leash#0

11-14 17:03:12.476  3727  3727 I SurfaceFlinger:      Device | 0x70de034f40 | 0002 | RGBA_8888 |   0.0    0.0 1080.0 2220.0 |    0    0 1080 2220 | com.wallapop/com.rewallapop.ui.wall.WallActivity[19123]#0

11-14 17:03:12.627 19123 19123 V InputMethodManager: Starting input: tba=com.wallapop ic=null mNaviBarColor -1 mIsGetNaviBarColorSuccess true , NavVisible : true , NavTrans : false

11-14 17:03:12.629  4211  6758 V InputMethodManagerService: windowGainedFocus : reason=WINDOW_FOCUS_GAIN client=android.os.BinderProxy@15431a2 inputContext=null missingMethods= attribute=android.view.inputmethod.EditorInfo@39eabfe nm = com.wallapop controlFlags=#104 softInputMode=#110 windowFlags=#81810100

11-14 17:03:12.716 19123 19123 V InputMethodManager: Starting input: tba=com.wallapop ic=null mNaviBarColor -1 mIsGetNaviBarColorSuccess true , NavVisible : true , NavTrans : false

11-14 17:03:12.751  4622  4682 E RequestManager_FLP: [FusedLocationApi] Location request 2fd8df6(Listener) PRIORITY_BALANCED_POWER_ACCURACY interval=300000 from com.wallapop

11-14 17:03:12.878  4211  4228 D CodecSolution: isMaxAspectPackageEx: com.wallapop : true(2)

11-14 17:03:12.889  4211  6393 I WindowManager: Cancelling animation restarting=false, leash=null, surface=Surface(name=AppWindowToken{36b695 token=Token{355764c ActivityRecord{5b3167f u0 com.wallapop/com.rewallapop.ui.main.MainActivity t2188}}})/@0xde8037b, parent=Surface(name=Task=2188)/@0x8fb2598

11-14 17:03:12.904  3727  3964 I SurfaceFlinger: id=28049 Removed AppWindowToken{36b695 token=Token{355764c ActivityRecord{5b3167f u0 com.wallapop/com.rewallapop.ui.main.MainActivity t2188}}}#0 (0/63)

11-14 17:03:12.920  3727  3727 I Layer   : id=28049 onRemoved AppWindowToken{36b695 token=Token{355764c ActivityRecord{5b3167f u0 com.wallapop/com.rewallapop.ui.main.MainActivity t2188}}}#0

11-14 17:03:13.007  4211  4669 D MdnieScenarioControlService:  packageName : com.wallapop    className : com.rewallapop.ui.wall.WallActivity

11-14 17:03:13.283 19123 19128 I com.wallapop: Compiler allocated 4MB to compile void android.widget.TextView.<init>(android.content.Context, android.util.AttributeSet, int, int)

11-14 17:03:13.328 19123 19123 W com.wallapop: Accessing hidden field Landroid/view/View;->mAccessibilityDelegate:Landroid/view/View$AccessibilityDelegate; (light greylist, reflection)

11-14 17:03:13.784  4211  4390 D WifiTrafficPoller: TrafficStats TxPkts=966018 RxPkts=1699070 TxBytes=207664199 RxBytes=1623555414 , Foreground uid=10313 pkgName=com.wallapop TxPackets=53507 RxPackets=48244 TxBytes=10955443 RxBytes=34613307

11-14 17:03:13.883 19377 19395 I Finsky  : [9560] fxs.d(3): com.wallapop: Account determined from installer data - [rJj4Md76H4LxoN-B4dnoZM7XaXDDBcXGlC-caOCi6Uc]

11-14 17:03:13.884 19377 19395 I Finsky  : [9560] fxs.d(14): com.wallapop: Account from preferred account - [rJj4Md76H4LxoN-B4dnoZM7XaXDDBcXGlC-caOCi6Uc]

11-14 17:03:14.414 19123 19123 W View    : requestLayout() improperly called by com.wallapop.design.view.WallapopTextView{783616f V.ED..... ......ID 47,26-47,86 #7f0a0904 app:id/wp__home__tv_bubble} during layout: running second layout pass

11-14 17:03:14.451 19377 19395 I Finsky  : [9560] fxs.d(3): com.wallapop: Account determined from installer data - [rJj4Md76H4LxoN-B4dnoZM7XaXDDBcXGlC-caOCi6Uc]

11-14 17:03:14.452 19377 19395 I Finsky  : [9560] fxs.d(14): com.wallapop: Account from preferred account - [rJj4Md76H4LxoN-B4dnoZM7XaXDDBcXGlC-caOCi6Uc]

11-14 17:03:14.690 19123 19134 I com.wallapop: Background concurrent copying GC freed 165973(10MB) AllocSpace objects, 36(1500KB) LOS objects, 50% free, 14MB/29MB, paused 491us total 329.943ms

11-14 17:03:15.120 19377 19395 I Finsky  : [9560] fxs.d(3): com.wallapop: Account determined from installer data - [rJj4Md76H4LxoN-B4dnoZM7XaXDDBcXGlC-caOCi6Uc]

11-14 17:03:15.120 19377 19395 I Finsky  : [9560] fxs.d(14): com.wallapop: Account from preferred account - [rJj4Md76H4LxoN-B4dnoZM7XaXDDBcXGlC-caOCi6Uc]

11-14 17:03:16.074 19377 19395 I Finsky  : [9560] fxs.d(3): com.wallapop: Account determined from installer data - [rJj4Md76H4LxoN-B4dnoZM7XaXDDBcXGlC-caOCi6Uc]

11-14 17:03:16.075 19377 19395 I Finsky  : [9560] fxs.d(14): com.wallapop: Account from preferred account - [rJj4Md76H4LxoN-B4dnoZM7XaXDDBcXGlC-caOCi6Uc]

11-14 17:03:16.425  4211  5504 D WifiPermissionsUtil: canAccessScanResults: pkgName = com.wallapop, uid = 10313

11-14 17:03:16.946 19377 19395 I Finsky  : [9560] fxs.d(3): com.wallapop: Account determined from installer data - [rJj4Md76H4LxoN-B4dnoZM7XaXDDBcXGlC-caOCi6Uc]

11-14 17:03:16.946 19377 19395 I Finsky  : [9560] fxs.d(14): com.wallapop: Account from preferred account - [rJj4Md76H4LxoN-B4dnoZM7XaXDDBcXGlC-caOCi6Uc]

11-14 17:03:16.955 19377 19395 I Finsky  : [9560] fxs.d(3): com.wallapop: Account determined from installer data - [rJj4Md76H4LxoN-B4dnoZM7XaXDDBcXGlC-caOCi6Uc]

11-14 17:03:16.956 19377 19395 I Finsky  : [9560] fxs.d(14): com.wallapop: Account from preferred account - [rJj4Md76H4LxoN-B4dnoZM7XaXDDBcXGlC-caOCi6Uc]

11-14 17:03:17.031 19123 19520 D Amazon DTB Ads API: with query params:[?dt=android&app=app&dinfo=%7B%22os%22%3A%22Android%22%2C%22model%22%3A%22SM-A750FN%22%2C%22make%22%3A%22samsung%22%2C%22osVersion%22%3A%229%22%2C%22connectionType%22%3A%22Wifi%22%2C%22country%22%3A%22ES%22%2C%22scalingFactor%22%3A%222.625%22%2C%22carrier%22%3A%22JAZZTEL%22%2C%22language%22%3A%22es%22%2C%22screenSize%22%3A%221080x2094%22%2C%22orientation%22%3A%22portrait%22%7D&oo=0&aud=3p&idfa=bf505ce3-e614-4d9a-a4d7-9c324edc6560&appId=d2ba46e2d5ef4c9883051d9c8d0125d5&sdkVer=aps-android-7.4.3&ua=Dalvik%2F2.1.0%20%28Linux%3B%20U%3B%20Android%209%3B%20SM-A750FN%20Build%2FPPR1.180610.011%29&pkg=%7B%22lbl%22%3A%22_Wallapop_%22%2C%22pn%22%3A%22com.wallapop%22%2C%22v%22%3A%221850000%22%2C%22vn%22%3A%221.85.0-d1910251130%22%7D]

11-14 17:03:17.520 19123 19520 D Amazon DTB Ads API: Error while connecting to remote server: https://s.amazon-adsystem.com/api3/generate_did?dt=android&app=app&dinfo=%7B%22os%22%3A%22Android%22%2C%22model%22%3A%22SM-A750FN%22%2C%22make%22%3A%22samsung%22%2C%22osVersion%22%3A%229%22%2C%22connectionType%22%3A%22Wifi%22%2C%22country%22%3A%22ES%22%2C%22scalingFactor%22%3A%222.625%22%2C%22carrier%22%3A%22JAZZTEL%22%2C%22language%22%3A%22es%22%2C%22screenSize%22%3A%221080x2094%22%2C%22orientation%22%3A%22portrait%22%7D&oo=0&aud=3p&idfa=bf505ce3-e614-4d9a-a4d7-9c324edc6560&appId=d2ba46e2d5ef4c9883051d9c8d0125d5&sdkVer=aps-android-7.4.3&ua=Dalvik%2F2.1.0%20%28Linux%3B%20U%3B%20Android%209%3B%20SM-A750FN%20Build%2FPPR1.180610.011%29&pkg=%7B%22lbl%22%3A%22_Wallapop_%22%2C%22pn%22%3A%22com.wallapop%22%2C%22v%22%3A%221850000%22%2C%22vn%22%3A%221.85.0-d1910251130%22%7D with error:Chain validation failed

11-14 17:03:17.524 19123 19520 E Amazon DTB Ads API: 	at com.wallapop.thirdparty.ads.b.a.a(SourceFile:43)

11-14 17:03:17.524 19123 19520 E Amazon DTB Ads API: 	at com.wallapop.thirdparty.ads.b.a$b$1.invokeSuspend(SourceFile:34)

11-14 17:03:17.524 19123 19520 E Amazon DTB Ads API: 	at com.wallapop.thirdparty.ads.b.a$b$1.invoke(Unknown Source:10)

11-14 17:03:17.524 19123 19520 E Amazon DTB Ads API: 	at com.wallapop.thirdparty.ads.b.a$b.invokeSuspend(SourceFile:33)

11-14 17:03:17.614 19123 19134 I com.wallapop: Background concurrent copying GC freed 222097(11MB) AllocSpace objects, 66(2MB) LOS objects, 50% free, 15MB/31MB, paused 1.238ms total 193.786ms

11-14 17:03:17.641 19123 19772 D Amazon DTB Ads API: with query params:[?dt=android&app=app&dinfo=%7B%22os%22%3A%22Android%22%2C%22model%22%3A%22SM-A750FN%22%2C%22make%22%3A%22samsung%22%2C%22osVersion%22%3A%229%22%2C%22connectionType%22%3A%22Wifi%22%2C%22country%22%3A%22ES%22%2C%22scalingFactor%22%3A%222.625%22%2C%22carrier%22%3A%22JAZZTEL%22%2C%22language%22%3A%22es%22%2C%22screenSize%22%3A%221080x2094%22%2C%22orientation%22%3A%22portrait%22%7D&oo=0&aud=3p&idfa=bf505ce3-e614-4d9a-a4d7-9c324edc6560&appId=d2ba46e2d5ef4c9883051d9c8d0125d5&sdkVer=aps-android-7.4.3&ua=Dalvik%2F2.1.0%20%28Linux%3B%20U%3B%20Android%209%3B%20SM-A750FN%20Build%2FPPR1.180610.011%29&pkg=%7B%22lbl%22%3A%22_Wallapop_%22%2C%22pn%22%3A%22com.wallapop%22%2C%22v%22%3A%221850000%22%2C%22vn%22%3A%221.85.0-d1910251130%22%7D]

11-14 17:03:17.842  4211  4390 D WifiTrafficPoller: TrafficStats TxPkts=966257 RxPkts=1699339 TxBytes=207751352 RxBytes=1623741992 , Foreground uid=10313 pkgName=com.wallapop TxPackets=53648 RxPackets=48376 TxBytes=10989337 RxBytes=34717166

11-14 17:03:18.104 19123 19772 D Amazon DTB Ads API: Error while connecting to remote server: https://s.amazon-adsystem.com/api3/generate_did?dt=android&app=app&dinfo=%7B%22os%22%3A%22Android%22%2C%22model%22%3A%22SM-A750FN%22%2C%22make%22%3A%22samsung%22%2C%22osVersion%22%3A%229%22%2C%22connectionType%22%3A%22Wifi%22%2C%22country%22%3A%22ES%22%2C%22scalingFactor%22%3A%222.625%22%2C%22carrier%22%3A%22JAZZTEL%22%2C%22language%22%3A%22es%22%2C%22screenSize%22%3A%221080x2094%22%2C%22orientation%22%3A%22portrait%22%7D&oo=0&aud=3p&idfa=bf505ce3-e614-4d9a-a4d7-9c324edc6560&appId=d2ba46e2d5ef4c9883051d9c8d0125d5&sdkVer=aps-android-7.4.3&ua=Dalvik%2F2.1.0%20%28Linux%3B%20U%3B%20Android%209%3B%20SM-A750FN%20Build%2FPPR1.180610.011%29&pkg=%7B%22lbl%22%3A%22_Wallapop_%22%2C%22pn%22%3A%22com.wallapop%22%2C%22v%22%3A%221850000%22%2C%22vn%22%3A%221.85.0-d1910251130%22%7D with error:Chain validation failed

11-14 17:03:18.143 19123 19772 D Amazon DTB Ads API: with json params:[{"oo":"false","dinfo":{"os":"Android","model":"SM-A750FN","make":"samsung","osVersion":"9","connectionType":"Wifi","country":"ES","scalingFactor":"2.625","carrier":"JAZZTEL","language":"es","screenSize":"1080x2094","orientation":"portrait"},"adsdk":"aps-android-7.4.3","slots":[{"sz":"320x50","slot":"f414d83c-ab9f-4e02-9c59-5137663ee6c7","slotId":1,"supportedMediaTypes":["DISPLAY"]}],"mraid":["1.0","2.0","3.0"],"appId":"d2ba46e2d5ef4c9883051d9c8d0125d5","idfa":"bf505ce3-e614-4d9a-a4d7-9c324edc6560","geoloc":"41.4058684,2.1865172,18.145","isDTBMobile":"true","ua":"Dalvik\/2.1.0 (Linux; U; Android 9; SM-A750FN Build\/PPR1.180610.011)","pkg":{"lbl":"_Wallapop_","pn":"com.wallapop","v":"1850000","vn":"1.85.0-d1910251130"},"gdpr":{"e":"1","c":"BOR0xKKOR0xKKABABAENBZ-AAAAfZ7_______9______9uz_Gv_v_f__33e8__9v_l_7_-___u_-33d4-_1vX99yfm1-7ftr3tp_86ues2vHqK9ZoA"}}]

11-14 17:03:19.746 19123 19123 W com.wallapop: Accessing hidden method Landroid/media/AudioTrack;->getLatency()I (light greylist, reflection)

11-14 17:03:19.973 19123 19134 I com.wallapop: Background concurrent copying GC freed 240031(10MB) AllocSpace objects, 122(5MB) LOS objects, 50% free, 16MB/32MB, paused 917us total 204.658ms

11-14 17:03:20.267  4211  4475 I CodecSolution: pid(19123) pkg(com.wallapop)

11-14 17:03:20.278  4211  5504 D CodecSolution: topName : com.wallapop

11-14 17:03:20.278  4211  5504 I CodecSolution: Top : com.wallapop

11-14 17:03:20.278  4211  5504 D SCPMHelper: getPackageInfo(com.wallapop)

11-14 17:03:20.374  4211  4475 I CodecSolution: pid(19123) pkg(com.wallapop)

11-14 17:03:20.385  4211  5514 D CodecSolution: topName : com.wallapop

11-14 17:03:20.385  4211  5514 I CodecSolution: Top : com.wallapop

11-14 17:03:20.385  4211  5514 D SCPMHelper: getPackageInfo(com.wallapop)


