Executed '[C58894] Chat: Active conversations - Conversations information' on 29-10-2019
---------------------------------------------------------------------------------
11-08 23:47:39.834 28964 29014 I appium  : AppiumResponse: {"sessionId":"93f46d62-8856-4cd5-8665-705a3f4d69a8","value":{"sessionId":"93f46d62-8856-4cd5-8665-705a3f4d69a8","capabilities":{"firstMatch":[{"platform":"LINUX","webStorageEnabled":false,"takesScreenshot":true,"javascriptEnabled":true,"databaseEnabled":false,"networkConnectionEnabled":true,"locationContextEnabled":false,"warnings":{},"desired":{"platformName":"android","normalizeTagNames":true,"androidInstallTimeout":150000,"app":"","appActivity":"com.rewallapop.ui.main.MainActivity","appPackage":"com.wallapop","isHeadless":false,"skipDeviceInitialization":true,"autoAcceptAlerts":true,"autoGrantPermissions":true,"automationName":"UiAutomator2","avd":"","deviceName":"3200f02dc0aab5db","deviceReadyTimeout":1,"fullReset":false,"ignoreUnimportantViews":true,"newCommandTimeout":60,"noReset":true,"systemPort":8223,"udid":"3200f02dc0aab5db"},"platformName":"android","normalizeTagNames":true,"androidInstallTimeout":150000,"app":"","appActivity":"com.rewallapop.ui.main.MainActivity","appPackage":"com.wallapop","isHeadless":false,"skipDeviceInitialization":true,"autoAcceptAlerts":true,"autoGrantPermissions":true,"automationName":"UiAutomator2","avd":"","deviceName":"3200f02dc0aab5db","deviceReadyTimeout":1,"fullReset":false,"ignoreUnimportantViews":true,"newCommandTimeout":60,"noReset":true,"systemPort":8223,"udid":"3200f02dc0aab5db","deviceUDID":"3200f02dc0aab5db"}],"alwaysMatch":{}}}}

11-08 23:47:40.379  4211  6755 I ActivityManager: Force stopping com.wallapop appid=10308 user=0: from pid 29021 caller com.android.server.am.ActivityManagerShellCommand.runStartActivity:412

11-08 23:47:40.381  4211  6755 I ActivityManager: Killing 27870:com.wallapop/u0a308 (adj 906): stop com.wallapop,from pid 29021 caller com.android.server.am.ActivityManagerShellCommand.runStartActivity:412

11-08 23:47:40.404  4211  4211 D SamsungAlarmManager: Remove alarm for next reason : android.intent.action.PACKAGE_RESTARTED : package: com.wallapop

11-08 23:47:40.408  4211  4211 W NotificationListeners: Not binding notification listener service ComponentInfo{com.wallapop.app/com.wallapop.mylistener}: service not found

11-08 23:47:40.408  4211  4211 W NotificationListeners: Not binding notification listener service ComponentInfo{com.wallapop/com.wallapop.mylistener}: service not found

11-08 23:47:40.415  4211  4227 W BroadcastQueue: Background execution not allowed: receiving Intent { act=android.intent.action.PACKAGE_RESTARTED dat=package:com.wallapop flg=0x10 (has extras) } to android/com.kddi.android.CpaNotiReceiver

11-08 23:47:40.660  4211  6755 I ActivityManager: START u0 {act=null typ=null flg=0x10000000 cmp=ComponentInfo{com.wallapop/com.rewallapop.ui.main.MainActivity}} from uid 2000

11-08 23:47:40.669  4211  6755 I ActivityManager: [IOP] sourceDir : /data/app/com.wallapop-nN61LgWkU31ss5nH-FafhQ== in ActivityStacksupervisor

11-08 23:47:40.679  3727  3727 I SurfaceFlinger: id=21826 createSurf (4440x4440),2 flag=4, AppWindowToken{92d86db token=Token{47be3ea ActivityRecord{baa5fd5 u0 com.wallapop/com.rewallapop.ui.main.MainActivity t2068}}}#0

11-08 23:47:40.693  3727  3727 I SurfaceFlinger: id=21827 createSurf (4440x4440),2 flag=4, 996a0bc Splash Screen com.wallapop#0

11-08 23:47:40.693  4211  6759 D StorageManagerService: getExternalStorageMountMode : final mountMode=1, uid : 10308, packageName : com.wallapop

11-08 23:47:40.693  4211  6759 I ApplicationPolicy: isApplicationExternalStorageWhitelisted:com.wallapop user:0

11-08 23:47:40.693  4211  6759 D ActivityManager: package  com.wallapop, user - 0 is SDcard whitelisted

11-08 23:47:40.693  4211  6759 I ApplicationPolicy: isApplicationExternalStorageBlacklisted:com.wallapop user:0

11-08 23:47:40.694  4211  6759 I ApplicationPolicy: isApplicationExternalStorageBlacklisted:com.wallapop user:0

11-08 23:47:40.696  4211  4211 D Telecom:SamsungPrebindingServiceImpl: onTopActivityChanged : ComponentInfo{com.wallapop/com.rewallapop.ui.main.MainActivity}

11-08 23:47:40.701  4211  4310 V WindowManager: Relayout Window{996a0bc u0 Splash Screen com.wallapop}: viewVisibility=0 req=1080x2220 {(0,0)(fillxfill) sim={adjust=pan} ty=APPLICATION_STARTING fmt=TRANSLUCENT wanim=0x10302fe

11-08 23:47:40.704  3727  3727 I SurfaceFlinger: id=21828 createSurf (1080x2220),1 flag=4, Splash Screen com.wallapop#0

11-08 23:47:40.706  4211  4310 D WindowManager: makeSurface duration=3 name=Splash Screen com.wallapop

11-08 23:47:40.713  4211  6759 V WindowManager: Resize reasons for w=Window{996a0bc u0 Splash Screen com.wallapop}:  contentInsetsChanged=false [0,63][0,126] visibleInsetsChanged=false [0,63][0,126] stableInsetsChanged=false [0,63][0,126] outsetsChanged=false [0,0][0,0] surfaceResized=false configChanged=false dragResizingChanged=false reportOrientationChanged=false displayCutoutChanged=false nextForceRelayoutToClient=false

11-08 23:47:40.713  4211  4229 I ActivityManager: Start proc 29025:com.wallapop/u0a308 for activity com.wallapop/com.rewallapop.ui.main.MainActivity

11-08 23:47:40.718 29025 29025 I com.wallapop: Late-enabling -Xcheck:jni

11-08 23:47:40.744  4211  4310 D WindowManager: finishDrawingWindow: Window{996a0bc u0 Splash Screen com.wallapop} mDrawState=DRAW_PENDING

11-08 23:47:40.746  4211  4310 I WindowManager: commitFinishDrawingLocked: mDrawState=READY_TO_SHOW Surface(name=Splash Screen com.wallapop)/@0xbd15766

11-08 23:47:40.749 29025 29025 I com.wallapop: report jit thread pid = 29030

11-08 23:47:40.763  4211  6759 I ActivityManager: DSS on for com.wallapop and scale is 1.0

11-08 23:47:40.768  4211  6759 I WindowManager: commitFinishDrawingLocked: mDrawState=READY_TO_SHOW Surface(name=Splash Screen com.wallapop)/@0xbd15766

11-08 23:47:40.771  4211  6759 D GamePkgDataHelper: notifyAppCreate(), pkgName: com.wallapop, sendRet: true

11-08 23:47:40.771  4211  4473 D GamePkgDataHelper: getGamePkgData(). com.wallapop

11-08 23:47:40.771  4211  4473 D GameManagerService: handleMessage(), MSG_APP_CREATE. ignore. pkgName: com.wallapop

11-08 23:47:40.774  4211  4310 I WindowManager: commitFinishDrawingLocked: mDrawState=READY_TO_SHOW Surface(name=Splash Screen com.wallapop)/@0xbd15766

11-08 23:47:40.774  4211  6759 D GameManagerService: noteResumeComponent(), resumeComponent: com.wallapop

11-08 23:47:40.774  4211  6759 D GamePkgDataHelper: getSosPolicy(). com.wallapop

11-08 23:47:40.774  4211  6393 D GamePkgDataHelper: getGamePkgDataIncServer(). com.wallapop

11-08 23:47:40.775  4211  4473 D GameManagerService: handleForegroundChange(). pkgName: com.wallapop, clsName: com.rewallapop.ui.main.MainActivity,FgActivityName:com.wallapop/com.rewallapop.ui.main.MainActivity

11-08 23:47:40.775  4211  4473 D GameManagerService:   handleForegroundChange(). set mFgApp: com.wallapop

11-08 23:47:40.775  4211  6759 D GameManagerService: identifyGamePackage. com.wallapop

11-08 23:47:40.775  4211  4473 D GameManagerService: notifyResumePause(). pkg: com.wallapop, type: 4, isMinimized: false, isTunableApp: false

11-08 23:47:40.775  4211  6759 D GamePkgDataHelper: getGamePkgData(). com.wallapop

11-08 23:47:40.775  4211  6759 D MARsPolicyManager: onPackageResumedFG pkgName = com.wallapop, userId = 0

11-08 23:47:40.778  4211  4310 I WindowManager: commitFinishDrawingLocked: mDrawState=READY_TO_SHOW Surface(name=Splash Screen com.wallapop)/@0xbd15766

11-08 23:47:40.787  4211  4310 I WindowManager: Cancelling animation restarting=true, leash=null, surface=Surface(name=AppWindowToken{92d86db token=Token{47be3ea ActivityRecord{baa5fd5 u0 com.wallapop/com.rewallapop.ui.main.MainActivity t2068}}})/@0x6ff8ebb, parent=Surface(name=Task=2068)/@0x7eeefd8

11-08 23:47:40.788  4211  4310 I WindowManager: Reparenting to leash, surface=Surface(name=AppWindowToken{92d86db token=Token{47be3ea ActivityRecord{baa5fd5 u0 com.wallapop/com.rewallapop.ui.main.MainActivity t2068}}})/@0x6ff8ebb

11-08 23:47:40.789  3727  3727 I SurfaceFlinger: id=21830 createSurf (4440x4440),2 flag=4, Surface(name=AppWindowToken{92d86db token=Token{47be3ea ActivityRecord{baa5fd5 u0 com.wallapop/com.rewallapop.ui.main.MainActivity t2068}}})/@0x6ff8ebb - animation-leash#0

11-08 23:47:40.790  4211  4310 D WindowManager: makeSurface duration=3 leash=Surface(name=Surface(name=AppWindowToken{92d86db token=Token{47be3ea ActivityRecord{baa5fd5 u0 com.wallapop/com.rewallapop.ui.main.MainActivity t2068}}})/@0x6ff8ebb - animation-leash)/@0x6e01f31

11-08 23:47:40.790  4211  4310 D SurfaceControl: reparent is called, sc=Surface(name=AppWindowToken{92d86db token=Token{47be3ea ActivityRecord{baa5fd5 u0 com.wallapop/com.rewallapop.ui.main.MainActivity t2068}}})/@0x6ff8ebb, newParentHandle=android.os.BinderProxy@7d46616, transaction=android.view.SurfaceControl$Transaction@78e5b97

11-08 23:47:40.791  4211  4310 V WindowManager: performShowLocked: mDrawState=HAS_DRAWN in Window{996a0bc u0 Splash Screen com.wallapop}

11-08 23:47:40.794  3727  5001 D Layer   : [AppWindowToken{92d86db token=Token{47be3ea ActivityRecord{baa5fd5 u0 com.wallapop/com.rewallapop.ui.main.MainActivity t2068}}}#0]::reparent oldParent:[Task=2068#0], newParent:[Surface(name=AppWindowToken{92d86db token=Token{47be3ea ActivityRecord{baa5fd5 u0 com.wallapop/com.rewallapop.ui.main.MainActivity t2068}}})/@0x6ff8ebb - animation-leash#0]

11-08 23:47:40.798  4211  4312 D GamePkgDataHelper: getSosPolicy(). com.wallapop

11-08 23:47:40.799  4211  4228 D CodecSolution: isMaxAspectPackageEx: com.wallapop : true(2)

11-08 23:47:40.801  4211  4228 D WindowManager: setSystemUiVisibility: vis= 0xa018, fullscreenVis= 0x2000, dockedVis= 0x0, win=Window{996a0bc u0 Splash Screen com.wallapop}

11-08 23:47:40.804  4211  4312 D GameManagerService: identifyGamePackage. com.wallapop

11-08 23:47:40.804  4211  4312 D GamePkgDataHelper: getGamePkgData(). com.wallapop

11-08 23:47:40.807 29025 29025 I com.wallapop: The ClassLoaderContext is a special shared library.

11-08 23:47:40.810  4211  5504 D GameManagerService: identifyGamePackage. com.wallapop

11-08 23:47:40.810  4211  5504 D GamePkgDataHelper: getGamePkgData(). com.wallapop

11-08 23:47:40.890  3727  3727 I SurfaceFlinger:      Client | 0x70dda202c0 | 0000 | RGBA_8888 |   0.0    1.0 1080.0 2219.0 |   89  184  991 2036 | Splash Screen com.wallapop#0

11-08 23:47:40.909  4211  4669 D MdnieScenarioControlService:  packageName : com.wallapop    className : com.rewallapop.ui.main.MainActivity

11-08 23:47:40.912  3727  3727 I SurfaceFlinger:      Device | 0x70dda202c0 | 0000 | RGBA_8888 |   0.0    0.0 1080.0 2220.0 |   67  137 1013 2083 | Splash Screen com.wallapop#0

11-08 23:47:41.031  4211  4310 I WindowManager: reset, Reparenting to original parent, shouldDeferScheduleAnimation=false, destroyLeash=true, surface=Surface(name=AppWindowToken{92d86db token=Token{47be3ea ActivityRecord{baa5fd5 u0 com.wallapop/com.rewallapop.ui.main.MainActivity t2068}}})/@0x6ff8ebb, parent=Surface(name=Task=2068)/@0x7eeefd8, parentNativeHandle=android.os.BinderProxy@dd31a33, caller=com.android.server.wm.SurfaceAnimator.lambda$getFinishedCallback$0:97 com.android.server.wm.-$$Lambda$SurfaceAnimator$SIBia0mND666K8lMCPsoid8pUTI.run:4 com.android.server.wm.SurfaceAnimator.lambda$getFinishedCallback$1:104 com.android.server.wm.-$$Lambda$SurfaceAnimator$vdRZk66hQVbQCvVXEaQCT1kVmFc.onAnimationFinished:4 com.android.server.wm.LocalAnimationAdapter.lambda$startAnimation$0:74

11-08 23:47:41.031  4211  4310 D SurfaceControl: reparent is called, sc=Surface(name=AppWindowToken{92d86db token=Token{47be3ea ActivityRecord{baa5fd5 u0 com.wallapop/com.rewallapop.ui.main.MainActivity t2068}}})/@0x6ff8ebb, newParentHandle=android.os.BinderProxy@dd31a33, transaction=android.view.SurfaceControl$Transaction@78e5b97

11-08 23:47:41.032  4211  4310 D SurfaceControl: destroy(transaction), animation-leash is destroyed, sc=Surface(name=Surface(name=AppWindowToken{92d86db token=Token{47be3ea ActivityRecord{baa5fd5 u0 com.wallapop/com.rewallapop.ui.main.MainActivity t2068}}})/@0x6ff8ebb - animation-leash)/@0x6e01f31, transaction=android.view.SurfaceControl$Transaction@78e5b97, caller=com.android.server.wm.SurfaceAnimator.reset:338 com.android.server.wm.SurfaceAnimator.lambda$getFinishedCallback$0:97 com.android.server.wm.-$$Lambda$SurfaceAnimator$SIBia0mND666K8lMCPsoid8pUTI.run:4 com.android.server.wm.SurfaceAnimator.lambda$getFinishedCallback$1:104 com.android.server.wm.-$$Lambda$SurfaceAnimator$vdRZk66hQVbQCvVXEaQCT1kVmFc.onAnimationFinished:4 com.android.server.wm.LocalAnimationAdapter.lambda$startAnimation$0:74 com.android.server.wm.-$$Lambda$LocalAnimationAdapter$X--EomqUvw4qy89IeeTFTH7aCMo.run:4

11-08 23:47:41.037  3727  3770 D Layer   : [AppWindowToken{92d86db token=Token{47be3ea ActivityRecord{baa5fd5 u0 com.wallapop/com.rewallapop.ui.main.MainActivity t2068}}}#0]::reparent oldParent:[Surface(name=AppWindowToken{92d86db token=Token{47be3ea ActivityRecord{baa5fd5 u0 com.wallapop/com.rewallapop.ui.main.MainActivity t2068}}})/@0x6ff8ebb - animation-leash#0], newParent:[Task=2068#0]

11-08 23:47:41.037  3727  3770 I SurfaceFlinger: id=21830 Removed Surface(name=AppWindowToken{92d86db token=Token{47be3ea ActivityRecord{baa5fd5 u0 com.wallapop/com.rewallapop.ui.main.MainActivity t2068}}})/@0x6ff8ebb - animation-leash#0 (0/72)

11-08 23:47:41.047  3727  3727 I Layer   : id=21830 onRemoved Surface(name=AppWindowToken{92d86db token=Token{47be3ea ActivityRecord{baa5fd5 u0 com.wallapop/com.rewallapop.ui.main.MainActivity t2068}}})/@0x6ff8ebb - animation-leash#0

11-08 23:47:41.090  3727  3727 I SurfaceFlinger:      Device | 0x70dda202c0 | 0000 | RGBA_8888 |   0.0    0.0 1080.0 2220.0 |    0    0 1080 2220 | Splash Screen com.wallapop#0

11-08 23:47:41.112 29025 29036 I com.wallapop: Background concurrent copying GC freed 13608(4MB) AllocSpace objects, 22(688KB) LOS objects, 72% free, 2MB/8MB, paused 456us total 125.359ms

11-08 23:47:41.192 29025 29062 W com.wallapop: Unsupported class loader

11-08 23:47:41.194 29025 29062 W com.wallapop: Skipping duplicate class check due to unsupported classloader

11-08 23:47:41.252 29025 29062 W com.wallapop: Unsupported class loader

11-08 23:47:41.260 29025 29048 I FA      :   adb shell setprop debug.firebase.analytics.app com.wallapop

11-08 23:47:41.663 29025 29097 I stetho  : Listening on @stetho_com.wallapop_devtools_remote

11-08 23:47:41.813 29025 29104 W com.wallapop: Accessing hidden field Lsun/misc/Unsafe;->theUnsafe:Lsun/misc/Unsafe; (light greylist, reflection)

11-08 23:47:41.867 29025 29106 W com.wallapop: Accessing hidden field Ljava/nio/Buffer;->address:J (light greylist, reflection)

11-08 23:47:41.934 29025 29025 I com.wallapop: The ClassLoaderContext is a special shared library.

11-08 23:47:41.939 29025 29025 I chatty  : uid=10308(com.wallapop) identical 1 line

11-08 23:47:41.944 29025 29025 I com.wallapop: The ClassLoaderContext is a special shared library.

11-08 23:47:42.298 29025 29131 W com.wallapop: Accessing hidden method Landroid/content/Context;->bindServiceAsUser(Landroid/content/Intent;Landroid/content/ServiceConnection;ILandroid/os/Handler;Landroid/os/UserHandle;)Z (light greylist, reflection)

11-08 23:47:42.301  4211  8761 I ApplicationPolicy: isApplicationExternalStorageWhitelisted:com.wallapop user:0

11-08 23:47:42.301  4211  8761 D ActivityManager: package  com.wallapop, user - 0 is SDcard whitelisted

11-08 23:47:42.301  4211  8761 I ApplicationPolicy: isApplicationExternalStorageBlacklisted:com.wallapop user:0

11-08 23:47:42.301  4211  8761 I ApplicationPolicy: isApplicationExternalStorageBlacklisted:com.wallapop user:0

11-08 23:47:42.313  4211  4229 I ActivityManager: Start proc 29134:com.android.chrome:sandboxed_process0/u0i687 for webview_service com.wallapop/org.chromium.content.app.SandboxedProcessService0

11-08 23:47:42.354  4211  6759 I ActivityManager: DSS on for com.wallapop and scale is 1.0

11-08 23:47:42.355  4211  6759 D MultiDisplayManager: init process display: set packageProcessId, displayId=0, same_package_proc=ProcessRecord{f6a21eed0 29025:com.wallapop/u0a308}, app=ProcessRecord{2e0e4f1d0 29134:com.android.chrome:sandboxed_process0/u0a308i687}

11-08 23:47:42.452 29025 29025 W com.wallapop: Accessing hidden method Landroid/view/textclassifier/logging/SmartSelectionEventTracker;-><init>(Landroid/content/Context;I)V (light greylist, reflection)

11-08 23:47:42.452 29025 29025 W com.wallapop: Accessing hidden method Landroid/view/textclassifier/logging/SmartSelectionEventTracker;->logEvent(Landroid/view/textclassifier/logging/SmartSelectionEventTracker$SelectionEvent;)V (light greylist, reflection)

11-08 23:47:42.453 29025 29025 W com.wallapop: Accessing hidden method Landroid/view/textclassifier/logging/SmartSelectionEventTracker$SelectionEvent;->selectionStarted(I)Landroid/view/textclassifier/logging/SmartSelectionEventTracker$SelectionEvent; (light greylist, reflection)

11-08 23:47:42.453 29025 29025 W com.wallapop: Accessing hidden method Landroid/view/textclassifier/logging/SmartSelectionEventTracker$SelectionEvent;->selectionModified(II)Landroid/view/textclassifier/logging/SmartSelectionEventTracker$SelectionEvent; (light greylist, reflection)

11-08 23:47:42.453 29025 29025 W com.wallapop: Accessing hidden method Landroid/view/textclassifier/logging/SmartSelectionEventTracker$SelectionEvent;->selectionModified(IILandroid/view/textclassifier/TextClassification;)Landroid/view/textclassifier/logging/SmartSelectionEventTracker$SelectionEvent; (light greylist, reflection)

11-08 23:47:42.453 29025 29025 W com.wallapop: Accessing hidden method Landroid/view/textclassifier/logging/SmartSelectionEventTracker$SelectionEvent;->selectionModified(IILandroid/view/textclassifier/TextSelection;)Landroid/view/textclassifier/logging/SmartSelectionEventTracker$SelectionEvent; (light greylist, reflection)

11-08 23:47:42.453 29025 29025 W com.wallapop: Accessing hidden method Landroid/view/textclassifier/logging/SmartSelectionEventTracker$SelectionEvent;->selectionAction(III)Landroid/view/textclassifier/logging/SmartSelectionEventTracker$SelectionEvent; (light greylist, reflection)

11-08 23:47:42.453 29025 29025 W com.wallapop: Accessing hidden method Landroid/view/textclassifier/logging/SmartSelectionEventTracker$SelectionEvent;->selectionAction(IIILandroid/view/textclassifier/TextClassification;)Landroid/view/textclassifier/logging/SmartSelectionEventTracker$SelectionEvent; (light greylist, reflection)

11-08 23:47:42.508 29025 29151 W com.wallapop: Accessing hidden method Landroid/media/AudioManager;->getOutputLatency(I)I (light greylist, reflection)

11-08 23:47:42.583 29025 29025 W com.wallapop: Accessing hidden method Landroid/app/ActivityThread;->currentPackageName()Ljava/lang/String; (light greylist, reflection)

11-08 23:47:43.212 29025 29204 W com.wallapop: Accessing hidden method Lcom/android/org/conscrypt/OpenSSLSocketImpl;->setAlpnProtocols([B)V (light greylist, reflection)

11-08 23:47:43.652 29025 29204 W com.wallapop: Accessing hidden method Lcom/android/org/conscrypt/OpenSSLSocketImpl;->getAlpnSelectedProtocol()[B (light greylist, reflection)

11-08 23:47:45.151  4211  4494 D SamsungAlarmManager: Cancel Alarm calling from uid:10308 pid :29025 / op:PendingIntent{96b43c2: PendingIntentRecord{8adb75c com.wallapop broadcastIntent}}

11-08 23:47:45.344 29025 29025 W com.wallapop: Accessing hidden method Landroid/view/View;->computeFitSystemWindows(Landroid/graphics/Rect;Landroid/graphics/Rect;)Z (light greylist, reflection)

11-08 23:47:45.347 29025 29025 W com.wallapop: Accessing hidden method Landroid/view/ViewGroup;->makeOptionalFitsSystemWindows()V (light greylist, reflection)

11-08 23:47:45.370 29025 29025 W com.wallapop: Accessing hidden field Landroid/view/ViewGroup;->mOnHierarchyChangeListener:Landroid/view/ViewGroup$OnHierarchyChangeListener; (light greylist, reflection)

11-08 23:47:45.421  4211  8761 D SamsungAlarmManager: Cancel Alarm calling from uid:10308 pid :29025 / op:PendingIntent{55af628: PendingIntentRecord{9ab2f41 com.wallapop broadcastIntent}}

11-08 23:47:45.467  4211  8761 D LocationManagerService: request 1e50efb passive Request[POWER_NONE passive fastest=0 num=1 lowPowerMode=false] from com.wallapop(10308 foreground)

11-08 23:47:45.468  4622  4682 E RequestManager_FLP: [LocationManagerService] Location request 1e50efb(PendingIntent) passive interval=0 from com.wallapop(10308)

11-08 23:47:45.532 29025 29025 I chatty  : uid=10308(com.wallapop) identical 14 lines

11-08 23:47:45.532 29025 29025 I chatty  : uid=10308(com.wallapop) identical 1 line

11-08 23:47:45.533 29025 29025 I chatty  : uid=10308(com.wallapop) identical 8 lines

11-08 23:47:45.684  4211  8761 I ActivityManager: START u0 {act=null typ=null flg=0x0 cmp=ComponentInfo{com.wallapop/com.rewallapop.ui.wall.WallActivity}} from uid 10308

11-08 23:47:45.705  3727  3727 I SurfaceFlinger: id=21831 createSurf (4440x4440),2 flag=4, AppWindowToken{ba7e7d token=Token{67d4cd4 ActivityRecord{ea19227 u0 com.wallapop/com.rewallapop.ui.wall.WallActivity t2068}}}#0

11-08 23:47:45.708  4211  8761 D SurfaceControl: reparent is called, sc=Surface(name=996a0bc Splash Screen com.wallapop)/@0x3a02172, newParentHandle=android.os.BinderProxy@58b29c3, transaction=android.view.SurfaceControl$Transaction@2cc6240

11-08 23:47:45.711  3727  3770 D Layer   : [996a0bc Splash Screen com.wallapop#0]::reparent oldParent:[AppWindowToken{92d86db token=Token{47be3ea ActivityRecord{baa5fd5 u0 com.wallapop/com.rewallapop.ui.main.MainActivity t2068}}}#0], newParent:[AppWindowToken{ba7e7d token=Token{67d4cd4 ActivityRecord{ea19227 u0 com.wallapop/com.rewallapop.ui.wall.WallActivity t2068}}}#0]

11-08 23:47:45.714  4211  4228 D WindowManager: setSystemUiVisibility: vis= 0xa018, fullscreenVis= 0x2000, dockedVis= 0x0, win=Window{996a0bc u0 Splash Screen com.wallapop}

11-08 23:47:45.724  4211  4211 D Telecom:SamsungPrebindingServiceImpl: onTopActivityChanged : ComponentInfo{com.wallapop/com.rewallapop.ui.wall.WallActivity}

11-08 23:47:45.844 29025 29041 I com.wallapop: Waiting for a blocking GC ProfileSaver

11-08 23:47:45.862 29025 29036 I com.wallapop: Background concurrent copying GC freed 65353(4MB) AllocSpace objects, 47(1544KB) LOS objects, 49% free, 7MB/14MB, paused 1.261ms total 324.679ms

11-08 23:47:45.862 29025 29041 I com.wallapop: WaitForGcToComplete blocked ProfileSaver on ClassLinker for 18.057ms

11-08 23:47:45.966  4211  4227 D ApplicationPolicy: isStatusBarNotificationAllowedAsUser: packageName = com.wallapop,userId = 0

11-08 23:47:45.966  4211  4227 D ApplicationPolicy: isStatusBarNotificationAllowedAsUser: packageName = com.wallapop,userId = 0

11-08 23:47:45.973  4211  4494 D GamePkgDataHelper: notifyAppCreate(), pkgName: com.wallapop, sendRet: true

11-08 23:47:45.973  4211  4473 D GamePkgDataHelper: getGamePkgData(). com.wallapop

11-08 23:47:45.973  4211  4473 D GameManagerService: handleMessage(), MSG_APP_CREATE. ignore. pkgName: com.wallapop

11-08 23:47:45.975  4211  4494 D GameManagerService: noteResumeComponent(), resumeComponent: com.wallapop

11-08 23:47:45.975  4211  4494 D MARsPolicyManager: onPackageResumedFG pkgName = com.wallapop, userId = 0

11-08 23:47:45.976  4211  4473 D GameManagerService: handleForegroundChange(). pkgName: com.wallapop, clsName: com.rewallapop.ui.wall.WallActivity,FgActivityName:com.wallapop/com.rewallapop.ui.wall.WallActivity

11-08 23:47:45.977  4211  4211 D Telecom:SamsungPrebindingServiceImpl: onTopActivityChanged : ComponentInfo{com.wallapop/com.rewallapop.ui.wall.WallActivity}

11-08 23:47:45.980  4211  4494 I WindowManager: Cancelling animation restarting=true, leash=null, surface=Surface(name=AppWindowToken{92d86db token=Token{47be3ea ActivityRecord{baa5fd5 u0 com.wallapop/com.rewallapop.ui.main.MainActivity t2068}}})/@0x6ff8ebb, parent=Surface(name=Task=2068)/@0x7eeefd8

11-08 23:47:45.980  4211  4494 I WindowManager: Reparenting to leash, surface=Surface(name=AppWindowToken{92d86db token=Token{47be3ea ActivityRecord{baa5fd5 u0 com.wallapop/com.rewallapop.ui.main.MainActivity t2068}}})/@0x6ff8ebb

11-08 23:47:45.981  3727  3727 I SurfaceFlinger: id=21832 createSurf (4440x4440),2 flag=4, Surface(name=AppWindowToken{92d86db token=Token{47be3ea ActivityRecord{baa5fd5 u0 com.wallapop/com.rewallapop.ui.main.MainActivity t2068}}})/@0x6ff8ebb - animation-leash#0

11-08 23:47:45.985  4211  4494 D WindowManager: makeSurface duration=5 leash=Surface(name=Surface(name=AppWindowToken{92d86db token=Token{47be3ea ActivityRecord{baa5fd5 u0 com.wallapop/com.rewallapop.ui.main.MainActivity t2068}}})/@0x6ff8ebb - animation-leash)/@0xafd5317

11-08 23:47:45.986  4211  4494 D SurfaceControl: reparent is called, sc=Surface(name=AppWindowToken{92d86db token=Token{47be3ea ActivityRecord{baa5fd5 u0 com.wallapop/com.rewallapop.ui.main.MainActivity t2068}}})/@0x6ff8ebb, newParentHandle=android.os.BinderProxy@7f79304, transaction=android.view.SurfaceControl$Transaction@78e5b97

11-08 23:47:45.990  3727  3770 D Layer   : [AppWindowToken{92d86db token=Token{47be3ea ActivityRecord{baa5fd5 u0 com.wallapop/com.rewallapop.ui.main.MainActivity t2068}}}#0]::reparent oldParent:[Task=2068#0], newParent:[Surface(name=AppWindowToken{92d86db token=Token{47be3ea ActivityRecord{baa5fd5 u0 com.wallapop/com.rewallapop.ui.main.MainActivity t2068}}})/@0x6ff8ebb - animation-leash#0]

11-08 23:47:46.050 29025 29095 W com.wallapop: Accessing hidden method Ldalvik/system/VMRuntime;->getRuntime()Ldalvik/system/VMRuntime; (light greylist, reflection)

11-08 23:47:46.050 29025 29095 W com.wallapop: Accessing hidden method Ldalvik/system/VMRuntime;->vmInstructionSet()Ljava/lang/String; (light greylist, reflection)

11-08 23:47:46.074 23911 23911 D Notification.Badge: [valid] onNotificationPosted : StatusBarNotification(pkg=com.wallapop user=UserHandle{0} id=999 tag=null key=0|com.wallapop|999|null|10308: Notification(channel=wallapop_channel pri=-2 contentView=null vibrate=null sound=null defaults=0x0 flags=0x62 color=0x00000000 vis=PRIVATE semFlags=0x0 semPriority=0 semMissedCount=0))

11-08 23:47:46.074 23911 23911 D Notification.Badge: notificationKey : 0|com.wallapop|999|null|10308, count : 0, this.count : 1

11-08 23:47:46.075 23911 23978 D Notification.Badge: LauncherModel:onNotificationPosted() : com.wallapop, count : [0], shouldBeFilteredOut : [false]

11-08 23:47:46.075 23911 23978 D Notification.Badge: notificationKey : 0|com.wallapop|999|null|10308, count : 1, mTotalCount : 1

11-08 23:47:46.082 23911 23978 D Notification.Badge: updateLauncherIconBadges() item : [IconInfo(title=_Wallapop_ intent=Intent { act=android.intent.action.MAIN cat=[android.intent.category.LAUNCHER] flg=0x10200000 cmp=com.wallapop/.activities.HomeActivity (has extras) } id=156 type=0 container=-102 screen=1 cellX=3 cellY=0 spanX=1 spanY=1 rank=3 hidden=0 dropPos=null user=UserHandle{0} screenType=0)], mShowBadge : [true], item.mBadgeCount : [1]

11-08 23:47:46.082 23911 23978 D Notification.Badge: updateLauncherIconBadges() item : [IconInfo(title=_Wallapop_ intent=Intent { act=android.intent.action.MAIN cat=[android.intent.category.LAUNCHER] flg=0x10200000 cmp=com.wallapop/.activities.HomeActivity (has extras) } id=157 type=0 container=-100 screen=0 cellX=2 cellY=3 spanX=1 spanY=1 rank=3 hidden=0 dropPos=null user=UserHandle{0} screenType=0)], mShowBadge : [true], item.mBadgeCount : [1]

11-08 23:47:46.091 23911 23911 D RecommendedView: updateBadgeItems: [IconInfo(title=_Wallapop_ intent=Intent { act=android.intent.action.MAIN cat=[android.intent.category.LAUNCHER] flg=0x10200000 cmp=com.wallapop/.activities.HomeActivity (has extras) } id=156 type=0 container=-102 screen=1 cellX=3 cellY=0 spanX=1 spanY=1 rank=3 hidden=0 dropPos=null user=UserHandle{0} screenType=0), IconInfo(title=_Wallapop_ intent=Intent { act=android.intent.action.MAIN cat=[android.intent.category.LAUNCHER] flg=0x10200000 cmp=com.wallapop/.activities.HomeActivity (has extras) } id=157 type=0 container=-100 screen=0 cellX=2 cellY=3 spanX=1 spanY=1 rank=3 hidden=0 dropPos=null user=UserHandle{0} screenType=0)]

11-08 23:47:46.204 29025 29293 I com.wallapop: The ClassLoaderContext is a special shared library.

11-08 23:47:46.272  4211  4310 I WindowManager: reset, Reparenting to original parent, shouldDeferScheduleAnimation=false, destroyLeash=true, surface=Surface(name=AppWindowToken{92d86db token=Token{47be3ea ActivityRecord{baa5fd5 u0 com.wallapop/com.rewallapop.ui.main.MainActivity t2068}}})/@0x6ff8ebb, parent=Surface(name=Task=2068)/@0x7eeefd8, parentNativeHandle=android.os.BinderProxy@dd31a33, caller=com.android.server.wm.SurfaceAnimator.lambda$getFinishedCallback$0:97 com.android.server.wm.-$$Lambda$SurfaceAnimator$SIBia0mND666K8lMCPsoid8pUTI.run:4 com.android.server.wm.SurfaceAnimator.lambda$getFinishedCallback$1:104 com.android.server.wm.-$$Lambda$SurfaceAnimator$vdRZk66hQVbQCvVXEaQCT1kVmFc.onAnimationFinished:4 com.android.server.wm.LocalAnimationAdapter.lambda$startAnimation$0:74

11-08 23:47:46.273  4211  4310 D SurfaceControl: reparent is called, sc=Surface(name=AppWindowToken{92d86db token=Token{47be3ea ActivityRecord{baa5fd5 u0 com.wallapop/com.rewallapop.ui.main.MainActivity t2068}}})/@0x6ff8ebb, newParentHandle=android.os.BinderProxy@dd31a33, transaction=android.view.SurfaceControl$Transaction@78e5b97

11-08 23:47:46.273  4211  4310 D SurfaceControl: destroy(transaction), animation-leash is destroyed, sc=Surface(name=Surface(name=AppWindowToken{92d86db token=Token{47be3ea ActivityRecord{baa5fd5 u0 com.wallapop/com.rewallapop.ui.main.MainActivity t2068}}})/@0x6ff8ebb - animation-leash)/@0xafd5317, transaction=android.view.SurfaceControl$Transaction@78e5b97, caller=com.android.server.wm.SurfaceAnimator.reset:338 com.android.server.wm.SurfaceAnimator.lambda$getFinishedCallback$0:97 com.android.server.wm.-$$Lambda$SurfaceAnimator$SIBia0mND666K8lMCPsoid8pUTI.run:4 com.android.server.wm.SurfaceAnimator.lambda$getFinishedCallback$1:104 com.android.server.wm.-$$Lambda$SurfaceAnimator$vdRZk66hQVbQCvVXEaQCT1kVmFc.onAnimationFinished:4 com.android.server.wm.LocalAnimationAdapter.lambda$startAnimation$0:74 com.android.server.wm.-$$Lambda$LocalAnimationAdapter$X--EomqUvw4qy89IeeTFTH7aCMo.run:4

11-08 23:47:46.289  3727  3770 D Layer   : [AppWindowToken{92d86db token=Token{47be3ea ActivityRecord{baa5fd5 u0 com.wallapop/com.rewallapop.ui.main.MainActivity t2068}}}#0]::reparent oldParent:[Surface(name=AppWindowToken{92d86db token=Token{47be3ea ActivityRecord{baa5fd5 u0 com.wallapop/com.rewallapop.ui.main.MainActivity t2068}}})/@0x6ff8ebb - animation-leash#0], newParent:[Task=2068#0]

11-08 23:47:46.289  3727  3770 I SurfaceFlinger: id=21832 Removed Surface(name=AppWindowToken{92d86db token=Token{47be3ea ActivityRecord{baa5fd5 u0 com.wallapop/com.rewallapop.ui.main.MainActivity t2068}}})/@0x6ff8ebb - animation-leash#0 (0/71)

11-08 23:47:46.290  3727  3727 I Layer   : id=21832 onRemoved Surface(name=AppWindowToken{92d86db token=Token{47be3ea ActivityRecord{baa5fd5 u0 com.wallapop/com.rewallapop.ui.main.MainActivity t2068}}})/@0x6ff8ebb - animation-leash#0

11-08 23:47:46.454  4211  6759 D SamsungAlarmManager: Cancel Alarm calling from uid:10308 pid :29025 / op:PendingIntent{bcd6221: PendingIntentRecord{9ab2f41 com.wallapop broadcastIntent}}

11-08 23:47:46.657 29025 29025 W com.wallapop: Accessing hidden method Landroid/widget/TextView;->getTextDirectionHeuristic()Landroid/text/TextDirectionHeuristic; (light greylist, linking)

11-08 23:47:46.668 29025 29025 W com.wallapop: Accessing hidden method Landroid/graphics/FontFamily;-><init>()V (light greylist, reflection)

11-08 23:47:46.668 29025 29025 W com.wallapop: Accessing hidden method Landroid/graphics/FontFamily;->addFontFromAssetManager(Landroid/content/res/AssetManager;Ljava/lang/String;IZIII[Landroid/graphics/fonts/FontVariationAxis;)Z (light greylist, reflection)

11-08 23:47:46.669 29025 29025 W com.wallapop: Accessing hidden method Landroid/graphics/FontFamily;->addFontFromBuffer(Ljava/nio/ByteBuffer;I[Landroid/graphics/fonts/FontVariationAxis;II)Z (light greylist, reflection)

11-08 23:47:46.669 29025 29025 W com.wallapop: Accessing hidden method Landroid/graphics/FontFamily;->freeze()Z (light greylist, reflection)

11-08 23:47:46.669 29025 29025 W com.wallapop: Accessing hidden method Landroid/graphics/FontFamily;->abortCreation()V (light greylist, reflection)

11-08 23:47:46.670 29025 29025 W com.wallapop: Accessing hidden method Landroid/graphics/Typeface;->createFromFamiliesWithDefault([Landroid/graphics/FontFamily;Ljava/lang/String;II)Landroid/graphics/Typeface; (light greylist, reflection)

11-08 23:47:46.713 29025 29036 I com.wallapop: Background concurrent copying GC freed 148563(7MB) AllocSpace objects, 35(1240KB) LOS objects, 50% free, 8MB/17MB, paused 597us total 194.234ms

11-08 23:47:46.805  4211  7608 D GameManagerService: identifyGamePackage. com.wallapop

11-08 23:47:46.805  4211  7608 D GamePkgDataHelper: getGamePkgData(). com.wallapop

11-08 23:47:47.230 29025 29030 I com.wallapop: Compiler allocated 4MB to compile void android.widget.TextView.<init>(android.content.Context, android.util.AttributeSet, int, int)

11-08 23:47:47.398  3727  3727 I SurfaceFlinger: id=21833 createSurf (4440x4440),2 flag=4, 6e2dfda com.wallapop/com.rewallapop.ui.wall.WallActivity#0

11-08 23:47:47.417 29025 29330 I com.wallapop: The ClassLoaderContext is a special shared library.

11-08 23:47:47.432 29025 29344 I com.wallapop: Waiting for a blocking GC ClassLinker

11-08 23:47:47.439 29025 29346 I com.wallapop: Waiting for a blocking GC ClassLinker

11-08 23:47:47.446 29025 29345 I com.wallapop: Waiting for a blocking GC ClassLinker

11-08 23:47:47.455 29025 29349 I com.wallapop: Waiting for a blocking GC ClassLinker

11-08 23:47:47.455 17724 17807 I Finsky  : [7300] fxx.d(21): com.wallapop: Account from first account - [rJj4Md76H4LxoN-B4dnoZM7XaXDDBcXGlC-caOCi6Uc]

11-08 23:47:47.456 29025 29347 I com.wallapop: Waiting for a blocking GC ClassLinker

11-08 23:47:47.461 17724 17807 I Finsky  : [7300] fxx.d(21): com.wallapop: Account from first account - [rJj4Md76H4LxoN-B4dnoZM7XaXDDBcXGlC-caOCi6Uc]

11-08 23:47:47.463 17724 17807 I Finsky  : [7300] fxx.d(21): com.wallapop: Account from first account - [rJj4Md76H4LxoN-B4dnoZM7XaXDDBcXGlC-caOCi6Uc]

11-08 23:47:47.466 17724 17807 I Finsky  : [7300] fxx.d(21): com.wallapop: Account from first account - [rJj4Md76H4LxoN-B4dnoZM7XaXDDBcXGlC-caOCi6Uc]

11-08 23:47:47.477 29025 29351 I com.wallapop: Waiting for a blocking GC ClassLinker

11-08 23:47:47.484 29025 29350 I com.wallapop: Waiting for a blocking GC ClassLinker

11-08 23:47:47.489 29025 29353 I com.wallapop: Waiting for a blocking GC ClassLinker

11-08 23:47:47.496 29025 29359 I com.wallapop: Waiting for a blocking GC ClassLinker

11-08 23:47:47.498 29025 29355 I com.wallapop: Waiting for a blocking GC ClassLinker

11-08 23:47:47.513 29025 29361 I com.wallapop: Waiting for a blocking GC ClassLinker

11-08 23:47:47.514 29025 29363 I com.wallapop: Waiting for a blocking GC ClassLinker

11-08 23:47:47.523 29025 29362 I com.wallapop: Waiting for a blocking GC ClassLinker

11-08 23:47:47.533 29025 29365 I com.wallapop: Waiting for a blocking GC ClassLinker

11-08 23:47:47.536 29025 29366 I com.wallapop: Waiting for a blocking GC ClassLinker

11-08 23:47:47.537 29025 29369 I com.wallapop: Waiting for a blocking GC ClassLinker

11-08 23:47:47.540 29025 29367 I com.wallapop: Waiting for a blocking GC ClassLinker

11-08 23:47:47.548 29025 29368 I com.wallapop: Waiting for a blocking GC ClassLinker

11-08 23:47:47.550 29025 29370 I com.wallapop: Waiting for a blocking GC ClassLinker

11-08 23:47:47.552 29025 29371 I com.wallapop: Waiting for a blocking GC ClassLinker

11-08 23:47:47.554 29025 29372 I com.wallapop: Waiting for a blocking GC ClassLinker

11-08 23:47:47.554 29025 29374 I com.wallapop: Waiting for a blocking GC ClassLinker

11-08 23:47:47.556 29025 29373 I com.wallapop: Waiting for a blocking GC ClassLinker

11-08 23:47:47.557 29025 29375 I com.wallapop: Waiting for a blocking GC ClassLinker

11-08 23:47:47.558 29025 29376 I com.wallapop: Waiting for a blocking GC ClassLinker

11-08 23:47:47.567 29025 29036 I com.wallapop: Background concurrent copying GC freed 104709(9MB) AllocSpace objects, 27(1120KB) LOS objects, 49% free, 10MB/20MB, paused 697us total 320.512ms

11-08 23:47:47.567 29025 29344 I com.wallapop: WaitForGcToComplete blocked ClassLinker on ClassLinker for 135.790ms

11-08 23:47:47.567 29025 29346 I com.wallapop: Waiting for a blocking GC ClassLinker

11-08 23:47:47.568 29025 29346 I com.wallapop: WaitForGcToComplete blocked ClassLinker on ClassLinker for 128.406ms

11-08 23:47:47.568 29025 29345 I com.wallapop: Waiting for a blocking GC ClassLinker

11-08 23:47:47.568 29025 29351 I com.wallapop: Waiting for a blocking GC ClassLinker

11-08 23:47:47.568 29025 29347 I com.wallapop: Waiting for a blocking GC ClassLinker

11-08 23:47:47.568 29025 29353 I com.wallapop: Waiting for a blocking GC ClassLinker

11-08 23:47:47.568 29025 29359 I com.wallapop: Waiting for a blocking GC ClassLinker

11-08 23:47:47.568 29025 29355 I com.wallapop: Waiting for a blocking GC ClassLinker

11-08 23:47:47.568 29025 29361 I com.wallapop: Waiting for a blocking GC ClassLinker

11-08 23:47:47.568 29025 29363 I com.wallapop: Waiting for a blocking GC ClassLinker

11-08 23:47:47.568 29025 29362 I com.wallapop: Waiting for a blocking GC ClassLinker

11-08 23:47:47.569 29025 29365 I com.wallapop: Waiting for a blocking GC ClassLinker

11-08 23:47:47.569 29025 29366 I com.wallapop: Waiting for a blocking GC ClassLinker

11-08 23:47:47.569 29025 29369 I com.wallapop: Waiting for a blocking GC ClassLinker

11-08 23:47:47.569 29025 29367 I com.wallapop: Waiting for a blocking GC ClassLinker

11-08 23:47:47.569 29025 29368 I com.wallapop: Waiting for a blocking GC ClassLinker

11-08 23:47:47.569 29025 29370 I com.wallapop: Waiting for a blocking GC ClassLinker

11-08 23:47:47.569 29025 29371 I com.wallapop: Waiting for a blocking GC ClassLinker

11-08 23:47:47.569 29025 29372 I com.wallapop: Waiting for a blocking GC ClassLinker

11-08 23:47:47.569 29025 29374 I com.wallapop: Waiting for a blocking GC ClassLinker

11-08 23:47:47.569 29025 29373 I com.wallapop: Waiting for a blocking GC ClassLinker

11-08 23:47:47.569 29025 29375 I com.wallapop: Waiting for a blocking GC ClassLinker

11-08 23:47:47.569 29025 29376 I com.wallapop: Waiting for a blocking GC ClassLinker

11-08 23:47:47.570 29025 29349 I com.wallapop: WaitForGcToComplete blocked ClassLinker on ClassLinker for 114.990ms

11-08 23:47:47.570 29025 29345 I com.wallapop: WaitForGcToComplete blocked ClassLinker on ClassLinker for 124.174ms

11-08 23:47:47.570 29025 29351 I com.wallapop: WaitForGcToComplete blocked ClassLinker on ClassLinker for 92.662ms

11-08 23:47:47.570 29025 29353 I com.wallapop: WaitForGcToComplete blocked ClassLinker on ClassLinker for 80.861ms

11-08 23:47:47.571 29025 29359 I com.wallapop: WaitForGcToComplete blocked ClassLinker on ClassLinker for 74.232ms

11-08 23:47:47.571 29025 29363 I com.wallapop: WaitForGcToComplete blocked ClassLinker on ClassLinker for 56.893ms

11-08 23:47:47.571 29025 29361 I com.wallapop: WaitForGcToComplete blocked ClassLinker on ClassLinker for 57.642ms

11-08 23:47:47.571 29025 29369 I com.wallapop: WaitForGcToComplete blocked ClassLinker on ClassLinker for 34.464ms

11-08 23:47:47.571 29025 29368 I com.wallapop: WaitForGcToComplete blocked ClassLinker on ClassLinker for 22.769ms

11-08 23:47:47.571 29025 29365 I com.wallapop: WaitForGcToComplete blocked ClassLinker on ClassLinker for 38.577ms

11-08 23:47:47.572 29025 29374 I com.wallapop: WaitForGcToComplete blocked ClassLinker on ClassLinker for 17.133ms

11-08 23:47:47.572 29025 29375 I com.wallapop: WaitForGcToComplete blocked ClassLinker on ClassLinker for 14.732ms

11-08 23:47:47.572 29025 29355 I com.wallapop: WaitForGcToComplete blocked ClassLinker on ClassLinker for 73.902ms

11-08 23:47:47.572 29025 29373 I com.wallapop: Waiting for a blocking GC ClassLinker

11-08 23:47:47.572 29025 29376 I com.wallapop: Waiting for a blocking GC ClassLinker

11-08 23:47:47.573 29025 29371 I com.wallapop: Waiting for a blocking GC ClassLinker

11-08 23:47:47.573 29025 29362 I com.wallapop: Waiting for a blocking GC ClassLinker

11-08 23:47:47.573 29025 29366 I com.wallapop: Waiting for a blocking GC ClassLinker

11-08 23:47:47.573 29025 29347 I com.wallapop: WaitForGcToComplete blocked ClassLinker on ClassLinker for 117.037ms

11-08 23:47:47.573 29025 29370 I com.wallapop: WaitForGcToComplete blocked ClassLinker on ClassLinker for 22.821ms

11-08 23:47:47.574 29025 29373 I com.wallapop: WaitForGcToComplete blocked ClassLinker on ClassLinker for 17.905ms

11-08 23:47:47.574 29025 29350 I com.wallapop: WaitForGcToComplete blocked ClassLinker on ClassLinker for 89.457ms

11-08 23:47:47.574 29025 29362 I com.wallapop: Waiting for a blocking GC ClassLinker

11-08 23:47:47.574 29025 29376 I com.wallapop: Waiting for a blocking GC ClassLinker

11-08 23:47:47.574 29025 29371 I com.wallapop: WaitForGcToComplete blocked ClassLinker on ClassLinker for 22.125ms

11-08 23:47:47.574 29025 29372 I com.wallapop: WaitForGcToComplete blocked ClassLinker on ClassLinker for 20.053ms

11-08 23:47:47.574 29025 29362 I com.wallapop: Waiting for a blocking GC ClassLinker

11-08 23:47:47.575 29025 29366 I com.wallapop: Waiting for a blocking GC ClassLinker

11-08 23:47:47.575 29025 29367 I com.wallapop: Waiting for a blocking GC ClassLinker

11-08 23:47:47.575 29025 29376 I com.wallapop: WaitForGcToComplete blocked ClassLinker on ClassLinker for 17.519ms

11-08 23:47:47.575 29025 29362 I com.wallapop: WaitForGcToComplete blocked ClassLinker on ClassLinker for 52.096ms

11-08 23:47:47.575 29025 29367 I com.wallapop: WaitForGcToComplete blocked ClassLinker on ClassLinker for 35.243ms

11-08 23:47:47.576 29025 29366 I com.wallapop: Waiting for a blocking GC ClassLinker

11-08 23:47:47.576 29025 29366 I com.wallapop: WaitForGcToComplete blocked ClassLinker on ClassLinker for 39.556ms

11-08 23:47:47.696  4211  5239 D ActivityManagerPerformance: Received MSG_DISABLE_ACT_START, r: ActivityRecord{ea19227 u0 com.wallapop/com.rewallapop.ui.wall.WallActivity t2068}

11-08 23:47:48.096  4211  5504 V WindowManager: Relayout Window{6e2dfda u0 com.wallapop/com.rewallapop.ui.wall.WallActivity}: viewVisibility=0 req=1080x2220 {(0,0)(fillxfill) sim={adjust=resize forwardNavigation} ty=BASE_APPLICATION wanim=0x10302fe

11-08 23:47:48.099  3727  3727 I SurfaceFlinger: id=21834 createSurf (1080x2220),1 flag=404, com.wallapop/com.rewallapop.ui.wall.WallActivity[29025]#0

11-08 23:47:48.101  4211  5504 D WindowManager: makeSurface duration=2 name=com.wallapop/com.rewallapop.ui.wall.WallActivity[29025]

11-08 23:47:48.101  4211  5504 V WindowManager: Changing focus from null to Window{6e2dfda u0 com.wallapop/com.rewallapop.ui.wall.WallActivity} Callers=com.android.server.wm.WindowManagerService.relayoutWindow:2526 com.android.server.wm.Session.relayoutForTranslate:302 android.view.IWindowSession$Stub.onTransact:518 com.android.server.wm.Session.onTransact:186

11-08 23:47:48.102  4211  4228 D WindowManager: setSystemUiVisibility: vis= 0xa518, fullscreenVis= 0x2000, dockedVis= 0x0, win=Window{6e2dfda u0 com.wallapop/com.rewallapop.ui.wall.WallActivity}

11-08 23:47:48.106  4211  4242 D WindowManager: reportFocusChangedSerialized, focused=true, inTouchMode=true, win=Window{6e2dfda u0 com.wallapop/com.rewallapop.ui.wall.WallActivity}

11-08 23:47:48.248 17724 17850 I Finsky  : [7315] fxx.d(21): com.wallapop: Account from first account - [rJj4Md76H4LxoN-B4dnoZM7XaXDDBcXGlC-caOCi6Uc]

11-08 23:47:48.303 17724 17850 I Finsky  : [7315] fxx.d(21): com.wallapop: Account from first account - [rJj4Md76H4LxoN-B4dnoZM7XaXDDBcXGlC-caOCi6Uc]

11-08 23:47:48.361 17724 17850 I Finsky  : [7315] fxx.d(21): com.wallapop: Account from first account - [rJj4Md76H4LxoN-B4dnoZM7XaXDDBcXGlC-caOCi6Uc]

11-08 23:47:48.416 17724 17850 I Finsky  : [7315] fxx.d(21): com.wallapop: Account from first account - [rJj4Md76H4LxoN-B4dnoZM7XaXDDBcXGlC-caOCi6Uc]

11-08 23:47:48.637  4211  6751 D WindowManager: finishDrawingWindow: Window{6e2dfda u0 com.wallapop/com.rewallapop.ui.wall.WallActivity} mDrawState=DRAW_PENDING

11-08 23:47:48.640  4211  4310 I WindowManager: commitFinishDrawingLocked: mDrawState=READY_TO_SHOW Surface(name=com.wallapop/com.rewallapop.ui.wall.WallActivity[29025])/@0x74bba65

11-08 23:47:48.640  4211  4310 V WindowManager: Resize reasons for w=Window{6e2dfda u0 com.wallapop/com.rewallapop.ui.wall.WallActivity}:  contentInsetsChanged=false [0,63][0,126] visibleInsetsChanged=false [0,63][0,126] stableInsetsChanged=false [0,63][0,126] outsetsChanged=false [0,0][0,0] surfaceResized=false configChanged=false dragResizingChanged=false reportOrientationChanged=false displayCutoutChanged=false nextForceRelayoutToClient=false

11-08 23:47:48.650  4211  4310 I WindowManager: commitFinishDrawingLocked: mDrawState=READY_TO_SHOW Surface(name=com.wallapop/com.rewallapop.ui.wall.WallActivity[29025])/@0x74bba65

11-08 23:47:48.650  4211  4310 I WindowManager: Cancelling animation restarting=false, leash=null, surface=Surface(name=6e2dfda com.wallapop/com.rewallapop.ui.wall.WallActivity)/@0xd27533a, parent=Surface(name=AppWindowToken{ba7e7d token=Token{67d4cd4 ActivityRecord{ea19227 u0 com.wallapop/com.rewallapop.ui.wall.WallActivity t2068}}})/@0xdf64beb

11-08 23:47:48.651  4211  4310 V WindowManager: performShowLocked: mDrawState=HAS_DRAWN in Window{6e2dfda u0 com.wallapop/com.rewallapop.ui.wall.WallActivity}

11-08 23:47:48.665  4211  4242 I ActivityManager: Displayed com.wallapop/com.rewallapop.ui.wall.WallActivity: +2s681ms (total +7s959ms)

11-08 23:47:48.665  4211  4310 V WindowManager: Remove Window{996a0bc u0 Splash Screen com.wallapop}: mSurfaceController=Surface(name=Splash Screen com.wallapop)/@0xbd15766 mAnimatingExit=false mRemoveOnExit=false mHasSurface=true surfaceShowing=true isAnimationSet=false app-animation=false mWillReplaceWindow=false inPendingTransaction=false mDisplayFrozen=false callers=com.android.server.wm.WindowState.removeIfPossible:2764 com.android.server.wm.WindowManagerService.removeWindow:1943 com.android.server.wm.Session.remove:268 android.view.ViewRootImpl.dispatchDetachedFromWindow:4565 android.view.ViewRootImpl.doDie:7996 android.view.ViewRootImpl$ViewRootHandler.handleMessage:4987

11-08 23:47:48.668  4211  4310 I WindowManager: Cancelling animation restarting=true, leash=null, surface=Surface(name=996a0bc Splash Screen com.wallapop)/@0x3a02172, parent=Surface(name=AppWindowToken{ba7e7d token=Token{67d4cd4 ActivityRecord{ea19227 u0 com.wallapop/com.rewallapop.ui.wall.WallActivity t2068}}})/@0xdf64beb

11-08 23:47:48.668  4211  4310 I WindowManager: Reparenting to leash, surface=Surface(name=996a0bc Splash Screen com.wallapop)/@0x3a02172

11-08 23:47:48.672  3727  3727 I SurfaceFlinger:      Device | 0x70dda21640 | 0002 | RGBA_8888 |   0.0    0.0 1080.0 2220.0 |    0    0 1080 2220 | com.wallapop/com.rewallapop.ui.wall.WallActivity[29025]#0

11-08 23:47:48.672  3727  3727 I SurfaceFlinger:      Device | 0x70dda202c0 | 0000 | RGBA_8888 |   0.0    0.0 1080.0 2220.0 |    0    0 1080 2220 | Splash Screen com.wallapop#0

11-08 23:47:48.673  3727  3727 I SurfaceFlinger: id=21835 createSurf (4440x4440),2 flag=4, Surface(name=996a0bc Splash Screen com.wallapop)/@0x3a02172 - animation-leash#0

11-08 23:47:48.676  4211  4310 D WindowManager: makeSurface duration=7 leash=Surface(name=Surface(name=996a0bc Splash Screen com.wallapop)/@0x3a02172 - animation-leash)/@0x84297e1

11-08 23:47:48.676  4211  4310 D SurfaceControl: reparent is called, sc=Surface(name=996a0bc Splash Screen com.wallapop)/@0x3a02172, newParentHandle=android.os.BinderProxy@7a76906, transaction=android.view.SurfaceControl$Transaction@2cc6240

11-08 23:47:48.682  3727  3770 D Layer   : [996a0bc Splash Screen com.wallapop#0]::reparent oldParent:[AppWindowToken{ba7e7d token=Token{67d4cd4 ActivityRecord{ea19227 u0 com.wallapop/com.rewallapop.ui.wall.WallActivity t2068}}}#0], newParent:[Surface(name=996a0bc Splash Screen com.wallapop)/@0x3a02172 - animation-leash#0]

11-08 23:47:48.743 29025 29025 V InputMethodManager: Starting input: tba=com.wallapop ic=null mNaviBarColor -1 mIsGetNaviBarColorSuccess true , NavVisible : true , NavTrans : false

11-08 23:47:48.747  4211  4494 V InputMethodManagerService: windowGainedFocus : reason=WINDOW_FOCUS_GAIN client=android.os.BinderProxy@b5344ce inputContext=null missingMethods= attribute=android.view.inputmethod.EditorInfo@e7fc5f4 nm = com.wallapop controlFlags=#104 softInputMode=#110 windowFlags=#81810100

11-08 23:47:48.808 17724 17850 I Finsky  : [7315] fxx.d(21): com.wallapop: Account from first account - [rJj4Md76H4LxoN-B4dnoZM7XaXDDBcXGlC-caOCi6Uc]

11-08 23:47:48.844  4211  4310 I WindowManager: reset, Reparenting to original parent, shouldDeferScheduleAnimation=false, destroyLeash=true, surface=Surface(name=996a0bc Splash Screen com.wallapop)/@0x3a02172, parent=Surface(name=AppWindowToken{ba7e7d token=Token{67d4cd4 ActivityRecord{ea19227 u0 com.wallapop/com.rewallapop.ui.wall.WallActivity t2068}}})/@0xdf64beb, parentNativeHandle=android.os.BinderProxy@58b29c3, caller=com.android.server.wm.SurfaceAnimator.lambda$getFinishedCallback$0:97 com.android.server.wm.-$$Lambda$SurfaceAnimator$SIBia0mND666K8lMCPsoid8pUTI.run:4 com.android.server.wm.SurfaceAnimator.lambda$getFinishedCallback$1:104 com.android.server.wm.-$$Lambda$SurfaceAnimator$vdRZk66hQVbQCvVXEaQCT1kVmFc.onAnimationFinished:4 com.android.server.wm.LocalAnimationAdapter.lambda$startAnimation$0:74

