Executed '[C740] Help: Access and sections' on 26-06-2019
---------------------------------------------------------------------------------
06-26 14:49:05.948 27688 27713 W System.err: remove failed: ENOENT (No such file or directory) : /data/user/0/com.wallapop/files/AppEventsLogger.persistedevents

06-26 14:49:05.948 27688 27688 V ActivityThread: updateVisibility : ActivityRecord{612c0ac token=android.os.BinderProxy@c4f86df {com.wallapop/com.wallapop.activities.PreferencesActivity}} show : true

06-26 14:49:05.958   874   892 V AlarmManager:  remove PendingIntent] PendingIntent{870d294: PendingIntentRecord{4c3f453 com.wallapop broadcastIntent}}

06-26 14:49:08.328   874  1722 I ActivityManager: Force stopping com.wallapop appid=10265 user=0: from pid 28394

06-26 14:49:08.328   874  1722 I ActivityManager: Killing 27688:com.wallapop/u0a265 (adj 2): stop com.wallapop cause from pid 28394

06-26 14:49:08.328   874  1722 D ActivityManager: isAutoRunBlockedApp:: com.wallapop, Auto Run ON

06-26 14:49:08.328   874  1722 I ActivityManager: isWidgetUsingPkg : com.wallapop no widget is using.

06-26 14:49:08.348   874   874 D MARsPolicyManager: NotificationListenerService OngoingNotificationRemoved : com.wallapop

06-26 14:49:08.358 28436 28436 W SELinux : SELinux: seapp_context_lookup: seinfo=default, level=s0:c512,c768, pkgname=com.wallapop

06-26 14:49:08.358   874  1722 I ActivityManager: Start proc 28436:com.wallapop/u0a265 for activity com.wallapop/.activities.PreferencesActivity

06-26 14:49:08.358   874  1722 I ActivityManager:   Force finishing activity ActivityRecord{eacf624 u0 com.wallapop/com.rewallapop.ui.wall.WallActivity t795}

06-26 14:49:08.368   874  1722 I ActivityManager:   Force finishing activity ActivityRecord{ddfc1ed u0 com.wallapop/.activities.PreferencesActivity t795}

06-26 14:49:08.428   874   874 V AlarmManager: Remove alarm for next reason : android.intent.action.PACKAGE_RESTARTED : package: com.wallapop

06-26 14:49:08.438 28436 28436 W ResourcesManager: getTopLevelResources: /data/app/com.wallapop-1/base.apk / 1.0 running in com.wallapop rsrc of package null

06-26 14:49:08.458 25967 25967 I ClearDataReceiver: [#DCM#] Intent Data: package:com.wallapop

06-26 14:49:08.668 28436 28457 W ResourcesManager: getTopLevelResources: /data/app/com.wallapop-1/base.apk / 1.0 running in com.wallapop rsrc of package null

06-26 14:49:08.678 28436 28457 I FA      :   adb shell setprop debug.firebase.analytics.app com.wallapop

06-26 14:49:08.678   874  1422 V AlarmManager:  remove PendingIntent] PendingIntent{8a9c9ee: PendingIntentRecord{7e5ae8f com.wallapop broadcastIntent}}

06-26 14:49:08.678 28436 28436 W ResourcesManager: getTopLevelResources: /data/app/com.wallapop-1/base.apk / 1.0 running in com.wallapop rsrc of package null

06-26 14:49:08.688 28436 28465 W ResourcesManager: getTopLevelResources: /data/app/com.google.android.gms-1/base.apk / 1.0 running in com.wallapop rsrc of package null

06-26 14:49:08.688 28436 28459 W ResourcesManager: getTopLevelResources: /data/app/com.google.android.gms-1/base.apk / 1.0 running in com.wallapop rsrc of package null

06-26 14:49:08.688 28436 28436 W ResourcesManager: getTopLevelResources: /data/app/com.wallapop-1/base.apk / 1.0 running in com.wallapop rsrc of package null

06-26 14:49:08.698 28436 28436 W ResourcesManager: getTopLevelResources: /data/app/com.wallapop-1/base.apk / 1.0 running in com.wallapop rsrc of package null

06-26 14:49:08.828 28436 28483 W ResourcesManager: getTopLevelResources: /data/app/com.google.android.gms-1/base.apk / 1.0 running in com.wallapop rsrc of package null

06-26 14:49:09.108 28436 28436 W System.err: mkdir failed: EEXIST (File exists) : /data/user/0/com.wallapop/cache/okhttp

06-26 14:49:10.188 28436 28499 I stetho  : Listening on @stetho_com.wallapop_devtools_remote

06-26 14:49:10.208 28436 28436 I art     : Rejecting re-init on previously-failed class java.lang.Class<com.wallapop.clickstream.JobIntentService$f>

06-26 14:49:10.208 28436 28436 I art     : Rejecting re-init on previously-failed class java.lang.Class<com.wallapop.clickstream.JobIntentService$f>

06-26 14:49:10.318 28436 28436 W ResourcesManager: getTopLevelResources: /data/app/com.google.android.gms-1/base.apk / 1.0 running in com.wallapop rsrc of package null

06-26 14:49:10.408 28436 28436 W ResourcesManager: getTopLevelResources: /data/app/com.google.android.gms-1/base.apk / 1.0 running in com.wallapop rsrc of package null

06-26 14:49:10.438 28436 28436 W ResourcesManager: getTopLevelResources: /data/data/com.google.android.gms/app_chimera/m/00000034/dl-AdsFdrDynamite.integ_20290000008.apk / 1.0 running in com.wallapop rsrc of package null

06-26 14:49:10.448 28436 28501 W System.err: remove failed: ENOENT (No such file or directory) : /data/user/0/com.wallapop/files/tfidf.db

06-26 14:49:10.448 28436 28436 W ResourcesManager: getTopLevelResources: /data/data/com.google.android.gms/app_chimera/m/00000034/dl-AdsFdrDynamite.integ_20290000008.apk / 1.0 running in com.wallapop rsrc of package null

06-26 14:49:10.468 28436 28501 W System.err: remove failed: ENOENT (No such file or directory) : /data/user/0/com.wallapop/databases/__hs__db_error_reports

06-26 14:49:10.468 28436 28501 W System.err: remove failed: ENOENT (No such file or directory) : /data/user/0/com.wallapop/databases/__hs__db_error_reports-journal

06-26 14:49:10.468 28436 28501 W System.err: remove failed: ENOENT (No such file or directory) : /data/user/0/com.wallapop/databases/__hs__db_error_reports-shm

06-26 14:49:10.468 28436 28501 W System.err: remove failed: ENOENT (No such file or directory) : /data/user/0/com.wallapop/databases/__hs__db_error_reports-wal

06-26 14:49:10.488 28436 28436 W ResourcesManager: getTopLevelResources: /data/app/com.google.android.gms-1/base.apk / 1.0 running in com.wallapop rsrc of package null

06-26 14:49:10.588 28436 28436 W ResourcesManager: getTopLevelResources: /data/app/com.google.android.webview-2/base.apk / 1.0 running in com.wallapop rsrc of package null

06-26 14:49:13.348 28436 28462 W ResourcesManager: getTopLevelResources: /data/app/com.google.android.gms-1/base.apk / 1.0 running in com.wallapop rsrc of package null

06-26 14:49:13.398   874  1914 V AlarmManager:  remove PendingIntent] PendingIntent{36fd60c: PendingIntentRecord{4c3f453 com.wallapop broadcastIntent}}

06-26 14:49:13.768 28436 28554 W System.err: mkdir failed: EEXIST (File exists) : /data/user/0/com.wallapop/cache/WebView/Crash Reports

06-26 14:49:28.518 28436 28467 W System.err: remove failed: ENOENT (No such file or directory) : /data/user/0/com.wallapop/files/AppEventsLogger.persistedevents

06-26 14:50:27.018   874  1220 I ActivityManager: Force stopping com.wallapop appid=10265 user=0: from pid 28923

06-26 14:50:27.018   874  1220 I ActivityManager: Killing 28436:com.wallapop/u0a265 (adj 15): stop com.wallapop cause from pid 28923

06-26 14:50:27.018   874  1220 D ActivityManager: isAutoRunBlockedApp:: com.wallapop, Auto Run ON

06-26 14:50:27.028   874   874 V AlarmManager: Remove alarm for next reason : android.intent.action.PACKAGE_RESTARTED : package: com.wallapop

06-26 14:50:27.048 25967 25967 I ClearDataReceiver: [#DCM#] Intent Data: package:com.wallapop

06-26 14:50:27.298   874   894 V WindowManager: addAppToken: AppWindowToken{56fc7a6 token=Token{8cccd01 ActivityRecord{92d72e8 u0 com.wallapop/com.rewallapop.ui.main.MainActivity t796}}} to stack=1 task=796 at 0

06-26 14:50:27.308   874  1132 D ISSUE_DEBUG: InputChannelName : e8331f5 Starting com.wallapop

06-26 14:50:27.328   874  4874 I ActivityManager: Start proc 28941:com.wallapop/u0a265 for activity com.wallapop/com.rewallapop.ui.main.MainActivity

06-26 14:50:27.338 28941 28941 W SELinux : SELinux: seapp_context_lookup: seinfo=default, level=s0:c512,c768, pkgname=com.wallapop

06-26 14:50:27.348   874  1132 V WindowStateAnimator: Finishing drawing window Window{e8331f5 u0 d0 Starting com.wallapop}: mDrawState=DRAW_PENDING

06-26 14:50:27.368   874  1721 D ActivityManager:  Launching com.wallapop, updated priority

06-26 14:50:27.388   874  1027 V MARsPolicyManager: updatePackagesScore PackageInfo name -- com.wallapop

06-26 14:50:27.398   874  1028 D StatusBarManagerService: manageDisableList userId=0 what=0x0 pkg=Window{e8331f5 u0 d0 Starting com.wallapop}

06-26 14:50:27.398 28941 28941 W ResourcesManager: getTopLevelResources: /data/app/com.wallapop-1/base.apk / 1.0 running in com.wallapop rsrc of package null

06-26 14:50:27.548 28941 28957 W ResourcesManager: getTopLevelResources: /data/app/com.wallapop-1/base.apk / 1.0 running in com.wallapop rsrc of package null

06-26 14:50:27.568 28941 28941 W ResourcesManager: getTopLevelResources: /data/app/com.wallapop-1/base.apk / 1.0 running in com.wallapop rsrc of package null

06-26 14:50:27.578 28941 28941 W ResourcesManager: getTopLevelResources: /data/app/com.wallapop-1/base.apk / 1.0 running in com.wallapop rsrc of package null

06-26 14:50:27.578 28941 28959 W ResourcesManager: getTopLevelResources: /data/app/com.google.android.gms-1/base.apk / 1.0 running in com.wallapop rsrc of package null

06-26 14:50:27.588 28941 28941 W ResourcesManager: getTopLevelResources: /data/app/com.wallapop-1/base.apk / 1.0 running in com.wallapop rsrc of package null

06-26 14:50:27.588 28941 28965 W ResourcesManager: getTopLevelResources: /data/app/com.google.android.gms-1/base.apk / 1.0 running in com.wallapop rsrc of package null

06-26 14:50:27.588 28941 28957 I FA      :   adb shell setprop debug.firebase.analytics.app com.wallapop

06-26 14:50:27.598 28941 28967 W System.err: remove failed: ENOENT (No such file or directory) : /data/user/0/com.wallapop/files/AppEventsLogger.persistedevents

06-26 14:50:27.618   874  2020 V AlarmManager:  remove PendingIntent] PendingIntent{3391e2: PendingIntentRecord{3342973 com.wallapop broadcastIntent}}

06-26 14:50:27.978 28941 28941 W System.err: mkdir failed: EEXIST (File exists) : /data/user/0/com.wallapop/cache/okhttp

06-26 14:50:29.018 28941 28992 I stetho  : Listening on @stetho_com.wallapop_devtools_remote

06-26 14:50:29.038 28941 28941 I art     : Rejecting re-init on previously-failed class java.lang.Class<com.wallapop.clickstream.JobIntentService$f>

06-26 14:50:29.038 28941 28941 I art     : Rejecting re-init on previously-failed class java.lang.Class<com.wallapop.clickstream.JobIntentService$f>

06-26 14:50:29.148 28941 28941 W ResourcesManager: getTopLevelResources: /data/app/com.google.android.gms-1/base.apk / 1.0 running in com.wallapop rsrc of package null

06-26 14:50:29.218 28941 28941 W ResourcesManager: getTopLevelResources: /data/app/com.google.android.gms-1/base.apk / 1.0 running in com.wallapop rsrc of package null

06-26 14:50:29.228 28941 28941 W ResourcesManager: getTopLevelResources: /data/data/com.google.android.gms/app_chimera/m/00000034/dl-AdsFdrDynamite.integ_20290000008.apk / 1.0 running in com.wallapop rsrc of package null

06-26 14:50:29.238 28941 28941 W ResourcesManager: getTopLevelResources: /data/data/com.google.android.gms/app_chimera/m/00000034/dl-AdsFdrDynamite.integ_20290000008.apk / 1.0 running in com.wallapop rsrc of package null

06-26 14:50:29.268 28941 28994 W System.err: remove failed: ENOENT (No such file or directory) : /data/user/0/com.wallapop/files/tfidf.db

06-26 14:50:29.278 28941 28994 W System.err: remove failed: ENOENT (No such file or directory) : /data/user/0/com.wallapop/databases/__hs__db_error_reports

06-26 14:50:29.278 28941 28994 W System.err: remove failed: ENOENT (No such file or directory) : /data/user/0/com.wallapop/databases/__hs__db_error_reports-journal

06-26 14:50:29.278 28941 28994 W System.err: remove failed: ENOENT (No such file or directory) : /data/user/0/com.wallapop/databases/__hs__db_error_reports-shm

06-26 14:50:29.278 28941 28994 W System.err: remove failed: ENOENT (No such file or directory) : /data/user/0/com.wallapop/databases/__hs__db_error_reports-wal

06-26 14:50:29.358 28941 28941 W ResourcesManager: getTopLevelResources: /data/app/com.google.android.webview-2/base.apk / 1.0 running in com.wallapop rsrc of package null

06-26 14:50:31.938 28941 29080 W ResourcesManager: getTopLevelResources: /data/app/com.google.android.gms-1/base.apk / 1.0 running in com.wallapop rsrc of package null

06-26 14:50:31.988 28941 28941 W ResourcesManager: getTopLevelResources: /data/app/com.wallapop-1/base.apk / 1.0 running in com.wallapop rsrc of package null

06-26 14:50:32.008 28941 28941 W ResourcesManager: getTopLevelResources: /data/app/com.wallapop-1/base.apk / 1.0 running in com.wallapop rsrc of package null

06-26 14:50:32.008   874  4874 V AlarmManager:  remove PendingIntent] PendingIntent{246c220: PendingIntentRecord{4c3f453 com.wallapop broadcastIntent}}

06-26 14:50:32.248   874  1723 V AlarmManager:  remove PendingIntent] PendingIntent{425e04c: PendingIntentRecord{4e6e5bc com.wallapop broadcastIntent}}

06-26 14:50:32.388 28941 28941 W System.err: remove failed: ENOENT (No such file or directory) : /data/user/0/com.wallapop/cache/okhttp/journal.tmp

06-26 14:50:32.418 28941 28941 I Timeline: Timeline: Activity_launch_request id:com.wallapop time:8030443

06-26 14:50:32.428   874  1722 V WindowManager: addAppToken: AppWindowToken{edf6877 token=Token{f801a76 ActivityRecord{5926911 u0 com.wallapop/com.rewallapop.ui.wall.WallActivity t796}}} to stack=1 task=796 at 1

06-26 14:50:32.438   874  1028 D StatusBarManagerService: manageDisableList userId=0 what=0x0 pkg=Window{e8331f5 u0 d0 Starting com.wallapop}

06-26 14:50:32.488 28941 28980 W ResourcesManager: getTopLevelResources: /data/app/com.google.android.gms-1/base.apk / 1.0 running in com.wallapop rsrc of package null

06-26 14:50:32.538   874  1027 D ApplicationPolicy: isStatusBarNotificationAllowedAsUser: packageName = com.wallapop,userId = 0

06-26 14:50:32.548   874  1027 V MARsPolicyManager: updatePackagesScore PackageInfo name -- com.wallapop

06-26 14:50:32.568   874   874 D MARsPolicyManager: NotificationListenerService OngoingNotificationPosted : com.wallapop

06-26 14:50:32.568  1391  1391 W ResourcesManager: getTopLevelResources: /data/app/com.wallapop-1/base.apk / 1.0 running in com.android.systemui rsrc of package null

06-26 14:50:32.578 28941 28941 W ResourcesManager: getTopLevelResources: /data/app/com.wallapop-1/base.apk / 1.0 running in com.wallapop rsrc of package null

06-26 14:50:32.578 28941 28941 W ResourcesManager: getTopLevelResources: /data/app/com.wallapop-1/base.apk / 1.0 running in com.wallapop rsrc of package null

06-26 14:50:32.588  1391  1391 W ResourcesManager: getTopLevelResources: /data/app/com.wallapop-1/base.apk / 1.0 running in com.android.systemui rsrc of package null

06-26 14:50:32.598  1391  1391 W ResourcesManager: getTopLevelResources: /data/app/com.wallapop-1/base.apk / 1.0 running in com.android.systemui rsrc of package null

06-26 14:50:32.608  1391  1391 W ResourcesManager: getTopLevelResources: /data/app/com.wallapop-1/base.apk / 1.0 running in com.android.systemui rsrc of package null

06-26 14:50:32.618 28941 29040 W System.err: mkdir failed: EEXIST (File exists) : /data/user/0/com.wallapop/cache/WebView/Crash Reports

06-26 14:50:32.668   874  2732 V AlarmManager:  remove PendingIntent] PendingIntent{e1ef350: PendingIntentRecord{4e6e5bc com.wallapop broadcastIntent}}

06-26 14:50:33.168 28941 28967 W System.err: remove failed: ENOENT (No such file or directory) : /data/user/0/com.wallapop/files/AppEventsLogger.persistedevents

06-26 14:50:33.218 28941 29173 W ResourcesManager: getTopLevelResources: /data/app/com.google.android.gms-1/base.apk / 1.0 running in com.wallapop rsrc of package null

06-26 14:50:33.228   874   892 D ISSUE_DEBUG: InputChannelName : 99ad44 com.wallapop/com.rewallapop.ui.wall.WallActivity

06-26 14:50:33.328 21819 24783 I Finsky  : [2763] eth.b(2): com.wallapop: Account determined from installer data - [E7ZhE6RtwBr6ZrivWaTWep8klQM]

06-26 14:50:33.328 21819 24783 I Finsky  : [2763] eth.b(9): com.wallapop: Account from preferred account - [E7ZhE6RtwBr6ZrivWaTWep8klQM]

06-26 14:50:33.328 21819 21829 I Finsky  : [2684] eth.b(2): com.wallapop: Account determined from installer data - [E7ZhE6RtwBr6ZrivWaTWep8klQM]

06-26 14:50:33.328 21819 21829 I Finsky  : [2684] eth.b(9): com.wallapop: Account from preferred account - [E7ZhE6RtwBr6ZrivWaTWep8klQM]

06-26 14:50:33.528   874  1028 D StatusBarManagerService: manageDisableList userId=0 what=0x0 pkg=Window{99ad44 u0 d0 com.wallapop/com.rewallapop.ui.wall.WallActivity}

06-26 14:50:33.718 21819 21830 I Finsky  : [2685] eth.b(2): com.wallapop: Account determined from installer data - [E7ZhE6RtwBr6ZrivWaTWep8klQM]

06-26 14:50:33.718 21819 21830 I Finsky  : [2685] eth.b(9): com.wallapop: Account from preferred account - [E7ZhE6RtwBr6ZrivWaTWep8klQM]

06-26 14:50:33.738 28941 29173 D Amazon DTB Ads API: with json params:[{"adsdk":"aps-android-7.4.3","gdpr":{"e":"1","c":"BAAAAAAOa0ob7AcABBENBtAAAAAh6AAA"},"oo":"false","mraid":["1.0","2.0","3.0"],"ua":"Dalvik\/2.1.0 (Linux; U; Android 6.0.1; SM-G900F Build\/MMB29M)","geoloc":"41.4058945,2.1864856,20.0","idfa":"1e214c05-ac1e-4c82-ae75-fb207f9c9c8a","appId":"d2ba46e2d5ef4c9883051d9c8d0125d5","ad-id":"A-6j1GeULkCtsqbiEmqTO1M","slots":[{"sz":"320x50","slot":"f414d83c-ab9f-4e02-9c59-5137663ee6c7","slotId":1,"supportedMediaTypes":["DISPLAY"]}],"dinfo":{"os":"Android","model":"SM-G900F","make":"samsung","osVersion":"6.0.1","connectionType":"Wifi","country":"ES","scalingFactor":"3.0","carrier":"JAZZTEL","language":"es","screenSize":"1080x1920","orientation":"portrait"},"pkg":{"lbl":"_Wallapop_","pn":"com.wallapop","v":"1760000","vn":"1.76.0-d1906251551"},"isDTBMobile":"true"}]

06-26 14:50:33.748 21819 21829 I Finsky  : [2684] eth.b(2): com.wallapop: Account determined from installer data - [E7ZhE6RtwBr6ZrivWaTWep8klQM]

06-26 14:50:33.748 21819 21829 I Finsky  : [2684] eth.b(9): com.wallapop: Account from preferred account - [E7ZhE6RtwBr6ZrivWaTWep8klQM]

06-26 14:50:33.768 21819 24783 I Finsky  : [2763] eth.b(2): com.wallapop: Account determined from installer data - [E7ZhE6RtwBr6ZrivWaTWep8klQM]

06-26 14:50:33.768 21819 24783 I Finsky  : [2763] eth.b(9): com.wallapop: Account from preferred account - [E7ZhE6RtwBr6ZrivWaTWep8klQM]

06-26 14:50:33.778 21819 24782 I Finsky  : [2762] eth.b(2): com.wallapop: Account determined from installer data - [E7ZhE6RtwBr6ZrivWaTWep8klQM]

06-26 14:50:33.778 21819 24782 I Finsky  : [2762] eth.b(9): com.wallapop: Account from preferred account - [E7ZhE6RtwBr6ZrivWaTWep8klQM]

06-26 14:50:33.828   874  2732 V WindowStateAnimator: Finishing drawing window Window{99ad44 u0 d0 com.wallapop/com.rewallapop.ui.wall.WallActivity}: mDrawState=DRAW_PENDING

06-26 14:50:33.838   874  1132 I ActivityManager: Displayed com.wallapop/com.rewallapop.ui.wall.WallActivity: +1s294ms (total +1m25s498ms)

06-26 14:50:33.838   874  1132 I Timeline: Timeline: Activity_windows_visible id: ActivityRecord{5926911 u0 com.wallapop/com.rewallapop.ui.wall.WallActivity t796} time:8031869

06-26 14:50:33.888   874  1721 V WindowStateAnimator: Finishing drawing window Window{99ad44 u0 d0 com.wallapop/com.rewallapop.ui.wall.WallActivity}: mDrawState=HAS_DRAWN

06-26 14:50:33.898 21819 21830 I Finsky  : [2685] eth.b(2): com.wallapop: Account determined from installer data - [E7ZhE6RtwBr6ZrivWaTWep8klQM]

06-26 14:50:33.898 21819 21830 I Finsky  : [2685] eth.b(9): com.wallapop: Account from preferred account - [E7ZhE6RtwBr6ZrivWaTWep8klQM]

06-26 14:50:33.908   874   892 I AppOps  : sendInfoToFLP, code=41 , uid=10265 , packageName=com.wallapop , type=startOp

06-26 14:50:33.968 21819 21829 I Finsky  : [2684] eth.b(2): com.wallapop: Account determined from installer data - [E7ZhE6RtwBr6ZrivWaTWep8klQM]

06-26 14:50:33.968 21819 21829 I Finsky  : [2684] eth.b(9): com.wallapop: Account from preferred account - [E7ZhE6RtwBr6ZrivWaTWep8klQM]

06-26 14:50:33.968 21819 24783 I Finsky  : [2763] eth.b(2): com.wallapop: Account determined from installer data - [E7ZhE6RtwBr6ZrivWaTWep8klQM]

06-26 14:50:33.968 21819 24783 I Finsky  : [2763] eth.b(9): com.wallapop: Account from preferred account - [E7ZhE6RtwBr6ZrivWaTWep8klQM]

06-26 14:50:34.088 28941 28941 W ResourcesManager: getTopLevelResources: /data/app/com.google.android.gms-1/base.apk / 1.0 running in com.wallapop rsrc of package null

06-26 14:50:34.708 28941 28941 W View    : requestLayout() improperly called by com.wallapop.design.view.WallapopTextView{bf76dcf V.ED..... ......ID 54,30-54,92 #7f0a08d7 app:id/wp__home__tv_bubble} during layout: running second layout pass

06-26 14:50:34.868 28941 28941 W ResourcesManager: getTopLevelResources: /data/app/com.google.android.gms-1/base.apk / 1.0 running in com.wallapop rsrc of package null

06-26 14:50:35.068 28941 29222 W ResourcesManager: getTopLevelResources: /data/data/com.google.android.gms/app_chimera/m/00000034/dl-AdsFdrDynamite.integ_20290000008.apk / 1.0 running in com.wallapop rsrc of package null

06-26 14:50:35.618 28941 29173 D Amazon DTB Ads API: with json params:[{"adsdk":"aps-android-7.4.3","gdpr":{"e":"1","c":"BAAAAAAOa0ob7AcABBENBtAAAAAh6AAA"},"oo":"false","mraid":["1.0","2.0","3.0"],"ua":"Dalvik\/2.1.0 (Linux; U; Android 6.0.1; SM-G900F Build\/MMB29M)","geoloc":"41.4058945,2.1864856,20.0","idfa":"1e214c05-ac1e-4c82-ae75-fb207f9c9c8a","appId":"d2ba46e2d5ef4c9883051d9c8d0125d5","ad-id":"A-6j1GeULkCtsqbiEmqTO1M","slots":[{"sz":"320x50","slot":"f414d83c-ab9f-4e02-9c59-5137663ee6c7","slotId":1,"supportedMediaTypes":["DISPLAY"]}],"dinfo":{"os":"Android","model":"SM-G900F","make":"samsung","osVersion":"6.0.1","connectionType":"Wifi","country":"ES","scalingFactor":"3.0","carrier":"JAZZTEL","language":"es","screenSize":"1080x1920","orientation":"portrait"},"pkg":{"lbl":"_Wallapop_","pn":"com.wallapop","v":"1760000","vn":"1.76.0-d1906251551"},"isDTBMobile":"true"}]

06-26 14:50:35.768 28941 28967 W System.err: remove failed: ENOENT (No such file or directory) : /data/user/0/com.wallapop/files/AppEventsLogger.persistedevents

06-26 14:50:37.458 28941 29322 W ResourcesManager: getTopLevelResources: /data/app/com.google.android.gms-1/base.apk / 1.0 running in com.wallapop rsrc of package null

06-26 14:50:38.768 28941 29325 W ResourcesManager: getTopLevelResources: /data/app/com.google.android.gms-1/base.apk / 1.0 running in com.wallapop rsrc of package null

06-26 14:50:39.708 28941 29325 W ResourcesManager: getTopLevelResources: /data/app/com.google.android.gms-1/base.apk / 1.0 running in com.wallapop rsrc of package null

06-26 14:50:42.548   874  1027 V BroadcastQueue: [background] Process cur broadcast BroadcastRecord{6e8bba9 u0 com.appboy.action.receiver.DATA_SYNC qIdx=4}, state= (APP_RECEIVE) DELIVERED for app ProcessRecord{3c8e030 28941:com.wallapop/u0a265}

06-26 14:50:44.878 28941 28941 I Timeline: Timeline: Activity_launch_request id:com.wallapop time:8042907

06-26 14:50:44.898   874  1914 V WindowManager: addAppToken: AppWindowToken{4e86965 token=Token{4e5f25c ActivityRecord{d26b8cf u0 com.wallapop/.activities.PreferencesActivity t796}}} to stack=1 task=796 at 1

06-26 14:50:44.938   874  1027 V MARsPolicyManager: updatePackagesScore PackageInfo name -- com.wallapop

06-26 14:50:44.938 28941 28941 W ResourcesManager: getTopLevelResources: /data/app/com.wallapop-1/base.apk / 1.0 running in com.wallapop rsrc of package null

06-26 14:50:44.938 28941 28941 W ResourcesManager: getTopLevelResources: /data/app/com.wallapop-1/base.apk / 1.0 running in com.wallapop rsrc of package null

06-26 14:50:44.938 28941 28941 W ResourcesManager: getTopLevelResources: /data/app/com.wallapop-1/base.apk / 1.0 running in com.wallapop rsrc of package null

06-26 14:50:44.988   874  3012 V AlarmManager:  remove PendingIntent] PendingIntent{47b36e1: PendingIntentRecord{4e6e5bc com.wallapop broadcastIntent}}

06-26 14:50:45.048   874  1723 D ISSUE_DEBUG: InputChannelName : f756860 com.wallapop/com.wallapop.activities.PreferencesActivity

06-26 14:50:45.088   874  1028 D StatusBarManagerService: manageDisableList userId=0 what=0x0 pkg=Window{f756860 u0 d0 com.wallapop/com.wallapop.activities.PreferencesActivity}

06-26 14:50:45.158   874  1661 V WindowStateAnimator: Finishing drawing window Window{f756860 u0 d0 com.wallapop/com.wallapop.activities.PreferencesActivity}: mDrawState=DRAW_PENDING

06-26 14:50:45.188   874  1132 I ActivityManager: Displayed com.wallapop/.activities.PreferencesActivity: +265ms

06-26 14:50:45.198   874   894 V WindowStateAnimator: Finishing drawing window Window{f756860 u0 d0 com.wallapop/com.wallapop.activities.PreferencesActivity}: mDrawState=HAS_DRAWN

06-26 14:50:45.418   874  1132 I Timeline: Timeline: Activity_windows_visible id: ActivityRecord{d26b8cf u0 com.wallapop/.activities.PreferencesActivity t796} time:8043444

06-26 14:50:45.478   874  2732 I AppOps  : sendInfoToFLP, code=41 , uid=10265 , packageName=com.wallapop , type=finishOp

06-26 14:50:45.478 28941 28941 V ActivityThread: updateVisibility : ActivityRecord{ca35bca token=android.os.BinderProxy@7fa9ecf {com.wallapop/com.rewallapop.ui.wall.WallActivity}} show : false

06-26 14:50:46.018 28851 29203 W ByMatcher: Node returned null child: android.view.accessibility.AccessibilityNodeInfo@800074af; boundsInParent: Rect(0, 0 - 1080, 1920); boundsInScreen: Rect(0, 0 - 1080, 1920); packageName: com.wallapop; className: android.widget.FrameLayout; text: null; error: null; maxTextLength: -1; contentDescription: null; viewIdResName: null; checkable: false; checked: false; focusable: false; focused: false; selected: false; clickable: false; longClickable: false; contextClickable: false; enabled: true; password: false; scrollable: false; actions: [AccessibilityAction: ACTION_SELECT - null, AccessibilityAction: ACTION_CLEAR_SELECTION - null, AccessibilityAction: ACTION_ACCESSIBILITY_FOCUS - null, AccessibilityAction: ACTION_UNKNOWN - null]

06-26 14:50:46.028 28851 29203 W ByMatcher: Node returned null child: android.view.accessibility.AccessibilityNodeInfo@800074af; boundsInParent: Rect(0, 0 - 1080, 1920); boundsInScreen: Rect(0, 0 - 1080, 1920); packageName: com.wallapop; className: android.widget.FrameLayout; text: null; error: null; maxTextLength: -1; contentDescription: null; viewIdResName: null; checkable: false; checked: false; focusable: false; focused: false; selected: false; clickable: false; longClickable: false; contextClickable: false; enabled: true; password: false; scrollable: false; actions: [AccessibilityAction: ACTION_SELECT - null, AccessibilityAction: ACTION_CLEAR_SELECTION - null, AccessibilityAction: ACTION_ACCESSIBILITY_FOCUS - null, AccessibilityAction: ACTION_UNKNOWN - null]


