Executed 'TestRailTest_01()' on 04-11-2019
---------------------------------------------------------------------------------
11-14 17:40:45.569  4211  4221 D WifiPermissionsUtil: canAccessScanResults: pkgName = com.wallapop, uid = 10313

11-14 17:40:46.135 28706 29006 D Amazon DTB Ads API: with query params:[?dt=android&app=app&dinfo=%7B%22os%22%3A%22Android%22%2C%22model%22%3A%22SM-A750FN%22%2C%22make%22%3A%22samsung%22%2C%22osVersion%22%3A%229%22%2C%22connectionType%22%3A%22Wifi%22%2C%22country%22%3A%22ES%22%2C%22scalingFactor%22%3A%222.625%22%2C%22carrier%22%3A%22JAZZTEL%22%2C%22language%22%3A%22es%22%2C%22screenSize%22%3A%221080x2094%22%2C%22orientation%22%3A%22portrait%22%7D&oo=0&aud=3p&idfa=bf505ce3-e614-4d9a-a4d7-9c324edc6560&appId=d2ba46e2d5ef4c9883051d9c8d0125d5&sdkVer=aps-android-7.4.3&ua=Dalvik%2F2.1.0%20%28Linux%3B%20U%3B%20Android%209%3B%20SM-A750FN%20Build%2FPPR1.180610.011%29&pkg=%7B%22lbl%22%3A%22_Wallapop_%22%2C%22pn%22%3A%22com.wallapop%22%2C%22v%22%3A%221850000%22%2C%22vn%22%3A%221.85.0-d1910251130%22%7D]

11-14 17:40:46.220 28706 28717 I com.wallapop: Background concurrent copying GC freed 174241(9MB) AllocSpace objects, 51(2028KB) LOS objects, 50% free, 16MB/32MB, paused 864us total 180.409ms

11-14 17:40:46.598 28706 29006 D Amazon DTB Ads API: Error while connecting to remote server: https://s.amazon-adsystem.com/api3/generate_did?dt=android&app=app&dinfo=%7B%22os%22%3A%22Android%22%2C%22model%22%3A%22SM-A750FN%22%2C%22make%22%3A%22samsung%22%2C%22osVersion%22%3A%229%22%2C%22connectionType%22%3A%22Wifi%22%2C%22country%22%3A%22ES%22%2C%22scalingFactor%22%3A%222.625%22%2C%22carrier%22%3A%22JAZZTEL%22%2C%22language%22%3A%22es%22%2C%22screenSize%22%3A%221080x2094%22%2C%22orientation%22%3A%22portrait%22%7D&oo=0&aud=3p&idfa=bf505ce3-e614-4d9a-a4d7-9c324edc6560&appId=d2ba46e2d5ef4c9883051d9c8d0125d5&sdkVer=aps-android-7.4.3&ua=Dalvik%2F2.1.0%20%28Linux%3B%20U%3B%20Android%209%3B%20SM-A750FN%20Build%2FPPR1.180610.011%29&pkg=%7B%22lbl%22%3A%22_Wallapop_%22%2C%22pn%22%3A%22com.wallapop%22%2C%22v%22%3A%221850000%22%2C%22vn%22%3A%221.85.0-d1910251130%22%7D with error:Chain validation failed

11-14 17:40:46.600 28706 29006 E Amazon DTB Ads API: 	at com.wallapop.thirdparty.ads.b.a.a(SourceFile:43)

11-14 17:40:46.600 28706 29006 E Amazon DTB Ads API: 	at com.wallapop.thirdparty.ads.b.a$b$1.invokeSuspend(SourceFile:34)

11-14 17:40:46.600 28706 29006 E Amazon DTB Ads API: 	at com.wallapop.thirdparty.ads.b.a$b$1.invoke(Unknown Source:10)

11-14 17:40:46.600 28706 29006 E Amazon DTB Ads API: 	at com.wallapop.thirdparty.ads.b.a$b.invokeSuspend(SourceFile:33)

11-14 17:40:46.727 28706 29238 D Amazon DTB Ads API: with query params:[?dt=android&app=app&dinfo=%7B%22os%22%3A%22Android%22%2C%22model%22%3A%22SM-A750FN%22%2C%22make%22%3A%22samsung%22%2C%22osVersion%22%3A%229%22%2C%22connectionType%22%3A%22Wifi%22%2C%22country%22%3A%22ES%22%2C%22scalingFactor%22%3A%222.625%22%2C%22carrier%22%3A%22JAZZTEL%22%2C%22language%22%3A%22es%22%2C%22screenSize%22%3A%221080x2094%22%2C%22orientation%22%3A%22portrait%22%7D&oo=0&aud=3p&idfa=bf505ce3-e614-4d9a-a4d7-9c324edc6560&appId=d2ba46e2d5ef4c9883051d9c8d0125d5&sdkVer=aps-android-7.4.3&ua=Dalvik%2F2.1.0%20%28Linux%3B%20U%3B%20Android%209%3B%20SM-A750FN%20Build%2FPPR1.180610.011%29&pkg=%7B%22lbl%22%3A%22_Wallapop_%22%2C%22pn%22%3A%22com.wallapop%22%2C%22v%22%3A%221850000%22%2C%22vn%22%3A%221.85.0-d1910251130%22%7D]

11-14 17:40:47.067  4211  4390 D WifiTrafficPoller: TrafficStats TxPkts=975138 RxPkts=1710035 TxBytes=210133990 RxBytes=1628801792 , Foreground uid=10313 pkgName=com.wallapop TxPackets=60231 RxPackets=54548 TxBytes=12595539 RxBytes=37840337

11-14 17:40:47.166 28706 29238 D Amazon DTB Ads API: Error while connecting to remote server: https://s.amazon-adsystem.com/api3/generate_did?dt=android&app=app&dinfo=%7B%22os%22%3A%22Android%22%2C%22model%22%3A%22SM-A750FN%22%2C%22make%22%3A%22samsung%22%2C%22osVersion%22%3A%229%22%2C%22connectionType%22%3A%22Wifi%22%2C%22country%22%3A%22ES%22%2C%22scalingFactor%22%3A%222.625%22%2C%22carrier%22%3A%22JAZZTEL%22%2C%22language%22%3A%22es%22%2C%22screenSize%22%3A%221080x2094%22%2C%22orientation%22%3A%22portrait%22%7D&oo=0&aud=3p&idfa=bf505ce3-e614-4d9a-a4d7-9c324edc6560&appId=d2ba46e2d5ef4c9883051d9c8d0125d5&sdkVer=aps-android-7.4.3&ua=Dalvik%2F2.1.0%20%28Linux%3B%20U%3B%20Android%209%3B%20SM-A750FN%20Build%2FPPR1.180610.011%29&pkg=%7B%22lbl%22%3A%22_Wallapop_%22%2C%22pn%22%3A%22com.wallapop%22%2C%22v%22%3A%221850000%22%2C%22vn%22%3A%221.85.0-d1910251130%22%7D with error:Chain validation failed

11-14 17:40:47.198 28706 29238 D Amazon DTB Ads API: with json params:[{"oo":"false","dinfo":{"os":"Android","model":"SM-A750FN","make":"samsung","osVersion":"9","connectionType":"Wifi","country":"ES","scalingFactor":"2.625","carrier":"JAZZTEL","language":"es","screenSize":"1080x2094","orientation":"portrait"},"adsdk":"aps-android-7.4.3","slots":[{"sz":"320x50","slot":"f414d83c-ab9f-4e02-9c59-5137663ee6c7","slotId":1,"supportedMediaTypes":["DISPLAY"]}],"mraid":["1.0","2.0","3.0"],"appId":"d2ba46e2d5ef4c9883051d9c8d0125d5","idfa":"bf505ce3-e614-4d9a-a4d7-9c324edc6560","geoloc":"41.4058684,2.1865172,18.145","isDTBMobile":"true","ua":"Dalvik\/2.1.0 (Linux; U; Android 9; SM-A750FN Build\/PPR1.180610.011)","pkg":{"lbl":"_Wallapop_","pn":"com.wallapop","v":"1850000","vn":"1.85.0-d1910251130"},"gdpr":{"e":"1","c":"BOR0xKKOR0xKKABABAENBZ-AAAAfZ7_______9______9uz_Gv_v_f__33e8__9v_l_7_-___u_-33d4-_1vX99yfm1-7ftr3tp_86ues2vHqK9ZoA"}}]

11-14 17:40:48.180 28706 28717 I com.wallapop: Background concurrent copying GC freed 273184(11MB) AllocSpace objects, 110(5MB) LOS objects, 50% free, 16MB/32MB, paused 489us total 209.415ms

11-14 17:40:48.364 28706 28706 W com.wallapop: Accessing hidden method Landroid/media/AudioTrack;->getLatency()I (light greylist, reflection)

11-14 17:40:48.822  4211  4475 I CodecSolution: pid(28706) pkg(com.wallapop)

11-14 17:40:48.834  4211  4221 D CodecSolution: topName : com.wallapop

11-14 17:40:48.834  4211  4221 I CodecSolution: Top : com.wallapop

11-14 17:40:48.834  4211  4221 D SCPMHelper: getPackageInfo(com.wallapop)

11-14 17:40:49.040  4211  4475 I CodecSolution: pid(28706) pkg(com.wallapop)

11-14 17:40:49.053  4211  4221 D CodecSolution: topName : com.wallapop

11-14 17:40:49.053  4211  4221 I CodecSolution: Top : com.wallapop

11-14 17:40:49.053  4211  4221 D SCPMHelper: getPackageInfo(com.wallapop)

11-14 17:40:49.102 28706 29285 I chatty  : uid=10313(com.wallapop) CodecLooper identical 1 line

11-14 17:40:49.703 28706 29271 I chatty  : uid=10313(com.wallapop) CodecLooper identical 3 lines

11-14 17:40:50.017 28706 29285 I chatty  : uid=10313(com.wallapop) CodecLooper identical 1 line

11-14 17:40:51.139  4211  4390 D WifiTrafficPoller: TrafficStats TxPkts=975385 RxPkts=1710316 TxBytes=210196019 RxBytes=1628917702 , Foreground uid=10313 pkgName=com.wallapop TxPackets=60467 RxPackets=54782 TxBytes=12661082 RxBytes=37945612

11-14 17:40:51.712 28706 28717 I com.wallapop: Background concurrent copying GC freed 138085(8MB) AllocSpace objects, 128(5MB) LOS objects, 50% free, 18MB/37MB, paused 941us total 198.693ms

11-14 17:40:53.111 28706 28706 V InputMethodManager: Starting input: tba=com.wallapop ic=null mNaviBarColor -1 mIsGetNaviBarColorSuccess true , NavVisible : true , NavTrans : false

11-14 17:40:53.463  4211  4211 D Telecom:SamsungPrebindingServiceImpl: onTopActivityChanged : ComponentInfo{com.wallapop/com.rewallapop.ui.wall.WallActivity}

11-14 17:40:53.577  4211  4221 D SamsungAlarmManager: Cancel Alarm calling from uid:10313 pid :28706 / op:PendingIntent{87d55e2: PendingIntentRecord{f654bac com.wallapop broadcastIntent}}

11-14 17:40:53.580  4622  4682 E RequestManager_FLP: [FusedLocationApi] Location remove 35723e8 from com.wallapop

11-14 17:40:54.595  4211  4475 I CodecSolution: pid(28706) pkg(com.wallapop)

11-14 17:40:54.606  4211  4809 D CodecSolution: topName : com.wallapop

11-14 17:40:54.606  4211  4809 I CodecSolution: Top : com.wallapop

11-14 17:40:54.606  4211  4809 D SCPMHelper: getPackageInfo(com.wallapop)

11-14 17:40:54.658 28706 29344 I chatty  : uid=10313(com.wallapop) CodecLooper identical 1 line

11-14 17:40:54.908  4211  4475 I CodecSolution: pid(28706) pkg(com.wallapop)

11-14 17:40:54.918  4211  4221 D CodecSolution: topName : com.wallapop

11-14 17:40:54.918  4211  4221 I CodecSolution: Top : com.wallapop

11-14 17:40:54.918  4211  4221 D SCPMHelper: getPackageInfo(com.wallapop)

11-14 17:40:54.967 28706 29364 I chatty  : uid=10313(com.wallapop) CodecLooper identical 1 line

11-14 17:40:55.547 28706 29344 I chatty  : uid=10313(com.wallapop) CodecLooper identical 1 line

11-14 17:40:55.890 28706 29364 I chatty  : uid=10313(com.wallapop) CodecLooper identical 1 line

11-14 17:41:03.772  4211  4809 D SamsungAlarmManager: Cancel Alarm calling from uid:10313 pid :28706 / op:PendingIntent{ea2d5: PendingIntentRecord{f654bac com.wallapop broadcastIntent}}

11-14 17:41:03.948 28706 28717 I com.wallapop: Background concurrent copying GC freed 137974(8MB) AllocSpace objects, 139(6MB) LOS objects, 50% free, 22MB/44MB, paused 697us total 194.746ms

11-14 17:41:08.580  4211  4221 D SamsungAlarmManager: Cancel Alarm calling from uid:10313 pid :28706 / op:PendingIntent{de84bb6: PendingIntentRecord{4be0782 com.wallapop broadcastIntent}}

11-14 17:41:31.449 28642 29426 I appium  : AppiumResponse: {"sessionId":"None","value":[{"id":"b485d3d4-8bc4-4f5c-8150-d6e2611fe421","capabilities":{"appPackage":"com.wallapop","isHeadless":false,"noReset":true,"deviceName":"3200f02dc0aab5db","deviceReadyTimeout":1,"fullReset":false,"platform":"LINUX","avd":"","ignoreUnimportantViews":true,"deviceUDID":"3200f02dc0aab5db","androidInstallTimeout":150000,"desired":"{platformName=android, normalizeTagNames=true, androidInstallTimeout=150000, app=, appActivity=com.rewallapop.ui.main.MainActivity, appPackage=com.wallapop, isHeadless=false, skipDeviceInitialization=true, autoAcceptAlerts=true, autoGrantPermissions=true, automationName=UiAutomator2, avd=, deviceName=3200f02dc0aab5db, deviceReadyTimeout=1, fullReset=false, ignoreUnimportantViews=true, newCommandTimeout=60, noReset=true, systemPort=8223, udid=3200f02dc0aab5db}","newCommandTimeout":60,"webStorageEnabled":false,"automationName":"UiAutomator2","takesScreenshot":true,"javascriptEnabled":true,"normalizeTagNames":true,"platformName":"android","udid":"3200f02dc0aab5db","systemPort":8223,"app":"","networkConnectionEnabled":true,"warnings":"{}","databaseEnabled":false,"appActivity":"com.rewallapop.ui.main.MainActivity","locationContextEnabled":false,"skipDeviceInitialization":true,"autoGrantPermissions":true,"autoAcceptAlerts":true}}]}

11-14 17:41:35.763  4211  4244 D GameManagerService: noteResumeComponent(), resumeComponent: com.wallapop

11-14 17:41:35.763  4211  4244 D MARsPolicyManager: onPackageResumedFG pkgName = com.wallapop, userId = 0

11-14 17:41:35.763  4211  4473 D GameManagerService: handleForegroundChange(). pkgName: com.wallapop, clsName: com.rewallapop.ui.wall.WallActivity,FgActivityName:com.wallapop/com.rewallapop.ui.wall.WallActivity

11-14 17:41:35.800  4211  4228 I WindowManager: Waiting for drawn Window{c9c2cbc u0 com.wallapop/com.rewallapop.ui.wall.WallActivity}: removed=false visible=true mHasSurface=true drawState=1

11-14 17:41:35.801  4211  4310 V WindowManager: Resize reasons for w=Window{c9c2cbc u0 com.wallapop/com.rewallapop.ui.wall.WallActivity}:  contentInsetsChanged=true [0,63][0,126] visibleInsetsChanged=false [0,63][0,126] stableInsetsChanged=false [0,63][0,126] outsetsChanged=false [0,0][0,0] surfaceResized=false configChanged=false dragResizingChanged=false reportOrientationChanged=false displayCutoutChanged=false nextForceRelayoutToClient=false

11-14 17:41:35.807  4211  4310 I WindowManager: Waiting for drawn Window{c9c2cbc u0 com.wallapop/com.rewallapop.ui.wall.WallActivity}: removed=false visible=true mHasSurface=true drawState=1

11-14 17:41:35.811  4211  4310 I WindowManager: Waiting for drawn Window{c9c2cbc u0 com.wallapop/com.rewallapop.ui.wall.WallActivity}: removed=false visible=true mHasSurface=true drawState=1

11-14 17:41:35.835  4211  4473 D GameManagerService:   handleUserPresent(). resume signal is needed for com.wallapop

11-14 17:41:35.835  4211  4211 D MdnieScenarioControlService:  packageName : com.wallapop    className : com.rewallapop.ui.wall.WallActivity

11-14 17:41:35.838  4211  4211 D GameManagerService: identifyGamePackage. com.wallapop

11-14 17:41:35.838  4211  4211 D GamePkgDataHelper: getGamePkgData(). com.wallapop

11-14 17:41:35.863  4211  4310 I WindowManager: Waiting for drawn Window{c9c2cbc u0 com.wallapop/com.rewallapop.ui.wall.WallActivity}: removed=false visible=true mHasSurface=true drawState=1

11-14 17:41:35.912  4211  4390 D WifiTrafficPoller: TrafficStats TxPkts=975597 RxPkts=1710566 TxBytes=210251062 RxBytes=1629017174 , Foreground uid=10313 pkgName=com.wallapop TxPackets=60644 RxPackets=54977 TxBytes=12699171 RxBytes=37998931

11-14 17:41:35.956  4211  4311 D SamsungAlarmManager: Cancel Alarm calling from uid:10313 pid :28706 / op:PendingIntent{ac3e9a1: PendingIntentRecord{12fead com.wallapop broadcastIntent}}

11-14 17:41:35.981 28706 28706 V InputMethodManager: Starting input: tba=com.wallapop ic=null mNaviBarColor -1 mIsGetNaviBarColorSuccess true , NavVisible : true , NavTrans : false

11-14 17:41:36.193  4211  5514 V WindowManager: Relayout Window{c9c2cbc u0 com.wallapop/com.rewallapop.ui.wall.WallActivity}: viewVisibility=0 req=1080x2220 {(0,0)(fillxfill) sim={adjust=resize forwardNavigation} ty=BASE_APPLICATION wanim=0x10302fe

11-14 17:41:36.197  4211  5514 I WindowManager: Waiting for drawn Window{c9c2cbc u0 com.wallapop/com.rewallapop.ui.wall.WallActivity}: removed=false visible=true mHasSurface=true drawState=1

11-14 17:41:36.251  4211  5514 D WindowManager: finishDrawingWindow: Window{c9c2cbc u0 com.wallapop/com.rewallapop.ui.wall.WallActivity} mDrawState=DRAW_PENDING

11-14 17:41:36.253  4211  4310 I WindowManager: commitFinishDrawingLocked: mDrawState=READY_TO_SHOW Surface(name=com.wallapop/com.rewallapop.ui.wall.WallActivity[28706])/@0x91692a1

11-14 17:41:36.253  4211  4310 V WindowManager: performShowLocked: mDrawState=HAS_DRAWN in Window{c9c2cbc u0 com.wallapop/com.rewallapop.ui.wall.WallActivity}

11-14 17:41:36.256  4211  4310 I WindowManager: Waiting for drawn Window{c9c2cbc u0 com.wallapop/com.rewallapop.ui.wall.WallActivity}: removed=false visible=true mHasSurface=true drawState=4

11-14 17:41:36.256  4211  4310 D WindowManager: Window drawn win=Window{c9c2cbc u0 com.wallapop/com.rewallapop.ui.wall.WallActivity}

11-14 17:41:36.279  3727  3727 I SurfaceFlinger:      Device | 0x70dda21f40 | 0002 | RGBA_8888 |   0.0    0.0 1080.0 2220.0 |    0    0 1080 2220 | com.wallapop/com.rewallapop.ui.wall.WallActivity[28706]#0

11-14 17:41:36.660 28706 28706 W View    : requestLayout() improperly called by com.wallapop.design.view.WallapopTextView{6694e6a V.ED..... ......ID 47,26-611,86 #7f0a0904 app:id/wp__home__tv_bubble} during layout: running second layout pass

11-14 17:41:36.983 29454 29526 I appium  : AppiumResponse: {"sessionId":"a27dd080-40e0-402c-8df9-ce685244dd5b","value":{"sessionId":"a27dd080-40e0-402c-8df9-ce685244dd5b","capabilities":{"firstMatch":[{"platform":"LINUX","webStorageEnabled":false,"takesScreenshot":true,"javascriptEnabled":true,"databaseEnabled":false,"networkConnectionEnabled":true,"locationContextEnabled":false,"warnings":{},"desired":{"platformName":"android","normalizeTagNames":true,"androidInstallTimeout":150000,"app":"","appActivity":"com.rewallapop.ui.main.MainActivity","appPackage":"com.wallapop","isHeadless":false,"skipDeviceInitialization":true,"autoAcceptAlerts":true,"autoGrantPermissions":true,"automationName":"UiAutomator2","avd":"","deviceName":"3200f02dc0aab5db","deviceReadyTimeout":1,"fullReset":false,"ignoreUnimportantViews":true,"newCommandTimeout":60,"noReset":true,"systemPort":8223,"udid":"3200f02dc0aab5db"},"platformName":"android","normalizeTagNames":true,"androidInstallTimeout":150000,"app":"","appActivity":"com.rewallapop.ui.main.MainActivity","appPackage":"com.wallapop","isHeadless":false,"skipDeviceInitialization":true,"autoAcceptAlerts":true,"autoGrantPermissions":true,"automationName":"UiAutomator2","avd":"","deviceName":"3200f02dc0aab5db","deviceReadyTimeout":1,"fullReset":false,"ignoreUnimportantViews":true,"newCommandTimeout":60,"noReset":true,"systemPort":8223,"udid":"3200f02dc0aab5db","deviceUDID":"3200f02dc0aab5db"}],"alwaysMatch":{}}}}

11-14 17:41:37.230 28706 28711 I com.wallapop: Compiler allocated 4MB to compile void android.view.ViewRootImpl.performTraversals()

11-14 17:41:37.501  4211  5514 I ActivityManager: Force stopping com.wallapop appid=10313 user=0: from pid 29539 caller com.android.server.am.ActivityManagerShellCommand.runStartActivity:412

11-14 17:41:37.504  4211  5514 I ActivityManager: Killing 28706:com.wallapop/u0a313 (adj 0): stop com.wallapop,from pid 29539 caller com.android.server.am.ActivityManagerShellCommand.runStartActivity:412

11-14 17:41:37.520  4211  5514 W ActivityManager: Scheduling restart of crashed service com.wallapop/com.rewallapop.ui.debug.view.DebugActivity$Service in 1000ms

11-14 17:41:37.520  4211  5514 W ActivityManager: Scheduling restart of crashed service com.wallapop/.clickstream.ClickStreamService in 1000ms

11-14 17:41:37.521  4211  5514 W ActivityManager: Force removing ActivityRecord{fd7f382 u0 com.wallapop/com.rewallapop.ui.wall.WallActivity t2195}: app died, no saved state

11-14 17:41:37.523  4211  5514 V WindowManager: Changing focus from Window{c9c2cbc u0 com.wallapop/com.rewallapop.ui.wall.WallActivity} to null Callers=com.android.server.wm.AppWindowToken.setVisibility:536 com.android.server.wm.AppWindowToken.onRemovedFromDisplay:766 com.android.server.wm.DisplayContent.removeAppToken:1079 com.android.server.wm.AppWindowContainerController.removeContainer:305

11-14 17:41:37.529 23911 23911 D Notification.Badge: [invalid] onNotificationRemoved : StatusBarNotification(pkg=com.wallapop user=UserHandle{0} id=999 tag=null key=0|com.wallapop|999|null|10313: Notification(channel=wallapop_channel pri=-2 contentView=null vibrate=null sound=null defaults=0x0 flags=0x62 color=0x00000000 vis=PRIVATE semFlags=0x0 semPriority=0 semMissedCount=0))

11-14 17:41:37.532  4211  5514 V WindowManager: Setting visibility of Window{c9c2cbc u0 com.wallapop/com.rewallapop.ui.wall.WallActivity}: false, caller=com.android.server.wm.WindowContainer.sendAppVisibilityToClients:615 com.android.server.wm.AppWindowToken.setClientHidden:460 com.android.server.wm.AppWindowToken.onAnimationFinished:2383 com.android.server.wm.AppWindowToken.setVisibility:551 com.android.server.wm.AppWindowToken.onRemovedFromDisplay:766

11-14 17:41:37.534  4211  5514 I WindowManager: Cancelling animation restarting=false, leash=null, surface=Surface(name=AppWindowToken{82f2ad0 token=Token{3b07a93 ActivityRecord{fd7f382 u0 com.wallapop/com.rewallapop.ui.wall.WallActivity t2195}}})/@0xe351487, parent=Surface(name=Task=2195)/@0xb67285f

11-14 17:41:37.534  4211  5514 V WindowManager: Remove Window{c9c2cbc u0 com.wallapop/com.rewallapop.ui.wall.WallActivity}: mSurfaceController=Surface(name=com.wallapop/com.rewallapop.ui.wall.WallActivity[28706])/@0x91692a1 mAnimatingExit=false mRemoveOnExit=false mHasSurface=true surfaceShowing=false isAnimationSet=false app-animation=false mWillReplaceWindow=false inPendingTransaction=false mDisplayFrozen=false callers=com.android.server.wm.WindowState.removeIfPossible:2764 com.android.server.wm.WindowToken.removeAllWindowsIfPossible:150 com.android.server.wm.AppWindowToken.removeIfPossible:743 com.android.server.wm.AppWindowToken.onRemovedFromDisplay:819 com.android.server.wm.DisplayContent.removeAppToken:1079 com.android.server.wm.AppWindowContainerController.removeContainer:305

11-14 17:41:37.536  4211  5514 I WindowManager: Destroying surface Surface(name=com.wallapop/com.rewallapop.ui.wall.WallActivity[28706])/@0x91692a1 called by com.android.server.wm.WindowStateAnimator.destroySurface:1901 com.android.server.wm.WindowStateAnimator.destroySurfaceLocked:838 com.android.server.wm.WindowState.removeImmediately:2743 com.android.server.wm.WindowState.removeIfPossible:2893 com.android.server.wm.WindowState.removeIfPossible:2764 com.android.server.wm.WindowToken.removeAllWindowsIfPossible:150 com.android.server.wm.AppWindowToken.removeIfPossible:743 com.android.server.wm.AppWindowToken.onRemovedFromDisplay:819

11-14 17:41:37.536  3727  5001 I SurfaceFlinger: id=28180 Removed com.wallapop/com.rewallapop.ui.wall.WallActivity[28706]#0 (0/62)

11-14 17:41:37.541  3727  5001 I SurfaceFlinger: id=28179 Removed c9c2cbc com.wallapop/com.rewallapop.ui.wall.WallActivity#0 (0/61)

11-14 17:41:37.547  3727  3771 I SurfaceFlinger: id=28177 Removed AppWindowToken{82f2ad0 token=Token{3b07a93 ActivityRecord{fd7f382 u0 com.wallapop/com.rewallapop.ui.wall.WallActivity t2195}}}#0 (0/60)

11-14 17:41:37.549  4211  4242 D WindowManager: reportFocusChangedSerialized, focused=false, inTouchMode=true, win=Window{c9c2cbc u0 com.wallapop/com.rewallapop.ui.wall.WallActivity}

11-14 17:41:37.552  3727  3727 I Layer   : id=28180 onRemoved com.wallapop/com.rewallapop.ui.wall.WallActivity[28706]#0

11-14 17:41:37.553  3727  3727 I Layer   : id=28177 onRemoved AppWindowToken{82f2ad0 token=Token{3b07a93 ActivityRecord{fd7f382 u0 com.wallapop/com.rewallapop.ui.wall.WallActivity t2195}}}#0

11-14 17:41:37.553  3727  3727 I Layer   : id=28179 onRemoved c9c2cbc com.wallapop/com.rewallapop.ui.wall.WallActivity#0

11-14 17:41:37.602  4211  5514 I ActivityManager:   Force stopping service ServiceRecord{32e1398 u0 com.wallapop/.clickstream.ClickStreamService}

11-14 17:41:37.624  4211  4227 W BroadcastQueue: Background execution not allowed: receiving Intent { act=android.intent.action.PACKAGE_RESTARTED dat=package:com.wallapop flg=0x10 (has extras) } to android/com.kddi.android.CpaNotiReceiver

11-14 17:41:37.625  4211  4211 D SamsungAlarmManager: Remove alarm for next reason : android.intent.action.PACKAGE_RESTARTED : package: com.wallapop

11-14 17:41:37.641 23911 23978 D Notification.Badge: updateLauncherIconBadges() item : [IconInfo(title=_Wallapop_ intent=Intent { act=android.intent.action.MAIN cat=[android.intent.category.LAUNCHER] flg=0x10200000 cmp=com.wallapop/.activities.HomeActivity (has extras) } id=162 type=0 container=-102 screen=1 cellX=3 cellY=0 spanX=1 spanY=1 rank=3 hidden=0 dropPos=null user=UserHandle{0} screenType=0)], mShowBadge : [false], item.mBadgeCount : [0]

11-14 17:41:37.661 23911 23927 I AppIconSolution: load=com.wallapop, bg=144-144, dr=126-126, forDefault=true, density=0

11-14 17:41:37.663 23911 23927 I AppIconSolution: load=com.wallapop-contain, bg=166-166, dr=126-126

11-14 17:41:37.671 23911 23911 D RecommendedView: updateBadgeItems: [IconInfo(title=_Wallapop_ intent=Intent { act=android.intent.action.MAIN cat=[android.intent.category.LAUNCHER] flg=0x10200000 cmp=com.wallapop/.activities.HomeActivity (has extras) } id=162 type=0 container=-102 screen=1 cellX=3 cellY=0 spanX=1 spanY=1 rank=3 hidden=0 dropPos=null user=UserHandle{0} screenType=0)]

11-14 17:41:37.860  4211  5514 I ActivityManager: START u0 {act=null typ=null flg=0x10000000 cmp=ComponentInfo{com.wallapop/com.rewallapop.ui.main.MainActivity}} from uid 2000

11-14 17:41:37.862  4211  5514 I ActivityManager: [IOP] sourceDir : /data/app/com.wallapop-N9ua0QKKrjIAApR3SfN52w== in ActivityStacksupervisor

11-14 17:41:37.876  3727  3727 I SurfaceFlinger: id=28190 createSurf (4440x4440),2 flag=4, AppWindowToken{640d912 token=Token{552d09d ActivityRecord{3191374 u0 com.wallapop/com.rewallapop.ui.main.MainActivity t2196}}}#0

11-14 17:41:37.893  3727  3727 I SurfaceFlinger: id=28191 createSurf (4440x4440),2 flag=4, d811837 Splash Screen com.wallapop#0

11-14 17:41:37.898  4211  6393 D StorageManagerService: getExternalStorageMountMode : final mountMode=1, uid : 10313, packageName : com.wallapop

11-14 17:41:37.899  4211  6393 I ApplicationPolicy: isApplicationExternalStorageWhitelisted:com.wallapop user:0

11-14 17:41:37.899  4211  6393 D ActivityManager: package  com.wallapop, user - 0 is SDcard whitelisted

11-14 17:41:37.899  4211  6393 I ApplicationPolicy: isApplicationExternalStorageBlacklisted:com.wallapop user:0

11-14 17:41:37.899  4211  6393 I ApplicationPolicy: isApplicationExternalStorageBlacklisted:com.wallapop user:0

11-14 17:41:37.900  4211  4211 D Telecom:SamsungPrebindingServiceImpl: onTopActivityChanged : ComponentInfo{com.wallapop/com.rewallapop.ui.main.MainActivity}

11-14 17:41:37.915  4211  4310 V WindowManager: Relayout Window{d811837 u0 Splash Screen com.wallapop}: viewVisibility=0 req=1080x2220 {(0,0)(fillxfill) sim={adjust=pan} ty=APPLICATION_STARTING fmt=TRANSLUCENT wanim=0x10302fe

11-14 17:41:37.917  4211  4229 I ActivityManager: Start proc 29547:com.wallapop/u0a313 for activity com.wallapop/com.rewallapop.ui.main.MainActivity

11-14 17:41:37.921 29547 29547 I com.wallapop: Late-enabling -Xcheck:jni

11-14 17:41:37.927  3727  3727 I SurfaceFlinger: id=28192 createSurf (1080x2220),1 flag=4, Splash Screen com.wallapop#0

11-14 17:41:37.929  4211  4310 D WindowManager: makeSurface duration=9 name=Splash Screen com.wallapop

11-14 17:41:37.952  4211  4310 D WindowManager: finishDrawingWindow: Window{d811837 u0 Splash Screen com.wallapop} mDrawState=DRAW_PENDING

11-14 17:41:37.955  4211  4310 I WindowManager: commitFinishDrawingLocked: mDrawState=READY_TO_SHOW Surface(name=Splash Screen com.wallapop)/@0x82e5b09

11-14 17:41:37.955 29547 29547 I com.wallapop: report jit thread pid = 29552

11-14 17:41:37.955  4211  4310 V WindowManager: Resize reasons for w=Window{d811837 u0 Splash Screen com.wallapop}:  contentInsetsChanged=false [0,63][0,126] visibleInsetsChanged=false [0,63][0,126] stableInsetsChanged=false [0,63][0,126] outsetsChanged=false [0,0][0,0] surfaceResized=false configChanged=false dragResizingChanged=false reportOrientationChanged=false displayCutoutChanged=false nextForceRelayoutToClient=false

11-14 17:41:37.973  4211  6393 I ActivityManager: DSS on for com.wallapop and scale is 1.0

11-14 17:41:37.973  4211  4310 I WindowManager: commitFinishDrawingLocked: mDrawState=READY_TO_SHOW Surface(name=Splash Screen com.wallapop)/@0x82e5b09

11-14 17:41:37.982  4211  6393 I WindowManager: commitFinishDrawingLocked: mDrawState=READY_TO_SHOW Surface(name=Splash Screen com.wallapop)/@0x82e5b09

11-14 17:41:37.984  4211  6393 D GamePkgDataHelper: notifyAppCreate(), pkgName: com.wallapop, sendRet: true

11-14 17:41:37.984  4211  4473 D GamePkgDataHelper: getGamePkgData(). com.wallapop

11-14 17:41:37.985  4211  4473 D GameManagerService: handleMessage(), MSG_APP_CREATE. ignore. pkgName: com.wallapop

11-14 17:41:37.988  4211  4310 I WindowManager: commitFinishDrawingLocked: mDrawState=READY_TO_SHOW Surface(name=Splash Screen com.wallapop)/@0x82e5b09

11-14 17:41:37.993  4211  4310 I WindowManager: commitFinishDrawingLocked: mDrawState=READY_TO_SHOW Surface(name=Splash Screen com.wallapop)/@0x82e5b09

11-14 17:41:37.995  4211  6393 D GameManagerService: noteResumeComponent(), resumeComponent: com.wallapop

11-14 17:41:37.995  4211  6393 D GamePkgDataHelper: getSosPolicy(). com.wallapop

11-14 17:41:37.995  4211  4473 D GameManagerService: handleForegroundChange(). pkgName: com.wallapop, clsName: com.rewallapop.ui.main.MainActivity,FgActivityName:com.wallapop/com.rewallapop.ui.main.MainActivity

11-14 17:41:37.995  4211  4473 D GameManagerService:   handleForegroundChange(). set mFgApp: com.wallapop

11-14 17:41:37.996  4211  4473 D GameManagerService: notifyResumePause(). pkg: com.wallapop, type: 4, isMinimized: false, isTunableApp: false

11-14 17:41:37.996  4211  8761 D GamePkgDataHelper: getGamePkgDataIncServer(). com.wallapop

11-14 17:41:37.996  4211  6393 D GameManagerService: identifyGamePackage. com.wallapop

11-14 17:41:37.996  4211  6393 D GamePkgDataHelper: getGamePkgData(). com.wallapop

11-14 17:41:37.996  4211  6393 D MARsPolicyManager: onPackageResumedFG pkgName = com.wallapop, userId = 0

11-14 17:41:37.998  4211  4310 I WindowManager: commitFinishDrawingLocked: mDrawState=READY_TO_SHOW Surface(name=Splash Screen com.wallapop)/@0x82e5b09

11-14 17:41:38.000  4211  4228 D CodecSolution: isMaxAspectPackageEx: com.wallapop : true(2)

11-14 17:41:38.001  4211  8761 D GamePkgDataHelper: getSosPolicy(). com.wallapop

11-14 17:41:38.003  4211  8761 D GameManagerService: identifyGamePackage. com.wallapop

11-14 17:41:38.003  4211  8761 D GamePkgDataHelper: getGamePkgData(). com.wallapop

11-14 17:41:38.007  4211  4310 I WindowManager: Cancelling animation restarting=true, leash=null, surface=Surface(name=AppWindowToken{640d912 token=Token{552d09d ActivityRecord{3191374 u0 com.wallapop/com.rewallapop.ui.main.MainActivity t2196}}})/@0xecc6140, parent=Surface(name=Task=2196)/@0xa271879

11-14 17:41:38.007  4211  4310 I WindowManager: Reparenting to leash, surface=Surface(name=AppWindowToken{640d912 token=Token{552d09d ActivityRecord{3191374 u0 com.wallapop/com.rewallapop.ui.main.MainActivity t2196}}})/@0xecc6140

11-14 17:41:38.009  3727  3727 I SurfaceFlinger: id=28194 createSurf (4440x4440),2 flag=4, Surface(name=AppWindowToken{640d912 token=Token{552d09d ActivityRecord{3191374 u0 com.wallapop/com.rewallapop.ui.main.MainActivity t2196}}})/@0xecc6140 - animation-leash#0

11-14 17:41:38.011  4211  4310 D WindowManager: makeSurface duration=4 leash=Surface(name=Surface(name=AppWindowToken{640d912 token=Token{552d09d ActivityRecord{3191374 u0 com.wallapop/com.rewallapop.ui.main.MainActivity t2196}}})/@0xecc6140 - animation-leash)/@0x2b079be

11-14 17:41:38.012  4211  4310 D SurfaceControl: reparent is called, sc=Surface(name=AppWindowToken{640d912 token=Token{552d09d ActivityRecord{3191374 u0 com.wallapop/com.rewallapop.ui.main.MainActivity t2196}}})/@0xecc6140, newParentHandle=android.os.BinderProxy@12fea1f, transaction=android.view.SurfaceControl$Transaction@db6516c

11-14 17:41:38.012  4211  4310 V WindowManager: performShowLocked: mDrawState=HAS_DRAWN in Window{d811837 u0 Splash Screen com.wallapop}

11-14 17:41:38.015  4211  4228 D WindowManager: setSystemUiVisibility: vis= 0xa018, fullscreenVis= 0x2000, dockedVis= 0x0, win=Window{d811837 u0 Splash Screen com.wallapop}

11-14 17:41:38.016  3727  3771 D Layer   : [AppWindowToken{640d912 token=Token{552d09d ActivityRecord{3191374 u0 com.wallapop/com.rewallapop.ui.main.MainActivity t2196}}}#0]::reparent oldParent:[Task=2196#0], newParent:[Surface(name=AppWindowToken{640d912 token=Token{552d09d ActivityRecord{3191374 u0 com.wallapop/com.rewallapop.ui.main.MainActivity t2196}}})/@0xecc6140 - animation-leash#0]

11-14 17:41:38.025  4211  8761 D GameManagerService: identifyGamePackage. com.wallapop

11-14 17:41:38.025  4211  8761 D GamePkgDataHelper: getGamePkgData(). com.wallapop

11-14 17:41:38.030 29547 29547 I com.wallapop: The ClassLoaderContext is a special shared library.

11-14 17:41:38.120  3727  3727 I SurfaceFlinger:      Device | 0x70de034ac0 | 0000 | RGBA_8888 |   0.0    0.0 1080.0 2220.0 |   91  186  989 2034 | Splash Screen com.wallapop#0

11-14 17:41:38.129  4211  4669 D MdnieScenarioControlService:  packageName : com.wallapop    className : com.rewallapop.ui.main.MainActivity

11-14 17:41:38.164  3727  3727 I SurfaceFlinger:      Device | 0x70de034ac0 | 0000 | RGBA_8888 |   0.0    0.0 1080.0 2220.0 |   50  103 1030 2117 | Splash Screen com.wallapop#0

11-14 17:41:38.270  4211  4310 I WindowManager: reset, Reparenting to original parent, shouldDeferScheduleAnimation=false, destroyLeash=true, surface=Surface(name=AppWindowToken{640d912 token=Token{552d09d ActivityRecord{3191374 u0 com.wallapop/com.rewallapop.ui.main.MainActivity t2196}}})/@0xecc6140, parent=Surface(name=Task=2196)/@0xa271879, parentNativeHandle=android.os.BinderProxy@26d1858, caller=com.android.server.wm.SurfaceAnimator.lambda$getFinishedCallback$0:97 com.android.server.wm.-$$Lambda$SurfaceAnimator$SIBia0mND666K8lMCPsoid8pUTI.run:4 com.android.server.wm.SurfaceAnimator.lambda$getFinishedCallback$1:104 com.android.server.wm.-$$Lambda$SurfaceAnimator$vdRZk66hQVbQCvVXEaQCT1kVmFc.onAnimationFinished:4 com.android.server.wm.LocalAnimationAdapter.lambda$startAnimation$0:74

11-14 17:41:38.270  4211  4310 D SurfaceControl: reparent is called, sc=Surface(name=AppWindowToken{640d912 token=Token{552d09d ActivityRecord{3191374 u0 com.wallapop/com.rewallapop.ui.main.MainActivity t2196}}})/@0xecc6140, newParentHandle=android.os.BinderProxy@26d1858, transaction=android.view.SurfaceControl$Transaction@db6516c

11-14 17:41:38.271  4211  4310 D SurfaceControl: destroy(transaction), animation-leash is destroyed, sc=Surface(name=Surface(name=AppWindowToken{640d912 token=Token{552d09d ActivityRecord{3191374 u0 com.wallapop/com.rewallapop.ui.main.MainActivity t2196}}})/@0xecc6140 - animation-leash)/@0x2b079be, transaction=android.view.SurfaceControl$Transaction@db6516c, caller=com.android.server.wm.SurfaceAnimator.reset:338 com.android.server.wm.SurfaceAnimator.lambda$getFinishedCallback$0:97 com.android.server.wm.-$$Lambda$SurfaceAnimator$SIBia0mND666K8lMCPsoid8pUTI.run:4 com.android.server.wm.SurfaceAnimator.lambda$getFinishedCallback$1:104 com.android.server.wm.-$$Lambda$SurfaceAnimator$vdRZk66hQVbQCvVXEaQCT1kVmFc.onAnimationFinished:4 com.android.server.wm.LocalAnimationAdapter.lambda$startAnimation$0:74 com.android.server.wm.-$$Lambda$LocalAnimationAdapter$X--EomqUvw4qy89IeeTFTH7aCMo.run:4

11-14 17:41:38.275  3727  3964 D Layer   : [AppWindowToken{640d912 token=Token{552d09d ActivityRecord{3191374 u0 com.wallapop/com.rewallapop.ui.main.MainActivity t2196}}}#0]::reparent oldParent:[Surface(name=AppWindowToken{640d912 token=Token{552d09d ActivityRecord{3191374 u0 com.wallapop/com.rewallapop.ui.main.MainActivity t2196}}})/@0xecc6140 - animation-leash#0], newParent:[Task=2196#0]

11-14 17:41:38.275  3727  3964 I SurfaceFlinger: id=28194 Removed Surface(name=AppWindowToken{640d912 token=Token{552d09d ActivityRecord{3191374 u0 com.wallapop/com.rewallapop.ui.main.MainActivity t2196}}})/@0xecc6140 - animation-leash#0 (0/65)

11-14 17:41:38.286  3727  3727 I Layer   : id=28194 onRemoved Surface(name=AppWindowToken{640d912 token=Token{552d09d ActivityRecord{3191374 u0 com.wallapop/com.rewallapop.ui.main.MainActivity t2196}}})/@0xecc6140 - animation-leash#0

11-14 17:41:38.330  3727  3727 I SurfaceFlinger:      Device | 0x70de034ac0 | 0000 | RGBA_8888 |   0.0    0.0 1080.0 2220.0 |    0    0 1080 2220 | Splash Screen com.wallapop#0

11-14 17:41:38.425 29547 29558 I com.wallapop: Background concurrent copying GC freed 19387(4MB) AllocSpace objects, 34(1036KB) LOS objects, 70% free, 2MB/8MB, paused 313us total 112.549ms

11-14 17:41:38.444 29547 29581 W com.wallapop: Unsupported class loader

11-14 17:41:38.452 29547 29581 W com.wallapop: Skipping duplicate class check due to unsupported classloader

11-14 17:41:38.459 29547 29568 I FA      :   adb shell setprop debug.firebase.analytics.app com.wallapop

11-14 17:41:38.489 29547 29581 W com.wallapop: Unsupported class loader

11-14 17:41:38.594  4211  7608 D GameManagerService: identifyGamePackage. com.wallapop

11-14 17:41:38.594  4211  7608 D GamePkgDataHelper: getGamePkgData(). com.wallapop

11-14 17:41:39.606 29547 29558 I com.wallapop: Background concurrent copying GC freed 41865(2MB) AllocSpace objects, 14(3MB) LOS objects, 49% free, 7MB/14MB, paused 200us total 177.552ms

11-14 17:41:39.942  4211  4390 D WifiTrafficPoller: TrafficStats TxPkts=975724 RxPkts=1710669 TxBytes=210269741 RxBytes=1629043987 , Foreground uid=10313 pkgName=com.wallapop TxPackets=60742 RxPackets=55051 TxBytes=12716203 RxBytes=38022778

11-14 17:41:40.515 29547 29614 I stetho  : Listening on @stetho_com.wallapop_devtools_remote

11-14 17:41:40.591 29547 29620 W com.wallapop: Accessing hidden field Lsun/misc/Unsafe;->theUnsafe:Lsun/misc/Unsafe; (light greylist, reflection)

11-14 17:41:40.615 29547 29621 W com.wallapop: Accessing hidden field Ljava/nio/Buffer;->address:J (light greylist, reflection)

11-14 17:41:40.700 29547 29547 I com.wallapop: The ClassLoaderContext is a special shared library.

11-14 17:41:40.705 29547 29547 I com.wallapop: The ClassLoaderContext is a special shared library.

11-14 17:41:40.709 29547 29547 I com.wallapop: The ClassLoaderContext is a special shared library.

11-14 17:41:40.719 29547 29547 I com.wallapop: Waiting for a blocking GC ClassLinker

11-14 17:41:40.744 29547 29558 I com.wallapop: Background concurrent copying GC freed 141608(7MB) AllocSpace objects, 18(2MB) LOS objects, 54% free, 4MB/10MB, paused 253us total 105.592ms

11-14 17:41:40.744 29547 29547 I com.wallapop: WaitForGcToComplete blocked ClassLinker on ClassLinker for 25.008ms

11-14 17:41:41.125 29547 29649 W com.wallapop: Accessing hidden method Landroid/content/Context;->bindServiceAsUser(Landroid/content/Intent;Landroid/content/ServiceConnection;ILandroid/os/Handler;Landroid/os/UserHandle;)Z (light greylist, reflection)

11-14 17:41:41.129  4211  6393 I ApplicationPolicy: isApplicationExternalStorageWhitelisted:com.wallapop user:0

11-14 17:41:41.129  4211  6393 D ActivityManager: package  com.wallapop, user - 0 is SDcard whitelisted

11-14 17:41:41.129  4211  6393 I ApplicationPolicy: isApplicationExternalStorageBlacklisted:com.wallapop user:0

11-14 17:41:41.129  4211  6393 I ApplicationPolicy: isApplicationExternalStorageBlacklisted:com.wallapop user:0

11-14 17:41:41.149  4211  4229 I ActivityManager: Start proc 29652:com.android.chrome:sandboxed_process0/u0i917 for webview_service com.wallapop/org.chromium.content.app.SandboxedProcessService0

11-14 17:41:41.191  4211  8761 I ActivityManager: DSS on for com.wallapop and scale is 1.0

11-14 17:41:41.193  4211  8761 D MultiDisplayManager: init process display: set packageProcessId, displayId=0, same_package_proc=ProcessRecord{af00296d0 29547:com.wallapop/u0a313}, app=ProcessRecord{21ad33dd0 29652:com.android.chrome:sandboxed_process0/u0a313i917}

11-14 17:41:41.220  4211  8761 D WifiPermissionsUtil: canAccessScanResults: pkgName = com.wallapop, uid = 10313

11-14 17:41:41.327 29547 29547 W com.wallapop: Accessing hidden method Landroid/view/textclassifier/logging/SmartSelectionEventTracker;-><init>(Landroid/content/Context;I)V (light greylist, reflection)

11-14 17:41:41.327 29547 29547 W com.wallapop: Accessing hidden method Landroid/view/textclassifier/logging/SmartSelectionEventTracker;->logEvent(Landroid/view/textclassifier/logging/SmartSelectionEventTracker$SelectionEvent;)V (light greylist, reflection)

11-14 17:41:41.328 29547 29547 W com.wallapop: Accessing hidden method Landroid/view/textclassifier/logging/SmartSelectionEventTracker$SelectionEvent;->selectionStarted(I)Landroid/view/textclassifier/logging/SmartSelectionEventTracker$SelectionEvent; (light greylist, reflection)

11-14 17:41:41.328 29547 29547 W com.wallapop: Accessing hidden method Landroid/view/textclassifier/logging/SmartSelectionEventTracker$SelectionEvent;->selectionModified(II)Landroid/view/textclassifier/logging/SmartSelectionEventTracker$SelectionEvent; (light greylist, reflection)

11-14 17:41:41.328 29547 29547 W com.wallapop: Accessing hidden method Landroid/view/textclassifier/logging/SmartSelectionEventTracker$SelectionEvent;->selectionModified(IILandroid/view/textclassifier/TextClassification;)Landroid/view/textclassifier/logging/SmartSelectionEventTracker$SelectionEvent; (light greylist, reflection)

11-14 17:41:41.328 29547 29547 W com.wallapop: Accessing hidden method Landroid/view/textclassifier/logging/SmartSelectionEventTracker$SelectionEvent;->selectionModified(IILandroid/view/textclassifier/TextSelection;)Landroid/view/textclassifier/logging/SmartSelectionEventTracker$SelectionEvent; (light greylist, reflection)

11-14 17:41:41.328 29547 29547 W com.wallapop: Accessing hidden method Landroid/view/textclassifier/logging/SmartSelectionEventTracker$SelectionEvent;->selectionAction(III)Landroid/view/textclassifier/logging/SmartSelectionEventTracker$SelectionEvent; (light greylist, reflection)

11-14 17:41:41.329 29547 29547 W com.wallapop: Accessing hidden method Landroid/view/textclassifier/logging/SmartSelectionEventTracker$SelectionEvent;->selectionAction(IIILandroid/view/textclassifier/TextClassification;)Landroid/view/textclassifier/logging/SmartSelectionEventTracker$SelectionEvent; (light greylist, reflection)

11-14 17:41:41.373 29547 29671 W com.wallapop: Accessing hidden method Landroid/media/AudioManager;->getOutputLatency(I)I (light greylist, reflection)

11-14 17:41:41.421 29547 29547 W com.wallapop: Accessing hidden method Landroid/app/ActivityThread;->currentPackageName()Ljava/lang/String; (light greylist, reflection)

11-14 17:41:41.735 29547 29718 W com.wallapop: Accessing hidden method Lcom/android/org/conscrypt/OpenSSLSocketImpl;->setAlpnProtocols([B)V (light greylist, reflection)

11-14 17:41:41.857  4211  7608 D GameManagerService: identifyGamePackage. com.wallapop

11-14 17:41:41.857  4211  7608 D GamePkgDataHelper: getGamePkgData(). com.wallapop

11-14 17:41:42.087 29547 29718 W com.wallapop: Accessing hidden method Lcom/android/org/conscrypt/OpenSSLSocketImpl;->getAlpnSelectedProtocol()[B (light greylist, reflection)

11-14 17:41:43.718  4211  6755 D SamsungAlarmManager: Cancel Alarm calling from uid:10313 pid :29547 / op:PendingIntent{20854f4: PendingIntentRecord{f654bac com.wallapop broadcastIntent}}

11-14 17:41:43.924 29547 29547 W com.wallapop: Accessing hidden method Landroid/view/View;->computeFitSystemWindows(Landroid/graphics/Rect;Landroid/graphics/Rect;)Z (light greylist, reflection)

11-14 17:41:43.926 29547 29547 W com.wallapop: Accessing hidden method Landroid/view/ViewGroup;->makeOptionalFitsSystemWindows()V (light greylist, reflection)

11-14 17:41:43.964 29547 29547 W com.wallapop: Accessing hidden field Landroid/view/ViewGroup;->mOnHierarchyChangeListener:Landroid/view/ViewGroup$OnHierarchyChangeListener; (light greylist, reflection)

11-14 17:41:43.978  4211  6393 D SamsungAlarmManager: Cancel Alarm calling from uid:10313 pid :29547 / op:PendingIntent{d3185ea: PendingIntentRecord{12fead com.wallapop broadcastIntent}}

11-14 17:41:43.998  4211  7608 D GameManagerService: identifyGamePackage. com.wallapop

11-14 17:41:43.998  4211  7608 D GamePkgDataHelper: getGamePkgData(). com.wallapop

11-14 17:41:43.999  4211  4390 D WifiTrafficPoller: TrafficStats TxPkts=975760 RxPkts=1710701 TxBytes=210289165 RxBytes=1629061265 , Foreground uid=10313 pkgName=com.wallapop TxPackets=60775 RxPackets=55076 TxBytes=12736982 RxBytes=38039078

11-14 17:41:44.119 29547 29547 I chatty  : uid=10313(com.wallapop) identical 7 lines

11-14 17:41:44.124 29547 29547 I chatty  : uid=10313(com.wallapop) identical 1 line

11-14 17:41:44.125 29547 29547 I chatty  : uid=10313(com.wallapop) identical 1 line

11-14 17:41:44.127 29547 29547 I chatty  : uid=10313(com.wallapop) identical 8 lines

11-14 17:41:44.294 29547 29558 I com.wallapop: Background concurrent copying GC freed 74482(5MB) AllocSpace objects, 40(1936KB) LOS objects, 49% free, 8MB/17MB, paused 816us total 254.142ms

11-14 17:41:44.298  4211  6755 I ActivityManager: START u0 {act=null typ=null flg=0x0 cmp=ComponentInfo{com.wallapop/com.rewallapop.ui.wall.WallActivity}} from uid 10313

11-14 17:41:44.310  3727  3727 I SurfaceFlinger: id=28195 createSurf (4440x4440),2 flag=4, AppWindowToken{79a16b6 token=Token{ca1ae51 ActivityRecord{9cec778 u0 com.wallapop/com.rewallapop.ui.wall.WallActivity t2196}}}#0

11-14 17:41:44.313  4211  6755 D SurfaceControl: reparent is called, sc=Surface(name=d811837 Splash Screen com.wallapop)/@0x64b4fb7, newParentHandle=android.os.BinderProxy@ee4e324, transaction=android.view.SurfaceControl$Transaction@681de8d

11-14 17:41:44.316  4211  4228 D WindowManager: setSystemUiVisibility: vis= 0xa018, fullscreenVis= 0x2000, dockedVis= 0x0, win=Window{d811837 u0 Splash Screen com.wallapop}

11-14 17:41:44.317  3727  3770 D Layer   : [d811837 Splash Screen com.wallapop#0]::reparent oldParent:[AppWindowToken{640d912 token=Token{552d09d ActivityRecord{3191374 u0 com.wallapop/com.rewallapop.ui.main.MainActivity t2196}}}#0], newParent:[AppWindowToken{79a16b6 token=Token{ca1ae51 ActivityRecord{9cec778 u0 com.wallapop/com.rewallapop.ui.wall.WallActivity t2196}}}#0]

11-14 17:41:44.319  4211  4211 D Telecom:SamsungPrebindingServiceImpl: onTopActivityChanged : ComponentInfo{com.wallapop/com.rewallapop.ui.wall.WallActivity}

11-14 17:41:44.479 29547 29803 I com.wallapop: The ClassLoaderContext is a special shared library.

11-14 17:41:44.507  4211  4227 D ApplicationPolicy: isStatusBarNotificationAllowedAsUser: packageName = com.wallapop,userId = 0

11-14 17:41:44.507  4211  4227 D ApplicationPolicy: isStatusBarNotificationAllowedAsUser: packageName = com.wallapop,userId = 0

11-14 17:41:44.511  4211  8761 D GamePkgDataHelper: notifyAppCreate(), pkgName: com.wallapop, sendRet: true

11-14 17:41:44.511  4211  4473 D GamePkgDataHelper: getGamePkgData(). com.wallapop

11-14 17:41:44.511  4211  4473 D GameManagerService: handleMessage(), MSG_APP_CREATE. ignore. pkgName: com.wallapop

11-14 17:41:44.513  4211  8761 D GameManagerService: noteResumeComponent(), resumeComponent: com.wallapop

11-14 17:41:44.513  4211  8761 D MARsPolicyManager: onPackageResumedFG pkgName = com.wallapop, userId = 0

11-14 17:41:44.513  4211  4473 D GameManagerService: handleForegroundChange(). pkgName: com.wallapop, clsName: com.rewallapop.ui.wall.WallActivity,FgActivityName:com.wallapop/com.rewallapop.ui.wall.WallActivity

11-14 17:41:44.515  4211  4211 D Telecom:SamsungPrebindingServiceImpl: onTopActivityChanged : ComponentInfo{com.wallapop/com.rewallapop.ui.wall.WallActivity}

11-14 17:41:44.519  4211  8761 I WindowManager: Cancelling animation restarting=true, leash=null, surface=Surface(name=AppWindowToken{640d912 token=Token{552d09d ActivityRecord{3191374 u0 com.wallapop/com.rewallapop.ui.main.MainActivity t2196}}})/@0xecc6140, parent=Surface(name=Task=2196)/@0xa271879

11-14 17:41:44.519  4211  8761 I WindowManager: Reparenting to leash, surface=Surface(name=AppWindowToken{640d912 token=Token{552d09d ActivityRecord{3191374 u0 com.wallapop/com.rewallapop.ui.main.MainActivity t2196}}})/@0xecc6140

11-14 17:41:44.520  3727  3727 I SurfaceFlinger: id=28196 createSurf (4440x4440),2 flag=4, Surface(name=AppWindowToken{640d912 token=Token{552d09d ActivityRecord{3191374 u0 com.wallapop/com.rewallapop.ui.main.MainActivity t2196}}})/@0xecc6140 - animation-leash#0

11-14 17:41:44.523  4211  8761 D WindowManager: makeSurface duration=3 leash=Surface(name=Surface(name=AppWindowToken{640d912 token=Token{552d09d ActivityRecord{3191374 u0 com.wallapop/com.rewallapop.ui.main.MainActivity t2196}}})/@0xecc6140 - animation-leash)/@0x64fe5f2

11-14 17:41:44.523  4211  8761 D SurfaceControl: reparent is called, sc=Surface(name=AppWindowToken{640d912 token=Token{552d09d ActivityRecord{3191374 u0 com.wallapop/com.rewallapop.ui.main.MainActivity t2196}}})/@0xecc6140, newParentHandle=android.os.BinderProxy@340d443, transaction=android.view.SurfaceControl$Transaction@db6516c

11-14 17:41:44.530  3727  5386 D Layer   : [AppWindowToken{640d912 token=Token{552d09d ActivityRecord{3191374 u0 com.wallapop/com.rewallapop.ui.main.MainActivity t2196}}}#0]::reparent oldParent:[Task=2196#0], newParent:[Surface(name=AppWindowToken{640d912 token=Token{552d09d ActivityRecord{3191374 u0 com.wallapop/com.rewallapop.ui.main.MainActivity t2196}}})/@0xecc6140 - animation-leash#0]

11-14 17:41:44.597  4211  7608 D GameManagerService: identifyGamePackage. com.wallapop

11-14 17:41:44.597  4211  7608 D GamePkgDataHelper: getGamePkgData(). com.wallapop

11-14 17:41:44.600 29547 29612 W com.wallapop: Accessing hidden method Ldalvik/system/VMRuntime;->getRuntime()Ldalvik/system/VMRuntime; (light greylist, reflection)

11-14 17:41:44.600 29547 29612 W com.wallapop: Accessing hidden method Ldalvik/system/VMRuntime;->vmInstructionSet()Ljava/lang/String; (light greylist, reflection)

11-14 17:41:44.608 19377 20028 I Finsky  : [9630] fxs.d(3): com.wallapop: Account determined from installer data - [rJj4Md76H4LxoN-B4dnoZM7XaXDDBcXGlC-caOCi6Uc]

11-14 17:41:44.608 19377 20028 I Finsky  : [9630] fxs.d(14): com.wallapop: Account from preferred account - [rJj4Md76H4LxoN-B4dnoZM7XaXDDBcXGlC-caOCi6Uc]

11-14 17:41:44.610 19377 20028 I Finsky  : [9630] fxs.d(3): com.wallapop: Account determined from installer data - [rJj4Md76H4LxoN-B4dnoZM7XaXDDBcXGlC-caOCi6Uc]

11-14 17:41:44.611 19377 20028 I Finsky  : [9630] fxs.d(14): com.wallapop: Account from preferred account - [rJj4Md76H4LxoN-B4dnoZM7XaXDDBcXGlC-caOCi6Uc]

11-14 17:41:44.613 19377 20028 I Finsky  : [9630] fxs.d(3): com.wallapop: Account determined from installer data - [rJj4Md76H4LxoN-B4dnoZM7XaXDDBcXGlC-caOCi6Uc]

11-14 17:41:44.614 19377 20028 I Finsky  : [9630] fxs.d(14): com.wallapop: Account from preferred account - [rJj4Md76H4LxoN-B4dnoZM7XaXDDBcXGlC-caOCi6Uc]

11-14 17:41:44.617 19377 20028 I Finsky  : [9630] fxs.d(3): com.wallapop: Account determined from installer data - [rJj4Md76H4LxoN-B4dnoZM7XaXDDBcXGlC-caOCi6Uc]

11-14 17:41:44.618 19377 20028 I Finsky  : [9630] fxs.d(14): com.wallapop: Account from preferred account - [rJj4Md76H4LxoN-B4dnoZM7XaXDDBcXGlC-caOCi6Uc]

11-14 17:41:44.648 23911 23911 D Notification.Badge: [valid] onNotificationPosted : StatusBarNotification(pkg=com.wallapop user=UserHandle{0} id=999 tag=null key=0|com.wallapop|999|null|10313: Notification(channel=wallapop_channel pri=-2 contentView=null vibrate=null sound=null defaults=0x0 flags=0x62 color=0x00000000 vis=PRIVATE semFlags=0x0 semPriority=0 semMissedCount=0))

11-14 17:41:44.649 23911 23911 D Notification.Badge: notificationKey : 0|com.wallapop|999|null|10313, count : 0, this.count : 1

