11-14 17:41:44.649 23911 23978 D Notification.Badge: LauncherModel:onNotificationPosted() : com.wallapop, count : [0], shouldBeFilteredOut : [false]

11-14 17:41:44.650 23911 23978 D Notification.Badge: notificationKey : 0|com.wallapop|999|null|10313, count : 1, mTotalCount : 1

11-14 17:41:44.652 23911 23978 D Notification.Badge: updateLauncherIconBadges() item : [IconInfo(title=_Wallapop_ intent=Intent { act=android.intent.action.MAIN cat=[android.intent.category.LAUNCHER] flg=0x10200000 cmp=com.wallapop/.activities.HomeActivity (has extras) } id=162 type=0 container=-102 screen=1 cellX=3 cellY=0 spanX=1 spanY=1 rank=3 hidden=0 dropPos=null user=UserHandle{0} screenType=0)], mShowBadge : [true], item.mBadgeCount : [1]

11-14 17:41:44.660 23911 23911 D RecommendedView: updateBadgeItems: [IconInfo(title=_Wallapop_ intent=Intent { act=android.intent.action.MAIN cat=[android.intent.category.LAUNCHER] flg=0x10200000 cmp=com.wallapop/.activities.HomeActivity (has extras) } id=162 type=0 container=-102 screen=1 cellX=3 cellY=0 spanX=1 spanY=1 rank=3 hidden=0 dropPos=null user=UserHandle{0} screenType=0)]

11-14 17:41:44.828  4211  4310 I WindowManager: reset, Reparenting to original parent, shouldDeferScheduleAnimation=false, destroyLeash=true, surface=Surface(name=AppWindowToken{640d912 token=Token{552d09d ActivityRecord{3191374 u0 com.wallapop/com.rewallapop.ui.main.MainActivity t2196}}})/@0xecc6140, parent=Surface(name=Task=2196)/@0xa271879, parentNativeHandle=android.os.BinderProxy@26d1858, caller=com.android.server.wm.SurfaceAnimator.lambda$getFinishedCallback$0:97 com.android.server.wm.-$$Lambda$SurfaceAnimator$SIBia0mND666K8lMCPsoid8pUTI.run:4 com.android.server.wm.SurfaceAnimator.lambda$getFinishedCallback$1:104 com.android.server.wm.-$$Lambda$SurfaceAnimator$vdRZk66hQVbQCvVXEaQCT1kVmFc.onAnimationFinished:4 com.android.server.wm.LocalAnimationAdapter.lambda$startAnimation$0:74

11-14 17:41:44.828  4211  4310 D SurfaceControl: reparent is called, sc=Surface(name=AppWindowToken{640d912 token=Token{552d09d ActivityRecord{3191374 u0 com.wallapop/com.rewallapop.ui.main.MainActivity t2196}}})/@0xecc6140, newParentHandle=android.os.BinderProxy@26d1858, transaction=android.view.SurfaceControl$Transaction@db6516c

11-14 17:41:44.828  4211  4310 D SurfaceControl: destroy(transaction), animation-leash is destroyed, sc=Surface(name=Surface(name=AppWindowToken{640d912 token=Token{552d09d ActivityRecord{3191374 u0 com.wallapop/com.rewallapop.ui.main.MainActivity t2196}}})/@0xecc6140 - animation-leash)/@0x64fe5f2, transaction=android.view.SurfaceControl$Transaction@db6516c, caller=com.android.server.wm.SurfaceAnimator.reset:338 com.android.server.wm.SurfaceAnimator.lambda$getFinishedCallback$0:97 com.android.server.wm.-$$Lambda$SurfaceAnimator$SIBia0mND666K8lMCPsoid8pUTI.run:4 com.android.server.wm.SurfaceAnimator.lambda$getFinishedCallback$1:104 com.android.server.wm.-$$Lambda$SurfaceAnimator$vdRZk66hQVbQCvVXEaQCT1kVmFc.onAnimationFinished:4 com.android.server.wm.LocalAnimationAdapter.lambda$startAnimation$0:74 com.android.server.wm.-$$Lambda$LocalAnimationAdapter$X--EomqUvw4qy89IeeTFTH7aCMo.run:4

11-14 17:41:44.847  3727  3964 D Layer   : [AppWindowToken{640d912 token=Token{552d09d ActivityRecord{3191374 u0 com.wallapop/com.rewallapop.ui.main.MainActivity t2196}}}#0]::reparent oldParent:[Surface(name=AppWindowToken{640d912 token=Token{552d09d ActivityRecord{3191374 u0 com.wallapop/com.rewallapop.ui.main.MainActivity t2196}}})/@0xecc6140 - animation-leash#0], newParent:[Task=2196#0]

11-14 17:41:44.847  3727  3964 I SurfaceFlinger: id=28196 Removed Surface(name=AppWindowToken{640d912 token=Token{552d09d ActivityRecord{3191374 u0 com.wallapop/com.rewallapop.ui.main.MainActivity t2196}}})/@0xecc6140 - animation-leash#0 (0/64)

11-14 17:41:44.861  3727  3727 I Layer   : id=28196 onRemoved Surface(name=AppWindowToken{640d912 token=Token{552d09d ActivityRecord{3191374 u0 com.wallapop/com.rewallapop.ui.main.MainActivity t2196}}})/@0xecc6140 - animation-leash#0

11-14 17:41:44.888  4211  6755 D SamsungAlarmManager: Cancel Alarm calling from uid:10313 pid :29547 / op:PendingIntent{c3688bb: PendingIntentRecord{12fead com.wallapop broadcastIntent}}

11-14 17:41:45.101 29547 29547 W com.wallapop: Accessing hidden method Landroid/widget/TextView;->getTextDirectionHeuristic()Landroid/text/TextDirectionHeuristic; (light greylist, linking)

11-14 17:41:45.112 29547 29547 W com.wallapop: Accessing hidden method Landroid/graphics/FontFamily;-><init>()V (light greylist, reflection)

11-14 17:41:45.112 29547 29547 W com.wallapop: Accessing hidden method Landroid/graphics/FontFamily;->addFontFromAssetManager(Landroid/content/res/AssetManager;Ljava/lang/String;IZIII[Landroid/graphics/fonts/FontVariationAxis;)Z (light greylist, reflection)

11-14 17:41:45.112 29547 29547 W com.wallapop: Accessing hidden method Landroid/graphics/FontFamily;->addFontFromBuffer(Ljava/nio/ByteBuffer;I[Landroid/graphics/fonts/FontVariationAxis;II)Z (light greylist, reflection)

11-14 17:41:45.113 29547 29547 W com.wallapop: Accessing hidden method Landroid/graphics/FontFamily;->freeze()Z (light greylist, reflection)

11-14 17:41:45.113 29547 29547 W com.wallapop: Accessing hidden method Landroid/graphics/FontFamily;->abortCreation()V (light greylist, reflection)

11-14 17:41:45.114 29547 29547 W com.wallapop: Accessing hidden method Landroid/graphics/Typeface;->createFromFamiliesWithDefault([Landroid/graphics/FontFamily;Ljava/lang/String;II)Landroid/graphics/Typeface; (light greylist, reflection)

11-14 17:41:45.252 29547 29714 I com.wallapop: The ClassLoaderContext is a special shared library.

11-14 17:41:45.264 29547 29851 I com.wallapop: Waiting for a blocking GC ClassLinker

11-14 17:41:45.268 29547 29852 I com.wallapop: Waiting for a blocking GC ClassLinker

11-14 17:41:45.269 29547 29853 I com.wallapop: Waiting for a blocking GC ClassLinker

11-14 17:41:45.270 29547 29854 I com.wallapop: Waiting for a blocking GC ClassLinker

11-14 17:41:45.271 29547 29856 I com.wallapop: Waiting for a blocking GC ClassLinker

11-14 17:41:45.273 29547 29858 I com.wallapop: Waiting for a blocking GC ClassLinker

11-14 17:41:45.278 29547 29859 I com.wallapop: Waiting for a blocking GC ClassLinker

11-14 17:41:45.280 29547 29855 I com.wallapop: Waiting for a blocking GC ClassLinker

11-14 17:41:45.281 29547 29857 I com.wallapop: Waiting for a blocking GC ClassLinker

11-14 17:41:45.283 29547 29860 I com.wallapop: Waiting for a blocking GC ClassLinker

11-14 17:41:45.285 29547 29861 I com.wallapop: Waiting for a blocking GC ClassLinker

11-14 17:41:45.286 29547 29862 I com.wallapop: Waiting for a blocking GC ClassLinker

11-14 17:41:45.286 29547 29863 I com.wallapop: Waiting for a blocking GC ClassLinker

11-14 17:41:45.294 29547 29864 I com.wallapop: Waiting for a blocking GC ClassLinker

11-14 17:41:45.296 29547 29865 I com.wallapop: Waiting for a blocking GC ClassLinker

11-14 17:41:45.300 29547 29866 I com.wallapop: Waiting for a blocking GC ClassLinker

11-14 17:41:45.300 29547 29558 I com.wallapop: Background concurrent copying GC freed 141037(7MB) AllocSpace objects, 35(1316KB) LOS objects, 49% free, 13MB/27MB, paused 646us total 284.227ms

11-14 17:41:45.300 29547 29851 I com.wallapop: WaitForGcToComplete blocked ClassLinker on ClassLinker for 36.062ms

11-14 17:41:45.300 29547 29852 I com.wallapop: Waiting for a blocking GC ClassLinker

11-14 17:41:45.301 29547 29853 I com.wallapop: Waiting for a blocking GC ClassLinker

11-14 17:41:45.301 29547 29854 I com.wallapop: Waiting for a blocking GC ClassLinker

11-14 17:41:45.301 29547 29856 I com.wallapop: Waiting for a blocking GC ClassLinker

11-14 17:41:45.301 29547 29858 I com.wallapop: Waiting for a blocking GC ClassLinker

11-14 17:41:45.301 29547 29859 I com.wallapop: Waiting for a blocking GC ClassLinker

11-14 17:41:45.301 29547 29855 I com.wallapop: Waiting for a blocking GC ClassLinker

11-14 17:41:45.302 29547 29857 I com.wallapop: Waiting for a blocking GC ClassLinker

11-14 17:41:45.302 29547 29860 I com.wallapop: Waiting for a blocking GC ClassLinker

11-14 17:41:45.302 29547 29861 I com.wallapop: Waiting for a blocking GC ClassLinker

11-14 17:41:45.302 29547 29862 I com.wallapop: Waiting for a blocking GC ClassLinker

11-14 17:41:45.302 29547 29863 I com.wallapop: Waiting for a blocking GC ClassLinker

11-14 17:41:45.302 29547 29864 I com.wallapop: Waiting for a blocking GC ClassLinker

11-14 17:41:45.302 29547 29865 I com.wallapop: Waiting for a blocking GC ClassLinker

11-14 17:41:45.302 29547 29866 I com.wallapop: Waiting for a blocking GC ClassLinker

11-14 17:41:45.302 29547 29852 I com.wallapop: WaitForGcToComplete blocked ClassLinker on ClassLinker for 34.115ms

11-14 17:41:45.302 29547 29853 I com.wallapop: WaitForGcToComplete blocked ClassLinker on ClassLinker for 33.749ms

11-14 17:41:45.302 29547 29858 I com.wallapop: WaitForGcToComplete blocked ClassLinker on ClassLinker for 29.397ms

11-14 17:41:45.302 29547 29859 I com.wallapop: WaitForGcToComplete blocked ClassLinker on ClassLinker for 24.584ms

11-14 17:41:45.303 29547 29857 I com.wallapop: WaitForGcToComplete blocked ClassLinker on ClassLinker for 21.767ms

11-14 17:41:45.303 29547 29861 I com.wallapop: WaitForGcToComplete blocked ClassLinker on ClassLinker for 17.857ms

11-14 17:41:45.303 29547 29863 I com.wallapop: Waiting for a blocking GC ClassLinker

11-14 17:41:45.303 29547 29864 I com.wallapop: Waiting for a blocking GC ClassLinker

11-14 17:41:45.303 29547 29865 I com.wallapop: Waiting for a blocking GC ClassLinker

11-14 17:41:45.303 29547 29866 I com.wallapop: Waiting for a blocking GC ClassLinker

11-14 17:41:45.304 29547 29856 I com.wallapop: Waiting for a blocking GC ClassLinker

11-14 17:41:45.304 29547 29860 I com.wallapop: Waiting for a blocking GC ClassLinker

11-14 17:41:45.304 29547 29854 I com.wallapop: Waiting for a blocking GC ClassLinker

11-14 17:41:45.304 29547 29862 I com.wallapop: Waiting for a blocking GC ClassLinker

11-14 17:41:45.304 29547 29855 I com.wallapop: Waiting for a blocking GC ClassLinker

11-14 17:41:45.304 29547 29863 I com.wallapop: WaitForGcToComplete blocked ClassLinker on ClassLinker for 17.424ms

11-14 17:41:45.304 29547 29864 I com.wallapop: Waiting for a blocking GC ClassLinker

11-14 17:41:45.304 29547 29865 I com.wallapop: Waiting for a blocking GC ClassLinker

11-14 17:41:45.304 29547 29866 I com.wallapop: Waiting for a blocking GC ClassLinker

11-14 17:41:45.304 29547 29856 I com.wallapop: Waiting for a blocking GC ClassLinker

11-14 17:41:45.304 29547 29860 I com.wallapop: Waiting for a blocking GC ClassLinker

11-14 17:41:45.305 29547 29854 I com.wallapop: Waiting for a blocking GC ClassLinker

11-14 17:41:45.305 29547 29862 I com.wallapop: Waiting for a blocking GC ClassLinker

11-14 17:41:45.305 29547 29855 I com.wallapop: Waiting for a blocking GC ClassLinker

11-14 17:41:45.305 29547 29864 I com.wallapop: WaitForGcToComplete blocked ClassLinker on ClassLinker for 11.426ms

11-14 17:41:45.305 29547 29865 I com.wallapop: Waiting for a blocking GC ClassLinker

11-14 17:41:45.306 29547 29856 I com.wallapop: WaitForGcToComplete blocked ClassLinker on ClassLinker for 35.419ms

11-14 17:41:45.306 29547 29860 I com.wallapop: WaitForGcToComplete blocked ClassLinker on ClassLinker for 22.725ms

11-14 17:41:45.306 29547 29862 I com.wallapop: WaitForGcToComplete blocked ClassLinker on ClassLinker for 20.378ms

11-14 17:41:45.306 29547 29865 I com.wallapop: WaitForGcToComplete blocked ClassLinker on ClassLinker for 10.481ms

11-14 17:41:45.307 29547 29855 I com.wallapop: WaitForGcToComplete blocked ClassLinker on ClassLinker for 27.010ms

11-14 17:41:45.307 29547 29854 I com.wallapop: WaitForGcToComplete blocked ClassLinker on ClassLinker for 36.964ms

11-14 17:41:45.307 29547 29866 I com.wallapop: WaitForGcToComplete blocked ClassLinker on ClassLinker for 7.360ms

11-14 17:41:46.015  3727  3727 I SurfaceFlinger: id=28197 createSurf (4440x4440),2 flag=4, 8ef009b com.wallapop/com.rewallapop.ui.wall.WallActivity#0

11-14 17:41:46.043 19377 19613 I Finsky  : [9616] fxs.d(3): com.wallapop: Account determined from installer data - [rJj4Md76H4LxoN-B4dnoZM7XaXDDBcXGlC-caOCi6Uc]

11-14 17:41:46.044 19377 19613 I Finsky  : [9616] fxs.d(14): com.wallapop: Account from preferred account - [rJj4Md76H4LxoN-B4dnoZM7XaXDDBcXGlC-caOCi6Uc]

11-14 17:41:46.090 19377 19613 I Finsky  : [9616] fxs.d(3): com.wallapop: Account determined from installer data - [rJj4Md76H4LxoN-B4dnoZM7XaXDDBcXGlC-caOCi6Uc]

11-14 17:41:46.091 19377 19613 I Finsky  : [9616] fxs.d(14): com.wallapop: Account from preferred account - [rJj4Md76H4LxoN-B4dnoZM7XaXDDBcXGlC-caOCi6Uc]

11-14 17:41:46.147 19377 19613 I Finsky  : [9616] fxs.d(3): com.wallapop: Account determined from installer data - [rJj4Md76H4LxoN-B4dnoZM7XaXDDBcXGlC-caOCi6Uc]

11-14 17:41:46.147 19377 19613 I Finsky  : [9616] fxs.d(14): com.wallapop: Account from preferred account - [rJj4Md76H4LxoN-B4dnoZM7XaXDDBcXGlC-caOCi6Uc]

11-14 17:41:46.205 19377 19613 I Finsky  : [9616] fxs.d(3): com.wallapop: Account determined from installer data - [rJj4Md76H4LxoN-B4dnoZM7XaXDDBcXGlC-caOCi6Uc]

11-14 17:41:46.206 19377 19613 I Finsky  : [9616] fxs.d(14): com.wallapop: Account from preferred account - [rJj4Md76H4LxoN-B4dnoZM7XaXDDBcXGlC-caOCi6Uc]

11-14 17:41:46.305  4211  5239 D ActivityManagerPerformance: Received MSG_DISABLE_ACT_START, r: ActivityRecord{9cec778 u0 com.wallapop/com.rewallapop.ui.wall.WallActivity t2196}

11-14 17:41:46.708  4211  6755 V WindowManager: Relayout Window{8ef009b u0 com.wallapop/com.rewallapop.ui.wall.WallActivity}: viewVisibility=0 req=1080x2220 {(0,0)(fillxfill) sim={adjust=resize forwardNavigation} ty=BASE_APPLICATION wanim=0x10302fe

11-14 17:41:46.711  3727  3727 I SurfaceFlinger: id=28198 createSurf (1080x2220),1 flag=404, com.wallapop/com.rewallapop.ui.wall.WallActivity[29547]#0

11-14 17:41:46.713  4211  6755 D WindowManager: makeSurface duration=3 name=com.wallapop/com.rewallapop.ui.wall.WallActivity[29547]

11-14 17:41:46.714  4211  6755 V WindowManager: Changing focus from null to Window{8ef009b u0 com.wallapop/com.rewallapop.ui.wall.WallActivity} Callers=com.android.server.wm.WindowManagerService.relayoutWindow:2526 com.android.server.wm.Session.relayoutForTranslate:302 android.view.IWindowSession$Stub.onTransact:518 com.android.server.wm.Session.onTransact:186

11-14 17:41:46.714  4211  4228 D WindowManager: setSystemUiVisibility: vis= 0xa518, fullscreenVis= 0x2000, dockedVis= 0x0, win=Window{8ef009b u0 com.wallapop/com.rewallapop.ui.wall.WallActivity}

11-14 17:41:46.717  4211  4242 D WindowManager: reportFocusChangedSerialized, focused=true, inTouchMode=true, win=Window{8ef009b u0 com.wallapop/com.rewallapop.ui.wall.WallActivity}

11-14 17:41:46.822 19377 19613 I Finsky  : [9616] fxs.d(3): com.wallapop: Account determined from installer data - [rJj4Md76H4LxoN-B4dnoZM7XaXDDBcXGlC-caOCi6Uc]

11-14 17:41:46.822 19377 19613 I Finsky  : [9616] fxs.d(14): com.wallapop: Account from preferred account - [rJj4Md76H4LxoN-B4dnoZM7XaXDDBcXGlC-caOCi6Uc]

11-14 17:41:46.990  4211  6393 D WindowManager: finishDrawingWindow: Window{8ef009b u0 com.wallapop/com.rewallapop.ui.wall.WallActivity} mDrawState=DRAW_PENDING

11-14 17:41:46.992  4211  4310 I WindowManager: commitFinishDrawingLocked: mDrawState=READY_TO_SHOW Surface(name=com.wallapop/com.rewallapop.ui.wall.WallActivity[29547])/@0xe62555f

11-14 17:41:46.992  4211  4310 V WindowManager: Resize reasons for w=Window{8ef009b u0 com.wallapop/com.rewallapop.ui.wall.WallActivity}:  contentInsetsChanged=false [0,63][0,126] visibleInsetsChanged=false [0,63][0,126] stableInsetsChanged=false [0,63][0,126] outsetsChanged=false [0,0][0,0] surfaceResized=false configChanged=false dragResizingChanged=false reportOrientationChanged=false displayCutoutChanged=false nextForceRelayoutToClient=false

11-14 17:41:47.013  4211  4310 I WindowManager: commitFinishDrawingLocked: mDrawState=READY_TO_SHOW Surface(name=com.wallapop/com.rewallapop.ui.wall.WallActivity[29547])/@0xe62555f

11-14 17:41:47.013  4211  4310 I WindowManager: Cancelling animation restarting=false, leash=null, surface=Surface(name=8ef009b com.wallapop/com.rewallapop.ui.wall.WallActivity)/@0x580e87b, parent=Surface(name=AppWindowToken{79a16b6 token=Token{ca1ae51 ActivityRecord{9cec778 u0 com.wallapop/com.rewallapop.ui.wall.WallActivity t2196}}})/@0x8daa698

11-14 17:41:47.013  4211  4310 V WindowManager: performShowLocked: mDrawState=HAS_DRAWN in Window{8ef009b u0 com.wallapop/com.rewallapop.ui.wall.WallActivity}

11-14 17:41:47.027  4211  4242 I ActivityManager: Displayed com.wallapop/com.rewallapop.ui.wall.WallActivity: +2s506ms (total +9s117ms)

11-14 17:41:47.038  4211  4310 V WindowManager: Remove Window{d811837 u0 Splash Screen com.wallapop}: mSurfaceController=Surface(name=Splash Screen com.wallapop)/@0x82e5b09 mAnimatingExit=false mRemoveOnExit=false mHasSurface=true surfaceShowing=true isAnimationSet=false app-animation=false mWillReplaceWindow=false inPendingTransaction=false mDisplayFrozen=false callers=com.android.server.wm.WindowState.removeIfPossible:2764 com.android.server.wm.WindowManagerService.removeWindow:1943 com.android.server.wm.Session.remove:268 android.view.ViewRootImpl.dispatchDetachedFromWindow:4565 android.view.ViewRootImpl.doDie:7996 android.view.ViewRootImpl$ViewRootHandler.handleMessage:4987

11-14 17:41:47.039  4211  4310 I WindowManager: Cancelling animation restarting=true, leash=null, surface=Surface(name=d811837 Splash Screen com.wallapop)/@0x64b4fb7, parent=Surface(name=AppWindowToken{79a16b6 token=Token{ca1ae51 ActivityRecord{9cec778 u0 com.wallapop/com.rewallapop.ui.wall.WallActivity t2196}}})/@0x8daa698

11-14 17:41:47.039  4211  4310 I WindowManager: Reparenting to leash, surface=Surface(name=d811837 Splash Screen com.wallapop)/@0x64b4fb7

11-14 17:41:47.040  3727  3727 I SurfaceFlinger:      Device | 0x70de033500 | 0002 | RGBA_8888 |   0.0    0.0 1080.0 2220.0 |    0    0 1080 2220 | com.wallapop/com.rewallapop.ui.wall.WallActivity[29547]#0

11-14 17:41:47.040  3727  3727 I SurfaceFlinger:      Device | 0x70de034ac0 | 0000 | RGBA_8888 |   0.0    0.0 1080.0 2220.0 |    0    0 1080 2220 | Splash Screen com.wallapop#0

11-14 17:41:47.041  3727  3727 I SurfaceFlinger: id=28199 createSurf (4440x4440),2 flag=4, Surface(name=d811837 Splash Screen com.wallapop)/@0x64b4fb7 - animation-leash#0

11-14 17:41:47.043  4211  4310 D WindowManager: makeSurface duration=4 leash=Surface(name=Surface(name=d811837 Splash Screen com.wallapop)/@0x64b4fb7 - animation-leash)/@0x637092d

11-14 17:41:47.044  4211  4310 D SurfaceControl: reparent is called, sc=Surface(name=d811837 Splash Screen com.wallapop)/@0x64b4fb7, newParentHandle=android.os.BinderProxy@8ce62, transaction=android.view.SurfaceControl$Transaction@681de8d

11-14 17:41:47.048  3727  3964 D Layer   : [d811837 Splash Screen com.wallapop#0]::reparent oldParent:[AppWindowToken{79a16b6 token=Token{ca1ae51 ActivityRecord{9cec778 u0 com.wallapop/com.rewallapop.ui.wall.WallActivity t2196}}}#0], newParent:[Surface(name=d811837 Splash Screen com.wallapop)/@0x64b4fb7 - animation-leash#0]

11-14 17:41:47.132 29547 29547 V InputMethodManager: Starting input: tba=com.wallapop ic=null mNaviBarColor -1 mIsGetNaviBarColorSuccess true , NavVisible : true , NavTrans : false

11-14 17:41:47.134  4211  7552 V InputMethodManagerService: windowGainedFocus : reason=WINDOW_FOCUS_GAIN client=android.os.BinderProxy@f875395 inputContext=null missingMethods= attribute=android.view.inputmethod.EditorInfo@b71544f nm = com.wallapop controlFlags=#104 softInputMode=#110 windowFlags=#81810100

11-14 17:41:47.198  4211  4310 I WindowManager: reset, Reparenting to original parent, shouldDeferScheduleAnimation=false, destroyLeash=true, surface=Surface(name=d811837 Splash Screen com.wallapop)/@0x64b4fb7, parent=Surface(name=AppWindowToken{79a16b6 token=Token{ca1ae51 ActivityRecord{9cec778 u0 com.wallapop/com.rewallapop.ui.wall.WallActivity t2196}}})/@0x8daa698, parentNativeHandle=android.os.BinderProxy@ee4e324, caller=com.android.server.wm.SurfaceAnimator.lambda$getFinishedCallback$0:97 com.android.server.wm.-$$Lambda$SurfaceAnimator$SIBia0mND666K8lMCPsoid8pUTI.run:4 com.android.server.wm.SurfaceAnimator.lambda$getFinishedCallback$1:104 com.android.server.wm.-$$Lambda$SurfaceAnimator$vdRZk66hQVbQCvVXEaQCT1kVmFc.onAnimationFinished:4 com.android.server.wm.LocalAnimationAdapter.lambda$startAnimation$0:74

11-14 17:41:47.198  4211  4310 D SurfaceControl: reparent is called, sc=Surface(name=d811837 Splash Screen com.wallapop)/@0x64b4fb7, newParentHandle=android.os.BinderProxy@ee4e324, transaction=android.view.SurfaceControl$Transaction@681de8d

11-14 17:41:47.198  4211  4310 D SurfaceControl: destroy(transaction), animation-leash is destroyed, sc=Surface(name=Surface(name=d811837 Splash Screen com.wallapop)/@0x64b4fb7 - animation-leash)/@0x637092d, transaction=android.view.SurfaceControl$Transaction@681de8d, caller=com.android.server.wm.SurfaceAnimator.reset:338 com.android.server.wm.SurfaceAnimator.lambda$getFinishedCallback$0:97 com.android.server.wm.-$$Lambda$SurfaceAnimator$SIBia0mND666K8lMCPsoid8pUTI.run:4 com.android.server.wm.SurfaceAnimator.lambda$getFinishedCallback$1:104 com.android.server.wm.-$$Lambda$SurfaceAnimator$vdRZk66hQVbQCvVXEaQCT1kVmFc.onAnimationFinished:4 com.android.server.wm.LocalAnimationAdapter.lambda$startAnimation$0:74 com.android.server.wm.-$$Lambda$LocalAnimationAdapter$X--EomqUvw4qy89IeeTFTH7aCMo.run:4

11-14 17:41:47.199  4211  4310 E WindowManager: win=Window{d811837 u0 Splash Screen com.wallapop EXITING} destroySurfaces: appStopped=false win.mWindowRemovalAllowed=true win.mRemoveOnExit=true win.mViewVisibility=0 caller=com.android.server.wm.AppWindowToken.destroySurfaces:870 com.android.server.wm.AppWindowToken.destroySurfaces:851 com.android.server.wm.WindowState.onExitAnimationDone:5436 com.android.server.wm.WindowStateAnimator.onAnimationFinished:319 com.android.server.wm.WindowState.onAnimationFinished:5858 com.android.server.wm.-$$Lambda$yVRF8YoeNdTa8GR1wDStVsHu8xM.run:2 com.android.server.wm.SurfaceAnimator.lambda$getFinishedCallback$0:100

11-14 17:41:47.200  4211  4310 I WindowManager: Destroying surface Surface(name=Splash Screen com.wallapop)/@0x82e5b09 called by com.android.server.wm.WindowStateAnimator.destroySurface:1901 com.android.server.wm.WindowStateAnimator.destroySurfaceLocked:838 com.android.server.wm.WindowState.destroySurfaceUnchecked:3839 com.android.server.wm.WindowState.destroySurface:3820 com.android.server.wm.AppWindowToken.destroySurfaces:870 com.android.server.wm.AppWindowToken.destroySurfaces:851 com.android.server.wm.WindowState.onExitAnimationDone:5436 com.android.server.wm.WindowStateAnimator.onAnimationFinished:319

11-14 17:41:47.200  3727  5386 I SurfaceFlinger: id=28192 Removed Splash Screen com.wallapop#0 (0/66)

11-14 17:41:47.211  3727  3770 W SurfaceFlinger: Attempting to set client state on removed layer: Splash Screen com.wallapop#0 [s.what : 40]

11-14 17:41:47.211  3727  3770 D Layer   : [d811837 Splash Screen com.wallapop#0]::reparent oldParent:[Surface(name=d811837 Splash Screen com.wallapop)/@0x64b4fb7 - animation-leash#0], newParent:[AppWindowToken{79a16b6 token=Token{ca1ae51 ActivityRecord{9cec778 u0 com.wallapop/com.rewallapop.ui.wall.WallActivity t2196}}}#0]

11-14 17:41:47.211  3727  3770 I SurfaceFlinger: id=28199 Removed Surface(name=d811837 Splash Screen com.wallapop)/@0x64b4fb7 - animation-leash#0 (2/65)

11-14 17:41:47.211  3727  3770 W SurfaceFlinger: Attempting to destroy on removed layer: Splash Screen com.wallapop#0

11-14 17:41:47.211  3727  3770 I SurfaceFlinger: id=28191 Removed d811837 Splash Screen com.wallapop#0 (1/64)

11-14 17:41:47.214  3727  3727 I Layer   : id=28192 onRemoved Splash Screen com.wallapop#0

11-14 17:41:47.214  3727  3727 I Layer   : id=28191 onRemoved d811837 Splash Screen com.wallapop#0

11-14 17:41:47.214  3727  3727 I Layer   : id=28199 onRemoved Surface(name=d811837 Splash Screen com.wallapop)/@0x64b4fb7 - animation-leash#0

11-14 17:41:47.220  3727  3727 I SurfaceFlinger:      Device | 0x70de033500 | 0002 | RGBA_8888 |   0.0    0.0 1080.0 2220.0 |    0    0 1080 2220 | com.wallapop/com.rewallapop.ui.wall.WallActivity[29547]#0

11-14 17:41:47.253 19377 19613 I Finsky  : [9616] fxs.d(3): com.wallapop: Account determined from installer data - [rJj4Md76H4LxoN-B4dnoZM7XaXDDBcXGlC-caOCi6Uc]

11-14 17:41:47.254 19377 19613 I Finsky  : [9616] fxs.d(14): com.wallapop: Account from preferred account - [rJj4Md76H4LxoN-B4dnoZM7XaXDDBcXGlC-caOCi6Uc]

11-14 17:41:47.258 29547 29547 V InputMethodManager: Starting input: tba=com.wallapop ic=null mNaviBarColor -1 mIsGetNaviBarColorSuccess true , NavVisible : true , NavTrans : false

11-14 17:41:47.268 19377 19613 I Finsky  : [9616] fxs.d(3): com.wallapop: Account determined from installer data - [rJj4Md76H4LxoN-B4dnoZM7XaXDDBcXGlC-caOCi6Uc]

11-14 17:41:47.269 19377 19613 I Finsky  : [9616] fxs.d(14): com.wallapop: Account from preferred account - [rJj4Md76H4LxoN-B4dnoZM7XaXDDBcXGlC-caOCi6Uc]

11-14 17:41:47.294  4622  4682 E RequestManager_FLP: [FusedLocationApi] Location request 70360a6(Listener) PRIORITY_BALANCED_POWER_ACCURACY interval=300000 from com.wallapop

11-14 17:41:47.392  4211  7552 I WindowManager: Cancelling animation restarting=false, leash=null, surface=Surface(name=AppWindowToken{640d912 token=Token{552d09d ActivityRecord{3191374 u0 com.wallapop/com.rewallapop.ui.main.MainActivity t2196}}})/@0xecc6140, parent=Surface(name=Task=2196)/@0xa271879

11-14 17:41:47.399  3727  3964 I SurfaceFlinger: id=28190 Removed AppWindowToken{640d912 token=Token{552d09d ActivityRecord{3191374 u0 com.wallapop/com.rewallapop.ui.main.MainActivity t2196}}}#0 (0/63)

11-14 17:41:47.416  3727  3727 I Layer   : id=28190 onRemoved AppWindowToken{640d912 token=Token{552d09d ActivityRecord{3191374 u0 com.wallapop/com.rewallapop.ui.main.MainActivity t2196}}}#0

11-14 17:41:47.460  4211  4228 D CodecSolution: isMaxAspectPackageEx: com.wallapop : true(2)

11-14 17:41:47.533  4211  4669 D MdnieScenarioControlService:  packageName : com.wallapop    className : com.rewallapop.ui.wall.WallActivity

11-14 17:41:47.686 29547 29547 W com.wallapop: Accessing hidden field Landroid/view/View;->mAccessibilityDelegate:Landroid/view/View$AccessibilityDelegate; (light greylist, reflection)

11-14 17:41:48.060  4211  4390 D WifiTrafficPoller: TrafficStats TxPkts=976006 RxPkts=1710920 TxBytes=210351468 RxBytes=1629173758 , Foreground uid=10313 pkgName=com.wallapop TxPackets=60985 RxPackets=55250 TxBytes=12775316 RxBytes=38146256

11-14 17:41:48.501 29547 29552 I com.wallapop: Compiler allocated 4MB to compile void android.widget.TextView.<init>(android.content.Context, android.util.AttributeSet, int, int)

11-14 17:41:48.640 29547 29547 W View    : requestLayout() improperly called by com.wallapop.design.view.WallapopTextView{88bb974 V.ED..... ......ID 47,26-47,86 #7f0a0904 app:id/wp__home__tv_bubble} during layout: running second layout pass

11-14 17:41:48.734 29547 29558 I com.wallapop: Background concurrent copying GC freed 122712(7MB) AllocSpace objects, 29(780KB) LOS objects, 49% free, 13MB/27MB, paused 330us total 195.937ms

11-14 17:41:49.321 29547 29552 I com.wallapop: Compiler allocated 4MB to compile void android.widget.TextView.<init>(android.content.Context, android.util.AttributeSet, int, int)

11-14 17:41:50.414  4211  6755 D WifiPermissionsUtil: canAccessScanResults: pkgName = com.wallapop, uid = 10313

11-14 17:41:50.933 29547 29727 D Amazon DTB Ads API: with query params:[?dt=android&app=app&dinfo=%7B%22os%22%3A%22Android%22%2C%22model%22%3A%22SM-A750FN%22%2C%22make%22%3A%22samsung%22%2C%22osVersion%22%3A%229%22%2C%22connectionType%22%3A%22Wifi%22%2C%22country%22%3A%22ES%22%2C%22scalingFactor%22%3A%222.625%22%2C%22carrier%22%3A%22JAZZTEL%22%2C%22language%22%3A%22es%22%2C%22screenSize%22%3A%221080x2094%22%2C%22orientation%22%3A%22portrait%22%7D&oo=0&aud=3p&idfa=bf505ce3-e614-4d9a-a4d7-9c324edc6560&appId=d2ba46e2d5ef4c9883051d9c8d0125d5&sdkVer=aps-android-7.4.3&ua=Dalvik%2F2.1.0%20%28Linux%3B%20U%3B%20Android%209%3B%20SM-A750FN%20Build%2FPPR1.180610.011%29&pkg=%7B%22lbl%22%3A%22_Wallapop_%22%2C%22pn%22%3A%22com.wallapop%22%2C%22v%22%3A%221850000%22%2C%22vn%22%3A%221.85.0-d1910251130%22%7D]

11-14 17:41:51.426 29547 29727 D Amazon DTB Ads API: Error while connecting to remote server: https://s.amazon-adsystem.com/api3/generate_did?dt=android&app=app&dinfo=%7B%22os%22%3A%22Android%22%2C%22model%22%3A%22SM-A750FN%22%2C%22make%22%3A%22samsung%22%2C%22osVersion%22%3A%229%22%2C%22connectionType%22%3A%22Wifi%22%2C%22country%22%3A%22ES%22%2C%22scalingFactor%22%3A%222.625%22%2C%22carrier%22%3A%22JAZZTEL%22%2C%22language%22%3A%22es%22%2C%22screenSize%22%3A%221080x2094%22%2C%22orientation%22%3A%22portrait%22%7D&oo=0&aud=3p&idfa=bf505ce3-e614-4d9a-a4d7-9c324edc6560&appId=d2ba46e2d5ef4c9883051d9c8d0125d5&sdkVer=aps-android-7.4.3&ua=Dalvik%2F2.1.0%20%28Linux%3B%20U%3B%20Android%209%3B%20SM-A750FN%20Build%2FPPR1.180610.011%29&pkg=%7B%22lbl%22%3A%22_Wallapop_%22%2C%22pn%22%3A%22com.wallapop%22%2C%22v%22%3A%221850000%22%2C%22vn%22%3A%221.85.0-d1910251130%22%7D with error:Chain validation failed

11-14 17:41:51.434 29547 29727 E Amazon DTB Ads API: 	at com.wallapop.thirdparty.ads.b.a.a(SourceFile:43)

11-14 17:41:51.434 29547 29727 E Amazon DTB Ads API: 	at com.wallapop.thirdparty.ads.b.a$b$1.invokeSuspend(SourceFile:34)

11-14 17:41:51.434 29547 29727 E Amazon DTB Ads API: 	at com.wallapop.thirdparty.ads.b.a$b$1.invoke(Unknown Source:10)

11-14 17:41:51.434 29547 29727 E Amazon DTB Ads API: 	at com.wallapop.thirdparty.ads.b.a$b.invokeSuspend(SourceFile:33)

11-14 17:41:51.437 29547 29558 I com.wallapop: Background concurrent copying GC freed 194701(10MB) AllocSpace objects, 64(2MB) LOS objects, 50% free, 16MB/32MB, paused 559us total 200.956ms

11-14 17:41:51.529 29547 30084 D Amazon DTB Ads API: with query params:[?dt=android&app=app&dinfo=%7B%22os%22%3A%22Android%22%2C%22model%22%3A%22SM-A750FN%22%2C%22make%22%3A%22samsung%22%2C%22osVersion%22%3A%229%22%2C%22connectionType%22%3A%22Wifi%22%2C%22country%22%3A%22ES%22%2C%22scalingFactor%22%3A%222.625%22%2C%22carrier%22%3A%22JAZZTEL%22%2C%22language%22%3A%22es%22%2C%22screenSize%22%3A%221080x2094%22%2C%22orientation%22%3A%22portrait%22%7D&oo=0&aud=3p&idfa=bf505ce3-e614-4d9a-a4d7-9c324edc6560&appId=d2ba46e2d5ef4c9883051d9c8d0125d5&sdkVer=aps-android-7.4.3&ua=Dalvik%2F2.1.0%20%28Linux%3B%20U%3B%20Android%209%3B%20SM-A750FN%20Build%2FPPR1.180610.011%29&pkg=%7B%22lbl%22%3A%22_Wallapop_%22%2C%22pn%22%3A%22com.wallapop%22%2C%22v%22%3A%221850000%22%2C%22vn%22%3A%221.85.0-d1910251130%22%7D]

11-14 17:41:51.968 29547 30084 D Amazon DTB Ads API: Error while connecting to remote server: https://s.amazon-adsystem.com/api3/generate_did?dt=android&app=app&dinfo=%7B%22os%22%3A%22Android%22%2C%22model%22%3A%22SM-A750FN%22%2C%22make%22%3A%22samsung%22%2C%22osVersion%22%3A%229%22%2C%22connectionType%22%3A%22Wifi%22%2C%22country%22%3A%22ES%22%2C%22scalingFactor%22%3A%222.625%22%2C%22carrier%22%3A%22JAZZTEL%22%2C%22language%22%3A%22es%22%2C%22screenSize%22%3A%221080x2094%22%2C%22orientation%22%3A%22portrait%22%7D&oo=0&aud=3p&idfa=bf505ce3-e614-4d9a-a4d7-9c324edc6560&appId=d2ba46e2d5ef4c9883051d9c8d0125d5&sdkVer=aps-android-7.4.3&ua=Dalvik%2F2.1.0%20%28Linux%3B%20U%3B%20Android%209%3B%20SM-A750FN%20Build%2FPPR1.180610.011%29&pkg=%7B%22lbl%22%3A%22_Wallapop_%22%2C%22pn%22%3A%22com.wallapop%22%2C%22v%22%3A%221850000%22%2C%22vn%22%3A%221.85.0-d1910251130%22%7D with error:Chain validation failed

11-14 17:41:52.001 29547 30084 D Amazon DTB Ads API: with json params:[{"oo":"false","dinfo":{"os":"Android","model":"SM-A750FN","make":"samsung","osVersion":"9","connectionType":"Wifi","country":"ES","scalingFactor":"2.625","carrier":"JAZZTEL","language":"es","screenSize":"1080x2094","orientation":"portrait"},"adsdk":"aps-android-7.4.3","slots":[{"sz":"320x50","slot":"f414d83c-ab9f-4e02-9c59-5137663ee6c7","slotId":1,"supportedMediaTypes":["DISPLAY"]}],"mraid":["1.0","2.0","3.0"],"appId":"d2ba46e2d5ef4c9883051d9c8d0125d5","idfa":"bf505ce3-e614-4d9a-a4d7-9c324edc6560","geoloc":"41.4058684,2.1865172,18.145","isDTBMobile":"true","ua":"Dalvik\/2.1.0 (Linux; U; Android 9; SM-A750FN Build\/PPR1.180610.011)","pkg":{"lbl":"_Wallapop_","pn":"com.wallapop","v":"1850000","vn":"1.85.0-d1910251130"},"gdpr":{"e":"1","c":"BOR0xKKOR0xKKABABAENBZ-AAAAfZ7_______9______9uz_Gv_v_f__33e8__9v_l_7_-___u_-33d4-_1vX99yfm1-7ftr3tp_86ues2vHqK9ZoA"}}]

11-14 17:41:52.142  4211  4390 D WifiTrafficPoller: TrafficStats TxPkts=976208 RxPkts=1711143 TxBytes=210415550 RxBytes=1629346017 , Foreground uid=10313 pkgName=com.wallapop TxPackets=61146 RxPackets=55413 TxBytes=12810814 RxBytes=38268719

11-14 17:41:53.586 29547 29558 I com.wallapop: Background concurrent copying GC freed 255094(11MB) AllocSpace objects, 123(6MB) LOS objects, 49% free, 15MB/30MB, paused 394us total 202.183ms

11-14 17:41:53.731 29547 29547 W com.wallapop: Accessing hidden method Landroid/media/AudioTrack;->getLatency()I (light greylist, reflection)

11-14 17:41:54.167  4211  4475 I CodecSolution: pid(29547) pkg(com.wallapop)

11-14 17:41:54.178  4211  5514 D CodecSolution: topName : com.wallapop

11-14 17:41:54.178  4211  5514 I CodecSolution: Top : com.wallapop

11-14 17:41:54.178  4211  5514 D SCPMHelper: getPackageInfo(com.wallapop)

11-14 17:41:54.247  4211  4475 I CodecSolution: pid(29547) pkg(com.wallapop)

11-14 17:41:54.260  4211  5518 D CodecSolution: topName : com.wallapop

11-14 17:41:54.260  4211  5518 I CodecSolution: Top : com.wallapop

11-14 17:41:54.260  4211  5518 D SCPMHelper: getPackageInfo(com.wallapop)

11-14 17:41:54.621  4211  9311 I ActivityManager: Force stopping com.wallapop appid=10313 user=0: from pid 30143 caller com.android.server.am.ActivityManagerShellCommand.runForceStop:967

11-14 17:41:54.623  4211  9311 I ActivityManager: Killing 29547:com.wallapop/u0a313 (adj 0): stop com.wallapop,from pid 30143 caller com.android.server.am.ActivityManagerShellCommand.runForceStop:967

11-14 17:41:54.637  4211  9311 W ActivityManager: Scheduling restart of crashed service com.wallapop/com.rewallapop.ui.debug.view.DebugActivity$Service in 1000ms

11-14 17:41:54.639  4211  9311 W ActivityManager: Force removing ActivityRecord{9cec778 u0 com.wallapop/com.rewallapop.ui.wall.WallActivity t2196}: app died, no saved state

11-14 17:41:54.642  4211  9311 V WindowManager: Changing focus from Window{8ef009b u0 com.wallapop/com.rewallapop.ui.wall.WallActivity} to null Callers=com.android.server.wm.AppWindowToken.setVisibility:536 com.android.server.wm.AppWindowToken.onRemovedFromDisplay:766 com.android.server.wm.DisplayContent.removeAppToken:1079 com.android.server.wm.AppWindowContainerController.removeContainer:305

11-14 17:41:54.645 23911 23911 D Notification.Badge: [invalid] onNotificationRemoved : StatusBarNotification(pkg=com.wallapop user=UserHandle{0} id=999 tag=null key=0|com.wallapop|999|null|10313: Notification(channel=wallapop_channel pri=-2 contentView=null vibrate=null sound=null defaults=0x0 flags=0x62 color=0x00000000 vis=PRIVATE semFlags=0x0 semPriority=0 semMissedCount=0))

11-14 17:41:54.647  4211  9311 V WindowManager: Setting visibility of Window{8ef009b u0 com.wallapop/com.rewallapop.ui.wall.WallActivity}: false, caller=com.android.server.wm.WindowContainer.sendAppVisibilityToClients:615 com.android.server.wm.AppWindowToken.setClientHidden:460 com.android.server.wm.AppWindowToken.onAnimationFinished:2383 com.android.server.wm.AppWindowToken.setVisibility:551 com.android.server.wm.AppWindowToken.onRemovedFromDisplay:766

11-14 17:41:54.648  4211  9311 I WindowManager: Cancelling animation restarting=false, leash=null, surface=Surface(name=AppWindowToken{79a16b6 token=Token{ca1ae51 ActivityRecord{9cec778 u0 com.wallapop/com.rewallapop.ui.wall.WallActivity t2196}}})/@0x8daa698, parent=Surface(name=Task=2196)/@0xa271879

11-14 17:41:54.649  4211  9311 V WindowManager: Remove Window{8ef009b u0 com.wallapop/com.rewallapop.ui.wall.WallActivity}: mSurfaceController=Surface(name=com.wallapop/com.rewallapop.ui.wall.WallActivity[29547])/@0xe62555f mAnimatingExit=false mRemoveOnExit=false mHasSurface=true surfaceShowing=false isAnimationSet=false app-animation=false mWillReplaceWindow=false inPendingTransaction=false mDisplayFrozen=false callers=com.android.server.wm.WindowState.removeIfPossible:2764 com.android.server.wm.WindowToken.removeAllWindowsIfPossible:150 com.android.server.wm.AppWindowToken.removeIfPossible:743 com.android.server.wm.AppWindowToken.onRemovedFromDisplay:819 com.android.server.wm.DisplayContent.removeAppToken:1079 com.android.server.wm.AppWindowContainerController.removeContainer:305

11-14 17:41:54.651  4211  9311 I WindowManager: Destroying surface Surface(name=com.wallapop/com.rewallapop.ui.wall.WallActivity[29547])/@0xe62555f called by com.android.server.wm.WindowStateAnimator.destroySurface:1901 com.android.server.wm.WindowStateAnimator.destroySurfaceLocked:838 com.android.server.wm.WindowState.removeImmediately:2743 com.android.server.wm.WindowState.removeIfPossible:2893 com.android.server.wm.WindowState.removeIfPossible:2764 com.android.server.wm.WindowToken.removeAllWindowsIfPossible:150 com.android.server.wm.AppWindowToken.removeIfPossible:743 com.android.server.wm.AppWindowToken.onRemovedFromDisplay:819

11-14 17:41:54.651  3727  5001 I SurfaceFlinger: id=28198 Removed com.wallapop/com.rewallapop.ui.wall.WallActivity[29547]#0 (0/62)

11-14 17:41:54.656  3727  5001 I SurfaceFlinger: id=28197 Removed 8ef009b com.wallapop/com.rewallapop.ui.wall.WallActivity#0 (0/61)

11-14 17:41:54.658  3727  3727 I Layer   : id=28197 onRemoved 8ef009b com.wallapop/com.rewallapop.ui.wall.WallActivity#0

11-14 17:41:54.658  3727  3727 I Layer   : id=28198 onRemoved com.wallapop/com.rewallapop.ui.wall.WallActivity[29547]#0

11-14 17:41:54.660  4211  4242 D WindowManager: reportFocusChangedSerialized, focused=false, inTouchMode=true, win=Window{8ef009b u0 com.wallapop/com.rewallapop.ui.wall.WallActivity}

11-14 17:41:54.664  3727  5001 I SurfaceFlinger: id=28195 Removed AppWindowToken{79a16b6 token=Token{ca1ae51 ActivityRecord{9cec778 u0 com.wallapop/com.rewallapop.ui.wall.WallActivity t2196}}}#0 (0/60)

11-14 17:41:54.675  3727  3727 I Layer   : id=28195 onRemoved AppWindowToken{79a16b6 token=Token{ca1ae51 ActivityRecord{9cec778 u0 com.wallapop/com.rewallapop.ui.wall.WallActivity t2196}}}#0


