Executed '[C740] Help: Access and sections' on 08-07-2020
---------------------------------------------------------------------------------
07-08 00:28:31.125  4948  5098 D CodecSolution: isMaxAspectPackageEx: com.wallapop : true(2)

07-08 00:28:31.149  4948  5098 D CodecSolution: isMaxAspectPackageEx: com.wallapop : true(2)

07-08 00:28:31.154  4948  5098 I PerfSDKService: Current foregroundpackage name : com.wallapop

07-08 00:28:31.274  4948 12848 D MdnieScenarioControlService:  packageName : com.wallapop    className : com.wallapop.activities.PreferencesActivity

07-08 00:28:31.296  4948  5098 D CodecSolution: isMaxAspectPackageEx: com.wallapop : true(2)

07-08 00:28:31.310  4948  5098 D CodecSolution: isMaxAspectPackageEx: com.wallapop : true(2)

07-08 00:28:31.312  4948  5098 I PerfSDKService: Current foregroundpackage name : com.wallapop

07-08 00:28:31.435  4948 12848 D MdnieScenarioControlService:  packageName : com.wallapop    className : com.wallapop.activities.PreferencesActivity

07-08 00:29:31.399  4948  5098 D CodecSolution: isMaxAspectPackageEx: com.wallapop : true(2)

07-08 00:29:31.425  4948  5098 D CodecSolution: isMaxAspectPackageEx: com.wallapop : true(2)

07-08 00:29:31.427  4948  5098 I PerfSDKService: Current foregroundpackage name : com.wallapop

07-08 00:29:31.538  4948  5098 D CodecSolution: isMaxAspectPackageEx: com.wallapop : true(2)

07-08 00:29:31.546  4948  5098 D CodecSolution: isMaxAspectPackageEx: com.wallapop : true(2)

07-08 00:29:31.547  4948  5098 I PerfSDKService: Current foregroundpackage name : com.wallapop

07-08 00:29:31.674  4948 12848 D MdnieScenarioControlService:  packageName : com.wallapop    className : com.wallapop.activities.PreferencesActivity

07-08 00:30:31.612  4948  5098 D CodecSolution: isMaxAspectPackageEx: com.wallapop : true(2)

07-08 00:30:31.634  4948  5098 D CodecSolution: isMaxAspectPackageEx: com.wallapop : true(2)

07-08 00:30:31.637  4948  5098 I PerfSDKService: Current foregroundpackage name : com.wallapop

07-08 00:30:31.733  4948  5098 D CodecSolution: isMaxAspectPackageEx: com.wallapop : true(2)

07-08 00:30:31.740  4948  5098 D CodecSolution: isMaxAspectPackageEx: com.wallapop : true(2)

07-08 00:30:31.740  4948  5098 I PerfSDKService: Current foregroundpackage name : com.wallapop

07-08 00:30:31.870  4948 12848 D MdnieScenarioControlService:  packageName : com.wallapop    className : com.wallapop.activities.PreferencesActivity

07-08 00:36:10.751  4948  5727 V SamsungAlarmManager: Sending to uid : 10385 action=com.wallapop.intent.APPBOY_SESSION_SHOULD_SEAL alarm=Alarm{a12a4ef type 1 when 1594161053013 com.wallapop}

07-08 00:36:10.876  4948  5098 D CodecSolution: isMaxAspectPackageEx: com.wallapop : true(2)

07-08 00:36:10.883  4948  5098 D CodecSolution: isMaxAspectPackageEx: com.wallapop : true(2)

07-08 00:36:10.883  4948  5098 I PerfSDKService: Current foregroundpackage name : com.wallapop

07-08 00:36:11.012  4948 12848 D MdnieScenarioControlService:  packageName : com.wallapop    className : com.wallapop.activities.PreferencesActivity

07-08 00:36:11.259 24802 24952 W com.wallapop: Accessing hidden method Lsun/misc/Unsafe;->putInt(Ljava/lang/Object;JI)V (greylist, linking, allowed)

07-08 00:36:11.264 24802 25659 W com.wallapop: Accessing hidden method Lsun/misc/Unsafe;->putInt(Ljava/lang/Object;JI)V (greylist, linking, allowed)

07-08 00:41:14.308  4948 15033 I ActivityManager: Force stopping com.wallapop appid=10385 user=0: from pid 25831

07-08 00:41:14.309  4948 15033 I ActivityManager: Killing 24802:com.wallapop/u0a385 (adj 200): stop com.wallapop

07-08 00:41:14.315  4948 15033 W ActivityManager: Scheduling restart of crashed service com.wallapop/com.rewallapop.ui.debug.view.DebugActivity$Service in 1000ms

07-08 00:41:14.316  4948  4948 D EdgeLightingManager: hideForNotification : packageName = com.wallapop

07-08 00:41:14.316  4948  4948 D EdgeLightingPolicyManager:NotificationGroup: remove : sbn : StatusBarNotification(pkg=com.wallapop user=UserHandle{0} id=999 tag=null key=0|com.wallapop|999|null|10385: Notification(channel=wallapop_channel pri=-2 contentView=null vibrate=null sound=null defaults=0x0 flags=0x62 color=0x00000000 vis=PRIVATE semFlags=0x0 semPriority=0 semMissedCount=0))

07-08 00:41:14.316  4948  4948 D EdgeLightingPolicyManager: isAcceptableApplication:  pkg=com.wallapop , range=1 , includeAllApp=false , userId=0 , infoRange=0 , infoCategory=0

07-08 00:41:14.318  4948 15033 W ActivityTaskManager: Force removing ActivityRecord{58263bf u0 com.wallapop/.activities.PreferencesActivity t1302 f}: app died, no saved state

07-08 00:41:14.323 12945 12986 V NotificationManager_FLP: Notification for foreground service is removed, 0|com.wallapop|999|null|10385

07-08 00:41:14.324 13050 13050 D Launcher.NotificationListener: onNotificationRemoved : StatusBarNotification(pkg=com.wallapop user=UserHandle{0} id=999 tag=null key=0|com.wallapop|999|null|10385: Notification(channel=wallapop_channel pri=-2 contentView=null vibrate=null sound=null defaults=0x0 flags=0x62 color=0x00000000 vis=PRIVATE semFlags=0x0 semPriority=0 semMissedCount=0)) listener : null

07-08 00:41:14.334  4382  5775 I Layer   : id=1389 removeFromCurrentState 3d7febc com.wallapop/com.wallapop.activities.PreferencesActivity#0 (56)

07-08 00:41:14.335  4382  5775 I SurfaceFlinger: id=1389 Removed 3d7febc com.wallapop/com.wallapop.activities.PreferencesActivity#0 (56)

07-08 00:41:14.335  4382  4382 I Layer   : id=1389[1] Destroyed 3d7febc com.wallapop/com.wallapop.activities.PreferencesActivity#0

07-08 00:41:14.335  4948 15033 W ActivityTaskManager: Force removing ActivityRecord{32031f7 u0 com.wallapop/com.rewallapop.ui.wall.WallActivity t1302 f}: app died, no saved state

07-08 00:41:14.339  4382  5775 I Layer   : id=1388 removeFromCurrentState AppWindowToken{335e5d5 token=Token{7a2da8c ActivityRecord{58263bf u0 com.wallapop/.activities.PreferencesActivity t1302}}}#0 (55)

07-08 00:41:14.339  4382  5775 I Layer   : id=1385 removeFromCurrentState b7b7bc1 com.wallapop/com.rewallapop.ui.wall.WallActivity#0 (55)

07-08 00:41:14.339  4382  5775 I SurfaceFlinger: id=1388 Removed AppWindowToken{335e5d5 token=Token{7a2da8c ActivityRecord{58263bf u0 com.wallapop/.activities.PreferencesActivity t1302}}}#0 (55)

07-08 00:41:14.339  4382  5775 I SurfaceFlinger: id=1385 Removed b7b7bc1 com.wallapop/com.rewallapop.ui.wall.WallActivity#0 (55)

07-08 00:41:14.341  4382  5775 I Layer   : id=1380 removeFromCurrentState AppWindowToken{66d2acd token=Token{ff8b864 ActivityRecord{32031f7 u0 com.wallapop/com.rewallapop.ui.wall.WallActivity t1302}}}#0 (55)

07-08 00:41:14.342  4382  5775 I SurfaceFlinger: id=1380 Removed AppWindowToken{66d2acd token=Token{ff8b864 ActivityRecord{32031f7 u0 com.wallapop/com.rewallapop.ui.wall.WallActivity t1302}}}#0 (55)

07-08 00:41:14.352  4382  4382 I Layer   : id=1380[1] Destroyed AppWindowToken{66d2acd token=Token{ff8b864 ActivityRecord{32031f7 u0 com.wallapop/com.rewallapop.ui.wall.WallActivity t1302}}}#0

07-08 00:41:14.352  4382  4382 I Layer   : id=1385[1] Destroyed b7b7bc1 com.wallapop/com.rewallapop.ui.wall.WallActivity#0

07-08 00:41:14.352  4382  4382 I Layer   : id=1388[1] Destroyed AppWindowToken{335e5d5 token=Token{7a2da8c ActivityRecord{58263bf u0 com.wallapop/.activities.PreferencesActivity t1302}}}#0

07-08 00:41:14.369  4948  5106 W BroadcastQueue: Background execution not allowed: receiving Intent { act=android.intent.action.PACKAGE_RESTARTED dat=package:com.wallapop flg=0x10 (has extras) } to android/com.kddi.android.CpaNotiReceiver

07-08 00:41:14.389  4948  4948 D SamsungAlarmManager: Remove alarm for next reason : android.intent.action.PACKAGE_RESTARTED : package: com.wallapop

07-08 00:41:19.999  4948  5779 I ActivityManager: Force stopping com.wallapop appid=10385 user=0: from pid 26002

07-08 00:41:20.002  4948  4948 D SamsungAlarmManager: Remove alarm for next reason : android.intent.action.PACKAGE_RESTARTED : package: com.wallapop

07-08 00:41:20.006  4948  5106 W BroadcastQueue: Background execution not allowed: receiving Intent { act=android.intent.action.PACKAGE_RESTARTED dat=package:com.wallapop flg=0x10 (has extras) } to android/com.kddi.android.CpaNotiReceiver

07-08 00:41:20.254  4948  5779 I ActivityTaskManager: START u0 {flg=0x10000000 cmp=com.wallapop/com.rewallapop.ui.main.MainActivity} from uid 2000

07-08 00:41:20.260  4382  5787 I SurfaceFlinger: id=1409 createSurf (0x0),-1 flag=80004, AppWindowToken{6841f6b token=Token{5c244ba ActivityRecord{d9d81e5 u0 com.wallapop/com.rewallapop.ui.main.MainActivity t1303}}}#0

07-08 00:41:20.263  4948  5100 D GameSDKService: MultiWindowEventListener.onFocusStackChanged(), state=0, top=ComponentInfo{com.wallapop/com.rewallapop.ui.main.MainActivity}

07-08 00:41:20.263  4948  5100 D GameSDKService: MultiWindowEventListener.onFocusStackChanged(): com.wallapop

07-08 00:41:20.265  4948  5100 D GameManagerService: MultiWindowEventListener.onFocusedStackChanged(), state=0, top=ComponentInfo{com.wallapop/com.rewallapop.ui.main.MainActivity}

07-08 00:41:20.265  4948  5100 D GameManagerService: MultiWindowEventListener.onFocusedStackChanged(), pkgName: com.wallapop, clsName: com.rewallapop.ui.main.MainActivity, FgActivityName:com.wallapop/com.rewallapop.ui.main.MainActivity, userID:0

07-08 00:41:20.267  4948  5100 I ApplicationPolicy: isApplicationExternalStorageWhitelisted:com.wallapop user:0

07-08 00:41:20.267  4948  5100 D ActivityManager: package  com.wallapop, user - 0 is SDcard whitelisted

07-08 00:41:20.267  4948  5100 I ApplicationPolicy: isApplicationExternalStorageBlacklisted:com.wallapop user:0

07-08 00:41:20.267  4948  5100 I ApplicationPolicy: isApplicationExternalStorageBlacklisted:com.wallapop user:0

07-08 00:41:20.270  4948  5101 D PhoneWindow: forceLight changed to true [Splash Screen com.wallapop] from com.android.internal.policy.PhoneWindow.updateForceLightNavigationBar:4268 com.android.internal.policy.DecorView.updateColorViews:1513 com.android.internal.policy.PhoneWindow.dispatchWindowAttributesChanged:3246 android.view.Window.setFlags:1148 com.android.internal.policy.PhoneWindow.generateLayout:2474

07-08 00:41:20.270  4948  5101 D PhoneWindow: forceLight changed to false [Splash Screen com.wallapop] from com.android.internal.policy.PhoneWindow.updateForceLightNavigationBar:4274 com.android.internal.policy.DecorView.updateColorViews:1513 com.android.internal.policy.PhoneWindow.dispatchWindowAttributesChanged:3246 android.view.Window.setFlags:1148 com.android.internal.policy.PhoneWindow.generateLayout:2620

07-08 00:41:20.272  4382  5787 I SurfaceFlinger: id=1410 createSurf (0x0),-1 flag=80004, 21ead28 Splash Screen com.wallapop#0

07-08 00:41:20.274  4948  5101 D WindowManager: w is invisible : 21ead28 Splash Screen com.wallapop

07-08 00:41:20.274  4948  5101 D WindowManager: w is invisible : 21ead28 Splash Screen com.wallapop

07-08 00:41:20.280  4948  5101 V WindowManager: Relayout Window{21ead28 u0 Splash Screen com.wallapop}: viewVisibility=0 req=1080x2220

07-08 00:41:20.281  4382  5787 I SurfaceFlinger: id=1411 createSurf (1080x2220),1 flag=4, Splash Screen com.wallapop#0

07-08 00:41:20.282  4948  5101 D WindowManager: makeSurface duration=1 name=Splash Screen com.wallapop

07-08 00:41:20.285  4948  5107 I ActivityManager: Start proc 26005:com.wallapop/u0a385 for activity {com.wallapop/com.rewallapop.ui.main.MainActivity}

07-08 00:41:20.289 26005 26005 I com.wallapop: Late-enabling -Xcheck:jni

07-08 00:41:20.291  4948  5101 D WindowManager: finishDrawingWindow: Window{21ead28 u0 Splash Screen com.wallapop} mDrawState=DRAW_PENDING

07-08 00:41:20.293  4948  5101 V WindowManager: performShow on Window{21ead28 u0 Splash Screen com.wallapop}: mDrawState=READY_TO_SHOW readyForDisplay=false starting=true during animation: policyVis=true parentHidden=false tok.hiddenRequested=false tok.hidden=true animating=true tok animating=true Callers=com.android.server.wm.WindowState.performShowLocked:4731 com.android.server.wm.WindowStateAnimator.commitFinishDrawingLocked:401 com.android.server.wm.DisplayContent.lambda$new$8$DisplayContent:990 com.android.server.wm.-$$Lambda$DisplayContent$qxt4izS31fb0LF2uo_OF9DMa7gc.accept:4

07-08 00:41:20.310 26005 26005 E com.wallapop: Unknown bits set in runtime_flags: 0x8000

07-08 00:41:20.324  4948 14527 I ActivityManager: DSS OFF for com.wallapop

07-08 00:41:20.328  4948 14527 V WindowManager: performShow on Window{21ead28 u0 Splash Screen com.wallapop}: mDrawState=READY_TO_SHOW readyForDisplay=false starting=true during animation: policyVis=true parentHidden=false tok.hiddenRequested=false tok.hidden=true animating=true tok animating=true Callers=com.android.server.wm.WindowState.performShowLocked:4731 com.android.server.wm.WindowStateAnimator.commitFinishDrawingLocked:401 com.android.server.wm.DisplayContent.lambda$new$8$DisplayContent:990 com.android.server.wm.-$$Lambda$DisplayContent$qxt4izS31fb0LF2uo_OF9DMa7gc.accept:4

07-08 00:41:20.329  4948 14527 D GamePkgDataHelper: notifyAppCreate(), pkgName: com.wallapop, sendRet: true

07-08 00:41:20.329  4948 12772 D GameManagerService: onLooperPrepared(), msg: { when=0 what=10010 obj=com.wallapop target=com.samsung.android.game.GameManagerService$FgCheckThread$1 }

07-08 00:41:20.329  4948 12772 D GameManagerService: handleMessage(), MSG_APP_CREATE. pkgName: com.wallapop

07-08 00:41:20.330  4948 14527 D MARsPolicyManager: onPackageResumedFG pkgName = com.wallapop, userId = 0

07-08 00:41:20.333  4948  5101 V WindowManager: performShow on Window{21ead28 u0 Splash Screen com.wallapop}: mDrawState=READY_TO_SHOW readyForDisplay=false starting=true during animation: policyVis=true parentHidden=false tok.hiddenRequested=false tok.hidden=true animating=true tok animating=true Callers=com.android.server.wm.WindowState.performShowLocked:4731 com.android.server.wm.WindowStateAnimator.commitFinishDrawingLocked:401 com.android.server.wm.DisplayContent.lambda$new$8$DisplayContent:990 com.android.server.wm.-$$Lambda$DisplayContent$qxt4izS31fb0LF2uo_OF9DMa7gc.accept:4

07-08 00:41:20.337  4948  5101 I WindowManager: Reparenting to leash, surface=Surface(name=AppWindowToken{6841f6b token=Token{5c244ba ActivityRecord{d9d81e5 u0 com.wallapop/com.rewallapop.ui.main.MainActivity t1303}}})/@0xcb9ff59

07-08 00:41:20.337  4382  5775 I SurfaceFlinger: id=1414 createSurf (0x0),-1 flag=80004, Surface(name=AppWindowToken{6841f6b token=Token{5c244ba ActivityRecord{d9d81e5 u0 com.wallapop/com.rewallapop.ui.main.MainActivity t1303}}})/@0xcb9ff59 - animation-leash#0

07-08 00:41:20.337  4948  5101 D WindowManager: makeSurface duration=0 leash=Surface(name=Surface(name=AppWindowToken{6841f6b token=Token{5c244ba ActivityRecord{d9d81e5 u0 com.wallapop/com.rewallapop.ui.main.MainActivity t1303}}})/@0xcb9ff59 - animation-leash)/@0xed5071e

07-08 00:41:20.337  4382  5775 I SurfaceFlinger: id=1415 createSurf (0x0),-1 flag=80004, Surface(name=AppWindowToken{6841f6b token=Token{5c244ba ActivityRecord{d9d81e5 u0 com.wallapop/com.rewallapop.ui.main.MainActivity t1303}}})/@0xcb9ff59 - animation-bounds#0

07-08 00:41:20.338  4948  5098 D WindowManager: setSystemUiVisibility: displayId=0, vis=0xa018, fullVis=0x2000, dockVis=0x0, win=Window{21ead28 u0 Splash Screen com.wallapop}

07-08 00:41:20.345  4948  5100 D GamePkgDataHelper: getSosPolicy(). com.wallapop

07-08 00:41:20.346  4948 12703 D PkgPredictorService: com.wallapop go to foreground!

07-08 00:41:20.346  4948 12703 D PkgPredictorService: previous pkgs: com.wallapop,com.wallapop,com.wallapop running pkg: com.wallapop, uid: 0 is system: false

07-08 00:41:20.346  4948 12703 D PkgPredictorService-Collector:  (hour:0 day:4 previous:[com.wallapop, com.wallapop, com.wallapop] activityName:unknown running:com.wallapop userId:0 screenOrientation:0 wifi:1 bt:0 predictTime:0 apkVersion:1.102.0-d2007061006 consumeTime:-1 preloaded:false>)

07-08 00:41:20.346  4948 12703 D PkgPredictorService-NapPreloadController: User using: com.wallapop

07-08 00:41:20.346  4948  5100 D GameManagerService: identifyGamePackage. com.wallapop, mCurrentUserId: 0, callerUserId: 0

07-08 00:41:20.346  4948  5100 D GamePkgDataHelper: getGamePkgData(). com.wallapop

07-08 00:41:20.346  4948 12703 D PkgPredictorService-NapClassifier: Predict result: 17.0,2.0,29.0, - [0_&_com.wallapop, 0_&_com.android.vending, 0_&_com.Slack]

07-08 00:41:20.346  4948 12703 D PkgPredictorService-NapPreloadController: preloadWithUid pkg: [com.wallapop] Uid: [0]

07-08 00:41:20.346 12945 12986 V PermissionManager_FLP: onOpChanged, op=0 / packageName=com.wallapop

07-08 00:41:20.347  4948 14527 D GamePkgDataHelper: getSosPolicy(). com.wallapop

07-08 00:41:20.349  4948  5100 D GameManagerService: noteResumeComponent(), resumeComponent: com.wallapop

07-08 00:41:20.349  4948 12772 D GameManagerService: onLooperPrepared(), msg: { when=0 what=10000 obj=ComponentInfo{com.wallapop/com.rewallapop.ui.main.MainActivity} target=com.samsung.android.game.GameManagerService$FgCheckThread$1 }

07-08 00:41:20.349  4948 12772 D GameManagerService: notifyResumePause(). pkg: com.wallapop, type: 4, isMinimized: false, isTunableApp: false

07-08 00:41:20.349  4948  5098 D CodecSolution: isMaxAspectPackageEx: com.wallapop : true(2)

07-08 00:41:20.350  4948  5098 I PerfSDKService: Current foregroundpackage name : com.wallapop

07-08 00:41:20.374 26005 26005 I com.wallapop: The ClassLoaderContext is a special shared library.

07-08 00:41:20.430  4382  4382 I SurfaceFlinger:      DEVICE | 0x7b1b8ad940 | 0000 | RGBA_8888 |   0.0    0.0 1080.0 2220.0 |   89  183  991 2037 | Splash Screen com.wallapop#0

07-08 00:41:20.461  4382  4382 I SurfaceFlinger:      DEVICE | 0x7b1b8ad940 | 0000 | RGBA_8888 |   0.0    0.0 1080.0 2220.0 |   49  102 1031 2118 | Splash Screen com.wallapop#0

07-08 00:41:20.475  4948 12848 D MdnieScenarioControlService:  packageName : com.wallapop    className : com.rewallapop.ui.main.MainActivity

07-08 00:41:20.492 26005 26026 W com.wallapop: Unsupported class loader

07-08 00:41:20.574  4948  5101 I WindowManager: Reparenting to original parent: Surface(name=Task=1303)/@0xefd1494, destroyLeash=true, surface=Surface(name=AppWindowToken{6841f6b token=Token{5c244ba ActivityRecord{d9d81e5 u0 com.wallapop/com.rewallapop.ui.main.MainActivity t1303}}})/@0xcb9ff59

07-08 00:41:20.577  4382  4440 I Layer   : id=1414 removeFromCurrentState Surface(name=AppWindowToken{6841f6b token=Token{5c244ba ActivityRecord{d9d81e5 u0 com.wallapop/com.rewallapop.ui.main.MainActivity t1303}}})/@0xcb9ff59 - animation-leash#0 (59)

07-08 00:41:20.577  4382  4440 I Layer   : id=1415 removeFromCurrentState Surface(name=AppWindowToken{6841f6b token=Token{5c244ba ActivityRecord{d9d81e5 u0 com.wallapop/com.rewallapop.ui.main.MainActivity t1303}}})/@0xcb9ff59 - animation-bounds#0 (59)

07-08 00:41:20.578  4382  4440 I SurfaceFlinger: id=1415 Removed Surface(name=AppWindowToken{6841f6b token=Token{5c244ba ActivityRecord{d9d81e5 u0 com.wallapop/com.rewallapop.ui.main.MainActivity t1303}}})/@0xcb9ff59 - animation-bounds#0 (59)

07-08 00:41:20.578  4382  4633 I SurfaceFlinger: id=1414 Removed Surface(name=AppWindowToken{6841f6b token=Token{5c244ba ActivityRecord{d9d81e5 u0 com.wallapop/com.rewallapop.ui.main.MainActivity t1303}}})/@0xcb9ff59 - animation-leash#0 (59)

07-08 00:41:20.591  4382  4382 I Layer   : id=1415[1] Destroyed Surface(name=AppWindowToken{6841f6b token=Token{5c244ba ActivityRecord{d9d81e5 u0 com.wallapop/com.rewallapop.ui.main.MainActivity t1303}}})/@0xcb9ff59 - animation-bounds#0

07-08 00:41:20.591  4382  4382 I Layer   : id=1414[1] Destroyed Surface(name=AppWindowToken{6841f6b token=Token{5c244ba ActivityRecord{d9d81e5 u0 com.wallapop/com.rewallapop.ui.main.MainActivity t1303}}})/@0xcb9ff59 - animation-leash#0

07-08 00:41:20.627 26005 26032 I FA      :   adb shell setprop debug.firebase.analytics.app com.wallapop

07-08 00:41:20.629  4382  4382 I SurfaceFlinger:      DEVICE | 0x7b1b8ad940 | 0000 | RGBA_8888 |   0.0    0.0 1080.0 2220.0 |    0    0 1080 2220 | Splash Screen com.wallapop#0

07-08 00:41:20.670 26005 26005 W com.wallapop: Accessing hidden method Ldalvik/system/CloseGuard;->get()Ldalvik/system/CloseGuard; (greylist,core-platform-api, reflection, allowed)

07-08 00:41:20.670 26005 26005 W com.wallapop: Accessing hidden method Ldalvik/system/CloseGuard;->open(Ljava/lang/String;)V (greylist,core-platform-api, reflection, allowed)

07-08 00:41:20.670 26005 26005 W com.wallapop: Accessing hidden method Ldalvik/system/CloseGuard;->warnIfOpen()V (greylist,core-platform-api, reflection, allowed)

07-08 00:41:20.700 26005 26060 I stetho  : Listening on @stetho_com.wallapop_devtools_remote

07-08 00:41:20.727  4948 13506 D PackageManager: setEnabledSetting : userId = 0 packageName = com.wallapop cmp = androidx.work.impl.background.systemjob.SystemJobService newState = 1 callingPackage = 10385/com.wallapop

07-08 00:41:20.901 26005 26088 W com.wallapop: Accessing hidden field Lsun/misc/Unsafe;->theUnsafe:Lsun/misc/Unsafe; (greylist, reflection, allowed)

07-08 00:41:20.902 26005 26088 W com.wallapop: Accessing hidden method Lsun/misc/Unsafe;->arrayIndexScale(Ljava/lang/Class;)I (greylist, linking, allowed)

07-08 00:41:20.902 26005 26088 W com.wallapop: Accessing hidden method Lsun/misc/Unsafe;->arrayBaseOffset(Ljava/lang/Class;)I (greylist,core-platform-api, linking, allowed)

07-08 00:41:20.902 26005 26088 W com.wallapop: Accessing hidden method Lsun/misc/Unsafe;->objectFieldOffset(Ljava/lang/reflect/Field;)J (greylist,core-platform-api, linking, allowed)

07-08 00:41:20.915 26005 26094 W com.wallapop: Accessing hidden method Lsun/misc/Unsafe;->getObjectVolatile(Ljava/lang/Object;J)Ljava/lang/Object; (greylist, linking, allowed)

07-08 00:41:20.915 26005 26094 W com.wallapop: Accessing hidden method Lsun/misc/Unsafe;->putOrderedObject(Ljava/lang/Object;JLjava/lang/Object;)V (greylist, linking, allowed)

07-08 00:41:20.915 26005 26094 W com.wallapop: Accessing hidden method Lsun/misc/Unsafe;->putOrderedLong(Ljava/lang/Object;JJ)V (greylist, linking, allowed)

07-08 00:41:20.977  4948 14527 D PackageManager: setEnabledSetting : userId = 0 packageName = com.wallapop cmp = androidx.work.impl.background.systemalarm.RescheduleReceiver newState = 1 callingPackage = 10385/com.wallapop

07-08 00:41:21.010 26005 26122 W com.wallapop: Accessing hidden method Llibcore/io/Memory;->peekLong(JZ)J (greylist, reflection, allowed)

07-08 00:41:21.010 26005 26122 W com.wallapop: Accessing hidden method Llibcore/io/Memory;->pokeLong(JJZ)V (greylist, reflection, allowed)

07-08 00:41:21.010 26005 26122 W com.wallapop: Accessing hidden method Llibcore/io/Memory;->pokeInt(JIZ)V (greylist, reflection, allowed)

07-08 00:41:21.010 26005 26122 W com.wallapop: Accessing hidden method Llibcore/io/Memory;->peekInt(JZ)I (greylist, reflection, allowed)

07-08 00:41:21.010 26005 26122 W com.wallapop: Accessing hidden method Llibcore/io/Memory;->pokeByte(JB)V (greylist, reflection, allowed)

07-08 00:41:21.010 26005 26122 W com.wallapop: Accessing hidden method Llibcore/io/Memory;->peekByte(J)B (greylist, reflection, allowed)

07-08 00:41:21.010 26005 26122 W com.wallapop: Accessing hidden method Llibcore/io/Memory;->pokeByteArray(J[BII)V (greylist, reflection, allowed)

07-08 00:41:21.010 26005 26122 W com.wallapop: Accessing hidden method Llibcore/io/Memory;->peekByteArray(J[BII)V (greylist, reflection, allowed)

07-08 00:41:21.011 26005 26122 W com.wallapop: Accessing hidden method Lsun/misc/Unsafe;->getLong(Ljava/lang/Object;J)J (greylist,core-platform-api, reflection, allowed)

07-08 00:41:21.011 26005 26122 W com.wallapop: Accessing hidden field Ljava/nio/Buffer;->address:J (greylist, reflection, allowed)

07-08 00:41:21.011 26005 26122 W com.wallapop: Accessing hidden method Lsun/misc/Unsafe;->getInt(Ljava/lang/Object;J)I (greylist, reflection, allowed)

07-08 00:41:21.011 26005 26122 W com.wallapop: Accessing hidden method Lsun/misc/Unsafe;->putInt(Ljava/lang/Object;JI)V (greylist, reflection, allowed)

07-08 00:41:21.011 26005 26122 W com.wallapop: Accessing hidden method Lsun/misc/Unsafe;->getLong(Ljava/lang/Object;J)J (greylist,core-platform-api, reflection, allowed)

07-08 00:41:21.011 26005 26122 W com.wallapop: Accessing hidden method Lsun/misc/Unsafe;->putLong(Ljava/lang/Object;JJ)V (greylist, reflection, allowed)

07-08 00:41:21.011 26005 26122 W com.wallapop: Accessing hidden method Lsun/misc/Unsafe;->getObject(Ljava/lang/Object;J)Ljava/lang/Object; (greylist, reflection, allowed)

07-08 00:41:21.011 26005 26122 W com.wallapop: Accessing hidden method Lsun/misc/Unsafe;->putObject(Ljava/lang/Object;JLjava/lang/Object;)V (greylist, reflection, allowed)

07-08 00:41:21.033  4948 14527 D SamsungAlarmManager: Cancel Alarm calling from uid:10385 pid :26005 / op:PendingIntent{106ec1d: PendingIntentRecord{190df2e com.wallapop broadcastIntent}}

07-08 00:41:21.048 26005 26063 W com.wallapop: Accessing hidden method Lsun/misc/Unsafe;->allocateInstance(Ljava/lang/Class;)Ljava/lang/Object; (greylist, reflection, allowed)

07-08 00:41:21.075  4948 15049 D BaseRestrictionMgr: Package: com.android.vending, userid: 0, hostingType: bindService is allowed by freecess, caller is: com.wallapop

07-08 00:41:21.169  4948 15049 D SamsungAlarmManager: Cancel Alarm calling from uid:10385 pid :26005 / op:PendingIntent{f902853: PendingIntentRecord{fdca590 com.wallapop broadcastIntent}}

07-08 00:41:21.194 26005 26005 I chatty  : uid=10385(com.wallapop) identical 11 lines

07-08 00:41:21.196 26005 26005 I chatty  : uid=10385(com.wallapop) identical 1 line

07-08 00:41:21.196 26005 26005 I chatty  : uid=10385(com.wallapop) identical 6 lines

07-08 00:41:21.229  4948 15039 I ActivityTaskManager: START u0 {cmp=com.wallapop/com.rewallapop.ui.wall.WallActivity (has extras)} from uid 10385

07-08 00:41:21.231  4382  4440 I SurfaceFlinger: id=1416 createSurf (0x0),-1 flag=80004, AppWindowToken{d6c92c0 token=Token{fc3cc43 ActivityRecord{7a3bdf2 u0 com.wallapop/com.rewallapop.ui.wall.WallActivity t1303}}}#0

07-08 00:41:21.233  4948  5098 D WindowManager: setSystemUiVisibility: displayId=0, vis=0xa018, fullVis=0x2000, dockVis=0x0, win=Window{21ead28 u0 Splash Screen com.wallapop}

07-08 00:41:21.254 26005 26005 W com.wallapop: Accessing hidden method Landroid/view/View;->computeFitSystemWindows(Landroid/graphics/Rect;Landroid/graphics/Rect;)Z (greylist, reflection, allowed)

07-08 00:41:21.255 26005 26005 W com.wallapop: Accessing hidden method Landroid/view/ViewGroup;->makeOptionalFitsSystemWindows()V (greylist, reflection, allowed)

07-08 00:41:21.262 26005 26005 W com.wallapop: Accessing hidden method Lsun/misc/Unsafe;->getObjectVolatile(Ljava/lang/Object;J)Ljava/lang/Object; (greylist, linking, allowed)

07-08 00:41:21.262 26005 26005 W com.wallapop: Accessing hidden method Lsun/misc/Unsafe;->putOrderedObject(Ljava/lang/Object;JLjava/lang/Object;)V (greylist, linking, allowed)

07-08 00:41:21.262 26005 26005 W com.wallapop: Accessing hidden method Lsun/misc/Unsafe;->putOrderedLong(Ljava/lang/Object;JJ)V (greylist, linking, allowed)

07-08 00:41:21.411  4948  5106 D ApplicationPolicy: isStatusBarNotificationAllowedAsUser: packageName = com.wallapop,userId = 0

07-08 00:41:21.412  4948  5106 D ApplicationPolicy: isStatusBarNotificationAllowedAsUser: packageName = com.wallapop,userId = 0

07-08 00:41:21.418  4948 13506 D GamePkgDataHelper: notifyAppCreate(), pkgName: com.wallapop, sendRet: true

07-08 00:41:21.418  4948 12772 D GameManagerService: onLooperPrepared(), msg: { when=0 what=10010 obj=com.wallapop target=com.samsung.android.game.GameManagerService$FgCheckThread$1 }

07-08 00:41:21.418  4948 12772 D GameManagerService: handleMessage(), MSG_APP_CREATE. pkgName: com.wallapop

07-08 00:41:21.418  4948 13506 D MARsPolicyManager: onPackageResumedFG pkgName = com.wallapop, userId = 0

07-08 00:41:21.421  4948 13506 I WindowManager: Reparenting to leash, surface=Surface(name=AppWindowToken{6841f6b token=Token{5c244ba ActivityRecord{d9d81e5 u0 com.wallapop/com.rewallapop.ui.main.MainActivity t1303}}})/@0xcb9ff59

07-08 00:41:21.421  4382  4440 I SurfaceFlinger: id=1417 createSurf (0x0),-1 flag=80004, Surface(name=AppWindowToken{6841f6b token=Token{5c244ba ActivityRecord{d9d81e5 u0 com.wallapop/com.rewallapop.ui.main.MainActivity t1303}}})/@0xcb9ff59 - animation-leash#0

07-08 00:41:21.422  4948 13506 D WindowManager: makeSurface duration=1 leash=Surface(name=Surface(name=AppWindowToken{6841f6b token=Token{5c244ba ActivityRecord{d9d81e5 u0 com.wallapop/com.rewallapop.ui.main.MainActivity t1303}}})/@0xcb9ff59 - animation-leash)/@0x571f8a1

07-08 00:41:21.422  4382  4440 I SurfaceFlinger: id=1418 createSurf (0x0),-1 flag=80004, Surface(name=AppWindowToken{6841f6b token=Token{5c244ba ActivityRecord{d9d81e5 u0 com.wallapop/com.rewallapop.ui.main.MainActivity t1303}}})/@0xcb9ff59 - animation-bounds#0

07-08 00:41:21.425  4948  5100 D GameManagerService: notePauseComponent(), pauseComponent: com.wallapop

07-08 00:41:21.432  4948  5100 D GameManagerService: noteResumeComponent(), resumeComponent: com.wallapop

07-08 00:41:21.433  4948 12772 D GameManagerService: onLooperPrepared(), msg: { when=0 what=10000 obj=ComponentInfo{com.wallapop/com.rewallapop.ui.wall.WallActivity} target=com.samsung.android.game.GameManagerService$FgCheckThread$1 }

07-08 00:41:21.433  4948 12772 D GameManagerService: notifyResumePause(). pkg: com.wallapop, type: 4, isMinimized: false, isTunableApp: false

07-08 00:41:21.487  4948 14527 D SamsungAlarmManager: Cancel Alarm calling from uid:10385 pid :26005 / op:PendingIntent{4bfa37f: PendingIntentRecord{fdca590 com.wallapop broadcastIntent}}

07-08 00:41:21.489  4948 14527 D SamsungAlarmManager: Cancel Alarm calling from uid:10385 pid :26005 / op:PendingIntent{ca37f4c: PendingIntentRecord{fdca590 com.wallapop broadcastIntent}}

07-08 00:41:21.518  4948  4948 D EdgeLightingManager: showForNotification : isInteractive=true, isHeadUp=false, color=0, sbn = StatusBarNotification(pkg=com.wallapop user=UserHandle{0} id=999 tag=null key=0|com.wallapop|999|null|10385: Notification(channel=wallapop_channel pri=-2 contentView=null vibrate=null sound=null defaults=0x0 flags=0x62 color=0x00000000 vis=PRIVATE semFlags=0x0 semPriority=0 semMissedCount=0))

07-08 00:41:21.519  4948  4948 D EdgeLightingPolicyManager: isAcceptableApplication:  pkg=com.wallapop , range=256 , includeAllApp=false , userId=0 , infoRange=0 , infoCategory=0

07-08 00:41:21.519  4948  4948 D EdgeLightingPolicyManager.NotificationGroup: group key = 0|com.wallapop|999|null|10385 ,value= summary : null , child : 1key = 0|com.wallapop|999|null|10385 , value =  NotificationData { tag= null } , }

07-08 00:41:21.520  4948  4948 D EdgeLightingPolicyManager: isAcceptableApplication:  pkg=com.wallapop , range=1 , includeAllApp=false , userId=0 , infoRange=0 , infoCategory=0

07-08 00:41:21.520  4948  4948 D NotificationService: 0|com.wallapop|999|null|10385: granting content://settings/system/notification_sound

07-08 00:41:21.526 13050 13050 D Launcher.NotificationListener: onNotificationPosted : StatusBarNotification(pkg=com.wallapop user=UserHandle{0} id=999 tag=null key=0|com.wallapop|999|null|10385: Notification(channel=wallapop_channel pri=-2 contentView=null vibrate=null sound=null defaults=0x0 flags=0x62 color=0x00000000 vis=PRIVATE semFlags=0x0 semPriority=0 semMissedCount=0)) number : 0 listener : null

07-08 00:41:21.526 13050 13050 D Launcher.NotificationListener: shouldBeFilteredOut : com.wallapop missingTitleAndText : false isGroupHeader : false

07-08 00:41:21.529 12945 12986 V NotificationManager_FLP: Notification for foreground service is posted, 0|com.wallapop|999|null|10385

07-08 00:41:21.529 26005 26159 W com.wallapop: Accessing hidden method Lsun/misc/Unsafe;->getObject(Ljava/lang/Object;J)Ljava/lang/Object; (greylist, linking, allowed)

07-08 00:41:21.534 26005 26159 W com.wallapop: Accessing hidden method Lsun/misc/Unsafe;->putObject(Ljava/lang/Object;JLjava/lang/Object;)V (greylist, linking, allowed)

07-08 00:41:21.534 26005 26063 W com.wallapop: Accessing hidden method Lsun/misc/Unsafe;->putObject(Ljava/lang/Object;JLjava/lang/Object;)V (greylist, linking, allowed)

07-08 00:41:21.538 26005 26122 W com.wallapop: Accessing hidden method Lsun/misc/Unsafe;->putObject(Ljava/lang/Object;JLjava/lang/Object;)V (greylist, linking, allowed)

07-08 00:41:21.543 26005 26122 W com.wallapop: Accessing hidden method Lsun/misc/Unsafe;->getInt(Ljava/lang/Object;J)I (greylist, linking, allowed)

07-08 00:41:21.543 26005 26122 W com.wallapop: Accessing hidden method Lsun/misc/Unsafe;->putObject(Ljava/lang/Object;JLjava/lang/Object;)V (greylist, linking, allowed)

07-08 00:41:21.543 26005 26122 W com.wallapop: Accessing hidden method Lsun/misc/Unsafe;->putInt(Ljava/lang/Object;JI)V (greylist, linking, allowed)

07-08 00:41:21.659 26005 26049 W com.wallapop: Accessing hidden method Lsun/misc/Unsafe;->putInt(Ljava/lang/Object;JI)V (greylist, linking, allowed)

07-08 00:41:21.659 26005 26049 W com.wallapop: Accessing hidden method Lsun/misc/Unsafe;->getLong(Ljava/lang/Object;J)J (greylist,core-platform-api, linking, allowed)

07-08 00:41:21.659 26005 26049 W com.wallapop: Accessing hidden method Lsun/misc/Unsafe;->putLong(Ljava/lang/Object;JJ)V (greylist, linking, allowed)

07-08 00:41:21.661 26005 26122 W com.wallapop: Accessing hidden method Lsun/misc/Unsafe;->putInt(Ljava/lang/Object;JI)V (greylist, linking, allowed)

07-08 00:41:21.668 26005 26122 W com.wallapop: Accessing hidden method Lsun/misc/Unsafe;->putInt(Ljava/lang/Object;JI)V (greylist, linking, allowed)

07-08 00:41:21.669 26005 26070 W com.wallapop: Accessing hidden method Lsun/misc/Unsafe;->putInt(Ljava/lang/Object;JI)V (greylist, linking, allowed)

07-08 00:41:21.683 26005 26046 W com.wallapop: Accessing hidden method Lsun/misc/Unsafe;->putInt(Ljava/lang/Object;JI)V (greylist, linking, allowed)

07-08 00:41:21.684 26005 26122 W com.wallapop: Accessing hidden method Lsun/misc/Unsafe;->putInt(Ljava/lang/Object;JI)V (greylist, linking, allowed)

07-08 00:41:21.521  4948  4948 D NotificationService: 0|com.wallapop|999|null|10385: granting content://settings/system/notification_sound

07-08 00:41:21.710  4948  5101 I WindowManager: Reparenting to original parent: Surface(name=Task=1303)/@0xefd1494, destroyLeash=true, surface=Surface(name=AppWindowToken{6841f6b token=Token{5c244ba ActivityRecord{d9d81e5 u0 com.wallapop/com.rewallapop.ui.main.MainActivity t1303}}})/@0xcb9ff59

07-08 00:41:21.722 26005 26070 W com.wallapop: Accessing hidden method Lsun/misc/Unsafe;->putObject(Ljava/lang/Object;JLjava/lang/Object;)V (greylist, linking, allowed)

07-08 00:41:21.722 26005 26070 W com.wallapop: Accessing hidden method Lsun/misc/Unsafe;->putLong(Ljava/lang/Object;JJ)V (greylist, linking, allowed)

07-08 00:41:21.727  4382  5787 I Layer   : id=1417 removeFromCurrentState Surface(name=AppWindowToken{6841f6b token=Token{5c244ba ActivityRecord{d9d81e5 u0 com.wallapop/com.rewallapop.ui.main.MainActivity t1303}}})/@0xcb9ff59 - animation-leash#0 (59)

07-08 00:41:21.727  4382  5787 I Layer   : id=1418 removeFromCurrentState Surface(name=AppWindowToken{6841f6b token=Token{5c244ba ActivityRecord{d9d81e5 u0 com.wallapop/com.rewallapop.ui.main.MainActivity t1303}}})/@0xcb9ff59 - animation-bounds#0 (59)

07-08 00:41:21.728  4382  4439 I SurfaceFlinger: id=1417 Removed Surface(name=AppWindowToken{6841f6b token=Token{5c244ba ActivityRecord{d9d81e5 u0 com.wallapop/com.rewallapop.ui.main.MainActivity t1303}}})/@0xcb9ff59 - animation-leash#0 (59)

07-08 00:41:21.728  4382  4439 I SurfaceFlinger: id=1418 Removed Surface(name=AppWindowToken{6841f6b token=Token{5c244ba ActivityRecord{d9d81e5 u0 com.wallapop/com.rewallapop.ui.main.MainActivity t1303}}})/@0xcb9ff59 - animation-bounds#0 (59)

07-08 00:41:21.744  4382  4382 I Layer   : id=1418[1] Destroyed Surface(name=AppWindowToken{6841f6b token=Token{5c244ba ActivityRecord{d9d81e5 u0 com.wallapop/com.rewallapop.ui.main.MainActivity t1303}}})/@0xcb9ff59 - animation-bounds#0

07-08 00:41:21.744  4382  4382 I Layer   : id=1417[1] Destroyed Surface(name=AppWindowToken{6841f6b token=Token{5c244ba ActivityRecord{d9d81e5 u0 com.wallapop/com.rewallapop.ui.main.MainActivity t1303}}})/@0xcb9ff59 - animation-leash#0

07-08 00:41:21.764 26005 26153 W com.wallapop: Accessing hidden method Lsun/misc/Unsafe;->putInt(Ljava/lang/Object;JI)V (greylist, linking, allowed)

07-08 00:41:21.764 26005 26153 W com.wallapop: Accessing hidden method Lsun/misc/Unsafe;->putLong(Ljava/lang/Object;JJ)V (greylist, linking, allowed)

07-08 00:41:21.765 26005 26122 W com.wallapop: Accessing hidden method Lsun/misc/Unsafe;->putInt(Ljava/lang/Object;JI)V (greylist, linking, allowed)

07-08 00:41:21.777 26005 26005 W com.wallapop: Accessing hidden method Lsun/misc/Unsafe;->putObject(Ljava/lang/Object;JLjava/lang/Object;)V (greylist, linking, allowed)

07-08 00:41:21.780 26005 26122 W com.wallapop: Accessing hidden method Lsun/misc/Unsafe;->getInt(Ljava/lang/Object;J)I (greylist, linking, allowed)

07-08 00:41:21.780 26005 26122 W com.wallapop: Accessing hidden method Lsun/misc/Unsafe;->putObject(Ljava/lang/Object;JLjava/lang/Object;)V (greylist, linking, allowed)

07-08 00:41:21.780 26005 26122 W com.wallapop: Accessing hidden method Lsun/misc/Unsafe;->putInt(Ljava/lang/Object;JI)V (greylist, linking, allowed)

07-08 00:41:21.781 26005 26005 W com.wallapop: Accessing hidden method Lsun/misc/Unsafe;->getObjectVolatile(Ljava/lang/Object;J)Ljava/lang/Object; (greylist, linking, allowed)

07-08 00:41:21.784 26005 26122 W com.wallapop: Accessing hidden method Lsun/misc/Unsafe;->getLong(Ljava/lang/Object;J)J (greylist,core-platform-api, linking, allowed)

07-08 00:41:21.784 26005 26122 W com.wallapop: Accessing hidden method Lsun/misc/Unsafe;->putInt(Ljava/lang/Object;JI)V (greylist, linking, allowed)

07-08 00:41:21.824  4382  5775 I SurfaceFlinger: id=1421 createSurf (0x0),-1 flag=80004, 46548b0 com.wallapop/com.rewallapop.ui.wall.WallActivity#0

07-08 00:41:21.829 26005 26005 W com.wallapop: Accessing hidden method Lsun/misc/Unsafe;->getObjectVolatile(Ljava/lang/Object;J)Ljava/lang/Object; (greylist, linking, allowed)

07-08 00:41:21.843 26005 26005 W com.wallapop: Accessing hidden method Lsun/misc/Unsafe;->getObjectVolatile(Ljava/lang/Object;J)Ljava/lang/Object; (greylist, linking, allowed)

07-08 00:41:21.848 13273 13295 I Finsky  : [286] bmc.a(53): com.wallapop: Account from first account - [rJj4Md76H4LxoN-B4dnoZM7XaXDDBcXGlC-caOCi6Uc]

07-08 00:41:21.849 13273 13295 I Finsky  : [286] bmc.a(53): com.wallapop: Account from first account - [rJj4Md76H4LxoN-B4dnoZM7XaXDDBcXGlC-caOCi6Uc]

07-08 00:41:21.852 26005 26005 W com.wallapop: Accessing hidden method Lsun/misc/Unsafe;->getObjectVolatile(Ljava/lang/Object;J)Ljava/lang/Object; (greylist, linking, allowed)

07-08 00:41:21.852 26005 26005 W com.wallapop: Accessing hidden method Lsun/misc/Unsafe;->putOrderedLong(Ljava/lang/Object;JJ)V (greylist, linking, allowed)

07-08 00:41:21.868 26005 26005 W com.wallapop: Accessing hidden method Lsun/misc/Unsafe;->getObjectVolatile(Ljava/lang/Object;J)Ljava/lang/Object; (greylist, linking, allowed)

07-08 00:41:21.873 26005 26184 I com.wallapop: The ClassLoaderContext is a special shared library.

07-08 00:41:21.879 26005 26184 I com.wallapop: The ClassLoaderContext is a special shared library.

07-08 00:41:21.908 26005 26219 W com.wallapop: Accessing hidden method Lsun/misc/Unsafe;->getObject(Ljava/lang/Object;J)Ljava/lang/Object; (greylist, linking, allowed)

07-08 00:41:21.909 26005 26219 W com.wallapop: Accessing hidden method Lsun/misc/Unsafe;->putObject(Ljava/lang/Object;JLjava/lang/Object;)V (greylist, linking, allowed)

07-08 00:41:21.911 26005 26122 W com.wallapop: Accessing hidden method Lsun/misc/Unsafe;->getInt(Ljava/lang/Object;J)I (greylist, linking, allowed)

07-08 00:41:21.911 26005 26122 W com.wallapop: Accessing hidden method Lsun/misc/Unsafe;->putInt(Ljava/lang/Object;JI)V (greylist, linking, allowed)

07-08 00:41:21.920  4948 13506 V WindowManager: Relayout Window{46548b0 u0 com.wallapop/com.rewallapop.ui.wall.WallActivity}: viewVisibility=0 req=1080x2220

07-08 00:41:21.922  4382  5787 I SurfaceFlinger: id=1422 createSurf (1080x2220),1 flag=404, com.wallapop/com.rewallapop.ui.wall.WallActivity$_26005#0

07-08 00:41:21.923  4948 13506 D WindowManager: makeSurface duration=2 name=com.wallapop/com.rewallapop.ui.wall.WallActivity$_26005

07-08 00:41:21.924  4948 13506 V WindowManager: Changing focus from null to Window{46548b0 u0 com.wallapop/com.rewallapop.ui.wall.WallActivity} displayId=0 Callers=com.android.server.wm.RootWindowContainer.updateFocusedWindowLocked:202 com.android.server.wm.WindowManagerService.updateFocusedWindowLocked:6282 com.android.server.wm.WindowManagerService.relayoutWindow:2574 com.android.server.wm.Session.relayout:202 android.view.IWindowSession$Stub.onTransact:708 com.android.server.wm.Session.onTransact:142

07-08 00:41:21.924  4948  5098 D WindowManager: setSystemUiVisibility: displayId=0, vis=0xa518, fullVis=0x2000, dockVis=0x0, win=Window{46548b0 u0 com.wallapop/com.rewallapop.ui.wall.WallActivity}

07-08 00:41:21.925  4948  5100 I WindowManager: Focus moving from null to Window{46548b0 u0 com.wallapop/com.rewallapop.ui.wall.WallActivity} displayId=0

07-08 00:41:21.926  4948  5100 D WindowManager: w is invisible : 46548b0 com.wallapop/com.rewallapop.ui.wall.WallActivity

07-08 00:41:21.926  4948  5100 D WindowManager: w is invisible : 21ead28 Splash Screen com.wallapop

07-08 00:41:21.926  4948  5100 D WindowManager: windowMattersToAccessibility, check : 21ead28 Splash Screen com.wallapop

07-08 00:41:21.926  4948  5100 D WindowManager: windowMattersToAccessibility : 21ead28 Splash Screen com.wallapop

07-08 00:41:21.926  4948  5100 D WindowManager: windowMattersToAccessibility, check : 46548b0 com.wallapop/com.rewallapop.ui.wall.WallActivity

07-08 00:41:21.926  4948  5100 I WindowManager: Gaining focus: Window{46548b0 u0 com.wallapop/com.rewallapop.ui.wall.WallActivity}

07-08 00:41:21.938 26005 26184 W com.wallapop: Accessing hidden method Lsun/misc/Unsafe;->getUnsafe()Lsun/misc/Unsafe; (greylist,core-platform-api, linking, allowed)

07-08 00:41:21.938 26005 26184 W com.wallapop: Accessing hidden method Lsun/misc/Unsafe;->putObject(Ljava/lang/Object;JLjava/lang/Object;)V (greylist, linking, allowed)

07-08 00:41:21.938 26005 26184 W com.wallapop: Accessing hidden method Lsun/misc/Unsafe;->compareAndSwapObject(Ljava/lang/Object;JLjava/lang/Object;Ljava/lang/Object;)Z (greylist, linking, allowed)

07-08 00:41:21.958 26005 26153 W com.wallapop: Accessing hidden method Lsun/misc/Unsafe;->putObject(Ljava/lang/Object;JLjava/lang/Object;)V (greylist, linking, allowed)

07-08 00:41:21.959 26005 26153 W com.wallapop: Accessing hidden method Lsun/misc/Unsafe;->putInt(Ljava/lang/Object;JI)V (greylist, linking, allowed)

07-08 00:41:21.959 26005 26153 W com.wallapop: Accessing hidden method Lsun/misc/Unsafe;->putLong(Ljava/lang/Object;JJ)V (greylist, linking, allowed)

07-08 00:41:21.961 26005 26122 W com.wallapop: Accessing hidden method Lsun/misc/Unsafe;->putInt(Ljava/lang/Object;JI)V (greylist, linking, allowed)

07-08 00:41:21.964  4948 14527 D WindowManager: w is invisible : 46548b0 com.wallapop/com.rewallapop.ui.wall.WallActivity

07-08 00:41:21.964  4948 14527 D WindowManager: w is invisible : 21ead28 Splash Screen com.wallapop

07-08 00:41:21.964  4948 14527 D WindowManager: windowMattersToAccessibility, check : 21ead28 Splash Screen com.wallapop

07-08 00:41:21.964  4948 14527 D WindowManager: windowMattersToAccessibility : 21ead28 Splash Screen com.wallapop

07-08 00:41:21.964  4948 14527 D WindowManager: windowMattersToAccessibility, check : 46548b0 com.wallapop/com.rewallapop.ui.wall.WallActivity

07-08 00:41:21.980 26005 26184 W com.wallapop: Accessing hidden method Lsun/misc/Unsafe;->compareAndSwapObject(Ljava/lang/Object;JLjava/lang/Object;Ljava/lang/Object;)Z (greylist, linking, allowed)

07-08 00:41:21.981 26005 26241 W com.wallapop: Accessing hidden method Lsun/misc/Unsafe;->compareAndSwapObject(Ljava/lang/Object;JLjava/lang/Object;Ljava/lang/Object;)Z (greylist, linking, allowed)

07-08 00:41:21.981 26005 26184 W com.wallapop: Accessing hidden method Lsun/misc/Unsafe;->compareAndSwapObject(Ljava/lang/Object;JLjava/lang/Object;Ljava/lang/Object;)Z (greylist, linking, allowed)

07-08 00:41:21.984 26005 26241 W com.wallapop: Accessing hidden method Lsun/misc/Unsafe;->compareAndSwapObject(Ljava/lang/Object;JLjava/lang/Object;Ljava/lang/Object;)Z (greylist, linking, allowed)

07-08 00:41:21.992 26005 26049 W com.wallapop: Accessing hidden method Lsun/misc/Unsafe;->putInt(Ljava/lang/Object;JI)V (greylist, linking, allowed)

07-08 00:41:21.992 26005 26122 W com.wallapop: Accessing hidden method Lsun/misc/Unsafe;->putInt(Ljava/lang/Object;JI)V (greylist, linking, allowed)

07-08 00:41:21.993 26005 26049 W com.wallapop: Accessing hidden method Lsun/misc/Unsafe;->getInt(Ljava/lang/Object;J)I (greylist, linking, allowed)

07-08 00:41:21.995  4948 14527 D WindowManager: finishDrawingWindow: Window{46548b0 u0 com.wallapop/com.rewallapop.ui.wall.WallActivity} mDrawState=DRAW_PENDING

07-08 00:41:21.998  4948  5101 D PkgPredictorService: pkg:com.wallapop activity:com.rewallapop.ui.wall.WallActivity thisTime:1745

07-08 00:41:22.002  4948  5101 I WindowManager: Reparenting to leash, surface=Surface(name=21ead28 Splash Screen com.wallapop)/@0x31b8028

07-08 00:41:22.002  4382  5787 I SurfaceFlinger: id=1423 createSurf (0x0),-1 flag=80004, Surface(name=21ead28 Splash Screen com.wallapop)/@0x31b8028 - animation-leash#0

07-08 00:41:22.003  4948  5101 D WindowManager: makeSurface duration=1 leash=Surface(name=Surface(name=21ead28 Splash Screen com.wallapop)/@0x31b8028 - animation-leash)/@0xe8bb6e6

07-08 00:41:22.009 26005 26122 W com.wallapop: Accessing hidden method Lsun/misc/Unsafe;->putInt(Ljava/lang/Object;JI)V (greylist, linking, allowed)

07-08 00:41:22.010  4948  5105 I ActivityTaskManager: Displayed com.wallapop/com.rewallapop.ui.wall.WallActivity: +1s745ms

07-08 00:41:22.010 26005 26170 W com.wallapop: Accessing hidden method Lsun/misc/Unsafe;->putInt(Ljava/lang/Object;JI)V (greylist, linking, allowed)

07-08 00:41:22.016  4382  4382 I SurfaceFlinger:      DEVICE | 0x7afdfc8700 | 0002 | RGBA_8888 |   0.0    0.0 1080.0 2220.0 |    0    0 1080 2220 | com.wallapop/com.rewallapop.ui.wall.WallActivity$_26005#0

07-08 00:41:22.016  4382  4382 I SurfaceFlinger:      DEVICE | 0x7b1b8ad940 | 0000 | RGBA_8888 |   0.0    0.0 1080.0 2220.0 |    0    0 1080 2220 | Splash Screen com.wallapop#0

07-08 00:41:22.017 26005 26122 W com.wallapop: Accessing hidden method Lsun/misc/Unsafe;->putInt(Ljava/lang/Object;JI)V (greylist, linking, allowed)

07-08 00:41:22.029 13273 13893 I Finsky  : [351] bmc.a(53): com.wallapop: Account from first account - [rJj4Md76H4LxoN-B4dnoZM7XaXDDBcXGlC-caOCi6Uc]

07-08 00:41:22.037 13273 13893 I Finsky  : [351] bmc.a(53): com.wallapop: Account from first account - [rJj4Md76H4LxoN-B4dnoZM7XaXDDBcXGlC-caOCi6Uc]

07-08 00:41:22.043 13273 13893 I Finsky  : [351] bmc.a(53): com.wallapop: Account from first account - [rJj4Md76H4LxoN-B4dnoZM7XaXDDBcXGlC-caOCi6Uc]

07-08 00:41:22.061  4948  5101 I WindowManager: Reparenting to original parent: Surface(name=AppWindowToken{d6c92c0 token=Token{fc3cc43 ActivityRecord{7a3bdf2 u0 com.wallapop/com.rewallapop.ui.wall.WallActivity t1303}}})/@0x9234db8, destroyLeash=true, surface=Surface(name=21ead28 Splash Screen com.wallapop)/@0x31b8028

07-08 00:41:22.061  4948  5101 E WindowManager: win=Window{21ead28 u0 Splash Screen com.wallapop EXITING} destroySurfaces: appStopped=false win.mWindowRemovalAllowed=true win.mRemoveOnExit=true win.mViewVisibility=0 caller=com.android.server.wm.AppWindowToken.destroySurfaces:1234 com.android.server.wm.AppWindowToken.destroySurfaces:1215 com.android.server.wm.WindowState.onExitAnimationDone:5100 com.android.server.wm.WindowStateAnimator.onAnimationFinished:308 com.android.server.wm.WindowState.onAnimationFinished:5541 com.android.server.wm.-$$Lambda$yVRF8YoeNdTa8GR1wDStVsHu8xM.run:2 com.android.server.wm.SurfaceAnimator.lambda$getFinishedCallback$0$SurfaceAnimator:100

07-08 00:41:22.061  4948  5101 I WindowManager: Destroying surface Surface(name=Splash Screen com.wallapop)/@0xa065791 called by com.android.server.wm.WindowStateAnimator.destroySurface:1790 com.android.server.wm.WindowStateAnimator.destroySurfaceLocked:720 com.android.server.wm.WindowState.destroySurfaceUnchecked:3540 com.android.server.wm.WindowState.destroySurface:3514 com.android.server.wm.AppWindowToken.destroySurfaces:1234 com.android.server.wm.AppWindowToken.destroySurfaces:1215 com.android.server.wm.WindowState.onExitAnimationDone:5100 com.android.server.wm.WindowStateAnimator.onAnimationFinished:308

07-08 00:41:22.051 13273 13893 I Finsky  : [351] bmc.a(53): com.wallapop: Account from first account - [rJj4Md76H4LxoN-B4dnoZM7XaXDDBcXGlC-caOCi6Uc]

07-08 00:41:22.062  4382  5775 I Layer   : id=1411 removeFromCurrentState Splash Screen com.wallapop#0 (59)

07-08 00:41:22.064  4382  5775 I Layer   : id=1410 removeFromCurrentState 21ead28 Splash Screen com.wallapop#0 (59)

07-08 00:41:22.064  4382  5775 I Layer   : id=1423 removeFromCurrentState Surface(name=21ead28 Splash Screen com.wallapop)/@0x31b8028 - animation-leash#0 (59)

07-08 00:41:22.065  4382  4439 I SurfaceFlinger: id=1411 Removed Splash Screen com.wallapop#0 (59)

07-08 00:41:22.065  4382  5775 I SurfaceFlinger: id=1410 Removed 21ead28 Splash Screen com.wallapop#0 (59)

07-08 00:41:22.065  4382  5775 I SurfaceFlinger: id=1423 Removed Surface(name=21ead28 Splash Screen com.wallapop)/@0x31b8028 - animation-leash#0 (59)

07-08 00:41:22.069 26005 26174 W com.wallapop: Accessing hidden method Lsun/misc/Unsafe;->getObject(Ljava/lang/Object;J)Ljava/lang/Object; (greylist, linking, allowed)

