Executed '[C739] Help: Legal agreements' on 28-07-2019
---------------------------------------------------------------------------------
07-28 21:55:12.929  9915  9915 I Timeline: Timeline: Activity_launch_request id:com.wallapop time:191503325

07-28 21:55:12.949   804  1721 V WindowManager: addAppToken: AppWindowToken{2a2223e token=Token{eac12f9 ActivityRecord{fb6b5c0 u0 com.wallapop/.activities.WebViewActivity t1465}}} to stack=1 task=1465 at 2

07-28 21:55:12.979   804   890 V MARsPolicyManager: updatePackagesScore PackageInfo name -- com.wallapop

07-28 21:55:12.979  9915  9915 W ResourcesManager: getTopLevelResources: /data/app/com.wallapop-1/base.apk / 1.0 running in com.wallapop rsrc of package null

07-28 21:55:12.979  9915  9915 W ResourcesManager: getTopLevelResources: /data/app/com.wallapop-1/base.apk / 1.0 running in com.wallapop rsrc of package null

07-28 21:55:12.979  9915  9915 W ResourcesManager: getTopLevelResources: /data/app/com.wallapop-1/base.apk / 1.0 running in com.wallapop rsrc of package null

07-28 21:55:13.019   804  1720 V AlarmManager:  remove PendingIntent] PendingIntent{f6ba89f: PendingIntentRecord{ec9f899 com.wallapop broadcastIntent}}

07-28 21:55:13.059   804  2436 D ISSUE_DEBUG: InputChannelName : 39a244a com.wallapop/com.wallapop.activities.WebViewActivity

07-28 21:55:13.099   804   891 D StatusBarManagerService: manageDisableList userId=0 what=0x0 pkg=Window{39a244a u0 d0 com.wallapop/com.wallapop.activities.WebViewActivity}

07-28 21:55:13.149   804  1920 V WindowStateAnimator: Finishing drawing window Window{39a244a u0 d0 com.wallapop/com.wallapop.activities.WebViewActivity}: mDrawState=DRAW_PENDING

07-28 21:55:13.169   804   932 I ActivityManager: Displayed com.wallapop/.activities.WebViewActivity: +210ms

07-28 21:55:13.179   804  1721 V WindowStateAnimator: Finishing drawing window Window{39a244a u0 d0 com.wallapop/com.wallapop.activities.WebViewActivity}: mDrawState=HAS_DRAWN

07-28 21:55:13.419   804   932 I Timeline: Timeline: Activity_windows_visible id: ActivityRecord{fb6b5c0 u0 com.wallapop/.activities.WebViewActivity t1465} time:191503816

07-28 21:55:13.439  9915  9915 V ActivityThread: updateVisibility : ActivityRecord{36e5406 token=android.os.BinderProxy@14766b4 {com.wallapop/com.wallapop.activities.PreferencesActivity}} show : false

07-28 21:55:15.179   804  1920 V BroadcastQueue: [background] Process cur broadcast BroadcastRecord{e48a625 u0 com.appboy.action.receiver.DATA_SYNC qIdx=4}, state= (APP_RECEIVE) DELIVERED for app ProcessRecord{ed5eb6e 9915:com.wallapop/u0a291}

07-28 21:55:15.629  9915  9923 W REALM_JAVA: Remember to call close() on all Realm instances. Realm /data/data/com.wallapop/files/feature_flags is being finalized without being closed, this can lead to running out of native memory.

07-28 21:55:17.169   804   890 V MARsPolicyManager: updatePackagesScore PackageInfo name -- com.wallapop

07-28 21:55:17.179   804  1720 V AlarmManager:  remove PendingIntent] PendingIntent{da86295: PendingIntentRecord{ec9f899 com.wallapop broadcastIntent}}

07-28 21:55:17.209   804   891 D StatusBarManagerService: manageDisableList userId=0 what=0x0 pkg=Window{c67b589 u0 d0 com.wallapop/com.wallapop.activities.PreferencesActivity}

07-28 21:55:17.239   804  1737 V WindowStateAnimator: Finishing drawing window Window{c67b589 u0 d0 com.wallapop/com.wallapop.activities.PreferencesActivity}: mDrawState=DRAW_PENDING

07-28 21:55:17.259   804   932 I ActivityManager: Displayed com.wallapop/.activities.PreferencesActivity: +101ms

07-28 21:55:17.509   804   932 I Timeline: Timeline: Activity_windows_visible id: ActivityRecord{f67a9b6 u0 com.wallapop/.activities.PreferencesActivity t1465} time:191507906

07-28 21:55:18.909  9915  9915 I Timeline: Timeline: Activity_launch_request id:com.wallapop time:191509306

07-28 21:55:18.919   804   832 V WindowManager: addAppToken: AppWindowToken{ee7ee68 token=Token{efa2d8b ActivityRecord{6d375a u0 com.wallapop/.activities.WebViewActivity t1465}}} to stack=1 task=1465 at 2

07-28 21:55:18.959   804   890 V MARsPolicyManager: updatePackagesScore PackageInfo name -- com.wallapop

07-28 21:55:18.959  9915  9915 W ResourcesManager: getTopLevelResources: /data/app/com.wallapop-1/base.apk / 1.0 running in com.wallapop rsrc of package null

07-28 21:55:18.959  9915  9915 W ResourcesManager: getTopLevelResources: /data/app/com.wallapop-1/base.apk / 1.0 running in com.wallapop rsrc of package null

07-28 21:55:18.989   804   832 V AlarmManager:  remove PendingIntent] PendingIntent{fd46281: PendingIntentRecord{ec9f899 com.wallapop broadcastIntent}}

07-28 21:55:19.019   804  1920 D ISSUE_DEBUG: InputChannelName : d1b57b2 com.wallapop/com.wallapop.activities.WebViewActivity

07-28 21:55:19.059   804   891 D StatusBarManagerService: manageDisableList userId=0 what=0x0 pkg=Window{d1b57b2 u0 d0 com.wallapop/com.wallapop.activities.WebViewActivity}

07-28 21:55:19.129   804  2437 V WindowStateAnimator: Finishing drawing window Window{d1b57b2 u0 d0 com.wallapop/com.wallapop.activities.WebViewActivity}: mDrawState=DRAW_PENDING

07-28 21:55:19.149   804   932 I ActivityManager: Displayed com.wallapop/.activities.WebViewActivity: +206ms

07-28 21:55:19.159   804  1737 V WindowStateAnimator: Finishing drawing window Window{d1b57b2 u0 d0 com.wallapop/com.wallapop.activities.WebViewActivity}: mDrawState=HAS_DRAWN

07-28 21:55:19.399   804   932 I Timeline: Timeline: Activity_windows_visible id: ActivityRecord{6d375a u0 com.wallapop/.activities.WebViewActivity t1465} time:191509790

07-28 21:55:19.419  9915  9915 V ActivityThread: updateVisibility : ActivityRecord{36e5406 token=android.os.BinderProxy@14766b4 {com.wallapop/com.wallapop.activities.PreferencesActivity}} show : false

07-28 21:55:21.389   804   890 V MARsPolicyManager: updatePackagesScore PackageInfo name -- com.wallapop

07-28 21:55:21.409   804  1920 V AlarmManager:  remove PendingIntent] PendingIntent{4113561: PendingIntentRecord{ec9f899 com.wallapop broadcastIntent}}

07-28 21:55:21.449   804   891 D StatusBarManagerService: manageDisableList userId=0 what=0x0 pkg=Window{c67b589 u0 d0 com.wallapop/com.wallapop.activities.PreferencesActivity}

07-28 21:55:21.509   804  2437 V WindowStateAnimator: Finishing drawing window Window{c67b589 u0 d0 com.wallapop/com.wallapop.activities.PreferencesActivity}: mDrawState=DRAW_PENDING

07-28 21:55:21.519   804   932 I ActivityManager: Displayed com.wallapop/.activities.PreferencesActivity: +137ms

07-28 21:55:21.769   804   932 I Timeline: Timeline: Activity_windows_visible id: ActivityRecord{f67a9b6 u0 com.wallapop/.activities.PreferencesActivity t1465} time:191512164

07-28 21:55:23.099  9915  9915 I Timeline: Timeline: Activity_launch_request id:com.wallapop time:191513495

07-28 21:55:23.109   804  1502 V WindowManager: addAppToken: AppWindowToken{98138d1 token=Token{8a3ebf8 ActivityRecord{4f8675b u0 com.wallapop/.activities.WebViewActivity t1465}}} to stack=1 task=1465 at 2

07-28 21:55:23.129   804   890 V MARsPolicyManager: updatePackagesScore PackageInfo name -- com.wallapop

07-28 21:55:23.139  9915  9915 W ResourcesManager: getTopLevelResources: /data/app/com.wallapop-1/base.apk / 1.0 running in com.wallapop rsrc of package null

07-28 21:55:23.139  9915  9915 W ResourcesManager: getTopLevelResources: /data/app/com.wallapop-1/base.apk / 1.0 running in com.wallapop rsrc of package null

07-28 21:55:23.159   804  1720 V AlarmManager:  remove PendingIntent] PendingIntent{dfb0f36: PendingIntentRecord{ec9f899 com.wallapop broadcastIntent}}

07-28 21:55:23.199   804  1724 D ISSUE_DEBUG: InputChannelName : 1ba66d3 com.wallapop/com.wallapop.activities.WebViewActivity

07-28 21:55:23.229   804   891 D StatusBarManagerService: manageDisableList userId=0 what=0x0 pkg=Window{1ba66d3 u0 d0 com.wallapop/com.wallapop.activities.WebViewActivity}

07-28 21:55:23.299   804  1502 V WindowStateAnimator: Finishing drawing window Window{1ba66d3 u0 d0 com.wallapop/com.wallapop.activities.WebViewActivity}: mDrawState=DRAW_PENDING

07-28 21:55:23.309   804   932 I ActivityManager: Displayed com.wallapop/.activities.WebViewActivity: +193ms

07-28 21:55:23.329   804  1324 V WindowStateAnimator: Finishing drawing window Window{1ba66d3 u0 d0 com.wallapop/com.wallapop.activities.WebViewActivity}: mDrawState=HAS_DRAWN

07-28 21:55:23.569   804   932 I Timeline: Timeline: Activity_windows_visible id: ActivityRecord{4f8675b u0 com.wallapop/.activities.WebViewActivity t1465} time:191513964

07-28 21:55:23.589  9915  9915 V ActivityThread: updateVisibility : ActivityRecord{36e5406 token=android.os.BinderProxy@14766b4 {com.wallapop/com.wallapop.activities.PreferencesActivity}} show : false

07-28 21:55:26.589   804   890 V MARsPolicyManager: updatePackagesScore PackageInfo name -- com.wallapop

07-28 21:55:26.629   804  1737 V AlarmManager:  remove PendingIntent] PendingIntent{9490672: PendingIntentRecord{ec9f899 com.wallapop broadcastIntent}}

07-28 21:55:26.639   804   891 D StatusBarManagerService: manageDisableList userId=0 what=0x0 pkg=Window{c67b589 u0 d0 com.wallapop/com.wallapop.activities.PreferencesActivity}

07-28 21:55:26.699   804  1502 V WindowStateAnimator: Finishing drawing window Window{c67b589 u0 d0 com.wallapop/com.wallapop.activities.PreferencesActivity}: mDrawState=DRAW_PENDING

07-28 21:55:26.709   804   932 I ActivityManager: Displayed com.wallapop/.activities.PreferencesActivity: +130ms

07-28 21:55:26.949   804   932 I Timeline: Timeline: Activity_windows_visible id: ActivityRecord{f67a9b6 u0 com.wallapop/.activities.PreferencesActivity t1465} time:191517348

07-28 21:55:27.879  9915  9915 I Timeline: Timeline: Activity_launch_request id:com.wallapop time:191518276

07-28 21:55:27.899   804  2436 V WindowManager: addAppToken: AppWindowToken{2ebf004 token=Token{3c50417 ActivityRecord{a926096 u0 com.wallapop/.activities.WebViewActivity t1465}}} to stack=1 task=1465 at 2

07-28 21:55:27.919  9915  9915 W ResourcesManager: getTopLevelResources: /data/app/com.wallapop-1/base.apk / 1.0 running in com.wallapop rsrc of package null

07-28 21:55:27.919   804   890 V MARsPolicyManager: updatePackagesScore PackageInfo name -- com.wallapop

07-28 21:55:27.919  9915  9915 W ResourcesManager: getTopLevelResources: /data/app/com.wallapop-1/base.apk / 1.0 running in com.wallapop rsrc of package null

07-28 21:55:27.949   804  2436 V AlarmManager:  remove PendingIntent] PendingIntent{8ae99ed: PendingIntentRecord{ec9f899 com.wallapop broadcastIntent}}

07-28 21:55:27.979   804  2439 D ISSUE_DEBUG: InputChannelName : 79cec6e com.wallapop/com.wallapop.activities.WebViewActivity

07-28 21:55:28.009   804   891 D StatusBarManagerService: manageDisableList userId=0 what=0x0 pkg=Window{79cec6e u0 d0 com.wallapop/com.wallapop.activities.WebViewActivity}

07-28 21:55:28.069   804  2436 V WindowStateAnimator: Finishing drawing window Window{79cec6e u0 d0 com.wallapop/com.wallapop.activities.WebViewActivity}: mDrawState=DRAW_PENDING

07-28 21:55:28.089   804   932 I ActivityManager: Displayed com.wallapop/.activities.WebViewActivity: +174ms

07-28 21:55:28.089   804  2439 V WindowStateAnimator: Finishing drawing window Window{79cec6e u0 d0 com.wallapop/com.wallapop.activities.WebViewActivity}: mDrawState=HAS_DRAWN

07-28 21:55:28.329   804   932 I Timeline: Timeline: Activity_windows_visible id: ActivityRecord{a926096 u0 com.wallapop/.activities.WebViewActivity t1465} time:191518728

07-28 21:55:28.359  9915  9915 V ActivityThread: updateVisibility : ActivityRecord{36e5406 token=android.os.BinderProxy@14766b4 {com.wallapop/com.wallapop.activities.PreferencesActivity}} show : false

07-28 21:55:32.379   804   890 V MARsPolicyManager: updatePackagesScore PackageInfo name -- com.wallapop

07-28 21:55:32.429   804  1720 V AlarmManager:  remove PendingIntent] PendingIntent{ee6c3cc: PendingIntentRecord{ec9f899 com.wallapop broadcastIntent}}

07-28 21:55:32.459   804   891 D StatusBarManagerService: manageDisableList userId=0 what=0x0 pkg=Window{c67b589 u0 d0 com.wallapop/com.wallapop.activities.PreferencesActivity}

07-28 21:55:32.559   804  1721 V WindowStateAnimator: Finishing drawing window Window{c67b589 u0 d0 com.wallapop/com.wallapop.activities.PreferencesActivity}: mDrawState=DRAW_PENDING

07-28 21:55:32.569   804   932 I ActivityManager: Displayed com.wallapop/.activities.PreferencesActivity: +192ms

07-28 21:55:32.829   804   932 I Timeline: Timeline: Activity_windows_visible id: ActivityRecord{f67a9b6 u0 com.wallapop/.activities.PreferencesActivity t1465} time:191523221


