Executed '[C703] Profile items: Sell an item to a buyer and do the review' on 09-07-2019
---------------------------------------------------------------------------------
07-09 15:23:34.873   874  1027 V MARsPolicyManager: updatePackagesScore PackageInfo name -- com.wallapop

07-09 15:23:34.903   874  1714 V AlarmManager:  remove PendingIntent] PendingIntent{aed9da9: PendingIntentRecord{99ab24d com.wallapop broadcastIntent}}

07-09 15:23:34.933   874  1028 D StatusBarManagerService: manageDisableList userId=0 what=0x0 pkg=Window{a0f9dbd u0 d0 com.wallapop/com.wallapop.activities.PreferencesActivity}

07-09 15:23:34.993   874  1913 V WindowStateAnimator: Finishing drawing window Window{a0f9dbd u0 d0 com.wallapop/com.wallapop.activities.PreferencesActivity}: mDrawState=DRAW_PENDING

07-09 15:23:35.013   874  1132 I ActivityManager: Displayed com.wallapop/.activities.PreferencesActivity: +147ms (total +39s958ms)

07-09 15:23:35.253   874  1132 I Timeline: Timeline: Activity_windows_visible id: ActivityRecord{891474d u0 com.wallapop/.activities.PreferencesActivity t984} time:127820502

07-09 15:23:36.063   874  1027 V MARsPolicyManager: updatePackagesScore PackageInfo name -- com.wallapop

07-09 15:23:36.113   874  2732 V AlarmManager:  remove PendingIntent] PendingIntent{612a5bf: PendingIntentRecord{99ab24d com.wallapop broadcastIntent}}

07-09 15:23:36.173   874  1028 D StatusBarManagerService: manageDisableList userId=0 what=0x0 pkg=Window{b26056 u0 d0 com.wallapop/com.rewallapop.ui.wall.WallActivity}

07-09 15:23:36.403   874  1661 V WindowStateAnimator: Finishing drawing window Window{b26056 u0 d0 com.wallapop/com.rewallapop.ui.wall.WallActivity}: mDrawState=DRAW_PENDING

07-09 15:23:36.413   874  1132 I ActivityManager: Displayed com.wallapop/com.rewallapop.ui.wall.WallActivity: +358ms

07-09 15:23:36.663   874  1132 I Timeline: Timeline: Activity_windows_visible id: ActivityRecord{f718855 u0 com.wallapop/com.rewallapop.ui.wall.WallActivity t984} time:127821912

07-09 15:23:36.763 14321 14321 W View    : requestLayout() improperly called by com.wallapop.design.view.WallapopTextView{877244f V.ED..... ......ID 54,30-634,92 #7f0a08d3 app:id/wp__home__tv_bubble} during layout: running second layout pass

07-09 15:23:42.293 14321 14321 I Timeline: Timeline: Activity_launch_request id:com.wallapop time:127827541

07-09 15:23:42.303   874  3012 V WindowManager: addAppToken: AppWindowToken{50867d8 token=Token{b33e6bb ActivityRecord{3e2574a u0 com.wallapop/com.rewallapop.ui.user.profile.MyProfileActivity t984}}} to stack=1 task=984 at 1

07-09 15:23:42.353   874  1027 V MARsPolicyManager: updatePackagesScore PackageInfo name -- com.wallapop

07-09 15:23:42.383 14321 14321 W ResourcesManager: getTopLevelResources: /data/app/com.wallapop-1/base.apk / 1.0 running in com.wallapop rsrc of package null

07-09 15:23:42.383 14321 14321 W ResourcesManager: getTopLevelResources: /data/app/com.wallapop-1/base.apk / 1.0 running in com.wallapop rsrc of package null

07-09 15:23:42.403   874  1723 V AlarmManager:  remove PendingIntent] PendingIntent{d483731: PendingIntentRecord{99ab24d com.wallapop broadcastIntent}}

07-09 15:23:42.423   874  1220 D ISSUE_DEBUG: InputChannelName : 6b03397 com.wallapop/com.rewallapop.ui.user.profile.MyProfileActivity

07-09 15:23:42.443   874  1028 D StatusBarManagerService: manageDisableList userId=0 what=0x0 pkg=Window{6b03397 u0 d0 com.wallapop/com.rewallapop.ui.user.profile.MyProfileActivity}

07-09 15:23:42.473   874  1714 V WindowStateAnimator: Finishing drawing window Window{6b03397 u0 d0 com.wallapop/com.rewallapop.ui.user.profile.MyProfileActivity}: mDrawState=DRAW_PENDING

07-09 15:23:42.483   874  1132 I ActivityManager: Displayed com.wallapop/com.rewallapop.ui.user.profile.MyProfileActivity: +130ms

07-09 15:23:42.483 14321 14321 I Timeline: Timeline: Activity_launch_request id:com.wallapop time:127827733

07-09 15:23:42.493   874  1721 V WindowManager: addAppToken: AppWindowToken{32059f0 token=Token{93a7233 ActivityRecord{83685a2 u0 com.wallapop/com.rewallapop.ui.user.profile.ProfileActivity t984}}} to stack=1 task=984 at 2

07-09 15:23:42.493   874  1028 D StatusBarManagerService: manageDisableList userId=0 what=0x0 pkg=Window{b26056 u0 d0 com.wallapop/com.rewallapop.ui.wall.WallActivity}

07-09 15:23:42.503   874  1913 V WindowStateAnimator: Finishing drawing window Window{6b03397 u0 d0 com.wallapop/com.rewallapop.ui.user.profile.MyProfileActivity}: mDrawState=HAS_DRAWN

07-09 15:23:42.543 14321 14321 W ResourcesManager: getTopLevelResources: /data/app/com.wallapop-1/base.apk / 1.0 running in com.wallapop rsrc of package null

07-09 15:23:42.543   874  1027 V MARsPolicyManager: updatePackagesScore PackageInfo name -- com.wallapop

07-09 15:23:42.543 14321 14321 W ResourcesManager: getTopLevelResources: /data/app/com.wallapop-1/base.apk / 1.0 running in com.wallapop rsrc of package null

07-09 15:23:42.613   874  1714 V AlarmManager:  remove PendingIntent] PendingIntent{56726fa: PendingIntentRecord{99ab24d com.wallapop broadcastIntent}}

07-09 15:23:42.643   874  2732 D ISSUE_DEBUG: InputChannelName : 1a44ea1 com.wallapop/com.rewallapop.ui.user.profile.ProfileActivity

07-09 15:23:42.713   874  1028 D StatusBarManagerService: manageDisableList userId=0 what=0x0 pkg=Window{1a44ea1 u0 d0 com.wallapop/com.rewallapop.ui.user.profile.ProfileActivity}

07-09 15:23:42.763   874  5340 V WindowStateAnimator: Finishing drawing window Window{1a44ea1 u0 d0 com.wallapop/com.rewallapop.ui.user.profile.ProfileActivity}: mDrawState=DRAW_PENDING

07-09 15:23:42.773   874  1132 I ActivityManager: Displayed com.wallapop/com.rewallapop.ui.user.profile.ProfileActivity: +250ms

07-09 15:23:42.783   874  1132 I Timeline: Timeline: Activity_windows_visible id: ActivityRecord{3e2574a u0 com.wallapop/com.rewallapop.ui.user.profile.MyProfileActivity t984 f} time:127828034

07-09 15:23:42.783   874  1914 V WindowStateAnimator: Finishing drawing window Window{1a44ea1 u0 d0 com.wallapop/com.rewallapop.ui.user.profile.ProfileActivity}: mDrawState=HAS_DRAWN

07-09 15:23:43.033   874  1132 I Timeline: Timeline: Activity_windows_visible id: ActivityRecord{83685a2 u0 com.wallapop/com.rewallapop.ui.user.profile.ProfileActivity t984} time:127828288

07-09 15:23:43.203 14321 14321 W GmsClientEvents: unregisterConnectionFailedListener(): listener GooglePlayServicesHeadlessFragment{a8593f6 (5edf61bb-780c-4589-b1c6-00761b3c41e3) com.wallapop.fragments.headless.GooglePlayServicesHeadlessFragment} not found

07-09 15:23:43.203 14321 14321 W GmsClientEvents: unregisterConnectionCallbacks(): listener GooglePlayServicesHeadlessFragment{a8593f6 (5edf61bb-780c-4589-b1c6-00761b3c41e3) com.wallapop.fragments.headless.GooglePlayServicesHeadlessFragment} not found

07-09 15:23:43.213 14321 14321 V ActivityThread: updateVisibility : ActivityRecord{33e7f5f token=android.os.BinderProxy@513b9e8 {com.wallapop/com.rewallapop.ui.wall.WallActivity}} show : false

07-09 15:23:43.313 14321 15266 E WallapopError: 	at com.wallapop.kernel.l.a$a.a(SourceFile:5)

07-09 15:23:43.313 14321 15266 E WallapopError: 	at com.wallapop.kernel.l.g$a.a(SourceFile:8)

07-09 15:23:43.313 14321 15266 E WallapopError: 	at com.wallapop.kernel.l.a$a.b(SourceFile)

07-09 15:23:43.313 14321 15266 E WallapopError: 	at com.wallapop.kernel.extension.a.b(SourceFile:21)

07-09 15:23:43.683 14321 14321 W View    : requestLayout() improperly called by com.wallapop.design.view.WallapopTextView{24d0ef6 V.ED..... ..S..AID 0,23-285,105 #7f0a0255 app:id/counterView} during layout: running second layout pass

07-09 15:23:49.173 14321 14321 I Timeline: Timeline: Activity_launch_request id:com.wallapop time:127834426

07-09 15:23:49.203   874  1914 V WindowManager: addAppToken: AppWindowToken{fdff06f token=Token{3be674e ActivityRecord{ac90249 u0 com.wallapop/com.rewallapop.ui.item.ItemDetailActivity t984}}} to stack=1 task=984 at 2

07-09 15:23:49.243   874  1027 V MARsPolicyManager: updatePackagesScore PackageInfo name -- com.wallapop

07-09 15:23:49.273 14321 14321 W ResourcesManager: getTopLevelResources: /data/app/com.wallapop-1/base.apk / 1.0 running in com.wallapop rsrc of package null

07-09 15:23:49.273 14321 14321 W ResourcesManager: getTopLevelResources: /data/app/com.wallapop-1/base.apk / 1.0 running in com.wallapop rsrc of package null

07-09 15:23:49.303   874   892 V AlarmManager:  remove PendingIntent] PendingIntent{275617c: PendingIntentRecord{99ab24d com.wallapop broadcastIntent}}

07-09 15:23:49.363   874   892 D ISSUE_DEBUG: InputChannelName : b1daa5a com.wallapop/com.rewallapop.ui.item.ItemDetailActivity

07-09 15:23:49.373   874  1028 D StatusBarManagerService: manageDisableList userId=0 what=0x0 pkg=Window{b1daa5a u0 d0 com.wallapop/com.rewallapop.ui.item.ItemDetailActivity}

07-09 15:23:49.433 12842 13201 W ByMatcher: Node returned null child: android.view.accessibility.AccessibilityNodeInfo@80094c16; boundsInParent: Rect(0, 0 - 1080, 1488); boundsInScreen: Rect(0, 432 - 1080, 1920); packageName: com.wallapop; className: androidx.recyclerview.widget.RecyclerView; text: null; error: null; maxTextLength: -1; contentDescription: null; viewIdResName: com.wallapop:id/list; checkable: false; checked: false; focusable: true; focused: false; selected: false; clickable: false; longClickable: false; contextClickable: false; enabled: true; password: false; scrollable: true; actions: [AccessibilityAction: ACTION_FOCUS - null, AccessibilityAction: ACTION_SELECT - null, AccessibilityAction: ACTION_CLEAR_SELECTION - null, AccessibilityAction: ACTION_ACCESSIBILITY_FOCUS - null, AccessibilityAction: ACTION_SCROLL_FORWARD - null, AccessibilityAction: ACTION_SCROLL_BACKWARD - null, AccessibilityAction: ACTION_UNKNOWN - null]

07-09 15:23:49.443 12842 13201 W ByMatcher: Node returned null child: android.view.accessibility.AccessibilityNodeInfo@8008e6bb; boundsInParent: Rect(0, 0 - 1080, 1848); boundsInScreen: Rect(0, 72 - 1080, 1920); packageName: com.wallapop; className: android.view.ViewGroup; text: null; error: null; maxTextLength: -1; contentDescription: null; viewIdResName: com.wallapop:id/coordinatorLayout; checkable: false; checked: false; focusable: false; focused: false; selected: false; clickable: false; longClickable: false; contextClickable: false; enabled: true; password: false; scrollable: false; actions: [AccessibilityAction: ACTION_SELECT - null, AccessibilityAction: ACTION_CLEAR_SELECTION - null, AccessibilityAction: ACTION_ACCESSIBILITY_FOCUS - null, AccessibilityAction: ACTION_UNKNOWN - null]

07-09 15:23:49.443 12842 13201 W ByMatcher: Node returned null child: android.view.accessibility.AccessibilityNodeInfo@8008d3f6; boundsInParent: Rect(0, 0 - 1080, 1920); boundsInScreen: Rect(0, 0 - 1080, 1920); packageName: com.wallapop; className: android.widget.FrameLayout; text: null; error: null; maxTextLength: -1; contentDescription: null; viewIdResName: null; checkable: false; checked: false; focusable: false; focused: false; selected: false; clickable: false; longClickable: false; contextClickable: false; enabled: true; password: false; scrollable: false; actions: [AccessibilityAction: ACTION_SELECT - null, AccessibilityAction: ACTION_CLEAR_SELECTION - null, AccessibilityAction: ACTION_ACCESSIBILITY_FOCUS - null, AccessibilityAction: ACTION_UNKNOWN - null]

07-09 15:23:49.443 12842 13201 W ByMatcher: Node returned null child: android.view.accessibility.AccessibilityNodeInfo@8008d3f6; boundsInParent: Rect(0, 0 - 1080, 1920); boundsInScreen: Rect(0, 0 - 1080, 1920); packageName: com.wallapop; className: android.widget.FrameLayout; text: null; error: null; maxTextLength: -1; contentDescription: null; viewIdResName: null; checkable: false; checked: false; focusable: false; focused: false; selected: false; clickable: false; longClickable: false; contextClickable: false; enabled: true; password: false; scrollable: false; actions: [AccessibilityAction: ACTION_SELECT - null, AccessibilityAction: ACTION_CLEAR_SELECTION - null, AccessibilityAction: ACTION_ACCESSIBILITY_FOCUS - null, AccessibilityAction: ACTION_UNKNOWN - null]

07-09 15:23:49.473   874  1721 V WindowStateAnimator: Finishing drawing window Window{b1daa5a u0 d0 com.wallapop/com.rewallapop.ui.item.ItemDetailActivity}: mDrawState=DRAW_PENDING

07-09 15:23:49.493   874  1132 I ActivityManager: Displayed com.wallapop/com.rewallapop.ui.item.ItemDetailActivity: +258ms

07-09 15:23:49.503   874  2020 V WindowStateAnimator: Finishing drawing window Window{b1daa5a u0 d0 com.wallapop/com.rewallapop.ui.item.ItemDetailActivity}: mDrawState=HAS_DRAWN

07-09 15:23:49.523 14321 14329 W REALM_JAVA: Remember to call close() on all Realm instances. Realm /data/data/com.wallapop/files/feature_flags is being finalized without being closed, this can lead to running out of native memory.

07-09 15:23:49.523 14321 14329 W REALM_JAVA: Remember to call close() on all Realm instances. Realm /data/data/com.wallapop/files/feature_flags is being finalized without being closed, this can lead to running out of native memory.

07-09 15:23:49.523 14321 14329 W REALM_JAVA: Remember to call close() on all Realm instances. Realm /data/data/com.wallapop/files/chat_inbox_vxpzpymr4z30 is being finalized without being closed, this can lead to running out of native memory.

07-09 15:23:49.523 14321 14329 W REALM_JAVA: Remember to call close() on all Realm instances. Realm /data/data/com.wallapop/files/pending_events_queue_vxpzpymr4z30 is being finalized without being closed, this can lead to running out of native memory.

07-09 15:23:49.523 14321 14329 W REALM_JAVA: Remember to call close() on all Realm instances. Realm /data/data/com.wallapop/files/feature_flags is being finalized without being closed, this can lead to running out of native memory.

07-09 15:23:49.593 14321 14329 W REALM_JAVA: Remember to call close() on all Realm instances. Realm /data/data/com.wallapop/files/feature_flags is being finalized without being closed, this can lead to running out of native memory.

07-09 15:23:49.593 14321 14329 W REALM_JAVA: Remember to call close() on all Realm instances. Realm /data/data/com.wallapop/files/feature_flags is being finalized without being closed, this can lead to running out of native memory.

07-09 15:23:49.623 14321 15270 W System.err: remove failed: ENOENT (No such file or directory) : /data/user/0/com.wallapop/cache/okhttp/e011ce92d25e325c5af4f8227ec15318.0

07-09 15:23:49.623 14321 15270 W System.err: remove failed: ENOENT (No such file or directory) : /data/user/0/com.wallapop/cache/okhttp/e011ce92d25e325c5af4f8227ec15318.1

07-09 15:23:49.733   874  1132 I Timeline: Timeline: Activity_windows_visible id: ActivityRecord{ac90249 u0 com.wallapop/com.rewallapop.ui.item.ItemDetailActivity t984} time:127834984

07-09 15:23:49.773 14321 15270 W System.err: remove failed: ENOENT (No such file or directory) : /data/user/0/com.wallapop/cache/okhttp/ef0e0bb5c5b765bf7cc50c81c6b3d52a.0

07-09 15:23:49.773 14321 14321 V ActivityThread: updateVisibility : ActivityRecord{4be9f68 token=android.os.BinderProxy@cc72409 {com.wallapop/com.rewallapop.ui.user.profile.ProfileActivity}} show : false

07-09 15:23:49.773 14321 15270 W System.err: remove failed: ENOENT (No such file or directory) : /data/user/0/com.wallapop/cache/okhttp/ef0e0bb5c5b765bf7cc50c81c6b3d52a.1

07-09 15:23:49.993 14321 14321 W ResourcesManager: getTopLevelResources: /data/data/com.google.android.gms/app_chimera/m/0000003c/MapsDynamite.apk / 1.0 running in com.wallapop rsrc of package null

07-09 15:23:50.003 14321 14321 W ResourcesManager: getTopLevelResources: /data/data/com.google.android.gms/app_chimera/m/0000003c/MapsDynamite.apk / 1.0 running in com.wallapop rsrc of package null

07-09 15:23:50.083 14321 14528 W System.err: remove failed: ENOENT (No such file or directory) : /data/user/0/com.wallapop/cache/okhttp/50d0c11a14ce8089c6d541ecbd980e30.0

07-09 15:23:50.083 14321 14528 W System.err: remove failed: ENOENT (No such file or directory) : /data/user/0/com.wallapop/cache/okhttp/50d0c11a14ce8089c6d541ecbd980e30.1

07-09 15:23:51.333 14321 15269 W System.err: remove failed: ENOENT (No such file or directory) : /data/user/0/com.wallapop/cache/okhttp/86f5d74c27ae9ed44fecf9a4b4290b08.0

07-09 15:23:51.343 14321 15269 W System.err: remove failed: ENOENT (No such file or directory) : /data/user/0/com.wallapop/cache/okhttp/86f5d74c27ae9ed44fecf9a4b4290b08.1

07-09 15:23:51.343 14321 14632 W System.err: remove failed: ENOENT (No such file or directory) : /data/user/0/com.wallapop/cache/okhttp/690fef3c976d67185f3f99be33cdd81d.0

07-09 15:23:51.343 14321 14632 W System.err: remove failed: ENOENT (No such file or directory) : /data/user/0/com.wallapop/cache/okhttp/690fef3c976d67185f3f99be33cdd81d.1

07-09 15:23:51.493 14321 15269 W System.err: remove failed: ENOENT (No such file or directory) : /data/user/0/com.wallapop/cache/okhttp/4b75c7154f07e0fa89be18e2add46237.0

07-09 15:23:51.493 14321 15269 W System.err: remove failed: ENOENT (No such file or directory) : /data/user/0/com.wallapop/cache/okhttp/4b75c7154f07e0fa89be18e2add46237.1

07-09 15:23:52.913 14321 15343 W ResourcesManager: getTopLevelResources: /data/data/com.google.android.gms/app_chimera/m/0000003b/GoogleCertificates.apk / 1.0 running in com.wallapop rsrc of package null

07-09 15:23:52.913 14321 15343 W ResourcesManager: getTopLevelResources: /data/data/com.google.android.gms/app_chimera/m/0000003b/GoogleCertificates.apk / 1.0 running in com.wallapop rsrc of package null

07-09 15:23:53.263 14321 14559 W System.err: remove failed: ENOENT (No such file or directory) : /data/user/0/com.wallapop/cache/okhttp/5d19aa5b9f8b208fd67750ad562b77f7.0

07-09 15:23:53.263 14321 14559 W System.err: remove failed: ENOENT (No such file or directory) : /data/user/0/com.wallapop/cache/okhttp/5d19aa5b9f8b208fd67750ad562b77f7.1

07-09 15:23:53.273 14321 14321 I Timeline: Timeline: Activity_launch_request id:com.wallapop time:127838527

07-09 15:23:53.363   874  5340 V WindowManager: addAppToken: AppWindowToken{4e4a96a token=Token{bcccb55 ActivityRecord{957e60c u0 com.wallapop/.activities.review.ReviewTransactionUserSelectionActivity t984}}} to stack=1 task=984 at 3

07-09 15:23:53.413   874  1027 V MARsPolicyManager: updatePackagesScore PackageInfo name -- com.wallapop

07-09 15:23:53.413 14321 14321 W ResourcesManager: getTopLevelResources: /data/app/com.wallapop-1/base.apk / 1.0 running in com.wallapop rsrc of package null

07-09 15:23:53.413 14321 14321 W ResourcesManager: getTopLevelResources: /data/app/com.wallapop-1/base.apk / 1.0 running in com.wallapop rsrc of package null

07-09 15:23:53.413 14321 14321 W ResourcesManager: getTopLevelResources: /data/app/com.wallapop-1/base.apk / 1.0 running in com.wallapop rsrc of package null

07-09 15:23:53.493   874  1422 V AlarmManager:  remove PendingIntent] PendingIntent{176c537: PendingIntentRecord{99ab24d com.wallapop broadcastIntent}}

07-09 15:23:53.513   874  1661 D ISSUE_DEBUG: InputChannelName : b04100d com.wallapop/com.wallapop.activities.review.ReviewTransactionUserSelectionActivity

07-09 15:23:53.543   874  1028 D StatusBarManagerService: manageDisableList userId=0 what=0x0 pkg=Window{b04100d u0 d0 com.wallapop/com.wallapop.activities.review.ReviewTransactionUserSelectionActivity}

07-09 15:23:53.583   874  1220 V WindowStateAnimator: Finishing drawing window Window{b04100d u0 d0 com.wallapop/com.wallapop.activities.review.ReviewTransactionUserSelectionActivity}: mDrawState=DRAW_PENDING

07-09 15:23:53.603   874  1132 I ActivityManager: Displayed com.wallapop/.activities.review.ReviewTransactionUserSelectionActivity: +211ms

07-09 15:23:53.623   874  1723 V WindowStateAnimator: Finishing drawing window Window{b04100d u0 d0 com.wallapop/com.wallapop.activities.review.ReviewTransactionUserSelectionActivity}: mDrawState=HAS_DRAWN

07-09 15:23:53.853   874  1132 I Timeline: Timeline: Activity_windows_visible id: ActivityRecord{957e60c u0 com.wallapop/.activities.review.ReviewTransactionUserSelectionActivity t984} time:127839106

07-09 15:23:53.893 14321 14321 V ActivityThread: updateVisibility : ActivityRecord{2ce41ca token=android.os.BinderProxy@a8c5388 {com.wallapop/com.rewallapop.ui.item.ItemDetailActivity}} show : false

07-09 15:23:56.673 14321 14321 I Timeline: Timeline: Activity_launch_request id:com.wallapop time:127841925

07-09 15:23:56.683   874  5340 V WindowManager: addAppToken: AppWindowToken{857d44b token=Token{b32411a ActivityRecord{d833c5 u0 com.wallapop/com.rewallapop.ui.review.AfterSalesReviewActivity t984}}} to stack=1 task=984 at 4

07-09 15:23:56.723 14321 14321 W ResourcesManager: getTopLevelResources: /data/app/com.wallapop-1/base.apk / 1.0 running in com.wallapop rsrc of package null

07-09 15:23:56.733   874  1027 V MARsPolicyManager: updatePackagesScore PackageInfo name -- com.wallapop

07-09 15:23:56.733 14321 14321 W ResourcesManager: getTopLevelResources: /data/app/com.wallapop-1/base.apk / 1.0 running in com.wallapop rsrc of package null

07-09 15:23:56.763   874  1220 V AlarmManager:  remove PendingIntent] PendingIntent{a4d6a27: PendingIntentRecord{99ab24d com.wallapop broadcastIntent}}

07-09 15:23:56.793   874  1723 D ISSUE_DEBUG: InputChannelName : ebfd972 com.wallapop/com.rewallapop.ui.review.AfterSalesReviewActivity

07-09 15:23:56.803   874  1028 D StatusBarManagerService: manageDisableList userId=0 what=0x0 pkg=Window{ebfd972 u0 d0 com.wallapop/com.rewallapop.ui.review.AfterSalesReviewActivity}

07-09 15:23:56.873   874  2020 V WindowStateAnimator: Finishing drawing window Window{ebfd972 u0 d0 com.wallapop/com.rewallapop.ui.review.AfterSalesReviewActivity}: mDrawState=DRAW_PENDING

07-09 15:23:56.893   874  1132 I ActivityManager: Displayed com.wallapop/com.rewallapop.ui.review.AfterSalesReviewActivity: +186ms

07-09 15:23:57.133   874  1132 I Timeline: Timeline: Activity_windows_visible id: ActivityRecord{d833c5 u0 com.wallapop/com.rewallapop.ui.review.AfterSalesReviewActivity t984} time:127842384

07-09 15:23:57.173 14321 14321 V ActivityThread: updateVisibility : ActivityRecord{4d9d37 token=android.os.BinderProxy@3573625 {com.wallapop/com.wallapop.activities.review.ReviewTransactionUserSelectionActivity}} show : false

07-09 15:23:59.383 14321 14329 W REALM_JAVA: Remember to call close() on all Realm instances. Realm /data/data/com.wallapop/files/feature_flags is being finalized without being closed, this can lead to running out of native memory.

07-09 15:24:01.723 14321 14321 I Timeline: Timeline: Activity_launch_request id:com.wallapop time:127846979

07-09 15:24:01.743   874  2020 V WindowManager: addAppToken: AppWindowToken{b9161b3 token=Token{5dd8322 ActivityRecord{3ce98ed u0 com.wallapop/.activities.SuccessActivity t984}}} to stack=1 task=984 at 5

07-09 15:24:01.773   874  1027 V MARsPolicyManager: updatePackagesScore PackageInfo name -- com.wallapop

07-09 15:24:01.803 14321 14321 W ResourcesManager: getTopLevelResources: /data/app/com.wallapop-1/base.apk / 1.0 running in com.wallapop rsrc of package null

07-09 15:24:01.803 14321 14321 W ResourcesManager: getTopLevelResources: /data/app/com.wallapop-1/base.apk / 1.0 running in com.wallapop rsrc of package null

07-09 15:24:01.803 14321 14321 W ResourcesManager: getTopLevelResources: /data/app/com.wallapop-1/base.apk / 1.0 running in com.wallapop rsrc of package null

07-09 15:24:01.843   874  1422 V AlarmManager:  remove PendingIntent] PendingIntent{640547a: PendingIntentRecord{99ab24d com.wallapop broadcastIntent}}

07-09 15:24:01.893   874   892 D ISSUE_DEBUG: InputChannelName : 442088 com.wallapop/com.wallapop.activities.SuccessActivity

07-09 15:24:01.913   874  1028 D StatusBarManagerService: manageDisableList userId=0 what=0x0 pkg=Window{442088 u0 d0 com.wallapop/com.wallapop.activities.SuccessActivity}

07-09 15:24:01.983   874  5340 V WindowStateAnimator: Finishing drawing window Window{442088 u0 d0 com.wallapop/com.wallapop.activities.SuccessActivity}: mDrawState=DRAW_PENDING

07-09 15:24:01.993   874  1132 I ActivityManager: Displayed com.wallapop/.activities.SuccessActivity: +229ms

07-09 15:24:02.013   874   892 V WindowStateAnimator: Finishing drawing window Window{442088 u0 d0 com.wallapop/com.wallapop.activities.SuccessActivity}: mDrawState=HAS_DRAWN

07-09 15:24:02.243   874  1132 I Timeline: Timeline: Activity_windows_visible id: ActivityRecord{3ce98ed u0 com.wallapop/.activities.SuccessActivity t984} time:127847496

07-09 15:24:03.223   874  1027 V MARsPolicyManager: updatePackagesScore PackageInfo name -- com.wallapop

07-09 15:24:03.273   874  1027 V MARsPolicyManager: updatePackagesScore PackageInfo name -- com.wallapop

07-09 15:24:03.323   874  1220 V AlarmManager:  remove PendingIntent] PendingIntent{d884c59: PendingIntentRecord{99ab24d com.wallapop broadcastIntent}}

07-09 15:24:03.373   874  1028 D StatusBarManagerService: manageDisableList userId=0 what=0x0 pkg=Window{b1daa5a u0 d0 com.wallapop/com.rewallapop.ui.item.ItemDetailActivity}

07-09 15:24:03.513   874  1914 V WindowStateAnimator: Finishing drawing window Window{b1daa5a u0 d0 com.wallapop/com.rewallapop.ui.item.ItemDetailActivity}: mDrawState=DRAW_PENDING

07-09 15:24:03.523   874  1132 I ActivityManager: Displayed com.wallapop/com.rewallapop.ui.item.ItemDetailActivity: +260ms (total +306ms)

07-09 15:24:03.773   874  1132 I Timeline: Timeline: Activity_windows_visible id: ActivityRecord{ac90249 u0 com.wallapop/com.rewallapop.ui.item.ItemDetailActivity t984} time:127849027


