Executed '[C740] Help: Access and sections' on 26-06-2019
---------------------------------------------------------------------------------
06-26 16:48:06.738   874  1722 I ActivityManager: Killing 13526:com.wallapop/u0a265 (adj 15): empty for 1830s

06-26 16:48:06.828   874  1913 D ActivityManager: isAutoRunBlockedApp:: com.wallapop, Auto Run ON

06-26 16:50:24.168   874  1914 I ActivityManager: Force stopping com.wallapop appid=10265 user=0: from pid 16431

06-26 16:50:24.178   874   874 V AlarmManager: Remove alarm for next reason : android.intent.action.PACKAGE_RESTARTED : package: com.wallapop

06-26 16:50:24.428   874  1723 V WindowManager: addAppToken: AppWindowToken{8422f19 token=Token{6e12e60 ActivityRecord{c411263 u0 com.wallapop/com.rewallapop.ui.main.MainActivity t806}}} to stack=1 task=806 at 0

06-26 16:50:24.448   874  1132 D ISSUE_DEBUG: InputChannelName : 127788d Starting com.wallapop

06-26 16:50:24.448 16272 16272 I ClearDataReceiver: [#DCM#] Intent Data: package:com.wallapop

06-26 16:50:24.468   874  1714 I ActivityManager: Start proc 16554:com.wallapop/u0a265 for activity com.wallapop/com.rewallapop.ui.main.MainActivity

06-26 16:50:24.468 16554 16554 W SELinux : SELinux: seapp_context_lookup: seinfo=default, level=s0:c512,c768, pkgname=com.wallapop

06-26 16:50:24.488   874  1132 V WindowStateAnimator: Finishing drawing window Window{127788d u0 d0 Starting com.wallapop}: mDrawState=DRAW_PENDING

06-26 16:50:24.538   874  1220 D ActivityManager:  Launching com.wallapop, updated priority

06-26 16:50:24.558   874  1027 V MARsPolicyManager: updatePackagesScore PackageInfo name -- com.wallapop

06-26 16:50:24.558 16554 16554 W ResourcesManager: getTopLevelResources: /data/app/com.wallapop-1/base.apk / 1.0 running in com.wallapop rsrc of package null

06-26 16:50:24.558   874  1028 D StatusBarManagerService: manageDisableList userId=0 what=0x0 pkg=Window{127788d u0 d0 Starting com.wallapop}

06-26 16:50:24.758 16554 16570 W ResourcesManager: getTopLevelResources: /data/app/com.wallapop-1/base.apk / 1.0 running in com.wallapop rsrc of package null

06-26 16:50:24.768 16554 16570 I FA      :   adb shell setprop debug.firebase.analytics.app com.wallapop

06-26 16:50:24.768   874  2732 V AlarmManager:  remove PendingIntent] PendingIntent{9f02c45: PendingIntentRecord{b1e0f9a com.wallapop broadcastIntent}}

06-26 16:50:24.788 16554 16572 W ResourcesManager: getTopLevelResources: /data/app/com.google.android.gms-1/base.apk / 1.0 running in com.wallapop rsrc of package null

06-26 16:50:24.788 16554 16554 W ResourcesManager: getTopLevelResources: /data/app/com.wallapop-1/base.apk / 1.0 running in com.wallapop rsrc of package null

06-26 16:50:24.788 16554 16578 W ResourcesManager: getTopLevelResources: /data/app/com.google.android.gms-1/base.apk / 1.0 running in com.wallapop rsrc of package null

06-26 16:50:24.798 16554 16580 W System.err: remove failed: ENOENT (No such file or directory) : /data/user/0/com.wallapop/files/AppEventsLogger.persistedevents

06-26 16:50:24.808 16554 16554 W ResourcesManager: getTopLevelResources: /data/app/com.wallapop-1/base.apk / 1.0 running in com.wallapop rsrc of package null

06-26 16:50:24.808 16554 16554 W ResourcesManager: getTopLevelResources: /data/app/com.wallapop-1/base.apk / 1.0 running in com.wallapop rsrc of package null

06-26 16:50:25.248 16554 16554 W System.err: mkdir failed: EEXIST (File exists) : /data/user/0/com.wallapop/cache/okhttp

06-26 16:50:25.658 16554 16599 I FirebasePerformance: Logging NetworkRequestMetric - https://settings.crashlytics.com/spi/v2/platforms/android/apps/com.wallapop/settings 1531b 614ms,

06-26 16:50:26.308 16554 16608 I stetho  : Listening on @stetho_com.wallapop_devtools_remote

06-26 16:50:26.328 16554 16554 I art     : Rejecting re-init on previously-failed class java.lang.Class<com.wallapop.clickstream.JobIntentService$f>

06-26 16:50:26.328 16554 16554 I art     : Rejecting re-init on previously-failed class java.lang.Class<com.wallapop.clickstream.JobIntentService$f>

06-26 16:50:26.428 16554 16554 W ResourcesManager: getTopLevelResources: /data/app/com.google.android.gms-1/base.apk / 1.0 running in com.wallapop rsrc of package null

06-26 16:50:26.548 16554 16554 W ResourcesManager: getTopLevelResources: /data/app/com.google.android.gms-1/base.apk / 1.0 running in com.wallapop rsrc of package null

06-26 16:50:26.568 16554 16554 W ResourcesManager: getTopLevelResources: /data/data/com.google.android.gms/app_chimera/m/00000034/dl-AdsFdrDynamite.integ_20290000008.apk / 1.0 running in com.wallapop rsrc of package null

06-26 16:50:26.568 16554 16554 W ResourcesManager: getTopLevelResources: /data/data/com.google.android.gms/app_chimera/m/00000034/dl-AdsFdrDynamite.integ_20290000008.apk / 1.0 running in com.wallapop rsrc of package null

06-26 16:50:26.578 16554 16610 W System.err: remove failed: ENOENT (No such file or directory) : /data/user/0/com.wallapop/files/tfidf.db

06-26 16:50:26.598 16554 16610 W System.err: remove failed: ENOENT (No such file or directory) : /data/user/0/com.wallapop/databases/__hs__db_error_reports

06-26 16:50:26.598 16554 16610 W System.err: remove failed: ENOENT (No such file or directory) : /data/user/0/com.wallapop/databases/__hs__db_error_reports-journal

06-26 16:50:26.598 16554 16610 W System.err: remove failed: ENOENT (No such file or directory) : /data/user/0/com.wallapop/databases/__hs__db_error_reports-shm

06-26 16:50:26.598 16554 16610 W System.err: remove failed: ENOENT (No such file or directory) : /data/user/0/com.wallapop/databases/__hs__db_error_reports-wal

06-26 16:50:26.698 16554 16554 W ResourcesManager: getTopLevelResources: /data/app/com.google.android.webview-2/base.apk / 1.0 running in com.wallapop rsrc of package null

06-26 16:50:26.748 16554 16626 W ResourcesManager: getTopLevelResources: /data/app/com.google.android.webview-2/base.apk / 1.0 running in com.wallapop rsrc of package null

06-26 16:50:29.358 16554 16714 W ResourcesManager: getTopLevelResources: /data/app/com.google.android.gms-1/base.apk / 1.0 running in com.wallapop rsrc of package null

06-26 16:50:29.428 16554 16554 W ResourcesManager: getTopLevelResources: /data/app/com.wallapop-1/base.apk / 1.0 running in com.wallapop rsrc of package null

06-26 16:50:29.448   874  3012 V AlarmManager:  remove PendingIntent] PendingIntent{99e4cd6: PendingIntentRecord{7541b57 com.wallapop broadcastIntent}}

06-26 16:50:29.458 16554 16554 W ResourcesManager: getTopLevelResources: /data/app/com.wallapop-1/base.apk / 1.0 running in com.wallapop rsrc of package null

06-26 16:50:29.848   874  2732 V AlarmManager:  remove PendingIntent] PendingIntent{29515f3: PendingIntentRecord{31c92b0 com.wallapop broadcastIntent}}

06-26 16:50:29.868   874  1721 D LocationManagerService: request e3220ae passive Request[POWER_NONE passive fastest=0 num=1] from com.wallapop(10265)

06-26 16:50:29.868   874  1721 I AppOps  : sendInfoToFLP, code=41 , uid=10265 , packageName=com.wallapop , type=startOp

06-26 16:50:29.978 16554 16554 W System.err: remove failed: ENOENT (No such file or directory) : /data/user/0/com.wallapop/cache/okhttp/journal.tmp

06-26 16:50:29.998 16554 16554 I Timeline: Timeline: Activity_launch_request id:com.wallapop time:15228027

06-26 16:50:30.018   874  1422 V WindowManager: addAppToken: AppWindowToken{4467061 token=Token{98407c8 ActivityRecord{3b506b u0 com.wallapop/com.rewallapop.ui.wall.WallActivity t806}}} to stack=1 task=806 at 1

06-26 16:50:30.018   874  1028 D StatusBarManagerService: manageDisableList userId=0 what=0x0 pkg=Window{127788d u0 d0 Starting com.wallapop}

06-26 16:50:30.078 16554 16597 W ResourcesManager: getTopLevelResources: /data/app/com.google.android.gms-1/base.apk / 1.0 running in com.wallapop rsrc of package null

06-26 16:50:30.138   874  1027 D ApplicationPolicy: isStatusBarNotificationAllowedAsUser: packageName = com.wallapop,userId = 0

06-26 16:50:30.148   874  1027 V MARsPolicyManager: updatePackagesScore PackageInfo name -- com.wallapop

06-26 16:50:30.178   874   874 D MARsPolicyManager: NotificationListenerService OngoingNotificationPosted : com.wallapop

06-26 16:50:30.188  1391  1391 W ResourcesManager: getTopLevelResources: /data/app/com.wallapop-1/base.apk / 1.0 running in com.android.systemui rsrc of package null

06-26 16:50:30.218  1391  1391 W ResourcesManager: getTopLevelResources: /data/app/com.wallapop-1/base.apk / 1.0 running in com.android.systemui rsrc of package null

06-26 16:50:30.228 16554 16670 W System.err: mkdir failed: EEXIST (File exists) : /data/user/0/com.wallapop/cache/WebView/Crash Reports

06-26 16:50:30.238  1391  1391 W ResourcesManager: getTopLevelResources: /data/app/com.wallapop-1/base.apk / 1.0 running in com.android.systemui rsrc of package null

06-26 16:50:30.268  1391  1391 W ResourcesManager: getTopLevelResources: /data/app/com.wallapop-1/base.apk / 1.0 running in com.android.systemui rsrc of package null

06-26 16:50:30.338 16554 16554 W ResourcesManager: getTopLevelResources: /data/app/com.wallapop-1/base.apk / 1.0 running in com.wallapop rsrc of package null

06-26 16:50:30.348 16554 16554 W ResourcesManager: getTopLevelResources: /data/app/com.wallapop-1/base.apk / 1.0 running in com.wallapop rsrc of package null

06-26 16:50:30.438   874  1913 V AlarmManager:  remove PendingIntent] PendingIntent{a0fa612: PendingIntentRecord{31c92b0 com.wallapop broadcastIntent}}

06-26 16:50:30.808 16554 16801 W ResourcesManager: getTopLevelResources: /data/app/com.google.android.gms-1/base.apk / 1.0 running in com.wallapop rsrc of package null

06-26 16:50:31.028 16554 16580 W System.err: remove failed: ENOENT (No such file or directory) : /data/user/0/com.wallapop/files/AppEventsLogger.persistedevents

06-26 16:50:31.078   874  2732 D ISSUE_DEBUG: InputChannelName : 8dfb341 com.wallapop/com.rewallapop.ui.wall.WallActivity

06-26 16:50:31.128 21819 24782 I Finsky  : [2762] eth.b(2): com.wallapop: Account determined from installer data - [E7ZhE6RtwBr6ZrivWaTWep8klQM]

06-26 16:50:31.128 21819 24782 I Finsky  : [2762] eth.b(9): com.wallapop: Account from preferred account - [E7ZhE6RtwBr6ZrivWaTWep8klQM]

06-26 16:50:31.128 21819 24783 I Finsky  : [2763] eth.b(2): com.wallapop: Account determined from installer data - [E7ZhE6RtwBr6ZrivWaTWep8klQM]

06-26 16:50:31.128 21819 24783 I Finsky  : [2763] eth.b(9): com.wallapop: Account from preferred account - [E7ZhE6RtwBr6ZrivWaTWep8klQM]

06-26 16:50:31.168 16554 16801 D Amazon DTB Ads API: with json params:[{"adsdk":"aps-android-7.4.3","gdpr":{"e":"1","c":"BAAAAAAOa0ob7AcABBENBtAAAAAh6AAA"},"oo":"false","mraid":["1.0","2.0","3.0"],"ua":"Dalvik\/2.1.0 (Linux; U; Android 6.0.1; SM-G900F Build\/MMB29M)","geoloc":"41.4058747,2.1864807,17.036","idfa":"1e214c05-ac1e-4c82-ae75-fb207f9c9c8a","appId":"d2ba46e2d5ef4c9883051d9c8d0125d5","ad-id":"A-6j1GeULkCtsqbiEmqTO1M","slots":[{"sz":"320x50","slot":"f414d83c-ab9f-4e02-9c59-5137663ee6c7","slotId":1,"supportedMediaTypes":["DISPLAY"]}],"dinfo":{"os":"Android","model":"SM-G900F","make":"samsung","osVersion":"6.0.1","connectionType":"Wifi","country":"ES","scalingFactor":"3.0","carrier":"JAZZTEL","language":"es","screenSize":"1080x1920","orientation":"portrait"},"pkg":{"lbl":"_Wallapop_","pn":"com.wallapop","v":"1760000","vn":"1.76.0-d1906251551"},"isDTBMobile":"true"}]

06-26 16:50:31.358   874  1028 D StatusBarManagerService: manageDisableList userId=0 what=0x0 pkg=Window{8dfb341 u0 d0 com.wallapop/com.rewallapop.ui.wall.WallActivity}

06-26 16:50:31.538 21819 21829 I Finsky  : [2684] eth.b(2): com.wallapop: Account determined from installer data - [E7ZhE6RtwBr6ZrivWaTWep8klQM]

06-26 16:50:31.538 21819 21829 I Finsky  : [2684] eth.b(9): com.wallapop: Account from preferred account - [E7ZhE6RtwBr6ZrivWaTWep8klQM]

06-26 16:50:31.658   874  5340 V WindowStateAnimator: Finishing drawing window Window{8dfb341 u0 d0 com.wallapop/com.rewallapop.ui.wall.WallActivity}: mDrawState=DRAW_PENDING

06-26 16:50:31.668   874  1132 I ActivityManager: Displayed com.wallapop/com.rewallapop.ui.wall.WallActivity: +1s526ms (total +33m57s904ms)

06-26 16:50:31.668   874  1132 I Timeline: Timeline: Activity_windows_visible id: ActivityRecord{3b506b u0 com.wallapop/com.rewallapop.ui.wall.WallActivity t806} time:15229697

06-26 16:50:31.788   874  1422 V WindowStateAnimator: Finishing drawing window Window{8dfb341 u0 d0 com.wallapop/com.rewallapop.ui.wall.WallActivity}: mDrawState=HAS_DRAWN

06-26 16:50:31.838 16554 16554 W ResourcesManager: getTopLevelResources: /data/app/com.google.android.gms-1/base.apk / 1.0 running in com.wallapop rsrc of package null

06-26 16:50:32.038 16554 16850 W ResourcesManager: getTopLevelResources: /data/data/com.google.android.gms/app_chimera/m/00000034/dl-AdsFdrDynamite.integ_20290000008.apk / 1.0 running in com.wallapop rsrc of package null

06-26 16:50:32.138   874   892 I AppOps  : sendInfoToFLP, code=41 , uid=10265 , packageName=com.wallapop , type=startOp

06-26 16:50:32.268 21819 24782 I Finsky  : [2762] eth.b(2): com.wallapop: Account determined from installer data - [E7ZhE6RtwBr6ZrivWaTWep8klQM]

06-26 16:50:32.268 21819 24782 I Finsky  : [2762] eth.b(9): com.wallapop: Account from preferred account - [E7ZhE6RtwBr6ZrivWaTWep8klQM]

06-26 16:50:32.278 16554 16554 W ResourcesManager: getTopLevelResources: /data/app/com.google.android.gms-1/base.apk / 1.0 running in com.wallapop rsrc of package null

06-26 16:50:32.518 21819 24783 I Finsky  : [2763] eth.b(2): com.wallapop: Account determined from installer data - [E7ZhE6RtwBr6ZrivWaTWep8klQM]

06-26 16:50:32.528 21819 24783 I Finsky  : [2763] eth.b(9): com.wallapop: Account from preferred account - [E7ZhE6RtwBr6ZrivWaTWep8klQM]

06-26 16:50:32.778 21819 21829 I Finsky  : [2684] eth.b(2): com.wallapop: Account determined from installer data - [E7ZhE6RtwBr6ZrivWaTWep8klQM]

06-26 16:50:32.778 21819 21829 I Finsky  : [2684] eth.b(9): com.wallapop: Account from preferred account - [E7ZhE6RtwBr6ZrivWaTWep8klQM]

06-26 16:50:33.268 16554 16554 W View    : requestLayout() improperly called by com.wallapop.design.view.WallapopTextView{156b3ff V.ED..... ......ID 54,30-54,92 #7f0a08d7 app:id/wp__home__tv_bubble} during layout: running second layout pass

06-26 16:50:33.548 21819 21830 I Finsky  : [2685] eth.b(2): com.wallapop: Account determined from installer data - [E7ZhE6RtwBr6ZrivWaTWep8klQM]

06-26 16:50:33.548 21819 21830 I Finsky  : [2685] eth.b(9): com.wallapop: Account from preferred account - [E7ZhE6RtwBr6ZrivWaTWep8klQM]

06-26 16:50:34.128 16554 16580 W System.err: remove failed: ENOENT (No such file or directory) : /data/user/0/com.wallapop/files/AppEventsLogger.persistedevents

06-26 16:50:34.148 21819 24783 I Finsky  : [2763] eth.b(2): com.wallapop: Account determined from installer data - [E7ZhE6RtwBr6ZrivWaTWep8klQM]

06-26 16:50:34.158 21819 24783 I Finsky  : [2763] eth.b(9): com.wallapop: Account from preferred account - [E7ZhE6RtwBr6ZrivWaTWep8klQM]

06-26 16:50:34.188 21819 24782 I Finsky  : [2762] eth.b(2): com.wallapop: Account determined from installer data - [E7ZhE6RtwBr6ZrivWaTWep8klQM]

06-26 16:50:34.188 21819 24782 I Finsky  : [2762] eth.b(9): com.wallapop: Account from preferred account - [E7ZhE6RtwBr6ZrivWaTWep8klQM]

06-26 16:50:35.528 16554 16969 W ResourcesManager: getTopLevelResources: /data/app/com.google.android.gms-1/base.apk / 1.0 running in com.wallapop rsrc of package null

06-26 16:50:36.778 16554 16969 W ResourcesManager: getTopLevelResources: /data/app/com.google.android.gms-1/base.apk / 1.0 running in com.wallapop rsrc of package null

06-26 16:50:40.138   874  1027 V BroadcastQueue: [background] Process cur broadcast BroadcastRecord{71ae549 u0 com.appboy.action.receiver.DATA_SYNC qIdx=4}, state= (APP_RECEIVE) DELIVERED for app ProcessRecord{fa9c0cb 16554:com.wallapop/u0a265}

06-26 16:50:43.548 16554 16554 I Timeline: Timeline: Activity_launch_request id:com.wallapop time:15241576

06-26 16:50:43.588   874   894 V WindowManager: addAppToken: AppWindowToken{c54f481 token=Token{5a78868 ActivityRecord{4efef8b u0 com.wallapop/.activities.PreferencesActivity t806}}} to stack=1 task=806 at 1

06-26 16:50:43.638   874  1027 V MARsPolicyManager: updatePackagesScore PackageInfo name -- com.wallapop

06-26 16:50:43.648 16554 16554 W ResourcesManager: getTopLevelResources: /data/app/com.wallapop-1/base.apk / 1.0 running in com.wallapop rsrc of package null

06-26 16:50:43.648 16554 16554 W ResourcesManager: getTopLevelResources: /data/app/com.wallapop-1/base.apk / 1.0 running in com.wallapop rsrc of package null

06-26 16:50:43.648 16554 16554 W ResourcesManager: getTopLevelResources: /data/app/com.wallapop-1/base.apk / 1.0 running in com.wallapop rsrc of package null

06-26 16:50:43.698   874  1422 V AlarmManager:  remove PendingIntent] PendingIntent{65b57bd: PendingIntentRecord{2ce21b2 com.wallapop broadcastIntent}}

06-26 16:50:43.778   874  1723 D ISSUE_DEBUG: InputChannelName : 934ae5f com.wallapop/com.wallapop.activities.PreferencesActivity

06-26 16:50:43.808   874  1028 D StatusBarManagerService: manageDisableList userId=0 what=0x0 pkg=Window{934ae5f u0 d0 com.wallapop/com.wallapop.activities.PreferencesActivity}

06-26 16:50:43.888   874   894 V WindowStateAnimator: Finishing drawing window Window{934ae5f u0 d0 com.wallapop/com.wallapop.activities.PreferencesActivity}: mDrawState=DRAW_PENDING

06-26 16:50:43.898   874  1132 I ActivityManager: Displayed com.wallapop/.activities.PreferencesActivity: +278ms

06-26 16:50:43.908   874  5340 V WindowStateAnimator: Finishing drawing window Window{934ae5f u0 d0 com.wallapop/com.wallapop.activities.PreferencesActivity}: mDrawState=HAS_DRAWN

06-26 16:50:44.148   874  1132 I Timeline: Timeline: Activity_windows_visible id: ActivityRecord{4efef8b u0 com.wallapop/.activities.PreferencesActivity t806} time:15242177

06-26 16:50:44.198   874  4874 I AppOps  : sendInfoToFLP, code=41 , uid=10265 , packageName=com.wallapop , type=finishOp

06-26 16:50:44.208 16554 16554 V ActivityThread: updateVisibility : ActivityRecord{d85e0e3 token=android.os.BinderProxy@1c7df52 {com.wallapop/com.rewallapop.ui.wall.WallActivity}} show : false

06-26 16:50:44.748 16301 16844 W ByMatcher: Node returned null child: android.view.accessibility.AccessibilityNodeInfo@80007511; boundsInParent: Rect(0, 0 - 1080, 1920); boundsInScreen: Rect(0, 0 - 1080, 1920); packageName: com.wallapop; className: android.widget.FrameLayout; text: null; error: null; maxTextLength: -1; contentDescription: null; viewIdResName: null; checkable: false; checked: false; focusable: false; focused: false; selected: false; clickable: false; longClickable: false; contextClickable: false; enabled: true; password: false; scrollable: false; actions: [AccessibilityAction: ACTION_SELECT - null, AccessibilityAction: ACTION_CLEAR_SELECTION - null, AccessibilityAction: ACTION_ACCESSIBILITY_FOCUS - null, AccessibilityAction: ACTION_UNKNOWN - null]

06-26 16:50:44.748 16301 16844 W ByMatcher: Node returned null child: android.view.accessibility.AccessibilityNodeInfo@80007511; boundsInParent: Rect(0, 0 - 1080, 1920); boundsInScreen: Rect(0, 0 - 1080, 1920); packageName: com.wallapop; className: android.widget.FrameLayout; text: null; error: null; maxTextLength: -1; contentDescription: null; viewIdResName: null; checkable: false; checked: false; focusable: false; focused: false; selected: false; clickable: false; longClickable: false; contextClickable: false; enabled: true; password: false; scrollable: false; actions: [AccessibilityAction: ACTION_SELECT - null, AccessibilityAction: ACTION_CLEAR_SELECTION - null, AccessibilityAction: ACTION_ACCESSIBILITY_FOCUS - null, AccessibilityAction: ACTION_UNKNOWN - null]


