Executed '[C740] Help: Access and sections' on 08-07-2020
---------------------------------------------------------------------------------
07-08 01:02:54.579  4948  5100 D WindowManager: w is invisible : 74bed4 com.wallapop/com.rewallapop.ui.wall.WallActivity

07-08 01:02:54.579  4948  5100 D WindowManager: w is invisible : 9a9a6fa com.wallapop/com.wallapop.activities.PreferencesActivity

07-08 01:02:54.579  4948  5100 D WindowManager: windowMattersToAccessibility, check : 9a9a6fa com.wallapop/com.wallapop.activities.PreferencesActivity

07-08 01:02:54.990 29073 29259 W com.wallapop: Accessing hidden method Lsun/misc/Unsafe;->putInt(Ljava/lang/Object;JI)V (greylist, linking, allowed)

07-08 01:02:54.990 29073 29259 W com.wallapop: Accessing hidden method Lsun/misc/Unsafe;->putLong(Ljava/lang/Object;JJ)V (greylist, linking, allowed)

07-08 01:02:54.993 29073 29180 W com.wallapop: Accessing hidden method Lsun/misc/Unsafe;->putInt(Ljava/lang/Object;JI)V (greylist, linking, allowed)

07-08 01:02:56.165  4948  4948 D GameManagerService: identifyGamePackage. com.wallapop, mCurrentUserId: 0, callerUserId: 0

07-08 01:02:56.165  4948  4948 D GamePkgDataHelper: getGamePkgData(). com.wallapop

07-08 01:02:56.232 29073 29079 I com.wallapop: Compiler allocated 4171KB to compile void android.view.ViewRootImpl.performTraversals()

07-08 01:02:58.794  4948  5119 I PowerManagerService: [PWL]       PARTIAL_WAKE_LOCK              '*job*/com.wallapop/androidx.work.impl.background.systemjob.SystemJobService' ACQ=-17s128ms (uid=1000 pid=4948 pkg=android ws=WorkSource{10385})

07-08 01:02:58.810 29073 29073 V InputMethodManager: Starting input: tba=com.wallapop ic=null mNaviBarColor -1 mIsGetNaviBarColorSuccess true , NavVisible : true , NavTrans : false

07-08 01:02:59.209 29073 29073 W com.wallapop: Accessing hidden method Lsun/misc/Unsafe;->getObjectVolatile(Ljava/lang/Object;J)Ljava/lang/Object; (greylist, linking, allowed)

07-08 01:02:59.209 29073 29073 W com.wallapop: Accessing hidden method Lsun/misc/Unsafe;->putOrderedLong(Ljava/lang/Object;JJ)V (greylist, linking, allowed)

07-08 01:02:59.288  4948  5100 D GameManagerService: notePauseComponent(), pauseComponent: com.wallapop

07-08 01:02:59.334 29073 29073 W com.wallapop: Accessing hidden method Lsun/misc/Unsafe;->putObject(Ljava/lang/Object;JLjava/lang/Object;)V (greylist, linking, allowed)

07-08 01:02:59.335 29073 29180 W com.wallapop: Accessing hidden method Lsun/misc/Unsafe;->getInt(Ljava/lang/Object;J)I (greylist, linking, allowed)

07-08 01:02:59.335 29073 29180 W com.wallapop: Accessing hidden method Lsun/misc/Unsafe;->putInt(Ljava/lang/Object;JI)V (greylist, linking, allowed)

07-08 01:02:59.346  4948  5779 D SamsungAlarmManager: Cancel Alarm calling from uid:10385 pid :29073 / op:PendingIntent{cef4537: PendingIntentRecord{83386e0 com.wallapop broadcastIntent}}

07-08 01:02:59.337 29073 29180 W com.wallapop: Accessing hidden method Lsun/misc/Unsafe;->putInt(Ljava/lang/Object;JI)V (greylist, linking, allowed)

07-08 01:02:59.516  4948  5779 V WindowManager: Changing focus from Window{9a9a6fa u0 com.wallapop/com.wallapop.activities.PreferencesActivity} to null displayId=0 Callers=com.android.server.wm.RootWindowContainer.updateFocusedWindowLocked:202 com.android.server.wm.WindowManagerService.updateFocusedWindowLocked:6282 com.android.server.wm.AppWindowToken.commitVisibility:878 com.android.server.wm.AppWindowToken.setVisibility:801 com.android.server.wm.ActivityRecord.setVisibility:2169 com.android.server.wm.ActivityRecord.setVisible:2183

07-08 01:02:59.519  4948  5779 V WindowManager: Setting visibility of Window{9a9a6fa u0 com.wallapop/com.wallapop.activities.PreferencesActivity}: false, caller=com.android.server.wm.WindowContainer.sendAppVisibilityToClients:640 com.android.server.wm.AppWindowToken.setClientHidden:639 com.android.server.wm.AppWindowToken.onAnimationFinished:3839 com.android.server.wm.AppWindowToken.commitVisibility:894 com.android.server.wm.AppWindowToken.setVisibility:801

07-08 01:02:59.522  4948  5100 I WindowManager: Focus moving from Window{9a9a6fa u0 com.wallapop/com.wallapop.activities.PreferencesActivity} to null displayId=0

07-08 01:02:59.523  4948  5100 I WindowManager: Losing focus: Window{9a9a6fa u0 com.wallapop/com.wallapop.activities.PreferencesActivity}

07-08 01:02:59.557  4382  5775 E BufferQueueProducer: [com.wallapop/com.wallapop.activities.PreferencesActivity$_29073#0] disconnect: not connected (req=1)

07-08 01:02:59.561  4948  5779 V WindowManager: Relayout Window{9a9a6fa u0 com.wallapop/com.wallapop.activities.PreferencesActivity}: viewVisibility=8 req=1080x2220

07-08 01:02:59.562  4948  5779 E WindowManager: win=Window{9a9a6fa u0 com.wallapop/com.wallapop.activities.PreferencesActivity} destroySurfaces: appStopped=true win.mWindowRemovalAllowed=false win.mRemoveOnExit=false win.mViewVisibility=8 caller=com.android.server.wm.WindowManagerService.tryStartExitingAnimation:2756 com.android.server.wm.WindowManagerService.relayoutWindow:2504 com.android.server.wm.Session.relayout:202 android.view.IWindowSession$Stub.onTransact:708 com.android.server.wm.Session.onTransact:142 android.os.Binder.execTransactInternal:1056 android.os.Binder.execTransact:1029

07-08 01:02:59.562  4948  5779 I WindowManager: Destroying surface Surface(name=com.wallapop/com.wallapop.activities.PreferencesActivity$_29073)/@0x4e5ea27 called by com.android.server.wm.WindowStateAnimator.destroySurface:1790 com.android.server.wm.WindowStateAnimator.destroySurfaceLocked:720 com.android.server.wm.WindowState.destroySurfaceUnchecked:3540 com.android.server.wm.WindowState.destroySurface:3514 com.android.server.wm.WindowManagerService.tryStartExitingAnimation:2756 com.android.server.wm.WindowManagerService.relayoutWindow:2504 com.android.server.wm.Session.relayout:202 android.view.IWindowSession$Stub.onTransact:708

07-08 01:02:59.562  4382  5775 I Layer   : id=1534 removeFromCurrentState com.wallapop/com.wallapop.activities.PreferencesActivity$_29073#0 (59)

07-08 01:02:59.565  4382  5775 I SurfaceFlinger: id=1534 Removed com.wallapop/com.wallapop.activities.PreferencesActivity$_29073#0 (59)

07-08 01:02:59.574  4382  4382 I Layer   : id=1534[1] Destroyed com.wallapop/com.wallapop.activities.PreferencesActivity$_29073#0

07-08 01:02:59.580 29073 29255 W com.wallapop: Accessing hidden method Lsun/misc/Unsafe;->getObject(Ljava/lang/Object;J)Ljava/lang/Object; (greylist, linking, allowed)

07-08 01:02:59.581 29073 29255 W com.wallapop: Accessing hidden method Lsun/misc/Unsafe;->putObject(Ljava/lang/Object;JLjava/lang/Object;)V (greylist, linking, allowed)

07-08 01:02:59.582 29073 29255 W com.wallapop: Accessing hidden method Lsun/misc/Unsafe;->getInt(Ljava/lang/Object;J)I (greylist, linking, allowed)

07-08 01:02:59.582 29073 29255 W com.wallapop: Accessing hidden method Lsun/misc/Unsafe;->putInt(Ljava/lang/Object;JI)V (greylist, linking, allowed)

07-08 01:02:59.582 29073 29255 W com.wallapop: Accessing hidden method Lsun/misc/Unsafe;->putLong(Ljava/lang/Object;JJ)V (greylist, linking, allowed)

07-08 01:02:59.583 29073 29180 W com.wallapop: Accessing hidden method Lsun/misc/Unsafe;->putInt(Ljava/lang/Object;JI)V (greylist, linking, allowed)

07-08 01:02:59.847  4948  5100 D WindowManager: w is invisible : 74bed4 com.wallapop/com.rewallapop.ui.wall.WallActivity

07-08 01:02:59.847  4948  5100 D WindowManager: w is invisible : 9a9a6fa com.wallapop/com.wallapop.activities.PreferencesActivity

07-08 01:02:59.847  4948  5100 D WindowManager: w is invisible : 74bed4 com.wallapop/com.rewallapop.ui.wall.WallActivity

07-08 01:02:59.847  4948  5100 D WindowManager: w is invisible : 9a9a6fa com.wallapop/com.wallapop.activities.PreferencesActivity

07-08 01:02:59.901  4948 13506 D WindowManager: w is invisible : 74bed4 com.wallapop/com.rewallapop.ui.wall.WallActivity

07-08 01:02:59.901  4948 13506 D WindowManager: w is invisible : 9a9a6fa com.wallapop/com.wallapop.activities.PreferencesActivity

07-08 01:02:59.901  4948 13506 D WindowManager: w is invisible : 74bed4 com.wallapop/com.rewallapop.ui.wall.WallActivity

07-08 01:02:59.901  4948 13506 D WindowManager: w is invisible : 9a9a6fa com.wallapop/com.wallapop.activities.PreferencesActivity

07-08 01:03:00.048  4948  5098 D CodecSolution: isMaxAspectPackageEx: com.wallapop : true(2)

07-08 01:03:00.054  4948  5098 D CodecSolution: isMaxAspectPackageEx: com.wallapop : true(2)

07-08 01:03:00.054  4948  5098 I PerfSDKService: Current foregroundpackage name : com.wallapop

07-08 01:03:00.184  4948 12848 D MdnieScenarioControlService:  packageName : com.wallapop    className : com.wallapop.activities.PreferencesActivity

07-08 01:03:02.226 29073 29301 W com.wallapop: Accessing hidden method Lsun/misc/Unsafe;->getObject(Ljava/lang/Object;J)Ljava/lang/Object; (greylist, linking, allowed)

07-08 01:03:02.227 29073 29301 W com.wallapop: Accessing hidden method Lsun/misc/Unsafe;->putObject(Ljava/lang/Object;JLjava/lang/Object;)V (greylist, linking, allowed)

07-08 01:03:02.233 29073 29180 W com.wallapop: Accessing hidden method Lsun/misc/Unsafe;->getInt(Ljava/lang/Object;J)I (greylist, linking, allowed)

07-08 01:03:02.233 29073 29180 W com.wallapop: Accessing hidden method Lsun/misc/Unsafe;->putInt(Ljava/lang/Object;JI)V (greylist, linking, allowed)

07-08 01:03:02.245 29073 29200 I WM-WorkerWrapper: Worker result FAILURE for Work [ id=a7893b6d-5638-4c8b-88cd-9c6adf098bf4, tags={ com.wallapop.thirdparty.tracker.metrics.MetricsRequestWorker, metrics_tracker_work } ]

07-08 01:03:02.260 29073 29137 W com.wallapop: Accessing hidden method Lsun/misc/Unsafe;->putInt(Ljava/lang/Object;JI)V (greylist, linking, allowed)

07-08 01:03:02.260 29073 29137 W com.wallapop: Accessing hidden method Lsun/misc/Unsafe;->putLong(Ljava/lang/Object;JJ)V (greylist, linking, allowed)

07-08 01:03:02.262 29073 29180 W com.wallapop: Accessing hidden method Lsun/misc/Unsafe;->putInt(Ljava/lang/Object;JI)V (greylist, linking, allowed)

07-08 01:03:02.275  4948  5098 D CodecSolution: isMaxAspectPackageEx: com.wallapop : true(2)

07-08 01:03:02.290  4948  5098 D CodecSolution: isMaxAspectPackageEx: com.wallapop : true(2)

07-08 01:03:02.291  4948  5098 I PerfSDKService: Current foregroundpackage name : com.wallapop

07-08 01:03:02.411  4948 12848 D MdnieScenarioControlService:  packageName : com.wallapop    className : com.wallapop.activities.PreferencesActivity

07-08 01:03:14.933  4948  5098 D CodecSolution: isMaxAspectPackageEx: com.wallapop : true(2)

07-08 01:03:14.961  4948 15049 D SamsungAlarmManager: Cancel Alarm calling from uid:10385 pid :29073 / op:PendingIntent{38880f7: PendingIntentRecord{4d55e05 com.wallapop broadcastIntent}}

07-08 01:03:14.973  4948  5098 D CodecSolution: isMaxAspectPackageEx: com.wallapop : true(2)

07-08 01:03:14.975  4948  5098 I PerfSDKService: Current foregroundpackage name : com.wallapop

07-08 01:03:15.097  4948 12848 D MdnieScenarioControlService:  packageName : com.wallapop    className : com.wallapop.activities.PreferencesActivity

07-08 01:03:29.329 12945 12986 V PermissionManager_FLP: onOpChanged, op=0 / packageName=com.wallapop

07-08 01:03:41.031  4948  5098 D CodecSolution: isMaxAspectPackageEx: com.wallapop : true(2)

07-08 01:03:41.052  4948  5098 D CodecSolution: isMaxAspectPackageEx: com.wallapop : true(2)

07-08 01:03:41.054  4948  5098 I PerfSDKService: Current foregroundpackage name : com.wallapop

07-08 01:03:41.178  4948 12848 D MdnieScenarioControlService:  packageName : com.wallapop    className : com.wallapop.activities.PreferencesActivity

07-08 01:03:41.214  4948  5098 D CodecSolution: isMaxAspectPackageEx: com.wallapop : true(2)

07-08 01:03:41.222  4948  5098 D CodecSolution: isMaxAspectPackageEx: com.wallapop : true(2)

07-08 01:03:41.224  4948  5098 I PerfSDKService: Current foregroundpackage name : com.wallapop

07-08 01:03:41.346  4948 12848 D MdnieScenarioControlService:  packageName : com.wallapop    className : com.wallapop.activities.PreferencesActivity

07-08 01:04:14.695 29073 29121 W com.wallapop: Accessing hidden method Lsun/misc/Unsafe;->putObject(Ljava/lang/Object;JLjava/lang/Object;)V (greylist, linking, allowed)

07-08 01:04:14.697 29073 29121 W com.wallapop: Accessing hidden method Lsun/misc/Unsafe;->putInt(Ljava/lang/Object;JI)V (greylist, linking, allowed)

07-08 01:04:14.701 29073 29734 W com.wallapop: Accessing hidden method Lsun/misc/Unsafe;->putInt(Ljava/lang/Object;JI)V (greylist, linking, allowed)

07-08 01:04:33.532  4948  5779 D GameManagerService: identifyForegroundApp. com.wallapop, mCurrentUserId: 0, callerUserId: 0

07-08 01:04:33.532  4948  5779 D GamePkgDataHelper: getGamePkgData(). com.wallapop

07-08 01:04:41.277  4948  5098 D CodecSolution: isMaxAspectPackageEx: com.wallapop : true(2)

07-08 01:04:41.279  4948  5098 I PerfSDKService: Current foregroundpackage name : com.wallapop

07-08 01:04:41.392  4948  5098 D CodecSolution: isMaxAspectPackageEx: com.wallapop : true(2)

07-08 01:04:41.400  4948  5098 D CodecSolution: isMaxAspectPackageEx: com.wallapop : true(2)

07-08 01:04:41.405  4948  5098 I PerfSDKService: Current foregroundpackage name : com.wallapop

07-08 01:04:41.527  4948 12848 D MdnieScenarioControlService:  packageName : com.wallapop    className : com.wallapop.activities.PreferencesActivity

07-08 01:04:52.361  4948 12936 I ActivityManager: Force stopping com.wallapop appid=10385 user=0: from pid 29863

07-08 01:04:52.361  4948 12936 I ActivityManager: Killing 29073:com.wallapop/u0a385 (adj 200): stop com.wallapop

07-08 01:04:52.367  4948 12936 W ActivityManager: Scheduling restart of crashed service com.wallapop/com.rewallapop.ui.debug.view.DebugActivity$Service in 1000ms

07-08 01:04:52.367  4948  4948 D EdgeLightingManager: hideForNotification : packageName = com.wallapop

07-08 01:04:52.368  4948  4948 D EdgeLightingPolicyManager:NotificationGroup: remove : sbn : StatusBarNotification(pkg=com.wallapop user=UserHandle{0} id=999 tag=null key=0|com.wallapop|999|null|10385: Notification(channel=wallapop_channel pri=-2 contentView=null vibrate=null sound=null defaults=0x0 flags=0x62 color=0x00000000 vis=PRIVATE semFlags=0x0 semPriority=0 semMissedCount=0))

07-08 01:04:52.368  4948  4948 D EdgeLightingPolicyManager: isAcceptableApplication:  pkg=com.wallapop , range=1 , includeAllApp=false , userId=0 , infoRange=0 , infoCategory=0

07-08 01:04:52.370  4948 12936 W ActivityTaskManager: Force removing ActivityRecord{eaee7d8 u0 com.wallapop/.activities.PreferencesActivity t1306 f}: app died, no saved state

07-08 01:04:52.372 12945 12986 V NotificationManager_FLP: Notification for foreground service is removed, 0|com.wallapop|999|null|10385

07-08 01:04:52.372  4382  5775 I Layer   : id=1533 removeFromCurrentState 9a9a6fa com.wallapop/com.wallapop.activities.PreferencesActivity#0 (57)

07-08 01:04:52.373 13050 13050 D Launcher.NotificationListener: onNotificationRemoved : StatusBarNotification(pkg=com.wallapop user=UserHandle{0} id=999 tag=null key=0|com.wallapop|999|null|10385: Notification(channel=wallapop_channel pri=-2 contentView=null vibrate=null sound=null defaults=0x0 flags=0x62 color=0x00000000 vis=PRIVATE semFlags=0x0 semPriority=0 semMissedCount=0)) listener : null

07-08 01:04:52.373  4382  5775 I SurfaceFlinger: id=1533 Removed 9a9a6fa com.wallapop/com.wallapop.activities.PreferencesActivity#0 (57)

07-08 01:04:52.373  4948 12936 W ActivityTaskManager: Force removing ActivityRecord{2c37411 u0 com.wallapop/com.rewallapop.ui.wall.WallActivity t1306 f}: app died, no saved state

07-08 01:04:52.375  4382  5775 I Layer   : id=1532 removeFromCurrentState AppWindowToken{7c11e16 token=Token{42cb731 ActivityRecord{eaee7d8 u0 com.wallapop/.activities.PreferencesActivity t1306}}}#0 (57)

07-08 01:04:52.375  4382  5775 I Layer   : id=1529 removeFromCurrentState 74bed4 com.wallapop/com.rewallapop.ui.wall.WallActivity#0 (57)

07-08 01:04:52.375  4382  5775 I SurfaceFlinger: id=1532 Removed AppWindowToken{7c11e16 token=Token{42cb731 ActivityRecord{eaee7d8 u0 com.wallapop/.activities.PreferencesActivity t1306}}}#0 (57)

07-08 01:04:52.375  4382  5775 I SurfaceFlinger: id=1529 Removed 74bed4 com.wallapop/com.rewallapop.ui.wall.WallActivity#0 (57)

07-08 01:04:52.376  4382  5775 I Layer   : id=1524 removeFromCurrentState AppWindowToken{e9aeb77 token=Token{bbc976 ActivityRecord{2c37411 u0 com.wallapop/com.rewallapop.ui.wall.WallActivity t1306}}}#0 (57)

07-08 01:04:52.377  4382  4382 I Layer   : id=1533[1] Destroyed 9a9a6fa com.wallapop/com.wallapop.activities.PreferencesActivity#0

07-08 01:04:52.377  4382  4382 I Layer   : id=1529[1] Destroyed 74bed4 com.wallapop/com.rewallapop.ui.wall.WallActivity#0

07-08 01:04:52.377  4382  4382 I Layer   : id=1532[1] Destroyed AppWindowToken{7c11e16 token=Token{42cb731 ActivityRecord{eaee7d8 u0 com.wallapop/.activities.PreferencesActivity t1306}}}#0

07-08 01:04:52.377  4382  5775 I SurfaceFlinger: id=1524 Removed AppWindowToken{e9aeb77 token=Token{bbc976 ActivityRecord{2c37411 u0 com.wallapop/com.rewallapop.ui.wall.WallActivity t1306}}}#0 (54)

07-08 01:04:52.393  4382  4382 I Layer   : id=1524[1] Destroyed AppWindowToken{e9aeb77 token=Token{bbc976 ActivityRecord{2c37411 u0 com.wallapop/com.rewallapop.ui.wall.WallActivity t1306}}}#0

07-08 01:04:52.403  4948  5106 W BroadcastQueue: Background execution not allowed: receiving Intent { act=android.intent.action.PACKAGE_RESTARTED dat=package:com.wallapop flg=0x10 (has extras) } to android/com.kddi.android.CpaNotiReceiver

07-08 01:04:52.413  4948  4948 D SamsungAlarmManager: Remove alarm for next reason : android.intent.action.PACKAGE_RESTARTED : package: com.wallapop

07-08 01:04:56.912  4948  4948 D GameManagerService: identifyGamePackage. com.wallapop, mCurrentUserId: 0, callerUserId: 0

07-08 01:04:56.912  4948  4948 D GamePkgDataHelper: getGamePkgData(). com.wallapop

07-08 01:04:58.090  4948 12938 I ActivityManager: Force stopping com.wallapop appid=10385 user=0: from pid 30029

07-08 01:04:58.095  4948  4948 D SamsungAlarmManager: Remove alarm for next reason : android.intent.action.PACKAGE_RESTARTED : package: com.wallapop

07-08 01:04:58.098  4948  5106 W BroadcastQueue: Background execution not allowed: receiving Intent { act=android.intent.action.PACKAGE_RESTARTED dat=package:com.wallapop flg=0x10 (has extras) } to android/com.kddi.android.CpaNotiReceiver

07-08 01:04:58.345  4948 12938 I ActivityTaskManager: START u0 {flg=0x10000000 cmp=com.wallapop/com.rewallapop.ui.main.MainActivity} from uid 2000

07-08 01:04:58.354  4382  4633 I SurfaceFlinger: id=1553 createSurf (0x0),-1 flag=80004, AppWindowToken{fb3bbd3 token=Token{14671c2 ActivityRecord{8e19e0d u0 com.wallapop/com.rewallapop.ui.main.MainActivity t1307}}}#0

07-08 01:04:58.357  4948  5100 D GameSDKService: MultiWindowEventListener.onFocusStackChanged(), state=0, top=ComponentInfo{com.wallapop/com.rewallapop.ui.main.MainActivity}

07-08 01:04:58.358  4948  5100 D GameSDKService: MultiWindowEventListener.onFocusStackChanged(): com.wallapop

07-08 01:04:58.359  4948  5100 D GameManagerService: MultiWindowEventListener.onFocusedStackChanged(), state=0, top=ComponentInfo{com.wallapop/com.rewallapop.ui.main.MainActivity}

07-08 01:04:58.359  4948  5100 D GameManagerService: MultiWindowEventListener.onFocusedStackChanged(), pkgName: com.wallapop, clsName: com.rewallapop.ui.main.MainActivity, FgActivityName:com.wallapop/com.rewallapop.ui.main.MainActivity, userID:0

07-08 01:04:58.362  4948  5100 I ApplicationPolicy: isApplicationExternalStorageWhitelisted:com.wallapop user:0

07-08 01:04:58.362  4948  5100 D ActivityManager: package  com.wallapop, user - 0 is SDcard whitelisted

07-08 01:04:58.362  4948  5100 I ApplicationPolicy: isApplicationExternalStorageBlacklisted:com.wallapop user:0

07-08 01:04:58.362  4948  5100 I ApplicationPolicy: isApplicationExternalStorageBlacklisted:com.wallapop user:0

07-08 01:04:58.362  4948  5101 D PhoneWindow: forceLight changed to true [Splash Screen com.wallapop] from com.android.internal.policy.PhoneWindow.updateForceLightNavigationBar:4268 com.android.internal.policy.DecorView.updateColorViews:1513 com.android.internal.policy.PhoneWindow.dispatchWindowAttributesChanged:3246 android.view.Window.setFlags:1148 com.android.internal.policy.PhoneWindow.generateLayout:2474

07-08 01:04:58.362  4948  5101 D PhoneWindow: forceLight changed to false [Splash Screen com.wallapop] from com.android.internal.policy.PhoneWindow.updateForceLightNavigationBar:4274 com.android.internal.policy.DecorView.updateColorViews:1513 com.android.internal.policy.PhoneWindow.dispatchWindowAttributesChanged:3246 android.view.Window.setFlags:1148 com.android.internal.policy.PhoneWindow.generateLayout:2620

07-08 01:04:58.364  4382  4633 I SurfaceFlinger: id=1554 createSurf (0x0),-1 flag=80004, ab5b970 Splash Screen com.wallapop#0

07-08 01:04:58.365  4948  5101 D WindowManager: w is invisible : ab5b970 Splash Screen com.wallapop

07-08 01:04:58.365  4948  5101 D WindowManager: w is invisible : ab5b970 Splash Screen com.wallapop

07-08 01:04:58.370  4948  5101 V WindowManager: Relayout Window{ab5b970 u0 Splash Screen com.wallapop}: viewVisibility=0 req=1080x2220

07-08 01:04:58.372  4382  4633 I SurfaceFlinger: id=1555 createSurf (1080x2220),1 flag=4, Splash Screen com.wallapop#0

07-08 01:04:58.372  4948  5101 D WindowManager: makeSurface duration=1 name=Splash Screen com.wallapop

07-08 01:04:58.378  4948  5107 I ActivityManager: Start proc 30032:com.wallapop/u0a385 for activity {com.wallapop/com.rewallapop.ui.main.MainActivity}

07-08 01:04:58.381  4948  5101 D WindowManager: finishDrawingWindow: Window{ab5b970 u0 Splash Screen com.wallapop} mDrawState=DRAW_PENDING

07-08 01:04:58.382  4948  5101 V WindowManager: performShow on Window{ab5b970 u0 Splash Screen com.wallapop}: mDrawState=READY_TO_SHOW readyForDisplay=false starting=true during animation: policyVis=true parentHidden=false tok.hiddenRequested=false tok.hidden=true animating=true tok animating=true Callers=com.android.server.wm.WindowState.performShowLocked:4731 com.android.server.wm.WindowStateAnimator.commitFinishDrawingLocked:401 com.android.server.wm.DisplayContent.lambda$new$8$DisplayContent:990 com.android.server.wm.-$$Lambda$DisplayContent$qxt4izS31fb0LF2uo_OF9DMa7gc.accept:4

07-08 01:04:58.384 30032 30032 I com.wallapop: Late-enabling -Xcheck:jni

07-08 01:04:58.404 30032 30032 E com.wallapop: Unknown bits set in runtime_flags: 0x8000

07-08 01:04:58.419  4948 12960 I ActivityManager: DSS OFF for com.wallapop

07-08 01:04:58.422  4948 12960 V WindowManager: performShow on Window{ab5b970 u0 Splash Screen com.wallapop}: mDrawState=READY_TO_SHOW readyForDisplay=false starting=true during animation: policyVis=true parentHidden=false tok.hiddenRequested=false tok.hidden=true animating=true tok animating=true Callers=com.android.server.wm.WindowState.performShowLocked:4731 com.android.server.wm.WindowStateAnimator.commitFinishDrawingLocked:401 com.android.server.wm.DisplayContent.lambda$new$8$DisplayContent:990 com.android.server.wm.-$$Lambda$DisplayContent$qxt4izS31fb0LF2uo_OF9DMa7gc.accept:4

07-08 01:04:58.424  4948 12960 D GamePkgDataHelper: notifyAppCreate(), pkgName: com.wallapop, sendRet: true

07-08 01:04:58.424  4948 12772 D GameManagerService: onLooperPrepared(), msg: { when=0 what=10010 obj=com.wallapop target=com.samsung.android.game.GameManagerService$FgCheckThread$1 }

07-08 01:04:58.424  4948 12772 D GameManagerService: handleMessage(), MSG_APP_CREATE. pkgName: com.wallapop

07-08 01:04:58.424  4948 12960 D MARsPolicyManager: onPackageResumedFG pkgName = com.wallapop, userId = 0

07-08 01:04:58.427  4948  5101 V WindowManager: performShow on Window{ab5b970 u0 Splash Screen com.wallapop}: mDrawState=READY_TO_SHOW readyForDisplay=false starting=true during animation: policyVis=true parentHidden=false tok.hiddenRequested=false tok.hidden=true animating=true tok animating=true Callers=com.android.server.wm.WindowState.performShowLocked:4731 com.android.server.wm.WindowStateAnimator.commitFinishDrawingLocked:401 com.android.server.wm.DisplayContent.lambda$new$8$DisplayContent:990 com.android.server.wm.-$$Lambda$DisplayContent$qxt4izS31fb0LF2uo_OF9DMa7gc.accept:4

07-08 01:04:58.431  4948  5101 I WindowManager: Reparenting to leash, surface=Surface(name=AppWindowToken{fb3bbd3 token=Token{14671c2 ActivityRecord{8e19e0d u0 com.wallapop/com.rewallapop.ui.main.MainActivity t1307}}})/@0x6f6b94

07-08 01:04:58.431  4382  4440 I SurfaceFlinger: id=1558 createSurf (0x0),-1 flag=80004, Surface(name=AppWindowToken{fb3bbd3 token=Token{14671c2 ActivityRecord{8e19e0d u0 com.wallapop/com.rewallapop.ui.main.MainActivity t1307}}})/@0x6f6b94 - animation-leash#0

07-08 01:04:58.432  4948  5101 D WindowManager: makeSurface duration=0 leash=Surface(name=Surface(name=AppWindowToken{fb3bbd3 token=Token{14671c2 ActivityRecord{8e19e0d u0 com.wallapop/com.rewallapop.ui.main.MainActivity t1307}}})/@0x6f6b94 - animation-leash)/@0xab0163d

07-08 01:04:58.432  4382  4440 I SurfaceFlinger: id=1559 createSurf (0x0),-1 flag=80004, Surface(name=AppWindowToken{fb3bbd3 token=Token{14671c2 ActivityRecord{8e19e0d u0 com.wallapop/com.rewallapop.ui.main.MainActivity t1307}}})/@0x6f6b94 - animation-bounds#0

07-08 01:04:58.433  4948  5098 D WindowManager: setSystemUiVisibility: displayId=0, vis=0xa018, fullVis=0x2000, dockVis=0x0, win=Window{ab5b970 u0 Splash Screen com.wallapop}

07-08 01:04:58.440  4948 12703 D PkgPredictorService: com.wallapop go to foreground!

07-08 01:04:58.440  4948 12703 D PkgPredictorService: previous pkgs: com.wallapop,com.wallapop,com.wallapop running pkg: com.wallapop, uid: 0 is system: false

07-08 01:04:58.440  4948 12703 D PkgPredictorService-Collector:  (hour:1 day:4 previous:[com.wallapop, com.wallapop, com.wallapop] activityName:unknown running:com.wallapop userId:0 screenOrientation:0 wifi:1 bt:0 predictTime:0 apkVersion:1.102.0-d2007061006 consumeTime:-1 preloaded:false>)

07-08 01:04:58.440  4948 12703 D PkgPredictorService-NapPreloadController: User using: com.wallapop

07-08 01:04:58.441  4948 12703 D PkgPredictorService-NapClassifier: Predict result: 17.0,2.0,29.0, - [0_&_com.wallapop, 0_&_com.android.vending, 0_&_com.Slack]

07-08 01:04:58.441  4948  5098 D CodecSolution: isMaxAspectPackageEx: com.wallapop : true(2)

07-08 01:04:58.441  4948 12703 D PkgPredictorService-NapPreloadController: preloadWithUid pkg: [com.wallapop] Uid: [0]

07-08 01:04:58.441 12945 12986 V PermissionManager_FLP: onOpChanged, op=0 / packageName=com.wallapop

07-08 01:04:58.441  4948  5098 I PerfSDKService: Current foregroundpackage name : com.wallapop

07-08 01:04:58.442  4948  5100 D GamePkgDataHelper: getSosPolicy(). com.wallapop

07-08 01:04:58.444  4948  5100 D GameManagerService: identifyGamePackage. com.wallapop, mCurrentUserId: 0, callerUserId: 0

07-08 01:04:58.444  4948  5100 D GamePkgDataHelper: getGamePkgData(). com.wallapop

07-08 01:04:58.444  4948 13107 D GamePkgDataHelper: getSosPolicy(). com.wallapop

07-08 01:04:58.446  4948  5100 D GameManagerService: noteResumeComponent(), resumeComponent: com.wallapop

07-08 01:04:58.446  4948 12772 D GameManagerService: onLooperPrepared(), msg: { when=0 what=10000 obj=ComponentInfo{com.wallapop/com.rewallapop.ui.main.MainActivity} target=com.samsung.android.game.GameManagerService$FgCheckThread$1 }

07-08 01:04:58.446  4948 12772 D GameManagerService: notifyResumePause(). pkg: com.wallapop, type: 4, isMinimized: false, isTunableApp: false

07-08 01:04:58.460 30032 30032 I com.wallapop: The ClassLoaderContext is a special shared library.

07-08 01:04:58.523  4382  4382 I SurfaceFlinger:      DEVICE | 0x7afdfc9380 | 0000 | RGBA_8888 |   0.0    0.0 1080.0 2220.0 |   89  183  991 2037 | Splash Screen com.wallapop#0

07-08 01:04:58.555  4382  4382 I SurfaceFlinger:      DEVICE | 0x7afdfc9380 | 0000 | RGBA_8888 |   0.0    0.0 1080.0 2220.0 |   49  102 1031 2118 | Splash Screen com.wallapop#0

07-08 01:04:58.570  4948 12848 D MdnieScenarioControlService:  packageName : com.wallapop    className : com.rewallapop.ui.main.MainActivity

07-08 01:04:58.579 30032 30054 W com.wallapop: Unsupported class loader

07-08 01:04:58.685  4948  5101 I WindowManager: Reparenting to original parent: Surface(name=Task=1307)/@0x2d771c7, destroyLeash=true, surface=Surface(name=AppWindowToken{fb3bbd3 token=Token{14671c2 ActivityRecord{8e19e0d u0 com.wallapop/com.rewallapop.ui.main.MainActivity t1307}}})/@0x6f6b94

07-08 01:04:58.687  4382  4440 I Layer   : id=1558 removeFromCurrentState Surface(name=AppWindowToken{fb3bbd3 token=Token{14671c2 ActivityRecord{8e19e0d u0 com.wallapop/com.rewallapop.ui.main.MainActivity t1307}}})/@0x6f6b94 - animation-leash#0 (60)

07-08 01:04:58.687  4382  4440 I Layer   : id=1559 removeFromCurrentState Surface(name=AppWindowToken{fb3bbd3 token=Token{14671c2 ActivityRecord{8e19e0d u0 com.wallapop/com.rewallapop.ui.main.MainActivity t1307}}})/@0x6f6b94 - animation-bounds#0 (60)

07-08 01:04:58.688  4382  4440 I SurfaceFlinger: id=1558 Removed Surface(name=AppWindowToken{fb3bbd3 token=Token{14671c2 ActivityRecord{8e19e0d u0 com.wallapop/com.rewallapop.ui.main.MainActivity t1307}}})/@0x6f6b94 - animation-leash#0 (60)

07-08 01:04:58.688  4382  4440 I SurfaceFlinger: id=1559 Removed Surface(name=AppWindowToken{fb3bbd3 token=Token{14671c2 ActivityRecord{8e19e0d u0 com.wallapop/com.rewallapop.ui.main.MainActivity t1307}}})/@0x6f6b94 - animation-bounds#0 (60)

07-08 01:04:58.701  4382  4382 I Layer   : id=1559[1] Destroyed Surface(name=AppWindowToken{fb3bbd3 token=Token{14671c2 ActivityRecord{8e19e0d u0 com.wallapop/com.rewallapop.ui.main.MainActivity t1307}}})/@0x6f6b94 - animation-bounds#0

07-08 01:04:58.701  4382  4382 I Layer   : id=1558[1] Destroyed Surface(name=AppWindowToken{fb3bbd3 token=Token{14671c2 ActivityRecord{8e19e0d u0 com.wallapop/com.rewallapop.ui.main.MainActivity t1307}}})/@0x6f6b94 - animation-leash#0

07-08 01:04:58.704 30032 30060 I FA      :   adb shell setprop debug.firebase.analytics.app com.wallapop

07-08 01:04:58.722  4382  4382 I SurfaceFlinger:      DEVICE | 0x7afdfc9380 | 0000 | RGBA_8888 |   0.0    0.0 1080.0 2220.0 |    0    0 1080 2220 | Splash Screen com.wallapop#0

07-08 01:04:58.759 30032 30032 W com.wallapop: Accessing hidden method Ldalvik/system/CloseGuard;->get()Ldalvik/system/CloseGuard; (greylist,core-platform-api, reflection, allowed)

07-08 01:04:58.759 30032 30032 W com.wallapop: Accessing hidden method Ldalvik/system/CloseGuard;->open(Ljava/lang/String;)V (greylist,core-platform-api, reflection, allowed)

07-08 01:04:58.759 30032 30032 W com.wallapop: Accessing hidden method Ldalvik/system/CloseGuard;->warnIfOpen()V (greylist,core-platform-api, reflection, allowed)

07-08 01:04:58.788 30032 30088 I stetho  : Listening on @stetho_com.wallapop_devtools_remote

07-08 01:04:58.815  4948 13506 D PackageManager: setEnabledSetting : userId = 0 packageName = com.wallapop cmp = androidx.work.impl.background.systemjob.SystemJobService newState = 1 callingPackage = 10385/com.wallapop

07-08 01:04:58.988 30032 30116 W com.wallapop: Accessing hidden field Lsun/misc/Unsafe;->theUnsafe:Lsun/misc/Unsafe; (greylist, reflection, allowed)

07-08 01:04:58.989 30032 30116 W com.wallapop: Accessing hidden method Lsun/misc/Unsafe;->arrayIndexScale(Ljava/lang/Class;)I (greylist, linking, allowed)

07-08 01:04:58.989 30032 30116 W com.wallapop: Accessing hidden method Lsun/misc/Unsafe;->arrayBaseOffset(Ljava/lang/Class;)I (greylist,core-platform-api, linking, allowed)

07-08 01:04:58.989 30032 30116 W com.wallapop: Accessing hidden method Lsun/misc/Unsafe;->objectFieldOffset(Ljava/lang/reflect/Field;)J (greylist,core-platform-api, linking, allowed)

07-08 01:04:59.002 30032 30124 W com.wallapop: Accessing hidden method Lsun/misc/Unsafe;->getObjectVolatile(Ljava/lang/Object;J)Ljava/lang/Object; (greylist, linking, allowed)

07-08 01:04:59.002 30032 30124 W com.wallapop: Accessing hidden method Lsun/misc/Unsafe;->putOrderedObject(Ljava/lang/Object;JLjava/lang/Object;)V (greylist, linking, allowed)

07-08 01:04:59.002 30032 30124 W com.wallapop: Accessing hidden method Lsun/misc/Unsafe;->putOrderedLong(Ljava/lang/Object;JJ)V (greylist, linking, allowed)

07-08 01:04:59.062  4948 13506 D PackageManager: setEnabledSetting : userId = 0 packageName = com.wallapop cmp = androidx.work.impl.background.systemalarm.RescheduleReceiver newState = 1 callingPackage = 10385/com.wallapop

07-08 01:04:59.074 30032 30143 W com.wallapop: Accessing hidden method Llibcore/io/Memory;->peekLong(JZ)J (greylist, reflection, allowed)

07-08 01:04:59.074 30032 30143 W com.wallapop: Accessing hidden method Llibcore/io/Memory;->pokeLong(JJZ)V (greylist, reflection, allowed)

07-08 01:04:59.075 30032 30143 W com.wallapop: Accessing hidden method Llibcore/io/Memory;->pokeInt(JIZ)V (greylist, reflection, allowed)

07-08 01:04:59.075 30032 30143 W com.wallapop: Accessing hidden method Llibcore/io/Memory;->peekInt(JZ)I (greylist, reflection, allowed)

07-08 01:04:59.075 30032 30143 W com.wallapop: Accessing hidden method Llibcore/io/Memory;->pokeByte(JB)V (greylist, reflection, allowed)

07-08 01:04:59.075 30032 30143 W com.wallapop: Accessing hidden method Llibcore/io/Memory;->peekByte(J)B (greylist, reflection, allowed)

07-08 01:04:59.075 30032 30143 W com.wallapop: Accessing hidden method Llibcore/io/Memory;->pokeByteArray(J[BII)V (greylist, reflection, allowed)

07-08 01:04:59.075 30032 30143 W com.wallapop: Accessing hidden method Llibcore/io/Memory;->peekByteArray(J[BII)V (greylist, reflection, allowed)

07-08 01:04:59.077 30032 30143 W com.wallapop: Accessing hidden method Lsun/misc/Unsafe;->getLong(Ljava/lang/Object;J)J (greylist,core-platform-api, reflection, allowed)

07-08 01:04:59.077 30032 30143 W com.wallapop: Accessing hidden field Ljava/nio/Buffer;->address:J (greylist, reflection, allowed)

07-08 01:04:59.079 30032 30143 W com.wallapop: Accessing hidden method Lsun/misc/Unsafe;->getInt(Ljava/lang/Object;J)I (greylist, reflection, allowed)

07-08 01:04:59.079 30032 30143 W com.wallapop: Accessing hidden method Lsun/misc/Unsafe;->putInt(Ljava/lang/Object;JI)V (greylist, reflection, allowed)

07-08 01:04:59.079 30032 30143 W com.wallapop: Accessing hidden method Lsun/misc/Unsafe;->getLong(Ljava/lang/Object;J)J (greylist,core-platform-api, reflection, allowed)

07-08 01:04:59.079 30032 30143 W com.wallapop: Accessing hidden method Lsun/misc/Unsafe;->putLong(Ljava/lang/Object;JJ)V (greylist, reflection, allowed)

07-08 01:04:59.079 30032 30143 W com.wallapop: Accessing hidden method Lsun/misc/Unsafe;->getObject(Ljava/lang/Object;J)Ljava/lang/Object; (greylist, reflection, allowed)

07-08 01:04:59.079 30032 30143 W com.wallapop: Accessing hidden method Lsun/misc/Unsafe;->putObject(Ljava/lang/Object;JLjava/lang/Object;)V (greylist, reflection, allowed)

07-08 01:04:59.136  4948 15823 D SamsungAlarmManager: Cancel Alarm calling from uid:10385 pid :30032 / op:PendingIntent{b04c7fd: PendingIntentRecord{83386e0 com.wallapop broadcastIntent}}

07-08 01:04:59.137 30032 30091 W com.wallapop: Accessing hidden method Lsun/misc/Unsafe;->allocateInstance(Ljava/lang/Class;)Ljava/lang/Object; (greylist, reflection, allowed)

07-08 01:04:59.164  4948 12960 D BaseRestrictionMgr: Package: com.android.vending, userid: 0, hostingType: bindService is allowed by freecess, caller is: com.wallapop

07-08 01:04:59.254  4948 13506 D SamsungAlarmManager: Cancel Alarm calling from uid:10385 pid :30032 / op:PendingIntent{22aff16: PendingIntentRecord{73e536 com.wallapop broadcastIntent}}

07-08 01:04:59.277 30032 30032 I chatty  : uid=10385(com.wallapop) identical 4 lines

07-08 01:04:59.278 30032 30032 I chatty  : uid=10385(com.wallapop) identical 1 line

07-08 01:04:59.279 30032 30032 I chatty  : uid=10385(com.wallapop) identical 3 lines

07-08 01:04:59.279 30032 30032 I chatty  : uid=10385(com.wallapop) identical 1 line

07-08 01:04:59.279 30032 30032 I chatty  : uid=10385(com.wallapop) identical 6 lines

07-08 01:04:59.322 30032 30120 W com.wallapop: Accessing hidden method Lsun/misc/Unsafe;->getObject(Ljava/lang/Object;J)Ljava/lang/Object; (greylist, linking, allowed)

07-08 01:04:59.327 30032 30120 W com.wallapop: Accessing hidden method Lsun/misc/Unsafe;->putObject(Ljava/lang/Object;JLjava/lang/Object;)V (greylist, linking, allowed)

07-08 01:04:59.328  4948 13506 I ActivityTaskManager: START u0 {cmp=com.wallapop/com.rewallapop.ui.wall.WallActivity (has extras)} from uid 10385

07-08 01:04:59.330  4382  4633 I SurfaceFlinger: id=1560 createSurf (0x0),-1 flag=80004, AppWindowToken{3b7bd87 token=Token{77f59c6 ActivityRecord{d34d3a1 u0 com.wallapop/com.rewallapop.ui.wall.WallActivity t1307}}}#0

07-08 01:04:59.330 30032 30143 W com.wallapop: Accessing hidden method Lsun/misc/Unsafe;->putObject(Ljava/lang/Object;JLjava/lang/Object;)V (greylist, linking, allowed)

07-08 01:04:59.332  4948  5098 D WindowManager: setSystemUiVisibility: displayId=0, vis=0xa018, fullVis=0x2000, dockVis=0x0, win=Window{ab5b970 u0 Splash Screen com.wallapop}

07-08 01:04:59.366 30032 30032 W com.wallapop: Accessing hidden method Landroid/view/View;->computeFitSystemWindows(Landroid/graphics/Rect;Landroid/graphics/Rect;)Z (greylist, reflection, allowed)

07-08 01:04:59.366 30032 30032 W com.wallapop: Accessing hidden method Landroid/view/ViewGroup;->makeOptionalFitsSystemWindows()V (greylist, reflection, allowed)

07-08 01:04:59.371 30032 30032 W com.wallapop: Accessing hidden method Lsun/misc/Unsafe;->getObjectVolatile(Ljava/lang/Object;J)Ljava/lang/Object; (greylist, linking, allowed)

07-08 01:04:59.371 30032 30032 W com.wallapop: Accessing hidden method Lsun/misc/Unsafe;->putOrderedObject(Ljava/lang/Object;JLjava/lang/Object;)V (greylist, linking, allowed)

07-08 01:04:59.371 30032 30032 W com.wallapop: Accessing hidden method Lsun/misc/Unsafe;->putOrderedLong(Ljava/lang/Object;JJ)V (greylist, linking, allowed)

07-08 01:04:59.480 30032 30187 W com.wallapop: Accessing hidden method Lsun/misc/Unsafe;->putObject(Ljava/lang/Object;JLjava/lang/Object;)V (greylist, linking, allowed)

07-08 01:04:59.482 30032 30143 W com.wallapop: Accessing hidden method Lsun/misc/Unsafe;->getInt(Ljava/lang/Object;J)I (greylist, linking, allowed)

07-08 01:04:59.482 30032 30143 W com.wallapop: Accessing hidden method Lsun/misc/Unsafe;->putInt(Ljava/lang/Object;JI)V (greylist, linking, allowed)

07-08 01:04:59.486 30032 30032 W com.wallapop: Accessing hidden method Lsun/misc/Unsafe;->getObjectVolatile(Ljava/lang/Object;J)Ljava/lang/Object; (greylist, linking, allowed)

07-08 01:04:59.498 30032 30098 W com.wallapop: Accessing hidden method Lsun/misc/Unsafe;->putObject(Ljava/lang/Object;JLjava/lang/Object;)V (greylist, linking, allowed)

07-08 01:04:59.500 30032 30098 W com.wallapop: Accessing hidden method Lsun/misc/Unsafe;->putInt(Ljava/lang/Object;JI)V (greylist, linking, allowed)

07-08 01:04:59.500 30032 30098 W com.wallapop: Accessing hidden method Lsun/misc/Unsafe;->getLong(Ljava/lang/Object;J)J (greylist,core-platform-api, linking, allowed)

07-08 01:04:59.500 30032 30098 W com.wallapop: Accessing hidden method Lsun/misc/Unsafe;->putLong(Ljava/lang/Object;JJ)V (greylist, linking, allowed)

07-08 01:04:59.500 30032 30143 W com.wallapop: Accessing hidden method Lsun/misc/Unsafe;->putInt(Ljava/lang/Object;JI)V (greylist, linking, allowed)

07-08 01:04:59.509  4948  5106 D ApplicationPolicy: isStatusBarNotificationAllowedAsUser: packageName = com.wallapop,userId = 0

07-08 01:04:59.510  4948  5106 D ApplicationPolicy: isStatusBarNotificationAllowedAsUser: packageName = com.wallapop,userId = 0

07-08 01:04:59.516  4948 12960 D GamePkgDataHelper: notifyAppCreate(), pkgName: com.wallapop, sendRet: true

07-08 01:04:59.516  4948 12772 D GameManagerService: onLooperPrepared(), msg: { when=0 what=10010 obj=com.wallapop target=com.samsung.android.game.GameManagerService$FgCheckThread$1 }

07-08 01:04:59.516  4948 12772 D GameManagerService: handleMessage(), MSG_APP_CREATE. pkgName: com.wallapop

07-08 01:04:59.517  4948 12960 D MARsPolicyManager: onPackageResumedFG pkgName = com.wallapop, userId = 0

07-08 01:04:59.519  4948 12960 I WindowManager: Reparenting to leash, surface=Surface(name=AppWindowToken{fb3bbd3 token=Token{14671c2 ActivityRecord{8e19e0d u0 com.wallapop/com.rewallapop.ui.main.MainActivity t1307}}})/@0x6f6b94

07-08 01:04:59.520  4382  4633 I SurfaceFlinger: id=1561 createSurf (0x0),-1 flag=80004, Surface(name=AppWindowToken{fb3bbd3 token=Token{14671c2 ActivityRecord{8e19e0d u0 com.wallapop/com.rewallapop.ui.main.MainActivity t1307}}})/@0x6f6b94 - animation-leash#0

07-08 01:04:59.520  4948 12960 D WindowManager: makeSurface duration=1 leash=Surface(name=Surface(name=AppWindowToken{fb3bbd3 token=Token{14671c2 ActivityRecord{8e19e0d u0 com.wallapop/com.rewallapop.ui.main.MainActivity t1307}}})/@0x6f6b94 - animation-leash)/@0x1ef3326

07-08 01:04:59.520  4382  4633 I SurfaceFlinger: id=1562 createSurf (0x0),-1 flag=80004, Surface(name=AppWindowToken{fb3bbd3 token=Token{14671c2 ActivityRecord{8e19e0d u0 com.wallapop/com.rewallapop.ui.main.MainActivity t1307}}})/@0x6f6b94 - animation-bounds#0

07-08 01:04:59.526 13273 13293 I Finsky  : [285] bmc.a(53): com.wallapop: Account from first account - [rJj4Md76H4LxoN-B4dnoZM7XaXDDBcXGlC-caOCi6Uc]

07-08 01:04:59.526  4948  5100 D GameManagerService: notePauseComponent(), pauseComponent: com.wallapop

07-08 01:04:59.530  4948  5100 D GameManagerService: noteResumeComponent(), resumeComponent: com.wallapop

07-08 01:04:59.530  4948 12772 D GameManagerService: onLooperPrepared(), msg: { when=0 what=10000 obj=ComponentInfo{com.wallapop/com.rewallapop.ui.wall.WallActivity} target=com.samsung.android.game.GameManagerService$FgCheckThread$1 }

07-08 01:04:59.530  4948 12772 D GameManagerService: notifyResumePause(). pkg: com.wallapop, type: 4, isMinimized: false, isTunableApp: false

07-08 01:04:59.530 13273 13293 I Finsky  : [285] bmc.a(53): com.wallapop: Account from first account - [rJj4Md76H4LxoN-B4dnoZM7XaXDDBcXGlC-caOCi6Uc]

07-08 01:04:59.584  4948 15823 D SamsungAlarmManager: Cancel Alarm calling from uid:10385 pid :30032 / op:PendingIntent{cccaac: PendingIntentRecord{73e536 com.wallapop broadcastIntent}}

07-08 01:04:59.588  4948 12952 D SamsungAlarmManager: Cancel Alarm calling from uid:10385 pid :30032 / op:PendingIntent{9fae375: PendingIntentRecord{73e536 com.wallapop broadcastIntent}}

07-08 01:04:59.615  4948  4948 D EdgeLightingManager: showForNotification : isInteractive=true, isHeadUp=false, color=0, sbn = StatusBarNotification(pkg=com.wallapop user=UserHandle{0} id=999 tag=null key=0|com.wallapop|999|null|10385: Notification(channel=wallapop_channel pri=-2 contentView=null vibrate=null sound=null defaults=0x0 flags=0x62 color=0x00000000 vis=PRIVATE semFlags=0x0 semPriority=0 semMissedCount=0))

07-08 01:04:59.615  4948  4948 D EdgeLightingPolicyManager: isAcceptableApplication:  pkg=com.wallapop , range=256 , includeAllApp=false , userId=0 , infoRange=0 , infoCategory=0

07-08 01:04:59.615  4948  4948 D EdgeLightingPolicyManager.NotificationGroup: group key = 0|com.wallapop|999|null|10385 ,value= summary : null , child : 1key = 0|com.wallapop|999|null|10385 , value =  NotificationData { tag= null } , }

07-08 01:04:59.616  4948  4948 D EdgeLightingPolicyManager: isAcceptableApplication:  pkg=com.wallapop , range=1 , includeAllApp=false , userId=0 , infoRange=0 , infoCategory=0

07-08 01:04:59.616  4948  4948 D NotificationService: 0|com.wallapop|999|null|10385: granting content://settings/system/notification_sound

07-08 01:04:59.619 13050 13050 D Launcher.NotificationListener: onNotificationPosted : StatusBarNotification(pkg=com.wallapop user=UserHandle{0} id=999 tag=null key=0|com.wallapop|999|null|10385: Notification(channel=wallapop_channel pri=-2 contentView=null vibrate=null sound=null defaults=0x0 flags=0x62 color=0x00000000 vis=PRIVATE semFlags=0x0 semPriority=0 semMissedCount=0)) number : 0 listener : null

07-08 01:04:59.619 13050 13050 D Launcher.NotificationListener: shouldBeFilteredOut : com.wallapop missingTitleAndText : false isGroupHeader : false

07-08 01:04:59.619 12945 12986 V NotificationManager_FLP: Notification for foreground service is posted, 0|com.wallapop|999|null|10385

07-08 01:04:59.670 30032 30079 W com.wallapop: Accessing hidden method Lsun/misc/Unsafe;->putObject(Ljava/lang/Object;JLjava/lang/Object;)V (greylist, linking, allowed)

07-08 01:04:59.672 30032 30079 W com.wallapop: Accessing hidden method Lsun/misc/Unsafe;->getInt(Ljava/lang/Object;J)I (greylist, linking, allowed)

07-08 01:04:59.672 30032 30079 W com.wallapop: Accessing hidden method Lsun/misc/Unsafe;->putInt(Ljava/lang/Object;JI)V (greylist, linking, allowed)

07-08 01:04:59.672 30032 30079 W com.wallapop: Accessing hidden method Lsun/misc/Unsafe;->putLong(Ljava/lang/Object;JJ)V (greylist, linking, allowed)

07-08 01:04:59.673 30032 30143 W com.wallapop: Accessing hidden method Lsun/misc/Unsafe;->putInt(Ljava/lang/Object;JI)V (greylist, linking, allowed)

07-08 01:04:59.673 30032 30074 W com.wallapop: Accessing hidden method Lsun/misc/Unsafe;->putInt(Ljava/lang/Object;JI)V (greylist, linking, allowed)

07-08 01:04:59.673 30032 30074 I chatty  : uid=10385(com.wallapop) AsyncTask #1 identical 1 line

07-08 01:04:59.674 30032 30074 W com.wallapop: Accessing hidden method Lsun/misc/Unsafe;->putInt(Ljava/lang/Object;JI)V (greylist, linking, allowed)

07-08 01:04:59.675 30032 30079 W com.wallapop: Accessing hidden method Lsun/misc/Unsafe;->putInt(Ljava/lang/Object;JI)V (greylist, linking, allowed)

07-08 01:04:59.677 30032 30143 W com.wallapop: Accessing hidden method Lsun/misc/Unsafe;->putObject(Ljava/lang/Object;JLjava/lang/Object;)V (greylist, linking, allowed)

07-08 01:04:59.677 30032 30143 W com.wallapop: Accessing hidden method Lsun/misc/Unsafe;->putInt(Ljava/lang/Object;JI)V (greylist, linking, allowed)

07-08 01:04:59.616  4948  4948 D NotificationService: 0|com.wallapop|999|null|10385: granting content://settings/system/notification_sound

07-08 01:04:59.820  4948  5101 I WindowManager: Reparenting to original parent: Surface(name=Task=1307)/@0x2d771c7, destroyLeash=true, surface=Surface(name=AppWindowToken{fb3bbd3 token=Token{14671c2 ActivityRecord{8e19e0d u0 com.wallapop/com.rewallapop.ui.main.MainActivity t1307}}})/@0x6f6b94

07-08 01:04:59.838  4382  4633 I Layer   : id=1561 removeFromCurrentState Surface(name=AppWindowToken{fb3bbd3 token=Token{14671c2 ActivityRecord{8e19e0d u0 com.wallapop/com.rewallapop.ui.main.MainActivity t1307}}})/@0x6f6b94 - animation-leash#0 (60)

07-08 01:04:59.838  4382  4633 I Layer   : id=1562 removeFromCurrentState Surface(name=AppWindowToken{fb3bbd3 token=Token{14671c2 ActivityRecord{8e19e0d u0 com.wallapop/com.rewallapop.ui.main.MainActivity t1307}}})/@0x6f6b94 - animation-bounds#0 (60)

07-08 01:04:59.838  4382  4439 I SurfaceFlinger: id=1561 Removed Surface(name=AppWindowToken{fb3bbd3 token=Token{14671c2 ActivityRecord{8e19e0d u0 com.wallapop/com.rewallapop.ui.main.MainActivity t1307}}})/@0x6f6b94 - animation-leash#0 (60)

07-08 01:04:59.838  4382  4439 I SurfaceFlinger: id=1562 Removed Surface(name=AppWindowToken{fb3bbd3 token=Token{14671c2 ActivityRecord{8e19e0d u0 com.wallapop/com.rewallapop.ui.main.MainActivity t1307}}})/@0x6f6b94 - animation-bounds#0 (60)

07-08 01:04:59.853  4382  4382 I Layer   : id=1562[1] Destroyed Surface(name=AppWindowToken{fb3bbd3 token=Token{14671c2 ActivityRecord{8e19e0d u0 com.wallapop/com.rewallapop.ui.main.MainActivity t1307}}})/@0x6f6b94 - animation-bounds#0

07-08 01:04:59.853  4382  4382 I Layer   : id=1561[1] Destroyed Surface(name=AppWindowToken{fb3bbd3 token=Token{14671c2 ActivityRecord{8e19e0d u0 com.wallapop/com.rewallapop.ui.main.MainActivity t1307}}})/@0x6f6b94 - animation-leash#0

07-08 01:04:59.862 30032 30032 W com.wallapop: Accessing hidden method Lsun/misc/Unsafe;->putObject(Ljava/lang/Object;JLjava/lang/Object;)V (greylist, linking, allowed)

07-08 01:04:59.864 30032 30098 W com.wallapop: Accessing hidden method Lsun/misc/Unsafe;->getInt(Ljava/lang/Object;J)I (greylist, linking, allowed)

07-08 01:04:59.864 30032 30098 W com.wallapop: Accessing hidden method Lsun/misc/Unsafe;->putInt(Ljava/lang/Object;JI)V (greylist, linking, allowed)

07-08 01:04:59.864 30032 30098 W com.wallapop: Accessing hidden method Lsun/misc/Unsafe;->getLong(Ljava/lang/Object;J)J (greylist,core-platform-api, linking, allowed)

07-08 01:04:59.864 30032 30098 W com.wallapop: Accessing hidden method Lsun/misc/Unsafe;->putLong(Ljava/lang/Object;JJ)V (greylist, linking, allowed)

07-08 01:04:59.865 30032 30143 W com.wallapop: Accessing hidden method Lsun/misc/Unsafe;->putObject(Ljava/lang/Object;JLjava/lang/Object;)V (greylist, linking, allowed)

07-08 01:04:59.865 30032 30032 W com.wallapop: Accessing hidden method Lsun/misc/Unsafe;->getObjectVolatile(Ljava/lang/Object;J)Ljava/lang/Object; (greylist, linking, allowed)

07-08 01:04:59.865 30032 30143 W com.wallapop: Accessing hidden method Lsun/misc/Unsafe;->putInt(Ljava/lang/Object;JI)V (greylist, linking, allowed)

07-08 01:04:59.870 30032 30143 W com.wallapop: Accessing hidden method Lsun/misc/Unsafe;->putInt(Ljava/lang/Object;JI)V (greylist, linking, allowed)

07-08 01:04:59.906  4382  4440 I SurfaceFlinger: id=1565 createSurf (0x0),-1 flag=80004, e1233a4 com.wallapop/com.rewallapop.ui.wall.WallActivity#0

07-08 01:04:59.910 30032 30032 W com.wallapop: Accessing hidden method Lsun/misc/Unsafe;->getObjectVolatile(Ljava/lang/Object;J)Ljava/lang/Object; (greylist, linking, allowed)

07-08 01:04:59.913 30032 30143 W com.wallapop: Accessing hidden method Lsun/misc/Unsafe;->getObject(Ljava/lang/Object;J)Ljava/lang/Object; (greylist, linking, allowed)

07-08 01:04:59.913 30032 30143 W com.wallapop: Accessing hidden method Lsun/misc/Unsafe;->putObject(Ljava/lang/Object;JLjava/lang/Object;)V (greylist, linking, allowed)

