07-08 01:05:04.189 30032 30452 W com.wallapop: Accessing hidden method Lsun/misc/Unsafe;->compareAndSwapObject(Ljava/lang/Object;JLjava/lang/Object;Ljava/lang/Object;)Z (greylist, linking, allowed)

07-08 01:05:04.196 30032 30457 W com.wallapop: Accessing hidden method Lsun/misc/Unsafe;->compareAndSwapObject(Ljava/lang/Object;JLjava/lang/Object;Ljava/lang/Object;)Z (greylist, linking, allowed)

07-08 01:05:04.260 30032 30534 W com.wallapop: Accessing hidden method Lsun/misc/Unsafe;->compareAndSwapObject(Ljava/lang/Object;JLjava/lang/Object;Ljava/lang/Object;)Z (greylist, linking, allowed)

07-08 01:05:04.448  4948 20618 D GameManagerService: identifyGamePackage. com.wallapop, mCurrentUserId: 0, callerUserId: 0

07-08 01:05:04.448  4948 20618 D GamePkgDataHelper: getGamePkgData(). com.wallapop

07-08 01:05:04.502 30032 30416 W com.wallapop: Accessing hidden method Lsun/misc/Unsafe;->compareAndSwapObject(Ljava/lang/Object;JLjava/lang/Object;Ljava/lang/Object;)Z (greylist, linking, allowed)

07-08 01:05:04.514 30032 30452 W com.wallapop: Accessing hidden method Lsun/misc/Unsafe;->compareAndSwapObject(Ljava/lang/Object;JLjava/lang/Object;Ljava/lang/Object;)Z (greylist, linking, allowed)

07-08 01:05:04.925 30032 30460 W com.wallapop: Accessing hidden method Lsun/misc/Unsafe;->compareAndSwapObject(Ljava/lang/Object;JLjava/lang/Object;Ljava/lang/Object;)Z (greylist, linking, allowed)

07-08 01:05:04.940 30032 30461 W com.wallapop: Accessing hidden method Lsun/misc/Unsafe;->compareAndSwapObject(Ljava/lang/Object;JLjava/lang/Object;Ljava/lang/Object;)Z (greylist, linking, allowed)

07-08 01:05:04.942 30032 30460 W com.wallapop: Accessing hidden method Lsun/misc/Unsafe;->compareAndSwapObject(Ljava/lang/Object;JLjava/lang/Object;Ljava/lang/Object;)Z (greylist, linking, allowed)

07-08 01:05:04.944 30032 30438 W com.wallapop: Accessing hidden method Lsun/misc/Unsafe;->compareAndSwapObject(Ljava/lang/Object;JLjava/lang/Object;Ljava/lang/Object;)Z (greylist, linking, allowed)

07-08 01:05:05.146 30032 30457 W com.wallapop: Accessing hidden method Lsun/misc/Unsafe;->compareAndSwapObject(Ljava/lang/Object;JLjava/lang/Object;Ljava/lang/Object;)Z (greylist, linking, allowed)

07-08 01:05:05.153 30032 30449 W com.wallapop: Accessing hidden method Lsun/misc/Unsafe;->compareAndSwapObject(Ljava/lang/Object;JLjava/lang/Object;Ljava/lang/Object;)Z (greylist, linking, allowed)

07-08 01:05:05.153 30032 30438 W com.wallapop: Accessing hidden method Lsun/misc/Unsafe;->compareAndSwapObject(Ljava/lang/Object;JLjava/lang/Object;Ljava/lang/Object;)Z (greylist, linking, allowed)

07-08 01:05:05.154 30032 30442 W com.wallapop: Accessing hidden method Lsun/misc/Unsafe;->compareAndSwapObject(Ljava/lang/Object;JLjava/lang/Object;Ljava/lang/Object;)Z (greylist, linking, allowed)

07-08 01:05:05.268 30032 30032 E com.wallapop: No package ID 47 found for ID 0x47470002.

07-08 01:05:05.546 30032 30405 W com.wallapop: Accessing hidden method Lsun/misc/Unsafe;->getInt(Ljava/lang/Object;J)I (greylist, linking, allowed)

07-08 01:05:05.546 30032 30405 W com.wallapop: Accessing hidden method Lsun/misc/Unsafe;->getObject(Ljava/lang/Object;J)Ljava/lang/Object; (greylist, linking, allowed)

07-08 01:05:05.546 30032 30405 W com.wallapop: Accessing hidden method Lsun/misc/Unsafe;->getLong(Ljava/lang/Object;J)J (greylist,core-platform-api, linking, allowed)

07-08 01:05:05.546 30032 30405 W com.wallapop: Accessing hidden method Lsun/misc/Unsafe;->putInt(Ljava/lang/Object;JI)V (greylist, linking, allowed)

07-08 01:05:05.546 30032 30405 W com.wallapop: Accessing hidden method Lsun/misc/Unsafe;->putObject(Ljava/lang/Object;JLjava/lang/Object;)V (greylist, linking, allowed)

07-08 01:05:05.547 30032 30405 W com.wallapop: Accessing hidden method Lsun/misc/Unsafe;->putLong(Ljava/lang/Object;JJ)V (greylist, linking, allowed)

07-08 01:05:05.558 30032 30032 W com.wallapop: Accessing hidden method Lsun/misc/Unsafe;->compareAndSwapObject(Ljava/lang/Object;JLjava/lang/Object;Ljava/lang/Object;)Z (greylist, linking, allowed)

07-08 01:05:05.599 30032 30408 W com.wallapop: Accessing hidden method Lsun/misc/Unsafe;->getInt(Ljava/lang/Object;J)I (greylist, linking, allowed)

07-08 01:05:05.605 30032 30452 W com.wallapop: Accessing hidden method Lsun/misc/Unsafe;->compareAndSwapObject(Ljava/lang/Object;JLjava/lang/Object;Ljava/lang/Object;)Z (greylist, linking, allowed)

07-08 01:05:05.606 30032 30449 W com.wallapop: Accessing hidden method Lsun/misc/Unsafe;->getObject(Ljava/lang/Object;J)Ljava/lang/Object; (greylist, linking, allowed)

07-08 01:05:05.606 30032 30449 W com.wallapop: Accessing hidden method Lsun/misc/Unsafe;->getInt(Ljava/lang/Object;J)I (greylist, linking, allowed)

07-08 01:05:05.606 30032 30449 W com.wallapop: Accessing hidden method Lsun/misc/Unsafe;->getLong(Ljava/lang/Object;J)J (greylist,core-platform-api, linking, allowed)

07-08 01:05:05.614 30032 30449 W com.wallapop: Accessing hidden method Lsun/misc/Unsafe;->getInt(Ljava/lang/Object;J)I (greylist, linking, allowed)

07-08 01:05:05.617 30032 30456 W com.wallapop: Accessing hidden method Lsun/misc/Unsafe;->compareAndSwapObject(Ljava/lang/Object;JLjava/lang/Object;Ljava/lang/Object;)Z (greylist, linking, allowed)

07-08 01:05:05.777 30032 30045 I com.wallapop: Background concurrent copying GC freed 207134(9068KB) AllocSpace objects, 149(11MB) LOS objects, 49% free, 20MB/40MB, paused 103us total 167.650ms

07-08 01:05:05.840 30032 30461 W com.wallapop: Accessing hidden method Lsun/misc/Unsafe;->compareAndSwapObject(Ljava/lang/Object;JLjava/lang/Object;Ljava/lang/Object;)Z (greylist, linking, allowed)

07-08 01:05:05.864 30032 30090 W com.wallapop: Accessing hidden method Lsun/misc/Unsafe;->compareAndSwapObject(Ljava/lang/Object;JLjava/lang/Object;Ljava/lang/Object;)Z (greylist, linking, allowed)

07-08 01:05:05.864 30032 30416 W com.wallapop: Accessing hidden method Lsun/misc/Unsafe;->getObject(Ljava/lang/Object;J)Ljava/lang/Object; (greylist, linking, allowed)

07-08 01:05:05.928 30032 30032 W com.wallapop: Accessing hidden method Landroid/media/AudioTrack;->getLatency()I (greylist, reflection, allowed)

07-08 01:05:06.008 30032 30032 W com.wallapop: Accessing hidden method Lsun/misc/Unsafe;->compareAndSwapObject(Ljava/lang/Object;JLjava/lang/Object;Ljava/lang/Object;)Z (greylist, linking, allowed)

07-08 01:05:06.087 30032 30460 W com.wallapop: Accessing hidden method Lsun/misc/Unsafe;->compareAndSwapObject(Ljava/lang/Object;JLjava/lang/Object;Ljava/lang/Object;)Z (greylist, linking, allowed)

07-08 01:05:06.272  4948 12774 I CodecSolution: pid(30032) pkg(com.wallapop)

07-08 01:05:06.280  4948 12938 D CodecSolution: topName : com.wallapop

07-08 01:05:06.280  4948 12938 I CodecSolution: Top : com.wallapop

07-08 01:05:06.280  4948 12938 D SCPMHelper: getPackageInfo(com.wallapop)

07-08 01:05:06.309 30032 30032 W com.wallapop: Accessing hidden method Lsun/misc/Unsafe;->compareAndSwapObject(Ljava/lang/Object;JLjava/lang/Object;Ljava/lang/Object;)Z (greylist, linking, allowed)

07-08 01:05:06.330 30032 30534 W com.wallapop: Accessing hidden method Lsun/misc/Unsafe;->compareAndSwapObject(Ljava/lang/Object;JLjava/lang/Object;Ljava/lang/Object;)Z (greylist, linking, allowed)

07-08 01:05:06.456 30032 30032 E com.wallapop: No package ID 47 found for ID 0x47470002.

07-08 01:05:06.501 30032 30449 W com.wallapop: Accessing hidden method Lsun/misc/Unsafe;->compareAndSwapObject(Ljava/lang/Object;JLjava/lang/Object;Ljava/lang/Object;)Z (greylist, linking, allowed)

07-08 01:05:06.503 30032 30461 W com.wallapop: Accessing hidden method Lsun/misc/Unsafe;->compareAndSwapObject(Ljava/lang/Object;JLjava/lang/Object;Ljava/lang/Object;)Z (greylist, linking, allowed)

07-08 01:05:06.543 30032 30534 W com.wallapop: Accessing hidden method Lsun/misc/Unsafe;->compareAndSwapObject(Ljava/lang/Object;JLjava/lang/Object;Ljava/lang/Object;)Z (greylist, linking, allowed)

07-08 01:05:06.605 30032 30032 E com.wallapop: No package ID 47 found for ID 0x47470002.

07-08 01:05:06.748 30032 30534 W com.wallapop: Accessing hidden method Lsun/misc/Unsafe;->compareAndSwapObject(Ljava/lang/Object;JLjava/lang/Object;Ljava/lang/Object;)Z (greylist, linking, allowed)

07-08 01:05:06.765 30032 30032 E com.wallapop: No package ID 47 found for ID 0x47470002.

07-08 01:05:06.788 30032 30032 E com.wallapop: No package ID 47 found for ID 0x47470002.

07-08 01:05:06.819  4948 12774 I CodecSolution: pid(30032) pkg(com.wallapop)

07-08 01:05:06.827  4948 13116 D CodecSolution: topName : com.wallapop

07-08 01:05:06.827  4948 13116 I CodecSolution: Top : com.wallapop

07-08 01:05:06.827  4948 13116 D SCPMHelper: getPackageInfo(com.wallapop)

07-08 01:05:06.860 30032 30032 W com.wallapop: Accessing hidden method Lsun/misc/Unsafe;->compareAndSwapObject(Ljava/lang/Object;JLjava/lang/Object;Ljava/lang/Object;)Z (greylist, linking, allowed)

07-08 01:05:06.865 30032 30461 W com.wallapop: Accessing hidden method Lsun/misc/Unsafe;->compareAndSwapObject(Ljava/lang/Object;JLjava/lang/Object;Ljava/lang/Object;)Z (greylist, linking, allowed)

07-08 01:05:07.085 30032 30461 I PlayCore: UID: [10385]  PID: [30032] PrewarmService : prewarm(com.wallapop)

07-08 01:05:07.321 30032 30467 W com.wallapop: Accessing hidden method Lsun/misc/Unsafe;->compareAndSwapObject(Ljava/lang/Object;JLjava/lang/Object;Ljava/lang/Object;)Z (greylist, linking, allowed)

07-08 01:05:07.337 30032 30032 E com.wallapop: No package ID 47 found for ID 0x47470002.

07-08 01:05:07.366 30032 30032 E com.wallapop: No package ID 47 found for ID 0x47470002.

07-08 01:05:07.941 30032 30032 E com.wallapop: No package ID 47 found for ID 0x47470002.

07-08 01:05:07.968 30032 30032 E com.wallapop: No package ID 47 found for ID 0x47470002.

07-08 01:05:07.970 30032 30466 W com.wallapop: Accessing hidden method Lsun/misc/Unsafe;->compareAndSwapObject(Ljava/lang/Object;JLjava/lang/Object;Ljava/lang/Object;)Z (greylist, linking, allowed)

07-08 01:05:07.989  4948 12774 I CodecSolution: pid(30032) pkg(com.wallapop)

07-08 01:05:07.998  4948 12938 D CodecSolution: topName : com.wallapop

07-08 01:05:07.998  4948 12938 I CodecSolution: Top : com.wallapop

07-08 01:05:07.998  4948 12938 D SCPMHelper: getPackageInfo(com.wallapop)

07-08 01:05:08.010 30032 30032 E com.wallapop: No package ID 47 found for ID 0x47470002.

07-08 01:05:08.022 30032 30604 I chatty  : uid=10385(com.wallapop) CodecLooper identical 1 line

07-08 01:05:08.033 30032 30032 E com.wallapop: No package ID 47 found for ID 0x47470002.

07-08 01:05:08.608 30032 30032 E com.wallapop: No package ID 47 found for ID 0x47470002.

07-08 01:05:08.634 30032 30032 E com.wallapop: No package ID 47 found for ID 0x47470002.

07-08 01:05:09.213 30032 30032 E com.wallapop: No package ID 47 found for ID 0x47470002.

07-08 01:05:09.238 30032 30032 E com.wallapop: No package ID 47 found for ID 0x47470002.

07-08 01:05:09.279 30032 30465 W com.wallapop: Accessing hidden method Lsun/misc/Unsafe;->compareAndSwapObject(Ljava/lang/Object;JLjava/lang/Object;Ljava/lang/Object;)Z (greylist, linking, allowed)

07-08 01:05:09.284 30032 30032 E com.wallapop: No package ID 47 found for ID 0x47470002.

07-08 01:05:09.303 30032 30032 E com.wallapop: No package ID 47 found for ID 0x47470002.

07-08 01:05:09.363 30032 30032 E com.wallapop: No package ID 47 found for ID 0x47470002.

07-08 01:05:09.420 30032 30032 E com.wallapop: No package ID 47 found for ID 0x47470002.

07-08 01:05:09.583 30032 30098 W com.wallapop: Accessing hidden method Lsun/misc/Unsafe;->putObject(Ljava/lang/Object;JLjava/lang/Object;)V (greylist, linking, allowed)

07-08 01:05:09.584 30032 30098 W com.wallapop: Accessing hidden method Lsun/misc/Unsafe;->getInt(Ljava/lang/Object;J)I (greylist, linking, allowed)

07-08 01:05:09.584 30032 30098 W com.wallapop: Accessing hidden method Lsun/misc/Unsafe;->putInt(Ljava/lang/Object;JI)V (greylist, linking, allowed)

07-08 01:05:09.584 30032 30098 W com.wallapop: Accessing hidden method Lsun/misc/Unsafe;->putLong(Ljava/lang/Object;JJ)V (greylist, linking, allowed)

07-08 01:05:09.588 30032 30143 W com.wallapop: Accessing hidden method Lsun/misc/Unsafe;->putInt(Ljava/lang/Object;JI)V (greylist, linking, allowed)

07-08 01:05:09.710 30032 30032 E com.wallapop: No package ID 47 found for ID 0x47470002.

07-08 01:05:09.811 30032 30032 E com.wallapop: No package ID 47 found for ID 0x47470002.

07-08 01:05:09.866 30032 30098 W com.wallapop: Accessing hidden method Lsun/misc/Unsafe;->putInt(Ljava/lang/Object;JI)V (greylist, linking, allowed)

07-08 01:05:09.875 30032 30143 W com.wallapop: Accessing hidden method Lsun/misc/Unsafe;->putInt(Ljava/lang/Object;JI)V (greylist, linking, allowed)

07-08 01:05:10.015 30032 30143 W com.wallapop: Accessing hidden method Lsun/misc/Unsafe;->putInt(Ljava/lang/Object;JI)V (greylist, linking, allowed)

07-08 01:05:10.017 30032 30098 W com.wallapop: Accessing hidden method Lsun/misc/Unsafe;->putInt(Ljava/lang/Object;JI)V (greylist, linking, allowed)

07-08 01:05:10.121 30032 30032 E com.wallapop: No package ID 47 found for ID 0x47470002.

07-08 01:05:10.264 30032 30032 E com.wallapop: No package ID 47 found for ID 0x47470002.

07-08 01:05:10.650 30032 30032 E com.wallapop: No package ID 47 found for ID 0x47470002.

07-08 01:05:10.787 30032 30032 E com.wallapop: No package ID 47 found for ID 0x47470002.

07-08 01:05:11.155 30032 30032 E com.wallapop: No package ID 47 found for ID 0x47470002.

07-08 01:05:11.298 30032 30032 E com.wallapop: No package ID 47 found for ID 0x47470002.

07-08 01:05:11.505 30032 30032 E com.wallapop: No package ID 47 found for ID 0x47470002.

07-08 01:05:11.598 30032 30032 E com.wallapop: No package ID 47 found for ID 0x47470002.

07-08 01:05:11.701 30032 30032 E com.wallapop: No package ID 47 found for ID 0x47470002.

07-08 01:05:11.777 30032 30032 E com.wallapop: No package ID 47 found for ID 0x47470002.

07-08 01:05:12.013  4948  5727 V SamsungAlarmManager: Sending to uid : 10385 action=com.appboy.action.receiver.DATA_SYNC alarm=Alarm{122715a type 1 when 1594163109479 com.wallapop}

07-08 01:05:12.062 30032 30032 E com.wallapop: No package ID 47 found for ID 0x47470002.

07-08 01:05:12.187 30032 30032 E com.wallapop: No package ID 47 found for ID 0x47470002.

07-08 01:05:12.318 30032 30143 W com.wallapop: Accessing hidden method Lsun/misc/Unsafe;->putInt(Ljava/lang/Object;JI)V (greylist, linking, allowed)

07-08 01:05:12.322 30032 30503 W com.wallapop: Accessing hidden method Lsun/misc/Unsafe;->putInt(Ljava/lang/Object;JI)V (greylist, linking, allowed)

07-08 01:05:12.523 30032 30032 E com.wallapop: No package ID 47 found for ID 0x47470002.

07-08 01:05:12.603  4382  4440 I SurfaceFlinger: id=1553 Removed AppWindowToken{fb3bbd3 token=Token{14671c2 ActivityRecord{8e19e0d u0 com.wallapop/com.rewallapop.ui.main.MainActivity t1307}}}#0 (56)

07-08 01:05:12.608  4382  4382 I Layer   : id=1553[1] Destroyed AppWindowToken{fb3bbd3 token=Token{14671c2 ActivityRecord{8e19e0d u0 com.wallapop/com.rewallapop.ui.main.MainActivity t1307}}}#0

07-08 01:05:12.642 30032 30032 E com.wallapop: No package ID 47 found for ID 0x47470002.

07-08 01:05:12.948 30032 30032 E com.wallapop: No package ID 47 found for ID 0x47470002.

07-08 01:05:13.148 30032 30032 E com.wallapop: No package ID 47 found for ID 0x47470002.

07-08 01:05:13.254  4948 13506 D WindowManager: w is invisible : e1233a4 com.wallapop/com.rewallapop.ui.wall.WallActivity

07-08 01:05:13.255  4948 13506 D WindowManager: windowMattersToAccessibility, check : e1233a4 com.wallapop/com.rewallapop.ui.wall.WallActivity

07-08 01:05:14.576  4948 13506 I ActivityTaskManager: START u0 {cmp=com.wallapop/.activities.PreferencesActivity (has extras)} from uid 10385

07-08 01:05:14.590  4382  5787 I SurfaceFlinger: id=1568 createSurf (0x0),-1 flag=80004, AppWindowToken{d793175 token=Token{13b90ac ActivityRecord{b119e5f u0 com.wallapop/.activities.PreferencesActivity t1307}}}#0

07-08 01:05:14.596  4948 13506 D WindowManager: w is invisible : e1233a4 com.wallapop/com.rewallapop.ui.wall.WallActivity

07-08 01:05:14.597  4948 13506 D WindowManager: windowMattersToAccessibility, check : e1233a4 com.wallapop/com.rewallapop.ui.wall.WallActivity

07-08 01:05:14.598 30032 30032 W com.wallapop: Accessing hidden method Lsun/misc/Unsafe;->getObjectVolatile(Ljava/lang/Object;J)Ljava/lang/Object; (greylist, linking, allowed)

07-08 01:05:14.599 30032 30032 W com.wallapop: Accessing hidden method Lsun/misc/Unsafe;->putOrderedLong(Ljava/lang/Object;JJ)V (greylist, linking, allowed)

07-08 01:05:14.609  4948 13506 D GamePkgDataHelper: notifyAppCreate(), pkgName: com.wallapop, sendRet: true

07-08 01:05:14.609  4948 12772 D GameManagerService: onLooperPrepared(), msg: { when=0 what=10010 obj=com.wallapop target=com.samsung.android.game.GameManagerService$FgCheckThread$1 }

07-08 01:05:14.609  4948 12772 D GameManagerService: handleMessage(), MSG_APP_CREATE. pkgName: com.wallapop

07-08 01:05:14.610  4948 13506 V WindowManager: Changing focus from Window{e1233a4 u0 com.wallapop/com.rewallapop.ui.wall.WallActivity} to null displayId=0 Callers=com.android.server.wm.RootWindowContainer.updateFocusedWindowLocked:202 com.android.server.wm.WindowManagerService.updateFocusedWindowLocked:6282 com.android.server.wm.ActivityDisplay.setFocusedApp:1583 com.android.server.wm.ActivityTaskManagerService.setResumedActivityUncheckLocked:6860 com.android.server.wm.ActivityStack.onActivityStateChanged:653 com.android.server.wm.TaskRecord.onActivityStateChanged:2248

07-08 01:05:14.610  4948 13506 D MARsPolicyManager: onPackageResumedFG pkgName = com.wallapop, userId = 0

07-08 01:05:14.613 30032 30038 I com.wallapop: Compiler allocated 4171KB to compile void android.view.ViewRootImpl.performTraversals()

07-08 01:05:14.613  4948  5100 D GameManagerService: notePauseComponent(), pauseComponent: com.wallapop

07-08 01:05:14.616  4948  5100 I WindowManager: Focus moving from Window{e1233a4 u0 com.wallapop/com.rewallapop.ui.wall.WallActivity} to null displayId=0

07-08 01:05:14.616  4948  5100 I WindowManager: Losing focus: Window{e1233a4 u0 com.wallapop/com.rewallapop.ui.wall.WallActivity}

07-08 01:05:14.618  4948  5100 D GameManagerService: noteResumeComponent(), resumeComponent: com.wallapop

07-08 01:05:14.618  4948 12772 D GameManagerService: onLooperPrepared(), msg: { when=0 what=10000 obj=ComponentInfo{com.wallapop/com.wallapop.activities.PreferencesActivity} target=com.samsung.android.game.GameManagerService$FgCheckThread$1 }

07-08 01:05:14.618  4948 12772 D GameManagerService: notifyResumePause(). pkg: com.wallapop, type: 4, isMinimized: false, isTunableApp: false

07-08 01:05:14.675  4948 15823 D SamsungAlarmManager: Cancel Alarm calling from uid:10385 pid :30032 / op:PendingIntent{faa0b62: PendingIntentRecord{73e536 com.wallapop broadcastIntent}}

07-08 01:05:14.676  4948 15823 D SamsungAlarmManager: Cancel Alarm calling from uid:10385 pid :30032 / op:PendingIntent{aaae4f3: PendingIntentRecord{73e536 com.wallapop broadcastIntent}}

07-08 01:05:14.731  4382  5787 I SurfaceFlinger: id=1569 createSurf (0x0),-1 flag=80004, 9742c29 com.wallapop/com.wallapop.activities.PreferencesActivity#0

07-08 01:05:14.746  4948 15823 V WindowManager: Relayout Window{9742c29 u0 com.wallapop/com.wallapop.activities.PreferencesActivity}: viewVisibility=0 req=1080x2220

07-08 01:05:14.748  4382  5787 I SurfaceFlinger: id=1570 createSurf (1080x2220),1 flag=404, com.wallapop/com.wallapop.activities.PreferencesActivity$_30032#0

07-08 01:05:14.748  4948 15823 D WindowManager: makeSurface duration=1 name=com.wallapop/com.wallapop.activities.PreferencesActivity$_30032

07-08 01:05:14.749  4948 15823 V WindowManager: Changing focus from null to Window{9742c29 u0 com.wallapop/com.wallapop.activities.PreferencesActivity} displayId=0 Callers=com.android.server.wm.RootWindowContainer.updateFocusedWindowLocked:202 com.android.server.wm.WindowManagerService.updateFocusedWindowLocked:6282 com.android.server.wm.WindowManagerService.relayoutWindow:2574 com.android.server.wm.Session.relayout:202 android.view.IWindowSession$Stub.onTransact:708 com.android.server.wm.Session.onTransact:142

07-08 01:05:14.749  4948  5098 D WindowManager: setSystemUiVisibility: displayId=0, vis=0xa018, fullVis=0x2000, dockVis=0x0, win=Window{9742c29 u0 com.wallapop/com.wallapop.activities.PreferencesActivity}

07-08 01:05:14.750  4948  5100 I WindowManager: Focus moving from null to Window{9742c29 u0 com.wallapop/com.wallapop.activities.PreferencesActivity} displayId=0

07-08 01:05:14.750  4948  5100 D WindowManager: w is invisible : e1233a4 com.wallapop/com.rewallapop.ui.wall.WallActivity

07-08 01:05:14.750  4948  5100 D WindowManager: w is invisible : 9742c29 com.wallapop/com.wallapop.activities.PreferencesActivity

07-08 01:05:14.750  4948  5100 D WindowManager: windowMattersToAccessibility, check : 9742c29 com.wallapop/com.wallapop.activities.PreferencesActivity

07-08 01:05:14.751  4948  5100 I WindowManager: Gaining focus: Window{9742c29 u0 com.wallapop/com.wallapop.activities.PreferencesActivity}

07-08 01:05:14.757  4948 13506 D WindowManager: w is invisible : e1233a4 com.wallapop/com.rewallapop.ui.wall.WallActivity

07-08 01:05:14.757  4948 13506 D WindowManager: w is invisible : 9742c29 com.wallapop/com.wallapop.activities.PreferencesActivity

07-08 01:05:14.757  4948 13506 D WindowManager: windowMattersToAccessibility, check : 9742c29 com.wallapop/com.wallapop.activities.PreferencesActivity

07-08 01:05:14.769  4948 13506 D WindowManager: finishDrawingWindow: Window{9742c29 u0 com.wallapop/com.wallapop.activities.PreferencesActivity} mDrawState=DRAW_PENDING

07-08 01:05:14.772  4948  5101 I WindowManager: Reparenting to leash, surface=Surface(name=AppWindowToken{3b7bd87 token=Token{77f59c6 ActivityRecord{d34d3a1 u0 com.wallapop/com.rewallapop.ui.wall.WallActivity t1307}}})/@0x36dc2fb

07-08 01:05:14.773  4382  5787 I SurfaceFlinger: id=1571 createSurf (0x0),-1 flag=80004, Surface(name=AppWindowToken{3b7bd87 token=Token{77f59c6 ActivityRecord{d34d3a1 u0 com.wallapop/com.rewallapop.ui.wall.WallActivity t1307}}})/@0x36dc2fb - animation-leash#0

07-08 01:05:14.773  4948  5101 D WindowManager: makeSurface duration=0 leash=Surface(name=Surface(name=AppWindowToken{3b7bd87 token=Token{77f59c6 ActivityRecord{d34d3a1 u0 com.wallapop/com.rewallapop.ui.wall.WallActivity t1307}}})/@0x36dc2fb - animation-leash)/@0xd5bff6b

07-08 01:05:14.773  4382  5787 I SurfaceFlinger: id=1572 createSurf (0x0),-1 flag=80004, Surface(name=AppWindowToken{3b7bd87 token=Token{77f59c6 ActivityRecord{d34d3a1 u0 com.wallapop/com.rewallapop.ui.wall.WallActivity t1307}}})/@0x36dc2fb - animation-bounds#0

07-08 01:05:14.777  4948  5101 I WindowManager: Reparenting to leash, surface=Surface(name=AppWindowToken{d793175 token=Token{13b90ac ActivityRecord{b119e5f u0 com.wallapop/.activities.PreferencesActivity t1307}}})/@0x47beae0

07-08 01:05:14.777  4382  5787 I SurfaceFlinger: id=1575 createSurf (0x0),-1 flag=80004, Surface(name=AppWindowToken{d793175 token=Token{13b90ac ActivityRecord{b119e5f u0 com.wallapop/.activities.PreferencesActivity t1307}}})/@0x47beae0 - animation-leash#0

07-08 01:05:14.778  4948  5101 D WindowManager: makeSurface duration=1 leash=Surface(name=Surface(name=AppWindowToken{d793175 token=Token{13b90ac ActivityRecord{b119e5f u0 com.wallapop/.activities.PreferencesActivity t1307}}})/@0x47beae0 - animation-leash)/@0x3937199

07-08 01:05:14.778  4382  5787 I SurfaceFlinger: id=1576 createSurf (0x0),-1 flag=80004, Surface(name=AppWindowToken{d793175 token=Token{13b90ac ActivityRecord{b119e5f u0 com.wallapop/.activities.PreferencesActivity t1307}}})/@0x47beae0 - animation-bounds#0

07-08 01:05:14.779  4948  5101 D PkgPredictorService: pkg:com.wallapop activity:com.wallapop.activities.PreferencesActivity thisTime:-1

07-08 01:05:14.801 30032 30032 V InputMethodManager: Starting input: tba=com.wallapop ic=null mNaviBarColor -1 mIsGetNaviBarColorSuccess true , NavVisible : true , NavTrans : false

07-08 01:05:14.817  4382  4382 I SurfaceFlinger:      DEVICE | 0x7b1b8afd80 | 0002 | RGBA_8888 |   0.0    1.0 1080.0 2220.0 |    0    0 1080 2220 | com.wallapop/com.rewallapop.ui.wall.WallActivity$_30032#0

07-08 01:05:14.817  4382  4382 I SurfaceFlinger:      DEVICE | 0x7afc34fa40 | 0002 | RGBA_8888 |   0.0    0.0 1080.0 1701.0 |    0  519 1080 2220 | com.wallapop/com.wallapop.activities.PreferencesActivity$_30032#0

07-08 01:05:14.832  4382  4382 I SurfaceFlinger:      DEVICE | 0x7b1b8afd80 | 0002 | RGBA_8888 |   0.0    4.0 1080.0 2220.0 |    0    0 1080 2217 | com.wallapop/com.rewallapop.ui.wall.WallActivity$_30032#0

07-08 01:05:14.832  4382  4382 I SurfaceFlinger:      DEVICE | 0x7afdfc99c0 | 0002 | RGBA_8888 |   0.0    0.0 1080.0 1723.0 |    0  496 1080 2220 | com.wallapop/com.wallapop.activities.PreferencesActivity$_30032#0

07-08 01:05:14.880  4948  5100 D WindowManager: w is invisible : e1233a4 com.wallapop/com.rewallapop.ui.wall.WallActivity

07-08 01:05:14.880  4948  5100 D WindowManager: w is invisible : 9742c29 com.wallapop/com.wallapop.activities.PreferencesActivity

07-08 01:05:14.880  4948  5100 D WindowManager: windowMattersToAccessibility, check : 9742c29 com.wallapop/com.wallapop.activities.PreferencesActivity

07-08 01:05:15.078  4948  5101 I WindowManager: Reparenting to original parent: Surface(name=Task=1307)/@0x2d771c7, destroyLeash=true, surface=Surface(name=AppWindowToken{3b7bd87 token=Token{77f59c6 ActivityRecord{d34d3a1 u0 com.wallapop/com.rewallapop.ui.wall.WallActivity t1307}}})/@0x36dc2fb

07-08 01:05:15.079  4948  5101 V WindowManager: Setting visibility of Window{e1233a4 u0 com.wallapop/com.rewallapop.ui.wall.WallActivity}: false, caller=com.android.server.wm.WindowContainer.sendAppVisibilityToClients:640 com.android.server.wm.AppWindowToken.setClientHidden:639 com.android.server.wm.AppWindowToken.onAnimationFinished:3839 com.android.server.wm.-$$Lambda$yVRF8YoeNdTa8GR1wDStVsHu8xM.run:2 com.android.server.wm.SurfaceAnimator.lambda$getFinishedCallback$0$SurfaceAnimator:100

07-08 01:05:15.079  4948  5101 I WindowManager: Reparenting to original parent: Surface(name=Task=1307)/@0x2d771c7, destroyLeash=true, surface=Surface(name=AppWindowToken{d793175 token=Token{13b90ac ActivityRecord{b119e5f u0 com.wallapop/.activities.PreferencesActivity t1307}}})/@0x47beae0

07-08 01:05:15.082  4382  5787 I Layer   : id=1575 removeFromCurrentState Surface(name=AppWindowToken{d793175 token=Token{13b90ac ActivityRecord{b119e5f u0 com.wallapop/.activities.PreferencesActivity t1307}}})/@0x47beae0 - animation-leash#0 (64)

07-08 01:05:15.082  4382  5787 I Layer   : id=1571 removeFromCurrentState Surface(name=AppWindowToken{3b7bd87 token=Token{77f59c6 ActivityRecord{d34d3a1 u0 com.wallapop/com.rewallapop.ui.wall.WallActivity t1307}}})/@0x36dc2fb - animation-leash#0 (64)

07-08 01:05:15.082  4382  5787 I Layer   : id=1572 removeFromCurrentState Surface(name=AppWindowToken{3b7bd87 token=Token{77f59c6 ActivityRecord{d34d3a1 u0 com.wallapop/com.rewallapop.ui.wall.WallActivity t1307}}})/@0x36dc2fb - animation-bounds#0 (64)

07-08 01:05:15.082  4382  5787 I Layer   : id=1576 removeFromCurrentState Surface(name=AppWindowToken{d793175 token=Token{13b90ac ActivityRecord{b119e5f u0 com.wallapop/.activities.PreferencesActivity t1307}}})/@0x47beae0 - animation-bounds#0 (64)

07-08 01:05:15.083  4382  4440 I SurfaceFlinger: id=1572 Removed Surface(name=AppWindowToken{3b7bd87 token=Token{77f59c6 ActivityRecord{d34d3a1 u0 com.wallapop/com.rewallapop.ui.wall.WallActivity t1307}}})/@0x36dc2fb - animation-bounds#0 (64)

07-08 01:05:15.083  4382  5787 I SurfaceFlinger: id=1575 Removed Surface(name=AppWindowToken{d793175 token=Token{13b90ac ActivityRecord{b119e5f u0 com.wallapop/.activities.PreferencesActivity t1307}}})/@0x47beae0 - animation-leash#0 (64)

07-08 01:05:15.083  4382  5787 I SurfaceFlinger: id=1571 Removed Surface(name=AppWindowToken{3b7bd87 token=Token{77f59c6 ActivityRecord{d34d3a1 u0 com.wallapop/com.rewallapop.ui.wall.WallActivity t1307}}})/@0x36dc2fb - animation-leash#0 (64)

07-08 01:05:15.083  4382  5787 I SurfaceFlinger: id=1576 Removed Surface(name=AppWindowToken{d793175 token=Token{13b90ac ActivityRecord{b119e5f u0 com.wallapop/.activities.PreferencesActivity t1307}}})/@0x47beae0 - animation-bounds#0 (64)

07-08 01:05:15.089 30032 30079 W com.wallapop: Accessing hidden method Lsun/misc/Unsafe;->getObject(Ljava/lang/Object;J)Ljava/lang/Object; (greylist, linking, allowed)

07-08 01:05:15.089 30032 30079 W com.wallapop: Accessing hidden method Lsun/misc/Unsafe;->putObject(Ljava/lang/Object;JLjava/lang/Object;)V (greylist, linking, allowed)

07-08 01:05:15.090 30032 30079 W com.wallapop: Accessing hidden method Lsun/misc/Unsafe;->getInt(Ljava/lang/Object;J)I (greylist, linking, allowed)

07-08 01:05:15.090 30032 30079 W com.wallapop: Accessing hidden method Lsun/misc/Unsafe;->putInt(Ljava/lang/Object;JI)V (greylist, linking, allowed)

07-08 01:05:15.090 30032 30079 W com.wallapop: Accessing hidden method Lsun/misc/Unsafe;->putLong(Ljava/lang/Object;JJ)V (greylist, linking, allowed)

07-08 01:05:15.090 30032 30143 W com.wallapop: Accessing hidden method Lsun/misc/Unsafe;->putInt(Ljava/lang/Object;JI)V (greylist, linking, allowed)

07-08 01:05:15.095  4382  4382 I Layer   : id=1572[1] Destroyed Surface(name=AppWindowToken{3b7bd87 token=Token{77f59c6 ActivityRecord{d34d3a1 u0 com.wallapop/com.rewallapop.ui.wall.WallActivity t1307}}})/@0x36dc2fb - animation-bounds#0

07-08 01:05:15.095  4382  4382 I Layer   : id=1571[1] Destroyed Surface(name=AppWindowToken{3b7bd87 token=Token{77f59c6 ActivityRecord{d34d3a1 u0 com.wallapop/com.rewallapop.ui.wall.WallActivity t1307}}})/@0x36dc2fb - animation-leash#0

07-08 01:05:15.095  4382  4382 I Layer   : id=1576[1] Destroyed Surface(name=AppWindowToken{d793175 token=Token{13b90ac ActivityRecord{b119e5f u0 com.wallapop/.activities.PreferencesActivity t1307}}})/@0x47beae0 - animation-bounds#0

07-08 01:05:15.095  4382  4382 I Layer   : id=1575[1] Destroyed Surface(name=AppWindowToken{d793175 token=Token{13b90ac ActivityRecord{b119e5f u0 com.wallapop/.activities.PreferencesActivity t1307}}})/@0x47beae0 - animation-leash#0

07-08 01:05:15.098  4382  4382 I SurfaceFlinger:      DEVICE | 0x7afc34fa40 | 0002 | RGBA_8888 |   0.0    0.0 1080.0 2220.0 |    0    0 1080 2220 | com.wallapop/com.wallapop.activities.PreferencesActivity$_30032#0

07-08 01:05:15.099  4382  5775 E BufferQueueProducer: [com.wallapop/com.rewallapop.ui.wall.WallActivity$_30032#0] disconnect: not connected (req=1)

07-08 01:05:15.099  4948 13116 V WindowManager: Relayout Window{e1233a4 u0 com.wallapop/com.rewallapop.ui.wall.WallActivity}: viewVisibility=8 req=1080x2220

07-08 01:05:15.113 12945 12986 E RequestManager_FLP: [FusedLocationApi] Location remove 3f9184e from com.wallapop

07-08 01:05:15.132  4948 13116 V WindowManager: Relayout Window{e1233a4 u0 com.wallapop/com.rewallapop.ui.wall.WallActivity}: viewVisibility=8 req=1080x2220

07-08 01:05:15.138  4948 13116 E WindowManager: win=Window{e1233a4 u0 com.wallapop/com.rewallapop.ui.wall.WallActivity} destroySurfaces: appStopped=true win.mWindowRemovalAllowed=false win.mRemoveOnExit=false win.mViewVisibility=8 caller=com.android.server.wm.AppWindowToken.destroySurfaces:1234 com.android.server.wm.AppWindowToken.destroySurfaces:1215 com.android.server.wm.AppWindowToken.notifyAppStopped:1270 com.android.server.wm.ActivityRecord.activityStoppedLocked:2653 com.android.server.wm.ActivityTaskManagerService.activityStopped:2483 android.app.IActivityTaskManager$Stub.onTransact:2224 android.os.Binder.execTransactInternal:1056

07-08 01:05:15.139  4948 13116 I WindowManager: Destroying surface Surface(name=com.wallapop/com.rewallapop.ui.wall.WallActivity$_30032)/@0xec6a9e9 called by com.android.server.wm.WindowStateAnimator.destroySurface:1790 com.android.server.wm.WindowStateAnimator.destroySurfaceLocked:720 com.android.server.wm.WindowState.destroySurfaceUnchecked:3540 com.android.server.wm.WindowState.destroySurface:3514 com.android.server.wm.AppWindowToken.destroySurfaces:1234 com.android.server.wm.AppWindowToken.destroySurfaces:1215 com.android.server.wm.AppWindowToken.notifyAppStopped:1270 com.android.server.wm.ActivityRecord.activityStoppedLocked:2653

07-08 01:05:15.139  4382  5775 I Layer   : id=1566 removeFromCurrentState com.wallapop/com.rewallapop.ui.wall.WallActivity$_30032#0 (58)

07-08 01:05:15.146  4382  5775 I SurfaceFlinger: id=1566 Removed com.wallapop/com.rewallapop.ui.wall.WallActivity$_30032#0 (58)

07-08 01:05:15.162  4382  4382 I Layer   : id=1566[1] Destroyed com.wallapop/com.rewallapop.ui.wall.WallActivity$_30032#0

07-08 01:05:15.179  4948  5100 D WindowManager: w is invisible : e1233a4 com.wallapop/com.rewallapop.ui.wall.WallActivity

07-08 01:05:15.179  4948  5100 D WindowManager: w is invisible : e1233a4 com.wallapop/com.rewallapop.ui.wall.WallActivity

07-08 01:05:15.179  4948  5100 D WindowManager: w is invisible : 9742c29 com.wallapop/com.wallapop.activities.PreferencesActivity

07-08 01:05:15.179  4948  5100 D WindowManager: windowMattersToAccessibility, check : 9742c29 com.wallapop/com.wallapop.activities.PreferencesActivity

07-08 01:05:15.584 30032 30121 W com.wallapop: Accessing hidden method Lsun/misc/Unsafe;->putInt(Ljava/lang/Object;JI)V (greylist, linking, allowed)

07-08 01:05:15.584 30032 30121 W com.wallapop: Accessing hidden method Lsun/misc/Unsafe;->putLong(Ljava/lang/Object;JJ)V (greylist, linking, allowed)

07-08 01:05:15.585 30032 30143 W com.wallapop: Accessing hidden method Lsun/misc/Unsafe;->putInt(Ljava/lang/Object;JI)V (greylist, linking, allowed)


