11-14 17:57:39.269  4211  4680 I WindowManager: Reparenting to leash, surface=Surface(name=AppWindowToken{490ada9 token=Token{6174d30 ActivityRecord{f342a73 u0 com.wallapop/com.rewallapop.ui.main.MainActivity t2204}}})/@0x6023489

11-14 17:57:39.270  3727  3727 I SurfaceFlinger: id=28332 createSurf (4440x4440),2 flag=4, Surface(name=AppWindowToken{490ada9 token=Token{6174d30 ActivityRecord{f342a73 u0 com.wallapop/com.rewallapop.ui.main.MainActivity t2204}}})/@0x6023489 - animation-leash#0

11-14 17:57:39.272  4211  4680 D WindowManager: makeSurface duration=2 leash=Surface(name=Surface(name=AppWindowToken{490ada9 token=Token{6174d30 ActivityRecord{f342a73 u0 com.wallapop/com.rewallapop.ui.main.MainActivity t2204}}})/@0x6023489 - animation-leash)/@0x7d5111a

11-14 17:57:39.272  4211  4680 D SurfaceControl: reparent is called, sc=Surface(name=AppWindowToken{490ada9 token=Token{6174d30 ActivityRecord{f342a73 u0 com.wallapop/com.rewallapop.ui.main.MainActivity t2204}}})/@0x6023489, newParentHandle=android.os.BinderProxy@50a644b, transaction=android.view.SurfaceControl$Transaction@dd09045

11-14 17:57:39.278  3727  5386 D Layer   : [AppWindowToken{490ada9 token=Token{6174d30 ActivityRecord{f342a73 u0 com.wallapop/com.rewallapop.ui.main.MainActivity t2204}}}#0]::reparent oldParent:[Task=2204#0], newParent:[Surface(name=AppWindowToken{490ada9 token=Token{6174d30 ActivityRecord{f342a73 u0 com.wallapop/com.rewallapop.ui.main.MainActivity t2204}}})/@0x6023489 - animation-leash#0]

11-14 17:57:39.296  5440  5530 W com.wallapop: Accessing hidden method Ldalvik/system/VMRuntime;->getRuntime()Ldalvik/system/VMRuntime; (light greylist, reflection)

11-14 17:57:39.297  5440  5530 W com.wallapop: Accessing hidden method Ldalvik/system/VMRuntime;->vmInstructionSet()Ljava/lang/String; (light greylist, reflection)

11-14 17:57:39.299  5440  5737 I com.wallapop: The ClassLoaderContext is a special shared library.

11-14 17:57:39.325 19377 19613 I Finsky  : [9616] fxs.d(3): com.wallapop: Account determined from installer data - [rJj4Md76H4LxoN-B4dnoZM7XaXDDBcXGlC-caOCi6Uc]

11-14 17:57:39.326 19377 19613 I Finsky  : [9616] fxs.d(14): com.wallapop: Account from preferred account - [rJj4Md76H4LxoN-B4dnoZM7XaXDDBcXGlC-caOCi6Uc]

11-14 17:57:39.334 19377 19613 I Finsky  : [9616] fxs.d(3): com.wallapop: Account determined from installer data - [rJj4Md76H4LxoN-B4dnoZM7XaXDDBcXGlC-caOCi6Uc]

11-14 17:57:39.334 19377 19613 I Finsky  : [9616] fxs.d(14): com.wallapop: Account from preferred account - [rJj4Md76H4LxoN-B4dnoZM7XaXDDBcXGlC-caOCi6Uc]

11-14 17:57:39.348 19377 19613 I Finsky  : [9616] fxs.d(3): com.wallapop: Account determined from installer data - [rJj4Md76H4LxoN-B4dnoZM7XaXDDBcXGlC-caOCi6Uc]

11-14 17:57:39.349 19377 19613 I Finsky  : [9616] fxs.d(14): com.wallapop: Account from preferred account - [rJj4Md76H4LxoN-B4dnoZM7XaXDDBcXGlC-caOCi6Uc]

11-14 17:57:39.352 19377 19613 I Finsky  : [9616] fxs.d(3): com.wallapop: Account determined from installer data - [rJj4Md76H4LxoN-B4dnoZM7XaXDDBcXGlC-caOCi6Uc]

11-14 17:57:39.352 19377 19613 I Finsky  : [9616] fxs.d(14): com.wallapop: Account from preferred account - [rJj4Md76H4LxoN-B4dnoZM7XaXDDBcXGlC-caOCi6Uc]

11-14 17:57:39.362 23911 23911 D Notification.Badge: [valid] onNotificationPosted : StatusBarNotification(pkg=com.wallapop user=UserHandle{0} id=999 tag=null key=0|com.wallapop|999|null|10313: Notification(channel=wallapop_channel pri=-2 contentView=null vibrate=null sound=null defaults=0x0 flags=0x62 color=0x00000000 vis=PRIVATE semFlags=0x0 semPriority=0 semMissedCount=0))

11-14 17:57:39.362 23911 23911 D Notification.Badge: notificationKey : 0|com.wallapop|999|null|10313, count : 0, this.count : 1

11-14 17:57:39.363 23911 23978 D Notification.Badge: LauncherModel:onNotificationPosted() : com.wallapop, count : [0], shouldBeFilteredOut : [false]

11-14 17:57:39.363 23911 23978 D Notification.Badge: notificationKey : 0|com.wallapop|999|null|10313, count : 1, mTotalCount : 1

11-14 17:57:39.365 23911 23978 D Notification.Badge: updateLauncherIconBadges() item : [IconInfo(title=_Wallapop_ intent=Intent { act=android.intent.action.MAIN cat=[android.intent.category.LAUNCHER] flg=0x10200000 cmp=com.wallapop/.activities.HomeActivity (has extras) } id=162 type=0 container=-102 screen=1 cellX=3 cellY=0 spanX=1 spanY=1 rank=3 hidden=0 dropPos=null user=UserHandle{0} screenType=0)], mShowBadge : [true], item.mBadgeCount : [1]

11-14 17:57:39.371 23911 23911 D RecommendedView: updateBadgeItems: [IconInfo(title=_Wallapop_ intent=Intent { act=android.intent.action.MAIN cat=[android.intent.category.LAUNCHER] flg=0x10200000 cmp=com.wallapop/.activities.HomeActivity (has extras) } id=162 type=0 container=-102 screen=1 cellX=3 cellY=0 spanX=1 spanY=1 rank=3 hidden=0 dropPos=null user=UserHandle{0} screenType=0)]

11-14 17:57:39.512  4211  5662 D SamsungAlarmManager: Cancel Alarm calling from uid:10313 pid :5440 / op:PendingIntent{2eca972: PendingIntentRecord{1e7959d com.wallapop broadcastIntent}}

11-14 17:57:39.591  4211  4310 I WindowManager: reset, Reparenting to original parent, shouldDeferScheduleAnimation=false, destroyLeash=true, surface=Surface(name=AppWindowToken{490ada9 token=Token{6174d30 ActivityRecord{f342a73 u0 com.wallapop/com.rewallapop.ui.main.MainActivity t2204}}})/@0x6023489, parent=Surface(name=Task=2204)/@0x5e84c8e, parentNativeHandle=android.os.BinderProxy@6eebc1, caller=com.android.server.wm.SurfaceAnimator.lambda$getFinishedCallback$0:97 com.android.server.wm.-$$Lambda$SurfaceAnimator$SIBia0mND666K8lMCPsoid8pUTI.run:4 com.android.server.wm.SurfaceAnimator.lambda$getFinishedCallback$1:104 com.android.server.wm.-$$Lambda$SurfaceAnimator$vdRZk66hQVbQCvVXEaQCT1kVmFc.onAnimationFinished:4 com.android.server.wm.LocalAnimationAdapter.lambda$startAnimation$0:74

11-14 17:57:39.591  4211  4310 D SurfaceControl: reparent is called, sc=Surface(name=AppWindowToken{490ada9 token=Token{6174d30 ActivityRecord{f342a73 u0 com.wallapop/com.rewallapop.ui.main.MainActivity t2204}}})/@0x6023489, newParentHandle=android.os.BinderProxy@6eebc1, transaction=android.view.SurfaceControl$Transaction@dd09045

11-14 17:57:39.592  4211  4310 D SurfaceControl: destroy(transaction), animation-leash is destroyed, sc=Surface(name=Surface(name=AppWindowToken{490ada9 token=Token{6174d30 ActivityRecord{f342a73 u0 com.wallapop/com.rewallapop.ui.main.MainActivity t2204}}})/@0x6023489 - animation-leash)/@0x7d5111a, transaction=android.view.SurfaceControl$Transaction@dd09045, caller=com.android.server.wm.SurfaceAnimator.reset:338 com.android.server.wm.SurfaceAnimator.lambda$getFinishedCallback$0:97 com.android.server.wm.-$$Lambda$SurfaceAnimator$SIBia0mND666K8lMCPsoid8pUTI.run:4 com.android.server.wm.SurfaceAnimator.lambda$getFinishedCallback$1:104 com.android.server.wm.-$$Lambda$SurfaceAnimator$vdRZk66hQVbQCvVXEaQCT1kVmFc.onAnimationFinished:4 com.android.server.wm.LocalAnimationAdapter.lambda$startAnimation$0:74 com.android.server.wm.-$$Lambda$LocalAnimationAdapter$X--EomqUvw4qy89IeeTFTH7aCMo.run:4

11-14 17:57:39.608  3727  3770 D Layer   : [AppWindowToken{490ada9 token=Token{6174d30 ActivityRecord{f342a73 u0 com.wallapop/com.rewallapop.ui.main.MainActivity t2204}}}#0]::reparent oldParent:[Surface(name=AppWindowToken{490ada9 token=Token{6174d30 ActivityRecord{f342a73 u0 com.wallapop/com.rewallapop.ui.main.MainActivity t2204}}})/@0x6023489 - animation-leash#0], newParent:[Task=2204#0]

11-14 17:57:39.608  3727  3770 I SurfaceFlinger: id=28332 Removed Surface(name=AppWindowToken{490ada9 token=Token{6174d30 ActivityRecord{f342a73 u0 com.wallapop/com.rewallapop.ui.main.MainActivity t2204}}})/@0x6023489 - animation-leash#0 (0/64)

11-14 17:57:39.624  3727  3727 I Layer   : id=28332 onRemoved Surface(name=AppWindowToken{490ada9 token=Token{6174d30 ActivityRecord{f342a73 u0 com.wallapop/com.rewallapop.ui.main.MainActivity t2204}}})/@0x6023489 - animation-leash#0

11-14 17:57:39.732  5440  5440 W com.wallapop: Accessing hidden method Landroid/widget/TextView;->getTextDirectionHeuristic()Landroid/text/TextDirectionHeuristic; (light greylist, linking)

11-14 17:57:39.741  5440  5440 W com.wallapop: Accessing hidden method Landroid/graphics/FontFamily;-><init>()V (light greylist, reflection)

11-14 17:57:39.742  5440  5440 W com.wallapop: Accessing hidden method Landroid/graphics/FontFamily;->addFontFromAssetManager(Landroid/content/res/AssetManager;Ljava/lang/String;IZIII[Landroid/graphics/fonts/FontVariationAxis;)Z (light greylist, reflection)

11-14 17:57:39.742  5440  5440 W com.wallapop: Accessing hidden method Landroid/graphics/FontFamily;->addFontFromBuffer(Ljava/nio/ByteBuffer;I[Landroid/graphics/fonts/FontVariationAxis;II)Z (light greylist, reflection)

11-14 17:57:39.742  5440  5440 W com.wallapop: Accessing hidden method Landroid/graphics/FontFamily;->freeze()Z (light greylist, reflection)

11-14 17:57:39.743  5440  5440 W com.wallapop: Accessing hidden method Landroid/graphics/FontFamily;->abortCreation()V (light greylist, reflection)

11-14 17:57:39.743  5440  5440 W com.wallapop: Accessing hidden method Landroid/graphics/Typeface;->createFromFamiliesWithDefault([Landroid/graphics/FontFamily;Ljava/lang/String;II)Landroid/graphics/Typeface; (light greylist, reflection)

11-14 17:57:39.839  4211  4390 D WifiTrafficPoller: TrafficStats TxPkts=983879 RxPkts=1718904 TxBytes=212426728 RxBytes=1633149024 , Foreground uid=10313 pkgName=com.wallapop TxPackets=67533 RxPackets=61344 TxBytes=14338517 RxBytes=41293284

11-14 17:57:39.929  5440  5452 I com.wallapop: Background concurrent copying GC freed 144203(7MB) AllocSpace objects, 37(1452KB) LOS objects, 50% free, 14MB/28MB, paused 1.297ms total 286.779ms

11-14 17:57:39.974  5440  5773 I com.wallapop: The ClassLoaderContext is a special shared library.

11-14 17:57:40.691  3727  3727 I SurfaceFlinger: id=28333 createSurf (4440x4440),2 flag=4, 3880ff com.wallapop/com.rewallapop.ui.wall.WallActivity#0

11-14 17:57:40.714 19377 19613 I Finsky  : [9616] fxs.d(3): com.wallapop: Account determined from installer data - [rJj4Md76H4LxoN-B4dnoZM7XaXDDBcXGlC-caOCi6Uc]

11-14 17:57:40.715 19377 19613 I Finsky  : [9616] fxs.d(14): com.wallapop: Account from preferred account - [rJj4Md76H4LxoN-B4dnoZM7XaXDDBcXGlC-caOCi6Uc]

11-14 17:57:40.796 19377 19613 I Finsky  : [9616] fxs.d(3): com.wallapop: Account determined from installer data - [rJj4Md76H4LxoN-B4dnoZM7XaXDDBcXGlC-caOCi6Uc]

11-14 17:57:40.797 19377 19613 I Finsky  : [9616] fxs.d(14): com.wallapop: Account from preferred account - [rJj4Md76H4LxoN-B4dnoZM7XaXDDBcXGlC-caOCi6Uc]

11-14 17:57:40.865 19377 19613 I Finsky  : [9616] fxs.d(3): com.wallapop: Account determined from installer data - [rJj4Md76H4LxoN-B4dnoZM7XaXDDBcXGlC-caOCi6Uc]

11-14 17:57:40.866 19377 19613 I Finsky  : [9616] fxs.d(14): com.wallapop: Account from preferred account - [rJj4Md76H4LxoN-B4dnoZM7XaXDDBcXGlC-caOCi6Uc]

11-14 17:57:40.916 19377 19613 I Finsky  : [9616] fxs.d(3): com.wallapop: Account determined from installer data - [rJj4Md76H4LxoN-B4dnoZM7XaXDDBcXGlC-caOCi6Uc]

11-14 17:57:40.916 19377 19613 I Finsky  : [9616] fxs.d(14): com.wallapop: Account from preferred account - [rJj4Md76H4LxoN-B4dnoZM7XaXDDBcXGlC-caOCi6Uc]

11-14 17:57:40.937  4211  5239 D ActivityManagerPerformance: Received MSG_DISABLE_ACT_START, r: ActivityRecord{332e5e3 u0 com.wallapop/com.rewallapop.ui.wall.WallActivity t2204}

11-14 17:57:41.301  4211  6759 V WindowManager: Relayout Window{3880ff u0 com.wallapop/com.rewallapop.ui.wall.WallActivity}: viewVisibility=0 req=1080x2220 {(0,0)(fillxfill) sim={adjust=resize forwardNavigation} ty=BASE_APPLICATION wanim=0x10302fe

11-14 17:57:41.304  3727  3727 I SurfaceFlinger: id=28334 createSurf (1080x2220),1 flag=404, com.wallapop/com.rewallapop.ui.wall.WallActivity[5440]#0

11-14 17:57:41.306  4211  6759 D WindowManager: makeSurface duration=2 name=com.wallapop/com.rewallapop.ui.wall.WallActivity[5440]

11-14 17:57:41.306  4211  6759 V WindowManager: Changing focus from null to Window{3880ff u0 com.wallapop/com.rewallapop.ui.wall.WallActivity} Callers=com.android.server.wm.WindowManagerService.relayoutWindow:2526 com.android.server.wm.Session.relayoutForTranslate:302 android.view.IWindowSession$Stub.onTransact:518 com.android.server.wm.Session.onTransact:186

11-14 17:57:41.307  4211  4228 D WindowManager: setSystemUiVisibility: vis= 0xa518, fullscreenVis= 0x2000, dockedVis= 0x0, win=Window{3880ff u0 com.wallapop/com.rewallapop.ui.wall.WallActivity}

11-14 17:57:41.309  4211  4242 D WindowManager: reportFocusChangedSerialized, focused=true, inTouchMode=true, win=Window{3880ff u0 com.wallapop/com.rewallapop.ui.wall.WallActivity}

11-14 17:57:41.422 19377 19389 I Finsky  : [9558] fxs.d(3): com.wallapop: Account determined from installer data - [rJj4Md76H4LxoN-B4dnoZM7XaXDDBcXGlC-caOCi6Uc]

11-14 17:57:41.423 19377 19389 I Finsky  : [9558] fxs.d(14): com.wallapop: Account from preferred account - [rJj4Md76H4LxoN-B4dnoZM7XaXDDBcXGlC-caOCi6Uc]

11-14 17:57:41.846  4211  6754 D WindowManager: finishDrawingWindow: Window{3880ff u0 com.wallapop/com.rewallapop.ui.wall.WallActivity} mDrawState=DRAW_PENDING

11-14 17:57:41.849  4211  4310 I WindowManager: commitFinishDrawingLocked: mDrawState=READY_TO_SHOW Surface(name=com.wallapop/com.rewallapop.ui.wall.WallActivity[5440])/@0x832c656

11-14 17:57:41.849  4211  4310 V WindowManager: Resize reasons for w=Window{3880ff u0 com.wallapop/com.rewallapop.ui.wall.WallActivity}:  contentInsetsChanged=false [0,63][0,126] visibleInsetsChanged=false [0,63][0,126] stableInsetsChanged=false [0,63][0,126] outsetsChanged=false [0,0][0,0] surfaceResized=false configChanged=false dragResizingChanged=false reportOrientationChanged=false displayCutoutChanged=false nextForceRelayoutToClient=false

11-14 17:57:41.863  4211  4310 I WindowManager: commitFinishDrawingLocked: mDrawState=READY_TO_SHOW Surface(name=com.wallapop/com.rewallapop.ui.wall.WallActivity[5440])/@0x832c656

11-14 17:57:41.864  4211  4310 I WindowManager: Cancelling animation restarting=false, leash=null, surface=Surface(name=3880ff com.wallapop/com.rewallapop.ui.wall.WallActivity)/@0x290d6d7, parent=Surface(name=AppWindowToken{1acee99 token=Token{f493be0 ActivityRecord{332e5e3 u0 com.wallapop/com.rewallapop.ui.wall.WallActivity t2204}}})/@0xa6b2bc4

11-14 17:57:41.864  4211  4310 V WindowManager: performShowLocked: mDrawState=HAS_DRAWN in Window{3880ff u0 com.wallapop/com.rewallapop.ui.wall.WallActivity}

11-14 17:57:41.888  3727  3727 I SurfaceFlinger:      Device | 0x70dda1fcc0 | 0002 | RGBA_8888 |   0.0    0.0 1080.0 2220.0 |    0    0 1080 2220 | com.wallapop/com.rewallapop.ui.wall.WallActivity[5440]#0

11-14 17:57:41.888  3727  3727 I SurfaceFlinger:      Device | 0x70de034ac0 | 0000 | RGBA_8888 |   0.0    0.0 1080.0 2220.0 |    0    0 1080 2220 | Splash Screen com.wallapop#0

11-14 17:57:41.896  4211  4242 I ActivityManager: Displayed com.wallapop/com.rewallapop.ui.wall.WallActivity: +2s604ms (total +9s245ms)

11-14 17:57:41.908  4211  4310 V WindowManager: Remove Window{8b6dc92 u0 Splash Screen com.wallapop}: mSurfaceController=Surface(name=Splash Screen com.wallapop)/@0x469448c mAnimatingExit=false mRemoveOnExit=false mHasSurface=true surfaceShowing=true isAnimationSet=false app-animation=false mWillReplaceWindow=false inPendingTransaction=false mDisplayFrozen=false callers=com.android.server.wm.WindowState.removeIfPossible:2764 com.android.server.wm.WindowManagerService.removeWindow:1943 com.android.server.wm.Session.remove:268 android.view.ViewRootImpl.dispatchDetachedFromWindow:4565 android.view.ViewRootImpl.doDie:7996 android.view.ViewRootImpl$ViewRootHandler.handleMessage:4987

11-14 17:57:41.909  4211  4310 I WindowManager: Cancelling animation restarting=true, leash=null, surface=Surface(name=8b6dc92 Splash Screen com.wallapop)/@0xaaa655e, parent=Surface(name=AppWindowToken{1acee99 token=Token{f493be0 ActivityRecord{332e5e3 u0 com.wallapop/com.rewallapop.ui.wall.WallActivity t2204}}})/@0xa6b2bc4

11-14 17:57:41.910  4211  4310 I WindowManager: Reparenting to leash, surface=Surface(name=8b6dc92 Splash Screen com.wallapop)/@0xaaa655e

11-14 17:57:41.921  3727  3727 I SurfaceFlinger: id=28335 createSurf (4440x4440),2 flag=4, Surface(name=8b6dc92 Splash Screen com.wallapop)/@0xaaa655e - animation-leash#0

11-14 17:57:41.925  4211  4310 D WindowManager: makeSurface duration=15 leash=Surface(name=Surface(name=8b6dc92 Splash Screen com.wallapop)/@0xaaa655e - animation-leash)/@0xd14030

11-14 17:57:41.926  4211  4310 D SurfaceControl: reparent is called, sc=Surface(name=8b6dc92 Splash Screen com.wallapop)/@0xaaa655e, newParentHandle=android.os.BinderProxy@fc724a9, transaction=android.view.SurfaceControl$Transaction@636360c

11-14 17:57:41.933  3727  5386 D Layer   : [8b6dc92 Splash Screen com.wallapop#0]::reparent oldParent:[AppWindowToken{1acee99 token=Token{f493be0 ActivityRecord{332e5e3 u0 com.wallapop/com.rewallapop.ui.wall.WallActivity t2204}}}#0], newParent:[Surface(name=8b6dc92 Splash Screen com.wallapop)/@0xaaa655e - animation-leash#0]

11-14 17:57:42.008  5440  5452 I com.wallapop: Background concurrent copying GC freed 215059(14MB) AllocSpace objects, 47(2MB) LOS objects, 49% free, 12MB/24MB, paused 457us total 592.835ms

11-14 17:57:42.053  5440  5440 V InputMethodManager: Starting input: tba=com.wallapop ic=null mNaviBarColor -1 mIsGetNaviBarColorSuccess true , NavVisible : true , NavTrans : false

11-14 17:57:42.056  4211  6754 V InputMethodManagerService: windowGainedFocus : reason=WINDOW_FOCUS_GAIN client=android.os.BinderProxy@ebf5c59 inputContext=null missingMethods= attribute=android.view.inputmethod.EditorInfo@7c46265 nm = com.wallapop controlFlags=#104 softInputMode=#110 windowFlags=#81810100

11-14 17:57:42.094  4211  4310 I WindowManager: reset, Reparenting to original parent, shouldDeferScheduleAnimation=false, destroyLeash=true, surface=Surface(name=8b6dc92 Splash Screen com.wallapop)/@0xaaa655e, parent=Surface(name=AppWindowToken{1acee99 token=Token{f493be0 ActivityRecord{332e5e3 u0 com.wallapop/com.rewallapop.ui.wall.WallActivity t2204}}})/@0xa6b2bc4, parentNativeHandle=android.os.BinderProxy@a23fd3f, caller=com.android.server.wm.SurfaceAnimator.lambda$getFinishedCallback$0:97 com.android.server.wm.-$$Lambda$SurfaceAnimator$SIBia0mND666K8lMCPsoid8pUTI.run:4 com.android.server.wm.SurfaceAnimator.lambda$getFinishedCallback$1:104 com.android.server.wm.-$$Lambda$SurfaceAnimator$vdRZk66hQVbQCvVXEaQCT1kVmFc.onAnimationFinished:4 com.android.server.wm.LocalAnimationAdapter.lambda$startAnimation$0:74

11-14 17:57:42.095  4211  4310 D SurfaceControl: reparent is called, sc=Surface(name=8b6dc92 Splash Screen com.wallapop)/@0xaaa655e, newParentHandle=android.os.BinderProxy@a23fd3f, transaction=android.view.SurfaceControl$Transaction@636360c

11-14 17:57:42.095  4211  4310 D SurfaceControl: destroy(transaction), animation-leash is destroyed, sc=Surface(name=Surface(name=8b6dc92 Splash Screen com.wallapop)/@0xaaa655e - animation-leash)/@0xd14030, transaction=android.view.SurfaceControl$Transaction@636360c, caller=com.android.server.wm.SurfaceAnimator.reset:338 com.android.server.wm.SurfaceAnimator.lambda$getFinishedCallback$0:97 com.android.server.wm.-$$Lambda$SurfaceAnimator$SIBia0mND666K8lMCPsoid8pUTI.run:4 com.android.server.wm.SurfaceAnimator.lambda$getFinishedCallback$1:104 com.android.server.wm.-$$Lambda$SurfaceAnimator$vdRZk66hQVbQCvVXEaQCT1kVmFc.onAnimationFinished:4 com.android.server.wm.LocalAnimationAdapter.lambda$startAnimation$0:74 com.android.server.wm.-$$Lambda$LocalAnimationAdapter$X--EomqUvw4qy89IeeTFTH7aCMo.run:4

11-14 17:57:42.096  4211  4310 E WindowManager: win=Window{8b6dc92 u0 Splash Screen com.wallapop EXITING} destroySurfaces: appStopped=false win.mWindowRemovalAllowed=true win.mRemoveOnExit=true win.mViewVisibility=0 caller=com.android.server.wm.AppWindowToken.destroySurfaces:870 com.android.server.wm.AppWindowToken.destroySurfaces:851 com.android.server.wm.WindowState.onExitAnimationDone:5436 com.android.server.wm.WindowStateAnimator.onAnimationFinished:319 com.android.server.wm.WindowState.onAnimationFinished:5858 com.android.server.wm.-$$Lambda$yVRF8YoeNdTa8GR1wDStVsHu8xM.run:2 com.android.server.wm.SurfaceAnimator.lambda$getFinishedCallback$0:100

11-14 17:57:42.096  4211  4310 I WindowManager: Destroying surface Surface(name=Splash Screen com.wallapop)/@0x469448c called by com.android.server.wm.WindowStateAnimator.destroySurface:1901 com.android.server.wm.WindowStateAnimator.destroySurfaceLocked:838 com.android.server.wm.WindowState.destroySurfaceUnchecked:3839 com.android.server.wm.WindowState.destroySurface:3820 com.android.server.wm.AppWindowToken.destroySurfaces:870 com.android.server.wm.AppWindowToken.destroySurfaces:851 com.android.server.wm.WindowState.onExitAnimationDone:5436 com.android.server.wm.WindowStateAnimator.onAnimationFinished:319

11-14 17:57:42.096  3727  5386 I SurfaceFlinger: id=28328 Removed Splash Screen com.wallapop#0 (0/66)

11-14 17:57:42.110  3727  5386 W SurfaceFlinger: Attempting to set client state on removed layer: Splash Screen com.wallapop#0 [s.what : 40]

11-14 17:57:42.110  3727  5386 D Layer   : [8b6dc92 Splash Screen com.wallapop#0]::reparent oldParent:[Surface(name=8b6dc92 Splash Screen com.wallapop)/@0xaaa655e - animation-leash#0], newParent:[AppWindowToken{1acee99 token=Token{f493be0 ActivityRecord{332e5e3 u0 com.wallapop/com.rewallapop.ui.wall.WallActivity t2204}}}#0]

11-14 17:57:42.110  3727  5386 W SurfaceFlinger: Attempting to destroy on removed layer: Splash Screen com.wallapop#0

11-14 17:57:42.110  3727  5386 I SurfaceFlinger: id=28335 Removed Surface(name=8b6dc92 Splash Screen com.wallapop)/@0xaaa655e - animation-leash#0 (2/65)

11-14 17:57:42.110  3727  5386 I SurfaceFlinger: id=28327 Removed 8b6dc92 Splash Screen com.wallapop#0 (1/64)

11-14 17:57:42.111  3727  3727 I Layer   : id=28327 onRemoved 8b6dc92 Splash Screen com.wallapop#0

11-14 17:57:42.111  3727  3727 I Layer   : id=28328 onRemoved Splash Screen com.wallapop#0

11-14 17:57:42.111  3727  3727 I Layer   : id=28335 onRemoved Surface(name=8b6dc92 Splash Screen com.wallapop)/@0xaaa655e - animation-leash#0

11-14 17:57:42.118  3727  3727 I SurfaceFlinger:      Device | 0x70dda1fcc0 | 0002 | RGBA_8888 |   0.0    0.0 1080.0 2220.0 |    0    0 1080 2220 | com.wallapop/com.rewallapop.ui.wall.WallActivity[5440]#0

11-14 17:57:42.159 19377 19389 I Finsky  : [9558] fxs.d(3): com.wallapop: Account determined from installer data - [rJj4Md76H4LxoN-B4dnoZM7XaXDDBcXGlC-caOCi6Uc]

11-14 17:57:42.159 19377 19389 I Finsky  : [9558] fxs.d(14): com.wallapop: Account from preferred account - [rJj4Md76H4LxoN-B4dnoZM7XaXDDBcXGlC-caOCi6Uc]

11-14 17:57:42.165 19377 19389 I Finsky  : [9558] fxs.d(3): com.wallapop: Account determined from installer data - [rJj4Md76H4LxoN-B4dnoZM7XaXDDBcXGlC-caOCi6Uc]

11-14 17:57:42.166 19377 19389 I Finsky  : [9558] fxs.d(14): com.wallapop: Account from preferred account - [rJj4Md76H4LxoN-B4dnoZM7XaXDDBcXGlC-caOCi6Uc]

11-14 17:57:42.198  5440  5440 V InputMethodManager: Starting input: tba=com.wallapop ic=null mNaviBarColor -1 mIsGetNaviBarColorSuccess true , NavVisible : true , NavTrans : false

11-14 17:57:42.233  4622  4682 E RequestManager_FLP: [FusedLocationApi] Location request 93b3f56(Listener) PRIORITY_BALANCED_POWER_ACCURACY interval=300000 from com.wallapop

11-14 17:57:42.332  4211  4228 D CodecSolution: isMaxAspectPackageEx: com.wallapop : true(2)

11-14 17:57:42.359  4211  5500 I WindowManager: Cancelling animation restarting=false, leash=null, surface=Surface(name=AppWindowToken{490ada9 token=Token{6174d30 ActivityRecord{f342a73 u0 com.wallapop/com.rewallapop.ui.main.MainActivity t2204}}})/@0x6023489, parent=Surface(name=Task=2204)/@0x5e84c8e

11-14 17:57:42.363  3727  3964 I SurfaceFlinger: id=28326 Removed AppWindowToken{490ada9 token=Token{6174d30 ActivityRecord{f342a73 u0 com.wallapop/com.rewallapop.ui.main.MainActivity t2204}}}#0 (0/63)

11-14 17:57:42.377  3727  3727 I Layer   : id=28326 onRemoved AppWindowToken{490ada9 token=Token{6174d30 ActivityRecord{f342a73 u0 com.wallapop/com.rewallapop.ui.main.MainActivity t2204}}}#0

11-14 17:57:42.465  4211  4669 D MdnieScenarioControlService:  packageName : com.wallapop    className : com.rewallapop.ui.wall.WallActivity

11-14 17:57:43.234  5440  5440 W com.wallapop: Accessing hidden field Landroid/view/View;->mAccessibilityDelegate:Landroid/view/View$AccessibilityDelegate; (light greylist, reflection)

11-14 17:57:43.911  4211  4390 D WifiTrafficPoller: TrafficStats TxPkts=984077 RxPkts=1719103 TxBytes=212487422 RxBytes=1633262986 , Foreground uid=10313 pkgName=com.wallapop TxPackets=67669 RxPackets=61463 TxBytes=14363707 RxBytes=41352512

11-14 17:57:44.043  5440  5452 I com.wallapop: Background concurrent copying GC freed 145384(9MB) AllocSpace objects, 41(1172KB) LOS objects, 49% free, 13MB/27MB, paused 519us total 167.006ms

11-14 17:57:44.064  5440  5445 I com.wallapop: Compiler allocated 4MB to compile void android.widget.TextView.<init>(android.content.Context, android.util.AttributeSet, int, int)

11-14 17:57:44.140  5440  5440 W View    : requestLayout() improperly called by com.wallapop.design.view.WallapopTextView{38140c2 V.ED..... ......ID 47,26-47,86 #7f0a0904 app:id/wp__home__tv_bubble} during layout: running second layout pass

11-14 17:57:44.310  5440  5445 I com.wallapop: Compiler allocated 4MB to compile void android.widget.TextView.<init>(android.content.Context, android.util.AttributeSet, int, int)

11-14 17:57:46.052  4211  5662 D WifiPermissionsUtil: canAccessScanResults: pkgName = com.wallapop, uid = 10313

11-14 17:57:46.208  5440  5452 I com.wallapop: Background concurrent copying GC freed 139807(7MB) AllocSpace objects, 113(5MB) LOS objects, 50% free, 16MB/32MB, paused 1.690ms total 186.182ms

11-14 17:57:46.590  5440  5777 D Amazon DTB Ads API: with query params:[?dt=android&app=app&dinfo=%7B%22os%22%3A%22Android%22%2C%22model%22%3A%22SM-A750FN%22%2C%22make%22%3A%22samsung%22%2C%22osVersion%22%3A%229%22%2C%22connectionType%22%3A%22Wifi%22%2C%22country%22%3A%22ES%22%2C%22scalingFactor%22%3A%222.625%22%2C%22carrier%22%3A%22JAZZTEL%22%2C%22language%22%3A%22es%22%2C%22screenSize%22%3A%221080x2094%22%2C%22orientation%22%3A%22portrait%22%7D&oo=0&aud=3p&idfa=bf505ce3-e614-4d9a-a4d7-9c324edc6560&appId=d2ba46e2d5ef4c9883051d9c8d0125d5&sdkVer=aps-android-7.4.3&ua=Dalvik%2F2.1.0%20%28Linux%3B%20U%3B%20Android%209%3B%20SM-A750FN%20Build%2FPPR1.180610.011%29&pkg=%7B%22lbl%22%3A%22_Wallapop_%22%2C%22pn%22%3A%22com.wallapop%22%2C%22v%22%3A%221850000%22%2C%22vn%22%3A%221.85.0-d1910251130%22%7D]

11-14 17:57:47.019  5440  5777 D Amazon DTB Ads API: Error while connecting to remote server: https://s.amazon-adsystem.com/api3/generate_did?dt=android&app=app&dinfo=%7B%22os%22%3A%22Android%22%2C%22model%22%3A%22SM-A750FN%22%2C%22make%22%3A%22samsung%22%2C%22osVersion%22%3A%229%22%2C%22connectionType%22%3A%22Wifi%22%2C%22country%22%3A%22ES%22%2C%22scalingFactor%22%3A%222.625%22%2C%22carrier%22%3A%22JAZZTEL%22%2C%22language%22%3A%22es%22%2C%22screenSize%22%3A%221080x2094%22%2C%22orientation%22%3A%22portrait%22%7D&oo=0&aud=3p&idfa=bf505ce3-e614-4d9a-a4d7-9c324edc6560&appId=d2ba46e2d5ef4c9883051d9c8d0125d5&sdkVer=aps-android-7.4.3&ua=Dalvik%2F2.1.0%20%28Linux%3B%20U%3B%20Android%209%3B%20SM-A750FN%20Build%2FPPR1.180610.011%29&pkg=%7B%22lbl%22%3A%22_Wallapop_%22%2C%22pn%22%3A%22com.wallapop%22%2C%22v%22%3A%221850000%22%2C%22vn%22%3A%221.85.0-d1910251130%22%7D with error:Chain validation failed

11-14 17:57:47.021  5440  5777 E Amazon DTB Ads API: 	at com.wallapop.thirdparty.ads.b.a.a(SourceFile:43)

11-14 17:57:47.021  5440  5777 E Amazon DTB Ads API: 	at com.wallapop.thirdparty.ads.b.a$b$1.invokeSuspend(SourceFile:34)

11-14 17:57:47.021  5440  5777 E Amazon DTB Ads API: 	at com.wallapop.thirdparty.ads.b.a$b$1.invoke(Unknown Source:10)

11-14 17:57:47.021  5440  5777 E Amazon DTB Ads API: 	at com.wallapop.thirdparty.ads.b.a$b.invokeSuspend(SourceFile:33)

11-14 17:57:47.172  5440  6070 D Amazon DTB Ads API: with query params:[?dt=android&app=app&dinfo=%7B%22os%22%3A%22Android%22%2C%22model%22%3A%22SM-A750FN%22%2C%22make%22%3A%22samsung%22%2C%22osVersion%22%3A%229%22%2C%22connectionType%22%3A%22Wifi%22%2C%22country%22%3A%22ES%22%2C%22scalingFactor%22%3A%222.625%22%2C%22carrier%22%3A%22JAZZTEL%22%2C%22language%22%3A%22es%22%2C%22screenSize%22%3A%221080x2094%22%2C%22orientation%22%3A%22portrait%22%7D&oo=0&aud=3p&idfa=bf505ce3-e614-4d9a-a4d7-9c324edc6560&appId=d2ba46e2d5ef4c9883051d9c8d0125d5&sdkVer=aps-android-7.4.3&ua=Dalvik%2F2.1.0%20%28Linux%3B%20U%3B%20Android%209%3B%20SM-A750FN%20Build%2FPPR1.180610.011%29&pkg=%7B%22lbl%22%3A%22_Wallapop_%22%2C%22pn%22%3A%22com.wallapop%22%2C%22v%22%3A%221850000%22%2C%22vn%22%3A%221.85.0-d1910251130%22%7D]

11-14 17:57:47.419  5440  5440 W com.wallapop: Accessing hidden method Landroid/media/AudioTrack;->getLatency()I (light greylist, reflection)

11-14 17:57:47.587  5440  6070 D Amazon DTB Ads API: Error while connecting to remote server: https://s.amazon-adsystem.com/api3/generate_did?dt=android&app=app&dinfo=%7B%22os%22%3A%22Android%22%2C%22model%22%3A%22SM-A750FN%22%2C%22make%22%3A%22samsung%22%2C%22osVersion%22%3A%229%22%2C%22connectionType%22%3A%22Wifi%22%2C%22country%22%3A%22ES%22%2C%22scalingFactor%22%3A%222.625%22%2C%22carrier%22%3A%22JAZZTEL%22%2C%22language%22%3A%22es%22%2C%22screenSize%22%3A%221080x2094%22%2C%22orientation%22%3A%22portrait%22%7D&oo=0&aud=3p&idfa=bf505ce3-e614-4d9a-a4d7-9c324edc6560&appId=d2ba46e2d5ef4c9883051d9c8d0125d5&sdkVer=aps-android-7.4.3&ua=Dalvik%2F2.1.0%20%28Linux%3B%20U%3B%20Android%209%3B%20SM-A750FN%20Build%2FPPR1.180610.011%29&pkg=%7B%22lbl%22%3A%22_Wallapop_%22%2C%22pn%22%3A%22com.wallapop%22%2C%22v%22%3A%221850000%22%2C%22vn%22%3A%221.85.0-d1910251130%22%7D with error:Chain validation failed

11-14 17:57:47.852  5440  6070 D Amazon DTB Ads API: with json params:[{"oo":"false","dinfo":{"os":"Android","model":"SM-A750FN","make":"samsung","osVersion":"9","connectionType":"Wifi","country":"ES","scalingFactor":"2.625","carrier":"JAZZTEL","language":"es","screenSize":"1080x2094","orientation":"portrait"},"adsdk":"aps-android-7.4.3","slots":[{"sz":"320x50","slot":"f414d83c-ab9f-4e02-9c59-5137663ee6c7","slotId":1,"supportedMediaTypes":["DISPLAY"]}],"mraid":["1.0","2.0","3.0"],"appId":"d2ba46e2d5ef4c9883051d9c8d0125d5","idfa":"bf505ce3-e614-4d9a-a4d7-9c324edc6560","geoloc":"41.4058684,2.1865172,18.145","isDTBMobile":"true","ua":"Dalvik\/2.1.0 (Linux; U; Android 9; SM-A750FN Build\/PPR1.180610.011)","pkg":{"lbl":"_Wallapop_","pn":"com.wallapop","v":"1850000","vn":"1.85.0-d1910251130"},"gdpr":{"e":"1","c":"BOR0xKKOR0xKKABABAENBZ-AAAAfZ7_______9______9uz_Gv_v_f__33e8__9v_l_7_-___u_-33d4-_1vX99yfm1-7ftr3tp_86ues2vHqK9ZoA"}}]

11-14 17:57:47.878  4211  4475 I CodecSolution: pid(5440) pkg(com.wallapop)

11-14 17:57:47.890  4211  6758 D CodecSolution: topName : com.wallapop

11-14 17:57:47.890  4211  6758 I CodecSolution: Top : com.wallapop

11-14 17:57:47.890  4211  6758 D SCPMHelper: getPackageInfo(com.wallapop)

11-14 17:57:47.978  4211  4475 I CodecSolution: pid(5440) pkg(com.wallapop)

11-14 17:57:48.004  4211  4390 D WifiTrafficPoller: TrafficStats TxPkts=984457 RxPkts=1719512 TxBytes=212566140 RxBytes=1633554869 , Foreground uid=10313 pkgName=com.wallapop TxPackets=68017 RxPackets=61828 TxBytes=14425499 RxBytes=41614817

11-14 17:57:48.012  4211  6758 D CodecSolution: topName : com.wallapop

11-14 17:57:48.012  4211  6758 I CodecSolution: Top : com.wallapop

11-14 17:57:48.012  4211  6758 D SCPMHelper: getPackageInfo(com.wallapop)

11-14 17:57:48.058  5440  5452 I com.wallapop: Background concurrent copying GC freed 281485(12MB) AllocSpace objects, 103(4MB) LOS objects, 50% free, 17MB/35MB, paused 588us total 344.743ms

11-14 17:57:48.081  5440  6093 I chatty  : uid=10313(com.wallapop) CodecLooper identical 1 line

11-14 17:57:48.749  5440  6082 I chatty  : uid=10313(com.wallapop) CodecLooper identical 3 lines


