Executed '[C754] Contact us: Open a Helpshift ticket from the FAQs' on 28-07-2019
---------------------------------------------------------------------------------
07-28 21:53:48.039   804  1502 I ActivityManager: Force stopping com.wallapop appid=10291 user=0: from pid 9879

07-28 21:53:48.039   804  1502 I ActivityManager: Killing 8808:com.wallapop/u0a291 (adj 15): stop com.wallapop cause from pid 9879

07-28 21:53:48.039   804  1502 D ActivityManager: isAutoRunBlockedApp:: com.wallapop, Auto Run ON

07-28 21:53:48.059   804   804 V AlarmManager: Remove alarm for next reason : android.intent.action.PACKAGE_RESTARTED : package: com.wallapop

07-28 21:53:48.079  5022  5022 I ClearDataReceiver: [#DCM#] Intent Data: package:com.wallapop

07-28 21:53:48.309   804  2377 V WindowManager: addAppToken: AppWindowToken{f91027d token=Token{4b60d4 ActivityRecord{d4b7627 u0 com.wallapop/com.rewallapop.ui.main.MainActivity t1465}}} to stack=1 task=1465 at 0

07-28 21:53:48.319   804   932 D ISSUE_DEBUG: InputChannelName : 47e0d58 Starting com.wallapop

07-28 21:53:48.339   804  1637 I ActivityManager: Start proc 9915:com.wallapop/u0a291 for activity com.wallapop/com.rewallapop.ui.main.MainActivity

07-28 21:53:48.339  9915  9915 W SELinux : SELinux: seapp_context_lookup: seinfo=default, level=s0:c512,c768, pkgname=com.wallapop

07-28 21:53:48.359   804   932 V WindowStateAnimator: Finishing drawing window Window{47e0d58 u0 d0 Starting com.wallapop}: mDrawState=DRAW_PENDING

07-28 21:53:48.389   804  1720 D ActivityManager:  Launching com.wallapop, updated priority

07-28 21:53:48.409   804   890 V MARsPolicyManager: updatePackagesScore PackageInfo name -- com.wallapop

07-28 21:53:48.419   804   891 D StatusBarManagerService: manageDisableList userId=0 what=0x0 pkg=Window{47e0d58 u0 d0 Starting com.wallapop}

07-28 21:53:48.419  9915  9915 W ResourcesManager: getTopLevelResources: /data/app/com.wallapop-1/base.apk / 1.0 running in com.wallapop rsrc of package null

07-28 21:53:48.669  9915  9944 W ResourcesManager: getTopLevelResources: /data/app/com.google.android.gms-2/base.apk / 1.0 running in com.wallapop rsrc of package null

07-28 21:53:48.689  9915  9915 W ResourcesManager: getTopLevelResources: /data/app/com.wallapop-1/base.apk / 1.0 running in com.wallapop rsrc of package null

07-28 21:53:48.699  9915  9915 W ResourcesManager: getTopLevelResources: /data/app/com.wallapop-1/base.apk / 1.0 running in com.wallapop rsrc of package null

07-28 21:53:48.709  9915  9954 W System.err: remove failed: ENOENT (No such file or directory) : /data/user/0/com.wallapop/files/AppEventsLogger.persistedevents

07-28 21:53:48.719  9915  9915 W ResourcesManager: getTopLevelResources: /data/app/com.wallapop-1/base.apk / 1.0 running in com.wallapop rsrc of package null

07-28 21:53:48.749  9915  9944 W ResourcesManager: getTopLevelResources: /data/app/com.google.android.gms-2/base.apk / 1.0 running in com.wallapop rsrc of package null

07-28 21:53:48.779  9915  9944 W ResourcesManager: getTopLevelResources: /data/data/com.google.android.gms/app_chimera/m/0000003f/dl-AdsFdrDynamite.integ_20300000008.apk / 1.0 running in com.wallapop rsrc of package null

07-28 21:53:48.779  9915  9944 W ResourcesManager: getTopLevelResources: /data/data/com.google.android.gms/app_chimera/m/0000003f/dl-AdsFdrDynamite.integ_20300000008.apk / 1.0 running in com.wallapop rsrc of package null

07-28 21:53:48.819  9915  9915 W ResourcesManager: getTopLevelResources: /data/app/com.wallapop-1/base.apk / 1.0 running in com.wallapop rsrc of package null

07-28 21:53:48.909  9915  9932 I FA      :   adb shell setprop debug.firebase.analytics.app com.wallapop

07-28 21:53:49.129  9915  9915 W System.err: mkdir failed: EEXIST (File exists) : /data/user/0/com.wallapop/cache/okhttp

07-28 21:53:50.189  9915  9974 W ResourcesManager: getTopLevelResources: /data/app/com.google.android.gms-2/base.apk / 1.0 running in com.wallapop rsrc of package null

07-28 21:53:50.189  9915  9976 I stetho  : Listening on @stetho_com.wallapop_devtools_remote

07-28 21:53:50.199  9915  9915 I art     : Rejecting re-init on previously-failed class java.lang.Class<com.wallapop.clickstream.JobIntentService$f>

07-28 21:53:50.209  9915  9915 I art     : Rejecting re-init on previously-failed class java.lang.Class<com.wallapop.clickstream.JobIntentService$f>

07-28 21:53:50.449  9915  9915 W ResourcesManager: getTopLevelResources: /data/data/com.google.android.gms/app_chimera/m/0000003f/dl-AdsFdrDynamite.integ_20300000008.apk / 1.0 running in com.wallapop rsrc of package null

07-28 21:53:50.469  9915  9915 W ResourcesManager: getTopLevelResources: /data/app/com.google.android.gms-2/base.apk / 1.0 running in com.wallapop rsrc of package null

07-28 21:53:50.509  9915  9983 W System.err: remove failed: ENOENT (No such file or directory) : /data/user/0/com.wallapop/files/tfidf.db

07-28 21:53:50.519  9915  9983 W System.err: remove failed: ENOENT (No such file or directory) : /data/user/0/com.wallapop/databases/__hs__db_error_reports

07-28 21:53:50.519  9915  9983 W System.err: remove failed: ENOENT (No such file or directory) : /data/user/0/com.wallapop/databases/__hs__db_error_reports-journal

07-28 21:53:50.519  9915  9983 W System.err: remove failed: ENOENT (No such file or directory) : /data/user/0/com.wallapop/databases/__hs__db_error_reports-shm

07-28 21:53:50.519  9915  9983 W System.err: remove failed: ENOENT (No such file or directory) : /data/user/0/com.wallapop/databases/__hs__db_error_reports-wal

07-28 21:53:50.579  9915  9915 W ResourcesManager: getTopLevelResources: /data/app/com.google.android.webview-1/base.apk / 1.0 running in com.wallapop rsrc of package null

07-28 21:53:53.219  9915  9915 W ResourcesManager: getTopLevelResources: /data/app/com.wallapop-1/base.apk / 1.0 running in com.wallapop rsrc of package null

07-28 21:53:53.219   804  1724 V AlarmManager:  remove PendingIntent] PendingIntent{834738c: PendingIntentRecord{3d20ad5 com.wallapop broadcastIntent}}

07-28 21:53:53.229  9915  9915 W ResourcesManager: getTopLevelResources: /data/app/com.wallapop-1/base.apk / 1.0 running in com.wallapop rsrc of package null

07-28 21:53:53.479   804  1721 V AlarmManager:  remove PendingIntent] PendingIntent{1b57f51: PendingIntentRecord{b813b6 com.wallapop broadcastIntent}}

07-28 21:53:53.499   804  1637 D LocationManagerService: request 63a824 passive Request[POWER_NONE passive fastest=0 num=1] from com.wallapop(10291)

07-28 21:53:53.499   804  1637 I AppOps  : sendInfoToFLP, code=41 , uid=10291 , packageName=com.wallapop , type=startOp

07-28 21:53:53.579  9915  9915 W System.err: remove failed: ENOENT (No such file or directory) : /data/user/0/com.wallapop/cache/okhttp/journal.tmp

07-28 21:53:53.589  9915  9915 I Timeline: Timeline: Activity_launch_request id:com.wallapop time:191423989

07-28 21:53:53.609   804  1737 V WindowManager: addAppToken: AppWindowToken{6452290 token=Token{6887953 ActivityRecord{ea9b542 u0 com.wallapop/com.rewallapop.ui.wall.WallActivity t1465}}} to stack=1 task=1465 at 1

07-28 21:53:53.609   804   891 D StatusBarManagerService: manageDisableList userId=0 what=0x0 pkg=Window{47e0d58 u0 d0 Starting com.wallapop}

07-28 21:53:53.649  9915  9966 W ResourcesManager: getTopLevelResources: /data/app/com.google.android.gms-2/base.apk / 1.0 running in com.wallapop rsrc of package null

07-28 21:53:53.719   804   890 D ApplicationPolicy: isStatusBarNotificationAllowedAsUser: packageName = com.wallapop,userId = 0

07-28 21:53:53.729   804   890 V MARsPolicyManager: updatePackagesScore PackageInfo name -- com.wallapop

07-28 21:53:53.739   804   804 D MARsPolicyManager: NotificationListenerService OngoingNotificationPosted : com.wallapop

07-28 21:53:53.739  1386  1386 W ResourcesManager: getTopLevelResources: /data/app/com.wallapop-1/base.apk / 1.0 running in com.android.systemui rsrc of package null

07-28 21:53:53.769  1386  1386 W ResourcesManager: getTopLevelResources: /data/app/com.wallapop-1/base.apk / 1.0 running in com.android.systemui rsrc of package null

07-28 21:53:53.769  1386  1386 W ResourcesManager: getTopLevelResources: /data/app/com.wallapop-1/base.apk / 1.0 running in com.android.systemui rsrc of package null

07-28 21:53:53.779  9915  9915 W ResourcesManager: getTopLevelResources: /data/app/com.wallapop-1/base.apk / 1.0 running in com.wallapop rsrc of package null

07-28 21:53:53.789  9915 10037 W System.err: mkdir failed: EEXIST (File exists) : /data/user/0/com.wallapop/cache/WebView/Crash Reports

07-28 21:53:53.789  9915  9915 W ResourcesManager: getTopLevelResources: /data/app/com.wallapop-1/base.apk / 1.0 running in com.wallapop rsrc of package null

07-28 21:53:53.799  1386  1386 W ResourcesManager: getTopLevelResources: /data/app/com.wallapop-1/base.apk / 1.0 running in com.android.systemui rsrc of package null

07-28 21:53:53.829   804  2437 V AlarmManager:  remove PendingIntent] PendingIntent{a6c5345: PendingIntentRecord{b813b6 com.wallapop broadcastIntent}}

07-28 21:53:53.849  9915  9974 W ResourcesManager: getTopLevelResources: /data/app/com.google.android.gms-2/base.apk / 1.0 running in com.wallapop rsrc of package null

07-28 21:53:54.279  9915  9954 W System.err: remove failed: ENOENT (No such file or directory) : /data/user/0/com.wallapop/files/AppEventsLogger.persistedevents

07-28 21:53:54.339   804  1919 D ISSUE_DEBUG: InputChannelName : 48cffab com.wallapop/com.rewallapop.ui.wall.WallActivity

07-28 21:53:54.359  5642  5814 I Finsky  : [14995] fos.b(2): com.wallapop: Account determined from installer data - [iyuiBytbk-Sv2FWK0M6qH-HKJNU]

07-28 21:53:54.359  5642  5814 I Finsky  : [14995] fos.b(2): com.wallapop: Account from preferred account - [iyuiBytbk-Sv2FWK0M6qH-HKJNU]

07-28 21:53:54.359  5642  5653 I Finsky  : [14941] fos.b(2): com.wallapop: Account determined from installer data - [iyuiBytbk-Sv2FWK0M6qH-HKJNU]

07-28 21:53:54.359  5642  5653 I Finsky  : [14941] fos.b(2): com.wallapop: Account from preferred account - [iyuiBytbk-Sv2FWK0M6qH-HKJNU]

07-28 21:53:54.619  9915 10191 W ResourcesManager: getTopLevelResources: /data/data/com.google.android.gms/app_chimera/m/0000003f/dl-AdsFdrDynamite.integ_20300000008.apk / 1.0 running in com.wallapop rsrc of package null

07-28 21:53:54.719   804   891 D StatusBarManagerService: manageDisableList userId=0 what=0x0 pkg=Window{48cffab u0 d0 com.wallapop/com.rewallapop.ui.wall.WallActivity}

07-28 21:53:55.049  5642  5652 I Finsky  : [14940] fos.b(2): com.wallapop: Account determined from installer data - [iyuiBytbk-Sv2FWK0M6qH-HKJNU]

07-28 21:53:55.049  5642  5652 I Finsky  : [14940] fos.b(2): com.wallapop: Account from preferred account - [iyuiBytbk-Sv2FWK0M6qH-HKJNU]

07-28 21:53:55.339   804  2437 V WindowStateAnimator: Finishing drawing window Window{48cffab u0 d0 com.wallapop/com.rewallapop.ui.wall.WallActivity}: mDrawState=DRAW_PENDING

07-28 21:53:55.349   804   932 I ActivityManager: Displayed com.wallapop/com.rewallapop.ui.wall.WallActivity: +1s619ms (total +11m55s768ms)

07-28 21:53:55.349   804   932 I Timeline: Timeline: Activity_windows_visible id: ActivityRecord{ea9b542 u0 com.wallapop/com.rewallapop.ui.wall.WallActivity t1465} time:191425745

07-28 21:53:55.459   804  2436 V WindowStateAnimator: Finishing drawing window Window{48cffab u0 d0 com.wallapop/com.rewallapop.ui.wall.WallActivity}: mDrawState=HAS_DRAWN

07-28 21:53:55.529   804  1257 I AppOps  : sendInfoToFLP, code=41 , uid=10291 , packageName=com.wallapop , type=startOp

07-28 21:53:55.709  5642  5812 I Finsky  : [14994] fos.b(2): com.wallapop: Account determined from installer data - [iyuiBytbk-Sv2FWK0M6qH-HKJNU]

07-28 21:53:55.709  5642  5812 I Finsky  : [14994] fos.b(2): com.wallapop: Account from preferred account - [iyuiBytbk-Sv2FWK0M6qH-HKJNU]

07-28 21:53:55.869  9915  9915 W ResourcesManager: getTopLevelResources: /data/app/com.google.android.gms-2/base.apk / 1.0 running in com.wallapop rsrc of package null

07-28 21:53:55.949  5642  5652 I Finsky  : [14940] fos.b(2): com.wallapop: Account determined from installer data - [iyuiBytbk-Sv2FWK0M6qH-HKJNU]

07-28 21:53:55.949  5642  5652 I Finsky  : [14940] fos.b(2): com.wallapop: Account from preferred account - [iyuiBytbk-Sv2FWK0M6qH-HKJNU]

07-28 21:53:56.059  5642  5812 I Finsky  : [14994] fos.b(2): com.wallapop: Account determined from installer data - [iyuiBytbk-Sv2FWK0M6qH-HKJNU]

07-28 21:53:56.069  5642  5812 I Finsky  : [14994] fos.b(2): com.wallapop: Account from preferred account - [iyuiBytbk-Sv2FWK0M6qH-HKJNU]

07-28 21:53:56.729  5642  5652 I Finsky  : [14940] fos.b(2): com.wallapop: Account determined from installer data - [iyuiBytbk-Sv2FWK0M6qH-HKJNU]

07-28 21:53:56.729  5642  5652 I Finsky  : [14940] fos.b(2): com.wallapop: Account from preferred account - [iyuiBytbk-Sv2FWK0M6qH-HKJNU]

07-28 21:53:57.049  5642  5653 I Finsky  : [14941] fos.b(2): com.wallapop: Account determined from installer data - [iyuiBytbk-Sv2FWK0M6qH-HKJNU]

07-28 21:53:57.049  5642  5653 I Finsky  : [14941] fos.b(2): com.wallapop: Account from preferred account - [iyuiBytbk-Sv2FWK0M6qH-HKJNU]

07-28 21:53:57.069  5642  5652 I Finsky  : [14940] fos.b(2): com.wallapop: Account determined from installer data - [iyuiBytbk-Sv2FWK0M6qH-HKJNU]

07-28 21:53:57.069  5642  5652 I Finsky  : [14940] fos.b(2): com.wallapop: Account from preferred account - [iyuiBytbk-Sv2FWK0M6qH-HKJNU]

07-28 21:53:57.349  9915  9954 W System.err: remove failed: ENOENT (No such file or directory) : /data/user/0/com.wallapop/files/AppEventsLogger.persistedevents

07-28 21:53:57.939  9915 10310 W ResourcesManager: getTopLevelResources: /data/app/com.google.android.gms-2/base.apk / 1.0 running in com.wallapop rsrc of package null

07-28 21:53:59.669  9915 10346 W ResourcesManager: getTopLevelResources: /data/app/com.google.android.gms-2/base.apk / 1.0 running in com.wallapop rsrc of package null

07-28 21:54:01.519  9915 10350 W ResourcesManager: getTopLevelResources: /data/app/com.google.android.gms-2/base.apk / 1.0 running in com.wallapop rsrc of package null

07-28 21:54:03.719   804   890 V BroadcastQueue: [background] Process cur broadcast BroadcastRecord{3f6c10f u0 com.appboy.action.receiver.DATA_SYNC qIdx=4}, state= (APP_RECEIVE) DELIVERED for app ProcessRecord{ed5eb6e 9915:com.wallapop/u0a291}

07-28 21:54:04.329  9915  9981 W ResourcesManager: getTopLevelResources: /data/app/com.google.android.gms-2/base.apk / 1.0 running in com.wallapop rsrc of package null

07-28 21:54:04.519  9915  9915 W ResourcesManager: getTopLevelResources: /data/app/com.google.android.gms-2/base.apk / 1.0 running in com.wallapop rsrc of package null

07-28 21:54:11.139  9915  9915 I Timeline: Timeline: Activity_launch_request id:com.wallapop time:191441538

07-28 21:54:11.159   804  2377 V WindowManager: addAppToken: AppWindowToken{6457bf7 token=Token{62c4bf6 ActivityRecord{e727091 u0 com.wallapop/.activities.PreferencesActivity t1465}}} to stack=1 task=1465 at 1

07-28 21:54:11.189   804   890 V MARsPolicyManager: updatePackagesScore PackageInfo name -- com.wallapop

07-28 21:54:11.199  9915  9915 W ResourcesManager: getTopLevelResources: /data/app/com.wallapop-1/base.apk / 1.0 running in com.wallapop rsrc of package null

07-28 21:54:11.199  9915  9915 W ResourcesManager: getTopLevelResources: /data/app/com.wallapop-1/base.apk / 1.0 running in com.wallapop rsrc of package null

07-28 21:54:11.199  9915  9915 W ResourcesManager: getTopLevelResources: /data/app/com.wallapop-1/base.apk / 1.0 running in com.wallapop rsrc of package null

07-28 21:54:11.229   804  2439 V AlarmManager:  remove PendingIntent] PendingIntent{f653a64: PendingIntentRecord{b813b6 com.wallapop broadcastIntent}}

07-28 21:54:11.289   804  2377 D ISSUE_DEBUG: InputChannelName : 4c93182 com.wallapop/com.wallapop.activities.PreferencesActivity

07-28 21:54:11.309   804   891 D StatusBarManagerService: manageDisableList userId=0 what=0x0 pkg=Window{4c93182 u0 d0 com.wallapop/com.wallapop.activities.PreferencesActivity}

07-28 21:54:11.379   804  1737 V WindowStateAnimator: Finishing drawing window Window{4c93182 u0 d0 com.wallapop/com.wallapop.activities.PreferencesActivity}: mDrawState=DRAW_PENDING

07-28 21:54:11.399   804   932 I ActivityManager: Displayed com.wallapop/.activities.PreferencesActivity: +228ms

07-28 21:54:11.409   804  1724 V WindowStateAnimator: Finishing drawing window Window{4c93182 u0 d0 com.wallapop/com.wallapop.activities.PreferencesActivity}: mDrawState=HAS_DRAWN

07-28 21:54:11.649   804   932 I Timeline: Timeline: Activity_windows_visible id: ActivityRecord{e727091 u0 com.wallapop/.activities.PreferencesActivity t1465} time:191442043

07-28 21:54:11.669  9915  9954 W System.err: remove failed: ENOENT (No such file or directory) : /data/user/0/com.wallapop/files/AppEventsLogger.persistedevents

07-28 21:54:11.679   804  1502 I AppOps  : sendInfoToFLP, code=41 , uid=10291 , packageName=com.wallapop , type=finishOp

07-28 21:54:11.679  9915  9915 V ActivityThread: updateVisibility : ActivityRecord{756cc8a token=android.os.BinderProxy@d1e576a {com.wallapop/com.rewallapop.ui.wall.WallActivity}} show : false

07-28 21:54:15.169  9915  9915 I Timeline: Timeline: Activity_launch_request id:com.wallapop time:191445561

07-28 21:54:15.179   804  2437 V WindowManager: addAppToken: AppWindowToken{2fe1483 token=Token{434ff32 ActivityRecord{2c53b3d u0 com.wallapop/com.helpshift.support.activities.ParentActivity t1465}}} to stack=1 task=1465 at 2

07-28 21:54:15.209   804   890 V MARsPolicyManager: updatePackagesScore PackageInfo name -- com.wallapop

07-28 21:54:15.209  9915  9915 W ResourcesManager: getTopLevelResources: /data/app/com.wallapop-1/base.apk / 1.0 running in com.wallapop rsrc of package null

07-28 21:54:15.209  9915  9915 W ResourcesManager: getTopLevelResources: /data/app/com.wallapop-1/base.apk / 1.0 running in com.wallapop rsrc of package null

07-28 21:54:15.259   804  1721 V AlarmManager:  remove PendingIntent] PendingIntent{74f4e39: PendingIntentRecord{b813b6 com.wallapop broadcastIntent}}

07-28 21:54:15.339   804  1724 D ISSUE_DEBUG: InputChannelName : e69428a com.wallapop/com.helpshift.support.activities.ParentActivity

07-28 21:54:15.349   804   891 D StatusBarManagerService: manageDisableList userId=0 what=0x0 pkg=Window{e69428a u0 d0 com.wallapop/com.helpshift.support.activities.ParentActivity}

07-28 21:54:15.529   804  1920 V WindowStateAnimator: Finishing drawing window Window{e69428a u0 d0 com.wallapop/com.helpshift.support.activities.ParentActivity}: mDrawState=DRAW_PENDING

07-28 21:54:15.539   804   932 I ActivityManager: Displayed com.wallapop/com.helpshift.support.activities.ParentActivity: +346ms

07-28 21:54:15.789   804   932 I Timeline: Timeline: Activity_windows_visible id: ActivityRecord{2c53b3d u0 com.wallapop/com.helpshift.support.activities.ParentActivity t1465} time:191446182

07-28 21:54:15.809  9915  9915 V ActivityThread: updateVisibility : ActivityRecord{af669db token=android.os.BinderProxy@582237 {com.wallapop/com.wallapop.activities.PreferencesActivity}} show : false

07-28 21:54:22.769 15796  2051 W ResourcesManager: getTopLevelResources: /data/app/com.wallapop-1/base.apk / 1.0 running in com.google.android.gms rsrc of package null

07-28 21:54:22.779 15796  2051 W ResourcesManager: getTopLevelResources: /data/app/com.wallapop-1/base.apk / 1.0 running in com.google.android.gms rsrc of package null

07-28 21:54:22.939 15796  3125 W ResourcesManager: getTopLevelResources: /data/app/com.wallapop-1/base.apk / 1.0 running in com.google.android.gms rsrc of package null

07-28 21:54:24.089 15796  2051 W ResourcesManager: getTopLevelResources: /data/app/com.wallapop-1/base.apk / 1.0 running in com.google.android.gms rsrc of package null

07-28 21:54:35.629   804  1257 V WindowManager: addAppToken: AppWindowToken{667ff9d token=Token{9999e74 ActivityRecord{45ba647 u0 com.wallapop/com.rewallapop.ui.main.MainActivity t1465}}} to stack=1 task=1465 at 3

07-28 21:54:35.659   804   890 V MARsPolicyManager: updatePackagesScore PackageInfo name -- com.wallapop

07-28 21:54:35.669  9915  9915 W ResourcesManager: getTopLevelResources: /data/app/com.wallapop-1/base.apk / 1.0 running in com.wallapop rsrc of package null

07-28 21:54:35.669  9915  9915 W ResourcesManager: getTopLevelResources: /data/app/com.wallapop-1/base.apk / 1.0 running in com.wallapop rsrc of package null

07-28 21:54:35.729   804  1737 V AlarmManager:  remove PendingIntent] PendingIntent{dec2de0: PendingIntentRecord{ec9f899 com.wallapop broadcastIntent}}

07-28 21:54:36.049  9915  9915 I Timeline: Timeline: Activity_launch_request id:com.wallapop time:191466442

07-28 21:54:36.049   804   833 W ActivityManager: startActivity called from finishing ActivityRecord{45ba647 u0 com.wallapop/com.rewallapop.ui.main.MainActivity t1465 f}; forcing Intent.FLAG_ACTIVITY_NEW_TASK for: Intent { cmp=com.wallapop/com.helpshift.support.activities.ParentActivity (has extras) }

07-28 21:54:36.059   804   890 V MARsPolicyManager: updatePackagesScore PackageInfo name -- com.wallapop

07-28 21:54:36.369   804  1920 V AlarmManager:  remove PendingIntent] PendingIntent{1b8ca4: PendingIntentRecord{3d20ad5 com.wallapop broadcastIntent}}

07-28 21:54:37.169  9915  9915 I Timeline: Timeline: Activity_launch_request id:com.wallapop time:191467569

07-28 21:54:37.179   804  1737 W ActivityManager: startActivity called from non-Activity context; forcing Intent.FLAG_ACTIVITY_NEW_TASK for: Intent { cmp=com.wallapop/com.helpshift.support.activities.ParentActivity (has extras) }

07-28 21:54:38.549  9915  9915 I Timeline: Timeline: Activity_launch_request id:com.wallapop time:191468945

07-28 21:54:38.559   804  2377 W ActivityManager: startActivity called from non-Activity context; forcing Intent.FLAG_ACTIVITY_NEW_TASK for: Intent { cmp=com.wallapop/com.helpshift.support.activities.ParentActivity (has extras) }


