Executed 'TestRailTest_01()' on 04-11-2019
---------------------------------------------------------------------------------
11-14 14:45:28.927  4211  5239 D ActivityManagerPerformance: Received MSG_DISABLE_ACT_START, r: ActivityRecord{a19ad71 u0 com.wallapop/com.rewallapop.ui.wall.WallActivity t2171}

11-14 14:45:29.061  3727  3727 I SurfaceFlinger: id=26968 createSurf (4440x4440),2 flag=4, 34dfc50 com.wallapop/com.rewallapop.ui.wall.WallActivity#0

11-14 14:45:29.457 25561 25573 I Finsky  : [9439] fxs.d(3): com.wallapop: Account determined from installer data - [rJj4Md76H4LxoN-B4dnoZM7XaXDDBcXGlC-caOCi6Uc]

11-14 14:45:29.458 25561 25573 I Finsky  : [9439] fxs.d(14): com.wallapop: Account from preferred account - [rJj4Md76H4LxoN-B4dnoZM7XaXDDBcXGlC-caOCi6Uc]

11-14 14:45:29.469 25561 25573 I Finsky  : [9439] fxs.d(3): com.wallapop: Account determined from installer data - [rJj4Md76H4LxoN-B4dnoZM7XaXDDBcXGlC-caOCi6Uc]

11-14 14:45:29.470 25561 25573 I Finsky  : [9439] fxs.d(14): com.wallapop: Account from preferred account - [rJj4Md76H4LxoN-B4dnoZM7XaXDDBcXGlC-caOCi6Uc]

11-14 14:45:29.472 25561 25573 I Finsky  : [9439] fxs.d(3): com.wallapop: Account determined from installer data - [rJj4Md76H4LxoN-B4dnoZM7XaXDDBcXGlC-caOCi6Uc]

11-14 14:45:29.472 25561 25573 I Finsky  : [9439] fxs.d(14): com.wallapop: Account from preferred account - [rJj4Md76H4LxoN-B4dnoZM7XaXDDBcXGlC-caOCi6Uc]

11-14 14:45:29.475 25561 25573 I Finsky  : [9439] fxs.d(3): com.wallapop: Account determined from installer data - [rJj4Md76H4LxoN-B4dnoZM7XaXDDBcXGlC-caOCi6Uc]

11-14 14:45:29.476 25561 25573 I Finsky  : [9439] fxs.d(14): com.wallapop: Account from preferred account - [rJj4Md76H4LxoN-B4dnoZM7XaXDDBcXGlC-caOCi6Uc]

11-14 14:45:29.519 25263 25274 I com.wallapop: Background concurrent copying GC freed 206083(14MB) AllocSpace objects, 52(3MB) LOS objects, 50% free, 11MB/22MB, paused 544us total 136.628ms

11-14 14:45:29.691  4211  5500 V WindowManager: Relayout Window{34dfc50 u0 com.wallapop/com.rewallapop.ui.wall.WallActivity}: viewVisibility=0 req=1080x2220 {(0,0)(fillxfill) sim={adjust=resize forwardNavigation} ty=BASE_APPLICATION wanim=0x10302fe

11-14 14:45:29.696  3727  3727 I SurfaceFlinger: id=26969 createSurf (1080x2220),1 flag=404, com.wallapop/com.rewallapop.ui.wall.WallActivity[25263]#0

11-14 14:45:29.698  4211  5500 D WindowManager: makeSurface duration=3 name=com.wallapop/com.rewallapop.ui.wall.WallActivity[25263]

11-14 14:45:29.698  4211  5500 V WindowManager: Changing focus from null to Window{34dfc50 u0 com.wallapop/com.rewallapop.ui.wall.WallActivity} Callers=com.android.server.wm.WindowManagerService.relayoutWindow:2526 com.android.server.wm.Session.relayoutForTranslate:302 android.view.IWindowSession$Stub.onTransact:518 com.android.server.wm.Session.onTransact:186

11-14 14:45:29.699  4211  4228 D WindowManager: setSystemUiVisibility: vis= 0xa518, fullscreenVis= 0x2000, dockedVis= 0x0, win=Window{34dfc50 u0 com.wallapop/com.rewallapop.ui.wall.WallActivity}

11-14 14:45:29.705  4211  4242 D WindowManager: reportFocusChangedSerialized, focused=true, inTouchMode=true, win=Window{34dfc50 u0 com.wallapop/com.rewallapop.ui.wall.WallActivity}

11-14 14:45:29.870 25561 25573 I Finsky  : [9439] fxs.d(3): com.wallapop: Account determined from installer data - [rJj4Md76H4LxoN-B4dnoZM7XaXDDBcXGlC-caOCi6Uc]

11-14 14:45:29.871 25561 25573 I Finsky  : [9439] fxs.d(14): com.wallapop: Account from preferred account - [rJj4Md76H4LxoN-B4dnoZM7XaXDDBcXGlC-caOCi6Uc]

11-14 14:45:30.008  4211  7552 D WindowManager: finishDrawingWindow: Window{34dfc50 u0 com.wallapop/com.rewallapop.ui.wall.WallActivity} mDrawState=DRAW_PENDING

11-14 14:45:30.011  4211  4310 I WindowManager: commitFinishDrawingLocked: mDrawState=READY_TO_SHOW Surface(name=com.wallapop/com.rewallapop.ui.wall.WallActivity[25263])/@0x9beae4f

11-14 14:45:30.011  4211  4310 V WindowManager: Resize reasons for w=Window{34dfc50 u0 com.wallapop/com.rewallapop.ui.wall.WallActivity}:  contentInsetsChanged=false [0,63][0,126] visibleInsetsChanged=false [0,63][0,126] stableInsetsChanged=false [0,63][0,126] outsetsChanged=false [0,0][0,0] surfaceResized=false configChanged=false dragResizingChanged=false reportOrientationChanged=false displayCutoutChanged=false nextForceRelayoutToClient=false

11-14 14:45:30.019  4211  4310 I WindowManager: commitFinishDrawingLocked: mDrawState=READY_TO_SHOW Surface(name=com.wallapop/com.rewallapop.ui.wall.WallActivity[25263])/@0x9beae4f

11-14 14:45:30.019  4211  4310 I WindowManager: Cancelling animation restarting=false, leash=null, surface=Surface(name=34dfc50 com.wallapop/com.rewallapop.ui.wall.WallActivity)/@0x5cf57c8, parent=Surface(name=AppWindowToken{e3c33d7 token=Token{62d7756 ActivityRecord{a19ad71 u0 com.wallapop/com.rewallapop.ui.wall.WallActivity t2171}}})/@0x2b78061

11-14 14:45:30.019  4211  4310 V WindowManager: performShowLocked: mDrawState=HAS_DRAWN in Window{34dfc50 u0 com.wallapop/com.rewallapop.ui.wall.WallActivity}

11-14 14:45:30.034  4211  4242 I ActivityManager: Displayed com.wallapop/com.rewallapop.ui.wall.WallActivity: +2s793ms (total +9s913ms)

11-14 14:45:30.045  3727  3727 I SurfaceFlinger:      Device | 0x70de033500 | 0002 | RGBA_8888 |   0.0    0.0 1080.0 2220.0 |    0    0 1080 2220 | com.wallapop/com.rewallapop.ui.wall.WallActivity[25263]#0

11-14 14:45:30.045  3727  3727 I SurfaceFlinger:      Device | 0x70de034940 | 0000 | RGBA_8888 |   0.0    0.0 1080.0 2220.0 |    0    0 1080 2220 | Splash Screen com.wallapop#0

11-14 14:45:30.047  4211  4310 V WindowManager: Remove Window{4647bb2 u0 Splash Screen com.wallapop}: mSurfaceController=Surface(name=Splash Screen com.wallapop)/@0xdceaac mAnimatingExit=false mRemoveOnExit=false mHasSurface=true surfaceShowing=true isAnimationSet=false app-animation=false mWillReplaceWindow=false inPendingTransaction=false mDisplayFrozen=false callers=com.android.server.wm.WindowState.removeIfPossible:2764 com.android.server.wm.WindowManagerService.removeWindow:1943 com.android.server.wm.Session.remove:268 android.view.ViewRootImpl.dispatchDetachedFromWindow:4565 android.view.ViewRootImpl.doDie:7996 android.view.ViewRootImpl$ViewRootHandler.handleMessage:4987

11-14 14:45:30.048  4211  4310 I WindowManager: Cancelling animation restarting=true, leash=null, surface=Surface(name=4647bb2 Splash Screen com.wallapop)/@0x6b7c4c4, parent=Surface(name=AppWindowToken{e3c33d7 token=Token{62d7756 ActivityRecord{a19ad71 u0 com.wallapop/com.rewallapop.ui.wall.WallActivity t2171}}})/@0x2b78061

11-14 14:45:30.048  4211  4310 I WindowManager: Reparenting to leash, surface=Surface(name=4647bb2 Splash Screen com.wallapop)/@0x6b7c4c4

11-14 14:45:30.050  3727  3727 I SurfaceFlinger: id=26970 createSurf (4440x4440),2 flag=4, Surface(name=4647bb2 Splash Screen com.wallapop)/@0x6b7c4c4 - animation-leash#0

11-14 14:45:30.060  4211  4310 D WindowManager: makeSurface duration=11 leash=Surface(name=Surface(name=4647bb2 Splash Screen com.wallapop)/@0x6b7c4c4 - animation-leash)/@0xd8ac19d

11-14 14:45:30.060  4211  4310 D SurfaceControl: reparent is called, sc=Surface(name=4647bb2 Splash Screen com.wallapop)/@0x6b7c4c4, newParentHandle=android.os.BinderProxy@7807612, transaction=android.view.SurfaceControl$Transaction@da1b2e2

11-14 14:45:30.064  3727  3771 D Layer   : [4647bb2 Splash Screen com.wallapop#0]::reparent oldParent:[AppWindowToken{e3c33d7 token=Token{62d7756 ActivityRecord{a19ad71 u0 com.wallapop/com.rewallapop.ui.wall.WallActivity t2171}}}#0], newParent:[Surface(name=4647bb2 Splash Screen com.wallapop)/@0x6b7c4c4 - animation-leash#0]

11-14 14:45:30.118 25263 25263 V InputMethodManager: Starting input: tba=com.wallapop ic=null mNaviBarColor -1 mIsGetNaviBarColorSuccess true , NavVisible : true , NavTrans : false

11-14 14:45:30.122  4211  4679 V InputMethodManagerService: windowGainedFocus : reason=WINDOW_FOCUS_GAIN client=android.os.BinderProxy@2c59e11 inputContext=null missingMethods= attribute=android.view.inputmethod.EditorInfo@710b56a nm = com.wallapop controlFlags=#104 softInputMode=#110 windowFlags=#81810100

11-14 14:45:30.142  4211  4228 D CodecSolution: isMaxAspectPackageEx: com.wallapop : true(2)

11-14 14:45:30.219  4211  4310 I WindowManager: reset, Reparenting to original parent, shouldDeferScheduleAnimation=false, destroyLeash=true, surface=Surface(name=4647bb2 Splash Screen com.wallapop)/@0x6b7c4c4, parent=Surface(name=AppWindowToken{e3c33d7 token=Token{62d7756 ActivityRecord{a19ad71 u0 com.wallapop/com.rewallapop.ui.wall.WallActivity t2171}}})/@0x2b78061, parentNativeHandle=android.os.BinderProxy@dcaafad, caller=com.android.server.wm.SurfaceAnimator.lambda$getFinishedCallback$0:97 com.android.server.wm.-$$Lambda$SurfaceAnimator$SIBia0mND666K8lMCPsoid8pUTI.run:4 com.android.server.wm.SurfaceAnimator.lambda$getFinishedCallback$1:104 com.android.server.wm.-$$Lambda$SurfaceAnimator$vdRZk66hQVbQCvVXEaQCT1kVmFc.onAnimationFinished:4 com.android.server.wm.LocalAnimationAdapter.lambda$startAnimation$0:74

11-14 14:45:30.220  4211  4310 D SurfaceControl: reparent is called, sc=Surface(name=4647bb2 Splash Screen com.wallapop)/@0x6b7c4c4, newParentHandle=android.os.BinderProxy@dcaafad, transaction=android.view.SurfaceControl$Transaction@da1b2e2

11-14 14:45:30.220  4211  4310 D SurfaceControl: destroy(transaction), animation-leash is destroyed, sc=Surface(name=Surface(name=4647bb2 Splash Screen com.wallapop)/@0x6b7c4c4 - animation-leash)/@0xd8ac19d, transaction=android.view.SurfaceControl$Transaction@da1b2e2, caller=com.android.server.wm.SurfaceAnimator.reset:338 com.android.server.wm.SurfaceAnimator.lambda$getFinishedCallback$0:97 com.android.server.wm.-$$Lambda$SurfaceAnimator$SIBia0mND666K8lMCPsoid8pUTI.run:4 com.android.server.wm.SurfaceAnimator.lambda$getFinishedCallback$1:104 com.android.server.wm.-$$Lambda$SurfaceAnimator$vdRZk66hQVbQCvVXEaQCT1kVmFc.onAnimationFinished:4 com.android.server.wm.LocalAnimationAdapter.lambda$startAnimation$0:74 com.android.server.wm.-$$Lambda$LocalAnimationAdapter$X--EomqUvw4qy89IeeTFTH7aCMo.run:4

11-14 14:45:30.221  4211  4310 E WindowManager: win=Window{4647bb2 u0 Splash Screen com.wallapop EXITING} destroySurfaces: appStopped=false win.mWindowRemovalAllowed=true win.mRemoveOnExit=true win.mViewVisibility=0 caller=com.android.server.wm.AppWindowToken.destroySurfaces:870 com.android.server.wm.AppWindowToken.destroySurfaces:851 com.android.server.wm.WindowState.onExitAnimationDone:5436 com.android.server.wm.WindowStateAnimator.onAnimationFinished:319 com.android.server.wm.WindowState.onAnimationFinished:5858 com.android.server.wm.-$$Lambda$yVRF8YoeNdTa8GR1wDStVsHu8xM.run:2 com.android.server.wm.SurfaceAnimator.lambda$getFinishedCallback$0:100

11-14 14:45:30.222  4211  4310 I WindowManager: Destroying surface Surface(name=Splash Screen com.wallapop)/@0xdceaac called by com.android.server.wm.WindowStateAnimator.destroySurface:1901 com.android.server.wm.WindowStateAnimator.destroySurfaceLocked:838 com.android.server.wm.WindowState.destroySurfaceUnchecked:3839 com.android.server.wm.WindowState.destroySurface:3820 com.android.server.wm.AppWindowToken.destroySurfaces:870 com.android.server.wm.AppWindowToken.destroySurfaces:851 com.android.server.wm.WindowState.onExitAnimationDone:5436 com.android.server.wm.WindowStateAnimator.onAnimationFinished:319

11-14 14:45:30.223  3727  3770 I SurfaceFlinger: id=26963 Removed Splash Screen com.wallapop#0 (0/61)

11-14 14:45:30.231  3727  3770 W SurfaceFlinger: Attempting to set client state on removed layer: Splash Screen com.wallapop#0 [s.what : 40]

11-14 14:45:30.232  3727  3770 D Layer   : [4647bb2 Splash Screen com.wallapop#0]::reparent oldParent:[Surface(name=4647bb2 Splash Screen com.wallapop)/@0x6b7c4c4 - animation-leash#0], newParent:[AppWindowToken{e3c33d7 token=Token{62d7756 ActivityRecord{a19ad71 u0 com.wallapop/com.rewallapop.ui.wall.WallActivity t2171}}}#0]

11-14 14:45:30.232  3727  3770 W SurfaceFlinger: Attempting to destroy on removed layer: Splash Screen com.wallapop#0

11-14 14:45:30.232  3727  3770 I SurfaceFlinger: id=26970 Removed Surface(name=4647bb2 Splash Screen com.wallapop)/@0x6b7c4c4 - animation-leash#0 (2/60)

11-14 14:45:30.232  3727  3770 I SurfaceFlinger: id=26962 Removed 4647bb2 Splash Screen com.wallapop#0 (1/59)

11-14 14:45:30.233  3727  3727 I Layer   : id=26963 onRemoved Splash Screen com.wallapop#0

11-14 14:45:30.234  3727  3727 I Layer   : id=26962 onRemoved 4647bb2 Splash Screen com.wallapop#0

11-14 14:45:30.234  3727  3727 I Layer   : id=26970 onRemoved Surface(name=4647bb2 Splash Screen com.wallapop)/@0x6b7c4c4 - animation-leash#0

11-14 14:45:30.242  3727  3727 I SurfaceFlinger:      Device | 0x70de034ac0 | 0002 | RGBA_8888 |   0.0    0.0 1080.0 2220.0 |    0    0 1080 2220 | com.wallapop/com.rewallapop.ui.wall.WallActivity[25263]#0

11-14 14:45:30.271  4211  4669 D MdnieScenarioControlService:  packageName : com.wallapop    className : com.rewallapop.ui.wall.WallActivity

11-14 14:45:30.297  4211  4679 I WindowManager: Cancelling animation restarting=false, leash=null, surface=Surface(name=AppWindowToken{f40749 token=Token{12f8950 ActivityRecord{2154313 u0 com.wallapop/com.rewallapop.ui.main.MainActivity t2171}}})/@0x1d2de29, parent=Surface(name=Task=2171)/@0x32f45ae

11-14 14:45:30.297 25263 25263 V InputMethodManager: Starting input: tba=com.wallapop ic=null mNaviBarColor -1 mIsGetNaviBarColorSuccess true , NavVisible : true , NavTrans : false

11-14 14:45:30.319  3727  3964 I SurfaceFlinger: id=26961 Removed AppWindowToken{f40749 token=Token{12f8950 ActivityRecord{2154313 u0 com.wallapop/com.rewallapop.ui.main.MainActivity t2171}}}#0 (0/58)

11-14 14:45:30.333  3727  3727 I Layer   : id=26961 onRemoved AppWindowToken{f40749 token=Token{12f8950 ActivityRecord{2154313 u0 com.wallapop/com.rewallapop.ui.main.MainActivity t2171}}}#0

11-14 14:45:30.391  4622  4682 E RequestManager_FLP: [FusedLocationApi] Location request c30ca79(Listener) PRIORITY_BALANCED_POWER_ACCURACY interval=300000 from com.wallapop

11-14 14:45:30.787  4622  4682 D ListenerMonitor_FLP: removeListener, type : 0 , packageName : com.wallapop , listener count : 0

11-14 14:45:30.787  4622  4682 E RequestManager_FLP: [LocationManagerService] Location remove 59462fb from com.wallapop

11-14 14:45:30.793 25263 25263 W com.wallapop: Accessing hidden field Landroid/view/View;->mAccessibilityDelegate:Landroid/view/View$AccessibilityDelegate; (light greylist, reflection)

11-14 14:45:30.967 25263 25268 I com.wallapop: Compiler allocated 4MB to compile void android.widget.TextView.<init>(android.content.Context, android.util.AttributeSet, int, int)

11-14 14:45:31.672 25561 25573 I Finsky  : [9439] fxs.d(3): com.wallapop: Account determined from installer data - [rJj4Md76H4LxoN-B4dnoZM7XaXDDBcXGlC-caOCi6Uc]

11-14 14:45:31.673 25561 25573 I Finsky  : [9439] fxs.d(14): com.wallapop: Account from preferred account - [rJj4Md76H4LxoN-B4dnoZM7XaXDDBcXGlC-caOCi6Uc]

11-14 14:45:31.804 25263 25263 W View    : requestLayout() improperly called by com.wallapop.design.view.WallapopTextView{51588ef V.ED..... ......ID 47,26-47,86 #7f0a0904 app:id/wp__home__tv_bubble} during layout: running second layout pass

11-14 14:45:32.061 25263 25274 I com.wallapop: Background concurrent copying GC freed 136622(8MB) AllocSpace objects, 42(1540KB) LOS objects, 50% free, 19MB/38MB, paused 567us total 555.301ms

11-14 14:45:32.411 25561 25573 I Finsky  : [9439] fxs.d(3): com.wallapop: Account determined from installer data - [rJj4Md76H4LxoN-B4dnoZM7XaXDDBcXGlC-caOCi6Uc]

11-14 14:45:32.411 25561 25573 I Finsky  : [9439] fxs.d(14): com.wallapop: Account from preferred account - [rJj4Md76H4LxoN-B4dnoZM7XaXDDBcXGlC-caOCi6Uc]

11-14 14:45:33.837 25561 25573 I Finsky  : [9439] fxs.d(3): com.wallapop: Account determined from installer data - [rJj4Md76H4LxoN-B4dnoZM7XaXDDBcXGlC-caOCi6Uc]

11-14 14:45:33.838 25561 25573 I Finsky  : [9439] fxs.d(14): com.wallapop: Account from preferred account - [rJj4Md76H4LxoN-B4dnoZM7XaXDDBcXGlC-caOCi6Uc]

11-14 14:45:33.984 25263 25274 I com.wallapop: Background concurrent copying GC freed 244560(11MB) AllocSpace objects, 111(11MB) LOS objects, 49% free, 15MB/30MB, paused 857us total 222.396ms

11-14 14:45:34.213  4211  4679 D WifiPermissionsUtil: canAccessScanResults: pkgName = com.wallapop, uid = 10313

11-14 14:45:34.469 25561 25573 I Finsky  : [9439] fxs.d(3): com.wallapop: Account determined from installer data - [rJj4Md76H4LxoN-B4dnoZM7XaXDDBcXGlC-caOCi6Uc]

11-14 14:45:34.470 25561 25573 I Finsky  : [9439] fxs.d(14): com.wallapop: Account from preferred account - [rJj4Md76H4LxoN-B4dnoZM7XaXDDBcXGlC-caOCi6Uc]

11-14 14:45:34.813 25263 25435 D Amazon DTB Ads API: with query params:[?dt=android&app=app&dinfo=%7B%22os%22%3A%22Android%22%2C%22model%22%3A%22SM-A750FN%22%2C%22make%22%3A%22samsung%22%2C%22osVersion%22%3A%229%22%2C%22connectionType%22%3A%2213%22%2C%22country%22%3A%22ES%22%2C%22scalingFactor%22%3A%222.625%22%2C%22carrier%22%3A%22JAZZTEL%22%2C%22language%22%3A%22es%22%2C%22screenSize%22%3A%221080x2094%22%2C%22orientation%22%3A%22portrait%22%7D&oo=0&aud=3p&idfa=bf505ce3-e614-4d9a-a4d7-9c324edc6560&appId=d2ba46e2d5ef4c9883051d9c8d0125d5&sdkVer=aps-android-7.4.3&ua=Dalvik%2F2.1.0%20%28Linux%3B%20U%3B%20Android%209%3B%20SM-A750FN%20Build%2FPPR1.180610.011%29&pkg=%7B%22lbl%22%3A%22_Wallapop_%22%2C%22pn%22%3A%22com.wallapop%22%2C%22v%22%3A%221850000%22%2C%22vn%22%3A%221.85.0-d1910251130%22%7D]

11-14 14:45:35.347 25263 25435 D Amazon DTB Ads API: Error while connecting to remote server: https://s.amazon-adsystem.com/api3/generate_did?dt=android&app=app&dinfo=%7B%22os%22%3A%22Android%22%2C%22model%22%3A%22SM-A750FN%22%2C%22make%22%3A%22samsung%22%2C%22osVersion%22%3A%229%22%2C%22connectionType%22%3A%2213%22%2C%22country%22%3A%22ES%22%2C%22scalingFactor%22%3A%222.625%22%2C%22carrier%22%3A%22JAZZTEL%22%2C%22language%22%3A%22es%22%2C%22screenSize%22%3A%221080x2094%22%2C%22orientation%22%3A%22portrait%22%7D&oo=0&aud=3p&idfa=bf505ce3-e614-4d9a-a4d7-9c324edc6560&appId=d2ba46e2d5ef4c9883051d9c8d0125d5&sdkVer=aps-android-7.4.3&ua=Dalvik%2F2.1.0%20%28Linux%3B%20U%3B%20Android%209%3B%20SM-A750FN%20Build%2FPPR1.180610.011%29&pkg=%7B%22lbl%22%3A%22_Wallapop_%22%2C%22pn%22%3A%22com.wallapop%22%2C%22v%22%3A%221850000%22%2C%22vn%22%3A%221.85.0-d1910251130%22%7D with error:Chain validation failed

11-14 14:45:35.349 25263 25435 E Amazon DTB Ads API: 	at com.wallapop.thirdparty.ads.b.a.a(SourceFile:43)

11-14 14:45:35.349 25263 25435 E Amazon DTB Ads API: 	at com.wallapop.thirdparty.ads.b.a$b$1.invokeSuspend(SourceFile:34)

11-14 14:45:35.349 25263 25435 E Amazon DTB Ads API: 	at com.wallapop.thirdparty.ads.b.a$b$1.invoke(Unknown Source:10)

11-14 14:45:35.349 25263 25435 E Amazon DTB Ads API: 	at com.wallapop.thirdparty.ads.b.a$b.invokeSuspend(SourceFile:33)

11-14 14:45:35.476 25263 25932 D Amazon DTB Ads API: with query params:[?dt=android&app=app&dinfo=%7B%22os%22%3A%22Android%22%2C%22model%22%3A%22SM-A750FN%22%2C%22make%22%3A%22samsung%22%2C%22osVersion%22%3A%229%22%2C%22connectionType%22%3A%2213%22%2C%22country%22%3A%22ES%22%2C%22scalingFactor%22%3A%222.625%22%2C%22carrier%22%3A%22JAZZTEL%22%2C%22language%22%3A%22es%22%2C%22screenSize%22%3A%221080x2094%22%2C%22orientation%22%3A%22portrait%22%7D&oo=0&aud=3p&idfa=bf505ce3-e614-4d9a-a4d7-9c324edc6560&appId=d2ba46e2d5ef4c9883051d9c8d0125d5&sdkVer=aps-android-7.4.3&ua=Dalvik%2F2.1.0%20%28Linux%3B%20U%3B%20Android%209%3B%20SM-A750FN%20Build%2FPPR1.180610.011%29&pkg=%7B%22lbl%22%3A%22_Wallapop_%22%2C%22pn%22%3A%22com.wallapop%22%2C%22v%22%3A%221850000%22%2C%22vn%22%3A%221.85.0-d1910251130%22%7D]

11-14 14:45:35.888 25561 25573 I Finsky  : [9439] fxs.d(3): com.wallapop: Account determined from installer data - [rJj4Md76H4LxoN-B4dnoZM7XaXDDBcXGlC-caOCi6Uc]

11-14 14:45:35.888 25561 25573 I Finsky  : [9439] fxs.d(14): com.wallapop: Account from preferred account - [rJj4Md76H4LxoN-B4dnoZM7XaXDDBcXGlC-caOCi6Uc]

11-14 14:45:35.899 25561 25573 I Finsky  : [9439] fxs.d(3): com.wallapop: Account determined from installer data - [rJj4Md76H4LxoN-B4dnoZM7XaXDDBcXGlC-caOCi6Uc]

11-14 14:45:35.899 25561 25573 I Finsky  : [9439] fxs.d(14): com.wallapop: Account from preferred account - [rJj4Md76H4LxoN-B4dnoZM7XaXDDBcXGlC-caOCi6Uc]

11-14 14:45:36.007 25263 25932 D Amazon DTB Ads API: Error while connecting to remote server: https://s.amazon-adsystem.com/api3/generate_did?dt=android&app=app&dinfo=%7B%22os%22%3A%22Android%22%2C%22model%22%3A%22SM-A750FN%22%2C%22make%22%3A%22samsung%22%2C%22osVersion%22%3A%229%22%2C%22connectionType%22%3A%2213%22%2C%22country%22%3A%22ES%22%2C%22scalingFactor%22%3A%222.625%22%2C%22carrier%22%3A%22JAZZTEL%22%2C%22language%22%3A%22es%22%2C%22screenSize%22%3A%221080x2094%22%2C%22orientation%22%3A%22portrait%22%7D&oo=0&aud=3p&idfa=bf505ce3-e614-4d9a-a4d7-9c324edc6560&appId=d2ba46e2d5ef4c9883051d9c8d0125d5&sdkVer=aps-android-7.4.3&ua=Dalvik%2F2.1.0%20%28Linux%3B%20U%3B%20Android%209%3B%20SM-A750FN%20Build%2FPPR1.180610.011%29&pkg=%7B%22lbl%22%3A%22_Wallapop_%22%2C%22pn%22%3A%22com.wallapop%22%2C%22v%22%3A%221850000%22%2C%22vn%22%3A%221.85.0-d1910251130%22%7D with error:Chain validation failed

11-14 14:45:36.054 25263 25932 D Amazon DTB Ads API: with json params:[{"oo":"false","dinfo":{"os":"Android","model":"SM-A750FN","make":"samsung","osVersion":"9","connectionType":"13","country":"ES","scalingFactor":"2.625","carrier":"JAZZTEL","language":"es","screenSize":"1080x2094","orientation":"portrait"},"adsdk":"aps-android-7.4.3","slots":[{"sz":"320x50","slot":"f414d83c-ab9f-4e02-9c59-5137663ee6c7","slotId":1,"supportedMediaTypes":["DISPLAY"]}],"mraid":["1.0","2.0","3.0"],"appId":"d2ba46e2d5ef4c9883051d9c8d0125d5","idfa":"bf505ce3-e614-4d9a-a4d7-9c324edc6560","geoloc":"41.4058165,2.1864478,19.15","isDTBMobile":"true","ua":"Dalvik\/2.1.0 (Linux; U; Android 9; SM-A750FN Build\/PPR1.180610.011)","pkg":{"lbl":"_Wallapop_","pn":"com.wallapop","v":"1850000","vn":"1.85.0-d1910251130"},"gdpr":{"e":"1","c":"BOR0xKKOR0xKKABABAENBZ-AAAAfZ7_______9______9uz_Gv_v_f__33e8__9v_l_7_-___u_-33d4-_1vX99yfm1-7ftr3tp_86ues2vHqK9ZoA"}}]

11-14 14:45:36.799 25263 25274 I com.wallapop: Background concurrent copying GC freed 257615(11MB) AllocSpace objects, 78(3MB) LOS objects, 50% free, 17MB/35MB, paused 266us total 196.540ms

11-14 14:45:40.238 25263 25263 V InputMethodManager: Starting input: tba=com.wallapop ic=null mNaviBarColor -1 mIsGetNaviBarColorSuccess true , NavVisible : true , NavTrans : false

11-14 14:45:40.653  4211  4211 D Telecom:SamsungPrebindingServiceImpl: onTopActivityChanged : ComponentInfo{com.wallapop/com.rewallapop.ui.wall.WallActivity}

11-14 14:45:40.810  4211  4311 D SamsungAlarmManager: Cancel Alarm calling from uid:10313 pid :25263 / op:PendingIntent{97eec7e: PendingIntentRecord{27798a6 com.wallapop broadcastIntent}}

11-14 14:45:40.816  4622  4682 E RequestManager_FLP: [FusedLocationApi] Location remove c30ca79 from com.wallapop

11-14 14:45:41.369 25263 25274 I com.wallapop: Background concurrent copying GC freed 185935(8MB) AllocSpace objects, 123(11MB) LOS objects, 50% free, 16MB/32MB, paused 422us total 191.392ms

11-14 14:45:51.088  4211  6759 D SamsungAlarmManager: Cancel Alarm calling from uid:10313 pid :25263 / op:PendingIntent{1f3723a: PendingIntentRecord{27798a6 com.wallapop broadcastIntent}}

11-14 14:45:55.824  4211  6759 D SamsungAlarmManager: Cancel Alarm calling from uid:10313 pid :25263 / op:PendingIntent{b92ecf4: PendingIntentRecord{ec1ba0a com.wallapop broadcastIntent}}

11-14 14:46:41.269  4211  4679 I ActivityManager: Force stopping com.wallapop appid=10313 user=0: from pid 26102 caller com.android.server.am.ActivityManagerShellCommand.runForceStop:967

11-14 14:46:41.270  4211  4679 I ActivityManager: Killing 25263:com.wallapop/u0a313 (adj 200): stop com.wallapop,from pid 26102 caller com.android.server.am.ActivityManagerShellCommand.runForceStop:967

11-14 14:46:41.282  4211  4679 W ActivityManager: Scheduling restart of crashed service com.wallapop/com.rewallapop.ui.debug.view.DebugActivity$Service in 1000ms

11-14 14:46:41.287  4211  4679 D StorageManagerService: getExternalStorageMountMode : final mountMode=1, uid : 10313, packageName : com.wallapop

11-14 14:46:41.287 23911 23911 D Notification.Badge: [invalid] onNotificationRemoved : StatusBarNotification(pkg=com.wallapop user=UserHandle{0} id=999 tag=null key=0|com.wallapop|999|null|10313: Notification(channel=wallapop_channel pri=-2 contentView=null vibrate=null sound=null defaults=0x0 flags=0x62 color=0x00000000 vis=PRIVATE semFlags=0x0 semPriority=0 semMissedCount=0))

11-14 14:46:41.287  4211  4679 I ApplicationPolicy: isApplicationExternalStorageWhitelisted:com.wallapop user:0

11-14 14:46:41.287  4211  4679 D ActivityManager: package  com.wallapop, user - 0 is SDcard whitelisted

11-14 14:46:41.287  4211  4679 I ApplicationPolicy: isApplicationExternalStorageBlacklisted:com.wallapop user:0

11-14 14:46:41.287  4211  4679 I ApplicationPolicy: isApplicationExternalStorageBlacklisted:com.wallapop user:0

11-14 14:46:41.304  4211  4679 I ActivityManager:   Force finishing activity ActivityRecord{a19ad71 u0 com.wallapop/com.rewallapop.ui.wall.WallActivity t2171}

11-14 14:46:41.309  4211  4679 I WindowManager: Cancelling animation restarting=false, leash=null, surface=Surface(name=34dfc50 com.wallapop/com.rewallapop.ui.wall.WallActivity)/@0x5cf57c8, parent=Surface(name=AppWindowToken{e3c33d7 token=Token{62d7756 ActivityRecord{a19ad71 u0 com.wallapop/com.rewallapop.ui.wall.WallActivity t2171}}})/@0x2b78061

11-14 14:46:41.310  4211  4679 V WindowManager: Changing focus from Window{34dfc50 u0 com.wallapop/com.rewallapop.ui.wall.WallActivity} to null Callers=com.android.server.wm.AppWindowToken.setVisibility:536 com.android.server.wm.AppWindowContainerController.setVisibility:495 com.android.server.am.ActivityRecord.setVisibility:1917 com.android.server.am.ActivityStack.prepareActivityHideTransitionAnimation:4429

11-14 14:46:41.311  4211  4679 V WindowManager: Setting visibility of Window{34dfc50 u0 com.wallapop/com.rewallapop.ui.wall.WallActivity}: false, caller=com.android.server.wm.WindowContainer.sendAppVisibilityToClients:615 com.android.server.wm.AppWindowToken.setClientHidden:460 com.android.server.wm.AppWindowToken.onAnimationFinished:2383 com.android.server.wm.AppWindowToken.setVisibility:551 com.android.server.wm.AppWindowContainerController.setVisibility:495

11-14 14:46:41.312  4211  4242 D WindowManager: reportFocusChangedSerialized, focused=false, inTouchMode=true, win=Window{34dfc50 u0 com.wallapop/com.rewallapop.ui.wall.WallActivity}

11-14 14:46:41.322  4211  4679 I ActivityManager:   Force finishing activity ActivityRecord{a19ad71 u0 com.wallapop/com.rewallapop.ui.wall.WallActivity t2171 f}

11-14 14:46:41.322  4211  4679 W ActivityManager: Duplicate finish request for ActivityRecord{a19ad71 u0 com.wallapop/com.rewallapop.ui.wall.WallActivity t2171 f}

11-14 14:46:41.392  4211  4227 I WindowManager: Cancelling animation restarting=false, leash=null, surface=Surface(name=AppWindowToken{e3c33d7 token=Token{62d7756 ActivityRecord{a19ad71 u0 com.wallapop/com.rewallapop.ui.wall.WallActivity t2171}}})/@0x2b78061, parent=Surface(name=Task=2171)/@0x32f45ae

11-14 14:46:41.392  4211  4227 V WindowManager: Remove Window{34dfc50 u0 com.wallapop/com.rewallapop.ui.wall.WallActivity}: mSurfaceController=Surface(name=com.wallapop/com.rewallapop.ui.wall.WallActivity[25263])/@0x9beae4f mAnimatingExit=false mRemoveOnExit=false mHasSurface=true surfaceShowing=false isAnimationSet=false app-animation=false mWillReplaceWindow=false inPendingTransaction=false mDisplayFrozen=false callers=com.android.server.wm.WindowState.removeIfPossible:2764 com.android.server.wm.WindowToken.removeAllWindowsIfPossible:150 com.android.server.wm.AppWindowToken.removeIfPossible:743 com.android.server.wm.AppWindowToken.onRemovedFromDisplay:819 com.android.server.wm.DisplayContent.removeAppToken:1079 com.android.server.wm.AppWindowContainerController.removeContainer:305

11-14 14:46:41.393  4211  4227 I WindowManager: Destroying surface Surface(name=com.wallapop/com.rewallapop.ui.wall.WallActivity[25263])/@0x9beae4f called by com.android.server.wm.WindowStateAnimator.destroySurface:1901 com.android.server.wm.WindowStateAnimator.destroySurfaceLocked:838 com.android.server.wm.WindowState.removeImmediately:2743 com.android.server.wm.WindowState.removeIfPossible:2893 com.android.server.wm.WindowState.removeIfPossible:2764 com.android.server.wm.WindowToken.removeAllWindowsIfPossible:150 com.android.server.wm.AppWindowToken.removeIfPossible:743 com.android.server.wm.AppWindowToken.onRemovedFromDisplay:819

11-14 14:46:41.394  3727  3771 I SurfaceFlinger: id=26969 Removed com.wallapop/com.rewallapop.ui.wall.WallActivity[25263]#0 (0/58)

11-14 14:46:41.398  3727  3771 I SurfaceFlinger: id=26968 Removed 34dfc50 com.wallapop/com.rewallapop.ui.wall.WallActivity#0 (0/57)

11-14 14:46:41.403  3727  3727 I Layer   : id=26968 onRemoved 34dfc50 com.wallapop/com.rewallapop.ui.wall.WallActivity#0

11-14 14:46:41.403  3727  3727 I Layer   : id=26969 onRemoved com.wallapop/com.rewallapop.ui.wall.WallActivity[25263]#0

11-14 14:46:41.406  3727  3771 W SurfaceFlinger: Attempting to destroy on removed layer: AppWindowToken{e3c33d7 token=Token{62d7756 ActivityRecord{a19ad71 u0 com.wallapop/com.rewallapop.ui.wall.WallActivity t2171}}}#0

11-14 14:46:41.415 26107 26107 I com.wallapop: Late-enabling -Xcheck:jni

11-14 14:46:41.420  3727  3727 I Layer   : id=26966 onRemoved AppWindowToken{e3c33d7 token=Token{62d7756 ActivityRecord{a19ad71 u0 com.wallapop/com.rewallapop.ui.wall.WallActivity t2171}}}#0

11-14 14:46:41.440  4211  4227 W BroadcastQueue: Background execution not allowed: receiving Intent { act=android.intent.action.PACKAGE_RESTARTED dat=package:com.wallapop flg=0x10 (has extras) } to android/com.kddi.android.CpaNotiReceiver

11-14 14:46:41.442  4211  4229 I ActivityManager: Start proc 26107:com.wallapop/u0a313 for activity com.wallapop/com.rewallapop.ui.wall.WallActivity

11-14 14:46:41.448  4211  4211 D SamsungAlarmManager: Remove alarm for next reason : android.intent.action.PACKAGE_RESTARTED : package: com.wallapop

11-14 14:46:41.491 23911 23978 D Notification.Badge: updateLauncherIconBadges() item : [IconInfo(title=_Wallapop_ intent=Intent { act=android.intent.action.MAIN cat=[android.intent.category.LAUNCHER] flg=0x10200000 cmp=com.wallapop/.activities.HomeActivity (has extras) } id=162 type=0 container=-102 screen=1 cellX=3 cellY=0 spanX=1 spanY=1 rank=3 hidden=0 dropPos=null user=UserHandle{0} screenType=0)], mShowBadge : [false], item.mBadgeCount : [0]

11-14 14:46:41.523 26107 26107 I com.wallapop: report jit thread pid = 26112

11-14 14:46:41.536 23911 27641 I AppIconSolution: load=com.wallapop, bg=144-144, dr=126-126, forDefault=true, density=0

11-14 14:46:41.541 23911 27641 I AppIconSolution: load=com.wallapop-contain, bg=166-166, dr=126-126

11-14 14:46:41.550  4211  4311 I ActivityManager: DSS on for com.wallapop and scale is 1.0

11-14 14:46:41.567 23911 23911 D RecommendedView: updateBadgeItems: [IconInfo(title=_Wallapop_ intent=Intent { act=android.intent.action.MAIN cat=[android.intent.category.LAUNCHER] flg=0x10200000 cmp=com.wallapop/.activities.HomeActivity (has extras) } id=162 type=0 container=-102 screen=1 cellX=3 cellY=0 spanX=1 spanY=1 rank=3 hidden=0 dropPos=null user=UserHandle{0} screenType=0)]

11-14 14:46:41.672 26107 26107 I com.wallapop: The ClassLoaderContext is a special shared library.

11-14 14:46:43.009 26107 26151 W com.wallapop: Unsupported class loader

11-14 14:46:43.144 26107 26151 W com.wallapop: Skipping duplicate class check due to unsupported classloader

11-14 14:46:43.148 26107 26151 I com.wallapop: Waiting for a blocking GC ClassLinker

11-14 14:46:43.557 26107 26151 I com.wallapop: WaitForGcToComplete blocked ClassLinker on AddRemoveAppImageSpace for 409.597ms

11-14 14:46:43.701 26107 26151 W com.wallapop: Unsupported class loader

11-14 14:46:44.282 26107 26151 I com.wallapop: Waiting for a blocking GC ClassLinker

11-14 14:46:44.585 26107 26151 I com.wallapop: WaitForGcToComplete blocked ClassLinker on ClassLinker for 302.975ms

11-14 14:46:45.470 26107 26140 I FA      :   adb shell setprop debug.firebase.analytics.app com.wallapop

11-14 14:46:46.428 26107 26200 I stetho  : Listening on @stetho_com.wallapop_devtools_remote

11-14 14:46:46.587 26107 26207 W com.wallapop: Accessing hidden field Lsun/misc/Unsafe;->theUnsafe:Lsun/misc/Unsafe; (light greylist, reflection)

11-14 14:46:46.641 26107 26208 W com.wallapop: Accessing hidden field Ljava/nio/Buffer;->address:J (light greylist, reflection)

11-14 14:46:46.744 26107 26128 I com.wallapop: Waiting for a blocking GC ProfileSaver

11-14 14:46:46.750 26107 26107 I com.wallapop: The ClassLoaderContext is a special shared library.

11-14 14:46:46.756 26107 26107 I chatty  : uid=10313(com.wallapop) identical 1 line

11-14 14:46:46.761 26107 26107 I com.wallapop: The ClassLoaderContext is a special shared library.

11-14 14:46:46.770 26107 26128 I com.wallapop: WaitForGcToComplete blocked ProfileSaver on ClassLinker for 25.965ms

11-14 14:46:46.782 26107 26107 I com.wallapop: Waiting for a blocking GC ClassLinker

11-14 14:46:46.791 26107 26107 I com.wallapop: WaitForGcToComplete blocked ClassLinker on ProfileSaver for 8.402ms

11-14 14:46:46.978 26107 26107 I com.wallapop: Waiting for a blocking GC ClassLinker

11-14 14:46:47.083 26107 26107 I com.wallapop: WaitForGcToComplete blocked ClassLinker on ClassLinker for 105.109ms

11-14 14:46:47.240 26107 26233 W com.wallapop: Accessing hidden method Landroid/content/Context;->bindServiceAsUser(Landroid/content/Intent;Landroid/content/ServiceConnection;ILandroid/os/Handler;Landroid/os/UserHandle;)Z (light greylist, reflection)

11-14 14:46:47.245  4211  6751 I ApplicationPolicy: isApplicationExternalStorageWhitelisted:com.wallapop user:0

11-14 14:46:47.245  4211  6751 D ActivityManager: package  com.wallapop, user - 0 is SDcard whitelisted

11-14 14:46:47.245  4211  6751 I ApplicationPolicy: isApplicationExternalStorageBlacklisted:com.wallapop user:0

11-14 14:46:47.245  4211  6751 I ApplicationPolicy: isApplicationExternalStorageBlacklisted:com.wallapop user:0

11-14 14:46:47.263  4211  4229 I ActivityManager: Start proc 26236:com.android.chrome:sandboxed_process0/u0i877 for webview_service com.wallapop/org.chromium.content.app.SandboxedProcessService0

11-14 14:46:47.314  4211  5593 I ActivityManager: DSS on for com.wallapop and scale is 1.0

11-14 14:46:47.394 26107 26107 W com.wallapop: Accessing hidden method Landroid/view/textclassifier/logging/SmartSelectionEventTracker;-><init>(Landroid/content/Context;I)V (light greylist, reflection)

11-14 14:46:47.395 26107 26107 W com.wallapop: Accessing hidden method Landroid/view/textclassifier/logging/SmartSelectionEventTracker;->logEvent(Landroid/view/textclassifier/logging/SmartSelectionEventTracker$SelectionEvent;)V (light greylist, reflection)

11-14 14:46:47.395 26107 26107 W com.wallapop: Accessing hidden method Landroid/view/textclassifier/logging/SmartSelectionEventTracker$SelectionEvent;->selectionStarted(I)Landroid/view/textclassifier/logging/SmartSelectionEventTracker$SelectionEvent; (light greylist, reflection)

11-14 14:46:47.395 26107 26107 W com.wallapop: Accessing hidden method Landroid/view/textclassifier/logging/SmartSelectionEventTracker$SelectionEvent;->selectionModified(II)Landroid/view/textclassifier/logging/SmartSelectionEventTracker$SelectionEvent; (light greylist, reflection)

11-14 14:46:47.395 26107 26107 W com.wallapop: Accessing hidden method Landroid/view/textclassifier/logging/SmartSelectionEventTracker$SelectionEvent;->selectionModified(IILandroid/view/textclassifier/TextClassification;)Landroid/view/textclassifier/logging/SmartSelectionEventTracker$SelectionEvent; (light greylist, reflection)

11-14 14:46:47.395 26107 26107 W com.wallapop: Accessing hidden method Landroid/view/textclassifier/logging/SmartSelectionEventTracker$SelectionEvent;->selectionModified(IILandroid/view/textclassifier/TextSelection;)Landroid/view/textclassifier/logging/SmartSelectionEventTracker$SelectionEvent; (light greylist, reflection)

11-14 14:46:47.395 26107 26107 W com.wallapop: Accessing hidden method Landroid/view/textclassifier/logging/SmartSelectionEventTracker$SelectionEvent;->selectionAction(III)Landroid/view/textclassifier/logging/SmartSelectionEventTracker$SelectionEvent; (light greylist, reflection)

11-14 14:46:47.395 26107 26107 W com.wallapop: Accessing hidden method Landroid/view/textclassifier/logging/SmartSelectionEventTracker$SelectionEvent;->selectionAction(IIILandroid/view/textclassifier/TextClassification;)Landroid/view/textclassifier/logging/SmartSelectionEventTracker$SelectionEvent; (light greylist, reflection)

11-14 14:46:47.445 26107 26252 W com.wallapop: Accessing hidden method Landroid/media/AudioManager;->getOutputLatency(I)I (light greylist, reflection)

11-14 14:46:47.484 26107 26107 W com.wallapop: Accessing hidden method Landroid/app/ActivityThread;->currentPackageName()Ljava/lang/String; (light greylist, reflection)

11-14 14:46:47.882 26107 26304 W com.wallapop: Accessing hidden method Lcom/android/org/conscrypt/OpenSSLSocketImpl;->setAlpnProtocols([B)V (light greylist, reflection)

11-14 14:46:48.304 26107 26304 W com.wallapop: Accessing hidden method Lcom/android/org/conscrypt/OpenSSLSocketImpl;->getAlpnSelectedProtocol()[B (light greylist, reflection)

11-14 14:46:49.783  4211  4311 D SamsungAlarmManager: Cancel Alarm calling from uid:10313 pid :26107 / op:PendingIntent{f9eb288: PendingIntentRecord{27798a6 com.wallapop broadcastIntent}}

11-14 14:46:50.646 26107 26198 W com.wallapop: Accessing hidden method Ldalvik/system/VMRuntime;->getRuntime()Ldalvik/system/VMRuntime; (light greylist, reflection)

11-14 14:46:50.647 26107 26198 W com.wallapop: Accessing hidden method Ldalvik/system/VMRuntime;->vmInstructionSet()Ljava/lang/String; (light greylist, reflection)

11-14 14:46:50.705 26107 26348 I com.wallapop: The ClassLoaderContext is a special shared library.

11-14 14:46:50.710 26107 26348 I com.wallapop: Waiting for a blocking GC ClassLinker

11-14 14:46:51.269 26107 26348 I com.wallapop: WaitForGcToComplete blocked ClassLinker on HeapTrim for 559.385ms

11-14 14:47:05.348 26443 26489 I appium  : AppiumResponse: {"sessionId":"c223ea45-f733-4956-b057-190a75378b51","value":{"sessionId":"c223ea45-f733-4956-b057-190a75378b51","capabilities":{"firstMatch":[{"platform":"LINUX","webStorageEnabled":false,"takesScreenshot":true,"javascriptEnabled":true,"databaseEnabled":false,"networkConnectionEnabled":true,"locationContextEnabled":false,"warnings":{},"desired":{"platformName":"android","normalizeTagNames":true,"androidInstallTimeout":150000,"app":"","appActivity":"com.rewallapop.ui.main.MainActivity","appPackage":"com.wallapop","isHeadless":false,"skipDeviceInitialization":true,"autoAcceptAlerts":true,"autoGrantPermissions":true,"automationName":"UiAutomator2","avd":"","deviceName":"3200f02dc0aab5db","deviceReadyTimeout":1,"fullReset":false,"ignoreUnimportantViews":true,"newCommandTimeout":60,"noReset":true,"systemPort":8223,"udid":"3200f02dc0aab5db"},"platformName":"android","normalizeTagNames":true,"androidInstallTimeout":150000,"app":"","appActivity":"com.rewallapop.ui.main.MainActivity","appPackage":"com.wallapop","isHeadless":false,"skipDeviceInitialization":true,"autoAcceptAlerts":true,"autoGrantPermissions":true,"automationName":"UiAutomator2","avd":"","deviceName":"3200f02dc0aab5db","deviceReadyTimeout":1,"fullReset":false,"ignoreUnimportantViews":true,"newCommandTimeout":60,"noReset":true,"systemPort":8223,"udid":"3200f02dc0aab5db","deviceUDID":"3200f02dc0aab5db"}],"alwaysMatch":{}}}}

11-14 14:47:05.981  4211  4311 I ActivityManager: Force stopping com.wallapop appid=10313 user=0: from pid 26496 caller com.android.server.am.ActivityManagerShellCommand.runStartActivity:412

11-14 14:47:05.983  4211  4311 I ActivityManager: Killing 26107:com.wallapop/u0a313 (adj 902): stop com.wallapop,from pid 26496 caller com.android.server.am.ActivityManagerShellCommand.runStartActivity:412

11-14 14:47:06.000  4211  4211 D SamsungAlarmManager: Remove alarm for next reason : android.intent.action.PACKAGE_RESTARTED : package: com.wallapop

11-14 14:47:06.007  4211  4227 W BroadcastQueue: Background execution not allowed: receiving Intent { act=android.intent.action.PACKAGE_RESTARTED dat=package:com.wallapop flg=0x10 (has extras) } to android/com.kddi.android.CpaNotiReceiver

11-14 14:47:06.256  4211  4311 I ActivityManager: START u0 {act=null typ=null flg=0x10000000 cmp=ComponentInfo{com.wallapop/com.rewallapop.ui.main.MainActivity}} from uid 2000

11-14 14:47:06.266  4211  4311 I ActivityManager: [IOP] sourceDir : /data/app/com.wallapop-N9ua0QKKrjIAApR3SfN52w== in ActivityStacksupervisor

11-14 14:47:06.276  3727  3727 I SurfaceFlinger: id=26978 createSurf (4440x4440),2 flag=4, AppWindowToken{4f91e84 token=Token{727dc97 ActivityRecord{1cf4b16 u0 com.wallapop/com.rewallapop.ui.main.MainActivity t2172}}}#0

11-14 14:47:06.291  3727  3727 I SurfaceFlinger: id=26979 createSurf (4440x4440),2 flag=4, 641cfa1 Splash Screen com.wallapop#0

11-14 14:47:06.298  4211  4494 D StorageManagerService: getExternalStorageMountMode : final mountMode=1, uid : 10313, packageName : com.wallapop

11-14 14:47:06.298  4211  4494 I ApplicationPolicy: isApplicationExternalStorageWhitelisted:com.wallapop user:0

11-14 14:47:06.299  4211  4494 D ActivityManager: package  com.wallapop, user - 0 is SDcard whitelisted

11-14 14:47:06.299  4211  4494 I ApplicationPolicy: isApplicationExternalStorageBlacklisted:com.wallapop user:0

11-14 14:47:06.299  4211  4494 I ApplicationPolicy: isApplicationExternalStorageBlacklisted:com.wallapop user:0

11-14 14:47:06.300  4211  4310 V WindowManager: Relayout Window{641cfa1 u0 Splash Screen com.wallapop}: viewVisibility=0 req=1080x2220 {(0,0)(fillxfill) sim={adjust=pan} ty=APPLICATION_STARTING fmt=TRANSLUCENT wanim=0x10302fe

11-14 14:47:06.303  3727  3727 I SurfaceFlinger: id=26980 createSurf (1080x2220),1 flag=4, Splash Screen com.wallapop#0

11-14 14:47:06.306  4211  4310 D WindowManager: makeSurface duration=4 name=Splash Screen com.wallapop

11-14 14:47:06.308  4211  4211 D Telecom:SamsungPrebindingServiceImpl: onTopActivityChanged : ComponentInfo{com.wallapop/com.rewallapop.ui.main.MainActivity}

11-14 14:47:06.310  4211  4494 V WindowManager: Resize reasons for w=Window{641cfa1 u0 Splash Screen com.wallapop}:  contentInsetsChanged=false [0,63][0,126] visibleInsetsChanged=false [0,63][0,126] stableInsetsChanged=false [0,63][0,126] outsetsChanged=false [0,0][0,0] surfaceResized=false configChanged=false dragResizingChanged=false reportOrientationChanged=false displayCutoutChanged=false nextForceRelayoutToClient=false

11-14 14:47:06.330  4211  4310 D WindowManager: finishDrawingWindow: Window{641cfa1 u0 Splash Screen com.wallapop} mDrawState=DRAW_PENDING

11-14 14:47:06.330  4211  4229 I ActivityManager: Start proc 26499:com.wallapop/u0a313 for activity com.wallapop/com.rewallapop.ui.main.MainActivity

11-14 14:47:06.330 26499 26499 I com.wallapop: Late-enabling -Xcheck:jni

11-14 14:47:06.333  4211  4310 I WindowManager: commitFinishDrawingLocked: mDrawState=READY_TO_SHOW Surface(name=Splash Screen com.wallapop)/@0x70dc723

11-14 14:47:06.359  4211  4310 D WindowManager: finishDrawingWindow: Window{641cfa1 u0 Splash Screen com.wallapop} mDrawState=READY_TO_SHOW

11-14 14:47:06.362 26499 26499 I com.wallapop: report jit thread pid = 26504

11-14 14:47:06.378  4211  4494 I ActivityManager: DSS on for com.wallapop and scale is 1.0

11-14 14:47:06.382  4211  4494 I WindowManager: commitFinishDrawingLocked: mDrawState=READY_TO_SHOW Surface(name=Splash Screen com.wallapop)/@0x70dc723

11-14 14:47:06.385  4211  4494 D GamePkgDataHelper: notifyAppCreate(), pkgName: com.wallapop, sendRet: true

11-14 14:47:06.385  4211  4473 D GamePkgDataHelper: getGamePkgData(). com.wallapop

11-14 14:47:06.385  4211  4473 D GameManagerService: handleMessage(), MSG_APP_CREATE. ignore. pkgName: com.wallapop

11-14 14:47:06.388  4211  4494 D GameManagerService: noteResumeComponent(), resumeComponent: com.wallapop

11-14 14:47:06.388  4211  4494 D GamePkgDataHelper: getSosPolicy(). com.wallapop

11-14 14:47:06.388  4211  4473 D GameManagerService: handleForegroundChange(). pkgName: com.wallapop, clsName: com.rewallapop.ui.main.MainActivity,FgActivityName:com.wallapop/com.rewallapop.ui.main.MainActivity

11-14 14:47:06.388  4211  4473 D GameManagerService:   handleForegroundChange(). set mFgApp: com.wallapop

11-14 14:47:06.388  4211  6257 D GamePkgDataHelper: getGamePkgDataIncServer(). com.wallapop

11-14 14:47:06.388  4211  4473 D GameManagerService: notifyResumePause(). pkg: com.wallapop, type: 4, isMinimized: false, isTunableApp: false

11-14 14:47:06.389  4211  4310 I WindowManager: commitFinishDrawingLocked: mDrawState=READY_TO_SHOW Surface(name=Splash Screen com.wallapop)/@0x70dc723

11-14 14:47:06.389  4211  4494 D GameManagerService: identifyGamePackage. com.wallapop

11-14 14:47:06.389  4211  4494 D GamePkgDataHelper: getGamePkgData(). com.wallapop

11-14 14:47:06.389  4211  4494 D MARsPolicyManager: onPackageResumedFG pkgName = com.wallapop, userId = 0

11-14 14:47:06.393  4211  4310 I WindowManager: commitFinishDrawingLocked: mDrawState=READY_TO_SHOW Surface(name=Splash Screen com.wallapop)/@0x70dc723

11-14 14:47:06.404  4211  4310 I WindowManager: Cancelling animation restarting=true, leash=null, surface=Surface(name=AppWindowToken{4f91e84 token=Token{727dc97 ActivityRecord{1cf4b16 u0 com.wallapop/com.rewallapop.ui.main.MainActivity t2172}}})/@0x3ce2ee4, parent=Surface(name=Task=2172)/@0x96b9f4d

11-14 14:47:06.404  4211  4310 I WindowManager: Reparenting to leash, surface=Surface(name=AppWindowToken{4f91e84 token=Token{727dc97 ActivityRecord{1cf4b16 u0 com.wallapop/com.rewallapop.ui.main.MainActivity t2172}}})/@0x3ce2ee4

11-14 14:47:06.405  3727  3727 I SurfaceFlinger: id=26982 createSurf (4440x4440),2 flag=4, Surface(name=AppWindowToken{4f91e84 token=Token{727dc97 ActivityRecord{1cf4b16 u0 com.wallapop/com.rewallapop.ui.main.MainActivity t2172}}})/@0x3ce2ee4 - animation-leash#0

11-14 14:47:06.407  4211  4310 D WindowManager: makeSurface duration=2 leash=Surface(name=Surface(name=AppWindowToken{4f91e84 token=Token{727dc97 ActivityRecord{1cf4b16 u0 com.wallapop/com.rewallapop.ui.main.MainActivity t2172}}})/@0x3ce2ee4 - animation-leash)/@0xfea7a02

11-14 14:47:06.407  4211  4310 D SurfaceControl: reparent is called, sc=Surface(name=AppWindowToken{4f91e84 token=Token{727dc97 ActivityRecord{1cf4b16 u0 com.wallapop/com.rewallapop.ui.main.MainActivity t2172}}})/@0x3ce2ee4, newParentHandle=android.os.BinderProxy@78ebf13, transaction=android.view.SurfaceControl$Transaction@1b15550

11-14 14:47:06.408  4211  4310 V WindowManager: performShowLocked: mDrawState=HAS_DRAWN in Window{641cfa1 u0 Splash Screen com.wallapop}

11-14 14:47:06.410  3727  3770 D Layer   : [AppWindowToken{4f91e84 token=Token{727dc97 ActivityRecord{1cf4b16 u0 com.wallapop/com.rewallapop.ui.main.MainActivity t2172}}}#0]::reparent oldParent:[Task=2172#0], newParent:[Surface(name=AppWindowToken{4f91e84 token=Token{727dc97 ActivityRecord{1cf4b16 u0 com.wallapop/com.rewallapop.ui.main.MainActivity t2172}}})/@0x3ce2ee4 - animation-leash#0]

11-14 14:47:06.415  4211  4228 D CodecSolution: isMaxAspectPackageEx: com.wallapop : true(2)

11-14 14:47:06.416  4211  5514 D GamePkgDataHelper: getSosPolicy(). com.wallapop

11-14 14:47:06.418  4211  4494 D GameManagerService: identifyGamePackage. com.wallapop

11-14 14:47:06.418  4211  4494 D GamePkgDataHelper: getGamePkgData(). com.wallapop

11-14 14:47:06.421  4211  4228 D WindowManager: setSystemUiVisibility: vis= 0xa018, fullscreenVis= 0x2000, dockedVis= 0x0, win=Window{641cfa1 u0 Splash Screen com.wallapop}

11-14 14:47:06.422 26499 26499 I com.wallapop: The ClassLoaderContext is a special shared library.

11-14 14:47:06.426  4211  6758 D GameManagerService: identifyGamePackage. com.wallapop

11-14 14:47:06.426  4211  6758 D GamePkgDataHelper: getGamePkgData(). com.wallapop

11-14 14:47:06.512  3727  3727 I SurfaceFlinger:      Device | 0x70ddb93900 | 0000 | RGBA_8888 |   0.0    1.0 1080.0 2219.0 |   89  184  991 2036 | Splash Screen com.wallapop#0

11-14 14:47:06.545  4211  4669 D MdnieScenarioControlService:  packageName : com.wallapop    className : com.rewallapop.ui.main.MainActivity

11-14 14:47:06.548  3727  3727 I SurfaceFlinger:      Device | 0x70ddb93900 | 0000 | RGBA_8888 |   0.0    0.0 1080.0 2220.0 |   50  103 1030 2117 | Splash Screen com.wallapop#0

11-14 14:47:06.646  4211  4310 I WindowManager: reset, Reparenting to original parent, shouldDeferScheduleAnimation=false, destroyLeash=true, surface=Surface(name=AppWindowToken{4f91e84 token=Token{727dc97 ActivityRecord{1cf4b16 u0 com.wallapop/com.rewallapop.ui.main.MainActivity t2172}}})/@0x3ce2ee4, parent=Surface(name=Task=2172)/@0x96b9f4d, parentNativeHandle=android.os.BinderProxy@c5e767c, caller=com.android.server.wm.SurfaceAnimator.lambda$getFinishedCallback$0:97 com.android.server.wm.-$$Lambda$SurfaceAnimator$SIBia0mND666K8lMCPsoid8pUTI.run:4 com.android.server.wm.SurfaceAnimator.lambda$getFinishedCallback$1:104 com.android.server.wm.-$$Lambda$SurfaceAnimator$vdRZk66hQVbQCvVXEaQCT1kVmFc.onAnimationFinished:4 com.android.server.wm.LocalAnimationAdapter.lambda$startAnimation$0:74

11-14 14:47:06.646  4211  4310 D SurfaceControl: reparent is called, sc=Surface(name=AppWindowToken{4f91e84 token=Token{727dc97 ActivityRecord{1cf4b16 u0 com.wallapop/com.rewallapop.ui.main.MainActivity t2172}}})/@0x3ce2ee4, newParentHandle=android.os.BinderProxy@c5e767c, transaction=android.view.SurfaceControl$Transaction@1b15550

