11-14 14:47:06.647  4211  4310 D SurfaceControl: destroy(transaction), animation-leash is destroyed, sc=Surface(name=Surface(name=AppWindowToken{4f91e84 token=Token{727dc97 ActivityRecord{1cf4b16 u0 com.wallapop/com.rewallapop.ui.main.MainActivity t2172}}})/@0x3ce2ee4 - animation-leash)/@0xfea7a02, transaction=android.view.SurfaceControl$Transaction@1b15550, caller=com.android.server.wm.SurfaceAnimator.reset:338 com.android.server.wm.SurfaceAnimator.lambda$getFinishedCallback$0:97 com.android.server.wm.-$$Lambda$SurfaceAnimator$SIBia0mND666K8lMCPsoid8pUTI.run:4 com.android.server.wm.SurfaceAnimator.lambda$getFinishedCallback$1:104 com.android.server.wm.-$$Lambda$SurfaceAnimator$vdRZk66hQVbQCvVXEaQCT1kVmFc.onAnimationFinished:4 com.android.server.wm.LocalAnimationAdapter.lambda$startAnimation$0:74 com.android.server.wm.-$$Lambda$LocalAnimationAdapter$X--EomqUvw4qy89IeeTFTH7aCMo.run:4

11-14 14:47:06.651  3727  3770 D Layer   : [AppWindowToken{4f91e84 token=Token{727dc97 ActivityRecord{1cf4b16 u0 com.wallapop/com.rewallapop.ui.main.MainActivity t2172}}}#0]::reparent oldParent:[Surface(name=AppWindowToken{4f91e84 token=Token{727dc97 ActivityRecord{1cf4b16 u0 com.wallapop/com.rewallapop.ui.main.MainActivity t2172}}})/@0x3ce2ee4 - animation-leash#0], newParent:[Task=2172#0]

11-14 14:47:06.651  3727  3770 I SurfaceFlinger: id=26982 Removed Surface(name=AppWindowToken{4f91e84 token=Token{727dc97 ActivityRecord{1cf4b16 u0 com.wallapop/com.rewallapop.ui.main.MainActivity t2172}}})/@0x3ce2ee4 - animation-leash#0 (0/60)

11-14 14:47:06.662  3727  3727 I Layer   : id=26982 onRemoved Surface(name=AppWindowToken{4f91e84 token=Token{727dc97 ActivityRecord{1cf4b16 u0 com.wallapop/com.rewallapop.ui.main.MainActivity t2172}}})/@0x3ce2ee4 - animation-leash#0

11-14 14:47:06.710  3727  3727 I SurfaceFlinger:      Device | 0x70ddb93900 | 0000 | RGBA_8888 |   0.0    0.0 1080.0 2220.0 |    0    0 1080 2220 | Splash Screen com.wallapop#0

11-14 14:47:06.771 26499 26532 W com.wallapop: Unsupported class loader

11-14 14:47:06.775 26499 26532 W com.wallapop: Skipping duplicate class check due to unsupported classloader

11-14 14:47:06.777 26499 26532 I com.wallapop: Waiting for a blocking GC ClassLinker

11-14 14:47:06.822 26499 26510 I com.wallapop: Background concurrent copying GC freed 21549(4MB) AllocSpace objects, 38(1116KB) LOS objects, 72% free, 2MB/8MB, paused 583us total 108.895ms

11-14 14:47:06.822 26499 26532 I com.wallapop: WaitForGcToComplete blocked ClassLinker on AddRemoveAppImageSpace for 45.159ms

11-14 14:47:06.864 26499 26519 I FA      :   adb shell setprop debug.firebase.analytics.app com.wallapop

11-14 14:47:06.877 26499 26532 W com.wallapop: Unsupported class loader

11-14 14:47:07.990 26499 26510 I com.wallapop: Background concurrent copying GC freed 46638(2MB) AllocSpace objects, 12(1572KB) LOS objects, 49% free, 8MB/16MB, paused 183us total 174.504ms

11-14 14:47:08.899 26499 26572 I stetho  : Listening on @stetho_com.wallapop_devtools_remote

11-14 14:47:08.975 26499 26578 W com.wallapop: Accessing hidden field Lsun/misc/Unsafe;->theUnsafe:Lsun/misc/Unsafe; (light greylist, reflection)

11-14 14:47:09.001 26499 26579 W com.wallapop: Accessing hidden field Ljava/nio/Buffer;->address:J (light greylist, reflection)

11-14 14:47:09.073 26499 26499 I com.wallapop: The ClassLoaderContext is a special shared library.

11-14 14:47:09.075 26499 26499 I chatty  : uid=10313(com.wallapop) identical 1 line

11-14 14:47:09.078 26499 26499 I com.wallapop: The ClassLoaderContext is a special shared library.

11-14 14:47:09.347 26499 26510 I com.wallapop: Background concurrent copying GC freed 149930(7MB) AllocSpace objects, 20(3MB) LOS objects, 49% free, 6MB/13MB, paused 215us total 184.742ms

11-14 14:47:09.464 26499 26604 W com.wallapop: Accessing hidden method Landroid/content/Context;->bindServiceAsUser(Landroid/content/Intent;Landroid/content/ServiceConnection;ILandroid/os/Handler;Landroid/os/UserHandle;)Z (light greylist, reflection)

11-14 14:47:09.469  4211  6758 I ApplicationPolicy: isApplicationExternalStorageWhitelisted:com.wallapop user:0

11-14 14:47:09.469  4211  6758 D ActivityManager: package  com.wallapop, user - 0 is SDcard whitelisted

11-14 14:47:09.469  4211  6758 I ApplicationPolicy: isApplicationExternalStorageBlacklisted:com.wallapop user:0

11-14 14:47:09.469  4211  6758 I ApplicationPolicy: isApplicationExternalStorageBlacklisted:com.wallapop user:0

11-14 14:47:09.486  4211  4229 I ActivityManager: Start proc 26607:com.android.chrome:sandboxed_process0/u0i878 for webview_service com.wallapop/org.chromium.content.app.SandboxedProcessService0

11-14 14:47:09.523  4211  6754 I ActivityManager: DSS on for com.wallapop and scale is 1.0

11-14 14:47:09.524  4211  6754 D MultiDisplayManager: init process display: set packageProcessId, displayId=0, same_package_proc=ProcessRecord{f5cfd8bd0 26499:com.wallapop/u0a313}, app=ProcessRecord{4f7e10dd0 26607:com.android.chrome:sandboxed_process0/u0a313i878}

11-14 14:47:09.636 26499 26499 W com.wallapop: Accessing hidden method Landroid/view/textclassifier/logging/SmartSelectionEventTracker;-><init>(Landroid/content/Context;I)V (light greylist, reflection)

11-14 14:47:09.636 26499 26499 W com.wallapop: Accessing hidden method Landroid/view/textclassifier/logging/SmartSelectionEventTracker;->logEvent(Landroid/view/textclassifier/logging/SmartSelectionEventTracker$SelectionEvent;)V (light greylist, reflection)

11-14 14:47:09.637 26499 26499 W com.wallapop: Accessing hidden method Landroid/view/textclassifier/logging/SmartSelectionEventTracker$SelectionEvent;->selectionStarted(I)Landroid/view/textclassifier/logging/SmartSelectionEventTracker$SelectionEvent; (light greylist, reflection)

11-14 14:47:09.637 26499 26499 W com.wallapop: Accessing hidden method Landroid/view/textclassifier/logging/SmartSelectionEventTracker$SelectionEvent;->selectionModified(II)Landroid/view/textclassifier/logging/SmartSelectionEventTracker$SelectionEvent; (light greylist, reflection)

11-14 14:47:09.637 26499 26499 W com.wallapop: Accessing hidden method Landroid/view/textclassifier/logging/SmartSelectionEventTracker$SelectionEvent;->selectionModified(IILandroid/view/textclassifier/TextClassification;)Landroid/view/textclassifier/logging/SmartSelectionEventTracker$SelectionEvent; (light greylist, reflection)

11-14 14:47:09.637 26499 26499 W com.wallapop: Accessing hidden method Landroid/view/textclassifier/logging/SmartSelectionEventTracker$SelectionEvent;->selectionModified(IILandroid/view/textclassifier/TextSelection;)Landroid/view/textclassifier/logging/SmartSelectionEventTracker$SelectionEvent; (light greylist, reflection)

11-14 14:47:09.637 26499 26499 W com.wallapop: Accessing hidden method Landroid/view/textclassifier/logging/SmartSelectionEventTracker$SelectionEvent;->selectionAction(III)Landroid/view/textclassifier/logging/SmartSelectionEventTracker$SelectionEvent; (light greylist, reflection)

11-14 14:47:09.638 26499 26499 W com.wallapop: Accessing hidden method Landroid/view/textclassifier/logging/SmartSelectionEventTracker$SelectionEvent;->selectionAction(IIILandroid/view/textclassifier/TextClassification;)Landroid/view/textclassifier/logging/SmartSelectionEventTracker$SelectionEvent; (light greylist, reflection)

11-14 14:47:09.688 26499 26626 W com.wallapop: Accessing hidden method Landroid/media/AudioManager;->getOutputLatency(I)I (light greylist, reflection)

11-14 14:47:09.729 26499 26499 W com.wallapop: Accessing hidden method Landroid/app/ActivityThread;->currentPackageName()Ljava/lang/String; (light greylist, reflection)

11-14 14:47:10.064 26499 26676 W com.wallapop: Accessing hidden method Lcom/android/org/conscrypt/OpenSSLSocketImpl;->setAlpnProtocols([B)V (light greylist, reflection)

11-14 14:47:10.495 26499 26676 W com.wallapop: Accessing hidden method Lcom/android/org/conscrypt/OpenSSLSocketImpl;->getAlpnSelectedProtocol()[B (light greylist, reflection)

11-14 14:47:12.050  4211  4494 D SamsungAlarmManager: Cancel Alarm calling from uid:10313 pid :26499 / op:PendingIntent{90b8004: PendingIntentRecord{27798a6 com.wallapop broadcastIntent}}

11-14 14:47:12.256 26499 26499 W com.wallapop: Accessing hidden method Landroid/view/View;->computeFitSystemWindows(Landroid/graphics/Rect;Landroid/graphics/Rect;)Z (light greylist, reflection)

11-14 14:47:12.267 26499 26499 W com.wallapop: Accessing hidden method Landroid/view/ViewGroup;->makeOptionalFitsSystemWindows()V (light greylist, reflection)

11-14 14:47:12.314 26499 26499 W com.wallapop: Accessing hidden field Landroid/view/ViewGroup;->mOnHierarchyChangeListener:Landroid/view/ViewGroup$OnHierarchyChangeListener; (light greylist, reflection)

11-14 14:47:12.332  4211  4494 D SamsungAlarmManager: Cancel Alarm calling from uid:10313 pid :26499 / op:PendingIntent{d73717a: PendingIntentRecord{a7996f5 com.wallapop broadcastIntent}}

11-14 14:47:12.408 26499 26499 I chatty  : uid=10313(com.wallapop) identical 4 lines

11-14 14:47:12.413 26499 26499 I chatty  : uid=10313(com.wallapop) identical 3 lines

11-14 14:47:12.416 26499 26499 I chatty  : uid=10313(com.wallapop) identical 1 line

11-14 14:47:12.418 26499 26499 I chatty  : uid=10313(com.wallapop) identical 8 lines

11-14 14:47:12.420  4211  7608 D GameManagerService: identifyGamePackage. com.wallapop

11-14 14:47:12.420  4211  7608 D GamePkgDataHelper: getGamePkgData(). com.wallapop

11-14 14:47:12.506  4211  4494 I ActivityManager: START u0 {act=null typ=null flg=0x0 cmp=ComponentInfo{com.wallapop/com.rewallapop.ui.wall.WallActivity}} from uid 10313

11-14 14:47:12.520  3727  3727 I SurfaceFlinger: id=26983 createSurf (4440x4440),2 flag=4, AppWindowToken{5372b46 token=Token{98afb21 ActivityRecord{dad0588 u0 com.wallapop/com.rewallapop.ui.wall.WallActivity t2172}}}#0

11-14 14:47:12.525  4211  4494 D SurfaceControl: reparent is called, sc=Surface(name=641cfa1 Splash Screen com.wallapop)/@0x5d0f107, newParentHandle=android.os.BinderProxy@5d0f234, transaction=android.view.SurfaceControl$Transaction@bfb285d

11-14 14:47:12.531  4211  4228 D WindowManager: setSystemUiVisibility: vis= 0xa018, fullscreenVis= 0x2000, dockedVis= 0x0, win=Window{641cfa1 u0 Splash Screen com.wallapop}

11-14 14:47:12.532  3727  5386 D Layer   : [641cfa1 Splash Screen com.wallapop#0]::reparent oldParent:[AppWindowToken{4f91e84 token=Token{727dc97 ActivityRecord{1cf4b16 u0 com.wallapop/com.rewallapop.ui.main.MainActivity t2172}}}#0], newParent:[AppWindowToken{5372b46 token=Token{98afb21 ActivityRecord{dad0588 u0 com.wallapop/com.rewallapop.ui.wall.WallActivity t2172}}}#0]

11-14 14:47:12.535  4211  4211 D Telecom:SamsungPrebindingServiceImpl: onTopActivityChanged : ComponentInfo{com.wallapop/com.rewallapop.ui.wall.WallActivity}

11-14 14:47:12.742 26499 26510 I com.wallapop: Background concurrent copying GC freed 80090(4MB) AllocSpace objects, 53(2MB) LOS objects, 50% free, 8MB/16MB, paused 270us total 209.823ms

11-14 14:47:12.745 26499 26802 I com.wallapop: The ClassLoaderContext is a special shared library.

11-14 14:47:12.806  4211  4227 D ApplicationPolicy: isStatusBarNotificationAllowedAsUser: packageName = com.wallapop,userId = 0

11-14 14:47:12.809  4211  4494 D GamePkgDataHelper: notifyAppCreate(), pkgName: com.wallapop, sendRet: true

11-14 14:47:12.810  4211  4473 D GamePkgDataHelper: getGamePkgData(). com.wallapop

11-14 14:47:12.810  4211  4473 D GameManagerService: handleMessage(), MSG_APP_CREATE. ignore. pkgName: com.wallapop

11-14 14:47:12.812  4211  4494 D GameManagerService: noteResumeComponent(), resumeComponent: com.wallapop

11-14 14:47:12.812  4211  4473 D GameManagerService: handleForegroundChange(). pkgName: com.wallapop, clsName: com.rewallapop.ui.wall.WallActivity,FgActivityName:com.wallapop/com.rewallapop.ui.wall.WallActivity

11-14 14:47:12.812  4211  4494 D MARsPolicyManager: onPackageResumedFG pkgName = com.wallapop, userId = 0

11-14 14:47:12.815  4211  4211 D Telecom:SamsungPrebindingServiceImpl: onTopActivityChanged : ComponentInfo{com.wallapop/com.rewallapop.ui.wall.WallActivity}

11-14 14:47:12.818  4211  4494 I WindowManager: Cancelling animation restarting=true, leash=null, surface=Surface(name=AppWindowToken{4f91e84 token=Token{727dc97 ActivityRecord{1cf4b16 u0 com.wallapop/com.rewallapop.ui.main.MainActivity t2172}}})/@0x3ce2ee4, parent=Surface(name=Task=2172)/@0x96b9f4d

11-14 14:47:12.818  4211  4494 I WindowManager: Reparenting to leash, surface=Surface(name=AppWindowToken{4f91e84 token=Token{727dc97 ActivityRecord{1cf4b16 u0 com.wallapop/com.rewallapop.ui.main.MainActivity t2172}}})/@0x3ce2ee4

11-14 14:47:12.820  3727  3727 I SurfaceFlinger: id=26984 createSurf (4440x4440),2 flag=4, Surface(name=AppWindowToken{4f91e84 token=Token{727dc97 ActivityRecord{1cf4b16 u0 com.wallapop/com.rewallapop.ui.main.MainActivity t2172}}})/@0x3ce2ee4 - animation-leash#0

11-14 14:47:12.822  4211  4494 D WindowManager: makeSurface duration=3 leash=Surface(name=Surface(name=AppWindowToken{4f91e84 token=Token{727dc97 ActivityRecord{1cf4b16 u0 com.wallapop/com.rewallapop.ui.main.MainActivity t2172}}})/@0x3ce2ee4 - animation-leash)/@0x6683782

11-14 14:47:12.822  4211  4494 D SurfaceControl: reparent is called, sc=Surface(name=AppWindowToken{4f91e84 token=Token{727dc97 ActivityRecord{1cf4b16 u0 com.wallapop/com.rewallapop.ui.main.MainActivity t2172}}})/@0x3ce2ee4, newParentHandle=android.os.BinderProxy@bd56e93, transaction=android.view.SurfaceControl$Transaction@1b15550

11-14 14:47:12.829  3727  5386 D Layer   : [AppWindowToken{4f91e84 token=Token{727dc97 ActivityRecord{1cf4b16 u0 com.wallapop/com.rewallapop.ui.main.MainActivity t2172}}}#0]::reparent oldParent:[Task=2172#0], newParent:[Surface(name=AppWindowToken{4f91e84 token=Token{727dc97 ActivityRecord{1cf4b16 u0 com.wallapop/com.rewallapop.ui.main.MainActivity t2172}}})/@0x3ce2ee4 - animation-leash#0]

11-14 14:47:12.832  4211  4227 D ApplicationPolicy: isStatusBarNotificationAllowedAsUser: packageName = com.wallapop,userId = 0

11-14 14:47:12.858 26499 26570 W com.wallapop: Accessing hidden method Ldalvik/system/VMRuntime;->getRuntime()Ldalvik/system/VMRuntime; (light greylist, reflection)

11-14 14:47:12.858 26499 26570 W com.wallapop: Accessing hidden method Ldalvik/system/VMRuntime;->vmInstructionSet()Ljava/lang/String; (light greylist, reflection)

11-14 14:47:12.881 25561 25575 I Finsky  : [9440] fxs.d(3): com.wallapop: Account determined from installer data - [rJj4Md76H4LxoN-B4dnoZM7XaXDDBcXGlC-caOCi6Uc]

11-14 14:47:12.882 25561 25575 I Finsky  : [9440] fxs.d(14): com.wallapop: Account from preferred account - [rJj4Md76H4LxoN-B4dnoZM7XaXDDBcXGlC-caOCi6Uc]

11-14 14:47:12.888 25561 25575 I Finsky  : [9440] fxs.d(3): com.wallapop: Account determined from installer data - [rJj4Md76H4LxoN-B4dnoZM7XaXDDBcXGlC-caOCi6Uc]

11-14 14:47:12.889 25561 25575 I Finsky  : [9440] fxs.d(14): com.wallapop: Account from preferred account - [rJj4Md76H4LxoN-B4dnoZM7XaXDDBcXGlC-caOCi6Uc]

11-14 14:47:12.895 25561 25575 I Finsky  : [9440] fxs.d(3): com.wallapop: Account determined from installer data - [rJj4Md76H4LxoN-B4dnoZM7XaXDDBcXGlC-caOCi6Uc]

11-14 14:47:12.895 25561 25575 I Finsky  : [9440] fxs.d(14): com.wallapop: Account from preferred account - [rJj4Md76H4LxoN-B4dnoZM7XaXDDBcXGlC-caOCi6Uc]

11-14 14:47:12.898 25561 25575 I Finsky  : [9440] fxs.d(3): com.wallapop: Account determined from installer data - [rJj4Md76H4LxoN-B4dnoZM7XaXDDBcXGlC-caOCi6Uc]

11-14 14:47:12.899 25561 25575 I Finsky  : [9440] fxs.d(14): com.wallapop: Account from preferred account - [rJj4Md76H4LxoN-B4dnoZM7XaXDDBcXGlC-caOCi6Uc]

11-14 14:47:12.943 23911 23911 D Notification.Badge: [valid] onNotificationPosted : StatusBarNotification(pkg=com.wallapop user=UserHandle{0} id=999 tag=null key=0|com.wallapop|999|null|10313: Notification(channel=wallapop_channel pri=-2 contentView=null vibrate=null sound=null defaults=0x0 flags=0x62 color=0x00000000 vis=PRIVATE semFlags=0x0 semPriority=0 semMissedCount=0))

11-14 14:47:12.943 23911 23911 D Notification.Badge: notificationKey : 0|com.wallapop|999|null|10313, count : 0, this.count : 1

11-14 14:47:12.944 23911 23978 D Notification.Badge: LauncherModel:onNotificationPosted() : com.wallapop, count : [0], shouldBeFilteredOut : [false]

11-14 14:47:12.944 23911 23978 D Notification.Badge: notificationKey : 0|com.wallapop|999|null|10313, count : 1, mTotalCount : 1

11-14 14:47:12.947 23911 23978 D Notification.Badge: updateLauncherIconBadges() item : [IconInfo(title=_Wallapop_ intent=Intent { act=android.intent.action.MAIN cat=[android.intent.category.LAUNCHER] flg=0x10200000 cmp=com.wallapop/.activities.HomeActivity (has extras) } id=162 type=0 container=-102 screen=1 cellX=3 cellY=0 spanX=1 spanY=1 rank=3 hidden=0 dropPos=null user=UserHandle{0} screenType=0)], mShowBadge : [true], item.mBadgeCount : [1]

11-14 14:47:12.953 23911 23911 D RecommendedView: updateBadgeItems: [IconInfo(title=_Wallapop_ intent=Intent { act=android.intent.action.MAIN cat=[android.intent.category.LAUNCHER] flg=0x10200000 cmp=com.wallapop/.activities.HomeActivity (has extras) } id=162 type=0 container=-102 screen=1 cellX=3 cellY=0 spanX=1 spanY=1 rank=3 hidden=0 dropPos=null user=UserHandle{0} screenType=0)]

11-14 14:47:13.041  4211  6758 D SamsungAlarmManager: Cancel Alarm calling from uid:10313 pid :26499 / op:PendingIntent{22134da: PendingIntentRecord{a7996f5 com.wallapop broadcastIntent}}

11-14 14:47:13.110  4211  4310 I WindowManager: reset, Reparenting to original parent, shouldDeferScheduleAnimation=false, destroyLeash=true, surface=Surface(name=AppWindowToken{4f91e84 token=Token{727dc97 ActivityRecord{1cf4b16 u0 com.wallapop/com.rewallapop.ui.main.MainActivity t2172}}})/@0x3ce2ee4, parent=Surface(name=Task=2172)/@0x96b9f4d, parentNativeHandle=android.os.BinderProxy@c5e767c, caller=com.android.server.wm.SurfaceAnimator.lambda$getFinishedCallback$0:97 com.android.server.wm.-$$Lambda$SurfaceAnimator$SIBia0mND666K8lMCPsoid8pUTI.run:4 com.android.server.wm.SurfaceAnimator.lambda$getFinishedCallback$1:104 com.android.server.wm.-$$Lambda$SurfaceAnimator$vdRZk66hQVbQCvVXEaQCT1kVmFc.onAnimationFinished:4 com.android.server.wm.LocalAnimationAdapter.lambda$startAnimation$0:74

11-14 14:47:13.110  4211  4310 D SurfaceControl: reparent is called, sc=Surface(name=AppWindowToken{4f91e84 token=Token{727dc97 ActivityRecord{1cf4b16 u0 com.wallapop/com.rewallapop.ui.main.MainActivity t2172}}})/@0x3ce2ee4, newParentHandle=android.os.BinderProxy@c5e767c, transaction=android.view.SurfaceControl$Transaction@1b15550

11-14 14:47:13.111  4211  4310 D SurfaceControl: destroy(transaction), animation-leash is destroyed, sc=Surface(name=Surface(name=AppWindowToken{4f91e84 token=Token{727dc97 ActivityRecord{1cf4b16 u0 com.wallapop/com.rewallapop.ui.main.MainActivity t2172}}})/@0x3ce2ee4 - animation-leash)/@0x6683782, transaction=android.view.SurfaceControl$Transaction@1b15550, caller=com.android.server.wm.SurfaceAnimator.reset:338 com.android.server.wm.SurfaceAnimator.lambda$getFinishedCallback$0:97 com.android.server.wm.-$$Lambda$SurfaceAnimator$SIBia0mND666K8lMCPsoid8pUTI.run:4 com.android.server.wm.SurfaceAnimator.lambda$getFinishedCallback$1:104 com.android.server.wm.-$$Lambda$SurfaceAnimator$vdRZk66hQVbQCvVXEaQCT1kVmFc.onAnimationFinished:4 com.android.server.wm.LocalAnimationAdapter.lambda$startAnimation$0:74 com.android.server.wm.-$$Lambda$LocalAnimationAdapter$X--EomqUvw4qy89IeeTFTH7aCMo.run:4

11-14 14:47:13.128  3727  3771 D Layer   : [AppWindowToken{4f91e84 token=Token{727dc97 ActivityRecord{1cf4b16 u0 com.wallapop/com.rewallapop.ui.main.MainActivity t2172}}}#0]::reparent oldParent:[Surface(name=AppWindowToken{4f91e84 token=Token{727dc97 ActivityRecord{1cf4b16 u0 com.wallapop/com.rewallapop.ui.main.MainActivity t2172}}})/@0x3ce2ee4 - animation-leash#0], newParent:[Task=2172#0]

11-14 14:47:13.128  3727  3771 I SurfaceFlinger: id=26984 Removed Surface(name=AppWindowToken{4f91e84 token=Token{727dc97 ActivityRecord{1cf4b16 u0 com.wallapop/com.rewallapop.ui.main.MainActivity t2172}}})/@0x3ce2ee4 - animation-leash#0 (0/59)

11-14 14:47:13.143  3727  3727 I Layer   : id=26984 onRemoved Surface(name=AppWindowToken{4f91e84 token=Token{727dc97 ActivityRecord{1cf4b16 u0 com.wallapop/com.rewallapop.ui.main.MainActivity t2172}}})/@0x3ce2ee4 - animation-leash#0

11-14 14:47:13.224 26499 26499 W com.wallapop: Accessing hidden method Landroid/widget/TextView;->getTextDirectionHeuristic()Landroid/text/TextDirectionHeuristic; (light greylist, linking)

11-14 14:47:13.227 26499 26499 W com.wallapop: Accessing hidden method Landroid/graphics/FontFamily;-><init>()V (light greylist, reflection)

11-14 14:47:13.227 26499 26499 W com.wallapop: Accessing hidden method Landroid/graphics/FontFamily;->addFontFromAssetManager(Landroid/content/res/AssetManager;Ljava/lang/String;IZIII[Landroid/graphics/fonts/FontVariationAxis;)Z (light greylist, reflection)

11-14 14:47:13.227 26499 26499 W com.wallapop: Accessing hidden method Landroid/graphics/FontFamily;->addFontFromBuffer(Ljava/nio/ByteBuffer;I[Landroid/graphics/fonts/FontVariationAxis;II)Z (light greylist, reflection)

11-14 14:47:13.229 26499 26499 W com.wallapop: Accessing hidden method Landroid/graphics/FontFamily;->freeze()Z (light greylist, reflection)

11-14 14:47:13.230 26499 26499 W com.wallapop: Accessing hidden method Landroid/graphics/FontFamily;->abortCreation()V (light greylist, reflection)

11-14 14:47:13.230 26499 26499 W com.wallapop: Accessing hidden method Landroid/graphics/Typeface;->createFromFamiliesWithDefault([Landroid/graphics/FontFamily;Ljava/lang/String;II)Landroid/graphics/Typeface; (light greylist, reflection)

11-14 14:47:13.447 26499 26510 I com.wallapop: Background concurrent copying GC freed 126073(7MB) AllocSpace objects, 21(784KB) LOS objects, 49% free, 12MB/25MB, paused 324us total 255.390ms

11-14 14:47:13.616 26499 26799 I com.wallapop: The ClassLoaderContext is a special shared library.

11-14 14:47:14.215  3727  3727 I SurfaceFlinger: id=26985 createSurf (4440x4440),2 flag=4, be27cc7 com.wallapop/com.rewallapop.ui.wall.WallActivity#0

11-14 14:47:14.248 25561 25575 I Finsky  : [9440] fxs.d(3): com.wallapop: Account determined from installer data - [rJj4Md76H4LxoN-B4dnoZM7XaXDDBcXGlC-caOCi6Uc]

11-14 14:47:14.249 25561 25575 I Finsky  : [9440] fxs.d(14): com.wallapop: Account from preferred account - [rJj4Md76H4LxoN-B4dnoZM7XaXDDBcXGlC-caOCi6Uc]

11-14 14:47:14.292 25561 25575 I Finsky  : [9440] fxs.d(3): com.wallapop: Account determined from installer data - [rJj4Md76H4LxoN-B4dnoZM7XaXDDBcXGlC-caOCi6Uc]

11-14 14:47:14.292 25561 25575 I Finsky  : [9440] fxs.d(14): com.wallapop: Account from preferred account - [rJj4Md76H4LxoN-B4dnoZM7XaXDDBcXGlC-caOCi6Uc]

11-14 14:47:14.356 25561 25575 I Finsky  : [9440] fxs.d(3): com.wallapop: Account determined from installer data - [rJj4Md76H4LxoN-B4dnoZM7XaXDDBcXGlC-caOCi6Uc]

11-14 14:47:14.356 25561 25575 I Finsky  : [9440] fxs.d(14): com.wallapop: Account from preferred account - [rJj4Md76H4LxoN-B4dnoZM7XaXDDBcXGlC-caOCi6Uc]

11-14 14:47:14.429 25561 25575 I Finsky  : [9440] fxs.d(3): com.wallapop: Account determined from installer data - [rJj4Md76H4LxoN-B4dnoZM7XaXDDBcXGlC-caOCi6Uc]

11-14 14:47:14.430 25561 25575 I Finsky  : [9440] fxs.d(14): com.wallapop: Account from preferred account - [rJj4Md76H4LxoN-B4dnoZM7XaXDDBcXGlC-caOCi6Uc]

11-14 14:47:14.514  4211  5239 D ActivityManagerPerformance: Received MSG_DISABLE_ACT_START, r: ActivityRecord{dad0588 u0 com.wallapop/com.rewallapop.ui.wall.WallActivity t2172}

11-14 14:47:14.667 26499 26510 I com.wallapop: Background concurrent copying GC freed 183035(13MB) AllocSpace objects, 39(1864KB) LOS objects, 50% free, 12MB/24MB, paused 510us total 186.044ms

11-14 14:47:14.881  4211  4494 V WindowManager: Relayout Window{be27cc7 u0 com.wallapop/com.rewallapop.ui.wall.WallActivity}: viewVisibility=0 req=1080x2220 {(0,0)(fillxfill) sim={adjust=resize forwardNavigation} ty=BASE_APPLICATION wanim=0x10302fe

11-14 14:47:14.884  3727  3727 I SurfaceFlinger: id=26986 createSurf (1080x2220),1 flag=404, com.wallapop/com.rewallapop.ui.wall.WallActivity[26499]#0

11-14 14:47:14.885  4211  4494 D WindowManager: makeSurface duration=3 name=com.wallapop/com.rewallapop.ui.wall.WallActivity[26499]

11-14 14:47:14.886  4211  4494 V WindowManager: Changing focus from null to Window{be27cc7 u0 com.wallapop/com.rewallapop.ui.wall.WallActivity} Callers=com.android.server.wm.WindowManagerService.relayoutWindow:2526 com.android.server.wm.Session.relayoutForTranslate:302 android.view.IWindowSession$Stub.onTransact:518 com.android.server.wm.Session.onTransact:186

11-14 14:47:14.886  4211  4228 D WindowManager: setSystemUiVisibility: vis= 0xa518, fullscreenVis= 0x2000, dockedVis= 0x0, win=Window{be27cc7 u0 com.wallapop/com.rewallapop.ui.wall.WallActivity}

11-14 14:47:14.888  4211  4242 D WindowManager: reportFocusChangedSerialized, focused=true, inTouchMode=true, win=Window{be27cc7 u0 com.wallapop/com.rewallapop.ui.wall.WallActivity}

11-14 14:47:14.994 25561 26016 I Finsky  : [9514] fxs.d(3): com.wallapop: Account determined from installer data - [rJj4Md76H4LxoN-B4dnoZM7XaXDDBcXGlC-caOCi6Uc]

11-14 14:47:14.995 25561 26016 I Finsky  : [9514] fxs.d(14): com.wallapop: Account from preferred account - [rJj4Md76H4LxoN-B4dnoZM7XaXDDBcXGlC-caOCi6Uc]

11-14 14:47:15.197  4211  4494 D WindowManager: finishDrawingWindow: Window{be27cc7 u0 com.wallapop/com.rewallapop.ui.wall.WallActivity} mDrawState=DRAW_PENDING

11-14 14:47:15.200  4211  4310 I WindowManager: commitFinishDrawingLocked: mDrawState=READY_TO_SHOW Surface(name=com.wallapop/com.rewallapop.ui.wall.WallActivity[26499])/@0x855fb54

11-14 14:47:15.200  4211  4310 V WindowManager: Resize reasons for w=Window{be27cc7 u0 com.wallapop/com.rewallapop.ui.wall.WallActivity}:  contentInsetsChanged=false [0,63][0,126] visibleInsetsChanged=false [0,63][0,126] stableInsetsChanged=false [0,63][0,126] outsetsChanged=false [0,0][0,0] surfaceResized=false configChanged=false dragResizingChanged=false reportOrientationChanged=false displayCutoutChanged=false nextForceRelayoutToClient=false

11-14 14:47:15.218  4211  4310 I WindowManager: commitFinishDrawingLocked: mDrawState=READY_TO_SHOW Surface(name=com.wallapop/com.rewallapop.ui.wall.WallActivity[26499])/@0x855fb54

11-14 14:47:15.219  4211  4310 I WindowManager: Cancelling animation restarting=false, leash=null, surface=Surface(name=be27cc7 com.wallapop/com.rewallapop.ui.wall.WallActivity)/@0x627cafd, parent=Surface(name=AppWindowToken{5372b46 token=Token{98afb21 ActivityRecord{dad0588 u0 com.wallapop/com.rewallapop.ui.wall.WallActivity t2172}}})/@0xb78b3f2

11-14 14:47:15.219  4211  4310 V WindowManager: performShowLocked: mDrawState=HAS_DRAWN in Window{be27cc7 u0 com.wallapop/com.rewallapop.ui.wall.WallActivity}

11-14 14:47:15.236  4211  4242 I ActivityManager: Displayed com.wallapop/com.rewallapop.ui.wall.WallActivity: +2s412ms (total +8s924ms)

11-14 14:47:15.239  3727  3727 I SurfaceFlinger:      Device | 0x70dda1f300 | 0002 | RGBA_8888 |   0.0    0.0 1080.0 2220.0 |    0    0 1080 2220 | com.wallapop/com.rewallapop.ui.wall.WallActivity[26499]#0

11-14 14:47:15.239  3727  3727 I SurfaceFlinger:      Device | 0x70ddb93900 | 0000 | RGBA_8888 |   0.0    0.0 1080.0 2220.0 |    0    0 1080 2220 | Splash Screen com.wallapop#0

11-14 14:47:15.250  4211  4310 V WindowManager: Remove Window{641cfa1 u0 Splash Screen com.wallapop}: mSurfaceController=Surface(name=Splash Screen com.wallapop)/@0x70dc723 mAnimatingExit=false mRemoveOnExit=false mHasSurface=true surfaceShowing=true isAnimationSet=false app-animation=false mWillReplaceWindow=false inPendingTransaction=false mDisplayFrozen=false callers=com.android.server.wm.WindowState.removeIfPossible:2764 com.android.server.wm.WindowManagerService.removeWindow:1943 com.android.server.wm.Session.remove:268 android.view.ViewRootImpl.dispatchDetachedFromWindow:4565 android.view.ViewRootImpl.doDie:7996 android.view.ViewRootImpl$ViewRootHandler.handleMessage:4987

11-14 14:47:15.254  4211  4310 I WindowManager: Cancelling animation restarting=true, leash=null, surface=Surface(name=641cfa1 Splash Screen com.wallapop)/@0x5d0f107, parent=Surface(name=AppWindowToken{5372b46 token=Token{98afb21 ActivityRecord{dad0588 u0 com.wallapop/com.rewallapop.ui.wall.WallActivity t2172}}})/@0xb78b3f2

11-14 14:47:15.254  4211  4310 I WindowManager: Reparenting to leash, surface=Surface(name=641cfa1 Splash Screen com.wallapop)/@0x5d0f107

11-14 14:47:15.256  3727  3727 I SurfaceFlinger: id=26987 createSurf (4440x4440),2 flag=4, Surface(name=641cfa1 Splash Screen com.wallapop)/@0x5d0f107 - animation-leash#0

11-14 14:47:15.258  4211  4310 D WindowManager: makeSurface duration=3 leash=Surface(name=Surface(name=641cfa1 Splash Screen com.wallapop)/@0x5d0f107 - animation-leash)/@0x4ab19f9

11-14 14:47:15.258  4211  4310 D SurfaceControl: reparent is called, sc=Surface(name=641cfa1 Splash Screen com.wallapop)/@0x5d0f107, newParentHandle=android.os.BinderProxy@e5a1d3e, transaction=android.view.SurfaceControl$Transaction@bfb285d

11-14 14:47:15.262  3727  5386 D Layer   : [641cfa1 Splash Screen com.wallapop#0]::reparent oldParent:[AppWindowToken{5372b46 token=Token{98afb21 ActivityRecord{dad0588 u0 com.wallapop/com.rewallapop.ui.wall.WallActivity t2172}}}#0], newParent:[Surface(name=641cfa1 Splash Screen com.wallapop)/@0x5d0f107 - animation-leash#0]

11-14 14:47:15.323 26499 26499 V InputMethodManager: Starting input: tba=com.wallapop ic=null mNaviBarColor -1 mIsGetNaviBarColorSuccess true , NavVisible : true , NavTrans : false

11-14 14:47:15.325  4211  6758 V InputMethodManagerService: windowGainedFocus : reason=WINDOW_FOCUS_GAIN client=android.os.BinderProxy@9c130e1 inputContext=null missingMethods= attribute=android.view.inputmethod.EditorInfo@256cf4a nm = com.wallapop controlFlags=#104 softInputMode=#110 windowFlags=#81810100

11-14 14:47:15.415  4211  4310 I WindowManager: reset, Reparenting to original parent, shouldDeferScheduleAnimation=false, destroyLeash=true, surface=Surface(name=641cfa1 Splash Screen com.wallapop)/@0x5d0f107, parent=Surface(name=AppWindowToken{5372b46 token=Token{98afb21 ActivityRecord{dad0588 u0 com.wallapop/com.rewallapop.ui.wall.WallActivity t2172}}})/@0xb78b3f2, parentNativeHandle=android.os.BinderProxy@5d0f234, caller=com.android.server.wm.SurfaceAnimator.lambda$getFinishedCallback$0:97 com.android.server.wm.-$$Lambda$SurfaceAnimator$SIBia0mND666K8lMCPsoid8pUTI.run:4 com.android.server.wm.SurfaceAnimator.lambda$getFinishedCallback$1:104 com.android.server.wm.-$$Lambda$SurfaceAnimator$vdRZk66hQVbQCvVXEaQCT1kVmFc.onAnimationFinished:4 com.android.server.wm.LocalAnimationAdapter.lambda$startAnimation$0:74

11-14 14:47:15.416  4211  4310 D SurfaceControl: reparent is called, sc=Surface(name=641cfa1 Splash Screen com.wallapop)/@0x5d0f107, newParentHandle=android.os.BinderProxy@5d0f234, transaction=android.view.SurfaceControl$Transaction@bfb285d

11-14 14:47:15.416  4211  4310 D SurfaceControl: destroy(transaction), animation-leash is destroyed, sc=Surface(name=Surface(name=641cfa1 Splash Screen com.wallapop)/@0x5d0f107 - animation-leash)/@0x4ab19f9, transaction=android.view.SurfaceControl$Transaction@bfb285d, caller=com.android.server.wm.SurfaceAnimator.reset:338 com.android.server.wm.SurfaceAnimator.lambda$getFinishedCallback$0:97 com.android.server.wm.-$$Lambda$SurfaceAnimator$SIBia0mND666K8lMCPsoid8pUTI.run:4 com.android.server.wm.SurfaceAnimator.lambda$getFinishedCallback$1:104 com.android.server.wm.-$$Lambda$SurfaceAnimator$vdRZk66hQVbQCvVXEaQCT1kVmFc.onAnimationFinished:4 com.android.server.wm.LocalAnimationAdapter.lambda$startAnimation$0:74 com.android.server.wm.-$$Lambda$LocalAnimationAdapter$X--EomqUvw4qy89IeeTFTH7aCMo.run:4

11-14 14:47:15.417  4211  4310 E WindowManager: win=Window{641cfa1 u0 Splash Screen com.wallapop EXITING} destroySurfaces: appStopped=false win.mWindowRemovalAllowed=true win.mRemoveOnExit=true win.mViewVisibility=0 caller=com.android.server.wm.AppWindowToken.destroySurfaces:870 com.android.server.wm.AppWindowToken.destroySurfaces:851 com.android.server.wm.WindowState.onExitAnimationDone:5436 com.android.server.wm.WindowStateAnimator.onAnimationFinished:319 com.android.server.wm.WindowState.onAnimationFinished:5858 com.android.server.wm.-$$Lambda$yVRF8YoeNdTa8GR1wDStVsHu8xM.run:2 com.android.server.wm.SurfaceAnimator.lambda$getFinishedCallback$0:100

11-14 14:47:15.417  4211  4310 I WindowManager: Destroying surface Surface(name=Splash Screen com.wallapop)/@0x70dc723 called by com.android.server.wm.WindowStateAnimator.destroySurface:1901 com.android.server.wm.WindowStateAnimator.destroySurfaceLocked:838 com.android.server.wm.WindowState.destroySurfaceUnchecked:3839 com.android.server.wm.WindowState.destroySurface:3820 com.android.server.wm.AppWindowToken.destroySurfaces:870 com.android.server.wm.AppWindowToken.destroySurfaces:851 com.android.server.wm.WindowState.onExitAnimationDone:5436 com.android.server.wm.WindowStateAnimator.onAnimationFinished:319

11-14 14:47:15.418  3727  5386 I SurfaceFlinger: id=26980 Removed Splash Screen com.wallapop#0 (0/61)

11-14 14:47:15.427  3727  3771 W SurfaceFlinger: Attempting to set client state on removed layer: Splash Screen com.wallapop#0 [s.what : 40]

11-14 14:47:15.427  3727  3771 D Layer   : [641cfa1 Splash Screen com.wallapop#0]::reparent oldParent:[Surface(name=641cfa1 Splash Screen com.wallapop)/@0x5d0f107 - animation-leash#0], newParent:[AppWindowToken{5372b46 token=Token{98afb21 ActivityRecord{dad0588 u0 com.wallapop/com.rewallapop.ui.wall.WallActivity t2172}}}#0]

11-14 14:47:15.427  3727  3771 W SurfaceFlinger: Attempting to destroy on removed layer: Splash Screen com.wallapop#0

11-14 14:47:15.427  3727  3771 I SurfaceFlinger: id=26979 Removed 641cfa1 Splash Screen com.wallapop#0 (1/60)

11-14 14:47:15.427  3727  3771 I SurfaceFlinger: id=26987 Removed Surface(name=641cfa1 Splash Screen com.wallapop)/@0x5d0f107 - animation-leash#0 (1/59)

11-14 14:47:15.432  3727  3727 I Layer   : id=26979 onRemoved 641cfa1 Splash Screen com.wallapop#0

11-14 14:47:15.432  3727  3727 I Layer   : id=26980 onRemoved Splash Screen com.wallapop#0

11-14 14:47:15.433  3727  3727 I Layer   : id=26987 onRemoved Surface(name=641cfa1 Splash Screen com.wallapop)/@0x5d0f107 - animation-leash#0

11-14 14:47:15.439  3727  3727 I SurfaceFlinger:      Device | 0x70dda1f300 | 0002 | RGBA_8888 |   0.0    0.0 1080.0 2220.0 |    0    0 1080 2220 | com.wallapop/com.rewallapop.ui.wall.WallActivity[26499]#0

11-14 14:47:15.452 25561 26016 I Finsky  : [9514] fxs.d(3): com.wallapop: Account determined from installer data - [rJj4Md76H4LxoN-B4dnoZM7XaXDDBcXGlC-caOCi6Uc]

11-14 14:47:15.453 25561 26016 I Finsky  : [9514] fxs.d(14): com.wallapop: Account from preferred account - [rJj4Md76H4LxoN-B4dnoZM7XaXDDBcXGlC-caOCi6Uc]

11-14 14:47:15.457 26499 26499 V InputMethodManager: Starting input: tba=com.wallapop ic=null mNaviBarColor -1 mIsGetNaviBarColorSuccess true , NavVisible : true , NavTrans : false

11-14 14:47:15.476 25561 26016 I Finsky  : [9514] fxs.d(3): com.wallapop: Account determined from installer data - [rJj4Md76H4LxoN-B4dnoZM7XaXDDBcXGlC-caOCi6Uc]

11-14 14:47:15.476 25561 26016 I Finsky  : [9514] fxs.d(14): com.wallapop: Account from preferred account - [rJj4Md76H4LxoN-B4dnoZM7XaXDDBcXGlC-caOCi6Uc]

11-14 14:47:15.542  4622  4682 E RequestManager_FLP: [FusedLocationApi] Location request 3dec1f(Listener) PRIORITY_BALANCED_POWER_ACCURACY interval=300000 from com.wallapop

11-14 14:47:15.588  4211  4809 I WindowManager: Cancelling animation restarting=false, leash=null, surface=Surface(name=AppWindowToken{4f91e84 token=Token{727dc97 ActivityRecord{1cf4b16 u0 com.wallapop/com.rewallapop.ui.main.MainActivity t2172}}})/@0x3ce2ee4, parent=Surface(name=Task=2172)/@0x96b9f4d

11-14 14:47:15.601  3727  3771 I SurfaceFlinger: id=26978 Removed AppWindowToken{4f91e84 token=Token{727dc97 ActivityRecord{1cf4b16 u0 com.wallapop/com.rewallapop.ui.main.MainActivity t2172}}}#0 (0/58)

11-14 14:47:15.616  3727  3727 I Layer   : id=26978 onRemoved AppWindowToken{4f91e84 token=Token{727dc97 ActivityRecord{1cf4b16 u0 com.wallapop/com.rewallapop.ui.main.MainActivity t2172}}}#0

11-14 14:47:15.676  4211  4228 D CodecSolution: isMaxAspectPackageEx: com.wallapop : true(2)

11-14 14:47:15.735  4211  4669 D MdnieScenarioControlService:  packageName : com.wallapop    className : com.rewallapop.ui.wall.WallActivity

11-14 14:47:15.908 26499 26499 W com.wallapop: Accessing hidden field Landroid/view/View;->mAccessibilityDelegate:Landroid/view/View$AccessibilityDelegate; (light greylist, reflection)

11-14 14:47:16.728 26499 26510 I com.wallapop: Background concurrent copying GC freed 140746(8MB) AllocSpace objects, 62(3MB) LOS objects, 50% free, 14MB/28MB, paused 433us total 228.402ms

11-14 14:47:16.796 26499 26504 I com.wallapop: Compiler allocated 4MB to compile void android.widget.TextView.<init>(android.content.Context, android.util.AttributeSet, int, int)

11-14 14:47:16.892 26499 26499 W View    : requestLayout() improperly called by com.wallapop.design.view.WallapopTextView{daf952f V.ED..... ......ID 47,26-47,86 #7f0a0904 app:id/wp__home__tv_bubble} during layout: running second layout pass

11-14 14:47:17.375 26499 26504 I com.wallapop: Compiler allocated 4MB to compile void android.widget.TextView.<init>(android.content.Context, android.util.AttributeSet, int, int)

11-14 14:47:17.972 26499 26510 I com.wallapop: Background concurrent copying GC freed 163875(7MB) AllocSpace objects, 52(6MB) LOS objects, 49% free, 16MB/33MB, paused 468us total 196.893ms

11-14 14:47:18.792  4211  4494 D WifiPermissionsUtil: canAccessScanResults: pkgName = com.wallapop, uid = 10313

11-14 14:47:19.393 26499 26798 D Amazon DTB Ads API: with query params:[?dt=android&app=app&dinfo=%7B%22os%22%3A%22Android%22%2C%22model%22%3A%22SM-A750FN%22%2C%22make%22%3A%22samsung%22%2C%22osVersion%22%3A%229%22%2C%22connectionType%22%3A%2213%22%2C%22country%22%3A%22ES%22%2C%22scalingFactor%22%3A%222.625%22%2C%22carrier%22%3A%22JAZZTEL%22%2C%22language%22%3A%22es%22%2C%22screenSize%22%3A%221080x2094%22%2C%22orientation%22%3A%22portrait%22%7D&oo=0&aud=3p&idfa=bf505ce3-e614-4d9a-a4d7-9c324edc6560&appId=d2ba46e2d5ef4c9883051d9c8d0125d5&sdkVer=aps-android-7.4.3&ua=Dalvik%2F2.1.0%20%28Linux%3B%20U%3B%20Android%209%3B%20SM-A750FN%20Build%2FPPR1.180610.011%29&pkg=%7B%22lbl%22%3A%22_Wallapop_%22%2C%22pn%22%3A%22com.wallapop%22%2C%22v%22%3A%221850000%22%2C%22vn%22%3A%221.85.0-d1910251130%22%7D]

11-14 14:47:19.937 26499 26798 D Amazon DTB Ads API: Error while connecting to remote server: https://s.amazon-adsystem.com/api3/generate_did?dt=android&app=app&dinfo=%7B%22os%22%3A%22Android%22%2C%22model%22%3A%22SM-A750FN%22%2C%22make%22%3A%22samsung%22%2C%22osVersion%22%3A%229%22%2C%22connectionType%22%3A%2213%22%2C%22country%22%3A%22ES%22%2C%22scalingFactor%22%3A%222.625%22%2C%22carrier%22%3A%22JAZZTEL%22%2C%22language%22%3A%22es%22%2C%22screenSize%22%3A%221080x2094%22%2C%22orientation%22%3A%22portrait%22%7D&oo=0&aud=3p&idfa=bf505ce3-e614-4d9a-a4d7-9c324edc6560&appId=d2ba46e2d5ef4c9883051d9c8d0125d5&sdkVer=aps-android-7.4.3&ua=Dalvik%2F2.1.0%20%28Linux%3B%20U%3B%20Android%209%3B%20SM-A750FN%20Build%2FPPR1.180610.011%29&pkg=%7B%22lbl%22%3A%22_Wallapop_%22%2C%22pn%22%3A%22com.wallapop%22%2C%22v%22%3A%221850000%22%2C%22vn%22%3A%221.85.0-d1910251130%22%7D with error:Chain validation failed

11-14 14:47:19.939 26499 26798 E Amazon DTB Ads API: 	at com.wallapop.thirdparty.ads.b.a.a(SourceFile:43)

11-14 14:47:19.939 26499 26798 E Amazon DTB Ads API: 	at com.wallapop.thirdparty.ads.b.a$b$1.invokeSuspend(SourceFile:34)

11-14 14:47:19.939 26499 26798 E Amazon DTB Ads API: 	at com.wallapop.thirdparty.ads.b.a$b$1.invoke(Unknown Source:10)

11-14 14:47:19.939 26499 26798 E Amazon DTB Ads API: 	at com.wallapop.thirdparty.ads.b.a$b.invokeSuspend(SourceFile:33)

11-14 14:47:20.068 26499 27078 D Amazon DTB Ads API: with query params:[?dt=android&app=app&dinfo=%7B%22os%22%3A%22Android%22%2C%22model%22%3A%22SM-A750FN%22%2C%22make%22%3A%22samsung%22%2C%22osVersion%22%3A%229%22%2C%22connectionType%22%3A%2213%22%2C%22country%22%3A%22ES%22%2C%22scalingFactor%22%3A%222.625%22%2C%22carrier%22%3A%22JAZZTEL%22%2C%22language%22%3A%22es%22%2C%22screenSize%22%3A%221080x2094%22%2C%22orientation%22%3A%22portrait%22%7D&oo=0&aud=3p&idfa=bf505ce3-e614-4d9a-a4d7-9c324edc6560&appId=d2ba46e2d5ef4c9883051d9c8d0125d5&sdkVer=aps-android-7.4.3&ua=Dalvik%2F2.1.0%20%28Linux%3B%20U%3B%20Android%209%3B%20SM-A750FN%20Build%2FPPR1.180610.011%29&pkg=%7B%22lbl%22%3A%22_Wallapop_%22%2C%22pn%22%3A%22com.wallapop%22%2C%22v%22%3A%221850000%22%2C%22vn%22%3A%221.85.0-d1910251130%22%7D]

11-14 14:47:20.709 26499 27078 D Amazon DTB Ads API: Error while connecting to remote server: https://s.amazon-adsystem.com/api3/generate_did?dt=android&app=app&dinfo=%7B%22os%22%3A%22Android%22%2C%22model%22%3A%22SM-A750FN%22%2C%22make%22%3A%22samsung%22%2C%22osVersion%22%3A%229%22%2C%22connectionType%22%3A%2213%22%2C%22country%22%3A%22ES%22%2C%22scalingFactor%22%3A%222.625%22%2C%22carrier%22%3A%22JAZZTEL%22%2C%22language%22%3A%22es%22%2C%22screenSize%22%3A%221080x2094%22%2C%22orientation%22%3A%22portrait%22%7D&oo=0&aud=3p&idfa=bf505ce3-e614-4d9a-a4d7-9c324edc6560&appId=d2ba46e2d5ef4c9883051d9c8d0125d5&sdkVer=aps-android-7.4.3&ua=Dalvik%2F2.1.0%20%28Linux%3B%20U%3B%20Android%209%3B%20SM-A750FN%20Build%2FPPR1.180610.011%29&pkg=%7B%22lbl%22%3A%22_Wallapop_%22%2C%22pn%22%3A%22com.wallapop%22%2C%22v%22%3A%221850000%22%2C%22vn%22%3A%221.85.0-d1910251130%22%7D with error:Chain validation failed

11-14 14:47:20.775 26499 27078 D Amazon DTB Ads API: with json params:[{"oo":"false","dinfo":{"os":"Android","model":"SM-A750FN","make":"samsung","osVersion":"9","connectionType":"13","country":"ES","scalingFactor":"2.625","carrier":"JAZZTEL","language":"es","screenSize":"1080x2094","orientation":"portrait"},"adsdk":"aps-android-7.4.3","slots":[{"sz":"320x50","slot":"f414d83c-ab9f-4e02-9c59-5137663ee6c7","slotId":1,"supportedMediaTypes":["DISPLAY"]}],"mraid":["1.0","2.0","3.0"],"appId":"d2ba46e2d5ef4c9883051d9c8d0125d5","idfa":"bf505ce3-e614-4d9a-a4d7-9c324edc6560","geoloc":"41.4058165,2.1864478,19.15","isDTBMobile":"true","ua":"Dalvik\/2.1.0 (Linux; U; Android 9; SM-A750FN Build\/PPR1.180610.011)","pkg":{"lbl":"_Wallapop_","pn":"com.wallapop","v":"1850000","vn":"1.85.0-d1910251130"},"gdpr":{"e":"1","c":"BOR0xKKOR0xKKABABAENBZ-AAAAfZ7_______9______9uz_Gv_v_f__33e8__9v_l_7_-___u_-33d4-_1vX99yfm1-7ftr3tp_86ues2vHqK9ZoA"}}]

11-14 14:47:20.805 26499 26510 I com.wallapop: Background concurrent copying GC freed 231305(11MB) AllocSpace objects, 96(6MB) LOS objects, 50% free, 16MB/33MB, paused 321us total 181.095ms

11-14 14:47:22.945 26499 26510 I com.wallapop: Background concurrent copying GC freed 199988(8MB) AllocSpace objects, 103(8MB) LOS objects, 50% free, 19MB/39MB, paused 1.274ms total 187.010ms


